2025-10-19 23:09:09 [   DEBUG] [factory.py:76] Looking for locale `en_US` in provider `faker.providers.address`.
2025-10-19 23:09:09 [   DEBUG] [factory.py:95] Provider `faker.providers.address` has been localized to `en_US`.
2025-10-19 23:09:09 [   DEBUG] [factory.py:76] Looking for locale `en_US` in provider `faker.providers.automotive`.
2025-10-19 23:09:09 [   DEBUG] [factory.py:95] Provider `faker.providers.automotive` has been localized to `en_US`.
2025-10-19 23:09:09 [   DEBUG] [factory.py:76] Looking for locale `en_US` in provider `faker.providers.bank`.
2025-10-19 23:09:09 [   DEBUG] [factory.py:86] Specified locale `en_US` is not available for provider `faker.providers.bank`. Locale reset to `en_GB` for this provider.
2025-10-19 23:09:09 [   DEBUG] [factory.py:76] Looking for locale `en_US` in provider `faker.providers.barcode`.
2025-10-19 23:09:09 [   DEBUG] [factory.py:95] Provider `faker.providers.barcode` has been localized to `en_US`.
2025-10-19 23:09:09 [   DEBUG] [factory.py:76] Looking for locale `en_US` in provider `faker.providers.color`.
2025-10-19 23:09:09 [   DEBUG] [factory.py:95] Provider `faker.providers.color` has been localized to `en_US`.
2025-10-19 23:09:09 [   DEBUG] [factory.py:76] Looking for locale `en_US` in provider `faker.providers.company`.
2025-10-19 23:09:09 [   DEBUG] [factory.py:95] Provider `faker.providers.company` has been localized to `en_US`.
2025-10-19 23:09:09 [   DEBUG] [factory.py:76] Looking for locale `en_US` in provider `faker.providers.credit_card`.
2025-10-19 23:09:09 [   DEBUG] [factory.py:95] Provider `faker.providers.credit_card` has been localized to `en_US`.
2025-10-19 23:09:09 [   DEBUG] [factory.py:76] Looking for locale `en_US` in provider `faker.providers.currency`.
2025-10-19 23:09:09 [   DEBUG] [factory.py:95] Provider `faker.providers.currency` has been localized to `en_US`.
2025-10-19 23:09:09 [   DEBUG] [factory.py:76] Looking for locale `en_US` in provider `faker.providers.date_time`.
2025-10-19 23:09:09 [   DEBUG] [factory.py:95] Provider `faker.providers.date_time` has been localized to `en_US`.
2025-10-19 23:09:10 [   DEBUG] [factory.py:106] Provider `faker.providers.emoji` does not feature localization. Specified locale `en_US` is not utilized for this provider.
2025-10-19 23:09:10 [   DEBUG] [factory.py:106] Provider `faker.providers.file` does not feature localization. Specified locale `en_US` is not utilized for this provider.
2025-10-19 23:09:10 [   DEBUG] [factory.py:76] Looking for locale `en_US` in provider `faker.providers.geo`.
2025-10-19 23:09:10 [   DEBUG] [factory.py:95] Provider `faker.providers.geo` has been localized to `en_US`.
2025-10-19 23:09:10 [   DEBUG] [factory.py:76] Looking for locale `en_US` in provider `faker.providers.internet`.
2025-10-19 23:09:10 [   DEBUG] [factory.py:95] Provider `faker.providers.internet` has been localized to `en_US`.
2025-10-19 23:09:10 [   DEBUG] [factory.py:106] Provider `faker.providers.isbn` does not feature localization. Specified locale `en_US` is not utilized for this provider.
2025-10-19 23:09:10 [   DEBUG] [factory.py:76] Looking for locale `en_US` in provider `faker.providers.job`.
2025-10-19 23:09:10 [   DEBUG] [factory.py:95] Provider `faker.providers.job` has been localized to `en_US`.
2025-10-19 23:09:10 [   DEBUG] [factory.py:76] Looking for locale `en_US` in provider `faker.providers.lorem`.
2025-10-19 23:09:10 [   DEBUG] [factory.py:95] Provider `faker.providers.lorem` has been localized to `en_US`.
2025-10-19 23:09:10 [   DEBUG] [factory.py:76] Looking for locale `en_US` in provider `faker.providers.misc`.
2025-10-19 23:09:10 [   DEBUG] [factory.py:95] Provider `faker.providers.misc` has been localized to `en_US`.
2025-10-19 23:09:10 [   DEBUG] [factory.py:76] Looking for locale `en_US` in provider `faker.providers.passport`.
2025-10-19 23:09:10 [   DEBUG] [factory.py:95] Provider `faker.providers.passport` has been localized to `en_US`.
2025-10-19 23:09:10 [   DEBUG] [factory.py:76] Looking for locale `en_US` in provider `faker.providers.person`.
2025-10-19 23:09:10 [   DEBUG] [factory.py:95] Provider `faker.providers.person` has been localized to `en_US`.
2025-10-19 23:09:10 [   DEBUG] [factory.py:76] Looking for locale `en_US` in provider `faker.providers.phone_number`.
2025-10-19 23:09:10 [   DEBUG] [factory.py:95] Provider `faker.providers.phone_number` has been localized to `en_US`.
2025-10-19 23:09:10 [   DEBUG] [factory.py:106] Provider `faker.providers.profile` does not feature localization. Specified locale `en_US` is not utilized for this provider.
2025-10-19 23:09:10 [   DEBUG] [factory.py:106] Provider `faker.providers.python` does not feature localization. Specified locale `en_US` is not utilized for this provider.
2025-10-19 23:09:10 [   DEBUG] [factory.py:106] Provider `faker.providers.sbn` does not feature localization. Specified locale `en_US` is not utilized for this provider.
2025-10-19 23:09:10 [   DEBUG] [factory.py:76] Looking for locale `en_US` in provider `faker.providers.ssn`.
2025-10-19 23:09:10 [   DEBUG] [factory.py:95] Provider `faker.providers.ssn` has been localized to `en_US`.
2025-10-19 23:09:10 [   DEBUG] [factory.py:106] Provider `faker.providers.user_agent` does not feature localization. Specified locale `en_US` is not utilized for this provider.
2025-10-19 23:09:10 [   DEBUG] [remote_connection.py:313] POST http://127.0.0.1:4724/session {"capabilities": {"firstMatch": [{}], "alwaysMatch": {"platformName": "Android", "appium:deviceName": "SM-S921N", "appium:appPackage": "com.hyundai.shucle.gmaas", "appium:appActivity": "com.hyundai.airlab.shucle.presenter.MainActivity", "appium:automationName": "UiAutomator2", "appium:noReset": true, "appium:fullReset": false, "appium:newCommandTimeout": 300, "appium:uiautomator2ServerLaunchTimeout": 60000}}}
2025-10-19 23:09:10 [   DEBUG] [connectionpool.py:241] Starting new HTTP connection (1): 127.0.0.1:4724
2025-10-19 23:09:13 [   DEBUG] [connectionpool.py:544] http://127.0.0.1:4724 "POST /session HTTP/1.1" 200 0
2025-10-19 23:09:13 [   DEBUG] [remote_connection.py:329] Remote response: status=200 | data={"value":{"capabilities":{"platformName":"Android","deviceName":"R3CX405CR3K","appPackage":"com.hyundai.shucle.gmaas","appActivity":"com.hyundai.airlab.shucle.presenter.MainActivity","automationName":"UiAutomator2","noReset":true,"fullReset":false,"newCommandTimeout":300,"uiautomator2ServerLaunchTimeout":60000,"platform":"LINUX","webStorageEnabled":false,"takesScreenshot":true,"javascriptEnabled":true,"databaseEnabled":false,"networkConnectionEnabled":true,"locationContextEnabled":false,"warnings":{},"desired":{"platformName":"Android","deviceName":"SM-S921N","appPackage":"com.hyundai.shucle.gmaas","appActivity":"com.hyundai.airlab.shucle.presenter.MainActivity","automationName":"UiAutomator2","noReset":true,"fullReset":false,"newCommandTimeout":300,"uiautomator2ServerLaunchTimeout":60000},"deviceUDID":"R3CX405CR3K","pixelRatio":"3","statBarHeight":91,"viewportRect":{"left":0,"top":91,"width":1080,"height":2249},"deviceApiLevel":36,"platformVersion":"16","deviceManufacturer":"samsung","deviceModel":"SM-S921N","deviceScreenSize":"1080x2340","deviceScreenDensity":480},"sessionId":"01204353-4b2d-4aba-b7e4-d809d794c9f3"}} | headers=HTTPHeaderDict({'X-Powered-By': 'Express', 'Vary': 'X-HTTP-Method-Override', 'Content-Type': 'application/json; charset=utf-8', 'Content-Length': '1135', 'ETag': 'W/"46f-QusO366caYxNarLzhUnGUaOqaoQ"', 'Date': 'Sun, 19 Oct 2025 14:09:13 GMT', 'Connection': 'keep-alive', 'Keep-Alive': 'timeout=600'})
2025-10-19 23:09:13 [   DEBUG] [remote_connection.py:356] Finished Request
2025-10-19 23:09:13 [   DEBUG] [remote_connection.py:313] POST http://127.0.0.1:4724/session/01204353-4b2d-4aba-b7e4-d809d794c9f3/timeouts {"implicit": 10000}
2025-10-19 23:09:13 [   DEBUG] [connectionpool.py:544] http://127.0.0.1:4724 "POST /session/01204353-4b2d-4aba-b7e4-d809d794c9f3/timeouts HTTP/1.1" 200 0
2025-10-19 23:09:13 [   DEBUG] [remote_connection.py:329] Remote response: status=200 | data={"value":null} | headers=HTTPHeaderDict({'X-Powered-By': 'Express', 'Vary': 'X-HTTP-Method-Override', 'Content-Type': 'application/json; charset=utf-8', 'Content-Length': '14', 'ETag': 'W/"e-9/1BuKMgFObM1mWJm+YjxtXJnUM"', 'Date': 'Sun, 19 Oct 2025 14:09:13 GMT', 'Connection': 'keep-alive', 'Keep-Alive': 'timeout=600'})
2025-10-19 23:09:13 [   DEBUG] [remote_connection.py:356] Finished Request
2025-10-19 23:09:13 [   DEBUG] [remote_connection.py:313] POST http://127.0.0.1:4724/session/01204353-4b2d-4aba-b7e4-d809d794c9f3/element {"using": "xpath", "value": "//android.widget.TextView[@text='\ub611\ubc84\uc2a4']"}
2025-10-19 23:09:22 [   DEBUG] [connectionpool.py:544] http://127.0.0.1:4724 "POST /session/01204353-4b2d-4aba-b7e4-d809d794c9f3/element HTTP/1.1" 200 0
2025-10-19 23:09:22 [   DEBUG] [remote_connection.py:329] Remote response: status=200 | data={"value":{"element-6066-11e4-a52e-4f735466cecf":"00000000-0000-0489-0000-08fd0000003c","ELEMENT":"00000000-0000-0489-0000-08fd0000003c"}} | headers=HTTPHeaderDict({'X-Powered-By': 'Express', 'Vary': 'X-HTTP-Method-Override', 'Content-Type': 'application/json; charset=utf-8', 'Content-Length': '137', 'ETag': 'W/"89-NkYd7aWm6NIpcE4ERFz0konmINQ"', 'Date': 'Sun, 19 Oct 2025 14:09:22 GMT', 'Connection': 'keep-alive', 'Keep-Alive': 'timeout=600'})
2025-10-19 23:09:22 [   DEBUG] [remote_connection.py:356] Finished Request
2025-10-19 23:09:22 [   DEBUG] [remote_connection.py:313] GET http://127.0.0.1:4724/session/01204353-4b2d-4aba-b7e4-d809d794c9f3/element/00000000-0000-0489-0000-08fd0000003c/displayed {}
2025-10-19 23:09:22 [   DEBUG] [connectionpool.py:544] http://127.0.0.1:4724 "GET /session/01204353-4b2d-4aba-b7e4-d809d794c9f3/element/00000000-0000-0489-0000-08fd0000003c/displayed HTTP/1.1" 200 0
2025-10-19 23:09:22 [   DEBUG] [remote_connection.py:329] Remote response: status=200 | data={"value":true} | headers=HTTPHeaderDict({'X-Powered-By': 'Express', 'Content-Type': 'application/json; charset=utf-8', 'Content-Length': '14', 'ETag': 'W/"e-2ZHvAWebNQpyjGZTg6uyV8/spTo"', 'Date': 'Sun, 19 Oct 2025 14:09:22 GMT', 'Connection': 'keep-alive', 'Keep-Alive': 'timeout=600'})
2025-10-19 23:09:22 [   DEBUG] [remote_connection.py:356] Finished Request
2025-10-19 23:09:22 [   DEBUG] [remote_connection.py:313] GET http://127.0.0.1:4724/session/01204353-4b2d-4aba-b7e4-d809d794c9f3/element/00000000-0000-0489-0000-08fd0000003c/enabled {}
2025-10-19 23:09:22 [   DEBUG] [connectionpool.py:544] http://127.0.0.1:4724 "GET /session/01204353-4b2d-4aba-b7e4-d809d794c9f3/element/00000000-0000-0489-0000-08fd0000003c/enabled HTTP/1.1" 200 0
2025-10-19 23:09:22 [   DEBUG] [remote_connection.py:329] Remote response: status=200 | data={"value":true} | headers=HTTPHeaderDict({'X-Powered-By': 'Express', 'Content-Type': 'application/json; charset=utf-8', 'Content-Length': '14', 'ETag': 'W/"e-2ZHvAWebNQpyjGZTg6uyV8/spTo"', 'Date': 'Sun, 19 Oct 2025 14:09:22 GMT', 'Connection': 'keep-alive', 'Keep-Alive': 'timeout=600'})
2025-10-19 23:09:22 [   DEBUG] [remote_connection.py:356] Finished Request
2025-10-19 23:09:22 [   DEBUG] [remote_connection.py:313] POST http://127.0.0.1:4724/session/01204353-4b2d-4aba-b7e4-d809d794c9f3/element/00000000-0000-0489-0000-08fd0000003c/click {}
2025-10-19 23:09:22 [   DEBUG] [connectionpool.py:544] http://127.0.0.1:4724 "POST /session/01204353-4b2d-4aba-b7e4-d809d794c9f3/element/00000000-0000-0489-0000-08fd0000003c/click HTTP/1.1" 200 0
2025-10-19 23:09:22 [   DEBUG] [remote_connection.py:329] Remote response: status=200 | data={"value":null} | headers=HTTPHeaderDict({'X-Powered-By': 'Express', 'Vary': 'X-HTTP-Method-Override', 'Content-Type': 'application/json; charset=utf-8', 'Content-Length': '14', 'ETag': 'W/"e-9/1BuKMgFObM1mWJm+YjxtXJnUM"', 'Date': 'Sun, 19 Oct 2025 14:09:22 GMT', 'Connection': 'keep-alive', 'Keep-Alive': 'timeout=600'})
2025-10-19 23:09:22 [   DEBUG] [remote_connection.py:356] Finished Request
2025-10-19 23:09:24 [   DEBUG] [remote_connection.py:313] GET http://127.0.0.1:4724/session/01204353-4b2d-4aba-b7e4-d809d794c9f3/screenshot {}
2025-10-19 23:09:25 [   DEBUG] [connectionpool.py:544] http://127.0.0.1:4724 "GET /session/01204353-4b2d-4aba-b7e4-d809d794c9f3/screenshot HTTP/1.1" 200 0
2025-10-19 23:09:25 [   DEBUG] [remote_connection.py:329] Remote response: status=200 | data={"value":"iVBORw0KGgoAAAANSUhEUgAABDgAAAkkCAYAAAD508+vAAABK2lDQ1BTa2lhAAAokX2QP0vDQBjGf5aCf6iD6OiQsYtSFbqoSxWLTlIjWJ3SNEmFtoYkpQhufgE/hODsKEJnBwVBcBQ/gji4xicJki71Pd673z33cHfvC4UZFMUK9PpR0KjXjJPmqTH9yZRGGpYd+kwOuX7eM+/byj++STHbdkJb65eyHehxXWmKl7yMOwm3Mr5KeBj5kfgm4cBs7IhvxWVvjFtjbPtB4n8Wb/W6Azv/NyWnf3ykdU+5zC7nhPh0sbjE4JANzXXtegyIxEM5IjqikIZOaiKTQI6+FBdHTNK/7InrD9gexXH8mGsHI7ivwtxDrpU3YaEETy+5lvfUtwIrlYrKguvC9x3MN2HxVfec/TVyQm1GWludCw1PtTlS9vVfm1XROhXWqP4CIJRN+z20bgYAAAAEc0JJVAgICAh8CGSIAAAgAElEQVR4nOy9e4gs237f91316nf3vN+PvWfvc/bZex/de65NlPwRSGQIji0J9EeIUbiKRRInf4SQYLBkUEhibAyWkAIJhuBHsI3CRWCMQPcaHIgiFAKKErPP0b3ndffZc/Z0z3TP+9XveqyVP6qrp/o5XdVV3dUzvw8a3X16platqu6utdZ3/X7fH7u8rgkQM0+pVMLx8TFevnyJubk5z8e/e/cOp6en+Oijj5BIJELoIUE8LBgDxCN/ekb9HpycnKBYLOJnfuZnkE6nPR17cHCAYrGIV69eIRaLhdRDYlJE/bNKEARBEKNyfX2NYrGIZrOJ1dVVbG9vQ1XVwM9Tq9WQz+dxdXWFVCqF9fV1ZDKZwM8TNNK0O0CMT6PRwPHxMVZXV32JG9fX1zg9PcXa2hqJGyHDmP1D2Mzy/RBidvseJFG+BysrK5BlGaVSyfOxa2trAICzs7Ogu0UQBEEQBOGbubk5vHr1Cmtrazg5OcGbN298zXXuI5lM4qOPPsIHH3wAzjm++eYbHBwcwDCMwM8VJCRwPACOjo6gKAq2t7d9HX9wcIBEIoH19fWAe0Z0IwTtIrpx348oL5QH4e77LPZ/XJz3L6rXzxjD8vIyzs/PUa/XPR0bi8WwurqKs7MzmKYZUg8JgiAIgiD8sb6+jpcvXyKdTuP9+/f48Y9/jOvr68DPs7S0hE8++QTb29u4vLzE559/HukNIBI4ZpyLiwvc3t5iZ2fHV2jS4eEharUaiRtTIqoLw2kwyxERj120ivL1r6ysAICvnQ3nuRjlQZwgCIIgiMdLPB7H3t4enjx5AtM08eWXX+Ldu3doNpuBn2trawuffPIJFhYWcHh4iK+++go3NzeBn2dcSOCYYSzLQrFYRC6Xw+rqqufj6/U6CoUCFhYWkMvlQughcR+zHsEQNLMcERHlRf4kiOr1y7KMlZUVnJycoNFoeDo2kUhgeXkZp6en4JyH1EOCIAiCIIjxmJ+fx8uXL7G+vo7T01O8efMGR0dHgZ8nkUjgww8/xIsXL8AYw/7+Pt6/fx+KoOIXEjhmmGKxCNM0sbu76+v4fD4PSZKwsbERcM8IP8xyBEPQzGoqzywKM0ES1WtfXl4GYJuOemVtbQ2cc4riIAiCIAgi8qytreHVq1fI5XLI5/P47LPPcHV1Ffh5FhYW8N3vfhfb29u4vr7GF198gePj48DP4wcSOGaUcrmM8/NzbG5uIpVKeT7+7OwMl5eX2NjYCMV1l/CHe1Ef1cUiMZjHHpET1QgcTdOwuLiIUqnk2RgrnU5jYWEBp6enIfWOIAiCIAgiOGKxGJ4+fYq9vT0IIfDVV1/h7du3niNZR8FJW1leXkapVMKXX34Zig+IF0jgmFGKxSISiQR2dnY8H8s5R6FQQCqVau9sEtGDIjpmm1mMQAmKKF77ysoKhBC+ozhM06QoDoIgCIIgZoZcLoePPvoIm5ubuLi4wJs3b3B4eBj4eeLxOJ4/f46XL19ClmV8++232N/fD0VQGQUSOGaQ09NT1Go131VT8vk8ms0mNjc3A+4ZETQU0UHMKlETOeLxOObm5lAqlTz7aeRyOeRyORI4CIIgCIKYOVZWVvDq1SssLCygUCjgs88+w+XlZeDnmZubw3e+8x3s7u6iXC7jyy+/DKV87X2QwDFjNJtNFItFLC0tYXFx0fPx5XIZpVIJKysrvlJbiOlBER3RS30ghhO192p1dRWmafquqNJsNnFxcRFCzwiCIAiCIMJD0zTs7u5ib28PAPD111/jpz/9Ker1euDn2tjYwPe+9z2srKzg+PgYX3zxRSiCyiBI4JgxisUiAPiO3jg4OICqqmQsOqM89oiOx+5xMWtEzZMjmUwim836SlOZn59HOp3G+fl5CD0jCIIgCIIIn1wuhxcvXmBrawtXV1f49NNPUSgUAj+Ppml49uwZXr16BU3TcHBwgP39/VAElW5I4Jghrq6ucH19jZ2dHcTjcc/Hl0ollMtlbGxsgEVhtUGMRdRSACbNLEa0zFp/gyJKn9WVlRU0m01fTt/r6+uo1WqhuJETBEEQBEFMiuXlZbx+/RqLi4s4PDzEmzdvQtnEyeVy+Pjjj/H06VNUq1V89dVXKBaLECFNDhuNBgkcs4IQAqVSCel02lf0RbPZRD6fRy6Xw8LCQgg9JKZJVHbIJ03UIgTuY9b6+xDJZDJIp9O+ojiWlpaQTCbJi4MgCIIgiJlHURTs7Ozg+fPnkGUZb9++xVdffYVarRb4udbW1vC9730Pa2trODk5weeffx5K2m8+nyeBY1YoFotoNpvY3d31dXyhUADnnFJTHiju1I3HyKxd/yz1NSiidM3Ly8uo1Wq+hIq1tTVUq1Xc3NyE0DOCIAiCIIjJkslk8OGHH2J7exvlchmfffYZ8vl84FEWiqLg6dOn+Pjjj5FIJJDP5/HNN9+gWq0G0n6xWES1WiWBYxaoVCo4PT3F+vo6stms5+MvLy9xdnaG9fV1X6ktxOxBEQLRZxZTbMYlKtc7NzeHZDLpy2x0dXUVsViMvDgIgiAIgnhQLC0t4dWrV1haWsLR0RHevHkTStRqJpPB69evsbe3h2aziZ/+9Kc4OjqCZVm+27y5ucHJyQnW19dJ4JgFjo6OEI/Hx4reSCQSWFtbC7hnRFSZtYiGx0xUFv2TIirXu7y8jGq16svVe21tDbe3t6hUKiH0jCAIgiAIYjrIsozt7W188MEHUFUV33zzDb788svAoizcrK6u4pNPPsH6+jpOT0/xxRdf+NpA4pzj8PAQqVQKT548IYEj6hwfH6NWq2F3d9eXMWihUECtVsP6+noIvSNmBYroiCaPrSpMlK53YWEB8Xjcd8lYRVHIi4MgCIIgiAdJOp3GBx98gO3tbVQqFfzZn/0ZDg4Oxoqy6Icsy3jy5Am+853vIJ1Oo1Ao4O3bt542kfL5PHRdb5fAJYEjwtTrdZRKJaysrPgyBq3Vajg8PMTi4iJyuVwIPSRmhcca0TFLws5je3+icL3Ly8u4vb317KfBGMP6+jqur68nUu6MIAiCIAhiGiwtLeH169dYWVlBsVjEp59+6suo/T5SqRRevnyJ58+fwzAMvH37FoVC4V5B5fz8HFdXV9jd3UU6nQZAAkekOTw8hKqqvlNTDg4OIMsyGYsSj5YoRQx4YZaEmXGY9jUuLS1BVVVfURxra2uQJAmnp6ch9IwgCIIgCCIaSJKEzc1NvHjxArFYDPv7+/jiiy9QLpcDP9fy8jK+973vYXNzE+fn5/jJT34yMG2lXq+jUChgYWGhY71LAkdEOTs7Q6VSwe7uLhRF8Xz86ekprq+vsbGx4et4gnhozJKpZxSiGybFtN+T1dVVXF1defbTUBQFa2truLy8RLPZDKl3BEEQBEEQ0SCZTOL58+fY2dlBrVbDT37yE3z77bcwTTPQ8zDGsLOzg+9+97uYm5tDoVDA119/3SOoFAoFqKqKp0+fdrxOAkcEaTabODo6wuLiIpaXlz0fr+s68vk80uk0lpaWQughQcwm7miOaS+s7+MxiBxRiLBZWlqCLMu+ozgAkBcHQRAEQRCPhsXFxXbayvHxMd68eYPj4+PAz5NMJvHixQt8+OGHEELgm2++QT6fh2EYODo6QrVaxdOnT6FpWsdxtLUfQY6OjtrKlR+cN/7Zs2cB94wgHgazEs3B2OMQOoDpXSdjDCsrKyiVStjc3EQymRz52FgshtXVVZycnGBtbY2i5QiCIAiCeBQwxrC5uYmFhQWUSiV8++23OD8/x87ODrLZbKDnWlxcxOLiIg4PD1EoFHB5eQkhBNbX17G4uNjz9xTBETHOz89xc3ODnZ0dxONxz8dfXFzg7OwMGxsbSCQSIfSQIB4GsyByuBf9Ue/rLLO8vAzGmK/dB6dCFXlxEARBEATx2EgkEtjb28OTJ0+g6zo+//xz7O/vwzCMwM+1tbWFTz75BAsLC+2SsP2g7aYIYZomisUicrmcr7KulmXh4OAAyWQSq6urIfSQIB4esxIlMQt9HJdpvReyLGN5eRknJyfY2NjwJC4nEgksLy/j7OysbTxKEARBEATxmJifn8f8/DxKpRKOj49xfn6O7e1tX2vaYSQSCXz44YdD/4ZmYhHi6OgIlmUNVKPuI5/Po9lsYmtrK9iOEcQDZdbK5z70KI5peqQ4fkd+Sp+tra2Bc46Li4ugu0UQBEEQBDEzrK+v46OPPkI6ncb79+/x4x//GDc3NxPtAwkcEeHq6gqXl5fY3t72lAPucH19jePjY6yuriKVSoXQQ+IxMgtmnEEyC9c6C30cl2mITpqmYXFxEaVSyXNYZTqdRjabxeXlZUi9IwiCIAiCmA2ctJWnT5/CNE188cUX+OabbyZWdY4EjggghECpVEI6nfYdfeGkprhrABPEuMxahMO4RN3z4jG9H9O4zpWVFQghfHlx5HI51Gq1wEulEQRBEARBzCJzc3N4+fIl1tfXcXZ2hjdv3uDo6Cj085LAEQGOjo7QbDbHSk2p1WqB5zgRRDePKaJjFoSEh/5eTPr64vE45ufncXx8DM65p2Pn5uYAALe3t2F0jSAIgiAIYiZZW1vDq1evMDc3h3w+j88++wxXV1ehnY8Ejilze3uLs7MzbG5uIpPJeD6+XC7j6OgIy8vLgZfkIYhuHlMEgZuoCjvT9KyYBNO4vuXlZZimiVKp5Om4dDoNVVVRqVRC6hlBEARBEMRsEovF8OTJE+zt7QEAvvrqK7x9+xaNRiPwc5HAMUWEECgWi0gmk9jZ2fHVxvv376FpGqWmEFPhoS6su4m6qBP1/o3LJK8vlUohl8v5MhvNZrMol8sh9IogCIIgCGL2yeVyePHiBTY2NnB+fo43b97g8PAw0HOQwDFFSqUS6vW679SUw8NDVCoVbGxsUGlCYio8pogOIaIt5kS9f+Myyc9ZLpdDs9lErVbzfJyu66jX6yH1jCAIgiAIYvZZXV3F69evsbCwgEKhgM8++ywws3ZaFU+JWq2Gk5MTrK6uIpfL+Tq+UChgYWEB8/PzIfSQILzzkBfYDlG/xqj3bxZw0v2ur689Hec8yylNhSAIgiAIYjiapmF3dxfPnj0DAHz99df46U9/OvZGEQkcU6JYLEJVVd+pKQcHB5BlGZubmwH3jCD8E/UqJOMS9YgVd/8e4v2f1DWpqopEIuHZMDQejyOZTJLRKEEQBEEQxIhks1m8ePECW1tbuLq6wqeffopCoeC7PRI4psD5+TnK5TK2t7ehKIrn44+Pj3F9fY3NzU1fxxPEJHjoKRNAtK8vykLMOEzqnmcyGdzc3Hg+LpfLUQQHQRAEQRCER5aXl/H69WssLi7i8PAQb968wfn5uac2zs7OQKvjCcM5R6lUQi6Xw+rqqufjG40GDg4OMDc3h8XFxRB6SBDB0R3R8dAW3bNyfY4oENX+jcok73cmk8Hp6Slubm48pRHmcjmUSiXc3t5SZSuCIAiCCBnb8J5BkSXIsgRJYpAYgySxwDZFLEvAtLyVjx+GEKIVdSvAuYDFBcSsT9ICQlEU7OzsYH5+HqVSCW/fvsX5+TlWVlawsLDQ8beGYaBaraJSqbT/V9d1EjgmTbFYhGmavlNT8vk8hBBUNYWYOZyIjof6/I7ydT3EaJqw77dTttuPwAHYPhwkcBAEQTxsVFVGIqZAlicTFG9aHI2GCcO0JnK+qMIYgywxKIoERbGFjVma5jDmiC8MsgyoADh3xA7eFkAeM5lMBplMBufn5zg9PcXXX3+NWCwGVVUBAKZpdpSYjcfjSKfTWFhYIIFjklQqFZydnWFzcxPpdNrz8WdnZ7i4uMDW1hZisVgIPSQeK//Wf/n70+7CQP7k7//StLvgmShGTESpL0ERpmDGGEM2m8X19bUnQVqSJORyOdze3pIQTRAE8YCRZQmJmDLRSoayJCERV8DrAlaAEQWzAmP2fVcVGapiR2s8FCTJjjqRBYPF7fdXcIEHOH3zxNLSEpaWlnBzc4Orq6t2pIuqqlhaWkIikUAymez4HpLAMUGKxSLi8Ti2t7c9H2tZFvL5PNLpNJaXl0PoHUE8HBxlvHvYE7AVcr9IEuvbphNm2H5tQhETjDFoqgxZtsMxh51UCIFaXX9wQkeYIkcmk8HR0RF0XYemaSMfl8vlkM/nYRhGe6eBIAiCeFjEJxi54eAs8OOagmpdn+i5p43EGDRNhqrKkB+QsNGNnW5jR6jYqTHWg5u7+SGXy40cUUsCx4Q4OztDtVrFBx98AOZj5VMoFKDrOp48eRJ85wjigcCYvbuhaXI7F9ONYVqo1Q1fIocsMSSTGpSuNk2LwzQ5mrrZ0W6YKTmSxBCPKYhpoz/Cu8MdH0K6UNjX405T8SIsOwNwuVzuyRclCIIgHgaqIve8Zlp86BxDkljPPAIALIvDsgS4sL0YGGOtSIX+AoqqSsB4lTRnCkliSMRVKLL04FJuB8EYg6IwMAkwDE4eHR4ggcMDzDGscb0mhG0MMwzDMFAsFrGwsIClpSXP5y2XyyiVSlhZWUEqlfJ8PEE8BhizJxuJuDowZNERPTj3nruqKFLfSYki26+rqoxaXYdpdoaMBr3wVhQJ6WTM8wDf3YeHNk6GcT2JRAKqqnoWONLpNFRVJYGDIAgiRCTGwFrjveC2ODBJ+o3Dum7BHOKPoWlKx1xCCKDRNGCa3O6//X9gAJjEYMgS4nHFjtLsOHc0V/mOr0SQi3FFlpCIq5DlaF5z2MiSBKYyGKY1VhTyY4IEjnuQJAZVkW0DG4n1PFDs8HQB0+QwTKtncQPYqSmcczx9+gSqcne8aY1mIHNwcABN07CxsYGYpnR8wU2TQzcsqKo8UOX1jQBqDSPYNgGoigRNVcAkhmZzfKMkWZZaYfoSDNNCs2kG1NPpw1iwg8RDxs5LvRM3+hk08ZZbtR8s3v9Yx71blhiSCQ3lSrP9ngX91qmKjHRq9FQJN4P6/pA+XmFcTzqdxu3trefjcrmcrzKzBEEQUURRJEiMQTema26pqjI0VYaqyD0CgxB2pKZuWDBC7ucgfcGy+NCNz+6xuNE00NStdtSGIjMAzI4EsTg4t9cVyURvumPUxnBFlhCLKWAAGrrZd03kp81EQn3QKSmjIEl2SrJukMgxCiRwDCGmKYhpciuff1ipIXtxo6oyLIuj0TTbxj83Nze4vLzE9vY24vEY3NFso6zrS6USyuUynjx5gpimIB5T2iKLZXE0LHsxL0sMmhrs2ymEAAISOCSJIaYpUJXOtAFZUnFT9j4IOd4DmmqLTw6qIsE0+cwaLznX5JS5AlpRQpaAblho6g9HvAkS1srLdO4Z5wJN3bRLerXGAYHxdnhMk6NcbXbuojB78HW+l7LEENNkNAaIbONMRhgDUkl/4gaAgUJi1CZIUSObzeLq6gq1Wg3JZHLk43K5HM7Pz1Gv15FIJELsIUEQxHA01R4fB41Nw5AYQyp1l55p3DamsvGiaTISscERmoA9njnzKIsLNBpGeILMgFvgzDGclIpu3At10+Id4kbSFaVgcYF6w06p1Q2zZ747rA/TwhGfAPs+jCtwOOm4j13ccGDM3nTXDYs2P++BBI4BJOJqe0Bww111iiVXRAdjDDIDJGYb39SbJgzDQqlUQjKZxNbWlufyRbquo1AoIJfLYXl5sWN3mrsefM75oxatpioSlFb0S7/QfgDtGtWjfE+dXES7vV7l/u7vGKwZq54lyxKSCbXvfXJy8BTFVsb7pUFMg69+95c9faYti+PVX/09X+e6ryoJawkN9t/YYpCfidx9cC7Au2YUpsnbAh5gR1kMOvc4nhHZdNz3d1wIoKn3fikeqidHkFVsHB+O6+trzwIHYKcYksBBEMS0kGWpLY4rioRKdXRjSlWVkUqoHdHLUsv4cFIw2OK+qvb6XQxDlhhSSQ2KbqJWDz4aedAEyJmXOzvuw3AvVDXVNs90brUs3831nciUHoGDIVIih3vNNG5lGYnZ8yo56Oh0j4j2Jlk0brSdWWBHrM/6nC1MSODogztyA3AWB3aolRB3H3EnP05V7HJFzmJdbuWKnZycol6v46OPPvLVj0KhAMuysLuzjWRX6H2tbti70y2MEdQ8J9UGsJ+HjXuiM8bZaU6nYgNFjc5zjJamk0yoIxsq+gndckoz8QFpCP1w3nPneCeFSQgB0+Ijh5GpioxUsnMCMQhZYkgnNVRrxlRroH/9u7/s+RhZlvAHf+/n8Yu//iPPx973GWGA6/uBofmvYWCaHLFWcIU0Yo6ol++X3Pp8+qXRNO59PoRpijppgqxio6oqkskkbm5uPJV9jcViSCaTuL29xcrKSjCdIQiCGAM7zTGGSrV57996mXeFSToV613YeyCm2f4VlVr4FUfcEaIMtmeCs2hwR+Y6mK7oEk3t3bhzb7TOQjlUNuDfntthd9EgXtoRoncN4KzN/GCYvL2hKNC1XnFvEEl2mvSkkGUpkAiZh8z0n1wRgzF0pIE46mnb/Kcby96Z1g0L8Zja9sGQJYZ0Ko7l5WXMz8977sfV1RVOT0+xu7ODuVy6ndYhBFCr9y5uLc5h6cNXJhJjd4PEgB3dINBUZSRxA8BIuwDu3fH7sBe3o3/hFUVquzI73Fdpg+H+AVdVZcRjKnTdHOpjYu+sjCZutM/PGFJJFeXqdGqg+xE3HD7czOJf/c4v4i/+9T8IsEcOd/dwmmt0P+PofREHsZj/R7Vhjp7aFEYExLQIsu+ZTAanp6ftMOJRmZubQ7FY9HwcQRBEUFgWR7WuI5WwVXhVkZBJxVCpNfs+J6XWRsqky5/2I5XUxhI3HFTVNiCvh+Ar58Y9b7Q4R71x999ORIc7qsPt1dHvfksSgyZ5i1x5CEiS1FfwGYYQQL3Zmru7PteSzJCIqb6M2d2R8sNgjIGp421EeUWRJXBr8sa6s8L0n14RQ5E701IaLRPMYR8gzm0Vrd4wYLQW14Zh4vr6Ftvb2776kc/nkc1msbOz3hF1YZ+jf6i5aJWWGvjTc8w9fz+BL03QRjmOGdMoONUousUYVZHbE4F+xOPqSAMuY/bCNJ2KDVz0JuO94oYQAk3dQr1h2J+/PtE5Tq7mpBlH3HB4spIOpJ2HxH1fNb/+OqbFUa0Znhf7D2W8DEpTSKfTEEJ4Ng11p6kQBEFMC123UKvfRTAoimTPTbqekaoiI5uOR0Lc6BYDxiUeU4K9rj7jpHtO66S0c277whmt1Fkn+rp3Xnf372bTRKPrp6+XyAMZq7ux/fq8DeCGYbUq2HCY1t2PPsZmbhhmnkGtsZwywkR/KIKjC/cXSggnP260Yy2L24ZGksC7/ffIZucQi8U89+Hw8BC6ruPj1y86amw7ZklRX3zohoWYJnd88dxRLu6H+CjKo22wZHUMdM5r3aalXp5FyYQ2cAGkKHbZz24XbgYgpnkbcFXFdoDuzgFV+xhGWRZHpab3DbFLJbUOMWZQH8PCLUo0DY5/7zf+CHY9MwHg7mEtxN3g3X6N2+ldf/I//WK7jR/+5s/jF37Ne7pKP0T7/zP3Cz0wtEqr+Vn4isGfV/fLfr+fg1JE/Prr6IaF6hghuVF/zoxCUBEpmUwGjDHc3Nxgbm5u5OOy2SwYYyiXy8hms/5OThAEEQBN3YLAXSSHIkvtdBXn2WhadrSyHIGIs/gIkYuGabUjgRVZunfzKR5TxhoXO+hzi+SW6Tjn4i4lxVXZxbI4mroJZcgmGmBXIOmexzgVA3v6MOGxWmIMksxgWTyUeYIkMWgeU6OEaN2zPniNBBlE91zMrobL7PsxJI3YtDoLH7jnJRJjkFvVifygKBJMi5PhaB9I4OjCvZtuLza8fWgM00I+fwDTtLC6uur5/PV6HUdHR3j96gVSyTtjukbThK7PhmuuEALlarMtzpgWB+cCiiL1PGRGVUerNR26IkOS7PK6zsMilo33nHsUNE3ucGU2TAuC2687qIrUIx7YBlC9DyLDsGC0PFqcQcj9sItpCpq61fGQ6x6ohBCo9hE3APs+VWt6j9GkNiGBozvi4i/9d3+MbnFjdz2N//zff97+m7/5j/6/noig3/2jfXz/390DAHywkcW//K1fwF/+Gz8MpI+GyaEqdl6i1SeShzF7dyoeU1rvjafMzrajeb8UKOczzhjaUVx+6RY5vI57Td1sm5KNy0NIVQHG9+RgjCGTyeD6+hq7u7sjHydJErLZLCqViv+TEwRBBISuW4DQ70xHZTtdpdwSOYQQKFeayKSmm6LSvXnVDecCtbreM96qqtzhWdeNpsqotbzSwkBuVf3gXHQUIpDlu/K6hsGBRGvBjDt9wp3K2K5E0trMAwApAgOxUxlGYnYZ2zBSflRFhtdMj0Ged04kdRAMK5gwCItzmAPMQIUAeGtuqaqSbw8PWWYwzel/NqIGCRxddH9BZFny5HNQLBZxeXmF169f+zp/oZDHk90tLC3OtSfkTnnQWcqzcqJf3PRTKL0MMv1Sc/qld4yCOzLG4qLtKi7Jdykr/frbz8W7Vjc6PQ5a71cmFesYZLt3DroflE3durd2umnxts+LfR3hT0D6pZOYpolW4dXWg1sgf1zGSu4uYqlD3OAcdlpk5/U9W8/g69/9Zbz4/g/G6iPnAvW6AV2RBu4qKIo8RplVuzZ9OhlDudLoeZ+EEKhUm5BlaSzz13795lzgtty4/1iMbtrrpz+zbkA6bt8zmQyOjo7QbDY9Reblcjnk83kYhgFVnXxaGUEQhBvdsIDancght0UOvT1ml6v6VEWOYRVTOBe4rTT7zvcMw0LZ5MhkYgN3xVVFCq10rLuyoVtVd99Hd78l1xrDnt/Z1x2LKYC4i36OCrJ0F0UiyywcgUP19pkTAgN9xjRV8e2L0fPx8TGJsKz+c7JuYcswLEga67uBeh+yJMEEmY12QwJHF2aXmBFvleUc5XNdq9VwenqKtbU1X+HI5+fniMc0bG2ttz/kpsnRaJqh5IFNnD7f20O9SLAAACAASURBVMCvasQG3Q8R4bq394WJdYsSjvjUDecC9abR4eWhKnLHIrH7QTbSwriPF0eYaSqDvDJEK3KjnRwiODgH/pPf/r/t3wnb+OhO4BBDF9///V/7Wfytf/inY/WVCwE+4D5IjCEegBs8Y7YHS78QV4sLWDzY98H5vAwTviZF2OJGPKZAU+9S25yJXZDlfscRaZxysTc3N56qoszNzSGfz+P29haLi4v+Tk4QBOETxljbf8I963BHDNgihxYZkcO9CdWNHaE4ZDNICDQaJpKJ/oKyEpTA0acLThoKYEfuOikz7jm8e+6nKncCR7NpQZIku2paK5WW83sWvBOeGnSkaLRSNoKcG0iMeY6S0A2rYx7fbqtl6jpOdopTXRHwfqu5ED3vuyLfeYtYXMBqFbAQwo7+9eM541SJmeUNqDAgd5IuOOcdi0VVsZ2XRzGVLBaLUFXVl7GoEAL1WgW7u1tQZPsDblkc9aYxlUoZYcACVjj6KZ0jN+d6EiiKhGRCQ7or4qJ7Uenk2bkZVp2iO6XISZEAHC+IUTt7R7+JhjyV0mF34gXn/E7AaHlt8PbvbHGDu17rx3/07zwLpZfte8yCK7EWlku2veHDOn6Au3874a5B/kQBSWLIpmNIxNWOz7dTbjubjgV6z52NNa+Xn0gkoGkabm9vPR2XSqWgaRoZjRIEMXEkiSGbiSEeU6AqtkeF89M9Bjgih/O6I3JMYw466JnfLzq4H7oxeG4WdqUL3bD9Nhq6CdO0/RfcQr17PeFOZzZNC42GgWaruEFTNzt9JaIwZIfcB68Vc7iwo3b6zSxZK43GeT+cH9ODd0jHpqdXs3Z+N+e1y97efe8cscP9PbSsAdU6R+nnBEvUzgoUwdGFY1TjmAMxZoc4yZIEU+GwuJ1r7/w4nJ+fo1wu49mzZ1AU77f14uIMG+uriMfudvxNi1ON45CwuIBb2+82DhUC0LvEi+4HrxD316C2LAFF6QpTbD2Mu30BNFUe2l5iQF7pdGqj33lvtM1EhZ2Awlsih5PPa4sewadPjErQ6/gw7rYsS8imvRsSBwEXArpudew8TZL7yhHKsoR0UsNtpTnBXvUnk8l4rqQC2Gkq19fXIfSIIAhiMPGY4snAMAqRHMO6O2oasmiZgve79sDE/T7NqKoMw2xV8jAt1IUAA2tHhzPGOuabsiwhEVPRaBqwWn4bpsntyAFXBIAsS4j1q6Y2BZPRMPE6nzWMwandlsVR7zOnURR782QUI10mMaClp9nz285Ny2GfJfffylJ/jw1JYpAY0PLJBbc4pCHRS4NwdZNoQZJPH7rTQhizvxAxTUE8piLR+onHlFaeoMDx8THm5uY8hS47NBp1ZNIJpNPJjtdl2b+zbjQZkIgWZHsj0tTNoQNlvWH0RnB0PXhHSRvqVmPd72d3SVtNVRDrk0ahqTLSqdhIjuKT4k7EcHtsuKI5eOs11+vOMZNECP9he5Ps6nREqta5W+HL2fTkP2Ojlu1znOnHxfk8+H1v0+k0dF1HtVr1dFwul4NhGKjVav5OTBAE4QM/xoWDIjm6U7ingZcpcd+o4QDpN47YJqNqK9WAwTS5bWIvBBRZQiKm9KTfaJqMeFxFTLOjbFhL3ADu1h6JmAK1TwW/h5aW4GUuxLm9yeh1Xsk8fDI6qj62Ivx1w7r7X3Nw8Qf3/J8NuC7GWMfv/KYjRyUiN0pEZ8UUMXTDhICAqshQXNEcsl3XBwAghGzXtzZ17O5sYn5+wXMelJ1mZ2Eul221eZcTqcgSYjElFBOfaRD0g7ivcc+I33HOBWoNA8l4Z6lY0+JoNMyRDE1HCiXr/hNXE7phIeFa3DEGJBNq24GbMXS4cA88xRQGOHfUhnMfuDtSoyNq4y5VZVbGYs4FmrrZ4QnxGEjEVQgAzRF9L8bN+/SSb6qpcqB+HH76ncvlAADX19dIpVKejyuXy0gmk/f8NUEQRDD4Xff0i+SoVJtIp8KPNHRE6H59Z4yNZP6vyL1V+9rtB+hp5VRLcaMqEiRJhdJVPUOW2UBvEU2VoSgSuNXaNGq9bl8v67vZ+SC8+brwslC3fc+8iW6SZPvWDRIcevrjmrQLl1F+y1u/Hc2vKnLP5+DOb2/495DhzkPD7yYgCRy9kMAxADtFwa6vLcsMsiS1zWGcDxJj9iCQy6aRy6bBBcC5/aUb5TvHGGDoDczlMq1zCjSaJhRFaj8ENe0u3G3W6ZsjN/Fe3KHrFkyz0VHOdtig2euofP85WNfa2P3wajRNqKrcY6g0rJ52P6ZROri7/Gs7JaUVseFMIHgrpcvJRYzigNw9kbIsjmrdaJtc3pdC8dBIxlVYJh9pt849gLv/e1S83Ncw3gOvAo0sy0gmk7i5ucHm5ubIx2mahlQqhXK57Kt8OEEQxKTpFTmASrWJSczcLIsP9GNIxJV25btBJAYYjAK9xQTGoambSMR7zyVLDLJHY3OJMUjKaPdWYLgH3Dg43hAWF70G9iFP4bxErTtz5VHnlXZ6kAJVlXxFcAyCcwHDtGxDU3cBg/bk4p6YkQC+TqRv9EICxz1YFodlAYxZkGWpHc0hS1LPQlRigCTbX1ATAvc9QyUmkErGAThljmxTIdOS2ukpTvh41RruGj0L9Ov/uKqjO+LFT3vOTv1o5+p6YYRTdYeHdj+IqzXd0wK6327BND4WTnpNW7RwR2p0/9vlWRO1GA7L4m3naklitrhR09thgpwL+z1KBWt0GQUsi+O2Ype2TSU6DT5jmgKzPnwC6WaWH01eRY5sNovj42Nwzj0Ze83NzeHo6KjnmUUQBBFVZFlCJh1DuVWWVThb1yGjm9ZAgUNVZMRjysCIvkRcHVqJwwhww1DXLdswUplcSjlv+b819XBcF+JxBYpsR6hzi0eiils/ZIkhndR6XrcsgXrD6BGyVFWCpnmrquIeq6VW9JAsMwjRuSnKuejw3POyXuv0p6O5QVCQwDEiQqBlGsTbIWO1ahWmoWNpeREx7U7BlSRAYQzCEBj2XFBa0SC2K7SJRtNsn0fXrXbOuarIiGk80PDsaTBOSsmwNjvKVo3X3D3n6ryA+7L4HDHMTXckDucC5UoT8bgKTZMHDpCOEGNx0fNAn0ZebEfURjslxRE10CtsRHAFbLbEDN7apYjFFDT6eK9YXKChm0j22aV5CFgWR6WmI5eJt19TVRmoe2/Lq1hgWXxkcS8MA1R3X0ftezqdBmCXi52fnx/5XLlcDkdHR7i9vW2nrBAEQUQdWWIdIsck0HVr6JibiKtQFRlN3WynycqShJg2PK3UuidS1yvcibw2Jdh6dz9TU/t/R7l1TmqyEINSUOwIcdOyQtlYcFf7sxfzEiw+OftKLgTGK+wKWJz3pK6oioxETPXcsqrK7U0Jid15ozAGaJIMk7F2SrvFOWThvUqdO2XK70ZaBKfYU4cEDh8IIVCv6/jiy6+xvLSEpZVVmFYrgqP1XJUYoCgMujH4U8cYgwBgmFZL3Lj722YrVcVRoWOaAsMM9sE8afo9rIOI4HAPKGHujHbf+/seRLEuU0TORV8xQsA2NW00DCitlBVnsWWbKN25RHfXdRdCTOUz4QgYTknYv/vXfhZ/83/5E3z2D/8DAMAfflbCX/juescxL77/g4n3cxCWS9wAWhWLano7V7J7sAgyZzeKdH83x/kaeRE5un1o7vvbMBm1z5lMBpIkeRY4stksGGOoVCokcBAEMRHsBeP4TFrkEMLe1OlnvO5gl7vt3cEfRhgbhUKIvr5tgD0exmP2vK2pG0PHGUmyI7YVWYIQgCEsNPXBJpZTIeQAg3GvlQs7QsfdjKJISCRUX/MaiaG92WxZAtzq7J8sM1ic9d3Ic9Jn2p51fW4e550b4bJvgSNCn5GI8HgSywPGCTXe2NwE54BhChhWp/eGLN2/UDANC/WG0bPAcFRh50PrPPhmObL57kt+x7ghfd3f6TDvT7dbsySxoSGU3QaKgwZABwG75FW9YaBWN1BvGO2oDXe7bixrOg81OzKjVTLZ4vhLf36r/Rn+1f/xj/EXvruOn/u1H+Fv/96nAICf+7UfTaWf/RDCjsjoJ7g55mYA5TT6wev9azTNkQQ6y5pMBNuo73k6nfZcLpYxhlwuh3K57KNnBEEQ3tEDTGNwRI5JpdjVG8Or3XnFNHnoQnk3kmRXALPn74PvmzPHj2l2ZTFFkRCPqYhp8qOai4zr08Yt3hEprbTK8IaZYXxXbahzTeLeBO1XlEAIe9PT+Yw7Brp+IH2jFxI4fHBzc4Orqytsb28jkUi0X+ccMLtLiw75UjUaOurN/gstAO0yRA6aKg90YJ4VghYkuh8afgZexux7G48pQ6s62NE2nYuxZFztEWkUWeoTaTH+zoHjE+FmWmXb2uIG5/hb/9m/AQD4n/+bfxsAUDip4MX3f4D/8zd/HmfXDQDB5rwGwSgRGU7602OYXHQLdUHk3A5ywe+mUtOHihxOCs2kGKXP2WwWtVoNjUbDU9u5XA71eh26PrnrIQji8aK3Nk2CYpIihxAi0L5XPfhKBYX7Ng3a0JMkhrim9ESrsFb0gKbN9uamF8YROOx0f6tjYzgWUyDL4d68DhHOdSpZuqvkY1mdEdyOuMFdu+KDNkw994EAQCkqviiVSkgmk9ja2ur5XXf1lGEPJZPfn1duV1WR22FL8bja+lLM5ofZ6jLJlCS7bFY7NQAtsx6Tj2Rj1X0f7PYke/C1/w9c9EZfOMQ0GYm42jFYJ1rGkv3EA6fyifPXsiwhk4nBMOz2JdYqQcW6j+uN0vFKv1DNSe9GODj+GkII/NK/uYvXv/p7+Pyf/BVcVZodIpZzz89OK1Pppxv33bdV8hEHPdZZwSOMb940UmB4K680HlN60ql6nNN9MkqVFc4FbivNtsDo3Gunis0kvYdGrQqTydiVr25vbxGPx/v/UR/m5uZwcHCA29tbLC0tjdNVgiCIkWg0TTR10zY97zPsaao8NBWkG1liHdVVwqSpW1AVy/aFGoNaffw5WBg4lT1i7TQI3jEGyrKEREwBBKDrZsRs2oNnnIqR3JUq5BRoGEc0GOmc/K46oCR1OvM5BSmcKA3TtO7WfKJzg9YpYuEXr+VyHwMkcHTBYH/QhBB9dzGPj49Rr9fx8uXL/g14ePrwEXbfORdoNs3WItweWOIxBfW6MTMPOklirRK7vXXJZVlCOtWbQymELTL02/l3HKvlAeVU+9VpFwAaDaNjsaRpMpKJ3nNLEkMqqeGm3Ls7a1kczabZzskD7AdpTBs8+AaxSHNqpLu5r6xtEAwygXQiOP6r//C7AIDP/8lfAQCc3zTxt3/1z+PPPVvyFF3yG//sXwfT4QEI0boWyS7j1a+s26iEcc/7hS+GjarImMv2fm6d3OcgGSWao9E0I2OkfF9/4/E4NE3Dzc0NVlZWRm43mUwiFouhUqmQwEEQxMRwqj70wzTt8dzLuNhdQjZMqnUdGSnmO3xfb1UojCJO9DBgbyyYFm/7UjWaJmItT45EXIFljVa+fRQYAyAmUQ/HG7wV2eBnsa/rVnvs1jQ74j3swgPuNYrUx1xUUe7Wk44BfzeyLEEdQ4hxzP2JTkjgcCG1Fs6xmALORY83RqPRQKlUwsrKCubm5vq2wbo+o+4PXblcxuJC1nO/dN2EqkhtBVtTFRgGv9fTYZo4xkqqIvkalBxV2zDvQgpjmgxNUzrCvkZuD3YEhLOAum+RK0n2+fsNivWGAcb6R1R0o+vW2GGRg/o6iQH71V/9PfzB3/t5fLjZ+bnllh29sbuSxotf+QEggERSxa9//8+hoVv4Pz4r4n/74Vf47ser+KMfl4ae47d//8f45//7T8fuqxMN1E/4EUKg0TDuont84jwXgF4zTUeBNwzLs2BhG02JiZWZG4SAnTISxk7XrA3A9/U3k8l49uEA7DSVi4sLn70iCIIInkYrXTrVp+zmICYlcggBVKo6shnvqTGmyaeSmjIqkmRX5rAsgXrT7DCZNC0O0TSRaPl3SBIDApj2y5Idaez4vnka7ycwjhuGd4FDiLs5sV15cry0Hi7sYg+cC6iq1DJ+Fa1z2VEbhml1RH3223BlTlS3aVd26azcZm/+jhtlQtEb/SGBw4UkMyQTmv2lkO0Psa7bIUUCQLFYhCzL2N7e7nu8E2HhIIAOd9zTszNfAocA7Adfq+woY3adaqsWzVQVSWLIpGK+yx05uK8sndIC9R/pLsnqGLq6hYRheXu1ul1jO94yhOrGbEV6jJtCwgCkk1pf740gzcOG8Yu//iP8q9/5RTxZSbdfm5tP4uK8gv/6d/64/Vq9ZuB/+Af/T8exn/3kBP/FT07a/x3rCjP9p3/4Df7BP//J2H2UJIZUQoOiSO2Uh+4Jl8UFylXd9k3x8dm0OEe1dueC7uwUCGGfP5u2I4cMVUKl6n1C5S4NPQ2cyjJh1rz3Ui4vCgyrCJPJZHBxcYFKpdIuHTsKuVwOp6enqNVqSCaTAfWUIAhiPHTDAq82kU5qQ4WEhiuKdVIiBxcClaqOTLo3QnfgMVygUmuG1qcgcDwjnCqJstRlTt+aQ8oSC8zLTNOU9vtXRziVZcbBMC3EhOLJGNQtbgRRkEHXzXabhmmB4c7jr98GllNStx+OyKEIqTWfsCuqjLtGcphWsYGoQwKHC84FLM47SrPKsoRm08TV9TUajTp2d3egaXcKt/MlcsQN9xqcW3eT40KhAL3pX0W2LI6mbrYX4IosIaYpgRowBUU/M0yvuMPk7fCt8cWNhiviwa0OmxZv30e1VaYVuL/Ci65b0HULiixBku3QNMFFYB4pjAGppNZX3Z30+/4X//of4Ovf/eX2f/9fv/0L+OhXvJd9/Y9/7nn737/1L36Mf/Qvxhc3gLvUMgdZZjDN3vfAsjjK1eAmPM73231uv3mUum5OTOBwlzSzLIGmYY6V+zoqnbsX0Rc6hnlyZLO2WH19fe1J4HCOI4GDIIioYZoc5UoT6SGbVLphwTR5O714UiKH2RLhR4kyEUKgXG1OfIxxqutxLgaOqYpib1aaLVHjvrRXw7AQ5IxP6ZgrRa/WBOcCum6n54y6kuBctCrPKIEIB/ZmMruL2kD/9BJ77TeafwZjrDWXCC5S1zQjVkY4QpDA4YJzgVrdQDKuQm4tWBVZgpLUwHkKz/aeYHFx0c6jQiskqTXz7S4Ja+c72h+6Wq2Gw8NDPNntH/kxKk3d7FiAxzSlnbMXJe77sjmmPLxVNtadPyaEgABgmbytko7UnhC28aXTHmDnF7YXcbxjZ9q9O8Fcr/l5MJoWDyRs0I2myojH1b41sRvNySxGu3nx/R/gh7/58/hgIwvG0CF4eCVIcSMKBDFcWa3vRVCq/jDK1SY4F1MVGWZpTO7nySHLMpLJJG5ubvoaTg9C0zQoiuK5AgtBEMQksLhoiRzawAWwYVqoVPU+Ike4ooJuWJAaxr1+IZVqOKmW96GptnG9aXHU672yhKJISMRVKLKEWt2YujeI59nGhLJoDcOCoshQRqyAEtMU2xA+oPmTqsgQMftzblmiZx0iMQYmMciS/9Ku4+KkNhH9IYGjC8uy8/XimgLVFYmQSaeQSadGasOu2iHa6Sn5fB6yLI9tKieEbZSZaoUP2qkqKqq18E2evOC4XjsqtmXZkTGmxUeujuKGc4FG04SmyW2zSPuns4a0F9zHyLKETDoGibGOqI1pCUcxTekpM+tgmHyqUTu/8Gs/wr/8rV/As/WM7zb+6R9+86DEjX74TcUoV5vIZUavyuEHw7zLuZ21iIpp0u/eZLNZHB8fw7IsyPLoUWaqqsI0oxUWTBAE4cBbERCp5OD0YMO0UKnpSCfvRI50KoZyJdy0kEYrZVsbUFllUBW8SSBaG3e2Majakabs9Nnxc4jCvN1zDybUZc4FdMOELKkjpZsEXQrWMSp11jHujVknXcWu/jg93zT3RjDRS/RikyIA5wK1hoF6w0CzaaBaq8O8x9DTdscFLA4YhoDzbD07O8PV1RXW19chSVL775woEK8YJm/l7NltKLIEVR39bbw7f7hfikpNx/VtA7eVJqp1vR114Pes9YaBm9sGbssNVGt2e8YYoVndIYFKy9/EwQ6Rm46J66D30zQ5qhHIJ/3Lf+OHvo/97d//Mf7u//r/BtgbN04+AcAmtc3g4I7ewt33zCuOmBcWTnWi/r8L7bQPhu65jJNi4jUaQ1EUGEb00gsJgiAcHHPPYXMhw7BFDgdliBdBkAwSMRoBeJ+Ng25YaOr23FRRpI4Ke7HWgtlOwbam1k/3orhnDt01d+n5ddfvun/vbnucxbdtgHq33pkGDC1D1tb76JiN3vkhTk/cMC1O5qL3QBEcQ9ANC59/8RaapuLlyxdgvLWO6fpMC+GkSQDuz5tlWcjn80in01heXgYXgG64Fi8+v7SNRucCSJYkjJIjYVoczKBdQ8COMolp/XP1hBCo1vWpKaOmyTt2TBx36Cj5rbz4/g/w3/6nP4tf+blnIx/zG//sXwdSLaUfAnZYrSIzMNg5sJOqMsSAjverX8igl4iOesOAJLGBu1N+sXOS9ZH6MGtmoJOi25NDVe1IK69ihaqqqNfrQXaNIAgiFKp1HRZX2mkh3akfhmGnqyQT6kTK1ztUqjqy6TuvEMO0pj5PEgJoNO1Ke5qqdHmD2eKGblhoTLGfhmG1o5W7jUsF0IqckCAgehbRFuct003Wd4FtmByyxNvnGQfHi09qiQzTxt44m/6kyPF3ecjzM13XcX5+jnK5jHq9DiEEYrEYstksFhYWRvIvI4FjCOfn56hUKnj27Bk4Z9A95vMVCgXouo4nT54AsKMGavXxH/xc2F4hXjEMa+wHzkPBETGSCa2ds+c4WXeXB540zg6+ExrXbFXyiRp/5x//Kf7OP/7TaXfDRtilayGjXcKXMXsHwBmQBOzv4DiDgu3Lw9wv2CWcOwSO3vfK6zmrNR0sqbVLQ4+LE7kx6ueon+fEJJiVNBnn/iiKPYT6EThub2/D6BpBEETgOFG49jO69yFtmBZuypOdXzpGojFNsUvBR6QaiBCOEby9UeHeMNANW4QZNMy5q7SFtZbWjbs5Zb+qafYmi9T2tXPjeBUyxsD7CRyGBT6kba9wLtBsmpCk/p50jw17nfKwjUXPz89RKBQAAAsLC1hYWABjDPV6HZeXlzg7O8Pq6io2NjaGtkMCxwAsy0KpVMLc3BxWVlY8H18ul1EqlbCysoJUajTvDmKymCbHbblhK+xChFoe0yuNpglMPxtlZuDCrgSiqlI7NzKmKYh1ma1zLtoGm15RWvnFwxb+tiB1/yRrlAiJSs3eEYtp4z2m7VJ5o4sbDu4yuJNiWNWSKOJX4NA0jTw4CIKYKaJmaA/Y49u0ozb6cSdyoF0Jz2xFmAwb1yzO26Vjw4wiHjbfdbzuBmHPnwYfH/Rc2jFsjcfVkU1HHyKciw4PtYdIqVTC8fExlpaWsLOzg1issyy0ZVk4PDxEsViEaZrY2dkZ2BYJHANwbt7u7q6v4w8ODqBp2r0KEzF9ohgdQXjHNHlLFNAGKv2M2WGinHvfaZJlaai44ZSwG2XwGTVCwnZZt5C5R1gZdI4gUpumEVURdWEDsPsoSRJkWfYsVjjCiGma7X8TBEEQDwchBOoNvR3hae+8Dz+G88E+WY8Z0+Ko1XXEYypUZfhc7CFiWRyG6a+owqxwc3OD4+NjrK2t4enTp33/RpZl7O7uQlVVHBwcIJlMDizgQTOrPpTLZZyfn2Nra2ukPJ9uSqUSyuUydnd3p2pCQxCPDdPkqFSaiMUUKIoEWZI6ogEMk/susWuYFkxTbu/GOG3aA4/lOTx21HHKsjiub+uQZQnJuNpx/v7tCtSbJnTdHFsomPZYGvWUFVswk6Hr3iakjncHCRwEQRAPFycthRgfJ1qHazJURQ68ckoUEULAsnirYuS0exMuJycnSCaTA8UNNxsbGyiXyzg6OsLi4mLftTbNrPpQLBaRSCSwvb3t+Vhd11EoFJDL5bCwsBBC7wiCGAYX4YSsOukt08KyOMrVJhhjLQdvtI3CBNDOlw0zfHEagkPURQ5FVX15cAB2aks8Hm5ZYIIgCIJ4CDjGo6bJoaoyVEXqWyxg1rGFDdvk9SGnpDg0Gg1Uq9WRxA2H9fV1XF5e4vr6GvPz8z2/J4Gji9PTU9RqNXz44Ye+ji8UCrAsC+vr6wH3jCAI4m7gm8657/49CeFh0ufzihCA6qPkqzuCgyAIgiCI0RDCKZMqYBh21TxFscu3zrrUwbm9SWVxOx0lanOesKhWqwCAXC438jHZbBaSJKFWq5HAcR+6rqNYLGJxcRGLi4uej7++vsbp6SnW19eRSCRC6CFBhMOf/P1fmnYXiBmDfDlsFEVBo9HwfAxAAgdBEARB+EEIAdMSMC0OpjtV7myhQ5IYJFe0axRxBAwhHFFDPGiPjWFYlp3GpWnaPX/ZiaIofav5ACRwdHB4eAgAQ11Zh3FwcIB4PI61tbUgu0UQBEG4iFKVFcVnBAdjjAQOgiAIghgTRyjQuQWQ58nMYRgGZFmGLMuejjNNE5LU35duuFvdI+L4+Bg3Nzd4+vSpr5zow8ND1Go1Sk0hCIIImSgIGw6qqoJz3t6B8HKcV2GEIAiCIAjiIWGaZjt1d1QsywLnfOBxJHDALk1TKpWwurqK1dVVz8fX63UUCgXMz89jbm4uhB4SBEEQbqIicjg7Dl7FCkVRKIKDIAiCIIhHjZ+Kcs6ca1DUx6MXOEzTRKFQQDqdxt7enq828vk8GGPY3NwMuHcEQRB3MIbI5pMCk+9fFO6FXz8NVVVJ4CAIgiAI4lHjJ4LDmT9RBMcA8vk8TNPEs2fPfB1/fn6Oy8tLbGxseH5zCIIgvGDnmU67F4Nx928S4kN3lZVp4C756vU4EjgIgiAIgnjM+BE4nDkXCRx9KJVKuLm5wd7eHpLJpOfjhRAoFApIJpNYWVkJGA5R5gAAIABJREFUoYcEQRCDiXJEhxCT7du0hB8ngkPXdU/HkcBBEARBEMRjxzAMzwKHM+calNryaAWO6+trHB8fY21tzbc4USgU0Gg0sLGxEXDvCIIg7mcWIjqAyQkx0xB7nMHVTwSHZVmPtiwcQRAEQRCPG845hBC+PThI4HCh6zry+TwymQyePn3qq43b21scHR1haWkJmUwm4B4SBEF4J6oRHZMUYiZ9/YwxyLLsy4MD8C6MEARBEARBPATuSzUZhGmakGUZbMCk71EKHAcHBwDg23fDNE28e/cO8XicjEUJgogMUY/oCJtpXb+fkq/OYE5pKgRBEARBPEbuMwsdxH1pLY9O4Dg6OkKlUsHe3h4SiYSvNvb399FoNLCzswNJenS3kCCIGSGK0RyTZFLXL8syCRwEQRAEQRAe8BvBYRjGwBKxwCMTOC4uLnB6eorNzU0sLS35auPo6AgXFxfY2tpCKpUKuIcEQRDBEYUqI9NkUh4giqL4EDj8eXcQBEEQBEE8BJxNHj8eHBTBAaBer6NQKGBubg47Ozu+2ri5uUE+n8fCwgKWl5cD7iFBEER4TLqqyShMyjMk7LQVPxVRnIHZsqwwukQQBEEQBBFpnDmQnwiOYaLIoxA4hBDI5/NQVXUs3439/X0kEgnfAglBEMQ0iVpEh9szI+z+hCnw+IngkCTZV2oLQRAEQRDEQ8ARKrxaPlAEB4B8Po9arYa9vT1omuarDcd3Y3t7e6BjK0EQxKwQtYiOSfUnjHOoqgohhOcoDsVH5AdBEARBEMRDwDRNX9EbwPC0lgcvcJydneHy8hLb29uYn5/31Qb5bhAE8RCJYkQHEF7qSlgRI47RlR8fDorgIAiCIAjiMWKapi//DeARCxyVSgWHh4dYXFzE1taWrzaur6/Jd4MgiAdPlMrLTqLca5DtO4OsZ4FDUWGSBwdBEARBEI+QcSI4HmWKCucc+XweiUTCt++GruvY399HMpkk3w2CIB4NkzL/jArjXq8zyPopFWu2jnlM95sgCIIgCIJSVDxycHCAZrOJZ8+eDa2TO4z9/X00m03y3SAI4lExiQiKKDHutfqN4NA0re3B8ZjuN0EQBEEQxH1moYOOAR5hBMfJyQmur6/x9OlTZDIZX20UCgVcXV1hZ2cHyWQy4B4SBEHMDo8homMcgcER0T2bjCoKhBDtMmkP/R4TBEEQBEEAdyVivXpwmKYJxtjQyisPTuC4ublBsVjEysoK1tbWfLVxcXGBw8NDLC8vY3FxMeAeEgRBzBZRiegIW2jx2zZjzFep2H6pLSRyEARBEATx0BklEmPQcfcd86AEDsMwUCgUkEqlfPtu1Ot17O/vI5VK+TYmJQiCeMhMK6IjrCoo7vYdvLavqqpngcOJ/OCct88f5vURBEEQBEFEASfq1avAoev6vVEfD0rgODg4gGmaeP78ue829vf3IYTA7u5ugD0jCIJ4OEQhokOIcEUAr9fHGGsLFdM4P0EQBEEQxKzgV+AwDOPxCBzFYhHlchnPnj3z7Znx/v173N7eYnt7G7FYLOAeEgRBEEHijnYIQ+yYdhTFtM9PEARBEAQRBo7A4ceD41EIHJeXlzg5OcHGxgaWl5d9tXF6eopSqYTV1VXMz88H3EOCIAgiLMKMKCGRgSAIgiAIIljGieC47xhvkkkEaTQaKBQKyOVyvtNKqtUq9vf3kc1msbGxEXAPCYIgiFlk2mki3X4c0+4PQRAEQRBEEDhCBfOwk2RZFizLujeCY+YFjoODA0iShL29Pd9tvHv3DoqikO8GQRAEMRDGpiMyhO03QhAEQRAEMUlM0/QVvQEAx8fHqFQqyGQySKVSPfYUMy1wFAoF1Go1vHjxAvF43Fcb7969Q7Vaxd7enuccIIIgCOLxMM2ICoreIAiCIAjioTCKl0Y3mqbhgw8+wO3tLcrlMg4PDwEAkiQhk8m0BY+ZXdGfn5/j/Pwc29vbWFhY8NVGqVTC6ekpNjY2kMvlAu4hQRAEMU3CEiKmFVExrQgSgiAIgiCIILEsy3NRD0mSsLS0hKWlJQB2ydjb29sewWMmBY5arYZCoYCFhQVsbW35auP29hbv37/H3NwcVldXA+4hQRAE0c2kF+jucwV97mmlqgDkyUEQBEEQxGyj6/rYAQaapvUVPGauiooQAvl8HvF43Lfvhmma2N/fRzweJ98NgiCICTItL4kwoi7CKk97HyRsEARBEAQxqwghYFmWZw+O+3AEj5kTOA4ODlCv17G3t+f7puzv76Ner2N7exuSNHO3gCAIYiYJs5zrqOcHghMmOq5nwkoHiRwEQRAEQcwqYa7BZ2p1f3p6iqurK+zu7voOaTk8PMTFxQW2t7eRTqcD7iFBEAQxKtOMgAhcIJiC4kCVVQiCIAiCmDUYY1AUpV0VJWhmxoPj9vYWR0dHWF5exsbGhq82rq6uUCgUsLi42M7VIQiCIKYDRSGMj1vkoPtJEARBEMQsoCgKGo1GKG3PRASHaZrI5/NIJpN49uyZrzaazSb29/eRTCaxs7MTcA8JgiCIcZlWREcQmKYJWZan3Q2CIAiCIIjIs7i4iOvra1xcXATe9kwIHAcHBzAMA8+ePQPzOfvd39+HruskbhAEQUSUaXt0+EXXdei6jkwm4+k4JzTTax14B+d+zeI9IwiCIAji8bK4uIhkMolSqYR6vR5o25EXOEqlEm5vb7G3t+fbMyOfz+P6+ho7OztIJBIB93A0hBCh/hAEQTw0Jh3N4TeCpFKpAACy2ayn4xqNBiRJgqZp3k/aBQ0DBEEQBEHMCowxrK+vo9Fo4O3bt9B1PbC2Iy1wXF9f4/j4GGtra1hdXfXVxvn5OY6OjrCysoLFxcWAe9jLtAQIEj4IgnhouB9hkxA73NEQXs5XrVahKAqSyaSn893e3no+Zhizmt5DEARBEMTjI5vN4smTJ9B1HdVqNbB2IytwNJtN5PN5ZDIZPH361Fcb9Xod+/v7SKfT2NzcDLiHNlEXFKLeP4IgiFEQYrILeC/nq1arntNThBCoVCqBV/MikYMgCIIgiFkhnU5jbW0ZyWRnlsXNzQ3ev3+Pi4sLz9VWIltFJZ/PA4BvU1EAePfuHQBgd3c3kD4BmHmRoLv/fj1NCIIgJk13REfYj+PuaI5+52s0GqjX654rc1UqFQghAo3gmPT9IQiCIAiCGBfLNBGLxTteq9WqODk5QalUAgAkk0nkcjlkMhlks1moqjqwvUgKHEdHR6hUKvjwww99e2Z8++23KJfLePr06dj5zZMSNQadJ0wRwn1OEjsIgpgVnAiLSTyeh53j9PQUALCysuKpzdvbWwAIPILDgcQNgiAIgiBmAanPGpRB4OOPX6PRaKJaraJcLuP09HQkwSNyAsfFxQVOT0+xubnp2zPj5OSk7d0xNzfnq40gRY1x2xr1+HEFChI7CIKYJaYdsVCv13FxcYGNjQ3PQnqlUkEikQi1tCxFcRAEQRAEEWWE4JDlXknCNHTIsoJUSkEqlWpvJFWr1XsFj0gJHLVaDfl8HnNzc77LuVYqFezv7yOXy2F9fd3z8ZMSI8Kg37n9ChVOWyR0EAQxC0wyosPh9PQUjDFsbGx4PrZcLiOXy4XQq05I5CAIgiAIIqoYht53k4gPmLykUql7BY/ICBxCCBQKBWia5tt3QwiBd+/eQdM0zwKJX2HCz3FBiSCjiA/jem6Q0EEQxKwwimdGUNTrdVxeXmJzc3NoHmg/KpUKDMNo+2+E1d9pR7gQBEEQBEEMw9ANaLFYx2umaUKSRotw7Sd4REbgyOfzqNVqePnypW/PjHfv3qFWq+HZs2dQlPsvLUxxYlKlYQcxSJDwK3hQ+gpBELPCJBbyJycnkCQJm5veozcuLi7AGMPCwgKAyVeIIQiCIAiCiAKGoSOZSvW8Nspavh+pVCoaAsfZ2RkuLy+xs7Pj2zOjWCzi7OwMm5ubyGazQ//Wq/gwyt9PS/gYV8jwI1xQVAdBELNE0BEStVoNV1dX2Nra6ps3Ogxd11EsFrG8vNzxDJ1URRiCIAiCIIioYJpmT3CDrjehqv6LhExd4KhUKjg8PMTi4iI2Nzd9tXFzc4ODgwPMz8/f62TvRWAY9rf3tRO1yiujCB5ehQshBIkcBEFEnqAfx8fHx5Bl2ZfPk2OG1W+sCju1htJUCIIgCIKIEoJbPZtFerOJWNxfJVVgygKHZVnI5/NIJBK+fTdM08T+/j4SicRQ340gIiyiLHh4FTSGRW54ieqgaA6CIGaNcYSE4+Nj3Nzc4OnTp57DJ93RG/1SMcP2zJikRwlBEARBEMR99FtD6rqOdGZ4RsYwpipwHBwcoNls4uOPP/ZdKu/du3doNBp48eIFJEnq+X1YwoYfsSMskYMxdm8FlWGCxzCRYlQBg4QOgiBmBb+P4pubG5RKJayurmJtbc3z8U70xvLy8r1/G6b4QJ4fBEEQBEFMG8syofRJReGWBcZ61/WjMjWBw70LlslkfLVxeHiIy8tLbG9vt93oHcYVNryIGkEJIF5xxIRB4sYoosagdgZFdZDQQRDEQ2OUiAZd15HP55FOp7G3t+f5HE70xtLSEmJdbuHTgKI3CIIgCIKYJobev0SsEHysdqcicIy7CwYAl5eXKBQKWFpawtLSUsfvxjEFHVWs6H7Nq8gx9uxyQNSG/av+4sYgAaOfKDFIqPAidJDIQRDELDBKREM+n4dlWb7TKYd5b0wL8uQgCIIgCGJaGIbeE6Sg603IijpWuxMXOJxdsFQq5WsXDACazSb29/eRTCaxvb3dfj1IYeM+wWKUvx82cxQYb1bJhmknXtsaEsExjtBB0RwEQcwKw4aPo6MjlMtlPH/+vGcgHoWoRW84kCcHQRAEQRDTwtB1qHPzXa81+0Z1eGHiAsfBwQEsy8Lz5899t/Hu3buenTS/4sZ9QsWw/+5pr/tvu6QGWZahKjJkWbJ/JAmSLEFiDExikJjUs4soBMAFh+ACXAhwi8PiHJZl/ximBcuyOo7pET/6RG+4xYdRhI1hQgdFcxAE8VC5vLzE/8/emz25kt13ft9zcsNWAGpfb9Vdum93s5sSF0khUySnRxxJHM14ZHskckx3hGxH2OEX6YUOSf+C5Ac98M0PjlAEQxalsD2aB4YUZGtrcTQWPZJINnu9W+11C1W3CoU1l3OOHxIJJIAEkEABtf4+HdUXlchMHKAAZJ5vfn/f3+HhIVZWVmJlZ0TRzN5YWDiXa2JSjgvK5CAIgiAI4qIRwoNptl/4se3ztYgFLljg2N3dRblcHvkqGOALJMViERsbG0gm/fYxo3QwGVXI6CdqhAUNTdNgGjpMQ4dhaDCM0V5qxgCNcSDIWenh2HFdD64r4LgeHNdrEz3aBI+YpS3DCB1x3RwkchAEcZ2o1+vY3t5GNpvFxsbGSPuo1WpN90bCstpcE8OKFZN0XJB7gyAIgiCIiyW6g8pUNneuvV6YwDGOq2CFQgF7e3tYWFjAzMzMSK6NsQgbEaIG5xwJ04BpGrBMA5o2evLrKBiGDsPQkYKvggkhYTsuHMeF7XiQ0g9r6SV29HJ1DCt0UMkKQRA3ha2tLXDOR87dAIAnT55A0zSsrKy0LT+PoEBiBEEQBEEQ1xkpJTS9W4pwXReadj6J4kIEjlqthq2tLeRyuXNdBXvy5Ammpqawurp6btdGHGEjnqhhIpkwYVnnC0MZN5rGkUpaSCV9wcO2XdTqDmzHjRQ7ol7NuEIHuTkIgrhpbG9vo1Kp4OHDh0gkEiPt49mzZzg7O8Pdu3f7tkIf1ZEx7pIVCh0lCIIgCOIicF0nMpfsvB1UgAsSOLa2tqDr+sihogDw6NEjcM6xvr4+tLgxrEsjStgIl59YpoFk0kIycb76oIvEsoymCFOrO6jVbNiO27y/KXYM6MASJWyM6uYgkYMgiKvI0dERjo6OsLa2htnZ2ZH2cXh42OwWNj093Xfd82RgkMhBEARBEMR1w3VsWFb7BSTXdcH7XBCKy8QFju3tbVSrVbzyyisjXwV78uQJyuUy7t+/D8Po7ZQYxrUxrLChFJBJJ5BKJaBfcPnJuEkmfNeJJySq1TrKlXpT4RhG6Divm4NEDoIgrhrVahXb29uYnp5u69I1DJVKBY8fP0Y2m+0qTelFIHIMIy6E1x2HMDHu/REEQRAEQUTheR4yU+1mAde1YZyzRSwwYYEjuAp2584dzMzMjLSPg4MDPH/+HMvLy8hmsz3XG8W1EUfYYIwhnUognUqA85s1Gdc1juxUCpl0EpVqHZVqvSVKxBA6xuHmIJGDIIirglIK29vbsCxrZMehUgqPHj2CYRgjlWSOKiyMIpAM2h9BEARBEMQkcB2ny8Hh2OdvEQtMUOCoVCrY3t7GzMwM1tbWRtpHuVzG06dPkcvlsLi42HO985SgNG93ChtgSKcTmMokRxr7dYJzhqlMElOZJErlGiqVeut16BA6OtvK+nfFc3OQyEEQxFUmcBy+9tprIx9gHz9+jGq1igcPHkCPCM/qx7gcGOPqskIuDoIgCIIgJkXn/M+2baTTmXPvdyICh5QS29vbSCQSI6fPSynx+PFjWJaF9fX1nuuNKm70EjaUUsikk8ikE+D8epeijMJUJol0ykK5Uke5Umt27wmEjpbe0S549HJzkMhBEMR1oFAo4Pj4GOvr68jn8yPtY39/D4VCAWtra30dh3E5r5tjHJDIQRAEQRDEOFFKRWZtuK4D3biiDo6trS3UajW8/vrrQ1/BCghfBeuVPj9KvkY/YSNhmZjKJGEYF9Y990rCuV+6kkyYKJVrqNtOT6Gjk2FzOsKQyEEQxGVQKpWws7ODubk5rK6ujrSPYrGIZ882MTMzM3Ir9E7Ok4kxDlGCMjkIgiAIghg3rutEOmWlOH8HFQAYu0Xh+fPnODk5wcbGxshXsHZ3d3F0dITV1VVMTU113a+UGqu4wRhDPpfBzPTUrRc3whiGjpnpKeRzmZZAgY7XsE+eSb/bvTrhDOqQQxAEMU4Cx2EqlRo5d8N1XTx+/BjJZLLNccjY+JwUo3w1jlMvpq9mgiAIgiDGges6MDtaxArhja16YqwCx9nZGfb29jA/Px87Ob6TYrGIra0tTE9PR14FO1dJSuOn+Z9SsCwD83M5pJLdfXgJn1TSwvxcDpZl+OJE47/m6zmCyBH1+6DlBEEQ42ZzcxO2beP+/fs93YKDePz4MWzbxvr6ekdZXncuxjiIK5x0OjAIgiAIgiAuG9e2YZrtc2/HcWCMIWAUGGOJiud52NraQiqVGjl3I7gKlkgkInM3RumMEuXaCJYFHUSIwWicYyY/hXKlhrNS1V/I/DBWXzSKpl9GR9Tvg5YTBEGMi4ODA5yenuLevXuRbsE4bG9v4+TkBOvr60ilUj3XG2eXk1EyNsbxuFSmQhAEQRDEefE8r1vgsOvQjfO3iAXG5OBQSuHp06dwXRcvvfTSyBPTx48fo16vd10FCx6j1+9xxI2wa0PXNMzP5kjcGIFMOon52Rx0Tet2cyDG3wL9/5ZxlhMEQZyXYrGI/f19LC4uYmlpaaR9HB8fY2dnBwsLC5idnR24/jgdFaOIHON4zGA/pD8TBEEQBDEKUsku16zjOF2ix6gM5eDwPA/VahWu60IpBc/zmssqlQpeeuklpNPpkQayvb2NFy9e4M6dO11XwcYhbgTLkgkT0/nRrtQRPoahY2E+j5PTEmp1x3dpQPkBpBHdVQZ1W4n6fdBygiCIUXFdF9vb20in0yPnbtRqNTx+/BiZTGakYNJxOTqG3cc4HnOcXVoIgiAIgrhNqMisDduxkZnKjeURBgoc9Xodp6enOD09Ra1W67rfMAzouo5XX30V09PTIw3ixYsX2N7exvz8PObm5truG1nciChJyaSTyE71thATwzGdn4JWqvrtZAG/ZCXUZYVEDoIgriLb29vwPA+f+MQnRt7H48ePwRjDxsbGyPs4b5eSSa9/UfsiCIIgCOJ24LouzIhWsEqIsc33egocpVIJz58/R6lUAgBks1ksLCwgk8nANE3ouj5yC9gw9Xodjx49QjqdxtraWt91B4kbvfI2lFKYzk0hlaIg0XGTnUpB1zScFP33Sa9cjrgiRy9I5CAIYhwcHx+jWCzi7t27fTMz+vH06VOUSiXcv38/ss3ZKIzD0XHRbg7K5CAIgiAIYhiiOqhIKQGMb54XqVBsbm7ixYsXSCQSuHv3LmZmZmBZkxEHHj16BKXUwFDRYcSNcEmKUgoz+SkkqUvKxEilLDAGvDhtiRwA2kpWgHgiRz8hg0QOgiDOgxACu7u7yOVyWF5eHmkfBwcHODg4wPLyMnK58VgpA8bp6IizfWeHl1Efb9TtCYIgCIK4XbiOg6lstm2Z49hjCxgFIgSOvb09vHjxAhsbGyO3eo3Ls2fPcHZ2hrt37yKRSLTdNx5xA5ib8dubEpMlmbQwxzmOXpwBUJG5HMD5RQ6CIIhR2dnZgRACd+/eHWn7UqmEp0+fIpfLjRxMGpdx5GQMs+55vnIpk4MgCIIgiF7UqyVAAUzT4Do2TKPdeOA6NoxJCRxHR0d4/vw5VldXJy5uFAoF7O3tYXFxsSu7Y3ziRpbEjQvEsgzMzWQnKnKQ+EEQxCicnJz0DLKOgxCi2cb8PLkbo3Beh0Sc7c9bIkPuDYIgCIIgopCeh3q9AgBwHdHl1rBtG8J1Ua+WwLnm/2gaGNdGmvc1BQ7XdbG3t4d8Ph9ZLjJOqtUqHj16hGw22yWkjKsshZwbl0NL5CgCAIkcBEFcOkop7O3tIZPJDMx66sXjx49Rq9Xw8OHDrtZmk+Yiu56cR+SgTA6CIAiCIDoRQjRvR5WiOI4D5dUhvHrXfYxzaFxvih4t8YM3fte75oVNgWN3d/dc1t1h+Pjjj6HrepeQ0tkxpXP5MJkbJG5cHpZlYCY/1czkGFbkCEMiB0EQ52V3dxeO4+Dhw4cjbb+zs4Pj42PcuXNn5Fbo42QUR0cch8Z5M0AIgiAIgiA6EcIDAEilYJjduZiu68DgPTIYpYQnnb77Z4xD03QwroFz7gscJycnODk5wfr6OpLJ5HmfQ18+/vhjVCoV3L9/v2+tTd8WsK2VusSNfDZDgaJXgGTSQl4qnJ6VAXSLHAC6xI1BYgdBEMSwFItFFAoFrK6uYmpqaujtT09Psb29jdnZ2a425pfFRXQ+IRcHQRAEQRDjQEpf4FBSdXVQAQApPCRSWUgpoZSClAJKSUglY51UKCXheS0RRJdSYnd3F9lsFqurq+N7JhE8evQIhUIBa2trXenz/cpRIpdHiBtTmRTS6fawUuLySKcTEFKiVK4CaBc5FBApZgzTSpaEEIIgBrG/v49UKjVy6eXm5iaSyeTESzfPQ1xHxyQzPDrvJ6GDIAiCIAgpW+UpCgpWh4PDseswDDPS2QE05vlShkSP4HcJqQQgJTpPN/SdnR24rotXX3113M+nNXDHwccff4xisYjV1VXMz893DTzqdnhZp7jReV8yYSE7NXxwHDFZslMpeJ5ArW4DQEuQUKpN5Gi7D8EqJHIQBDE6u7u7qNVqeO2110bafmtrC9VqFQ8ePBjzyMbLqF1MhnFzDLt/EjcIgiAIgpCe17otAcM02+53HAe61tXYtQljDEzzczd6oZT0RQ+lIIWAHtQVZzKZ8z+DCCqVCj7++GPUajXcvXu3q2NK74F2uzjabkM1xQ1d1zAzPbz1mLgYZqan8LzgwfMaCh4DGHqHipJoQRDEeSmXyzg8PMTy8jLy+fzQ25dKJezu7mJ+fh7Zjn7tV5FRBIVhHBej7J9cHARBEARxuwnyNwDfwW92OjgcG7reW+CIA2McTOPgAKAb4Ol0euRU+UHs7e3h3XffhRACL7/8cqS4MahTSvBvZ6hosEwphencZMQZYnxM5zJtfzOFlhOny6ET8W/n7TC9lhMEcXvZ3d09V0vXzc1NmKY58dLNq0Kcr9FRXSIEQRAEQdxOZEjg0CKcGrZ9foGjE/28XVM8z4PneRBCwPM8uK6LUqmEs7MzVKtV5PN5rK6uRgaKDj157RA3ACCfy8A0qWPKVcc0DeRzGRTPKq2/KUNk6GgncUpVCIIgAvb391GtVvHKK6+M9H2xu7uLUqmEe/fu3crvm16ZG8NmbFAmB0EQBEHcbpoODgUYhtl1v+c60FLjjZnQR7He1mo1vP/++7BtO3qnuo5MJoOlpSXkcrmhrrBHuTY6Q0UDEgkTmfRku74Q4yOTTsJ2XNTrrZTbqNBRIDqAtB8kfBAEAfjHp4ODAywsLGBmZmbo7avVKra2tjAzMzNSactNIE7mxrBiBYkbBEEQBHH7kMKPKBBSIhXVQUXKsT/mSH6QZ8+ewfM8LC8vQ9O05o+u69A0DYnE4E4mcUpTmrcjQkUZY8hTacq1I5/L4Ll90h0sGgod9X/t3TqWxAyCIHqxs7MDwzDOVZqiadqtKU3pRSBy9BMmhnVlkIuDIAiCIG4XgYNDqe4Wsa7rgHM+9sccWuA4ODjA6ekp7ty5g7m5uYHr9+qK0u/+YHmvUFGlFPK5DLQJvCDEZNE4Ry6bxslpqbWwI3QU6O6oEtzXT+Qg4YMgbjeFQgHlchkvvfTSSPWcwfFtfX197PWg1xUSOQiCIAiCGAWlJJTyHRpSKZgdJSrugA4qozKUQlCv17G5uYlcLjeyuDFo3U5hIyp3I2GZSKcGu0SIq0k6lUDC8t/gUaGj4eXB7bhQ4ChB3E5s28bOzg5mZ2e7WpHHIXx8m52dncAIrx8dBsqh7++1PmMUPkoQBEEQN51wwKiUCqbVPn+37fpELigNJXBsbW1BSnku6+6opSnh5blseuTHJ64GuWw6WozodO6M0FWFIIjbx87ODjRNG7k0ZWtrC0qpiXUVu4oMKzQMWjfuvuirmyAIgiBuPqKRvwEAmmF0Oe0dx4Gua2N/3NgCx+HhIY6Pj7G2tgYrIiCkk1Enn53bdZamZNJJGAZZh69K0T4DAAAgAElEQVQ7hqEjk052t44NMa73EEEQN5ujoyOcnZ1hfX091vGpk0KhgOPjY6yursI0uxO+byqjODACosSMZoOsGMIJfU0TBEEQxM1GekH+BqDr3edXrutA18ffDTWWwOG6LjY3NzE1NTWS9TdgWPdGMOEN5zJkp8bbRoa4PLJTqbZMDQDNUhVycRAEEQfXdbG7u4vp6WksLS2NtP3m5iYymcy5jm83gWEcHYNKV+I+HkEQBEEQN5NWwKiMvIAkPK9r2TiIJXBsbm7C87yJW3e78jfQPqmdyqQmkrRKXA6cc0xlUj2zNqLeDwRBEGF2dnYgpTxXaYrrurhz586YR3b9GNbRERAljAzTapYyOQiCIAji5hG0iJVSdTlsPc+b2LF/oFpwcHCAQqGA1dXVWO1fgfidU3qGSHYEiwbdMW6qe+P3fu/3LnsIl0bg4ugqVekjdIX/7bzdbxlBEDeLFy9e4PT0FBsbG0gmkyNtf3h4iJWVldjHt9tEXOFhUJeV82xPEARBEMT1JHBwSKVgmJ0tYu2JlKcAAwSOcrmMp0+fIp/PY2FhYSIDCBh0tX4qc/PEDcdx8JWvfAW/+7u/i6985StwHOeyh3Qp9PvbkouDIIgohBDY3d1FNpvFysrK0NtLKbG5uYlUKoXFxcUJjPD6M4yjI8qxEd6eMjkIgiAI4vaglIKUDYFDSpgdAodj2xNpEQv0ETiUUnj8+DEsyxrK+jsR9wYYMunhr85dZRzHwVtvvYW3334bAPD222/jrbfeupUiRyadBAO5OAiCiM/u7i48z8Pdu3dH2n5rawv1ev1cXcFuG3HcGL3WifN1TGUqBEEQxFXCrlXg2jUIz4WSguYWQ6Bkq4MK13VoWnu3FNu2J9IiFgB67vXx48eoVqt46aWXJp57MegqfSplgfObc+bTKW4EBCLHN7/5zVuV5M85QyploVKtR94fDpklCIIoFos4Pj7GnTt3kE4P3za8WCxif38fi4uLyGQyExjhzaSzi0rE9Ymx7D/4qqfzSIIgCOIycew6XKfWtoxzrfnDOPdvaxo0TQfjDIxrjbnz7Z63hPM3DKO7DNhxHVjpyZyDRQoc4dyNqamp2DsbpGqN4t4IwkVvElHiRsDbb7+Nb3zjG/j6179+waO6XKYyKZQr7V8gYABTaLusF+SxdP7bi0H3EwRxvVBKYXd3F+l0euTg62fPniGZTI5U2kL4BCUpg/I3RhEp4gSUEgRBEMQkUUp1iRsAIKWADLkTesG5BsY0aFpDCNG0lhjCNTCuAYzd2HlKkL/huB5WFrvP14Tngk/ouXcJHEHuRi6XG0vuRhzRo986CcuErms9779O9HJuhPnSl76E3/iN37jAUV0NdF1DwjJhO27k/XFcHCRmEMTNZ3d3F7Zt46WXXhpp++3tbVSrVdy/f3/MI7t9DOPoGFXsIAiCIIjLwHPt5m2N61CQkFLG3t4XQQTEAC2EcQ2ccWi6Ds45GPMFEV03Gg4RDnYNHSFSeBBCIj2VQ6IjCL5aKU8sfwPoEDjCuRuj1jXHJa57I526Gcn2ccWN21aeEiadSqBud2SQ9HFxEARxuzg7O0OhUMDKygqy2ezQ25fLZezs7GBubg65XG4CI7y9DHJ0RC0fdn2CIAiCuCicesu9oekGrIQ/SZdKAlI1BAwFISWkkAAay5Ty14mJkgICAkJEX+QN8B0hvhDCGG+UxPgCiL9MawghVwPP8+B6Astz8133HR8XMDWh8hSgQ+A4T+7GsOGivbYJwxhD6gYIHCRuxCOVSuDFaanvOmFxI6pMJUr8IEGEIG4Ge3t7SKVSQwVfh3n27BlM06Rg0QkR17HRmbHRK3ODXB8EQRDEZeE6rWzAcBgmZxzQAN4IzYzyIQghwOAfwISUgJKQUkEp3wXiX8gfLrS05QgZLIQ0fzT/hzEeygnhYGyyQki9WkatWkZuerarFexZ8QQa17pCR8dJ828yau7GeVGNPnKR7o0b0DmFxI3hSKUSqPTI4vCNHCRUEMRtZG9vD7VaDa+++upI2+/u7qJUKuHu3bsTD84m+gsTnRkbk8jxIAiCIIhREZ7bzNlgnEHrmKQPwnVdSCnBNQ26pkHTjcg5jC9w+M4PFQggSkEKCaWCH395XIbJCOHcFzy0LiHEzwgZVghRUqJSOoFj16DAMDvXHXdxcvICM/npofY7LDow/tyNTgaGi/YglbAGr3SFIXFjeFIJq1vgiGDYsFGCIK4v5XIZz58/x9LSEqanhz8o1mo1bG1tYXp6eqTtifMR5dCIKmnp/J0yPAiCIIjLwLFD5Sl8uDmakI2sDsYgpYQjJeC64Jz7YoemNecs/r8Mmua7QnohpYTj2P5xUClwzpqihxQCCoFQMpoQ0tsTwppOkKA8RuvoHuMLIQyOXUPl7ARKSbiuh/zcYtfeXhwXkDAnP7/Xx5G7Mag8pdc2neuEBRDGGBKJ6zvpjyNufOELXyBxo4NEwuwrXIwaNkoCCEFcXw4ODmBZ1rlKUzRNG7nrCnE+hnFo9BIySNwgCIIgLgrXbgWM6sZwYZie68sFltWa39l1O1LsCJe+9KJcqUAoiVQyBaUUhBDwhICQCkr4ZS4KEkqqhgPDF00AhISUxhKpAK6gYgshClJ6kNLviOI60WsFczbAn3Nx3UIu135ByfM8nBVPMTszG/OxR0c/T+7GWAiVp/i/+v8mr7F7I6648a1vfYvEjQiSCQvVWr1N5IgKGyUI4uZTKpVQKpWwsbEx0jHq4OAAp6enuHPnTqwTCWLy9MrcGCR0kIuDIAiCmDRKSnheSODQ483VhBBgjEGE2qaYpgnP82CF5rVhscPp4ewIqFQq0HQdy4vLMcfgQQgBISSk9G9LIRrLGj9SQCnWzAMJLJWcwW9b23whFMAUGFjr/ggUAOEJCCUhhYKm6ZhbnOta78VxAelUOtbzOC/6pHM3ospT4rg7LGu4WqerwjDihmVdXxFnkliWgUq1NtClAaCv24MgiOtPoVCAYRhYXo53cA9j2zY2NzeRy+UwN9d9sCUuh37ho8F9vbqykMhBEARBTJJwuKimRWdnROE4DnhDBbASFjRNg64b0HUDSsmGwNAhdtiOL3Y0RBHTsqA3wjdrtRoUY1iIKW7449WhDdl+NXCFSOE1OsKIkFDS+glKWpRSEJ7XEHQ4EskUkpkEEskkEolkV6goANTrNdRrVUxPOHsjQM/n8xPJ3RhEVHlKWPxIWNfP2UDixngI/vbh90hnmQoJGQRx8ymXyygWi1hfXx/pM7+5uQkpJVZWViYwOmJcRDk6wkLGoPsJgiAIYlyE8zfiOj+FEL6TQbRKP3SjNdFnjEPXeUPsUL6A4HnNMhbb9ms/9IZT1bZtOJ6HtTujleYOA2PMf54TdLm+OD5CJn0x7g0A4KPWNAeMkr8RWrGtPCXA0HXo+uRax0wCEjfGh65rMDo+ZKrxXol7Rnuu9yVBEFeCw8ND6Lo+knujUCjg+PgYq6urSCSuf7vxm4yK+GrvFTZKEARBEJPEdUYrTwF854aVsMA5h8aj57K+oGDASiRhhgI3Ne6Xgriug1q9hpXVm5EbVq2UIYUHw7g484J+kbkbcSaYSimY5vUqTyFxY/yYpgG36g28aktuDoK4mVQqFRSLRdy5c2fo7A3P87C5uYlMJnMpDkVivER9xZPoQRAEQYwbz7Gb3UmCLiH9sG0bpmlCeF7bwSqO80MqCSH88E4oBU0zIISHcqWM5ZV18A6BxPM87O1uQUkBzjQwzsC4n93R+cM1Dbx5n345OZsAKuUSjo8OkcvmLvRxJ5q4FtUWtlf3lPBy6xoJHCRuTAbL9HM4+pWphJdRDgdB3CwODw+hadpI7o3t7W24rov79+9PYGTERRPkcXSWqlCZCkEQBDFOnI78jX5IqSCkRK1WAxiDZZmNLqDJWHMRz/XaAkk511A8O8XC4iqMziYUSuFgbxupRLJtPqmUghQSUklIz4XnOpBC+mUwSgCN+xX8LipM42DgvsMkEEN0vV0cCQkjw8yphPBg1+uo1aqo1+vwXAe6YSA7lb1QgcW27ckKHH3pUZ4CAKZ5PZLuSdyYHFHvAeqmQhC3g2q1itPTU6ytrUEbcPWkE9u2cXBwgLm5OaRSqQmNkLhoOkNHB2V0EARBEMSwuHZL4BjUHtbz3K5lekQnlF4Iz3dv2HUbnHNI4cFKJJFIJrvW3dvdhmWaXfNJxhg0XYMGDUB8g4CUfgcVpSSE68Czlb9MKV8sabSfBRTAWUMU0cA5x9z8QltpjZQC21tPweCX9BiGjkwqBc4zkY87abGjVK6cT+CYRM6BUrgWJSokbkwW0zSaJ7SjEuXmIIcHQVx9Dg8PwTkfyb1xcHAAAFSackMJhI3OjA76WicIgiDOgxAuhAhEC9Y3f0MpBa9RlhLuijKopCXA8zwoqGa4qKZpqDsOprLZrnWfH+yBc45Eolv4GBXOeVNoiDvrVkrhxemLNnEDAMrlEizDQnpAiKgQArbtizl6wzUyiTnZWamEC/OLxGkNq5SCcQ3CRT3PI3HjAjB0LXZbYYIgbga1Wg0nJydYXl6OnV4e4DgO9vb2MDc3R9+9N5CoMNLwfQRBEAQxKp7jNG9HtToNE2RuWJbZFAoYY7FbtLaEFB+uaXCcOpKpdpGgWilDeC7SQzpShRBwHL8F7bhQUsEwus+tqpVKrHMuTwiAMb8truOgVq/Dduy2Mp1xcFYqTa5EpVf+RtR64eXGADvQZeN5Hn7913+dxI0LwDB0/8OA7syNgLAjg3I4COL6UygUwBjD0tLS0NsG7o35+flxD4u4gnRmcFAmB0EQBDEqTj1UnjLgAosXmpTrugHGGWTMibofLiqb7g3GGDhjjeyL9setVMowO/M4YiCEgNf44Y02sOd1TNiuHVn6a9t1pCPKarrG1OF4ses2hJAQwgGUgt7ootoZrjoMpXIFnicuPoNDNS7B9Mrf0LTLSXmNQyBu/Nmf/VnPdUjcGB9R74VwDocfxUFCBkHcFOr1Oo6Pj7GysjL0Ad11Xezt7WF2dpbawt4yosJHw78TBEEQRD+UUnDdWvN3rU95SpBfYSWsRstXfzrdqy1sJ57rtR5H06BrGlzH6XJvAEC9VkU+l4/7NJoI4QeMWgkLdt2G47qA60LTOHRNHzrfDPBdsrn8bNsy265DGzAXazo0mo4XBsZ4W2mPbTtNQYYBbaGnw1AqlQBMuIvKsCgF6Fe0RIXEjYtH1zWqrSaIW0ShUACAkd0bSilyb9wyooJH6bhBEARBDIPn2s3bGu/fVjVcUjGKUBAOJ9Ubk/hKrYrpmdmO9byRlHrRCAgNBIT+jon4LWSFELA6LiDVqpWuTI5OXNdtuyCtaToMw2y2yRWugGW1BKWw2KGFur3Euah9Vi4jn8+PV+A4TxZCsK0+whtl0pC4cTkE74XzlJxQuQpBXA9s28bR0RGWl5eH/h71PA97e3uYmZlBMoZNkrgZdJ5ydDo4CIIgCCIObj3k3jAG5G+0CRzDTaWFaO+cEggknuMglWrvOlKrlmEYo5WnBAdCwzDAGIcQXptjolqtoXJWhBQSXNOglIRpmkgmkjBNs2vu5HourIiQ00qlgkyffBAhRCsHpLHPIIiVMw6umzB0QEgB4Ql/nB1ih5ASJmKUDXkeyuUK7t27N7rAMYyYMUxIJL9iJSokblwe4ffCIKFiGCGDRA+CuHqc170hpaTOKbccKk0hCIIgRsFxwvkbvQUOpfx2qsEBR0oxlIvDDZWnBBN2KSW0iLLcaqUC0xpO4HAcp02A4ZoGjWvQdb3NMZFKJZFK+YKFYfn/1ms12LaNSvUEjAGmYcG0TBi6Acd2kJqa6no8z3Ui28E272+0wg3EFc55ZCmPxjVopgbA9McoRHNbv/3sYMmiVK4AAKanpy+uRCWuIKJNuDfuMJC4cbnEfS+QYEEQ1xvHcVAoFLC0tDR0foYQAvv7+8jn8+TeuOV0nmZQ6ChBEAQxCOE5kNIXBTjjfV0ZTTdC4+Diui6EELFauEolIaWAXffLYQJhxHFspCPyN2y7jlRyOv7zaJR1BNkbjLE2MaHTMSEbIoJr++6VRCKJRCKJVDoNIQSq1TIq5TJKpTKEcDG32H4Bqlat9BWDpJAQjaySgDhikFIKKtT9xRjgqAkoFs9gGAZyudxkBY64rWHDv3N+NSaqJG5cPpy3d0Tp1UklDIkdBHH9OI97Y39/H57nYXFxcdzDIm4AJHIQBEEQ/XDtUP7GgPawmqYhkUjAcWzYtgPLMge2lA0IylPAGPRQpoTtOJjKz7St69h18CHnM55od0v0cz1o3Hd2GIYJ2643yloaHWEawanZbB7ZrB9watdrXc+zWinDMrufu+d5XXN8TdNgxAiPV0rBabTrtW0/KySuQ+asXMb0tC8ITUTg6CVsDGoZCwCMXb6DI464AQDvvPMOVlZWLmhUF8dv/dZv4bd/+7cvexg93wtRrWH7rUMQxNXFdV0cHh5icXFxaAeGlBIHBwfI5/ORrcuI2w0JGwRBEMQgXCckcMScTEvpuySUir+N8KLDSYXsdoBUqxUYA8I7gdZ8R0q/9WyAaZpgMZzwftlKa1y93BJR+Ru1WhW5bK5rued5LadLA90wwGPM8YOylOZ2uh5rPletVuE4zmQFjr40WsRGLAaAS3dwxBU3iMkTvBeiEvEVFJjfJ/biB0YQxNgI3BvLy8tDb7u/vw/XdSl7g4gFuTkIgiCIMH572Hj5GwHhSbhhxJuA++UpssuV4AkPptldmlutVJCKcdHHtm2o0P78Nqw81vMIgj0BoO64MKxk7I4qgIJt1wG0CxyBuBEuS+mVuxFF8Nratu/iiJO9AQBnofwN4Iq1ib1sSNwgCIK4OIQQODw8xPz8/Ej5GQcHB8jlckinu2tXCaIXFEZKEARBAGjmTwB+e1gWYyLeFuI5RIvV5uOE3BuO7SAVcQ7jug60TO/wTgBQUkI2eqN7ntc8uMUtmfEzOPyWtfVqBfVqGSe6jmQqg1Q6g2SytzNWSRXpyHBdtzkOBgYFFTtDQ0gPSrWLQHFf31KphEwm0zyXvBICx3nayxK3Ayo5IYibx+HhIZRSI5X67e3twXEcbGxsTGBkxE0lcHHQ4YQgCIJw7ZB7I8ZEXAjRNm91HAeaNtjFIQOBoyNTwnFtzCTbXai1WjWWc0E0glHDbgmAxS6Zabol6n7IaSKRaGZgvDg+hOcKmJaFXD7f1cK2Wqt0CSBCeFBAo80rQzKVghDxu8zIjhKeuMKIUgpnpTLW1taayy4/8OIKoes6/uAP/gBf/vKXL3soBEEQN5rAvTE3NzdSfsbBwQGy2SwyA65wEEQnwXkoiRwEQRC3m3B72EEBo4A/8TZDYZmaxgeKG0qploODdQgQCl3hm9Vqpe0xehHO3DBME5rGoetarAvCQvpCjW07zVBRf3gMlmUhm8liZnoaUAp2vd61/dHh8y73rNeWAeK/lnHFDaUUvJDAoet6bPfGWakMpVSzPAUAeKlUirXxReD3Fr5cNweJHFcHKRW5ewjihlIoFCClHMm9sb+/D9u2KXuDODckchAEQdxOXKcOpfxJOeda3/awYdrLTQZvE7SgtW0HWihr0nUcWBFlILVqBdaAgFGllN+C1fKFEF3TYVlJmDGCSYGQowS+CNHLMSKEh2RHC1vHsSPFBxnKJuExhY3W4wgo+IILR3xhBADOSmdgjLUJHPqjR48wNzeH1dXVIYJFuhnXRNR/ow33ooybQOSgNrGXS/Clc/79UHkLQVwlpJQ4PDzE7OzsSPkZBwcHmJqawtTU1ARGR9xkglOVcOAoZXIQBEHcPsLdU+LmVjTdGI0DR5yJfFAKwuB3iDQMHWAMjusgO5VDoHko+K4Mz3UHzlvCQafhlrNxCW/fT0yQUnZ1eKlVKzANs2s9xRgsywRjLFbHlDDNFroAtJjBogFnJb89bFjH4Kurqzg6OsJ7772Hk5OToXY4DjqFkct2cATEcXK88847+OpXvwo71D+ZGB+d7wVycxDEzaBQKEAIMVLnlIODA9TrdczPz09gZMRtIXw46RQ6CIIgiJuPWw8FjMYUOAL3RiJhQdc1aJyDMTR/em3DGINuGEimEjAtE5ZlIpm0kE6noGkMnDNwxuA6dVhWd1cVxljbT7BPf7/DCQJS+c/BcVzwzpKZEJ7wYEaMpVKpNC/uM8ag6Rp0Q0ciYcE0TSQSCXDOoGkcvPH69CMQjYLOKcF4GGN+Bxat948QAgzA4uJC299BX19fx8zMDDY3N/Hs2TOcnJxgbW0tVu3PJBBSIt5bbPLEcXIEIgc5OcaPkONxcBAEcXVQSuHw8BAzMzMjOTAODg6QyWSQy3X3XieIYQi7OMLBo+ToIAiCuNkIz4WQDWcFi9dWFfDbvRqmCcPQYRhGlzgQlNcHF2V9Z4IvRJimjkQiAdPQwbifl6HrLfuGVIDnuUgmfFGBcV984A0ho/UYEolEAoapA2DNMpW4eJ5qtpPVuC9CSOm3sQ0f92zbRirTfZ7mOja0dBqc+9kdgSMFUO0uCs6hFOB56Np3mLB7gzfGwxuvj99JpbdCIpTE6uoyFubn2sp/dADIZDJ4/fXXsbe3h62tLbz33ntYXV29lCtk4bqmqwCJHJfHVXsvEARxfg4PD+F53kjujefPn6NWq+H+/fsTGBlBtIseBEEQxM0k3D1F02JeWm90QEmnk+Dc7/LREh4CQcN3I0jZKJHnHICC50mkkgkYhg5N97uuSMXgeRKGzsE4AAlACViWCSFkUzzQOAcLTd6lkDBMA5rmiwmBkyNu1ARjCAk0HFIqCE/Adb22uZfrOEh15G+EO7wEIoRu6NB1DX4RTruTRQjZFHx6OfHD5TJG47XRdQ2GaTRdMj2fC2dIJCwkk+0iT5unZWVlBTMzM9ja2sLOzg5OT0+xsrIyUo30qIQTVK8KJHJcDlfxvUAQxOgopVAoFDA9PY1sNjv09gcHB0in0+TeIEYmyirb6dggBwdBEMTNxgkJHLHbkULBNA2Yptmjy4cCY777XCm/S0nQ+pSxoGSDQSqFP//rR/in9w4BAG+8ModffvNlaLzh1Gisa+gazIaQEXZwhIWC1nIWq8xSKb/zS7APv9xFwmUs5OIIDobdzpZa1S9P8UtPghISDZ4Adg6KKJb81zWfTeLeWq6xnmyIMP5rFEY2hA+77sc9aJrWcK74z183dDDGIZVC1NOzOIcVPLEQXUU7iUQCDx8+RKFQwNbWFj788ENkMhk8fPhw8Ks2Aoyxtj/UVZ3Ukshx8XS+FygolCCuN0dHR3BddyT3xuHhIarVKu7duzeBkRG3lcCxET68dP5OEARB3ByUFPC8Vn5inPyNer0OwzSa5ROaxlGpeShX/P1kpxJIJfTG8UM2jyFeqPzCd3MwKAk83S5ia68IAMikDEipwKCgaTqUVFCMgXEO3hARnh9VUCzbY82qTCdNzOSTSCU0CMHAGgKL37LVQzab7S4PUQKZdLo5NsYZGADHFfiL//gUP/qwACkVvvgz67i75l+MCoQQxrrHrjwXhmFAeCIwgPj/NIQexhjef1zAX/+/W6jW3NjPrWcqyfz8PObm5rCzs4OdnR384z/+I/L5fM+Ty06hYlSuqsABtESOr33ta3j77bcj1yGRY3yM671AwghBXA0ODw+Ry+VGcmDs7+8jlUohn89PYGTEbaTfKUsgcpCLgyAI4mbhtJWnmAPnCX7JiZ8hYRh+CYXnKXz7Lz/GP/z4OSxTwydfnccvv/kyEmbLbSGV74iwbQemabZ1FjkrtQSWUsUP15RSQtM4POkHZ/pdVxiqNQ/f/qvHeO/jwrnn2lIqeEKCc4656SR+/nN38bnPrPkOi4bCwLlfMpPNZqGFTCpKKaTTybb5rca1Zv7Gs50z2I4/d9t7XoKUCpyh6faIgjG0WtQq1RBw2tf9+NkJ/um950M9z76xq4wx3LlzB6urq9jZ2cHu7i7effddfOITn5jIpJExBtf1Bq94iei6jm9+85t46623SOSYMK7rkThBEDeEo6MjOI6DBw8eDL1toVBAtVrF3bt3xz8wguhDZztZEjwIgiCuN+H8DT1GS9IgI8I0/XX9i/rAk61TnBT9TiwaZ/jlN19u2y6cZ6Fx1jlv70IpBc41AN0XeA+PKk0hZDxI7ByUIET3QU3TOMB0JBJmm5tRKoVMJgPW0QKWcxbpLHE9iYSpQdN6PXEFTQvcK35zCddxu46z9Xq7NqDrvC1QNIpYfWU451hfX8fc3Bx+8IMf4Ec/+hHu3LmD6enpOJsPhXPFBQ4AME2TRI4LwHG92IE5BEFcbQ4PD5HNZkdyYATujUkcc4jbRa+WsFGOjX6ZHCR2EARBXD+UUnCcVntY3YjuQOJ5XrNDihCicSBgjYBQ//s/PKkXERN82dYdpL3bSnjt4GJur2u6lqnhU68vwDQ4zluhsn9YQrnaKvVQHZkYjDEoAIZhNluuHp9U4Xq9O1tWay629s9QqbYEmMMXNfzDjw9wdzXXV4yYyliN0h4F5XoDD66MMfziF+7h7loe6WTv7jFDNc5NpVL47Gc/i48++gjPnj1DsVjE2tpaLPWrH53lLbbtDN3y5qIhkWOyBL2QA8jJQRDXl6OjI9i2PVJ+xvHxMSqVCjY2NiYwMoJoJ+rcKhA/OtvKEgRBENcH1651lKdEBYX6eJ4Hx3XBG/OPRMIC56xRZuIHhXqyNekXUrULHsKDlMqfzygFTW8XOKJmNSy0VClfjJFKQdc5fuHn7uMXfu58HeTOyjb+5vtb+PZfPu47Es91kUhkAACHxxX8n//hXRyd1OG4/aMDanZL0Dk+qeI/fOejvusnLB2vPpjFf/ULr/idZAKTS58pX8LU8DM/sYql+TRc1wXnWlerXmBIgQPwJ/ZvvPEGdnZ2sLW1hbOzM6ysrGBubm7YXUXCGIPtuFde4ABI5Fm2xIEAACAASURBVJgktuOSqEEQN4RCoYCpqamRHBh7e3tIpVKYmZmZwMgIop1wwGiUmwOgrisEQRDXBc+14dRrsOtVKNXuQujVHlYpBSklrITV7O4BtMpZGPPLLxynNeF3HNEoZfHXaZanNFrLhvfd61ARbgWrlIQQEp7nd2PhoTmR7OiiEvz0QymJfDaBmXyq856udT3hNbunVKouHm2eDhQ3ojg9qw9eCYD4koI5qH6ncxshcHp6hmwuB8bGIHAErK6uYnp6Gpubm9je3m4KHQMn8YyBqShLTOvkoG47yE5dXGva80Aix2SohxwckW39wCjmniCuAUdHR6jX61hfXx962xcvXqBcLo+0LUFEEZxr9BIjorqqRG1LXVcIgiCuJsJ1YNercOwapIyemHOuQe/RHjacnWEl/Hmb3+ZVB290GjkolNsm8KWyja39Ej75MAHWCNZ0GxdrOwWO3geMkIghZTP7Q/B2AUMqBeEJmJYJXfcdDFFll0opCBG0ffWFFh7jYCVlS5TJTZn4zBtLOChU2kpQoii8qLb9Pj/TKaY0nmWjciObsfDay7PQNNZT9OlHIpGA2eNveK7aklQqhddeew37+/vY3NzEWbGIldVVzM/PR6a8hktR+nVdcez4bWCuAiRyjJ9+74Hwh7x3Ki+dbRLEVeDo6AiZTAazs7NDb7u3t4dkMjnStgTRi16Oi0EOjEFdVwiCIIjLQXgunHoVjl2HENFzCM45dN2CbhjQtN5TYCll80BhNCbQQWvYYH7xZPukLZdCKoWPnx7jJ15ZAGOApvnCg6Zr0EOP1enG6IVSfjdJKVWzFWuA63oAA3RDA2N+VxfHFTgr+26TVNJAKmH4bpFGy1dd16CUQt1uz7pMWHrb8cvzXOi63hQcZvIp/Lv/8vWe7WmFkKhUXWzvn+Gb//5HzS4q87Np/Oq/fAV3lrIwTb273WwDy/BDSD1P+O1x0f94KpXCaamOpfk00ukkWI+oxvOFZzRYXl7G9PQ0nj17ht2dHRSLRaysrCCZTPZtZxO8STpFD8f14HkCut5tObmqkMgxPjxPwGl0UOkUMwYJFyRsEMTV4fj4GLVaDS+//PLglTs4OTlBqVTCnTt3JjAyghhMv6yzqFBSKlUhCIK4OKTw4Ng12LUahIh2F3DGoRsmNN2MnRkZdnBwzRcoAnEj6KDy0ZPjru0+fnqCuu018iQYDMMAY8wXTEZESgnI9t9t24bZiHIIOpj8ybffwz/++AAA8OnXl/Fvv/wqLDOY/avm2I9CLgtdY5ibTgFQvrigFOp1G1O5nB+iqnxPScLU4bqO3xK2E1PDVNrEfqEELyT42LaH+ek0ZvLJxjGx/cDoiy+AkgKuBKTwW+qqASmqnifx7kcF7B+W+3RnGZPAAfg2kVdeeQWHh4fY3NzEhx9+iMXFRSwtLQHo79iIola3MZWJtrZcVUjkGA+1UL1bHEjUIIirydHREdLp9EgZTXt7e0gkEmPLdyKIYRim7IS6rBA3jVKpdCGPMzU1dSGPQ9ws6tUynHoNnhc9X2CMQdctGIYBTY8uYeiFEH7mhZWw/P00ylI0zXdwcM7w3qMjfPz0Rde2z3aL+Psf7uELP3UHhqFDJUwIqSA8D5wxSCHAzOGm3qwjdVNK2RBP9Ea7Vn9+fXxSbXZH2dk/g5ASgC9wcK4193N00hI40ikLM7lE0+mhlILrOTCthN+tpWFk8TwXtWoNlmk2xsTAOIPGOTRdg+NK/O33d9o6yZyVbfzdP+3gV7/8WiPTxP8JtAC//EbB8wQ4577TxBWQUvptanv9faTCd//26cDXbWSBo5dgsbCwgJmZGWxtbuL58+coFotYWlpCNpuNta/gdq12/QQOgESOcVCr+V9YcUpR4t4/6roEQYzGyckJqtUqXnrppaG3PT09xdnZGbk3iIkSR4QYtE6v+0ncIK4qFyVexGHYsZAgQgBAvVrqytbwRQ0Tmm7A6NH6NQ6u1yrhMAwTnLNGzgUH5xy1usB33nmCeqMUYyafxFmpDk/4k/e3v/cM99byWF3MgDEGz/XgMj87UIjGZH6AoYM3hIOo2YrnMeiG0SyZCbCd1k5LlfYcQ6UkGNNQdzzUaq3ynZl8AumU1Qw+ZYzBMH2ni9/Bxd9BuVwBlB94yhjAOIfGNPhxiAx//8MdvPeo0DXWv/vPO/jUa0t4sJ5vLFHNAFfXdeE4LpRSMI1WOQ3jDJw33DKNrZJJfeiLBmNzcAAtcULXddy7fx/TMzPY3NzE06dPMT09jeXl5chWLuFtg9uVag3A8In7V4FhRI4//uM/hmle/Y4xF0mlWhtK3OgHiRkEcTkcHh4ilUphfn5+6G339vZgmia5N4ix0tn1ZNht+mV29CtPodIV4iI5rDzqv0Lvi6NXnlrleeTypFwk8eOW4E+QfXHBD/A0GpPy88+lhPTLJJKpBDjnsJohnkH+BvAX/+kp3n/cKk/59CcWcXhcxbsfHUIp4KBQxn/47of4H37t00iYetPtIDwJ13PBGYfoE6nJOYdh+CUx4YOVapS5sIbgArCeLW7baXVZKZXrsCwd2YwF1xOYzSdh6AyeJxvtWRVy2Rx4Y04elJZUyhVkpzIAC3JMdGiN1+Xx1gne/t6zyONbueriz//mMX7tl1/D/EyqMQ7ZLNmRUgKNIFQgyC3xXTKct57/ysIUfumLD+B5smcWSCdjFTg6yefzyOVy2N3dwdbWNk5PT7G8vIzZHu3+OnvM12o2ksnr6XCIK3K89dZb+OY3v0kiR4NazW6zBpM+QRDXj9PTU1SrVTx48GDobYvFIorFItbW1iYwMoIYvvwkjjAR7LOXEELHMmLcBO6HKvPr7oe9oKOUujEXgWr8eZv4kZSLzdskfNwshNdyIHCmIZnKjG/fwg/jNAwDuq6BMdUoT/FLPP7677fwnb950lx/fiaFn/30Ko5OavA80RQ+fvhBAX/wf/0A/+ZfPMTKgu/k0LjwAzEZQ1RrViAQbDjQcGaEP59KSSgFmEAjsNMXAThn8ET3/hzHQzppQNMYONeb4/3vf/UnUSzVYTsSc9MJAA1RxdTBNAaN62AcUPCzRqQQSCRMWJYJrmmhUh2O7/9wD//+Ox81cz10jWNjNYtU0sC7Hx1BKYUffnCIcsXBf/1Lr+DhvdmmoYGxVrkLAHDGGnknWsPFwRolOMBPfXIZn3l9qXkgjfPdNVGBI2B1dQ3T076bY3d3pyl0JJOJrjKXsJOjUq1dW4EDiCdyvP322yRyhPCdOz5Rb17fsuSfRd6UAzNB3DQC98bCwsLQ2wbujVGcHwQxLJ3tXsOM4rjo5fiICiUliDh0lnHUuD+RV0w1z4mGybgLu6Unsf5VIHiNAN/1ERY8Akj4uJ60CRw9qgJGQSkFKSSshAVN02DoBgxTh6ZpqNkCf/43j/AX//EZHNd3G5iGhl/64n2sr+SwtpTFVMbCydmPcFAoAwD+6b3nODyq4l/+8wf47BvL0DkDj9E8g7GWcNHm4IhwDAKA6wocHlea+RsA4LgC2wclTOeSzdcoaBubtHQYehqekNAbwalcYwA4uKYhKAwJupkoIZHNTsEwjGaL3NOzOt75/7bx3b992uyaAgCffWMZn/+ZO0gldHiebAo+T7ZP8X/8yQ/xr/75A3zmjWWkEnqjxMYfW5Ar4j/viOcO37kS/J0YG3zRgFXrMb0eEUR9oYaXBbeDuhrAP/Hd2tqE47hYmJ/H0vJSsx4nsMMEtxkD7m2sjDq8K4PjOH1FDgD40pe+RCIHgKebe40TwaAGK3ybdQkcwQG383ZAL5GEIIjJUCwW8eTJE9y/fx+Li90nlf04OzvDj3/8Y6ytrZHAQYyVXh1PwgzK2jjvOlSqQvSjVx5FlEMjfAVzVAHivMLFdRQ+AqIED4BEj+tAtXSKes0XESwrCdNKjm3fGmcwLBOmaTTawzI82jzGd7/3DD/84LC5HmPAv/7Sy/hXb77U+BwwMAZ88OQYf/inP8bhcaW5rqFzfPLVBfzUJ5fx2TeWIRUgPIn/7X//O2zuFQEA6ys5/K//089C13yxUtM4Pnr2IlaYplJ+q9aPn71otq3VOMPDezPQdd7xvQH4ORit7YN5VsD/+GufQjLRah0rlfQDUiWwtVfEjz46xA/eO8TOwVnbPj73mTv4b778KtJJA4DC0UkNf/in7+K9R0fN9ThjuHsnj0+/voiffHURC3NpIKQR+Pti2C9U8P/8+QcDn3s/LsTBAbScGfPz88jn89je3sbBwQFOmyGk/pdK+EtbSolyuYrMNQwbDUNOjniUy1VIqZpiBkCtYQniunF4eIhEIjG0uAH47g1d1yl7g7hyhEtQwss61wmIEjOoywoRpl/AZtiBwCKiBseRU3bec6dhtr9q5TDh1xdoCR6dfxMSPK4eIhQCyqPalp4Dxnnz08Y5w6PNE/zJtz/A9n5rMs8Z8POfu4svf/FBU1zwu5wovHp/Fl/7ldfxJ99+H7sH/nvJ9SSOT2rITSWGGkul6mBr7wynZ/Whn4eQqi0nJA4aZ5ifTcN2PCQTfqin60l88PgIB0cVfPDoCE+3T1EJhZQCQG4qgZ/7qTX84hfuI2FqTbFibjqJX/+3P4E//c5H+M/v7sN2BKRSeLJ1gieN3I6X707jwcY0FmbTeP3l+ea2tbqLveflto4vw3IugSOqk0qcdrC6ruPu3buYnp7G5uYmnj17ilwuj+XlZei6FrJ4MpRugMABtESOr3zlK3jnnXci17ntIkepXO04aJ9vf+TeIIiLpVgsolwu4969e0NvWyqVcHJygrW1NfqcEteefpkc4ftJ5Lg99BM0quyg5/dep1PiopwT4xQlrvp3Ogke1wchJlOiAgRuCAFd+l1EOGcollqtaLMZC7/w+bt482fvNlwNfuilEH7LU6V8keN//nefxne/9wzf/8EupFKYn0lhYzU31Pf9VNrCVNpE8azeJ5J0fGgaw3Q2AcNovaa7B2f48795gqc7p/C89tYvusbx+sM5/IvP38f9O3noGm9WXwTkswn8d7/yBn7itQW8/b2neLR50nwNTs/q+P4P9/HuRwXcvzONlYUM8llfBEomdGTSBo5ORn8+F+bg6IQxhlwuh09+8pPY3dnB1vY2isUilpeXMTMz0/wCr9ZsuK4Hw7i0oY4N0zTxrW99C1/72tfwV3/1V5HrvP322/jGN76Br3/96xc7uEvGdT1Ua3ZkmUlAuDyFIIirR6FQgGVZWFpaGnrb/f19cm8QF8qgkpV+2wy7fpx9kdhxs4jr0ACiXRrN+zqC9S5KLLjqosQkIcHjahLuoALGxu7gkErCs6XfKcTQcf9OHv/sZ9fxw/cOMZUx8YtfvI9X7s1CSj9aQQi/I4jj+G1Zg24gC7MpfO3fvI6f/sllnJVsrCxOQeO9okWjWV3K4ld+8SE8T8bK2OkUQIeFcwZd40glDH8/ANaWc5jKmE1xg3OGmVwSD+/N4NNvLOHV+7MwdD8ItFb3cHhcwVnFF4RyGQurS1lwzvCp1xbx8N4s/vHHB/jxRwU83SnipFhrbre6lEE+m2y0s2WYzafwS1+877feHTFJY6KqQSsplfVUoAFgZXUV0zPT2Nraxu7uDk5OTrC0tIhEwq+rKp6VMTeb736Aa4hlWfjDP/xDfPWrX410crz55pv4zd/8zUsY2eVSPCs3b3daL6MO6J3L+gkjBEFMnlKphFKphI2NjaG3LZfLOD4+xsrKCn2GiQthVDEhcF3E3T7s0hjk5iCuN6M6NOJw1Uo8bhskeFwNhOc0b2tsvOIGAHiuByGEHzJqeuCc4xd+7j4+84klzM2kYOi80aZUNTueMAYYhg7bduC5ApwHORoaXt6YaXzvK0jV6NA84GOsGm1TTZ3hEw/mujIyhiGuIB9kYAZtZ6Xyh8mZwi9+/j6EUMhNWXiwPo2H92Ywk0828zWl9F8LISW++72n+NEHhxBS4c2f3cDqUra574Sp4ec+u4bPfWYNz48r+PjpC2zuFpGwdHzuM3f8LjFSQTEFQ2f41GvdF8r89rIKut6SL4RUcBwB1xOhzE82WOCo1WpIJscT4NKvfCWRSOLll1/GUSGP7Z0dPHr0GHNzs1hcXMJZqYKZ6VyjLc71x7IsfOtb3+oSOd5880380R/9USPY5vYgpcJZqdIRFBrvA00HfIK4GhweHsI0TaysDB8Mvb+/D03TRuq6QhAXxbCOi16ZG73yOahk5frRS9QYxqHRi/CFwat+rnPbBJg4ggeJHeOnLX9jzOUpgF+eAgCu68LzjEY3FR3LC5k2Ydv/TAJAS+QQnoQjfJFDCgVNl347VcbgCQHDTMQQs1Wz7EVKAcPQwRhvtqkdHn+y33eNRlmOAkOjP6y/FfNf77trOfwvX/tMU6hRSsHzRLMrC2OApnEoBTzZOkXN9v9G23vF5jFNSgnX9RqvFcPCTApLc2l84afXm/sVQkAI2QxC7cxiZAxwHBe6rjeflVIKti1QLNdRKtuNdrn+tn0FDqUUPvzwQzDGsLGxgXy+20Uxag5HsF74sQBgdm4O09PT2Nrexv7+Pk5Pi1haXEQxN4Xp6ezAfV4XOkWO2ypuAECxWGr70I+jPIXyNwji4iiXyzg7O8P6+vrQ21YqFRwdHWF5eZk+o8S1YFC+Rq9tOrePgkSOq0+UqHFeh0YU1+n7MMqpfd04j0gTJXiQ2DF+pAgHjPKx7980TdTrdSil4LoedN0AYwJBlxRN4yiW6vjgyQugkdGh6xo+9dpCI0NShxACniegCdGY+Ct4UkI3EgDrLzcEoaV23YZUftMFy9JRqTn4hx8f9NnSDzkdlqm0heX5DOZnEmDQIIKOrwwQrgPhuWDMD171hGg4KPxw18C9oesaBmlNnifgOA6EkDB0DaZp+g0lOGuOXHjCfwzRnvWh6RoMXQPTOEzTgFQMP3j/OZ5snWDveQnPj6sole1mu9rgc9xX4Nja2kK9Xodpmnj//fextLSEjY2NsbypOkWQtnIDzrGxvo58Po+trU1sbW+hWqvi85/76XM/7lUiEDl+//d/H7/zO79z2cO5NEYpTyEI4upwenoKzjm5N4hry7CiwqCOKaM83nmEjabrUfneYsZ4+/EzsBOrxhUuMEjVuiJHx9X+dIoaozg0BgkA110guK7jDog7/jh/p873B0JvHxI7RsdzJxcwCqD5HWmZBlzXg2UpuI2yE63xeFv7Jfzff/YBShUH2YyFf/3zL/sbM0AI34ERuBaEYKjVbSRTqS5hO5NuNZMIL1dKwfW80PuL4UWxjr/9/g62Gm1lxwEDsLI4hf/2V97AAkv6S4JjkAIcx4HGmO/uUArCE+Aab4zXHxvncd1lvlijlALjHFIpKCnAZEvxkU17TFCK4rtjNI1D0zUwzvH+oyP85d89w/uPjuE1hBC9MSbOg29h//89BY6zszPs7e1hYWEBq6ur2N/fx8HBAU5OTrC6uhq7BWBnDkecEBTGGBSA7NQUXv/E69jb38fOzjY+/OgxXnn4INbjXhcsy7rV4sbJyRmEbA/OilOe0r4+5W8QxGVSLBYxMzMz9GewWq2iUChgaWlpIldjCOIiGDVDY5Bbo9/9rcBJIDgR1BtWaaUkNK6Ba6x58qeUgicUpBAN+zGH64lGBwC/rnlgcfgtIyxqXFSGxk0+j7kpQtooAlVY8KhVnjdLWkjsGA5PtDI4OB9/jKQQovmlyxiD47rQNR0Ab7oUimd2s7NKq4VrY24Lf2KulD/5lhKo16rITc+0+St0neHVl2abbVBffTALXfO3850REpZlInCOKAXUbQ/jRAE4KJShZNDmtjH/ajwdztCsKgiEieZ5WsO90pqLRVduSKHAuO+20TSt8cMjBWGNs0Z+idYUVXRNg65r4JzjO997iu+88xRn5VZXG8YY5mZSmMklkE4Z0BulPFKq3gLH5uZmWz318vIystksnj9/jidPnuD4+BgbGxtIp9MjvbDhwQVEBZIqpbC8tIR8Po/9/T3cv7dxIzqqEL5Cd1JsvyrSKziUuqcQxNWkXq/DcRxks8OXEO7v74NzTu4N4lpy3nKSXhkdnfdHOUR0jYNxwNA16LoO3jxEsg7xI9gHg64xoNnKj8EwuB/qpgDXE/C8Ru33La6RCUSNGn/eSAT0GTVDY5gLMDdh8t8Pen4tAsGsVvGFj6RcJLFjAH4IZVC+wCZyUcQTovmFK4SAqNWgaTqSSQu6MdgxonENQon29wJj0HWj4aJjTS35n/3MBj7/U35Zr2lwcM7geQ33Qts8GMimTfwXn1mF7Xjn/hx9+PgYT7ZP25YFj9M8jjCFVCoJxoLXuPuY0D4O1uwgE6Zme8ikjP+fvTd/kuS4rzw/7h5HZp1ZZ19V3ehuNE6SACiIBEWQlEhJHI000tw2pjHbtTXtL/sXzU+7v+2O2e7Y2kqa0cERCYniIYIYkgCIu7vRZx3dVVlHnpER7r4/xJGRWZlVWUcfaMQz666qzIhIj8jMcPfn770vruvk5u77mnSSjA+BNRapJEoqPrm5xfd+eJ1aIya4xkoOLz6zwCsvnubKU7NMjHl7cjoHMgV37tyhXq9z8eLFnhMYHx/n0qVLbG5usrq6yjvvvMPS0hLLy8uHzuEYpOQYpPJIfy+XSjz11FPc36hy9kwxGH4SsFndwZhYttSvyBg2KBglbKvI3yhQ4OGhXo8tZoclOFqtFvfu3ePUqVOZ9LNAgYeJflLhKIRFus9ROIH86+23f/e5ONDNUQ6OI5EyJjq0jtiu1ajX6rRaLUKtMWGACdtEnYBYHqxQXgnp+kjHw1OK8YkJJiYnmJycRAiVrJ5BGGq0Mccibz5LGEZqHBWfdatJgQeP/s9GS65nZAfA4vjTD7tJjz10lLOnnEB52EGKIiEEwlqCoKsUKZclWutY/aYUg7Mu0qoqqmf+G0Yhk1NTOftEXKEk7AS4jotKJ+XWoiNDFEWEnTArQxtFcTDnzHSJP/jWKJ+J/W/ajVZEEOiBBEfSjPhv4MNPqzRb6TXfP+OjHWjW7tez0q8At1Z2+bsfX+fcqSlG5aKWz0yzODeGlBaDiUkLAW9/sJ6RGwDfef0iv/f1S3ieykJRTR+/sofgaDab3L59m9nZ2YGhogBzc3PMzMxw9+5d7ty5w+bmJsvLy8zOzg7cfpBNZaQ6vUJkKanpcbSxdMIIr1BxfKYRBB22d+o9DGz/itN+KOwpBQo8HqjVapRKpUNX21pdXQUo1BsFPrPoV1jkHzvp/aWIVywdJXAcgbWadrNN2AloNutsbW2xXd2iXq8ThBGm00IHTcJOA2sEQrn4pTLSK6M8H99xmZ6pMDM7w0xlBs8v4fllymNlhIhX0LTp+smfRNxrXI1/OeGF4GI8cnw8KXaWoyL9bBbKji7yFVSOuyhijKEdBKicdUIIge954HlxUGhCanQ6IUpJjEmLQAz+XCqlEg6g2zYhBb7vo/L3GGuJwgjVT9KkVUkS0iNodzJLR2pVGeW8UotLunictlhIwXjZYXrK3/8gicXjr964xvpGgzDU+2+fgzbdzqLRCvmHf7o18r6e5/DKC6f4D//ixa5yn5h0X1nrqv3LJYfnL8/jeypbXEgKr/RgD0tw8+ZNlFIsLS3t2xApJcvLy1QqFVZWVvjoo49YWFjg/PnzeJ6377557HcD62fB0xvezm6dhbnB5EuBzwY2qzsDFRv5v7N/iT3l89zZFSjwuKJerw8lt4fBWsv6+jqLi4s99cwLFPgs4qgZHIP2H6QicR2F6yocFZMcYafNVrXKp5/eZGv9Nq1aFW0MRuvYXmItNpH6Yi2hKGGthFYN0a4hELSEYPe+5K6USKmYnj/L6eWLPH3lCo7n4rnxwDLoxAN884SQHLVajaaIqxE8qjFFofA4GE9CVZaTQKrsKIiOfgXH8VjJNGtDG4M2BjoxmeA4Ti4rIiYgrLXIfawaQKbeUKq3XY6rYntKDsZayuVSzv7RhZSJ9cZCq9UmDKMkTPXg74DFEnZCooQIcl03s9ZJJXFd58BqJ/3I510cBa1D5Ia0O3qk7aPI9LZLgLBg+y5Rz8hybW2N7e1tlpeXR2bHJicnefbZZ1lfX+fu3btUq1XOnz/P6dOnB+ZpDHpsGNKw0VTFIZL6Ou12h0azzfhYaaQ2Fni8sFtr0Gi2e9nFRL1xGPvJIPVGYU8pUODhodVqEUXRoe0pu7u7QBGwVuDJwUlXVcnCQ6XA8xSOknQ6bTaqG1TXVti6f4/t7R0azRadjsahjcbHInFoE2qJQeArcIiIjKSpBZ7USCHRwkVGIYIILTzC+/fpBC3q1TUqi4vMLJxifnYBz5WAQ6cTYQ95To8TarVaZkE5Sp7GSaCbjVKMSUbBk1pt5igoiI5eBYdUx1sY0Uk91DjIM1aVa2PQnQ7CWpTjxP8ShUdKfAwiGja2mly9ucVsZZiKdcRJvrXMVsqYVL0kIIoiXOMRRQerKMIoIgpDOp1ORpJATAY5whm5iqw1sTXk9VeXOHd6MgtUfdCYnS7xpecXSaQsGUkvBHzty+f48PomxljCyPBfv3+VWr3Dl55bpDIVl9/tP73sExIEAbdu3WJqaor5+flDN+zUqVNMT09z9+5dPv300wNDSPvJjVFvZGkHsb1Tp+R7e9iyAo83tNZsbm4fWr2Rx+epUytQ4HHGUfM3CoKjwOOK4waHwslUVbEWHCXwPYXrSBr1GtXN+9y+e4v7t29Q39nCWIkWcdI+CCwCg8TioolXCiMjcUSEsIKO9VAWpLBoVJz4bw1aKIJ2g832NvfXV5jfOceZVhOhDZNTFVzXQ6AIOiauDvAZ6oMzxYZ4dMQGFJaLk8SgnL7PA6y1NMXa55boiKJ8BZWjW1SMMXGVkpKfHEtmRAfEZEeUWFQEMQnievF0edDH7c23V3nz7dUjtwdgvOxwan6cP/v3L8dzHynwfQ+tTVzSewQJXdjpJLkdO9XcvAAAIABJREFUGt9TPaGf8Vx6/2OkfU9M/ii++vISr72ylNs/xmG/c4chJNOy5Sax2WBBC3jlxdO89/EG//SruwDcWdvlv/zVB3z/Jzd49uIs83NjjJVdXCURUvRWUbl16xZaa86dO3eohufh+z6XLl2iWq2yurrKu+++y7lz51heXh66z0FlY4epOKy1bO/UmJudPnJ7Czx83N/YHlAW9mD1xlHDRQsUKPDgUKvVGBsbw/cP8HT2YWdnh4mJieI7W+CxxFEUGOl+o4SGDkM3k8PieR6eKxHEq3jXP/mIm9c+plXfJoo6WBw6cgzHBjgECCwOAQaXQIzhqDZWhzS1oiw1Sik8VULZFoIA3zZoaYUBxkQTIWx2zOr9DVo7W6zevM0LL73C8oWL+L6HVJogiIgGpOU/bjgJxcZxlQKHraJS4HD4vF3T/Pl+3hQdcfnU+L4jxNEqqGitCcOwx6HgOA6e52NsHOipI72H7AgjjROGeJ478L5e3W4e/oT2HANKvpNkSnRfJFYshLh9Npc952Y0xhiCdqy2yJ/joZSExNaYUsnvucYml+AZl4eVB37/4n0sxhxCuZYQHGGkMdogpKETWnzf5Y9/7wrjYy4/f2eV3XpAEMbBpmv36wMP5QBsbm6ysbHBuXPnKJWObvtIVRlpQOnq6ip3795lY2OD8+fPMzc3t2/Y6MhyNBt7jZqtAL/eYmLicOF2BR4Ndnbq1OrNPSqNFIdRb4w6aPi8dYAFCjxM1Ot1FhYWDrWP1pparcaZM2ceUKsKFBgdJ6HYOOnjKanwXEkUdtiubnD3xjXWV+5Q292howXSSCQal4BIazQSX2lCLTBYHBWgbATC4ksD0sUgcW0baSOsFQRGIYXFwSKE6dpbbIANQ1pa0ozqfPLBe7RqO5x76mn8UhnPVbFn3R60HvjwkVZDgaQM5zEUGyehDijGHwUeJKy1PdVXnmSyoyd/QxxNvaF1TALky2CnRIAUEs/1wE3IgigiTMgOKSWO42QqiDOnJnj20iw7tQ5BZ/QAzv1QmfR5ankaKQWJe4ZOECKkQI5wHzGphUWIA3PNJsY8VKJymKmUe+5T1kK9VkcKmYWdQmxbiSKN48ZhrP25Iv2wtqu4iSKN4zgjEhzx51prjdYGpSS1RoPJyQlmpyf593/4Aq9+6Sw/fus2n97ZplbvYK2lE2qMsd0+yYJjjOHmzZuMjY2daJq9lJJz585ltpVPPv6Y6vw8y8vLe1b7DqviyO+ztVPD892iqspjjiDocG9jawipcXz1RoECBR4uGo0GWusj21MmJiYeRLOeeKT3y6ELAsb2DOAeehusxdjh/fn+x036gwHPWcsDO69Bio1BpzbqeeefPmyTHUfiuwolBZtbm9y5cY2rH/yKKDRo4RLh4gkNRGACjFWxNcU6aOJFI582ILFCUpKaEBeDQJkAISwaiCx4UuCItACg6NnGGuh0Oty9c4dWowbK4ey5ZcYnpyl5iqCjH5s8jjyx0ZLxZO8o5MZxFRefx2yIzwqeRDtL78TUPtGqjt78jaMTHAjRo9BQA7I8lFQoT+F68T7WRl3rhLFcXp7hz/79y0dqw36I38/4HmKNxfVcokgPbGM/Ip2rMDNE3ZJmKF0+P8Nv/cYyWhvOnppgYXYs26bdbtPuhLitds++nU5s2/F9D8d18fbnN9A6IggCgqCDFFAqHU2IEEYh6/fuUy6XMTbuqy4uVbi0XKHZjtjeabG+2WBjq8VOrU3YiZUmUgqcW7duEQQBzzzzzJFevB/9qoyJiQmeffZZ7t27x907d6hWqywtLXH27NlDqTig7waVMB7WWjarO5w5NXci7S/wYLB+bxPYq9IY9NhR1BtFuGiBAg8Xx8nfEEI8EoIjm6A+wNeIBxH2gUz+hIgXD5SSSLG3bJy1SZk2rUfy7B61DSppgxjaBoPW5lBtkFKgpEzkr3vfIWNssgJnH4ly4KDzNtZidJzKH0tyu/uN+llwHYXnxeRGFEXcuvYxn37yHjqKCEUZg6RkmyAs2kgaWuFLg6MUHVHGEW0cGyCAjogVGR5NHAKiZPuy1LjKMC40kSgRDt1G49sGoShT3W3x3ls/wXO+wcTUdDxBEBFB8Girq+xRbBzDSgLHHzMUY47HF0/6e5NXxj+JREdvBZXDExxaayxxnoYUEmPNSBXclFJobbNsC6ViImFibP8ZvjFxudf+UrCxRWa4vSaKNFEYJcSKwXEOPtd4W0sQdBAMKaGbllO1ltML4/zHP3kR6H4vTKLIa7db+AMEA2koK8OO34fU0uL7HkE7yMrWHhbV6ha7OzVc18eYdAwXEx1l36G8OMmZxcmBCxLO6uoqp06dGhoGelJYWFhgenqaO3fucOvWLba2tlheXs6+fAepOJKNegam6Zc5ijSb1Z0ij+Mxxdr6JkEnGkJo7L9vod4oUODxRK1WY3x8HNc9gMrvQ5q/8bChpEA58eTxQd5TjIlXeaIDSIaDlBjG2D39oRACR0kcJyECenvEONxSG7Ay8Syf/OwzJVj2bwNgwZjR5LtCxOSG46QEQt8GKXEDWDT2ELPq+FiD+5r9Pgb559L3Kj1vJQX9OhNjLVoYbATWxufdzdSg5+9BkFLguQopoL67zc1Pr3N/7S5BEKFFGYHFJUQIQ0dLtJX40uAKg7QWCIi0QaPwVSzF1lg8CRoPKwW+DUG6RIiYDCEispKWVnhSozD4kr5tQqyOCHSHWzeug3R46vIVXEdijEPQGb0M4EnhpBQbKYoxxucbT4rypn8e9SQRHUdVcERRV32R7e8ofKc0Uv/UbreI+w+LjuLQ0Xjyvv9npdPpUCqP9dQqjaKIdquJ5w3PLLPW0m616XRCpJJ43igER5TuDDmiK39MrXVWPlZJEashhciyPUxCgDQadcZKY33HjwkUv+QnffXBbUpfP2gHSCmPXNa3urWD63l4fimX35jEaucWEbB73xHH9/0T90L3qzLSxzzP49KlS2xtbbGyssL777/PmTOnWV4+v2fbYRgUOArQbAU4uw2mpx4sUVPgcNis7uzJ3YBea0qh3ihQ4LMFay31ev1QfYcQ8cBganKCublZSn6XGEkVDzpJNz9oXh53svGEcxDx3X8sIQRSxaU2lRrN03pUxOSGwVqJtYNl/PspMbIk8wEqCClEonSIQ9asNdnKiuu68bkj49Uj063mkalWjnHeaZ/ebUNMcIDJSti5rouxFmUlRh5CvSFAqoRAUKJH9pAfTxgpEKYr490PQqRtTcLQBu02gEjpea7vb6VkfN5KgDFEWiOFQDkOwgBWoKXAmN7U+4OrqlikkLiupNVusblxn+sff0C7vgOARlFyBWVX4PvTtK0i0hbHtrE6DmMzOkQb0CZlU+LKKUiLTaqs+MoQJdVWQKCkQQiFdcbxXSi5Atd1CUWJSFtse4cobKF1hLaK9dVVhHSYW1xkfGISx5FEkcjIpweNk1JsFCiQR54YeBI+U/3n8CQQHZHuVlAZZYKdIs5y6OZTQKxAiAnr/RUcWkeZEiEN77QWRLuz324ANJtN/HaHykzXXVDdrBKFHcql4aSwMTZWUZT8jJjgAFJBKZWRF/Fp9r7/2XFCESsphKAdBIyNT5DyDtbGZWbDTgh9UZy96o3R4iCy9giBc0RLURhF7NZqXLx4MWtjagFNxzPZmYq93blz9uzZh/6FnpmZYXp6mtWVFVZWVqlWt1haOsfcXFyett+ysq+VJWdV2dmto6QsQkcfE+zs1tms7gwkMfIY5nkt1BsFCjyeqNfrWGsPZU8RQhCFHebmKlSmJ5F5maZNJJ0aImvR+zAcgngFwnEUjhLdyWv+WNYiorj6vNYmmex2bRA7WxuEYTjkFY4OpRQzcwtYK9HSIsxesh/6lBh77nMxQSOTMUWqxMg69ORfo77Lz/7xDa5/8iEAX/n6t3jp1dfi6WvS8aeqg5NQrcTkCfFKSULKbFfv87Mf/QO3b1wD4LVvfpsvvPybCHH48iMip7J49xdv8v47vwTg4tPP8vKrX8XxShlZMwqklAmhJTNZ6768yD7Ppw+n5721cY9//MH3uLd6F9fzeO0bv8OzL768h2zL8TQHqjdcRwKCjep9VtfuEDS20SZECItvG0xNnWX+9BLnls4hpKIdtKhub9Cut2nVGzRr29hWDR2249KGSmerWg5Bcoq293e3jD82RWlyhvK4z+TUBHMzCwghaTQarNy5w/a9OzTqNTpyDMKA3e37XL9xjQsXLjE9NYNS4siZK6MiT2xAPGF7lCVfCzyZeNLHm59VosMagzXdCiriEGoAnfga0tyNURUI0J2k5yuTjPoZGRsbo7oVW/NL5TFazQb12g4zldn926sjEIIg6OD7HlEUEUURQkiUo3AcByl6zz9f4WSYfcQYiw0jtI772t3dXSamZnrI6WajjpMjMNJQ1jx5MoqtJ6voEnTAWtQI+wzC9nZM8PcH2ds04DpbBGFg3+1UKpUjvfBRkCcppJScPXeO6UqFu3fvcvXqtYToWOqp5NJfdQW6Ko7uRt0bU3V7F6kkY+XDlS0scLKoN5qs36sOVmj0qTcgR3Ik6o1BCo1R1RsFChR4sGg0GsDo+RvZArrVTE6M43m9HV7KyhubDF72k44mAxyZKDj6rW7WgjAWkxAM2XMZ6w8fvvcuP3nje3Q6wcjnfBCmpmf4rd/+XWbmFkHYfadfqQoiJVzy/mInp8SQpjewMo+w0+Hqh++xtnoHhODu7Vu89OprPZ2jkgmRogRCHm9KaGyag9EdTLXbbT7+4F22Nu+DENxbXYFXDnfcTGkhUhIs5IN3f8VH770NwM7WFk8/+zwzc6VkOzFQJTromOqEzh3icUeqymg1m1z76H1qu9sgBE8/+yLPvniQaLmX8MhDKYVSgrDTprq6wr2VFVrGQRqDsJrAKC7ML7J84QIzs7NIKYmiiOlKhSiMiDohYaeNDgN0FBKFYWKRit+rMNJgLY7r4Kh4kOw4Lsp1cdwSjlfCcRWe71EujSGEYHxiAikkYWOLZm0blwBhQ5qNJjdv3GFmep7pyQqe62BMRKQfDMExyI7yqPGkWBoKfD6REh2L408/6qaMBK2Plr+RKg/yoaKjTNABTKKODIJOduMeJXsij9mZOZrNJo16DcdxDyQ34vbFrxFFEUHQwRhNs9VibnaWKDREYRirPx0HR8WVSUbNx7DWYrVNLCdiT19Ur9fxctcqb2vxk7Kxo1hN8nYiNWr1lAHY2t5hcnLywAiNYUOBB1Z65KABSIrx8XGuXLnCxsZ97ty5m4WQptLnYRdmWFUVgI3NbRbnZyiVvIH7FniwaDbbrKxuDFRsHGhNyeGoX4pi0FGgwINFp9OhVCodqsMXidLO8zx+/au3uH3jOu12m+nKDL/1re/g+eWc8mB4p5U+n050763d5e23fsbuzjZz8wu89OprVObmB4ZwpvvXdrap1XaOcupDcf/eKrvb2wdul1diSCEI2i2+/9d/zv31VUrlcZ5+9nle/do3EKKrxBjWk+7uJudgLc1Gby14IWJ7huohgo4WfiqEQNq4+oYxvRe1nmtD7Fc+zHFJBk0JCSFgq7rBrU+vZtusr97h3toKs/OLccm8xKKjzT6V10ivb6yOaDXq3Ll1g0bfNRoVc/OLnDv/FCJZOTPW0GjUsvNuNRsD9+vP4BgEJQWuozAmYmdri63769S3NtGinIThaSILE5OTzM7NUi6PZX3coFVYozWdTkAYRvHqJfH3Nf3uua6D57qxD3yfhimlMMawUiqBMGAChIAwCGis32OrWmVubo7JyUlUJNEDMmOOg6MQGw+LeCjGGAU+i3aW/jbfa8T32ced6OjJ3zgEwZGvLOJ6XmxNHfE965mkKzU8vPMAjI2NHbxRDiKxKrquizaGem2X8bEJXL/rTAiDFqbTIaST3afzKpODEHQ6jA0gDTpBi/Fyl4TJKzdgNHLIWtvdz1rcI6o3wjDssaccBQ+9tmqe+MgrM+bnF5iejtUct2/folqtcv78MhMTk0P3T/8G9sg67m9uszBXKUiOh4xms83K2v2hyo08BnYOhXqjQIHHHp1O59DholEUYbRGCMF2dZM3f/IPYC0TE1O8+NKXWTjV7cDFUD/BXqPl3Vs3+PlP/oEoChmfmOLysy9QSeyOwzC/eIrnv/hlovBgL+1+2KpusnFvNfv7KPU9wk7Ap598xOZGPIlzPZdXv/aNY7Urj3RM9+Gvf8WH773TJSRGhOt5nDp9lt/+/T/MjnXcO29KcqcETGYlAX755k97yBprDb/42U+4/MzzOK6PVQJQCG3QScbKwIl1KtdB8PEHv+aNv/2v7O5sHam9S+cv8ad/9r/hlQ43WO2eQ3dcnSfvRELASAn1WpNr126wu7OLEHEFEwQgLeNCI0xEFEZwgANXKoVfKuP5+QyQ3om/OMRAH8gqtuSrq9y7ewvfK/Hc88/iKInW5kRUHEdVbDzoCedncUJb4MHhs/pZGPQ5ftyJDh11++lRCQ5r41DQFEo5h8re6rFlKHUkcuO4UFISac2ZpdMZcaB1hLFQ3dxgfn7+0NVNADqdgJnZ3jFS0G73XNu8cqN7/P0pA2MNJlF4BkHnWOGi2zu7wF57ymHwQAmOUVUc6bau6/LUU09RqUxz9+4K77//AadPn2ZpaalrTznAqpI+YK3l3sZWoeR4iGg229xdvQcMs6UMtqZk6o09So+9pMZB+Kx2OgUKPOlIO0whEulo0jd0Op2eTjouE6qGkgWC3pDQMAyzY7fbzaHJ6OlE2FjLy7/5Nb7wyqvHWnFu1HZ5/51f8f2/+fPMH3wUWGsJc0RLmKy2nwhyk/z67g4fvPOL3Gvtw1TY7D+AzPIgpZM7bs+L7N8MkdoPyZQrmUUnzQiRgo9+/Ta/+NmP9ux/9aP3ePPHP+Trv/N7OEoihY3310n+gzFxKnzizc3bkiAevMXtGH2wZW33PW00aj0+56Mi/7bGRIfA9RyUFHTaLaprN2m0AiJKOKJNqCUGia80rXaberPFxOQkQgh2t6tc+/C9boL+CWC6Msul515EKYdIa2r1BmEYIrH40vRUV6lv3Wd3ahJjr6AcF6UlkT7eNTosuZEfDz6Ivv9BH7/Ak4nH1cJ0UHseV6Ij6lNTjLRPEs7p+x5KqUORG1rHlVeCdkCcY/XwyY24HRrP87PXdxwHay213R3KY+OxaiN3XqO202Lx/N4Yh2azjuu4BEGAVCoLN4V4kSNdnNq3vVHUM/4a1Q40CNs7o9lT9sMDV3AMIjkGqTjymJ6uZGqOtbU1Njc3WV5eZm5ujn4MIznSjunexhbzc5Uik+MBo95oZrYUGGJBGcGaMkjpkX9u0O/7PVagQIHHHLnJqBQC4ciDi2TsWYBOqmwMm4RasslvOgN23eMR33ZikvGJiVEKeux/nFwllPjvox1wDyEk9uZOhD2KFTt0Rcbo3hKzwywY6XGGISUyhOyGiIqU3BCxckFKgTWGt3/+Jj/6QTcXxfN8hJAEQWx7+ekP/w6jNb/59W9SKo9ldhVrLMbGVUsseXVEKpWwnF2+wPNffIXmvueRnI01tBoNbl7/hCjJRjlMWdrhx937txA2UT9EtFt1Grv36XRiUsPioul+HlrNFs1GM/u7Xtvlkw/eJmh3sICSNq7cg0AKjTFi6OMGgRASiQZh0UagBJxdvsBTV56LCY4wYndnNy5XKC0lNCFu1rZ2q06jtkW73WZsTCUrdXtGZCPhKMQGPNg+v1BsFDgq8guy+b8fNwxr3+NGdPRkcIw4ideHDMbM47Chmg8KrXabyb6cMyEEYSegMl3pqjqiCMNoBEcYhvj+Xhlgs9nE9zx0FHWzSxL1hqMchHOwYjctyRsE8TjjqMRQGIbs7B7PngKPwKKSYphVJf/z7NmzmZrj2rVrVKsx0eH7vTVsBpEcUspssLuxuc1sZaqorvKAsLNbZ/1eNfs7Lcs3CrmRobCmFCjwuYZA4DiwfzxnfvtDHbznHnTz+se8+8v/QXiMkNEoiqjeX+9Z6R+1LXkYYzA5giMdmGWb5T0Ne5Cza/YQxWQKiUG3SyEkX/7q13n51dcGHnV7a5Pv/9VfsL21cdDZDIUQSVlVJRNCI35Q5t4HsGzeX+dHP/ge7/zyzUwJMzY+wW989XWU4/Ler97i/r1Vmo06b3zvL/n02sd883f/gAuXnsZREittoswhIbGSLAgrMsJj6cIllp+6NHLbqxv3+Mv/8p+5ce2jI527FAJkEuq2R7WR/E4sQZYCtms1tra3MSaucmJwCcQYjmrj2AABtJtNmo36HgKsbRQGy7jUhMLHIvFo7vt4JFxc5eHaFpgos5/kEUUhtZ2dnu9Ivm0ubTqdDvfv32dxUeJ6pWTcNToZdFQ7yoMaA+THpMU4o8Bx8bh/hvLte1ytK9b2VVAZQYVnkhLx6QT9MFVXesJFeXgERxAEsRUm93qdoM3E2XM927VaTYTszotc143Lsxsz0uctCAImp6f3PB51AjxHZaqXFEqNFhKqje72TUkg61E//9Uh1VMOi4fyzh3WqpL/oo2NxSGk9+/fZ3V1lbffficLIe35ckJP6Ch0SQ5rLdXtXSKtqUxPnOSpfe6xsblNdSv2SqWe6jwGkRs9z/dVTSmsKQUKfL4QRRFv/fQfefbFL+IlpUBHgTFxovhH771z6Ndcu3uHX731U0wi71eOe6R7SJ6YgFFrxHdJX0Q8ycsrKxr1Gp2gfeiyqEBWTjYlN6QQ2WAoDykl5y9eZunCxQGTcMHs3Dw/m5w6JsEhUErgOGmZ2vjcwbK7XeXmp9e4+tEH3Lp+lZ3tzWy/2bkFvvl7/5wvvPwqQgguXH6aH/zVX3D7ZlyK9sa1j1hfucP5S09z5bkXuXDpCrPzCziJgsBagbEWo+PzirRJwuWSdiX/919WmwwiBHFFnKOuPqUWK2MtxthksD2gVHBizwFBbXeXna3t2K6kBQaLowKUjbBW0NYKP9QEnb2ljV1p0FYR4iGwKEIElvL4OAiFCLYw2qCxeDLeXtkQaS2RjtUdvjSovtK+xhhaQUCkDcYIAqNwpUaJCJcAaePyhbX6DpXZGUrlMRylCG10YJDt41gZBYpxRIHPL/rnXnnca1x9ZCSHDvMVVEabsvaHY7ZbLfxSaaTysP12mIdxT4gS1YTWGhGGWd/j+aU9hE69tktpgAJj1KyLMAwoj/XOg5vNOsp1MJaecrrW2qyqy0FIF2bSsNPjEEPV6haVSuVY9hR4hAoOONiqkn98fn6emZkKd+/c5c6dO1SrVZaXl/ekiGfKjWQlJ09y7NYaRFHE/NzDK437JGN1bYNavQn0khspSTHsC7df7saw7Q/apkCBAp9NGB3x7i/e5OP3D09UQLyiceh9ms2M3IB4Jd1xj0ZypJiuzDIzwEbZDyHoqhgQbKyvZlYIgO3qJtXNDU6dWcpICjN0kaDb3igM0VGEdBycjCTuy6TIYWJyKg5i0zbLrxACpJKUxsaPXLs+j7SKiZSClTu3uHHtE27fuM691bvUazu9ZXqFYGn5Ir/zz/6Ii1eey2whFy5e4V/8uz/ljb/9b3z0/tsYrWm1Gnz03ttc+/h9xscnmV88zfJTl7hw+QpPXboCBgw26fuTw0uBJCEgZO+1g8TiY+KHpZSEnS7p5LruAMKjj6xP3lNHycwKpY0hiuLyyHEGTN+2jgQBzUaTeq0RK1GICRqfNiAJUUQWgqBNJ2ju+RwoLFaARuHRwVUGvzTJ5PwZlOOyc88SNtqYTgjS4giBFRZJG43CICgl1yYPrSOCVo0w0kRJGxwrQHYrqkRRxG69RpgQL0oJBnAwPXhcyY0CBT7v2E/Rca9xFWstpyauPNQ25fvpkQNGk59BO8hUHHLE/KX8osXDUm/oXF5IEHSItKbZbDA5NU2n08FxnGw+1Ww2mK3MHOl1rLVIZ29f1mw0cHLkkes6uK6PsWbk65YPdD1Obkm90aDRbPLs8vKR9s/joREcBxEY+d8H/YR4dez8hQtMVyqsrq7y0Ucfsri4yNK5JYRMBxW5L2UfyQHQbAWsrm8yOzOF7x2uCkCBGO12wL37VdpBmF3rfnJD5AbYQ3M39lFtHMaaUpAeBQp8thFFIVH9gJnRA4JyHP7d//S/Mju3cKgSdNBrOZBKJrke3bDLQdtnAZsCBJbrVz/u2abdbnLj6secPrvc3daIdO49FM1Gnbu3b1Aqj8XVSZTD2Pg4/j6VPyxgrCWKYiJAKYGU9igxCkOPTxLu+u4vfs4//eMP6L8ySjmcOXeel37jK3zhlVfxS2Ox4iAhOKQUzC+e5l//6f/MR++9y9tv/RM3r39CpxMQhSE721V2tqtc+/h9nvvCK5w5u4zr+VjIyBtrbVylJbXLSEmr2a3UohwHzytlapYw7BDkSt6OT0zierkcrwFvbrvVxC+PgRXZRkJLbEJ05Mc/Nrkw8WKMJNSaIAoBi6/iBRoBdISPEZJx0YTWFp3aJvRZolIryphoIoSlNDbF4lNP89RTl3Fdjxs3J1CfXmN38152zNSu4iuNxqMjyri23XNcEwa0t9YIOmCkz3hy/HxFlTCM2K7WCIIOgnigPmyslyc2mmIN6LVVFShQ4PHBsHH1ev2Th0py5NWNUo022fY9D60UQRAT6Klt/iAYG1tbgqADxj6UcFFj4mpgqXIi/9P1y4RhhzDsIKUi7ASoI1YlAQg6AeXy3vFAq9nAT/pM6BJJI5MbWmM5mVDWzeoWUkpOnTp15GOkeKQKjv3QT3LkH5uemmJ6aoqV1VXW19eoVqucO7fE/Pz8wDyOPMkhhCAMI9bWN5mtTDE5ebSyb59XbG/XuHe/2mMrGURu7Je70R8q2v97QVgUKPD5wtT0DPOLp4+0752bn9LptA/ecAiUVIyNT+KXyseecMWqg5gkUDJWXpjcbFgKkWVSCCHYuL/O7etX9xzn/Xd/yUuvfpXR9IdrAAAgAElEQVRSeRylBNZKMPsTD7dvXuM//x//KT4nx2F+4TS/+0f/kuULB2dPWBsPtE5yQNcbtCe5dOVZPnrvbXZ2tpFCMLdwinPnn+Kpy1e4/MwLlMfGYwWDMeQdHTFBYJHS4YUvfZlnXvgCtz69xtUP3+f2jevcX18hiiI8z+fSlWfwSiV0Us1DSoGJTK8NRwisNfz4jf/OjWsf43o+zzz/BX7rt383K+fabjVp5ErVTs/OoZRC6+Q9EJBnOd79xc/Z3d1hejpWhz719DNcfub5pA8cfn3SvtOEATZsx+SKlhgEvtI4REk4qKUTWdrR3tpCsUVF0NaSsu8yMTXL+fMXqVRmcZTi/PJF2ts7tGo1orCN7zrxNehAREx2ODa2nOQRvxcRyhqslbS1wpM6q6iihMWaiKhVx0Zhol5RcdBcXxtTciNVbKTfs0cZwliEiBb4rOBRh5X2v/69xlXK5tQeBf2DQD4sdBSLSbZfLnBcjWqzyJdcHXGf4yCKop5gdKUcHNdBRxFRpAmDLsnu+mW2t6tIKWkHAa7jHLq/DoIOcwu9DoYoCjE6zs/wS3Gw92hW2y7yKhvHcXDdo4kHrLVUt7Y5derUiYxFHirBcRgVR//z0O2QUqXGmTOnqVTiais3bnzK1tZWEkLq762sQjwRzx+7ur1LOwiYnZlOvLAFhkFrzfq9KvV6MyM39qo1jhYqOizQq1BvFCjw5MPzS7z+7e/yhZdfTeSkB3+nBSQrLW3e+Nv/yls//eGRX78Tdrj64XtMTh/Puug4DuXyGJeffWHPvdBakpKoKimLGpMc7/7yLXZr28lJdeUgd27d4Bc/+zGvf/u7KCuxCqBrtxiGIEiIngBWOrdot1r775BDvgLJcZHacLJQCyznzj/FV77+27RbLaYqFU6dXaIyM8vY+AQgMhIitdT039vTvttxPC4/8zxLFy6ytbnBvbUVtjc30Ubz9LMvZOoHKQXWCqSS2KhX9RC0W1z96H3urd2Nj+m6fO1b38ksPbXaTvdaApWZ2X2L5dRq27z3q7eyv++trbB84SKOVxq6j0BkRJcJ2+igBVgMEm0FkZE4IkII0Fahk8f74UqDMIKWUYxNVphdOMPC/CK+HytS5ucW2Fw8Q313l+3NFaanJvDLY3RaZXYaAa12B2UChBh8hpIQaUXSBoUUlpLUWCvR2qLbDYwOM3tTErOSXJeY2Bik2HiUBMOJlWEuUOAhoJcsfvjj3kGv15LrNOtrD1zNcZQKKpBYTdJF2CPYUx6GekNr3UPEOK6DkgrlKTwvJnciHedzhEGLqclJgqATj306sWpOOQ7eiISC1tEeBUez2eghNEbN3MgjjE7mulW3ttFac/r00Ra7+vHQFRxHsar0b5OSHMJCuVzi6acvc//+BqurK7z77rucO3eWM2fOxgstQnQZsgEVzJqtgHawwUxlkonxosrKIOzs1tnY2IpXxQYpMvYoOYaTG4NCRfMorCkFCnz+cObcMqVyeeQKDBYQUlEem2B2fnHfbQdNlnsPZnnjb//yEK0d/kLz86f40z9bZHpmPvewRMq4ooijZGIDEXz8wbu8+aM3MlbhuRdf4s6N69Tru2ANP/n7v2Px9FmuPP9FHGQ80dV2H0WAZC65FkJKKrNz+KWT69MOc7eN1Qlx7oVIiBvX83nlK19LVBKJeiHpn7u5TZk8YggsNpH0KqWYnV9gZnY+GycopbBWo5RCWkuaLDGozKvuC6LLn+fOVjV7X6RSVGZm8zWGB7csZx1ptw9WFKV5HQBR0CbsNMFafKUJtaSZ2EAcpejIMRzRpizNwFdX0jIuNMvLS1y4/HRSYrfb955dPo/RIbtb6yxfeIoz5y/S6YR8+M7/4PatmwOrqAw6fiRKhIm9JRR+rCxq1TCZgqPbulqtNlCx8TgoNYuxQ4HPIh63z60Q4oGqOazR2X1VCMkoFVSgq0hMEQQBvr9/CHicR6XjkMxj2ixGa6PtKccqhNyjUFGOg3KcZNu4HGy+wknQjiuvjIpBFtxmoxETR+lnKyk9O2rAahzKGttTpJQjh50OwmZ1i4mJCSqVk8nJ/MxYVAaSHkIgEgvKwsI8lUqFlZUV7t5doVqtsrS0zPTUVK9yY8D4xFrLZnWHRrPFzPQkXpHNAUA76LCxuUWz0U5nCYMtJz2ExcHkRopRcjcKFCjw5CNdmTncwqrtTpSHQAiBkiqbPKd3lompSUqlMu1kld4dsYrK8OltUk5N5oh6iCuIpOGdUmTKjfvrK/zw7/6GdpLz4JfKfOXr32JufpGf/fjvicIOrVaDv/nz/4KxhudefCkZ4A0vort46gzf/ud/wukz51CJTNTzS5nt4qFDxHbETz/5kE8+eI/a7s6xDmexI1mIymNjnFla5stf+TpSgrQikRv3frj2mj26WDx9lpde/Rq3Pv2Eysw8p88tk6awDrqW05U5Lj3zHOMT8SD/wqWn8UvlzCozELnjWOJKJVqUkTbEERpfGpAuOrGQKBsNVVn4pTGm5xdZOH2GycmpPQsE4+MTzC2eZvH8JYyjCHTIzOwcC+eWaAZt7L37qCFfvk6fZSaykpZWOMrgoAGdfXGFiAfMYaRpirXHworyOLx+gQIPA49KFdWS61DjxEmOPAl9uHwsi+u6hFkFFnGg7UKnNgshkqpfD/Y6ptVa0hBU1x3ePiEEjuPiOG5Swrad5V0cilCwhnarRakcL3xoHdFsNhgfG8/u4WEUARGl8miWXa17q84cFa12m91ajaefPrlqPY+E4BhFxTHo8fxPSDqtHMnhug7nzy8zNTXF2toqH3/8MQsLCywvL/UyY0NGqe12h5XWBtNT40xPTRyLifosQ2tDdWuHanUnvtYD7CR7/zH0eeglN/ptLfmf/SjUGwUKPPkIOwGQVLcYkeQQyWJ/FA4OJxUClIy9EkIkoZ7JbeOpy8/wrd//o+R1TxYTU3GNeSklMkdIpCTL9U8+5O+/99+4e+vTbJ+XX/0aFy8/w9z8IvV6jbff+ikAW9X7/OX/83+yvrLCV1//bfxSOen3wJjeFff5U2d4+pnnQcos5DRTxJzA/XI/cmcQRPKy7/7yLd5/+xd0wkNc6/5xwCHar5TD6p1bvPTlryKVE4eLCttDPO0ZZyTZH+kgujIzx1df/xZf/PJvUt/dZjyx0UgxmC168aUv843vfDcJGU0PaTF2H9LOdickUiqEctBGYTEoNCWlCXExiH0tJEIqyhNTnLt0hcrcPL7v79nG8zymZ2ZYuvg0u7vbbG9VmZ9dZO7UGYKgTWtniygcrOCIq7ok/bSNyQxtwTUhyrFI6cafOWLfe1ts0JGdoVlbDxPp9S3GCwU+D3jYn/P8fCy1rIzZ0ydGdOSrix0mF6J/LrkfeZAin79x2LDxUZEnWvWRSsz3ETGHrPIyMTHJ+vodJicrCCGo7e4wVh6LK7VZm1WdiUPQD57/5lUoCHHs0rAAi4v7K3IPg0em4DiMVSX/+0EkhxCCSmWa6ekp1tbWWV1dZWtri6WlcyzML3RfKJHJ2tzAJ32d3VqT3VqTyvQk01PHq8P7WUN1a4fNze141W9IeOjexxjy+OHJjcKaUqDA5w8b99ZYPH0Wx3EHz6KzgMjcQ8YQRRHbW5sDjxmrN8hyDrI4CCzzi2eYXzxzsifR1+B4MUNm8+F2q8kv3/wpP3rjb2nmAiwvXLzCa9/4bQwwOV3hn/3xvwHg7f/xT2AtzUadv//eX3L7xjW+9Btf4bkXX8LzfVoD8jWkUkTaYEzcr6VlZsWA7IaHCcd19hAy+yE/sAVwDjG4zQ8UhQCJIB6vZlTTHlLMGEMnaFMei/t7x3GYrswyMTnFxMQEjUadnZ0tWs0mnu8PXPzwy3H1lzRHJC0Tq7UZONYxNi7R6zgCxyvh+yVEq05TCzpIxqXGISDKVS0ZBMctM12Z5+KFy5T2sSSNlce4eOEy7/7yLapb99idP0NlegbOalZv3qZV2xq4n6/0wKouQliUdHHLUyjHJdIh7bDVE6r7KFGEiBYo8ODR/z1rirUTU3PoXD8Q2xdHRxRF2bzjoOyOnok6D648bBRFhGGIUgpjTKbeUMoZ6V4V21Ry7TykYsJxHGYrcwSdAGMMlelK9rpBEGTX4LBkSxB0UCNWqhmGza1tFhYWBhL0R8Ujtag8SJID4PTpU0xNTbG6usqNGzcTomOZcikX/DVkWcpay/ZOjd3dOpOT40xPjT+xnaUxlq3tHba2a5hUUruPaqP3sb2kRUFuFCjwZENKmZN/jgblOISdvSvanaDN3/23P+etn/7oSG25t74y9Ln0nmOt5van1490/OPgwqUrgOCTD9/jzR/9Pdc++QCb8wafO3+R7/7Jv2V6Zh6tDUKAVyrzz/743yKl5Fdv/TTb/tonHzA9M8szz38BC/sqDI2xaGNje4x6NPdMmygUfue7f8iLX3qlp9zfMGit2bi3zs/+8Q3a7SYAUjm89s3vML+wiDfC4Ecph6nKDMpxMFpz7eMPum0iTny/ef0a7VYze3xjfY2//Yv/l8rMDGEY0m63Ehlwm/ruDs16nUh3uHTlBZ554QtUZucGnHB8zhnBRPw+GDM4HNZaizYGB4l0S0ivBO0arrRoqwjxUDZEofElqCEKjsUz5zh3/iK+XzrAriVxXcnCqTNMTE1TKpfxXI+p6QoXn3mO29c+HLifxscKgUM7s6ikFVUc10H64wjlYrGEOuz5fD9s5MeKxVihQIHhOAkCsH//TM0hYssKHI/o6LWojD5dzewfvheXTD9AkZGS72n+xklXFOtvVz+ZMooSQ+soK3t7JHtKDr63tx/V+VDWEc+9p8LNMa7X9s4unU7nxMJFUzz2GRzDfh+V5BgbK3P58iU2Nze5e3eF9977NWfOnGXp3Lk9uRyDCBdjLTu7dXZ260xOjDE5MTaS3OmzgE4nZHunxvZOLbdCOoSoGEhyDN8OTp7cKFCgwOMB3/dpNBqH2sd1HIZFL7bbTdZWmkOePcxreL0PJLegj957l+//1Z8TtNv7Zi+cFKSQ+KUy//o//i+cObfMjasfc+Paxz2Tv0tXnud3//BfcvrscrzSn9hJpAWvVOIP/uTfMTM7z1s//SG7O1tgLeMTcTlbrN13lSkOWYvtMXbEMVBqKcn/fVTYpB82RjAxVWFyqgKkFWWGX39rLbvbW9y49gk3r38MwHRlhpdffY3KzOwIAy8Buf7/1o3r/PX/938TBO2MvLc2JiDyKpF6o8a7v/o5qbfHWtv9nOTa22zUD7RQGWPR2mCszSrDDDtXY2K9g3R8lOsjRFwVRVlBBwU5u4pUHtLZW2WoNDaO45fZ3t4Zqe8UysUvj9NqtQnDOKV/YnoGt2/QK6REuWXQIVYbQPRYVOIKNQ7++ATScbPzeZQoxg4FCoyG/nnVSaDfsmKtPZaao6eCymFKxB5SjSES9YFf8jPy4KQRRRFpKdY8lOOMVP42JUeCdpDtd1LIwk59L8kKO7g9xsZh30EQL1wcr3rKFqVSifn5+YM3PgQe+Ux9mIqj/7nDkhzxhmSPz83NMT0dl5RdXV1he3ubpXPnmJ6eTjYVmbd5ULustdTqTXZrDcpln4nxMcbHhpeAe5xRqzXYqdVp1FvdL/IQImKYamPf59n/mPmf+/3ej2LwUqDA4wHf9zO55WFqnscT1Pi+eurMErXdLYSQewKIU9Rr+WBKwcTk1N6DWouxBqMNi6fPDnzdThBQ292h8wAyN4YhDDuZauFr3/w2ayt3+PTaR1Qqs7zyla/z6muvUxobT2wMNgukNEYAEuW4vP6d7/L0cy/w7i9+TrPZ4LXXfweI59wHDtxsHMs5CmIbTy8TcjwayGY2GWFAiriqio6imKwZ3uSe0LIUWsdWpOHKPsn4xASO6yehqvG4wHEcWs1mpgYZ+rpGx9cqWRVTSuE6Lq7nUSqPMTExyWRlhrNLy0xMDfgM9sFYe2BFoLhfjPNSXEfhOw5N0v5R49sGLa0yu4o7Po03Obfne7K2vs5WMxqhAk16riYpxdstYWytpbG7y2yle27KLVGaOU24sUqkdxFYOqLUY1FxXUVldgK/5JFQWinH9FBQhIcWKHB0nPT3Jn+8dG6WqjkOS3LkK6hIIRGHsKgcRY1gkwyK4ygj9kPeMuN6HtbEY5ZRyIRBFprD2lP2bVvu2MZYOp0Ab4DKI4/MKmMtcsSKK4PQCUOqW9tcuHDhSPvvh0dOcMD+JMew7YaRHJD6X5PE9dw1dxzF+fPLzFQqrKyu8MnVT5ifm2dpeanr8U2zOfbpodvtDq1WwKaUjJV9xsfKlMsn5xt6EGg0WtTqDer1ZiKFTn3pe4mH/UmOA7bNkRvDSI2jqDWKAUyBAo8PPC9WSgRBMDLBkd5RtdZ87Zvf4Utf/spQ20KzUefurZv84G/+IpOPzs4t8Pq3f58zS+eHDkD8UonpymxmEUjJ7vMXn+bLX32dzfv3Bk6gTxqeX2JufoGFxdNYGwePfveP/w2ffPBrrjz/RRZPn0lW9xPVhoxJjbjdligyWCWQVnD67BJnzi1jtEZImSkCRi2Ztx9E8toCkSkf43vtMekNC0ZbIm2QUuA4Eomg1Wzwk3/4AVc/fG9we5IJ9852N1dla/M+/9f//p/2fb1LzzzHN7/zXaYqfqaakAoWz5zlN177BtXNewS50q2O4+CXyvilEr5fxvd9HNfF9Vz8UhnP9ymVyhm54ZfHcBwnufaWO7mA2CNfI9MlQSYmJ5icnmb7viDIVS1xpcnsKmPuGL7n7ekL27VtwvbePJbDIgoaQJfgkFJR8su0lSI00DYOShlcoZHC0tGSSHpMjE/hOi6RiWiHrZHGcieJYmxQoMCDwXFsLPm5WVplBUYnOvL2B3EI9UY6XvB9DyHkSGGZpidg9OTJDWNMT+aGoxyEcxjCpqvekEpl468TQ3LP7oaMHnwNsvdHCNzjhItubQOcuD0FHhOCA0bL4+j/exDJkf1Mtx+QsTE1PcXk1CTr6/dYXV1ha3ubc+fOsriQS2/dx7aSbWIt9UaLeqOFlJJyyaNcLlHyPRznwdZQPghhFNFstmk0WjSbrWx18CBiY9jvB6k2YK8lZb+f/b8P+vugxwsUKPBokAZBtdttJiYmRtspsU00WwGTE+NMzwzIMYD4votgarrCT3/4fRr1XQBOnT3HF15+Fcd1h1emALSx2OQfQmAtVGbn+b0/+ldArOZoNRtYOyj8Mb3XHH2SNj4xhet5SCEgGVxZa1k4dZbF02ezFXObvJwUAmxMNGhtiHQcTmltXHXFSoFIFBbphFiewD2xUa8hRBzEikwaQ/yz1Wj0DDCPApNkTCC6pEyz2eTOzes9BMYoOGj7j957m9/8rW8yVQGTkBDCCFzX49t/8C+A2JoShRFhJ8ASS2qVcnBcF6VU7jNlu//nXCqRNhkhdBIwNiaArDVMTk5SmZnmrhQYBNoKjHVwhEYJQweF55UGBrCF7SaddhMlu+3WRqBErGTJn9VBj+ehlGSsXKbuOBggsuCYEKnijBCNRCqP6akKvucTRh06YTv+jIrDV905CoqxQYECDw7H/X7l1fVNsRY/OKKao7eCysHzKa01YRjGk/PkdUedh+WtdQ8ie6NffXHY6xrl+uKTVG6kcN24/GxMwIxQUtcYjE3sKdYe65ptVqvMzs4yNjZ25GMMw2NDcMADIDmG5HKkz586tRiXlF1d5datW2xtbbO8vMxYUiM4b1s56HWstTSabRrNeJXIcRQl38P3PDzfxfdGl3EfBe12QDvo0G4HNFttwk6O/dyH1Oj/Ofj3EbYpyI0CBT43SFcQ2u1hqRp7kU7odnZ28bzhqwSxB3RwkrfjulmA5lCSw5LlH0gZkwwCm5G0fqmEchyiQeqRE5iV+aUSxsRtwOZrStgk5yImLm5dv5o9MzE5ydzCKbAiO78omaTrtBJK0i4pBfIEgkM/+SBWUTiO23OfjaKQna0tms36sF1Hho3DOHpw/uJlxsb3J8WsMUTJqpVSzsDPytrd27RacQ5Mb1WUmNzSxCRRdmpC4fkKv1TqsWmASMJAY9Kp15ra/Tu2BeVUiicAk3yOp6amqFQqCCHxVYjGoyPKuLaNIsC3DcbLDuXxib0KDqMwWMalRgA6V3XFU91zGeXxPBzHZWJ6mq11DyUt40IjhMXi0pFjOKLNdMlhcWGBUqlMu9Eg1GH2/Sl67gIFCsAAomMEkqO3gsoIigKtM6VEetMf1Z4S9YSZnryCI09wHDY7Q5v4vNKsiwdR4SV//q57sN3E5FSwzjEyKXfrdVqtNhcuPHXkY+yHx4rggAdLcsQb9x53bKzMxUsX2dzcZG1tnffff4/Tp8+wvLTUPT55ZYgdqY1am0zdAfEX23Wd+F/in1KOQilJPPAVKBV7f/MfrngAZJKVPZ2wlJooiuiEIZ1OSCcI95AH2d8DSIV+kmL4cwfvMyhvY7+f/b8P+vugxwsUKPBoIYTA9/0DCQ6RuARF8kvJ92k2GkSRxnWHfL9TacMAFUV6D4b9wyrTW0cctmky3kJKiQTWV+/w4zf+juAEpP0ppiuzvPjSK1x+9sX4nm16cxhEotZQKk5p//Wv3uLdX/wcv1Ti+S++wu//0b8ikVJkFTjAYEx875V96jkAz/NpNmqHbqvWEe/+8s0kWDNB0ldmv58EEn4jtY2cOnOW7/zBnxxLHWKMZnd3hx/+97/mo/ffTprbS0poY8F0FzWkFHHZXiG4v77Gx++/Q213l8rsHC+/+hqeX8JaS5R7z1JyJv3sxP37yfZJ1kIY6TiDozTO1OwZalv3k89lQKQNEQpfacbKJSYmxrJzmq7M8spXv0kQaawVuNIgEGhrCa3EEZa8CnqUx6cmJzNi0XEcpqenWPdcrBEERuFKjRIal4Cx8QkmK/O4jksnahNEo5OdBQoUeLIwip0lfb7JGs36Gqcmrgzd9rAVVNIciW6I52hhmenrBEEnHh+cMMFhTBw4nZWEPYTdBnL2Gbt/sPhx0EPwjFAiNgyjrE1xqLY+kopjq7qFUuqB2FPgMSQ44PgkxyAMy+VI95mbm2NmZpaVlRXW1lazENKZmZnetuSIkj1EypA2pb9HkSaKNC16g+7SbeIA1DWUkpw+dZrZ2dk95z8IPV/IIUTCQcRDP7Gx97Ehqo1kh1EJjYLcKFDgyYDneSMQHAIpUrIUSiWP8bESQtihUv/8ak8/bHIPFwIOHod0j2+NxZDSB4I7Nz7lw1//8qADHBrTlZmY4CAmuXVSJjQlKBxHxrUxjOHe2ipB0CIIWty+cQ1tTN/gymYKAiEsVghU7nnX8zh7/kJm4Vk8dWbftkklkUr1+I33EBlDiA3PP1qgdtrvpn9ZK2IFxTEIFGttMmAc3qa0PGvaNylkFsL54a/f5h+//9eEYYfxiSnmFxa5/OwLGamUrrZZS5fgEPRceyEkExNTcWCqEJTKR5PXCixhZFAyrrpzaukSURgQBE2EDbHIjFQplXzKpVL2/RifnOLKC18aeH3SAWt6raQQe/rhgwbLsUWlhJOzqEgUEotDm9m588wunkFISbPdJAgfHMFRhIkWKPB4o3++M8q26/VPGLOnB6o5tO4qLIcpMaIownGc+J6dkAhCSKw1B9pT0rlbmCpFrMU5RGD6qOjN91AYa0bKBUmRkQk8GPtMmKgf0+yNg9qmjSGdCGdVZ45w3YwxbFa3OHP27AO7rz+WBAccj+TI/97zM91nAEkBoJRgaSmurLK6usLVa1eZm5tnaekcnusNJDoOUnX0tx32DtzTx5eXl5mbm+PO7Tusrq1Sb9Q5deo05WEDuQEfilFIjf7HjkNsjPo6/b8P+vugxwsUKPD4wPd9dnd3hz4fKxZiIiLlMqSrmJmZRgi5b5aBECLLDcojaLfxS+WMqBgF1oIWBmO6e0R9CgLX9Q5Vhi5FFIU9oaV53zCk4WLJTFn1Dhx6iIaBEPRkJeTVEMDY+AS/+wd/wuu/8/sAVGZms0k53R8ZXNfnxS/9Bu12aw/RPxCJtVNKObh6zQgQsfQh6z8a9V3e+un/z96bxci2pXde/7X2FPOUGTlEZp753KHKt6pulVzldlnQWLZlkEFCLR5oIR4QgicEEgLBCwKJpsXw0GJSd0sICdwSD83QSLTcGHe3ZdptG9u4yrfqXuqec+85OURGRkbGHDv2tNbiYcfeuSMyhh1jRp6zf1KeE7Hn2LFj77X+6/v+3+/h7M1Xg/nhDMZH4Yzh6vJ8+jLCTVVxU56GP6xnbqvrw6WOB1lFg2d68Bx6kS3un6Zp+MV/8lfQarojUPulo7k/g7c5LyUpmUrhw48/RK95icZNzU8DkYUJAteYTlHClRPsdDrwnPcN04SqqkNGcIqiIJ1Oh37WeikqDonBBoUKHYeHhzh55Br+GrYOh9mzNzQnXtstahNERGw/EweYxwgf3utxVVY4Z7frDEq4jtumZVlwHGdoYECWJchyzDcbnYT3rOYrKnU6CcY5IIRv4Gn0+9C0WKh9ue0UAdO0XKF+Lf4gt9VdOOfo93VIkgRZlsemCUuUQlVVWJblmp4uGPVSbzTBhcD+/v7Sn2ESWytwANNFDgBThY3g6zuRFoT40RxBbw6PTCaNdPoDVKvXKJfLaNTrOD45xv7e/tiojXFih3d84z7DtEZdMpnEhx99iGq1iouLMl6/foW94h72Ri6CcT/4sALD3f9v58+M9FiBuDGtsRI1ZCIiHgaapsGyrInhiSTwPyHA6//vp9B7PXDhhVwGFhqhr/dRq1bQC6RfnH79Gr/3O7+F3b19UCncA/Xo5Al2igfw6oT4jNx/P/3+D/Ho6bO5OvKmaeDt61f4x7/39yFmNKbGM7ljL1EKSu7W8vLMRTnjoBJFNr+DbGA+54OoEeH6fYiBHwkXAp989/v41ve+v8BxDo5WCDhMDIko82KZBr747Ee+OEEohaos5ghvB5aIJm4AACAASURBVHw3kqnFBBivDKEHJYAYc20RAIS6VxAXArt7h9jdO7y9fsVttMS8eg3nbtUciVLEYjHkivvItdpo3DRAuAMhCAwmoXrTQKJcwU6xCEopbMdGt9eBbdqwDBOWoYNZfdiWBcu2fG8wx3EgSdJQI1SSJKiKClnVIGtxaLEkZE1GLB5DKuEKH31dx1XlCrquD37DAjIcKPEk8jtPkNnZAZUJekYHhqmDhfgNTMgUHr9siJD3iIiI7We0TzRKn16h37vCXvIFgBH/DTIhemMwQOClgPjLS/JADJjevXUcZ6gfJi1g/hkGTdNg2/bQ8yqsIBAcPFlHegpjzK1Qw5gv8miaCjawQyCwICsSqCQPpdY49vLHdVNvIJ1OI5vNzl54QbZa4ACmiwHjQqKCP6CZKSvARG8OANjf30M2m0W5XMbp6ZmbtnJ8gmQy6QokY8QO35jUO74RAWXc8Y5jf38fhUIBF+cXqF5fo9PtYH9vH5mRi2FaVMR0cWPS9PUJG+Peh50XERGxXQRLxU5ywHZH8N3GxO/+9t/FTa0K27LC948D98det40/+v3fneP4FHz8yXfxG3/pXwwczF1kWcEn3/15HD96Ml80ASHIF3bxJ3/wf8M05/PymHinI4OyrTOfe27azegSo48z4efIcoglq3+4fiZiEEGy+LbazUZgmwKZXGGC40p4nn/wMVKpcOUHJ+E2iiko9UYshg+KeJMGohFw237wImsW/RCMMdiO21jc2T9Ev6+j36rDEQI2c9NDatfXkCiFZeqglMK0TDRbDRi6CVPXYfQ6MAwdzDYhUQEhKAQIKGHg3BVnJCqGXlMlCTWeQjKVhpbQkEwmkM0WQAmBruuoVq7Q73UhQMAFhUyBVDKG42cvkMrkwAVDx2jB4eE8VYJXzTh9M9hmi9oDERHvFrN+01fdL7GfejnkvzEpasFb5tZzAyCEDqUSToINIkS8qApgPQLC7XHdfu5Rn8VJcMHBAsLDOqI33Epikh/t5ziOvz/AFTts2wFsB4RQyLLkp9mYpgWQ2amO49D7fXS6Xbx8OdmDZRVsvcABhBc5Rt/PiuYAZgsdsZiGZ8+eol6vo1Kp4Kc//SlKpRKOSiU/9BZicopKUPDwjwPD7yehaRqePX+Gwk4B5+cXOD07Rb5bwOHBwVi1cdL7UVFj/Lz5hI1xy057PeuzRo2ZiIiHRbBUbNgSX3qvh2W6smMrn0yAOc6Qe/ks3BH48MdCl+qST9gmAYh0azQ6jll3ymDFFdec2qsmsqzAMX90wiw+/rlP8c/9C38ZhNBJ+lMoJEmGJMtg7PZ5P2/6izRIZVnkvBNvnxJc3wy45uBh9++KUG5ozN7uPrhl4/LtGfqdBrgwkCQMducal3od1dOfwVNfOGd+xSAhOPq2BCYokpTBJhrEIJ0kWGkl+LpnWOiaTVjdui+suaOLBK5RLgNnDAIyLJqAoknI5nbx9PFzxGJxdM02dKs3NIIalnHnM2oHRES831x1v4Rm3g7kjot2cIV77osT3r0+dFnYQLvATbMgoYSRRRlth1iWCVW9W/J7aJ2Ryi6rMD/ld3y+XMhAqJBl2Y0CZQ6Yw8aIHRzAbSTKoiVr63V3kGNvb2+h9cPyIAQOYDmRAxgfzXEnbQWThY5CoYB8Po/LywouLy/RaNRxdHSMQqFwK5IExA5v+2OPD9OjN0bJ5/LI5/Iol8u4KF+g0+ng4OAAOzs7Q595/GvcmT5NmJgkbIRdP+z7sPMiIiK2E0/g6PdnRy/IsoxPv/+L2Ds8RrfdWvehAQCy+Tw++rnvBDwuxfANcQDjDI2ba+wW9+YyizT6Ospnb2fm+o5jNMuj1+3gi8/+DIdHJwsbVgKAqmlQFM0duacEjHnl8wZ39CXutbdeVasdSXIbf2yp5wBzGGTBIcsKJEHAKQHhIeJChMDrn32B/E4RiqKELis4jlQ6AyEAym9FptD9fkLAuIBpMSiKhFx+B9/49qd4/fmPUa1cghEVEDaYZcPkHAploIBf2cR7TQiHOmjEcM7BIKBSz6SPAjCgUA4mJNhQQYkDImwwzmHYFBwEmsRgs+HXglLEYzIePX2Cx0+eIqbFYNg9dIz2IIx6MeXLbwP57Y6IiIj3Fe8Z4AgDdOC0Na6qhzMS4aFpMTiO7aZbhMBxbp/ZmqYtZXodhqDAwRibapDt4X9GIaCs6JnrpeV4HhvjcMUUFYri+ocwxwEbE9kBsXhVl5t6A3t7e34U8Lp4MAIHML/IAUz36RgneEwTOgghKJUOkclkcHl5idevX6PZbOLk5BiKl0c8Kq5MSUkZl7oy7bMfHx+jsLODs7MzlMtltNttlA4PEQ+Mno4TNMK8nkfYCPt62rQw8yIiIrYXSikURYFpmmPnu2H78CtRfPr9X8R3fv4vuPM2ll/vRcxNvr8KzvEnf/CP8Pmf/2jurTdurn3Dynmhgc/fatbxO//H31nKxV2LxXD06Cl++df/WahazBc0hAg+X5ZryBEvR2NFXLz9Gn/2//zB0ttRFAXpXA4ffPzJoIHmGZvOXvfHf/qH+PLzzxbeNyEE8WQS3/uFX8K3v/cDEDJeSJuFEAKm5TZqY/E4njx/Cb3dRE/vo9mzgUFKkiMAWRAwAphCBhUACIMjAJUSyMRttnDhRu6ACkiEwBu3kyAgCMAgQaUMFAJcSGCg/nXiQAIXBBoYBJWhxBIo7ubx6PETHJRKYIKha3ZgWDr4EglLQ22gBbcRERHxbkHFbZTBOPPvoGDgdbJlOdyz001P4Ws17hze37DPEwlRvpYxx0+hIYRAWlH6jOM4AzGdw7Zt30h0kuG7RCkkVQVU1U9hYQNT1kWjShrNFmzHWVtp2CAPSuAAZoscwF0RYV6fjmlCByEE6XQK6fRLVKtV14S0Ucfx8TEODsaU6ZsgvIw2EsM29pOJBD768EPUbmo4OzvHq9evUCzu4fDwYGrUxMzUkiWFjTDvR4nEjYiIh82sUrGuX8EghF8AAAEXHHpPh6qqkJU1P4KE8CtVuELL+HvO269+tt7jGAMZKcfWatWX3ma/r+Of+JVfX7is66Zptxv4v/7u/7qSbeXyOzgsnSCTK8xeOIDe60LvdZfb+TVwUDrBt7/3g6U2w7mAZTMAFDFNwcnzDwBJwk//9I/QhwRONSSJDkIEOBSoUgyS6EOCc6fKiSTJcGUNG/KgND2BQJ/L4BBIDLbjpZ8EK7YE103GVOzsFfHBNz5BYXcXHBw9o4tuvw2H2UGf1aUiMLx4m6hVEBHxMFnFwAW5rUIKOqaCimcq6qanzDYTHSUojqxb3ADgl591BiajUog0mmCEyqq8QbxtatrAO80wYTsO7EEVGkWWp54Pz69j9Pjm5aZeRzweH8pAWBcPTuAAposc4+bPiubw5oUSOgD/Cby/v4/cIHXk7OwMjUYTjx49QiqVmiiyBCYOHVNYvGMsFvdQKBRwdnaOarWKbreDw4NDZLKZoeVG1xsragSOZ+KyIcWTadPmmR8REbH9aJoGXdfHzhMC4BAAHx1Jp2i2OqCUbuQh53lrSPR2FDuTzyOb20Gn0wTn3B1RWeieJMAZB6EEqWQGsXg81FqUUhweP0Kr2Vg4AmSUZDKFJy8+DD2StSpy+R1cVy8BQhCLzf78B0cnePPaFZSoRCHR5Zshiqognc2HarDuHRziyfMPUa2Ul94v4F42ufwOjh89Xsn2GGMwB2HEyVQax4+eQJVlvD09w811FcICLEbBASiSASocCEhgRAWBgAQbBAIKHDiCos8GkRqEwiEqJOpAFgyE8EEqCiBLJhjjYJCgSQwKHIAqUJUkHj17idKjJ9gpFiEpFB2jjVb35o6x6Kqe6JHIERGxXYwr8zqOlbTrRbBvcfd+bgcqrCgLdP6Zl54yuMeuG0mSYFm3z/hZ0Ri+uajhitKrFjgAd3AlaM5qmhZMywKFK8DIsjL1u1z0mEzTRLPVxtOnTxdaf14epMABhBM5gHDRHKPvx32xQ/pG4I2mqXj69AkajRzK5TI+//ynODw4ROnoaCh8Z9zxBKf7+5kjskOWFTx79gy7u7s4PT3Fm7dvkM8XcHh4CFVVxm5jlqgx7fUi78cRiRsREe8GmqahXq9PNK8SAmBj7tN9w0L54gKJZHoj9wNKCIgs+Tkzz19+hEQyBSfQWFoWRVGRTKUxNR1GAAIClFD84Jf+In7wS39xZfsH3DSVWDzuVk3xdrhG0pksPvnu9/H261cAgMfPXgx//ID/iQCQzRXww3/qV/Fz3/neyo8lkUwilcm6RrHe5/b+G6TpCAg8//Ab2DsorXz/mWwOfiGVpc47AecCpulAUdxSwJlcAZAUSESg06Kweya4ZUODASEIHMhgRIIkbEDYAAWIYIAQYAJwBAUFBSPj01I0GGCQwAQBFzK0mIJEMoV0dgcnT59j/7AEAYG20Uan34TFXAf9Vf9yg9uLhI6IiO1go212PlzOOohb7eM25UOaMwJ00+kpgBtxIuBWeyEkRHqKJ0QQ1/h0Feeecz5kyhqPx8E4A7NtOIzdRnWYFrjDYDvM9ekIRG2sgnqjCcANDtgEpN7UH3zq46woiHHzR6dNez/p9WCC/5ILjsvyJarX19A0DcfHx3dGKFdtZhO8+C8uLnBxcQ5KJRweHqJY3HWXmSBqjK6/bPpJFLUREfF+0W638fr1a3z88cfI5XJzrfeTn/wET58+nWu9RSHEdfxWFAmyREDo6jtnHpwLOEzAdjgch/n3fEoJZFmCIrseEXRN90Mh3LxfZ7B/Nk9pmBkQ4jY6FZlCkaVB7q4YWkAIAeYI2A6DaTmQJHdZ73Ov8zHglbK1HQ7bYWCM+9+9rFDIkttgXMcheMKG+90zOA4fnAsHjDNQSueOrqEU0FQZMU2BbVloNOt4c/oVKl+/RvumCkIA3ZHBASQkDoNRt0KKzGAjDg4KVegwmOQv46WlmCQBWQzSUoh7/AwqbBLH0ckBHj0+wZNHz6DF4uBg6Bld1LtV2MyZ+zsMOwJ8Zz1EIkdExPuEZCogjtupjsWSUALVRmzbhu040DQVlEqIhTDrDGLbFmzbhmlakCgdeFCsV+SwLMsXEWRZnlk9pd/vuyLMIIJDURQoS3hzOY4Dzjkcx4EW0+4cAxfuPOa44g+AIUNRCkBWXK+OZftwn/30CySSSXz7299eajthebARHEEWjeYITps3osNfNjCPguLo6Ai5fB7l8sXAhLSBk5MTaIOc6FnHOg+jx3V8fIzd3R2cn50PTEhbKJWO7pRwXHWERhS1ERHxfpLJZEApRbPZnEuoyGQykGUZnU5nIwKH2/HlcBiBEGSiqdYq4FwM/vgdcZwxDgL4JpjrwC2h5+5rkfKd07ftmrJyTtwoEUFGeqDCF1g8YUVwAcY5CAOoWJ+w5O59UHKVcwhv/4PjgUOAQQNuLed+EKXS7xtot5owDBNUckUNWZbhOA4c2wIXAoqsQlEVaFoMsqJOaWMAlsUAECiKglwujyf0OXazeTSuq6hUrkBaTZj9HgjhUCjABEHfkSFLHAphoET4lVMcokESNigYFJhuCWGqIqGp0GIJpLIF7B4cIVfIIZvLIpFMoW910THa6BkdMM6GxI2wAsSi5zvo7xF8HxHxPrA5M+7tQfDbZ8RoVSuHMX9QeZE0iaAPhWlaIIytXeAIlqQNk54iSRSO40ZbmIa51PEJIWDZ9tBA/OgxUEKhKiqguOamjmP7ER2A69XBGIcsL3cdtjodGKaJp8+eLbWdeXgnBA4gnHAwbpmwQoc3bZLwERQ7kskkXr78ALVaDeVyGfW6K3KUSqXQxzqLSTe9eDyBDz78ELVaDWdnp/jyyy9RLBZRKpVCR2uMmzZpf5G4ERHxfpNOp9FsNudeL5vNot1ur+GIxsO5ABwGTtc3ig8AXAhXBLgTFQjX52AQYruu/a87JJML4XaMBcYKRZ7Awgfu8dxVGNzlN/As4EL4RnT+NC4ghIOBz9vqzn0ggIVzhnq9hng8gcLu3pRoDQHDMGCZBoy+DrPVAOduPng8Hkc8kQq0M9wUL9NyIISblrqTL6KQ20V+9wBS7C3SN5fQOw13dNOyYDgcPYdCgg0ZNgQHFMohQYIjxyARGQrlkGUJFhQoWgI72TRiyQwKu0U8fvIYhBKAcPTMDrpGG7rZhc3Gp3NNEjm8NtEqzvVInFBExINmo54WDwzKx1dQYYxB+GkWZCGBQ4vFYATK2q/K32ISzHHA4QoqYaqnUEIhSa4Y7qXRLFKpxMNLwfVSUyilU49BktxIDS4YbMt2DVlXlMpTrzehKMpGqqd4vDMCBzDZ5yLMMrOEjdFpYdjd3UUul8XFRRnn5+doNBp4/PgR0unMXNsZx7RjIYSgWCwOTEjPcHVVQafTQal0iGw2N3H9eaIzImEjIiICcKMxzs7O0O/3EQ9psgkAuVwONzc3c6+3KAIA48L1JlhzHEEY/fqhdtg8oUYIAcJwJ+1RCDFSmtYTGBjYRsbgZ5//sOeekOl2GmTwj97rod1pYa+4j3giOWuriMXiriFr9naqZZnodTuoXVdACEEimUI8ngQhA08Oy4btUMgSgaJIyGaz+MY3vwHOP0Bf13F9U8PNdQ2tVgdxy4Ywe2BmF5bRcZ38JYJ4jIJqecSTSWTzKSQSaeQyeewVi5AkCVSSIMsydLODzkDYcLgzuXLd6DkNDPwMtaHGLD8vnsgRtSoiHjpR23gCLBBlT6Wh8+SVOAUAZcHqa5y70RSmaYEuKR5MQwgxSA0JlLMNecyML1/lxSsB69i350yW5dCfl4CutNoMYwz1eh1Hx8dLbWceDMN4twQOj7DRHMBsoWPWNG/6OLNQQggURcWTJ0/QbrdxcXGBzz//HPv7Bzg+Pl76opklcsiyjKdPn2JnZ8c1IX3zFrlcC6VSCaqqTt3OMsLGPMtFREQ8bLLZ7KCKVGNugQNw/Tg2IXB4uLfxhyovbA/c9/YIdy7f1fPebDbAGcPJyeOhEcd5UVUNakFDvrAL27LQ7bZvxY5ECvFEEkJwcA4wDsgShSRJUBUFsqJCUlRkM3mYpgmHcwjHAmc2+KBKD6EUVFZBZQWSokKLqVAVFZoWQzweh+UY6NltGHofhqnD4Y6b2hP2O5sSTr/KCIxI5IiIeEcJVFAJRhq46Z3M76yPpq6ExbEdb4OQl/C1mLkfx4Ft2wAhfrrHrPQUD76ksMA4d8u/BvZPCJ3p/QG4KTKmYUIelLL1hKBl+3M3jSYEsNHojWq1+m4KHEC4aI5py82K4JgkdnjzRqdls1lkMhlcXl7i6qqCer2OR48eYXd3N+xHmvkZJk3PZrP45JNPUC5f4PT0DK1WC0dHRygWi6G2M2veIstFRES8GyiKgkQigWaz6afhhUFVVaRSKbTb7Y25akfcRXgpHdwtT+e9914zxnw/Ee/16F9wtGfdkEGDy/uTJGkolJcOUpC8/71nkut7Qu8s5w5EKEOif1huateIx+PI7x+u7gMCUFQV+cLukNhxU7sCQJBIJJBIpt3yxpzCYQISBeKJFJLJlD/A4xnpjrZb3LQXN3TZYTYYd9DSGzDsPkynD9uxhkYRpxFsGxFCpooPq0pViYhYlEWjsSM2AxG3EQaCC3DGQCVpyDtjURGZcffZ5RlorjM9xRdjAn4hlMyOnuDBY1ywjK1XhcXz8ADmiB5xHAjBYduDSjUrEoIajSay2SzS6fTS2wpLpVJ5dwUOj2WFjknzxokak+Z58wkhKJVKKOTzOL9wTUgbDdefY9kRzDC5fEdHxygUdnB+foaLiws0m00cHh5OvegiYSMiImIWmUwGlUoFbE7Trnw+j7Ozs4llZiNcPHEhKDCMig3TxIhx0z0hY14/KEpdkUCSJP81XVE5uzAEBRm3wy7ufB7P/2MeCCGIx+OIxWJIJBKIDUruKhMawr1uG+pAiBhHo16DruvgzE3xoJRCUTVosRg0zf0Lc82Pih3tdhO12hV2d/chBIMQrhhBqdeQdg11JYm61WMG5nB8UN2mazbABQcIYNg9GJYBh9lYJM5ibFsHk4WIVZuFRtEcER5hDDmjdup2QwL+G4zb0PU2tFgCTiB1hXMG02AghEKWJUghxQO//CrCd/gXgQ38n4JGnWGjNxznVlheNEolONjgeW/IUtj9u+fIE0aA5dNTej0dnW4XL1++XGo789BoNNDr9d59gcNjXqFj3LJh582aH08k8PLlS9zc1FAuX+LHP/4xTk6OcXS0uvykySakcbx8+QEKhRucnp7i9atX2C0WcXR0NDZ3dtH9REREvD+k02lUKhU0m807pbGn4aW3tNvtjVRT2SYYY7Bt2//fcRz/z7Ztf543LSzjBAhp4K0wOi0oUEiDmvez5j8U7goffOAFclcUsW0b/X4fvV4PvV4P9Xrd346iKIjFYr74kUwmoWka9F4XJ4/vOsJzznFVKYNSisJOcegZadsWbMtEq9mAbVuAcBu/sVgMqVQGqjY9jFhRVezs7qHZuEGjXhsSV4QAbNtxy8ITwHYcUDrsN1Prfe2bfwrOISACbZXlk0hGPTlGWwez5i+6v6jKSkTUFn34MNWGoByS5YoDQgjovQ4kWYUkKUPlSzVNhW27926JUkiDalWTCD5DpZAd/nkwLbf0LOd8KHKDcz7TXBTwyrXeGjmrC0SYMMYgMDA1JQSqqoIxFuq3wbgbsemZmwpgJekp9WYDwGbTU66urtyy7Bvb45YwTwWTMFEdHrMEj3HL7ezsIpvNoVwu4+zsHPV6A48ePUI2mx277rRjnHe53d1dFAoFnJ6eonJ56YeXz9M5iR4oERERAJBKpSDL8twCRzqdhqIoaLVa75TAIYRAv9+HruuuJ8JAtAiKGJOeQ17de3nQ8fXee9PeFQFi3XjpK4tg2zZ0XUe/r6PX06HrOmq12lBkyAcffHBnvX6/h1q1ilQ6M9ZsVFFUKIqK4CzOGAyzj+p1BeACiWRyptiRy+/AtivotJtIZ25/N0IAAiJQ2UUMXWdeJZRNhOrP2vIq9xy1RCIiJvMQUnO8Y+Qyg6AGqKWCcvfZJrgDQSg0TYPDBZjjuFEGg8+jaSqCVUy9SFIvqsePTBh4SkgrjhZljIE5DvzYicFxSbIMNYS4YZqGX13NNF2hZJEIDocNR6l4VVHCwIYEIMkXR5blpt7EwcHB2ivWeDDGUKlUsLtTeP8EDiB8NMfo8tPWmSV4TFpOURQ8fvwYuVwOl5eX+OKLL7C/t4eTR4+WuiDC3MgopXj69Cl2d3dxenqK09NTtFquCWksFltq2xEREe8XmUxmoXKxuVxuofW2CU/MCP55SJI0UbAYFS8URYnur1uAoijIZrN3Bhu871kIcUfIs20Ln332U2iaBpsJ6H3DT3WZ9p1SSUIikUIikXL3oXdxfX0FwflUsaO4d4DyxRn6/R7i8eTYai/eNEKAy86XvhCwyDUWJgVg7m0iEiceMg+h4/yQWdVvblu/n+Dn872DCAEkgMcsEEsBcdyOPmMW+gZDPJ6Apib8KEcvDcM0TUgSgyzLME0DlEqQJArHdkA8QUOI0Oki8+BVeAmmpRAyvSSrh2+gGmBSWuTs7dwK8HNFqYhAhEvgHC07YFJvNOE4zkY91iqVCoQQKOTz76fA4RFGuJi2zrT1pt1Qxq3jNaZcE9Ir1AfeHHt7e6GPJQzj1kmn0/jmN7+JSqWC09NTfP755zg4OMDh4eHU9SIiIiI80uk06vU6ut0uUqlU6PVyuRyur6+h6zoSicTSx+E1GBzHGfrfa0R4kQ6KovipG+M8JFqtFtrtNrrdrv/w98woVVWFbdswTROGYfj3dFmWkUwmcXR0hGQyiWQyOVUsjnhYxOPxiX5Z/b6BnZ0dP9oj2Gj1Uly8NJd0Oj3RfyOeSCE+EDt0vetHduTyBaRGSswfHB7h/Pwt4nE3JCTgazdEcNqi4sa6iESO7STytLh/3vXzO/XzEYBpNijloJZrdCk4g97rQNXiIFQGAfy0FU1TwZgDNohicA07mb+eb7gZUjywbRuEuj5G0+CcD6pNeYdNICBCixQsULrWMxZdKHojYMQqURrKl8Q/BnbrvUHp6iJc6o0GEokECoXCSrYXhmq1ikQijnQq+X4LHEHmjeoYXc8jzPrTftSlUgn5fB4XFxf4+quv0Gg08Pjx44VNSOe5QR4cHKBQKODs7MzPpy+VSu9U6HhERMR68Ea7m83m3AIH4JaLDQock4QKzvlQyocnXgSXWQQv5YMQ4m9PlmWkUilomgbOOfr9PlqtFgA3Ai6RSODg4ADJZBKpVGqj5W4jtotMJoNM5laAMAzjTlRPo9Hw5ycSCaRSKaRSqYmCx21kh0C1UoasKIjFbq8xSikSsThMow8tNvnau+p+CWDxDtO6Olqr9uSIWB3veuc6YvsRQoArDIJyUFMFGZSRtcw+FEVDPJEcPPMdXyAAhiuIBPEqboXBSyO14KaaeEKHZZru+8HAiNfe0DQVkiRB02LggrteSGH2Y9/6iqiqunDUhOM4t94fc1Y+Caa2rMqfxDBNNFttPHt216dqXXS7XTSbTZwcHwFAJHCMsqjQMbp+kHm3FY/H8eLFC9RqNZTLZfzoz/4MxycnOD6ebkK6igeSqqp4/vy5n7by9ddfI5fLoVQqQZthgBYREfH+IkkSkskkGo3GzHtVEFmWkclkcH19jVarFUqoIIRAHjQy3EaF5r8f/QtGagC4Y9457j2lFMVicezIg7dsdD+MmEYsFkMsFhu6hhhj6PV6aLfbaLfbqNVqqFarAFzBwxPKMpnMkODhOAyyGsf52Vs8e/7B0Lx4Molet+sLHJOiOOZpHawr9WDdZWTn2V/Eu0uUOvNuISQBHjdBTQWEuQKAbZtgjCEWT0DTYu6gBOe+P4ckSX4bQlEUOIMBizB4JdI9ocSPAB1cV86gDUApHbrZetsPGz3hlq4VvjizqC2BJ8ZoMQ2E3IouI0woTgAAIABJREFUlM4WdLhwq6zNG+Eyi3rdFfOnZSGsmkqlAgAo5N1Bs0jgmMAi6SthtjWN0f3s7u4in8+jXC7j/Pwc9Xrd9+tYB8HjzOVyyOVyuLi4wNnZmR/NsclcqoiIiIeFd8+wLAuqqs5eYcDu7i6q1arvRTFLqFjmIbzsAzwy84xYFEmS7kR6eGJHu93Gzc0Nrq+vAdxGePT7fXQ6HX/5fKEx5P8R0+JoDKq+DKeiuO+rvVd+fvusDr+XlrDuiI1ZVU9WVRXloUWIvO8d83fdcyJiOtMGiAUArlmQbAXUdp/hnDvQe21osSRUVXOfy4riiw+KqsKxbd/nKiyMsVsD09jtQIZpmHfee8u4ptbztS2CgzjLtEs8DxDv+ByHQ3AOLTZ7m/4xDMxXV/XbuWk0sbu7u9Go1qurKxTyOT89KBI4QrBKsSPsfjxkWfYrq1QqFXz++efY39/HycnJXD/YefYZ5OjoCDs7Ozg7O0O5XEaz2cTh4eFQAy0iIiICcMP0Ly4u0Gw251Lu9/f3I/E04r1kmuBRq9UQj8dxcnKCbDbre8AEcZgz8zkebLdM6uivw0R0EgTTi9LOmr/oPu+TyNNiNu/7539XWaVwxxQbGKSseJhGD7Ik+94VQbFgnoEWfx8DwQAAtFgcfODt4Ykbsiy7UZwBsWMRgYI5A3Fh4L2xCIxzd13OwR0G07TcdBk5XP+Q2YHKKyuK3mi1OzBNEy9evFjJ9sJQrVZhWRZ2Tm6jhyOBY04W8dxYBZ4JaaVSweXlJW5ubvDo0aO5OwWL3GBisRhevnzpCx2vX7/Gzs4OSqXSxkr/REREbC+2baPVavkjzfMKHBERES6jgscsbm7q6I/JNxdisveGCC40mL/pzuUmy8huA1HnPeJ9Y9mIsNHBZe89lzk4uS0lCwCm2ffNmZeBMQYxqIhCKYVEKSTqlvfmgoM5bBBRqg7Kw9quyDBnX8hNg+EwTWupkubS4BgpYzAZg6apfgrvLDhn4INjWEZkGeWm0YCqqhtPT9FUFdlM2p8W9U6XZNOCx8HBgV9t5auvvvLTViZVH1jlQ7VQKKBQKOD8/BxnZ2doNBoolUooFosr20dERMTDIOgl4JVFTSQSvlFyRETE+uGc4/q6hr29/TujlQIAHdMG8CIk7rvTPTNlZsb8CJf3PbUlYjtZ6/UoAUKzgb4bReE4FhzbgqzMH7ERJGi4OSoSUEJBFTo0X5ZlcMHnqloC3FYuAZYvxwrcpqkArslomIixYPWXRSq3jMO2bdTrbhXQTdHv93Fzc4PDg+EB/0jgWDGTLqhVCh/xeBzPnj3Dzc2Na0L6ox/h5ORkYxfU8fExCoUCTk9PcX5+7gsd81ROiIiIeFhwzofC523bBuBGlz1+/Bj5fD6qIhIRsWGKxSLOzs5wfX2No6Mjf/pV98uJAzCEhPX4Xy+zPDnCenZMYts7/pHnRMS7xDK/t0V+C5xwUMUBGXhyWKaxlMDhVm6bv9M/r7ghhPDLugKAHDKdZBKcu0ahXsqMbVmwYU8c+PbXC3qArEjguL5x/aBKpdJKthcGz6h7Jz/sTxkJHBtiHQ+gcSakjx492sjoaSKRwEcffYTr62ucnZ3hyy+/xN7eHg4PD8eWu4uIiHh4mKY5JGoAriO5Z0Kcy+WiNLWIteKVC/YaccHBAkKIX9p39P/3BU3TUCgU0Gq1hgQOj9EoiG08N4t4cqzC02JVZqaLso3fRUTEMqzNoHjCdh3ZgWxLICBg3IFlGlC12EL78EQHr+TrvMJFWLzoDdO0QAkBpcudM8YYKKVuqgnc45/l0eg9V1ednnJdq6FYLM4UV1ZJpVJBJp1GLDb8vUct0weOJEk4OTlBLpdDuVzGF198gb29PZycnCxkrjMvxWJxyIS0Xq/j8PAQu7u7a993RETEeuh0OqjVamg2mwBcQfPo6Aj5fB7pdHrG2hERq2NSPrFpmuj3++j1euj3+9B1Hf1+H5xzP+87KHoEXeKD81RV9Uu0JhKJlZh3b5pkMol6ve53+n3vjcF8vyM/xotjW7rYYTw5gse7ksiHwOttOhcREQ+NTZoUexBCAAII1QGx3Pu2ZRlQVBVkAXEiWAp23oooc+8HcEvDruB5oyjKQOAYVHkRsw1DR1NkVvHdXdduYNvOWKF9XdTrdei6jqePH92ZFwkc7wjpdBoffvghrq6uUC6XfRPSg4ODte+bUorHjx9jZ2cHp6enODs7Q6vVQqlUikLWIyIeGBcXF6hWq1BVFScnJ9jd3b2jjEdE3DeapkHTtDtl04Nih67r/msPQgYpGt6oWQ9+aVYAQ4JHPB73hY9tZmYkAyZHSGxTxz7MsQhgyBx1VWzLOYiIeGgsm4Ifdv1JIgpXGIgjgXA6MO40EIvNd8/mnINz7qd5rKsUvBc54bGq/QRTXhRVme2/ETiGVUXdV2s15HK5jXqwXV1dQZIkFEbSU4BI4Hjn2N/fRy6Xw8XFBb7++mvU63U8f/4cmqbNXnlJUqkUvvGNb+Dq6gpnZ2d+NEmpVIpCMSMitpxut4uLiwvouo6joyM8enRXEY+I2Hbi8fgdYZ1zPiR8eFEfpnlbfYRSQJIlcDjo9tpot1vg/LYj7YkdQdFjE1GSYTBN0x+FG+e9AYzvwM8bwTDaEZn3uT5rlDesJwcIWXkZ2SD3nboSEfEQWLZKyiq9CYXqgBju/di2DKiKNpdxJmPs1qRTltfWZ+EDY8/r62tk0pmV7GfUg2NWRZchkUUIMM5BGFvKh6PZaqPfN/D06bOFtzEvjuPg6uoKuzuFsecxEjjeQTRNw7Nnz1Cv14dMSA8PDzey//39fT+a4+rqCq1WC4eHh1FlhYiILcUrPx2LxfDRRx9Fv9WIdwpKKZLJJJLJ5NB0x3GGojy818HRMCq5OdKWbcCo98HZbaNcVdUhwcP727Sg32w2fZNvQshCZn+r8LSYRdj1Z3lyeMusizD7j4h4n7mPlJRpcImDSAyEuZ30ecvGBu/5XnoK48xNZ1yhFwcfpIYIIdButaGq6tI+ZsOGpfLM4+XcFTdMw3TFYs6XNhm9rtWQSCSwv78/e+EVUalUIITATmF8ezUSON5hCoUCEokELi8v8ebNGz9tJZPJrH3fsizj2bNnvtDx5s0bv9pKFO4eEbEdcM7x1VdfodPpYG9vD0+ePFlbaGZExLYhyzIymcydZ+Jkf4/bbi+VCAQYenoHrVZraP2g2OFFfawrivLi4gKmaeLo6MiP3phYzQ2ThYFx5WTvkzBHs870mu06GxER989QFaZVpofNKcROWo+rNqS+236Zp2ysZ17tRUBYlgVJkiAE9w08ZVkGXYHxqDOInFAUFYl4HJZlgXO+VDTgkDgTQizxoje0mAbTtJYWWLq9HlrtDl68eLHUdualWq0imUggNTJw4UHqTT0Sqt8D6vU6Li8vYVkWDg4OcHJystHqB+VyGWdnZ+Cc4/DwcCPeIBEREdN59eoVut0unj9/jmKxeN+HMxeMMTiOA8YYbNuG4zhwHAe2bfvzvOneMp5hpfenKApkWcbx8XFU/SliJrP9PchgZBMAyFBjPBaLIZ1OI51OI5PJrMSfqlar4csvv0QioyB/EJs5qjor9WKb/DiAcMc7bf669x8REbE480aBhEmRk0wZxHH7NpRKSKayM7drWZYrEgy2p2m3YoNpmL7wAbieGZIkL2TMyQWHaZgwDAOGYSCbzcA0LWiaBmmB9ocQApxzmJYFTVNBKUUsNvu5wpjjp2eapoWYpi3V/vn67RmarRZ++MMfbmyArNPp4I//+I9xcnyE/eL4ohaRwPEeIYRAuVxGtVqFoig4OTnZaDiRaZo4OzvD9fU14vE4Dg8Pkc3OvvlERESsHi+q6sMPP0ShULi34xBCDAkUo8JE8H3wz8tlHQel9HbUZfDae/Ayxvyyo7ZtQ1VVfPrpp5v6uBHvGEF/D6/RqOs6bm5uALhtZkUbXHuOAHPc61bTNF/wyGazcwke/X4fV1dXblpZQsLOcWKoszArRWVSx33bBI4gs45t3ce+zecmImLdrCMlZZltTlqXCEDqa4Dw/DRUaPFEiLQNDuYwOMy5TU8b9QghZEj8kCQZsizNXXHFdmzYloV2u41EPLFwdJ9puikmjDG/NKwSImLFti3Ytg3TcL2blokuNE0Tf/7TL/Do0SM8f/584e3My6tXr3B2dobvfPLNiYP1Dz5FRQgBx7H9UTvmuBcn53ylBjbvCpqmori7g1qths8++3O8efM1Dg8PEA+h+oUlWJZPll2lU1FUqKqKFy9e+GkrX331FfL5PEql0taYtUVEvA9Uq1U0Gg08e/Zso+KGZVn+yHetVoNhGENu3qMQQtx69AOBwh2hiPmvPQHDG01xR1fCj6ycnp7e8WWIiJiHSf4egHu9n56eotlswrZtAIAakyDJBII7aLbqqNVq7nRVHRI8Riu3tFottFotNJtN9Ho9AEAqryBbvJvyGRQ6JhmOPoSqKkHmLSO7jv1v67mJiFgnD6kvJQjAFQd0UDbWcSzwrgMtlpiarkIpBVUpFChgnIPZNtigH6mqqj8wYpoWALcvxZgDxhwoKocih+vDCCFgW+42HNuGnF6sGz5kFDq4x9OQQsuw38hyERe1mzoAoFQqLbWdealUKigU8lMzER6kwOGN+BlGH7ZtP6gf3zYQi8dxfHKCZrOJ2vU1vvzyFfaKRewf7IOs4PEd/OEx/4fUAyEEiqoimUjgW9/6Fi4uLnB2doZms4lSqYS9vb2l9x0RETEd27ZRLpexs7OzkQiuXq+HRqOBZrOJTqfjT3eFTwW5XO6OiDGvULEIjDFYlvVeCBxCCAghojScDeOJ+oAbUttqtdBoNNDtdgEAkkwRS8mQJDedpdVu+JEfo9+VF7GkJSRkihoSSRlUIaHaP+MiOlZRVWXTzDqmWVVYlmXd24+I2EbW9RxeZrvT1uUKAwQBtd0uLhcc/X4XKotDCzGYK1EKaRDVwDiHNBhMcQfU3chS0zDRarWxt1+EbdmQpOnmno7jCtzevUPR4lBjcZimuVAZck+k8NJnCCGh0lw8vxHTtPyU3UXhQqBau8HBwcFKUi7DcnV1Bdu2UcjdLQ0b5MEJHIZhQNd7U8OTI8KRy+WQyaRRq9VQvb5Gq9Xyy8yuAyEELNOEZZqglGJ3d8eP5ri4uPBNSNPp9Fr2HxER4frhCCFwcnKylu0LIdBsNv0/wzAAuOU7d3Z2kEgsHpK5SqzBKMoyAke/3wchJLRxsjcK5KXIeOXdgtPG/R/8E0Lggw8+mKtB4YnJwG36TvDPi7qb9edFyYz+P2tb2+S2f1940RnHx8ewLGsoIsMYRHdoCQmxlAJKyZ3es6xJ0GISqHQ7I6y4scj539ZvLIzwsu4qKFGVlYh3nW2rkjIvXHUgKAO1FBDhdvwtqw/GHMTiydBif1A0IIQM0kAUtw8aOD9Gv+9GlSoyJHq3zKz3/A6yf1DCVaUMy7LmjmJ3RrYVNhKDseGKK8twXbsBY2zj0RvlchnxWAy57PSCGQ9G4LAsC71ed2w4syRRJBNxxDQNkkwhSxIkWYKyQRPNh8yHL5+udHuOw9wQL8bBmWuA0zdMcHYrSnHO0Wm3IUkSnj55gp2dHZydneHVq1fY2dnB0dFRVM0hImLFtFot1Ot1nJycrFRxN00TzWbTj9QQQkCSJMTjcezv7yORSGzd79nzS1hG4KhUKqhUKtA0DalUyo9eGydgzCvKjxMYvIjFeb+7TqcDWZZ98dgzJ/P+B25HhLzpwXnT0ojCEBQ9Xr58+d57L6mqimKx6Bv7DkV3NG6jO7QEhZqUEU/IQ8JGkGmdkIkeHJ4wQlYRs7k55okwWffnilJWIt41gqLGQxY3PLjEITQTkq365WMZs6HrLcS0ZKgKK5OglIIAfsoK4KatWKYFwBoyI3X3y2BaDlLpNCBuxZKDwxIuzt8iJ+dmii62bYMzBipJEJwPojeGfUGmYVnWUD9s2YjO6vU1CoXCRp/n3sDZydFsUWXrFQC3I9yCHcgZAgBFlpBMJpBKJRCP3f9oYMQtsixBxm1nJgW3MW6aNvS+Ab1vgDmDFBbG0Go1ISuKn7ZycXHhp63s7o53x42IiJifSqWCRCKB4+PjpbfV7XbRaDTQaDR8TwBVVZHJZJBMJhcKu9wkhmEgFotBUZSFt9Hr9aCqKmKxGHq9nt9A9KIWVFUd6txPez36fhzn5+cLRb/0ej0/gmZRvE5xUBgJTgv+70WaBIUSwzDQ7/fnFpQuLi5gWRbi8bhfenWTFcA2wbToDr1toAk3usP9k6HGFhMLvevT9+jA9E76Nnfg77uM7Cb3ERGxCR6aqBEmykRQwNEsSLYMarvPesHFXCkrk4jH4+CcwXFcM/Rhfw53YIOAQFbc+3WrWYeqKlC1GGTZPRZZVlDcO0Steol8brofmuM47iBKIHIvrMkpY46fJmOaFjAYhFqUeqMJ07Tw8uVmozcuLi4gSRKKEyqnBNnqVoLj2Gi320MjX5QSFPJZ5LLpB/djfN/RNAWapiCXTaHT7aPV7kBw94fq2DaajToODw/9tJWzszM/beV9yJOPiFgn5+fn0HUdH3744cLbsCzL983xUjwSiQR2d3eRSCQelFmwZVlIpVJLbaPX6yGTyWxEiBVCwDCMuUWKft/1qlo29dB73i7aKCqXy0gmk3OLE9VqFaZpDqVjaJo2JHgkEgnE4/F3wmNkWnRHu9YFYLneHUkJSkKaGt0xyqQqK9M8JYKpGNvW4toWT46IiIj52EQKTPB+xxQHQuKg5riUlQQoXey5RqkEVZWgqCqY58/hRXUIAS2mwbbdAfpkKo1ms4Gj48dDAyuJRBKZbB7tbgeZ1PgUfU/c0EYG9KWQz9Ogseiy4gbgpqekUin/ObUJdF1HtVrFwf4eaIhrZ2sFDsMw0Ot1/QcxJQTZbBqFfOadaMS8zxBCkEknkErF0W730On2ILg7ytdqNpBKp/Hxxx+jWq3i7OwMP/vZz/wG3zbk7kdEPCQ8Y89Wq4VsNrtw1ZSbmxu8efMGlmUhnU6jUCggkUg8yPsx53xpg1Fd18E539g9yUupmVeU8aJrwvqErAvDMOY2tTVNE4ZhYHd3F8lk0i1tZ5oDk3EDzWZzaPmg6OG93qT52TqYFt3RawWjO2RoCSlUdMdox+Ihe0qE9eTYBFE0R0TEZgkjlBDimjELSYDFLUiWCuK47RbGbOi9NmKxBGRl8Wc5getpIcuyn5rqDMxIPa8OmVLI8QRualUclo4H+2eQJAm5/A4s04Te70NVlDsDAcE0UUVR/PdSCGEmWPjBNNx2xDICR7vbRafbxcuXLxfexiKUy2UAQHEnXBt2KwUOXe9B13X/vSRRHB4Uo1SUdwxKCHLZFOJxDde1BjhzQ5477TYYY9jb2/O9OS4vL3E9yPfa29t78I3WiIhN4IkbpmnCsiw8efJkoe28efMGl5eXiMfjODk5efBC46JiQZBgWs4m8Mxa5xVlut0uCCH3+p2ZpgnO+dwG0u12G4ArXHjmbqOpT5ZlDf11Oh2/Egng5hkHxY5kMol4PP4gr+HZ0R2YK7pjKOd+zPxRz4ttY96qL+sWIKIqKxERm2dclaiJEIBpFiiV/FKyQgj0+z0oDkMsvnxqrZdqqigK+EDocAZChqZp6Ha7uLm5Rjabh2kaIMStHLdT3Ef54hSOY0OWZMiKAjng4eFFb0iyDEVRQ1cQ9YxFTcP0hY1lBI5a7QaKouDo6GjhbcyL4zi4uLjATqEQ+tm9dQKHWyXlVtzQNBWlgyJkebsM6iJWh6YqONzfxXWtActyc8T0Xg+SJCEWi+PJkyc4PDz0Df3q9Tqy2Sz29vaWDjGPiHgXCZZjBW7V/0U6dW/fvsXl5SXy+fxSHg7bhCdwLOMTouv6RoUD0zShadrc++t2u/cevdHv9wFgboGj0+mAUjr1M6uqOlZkMk3Tj/YwTRP1RgPs+tqfL8vynWiPh+bvETa6Q41LiCXHe3eEDRXf9s562OPbRJTFtp+riPebuQSBdxSuMAjKQUwFdJCyYtsGOHOgxROhfC3CQCUJqiRBxW2aSCqVQrPVBAQQi8UhwOHYHI5tI5sroFI+RyadgWPbcBxnKB1DliS/HG3Y7y+YniJJ0lLPuL5hoN5o4smTJxu9fi4vL8E5Dx29AWyZwOE4Nnq9rv8+mYjjYH/XLZkW8U4jSRT7ewXUbpro993OR7fTgSTJUBQFmqbh8ePHODo68oWOL7/8Eul0Gnt7e8hkppcLioh4HxgVNjw8gWPeB1u320W5XEY2m31nxA3gVixYJvpi08KBaZoLldDu9Xr3Xnq73+8v5NHS6XQWjta7IwYRuFW9AqKHZVmoVqtDPl8P1d9jWnRH56aLzs1s747Rzv+o+LHtKRjzVFaJDEgj3jdGTYbvY/+rZOjeNGPb4z6zkARE3AIJpqxwZ5CykoSirnbwItj+ymayqFxdorh/CCJunz+KFke+sAtFvn3eBCu1SPJ8puhcuNXcvG0sXxq2BgAbLw17cXGBbCaNVCp8BOvWCBycc7Tbbf8ijWlqJG68ZxBCsLuTw1W1DstyyyG2W03kCzt+41KWZRwfH+Po6AiXl5e4urrC69evkUwmUSwWkc/n7/lTRETcD5PEjWU4PT2FLMvvlLgBuGLBstFfuq5vzPyYMbaQZ0iv1wPn/N5T+jwfjXmwLAu6rq/UwNVLVxk9H7Ztw7ZtWJbl+360Wq2hRrMnejyU58wi0R3jojk2YQa4SsKKCpEvR8T7xkP6HW8ML2VFkkHN2y6xYfTA2GpSVsbhOA6SqTSI4JAoBaEUjsNgm31f3JBlBY7j+GVgCSFzp5Yw2/ZfLytuOI6D61odpVJpoymelUoF/X4fpYMnc623NQJHp93yR1E8z41I3Hj/IISguJvH5VUNnLnKY6vVRD5fuLNcqVRCqVTC1dUVKpUK3rx5g6urK+zt7S1spBgR8dBYh7DhoaoqWq0WTk9PoWkaYrEYYrEYVFVd2oX7vliFwWi/3x80PLbbYNS7Nu6zuo1pmmCMLZSeAmAj4swkfw8v2sMTW25ubnBweLj241k1c0d3JGWA4I5T/bZ7TGyrJ0dExH2wrako6zieZbfJZQeCOqCmCsKDKSuuyEFX3N5hjEEepMFIsmsqqqoA4xycudVYvPRLt8Srs1AUoeMMzElXVDlFCLHx6I3Ly0sk4nHkc9m51tsKgcOyLNiDHCFKCA4jz433GkmiKO7mUb2uQ3ABx7ZhmSbUCZ2J/f197O/v4/r6GpVKBW/fvsXV1RV2d3c3WsIoImKTrFPY8Hjx4gWSySR6vd7AGOvWvFFV1SHR46GYNnpiwTICh2cwuqnP7BmMLlJBRZKkexU4PP+NedMIw/hvrJtgmothGEgkk8jcc7rPKhgX3dFsNtFqtfzoDjUhITaozuJ5dwQ7TNtoOhrEqwxz3yLHfe0rIgJ4P8SNsMyKRhMU4DHL9eVgA3NPbqOnt6HFElCXqLIShHN38NY1DSVDkRUSpZCoikAVWUiSDEmS507xYYxBQMA0zIWiP0a5vqljZ2dnoymvjUYDzWYTj47nNzTdCoEj6LuRzaajaikR0FQF6VQS7bZ7bXS7HRRmNHS9Eap6vY7Ly0ucn5+jWq3607ftRh8RsSibEDc8DgMj1rZt+2JHt9tFr9cbOpZ4PA5VVf3/77NjPYmHaDBqGAYSicTcDZRut3vvwpNhGAsJYO12+97NUT28CI5Hjx7Nve7bt29BKUU2m91Kr6iJ0R1NrzKLm7tNJYJYQkb+cDu+kzDMijjZdItg0x4gEe8vDy21bBWs4jMLAoiYDWFzSIMqKxACZr8HvqIqK47j3JaOnWMwf97P5puLErJ0ekrtpg7LsjZaOQVwS8PKsozi7vxp0vcucBiG4RvgUUpQyC/WALg2G7i2b8bOi1MNTxMnY+dVzTpqdn3svJySQUnbm7nvltPFhVGZsgTBN1LP70w97V+iy3pj19hXi9hRx4fjvNLfwuL22Hkn8UOkpST63MTX+tnMYx8l+Jnf9svoMX3q8ikpgaySQUpKQCKrNWHLZJLodHsQ3K3hbBh9xGKzw5ULhQIKhQKazSYuLy9xcXGBSqWCvb09FIvFBxtaHxGxqLDhhTYGa6kvgqIoyOVyyOVy/jTDMIbEDq+DBMAvixaM8rjv359pmn70yaJsWjiwLGvutDvHcaDr+r2n6xmGsdCx93q9rfF+6XZdoX1ePxDTNFEulwEA5+fnkGUZ2WwWuVwO2Wz23sWncQSjOxzHgW3b6Ha7uLi4gN7po9+1kd2LIZlVHkwnyovmmMUmRYftP2sRD5VVm3m+jwiFgUnsbsoKdxCLJUCXqLISFDikNVXtEkL45WEBLF0V5rp2g0wms9Fnsq7rqFarODzYX+g5c68ChxACun7bwS/ksws7lf+D+u/j73z1342fSQj+6qf/NR7F7+bO/tb1P8Dfe/u3xq72/dJv4N98+q/M3PffOv9f8I8u/repy/zV7/43d/b/J60f42+//htjl/+F0m/g3xizb4vb+A//7N+BEM6YtYD/9gf/AwCgYlTxV37078489lF+/vCfwb/17F8FAPyNN/893tb/JNyKhCCffIJf3v9V/HrxLyIhLT/KQwlBNpNGs9kGAPS6XWhaLPSF7nXEOp0OLi8vfVPSYrGInZ2drWxcRkRMYpmoDWUQ79jv91dujOmJF8HOXzDKo9vtol6/FZG9yI54PO6nAGyyk2Sa5tLnQNf1jRl32oNScYsYjAK41ygIy7LgOM7cIa3ttnvPv29zVI9ut4t8Pj/3M6M2cJw/OTmBbdvQdR2tVstP9Uomk8jn81sb3SHLMmRZRjweR7FYhOM4+MlPfoLmlQ6z5yBfuv1+tl3smMd4dFs9RiIipnHfVVIeAkHxZ9Z5EhRgMQuSpYA4g5QV5qDXayMWS0BR53+2euI0W4VZAAAgAElEQVSGpqmglEKi6xnw4dwdzDJNC5SQpTwtW+0OerqOjz76aFWHF4qLiwsAmKs0bJB7FThs2/aNRRVZQi67prweIfDXXv9X+C9+7j8GxWqjDBzh4A+vfnvmcv/w5vfxLx//paFpv5T/Pv42xgscP67/ETBG4PhKP5sobjzKf4qsvFxlgIURAo3u1/ifu38T//vp/4R/75v/AT5KPlt6s+lUHJ1uD8xh4JzDtqyJXhwTtzEYker1er7IcXV1hUwmg0KhMBS6dd/lFCMiRllFOoqiKKCUotVqrbQqxSSSySSSyST29/cBuJEjQcHDE0A8vOgO7/91pbZ4BqPecS2CYRiwbXsoimWdeCk1896bvPN7n0Ku5x2yiMEoIWQrUlR0XYdlWXj8+PHc69ZqNSQSCV/IS6VTgHC/016vB8MwcH5+/mCiO2RZxre//W2cn5/j7OwMzpmOXFGDGpNcX44tFznmqbASjYFHPCS2/bcHbMZ/Y+XngQBMs0ElDmreGmMYhj6osjLfwEMwinbZtJGw+5GWLHF+XashFosNpSuvG9u2US6XsVPIL9wevFeBwzD6/utkMrHWi/+q9QX+fu0f41d2f7jS7f5592dwnPFpJkF+t/Jb+JeO//khgaWo5bGX/QjV1hd3lteNKm6s1p00lR91Pp+4j1/b/9U5jnx92HYbf+XH/z7+k+/8NZyMiZqZB0IIEvEYOh33HPeN/twCh0cymcSLFy9wfHyMWq2GWq2GN2/eQJIkXwQZRyR6RNwHq/TZIIQgm82iWq2iVCptfGRckiRks1lks7f3M9M0h8SObrd7J7VF0zTfz2MVjQHLcv0ElvHf2HRkhGEYoJQuFMFx39Vu+v2+/x3Owzb5b3S7XciyPLcw2Ol0oOs69vbuprkGzUsZY+j3++j1eg8muuP4+BjxeBynp6e4PtWRyivI7A5HV25jh2ueCI3tOvKIiLsETX+37bd2H3jnYFL1mNH588BlBkG5a0Dqp6yYYMxBLJ6AJCkztuAOsDDGBuaiy6eNTCMocNAl2k66rqPZauPZs+UHrOfh8vISnHMUlxiQuzeBQwgBO1CfN5VaT63hIP/j67+OH+S/g7S0uhDt//PqH4ZazjBv8GXvLT5MPh2a/mt7v4bfHCNwAMDn3Vf4pcL3hqb9af2Px++AUPx87luhjmUTcG7jv/zqr+M//+Z/tPS2EolbgcO2rKUbTrFYDMfHxzg+Pkaj0cD19TVubm7QbDYRj8d9scPbx7iOZiR6RKyTdZiIZjIZtFotvHr1Ch9//PFaRw/C4HXygjmduq4PRXo0Gg00Gg0AbhRKMMojFgufrubhRRQsk6Ki67p//Jtg0ZSabTEYDYpaYfCife7bOwRw2yntdhsHBwdzr1ur1UAImfmskCQJqVTKr5DzUKI7dnZ2UCgUcHp6inK5DKPLkC5qSKTc+8o2R3RsoyeHtz9seJ8RD5dt/G1tA969Z9H5kxBUQMQtEFMGcdz7HOcMeq+DWCwJRZ1+X2aM3ZqLStKQ4LLK75JxBiEETNNCp90ByWDhimTV2g0IIRsvDVsul5HNpJFKLq4N3FsL13Fs/wKTJLqRyimO08PffPub+Lef/esr2Z7BTXx2/buhl/+d69+7I3D8hcJ38ZsTlv/T1o+GBA6L27hofTZ22Zc7v4CUtH6RaB7KzT9HzWpiV10ulFtTFVCJgjPuC2OrCmHP5/PI5/OwLAvX19eo1WqoVquo1WpIp9PIZDJjbwqR6BGxDtZZHUVRFBwcHKBcLuPzzz/HixcvtsbjwCORSCCRSPij3pzzO2ktnq8B4IqVwaotsx7gnnfGsgajm4wuMAxj7g62aZowTfNe70m2bcO27YXSU4Dt8N/wjmWRtK5arYZUKjV3w/UhRXcQQvD48WMUCgW8ffsWjXIHRlpGdleDpNCZI6r3yTyeHMBmxI6oykrEu8q2ip2LwDQHVOKQLBWeTmIYvUHKyuR+mOM48FZwGIMwDciyDNM0IUkSJEleycATH0Rv6LoOzjkEsFAkp2XbqN3UcXx87Pu4bYJKpYJ+v4+jw6ezF57CvQkcweiNZGJzDZk/vfx7+HzvV/Fxavlwmz9ufgY+oZrJOP7w6rfxrz3+y5DJ7WnPyRmc5D/FWeP/vbP8qA/Ha/0MQoyvgvCre7889H6aNvnJ3i/jnz74lbHzCvLs0bZEbB//2bf+U9jc/v/Ze7MYV9bEPOyrfeHeZO/L6XPuuffO3TMjYaR4RookaxIlArJA8VsQObEDxJFj58EIkqcACfwgI0HgWElg2XH8YCBAYsOSIMfRSDOSPJEsKaPRzJ25d+5yzuk+vZBssrhWsfb6Kw/VVU12s7tZRTZZ3Ycf0Dh9miyySBar/v/7vwUv9GP86vNfgWWNb6L5fHCACv/FWx/zNkiigMEgsDQ5jj1zjz7P89je3sb29jZ6vR6azSaazSZ6vR5EUUQul0M2m73xJLEkPZZIinnVvsqyjI2NDTSbTXz/+9/Ha6+9lpqminGgaRr5fH5kEmfb9pWq2jCUMlylCFUegiCMXJgty5r69eq6PjeCw7Is+L4fre5PijQEjIZqmbgT8PC7kAaLiqZpkGU59nlcURS4rjv+tccIeLgv6o5cLod3330X1WoVR0dHMLUB8hUB2VJwnU7rxCYOibDIStklllgiHu76nENYAp+2QFksaBLMCxzHhOc5EKXMFfuJ53mgaRoeIbCswCorCHxkJfE8D57nwbYtsCwLhmET20s5jj+3LQGFYjCnS/JYSiuY1y2iGlaSRBQL05H3CyM4hv1B4pwvyP/Ts7+Nv/PB/zBCNCTB15u/M/bvu6Uv4rj73YipC+G6A3xf+wxfzL098vevrf0s/sEYgsMwG2jZXZTPFRDf63889vkomsWPFN4Z/dsN+72X2cMHueRpuAzDocQFB96aUIb5+D/B3/vkl8fet+10Ez/PMASejwiOaasub0OYFbC/vx8RHaG6I1R1TDr4vm7iuiQ+lgDmR2wMI5vNgud5NJtNfPbZZ9jZ2cHu7vga7TQibGEplUrR3wzDGKmq7Xa70aoxx3FRhofneVOteFuWBdu257ZqHgaMxrWopCFg1DAMcBwXO++k3+9DkqSFT4pt24au69jb24u9raIokbJoLC6HQUyIYXUHIQS6rqdK3bG1tRXZVlrNFsyBi3wlCCEdRloUHXFbUxalqlhaV5ZYYraYxbknsKw4oCz/kmWlD16QIAgX5/9AocHAIwSu68LzPFhmcH0XRCH4/bxdxXVduK4LiqLBsMwVVQdN3R4a6hMfhXwBtuOApunYr9cH0Gg2sbq6OlVmWVy02230ej082t2Z+rEWR3C4Q/287GybTW5Df3CMXz/7HfzCxs8lfwxXw/PW/zf2tp9b/xr+qatBUT+/ctvXz373CsHxY6UP8A8oGvDJlft/rD3DT6z8KADgO53x+RvvVH4CIj35QFZzNXSc/tjbClw2dtPMKn+9V5qe0SWZZi72yXXHt8jMGizLYnNzE5ubm1BVNSI6wgC8bDaLXC6XiBldEh9LLILcCBEqlhqNBk5OTqDrOvb391Ph7U8CSZKiKksgmECFZEeo9ggDTKf5joWPMa8LfkgSxLVrhDaaRU4gTdOM/V6HmRfD5NWiEJJEce0plmWh0+nceYYITdNj1R2GYSxU3SGKIt544w0oijImhDS4z6KJjcuI05qyCJJj2eqyxEOyeDw0hJYV2rpQltuWAeIRiNJogQZD02B4PgocdRwHlhlYVMLcDACA70MQBbgOQbPRRKkULHRLN1hggCB/g6EZeMQDRV/kfcRFU2nBdb2FqDc4jkUlYTXsMBYXMjq8EwtIef+1g/8dP7nyY4m3/5edPxtLSADAF7JP8UHpS/jGGILjB81/AfPJXx4hJLKMjKflL+OZ8kdX7v+d3of4iZUfhUVsVHsfjX2+f339p2Pt++8f/2P8/vE/Hnvb3/3xfxQry4PAxzeVb117+5q4GmvfrgMzRHBcVsbMA2Hw6LCqI2xiCf3/YR7ANIPIpc3l4WORxMZlrK2tQRAENJtNtNttrK+vY2NjY66M/V2AoqiRyR8QEKPT2kv6/T5Ylr2zGtvLsG07UcDoYDCYKkh1Wrium0jpkrb8jVKpFPt8HmbEjLUVDV+6ZjxXSZu6o1KpoFwu4+XLl6jVajA1D/lVHlJ2fl7uOEhjJsd1z73Eq4FhUuM+khtJgjxn/fzzet9Cywpts6C8YE7ruhb0gQNRlMGwo2MGmqZB0zQ4joNzrrJgGAbkksKj1+9HQd0cx934enzfh2Wa4DgOZMgKk2QRtqkoKBaLc11sGAwGaDab2NxYn8nntjCCg5ALcoDl5r8bhDj4Owe/itcyTxNt//Wzr4/9O8flsSaU8UHhHXzjmuf9dvf7+Oq5KiPEz67+zFiC4/vtPwYe/8fX5m8wjID3sm8meg1JYVgd/L2j/wM2sfDD3vfR0Q7G35GisC9OLzMCAHroYB8+duYNmqaxvr6O9fX16MuoaRpUVY1Wd8McgCXpscRlpIncCFEoFCDLMnq9HhqNBs7OziCKIjKZTEQSZLNZ0FN2qS8aLMtOPalTVXVu2RDBAMUaWzN6EwzDgOu6C1XjJM3fCLNUFp2/YRgGHMdJHC4qy/LcSLBxmFTdsbKygidPntzZJICiKOzv70chpO2qBjnnIV/hwXDpO5+kOZMDWFpVXjXcR1LjPmHWBIhP+/BEB4ztg3JCywqBrmsQBAm8MJ64H84Jo2k6unZ0Ol2wLBMt6gbB3S44jgXDslesKoR40f2GHy/ua+x0ezAME48fz7catlqtAgDWKrPJhVtoTWwI5o4HzrK4Dt08u/L358ofoz44iv14TauD+jVqijdKPwIaFF6X96/d/rca37hCcPxI4V1QNAufjNovDLMJxe7iw2vyN7649jPg6fmuiLjuAL93/H/der93V38KZT5eReB1oGkanz/7HJVKBaXi4uXLQLAaNrxKGq6YhZL4y6SHKIrgOC4KQJxmADxuokxRFEzTjCw8IdGSyWQWXgn6qiONxMYwOI5DpVLBysoK+v0+TNNEv9+PVn4BRIRHJpNBLpe79yqPuDAMA6YZpJ7X6/WR73HSMLCbkDR/Iw0hnYZhgGXZ2Pse2v8WTaapqgqWZWMTHKqqQtf12KTUXeOyuqPb7aLdbs/NxpTP5/Hee+/h9PQUR0dHMDQH+VUR2WK61BxxMzlCzIt4WLasPGykJZvmIWF4rjmv99XjXdA0AW1zgB88p2UZcF0PkpSJrCO3IZ/PwT0PH7UsG47jIJvNRA1lDMOAZQKyAwA8Lxj7W6YFQRQA309sT5FlGevr67G3TQrHcXB6eopKeWVmjS0Lm/UM9xB7hNypTeVp4V3ky/8q/t/TX7ty28CoxX68b3X++NrbvlR8HwCQZ7PIZ3bRHxxfuc+L9p+g72rIsxcSVpkR8Xblq/io8XtX7v9D7Rn+9Jr8jT+/+q/F3Pv5QBbX8J/u/+LMHs/zXPg+cHx8AqWpwCN+7OrEu0ZYcRnmAAAB6aFpWvTvONIjVHgkIT3Cx+v1ejfKAXmeRyaTgSRJyGQykGU5FUF+Dx1pJzYug6ZpFIsXtc6u68KyLJimCcuy0Gw2cXYWkMUMw0RkR0j2LXrl/S5B0zR2d3dHSMwQYaBk+L2axQQ9VEEkaVAZXgVaBJLkbwDB92WRtafARQ5IkuuLoiigKCrVCjuapmGaZpTDM09sb2+jXC4HIaSNFkzNRb7CXwkhXTTiXhUXkZERPufyCv6wsByTPQwQlsBnbFDmRcuK59kY6B5EUQbL3j6JD4NJw7wOmqLQ7/VAMSxWyhU4lgHP80A5NhiWheueq9spKgowjbv4omoD9FUVT58mczckRbVahe/7WJ1hq9/CCA6apqM2DNdx7zyH4xd3/wL+pPl7sO3pWz1+u/7Pr73trezr0e/vFX8EfzCG4IDv4192voN/Y/UnR/78tbWfGktw/HbzG6j1rio4OC6Ld7KvTb7jc8IblT+Hv/r4L0dNK7MAIT4ePXoUhAV2uzg4OEC1WsXGxgY2NzdTe1EISY9hhGRHOFHq9/uR7SZUXQz/jJuoaJqGRqMBXdchCAK2t7dRLBaRzWYjn57jODAMI5qMDQYD1Ov1EYtPOCnNZrMR+bHIidFDwn0jN8aBZdkrK/GO48A0zYj0CC9MACLF0DDx8VDUQ4IgYGfnwnLnOE70HR4mGoGL0FNZlhOTPpZlRaqvOAgDRheFYLXJir36o6oqCCELz98Iv7dJ7SnZbHay69GC7Om6rkehwovAcAjpy5cv0TzSkVvhka+kL+A47ZaVpIqTJdKJtI5jp8EiX1P43Dct/t2lwsOngpYV2D7oc8uKTzwYugqelyCIk13rhvM6OI5Dt9dFv99DPh8o5B3LgHtuS1FaCrJSNop+iPuamq0WGIbB1tZWrO2mRbVaRbGQRyYzO2Xw4hQcQ7+7d1z7CQAyI+EvvfZL+F9/+DenepwjozZWlRHij7p/hj/tfQgAaFqNa+/39bOvXyE4Psi9BZoRQDxr5O/PlfGKkR9b+1kwVHxi6Kvb/y5+YfPnx94mM9MNjHdLX8R/8+bfmOoxxiE8RrLZLIqFAmiGRbPZxMuXLyOiY2Nj415Mpm4jPTRNGyE9GIaJVB6iKKLf76PdbkOWZbz11lvXrjQyDANRFK+EBF1+rsFgMGJFCCe0w5O0h5DBMC88BGLjJoQX2XCVOkj+tiKlh6ZpaLfb0f3D42c40+MhgOM4FIvFEcVLv9+PiI52u412ux0ptcLv1KQEomVZUbjYpPB9H5qmLbSF5L7nb2iaBlmWY6swFEWB67oLV6Dchk6nA1EUsbm5udD9CC1xR0dHqNVqMFQX+TUBUubiGp4GyX4ckmNRioply8r9RhqO84eMYcfAIkB4F2AIKIsDdW5ZsW0DhARqDirG2JphGJRXymi1FZBMFizLgROk6ASwUl5Fu9nE+vp67MZJy7LQbnewt7d3J7bb61Cr1WCaJna2ZntNWthskGHZaNLqufMJjfzKyo/gn5W+iKPOnyV+jN9r/eGNt//Gi/9tosep9z5Gw2pjTbiowuFpDl9c+2n8ae3/megxfnr1qxPd7zIKfBFrwnQyII7LwXGuTuSOO3+Gb7W/HVXbzgrDxwjDssjl8sjn85GS4fj4GKenp9jc3MTGxsa9UyFMQnr0ej00m014noednR28/vrr1zxa/OdyXXeE8BgMBuh0OqjX6yPbhZNUSZKQzWbnehJMOx46sXEdKIqCKIoQRTGakIer+KHKo91uo9FoRPcfDi8NJ/4PAfl8cF7a3d2F67ro9XoR6dFsNgEEBGL4HRRFcSwp67ouHMeJnWER2mYWSRLoug6apmMTBKqqQhCEhZ5TbNuGruvY29uLva2iKJFVKa0Ig0afPIkfHmeaJhqNRqL35jrQNB2FkB4eHqJ9OoCc51Co8KDZ+OF4s0bczItFKiqWlpX7hzDkctHH+auKSRQeswJhCCjRAm1zQy0rNvSBC0GUwXLx5izFQgmdjoLtnX3A9+G4LjzXhSCIqKytodvrolgo3vo4w2gqwULnvNUbtVoNsiyhWJjt4sDiCI6hQYxpWSjg7lf1KAB//bW/gr/xp/8ZfD8eswUABAS/X5+MfJgE3+r8CX5h4+dG/vbnV39yIoJDEFbwRmY/0fMeDY7wPfWHY2/jKR5vTWB7+cXX/gr+/id/a+xtf//zv413v/Q/z9SiYloXqpbhYyecJOm6jmazidPT0xGiY9GrgdNgHBGhaRpomp55wCPLsigUCldWjMMV+TA/RFXVaKIGYEThEVoT7oOKZtZ4VcmN68AwzJXj13Ec2LYNwzBgWRbOzs5QqwUZSBzHjdhaQqvVfQbLsiiXyyife0pN04zUHf1+f0SxECo8wtDHMGA0LkkQEhyLJHgty0qcv7HIalvg4v2La0+xLAudTgcrKyu333kYc15673Q6icPjarUa6vU62u029vb24r/WG5DP5/H+++9fhJCqDgprIjKF0XPAIle64zzjIhUVS5LjfmCeFaaLQppe3037Mi+Fh08DnuiAHrKsEJ/AMDTwRIJwTcvKODAMA1mUUa+dYntnDwzLwvf984WRLFzXhTYYIDvhNZUQgobSwsbGxlxJ+na7jV6vh0e7s2ncHMbCZiLDg9eBbszteTeECv6t/f8A/+zgH8be9vPBS5hW6/Y7Tojfqf/zKwTHO9mnYNkMXHdw47ZfXf8aaCSzDHy/8U18v/HNsbdl5S383S/+yq2P8eXi+/jW6lfwafMPrtzmugP8989/Bf/dF/5r0DO61A4fI+MmPrIs49GjR1hfX0ez2UStVkOtVsPKygpWV1dnOhhbJOYt7w8nX8MDftu2RwgPTdNGLC6iKEakR/jvfZ+sXoclsTE5QmvL8CR22NpiGAa63YuMpDATZpj4uM82qfC7FE4uNU1Dt9tFv99Ht9tFt9sFRVEjg4u4E/7BYACWZRf2fSOEwDTNkaDlSTAYDOC67sLVD6qqolQqxa7YbbUUAPM/P8eBpmkwTTNReJxhGKjX65BlGYQQfPrpp1hdXcXe3t5MybTt7e3IttI+a8NUXeRXeXBCsKix6AnTfcnkWCKdGCboFn0sL7E4BJYVD5TJgzr/1tqWAc91IUkyKHoyFaMgCHBdF0rzDJXVdVAUFZ2PK6vrqJ4cwbItCPzt17Om0gIhZO7qjdPTU3Asi0p5ujma67ro93uwHRuu48L13MURHCzLRayZ5xEYpgVJnE/I1L+/8W/i9+q/FbtB5RvNb810P/qDYxwZVexJFwcUS7H48vrP4g9Pf/3GbX+q/Odmui9xQYHCL+3/JfwXrT8BIc6V2w9b38ZvN791JWckCQzTgucFFhWKom5MHxZFEbu7u1hfX4eiKJEPXhRFrK6uolKp3GtVRxrA8zxWVlZGSCPHcUaUHpdzGHieH1F53PcwU8V4DsFNVxXkfUQYpBvmFhBCIpVHqHhQFCW6/3COR0ig3VcM55EQQiIrS7fbha7riQgdTdNiT85nifucv2EYBhzHSRQu2lRakGQ51ee0TqeDTCYTm3wCggA4AFhbWwPLsuh0Omg2m5GaY5aNZpIk4c0330Sz2cTR0REaL3Xkyjzy5avH9SJWweNmciDG/WeNpZojfVgSG4tDmlQzhPFBSaOWFc9zoOt9CGJ2opYVIBgT9fo99Htd5C9ZUjY2t3F6fAiOYUHfYv1sKi2srKzEzv2aBoPBAIqiYHNjPfHn4nkeOp02Wu0WNE2FaZrwzqt1F1oTy3EcbNsGAGiaPjeCg6c5/NXX/zp++cP/auJtXN/FH5/99rW3FzJ7+Pmtf+fK33uueqNa5JutP8Bf3PkLI3/7mcpXbyQ4ZHEd+/Ls5TxxUeaL+Pce/0f4J89/dezt/+jZ/4Iv5t+ZOu9D0/To97Ah5DbwPI+trS3kcrkotPP4+BjHx8colUpYXV2NpONLTA+O41AqlUbCDV3XvZH04DgumqSGE9dFTs4mRWPwDABg0GfR38KVGdlPV3XxfUMYyDk80Q2tLWGeh6IoI1W1w1ke9+UYuoywnrdYLOLRo0ewbTu6Nk6KsDVpkec1wwiUdknyN3ieX6i9rd/vg2XZ2ARHX1WhDwZYW0sv4dnv92FZFh49ehR728FggEajgVKpFH0+pVIJmUwGrVYLBwcHaLfbePTo0UwtRqHy8ujoCPV6HabmIVfhIGUuBv7DY4F5TF6SZnJMev9ZY9mykh6kaXK9xFUs4rMZa1khfuyWlUK+gFarCZ4XIA6pIGmGQWV9C2f1E5RL148L2p0uTMvC04S5fklxenoKAFitJBuzqJqKltKE0lLQ7/WCYoZzfyBFU4sjOABAFKVoEDcY6KiUi3M7yN7PvYF31n4aHzV+d6L7f1/77EbbyFfXfgY/v/bTV/5O4OPrJ/9kbCAnAPyL+m/hP9z5hRG7yRuZxxCEEiyrM3abn9r4uZlZP6bFv73+s/h6/f+GOji5chshNn758/8Rf+ud/xYMlUxa7vs+BoMLgkOc8AuvGM8BAALWogmQ4zhQVRX9fh+dTgc8z2N1dRWrq6sLl0Y/RLAse6VlghASEU4h+RGe5IBgwprL5SLSI20BlCG5cRnheUtH/cqge0l6TIdx1pZhwsOyrKieFbioqh1Wety3MFye52OrAQaD4Pq0aBVEPp+PfR3v9/sL3e+wfSZJNkVLUUBRFHL5+LkjAOYS2NDtdpHL5RKRX9VqFTRNX2nm4Xkem5ubUFUViqLgww8/xM7ODnZ3d2e122AYBo8fP8bKygpevnyJ9ukAmYKHfEUAzYweY6EieF5jyLjPssgRWzpGi68uFtngsSgsCZ3JQXgXPuOBtviRlhXPcyFKMugJLCvFQhGNRhU7u49HlJ+SJGFlpYJer4tCfrw6o3leb55E3ZcUtm2jWq2iUl4Bn8BS2+t1UT+ro9lswDRNEM+DYRqoVmt48eIFms3GYgkOjuNA0zQIIXBcD92eilJxfhVrv/T4L+I/b/8RPPf2DJCvn91MhPwr+bfH/p0GhTdLP4ofXEOkWFYbnw0O8YXMRao5Q9H4yvrX8M2j/3PsNj9V/vFb93deYCkWf+3pX8Pf/N5/Ofb2eu9j/NrZ169kjUyKbk+F4wZtO2EPdBwY9BkkEgxaOY6LrBWDwQD9fj8KJS0UChHZscTdgabpqGkiRDi5CFUemqahXq9HNblhbe1wrse8rQnXERuXcfmCTlEUDOrsyv3CY3KJZLhMANxUVbu7u4udncUr3u4aYUDmohQsvu/DNM3YCghd1+E4zkKrbVVVhe/7yewpzSby+Vzw3U86j7m81D5DdLtd2LadqDklJC9WVlautUuF+TitVgsnJydQWi3sP3o008+zUCjg/fffx8nJCY6Pj2GoLsQMg9LmKPk9b0VHXFXGoi0ji37+VxXLiX56MEw2pelz8RkfnvJaKiYAACAASURBVGSBsUYtKwOtD0nK3NqywjAMJFFCvXaKre1RkjlfKMGyLGiadiUnqq+qULUB3njjjdm+oFtQq9Xg+34i9Ua320W9XkX9rA7HcWCaJr773T/DD37wEXRdh23b8DwPVLurL5RaDAajgbqBpik8frSdKEiuaXXQdMYHgBbYHLbF8ROKU/MMPXe8uqLI5bElBLLTzwaHcG9oXnld3gdHj+eLbto3AFjjK6jwo96pvqvhxKyPuTeFtydoOTGIhQP9+Nb7XQZPc3gqBzLWl0YVA08fe783M4/BUBes4ueDQzjXvD80aHwhG39wRQjBwctTEBIcotlsbqJVvlC9EW4XYtyk0nXdKCzTtm1wHBdldSw60f9Vx2XSQ1VVeOfV0gzDRKRHqPSQZflOLliTkhvTYkl6zBZhNet7772X6vDHWeGTTz6JWjJyuRyy2excB3CGYeD09BRvvfXWiGrrNtTrdRwcHODRo0d3G456g1IizJj44IMPYj2koij4/PPPsb29DUmW4hMUlz+eOxiNHR4eIpPJ4O23xy/C3IRPP/0U3W4Xjx8/nuhYMgwDTUWBbVlYW1vD3t7ezD9TwzDw8uVLdDqBwjVT5FBcW4z6J671Y9FWkUU//6uEV13BkMbXf1lJc3n/0rLPtMOAtkfPmxwnQpRuX9jTBgPwgoBy5aplstNW0O91kM8VIrvhi8OXULUBvvKVr8z1tf/hH/4hJFHA0yePY203GGio1ao4PT2B63loNBr4zd/8TXS7HdiWDZwr+XzfXzzBAQCdTjuauJSKeVTK8bp7l3iYUFpddLpB+BzDMCiVJkvZvY7gCHHdRFLX9cg6AQRBeaGqIw0nvSUCGf5l0sN1A2KNoqjImjBMfCT97M60z+/0c5/0YrokPpIh6aR1GISQe9PcYhgGFEVBq9WCYRigaXquYaxhoPOXv/zlWJagzz//PKiJS5APEQvXEByWZeH4+Bh7e3vY3t6O9ZCffPIJNE0L9n1aq8kdWFW63S4URcHbb78dOzyu1+vh448/Rrlcjq3G6HQ6aLVaYBgmajebNTzPw8HBAZrNJjiBxtqj6xck5lEve9/UHEvMHousMU4DbiMQ0oRx46+0EBwAQHkUaJsHRS72h6FZCJIMhrnZfNHrd1EolpEbY0kxTQPNRh0cGzgoPvrhp9jf38fjx/GIhmlQq9XwySef4PXXnqAQw9pp2xYajQZeHh3Csiw0zs7wT3/t19DtduF5LqiRKAR/sRaVEJlMFv1+4KHu9VRkMtLcAkeXSCcM00Kvd6GsyWTircBeR24AF+GQlyeOofUhDMfs9/t4/vw5Dg8PI6LjVVgJTjNC0mIYhmGMVNa2223U6/Ur24QWl0naKc60z+9k/4cx3L1+00V1GWaaDJZlJbIcDOOzzz6DYRgjaiFZllMZZCpJEnZ3d7G7u4t+vx+RHf1+Pwr0vcsQVtM0E+WdqKq60PczzC6Je6xYloVOp5PaCnLf99HpdFAqlRIl41erVbAsm8hqEoaQKoqCFy9eoNVqzTyElGEYPH36FKurq/j4449Rf6GhvC1FlbLDmMekJUkmx6JJjkU//0NDWibHS9x/+IwPIlqghy0rxIU+6EMUZXD89aq1Qr6IdqsBjuev5BaKooTdvcdoKQ28PDoCgLlXw1arVWQycixyAwjGGIrSjFobf/03fgPtdvuahagFh4yG4HkeHMvCcV0Q30et3sTeziZY9n4Fwy0xG7iuh1q9CXI+meNYduLAvVC9MQmuIzqGwzENw0C/30e9Xke9XgfP81EIZjhZvlNZ9RK3QpIkSJI00mJgGMaIyqPX66HRaES3X870yGQyYBgmsqPMLagu5vOE91/metyM0IM5zYQqqB8LwohVVUWrdWEzDENPC4UCisVi6upqw5ybJ0+eoNVqRT+dTgeiKEZkxyxbSwzDwObmZuxtLMuaazXdZaiqilKpFJtkCeuL00p6B6taXqLBa7fbRbfbnYogDJvM+v0+Wq3WnYSQAkE+x3vvvYdPP/0UjZc6CmsissWbr8lpWWlfdMvJoltellgibUhTRodPnbesOGTEsmKaOjziQRSvH9/kcwU0z2pYXdscaVYJUa6sgWF59Hq9uS4whIsu+3vxrgO2Y6PT6WCgD+C5Ln73d78ZkRvXfU6pIDgAIJcvoNvtgBACzyOo1pvY2VoHTS9Pua8SCPFRrTfheUHAJE3TY2VWs8R1RAdwMXleXV3FYDCArutXJjuiKF5RCCxJj8Vi+HMLEYZPhqSHqqpoNpvR7bzAgJdZCCILQebACwwY9n7YE4BRpUeIV5X0sCwLQPy60mGEHv+1tTWIoghCSFTfalkWDMNAt9vFy5cvIQgC8vk8CoUCCoVC7AaUu0S5XEa5XIbrulAUZeQnPGcNh/4mgWma8H0/9uOoaqDSW1SDShhwmmQiH75/afqsQxBC0Ol0UC6XE322p6en4DguVpbKWFAB2TYcQtput7G3tzfTENJsNov33nsPh4eHaDVasAYuimsCGG78+XtYPZcGzKFIZ6J9WGKJVwWLJi/igHAefIaANjlQfnBOc2wLxPUgShnQY1STYTj/We0UuWIRKytXr3GXWw7ngWq1Cp7jUCnHUz46to1evwvHcXB2doazszO4rguKuv6zTA3BEbYr9Hq980R8G/UzBRvrlSXJ8YqAEB/1MwWWFVQHUxSFfD4f2wN/kz3lJtxEdNA0jVwuF02YPM8bqaq8jvQY/lmSHouFKIoQRXFkMmPb9gjhoWkaWp2LOmhOYCFIDASRAS9zEAQGDLcYZVkSf+irSnqYpgmGYaZSVvR6PbAsG02+aZqOjqEQjuPAMAzouo5OpxMRZqG6I/xJw2CKZVlsbGxgY2MDhmFEqo5Go4FGoxEFkyZRvRhG0EQWl1BSVRVsDIXerKFpGliWjU1wqKoKXddHVGNTY4Yz3E4nWCxKot5ot9vo9/uzaxSjAIZlsLYeVLa3Wi188sknMw8h5Xkeb7zxRhRa2zjyUFgTIOfGP34avpPDSNfeLLFEMqTte/VQ4NM+PMkebVkhLgZ6H4Igg+evqjA4NmiO1DQNJ/pLrK1tjL3fvKBpGhRFwfZmPIs1IR6M87mWZVn4/NkzKEow3xrN3RhFaggOAGBZDplMNmpVGegGTqtn2NxYXdpVHjhCW4p5Tm4AQe4Gy04++IljT7kJNxEdIRiGiVQCIULSI6yqXJIe6QfP81F1cIjQ3zfc4tLqXpAeLEeDl1hIMgtOYiEILFj+7s9Psxo4vAqZHpZlTW0d0DTtVukmx3HgOC5aJQ+VHbquo1aroVqtRkRtaGdJQzuTJEnY2dnBzs5OVAWqKApUVY3sN7lcbmLpaphTEtfy0u/3F6be8H0f/X4fGxvxj/1mswmKoqZSCN0VPM9Dt9tNnBl1enoKnufvxDYU5ly12200Go1IzTHLENKNjQ3k83kcHBygU+vD1j0U1kQsYt61DB59uEhTIOUSyXDvPsNxlhXfh2UOQDzv2paVbDYLx7FROzlCcaWMQnExuVGnp6cAgErMalhCfOiDQaSgbbfbE312qSI4AJxLgT3oelBPalo2jk5q2NxYXQaPPlAYpoXakC0FCAZCixr4hpiE6BjGkvR4GOA4DqVSaURCHQbPjpAedS26nWXpc3sLA17iIErzIT1CJPWUP8RMD9/3YZrmVPkBrutC13WUy/EuxIIgQBAEFItF+L4fkR2GYaDX6+Ho6Ag8z4/YWRYdWBoq0x4/fox2ux2Fk3a73ej8lM1mbzwvGYYRmygIz4kzUwrERGiPSXKctFqtqzW8i/YYnKPT6cD3/UTqDUVRoGna7JQpw+/J0Fu1srIS2VZevHiBdruNR48ezSzLRpZlvPPOOzg5OcHx8TFsgyC/xkOU5zvkjZuxsehMjiVuxvCk6l5NjJeYCMOfaZosbJcRWVasi5YVxzFBiAtBkMGMWWjgOB4rK2X0+l2cVmt4/fU35jrXsG0b1WoVq5UyuJgLIYQQWJYJx7ah6zq63Q6Ae0hwAIAsZ0DTDAYDDb7vB5kc1QYKhRxWSvEtC0ukE4QQtDt99HpqFCgaVH1mJyY3HNuEbeow6C7AJLen3IS4RMcwriM9HMeBaZq3kh5hAGYafd6vEoaDZ0MQQqK2nZD86DRUAIFcn2FpCBILTmAgyCxEiQUn3M0pNzzRz3JF4r7aW0zTBICplBJhVfQ0JCtFUdGKNRCQJiHh0ev1opBKWZZH7CyLvL6FaibXddFqtSKyo9VqRXkd2Wx2ZB8ty4Lv+7HVDP1+UAG+KCJb0zTIshx7vxVFgeu6U+eW3AVc10W328X6+noisuD09BSiKM7ltQmCgK2trSgL6Xvf+x5ee/oa1lZnZ/vZ2dlBLpcLsjlOdORWOOTKwtwnp3EzNtKQyQEsiZbLWJIaDw/3TsVxjsCyYgWWFffcsuK50PWbW1Y6XRVKq429vUdzJTiq1SoAYDVm9kYAH7Ztg/j+eSSABoqibyWhUklwAMGgh2UZ9Pt9EEJAfB+dbh+9voqVUgHFQu5eHpRLBCeUbk9Fu9MbISTCHJY4thTb1GGZOmjw8DkPFOvAv6P5wfCEb5qJHsMwYBhmZGB/k9LDsixsbGzgC1/4QvKdX2LmCI/X4cmA7/sjKg9N06B1NPSUgPQIlR6iFGR6iBI30yDTuz4n3gfSIwwYncaiEhIcs1RXsCw7kuNz2c5Sq9UABK0Q+XwexWJxYQ0dLMtifX0d6+vr1+Z1hG1S0+RvMAyzEAWLfb4StLe3F3tbRVHA8/wIaT0zTDmz7Xa7ABC7zQYAGo0GdF1PZNmZCNe8rlwuh8FgEBBO10isp0GhUMD777+Pw8ND1Ot12CZBcU0Ey8+XSLyPNbKvestKWtp27gvu6/t0nz9nT3BAMwS0dallxQsCSIfRUwNy49GjR3MfW1SrVZSKhUTEu+cRuK4bBb07tj2Rwia1BAcQZHIUiyWo/R4c1wUQrNArrS56PRWZjIxsVl5aV+4JDNOCpukYDHQ4rjdyG8eyyOXjr17alhH9TjkMGIeBz7ogvAefmv0aSMj2hhO9WWUYjFN6hF9mRVFQq9WwsrIy21C7JWaO0Jd/ebI3GAzQ6/WiMNP22YXSg+MZiBkWgsRByLAQRG4hfvGkSFumh2maEEVxKtVTmL9xl2qKy3YW0zQjO8vx8XFkZ9nb28PKyspMK13j4HJeR6jsCANCQ6VK3PdbVdWFqjeA+PYUy7LQ6XRm2gAyK9i2jW63i42NjUTkS7VahSRJdzvwHUPghAq4vb29O3tuiqLw+PHjSM1xdjhAflWI6mSvm9jMeuKThCRIC7GQhn1YBO7jpHeJ6XGfPnfCevBpD5QlgI4sKxY8z4UgytGi8Wm1BlmW8eTJk7nuX7VahWVZ2NvZTrS947ogPgHgB64O4mGSMyPr2CZYbv6SvUlB0zQKxRJs28ZgoMHzgomx43ro9lR0eyoYhkZGliAKAhiWBsswYDkW7JjqnCXuHq7nwXVcuJ4HzyUwLQsD3RjJ2AjBMAwymWyiyYhjGWNZPMplwbgsCOfCZ92ZKjqGrQDD/7+cYTCLVe2wtWFnZweWZeHZs2ep8OwvER+h5SiE53kR2RERH52LTA8xw0GQWAgyC0Fiwc/Y2nJXKxZpyPQwTXPq6jNN0+5mhf4aUBQ1QnB6nhcpJ54/f47nz4MA5VKphEqlMlW+yDQIybv9/X202+2I7BgO6Z0EoYJiUa9DVVWUSqXY59LQVpTGcNFQvZEke6Ner8MwjETKj2lg2zaazSaKxSK2t5MNfuOgUqkgn88HlpVmC47hobDKX9uMNfPz4/m/cTM5wm3SMkp/VawraZ0XLTEb3JfMjUng04AvWaBsFpQTjBcJ8WDoKjhOQLurQtcNvPvuu3Pft2q1iowso5BPdt0UBR40HZyjCSHw/UDscFNFLACwaje4YDMMB5bjox8mhk1gHuB5Hjy/cr7KNQAhF5NlzyPoqwP01cENj7BEmkDTNGQ5M9UKnm1eqDd4QYLnuvA85+I5HBZwWBDWBeHdmV6NKYq68YQ4rPCYxWr29vY2nj17hh/+8Id4//33lzk09xwMw0SZHru7uwAQWZNUVUW/30e/07+wtgw1t4TWFppJfkDfRWbHbZiHvcV1XbiuO9VKsGEYcBwn9qR9lmAYJsq7AILJq6Zp6PV66HQ6ePHiBcrlMiqVyp20XUyCMK/jyZMnsG379g2GEAZ8zpNECqHrOhzHSUSuKIqSSK0SCwlsKpZlod/vY2trKxEBXqvVIEnSfBp+hl6foiigKAr7+/t3/7znCOtka7UaDg8PYRkuCusS5Cx7K/E7K2I4iRMpTVPttGSE3BXus2VhUbivWRYPDR7vgqaDANIQg4GGav0M6+vrcw/1DtWe+4/i20GHwdB0VAkbfj+Df/1rq2KjZUHPc+B5DiwzIAlomgbDCmA5DlImPWFaoihCEITzkMZgIHrfmbdXBRRFgeM4iKIEjuOmOhn6vg9ryJ7CcTwEQYLrOrAtC553MeCmXRaUx8JnHficB39G5+CQ5LjpdVAUNbG6g7g2KGb8+yKKInZ3d3F8fIwPP/wQb7311lLJ8cAgiiJEURy5AIUhpiHx0aqr0W28wAaWFomDKDPgE1hbFj0gmTXpMcv8jTQF+w4H3JqmGYWUNhoNiKIYkR2zaqGIg9BeFweqqoKm6YWcwzRNA8uysQkOVVWh6/rNNsFZzfwuL/Xfgm63C5qmE6k3qtUqTNOci4Ji+PV0Oh3ouo4nT54shOja3NxEoVDAixcv0KmqsAvcrXWyl1d8pzl/JtkyTSqOtOzHLBF+pou+Li4xf4z7zO8raUNYAp82QdscKI+B0u6Bpum5W1OA4PrCcRwqK9PbOikADM2Aoi7IDYCG7xPQNIXLZyWWYTgQ4uAyR0AIAbENOLYB17aRLZZT80FTFHWu6ODh+z5c14HjOPA8D57rwkcoY1kSH4sARVGgaTo4GFkWDMOA4ziw7HSkxjAcy0A4WqJpNpIvsWzwPK5jw7atSNFB+QDlcIDDwuNc+Jw3syt03JPg5cwC2d+ATzx4jgE4BiiaB82yoJlRFVW4UntycoJvf/vbePr0KdbX0xXwuMRsMbyKDwTWhZDwiIiPdkB6UBQgZnjwIg1B5iDKLDg+1TFLYzFNpodpmqAoamqCY1Hhl5MgJMKAi2yX09NTnJ6eIpvNRmRHmgiay+j3+wvJ3/B9H/1+P1GQZrPZjDJ20oQgVV7Fzs5O7FR83/cD+XAmM1eSwbIstFotVCqVhV7DZFnGu+++i+PjY5ycnMA2CQprPAQpOG/etJI/yQLHbbjPmRzAw7Kq3NfJ7BJLjINPA57oQGsPoA4MvP7663O/5oaZXdubM8xkowCKos9JDsD3CSiKHmtZYeVMcLH2PPdc4u/BIw78IQuI45jotxvIFkpg2HQNmgJVAA+OS9d+LXG3sEfUG1cHdaHVKiA6THiee34LBcbhAJcFYb3AujIFpl3RCRUetMeARvA6fGLDs20QigZFMQDNgDqXZxUKBYiiiGq1io8//hi1Wg27u7sol8tTvY4l7gcYhkGpVBoJOQytLRHx0emjp5jn96fPA0xZCBkOgsBc6ze/DYsYAMbN9DBNE5lMZqr9VFU1teTGZYTZLp7nRa09L1++xMuXL1EqlSKyI00Dd9d1oev6Qs5ZScNFAaDVaiGbzd7te5lgxthut8GybCL1xunpKRzHmXt4dbPZBM/zePz4caLtu90uBEGYGSmzu7uLfD6Pg4MDKMcGcmUO+bJ462c99fU/3PbS/2+7f1qQ1oyQSTFMYKXpHLnEErOAT3y0z1QUi0Xs7OzM/fmr1SooikIlUTXszQi+rwHJHJ57L1tWouU9hmHBMBerfT4hcBwrsgF4noN+p4lMfgW8MH854RJLhPB9MkJwsDeQWxHR4dqwTBOEnBMaPgXaYUG5DAjnwWenz+iYSq7qXfWQ+T6B7xOAOEN3pMBQDPa2N9Hrq2h1uqhWq1cmC4Zh3HkLxBLpwE3WlpD0aJ9dBJgKIgv+PLxUlAOLyyQYzp1Jw2BwnL3FsqypVoQJIRgMBqlsybgJDMOgUCigUCjAtu2I7AjzOiqVCsrl8tThq7OApmnwfR+DwWBEjTIP9Pt9yLIcW4WhKApc1x2phL5TTDhbNAwDg8EAu7u7YGKGqnueh1qthmw2O1f1hqIoME0Tb775ZqJmINM08dlnn4EQgv39/ZnV2g7XyZ6dncE2fBTWeHD8xft6V4qOpM6mNJEKaai1TYI0XMvuOx6KWn7c9/c+K3vaZzochyzEmmJZFqrVKlYr5djKwklBUQAFCuSc5Dj/67mqg7q+JpaiafCCBJpmYBgDhPUsWq8FUcpBzi0m2GyJJYbDRZkhe8pNYFkebJaHY1uwbROEBG08lE+BsVnAYUB4F4QN/j7XiZwP0ISJBjgcJ8BxrGvu68P3XfhwkcvwkKUyOOHqYP073/kObNtGNptFJpOJ/s1kpgt2XeJ+ILS2hKu6rutebW1pB6QHTVPgz8kOXuYgSSxYfj6tArOEbQY96bPI31hEJsCswPN8FABqGAY0TUOr1UKj0YAgCBHZMZdAyTEoFArY29tDrVbDyckJZFnGysrKnZ+XHNuGYRjY24sfdhYqDtJ2XHQ6HfA8nyg/o1qtwnXduZJ5uq6j2+1ic3MzcYjv4eEhPM+DLMs4ODhAv9/H48ePZzKIDn3qoZqjcaijuC4iU7i5TjbENIqOJGfWuAqQu0ba9ucm3OeJa1rwUIiN25CmhZ1JYRkuuk0du7u7Cwkir9VqAIDVyh0rNSmApi6UHL5/QTbfSp+zHI8MTcMwBtGk0DRUeK6DTL4Imrl/Hu8l7jcc24x+Z2MOajheAMcLsG0LzhDRAZ8CbXGg7KBeFtwF0XHXJzWKUFEGDk2zEKUMRCkD4gWWMUIIPM+F73sj7UEA4BMgkxkNFnRdB4V8Bj6RYdk2Ou02zs4uVrs5josmwMPkx1Lt8XDBsuwVa4thGBHpoaoqeq0eSPO8tYWlIWQ4iNK52kNkwbDpPj5sK/huTDNxD9s90pxfEQdh9ezq6io0TYOqqlFeRyaTiSws87TkUBSF7e1tbG1toVqtol6vR0RHqVS6MxJBVZPZUyzLQrfbTZ2qR9d16LqOR48exb5GOY6DarWKXC43t8+eEBK10CRtTanVquh0OlhdXUWhUEC3271I6d/fn5ntqVKpIJfL4fDwEO2zNizdRWFVuHIOvE3RERdJiYG0tZqkbX8u41WZmC8RHw+B+KJpCq1qUHW/CPUGIQSnp6coFQuQ57QoMM6yMhE7QTMsMtk8DF2H6wYry45jotc+QyZXAi/OP7l9iVcTV+0pyQZnPC+A5wU4tgnbti4pOjj4DgOf9yJFx12C9i5Wy9mhemaaYa8QiMQn8D0XHiEgngfH1cHxo++BY9vIyRK4oawFQggsy4Flu7BsG5ZpoNfrjRAmIemRy+Wi35NIiJe4Hwgnv8P++5HwUlVFqz5kbZE48BINUeYhSMyt1pZ5DBSGJxi+IYDn/akmyIPB4DwQ+eEd9+F3mhACVVWhaRqOjo5wdHSEYrEYKTvmRXSGRMf29jaq1SpqtRpOT08hSRIKhcJUSpxx6KsqSqVS7Am9oigAMLmt5XIwQVLcsm2324UoiombUwghc7UsKYoC27bx+uuvJ9p+MBjg8PAlstlstCJZLBYhSRKazSY+++wzbG5uzqxyVhAEvPnmm6hWq3j58iVsgyC/ykPOXZz3Jj2/TboCPE2mRdqmZGm2rNz3CWya8JDey/C1jPu+3idSrNPQYQwcvPPOGwtZuPzss89g2zYeT1kNGxdhyKhPfPg+mYzgON8UkpyBbTGwLB1A8IFr/TZE14GcXVpWlrh7jNhTGG7qLy/Hi+B48ZzoMKMJP+XToCwalMPA51wQltzySOMx0SRvKH+DuWViRVM0wPIIqYuBaUIQRqXdlmVeeV9omoYkCZAkAUDm/G8cXDCwLAumacI0TbTbbdTr9Wi7UOExTHrclZ9uicUjl8uNTORCa8twnsdoawsHUebOVR7MSGvLvAY+4fNYljW17ULTtAdv4aJpeiSvYzAYoN/vo9vt4vnz56hUKqhUKnOd/G5tbWFrawv1eh1nZ2eo1+vgeR6FQgH5fH7qY8kwDLiOkyhcVFEUSJKUKlXPYDCAruuJQjpDb/Q81RvhOSQM80yCg4MDMAyD1dXRz1AQBOzs7KDVaqFWq6HX6+Hx48czy0vZ2tpCoVDAwcEBOjUVtuGhsDq+TvY6IiNpLkdcpJFQSMs+PYSV+SXmg+G8sfsG4vho1TSsra3NPTwaABqNBmq1Gna2NpHLLsYGS9EU4E+o4BgGL4igGQaWqV9YVnQVnmNDzhXBsMvJzxJ3h2GCg53hsRYSHbZlwnGGiA5Cg7J40BZAaAKK8eHTBITygAky3W5ihAEAJHiOEHFfEw36ymNaloVMLg+WYUA8L7C5eB6I7w21yQAOq8PnPLCij7X8RVCb4ziwLAuGYUSkx7DFRZblK6RHmgb/S8wON1lbQsKjp/Sj7wvH0eAkFtJ5nococaCZ8f3ywOxIEOL5sCxrqgu6ZVmwLGt+QZIpQFi3XiqVYJomNE1Du92OMidCsmNeeR0bGxvY2NhAq9VCvV5Hs9lEu91GPp9HoVBIrKxRVRUMy8YmOFRVha7rqavj7na7kCQpUcBmtVoFgLlZbhzHQbPZRD6fT5zkf3x8DFVVsbGxcRGGf8kHUS6XIzXHRx99hN3d3Zk1B2QyGbz77rs4OjrC6elpQHKsiRCk0UHArBUdSVUcacnAWPTzL1tSlniVQNMUGnUVALUwa8qLFy+Qy2awsT5/cmUYFIX4BAcQTMLYbB6moUdhiI5jBZaVbBGCPFtp6RJLAIBPPDjORf7GXSgJeEEEL4iwbQOObY1YOGhCB4QEwkpXf4T08GkfPj2e9b2OY29xaQAAIABJREFUEaa8i4suw8R7PYQQsGOIBce2IIuBooph6RHScaD1ImLSp71o38IaTt/3QQkUGAHI5Hys+rsAgpV8wzBgGEbkSW80GtHjSpJ0hfS4L1WbS8TDbdaWfr+PVn0Q3caLFwGm4rm1ZZj4m6p96Hxbxw6O5bjtGMMIA0YfuoLjOoSNJpVKBYPBAKqqolqtolqtQpblyMIyj/enXC6jXC6j3+/j7OwMiqKg0+lEREeccwshBP1+PxEZoCgKKIqauV1mGgwGAxiGgddeey32toZhoF6vo1AozI2UbrVaIIQkroTt9Xo4OTlBPp8f/RzGXGplWcbu7i6azSaOj4+jANJZ5brs7e0hn8/j8PAQyrGOfIVHbuX6Y/EmRcekK8RJFBBpncrPW82xJDWWmBXSfizRNAW1Z0PtmHj69OlCArFfvHgBwzDw5utP5/7c4zCF0ZiCKGVA0xeWFQAYaF04toVMvghqgnaLJZaYFKPtKdydHl88L4HnJdiWAcexL8JIR0CBJsw56RHAp3z4FAFoAp/xg3/PBRrjauRo7+IrGHd10nGdsQN94o3PDfF9f/R1jHn7hvdtmPgADzCcj2weWDsnPTzPg2makdKj3++j2WxG24uieIX0eFUnjw8dl60tjuNEOR6hvaUfWVsoiBkOvEhDzPAQJQYsn+xSFE4SfF0GYEylNNA0DRQFEKkLA4BE0rVqP0+EjUue50VkR5jXUSgUIrIjbjVpXOTz+WjlP7SuhFWvkwaSDgYB2VZOYE9pNpvIZrOLG9yOSWvsdDqQZTmRWilUb8zLftTtdqFpGvb39yHL8bPafN/H4eEheJ6f+PXSNI319fVIzfHhhx9if39/ZiqcYrGI999/P2hZaTRg6wSFNX5s89RNx80kx9Q0mRxJt7lLpE1hssR0SPukfxrcp9dG00FRQetURaFQwO7u7tz3odfr4fj4GOtrqwuzplzG1ElqvCCCZVmYhgGPOAAQrH63LGRyxWUA6RIzw3C4KMfPxwrFCxJ4QYLvk3OrhwvPIyDEHUt6UD4FymcAwgDnbhAfPsCQc5UHCQiQULY/ZE+Jq+BwHReZ/KUGFccJ/GdjQIbsKYSOnykSnvAj0oMGaA7I5IAMOEhkJyI9wh9N06KQPiCQxGez2Wg1LpvNpq56cYnpwXFcVFUawjCMkQDTXquHnmJG9+dlCtJ5noco8aBuidcJyQ3Z30DPrEGW5anCQVVVBS9eTFIM+mzk9leR8GAYJiIZwrwOVVXx/PlzvHjxImphuWu7gyRJ2N/fx87OTpTTEQaS5vP5G5U7ISGSj6nuURQFnuelyrKkqipM00wU1KnrOhqNBorF4lxylCzLgqIoWFlZwebmZqLHODw8hK7r1wep3lDXkc/nIYoiWq0WXrx4Eak5ZhEgTNM0XnvttUjNcXaoI1/mkSvfrCyaxpqXdLqVNpIDSN/+LLHEfQV9Pt5v1TQ4tocn78zfmgIE6g2B57GzlexcfxeYSVQ8zbCQszlYpgHbDiahvk+g9dsQbBNyrnSv2LAl0gdCvMgOBQAMO9/MB4qiwbI0MGT38M/rWwkJci48zxlvQwEFeAyoobYUUD4I5YHyg+8FTdG3Boxehuu54C81qNi2dS1RMpy/QSUgOG6DQZ9FpIecA2SwAHIQ3CeR0iPM9mi329F2HMdFKo9QCbAkPR4eQmvL8Eqqqqro9XoR6aHULqwtoiiClwEhy0HOcGNramU/sB1YljVCpiTBYDCAXLhekfCqEx7DeR2WZUFVVXQ6HSiKAp7n8frrryOXy93ptZ5lWezs7IwoOs7OztBut6Pg1OHnD883e3vx09ybzSY4jot3Lho+/d/B29DpdJDNZhOFpVarVVAUNbfsDUVRwLJs4laTMIelVCrdrP64obWG53lsbm5Gx2lYJzvtuSLE6uoq8vl8EEDa6kDr2lh7lLm2UvvWzI1bLHvTNKukkehI4z4tsUSIy9/HtAXVhuSGMXDQaejY2dmZazh4iJOTE3S7Xbz2eD9V789Mu/AEUQLDsjDNAfzz7ALL1INMgGxhqeZYIjFm3Z4yC1A0DZYeJVp8QuCRIMzTc1wQ3x3vtfUp0P7F14+Oqd4AANd1xjaocOz4SZo3ZF0hzOwJjnHwfR8m0wCVpSBnAcmnUUQGEnkyYm8xDAOdTid6r1iWHbG25PP5RBLnJdKN66wtoa2l1+uh3w5UHmG4LZuzsCJdSDBt24brulPlJGiaBkIIOGnybIdXmfAQBAGCIER5HYqi4KOPPgIAbG9vY21t7c7taOvr61hfX4+anxRFGSE6WJaN7ClxCYEwZ2hWE+FZoN/vB9V7CbIsNE1Ds9lEqVS6c1sRALTbbRiGgadPnybKYnIcBweHh5AkCeVyeer9Ce1MiqLg008/nXmd7Be+8AUYhoHvfve7qL8YoLguIlO4/Zp+XR3lLEmOEOmZdoxiViRH2iafSyxxl6CHlNqt2gCCICwkWNQwDDx79gwrpSJKxXS1qc6U4ACCANJMpgDLNKJASEK8pZpjiakwTHBwXHobOwLSgw7aUM7HdcT34DluYHEhHjziApdIjySy2ShNfgi2ZYG/Rn7skQsFB64JQ50lxg04wv+bTAO+7EPKUJDAoIQsgCwwyI8QH91uNxoEMgwzQnqEvy/xcDDO2tLr9dDpdNDpdIJg2wZwxmjIZrPIZDLRMTWLgFGBT06cvqqER5jXYds2Go0GTk9PcXp6ikqlgq2trTtvYAmPF1VVcXZ2hmazGQWS6rqOUqkUe5Id2upScX45P4W2z19TEtKlWq2Cpum5qDfC5q21tTWsrq4meozDw0M4to2N27zkMRQzoihiZ2cHiqKgVqtFlpVpzhvDkCQJP/7jP44f/OAH6J5p8ImPbOnmsUrcOtm0KzLiYtr9Hx5jLOcV88WSUFochsmNrmLC0Gy89dZbcyGvL+PFixcAkCprSoiZExzAeYicFPihTcuAf55VsFRzLJEExHPhuhf2FDbFBMc40BQDmmcwTDtc5HkE/8a1p3ieN7ZS1nFsyGMk1YSQSFUF6vq2l1ni1sHauNszfYgZQAQDIAPfl2FbLvxBJsr1qFarUbsNTdNjSY/lhffhIFyR39/fh+M4EdnR6XTQ6/UABMTINAofTdPAsBSYKQiOy3jVCA+e57GzswPf99HpdNBut6EoytyIjlANNGxfIYQksnMoigJJklJTf93tdOE6Drafxk+n7/f7aLVaKJfLc1E+NptNiKKYWCERtuZUKpV4xNSEl7RKpRIFkP7gBz/A3t4etre3E+3rZVAUhffeew/Pnj1Ds9mErXsorAlguMne98uKjpsyOx7iFS62BWd5nV/ijpE2m8owueE5BK2qikqlkqglbFo0Gg00Gg3s7myn5lo5jDshOKIH53hkWG68msMyIeeXao4lbseweoNl+dQdM5ZlxV4hZBgGDDNKesSB67rgxzzncM7GMIjnRL/7d5C/EReThq1RFAVB5ADRhggagAxAhmO58PVsVF1br9cjCw5FUWNJjzTYmpaYDhzHYW1tLWpUGAwG6HQ6cBznli1vhqZpIwGjd4FhwuMhkx0URWFlZQXFYhHdbnfuRIcoinj06BF2dnbQaDRiExyqqkLX9Zm1bkyF80l7p9tFqVRM5K+uVqtgWXYu6g1FUWBZVuLVRMMwcHBwgEwmE7zWG0JEx2LC+2cyGYiiCEVRcHR0hH6/j/39/ZllPz19+hS5XA4HBwewjnQU1kXI2duH23EVHQ9BxTGM2xQq04S0LrFEXFwmGkMs6jikLxUINGsaCPETVYZPC0IIXrx4gVw2g/XV+IsI88CdEhzAJTWHqcP3z7M5LB1Oy4KcK4IXloGCS4yH7/swdDX6PzuH9Pc4sCwLnuclIjmmgeu6yF6aKDiODfqa6tzh/A2fuXv1xm2YZIVqHML7cwILCCb4EoVCSHrYLkzDha+LME0TjUYjqkUEMJb0WISkb4nZIbRHTAPHcWAYxrnX357Njt2CkOwYboJ5aKBpeoToCIMe50V0MAyTqL1DURRQFDW9PWVGp9l2uw3PdbG5FV9lEL7vSVQscTEYDNDtdrG9vZ046O7g4ADApcyUuCTHhGAY5kqd7OPHjxPV747D+vr6RQBptQe7wKG4Hi+XZhJFxzQkR5oJkuv2a0luLB5jc+UeMCiKWvhrvkxuaH0batvEkydPFpJP9+LFCxiGgTdfj68qnBfunOCInihSc+hRGwYhHrReC4KYgZwrLk9cS1yBofUiUoyhWXDc/EiE2xCSG4IowDKtuZIc1zWosGNyOQDAcy+UHT59td52UbjuO38d8XHTOYLlGOR4FigAeYgARLi2B9N0QQZCVFtYq9WibTKZTCRtD8mPWdQILnF/EOZvSJIEf04ER4gr1cvneEgKj8tER6joKJVK2NjYWEjq+01oNpupsbkRQqKw00KCutpqtQqO4+78PfY8L3rfkjTWAEESf6/Xw9ra2kWNbTinCD+K2+YYce+PizpZRVHw/PnzSM0xi+uAJEl4++23cXJyguPjY9gmQWFNgCBNRqzfdP27Ip1HfLLi8tu0+CP+ZqThO/kqY9GT/EXj8vdvkWhVNeRyOTx69Gjuz93r9XB8fIz1tQpy2btdqJgGcx3JB2qODFiWg2npQ00rA9i2gWyuBG6p5ljiHJ7rwDS06P+8cLep/HEwTG4AuJbkIITciTXCG0NwWJZ17aBsOGCUMYXzHA4SZHEwJPg9RWOHJAqPcfdheQZZngHyQJD6KsC1PViWC8dw4ehMVEcYImzryOfzEenBpUw5tMTs0Ov14LouKIoCSUlw2kNUeAwTHb1eLwqPzWaz2NjYSBxIOUsoigLP85BPQCbcBbrdLgghiTIi2u02er3eXN5XRVHgum6ihhcgsAUdHx8jl8uNf+/jzt5j3p/neWxtbaHT6aDZbEYBpLOy9ezs7ESWFeVYR67MI1+OvxgyfD0MV5WjkE1M17CS5qnr0pqyxKKRltwNAGjVNNimi7fenH9rChCoN3iew87W1kKef1IsZKlyXDaHTwjUXgssK4DlOHC8AJYXQFFL3/yrCkPrR78zDJeacFHLtuEREpEbHMfBcZyA5LBsmJYFURBACIkIj1mTHDQ9vkFF4K9OxMfmcvgUKI8B5QE4jy/waR+gSFAhyxCA9hc+6LmLiwrLM2B5BsiFA0wBnuPBsjzYugPL9NDtdoPGjnNIkhRZW0K1RxpDlZaID9M04bouPv/8c4iiiEwmE6zgZzQw7Pjv7bwG3A9R4RG2eZRKpagO+NmzZzg5OcHa2ho2NjYWZh1rNptgWXZmWQzTwPO8yF6SxC5TrVbB8zwKhbut7lNVFaqqYm9vL7Gt5+DgAAzD3GylmcPFqFQqQRRF1Ot1fPLJJ/jSl740M1VmoVDABx98gIODA5ydncExCQqrAtgYwcY3KjiG/p9EkZFG6iB8TUtiI11Yfh7zw2VywzJctM90bG1tLaTG/Pj4GN1uF6893k/9cbAwLfZo08qFmsN1LbiuFa3cMwwHjuPBcDw4XgB9jQR/iYcFxzJg2xfhooK4+AEncE5ueB4EIZjcclxwfFIUBdu2IQh8RHL4hMD3/fO/CzM7GXieNzaL5P9n782WE1kSbNHlHiMgBELzkLlTOe/qs6vM+jxcO///cK7dfqluq66uPaSG1MwoMcXo7vfBw4MAgQQBCLSTZSaTMiWCAGJwX76GwPeQGzIwJ5Qik1kD5wxhGIKLEII/Hi0STgBo0FhvctFTeTAI+jLtK5Ng2kRr9XjN0JA1NGTXeqQFZwKeG8LrBvDcEM1mE5VKJf69bdt9eR5ra2uw7eVRGa0wHr5+/Yq3b9+iXq/H7Sy1Wg1Az8Kk512Ytr40lYR/FoXH+vp6XOd6f3+P79+/4/LyEnt7e9jd3X3R84kxBsdxEIYhLi8vUSgUZlYhmgaqIvsgxSpZrVZDq9WaWZ7EKPi+j0qlgmKxmLqJ5Pz8HJ1OB/v7+7MltlLeqpQ68927dzO3nBJC8P79+1jNUT7voLBrI7c+uULwkYIj8e+0ioxlsqoMu7cvc2bIj4JF3/uWBS/xPgySGwBQvW7DNE28f//y6g3HcfDt2zeUNorYKM6XOH8ObZ9gzXz6KrdwtmCYmiMJxgIwFgBuB0BEeJhW9GUDq5PtTwmn0wsWNQwb2hIQW4O2FD0iNwDEla1JkgNC9FlXZjVYD8Jg6MArGSSaBCUUNNpP5WrhnIGxEJxF3zkb6ikknIJwAKEaeApwKkA0Dq6xyOoyi1eVDtPeZJ7KACEUyOQMZHK9wSdnAr4XwnMYfCdAs32ParUa/9627Vhmrb6vgkyXH9lsFtlsFkdHRwDQV0V7e3sL3EoZ++bmJgqFAnxDfuaLHuz9WRQe6v33PA8PDw+4vr7G9fU1tre3sbu7+yJEg6Zp+Pd///e4Yvbu7g6NRiOuKX5JhGGIRqOBnZ2dVGGsV1dXsCxr7lYbde1LWwnbaDRwfX2NQqEw3uucU6uKguM4cRBumoDacbG9vY18Po+zszM0bhsIHIbCtgUyZELzFEYqONS9fMLr03MtJvPGoAVnEIvevxV+bLxkRewwcuOh5qLb8vH169eF2KZPTk4AAEcH87s2joNOpDpv+/I9GkV0LH7WiJ6aw7IzYCyUX2EIzkIMiuQZC8CcXjaDrlswLRu6aUJfogDKFdLDczoIQxn2J2tCF78qPkhuGAlyQ2GQ5FCYdQhpEITI5voH/L7vQdfHn0hTqsnGlcQ1knN53jHGwFkIxocRJgSUE4BTaEF0+VB5HpqQAaZULFWeRxqMuolRjcDOGrCzBgB5XHIuEHgh3E4I1wnw0Gz0KT2UrUURHlO3M6wwdygLBSDP/Uajgbu7O9zc3ODm5iZWHqyvr8PTK89sLT3SWmFeq8LDsizs7OygVCrh4eEB9XodlUoFhUIBe3t7LyLJ3d3dxe7ubpzNU6lUYqJjYsIy5VL6/f09AKRSb1QqFXQ6nbnX3DYaDXS7Xbx//z6VpYcxhrOzM1iWNVlOyJxIDiEEKpUKMpnMi6yO2raNr1+/4urqCt+/f4fXZSjuWbAy6YblfQqOhFUl7a14Ubfwca91r3yIscIKIzGM3GABR+26jc3NzbmSr6NQLpdRLpdxdHiwUHt2w3383oxScywFwaFACIGuG3KiGM0DFdkhiY/g0SqzsrSgI729mi7VHaZlr+wsrxBCCDidXvaGadoLz2FxPQ98IHNjkNxQSJIcAGAaJvzAnynJwTkb2qCiadMxupTqoKYecx5CCEl0sBBhyMAFgxhGeiTzPKJLCqEaOEk0UpDedwEBkGjcKQRACYTg0WITgSACRIjob6OBGzjiU3/JBBGUElgZA1bGQAFyoM9CDs8N4XcDuF0P5XInrqzVNC1WeKivZfD8rzAclmVhb28Pe3t76HQ6qFQqKJfLuLy8BCEkXuHP5/MxsQDMZrVnVo9/bQoPXdexubmJzc3NOJD0119/RTabje0r80by+W9vb1Gr1VCr1VAsFlEoFOa2ghYEAe7v77G3t5fqunB9fR0ryeYFz/NQq9WwtbWV+rM4OzuD67qxamoszLFVpVwuw/d9/OUvf3lR1d3h4SHW19dxcnIyVQApMFrRwaObJ53wevKSKolprpfLZK35M2PRisVlwOAcdNbvyTByAwCqNx0wxhdiTeGc4+TkBPm1HPZ2FhcG3gpGv9fDSI6lZwA0Te+zJ7AwRBgGYGHQ1wwByA+B+w4C30G3DRhmBnY2J60sK7wKOO0H8GgSTakGc8GtOr7vgz+j3BiEIjkIpdCoBlDA93okh+/7UzGgjDMYA4/3vckUHL7v9632UErjC7UKRCWEQNMNaLoRW1sEZwgZkxaXIMrzGGJtEZyBjGAiyIifJwGn0h4DPVKPELEUo5s400OnyK6ZfZkegc/gdgN43QCu28HD5T14lIViWVas8FDkx6qudvmQy+WQy+Xw7t07PDw8oFwuo1Kp4P7+HrquY319PZbbJ8mOZYE6Pl+TwkMRSO12G81mEycnJ7i4uIiJjnlLddXzdzod3N7eolwu4/7+Plb5zDpAutFoAECqVbq7uzt0u13s7c3386xUKjBNM7U1RZGEpVIpnXVzxq0qDw8PcVDqS9uRAKny+9vf/oazszPc3NzAdziKO5MFkA4iqeighKTOaH0JkmPays1lb4FZYYVxMIrc6LR8NOsOjo+PF6IAPjk5geM4+PLp44s/9yQYtKy8uhG0puvQdB1ABkIIsDBAEARgPIiDShWCiOzQdQtWJgsrs7x9vSs8roW17ewC90aupIWMxT7WccgNBUVyAICuGRCG6GtagefBTKnkoOQxceB5HihkCKpGKQiloE+kj3POwdX5kvwbtdJDaUx6UE2Lt0WoBoNGz5/M8wgDMMYja8uQ1pYZg/JoHxKCEkGi5hdllZkwH2SeK+5CCOgGRb5oI1/sDeg9J4DbDeE54aM8j2RriyI9VlgeqInvp0+fUKvVYglnvV6P2ysKhQJs20aXyBrip1oQXgKDzzeo8BBCLC3ZoYJ8HcfB/f09Li4uYqIjrdphEuRyOXz48AGHh4e4vr7G3d0dms0mNjY2UCwWZ/Icvu+j2Wzi4OAg1cT/+vo6bnyaF2q1GlzXxefPn1ORS57n4ezsDJlMZjrL0aQz2hF/77ouKpUKSqVS6qDUWeHdu3dxAOndWQfFXRu5QnoCjwze2yesX3+pzItZXAeXYH1jhT85Bu/fs8QocgMAatdtrK2tpSaUp8HDwwMuLi6wu72F/Npi59B5Y7z3XKk5Xh3BkQQhBLphxvWhSTuLynAAIhtLy4PTacLK5GBn1xZue1jhMZK1sLpuQtNfPkRHgTGGIAgAQmBZJnRdH5vcGAb12CCQ6Tgh5yBBMPEAMQzDR+oNuV0ftmmBMdYXNkoJicmOJFGhJKtKmTIIz5W2HBAChJKwoAAs2340GKFUAzW1ZJwHWBjZyQj6Glvk/wkIjnjZpf9GISTHQhARlgTyj3v/x0U/kalABAUY+qwygggIwkG0SOlB+UjSY56TzVHbVtYWBR5yuMra4gSoVmXuAyBJp6S1ZX19fWVtWRIoO8PXr19joqNSqaBSqSCbzSKfz6NQKMA0zVg9oVZY1c/LArV/y2pjyWQyyGQy8DwPzWYTt7e3uL29xebmJnZ3d+e+Am/bNt6/f4+dnR1cXFygWq2i3W5jY2MjVSBoEvf39yCEpFJv3NzcwHXdVLkd46Lb7aLRaGBvbw+bm5uptnF2dgbG2EJ85MNQrVZhmiaOj49TPb7b7aJcLs9s8rG5uRmTHPW7OvwuQ2HbBB1RWT0u1H1fjQEmnaDN+go1D4J3ZVVZ4aUxi+P4SXLjpgPPCfHlry9vTQGkesM0DRwdzu++Mg+0ffK6CY5BJO0snDMEvgff96Aue5wzOJ0mnE4TdiYHK7O20En0Cj08qoVdoDWFcwHf86L9MKFp2qPMizQwDDMeVHiejyAiDiYhOcIwHJrhwVkIIcw+wsLzfElkMCaFDgmiQjW8SDuFDggBEX0l80aS28IEffTzPK+44BAsBOMcLGTgPIxtTYMggoAIDeADq1E0ofYg4wWjznvFXQgBOsTaEvoMjhPA74bwnC6aVw+xtcU0zUfWlkWka68gQQiJQyqDIIiJjru7O9zd3SGXy6FYLMZhlaNsLIsiPpLPt+xEhwqnVIGkDw8PqNVqWF9fx+7uLra2tub6/Gtra/j5559Rq9VweXmJm5sb5HI5lEqlVDlLirA5PDxMZWG8vr6O22jmASEEqtUqstls6sn8zc0N6vU6tre3Z1PBOmXgaKVSgeu6+Pr1a2rb6MnJCVqtFh4eHuIK2Glhmia+fPmCm5sbnJ2dwXNCFHZtZHLTDdlVBofAdIqMtETCcy0p02LVsjI/LEJx+Fowzf36KXLD6QSo33VwdHSUmlCeBhcXF7i/v8eH43dL89lv2ONf8P9UBEcSlGqwbNnM4nsu/MDrs7C4Tgeu01nldCwJuu1eLaxp2qALrNYUqrsnOqEZ42CcyTyNKWGaFoQQcZVsEARRuO54p2IQhsjl+6v/fM+VjSgRNE0D56KvyUXB83xwIH5thFCYQ5QpjDMILsA5QxiGgBCgS5IJQQkFdFMmfMS7LsBZLx+ER9/FKLUHp5L0CIFY7UEFQDigGmGIkP+nHjPnC/yo7eumhrypAYmFac8J4Doh/G6IdldO7BRyudwja8uy3Jx+JBiGgcPDQxweHsJxnDh34OrqCldXV3ErR1JxkFR3AIsjOhSEEEtPdGiahlKphFKphGaziYeHB/z222+4vLzEly9f5q5yUuqd6+trXF1d4eLiAsViERsbG9B0bexJeKPRgKZpqRQYV1dX8H1/sjaSCVGpVOD7Pj5+/JjqeOx2uzg7O0Mul1tIzkWM6PNQpMTR0VHcmDQpzs7O0Gq1sLGxgXa7jX/84x94+/btzKwu+/v7cQBp/aqNtQ0The3piSGZ501ST1rTZl685HVM7ePqzrfCPJBGBTWIp8gNAKhetZHJZPDhw4epnicNHMfBt2/fUNooYqO4wOv1FFiOGctcQWBaGZhWBkHgIfB9MBbEv1U5HZpmIJPLw1xw7sOPCK/bBmO9WthFB4tqlMK2bbieB8/14nBQy7amJjk8zwVjTCoiICdBk4RJMhbAGNKgQhOWK0ppTG4wzqTVhHMwxh+RHqMC8lQ4quNE5woh0GdEOnHOwRjry/mYHgRU02EONCcJLhCyICY81NfQLXACQAOYBhJfIgQ45SAUEBoHJxxkiNrjpSeisbUlsrBzJuC5Abwoz6NWr+D2tpf7MGhtmdcq7wrDkclk8PbtW7x9+xatVitWdlxcXODq6ipWdayt9UiELrl9MtMFeFnSTe3PshIdAGIlU6fTQblcxt///nesra3h48ePcyc6Dg4OsLOzE6s5Hh4eUCqVsFHaeLbFw3VdtNttvHnzZuJwYc71akgnAAAgAElEQVQ5rq+vkcvl5vYaVcDr0dFRanLi9PQUmqbNloRJ2ari+z7K5TIKhQLevHmT6qmr1Spubm5QLBaxubmJjY0NVCoVfP/+Ha1WC8fHxzNRqeRyOfzyyy/4/v07rq6uELgMhR0LhjXd/ViRHAqTXlNeA3EweFi8hn1e4fVgnpkctZsO3G6AX375OvMg63FwcnICADg8WA4rYRI5AzCEiENFR+EHIDh6MAwLhmEhDAMEvteX08FYgHazDtp+iHI6Vque8wZnIdxuuy9YVNbCLv59p5TCtixJcni+VFxMSXI8Ijd0fWI7Aefi0WM8zwPV+gkOBY1q8f4aiKpfOYsqYNmTDDIXHEJwub9CwHVdmedBCSiR3wmhsdw0DMOYtHgKjDFpz4lCzygAEuWDxMGmM7qgE0pgUBPJgBAhBBhjEDyMglEZGA9GbUEGmnKAhBrUXim1h6AC0BgEAQR9eaJDPR/VCDI5E5lcsrUlhOeyyNri4Pq6GVtbDMOIcyEU8bHIbvMfCer9/vDhAxqNRkx21Ot1GIYRqzqy2b14ZD5oZUkqPGZ1rD23rTiQdMkVHYCcFB4fH6NSqaDVauHvf/87KKVx80qq5o4xoOs63r17F+dz1Go1NFstbJZKWMuPDv5sNBowDCOVeuP6+hphGM4t0yIMQ1QqFeTz+dRkwMXFBZrNJvb29ubTDjXhUn2lUgGlNHXlouu6OD09RSaTia1QlFLs7u4ik8mgUqngv/7rv3B8fDwzq9Tbt2/jbI7yeReFbQtrG9Nds5Nvm1qRnuSa8loUEquWlRXmgWnuv+NYUw4PD+dutRwGlSP25vAA1hKPC1Vbyiii44ciOBR03YCuG1FOhw8/cOP2iP6cjjVYmdwqp2PGYKEPt9uG53b7/n8ZamGTiEkO152a5IjJDdcDCElFbgAYat3xPA+Eaj3byRPkACGkV7v8zHHNo7BSpfrwPD8iBwQYeF8qO4EKECXSzhIRHfJL67uYq0m5yvnwPL+XE5LYJlTFHSUQkO+ZNgMVSc8SpPcFoyprC1PfWfiExUWqPQgDEETvJxFS4aFJawsnDKopd17Ex1Pb0w0NhqkD64lcFieA57CoqtZFvV6Pf6fCMJNqj0WsHPxIUFWjX758iS0s5XIZtVoNtm3HZEfG6pEJSbJjkWSwQ++WmuQAgO3tbWxvb8N1XdTqdVxfX+P6+ho7OzvY29ubOhR0FLLZLL58+YJGo4HLq0vc3t4i08yitLHxSGXhOA46nQ7evn078fkWhiGurq6wtrY2m0yLIahUKmCMpSYDHh4ecHl5GSmUXr7icBC1Wg2O4+DTp0+pia6TkxMwxoYSUuvr67BtG9VqFb///juazWbq924QGxsbMclRrVThdUMUdyxoRrr74iOFw4QtT69JIbGyrEyOWasSVpBYZmsK5xwnJyfIr+WwuzM/y+MsoYgOoJ/s+CEJDgWZ05GROR2+i8DzwEVPvu46Ul1gmhlkcnloU7RorAAEvgu300YQuI9+p1ED5pxW1aYBpRS6rsu6WAAq62ESgsOfEbkRhuHQsNMgDGCbVkREkD67ynQg0A1DNpeMyPRQUKoUlS3CI4UIGAMQ9JEefKDOedR2Pc+HAMC4AAQHnTOTLIkYre+iKLgAF6Fsp3km0BSCgCYCTWlEn8RqD42DUybtLi8wyho2OO1ZW+S5xnkW6OThOE5MeNzd9SbQg9aWeU0IV+hNxpNNLOorl8vF9ouMMZzsGIZ5B8Op+ttlrZZVsG0bh4cHCPwA9/f3MZlUKpWwt7c3t0wIRWDd3d3i4lJmr6yvr2NjYyO+BzQaDViWlSq34fr6Gpzz1BkSz+Hh4QGdTgfv3r1LZWsTQuDs7AyGYcw1H0Q+2fN/0m630Wg0sL+/n3pl9OLiAg8PD9jZ2RmpejNNEwcHB/H1VFlW1tfXh/79JNB1HZ8+fcL6+jpOT09RuXBQ2LGRWUs/nB+mcJik5WnY45c1lHJFcqwwD8zqWK/ftuF2A/yv//VlJgt6k+Lk5ASO4+Dr508v/tyzQJLs+KEJjiRM04Zp2ghDH77n9eV0+L5s+LAzOWRy63K1fIWx4btdOJ1W33uqoGkGTMuGvqQqGd/3ETIWT8INw5ioLrbPljIFuQFIIsOy+kkgIQRYEAAR8aHNcMV9mJSYCx5N+nlEfPSTH4TQ4eGmUe2sqqdViqlMJtvbJpeWGLn93jY914u2/fLDEkIJNBjQNCMRaIoo0DTsZXuIsK8Ot28bsdpD65EeUX0t9ESLywLEEpQSIN9GLg9s8SMAssrYdV10u124rovb21tcXV0BkMdEsrEln8/PbeX4R4Wmadjf38f+/j48z4sn4zc3N7i5uUGhUMDGxgbW1tb6FBTDMjueO2emXaGLbStk+W0rAOKJdrJ5pV6vY319farq0+ewu7uH7W2Zz3F1dRUHU9q2jW63m6qVJAh8XF9fz+0c9DwP1WoVpVIptf3l7OwM3W4X+/v7L3P9fsKLoKw2a2trqVtgGo0GLi8v44Dg51AqlWLLyn//93/jzZs3ODo6SvXcg9jd3e0FkF43kSsaKO6kXyQapnCYRNFBgLiGdvCxy4JVy0o6LONnuSxI3kPHeZ+eUm+43RC12y4ODg7mTwgPwcPDAy4uLrC7vYW13OvPaVsRHAPQdRO6boKFIXzfQxh68e9k80oX2dw67Nz0VWB/Zggh4DltuN320BVvw7BgmFbPLrGE8HwfbFbkBtJlbiQRhgxr6/0DGN9z+9QkySyOeYASCmiAhn6ST+Z1CGhUk/keIiI/mGxjGaydBQACmd2hEQ0YstuMM3iuCxACjRBwzpfGMkE1DeYAuy4EBwul2uPZQFNVX+sDycuwDDSNWlyozPZ4qVGYQ+/kzdoE8sZeX92h53kx4eE4Tp+1JZPJPLK2LGLl4c8Iy7JwdHSEo6MjdDodVCoVXF1d4eHhAbZto1gsolgsQtd1qaIYg694TvUxCQYnPa9F0ZFsXlFEx2+//YZsNhvndMwalFK8ffsW29vbuLq6QqVSkaGtmUwqAuHq6hpCiLmpN2q1GjRNS00G1Go13N7eYmNjYymUX+VyGZzz1LLvIAhwcnIC27YnmnxkMhm8efMmDhVWao5Z5MBkMhn827/9Gy4uLnB5eQnf4SjsWLAy6a+/oyb+StGRPN8Jz0PQDiC72eTfjHj8smFlWRkPK3JjdnjemtKCbdsLsaYAUr1hWSaODifPglpGLO/scsHQdB0ZXQfnGfiegyBQRIdAt/MA1+kgu7a+al0ZAGchXKcDz2k/Xh0kBKZhwzDNvlrTZYQ/SG6YBgx9ceQGALAweCSJ9X1fkhoqbHJBBAAlNB4pKNJCo1qc89EjPRhE1OhCnrHSxIoIIcAAMM/rWV00KoNOCQGZWRPLdCCEQjfMvmgTFerKWRRoykMwFo7cBuUU4DSqr01YXCiHiL5A5qf2SK7I9w1mM8BGIgdCCAHHceKvh4cHlMvl+PeK6FDExzJ47187crkccrkc3r17h7u7O9ze3sZfiugY530epbJQ5MQkGLXC+1oUHQBQKBRQKBTi2tCTkxNcXV1hb28Pe3t7M7+mZjIZfPz4Edvb27i8vExllXBdFzc3N1hfX59LOHC9Xke328XHjx9TqUOCIMDZ2Rls256bKmYoRrSqNBoNdLtdvH//PnWD1MnJCXzfTxW0SgjBzs4ObNvuCyCd1SrtmzdvYstK9aKL9S0T+dLkn9tzCoe++yy3QMQGwPIArUMQ99UpJF5ThsgKy4fB+980tqzGXQdOJ8C//dvn+QQxP4OLiwvc39/jw/G7pRhPzwIrguMZUEphZ3IwTBOe68STE85DtJt1GE4XhjWcidc0DVTTQDX92cnca8eo4FBAZhsYhgljSRpSnsMjW0pacmPKzI1BcCEeWXk8z+0bgLMoK4RQOsMsjunRR3pEeE4erwI+k+qPfqtLTx1BhIibWDRNS9XE4vs+CAioNrsmFxXqqmnPBJryEII/EWjKNZCEakbmeghJeFDZ5iLobAPBBlfsHjV5rAGb2d4ENgzDmPBwXRd3d3e4vr4GIK+FycaWfD4/tyaLHwG7u7vY3d1Ft9vF7e0tbm5ucH9//0jVMQmUAiStwmPYtb1LbpdezaGgjstut4vLy0ucn5/j+voaR0dH2Nub/WtQxEoaqPNqHuoNpdDa2dlJPQE/OztLTQbMBInZdbfbRa1Ww87OTmplztXVFer1Ora3t6eyAyUDSP/44484gHQW46JCoYC//vWvsmWlXIbvcBS3LWhmuvvY03tEQbEZ/Z0O8B2APEDQhzEfv1x4Tfu6wuvEc9aU6k0H+/v72NnZecG9knAcB9++fUNpo4iN4nzyqBaBFcExJjTNQDZnIPBdeJ4TT86CwB0amjkIQqI2CU2HplFomiEnoZoMNiRUexWT/0EEvgu320HgO49+p2l6bEV5LRhqS5mA3PDnoNxQ0IZMWDzPAyU0JgHCMEQYKoWAbCCRE34q8ySWSDnz3PGu6ZIYFFGwKx9hdQGiQNKI+AjDEJZlyWBQxqBF59lzz8ejTBGwyEMsRHR+9hphZnWODg00FSJSekRhpoyD8eFqD5nrQUBY/+BVaAzcZJL4mAGSdaTJfyv0TYZNQDeBnXxvEuF5Xpzn4TgOGo1GvC3btmOFxzSTvR8Z2WwW79+/x/v376dSdSShVBfDMj0mBSHkVak5AEl0NptN6LoOy7LiCeObN2/mZgeZBI7j4O7uDoVCYWb3liSq1Sps205tTbm7u0O1WsXm5ubC83kYY6hUKvF5kgbNZhPfv3+Pa7WnRTKAtFwux5aVWWybUooPHz4gn8/j7OwM5e9dFHZtZPPphvqjVBhUlADRv00iCiDcACd1gPAnH7+seG37u8LyIBnKO4hnrSnXbViWtVBrCgAcHsynanxRWBEcE8IwbeimDc91hk7qR0EIKctnLMDjqE0JQikI6GOZHyHS0hGtKitJPqVa33dQIieyZP6Sfc/pwHM6CEP/0e80zYBpWtBfWevMI3JjSluKaRjQZzQADYJgaINKGPjIZrLxcyZhWSZ4FN6pIASgaYn6Vm25lB5JUEJB9WjfBqwuvYBTeV4lg0091wMhBIwxSfgQAgT9TS4apSAD9bXqfUrW4iqSRIEQAqpp0ePpTENdCSHQdONRLbWsrA3AmCRABNijJpp4G0yD5mjglAFGCK7PRtUxyfUkSXoIW8Cwgf2CvHEKIWLCw/M8NJtNVCoVADLAtFQqxc0Tg3WaKzyNWas6plV0DEJlvCy7okNZrcIwxP/5f/437pstVCo1/Otf/0KpVMLR0dFCMyWurq5ACJFkyxOhmmlQqVTgeR6+fv2aKkfHcRycnZ0hm80ungwS8rMMggBfvnxJNSZijOHk5ASmac58ZbVUKiGbzaJcLuOf//znTANId3Z2YstK4+YeXlcGkKYZFj6a9LN1AD2bD6UEPLaTZkGFLUkO2h3++CXHa9vfeeI1LrouGpPaVBp3HThtH3/5y1/mQlg/B9XUdnR4AGtKu2MYhgux14zC8uzJKwIBYNsZmKaJwH88sZQQ8QRMCB7L7Z+C4BwCw/9uWAPJs/tJ6GNyhPRIkJgsif5f080nT0zBGdxuB57bGREcKvM1ZhEcyhh70aBCz/fBwjBWCExlS4FUbsyK3ACiitiBCZ9kiwVs246yHmTQJ4vCPUeTHpFSAZE6ICI9lKKIgMxUrTBL9EJJH4ecuo4Tv/+UUgSRkiVJWKj62nBIfS0g7TCKiR/aBjNAepiGMfcLOo2sbsmjSXCp7pDVtfxRfS3lGuBpIAEHzBBMm42iI37+cesDBzIZhBDIZvb6yAvGGDqdDtrtdl+Wx9raWkx2bGxsLE3A7LJj1qqOH0nR0e120Ww2AQA721uSSCisY6Owjkq1jrtyFfV6Hfv7+zg8PHzxAakKmt3Y2Jj5dafT6eDh4QEHBwepyYmzszMASF3BOkvc39+j0+ngp59+6gtMngSnp6dwHAdHR0dzuR/ato03b96gXC7j4uICzWYTx8fHMyF3bdvGzz//jMvLS1xcXCBwOAq7JqzM+MfNo8U2kQFFMf4/Sik0jQKEgzN1j6GgYguCtwDa6H/8VK9o/lj2/VvhdSA5PnpKveE50poyr2Dr58A5x7dv35Bfy2FvZ7o8IM65zC7kfGqiZFZYERxTgFINlj3mjUgowiOakESr0IJzcPAoUHG2HnpJrGBkk8MwGMZoX/wwKw4BYJgZGKY1swlIGIbwfT9qLZn/ADJWbkxLbsxBuaEQshD5Abmv57nxaj+JsieA/pNaKhxYPLFXBEByKceyTDDOAc6BsGeJIISCkijPg2ogBD210JIhKQ1Ux2Ey04IQMpKwUO+Nek8opbAsu08pIm0jj5Uii5p0E0qhUxPJOQ7nHIHvIQjc3g2WU8A1oVEBYQTg+mytK2kwmMugaVpcPQtIW0un00Gr1YoH52rF+vj4eKx6xhUkZqnqyIq9mJwYF0+tZi2josNxeqrMTx+P+363vVXCRnEd5UodNzc3ctXr6AgHBy+XOK/UG8Vi8fk/ngDKypHL5fDTTz+l3rf7+3vs7u7OJfh0Eriui2q1iq2trdSfz93dLSqVCjY3N+eaF0QIwe7uLrLZLCqVCv7zP/8Tx8fHM5vwHB0d9QWQ5jdNrG+mCSCl0poSISY3IOvpKSHgrFcFT0Qe4CZA6hAkeJWtJa9tf1dYLjxnTalctWCa5sKsKdVqFa7r4t3nT1Nvy48W+xljcF0XpmkufFFqRXC8FCJpO31ClSCE6DVHxI9TE7We1UAIAQEBCBGRGCT6LqQCRGAsxcgwjJMnAswvOJRxDj8IAEIQBAEEBMw5Wl0etaVMmLnRR24IAWMO5AYAhOFji4rvezCeUcsk1QlAL+l5KOkBPCY+BCTxgQHigwKE9qwai7a5JMkM9Xo55/HryWSyEWGhLC4MnA1XaajHy0pcCk0D1EfKOYfr9pQiSjmz6As5EBEztiQbA9+F73tQpCnhBMQzAZ8DJgPX2VSJ32mhnq+L0eGTlmXBsiyUSnIw3el0UK/X0Wg0UucC/OiYlaojqeYAxlfwAMPJjmVTdKiV80JhfaiCUNd1HOzvoNVqod3p4vz8HJVKBUdHR3NvC2m326jVao9zLQaX2VOgWq0iDEN8/fo19b6pnIq0aolZQQiBcrkM27ZxfHz8/AOGoN1u4+TkFLlc7sWsNip4uVKp4OTkJM7mmIWSdX19HX/7299wenqK29tbBA7Hxr4Nqo1//Se8BAEtPtwGJ2/xIkusEAWIsACxH7WstF9da8lra4WZJRYxPvgzYDC3bBQa5S6cdoCff/55IYRwGIb4448/sJbLYS03XRuoHwTgopeR53l+THIs0rKyIjiWCIQQkGE3nGjyNOltToiIBIEkTgQkIYJokit/Hf3M2chAwyTmma8hhIDvyYljbCtwPQjOYRizZwMH21J0w4AxwesaRm7MU3EyaP3xPW/ii4e0KJFHpEfS3oIoL2aYxQWIiA8GgHEkj5heGKf24oGmfIDgSOZpKPJFEhaABg1xBavK9BAcgnEwzp+2aQ3MILzoeFXvKY3CXGedzzEJJNGRhWVl4Psu/MCNiVMqKOBREF+HMEIwPYz3/yVBCBl7MpbL5eA4DnzfXwWRzgCzUHUocmoSRcdzx5hD7xZOcmSzWei6jq+fn15RO3rzFoQQdLtd1Ot1/PbbbygWizg6OprbBD+TyWB/fx83Nzc4Pz9HqVRCcWN6JUez2USr1cKbN2+msnIYhrEU1pRKpQLfl572tIPrk5MTGIbx4o0GhmHg4OAAjUYDlUolJjlmpdg5Pj5GPp/Ht2/fUL9xUNqzezlXT4DwAojIQhBAEEAfZWEliCwrSFhWJDkCYkLQuvqzGeuV54/VVH+FcaCIIaVuGgbPCVG9bmN3d3cuDV3j4Nu3b/A8D+/eTtd0xaJig+RioWWZ8DwffhAs1LKyIjj+xCCEAITIC/MYcy1ZXTla+UEomUm+xij4vg8B9J8otiVtBJ4H0zRnlssR+IHMYYhYVmMaciN+/HzIDSEEqPZ4257nwdC0qRUEo+wtkviSk34ekWCci37iI3r/LNt6nO2BlyM9+IAdpY/weOJGE2d6SOYDz32Cgj2urgWibA7OwcCT7bUg0fPTKPPmJXNlQAhMKwPDtOH7LgLfi5VdRBAQ3wAJdHA9BEzWN+AcN2NjGkxSIep53sJXhv9smIWqY1JFx3NQgaaLJDp2dp6uAvUDFr/ObDaLbDaLh4cH1Ot1/OMf/8Du7i4ODw9n3iCiaRrevXuH7e1tXF5eolqt4qHZxGaphLX8ZE05CkEQoFKpoFAopA64/P79O9rtNvb391/2+jYEzWYTzWYTb968SU2GnpycoNPp4ODgAJquLWQmrkKWK5UK/ud//gdHR0czq9zd2tqCruv49ddfUb9xsfXm6dVbKjKAkO8lEdH97JnxhrKsMMZ79xKxBsJMCNqAIN6KMFjhT4txWlMMw8DHjx9faI/6UalUcH19jf29XeTX0gdmcy7gBb18SF03oBs6At/ry75zXRemZYG+8ELaiuBYIYaqrlwE/IEcDMuyIYQMrVFsoOd5MEwTxpSSpyDwEUQhkZZtQdf1dOSG6wGEzLQKdhj8wEc+/zh3oFTahON00el2ozYbAl03YBjy9UyrIJCKose2KqX2iEN0+XC1x9BAU8yH9BhUcASJi+4slT+6oYNoNM7mkO1IowNJBSDbkwRLJUNkjE0d+CrzRzKwrExsXVG5PEQQaIEBBAY45SBUQFAOoXGAiJ6feg43pnFVHEIIOI4zlQWAMYb7+/tVWOkITKvqSKPoeAqLJDp+evv0RD9kjw/aQqGAfD6PRqOBu7u7OJ9jVq0YSeRyOXz58gWNRgMXlxe4vb1FtpXDZqk0MalSrVYBILWVo9Fo4OrqCsVicaHNMoAkQVUAa9r3vVwu4+7uDhsbG8hmp5NtT4tkAOnl5SWazSbev38/kwDSYrGIT58+4ddff4XTDpFZG3FuCw3gvesupWTscQUhBLquRflV6pwxQfguQO4haPOHs32ssEKj4qDb8hdmTWGM4du3b8hmMzjcn049Evg9xT2lNH49cqzpIYiUHTHJ8QKh/EmsCI4VFo4wjNQU0SSqp9TQQAjtIzmCIIDgPPWFIQgCBGFEbljSHzasfnUU+pQbL0BuAEC708abzcdS2Uw2h0y2N6gMwxCe58CLajgV6WFErOosSA+gRxgkV+uk1UNAJLM9BkmPyKP3FOlBEjaPcXM9eKRK8Dw/tuD0KTpmOqGNCJkhLS4iCg/mjIPzftJD7dukvlbGGDzfl0oQ2lOBqNc5KQzThmHaCHwPvu8ONK9QgAMkYYajVACEQxAB6DIQeWKv3BMYR8XhujIXaBoFh1pdV2Glqo52kjaRHwHTqjpeu6KDEMDQRx/gfjha4UgpxebmJvL5POr1Oi4uLlCpVHB4eDgXq4NqF7q9vY3DeNfX11EqlcYaRKqWkbSTZsYYzs7OYFnW0lhTdF3H+/fvUz3ecRycnp4im832yNTBsIgFqDl2dnbiANK///3veP/+/UwCSFVNrdPyRxIcRJSg5L+qIn1SyPuV6K9bF0WAG1HLCn81mRx/djyXG7HC0xirNeWqhZ2dnYVaUxzHweeP6a6TCr7vgyXaBo2BOZlhWiBU683fXO/FLSsrgmOFhYIxBj/o1Xnqug5d7xEGmqbBsi0E0UkCRCvjrgtjwpTeMAz7qkN1TUtPbgAvQm4AUp0wzkRBvnd55HK9ieBTpIey1cxiRVtaPUicFwP0SA/OZKAlT6heEn80QHokt0lBKelTewwjPZK2qr6AUfV/LxCAGgeSAvFVVQgB13Xj3BtKKTzPA+dc1vJGthWqaSOle5xHmTmEyHpazuNjWOV+aISAavqzssgkDNOSYaSBh8DzRubvEE4AFSwXRkNdAnAiFR5CYwAV8uchb/M4VpfnSA7VbDENwdHpdGCaJtbX19HpdPDHH38AkKukySraRbc/LBOmUXVkxV5McjyFcQm/lyI6TOPpCVz4BMERb8M0sbe3h263i0ajgW/fvsVBpPPIkNnb28P29jaurq5wdXWFVqsVE3ij4Hle3DKSdrJ8dnYG13XnolKZFJVKBa7r4suXL6nP4W/fvgEAtreH1CUuWGqwtrbWF0Cq6mSnXQ3d3NzExcUFxF7/bRkACC+CiB7xRTU69lsQ+H7fhIdSAkK0gZaVHAizZS4HcUZtaqmxUqCsMAmq123our4wa0q1WsXV1RX2draxPsV4KoxyN+JFacMcqsTWdR1Uo3L+lgggdRwHpmXNPaduRXCssDBwzuOQRsu2oI0gHCiRtZ2+7yMMg5gNnCSXIwxD2c4CSW5omgbTGr/6bVHkBgDouoa0S0fPkR6dbhdB6IMkSA/dMGZy4VGkhzaC9OCRzeW5MFO58iM/OwICqpGorlYSBFwMBIwy2Z5iWWZqpcOsIASXQblIZIMQAsYFAAYwBkTHJSUkUrCQWKWh/n6oBcb1wISQkR9hCCKEJEsoHfvYNAwLhmFFliMGzkIwxuV3zjD0uBNRWCkAsISKJ1Z6ACAMnHBQjTx75D5nVXFdF2tra1P5+5vNJtbW1uJVkyAI0G630el0UKlUcHNzA0Cuau7s7GBnZ2fheQLLgrSqjqzYA0SPnBiG51pWBjHvIFLtCZIwGIPcSELlc7RaLdRqNfzzn//Ezs4ODg4OZmIzSELTNLx9+7Yvn6PVamF7e3voc1UqFZimmbqVqFKpoFwuo1QqzbVCdRy0Wi08PDzg8PAwbl6aFOfn52i1Wtjb23ux+/qk0HUd+/v7uL+/jz/f4+PjqVteKB1GbmRBxHrib+jY/nkWhtF4KYRlZ+JzmhAiM01YcjFDA+HbAGlC0PtXRxj8yC0rK0wGZU35+vXrzPOZxgHnXFpTMhkcHaavNudcRgeocamu6yp6MpAAACAASURBVE82R6r5W+D7CNT8LYocmLdlZaotL0s94gqvE8mThBL6rJpC9ioTKXmyLXiuJ0+SgSoixljf5CQMw7ij+SkiZeR+vnDmxiCEwKNsFM9zo4ns5KtV4yk95KR7XkqPYaSHyrVQX6NyPRgTYCPCcIkiPKJVokVen+LGleg1KzXDMLICkMw2GAMDYpWG+ntCCAzD6Ht/hgadDhz740IGzerQNL0vaJUzBs6ZVI+wEELwPltL3zYEBREAfADQ4lxjTjkIERCagCAMgopHocdPTVwdx8H+/v7Er0mBMYZOp9M3+TEMI1ZtqOdQE6V//etf+PXXX7G9vY2dnZ3hK7o/KNKoOtTn+hTRAYxvZ5mXmuM59cb//X//P/zyyy8TD07z+TzW1tbQaDTijIe3b9/ORfmQyWTw6dMnbG9v4/z8HFdXV9jY2OjLr6nX63BdF58/f051H/M8D2dnZ8hkMqkJhVnB931UKhWsr6/j7du3qbZRq9VwfX39fKjukqj3i8UibNtGtVrFv/71LxweHqZ+7ckqdQUidBAxkLvxRFB3EkIIuJ4L29TghyG63TZsKwMtcU3QtCiAlDN1m5ZkCjcBUocg4askCl7jPq8wW4xS0foui60p04xlpsG3b9/Q7XbxaUprShAk5m30+XmbgmGaoBqF5/UiB+ZtWUlNcKgVccMwYOh6NABOF6S3wo8Hz/Nkb7Lyb0WTuOeg6wYIpfA9P25YSZ4kisywLElkMBYpNwZOyHEH077vInzhzI1BUPJ44F2rVhAGHoQANMOAbdmw7Qws254L6dF5AdIDA9tKTuZFlG0Rkx6iRx7EhIEQoIT05bkwxuC6TiSRlbYQZXWZt7JDJC03iuCInpNSCl3X5etjMrtjlEpD/j3ps24BkAPE6P1hUd2x53ozJXVoFDI78NRgLIjIDyF/jj6jodvgkYebAfEth3BwIkCoAKfK5vL4sdLiI6ayp7RaLQB4ctU8k8kgk8lgZ2cHjuPg/v4e9VoN5XIZhmHEZMe0q6V/FqRRdYxLdIyLWRAdSdWIPqyiPcL590sAkhxIM0AlhKBUKmF9PY9yuRLnc/zyyy9zWcEqFosoFAo4PT3F3d0dPM/D5uYmOOeo1+vY29tLHdp7dnaGMAxxcJB+FXBWqFQqIISkzt3wPA8nJyfIZDLj5YgsSb+pbds4OjpCpVLB1dUVHh4e8P79+4mDXj3Pg0b1fiuhKEFdjJMNa2Ntz3VAIKBrGjSNwg8YHKcL07RgJohBGS6ug4csYVmxQXAAgRoE6bxqRcRrzhRZpOL1zwplTfnw4en68XmhXq/j8vISuztbKEwxlpJlEL3FtcHcjeegaTrsDIXvJVpWXA8u5zAMY+aqWT0Mw9jLPe6B7UWNFxACge+DEhJbDdTAfYUVRsH3ZaWmOsAty5qoSUOjGmzbhj+kikhJHz3Pg2VZ8PyeLYVSAsuyJyA3PIRh0paivTi5wRgbKv9iYYCNolw9E4Ij8AO0mg9o1CvgXLwg6TGfTA+gF6qZhBACQsjAMqX6SCo9KKVysCYEPNdL5HsAff2tQFTdKokVOgfiIxnYRQera0cQFhCKuGCynSW6kQx7T1XYqRACYdiNFUa+54FE13N1XVc/zwqaZkCLq4sz0evlYGEYpeZzcB6OVHtAUFAByMxSeb8I8ADdyoHQ3v1DBYxOEwaqCI7xVt4FLJ1iq5jFVjGLTsdBq+Pg5uYG19fXMQmys7OzCiiNMKmqY1mIjkajAUopCoUCDP3pc0MRHN1uN91ORtANAwcHB3h4eEC1WsV//Md/YGtrC2/evJm51UNN/NfX13F2doaLiwtomoZsNpvamnJzc4N6vY6tra2FL2bVajU4joOPHz+mtvycnJyAMTYZabUkJAcg80KEEGg2m2g0GhMTHO12G5Zl9TJz2AYIesfhUxXrg/A9D2EYIp8xZUsdIdB1Co0SuL4XteTZ8X2IANKyEpH8AAABqR4hFkDrE72WZcISHSIrLBiNioNO08OXL18WZuf7448/kLFtHE1BSoeM9eduWMNzN54DJRS2nelZVqKFas/3ZenDDOdYup+oU1RBeMkB8aD03/dl9WGSfVHkBgD4QTAx67vCjwXl5exJlTwYpoAxuEz8BGT15UAuh9ezocTHZcICMwm5EQS+nMxHK+iTVsnOCiwMhw4keTKRnFCYllohkQMcLjiCYFGkx3yUHvK1Pp6sJy0u6m+oJgdOo/I9gKjGlkHmYPQ/i5TR0igIVCNDVTTPYbC6VhEvch9HEBYY1k7D+9Ugg88TKSeSIU5Qf598bdFqtSKOZk3WEUKhG2af2kMIxEQHYywKnGWPAmXjbdB+ctxxHGSz2akmU81mE3ZiYD0KLPDAmddTBwHI5TLI53PYZRztdhetThfn5+c4Pz9HPp+PLSyzzlR4jXhO1bG+vo719Z6vf9FEh1LnPEdwfL+4jn8uFovT7WSEQqGAQqGAm5sbVKtVVKtVbG5u4ujoaOb1pFtbWzHJUavV8O7du1QkbrfbxdnZGXK53Mzeh7RQAa4qYDUNLi8vcX9/j52dnfFtR0vQqpKE67poNpupqnF9Xy4KKeWKJQ4RJkTdk+Zu+L4H29QQMAbDtGCaBlzHBYMkPTpegG63A9uy+xZttOh5GOM9JYlYA5gJ0AYE8UY97VJjpYP4sTDMnqKsKdvb2wtTvH379g2dTgefPrxPvXgnhHicu6FNN34cZlkJA6kMnpWaQx+sMuSJQXhyqBkEAYKE1H8Q8eDa9aT8ZIwB5Qo/JnTDANE0BJ4XH9yB70NEN8ZJTsK+XI7ouCSExiSHzC+gsOwJlBuBPNHU5FhWyS5mtSpkDNmByVMQ+M+e/JRQWKYFy+yRHotVesyX9EhaXJKf1WC+h1A/CyE/34TVRUHmfLC+WjsgUnxoBIRqY1XZcp5QcFAqr5+Jf4//2h7X0vY9T5S7wbmAGGF1AaL2IQAssrQQQkaq7aQqJBxKgigFzThKPULQy/ZIEh+cgzFJfHieTNCn9PFzOY4zdQZGq9V6sr2Chz5Y6AEDFhtKNVhWBrphIgh8mKaF/HoOnDE0Ww6a7Ta+ffuGb9++YWNjI7axLGtI4UtiUNVxe3uL+/v7OLchafV5iuiYtFY5uZ2niI5Wq4VWqwVN0560pgDA2fl3ANIWkNbW0YfE8q5SDjQaDTQaDdRqNezv7+Po6GimSljTNPH582e02+3UyqPT01NomrbwTJowDFEul7G2tobj4+NU27i/v8fFxQUKhX7SbWwsiX+iWq3CMIxUFp12uw1A2vMECEKRJDcmz93QNXVP1GBH84FMLgvP9RD4HjKmjiCQllGTs76Qd3kv0sA4A2cRyQET4LsAuYegzYlf3zLgtVlVVvaU2aJ604amaQuzpjQaDXz//h0721sorE9nTVGNh5Sky/4bBk3Tkclo/Wp815NqDk2bet6lxz5wLjBIdmialD97vh+vuKnAO9OUkwClZiMgAEEvF8H3IxuBv3Ap4wrLB41SaJkMPN/vrbJbJpjrjt2MotDL5ZD5A4ZpxvYEQkj8fRwEEbkBABBioeQGAIQshGH0ry4Fvg9Nm3zwO0zp8WclPRRG5XsA6CM8mMr54KI/52OA+JBtqv3qmVFVtoOZFEnLCpnh6xz8fKTiQ0CAQ0SJ9WzI9d0PgritJYkwDCXhCPk5qt8r0iOIVHrTTMAIpdCpCdfpSf7JwDGtKnWnzd8QQgxVWPDQB2c+xICNhlLZsJQ87wzDhGGYsJFF4PswTRvFQg5hyPDQ6qLd6eC33xr47bff+sJJf/QB46CqQ1WZlstlbG5uYnNzM36PMnz3EckxactKEk8F15bLZQBSlfqUeuPy6ib+WTXwzAQDCoCNjQ2sr6+jXq/j5uYGlUoFh4eHM1/1S0tuXF5eotlsYnd3d+EW5EqlgjAMU+duBEGAk5MTWJaF7Z2d/l9OoshYsHpj2mrcdrsdKWEt+KL/M6UpcjdsQ0fIBey1BHEBwLYt6LoOx3Wg6RS2RuAG0v5rZ+y+AHWNagAR4GGIOAdEFAFmQGgNAJM1GS0aq5aVHxf3VQedBw+fP39emMLz27dvsG1r6tYUNRZWC9Ku60TztOnvBUqNH4YBfL9nWQnDEJxzmCMW7MaBnkxAZZzBc914gK/qYJKWFNVAQaJKwzAMQUBgxgoOt1cD4/tgUcbHPFa1BuYfK7xCWKYp1UFhmJAquTBMcyLLiszl6FWSWbYF3/NgWtaTq+xJxColSBZx0eQGEFlUBk5w3/ei6tjpsXykx/wyPQYRb1fT+tRqSdKDi4gkAJ5odRleZSsilYiIrH9JWwaZ41CHEgpoAKBF33vggsOPlE2e5yMIgvgY7yOzCQGEgB8EMA0DYRAiCHsKFCVZnPb84KzXFjNI+qj8jWkIjmZTrvwlBxiCM7DAheBh39/KAOIMjCdTwQkM04JhymrdMPBgWTY2N/LwPB/NtoOH+wYqlQo0TYvzOhbdNrEMUKoOFXh2e3uLSqWCUqmEUqkEwzCeVHOkslWQWwBRZW0Ex3HQaDQAABvFwpPbPTk9ByDVG2OFUE4BpY5QRMf5+TkqlQqOjo5moxxJiWaziYuLC+Tz+anOxVmg0Wig0+ng+Ph44rwJhdPTU3iehzdv3sx4714Os6jGrVQqyOVyCKFDJGqtdF0b++40mLthZ7JD79e6riGXy8FzXIRhgLxtSctKpwPbtqEnxhMaIdAMA2HIepYV5ECYDU4bAJkuB2dRUMKt1ZTlz48gsqZsbW3h8PBwIftwcnKCVquFj++Px7aaDQOlUgH/eJ7mwTD4zNQcum5A0/Qh2YrekxbtJ7eZ/IdGNWia1hv8RlWFcdOFYfYRFUqqoulaPIk0TTO2C6j8giAMQSmdeS5HGMo3nEa+/MGvSYJTV1gc1CTWj9QcPcsKlxOoMT/D5Gc9ceZGGMj6I0TqJX16edSsMFgR6/s+9Bkwp6OwVJkejoMwUCGvEelhGmOTVmlACAGJ2kOS6G91EWCJAFoAMeOqqmzV/8X5G1BWPrKw6xIlkcLJk+RBGIaxUi/psVTwXA9OIlgqmfMRhiF0XU9NQEkSSZEMZGj+hm3bUwVztVotWJbVn9nCWR+5QaKKasMc/3ohH0dgmDYM04bgHJblI5vJgm0W0O26aHUc3N3d4ebmBpZlxWRHKkn8nwiK0Gg2m7i6uuojOjY3N2FZ1rP5HH2tD09A/d4hd+BCIIc93N31tvnl82jp8PVN7+92d2dbSfsULMvC/v4+Op0OGg2pCioWizg6OloIwXB6egrTNBduTXEcB7VaDTs7O6nVNNfX16jVatja2pK5G0kVRppL8gLSJGdRjVsul+H7Pja3d8FE7z5HtfHHzDKTz4Nl9HI3DGP0uIQSgkw2A8/T4HuutKwwDtd1YTAGy+5f5ZaWlUQAKTRQvgVBWpLowOsjCwajW17b/q8wHIP5G9XbDgih+Pjx40L25/7+Hufn59jeKqFYmM14Y+g8LQikCtJMFzg6iH41RyKbg4UIGZv4UvvoamRZNjzPjQkKJe83TWsoQTGozNB1A5yLWH6ushCUZeWpi6fydqvB6HMDZ5UXwpNSDtH/FsjAQRr55zVoq1yQpYSmabGlqWdZAZjLU6f1jnujVpJ8ICI3KI2yKxYPOkQO7Ac+rNzLNjgsV6bHy5MewJBWF6tnc+GMg0VhoINKD6oqYuPtLHZYo2laLDP3XA9BEPRZEAH5GYQRwZ0kPRRprO4PQRCMH9A3gJD1FCGD5AYgLSpPZWeMg1ar9WilN2lJMa0MzAmJjWEglMK0bJiWDc4ZLCuLtTUPu9sMrXYX7Y6Di4sLXFxcIJfLxWTHrAMlXxNU6Oi7d+9weXmJq6sr1Ot1FItFlEolZLPZkUQHGTinxsVDcIlqtQoAyD0TXntxKcNFLctayOQ+l8shl8vh4eEB9Xod//jHP7C7u4vDw8PU59ykODs7Q7fbxcHBwUIz1TjnKJfLyGazqXM3ms1mHA48NCQ1LVHxwiSHOn6nsehcXl4ik8nAsPPxrlNKJhofe64DXaPQNAIQGuduPAWlBtc0Tda3EwLb1OAFIVinA8u2++YZwwNI89C4CUbqAAlGPNNyYxlbVtLkHa3wGPdVB+17F58+fVqoNcWyrKlaU4YhnqepjMIol8NzXZimNTP7oq4boJqGICI5pKBYKqsnue8P3RtJcniw7H5LyrgwTVOG3SUyEBTJ8dSNObmKGP2HlNZEFznpdZcXP0ppLFuxnriwep7s7WXgQBjOJLhkhflA+UFjKVREsHlRLsdgreYsEEbp30CC3HihweNzkCGPQxpUItXSorFc9pbFkR6AvE6qozMmPSK1B3lUEUvBWCirXBek5tANA2EYxn7HZB2tYcrWoTBkff+v6wZ0XQcXHMxx4ut67JWc8LrKwh7RMKhSUnaxaVasO50OwjB8NMhIEhy6bsz8/ZcZHjLHg7MQppnBet7DLgvRartodzo4PT3F6ekpisUitre3sb29vTTXnZdGJpPBp0+f8NNPP+H6+jput1hbW8Pm5iby+fxQoiPN59Yot+Ofv34ZvboWMoFisYi7u7vZqjdSLN0WCgXk83k0Gg3c3d2hXC7j6Oho4taMSVGr1XBzc4NisbhwIq5cLiMIAnz+/DkV0cI5x+npKQzDmC1ZNagAmfOstVarodvt4sOHD6knT8qis3f0DkLlXBDy6Br8FFynCyEELFMH4wK5tfH2RR32mq4ht7YGz3ERBD6ytg7PD+F0OzBNNaZAvG+6rkX140oZaUET+xCkDkHbj5/oFWBlWfnzIfQ4qletuBFrETg9PUWz2cTH98dzaTMlhMAyTTl3iogOyzLh+x44ZzAMcyZjKqXCDyI1h6ZpAFHjaz5WRMVIusWyLIQhTT2pNE0rbnuQZElvMDyK5RlcRYxbXRgDJyTK9otWFQdYHMu2ASEilkdEwXrskdx6nqsQQojB3cLjO97gJyJmvk+e32uHGPbsw1SZyVXdRUNJobxEy4ofZQOYM1RWMLa85AYgJ/CDk0Z5jC1v0NbykR6yKtjQ5p/poZAkPRSSDSphGPbUEVCDSxlOSqkGRD/Pk/hQ9sIg6LUPDebemKYkQQzdgJa4NsjHGvFr8iP102Ct+HNgSQXHwI1Y5W9MY+dQ+Rv957SAED2CYxYhWU+BajosTYdlZxCGIWzbR7GYR+D7aLVdtDpt/P777/j999+xubkZ51T8iDBNE+/evcNPP/0Uh5Gen58jm81iY2MDGxsbj4iOca0q0R+jftcBILOfcrnRk3Y/YNjc3IxrRGeOCWc2lNKY7KnX67i4uEClUsGbN2/mkg0ShiHOz89hWdbcs0eew/39PdrtNn766afU14PT01N0u10cHh4+ff1fxqX1CMqytLu7m/qYVBadza0dGFZP2SaVeeNtI/D9Xu5GyGBlMhPfU9XbbGdsUE2D5zowdA0aFfCiiZKVyFQDovspSVpWAKAEyi1wUgfIkn5wz2BFcrxuJBW5lZsWAIJPnz4tZF+azSbOzs6wtTk7a8oo6LoOQikCpboXArCldc207Jm5JQzdgGlFuZ+ERpZvFeL/9HXrydHdNCvmytYCALrB42YK3/cfS70jiAQlo2TQo6Bk4KrVZZSFgQsO33Nj5nfekxvXdfpppUHGY/DTEGIOqyMCLJF8O/h8w/Zv2Sp9h1pWgChVd/zg0FFgLITn9cgNGjUDLRNCxpAdIHR83+ubbL4GjJvpoRsmLMt6mUwPgh7p8QJKD0Xejg4qFVJlhgHiI8oSkio2OtNcIcMwwMIQVKPQjcfvgVRsDL8HGIbZU4CorKUgGJvgkLW9imgYnr9hGMZU18ZWqxWTWgo8EZQ6b3JjEPLY1GFB5kdlMj5KG3m4rotWx0Wr+YBarYY//vgDe3t72N/fX/jK+SJACIkVCre3tzHZUalUsLm5iVKphAzfRZfcTtSywkIejwM+P5G9EUb5OdlsdrbNKTOAaZrY29uD4zio1+v4/fff0Ww2cXx8PFNCtNvtgjGGMAxxf38/3NLxAvA8D9VqFZubm6kbZW5vb+PWnrFUD4PVF+NijvNrxlgcCprWmtJqtXB+fo7cWh7ZQk/FIsfj4+dueJ4rczc4g2FZMM108wT1jKZpxJYVIhjyGVMGkHY7sC27b7wzaFmRnEYOVFjgtA4QN9W+LAqLbllJY/NbYTgeai7a997CrSmGruPNFK0pk0CjFFo0TwuTAaSuE429ZlQnS7W+Rr9esx8HBAEZcf16kRGeaZjgjD3K4xhEUsZtGCZ0TQdXVYeQeRvywsb7yI+nJueUUCQDWL2oSlS1wKiA0llO8J8iZgahJgfzwFPWnb59GDLpWgZQSmOSI2SsV1HkONKrmTLU5jG5IVd5l81/yFgIY4B0CXwf+pC8gteG5zM9quCcv6y9ZY6kh2VZUloXNbPwhNLsUVAp0AsrFRFZmQCBvKBTSqNrGO2rp50ExoSVzEmYphmr8wDE1/ZxiMLn8jdc1506ULHVaj2+zyQGdC9NcCSRJI9s20cu52N7s4BOx8FDq4Pv37/j+/fvKJVK2Nvb+2FVHXt7e9jb20O1WsXV1RVubm5QLpejQNItWT8ZqTmeu35rhgZNI7AyFjaKo7Nd/KCn8Fl0sOYoZDIZHB4eol6v4+7uDq1WC+/evZs6s0ZhfX0df/3rX3F2doZqtQrHcbC9vf3iKs9KpQLLslJP6juRHUypgOaOOSlAyuUywjDEzz//nOrxQgicnJzAMAxsbPcmP4QQaNokuRvuxLkbT+4X5FumaRS5XA6u6yHwPGRNHV7I0HU6sEx7hGWFJ+YMOijfgSAPEPRhqn1aFFaWldeL0JetKaVSaWHWlPPzc9zf3+P4p7dzsaY8BTMaRz4OIJUZirMaS/fKQ+TCqRAcAgKCR+UAAyePHoYBSDRAnqcf3LSsaGIqPd/DBsIiCg0FItKCABQU0GncdhgvxgkBjudDR7jgiO84hEAAvQlDoh0AkBcWGjUokGgfJj5QFMOE0awS0E/mKJ++ECK+wInIbiMVF4+FIONCyrOH7wfnTMrMo40nZfTjYB7Vv8NgmiZoGMqTR+VyOC6szOQkh1yB6JEbKvdj2cgNQFlUHis4ZlURu2zoV3pILBPpoRv6VEnRSokxuAV1rjPGIuKDPyY+ErAsMyZHBkEIhaaNT3xMcyPUNB2aFkLXDdnKQkjcyvLcdp/K3wijc30agsNxHPi+/2jlmfOXs6eMC90woRum9LRbGayvr8N1HTy0umi2mvhnvY4//vgD+/v72Nvb+yFVHVtbW/8/e+/V3EaSYI2eNOXgQdAbiWxJ7cZFfLuxv+ze+3z/3cbufdjt6Zme7R3RSLQiQBK+bGbehzIogCAJRwKUcCI006IIoIBCZWWePAarq6toNBo4OzvD9fU1arVa0shiGEafouMh68oP/2cHOe3hha4ru7DpHZRSfdWyi4qVlRVYloVqtYrffvsNe3t7M5tgG4aBH374AZeXlzg5OYHjOKhUKi/WAnR9fQ3HcfDTTz9NTKwcHh6Ccz66pWPaVpVnQFyNu7+/j1xusnDxo6MjdLtdbOzs9RHK45Abjm1DKQHD0CCERCY7/S71oILBNI1EzcEZBaMEjudCiACG2W+FYVHji+xbAxRBhAZF7wAi8NqwbFl5XYiVT9WLNqRUc7OmtFotHB0dobJSRmXlBYjcIegFkHrJxr1hhuv+WQaQxlaV8N4ejgc9636/ZYXH/uneg+mzyGsooUmFLBDK75kQfRNhmVrFP7ngJAQUBHhigFYyqmmU6kllhet6EEqFxAcAzhiCILi3gzoqTPPhz7HbDb3AIASOO6KKY5RUldQOcIyHFhvJZJ+QpBJ42OOHgb8wQxjXUaZzOcYlOe4pN7CYyo0Yw96X53kwJ5SEvkYsEunRtZ1nyfRI11qnEQeVqkjFoeTwlpYYhhGGOwfBcOKDRqqPkLidzc3GMEKFxGAry5MExzPnb7RaLQC4p+BI18PSBSE4YvRqZwHTzCKXc7G+GtapNttdfPr0CZ8+fcLKygq2traeJxtiwVEsFlEsFnFwcJA0r9zc3KBUKiUWBJt+ebRlxaTZoT8HgE4Q1U8Sgi6uAGDhiQ7LsvDmzRtcX1/j9PQUjUYD33333czmcVtbWyiVSjg+Psb19XWi5nhOW2uz2USz2cTe3t7E9pjj42N0Oh1sbW29rPJkhiqOuBp3dXUVW1tbEz1HHEy7UlmFbvbGVDZGJazvefADD3nLQBBVuo5DjoyC+Eg0jYOxLBzbgRDBPcsKT22sxfc0Ecje+oFkQKUFRW6gaHemx/hSWMwZ6RLD0LjtWVPmtfkQErkMu9uTjRGzQhhAasAnYUh8vCE96wDS+LWAnjU1yeVIWVb44GQ5TkOdZZgjAPiBn1RxxpBSJhPhWK0Qyp1npyQJdxOt5DVCOYuCggx3QYWAjD6YvkDSaHc/CXQcceE/rtRiHDvLc2HcY3hOW81joJQmNcY9r5cDwzBHWFANz9xYVHJDKTm0IjbwfbA5+fsWBcNIj/5Mj5D0mFemx7RKj977JMn3Ov1NUFE1tpISUggoKEipHrS6AHHOR6hgCv8+WwVDXyaH68H3/QcVXlLJPiXFoEXFcRxQSiferQRCgoNz3qcSDNtTop39B3KgFgWExmSHCcvKYqXiwba7uKu30Gw18fdI1RFndczL8zsvZDIZfP/99/eaV/L5PFZWVpDP59ElV/cfxx+xpshu/wZ+RJLEFpg44HRRsb6+DsuyUKvV8Msvv2B/f39mGSKWZeHnn3/G2dkZTk9PEzXHNNfoQ3BdF9VqFaVSaWI1SrVaxdXVFcrl8r2a6JExCUkxw1YVpRSq1SpM05y4Grfb7eLo6AiZTBbZUu/7+1AO3jDEuRumxhGIcJEyae7GU4gVzJRSZLKZyPbowtI5/EDAcWzoMgwx7IGAcQbIdAApAbAKiBZA714tY/ASLHn7sAAAIABJREFUlpVFnQMvIgaVgYEncHPenqs15fPnz7i7u8P+m70XU9U/BU3T+iwrMaSQ0Ax9JvNjoGdLkVIh7YJQ0d85ZyyRSMeS51BmzGfi41FKwfe9pDXAdT0QpaAZRp8KIL3bMmrg0bggJLThhBpxFv5/6vsglYQIgsSqkb7wR82zmOi4YkKHpI4zMeTF/0Zmbu8MdwwfX/QNSuYGSaqXBqVkOMlhPk1ypBFnGCwKPN+D7wcIAh9CBJBSIZ+/v4MtRDDk0Uv0Z3qEuKf0UBKcPx/p4bkOHMeOlB7PQ3oAEfER1WcjRYKlCdy03UUhlbMTkcie58GyZkdwkIgwjBV6fmRVGXaNCT+dv3H/hvxc+Rvpelj2inJsCKXQdRO6biKfKyIIPNTrDdSbrW9e1WEYBg4ODoY2r1QqFRSLxT7rSoY9/L1q+cMXQvHcxKZfkv+eiarjGbIa8vk8LMvC9fU1jo+P0Wq18P79+5ktYnZ3dxM1x9XVFYrFIlZXV2e6SKrVauCcT5y7Ydt2tKgPvwNTYZpJ15Tnt1qtwvM8/Pzzz1NZdBhjKE2Zu8Hi3A1QmNb9/LxZIr2oN0wDjHPYdheMUZiUwPG9qMK8f87HKAUhFFIEodhZAQR5QBlQuIUii5k19xSWuRyLg/Q4RynB9WUHQki8f/9w5fhzot1u4/DwECvlElYrK3M5hofwUIai6zjQdA0an9XmfthCGN6b+y0rPL3Dlc448DwX5kBN07hIN5jEE2xKSNiCMTDxTfvJ57XwpITClz3FxuB7H0UpMCosKzN35nTclpz04nqe2cshyWH021Vc59HgUcY4dF3B8+LfH54D89LwfQ+tVgtWJotsLgfDMAd2J3qIr5FGs4FcNvfiQUKvDSPZW2ZKeuSQyfZ2NF+S9AD6CdzB74aUKlS5pMZ43/dmlnINhOOJCILk+vIDv49wihGrSID7+RtSSjiOM1W4o+u6iYw+jT6C45U1EcWgjEFnFtY3LFRWV2HbXdzc1lFvNnH7Das6KKXY29vD3t4eLi8vcX5+nlSpVioVlMtlSK314OPb3TYUU+H1k8JDLS02WVxVB+cc29vbqNfrqNVqaLfb+Mtf/jKzeVUul8Of/vQnfP78Gefn58m1NovvW7VahW3b+P777yeubD86OgKwuAGxoyBt0Zk0OPbk5ATtdhvrW7tgqcXEeOSGDaUkMgZHEEhkcs87pgxrFeGcIZfLwbYdiMBH3tTRsj3Y3Q5M0wRP3cMoCcf2IB1AqnQAm4C6A+jDY8AiYklszBeP1ZA3bx207hy8f/9+cpXYlIgJzHlbUx6DrutgQvQHkHo+RCBm0ogZ475lRfW3qGiaFsnRvMSqYjyw2HoKg5YAIMxteGhBmVZwzHPh/+hxzPCw5k1uTIUFOPbQrjJAcjiPkxyca5GiyI9+3w1VLHOSdbXabSgAW7tvRrKEUUrx9uA9ut02bqrX0DX9mwwcnAaLTHrElornIHgpJaBggKb1VBa+D8rYTEkWrusQjpOQHEEQ3Nt9lCmi9KH8jWkUHA/mb6iHiZXXCMY4crkCcrkCdgMfd/U6bu/qiaqjUqlgc3Pzm1N1bG1tYWtrC9VqNcnpqNVq0A0DP30/PIDtH//zEQd/WH30edO5HvH9u0uuFjajo1QqgVKK6+tr/Md//Ad+/vnnmbWsAMCbN29QKBTw6dMnnJ+fo1wuT6WYaLfbaDQa2N7envh5Pn/+jGazic3Nzdnd16dRcUzw2NiiUy6XJ5a912o1XF5eolRagZHpnXM6Ru5G4IdWQ1NnCAIJw5p97sZjSB8lIQSZjAXXZfBcB6bO4HgCZMjiSCEicUi0KRSpOUDKgNTDAFJMlqs3byzVHC+Lh64V4QvUImvK3t7eCx9ViLOzM9ze3mL/zd7cN2qfQhJAmrKsxI2Yuq6Pvdn+EGL3g5IKILSf4Ihlxm6KaQkCf+wX96OBEYjIDaWiN/HwrtkiKDiAFMGxAIv4JR7H0EwO+3G7SrxQjb+fcbjqS5Icge+j0WqgVK6gVB5/IpfJ5JB5m0Ot+gV39TsU8oWlmmMKDM30kBJ+8PKkx2CmB+ccmq7NjITgnIckdqzi8DywR8KQx4aKqrmVBCIyMT3uKykhUkGfg/kbtm0DmJ7giAnQ3gurfgXHggWMTgvGNayurmF1dQ3dbhfV2g3qzQZubm76Gli+JVXH2toa1tbWEqKj0ajjP/6//8L6WgUH+2+S37trNGF3HfheAN14+j4wSHQsspqjUCwkJMRvv/2GTCYz0zrZUqmEYrGIk5MTXF1dJWqOcdUXvu/j+voahUIBb9++nehYbm9vcX5+jmKxOLtskFlkagzKEp5AbNGZNHfDcRwcHx/DsjLIV3rkG6UEbMS5tZQCjuNA5ywM1da0Z8vdeAzpBX0QCHiuA40xtGwPum48qsQLLSsEUoRB3UQBQBZEmlC4e5UBpMMULlM933Kd04fHFBtp3HzpQgiJd+/evcRh3UO328XHjx9RLhUXzpryEOLGSt/34QdBSkjhQQgBXZ9V4UMUMjqo4ABCpoUzhiCSEXueB8rYSDISqSR8101aR8IwR0A3rCdzNdLKCc/zQIkPQsO6Q6IQ/ffjlYezQH8WyOJkNCwxHJNkcmhRJSNMRFL6IAqkef5Fj+/7aHfa2Np5M7E6Ksbq2gbsXA7VL1fI5/IvmxT/lYPSYZkeCr7nLYTSYxrSQ9N0CGEnJMckJPYghmUtxflBUspkLA3E4/kbrusin89PNfY2m81H21MY5V/1xC6TyeDtmwy2PQc3t7dotDo4OTnByckJKpUKtra2XrV8f1wkREetirPTM1Rrt6jWbrG9vYHd7S38+utvAIDWnYPK5tPXQVoC22dboV8WkuQAgLdv36Lb7eLLly/47bffsLOzgzdv3jz9wBFACMHBwUFCpJyenia2oFFRrVYBYOLcDdd1cXR0BNM0X/V3e1YWHSEE1rc2ES+B04HVo8CxHTBKoHEKCTx77sZjUNH/OI4NRik6bpjvpI/w+VBCQDmDiCwrigBEMRCsArIVqTleJ77eO9j8MMq8oHnnoHXr4N27d88SsjwKPn78CELIQltTHoKmaaCMJXZpEALD0GHbNgxDn9nmEyHkPsERBEFCbgDhRH/QlzoMQgh4ngulenkbnHPoI+6MxxVP8SJVKAU8UM8aVh6G/08oBY1COCkZXX43DCp1DL02FAKo1yln+1bQl8kRLdoeIzmEFBBB9B2PJqgvoYDwfR+dbhubW7sP3py73Q5cx05yCrK5HDSuhyTjkEWfZWWxsbmDq8tTrEygBllidJAoP6jf3hIu7F8L6SGEQCCCPoXaOCT2MATCh+f6AFTSsEQA8KhGt+/1g8dtIrZtY3t7+97PRz6WIEC3270ncU8rBF9r/sa40HQT6xubKBVt2HYHjZaNZqTqME0Tm5ub35SqY211DWurPUXHxcUXXFx8AWMMQoiRRJuD84u07xfAQjeuxOqNarWK8/NzNBoNHBwczGySHoe6npycJAv1SqXy5EL95uYG3W4X7969m/i7eHx8DN/3Z9YaMxSzaFV5BLOw6MQ1wWsb22B677OkY+ZuSCWQM7Uod2M+izig95HZtg0FBT+qg81Y41lzGQs3SKWQYRA3AYA8iNQAcgdF/KeeYomvEKMqNmKIQOLusoNyuTwzgnhcnJ2d4ebmBm/3dicmQecNRimYacLzfQSpOlnXdaFpcmbZcEMVHNT3E4caGYE0CIIAnhflbUSMjK5pI+8oK6XAKE2aXAarawd+GYZpIFz/DSMeSNKNHfpxesqPp96HwlK98VrRl8mRJjms/kyOMPjWhYoWYwRheOxL7Oi2Wk1s7bwZSm7YdhfV6ytwxqFxnkxImo16pIoS4JqBtfWNe3kdhmmivLKKRrOOYn52HuslnkZo6zP6zsmjpIdlwTCen/TgLJQUD4Z8MsYSW1a6HjrwPej6eLt0Qgr4npeQB/HYzxiDrmlDrymRVnAMyd9QSj1P/kbKnkK/ITsXJRSmlQXnGnRdR6WcR7tjo9XuJqqO1dVVbG5uvuqd73EwaF2p1+vgfPzWuFjFQcj9WvuR1RyzrkZ74jUIIVhfX0cmk0GtVsOvv/6KN2/eYGdnZyYvxTnH+/fv+9Qca2trD1piut0u7u7upsqKOTs7w93dHdbX159/wv9MrSqxRSefz09s0bm7u8PZ2RmKxRLMXE89Q1m0CTgCAt8Pcze0+eRuDIPn+QgCH1CAF0iYpjXR/JwSAsIYpBSQUkVqDhNQWwC5gaKdZzj6xUVaffatYtz3f3vVQRDMz5pi2zYODw9RLhWxtvr6NzR1TQOjtK/gxPf9xLIy7Tr8HgMR53A4SQ4H4AcU2gMSZt9zkwmz63rJLueoXr/4NY2BXdG47lBK2VdjO1h5OLjtYhh62BgwRP1BCEn6v2PiJm17SdtThmKe1SFLPIm+TI6Y5EhlciilQnIjpTIyTPPZaonTcF0X2XxhKLlRq35Bt9NGIZ+/J8/SNQBRRoLve7g4+zQ0u6NQLKPZavbZAZaYD4aRHkmmR6OBu+BllB7tdguNZgPFQv/iQtd0OClLl2EYY8kCh9pREF5/cf/50MdJCZkiGp4rf4MQMiRgNGVRGfO9BkEAIQQMw0AQBAvTNT8OuKaDazpcp4scgFzWwupKEc22jUbUtvGtqToGiY7aRR3tW4H8moZCeTSyb1DBkZ4wx7WyCxFCOtD3nsvlYFkWqtUqPn/+nKg5ZnXe19fX+9Qc3W4Xa2trfZteQghcX18jm81OnDdRr9dxenqKfD6PQuF+rfrC4QGCJLboTLpw8n0fx8fHMEwThUpPtk7JOLkbEo5jQ+cUoASc8bnkbqQhhIRr29A4RcsJwHUdfIrxl5CoYYxISNFbIxBVAaQRWVaWE/2vFeMqNtK/3266aN46ODg4mLrGflJ8/PgRALDzCq0pDyEJII2UHEBYD+040weQDp3pUcagMQ4/Srv3PQ+U0r6dcKUUPM9NpPSu4ya76NOygo/VHQJIiA6oNAEi++poh8EwdAgh+moKAYCAgNB+1QZJ3xSekeUcJFXkMDuMSl9oKffMBBh8K9M81yKiL5NjwK7i+36fQsg0zRcjA2yni/XN+7tk118uIXwf5dLTfmVN01FZWUW73UYQBFhd698hLOQLsLtdZL6Bxclrw4OZHs9sb6leX8F13T4CmVJyL2fJskZb9AdBAN/3+u18ADTOn1z4P5W/Yds2MpnMVFkycf5GX72nFMlARygdqUFFKQU/CBD4vWOOFSavkeCIYZgZMMbhug40DaiU86iU8+h0bDTazjep6hgkOqqndbSqPgrrOvKl0RQB6eDRQSxq0wpjDJubm2g2m6jVavjll1+wv78/M5uHYRj44YcfcHl5iZOTEziOg9XV1WRxcH19jSAI8PPPP0/0/EEQhIt6w3jZpqAZq25ub29nYtFxXRdbe/tAymo4jjXFsW1QSqBxNvfcjb5jYgRdT4RqtClzy2KwyNoeCBGGdSqAqByINKDIHRRxZvI6L41ly8rjmGRtGuaIKdxedFAoFLC/vz/7AxsBcRvYm90dmK/UmvIQCCEwdB1BrOYYCCCddJ364ExS0zUIZ3jaflqaHE9wGecwXqiqJr0oHSRAlFKQSkW7hTL57/SufeqXk4ATJdG3u0iHDBOhDWfcHOP+M6PixKTlSPRs6MvkSAWPgvQWZLqmvRi5IYUEYfxeqOjd3Q2E74/tgc7lcmg06rDtLqyUF1XTDbRbzZkc8xLPj5ewt2SyWTTr9XvSbV3XIWw7JQv0Hn1eIQWCSDoIIGHaGWPQNH0kFVQ6f4MMIRkcx5lqoSKlRKvVuhdu2NeeQh8nT2ICPJ1DFZKkbrKA9X3/VZMcsZrDc224bqiayWYtZLMWgtUSmm0b9UYjUXVsbW1hY2Pjq1d1DBId15/raFQ5imuZkYiOtGUl/TMAsMmcAkhHyIAoFAqwLAu1Wg3Hx8doNBrY39+fmd1ja2sLpVIJx8fH+PLlC7rdLnRdR6fTwcHBAbLZ7ETPe3R0BMdxsLu7+3JS+2lbVVLRbgDQ7XRxe3uLjY2Nice+8/Nz3NzcoLK2Aa73PkvG2Mifi+c6kEogb+rwhYCVyc7dvuDY4TEpGSo5rMxk35OHQAiBxjlEICARW1Y0ELUOkDoUfX1zqVm3rLx2jKvYGET8uNvLNnxP4I9/mK81pVjIY33t8Trz1wzOOShl8H23r07W932oCbIwH53t6boOx3H6JsGUMjiOA0LG2717KRBCwAgBhixeY7XHPeIj8o4D6NlehlwP4cUyeEebkFpKfX4zxXPX3L4SyUdfJkdCcoyfDzMLeL6HXPY+idFuNVAqlCZ6Tk3T4XtuP8GhaRAieORRSyw6HiU9JrC3OLYN/sAunqZp8LxwDPJ9H4zze0GjoZLBT5QMSYhoZGUcJ7egL39jYHx2XRdSypnkbwwuxPvrYYcfr5Qy9H6mrI3pjBLDDM+H67iv1qYyCN2wwLkOx+5CyPDccEawUsxgdaWMjuOhXq/j+PgYx8fH34yq4yGio7BqjWRdSZMcfXWyi2RZGYCmadja2kKj0UC1WkWz2cT+/v7MzrVlWfj5559xdnaG09NTAOHnPKla5OLiAjc3N1hdXb1nR3sVUOGG2vX1NTKZzMQWnWazic+fPyOXLyBT6C18Qiv26LkbnufB1Bh8IaAbJjifb06R7wfwvTBPKpzOU3S7bRi6AX1GKo4YjDMgalmJQVQJkDoUuQOIeOTRi4vHzv6TdvyvBNOWThBC0Gm5aNw4ePv2LUqlyebr0+Lw8BBCiFfZmjIuYhV+uk6WkLAmetzv7aOrPEopdF3vmwQDfkJuKKVgGAb4Kwlti3fsBye5ic0lJj6GhO+MTUY8dCLS0mmlQAd+Fv8XoQR9QxQJ/2fs63XwML4hSneQ5ABCMu4lyQ2lJByni+xADoLr2FMNvpyz5Lrs/Uwbmj2zxOvGo5kesdJDSnCtp/TQNB12t4NOu4lyaXhPOuccQoiEAPQ9r09lFDZjeQlznlxDQ9pRnsJg/gZl/Y93nFAS/CwBoypNcPRf+1JKeJF1LUZMbDDGwLkG1w2PjRASJX2H+SNfQy0zZQyZXB6e54Rqjui+JYULS6fI7WzB39hAvV5HPcrqsCwLm5ubX72qI010nJ6eonrawN1VB6W1DIqrw9/3Y5kc8bxibmqOEVAsFmGaJmq1Gj5+/JioOWb1Xd/d3UWpVMLFxcXElbCtVgufPn1CLpeb24IDwNQ2letqFUEQ4Mcff5xoLiClxPHxMTRNQ2m1t/AJW+HGyN1ww9wNQgkY433E7rygaRwsnwvHWs+DqTNIQeB4HvwggK7p0GaoGGcsJISElFAyunZVBkSZUOQWinZn9lrzQPJV/UaIjUmRHrdDRR5wd9lFLpebeLyaFpeXl6hWq9jd2f6q77eD0CKVved5yVonFiiMiifvWskkOFJxAOFElxIC3TQmrhZcJCRWhSFEjf5Mtpt5y/++FaRJDjbBwmxSOI4Dx7VBKEOhtILMgLzS931wNvmxMMZhu+7Qf/M879m+t0ssBoZleqSDTIUIoHHtQXIjBtc0iJTKSYgAhFL4np+ogRIbIqUj21EG0Z+/cf+2Y9s2TNOcShYf52/0Wc+U6ldwRAs1IUSYyRNNaNKTes4YGOcJGRISHTzKnQo/i6+F4Iih6yY4D0NIgyAO8ZYQXheM6thYX8PGxgaazeY9Vcfu7u49W9DXhJjouL29xcXFBaoXVXRbHipbWejm8O9AbFdJb5akLSxJnazaeJkmlTFgGAZ2dnZwd3fXp+ZYWXl8LBkVuVwO33///USPVUrh6OgInPPFUBJNeO7q9TrarTbevn07Mal7fHyMbreLje29vjF1nNYT17FBCV2o3I0YlFJYlolA0+C6LgAJU2Ow/eBZ7MWEhNlUgghIEZ9UCqJWAdmCJHfPGcf3rFiwIWahkV6b3V614ToBfvzLfKwpruvi8PAQ+XwOm+sLMN69MOIA0iCyDquUC2OUFqCRZmhpqwqiVGZd17+JRfq38B6/dsQkx3Nnbni+C9txoIRCJpfDxsruvUrXGJxrz8Kmr2/uoN1soN64A0G08z9mq9ESrxPDSI+nwCgFYyzJ1vBTaoaY2CBKQdP1qRb06fwNOoTgcBxn6kVyq9W616QgZao9hWqIJWyMsUiR2CM3OOfgmnaPtE+rWjzPD+1urgcRBAlh8jWAUgork4Pvu/AcOwm8VtJD4Pqg3EShUEChUIDruqjX67i7u0OtVkO5XMb29vbLhj2+MFZWVrCysoKLiwscHh7i9H/vUNnKorSWGfr7g+qN9M/iv3fJF2RikgN43lXImM9dLpeTbI7ff/8dm5ub2N/fn+uc6OjoCN1uFzs7O2PX+i4KHMdBrVbD6uoqtre3J3qOq6srXF9fY6WyBt3qjXmM0bFyN4QQyFuLk7sxDEopSBFA4wxN24Whm8867jLKQIgK7YqJmiMPCgPALRR5Bmv5CyAmORbxHC8K+lqwOh7qVRu7u7szI3fHxeHhIXzfx/uD/bm8/iIgDCDVkjVMPD+NIyPIIyKLkUaJ2G/tui44Y8vd4SVeHZ6L3BBCwLZteL4L08qisrrRl4vxEBSm6yAPggCFAdsLAFhWJnl9z3PR7bTR6XQQ+C40zYCh68vrd4k+6JoGOwjuqfSAUM2gadrUk6K+/I2BhYnnhZaPaewp7XYbUsr79pSUnJEN+Mo55/AikiO2AT0FTeMJMRJ8ZQRHDE0zIjWHDd8P7TlKKQjfhhQBmGbAMAxsbGxgY2MDt7e3uLm5wd///nd8+vQJOzs7Ey/cXgO2t7dRqVTw8eNHXF9eJ2oOw7qvyEsTG2n/cEJ0ICQ5AIREx4LBNE3s7u7i5uYGV1dXiZqjWLx/73lufPnyJVzUr6wsllR7jO1xpRSur69hmubEuRudTgfHx8fIZrPIlnqEIqVk5HmOCHy4ngtL5wuTuzEMcXUtpxQd14PGNegv0CBBCQFlDAFEyrKiA2oTIHdQtPXsx/AcGMi4XSLCMEvhzWUXmUxm4urmaXF1dYUvX75gZ2sT2ezTa4qvHZRSEEpB0FNHAgRQ8n6kQ4SRZ2csmuh+DeFqSywxDZRSsG0bjutA0w0UikXk8uNN+ETgTxn0pJ68S8W5DaVyBUopdLttdNpt3DXr9+50L7GBCAAQCrquT5ycv8TsERPYcT0XADBCwHV9JsqfwfyNQYuKG1mtBtUX46DZDBPvBwkOKXq7bZTdJzh830/sOaPYTjjX4PspFYcQr3Yn+TEQQmBaYWWv5zoQkRJGST9UczADTA8/61jZ0Gg0cHNzg99//x0nJyfY3d191Tvtj8EwDPzhD3/AysoKDg8PcfbPOlY2Myiv949rg8TgY7LaRM2xgKhUKoma47fffsPOzg7evHnzYq/f7XZxdHSETCYzt93UoRizVaVarcLzPPz0008TK+Jii05ptUciEoxuTZFSwnYc6IyBgIDyxcjdGAbbdkAAOL6AAoVhviyxxRmDJBJBRJSHdbLlKID0NvzBK0J6GbhsWemNx4Nj8t2XDtyujz/+8YcXa1tMw/O80JqSy2FrczHvCfMAQVh9HZ4uFYrgCYGSKuwGGTiPY42wS3JjiW8Zjuski7FcvoDVjc17oYUPQUrZN1BqmoFgisYTKVXSbDEKCCHIZvPIZiffJZ8Vrr9cotsN2fElFgOccwRBACXl1HaUQfS3p9y/h8S1kdPsyrZaLegDxy0DD4hsFpRQaNr9nT/OOfwgvA6DwHv0fcdtNjECEUDaErnc5GSdECIhVjzPexEr3TiIK2Vdx4bn2cnPpXChXAGmGQlhVSwWUSwW0W63cXNzg8PDQ5ycnGBnZwc7Ozuvs+3iCWxtbSVqji9XX2C3fFS2h6s5huVyDKJLrgBgIZtWMpkM9vb2UK1WcX5+jkajgYODg7FrzifB4eEhGGOv2gLVbDbRbDaxt7c3cTjqyckJ2u021jd3QXmPlBhHSRbmbihoGodUgLVAuRtpOI4LGQQAAQIhYVmZudgrKKXQSBRAGu/0qywAE6FlxX708YuKxLIy7wOZI4Z9n1zbx+2XLra3t+eW83N4eAjP8/Dd/tu5vP6igxAKQmjf/XSYZWVxZlJLLLGA8H0fzVYTd/U6CGVY29jC7psDlMqVJ8mNIPBxd1vD6acjNJv1vn8zTBOUcXj+ZH7OQIh7knohxKtoUVld24ATNVMssTjQNA2mZc08PDMIekQepfd3813XncqeAoQEx2BAqQh6IbzaA9WCnHNAKbiuBylVkkUyDFLJ5L1cX1cReAHUBJqnkCjxYds2XNeNmmxcKKX6PqtFgmFayGQLYCn1jZIBArcD4feHHedyObx9+xbv3r1DoVDA58+f8e///u/4/fff0W63X/rQnx26ruPnn3/GTz/9BOETnP2zjrsvD7/PdA7HoLA23k2MQ0hnjilXM4QQrK+vY3NzE47j4Ndff8X5+flsju0BJIv69fXFDvZ9ZChwXRfVahWlUgm7u7sTPX21WsXl5SXK5RUY2Z5itLej+TS8aLzJGjqklLAsayEzGXw/gO+60DiD44VznXnaAeMAUppSyRDFQOQaiJxjk8+YGDzXaTXH69KiTI+HFNQ3lx0YhjE3a8qXL19wdXWF7c0N5JbWlAdBSGglAxARHRJKxRkd4bld4LvFEkvMB0LKMFfDc2GaFsqVVWQyo+1SKaXQbjXQbDYhfA+maSGXy6HTbqM00GhRWV3D1cUpyuUVkDFnnr7vwhzI+uh0WqhdX0E3LWQzWWSyub6AxEUBIWRZV7aAeC4rgUgplQbzN3zfh+d5UxEc3W4Xvu/3Sdel7ybqDUIpdH34dUAICdUrEbERBP6DnwOjDJwxBEJA0zTwKPhq1EYVKUOCJEiRKIZphOHdEYIgmEnmyXOAMY5MrgDXteG5KTVH4EAJH1Qz+up/LcutdC9nAAAgAElEQVTCzs4OVldXkwaSi4sLrK2tJXWhXxM2NzcTNcfV1RU6LR+rOzmYA2qOYbLoeDc17QW36eLWyeZyOViWhWq1is+fPydqjllnYzSbTVxeXkLX9VetAKrVamCMTZy7Yds2jo+PkclkkCv31D2UkpFthCIIwjmNzuALAU03Fjd3w7bBOUPH9UGiIOxFAKPhzrEMgp7LVxUAqUHhDqCLSVA/hW+tZeUhcqN+3YHd9vHzzz/PhUwNggCHh4fIZbPY3lo8Fd/CISI5QoKjd2+VkWVlSXAssUSEMFfDBuM6CoUCcvndkRca3W4bzUYDjt2FYZjIZiww2iNFlBTodtrIZHs/MwwTlbUN3FS/oFxaGem1pFJod1rIZPP3ft/udlEqlsEYg+u5qLaakCpUi2RzOWQyuYWQv9/d1haSeFnieZBWFRF6P2AUmE3+RqLgUApS9EgD4wFyI0ZMcCRVuVKADVGaAADTtIigUMhmLLiOmxAcsTKDspAIiRHbUETqc4g974SQJNgVCMNdY5JjUWEYFrTIthJXyiolILwuwA1QbiC9pWwYBra2tpKq1dvbW1SrVZTLZezs7CxG3eeMoGkafvrpp4ToOP9nHSsbGZQ3QhvTYLNKWs2h0NuRin+W1MkuINHBGMPm5iaazSZqtRp++eUX7O/vY3NzdhPzQqGAvb09nJ6e4vT0FOvr64ttbRyyUqzVarBtG99///3EJM3x8TGUUihVtpJri0RBmKNAKQXHsaHxsGWFUgbTfP6wzklAKYWm6/BdFxmdww0EbLubNMLNG5QARONRbWVsWbFAiAWlbqBIZ85HOBm+BcvKQ5kbAOA5AW6uukl49jxweHgI13Wx/2ZvLq//WhGeT3LPsrIkOJb4puG6LhzHhgSQzxewsroOPuLiwnUctFoNdDttcMZhmSayK5Whv5vP5XFTu+4jOAAglwsXdnc3NTDGkcs+XNXW6XTg+R7KlVXkB0JNpZRwuh1kote3TAtWFMjl+z5a9Tpq11/AufaiJMdgareQApRSFHLzzwJZYv7odrtgjE0VOttqtcA5T9qBhO8mOzSUMmhPEBx0oCpXBAGY/rCKw3Ud7OzsotvtJAqMIAjg+2FwMFMqVHoEAQLfR0xrpIP8GKPgTIMC4Pte0lKGiCThnC+kiiMGpSyslPUcuK4DFallROBCBB64boGw/nGUc4719fU+ouNvf/sb8vk8tre3v6rmlfX19SSA9OLiAt0om8PM9D6TPgXHQMtK+mczV3PMeLu2UCgkao7j42M0Gg3s7+/fs4xNit3dXRSLRRwdHeHi4gKlUgmrq6szee5nQerzbbVaqNfrSfPOJDg9PUWj0cDa+lYS7AtElbAjPodj2yBEweAcgVIwFzR3I4ZpGmCMhQ0qnIJRAscL7TXmAthqCMIAUkEkpIhGeAUQVQGIAdDbhVNEPJb90/d7+DpJjqfe/81lB5qmzc2aUq1WcXFxga3NDeSnyPX6VkEIQEAgk4aVpYJjiW8QrufBdR0EIkAmk8PqxhbMEdO5gyBAu9VAuxW1NhgGyqXyk4+jlELjGm5vqlip9O9Y5nIF5HIFtJp1NOp1SCmglATjvcmwlAKFYhmbpeHMbqtZf/A9xO1HOeSi55pfTsciKEiWWBw4jjOT/I1YGq+U7FNv6CMqhTTOIZKw0QBc00Af6Fcvl8OFiqZpSWVsrEQBonwcpUApDSe5SiUqDc45GOd9ChHGWLSr6oeEiesh8H1oD9Q5S6lAaSrHYY6TfU03wbkB1+2kAlgVAq8LQrUohLSfLCKEoFKpoFKpoF6v4/b2Fr///js+ffqE3d1dbG9vL4wkfRpwzvHDDz9gZWUlVHN8rKO8nsHK5v3J60OS6bTCY6YBpDOuzdI0Ddvb22g0GqhWq0md7KzUOfl8Hn/5y19wcnKCy8tLOI6DtbW1mZEoM0OK0Q98H9VqFfl8Hm/fThYWeHd3h7OzMxQKRZj5ngWPUjrydR/mbgTIWzr8QMDKZF7FfVjTOBjLwrEdCITH33F9dLsdmIa5EBXdLKqtlH0BpDlAGFD0DiCvK2ss/Y36GoiOtOXvseulUbPRbXn48ccf5zKmSClxeHiITMbCztKaMjn6LCtLBccS3wg8z4MTkxpWFiura7Cs0VnSVquBVqOBwPdgGCYK+cLYC4tsNot64w6MMRRL96vu8oUS8oXQly6lhJ9aNBmPSFuVUmg26igWRquqfQ2TmyW+fsThmtM0IzhO2GwUW1xkKrSXUT60OWUYYhWH67gwTAMiCEC1x6sTWVQzawxIvV3Xg+d59wJLwzre+8cTjyOapiUtTUEQPEhwBFHFtKZpcFwXGuPg2vwUH4QSmFYOnHtwXTupBI4rZRk3QR84D6VSCaVSKWle+fjxI46Pj5OK2YVbwE6AtbW1RM1xfn4Ou+VjZTsDK9s7v081rAwSHYvYsgKETTqmaaJWq+Hjx4+JmmNWfvb9/X0UCgWcnJzg9PQUlUoF5fLTGwwvDgVcV2tQSuG7776b6Cl838PR0RFM00RpbafHnRAyciXsYO6Gbhjg2uuZ9lNKkclm4DgufC+0rDj+gllWKAEhDFLK1OaRBirXoUgdijbnenyT4muxrDx1X/TcADeXbaytrWFra+uFjqofh4eHoY3tw3zUI18bYsvK6xnpllhiTMRKDSEELCuDldV1WNbo/l2720Gz2YBjd6BrBjKWCTZlJV6pWEa9ETaqDCM5YlBKHyU1YnQ6Ldze1GAaxtxlm0ssMQ7ixfw0+RutVgtAGGg5qXojBuc8ISV8zwfnj4d9UkKTel0A0DQ9VDEoBSFlH/FBKYX2FGHCOAjxYRg6XNeD7/v3sjiElGEGiOo1vviBj0CEOSDzzO7gmg7ONbiu01cpKwIHUgZ9lbKDyOVyyOVysG0bNzc3+PTpEz59+oTt7W3s7u5OZWFaBDDG8P333/dsK4cNlNYsVLZ69xNC+qOmh5Ed8d9tMmE2x6Bn8BlgGAZ2dnaSrJVms4l3796hWByNgH8KKysrKBQKOD4+TvItVldXE4vaIuD29hbdTgfffffdxJkhR0fH8DwPW3v7UKkTNiq5oZSC4zph7gYloITdI2NfC9KWFU2j4Cy0rEgpYJgLYFkhkWWIAFLIVABpCZA6QO+g8HBD16JiUOj12maYT30vlFK4ueyAEDo3a8rNzQ3Ozs6wsbaKwgtUbn8rWIaMLvHVwfU8OK4NKRSszPikhuc6aLWa6LZboc/cMpEpT+adfQilYgmNZgO2baNcroxEZAzC9z3cVK8RBD4KufxSlbHERBBCzM0OYNs2CCFTWVRarRYopdB1HcLryYEp4+BPEAqDYIyBUpqEjQYigMYfJwxYFC4aqy18H32LCM4YGNdG/ow1jSd2l2Fho7ElJn6NWHHiOi58308ek94xdxwHnPOXSYUnBIZpRURHN2nQCStlA1Bugj2iqrEsC7u7u0lOR9y8sr6+jp2dnVffvLK6upqQHGdnZ5GaI4tMTg93TFOkxiiLtonVHC+wNbuysoJMJoOrqyv89ttv+PHHH2emtuCc48OHD4ma4+zsDKurq1ORpbNCt9vF7e0t1tfXJw4rPD8/x+3tLVbXNsH1HrkX29lGgUwIUAlT4/BFgE6nC8syX+V8YbhlxVsoywqlFIRSyEBAJpaVDCBMKHoLkO5cjushC9yoeG3EBjCafbN566Db9PDhw4eZN0CNisPDQ1imib3dnbm8/teM+Y8IS8wdIhBodZqQSo1dV7posDJZVFY3xiI1hBBotRpoNxtQSsI0LJRGyNWYBsVCEZ7n4frqHJphorxSGalZxPc83N3dhIGi2Syyi5wov8RCQ0oJ13WTqtSXDraM8zemec04f0NJ0afeMCds6eE8RTD4/tMEB2VgRo+8oJRCCglN18A4AyXjkUeca/D9IFFxpCtohRCQUvaFlRqmAUpoj/BwPXi+j8D3k7BkKSU8r9fO8hKEFuMcGV6A59pwByplpfDAuAHKHyagBptXbm5ucH19jZWVFezu7k4c2LgIoJTiw4cPCdFxedRAcdVCZTMLkspWifHY9UEIgU0Wt07WNE3s7+/j9PQU//M//4P19XUcHBzMbIG9sbGRkBzX19fodrtYW1ubG2krpUS1WkUmk5nYmtJsNvH582fk8gWYxUqyfU4pSbJ3RgHjHBmWhevYaNkeDI0BSqDTbsO0MtBekVUlRp9lxXWR0TU4vkDX7sDQzYWwrBAAjDNApC0rFFSuQpFWmM3xQpiW2Lj3fFhssmPUzA0ACDyBu6tuck+ZBz5+/IhOp4MP7ycbK5Z4HK9vhFti5mi2Gljb3JkbgzkPSCnQbjXRbrXgey5MK4NivtBXb/jc0HUduq7D8zxUry7CmkAWysx1Xe9rc1FSodvtwLE7yGazKJcftrcsscQoiC0OCoAftYAwxsIgzGdeICilYNv2VAtVz/PQ7XaxuroKGfSyNzjXwR5ZPD8GHuVqxMqIIAitKqOCcQ7DmI4o4hpP8nfSBEdshQHCUFSmaQiic6ZUSH7G5IfrenAjUoNSikxUaet6XmSX0cBeYBdXNywwTYPnOEmlLJSE8G0oKUI1xwNhrsD95pWbmxv89a9/Rblcxu7u7mK3aTyBSqWSkBynp6dwWhLlbRPZvN7XqvLYTmT8O4tcJwsAe3t7uL6+Tv7s7e3NbFFhWRZ++uknnJ+f4/Pnz0kA6TxsTdfX1/B9Hz/88MNEY4AQAkdHR9B1HeUod0MRgCpMNCYTQmBaGXiuC9dzwSWFqTM4dhdC6BPX1s4bacuKrlEwRuB4zsK0rACRZYUSSCEQ8wxE5UPLCrmDIt7jT7CgWHSSY9Rzf/OlAyEkPnz48MxHNBx3d3dh9fXaKopTBq0vMRxLguMbh23bKJTK3wS5EZIaLbRaTfi+C0MzkLGsqXM1pkVMdADhhDUIAniuA6ebkjMSAkPXZ26XWeLbRUxwJItix4WQEsLzwhq8iOiYerd1SC2l44R2kmntKUC4SzxN9sYgYpIDAHw/GIvgeErxMQpCFR0JVRyO26uvFSJRarCo5SUdWso5hx/48L1ejocUATTNCp8vpfJwXTdU7czi/D4BRnlUKevC87qQMvwySOFBSR+Um4+qOYD+5pXb21vUajX8+uuvKJVKiaXlNYIQgvfv3ydEx9VxA4WKidXt0ZRN6d9RSo1XJ/vCPZYxUXV2dpZUnx4cHEycUTGInZ2dJJvj8vLyxetk6/U62u023r59O/G4dnx8DNu2sbGzBxAKEp0jxqe7RnXDAOMcjmOj4wTImRp8PwxCNk1r5FyPRULaskIQoGAZaC9YywolBDTKdorHPaIMQG0C5BaKtl/kOGZF+CwysTFOo1ir7qJ95+L9+/czG3/GxeHhIQzDwO7O5PXojuO8mCrzNWL+I8ASc4VSCvQrvjjSSg0vIjWyC0BqPARCSFLrusQSz4U48T1ZMLP+ADrX9UJVRxCAMQrOZqvqsO3QtpCb4jpstVoghMDQGGJxAKMcjE13W9M0DX4Q9BpVRDD1cz6FmNgMggBKhbJm1w3fVEy2pI/voQpbjWvhc/k+oBR8P0Amy2AYetjM5Pt99pcgCMAZe5GARk03wDUNjm0jCEJCSimVUnPowAiWnpWVFaysrODu7g61Wg1/+9vfUCwWsbu7O1UjzzwRv6fDw8NQhTCg5ojx2CQ+Vn0sspqDEIK9vT20Wi3UajX88ssv2N/fn1l7QT6fx5///Gd8+vQJFxcXsG0ba2trz65UcF0XtVoNlUoF29uTLViurq5QrVaxUlmFbvayRMbJ3XgMjDFkszk4djexrChIdDttGKYFXX99c45hLSvugrWsAJH6hkhIIZOfEbUCyKhOFvLhB0+J51SzLIqaYxwrjhQKtxdtlMtl7O3tPeNRPYyjoyO0Wi28/+4AdMLz43leYjPWdf1lMrZeGZafyDcOXdfRbNRRKLzu8LY0+kgNz4Whhw0o+QUlNZZY4qWRrjBljMEwTEglIYIgyYAAwkW2EBJCeKAILRhjZ3UMmXs4joNsNjvVTbnZbEb5G73JIZuBggIILSAxsRAE/rMRHMln7vnJTDEmNohSiU3ND4KEgHpMUSKkCMkNACAElIXkBmMcjIXnL0gRJq7rIRACotuF9gKTJEIorEwWga/1VcpK4UXZHA9Xyg6iXC6jXC6jXq+jVqvh73//O05PT7G7uztxuOO88e7du4To+HLSxMpGBuWN0GqRJjfSXvM0XkudbD6fh2VZqFarODk5QavVwv7+/syItlhFkQ4gfa6AWqUUrq+vYRgGDg4OJnqOTqeD4+PjMFer1Pvujpu74dg2dMN4VJVlWhn4URi7xhhMncG1bUghYFpfiWWFhJaVRWlZAQBGaUhCCpkKIM2CSAOK3EER+4lnWDzMu2UlHhNHPb9KKdQu2wgCObfWlEajgU+fPmG1soJScbJQZCFE2KYGAITA831IKReqSWoRsCQ4vnFwzqFzDZ9PDkcKuVx0+CJA4HkwDXNJaiyxxANIExzxopYSCqrp0DQ9vIEGfl+gpet6kL6fhJJOA8dxplqECiHQ6XSwsrICKXvZFLOSJSdZHFGjipACjM5OwRISEUHSMgKSIjYAcE2DFr2X2M4DhOqNxyZzjDIYpokgUmp0I+IiRmxrYZwnVhYgFU76QkGkXNPBNR2uYw+plPXBNPPBStlBlEollEol1Ot13Nzc4LfffkuIjs3NxVzgP4ZyuYx//dd/xe+//46Liwu4bYLytgbD6hFb6YyOYYi/I11cAcBCEh2cc2xtbaHRaCR1svv7+zOzlcR1sicnJ6hWq0lez6wXAdVqFa7r4scff5xYeXl4eAjOOcpr/eqPca5D3/PgBx4C4cM0rL4Mr0Foug7KGFzHuW9Zsb4CywoNkLcMdBbQsgLOgJRlBYqDqDWANKBoY74HOCHmRR+NS1y1my5atw4ODg6mssdOg8PDQ2iahr0JrSlKKXiuGzWW9atuhW1D1/WlZSXC/K/4JeYOy7JgWVZfiN1rhWWaILn5s/VLLLGokDLcQUrsKUMW7owxMMZSqo7erv+05IbrupBSziR/I1Rw9MLaZqG0kFJCBKLvZyLwwfTpJw1CCAS+B5FSncTEBqM0CXmNEQRBeK4MHQRkpDyQuNlFSAHTNIfaWRhlYCZLbCpJZoeUL7rbaZgWuMbh2jaEjCtlBQK3A8oMMN3AqNPnmOhoNBq4ubnBP/7xD5yenmJvb+9VEh0//PADSqUSPn78iLN/drC5uYnMWtBXI/uU7zz+twebVobk47w0isUiTNNErVbDP//5TzSbTRwcHMzke8g5x/v37xOi4/T0FGtrazOrk202m2g2m9jb25u4Avf4+BidTgfrm7ugrEe+cD76eCOEgOPaMDkHiILj2NBEAMN8OFuNMYZMdqBl5SuxrLiOC891kdU5nAW1rBCiIKXsqbFUMQwgpXdQmM1cfBGUK8+FcTI3AEBKhbvLLorFIvb395/vwB7ByckJGo0G3h3sT0xCeJ4HRcKMrnCzifWa16IgcY3zpc0dS4JjiRSWHq4llvj6kagGEHuDH54kUEIhUv88i12wOH9jFgSHrjHIiHth9HF1w1OQUsIPfIjYJx1NIoDQtzuNisMPfIggSGoDY1IDCNP2Na4NlZWn7SSUMSiMXuXNKHuypYZznrSbSCGg6/qzh44OgjENmZwGz3PgOr1gZSlcKMcH1UxQNvpkrVgsolgsotlsJkTHxcUF3rx58+paVzY2NhKS4+rqCoVuAaVtBk3vXYejTvTHCiB9YRiGgZ2dHdzc3ODLly8JyVEsFmfy/Ovr60kA6azqZD3Pw/X1dRJ0Owmq1Squrq5QLq/AyPbeK2N0rLHMdWxojIIyAgUCUydw/ACi04Fhmo++T8O0QCmD6zpgksDSOVzndVtWDNMATVtWKIHruQvVskIpASEUQkqoJIDUAoQZBZB25nyEi4tJ6m9vLtvwPYF3f5yPNaXVauH4+BiVlRWUS5ONa77vQ6Sq4nXDAKMMlPLQjm8acB0XfhBASgFdNxbiuz4vvD4d2hJLLLHEEhNDpILORiE1hZ+ys4y5IAjJlPRkhMC2bViWNZVUvNlswjRNkNREZ1LyRQgB13XhuG7y2RiGDsMIF/uGYYSy7THJDaUUfD+ssvXjQDDH7Sk2GINpGDD04Z553/cTr3aYhRLAsW34wezqBYPAh5QK7XYbnhe+XiKdfmHouolstgieyuBQSkJ4XQRuGEQ6DgqFAg4ODrC3twfHcfC3v/2KX375BfV6fdaH/qwwDAN/+MMf8P3336PVauHsfxtwbvR7/vNRJv02/ZKEkC4iKpUKdnZ2IIRIrEazgmma+Omnn/DmzRu0222cnp6i05l8EVmtVsE5nzh3w3FsHB0dIZPJIL/SUxhRQsYiGV3HhlIKps6hlAKPVGx5k4NAwe52ktrph6DpOqxMFkpRdJwAUIDve+h0On33i9cETePIZrMghIEAyFk6pBTodjsQC6JWJoSETVZ9liACoiogcmVux7WoSGcPjbJwV0pBKYV200HzxsHbt29nRpqOi9iGtrczWaByuAGTqorXtGROwhiL2pDCsHjD0CGEhN21+za0vjUsCY4llnhlCIIA7hMTliWWiCFTdojEnmLogALoE4t2IQSkknDdsDp23B1Pmbq5EhruwjuOM5V6QymFVqsV2VMG1CgTgADJrkj8h0fBq+GkYTziREgB3/dg293I2qNCYsNxkwmtZZownlBLaJoGy7KS95W0qng+bNue2lKolILnhQoR23bAGIUUAo7rwI0ImZcGZQyWlYVpZvqsNUp6CLwO5ATkTrFYxIcPH7C5uYVms4n/+q//wm+//ZYoiV4LdnZ28G//9m8olUo4Pz/H3ZmAFD1SY9QJP4B+kmPBNvgsy8Le3h4KhQLOzs7wt7/9bSoiYhA7Ozv405/+BNM0cXl5iWq1OvZz1Ot12LaNg4ODiRtajo6OAADl1S2o6CQQYKxWO9/zwmYkjSIQEqZpwcpY0A0TvpAwdApDC9UZzhPf99iywnlo61ASgFLodtrJODEJhBDodrrzGU8iy4pmGAgCgazBwQhg290wx2BBwCgF46yvUYOoHKjcDGtlXylmSZWPa0npPQ6oX9nI5XL47rvvZnhEo+Pz58+4u7vD3s72xEp5L5rzxxsvmta/QUQIgWGYSeaWYRoAJXA9P7S1TKB6ee1YEhxLLPGKEAQBPM+DSJEc85g4LPE6oFRIKNiOE8obU4QD50/XD96zs4yJIJVlQSgLv7tCTG1PUUrBNI2BgNHJPKeUhRNL1wknvLquQzcel3UPQ6gEceBGnzUQkhKu64ESAl3XE+XKqBM1QggMXYdpGGCUJs+nlITnuXAcG2JMZUOMsMEknPQopSBErzY49PS78D1/LhMjTTeRyRWhpRtVokpZ4XbHVnMAQGW1gh9++AHr6+v48uUL/vM//xNnZ2czPOrnRyaTwV/+8hd89913uLu7w9n/NuDXrWSnMsbg32Okv3ddcoVOFEIKgoUiOgghWF9fx+bmJrrdLv7617/i8vJyZs+fy+Xwpz/9Cdvb22g0Gjg9Pe0L830McSXs2traxJanz58/o9FoorK2Aar1CBLK2GOOwT6EFZEOdC20GWqaDi3KzTAMHZlsDiAUhAJ5S4cQAbqdTl/A9DAYpgXTNOEGAq4noDEK17Fhd8cnBJVSsG0bIgjQ6XTg+/PZTTZNA2Ymg0Ap6FpI+nieC7vbXZiFHyUkJDnSpLfSQeQGiBw/M2ba9zWLzyX9VZ7k2dLj2KRWi7svXbhOMLfWlE6ng8PDQ6yUS6isTJbT43leb2MK6AsOH4TGNRhR9lb8+4EQcBznm1srLAmOJb4ZuK775M19kRGTG0DIzsYkh+u6cBdoN2KJxUFMUCgp4ft+3wSTjqBMSFQCSk208yBEf4bELPI3ms0mAMBMheBROmZ17QDS7y0dqDoKhBBwHRuu60Qkh9dHbBi6DtOypso4iq0yuqaBoEechLYXB77njj0hZYwnzVnr62solopRZbCeTIx8EcxELTIJCCEwrSwymTxYqlFFSh+B24bwxx/z4oXzhw8fkMvl8M9//hO//PLLTBUCL4G3b9/iX/7lX2BZFj5//ozmwNp/lGsh/p2E5FhA5HI57O7uIpfL4eTkBL///vtM73Vv377Fjz/+CEIIzs7OcHt7++RjqtXqVJWwt7e3OD8/R6FYhJnr2RAoo2NXwjJGw+wNSu/lZTBGkc1moXEdvhDImhyUSNjdzpPqBa7pyGSzUCBoOeG1H4gA7fZ4lhXHdgClIKHC6tZuNyGSXxp9lpWI9JEyQLfbXhjLChCeN8poHztAVAlEVvBSS7bnIH0mvTtPc193uj7q1S729vawsjIfy8/Hjx/BGJu4NaWvEhYhufGUXZZRlsw54vu5QrjZNe785jWD/d//1//z/877IJZY4rnh+z4CISCCAJTSFw/SmxTxYCSl7CM3gKjKMpKOKhUmci+DYpdIw/d9KITfGc559IcBKgyoemzyIESQLNgpIY/uGgyDlAKeF+2KEgKmWWg0GiCE4M2bNxO/p/PzcyilkM9lE4sK58ajtYhPgVKaNIrEu2iPjRFKKQQigOe6CIIASqkoJyOciDDGoGvazEM7Q2lq+D6lEBBCQggBQgmCwA8/5zGyQsL3ySBEAMMwoGl6ZFuSoJSCcxa+hpQIorFzVP/zrEApg6YbgOpXFCkZQMmwVYSM8p5Th8w5R7FYBOcctVoNZ2dnYIzNzZ89CQzDwPb2NqSUuLy8hN2U0C0CroWfxagkByEEHtrw0YaOxatVZ4whl8uBMYabmxtUq1Xouo5sNjuT57csC+vr6/B9H7VaDbZtw3wgmLNaraLT6eDDhw/IZDJjv5bnefj999+haRoqm2+hSBgZHLaHjn7deq6DQATIGhqEkLAyGRBKhy4iucZBCIXv++Cchmo133fndWcAACAASURBVIOSCow/TAwTQqHpOpSUcH0fjBBwSuB5LgDyZMuL63rw/XDO4vrhGGLqWhS4LEZSEM4ahJBQ5aLCe6Ohc0ipkrnVIlTJAlEOS5KtE/6MQAdRWYAE4Z8RMOnn+9xjfEyfPPUK0xyDUgrXn9vQNRN//OMf5xK2eXZ2hvPzc7zd20U+N9nYGhO6hqGDMT5WdhljPLm/x/dyKcNrMWzyWSDZ3iMQQuDm5gadTgd39Tr+8Y9/jLRZ/TpWeUssMQGEEOGixff7wnlcz3sVSo5wx92H67p95EZ6kWOYRvInDktcYgkgnBil60jT5Ncok8v0rj3XJlBvpB5PSDgZnjZ/AwgtKqZp9uVvjFOp+BAG61mHQSoJL87XiHytPduIAk+CQ5+3i/7hfA4Pjm2PNb6xKG8kzhoJ/25B142ezDWaZce7QEHw8rtAhmkhky2ApRpVlBQIvG6k5hh/13FlZQUfPnxAqVTC4eEh/vu//ztp6HktePfuHf785z+DUorzjw20rnrX9ag7sfFiqksWV81RLBaxt7cHXdfx8eNHHB0dzUxyzRjDu3fv8O7dO3ieh9PTUzQajb7f6XQ6aDQa2NnZmbgS9ujoCJ7nYWVtM8ndAMbL3Qj80FNvagxBIKA/0ZICALqu9VlWCpYBIf2R1AuGacE0LHiBgCcULEMDhYAMPGgMMHWKjMGQMRgsnf3/7L15eCTZQSf4e0dcmbqlUkl1dFd1VR92u9vupm1ow2DwzGBswMBgWMYwsGZ3ZvEy8w273N/Aft8uZob1wLK7wMCy8zEGlgGWAdvY2Hh9YHPYND7abbfd7i6pqlSHSqX7yozjXfvHi4iMTKWkzFSmpKrKH1/RlpQZEZkZGfHe7/0OeA4FMRpES5R8F1KnNdeEYytMbbVGYbtSqbMwHia81LKidL1lJQqPj2WFEAK2I4CUgegT+1pW2n0Nu1naeoVWptUHOR5jDDaWQkRVgQsXLhzJgma1WsXMzAxGR4YxMd6ZeiRJErtAlVbCdhLMzphVcxTVmVophFF0JMrMw0RfwdHHXQmtVE5kKGMAY/JVbKUUlFLHWskhpawjZYAauVGcjOiGCaxIqyjvJHa2j94gU2B4vmetEn6QrtDTlhQKSZLkE+d2ciMyiCROcx4AylwobbC6uoqTJ09ioMPVjEqlktYqjoKR2uDYD8oHPt8zFYeSysrFGc8nfkorSJFYL2yh6lUpBQLAYQyeZ68vh/W9ywJLGaXWgiTtdY0xCqUktNIglNSFde6GZucCpTRtVdFQSoPAXlezvA6lFEibjQ8HBaUUjuuBgNTZn4yW0EqAYA81xy4fC2MMQ0NDcF0Xq6uruHHjBgghGBkZ6cEr6A1KpRKmp6chhMDCwgKSbQInQK7mAFoI6Uv/JmkFjjl+Sg7A3uMygnR5eRmrq6vwfb/joM9GlMtljI+PI4oirKysII5jlEolGGNw69YtlMtlPPjggx1t+8aNG7h9+zYmTpyEW7Lnlg1ubn0corVGGIVwuX0Od5y6177XlYdSO0Ey2kBICZ/vr14gxD6PMwbf9+E5FL7HUQ48uJzCczh8z0HgMXgOA+cUnFIQouF7Dhin4IzB8Xx7bQQQpzZJh1EksZ3AHYXylDG7UKSkhoFG4DqIhYSQAuwYjQ1prqYoBArDB8ABUk/sNpIC7WQ9Hbqapsnv2m1JafZ8QgjiSOL2tS2cOnXqQGrRg+CFF15AGIa4+MC5js7vbA6Q2UU912uLCC2CEJIfQ6b0zuZB2hhwRnGsQpga0KmC43josfroo4vQWiFqaBmx5ACDMbYtIY4TxEkCh3NoreF5xyepWkmJJLWmZHYUADm5kV34sxRlyhhMamHJXluSJB1NSvu4e6CUyictRftGK60gRStAZktof//1+RvVis3fGBpqPzAtQ5a/4TkcSMkTdsD8jQzZICBb1VBSAIxDSlF3M81IH0oAzp0jt4VRxuAxZgdEQuTH53kuVKTgOA44dzp8j2q1uXGcYGN9A5MnTwCAbYZJEjuBcWrbT5Kk7udewPV8cMdFHFUhs2YVo6GErZOljgfSArFTxMjICAYGBnD79m1cuXIFKysruHDhwh1DdDDG8PDDD2N4eBgzMzO4camCiVMDGJ4IALQ+2THG5C0rgT7Zs+M9CMbGxhAEAZaWlvDCCy/g9OnTXZvI+L6PRx55BPPz85ibm8P169fz60KnuRtZkOng4BCCoVowabuLLHEUWrsgZ9AGLZMbRfiBD8Y5oiiEwyk4I4hSMtrzg/w8sfshCFygHPhw+P7HySgBowSus5NwUkpjO2SohC42tqsIE4mS50DEMbRSCErBoY9XspaVKIohkhhlnyNMFMKwai177vEYF1JKQAiH1iqv8SamDKJcGLoKQ9pT7h40uLNbaLSqdOt4Vm9V4fv+kQWL3rx5EysrK7jvzOmO5ha5JT0f6/Ou2KcyC2o+V4hiKCkRKQXXa15XfyejT3D0cVdBa42oMMDPQIgN6dNGI4nj/MsthPWtx3F8LEgOpRTijNxI66AyVrpIbmTIq6LSVcsiyRHHcddWtvq4s2AM6ibl7TL/uQUhtV20CzsQy9RFBIRyhGEIznlH3vUMW1tbcBwHlBJkm++mb7pIcGSZHECN1ADsIJ5zp6cWlE7AOQdjLM8biuMkt5YkibD1t202zbiuD8ZUfl3JyA2gRr7GcQKpFJw04yV73xzHya10vQClFEFpACKJEcchjLEnhFYJtErAnACUtyfp5Zzj9OnTGBwcxMLCAp599lncd999RzZQ7gRTU1MYHR3FpUuXsDS/hGSbYuQUzW1me00iGv8W0tvHluTI6mSXlpZw8+ZNbG5u4vz5813L5jh16hSGh4cxOzuLSqWCc+fOdbRtpRSuXLkC13UxcqIQNEisiqBVJHEMpSQGAw9CKQSlnao1g9aIDsfhYKyMKIyglMRA4KIaJ6hWt1EKAvieA99l8F0OSgHOKCqRxHpVYbOiEEYGWVahkIAQ9rvHOUWW/cwdwPcIhkoMI2WGgYCj5LtwOEfJd7CxXUU1TOAyAq0VtrcrCIKgK3bDduH7HhhjiKIQnkOhKMlD6Yukz1GCEEtiEuiC9dQB0ScBsgpDtwuP3ft4j8PrAerPVW1MXU1up9hYqiLcTvDyl7/8SBYfwjDEzMwMhocGMXmis5alpGEOUNcmdkAwxhAEgc3SSacHcZwgiqKe37MPG32LSh93DVRqSwFqnjWr2jC5vYMSm1CtlQLjLA9dzKwdR7kam2doEJIeP7VhZ5y3tAJLqa2L08oGeEkhofrBo/ck6uwpTTrT93yuVpBC5mn3nRB/UoicJCHUAeUOVldXMTAw0HG1IgBcvXoVvu8j8DiQTmhd1+9YutkIQogN1BQCnPOdwaGumxIsx3OlI/NtM8ZgYNtzlFTgDk8ziRQobc9WkmX+GNTkrbZ9JQs2ZlbqqrWtooNd/dVpMGmvbSyMcbieB6NRVxtsQ0iVDV8ktC0Frud5GB0dhdYaCwsLWF5eRhAECIKgB6+g++CcY3JyEo7jYGFhAdtrAswh8PzdSY7dJOOSViDJ8bStEEJQLpfhui42Nzdx69YtMMYOnPOTwXVdnDx5EkEQ4OTJzoiey5cvY2NjAyemToMVlA3thGwqKRHFIQKXQxsD1/PhurtPRFrZaha4aYwltH3XgcMZXE4wUHLgOw6kNtgKDVY3FRbXJRZWEiysSSyta6ysK6xvKaxsSCxvaKxtaWxUFLaqGutbCptVje1QIYo0wsQgjg0SZcA5wYDP4bkuOKOIhQKMAaMESWxXrY+C5GhuWbH5bcfJskJoM8tKAIDBkLDpOXVcFBu7wRiThu0eLFQ0iSQW5rYwNTWFc+fOde342sGLL76ISqWCiw+ch9PB2Fsbe8+21i2WWkJlWiHdvc+PMRs+rNL5QhZAqrXuWLXbK/QtKn3c09hJDhB4vg8CuzpQbBZglMHzfcRp771J+6XjKD4yJYfSui4t2R6/bbkgbYzMHe6AECCJE3i+lys5joM6ZT90GnjUbQJHab1njV5xEnlcBj2NqLOntGBJKUJnN44046Gz/RctLiz/fnY6SQDsykiSJBgZGakLGGVtqhL2g8M5YqVygodz3nPLRbdBKYXnulCpoiNTc9hrQgxGBXgLdXNFuI6b+uhJGnjmgXEOkao7gLS6knN4JUsExFGMRIh0EMV7qHoh8IMSuOMgjqp59ovREjKWoMwD89pTs1FKMT09nas5nnvuOZw5c+bIQus6wZkzZzA6OoqZmRksXV+FqrgYnqYgLX4MxXO+ShZQMlM9OtKDYWBgAL7vY3l5GXNzc7mao1v3vU5J2du3b2NpaQmjYxNw/BrpwljrEwhjjM3dYAwEBDStfmyGbIuttlQAVr1giQ1gaCCA6zBoDWyFAvMrAnNLAssrCq3kl0sJSJnuPTTYAHAbGoAE58DEOMXFaQcXpj0EHkPJH8DYcAnLa9vYrMRwOUMSR9BKwQ92KlZ7jTrLShyj7DsIE4VqWIHvBW03ifUK1rLCoJWGzsgLMwBqHICtwqA+BPq43rsydXIzJRKw//nbmNmxulCF4zhHpri7desWlpaWcPbMaQQdqqdpurBZzEDzPBdRGNp7cBcVFtk9OUmi/JoSxwlUFMF13Tt+cbSv4OjjjofW2io3CsoHz/dBCd119ZAQAsYZXMctqB44hBCHruTQ2YQ6JzUoXM9ra/JRRKOS4zioU1qBEMKGPKY1VkrrPAgp/1f8W8o2d1tSZytAVaGfjRT/mK9kS2lVEjAmXSU+HoMIY0wuceScwfHay2LJiDalVMdqBWsZsO8fczyEUYzt7W2cPXu240nH6uoq1tbWMD42CmLS8FLK4bY5cd0PWdio4ziHHhzabdiqV3v8tXNWgzIKldbbUtr6ylDjYJQSCs6dnJzc3NyC63n54M6q5Ow1KFN59HJ1iFIG1/V3VsoaBSNF2iLR3nXVdV2MjY3lao7FxUV4ntc1K0Sv4boupqamQCnF/Pw8qhsS3CNwPb5/8GgBhBAIbEOQbTjHsE6WUprXya6urna9TrZdhGGIr3zlKyiVShg9caZwnKQtoi+OQgAavsuhAZRayKogDf/dC4wCJZ+jHLjgnGKjqnFtKcGl6wI3lyQ2txWSmtutY1iliMHmtsHSukaYaFBGUPYYXNcBgcF2GIOCwMBACAFKj2YRgXMOymxWgcMpGKGIElut280J5kFQG9uaQpUsBzGDAJEwSI79fWvXiuKG/7ayjY2VCBvLIR566KEjyU2K4xhf/OIXUS6XcP/ZM/s/YR/YogDk42DOGZRWAExLOWqtwmaPpdXzuSLTjq/t+ODox7Z9BUcf9yS0VnWZG5nyoaXmgPQxDndAkOZXpKqHKI7hH4LqIWuryKqgAMD12ltZbQZKaJ0htyg9OwhsS0Nv5aO7rU41Io7ievKh28fh7//5x3GCxC5b2ckkY0dOJGUX/sy/2f5zbfWpTfhv/7M2Wucr6LX8jXVQSg8kHd/a2rKWMkqgsvyNLt7oi7hTrAitgqf5GEli8zLiKIbne7W8DNeF06ESRmlVS+83NiuAj47aPBApIOKkfnUojncEk3Ybnh+kao4wD7s1RkMlVRjmgnIPpM3vxtTUFIaGhnDr1i08//zzmJ6exoULF+4Yz/L999+PkZERXLp0CQtXNjE8EWDilCUqTIHM3esTyT6vKo6vmmN4eBi+72NlZQUzMzPY3NzEuXPnDj0z5/LlyyCEYHTiVG1FmrRHbiRxDCklBgMXQin4Qanla/q+3yxjQCmB71A4aSvL8obE7TWJ+WWBxVWFJOledagxQBQBUaSxtpWgknBEiYEYNxgdZBgaCOAwhsW1bUBpOJwhrFbgen7LY4JuwuaUDCAMQxCqMBR42I4EKpVt+H5wbDKY7ETYNl1lIFBHPindD/uRq5kJp5VXoRKNlfltnDhxAtPT0906xLYwOzsLKSXOnure/jl3QChLc6bsfVQIu0jheq3Nc1qF47iW1Gu4X2ul4Ho2nPROQ1/B0ccdi91sKZ186bNVzIwpzZQEvZysGljWV6cWGQDwfP/A5IZSytpvCPKJquf5ByY3hBBIkqSt5PeMBW7ln04fay0BPK/Pa/zHGLXVlVLlK9NKKchGtUfDP9niY7TWMOlnTymF7wd5+JLjODmzrpVlu7MMAuuVVDa4Fp2RA92AECLPXmBpu0arxyOlyN9Pntpw2oUUSdP8jVKphBMnTuzz7N0xNzcH13UR+E6ev+F53cvfuBdgrVV25V4IAZWew7rDfA7AkqlZGHKpXEKSiLwph1GWrng25HUYA9nj70leKUsItCxUyhoFowVgANImQeY4DsbGxgBY+8Ht27fhOE7HtceHDd/3cerUKSilsLiwgmjTwAkIHDf9DPYhODIcdzVHY53sysoKgiA4tNDt69evY2lpCRMnp+H4tfeHtZO7oSTiKILnMmhj4Lhe1yb6Js28GCy58F0GSoBqKPDcpQizNwVW1zVaWCA9wP6B7YrG2pbExrbC+BDFYInD9x2UfB/bYYJESPhOqqpV+kiUdNaKV6vW9VwGlVbrtktW9Qo6re3Of8Y6DK0c4RHtj3YzQXZ7VPb8pRtbUMLgFa94xZEQzgsLC7h69SpOn5rG2Gh31SM0VVgYGIhE1I3rCOluNgwlNH//svt1Nm4Gjm5M26mCo09w9AHAXnC0MTBdWOU/DDQL5OyU3MjQjOTopbWDpP+KErQs/LTTG3lzcuPg9U8yDdvK9tFqcGC2ArUXqZD9M8bkAWOO46ZNFXzHP0qZre6UNmeiVQLFaG2DF1t4bHYchJB8pTn7Z0kWDu44NgXfGFBG7eQtPSbvCCt6GWMASQc+UoKnVcityH0zz+dB7CkirRy0x+IClGFpaQmTk5MdV8TGcYzr169jaGgIDqutKvpB6divVB03ZHW4lFIYrSGlSpVZNLeREEraupZaK4w9X4QQdU05diKQ1dyZ9LFpqFkb15JOYb+rHgBTy5dBFkKqayGkbaBcLmNwcBBhGGJ+fh5hGGJoaOjI1VutYmxsDIODg1hdXcXq4jYoAfyyDZJtx7ICAJIezwBSwCqxSqUStre3cfv2bRhjMDw83NN9rq+v4/LlyxgeHkF5ZDL/PaUUrOXz3NjWKUpSdQVHUGpfVbbbCjijBL5L4TkMkVCYuy3w/OUEyxsKsahZHnoNbYBEGqxtGQilMRBQOA6DwziElKhECTijOSF7ZJYVx447RGpZoSCIhPXttNtM1VUY1JEbhlQBtnZ0x9MimuVuNH0c6nNlis/ISJLtDYG1xQoefPDBnHw+TAgh8PzzzyPwPZy/vztV1c1gG3QAlS6kZYsFMN21rGT7opRCa1MbF6TjdEJpV9pu2kHfonKMIITIv3yN9wnS8LviaeJ2McAouyE023/29/xf4e+drtq2g27YHLKQx6wuyxgNJSVoG20RzWCZUuTBeb0OHmWcw4WthcokaHEUdZTBoXRvyA2lpLVhwNo24ii2Hd1oMeAzDTfsNnqxzXaQT9wYR5JYIicL5jzKSTchBK7jgtFaqxCw/2qTzSyw9hR2gNWpYvYBYQxhGALAgewpL1yax999fgWb1U3cXNjCraUQq+sxNrYkqlECKU1NZt9HH30cCJYEIwh8juEhjvExD1OTPk6fCnD+vjIeujiI01OWxDLGHMs6WUukUfjeIEZGhrCxsYFqpYprc1dxcuokfD9oOpEn6f9reg1Px0u7XWq01rhy5Qo8z8NwwZpCCWmrEjYKI8Bo+J4DqTTKA50rTxonhgSA7xC4nEJpg1srEldvCVxf7Czk+yDQGohiYD6W0MaAMYL7JgkCn2GcDGB1I0Q1DNMQVIawUoHn+3CPyLJC6QCiKARhCgHhiKSESo/pKFa36+yB0DB09dCPoVW0k/fTDEXLSvaatTRYna9gfHwcp0+f7spxtovZ2VkkSYIHzvWO3MjAHQeENVhWpITSCo7beW5fMzDG4fsMQsQAUstKFCO+g+pk+wRHj5CHFDZ+oRt/l35Re7Hyk024duy/iPTv2WS+19BpW4jneQe+IXiehzhNGrbeNCtDbqcSsxlMuvqcrWb3esUgk17GcVxHcrRjVzHGQCRJTm4A6EqdpQ1wrXVyM0rznJIkSWCM2ftCVzjfKaX7p2K3eFzeIUmNW0WxAUZJiYRYef5RSli11rXrS0v2lPQ1GAPa4fXIaFXI30Cav7EBoD2CY/72Fj7+qav4m0/fwDOfu4HFleMtue2jj7sJdoHEQIgEm1sJrt+s7njM+KiHVz02iqdeNYqvfmocJ08sglGGMiZ7SvDq1M6o9e53C0opXJfDc508JK8U+JBCIIxCbG1uIIljDA+PoLgZkhIblDSPdzKGwBhAo7nK4fLly4iiCNNn7odJ73aEAKQNckMk1uLnOww6vSNKqeC67d/L61a8AVAAgccQeBwEGltVgS/NRlje0Lts4fCwsKKwVY0wXKI4OeaAMxcaBJQybFerUFqg7LmI4wjqiFpWGKMol8uIoggiTjDgc4SxQlitwPP8Q21ZUVpDGVNbtKQrAI7+cyyiseWkCxvMvqSglGBjXkFKiYsXLx582x1gcXERt27dwqnpKQwcUpgxoxTMD2zLSlRTscdRBNf1ujqXtBYtH5SKuozCLDTcddvPeTtM9AmOHqLVFeZeEgtHEc60GzJyA0D3SA7XRRTHXSM5RBJDSlVHEhwGU8kYg+d5SBpJDq+1lQFCCDzPRxzbuqc4TgpNGp19zYufl5eGDLmehySJc0Ks9n7v/x51KxSJEALWas/hIaBIbmTvvZQKEgoEtqaVcQ5KD1/Wl4Hxvd+vLD8kQ6fnjCyqN6jdRhzHGBgY2PdGuLEZ490f+gre/5FLeObZGx3tv48++jgcrKzF+OhfLeCjf7UAAHji8XF88zeexbe/oYzJwc5qVVuB0hpCyHSQvXNCRwgBZxSOw+G6DjhjtWuv72JgoIRECKytbWB+/iZGxyZyhSYBQAlAqf1vI4yxtgqjyQ7FWFYJOzZ+AtyrWXYoZW1JurNJchiHcAyD7zDEUZhXpx4EnFN4DgWMxq01iSvzCSpRZ8o3SoHBQYKSbyXrS10IJY2FwYvXEiTS4L6TPsq+AyENDAiiKMRWmMB3GZSSqFQqCIJSW8qYbsFPF5+iKITnUihFEMcRtFbw/N4HVBtjoJUGCGAIAGzCkLDn++0EvSChCICttRgrKxu4ePFinSXysKCUwuzsLMrlEk5NHb56LSMXiurvJLUHO053LdKcO6CM1VXCx3GC6JirOfoERwvIGigA7CuDbjyprH+/+QWYEOQ5EiAEMq3t23f7xsCkYq3cYmIMinVR9csLpDnRQeyNSSmZWw6yVP1W4futhVdmVagmtSsUrR8HJTl8z7Pqh7QZoFOSQwjLTGasaJb0f1hgjMELAkRhWCM54tZZ2aYkR8FKIoRo+fUYYxDHcd7uQgiBm/3XTUmOAptrjOmqxepOgq2Uo1BSQUlZ912LoxhCSQglU5kyy/2NvUR2zbIkK9nXo5mpLuIoPlAtmJI1koSmBEe1WsWpU6d2fc5zX76N/+dPv4g/et+X+jaTPvq4Q/HsF1bw7BdW8Iv/53P43jc/gu//rkfx5Mu732ggpQKhduxDQHLVRRGcM9toxRg4p1jfjFAJBQghmBgtwfc8DA0N4vbtJVy9chknp05ibGzcev4JcgVHnChEsR0PDQ14dl/Ih2z5MCuKIiwu3sbkiRMYPlF7zYRQsA6Ibc/xEQTphMUYDJQ8SKMhk9gSIIS0nZPBKIHLrVVmqypwe1XgxqJELA5AcJQpJkY4BjyGkmsrZauJQTXsLKRUKeDmsoDvUYwMKZR9Ct+lSARFUCojjiJEaQ6Gyxmqle2ja1lx7aQvikIQouE77NAsK9liBDGAISEMXW+5ceQw0W1yI9ue0cDqfBWjY2M4e/ZsV/fRKmZmZhBFER5+8MKR7B9I1d+UQqRqjqwZTSsNx3W7eg5SQuF5vm1GK1j4hZQ5qXLc1Bx9gqNFJEI0t5w0olC3lmG3yWnRq54lyre0/VYvGoXHtRxCs5+lpvFvLcAYgySOoVFTtXSb5PAykqOo5CCAw1u78QmR5MRIRm4cxYSdEgLf8xEnNcImSayKoiOSI83L0FrnxFUrJEeR3ABsdW2mvsj2kSQRgFSxoBRMksC7R0kOSiioYxOolVZpK4WsU3HFcQIt7cojSwffvRoE1asx2rCn4GB2OV2n4GCIoghAc3vKp78wj9/8vc/i//vEbMf766OPPo4XjDH4g/e+gD947wt4w+sewNt/4KvwmlfuTnC2C9eltbBobVJCtvFRVsJOCLC8FuL33/M8rtxYB6MEX/XYNN765kfhOg4mJsbhui6isIo4KqFUCvJtzcyt4cN/fRlXb1qL3Xd+08P4midOg5iGTAsCLC/dxvjYKEbGxkHTsZYlSg4ywWNAyYFUdsLiMQcwts0DhIFQ2hbJwakBo4DSwK11jcUNjWqH6g3AjgN8l2FyxMWZMY4LUxy3NyTmFiWu3hQIw/a3bYzN5FjckCgtJrgw7cLlFL5LUI1NThxEUQilgbLHkcQRtFIdhbAeFLllJYwgkgSDPke1x5YVpXThczcwxIaKHjdy46CZG7ttj1KCjQWbdfjAAw90bfvtYHl5GfPz85g6OYnBI27QspYV31pWUuV5tjjKudP1eYyTholLkeTj2zhOoKIIruseq6Dt43MkdwB6FWp4XGwk7b6+7Mu0FzIlgEbtdXq+jySOayRHksBznDRlv31kBIoq1K06Dm+d3JAiJzfiKAbn/EjVCJRR+L5fR9hYkqO1xO46kiN9j7MJbCuWkqixutbzwOjOz8Z1fQA1e1UcJ/azLL53hNgksXsIjDIwaptgbEOMVUUVpX1ZcwyBTfrXXW4vKubv7EeiaKPr7Swdki5GayhtzzNCCAjjCDe3ANQTHHM31/Ery0IjOgAAIABJREFUv/UM/uSDL3S0nz766OPOwIc+cRkf+sRlvOzBcTz91GkMD3ZusTg1OYCnv+o0Hjo3ltpQGCgnYJw1tf9lvv9EKNxeqeRKjEwlxjlDKfDAGc3vuUAtZNQYg9lra9iq2HHO6kZzC0CSJOCcYWJiIlc55tvpCjiMsUHq2hi4SqMaJUgSCd6iSpUSAs+x9eYb2xI3FxKsbnSvBzarTB0bIHAdjulhhtUtjaVN1ZF1ZXNL48ZCgukRhuEyRcl3EYsEUhlwx0GJMURhvWVle3v76Cwrga0rj1PLiuyRZUUV1OQAYMgKQHYqrrN3+7BJj25nbjRuj1ICUh3B4uJLeOCBBzB0gODygxzT7OwsSoGPM6e6r1DrFK7rgilVZ3OXUuTqim4upjHKwLxgh5ojEQJKazhpS1unyJrVSCqZU1qBMmprzFs6r+xj+gRHmyBpfWS34DjtfgSkdvEixEo07Q/51Yykd2gr39z/ZODcaavqKorCugDDvZAkSZPJMoPn+2mQZkpyCAEPaJnkyOw8jLGaOiQjN1wXTouvR6ZfUMBOPNkRKTcaYUkKq96okRyZ3aQzkiP7r2hQchQn13Gq9siVG663p/rHdT1rrxKi1jpjTM9aZ+40ZJYU1/WgpISQokZ0RHF+vmefLWMsD53tFCqtw832s689JfWxx1Fsq8g6rigWtR/SjJQwDFEqlfJz7dd+59N453/4ZN+K0kcf9xBeuLSCFy6t4hUvm8AjF8c72sbmdowL50bx0DlrJaGUplkbDNau2/x5czc3UKnWFmNW10NsbMUoBQ4oZfB9e80zadooZfb6p7VBNaxd0+KkGSFgMDc3hxMnxuAHHjilqBSe001YdSdHDAnX4YhFhEqlAt8P9pzUEwIwBnBGUE0MFtcFVjc1ogOoN5rvhyDwGHzXYKxMMDCgwByCONHY2DIQbbwtcWKwtqmwtC7guS4Cj8Ph1FovjVXtlMplxFGIKBFwOYXDGarb2/CCAK57+JkAruvk6hJKNXyXIRLds6zkuRspNLYAujP8F9jZ1nhY6EneRmGbY955fP6Fz2N4eBj3339/1/fVCmZmZlCtVvHgxaNRj+wFxhj8IKipObJIgDgCdxy4ByxgaESu5kga1BxSdqzmyGrseUZcE3s2szRLieYkx25neWpbBOkTHJ3AcbozecsqJu9WxHEMpVR+4hcny5TQlORoUHK0UE+plMotQ1IIGEIKE3K3ZbKmmD0Sx4ltCDlGE/MaSdFIcpD27Sq+tQEVczMyCCnhe9a7p5SqI4pa2Y/ruCCw6pBs+72s1r1TwbgNGw2rVZuhk57rxhhou0QHnUqQ7eCddUQ46KzBCa1Z05SsjTwPMgiTTfI34jjGxMQEXri0hJ/7pU/0w0P76OOehcHzLyxhcamK17xqCiPD7ak5BstuPp7NMjAoJTAg+A+/9xnESfPsMCENElG7Nl2b38Rv/cGzqepj5wD52//xw5ieHMwr6PfC5cuXwShFuTwIRgieee4m3v/RS229rlaQBaf+qx98CgMDLqTSIGlfbbWyDc/ffVJPALjMZnBsVCWurwjEoneqykzNMegTnBwxqMQUUhusr7c35ZYKuLIo4DgUD0xzBB6DkBqFki54fgBKGeI4gtRAyeNdC2TtBJllJQwjyC5bVuoCdUkM0LU9H38U6o1eZW4A9rs+NzeHOI7x6KOPdnU/rWJ1dRU3btzAyckJDB+BeqQVZIujUsqc6PA8F1IIaCW7XydLGZgf5Db/YslB1rTS6nlhyVgK7jC4jgPKrIrDGJ2PhUlqSbQZSI3X8FomU5/g6KNn2Elu7JwsW5KjXl2wXyaH1gpxUluNKZIbrTaOAJbcqDW6JGCUHNsJued5iKKowa7SXiaHEAlc16sLIBVS5hPhKI7r8la447SsgrENHHZwmTUC1R3bIVe5HWcorWBgEMcJCCyhkNmGGvM6Eq2BJAHjzDaxtHxut56/oY2G0jr/3A5CcBQVHITS/Brw4b+9jV/4tff1VRt99NEHFpcr+POPXsbP/euvxVve9EjLz/M9jnLZtdkbxUuJMRBS4eqNDQi5/8R9q5LktpMiLIlAsL4ZYerE/r76+Zs3sbW1hanp6VwBqZRGpZqgGrUe1N4qRocDGBgQYsnvRGokQsF3925ZoQTwXCsZr1YNVtcU2siRbwuJ1KhECksbEsvrCuubCtuRQRS3f+1XCljf0NgeNaCEIHAZKqGEVPXbclw3tYdE2E4tK1IKVCpqX3VLrxAEPpLUsuK7DCK3rOiOKu5t7kbtdWuy0tLzDit4tNf3dkoJWDSGhYWv4Ny5cxgeHu7p/nbD7OwsfM/DmT1C048LOLdjxh3ZHFGP1ByO/R4mcVKnUo6iCJ7nNbWsZG6D/GdKQPNwaAbKqF3E1goEJrUqoUHB0XiGp38jfYtKHz1AIhKovMHBnvi7qSp2kByFHIdsdVtJCe44tra00PucgYDAbSOoVGlVR25QklotjjEaQ1STJE7ZztZIjuz1NQaQ5rKyqFYHyzlv+eJnM1YiaG0KF9Hmn4UUotbZnh3bfttvfC0tHdXu2zrQzZ6kfu8DVNSqwsgye4+KYcOMsToVjc3r0FAyTgfgHMxhu9btZhLelttTMjKk6HnsAMbovIkFAAjjiLY38a53X8MHPn6ro23uhfvvG8ETrziJVzw0gQfPj+Hs9BAmx8sYHvTgu/Y1R4nExlaMxZUKrt/axKUrq3j+pWU8+/xtzF1b7/ox9dFHH63BGIP/5X//G9xaquDnf+zr23qulCpfzTawVpWzp4axthFjYyvq+JgYIygHLgbL7i6V3rW7UbVaRRiGOHnyJIaGRuwqI4CTEwM4Mz2E+dtb0Ppgkz6p6pUnSumagoUxuL6PKKliO5LwHQohBKSSO3IoKLWKikhoVEKFsAttopwDpYBgwCfwCrcYYwykMljeEri1qtpWbRRhDBBFQCU0CBMFz7GWpEToHeMCxthOywohx8KyEoYhHEahtYFUEm6bSgelGnM3VpvmbjRDu+OtdpGpNnphTTG5CpVi3H8Az734HAYHB3H+/Pmu76sVzM7OYnt7Gw9eeKAnr7cX2FvNoeB63q5jyU7AKEMQFNQc6ZwuimM4nOdWZau+ozvHnISApb8jlGB1eRF/8vv/CSAETmkY1PFrGUc5ObLzGkPS194nOApQWkMKkfvg+2gfSWIbNWphn/t3JGckR8b8FUkOIUR+cZdKFRQbtu7MaAPHc1uWXCmtEIcRQOzk0U7+u9sZ3QtkF6o4rik54jiG55O25WZF20r+u/R/Z3kRrcL2buvc7+fuUU3VTv3wcYUQwtpHHA5KdycadkNdW4njQGsDbVCnQjLGQGkJJfavnG3M6yhuX2uFzc0NDA3tvtpRfLxzgGtekbghlEMqg5/598/g755d6nibjXj9PziHN37DBfzD157DfaeG9n184HEEHsfURBmPPzwJfEPtb9fmN/HRT17FBz8+i4/99dWuHWMfffTROv7v338WV64v4zfe8SY4vLVrqVIKxtiJjx3bGvyDp87i6SdOt12dWgRJvd4nxsp7yu211hBJjJMnJ+AH5boJ3vkzw/j+73gFujGVvL28jb/81By+PLPc9O+MMpTKJURhOql3GByQuupUmlpblDZY3kywFXYnWDQICE6MU5wYYRjwap+bwwgCx6pGuoVKJLG4kWB61ANntp5W7SLUaWpZCY/OsiKSBEYrSANIpRGUyu1bTrVCdj4Zsg1Dt9s+jl5lcvRq3FxUhEwEFzA3N4cwDPGqV72qJ/vbD+vr67h27RpOTIxjeOh4WlP2AucclDFbJ1tQc0Rh2Jatv1VklbFJIuoU41rrdI7AwR07fqWF/EigFjAKEGxvb2FlaRFSSZRGYoydKCpnyO7i8PT3/Vk8UmIjzR+AMdBa9wmOVtBwdtkVhII8ntkmiVZACYWbqQoKJEc2YkkaZPyeb31k7fj+lFaIoxq5QYGUwTze5EaGPFOjYFexQa1+xySH41rJbxxFoNT2XLeKOI6glMpVNXuFCrXSuNMUjSPWg3xW7VQs7/F8z3ORxFkoKAVjTkvXi9zGk557lBAkova+ZNuwSg0HnDl5w4kSe1TOUpLm+bCcDKxsV0HZ7sF7gLWn5OQUcKDU66IKZatq8BO/+DF87vmDkxv33zeCf/ZPHsX3ftujmJooH3h7Ge47NYS3veVxvO0tj2NhuYI/fN+X8Ht/+qW+sqOPPg4ZH/mr6/j+H/0z/Pa//1aMDO1PrlNKUpLDWlNAgImxUj5GppRASI2bC1u4vVLBrcVtrG9GUMr6uEs+x8RYCSdPlHDm5CBGhoKmtxlGSQNPQaC1ASEGw8ODIOkgXKa1nVIZUAKMjx78OkUJMDzo4W8+s39mkecHabilfY2lQnXq4GAJjBJoDaxtK2xHnWdvBAEwPEhxYohjbIhjaIBhwKdwC8QUSYNQHzwVYHJIYX1LYXFDYm1Todo8D3NfSAWEMaC0gesw8MTet3a7tTnpIksURdiOEviOtaxsbysEweFZVoQQECKBwxi2wqQtC3UGJWvkBoiAoasdH89ugv7jhEZFCKUEGxsbmJ+fx9mzZzE6OnokxzU7OwvPc3H29PG3puwGmqk5hEAiRK7gThLb6ue4bnfVHIzD8ylEEtcpkkWS2JZLx4Hj8FQtV39WZhkbUbUKlSmDTUGJVKcaKj633r54T8zilVJNLyxaGwgpcs960TckhNhXedBHPRzHSWvZhJ00eS5MHLU8aa6zq6QkR9FCURdWmk7oWyU3tKnlDORqA9+/Y8iNDIQQeL5fl8lxEJLDbhSpR6715+8gN5zmk/y7iShUStm8igJZ43kulIqRJHHuedzNFlJUS2TtKXX1rE3eK0ooKKdwuNO0chZIbSxapHkdHDpJYIyCEBp8j6pkVRcK2rk9pfjaNrcF/sd/9yl88cXWPMK74aEHx/Evf+Cr8NY39z5MbGqijB9922vwo297Df7zn30Jv/a7n8VLlw52/H300UfreOZzt/CD/8P78Z9/7dsxOrT3eEHSlFCQEkLYVcGs6pWlpMPt5Qo++bkbePHyKirVGFJpZFM8Sggch+PM1ACeevwUXv34KXBGMzFIDkpp3c8vzq7gmYmbKAUOQIDRIR+nTg6CUQKpLNmi9cE49Mxf7nAKz+OWZGkB3HHT6tQIW5Gwk3olIZIYJa8EbQy2q+1nYXAOeB5B2aMYGWQYG6E4OeJgMGDwnGaeeptjMj5IMRgwjA4qlEsUg4GyJEdsEMW6zUYVYKuqoTTgMArOCRKJPSUJtJllhR+eZUUpjSgMwRnFdiTAudN2wKhS1m6awZC9Q0VbxXEmORpDRSeCC/jCpS+gVCrhwoULR3JMV65cwebmJi4+cP5Ai0DHBdxxQBlHIpKaNd33oEJrXe9m8QUlFJ4XQMgEIlVzSKlsE1KqQhZJjI31euLOGIMkjnF1tj6wWWuNyvYWhBB14fggACE0nefXvjN3z+yjCewN0L4JQVDrojbG7FAbFCcMgGVfD1rXeC8im9BmJIclKjonOQDYdpM9wkr3g9IqXXE3hS+0f8derGp2lbguoDVTtXSCdi5qSZHcgLU27PaZ3E0EB+c8DVS1RIOqyx1xIaVMJ/oJHIeB0lowaPa8DIxxuwqV5mUQsr/VqFg5axVncmdeh5SgjCEoBen2d99eUXVxEHuKzd+w4W8/8c7PHIjcKJdd/PSPPI23f9+THW/jIHjrmx/FW9/8KH7j9z+HX/z1T6HSJIywjz766D4+84Vb+La3/TF+6keeBme7j7ve+LoL0IxCCDvOoJLAuC4Cbq+Pf//cTbzvYzNYWqnsvrNIYmMrwpdnlvGV2RV8+z96EGMjJWQ0SDNcubGOqzdqCq+TJwbwz7/3VZg6MQitFRKpEQsNcoDpI6WAw23WRPvP3TmphzHQSoFQiiQyEKI9giMICE5OMJyfdDE+xFHyecuvzuUU7gDF6ICD+05orG0LXFmMsbDcXqNKNVJYXQfEKQNODWBaV6EcVcuKrYoliBIJEAK/MP9oBdpoKKNrGRpkDYZ0ni+ToX6t+/gSHYC1ply/fh2VSgWPPfbYkczFNjc3cfXqVUyMjWFkeH9b7J0CSgl8z7MqIynrbO/c0T2ok7XqELsfJ6WaDQgBZl/6Mj71Vx/D4q35Hc+zhQoGNJ2fhJVt3L51E2srS/n8IyM3BgYHUSrXh0PfPbOPArTWSJIkr14EaoSFTGXdGbLJAU8rHEXa55upONwmrKsq9lS1fYk4aGxiQaeTynFM3Tbt3xtTjY3R9U/dbev7PKCVa0w2ERRSFsJDOyM5bFCTvSlRxtr2ilkmMIExtZV3q3a4M8mNDDSttC0Gj8ZRDD/wuyoza4QQMWSR3GghY+VuQq2j2xIUWitIqWqqjpSwEEICkPnjSfqZ2FBbAkoJkqTGQLdLBGXHkDXYNKo6KKHwgr0lsXWp7Fp33KCS5W/8zC99Bp//cufkxne86WG848de11UrSqd4+/c9ie98w8P42V/+BN7zgReP+nD66OOewIuzK/g3/+vH8dpXn97xN84Ivv419+U/G2PyJiqHMzBGMXttDX/6oRexvmkng4wRPHhuDBfPjcL3HMSJxPzCFl66soqtSgJjgGc+fxOuQ/HWN78CNA0L3RWF8Y82JiczjMnqaC3BQWkmo965CZOOz5oFmRJToEeMqau+dRwG1+V2ELdj3FeDtaxwRFEIpQ0Yo2g379R1CC6cdjA5Vm9F6XSK6ToEY4MOXIdiekRhZV1h9maCStjagWW3KkqzhYDW87zqWlaiGD7nVrndo5aVKIygtYLR1rYUlEptPd8YAy2L5EYFhm519RiBDmYePaiB3W37k+WL2Nrawo0bN3D69GlMTEz0bL97YXZ2Fq7j4Mzp6SPZf6/hODYItziPsK0lGq7rdfXzZozDD2haGsHzBeaVpSXcnr8BIVpbTLItWsbOaYH0WqhrgfkF3FUEh9Y6tZzYF95oORFC5DP0XB3AGLjj1FZPXSv5B6wCJFdxpFfYLK/gXkVjPdtuyCa99exg+yRHNln3/PYYcHt4BlEU1cgNY2zDxx1ObmSglML1PMRhVPPTRTFcv7vJyBmSJIFMP08QUpeKfC8iS4Hm3Db8WGWHys81ACnZUZDSGVNvT8m8ph0OsiyB4thjMBpKyvx3+8FxHCRp5bKUsuPPUimFX3nXl/FXn77d0fMB4J0/+3r80He/suPn9wJTE2X8x3/3Jrz2ydP4yXd87KgPp48+7gncur2N5768hFe+/ETd7+0VtVApmLZacc7AOAUhFH/999dycoMzgm/+hgt4/dPnEXh2fEcphTEGV65v4E8/9BVcumql0Z97fgFf88QZXLhvdNeJn8MpzkwNweHWznL+7DAGB9z82AzSyz6xVa6MWqKjEUoZmJTkpvUvCTSrQYQN0oyT2qA9U3aY7P+ynTYBdxyUGIPDbWCfVoBQBk3mAM2fz4DTJxxMjTtNrSjtglEC5hL4LsVQiaHkSdxYlKi0EHqqNCDSRntGacthtHX7L1pWhIDrUDBiA1k9v3uWlSSp5W5sxjF8L2h74aCYL2KIhKHdsaY0w34qjmwRpNdNKdn2jTE54XTt2jX4vn9k1pS5uTmsr6/jgXP331VK5EZQSuH7/o462TAMe2JZ4Z5XR/yWymXc98CDSKKd9U4ZGay0AngAQzl8P4DjunUtVZSSphbvu+JTq8vSyCsSARg7ccjUAADqbA/c2dn4wKiVOTZTcWR5A3sim/R3ejHY7/ndCEos4qCG0T3QDZKjU2T1pUXlhn8H21J2A6MUfpBmcmQkRxx3vf5JiASy4Hlz2L1NbjQiIzscx4HSlmhQGRmUoqgWy0LyMhKP0YNfiimhoG1ICzl3INOmlizluhOryn/54CX84fsvt/08wIaI/uYvvAGvfvz4hnf90He/Eo89fAI//G8+1A8h7aOPQ8DM5VV83VOn8fVfU1NsEIJaZlb6vy25a7M3llYreP6lxfzxX/2qM/iWb3wIIklQqYYolcrQ2m7o/NkRfPe3vAy/+q5PY6uSoBIKfP7LC7h4/+iu6zavf+05fPPXX4TnWp93VmUoZW0lkRCAMwrftRPxHRkaxkAo25zlMJJnbtT+bP8GkuY4xDUCwHcZeEquZMe4l/6BUYpSyYXrMCRSIYyApMXsC0oIAr95zsZB4XKKgYDtUsW7E1ICYWSgtCWtHM46bgWps6yo7lpWlNKIoyx3I4HD3fZzN7Sum7gZsgoD3VMryX4kR6+tIcXtM0YxEVzAzZs3sbm5iUcffbRjZelBsL29jcuXL2NsbBRjoyOHvv/DRmZ7b2ZZcRzdcllEK7ANWAyE2NDmJ7/6a/H4V70m/7uSCkkcYX19FRurq9ja3IAQAktrG6hUQ4yOT2BoeBSyLAvnjsnH1MXz6Y4mOBpDQoFay4bDObjjpuGStUrMbBKyFyvFHRvol5EcxZDSdi+qjZeGgz4/20beBZw9ruEiRACQxnRastMd2mhl6TaakhxR2JEio1Vk5EaxIcJznLuO3MjQzK6SxDE8z+/KzSkRCWSqQogjG6bpHEGv/J0CRimY6wKum6s6ZGrXoumFvXjNopxBG91Ta9Fu4A63Kg5jcmmiSZVOreDF2VX82998rqN9P/XEKbzrl771WFhS9sOrHz+FP/9P34P/+sffj888u9Mr2kcffXQXv/PHz+MH3/I4Hn2opuQgyFZ5GfwgHQOlqgepNFRhcjg44ILAQEplq88NYAhA0hndQOBYy0easyPE3tkOhBAEPodQmd3XAGm4aCLtvrOQTZdTeA4Da5IlwqSG1gDnJFdsZKi1sRBEUiEWxZw4SwpIZfLHtoNuj/SixOD5yyG2KvUqDM+leMUDPobKvZmYHnRIU7OshHnLSpbJd5CWlTAMQQhBmCgQwjrI3TDQxf5bugGQqGZVQfczM/bL5DhMcgOwuRvVahXXrl3D1NQUJicne7r/3TAzMwPOOc6eujutKbuhmWVFCJHWu3bPsmItJjZrxiiAEJZ+rwm458APAkgpsL66gq3NdSSJQBLH0FqDUlrXGGhBQKlBHIW5gwMwdybB0ZTY2MVywojNbVBK5XkO+4FRlud1AFa+7fuH36F9t6C5kiOE5/WG5EgS+0UoNnw0ky/dTWCMWZIjlZkV1TIHa8cQNXIjTsA5b5pL00dz1IJB3boWlWLAsRT2PWaMpU0sh3eucu5ACJGTudkx7tY81Yh3/Prfd0SSfu1Xn8Uf/up3IPDunO/l1EQZ7/6/vgvf+6/eg7995vpRH04ffdzVMMbgZ37xE3jvf/yu/HcaNveCwGYxUIp0xZug5HOUAhdhZK9h87e3kAgNz3dBCatN4NIKwlvL24iimqRhuIWKWgMDpUwdmSKVsQSHMqDU2jE4o+CMYLua4MbCJoTUGBnycWZqCIxREGLAKUEiFK7eWEciNUaHfJyeGgKDrYmVUiEpWFQ8Nwu9Ny2RGwa2WlVrm1XicKTv1/7PbQVSadxcklher8/DGAgoLp710K1IRhu8SkCJfT1SqgOTNdayMlALZHUouOm8ZSUMo3xxQCmNoNQ+aV8kNzSqANmo+3uvIzYba2R7nbnRiMnyRQDWGuK67pFZU65fv461tTWcu/++e1KlTClFEAR2LpHOobppWTHGQGsNKQFmLJlIKLELg4xg6fYtfPLjH8HsSy9ge8t+ByjjKA1PwA0GcOvGdWysrYIyXkciiiTB1uZGngkH3KEKDkoJjNZ1dhTrw3SaNhE4jtP2pMxx7ITEBmQmeR5HH50hJznq2lW6T3LkDR9pTsRu9aV3Ixhj8Fy3juSIogiu53bUriKlyDMa4ijOJ+p9dIbsPNRaw0ltKjsrZxUIsXWvnPNDUXVkWRzFSmaREi574bf+6Hl89vnFPR/TDE89ceqOIzcyBB7HH/7qd+A7/7s/6Ss5+uijx/i7z93A9/zLd+PpJ5tb2N7+/U+l1xGDoQEfD50bxafWqgCAL11awkc/eQVf99RZDA3UrmVKG7x4ZRV/8fFZVMK0Zc/nePDc2L4TZwJLjiRSIxE2K0FrA6Ut6UCR2U7s6vQzz83jPR/6CpQyGB8r4e1vfRJTk4N2W4TgL//uKj7wlzMQ0uDcmWH80297FKenhgBi8zdkoco78NP2gRbC4jMIZS0xhBCUPALPBcI7LELO4UDgW6JDSoVKNYJIJHgXZPN1lhUKlD3WtmUlSQRkGpAYCYnAbz93I5PXW2iA7Z27kT2y6/RDaoE3wMGlMvvuqkagZHalW7duYX19HY888siRjDUrlQpmZmYwNjqC8bHRQ9//cYLnuhCENJRFdKdlxZLS2toOKU3DoiluXLuKv3jPH2P+xlX7QEKshZtzEJvcbF0ZcYQkSaDUMMrlsv193tF9F1hUOOf55AsAHGd3+UwnLCQhBI7j5AGBWQtLH53joJkc+yEukhvAPUVuZGCMwU0nrLUKWfset3PTVUrWyI04AU0VIn0cHHV5HUpBFsNJgTzJ+rBUHZmKA6n8u6jm2O37c/3WFv6P33627X3df98I3vVL33pHkhsZAo/jXb/0rfiWt/2//UyOPvroMT7xyesIfIZyqTaoJgAmxkupHNmqFCgl+Manz+Glq2tYWatCKYP3fvglfPaLC3jo/BhKJQdJonBrcQuXr63n5AYAPP3EGVy8f6ymjNhVIlEbS2pjVQx7qSnCSOSWkmo1bfYrwBhrjTEAllYqBeKCoBoJJAWLSu2aadsBW1HOGW3S9+jusOeatBkxjuPURn7wBbJiy8pWlMB3Wm9ZyXI3HEaxFUm4jtc28bIjd4OuAtg7fLXTDJL9ULS+99K83njuTgQXEEUR5ubmMDk5ienpo7GGzMzMgFKK09NTx7pC97BQZ1lJ5xPdalnJSk4zy2EUVvHRD7ynjtw4c/Y8HnvyKbh+gLm561heXcv3abRGZWsDnDPbHMVmBPGBAAAgAElEQVQ5gqAE7drvjjb6ziY4ZGGiLJWAw7vH+AkpIIWVumQVnEKIe1Ky1E3UKTk6qJBtBmMMRBI3kBv8niM3MmTNP412Fcd14bTQrmHfRxvKG0exzfjoKzd6gszCYoyBlPLIVB2eb+uFi6qdTMXR7Cb267/3XEfWlN/8hTd0PXNDKo0P/80V/OmHXsIHPjKDOLbXbd/neMM3PoC3vPER/OOvOw/exTrAqYkyfvMX3oA3/rM/6to2++ijj2Yw+PKLK3j1E7VJj+9xnBgtweEs9XIbGK1x36khvOWNj+B9H7mE+UVbrXlzYROLK9t5qJ1SJicaOKN4+skz+JbXP2j3ZOz+lNq/hjTzke+FPIAUyImOna/OotiYQgCsbYSQBdvC0JCbB4y2euVVWucL8YyTdKW8t7lr3YbDbeAppcTmnhAD36UIkwS6qlMVxsGu7XUtK4mAyxkozL4tK2FYBaMU1VilzX/tjWO11nXWFEO2YEi1ped2ewLeaEnpxQQ/20c+STUGJwfsd29ubg6U0iOzpty4cQOrq6u4/+yZHYt5PVPM3AHYvWWlCtf1Op5n2VPAWAUHIbj0wvOYuzKT//3VT78O3/BNb0JQKiMKI0TCQGjgxMnp/PuutUZYrcL1fLiuZ7OWUhh9hxIc1r8j7U0qvcOIRIIz58CeMaVUGqpibzbZB5qtuvZxcHST5NBGI4niVLZkPyuH85ZqMu9mMMbge7ZRJQ8LShIQYM/3RmmFOLYa1jhO8gDTw/Ri3ovIFGM7VB0FD2SdqoPxrubKZKQJ507NmtfQIpXhc19axJ99pP3WlHf+7Ou73pby4b+9gh//hY/h5s3NHX+LIon3fvAlvPeDL+HMmSH8bz/3D/H6rznXtX2/+vFTeOfPvr5fIdtHHz3GtZub+PEf/ho89rANHLVB6zZ402Qr4MZOFl/5yCQmx8v45GevY2ZuDQtL23XkAaUEwwM+zk4P4qnHT+HVj02DMZqvKIbVKjzv6McPC0uVQqkeweRYOVVuWPVIK/wyIRSAnVB6PuC4AFqbPx8bBD7F2AiDw+y4hlIOIMag76ESS1SrFfieD96FxceiZUVpvWfLShhGdnFNa/vY8kDb+ysqN0CitithuxU8uttiRbeDTRvHkRm5sbCwgNXVVTz88MNHkncYhiFmZ2cxMjyEExPjO/5+59GC3cWOlpWssTFdWHZdt+05gkmVd4TYBdm5K7P5RW1waASv+dqvhx+UIIVEIoTN3jEGA4NDcD0fYdVeyIRIoJXaMR4mlN5ZBIcxJk87zlDM4DBpAFUnsMRGkiezZpNlQkg6Yb6j3qpjj27YVZROJ4AwdeRGX2VjoZRCMU+MO86e5IZtHEqVG7ElQ/rkxuFjV1VH6o/NVR3Chr52s8ILsPlDGcmV2VSK5O5v//GX2t7md7zpYfzQd7+ya8cIAL/x+5/Dz73zEy099saNTfxXP/xu/PL/9I/wA//ksa4dww999yvxyc/dxHs+8GLXttlHH33sxAc+OoPv+daH636nlYaQCkJIaK2RxDHKAyWcPjmI7/mWl6MaSdxa3MLyWhVJosA5xWDZxeR4GeOjJTBK6hQRSRJDKgWf2HHl/aeHcWNhCw6nmBgrHfg1tCN6264ULNicYny0ZDM/jCV0WtmWkBqxUCj5FKNlijWfYn0f+0Or8F2Kp14WIE7qD4QzYKjUvQYVzoCSay1IShkQxuG4PpIogu8yCKkQRSFcreF2wUZbbFnZiiR8h1pF97ZEEJTAGEWSJJBJAhAgERp+ByoSpXROLFhlymrbx1psWCn+3CoaFRXd3n6zfWXIcjcqlQquXLmCyclJnDp1NHXxMzMzMMbgzB6tKY0hrPciMstKvZoDCEPVdgCpTB0R2XdgfXUl/9v4xCRGx0+khSIKUdpmCtg5eXHRTSsNpRVYA51hzB3SopIN9IUQefDNbq0p7UIpCSlFXi2Ty8ONgeu6fWKjhzgIyVEXgHkPZ27shuL3xfPsebxXMFBWp5yRRX1y4+ixq6qjIBMUQoAy1vH1rxkswULrVByZZPP5l1bwsU+21yBSLrt4x4+9rmvHBwAf/dTVlsmNDMYAP/bzH8XZ00P4xq++v2vH8o4fex0+/IkrqBQmJH300Ud38Rcfv4xPf+E6Hntk3PqrTQBtbKuG0hrbW1twXadOXl7yOe4/PYzpycF8gsUZhePQPLATyCYvBpQA5VIAxhkcTvHEK6Zwdtr2gZya3HuFPgsW7QoIcN+pIZydHkIllDg7PYCJ0QC6oN4gLSwrq7ThZZACo0McA6sa++U7tArOCE5P9H4xKXAphsocjBLEiYRUOp1MMYRhCE4pmEsQJTG0trkcB/0cdrasMHBWa1mJwwicM2xHiZ0ntLmoprWur7kkqzBkf1vUbuhUYdDq+9SLUeBEYK0o165dg+M4uHjxYg/2sj/m5+exvLyMs6dPtaQeuddJjqJlRabjUTt3i8G5guPsr+YQIkmvxxKu6+xQlislIYUAd9z0b7wuQ7D+u2M5gsr2Nowp2L3uBIJDCAEpZZ7qmxEbNqTPbTutOIM22kq+00qZIrHhONbi0J/c9R6dkhyNShuH9VU2GZRSSArkhm0/2X1lwxiDJIphjMmVAq7v9y1ZxwhNVR2ZTDBOEATdbSPijgulorxFKquN/cP3v9T2tn76R57uau7GxlaEf/FTH+zouUYb/POf/ACe/cB/g8Fyd5QvUxNl/PSPPN024dJHH320h9/9ky/hf/6JJyGVgKttKLLSGmE1BGAwNjYCRikqoUA1TEAI2TcraOc4T8GYBIHP8cpHTua/HRzwYNKK1oxg4Iw0rEp353UaY/CaV57G4y+bQrWagDGCgQEPUtpVf22sooGk1am7vURtrIqDUYKJQRfzpe6QG4eJkscwOWyv1ZWwptPmnKFcLiEKIyglMRC4qMTCWlY6aDJphsyyEsWRrX/1OOIwBGUU1ViAEga3TWt1ViWb/0y2YGjlwMfaymwl+y50Ordpd3Jf3F/xu5hZU27evIn19XW87GUvO5IQ+yiKMDMzg+GhIZycPLHv44uv/V4nOlzXBVcqz/rLoJSG6+4+N1da5fluRmcKJuD8xYfw0gtfAADcvDGHL3z2Gbz6ta+D6znQRqX12gRRFCIKaz47x3FtUH6SIKxW7oya2GwFOrtu54oNSsG507H/fFdiAwBnDI7TJzYOG3UkR57JEaYkR/PPojhhj+MEQklA4J63p+g0YTwjNyil+5IbcRzV7CmEwPe8PrlxTJGpOjjniKKolq8ikq5aVRhleZAzYInm7VDh3R+a2eeZ9XjowXG8/fue7NpxAcCv/PansbHRedfh+nqEX/vdz+Bn3v7arh3T27/vSfzeu5/HS5dW9n/wMcK//m9fg2//pgfzn6NI4k0/cDjBqb/682/Aow9P5D/fXq7gn/737zmUfe943bHEm3ocGPtb73wjXv5g7fV++dIy/sVPdkbUdRtPPD6NX/7Z19f97ld/57N4959/5YiOqDn+y/tm8FM/8iQG3VEIKaGURvj/s3fe8ZFd9dl/zrl1mnqXVrva9RbvatfdptjYFJvYAV5jIKYkxARIHJIQIGBe4gRCXkJNSCAhpNDelx4STDPGGBdswMY2GBdsvLuSVqtV7xrNzK3nvH/cMlXSlDuSdn2/n4/s1ejOvWfanXue8/s9j6ZhcXEe/Tv6nGo3xvCDe4/joUcn89oAqoUQAkGgeNU1B3DBYI8bbei0jQiUgBKSl6gp0NqvHy3b6ZuRRIqmRke8ti2nNUWgBFFFAOOOuGFaDKZVOs2FEIBzJ5FFkQREIwTNzRTJJINVfcHApkApkEgQxGNOG5HhPn6Stw1FNBaFpukwDR0xWYRm2sikU1AUFVIA5ui5LSurmomIJMIybTDOEY1WvrBgs1xxQ6/Yd2M9ypl01zq/qXRiv5bvxurqKk6ePInu7m50dXXVNKZqGRoagm3b6O3u3HjjAsKWFYAKAiKRSLaaI8dTURJFSCXmHmZO5b0QUV2zZo69Zw/i4fvvw/zcNJht4947f4BkcgVHzr8IhFBomQy0TAZz01P+dSkhBGo0mrMAmH+sbSdwWJYJ03QrNtzIQqD2ig1n5dP0Y1+BrLjhRWuGwsbWUbqSQ1+3ksOZuHMAsiNyuK/tM1nkMA0jr9LJS1RZC8PQwZhr0Or2ttEAVj5C6osndBg5MdZUECEEJEwZpuF/icBdMfzOHSMVTxb+9PUXBDIeD8Y4vvKtyj1ACvnqd54MVOAAnMf61r/+YaD7rDc9nTEc2d/h/76aNtfZOlj27GrKO/Z4Y3LTjr0Vj3tnbyMO7M4KHKkajtncHMF1V+f7Ufz8VxN44smZsrb9xRNT+NVjU/7vibic93wAQHtLsFVhQcA5x213TOE1L9sH03QE/bm5OaiqjKamJgDOOWJ8MonlpFaR58VGjE0mccGg829P2JBFwa+k8PBbVdb42qXE+0/+ZBcAdN0EJQAHyUbK8uw0ilICiQiQRPea1mYg7mNeK6WFMYa0ZkESBTTEKPraBQxpHJa19pPD4QgnFuMQAxBscnFEmY1jbgUB6G4V0ZSgTpWpaYOt0YyhqoobNZmBLDnCk65rfstKreS2rKTdCVpEjVbhu2H7q9YAABKcuAFs7JlR6xyn0gqG9Y534sQJqKq6Za0pk5OTmJmZQV9PN6LR6vx1gvQoOZ2RZRmCbfveHIoiw7ScdrLcag4zZ75B4Jgg27ZjDt3S1o7nXPFC3PWD7yG1uoLV5DLuu/M2PPTTe6BEoqBKHETM+sMBgBqJIuJ+viVZRjyRyGtf2VSBY72Y1bUqNgih/opltTh+DSa8t6EvbFDq+neEq9XbgWraVWRZBaAByEb55u7rmYaiKE5mtfv8eT4lpcxFdV0riNaVIIbixmmDIAgQcnogDV2vuVXFtm2YhgHm9jJ6prOSJOGOn5ysaF87+5vw2pcdqmk8hTz6m2ksLGRq3s/ERBLHTixg766WAEbl8NqXHcI//OeDGD25FNg+N2LwYAeueFY/utpjWE4aOD66iNvuPA5N2+bLswHwrAv7sH93c95tX/32kzD0zS3D7+1twCXnbWyOV9gSlYjJuO4lBza83yNPTGHkRP57qrc7jo+8+/l5t/3tP/+kpMBRatsP/9v9eQLH6cStdx3H6687CFOwMD0zg0wmgz27B/IWv3b0NGBxWXMXyqo/1tTcasnbKSGgAvEn07zwIBxYXildZWZaDJJE3WrL/Pfq0ooOm3EIAilRCVL4OwWlBIwBps3WjqHlgG45VSFtCREy4ZiYtpHOrP3EMA5kdBuGIUBUg70mMC2OlGajQNspQhYIdnfK6GgSnVYbm+WLAwVIkghKY9AyGRBqQ5UFaKYJO8WgRmqPkgWyLSucsyp8N3heagoj8wCpj29TKRmo0OQziGOsR6njedUbJ0+eRDKZxODg4Ja0lhuGgaGhISQScXR1dmx8hw14pgobuQiC4HhzmKbf6u5Xc0giKBVg5pSNOQajDLZlwxIoCCU4/5JLIUoy7r3jNiwuzoHZNjRdg2nZiFAZsjuPcSq34og3NIJQRwAVxfwQhU3z4GCMuSvFTuZt7heR5cbOFAkbIBBlCVINcZ+WZTlxsl7kq1uCL1BHNAnL8LcfpUWODGRZXfPk7IgcOqC67SqW5ZR3rpFdfqZTjsjhxTuFBq2nL7qu+6t8uVHA1ZTlOq17BiwrPx5bcNv2puczePjx6Yr2+XvXBStuAMDR4cqd5tfiqaH5QAUOwHnMH/innwa6z1Kce6QLH3zX5bjocA8KT4sz8yl88ZYn8KF//llgxzuwrw3XXrWv6vt/8/anA2/feeU1B3DDK/ITcb51+7FNFzguOa8H//F3V1d8v30DrWXd790fuRufPfGraoZ2RvLAL8cxOZNCRLGxsrKC7u5uNDQ0OIUOHJAlAS+/6gB+6/LqV4ZXkhoe/c00brn96TWrQIjbmjK/lMYd941gdiEFO6eFwktw8TBMG5/9r0eRiEmQROfac3gsK1yZFsMtPzyK+x4agyisPWWSJAFtzVFce9V+UIE6FSPrTLE4ANOykdZMAAIURUJPhwUGC4vLpT8rhsnx5LCBkXFz3bFUg80AzWBYzaytcDTEKbrbRUQiTiuOYVqO/8gGU0lBoIjFY8ikM7BMEwlVQkq3A42Sreb71fHdyD7XnKSAAHw31oOg2ANjK+mIOZ/H5eVljI+Po6+vD+3tG/te1IOhoSGYpomzBnYFut9nessKIQSKLPsFC9kWagueubGuG044iCiCMe4mmDrPGucch8+7CJ3dvTgxdAwnho5hdmoCNmOQ1CiorKCltR1Nza2+ZuAnERWcqAkh9RU4nLIyM++D7ZmLrFmxAQJJkSFWEDdTiM1sWIbhl/95F+tOm4tYUZRNyOZTypPDMDQoyjqr09l3u/P/Z/JZBjkih//8ZUUO09BhuQIS4HjPhOLG6YckSdANI894mVACxhkoKV+8NS0zry8SQFGK1E8emqh4fK9+afAChxbg5HWpBh+PtXj1S+svcLz8tw/gk++7EhGl9Ge2ozWGv3jTJTh8oB1/+O7bsLpa+yrh/j0teOebL6n6/g89Nnna+ZOEbF/ufmAUl53fhHgsjp07d4LD+epnrsgBYM3Ph4dlWTDc61FKs9tSStDZFseuPh2UENglFI7cDpRTU0k88uQ0VlZ1FK6bF951em4VM/Nr/31xOYOlFa1oP7lQStEQV3DFs3aitbnc0noCzWSQRIqIStDTLkMzOJIpG7ZdPA7bBmaXNt+QlBCnNaWlQcCOTgkRLwbWtDcUN3KJRCPQdQGGriEiCzACjpKtFGbnijkGOA1OqF8PDqfaaLMpnGxGWNbj4sSJE4jFYlvWmjI9PY2pqSn0dHUiFqs9+rmQZ7rIAWRTT/LjZGW/NUV253jcTcECnOphURQhSSLaO7vR0dWDSy69Apl0CplMBr9+8klMTU1jNZWBJDsLt45/h3fU7L+9NsG6zWrWEjB0TUcmkym6HSCQAxA2bLdqAwgjX09nfJEjRwXUtUzJfkonuz47YfeiNZ/plKrkYG4Kh4coCHmZ0iGnD56xkvf6ElK6FWktbLdn0ovWyhW8Cs2W73+ksnL2F1y2K9DkFI9YNLjPdZD78uhqi+EFl+3CXfedCHzfAHDZs/vxifeuLW7kctWlu/GP73sR3vyu79dlLJWwUkpkCdAfIQS48tIB7N7RVHR7PHbmfRfe9/MxPOecBHbudOKeOXd8IxgnwAatD4BzXTE7OwtRlBCJNwBwWlspIZAlAUSigbQuO6fQQueCjf5enw+GZXNoJkNDjKCvVUI6wzAzb2E1w2Bvk3AVQoCIQtHRLGJnuyNEJE0Ou4zXtBAvQU7TMhAFp5UoyCjZcrEZy/qpAK6p6Oac/DxxY7M8Iry2FO+55ZwjyruQSCQAOOJGOp3GOeecsyUVJZZlYWhoCPFYDD3dwRubPtOFjVwIIVAUxRGSDcNvd5YVJe+15znBCJEIgaI4156Z1CpmpiehZTJu54XgJ/FkfwBP2HCuY4l/bKAOHhy2bcO0LDD3jOmZhEqi6PffcBR4bMgiRKH6L2HOOSzT8PefH/kaTnZPV0qKHAWeHEZBNUL4eudTKHJYrkeJVyYWihunN5Io+q1GiiLDsswNRQ7OOcwcE9GsJxGBKMklL+x/8XhlAsfVV+ypaPty2dnbENi+dvcXTwaD4Oor9tRN4Pg/73geomr+1/ZyUsMvfj2FztYYzt7TBprTu3/tlfvxyA0zeOLobMn9lb8CXBvLyeCrZbYL37vjGA4+OLbm3yml+NzHrsHFR4p9Oh741Tje9O7b8ozRCllZ0csax7PP68Wzz+sta9tyeOkL9+Lwvmx/+tMj8/iXzz0c2P5r4cFfTaK17TJEo1F/8sY4QJjrhrHB5OnE6Bi0jIbmjh7YrtmrIFLIogBR3Hjy6UXFAsDhfR1486slpDLmuq9jUIgCRTQio6MtBssqcv9YE84Bw2RIpgxEVAldzQLYbhmPDxlYSdV/3OUgi8CBnRL62p3ydWOdhJhycKJknZYV27aQiMhIZgzYbstKtWmM5WIzlle9wckiOCnv81wLhXGwpa1Z60CJz50nbiwsLGBychL9/f1oaQm2NbRchoaGoOs6dvXvKGt7xhgsy6r6Ojms5nCqOSiljhF+gUUF4GgGumFAlh3bCO89+5O778DRJx+HYejo27kHPQNOi6x37s22psA/73LOnH0gYIGDMQbTMv18Z0/YIIRCliUIggibsbzbaxU2AKe82jJM3+TJX4UURYiCEPpsnOZ4K8mGaWbbLXQNsqLC0PMrN7yV55B8HJFDy4lwMiBQCiUUN057KKV54rHTArh2co5juFzQjsI4JHltYXBsMonZCo09X/icXRVtXy6H93dCUUToem0mmomEgsF9tZuLlaJej/2G649gcF9+z/L9j4zjVTd+0zcV/a0X7sFnPvTbUBXnIoIQ4G/fflnNx777p6O44jVfKmvb17zsEP7oNef5v9uMY2KyREJKjVd+pbwBFGXzTZIN3cbMTOl++rP3t+Fv3n5ZSXEDAJ51bi8++p4r8K4P3o3p6dKGlltFoWByz89Ht43AMbeYwUqKoLEx/3ankgPFPRc5jI2NYWpqGi2dfbAYgcVsUEJBqPNeLScpinMOmzFYtmMGuru/ecP7BI1tO2OwbZ5XIbDufRjHqmaDUoKIQtHXLmF+mQGwtlzkiEUIOpsF9LVJiEcoTJtBM2xY6xiLlgMhBNFYFJmMBtNy4nJ1095QBKsVzgGeJ26kwGl9k6IKKyhyqXesaa6pqPeKeaaijDGcOHECDQ0N2LOnPosfGzE7O4uJiQl0d3YgES+vutSremaa5iQMVjifDFNWHCilUNZoDRMEwQk34G7KkFuNMTM9ifk5x/dtbnbKFzg8siFTnrjB3dYU+E90IAKHl4EL5LaceKvpOb/LMgzdgCSJFZVSl8K2Lb8HBwiTUc5kvNYiv59LkQFdc3KXc8SNsBphbRRF9UUOQRDWPNmEnH5IkuRXMXlVHLnnXcBp3zMNw1e680RBdf2I7CePV+adsLO/Cf09wVVa5KIqAn73FYP47FdqM1284XeO+EZ/QdPf04Cd/U2Bp6m8/MX5UZ/jU0m8/u3fzUtM+cGdQ/jIv9+P97310kCPvbKi44knS1eBFNL2+/lthFMzq4H4gBTS2lzcrtjf27im2LBZyIqAK5+3Gy970Vl4yQv2QpHzRZeMbuW1GF1zxVm47KId+P7dQ/juXcdx109OVGWUurSiQSsh/FFK0NEafLvYVvP4b2awo6eyKqzFxUWcOnUKDY0tiMYcY1JKCASBbpjqkQvjjq8C5wCltcdvVoMTE8th2o7IUd59AN1kSGZMNBAZEVXE4B7H9+LXw/VJ9CiXrlYJ55ylIB4VwRiDppswzGAqD3TdgGUYAAF004aiqEUryUHDbDs7dmK5rSn1pZz34WZUFRAAEZ713RgZGYGu6zh0KHhfrnJgjGFoaAjRaAS9Pd1l3cc0nYosb1FQ03VIoljVIuozVdgoF2fulmsWSmGb2Rh12yr+XiPE29aR7gghTmQ3iN+6UrPAoWmarx574obovglIgdGdQIVAYgwty/ArRXwDUUKcqo3QZ+OMRBRFp7Tea0dR5LwIy7ByY2MckUMPhaAzEEmS/MoM0zRBBQECFQDOHRNRrzXJTZKihLglgRtf5A2NLlc0lvMGOzfeqAb+4k0X44v/83jVaRmKIuJPX39BwKPK57zBzkAFjoYGBRefk18FcOs9x7G4WFxZ8/mvP4p3vPEiJGJbI2IOFPhAnJxcqctxOkt4vPR1J/DwI3U5XEmuv/YgdnQ3oKVJRV9XAjt6GnDWzpY1PVLu/vko3vb+H+ET73sRrrhkp397Iqbg+pccxPUvOYiMbuHYiQWcmlzBqakkFpY0jE8n8dVv/nrdsXzy/z6MT37moaLbBw+2456v/m5tD3Qb8vTwAq55QfnbW5aFkZERyIqKxrbsJIcKdM1JX1dHHJMzq6CEoLEh+3my3fYJw+KgZI071xmnNNsROewKqxx0g2OFm2iiFKpMcVafgniEYnjCwNIqQ87coq6IIpCIUuzuEdHdKiOqCuCcI6PZ0E0eSJWFaVowNA1UoEhpBmRJqSoJpRJsZuf7bpBFlGUOUwPlxMAWur3U+uwWprR4v+f6bszNzWFmZgYDAwNoLCy52iSGhoaQyWSwb2951SOe1YKH4s43TMuCzRjkMIWzbDQtA920IAkCotG1W2JFUcwrTCiKOc65xXub+y1YbqJV4d9rVgMKnfwVVXUurAOGcQbTMGHb+X3jhHNIoYHoM4LCCFnvtlDcKJ+wcuPMRPS8ONw2JMs0AZHD0I389j1CKl6FODlRWVnt4L62iravlI7WGN5147Pwd5+oLq3kXX98CVqbahPaN2JwXxu+9f2nA9vfsy7oK6o4+catpfe/umrgvofGcM0VWZf6mfkUvv69p4r3e14PLlqjfaIaGhtVHDwrv41maLQ+K5ftLcUXSz0dibzf/+3DV6O/t6GoRri3YLtqedFzd+HlV+3fcLuVVR1f+tYT+Nt//Aksi+HVb/kW3vv2S/G71w6iIZ5/To4oIo7s78CR/dkWqm//6OiGAkfQfOTfH8C37zjq/55Kb9Kst0xGxyoTXr1V5M6+Af82J2a1YJrn9nh3tcdx9eV7MDHjtA4N7m33je04d1pErGrcL7cBHIBhMaykDcRUEY0xiqgig4NgasHEYpIhXUfzUUqBiErQnBDQ0Sxgd7eMiEqdyg2DwbRZYC0khBA4KhSHIgrQTR2EkLqlqTDOwexccWMJnFTW4lkp5bRVFRKUJldKVPHEjYymYXh4GM3Nzdi1a1dAR6yMU6dO4dSpU+hsb0NDPL7h9pxzf7FIURW/0sezV9B1A5rbshLOO9dneWUZaiSK1sZmGE5BE9IAACAASURBVIaOhYU5NDe1rCnE5XpwrIWXkJIVN9bcsnaBw+uf8S6sTcOAUCLpoloYZ7DdRBYguwIJAJIgQpLDye0zCacyyMlFD8WNkJAskiTlGY568dy5MdmyLFccGzcxXVnJ/96B+huIvf0PLsbI2BK+UuGk7zXXHcLb3nBxnUaVJejn4FCBaGSYNh55bHLN7YcLqkdMk+H9H7+vaLuP3Pz8QAWOl7zoLN//w+PuB0YD238upQxSu9rzbxvc34YDu+snuH3te0+tKXBwDpw4tYTv3nkM//rFX2JuLu3/zbIY3vuxe/HJzz+MP3n9BXjpC/diZ2/jmhdrX/nOk/UY/rosJ7VtHe17aqp84XVqagpzc3Noau2ErDjvEUpIwYoh96NmGeOIRiRceLgn7++MORPYXJPR0xXGgbRmgTOGRFRGVBUxuFtEe4uI4UkdJ8ZNZDL1eZCCQNDdIWF3t4y+NhkETuuIZljQzGCbKDyj0XQ64wgrspOmwjkrmcpXC5wDzMqqQpykwWl9Ktic463tuVHW/VHbM13quJ7vBgAMDw2BEIL9+zcWgetBMpnEsWPH0NrSgh195RkwG276p7NoTyDLTuqHaRowTdOv5jAMw/GVPE0rolOpFAxDB3FFhUQ8EWhViqZlICsq2tqdit5IJAqBUqwsLyERX3uBodT70bYtLC3MgzEGzpjz/w1PwByiZVlVq1COG7/p+G8QUpGTfzmYpldaXeCzIQiQpfX7xkPOXLz3VhDvsZCQMwVKKURR9P2QPDGYAL7RczXMlWiDWI8d3fXx3yjkk++7Ci94zk685ebbN2xXUVURn/7Qb+GlL9i77nZBEfRz0NyQv9q4nFzfib/QFLaxQV1jy2D5X1flP78rqzpuu2so8OM8/9JdRWkyAHD+YPDRf+tx549HMDy2hOYGBXOLGcwtZjA1u4qHH5/CHfeNYHhk/eqVubk03v/x+/D+j9+H3QPNuPKyAVx0pAudbXG0NUfQ1hzBzEIad/54ZMOxvO0NF+HG155XdLsgnJml1LPz5QmvqVQKIyMjiMbiSDRlxS5aUBHFOWDZDLrllDuXavuwGXOSPWxWtrHn9oZAMznslNP2HVElNMVE7O0l6G4UML1kYWLBRjLJUKINviIoBRIJgq5mEd0tIuIxEQ0RAZxx6JZjKGpYzpiChlKKmGs0alsmVFmAZphgjEONBBcZy1iO7wZscLoQyH7XIohxVytylGqJifLs+Xd4eBgrKysYHBys2ZqgWo4fPw5JFLGjtzzfDcuyYNt2tiNBkf3HKEkyqCDANEzHl0PTYds2NE2DJJdOn9uIrUpZSafTECQJ/b1Omkw6tYrZmSnE43HIUjCCTTqTQV//QN5taiSKhfm5iveVSq1i7MQwiChjfGwUi/Nz0PWNk9lE0zSrEjgcNcvyqym8N4QgCCA1qkCWZcE0SxuISmHvUwhCcSMkpBSSJMO2M1l/mipNsXJZXK7MfG4zDQ2vvXI/Du/vwGe+/ijuffAkjg8t+v5MgkBx1p5mXPGsnXjz9ediV9/m9f8G/RwU+mlsJHBMz+VP/uJRCY2NKpaX6xfXeu6RLlx+8c682x741XjVXinr8YrfKr0ieOHhbuza2YQTo04FSzpjYWW1+LlSZLHI/LNSBg86rTh/cNOtKGWFGI2I/jbl8tOHx/DThwsjZ4m/n98cnYdllW6LaIgrRe0uZzILS+W9l4eHhyGKItrb230XBEKIHyWYi804DJOBMQ5BYEWeBZ7nhWXz076Cw4NzwLQ4kpoNiwGySNAYFdASUxCNClAUCytxhrTGoJsMmslhWdw3ZbVt+P+m1DEsBZyUI1mmECmHLFJEFYJEgqKrRURnk+i0+TCOjMGgu2kp9XxOCSGQZRkZy4QkUGiEOaaEAYkbNnPeNx6OqWiwLUyF8a+1Uqknx3qr5hHW6bemTE9PY3p6GgMDA2hvr+wcGBQnTpzA0tIS9gzsKmuOy7zWFPe5FUWxaFFIoAIEVYBh6IC7ZqDrBvQqDUiD9kQpl4yWxs6B7GJENBZHT28/pqfGYVk2ojUKUsnVJJqaW4qMfDPpFKQN5m6l3mHMtpFJpyBHCAxDh2WZThv2BoheFUa5L4zlVlVwN48lK2xQiJJSU3qJbdswzWKnf0qcC/d6ux6HhISEnC4wxkFp/lciIdlWlaDE4LRWmcDRmNjcSdae/mZ86F1XAHBWYI+OLIAxjgN7WiFu0ep10M9B4WqyQNe/FJKl4sdt19kv4J1vvqRoXJ//xuOBH0cUKV743F2l/yZQXP/Ss/GRf7kfAHDVa79acruP3Px8vPF3zq1pHHd+6XUQSkTV1pODV/7HlqfEbBfKOS8NDQ1haWkJfX19kEQBuh8tWHqixrnTPmQzAlqiYsFpYTlzxA0PzgHDZDAtBkkgiCoW4lEFnU0yOppkgANLKRNTiwZmlm2sphi8BVTNYMi4/5ZEIKo6555EnKK1SURU5mhtlNCWkAHiTOIY58hoFnTTEVU24/nknEPTMhAoRVp3ooGDalFxfDdyI2FXwEl6nXtUT70q12vdqydurKysYHh4GB0dHVvmu7G8vIyRkRG0tbaguam8hQ3TFTcURQYlFLK89ne4LCug1BE6FEWGrhswLQuMMciyXNVrtJnfJATFwp4ky+jrH8D05DiSq8l120jWw7RMMA40NuW36XLOsbgwj6bG9ZOvvGSUPXsPIJNexcrSEggVIIgSCKWgVHBjvTe+thNBCLwqjvVeFMv1weCc5wkb1K2qqLb8GfAMRI2innEC52I9NHIJCQkJyeJfrAmCu9KQFX+DTpOyrMquPlV5687XokBx8Kz6mpyWQ9DPwWoqvwphIwGlvSW/giStWXWJavV49csP4beetzvvtl88MYk77hkO/Fi/feXekgajHldfvscXOM5UVpIG7rz/RNX3HzkVbITxVmCa6wt2jDFomgbLsrC4uIhIJAJCObg7lVgrdYID4IzXOfNie8I5YNocK2mOjKlDESlUWYQiU8RUEb1tBG2NHJYFP5qWMcCznRByKzhECkVyfldECs450hlngTSjGbA5hez6HGwGmqY5bfWMwWYM0VhwVXb54kYGnNbn81Xvtvxyqghyx5CbmgIAS0tLeOqppxCLxXDgwIE6jXJjjh8/DkWR0V+m74bp+Wm481pJ2XjBXxRFUIHCzAnZ0DUdmUwGiqLUtCBf4IkdOLKiYHFhDs0txddKnd29WFyYw9LSIhobmyp+z6VSq2jrKPb1mpudhqqoG+gMNgRRACHAhc+5DGcfcRYhDMPA00ePYXpmBn2rKTS3tTtVNBsgeuqTYZqQXCf+3GoOy7JgWVY2CtZ1kiWE1iw+cM5hlYgwBOehgWRISEjIGnhisG3bsG0bxI3JFgQhbOE7A5kvKMdv2EjgaM1fmbQsG9dfe7Boux09tXuF7Nvbive99dKi2//1S7+sed+l+INXHcn7fXJmFV3tcd+gc3BfO657yQF883u/qcvxtwMnx5Zx/Y23BLa/qdlVfLXAyPTp4fr6B9QbSikOHTqExsZGHDt2DOl0Gl09/VDjzgpiObGaz0Q4d1NWTAbbdvwxJJ1AEihEkaIhIriX6dw1aiV+JSHjWSNWb1+2zaEZFpKmjVRah2aY8OxPdMNEJBKBKNa3OtvQDViGCRDncalqpKyI9HKw7VzDQwZO6vO52az363oiR6nje5Gwtm1jZGQEsVgMF1xwwZZV3HveH3sGdpV1LWTbNsycuCBJliDQ8ua1lFAoipo1IFUVp2XFMCAKAuQqDUidzJ/6EY/FsZJcgWma6Ogs9idpbmmDLMuYm51BIp4oey6eyWSgRmJFnitaJoNMehXNTWubr9u2Dc4YBFGAINiQFdWtsCLQNA1qZAKiKEGUFIii6Hd6lML7PPqvom3bsF0XIa+aw7ZtGK744ClUhBBX2KhBfOCAaRm+sAFkIwxFQXCTMsIvnpCQkJBS2LaVV0mn68751LQsCK7ZaFAXGKJIYJrlf91qhoWIUr8qjp/+4hTGp5KYnkthNV1ZVUI8KqOzLYbergSee0FfnUboPAdB8sivp/N+FwWKF14+sKb55KF9+X3PDXEFn3r/iwMdEwB0dsbxxY+/tKii4tZ7juPbtx1d417V89rrDhW9bv/59V/h6st356XB/NWfPBc/uncEKysbr/JUy8tv/J+Ktv/QTZfj0N7s63J0ZB7v/ODdFe1jYaG04e8rX3p2zZ4iD/xqPO/3STcedbsilWjDKkVfXx8aGhpw9OhRjI0OobWjBy3t3VVFaz6TcExXHb8RDQAhNkRKoCqCI1BwDkGgkCURiitwWDaHYViwbOZ6lgC6xWGazu+gEgALGd2ELFJIouD01itK3SLsLcuGrmuQRAFJTYckKRADWjxljOdNtDhdBEhwnkO5nhubMSdazxNiLVNRrzVlaGgImqbhvPPO2zJxY3FxEaOjo2hvay2/NSVnjisIAiSxclHCMyA13KANXTdg2Ta4pkGs0oC03q92Q6IBqXQKp06Noqurt6hYIRZvgCTJmJ6ahKooUNWNjcozegb9O3cX3T43P4N4fKPFFAIQCl3TwZjtj4dSCsuy/eSU3J/14JxDFATBj73xnGFN04Qsy/5qoPcBFkUBslybG7tpmbAME7woGYVCFKWaPDxCQkJCznQYY3meDIRQX+gAnHOqbRh+JVytVR1RVcayWb455XJSD1zguPvno/jPrz6K+x44iUxmY3OpcohEJDzv2f244ZWHceVzBza+QwVsZAJaKQ8+Mo5UxkQskr0wf+XV+0sKHF1dCVwcYPTrWuza2YQv/P1LsKe/Oe/2iekk3vV3dwV+vAP72vDegkqR5aSGL/zXY5hfzOQJHP09DfjPj14TaJVDIT97sNAMdH00PV/00gy74n2sxYdvugJNASfl/OXf37OtY2KjavkTkYaGBlx44YU4evQoxsfHoWVS6OjuhyQrEAQaLqhtAAEAtxojnbHgm2mAgcDyq6e8OQeHOyEGceJ3c/alqBEIgghN12AxGzFFhKHrsC0bakQNtAIx13cjpVugRIRSxkSt3H3bOSv/DEmABO+Ps1XvzUJxoxSeuDExMYH5+Xns3bsXTU3reyzUk+PHj0NVlLJbUwzDAOM825pSQ+SrQAWoqlPN4aFrOmxdh1xlt0O9W1Vi0RgMQ8fEqVG0d3YjEslfqJAVFTt2DmBq4hSSq6tIxONr7mtlNYnmljYQkv/5XVleBIVjeL8e3ueJMYZMOgMG7lfAMMZckcMRFJ3/byxQi5Isw85k/NYTALBsG4Jtu3GsMjRdc4UIGYJoQ6iitCvr4VFoIEr8i/CQkJCQkPVh7kWVosig7peqzWxYppkXceYZXzlVHQSCUJ03R3OjjOVk+QLHzHwKXW3B9Dc/eXwO7/noj/HTn58MZH+5ZDImbr9rCLffNYTnXtKPD910eWD+HTNlRliWi6HbuPfBk7j68j3+bVddOoCDB9rx5G9m87Z9x5suqnk1fyMuvqAXn/nQ1ejpzDci0w0b7/rw3YEbYXZ2xvHZj16Dtub8C7D/uvUprKzo+Pq3n8Qf/+55OLA7+/q98Nm78Jm//2386V/dDk0LtqKmkM/+w2/jwsH1owhbC8a+f6AVj97+pnXvc/t9w7jpA8GLRWcCLU2VT1T37duHRCLhVHMMP4XWrh1oaGwBFUhV17XPNBzhwv1XGQUwfI2NRElCVBCgaxkkMwZUWQDjNlKrq1AjUUhSMAJ5JqMBzPHdYJwjGl3bu6dS7DzfDQ2g60dCV8p2aKFi3HGsKTWOCOsE4Bh6jo6OorOzE3199auK3Ijjx49jdXUVe8/aXdbzZlkWrByBSpYVUFKbuOYk9SiglMIwDL9lxXA9PuQKuxM2I2VFlhUIgoiZqXE0tbShsbG5aJuunj4szM9iaXkJjQ2NRY/BqYIhaGjIF7cYY1hanF+3NaUQSikkWYZuGNA0x8TVNE0wVnlllEhJtpzZsiy/isOyLXflz2kb8d4IpmFAqMB52PHwMLPJKG58ISUEYmggGhISElIRds6J3utdFqgAQRFcXyMLtmUVV3UwxyS6Um+j1mYVJ06tlL392OQKjuzvqOgYpfjJL07hd9/67bqaY3r89Ocncc3vfx1f+uT/wqUBtK6MTZb/fJXL17/3VJ7A0ZhQ8cWPvxR/dPMP8PAjE2hoUPCW11+AN7zynLz7Pfb0DL723ScLdwcAuOqyAVxxyc6Sf1uLv7jxWXjrDRfmVZMAgGHa+IsP3onb7xqqaH8bcfhQBz7/0ZcUxfyenFjB3/3zzwA4yRfv+eiP8Y1PvTwvOefaK/dhR3cCb/vbH+Gpp+cCHVcuHa1O21MlKLKw4X1am4NJeTgTaa8yirm7uxuNjY04evQopk+NwEin0Na9A+A2qCBsaprBMxlKKSLRGAxdg2YYkEQKWRSgZdKwLRlqpLZKC103YJuu74bl+W4EUx2S77sBgAQvbmwb1hA3EokEGGM4ceIEotEo9u3btwWDc5ifn8fY2Bg6O9rRmNj4POylhwLOQlHQxuyiKLktK3qeAalm2353RKXU87wkCAJamluxvLIMQ9fR3tFVtE1LaztkWcb87CwSDYm8uNfkahJd3cVVM3Oz01CrSCoihEBVFOiGDl03QIj3mavM+lkEkI3DcX03PJHDFpwqDkmSYFkWdLe/yLKsDd8MRcKGl4zimuGFBqIhISEhlVHYnlKYXuV5JHlRsZaVrerQdaOqL/Hutsq+oI6NLABXVHyYPL51x9P447+8HaYRXD/zRqyuGnjVjd/Epz/4Ylx75f6a9nVsJHijue/98BjueeVoniCxs7cRP/jC9ZiaXUVjg1rUGmRaDH/50R/jgYdPldznnv6msgWOiy/oxQf+4nk4/1DxxY9pMbzrQ3fha7f8uoJHtD7RmIR3vPlivPF3zkEilt+fzznwvn+6L0/8uu/+k/jsfz2KP3rNeXnbXjDYjR996bX41Bd/gQ9+8qeBjW878Uc3/wBCDZHI/T0N+PBNVwQ3oE2gr0JBKZdoNIpzzz0Xw8PDGB0dRSaTQkdvP1Q1BipQ0LBlZdOQFdVtWcnAMizEFQmm6aQqqpFIVe9ry7JheL4bGQOyLAfnu8ELfDfIPDgJpm3Sq9rY6soNj8LPAefcT0wBHEPPdDqNc889d8sWqxljOH78OCIRFTt6y2vNtG3bTwQFnPkq5xyyrAT23FNCoaoRmIYO0ysecA1IpRrnwPVqXWlMNCCVSmH81El0dfcWCTHxRCMkScbMzCQUWUFEjSCdTiMWTxRFLmcyaeiZNJqaiitCykWRFbeSI+O+ZljXXLSQvHekQJ3IQcs1G7Usp4rDu2g23dtNc+0LZZvZMA2jSNgIk1FCQkJCaqOwPWW9L2NBEMA4g23b0HUDAq2u17y3q7Ky3ieO1rZSft/DY3jLzZsrbniYho233Hw7mhsjuPzi/qr3U+tzsBZ/+bEf45Z/ewU6C1qAutpL98b+59ceWVPcKJeDB9px042X4OrLz4JAi98/i8sZvPuj9wSeWnLl8wbw5zdcXGoBEf/0+Qfx3duLTUxv/vA9aG2K4JVX50cUUkrw0GOTgY4vl8//92O44yclDF8rrCt+6+9fWJWXxp33ljabLZeLzi+vZ307sXNHeSaC67F7927fgPTk8afQ3t2PppZ2cIGGfnCbiCCKiApxv2VFkQRwzpBeXYUSiUCWy583cM6RyaRBXd8NQRAgK8H4bjDOYVvZ7yVOkuA0uHa87SJsAKVbZHLrSk6cOIHZ2Vns2bMHzc3VT2Jr5fjx40in09i/d8/GG7uIoghKnYhXb46qKLIb8SoXLRzVgiQroIII3a3m8FqHGWOQZbmq17yeKSuxWAy6rmNibBRtnd1FiSiKGkHfjl2YmhhHcnUVlmWiv6e46nV+bgbxePUitH88WYZpOK8RzzEaLYeiV1F0qzX8Kg67oIrDNSM1LSPPbTa3BxwoFja8ZJaQkJCQkOqwc9RroYxoPS8ZC0DVPke7eisrBX/kiemNN1qDX/56Cq9767dh6JsvbngYuo3fe9t3cMt/vAIXbOCrsBa1PAfrcfTYPN5w06347IevQXfH2oZfAPCvX/oF3vuxe2s+5t/f/II1TUt/+esp/Ml7b8ex48FXrHz7tqN4zvm9eOPvnJt3+6e//Ev83SfWrsS48X/fBttmuP4l2Vjcf/zcg7jjnuHAx+hx7wMnoQRgrFtYfVIu3/rcq9DZWr2/gCKffq3C+wbK7+tej7a2Nl/kmJ08CV1LoaOrHxCF0BtuEyGEQI1E3UmnBkGgiMqOT4dtWVAjallziExGAwFgWrbjuxEJzneD5flu6E5qSkBsB8+NjSaOMbd6I5PJYGpqEu3t7ejvr34hoFZmZ2cxPj6O7q7OdQ0wS0EphaKqfvqc7ieg6JAkBkmq3nC0EEEQEIlEYBh6nkdaRtOqNiD1RI56vGMURYEoCpiZHENzW0eRtwYhFN29OzA/N4OEUiw0Ly0twLO/CAJZlpz2MoKcNBVWZGiaC+e8WOCghDrVGm5/kmma/klekiQYrpJiGhZEQXJWCE3T9+jwhQ0AomsWstUf2pCQkJDTkdyLHs55vsCxwcU34wyMMeeczHlVXza2ZWH/QGUq/OjJJZycWEF/z0axYMX8v28+jnQqmHLfWkinTHzxlieqEjhOTqxg9ORSHUbl8OAvxvH813wZ7/vzy3D1FbuLVvwffnwS//x/f4Fb7zgWyPFu/ti9+M5nXpnX/qLpNr7wP4/ib/7hPlhWZX2xFR37Iz/GkQMduOhID1bTJv7xsw/iE595cMP7/cnNt+PuB07ib/78UjxxbA4f/dT9dRsjAHzqAy/GC5+9q67HWI+B3saKPUBOdwYP1O7z4yHLMgYHBzE2Nobjx49DS6fQ3r0DsXhj2LKyyUiyE7mpaxqSmglVEmDbFlKpFFQ14vtOlULXDdiWO3exGCKR08N3Y1t5bqyBZyrKOcf4+DgURd1S3w3btnH8+HHEY1H0dhe3TZaLE3JBYehGdgHfXayXZDkw82FCCBTFFVTMbJysYZp+NUc11EvkEAQRLS1tWF5cgKHraGvvLNqmta34HGzbFpYW59Ha3BrseCgFQfZa2PnIlBY5vCqPkle8oijBMrM9Q57nhte+4ildpmn47Sy5woaTviKuq66EhISEhKyPpmmgAoUoCH4En6I4ueobOX771RtVihuA82XV2xlDW5OCuaXyo0/v/NkJvOGVRyo61sjYEr70309UOsS68aX/fgJ/fsNFGNhRWezdnT87UZ8B5TA3l8af/fXtiMYkXHhOD/q64phb1PDYUzOYmkoGeqxHHpvEv3/ll3jbGy4GYxw/uHcIH/zU/fhNndpwcrEshj/+q9vx/ndchg9VeMz//u5TuPMnJ0BLtNWEnN50tMawszf4OModO3b4KSvjJ46htaMHLe3d4JTW5HESUhmCICAai0HXMtAME7JAIUoCMukUJFmBqipF9/F9N4Ss74YgBuS7wQp9NxbASe3m19vNcwPIb5PxhJdc343JyUlomoYjR45UPSkPgqWlJWiahng8jnQ6XVNCDqWCX82R27KiaxokWc4z1KwVSZJABeobkOq6Acu2wTQNsixXJMhtRspKY2MTVlMpTIyPoau7d8Pxzc3OIBYNJkWvEEKILzY7hqMU4Awkb0zZFpaSV72EEIiy5Pe9eFUcnheHrjsXuoXihiAIkNzeppCQkJCQ6vGMsGzLzoukAwBahmDhnZ9BnCSs6sbg7OPcg6340c8myr7fbfcMVSxw3PLDYk+FreaWHx7FO954cUX3ue2eYFNE1iOdMnHvz0brfpwP/8v96GyN4+u3PoWfPBB8ZO96nBhdwu//+Xeruu/iYibg0ZQH506JfK0Ufu7L5dHfTOOO+07UdOxf1qnNKgguOb9+cZRNTU248MILcfToUUxOTkDLpNHRvQOyooQtK5uMokZcA1INlmEhpkgwDR3MtqFGVH+uwRhDJpOBQClSuhmo74ZTOZnzWSYpcLoayH63k7ABlPYAyRU3FhYWsLCwgIGBAbS2BrtCXymtra0455xzMDIyguHRMfR2d6G5qXpfHifiVQY1TRiu0KEojv8DZ07LSlCvl0AFRNQIDDMrkum6AU3TqvaqrGfLSjwWg6ZpGB87gfbO7jWTUTRNQyadQmtL/d4bxPeSI75RLGfMX8hgrgn/mhUcACCJEizTzCpMluWW8jh9iV7cKwiBIDjmpKEpU0hIfTAMY0vV8pDNx/MzUtzVKl3TfdfvjS60beaII7qmO6p3jQLHRUfaKhI47rrvBKbmUuhqK1/Jv/XuzRMGyuXWu4cqEjim5lK4q8aJ5XbEshj+7K9v3+phnDY8fnQGL/idL2/Z8YdGF/Hhf/nZlh2/3lx6Uf0EDsDpzz9w4EDWgHRoFR29O5FoaHYX++p6+JAcRElC1GtZyRhQZQGM237LiiSJ0DQNhHMYNgPjQKyG1fxCbJvlxFaYYLR6vyFvZXm7VW0AGwsumqZhYmICra2t2LVr1+YNbB1aWloQi8UwNDSE8ckpaJqG7q7iVopKECU34jXHgBRwrseciNeA/IoIgSwroNQ5llMx4iSu2IxBlqSKiwW8V68eKSuqqkIURUxPnEJLWwcSDcVikqqqiMbiWFlNoiEAg9G18D4/nDM4GgfxhQ0g+15e95WSJRm64QgZpmn6RqFeBKEgCBAlKRQ2QkLqiG4YfrtBKHI8c/AEDsAzxHKEjoraU+A41Fd3fMvPHX/2eZVfNHztu7/G295Qvjjw5NOzFR+j3lQ6pq99N7iY1JDTl4aYgte9YjCQfT1xdA6PPj5V0X0G97Xjn95/Zc3H/vx/P17xsTeDKzbJ76SnpweNjY1ONcfJIWitnWjr6oMg0LBSeROhlCISjcLQdWiGDkmkUEQBWjoNW1Fgm27Co8UQiUQDEw8KfTc4WUCt+RXbTdgAFjypVAAAIABJREFU1vYAya3eGB8fhyzL2L+/tgj1oFEUBQcPHsTo6CgmJiag6QZ6uztrulamlELdJANSURRBBSfRxV/Mcqs5ZFmuyYA0aERRREtLK+bnpiFKclHCCgB0dHZjcWEOS0uLaGxsqtv73dkt9f02cr3qCJzXcP1njhAIlGajbUzT7xFSwnK9kJC6YxhOHryXagQ4IofnixNyZuK1pyiqk8uuqhHHNNQur+zdyimPr7U9BQC6OxI4f7CzorL1L36zfIFjOaltSSzsRpiGjeWkhsZEeeXOX/xmKHCEALv6GvGJ99YuMABOJG6lIsO+gVbsG6i9TPjuB0a3ncBxyXl96OncPEPVWCyG8847D0NDQzh58iR0LY22rj5EorHwGniT8dqEnJYVEzFFhmnoEEUByYwORVarFvQLKfbdWAIn5ftQlWK7iRvreYB4pqIAMDExgUwmg8HBQShKsf/JdmDnzp2IRCIYHh7G8ImT6OnpQkOFySqFSG4VhWHkG5A6pqBKYK8nJdQxILVMR+hwqzlqMSCtZ8tKa0sbJsdH0dnVi1iJSo3mljbIsoy52WkkEg2Bepjk4jz9xE9V8R6t08YClJSgbWbDMHTougbbc+EHwGzb/8CHJ/aQkPrgeSeYOelEgNOqYFkWDMNwy+dq+7IN2b7kVm94QpYTuyVB3ODLwhEmnPYUSqtfacytAiFUwJWXVRYHN3pyCV/5TnkT/tGJlYr2vZmUO7avfOfXdU1PCQkJAV7yor1bctw9e/ZgcHAQlqljbPg3WJyfheVGkYZsHoIoIhqNQaASkhkdnAHJjA5RkCAHNPnmQN5iAicpcFrbd9TpkJTikStuLC4uYmFhAbt27UJ7e/sWjmpjOjo6cPjwYSiqipNj45idm695n4IgQFVVx5pBd9pWbNuGpmXyrtOCQBIlKIoKQrIVu5ZtQ9O0vAS9SqjXu669rQPLSwsYOzni+3XmEos3oKtnB1ZTKWiaVqdROCKH58kBuIKd+7e8K1/OOQzTgK5pflqKrukA55AEAWqAkUshISHF5AoYXlSzomTL1DyRA3AmwaHIcWaSKy5U6p+Ray5ay2pWbgUHEQRcfcWuilcs/uX//aKs7c7a2QKyDdMuCCXYu6ulrG3LfawhISHVQQjBy198YMuO397ejgsvvBCtra2YmRjF9PgILNOsevIRUh2EEKiRCFQlAs2ynJaCEuXy1cIsOzsxJDZAq4uE9crnge1XvQEUjyl3vIDjuzE+Po6WlhYMDAxs9vCqIhaL4fDhw2hvb8f07BzGxifyKnGqwYl4VSC511O6bjgeZ7oG0wo21l4QBERcvwtFkaEoMhjn0HXdnxOUPW7Up4LDIxFPIBqJYHL8JNLpVNHfFUVF345dMC0n5rleEAJQQkAIzfNH8q9+LcuEYZjw9B5dNwDOIYgiZEnalh/OkBAPwzB8A9zTFdu2YbhKqDdJVRTZcQSXFRAQmJbpK7uAYzyp6/q2LRsMqRzbtsEJgaI4rt2V5LBzzl3hy3kfVduewmzb998AISBEQERhuOKSNtz9QPm+FEePzePTX/4l/vh156+7XVQV8brrDm2rmFgAeN11hxBRNhaJPv3lX+LosdpXizabb/3wGI6OZC/eg0j+KJcP/ev9aGnKtv6kM9Y6WwdL0I/7je+8tW4xorq+8fNy2au+WJdrtFSq9ijMILn+pYfQ2LC133WKouDw4cMYHR3F8PAwtHQa7T07EIs3nNbXH6cjkiw7CwABJpLYLL8qh5MFcFQ/Qd6uc6e1TEULI2ElScK+ffs2c2g1QwjBWWedhWg0itHRUei6ge6ujprNZ/NaVvJSVmxIUnAtK54BqUAF6F7LimsT4bWsVHOserSsyJIMsbEJs9MTaGpuRWNT/oIQpRQ9ff2YnZnCcnIFjYmGgEfgQoofG5mfX+amYYC5F7PehTGl1ElNCSs2QrY5huHkSINzqKp6WlYZ2bYNTddBgDwBw/G7Uf2TmWkYMC0TlFJfldZ1R9xRQgPSMwLv/awoshsZVv7r6gjVzpcvpRRqlcKXaWjQtDQAgFIJghJFMpnEzx4axnv+oTIRIhaT8fPv3FBWospff/xefOPWpzA3l65q3EHR1hbFdVfvxwffecWG207NpXDJy76w7SaDISFnGt/7wmtwzsHaUhKCZHFxEUePHkU67fhytLR1glLBjywMOb1gbiy7ByfL4HS5qn1txxjYjapJcltTJicnMT8/j0OHDqGjo2NTxlcPlpaWMDw8DF3Xa46S9eCc+/54cBejKKGQFLmiBalyYJzB9I4F53qfwBFbqvXhq0fKCgAsJ1egqhG0tZc+Ry8tLWBlaQFNDU0gFczTDEPH0aNPY2ZmGsMjI/jmN78Jw1ivet3xlSETE9McyBE23JSUUIkO2c54VQu+uAH4Kr6qqtvui2U9GHNK3Tjgr9p7X46KqhYlZpiGAVGSYFkWTDdHu9YJbcj2IZNO+xUciqpW9IWpaRkw1zdJkeWqz+OZdAqW5XyBCFIEVJQxMzODTCaDT399Ej/8cWWRrtdesx+f+dA1VY1lu/Om93wf3/r+01s9jJCQM5qrLt+Dz37spVs9jCJs28bRo0cxNTWFeEMzOrp3QFZV0NPoGiTEwbJsXwTgJA1O56raz1a1pfCcQhNSoj9hPdElV9xYWlrCqVOn0N/fjz179tRhpJuLYRgYGhrC0tISWpubao6S9TBN02kbca/XALjJJ8Gbappmtm3d67AQRXHbJSuuplLgALp7+kq+19KpVczNTCEeT0CSynueqhM4AOqZphAAsiT5ZiohIdsVTddd81s9r5VDURVwAIau+wrrdodzDiNH3AAcUUOSHMOsUnGgklue5qzuOycIRZHBXDOi08nMKiQf27bzhK5KxA3GmS9uEM5rOo/bdrbXk7hj0DQNiUQCN/7eBRXv71vffxqf+8ajVY9nu/K5bzwaihshIZtANeedzUAQBJx99tnYt28fVlcWMTb8GywtzMO2Q1+O0wkvucyBAWSh4n3kChubKW5YaQCpKCS9wf+hWgLGMgczK7se1HUdk5OTaG5uPiPEDcARHc4++2z09vZifnEJI6NjgfjXSZIERVFAAD/l0PHQC/46XJLkrAGpIgOE1GxAWg/isRgkgeLUyREYerG5aDQWR1fvDqTSKWhapk6j4ODcNRkVXZfYMHYyZLuj6zoYY1AU2S/Z8kr5vX/bnEM3DNcod/uacHLXOIjBFTe4055CCYUklVfqJkkyJFfBVVQFjHNomUzNpkohW4NX8gg4749MJp1n9rnufXOMSWsxF2WswH+DCr4/TCKRwEVHevCKq8+ueL83feAuPPTYRNXj2m489NgEbvrAXVs9jJCQM56Xv3gfLjrSs9XDWJfe3l5cdNFFiEYjmBobwuzkWF5FQMj2xWYMjOX6bsyDk8qvobaicthKA82xLvT370ZPX7//09e3E7v6D0BhzY4AwstrTZmYcL6jTzffjXLo7+/H3r17kdE0DI+OYTmZrHmfgiBAceOLvYIBy/KEh2A9rYScuXqtBqT1RFUjiEVjmJoYQypV/BzLsoK+/gFYjGN1dbVOo+CgqqJUbVgSErKZ6G7lhlcKpqgKFFWBKIquuum0ZyiK7IggquIYLm7TSo5csQYAlEikqv49SZT8MjVFkcEJgZZT3RJy+iC6vkdegpUngpXzWuZuU4tYbee4glPi7MeL+WpocAyi3v6Hl1T1nXHjzbdjaq5+btqbxdRcCjfefPtWDyMk5IyHEILnX6xibq66doHNJB6P4/zzz8eOHTuwMDeFUyNPI51e3VYrrCH5cM7BcqptOFkBp5WvLG+FkGUbHFGxGc0tbSX/LooSunv60NG0A2xVAtPzx8g5zxM3pqamkEqlsG/fPkRrNOSshdnZ8o3MK6WtrQ2HDx9GJBLB2KkJzMzWfl5xvPIU39TdSVlh0DUNphXs/IO4BqSynJ3vAIBpWdDcOcV2QJIkNDW1YH52BkuLxQbshBB09/RBUhQsr1Tnc7MR9HQ0ZAx55qHrOmzXeBGAX7Xg9KA5H3RBEPMm+gC2rcjhixuqd5JSazL0FUUJius94lSDOC062+VkdzrCAXDOYDMG27ZhWVbdRSPqxpHJBb2JG7Wb2Mx2xRCn3bCW83putjsRHIEjk8mAUop4PA4A2NnbhJve8pyK9z16cgk3vPN7yJSRDLFdyegWbnjn9zB6cmmrhxIScsbzh689hJ6OGB5//HEMDw9v9XDK4qyzzsLBgwdh6BmcPP4bLM7Phi0r25R8cUMDp5Wf17ekSocBVFfQ0dm94abxRCN27tyLqNAGM8l9l8ncxJSVlRXMzc2hr68PXV1da+yp/pw6dQpPPPEEnnrqqbpdb0WjURw+fBgdHR2YmZvH6NipvOueapFl2bl249xvWTENE7qeCfw9Iooi1EgElArZag7GoGla1c9b0O9iQgiam5qRWk1idmaq5DZt7Z1INDZhYWEh8PmK8K533vQ3ge4xJCRgdMOt3HDFAC9ZwvGhyDfYoW4FBGMMkiSBMQZRFGAapvvvrW/D0g0j7/E45W21j8t0BQ1dN1zTI6VmPx3HyNSs+/OmaRpM04RV+GNZ2f97/875IYQEmprjRKzq2bHYNmzvxxU6TNME47xmIWE9mHssURQhCMKGplWWGx9mW5Z/n2rJ/TIWJAWEUMzPzyMWi6G9vd3f7uJze/Gzh09hfGqlov1PTCXx4GOTuPaqfZDE00tgz+gWXv1n38LPHx7f6qGEhJzxnHeoHX/7jueiubkZlmVhamoKy8vLaGhoKNugbquIx+Po6OhAOp3C3MwkbMtEJN6w6f4MIWtj2ywnEpYDdBaosjVls19TM8nR1bnTX+DbCEIIYvEEVCmG9IoOxizIgrNgYRgGRkdH0dDQgMHBwXoOe11WVlbwxBNPIBqNIpPJYHFxEdFo1K/ODpqWlhaIooiZmVkkk6tQ1eLFpUqhlEIURXDOYVoWbNsGpRSWZboJS8Fd8xBC/Gtzb65j286iHOPcrygpe385/w4yUlZRFOiahuWVZcTjcZACb0FVjUBRFMwvzEGgtGg+ZNs25ufnkUqlsLi0hKeeeqosQSoUOE5jPFOkSn9Opy9Yv3KjQNwAsmJGId7kzhNBvImilyG9lSIH5xy2bYFzQBQFd7xizSc9w9DdyblTqaJIUk0+DAB83wXOed2fN8uysgo3Idkfzn1PCv/f3g+c1zrILwzOuaN+E+K2PwkFPyJst6/aq+rg7riCdM03TBPcdcl2stfX/6LyXnfbsmtqOWTMhqG75bmEQJAiYIxhbm4OHR0dfouKx+ED7fjSLZXFxgLA2PgK7nv4FF506QDi0e3lAr4WU3MpvOat3w7FjZCQTYAQgo+9+wI0JwQQQtDQ2ARFUTA7O4uJiQkoioJEIrHVw1wXSZLQ1dUFQgimJseRWlmCpCiQRBkkjJLdUhhjeSvGnMyD0/I927YyBtbOcDTFu9DQ2JR/u21jbGwEy8uLedXNuUiyjMbGFtgGkEyuQBBFTExMQNd1HD58eMtSORhjePzxx8EYw8DAAOLxOJLJJKampiBJkl89GjSJRAKNjY1YXFrC3PwCRFFEJKLWtM+s8MDBGHfnIILrp8YDWdDMRRAEUEEAsxkEgTpzQ/e9Xe1iV9DvbFmWwTnD4sK86yOSLyRJkoxYLI6l5SVwziDl/D0UOJ6B2LYNwzSzK8y2DdtVDAtXnXP/LknSaSFw+J4bJcSNjfA+1JQKACFgnshhWVUpm0HhnPgEMGbDtLyTng1CaNUTdcP0DFWd6ChJkiDWqELntvUoquI8b3UUOTyhoFhUENf4twDbsv3XeS0xz7uAYYxl49/WEf8A5Pm8eBUilFL/WE5FhfNj2TZYjtjh3aeWzxfnHKZp+u97WVbW3Z/z2XZef6c/s/oLFKdaxvHgoFQCFSVkMhkkk0n09fVBVfO/+NtbY+hsj+FH941UfKyJqSRuvWcI5w92ordze09UHnpsAq9963fw1NP16w0OCQnJ8p4bj+C553cAnIPZJsCBSDSGhsZG6LqOiYkJmKaJ1tbWrR7qhjQ1NaGxsRELC/OYn50CJxSRaBw0FDm2BGeBIlfcSILTjQ0ntyolJRdmcsisEZ1dxaa701MTsKQkqGphZXkZRsZEJBoteW0ZjcYQUSOYmZnG3Pw8Dhw4sKWfpaeffhoLCwvo7+/3jTQTiQRM08TMzAxM00Rzc3Ndjq0oCtra2qBpGmZm52BaFhoStQsqgiBAEAQwxmC51/tedS6htGRKYrVQQmFbFjic61FBoGVX92wWzjW8iPmFuZICnCAIaGhsQjKZhKHr/rVsKHA8A2GMgbnVDfmTwNwfoWhSeDoIHOtVblSKkCdyCDDNrRU5AEfdLRY5yIYr9YWYltNKATgngdzo2GrxIni9KgYA7vNWWQWM9xqW8wPAr1hQVBWyJPuPpfDHUcUZbMsR8CzbXvPHtqy8NhO/1WWd7eGKUE66VASiKLltHyJE0a2MIQScA4JA88UOV0ir5fNl+WKSUF57imX6X5pSje0phq6Duc7fVJBBBBErKyvQNA27d+8u+bgOH+jEyqqBR56YrPh4y8savnzLr9HWFsV5h7au73c9PveNR3HD27+H5eXiyLOQkJDg+b3rDuIPrz+Y10vOuQ1mGxBFCc0tzkRsamoK8/PziMfjdStjD4pIJIKuri7ouo7Z6UkYugY1GocgCNv+euxMI88PhejgtHyjya1+rVhKQHdPf9H3/NLiPJL6HASVAASgEofJMliaX4ZABShqpGhfoiShta0NTU1Nee2nm834+DhGR0fR0dGRJ2JQSv0qrbm5OSwvLyORSNSlPU0QBLS1OWatMzOzWE2n8f/Ze9MYSbLEPOx778WVmZV1313V50z17OwcuzND0qRkr7gEbJO2BIg2fQAiZPiPCeiHbMMwINiwZfCH/cuGYUACfAgwDNuktIIIi5Zk2ZREHwKBnV0ut+fYrp6+6j6z8o7jXf7xIiIjK7Oq8qqjZ+obFHq6K4+oyogX733vO3K54dtFEzWHhgaPOGSishACABnaRp4gikJIJdONziST76aBUgrPzaF8cgylFHK5zjDbseI4oihEvV6F53oDERxK6VuC46agl93ls3aoE899stPc7SuBFBLMsqDjHW2tFJSSxouYhCnGCzUhBaSQV27pGCW5kYBRlrGr3ASSwwyoSsqU2e2X5FBaQcRWhsSiYA1p2ZDKJD8jDislhMB2nIEUMElWRU/ncvychJijlKa7JKe/pJTped9pIem0lHT+/bznWal1iMReytMgxNyUbNsGZQwEJL12KKVD33x53/YUI6uVQgzdiBWFzY78jXK5DNd1zw0e+zO/eA+frx/i+euTgd73//y/X2J94wQ//53lG2NZ2Ttq4N/97f8L/83/8Ol1H8otbvGNwfd/aRX/+X/wp+LQcDee57Qms1oJaKUwNl5EPl/AyckJtra2YNt2h4XupoFSirm5Odi2jd2dbdQrJTDbge16I7U43uJsJNbuBLqP3I3rXjDyOjA3s4JcrtD274HvY//wNaxYdJDMlSgjoK5CvV6DXwvgel5Xe0Qu10l+XBVqtRqePHmC4vg47ix3r4LO5UxGQ7lcxuHhITzPu7SWl4mJCeTzeRweHuGkXIHjOPBGQJ4mazQpWusqpSSUkmYeOeSmGM9sdDqO05U4UUpd+zkMGIe55+VQq9cR+E0UxjoVvPl8ASAEJ8eHYMzCyUmpZ4LDKLZvFRw3AkIIRFFkgg3P2Y0+/aWUau02x3KfTgWH+Upk51KesqyoOJAm+UqIkySvA8NVTg6KxFqTSLpGEc5Duyk5rjGTI1koD0pymOdbULEcLflMs8Gb/fhElVKIEuWG64CAwM15sJg1kAJGCBEzyd2yLLqTC4A5386T7mV/xsv8So7lPFBCwbnJKUkCPhNyZhAMbE8JwqHJFZO/kagUCJhjJj0HBweYjXd5zsOvff9t/NGPt/sOHU3ws2fH+B//9hN4noWf++DiZPjLxF//n3+Mf+vf/308+eLgWo/jFrf4JuGT9xfw1377+2CxdYMQAss2k3Upzf0EAKAVlIjgOi6mZ2YhhMDOzg6azSampqZGtit6WRgfH8fMzAwqlQqOD/aglUauULy1rFwyVEclbAma9qbMu87MDQCQgcaYM4vpLpWwOzuboAUOkO4kDLUBgQDVowYA3XXX/Lrw5MkTaK2xurp67nXrOA4KhQKCIMD+/r7J5bkkQjOfz2N6ehr1eh2HR8fQAMYKw//OEquz1gqcC0ip4gBSMbBNXWmVbnKFYQTG2JlBqUl746DjY0ILjuoq8FwXPIpQrpygUBjr+Pld14Pr5XB8dIRqtQLfb15IcEip0o3ZW4LjGpE0NiQd6b0vBNu/gJbX6ywkBEc/ryuFaEvpvQhRZLIghiUMkgVmlumUcvABIAsRh2amigfLGqqedVicTXL09rMSQsCsTLhQbNuglEIpBc55TwtuHdtSkhwMAgLHc429B0j/TFtpeiA5EnlxYjs5i3w7/QXgXILDWEWu5usiSCUzFiEVey1Fek3369VNSMde7SlG7aEgZes5g+Ks/I1qtYrl5eULd3kYJfgXvvcIf/Tjbewe1Ac6Bs4l/vH/9xq/9wfPkPMsvP94fqDXGRT/y//2Of6d/+gf4Ad/90twPnxt3C1ucYve8OG35vDXfvv7yHud4y6lDI7jQSsNpTK2FSUArTA5OQXKLOzv7+Pg4ACFQuFad6V7geu6WF5eNhkDezsI/AZcLw/LsnEDNlm/dtBaQ3KRBpRrUoemlQufA1xv5gYAaKnBeAHLd+52fO9gfxcRqYDa5x9jnizCcT00m00c7O/Dcdxrt3U9ffoUx8fHWF1dNYqMC37FjDGMj49DSomDgwM0m01MTk5eSpudbduYn5831+fhIfwgwFihe55JP2hrPpEys8aRUEqDsv42yKIohNYKYRCCENKRk9Z6XGTeI1b+D2KNI2h9RKNqWbFtG0QDJ8fHcF2vIz/Qtm24noutzQ34zSbKlcqZBIdRUbP0NW4JjmuAiheTIv6AXNeBZTGzqDtDln/2VysI8SKCI3mc+ZOAMQoWKyMoY2Dxos7slpgLr1eCIyE3RtW4kfw8iWVmmJyKBGEYxPkShtywYwvAdWMUJAdNSI74uclXIu+l9OzBTGuNIAyhYUg2aMDNeSmpkSA5v9pIjnM+6yzB4diOOc9Ib19vCrTSIKT1O0nzOOKw3ySEtNdK2SiKoGGISDv+nZ395ubmBsSyRHs4ewqPWvkbhDmgzEK9Xofv+3jw4EFP5InnWvi1X34bP3qyN7CSAwCOSz7+/j9+jt/9ez+DH3LcX528NOvK3lED//3v/gR/6T/5h/id3/scxyX/Ut7nFre4RXckyo2JsfOvccu2YTEbSkpoHe/EawUlI+RzeYxPTKJer2NrawuEkAtVZzcBMzMzyOVy2N/bRbl0CGpZ8LzcjZCSf53QFiqKCJpdHBh93cRGAl4DlhbvdWx41KoVnNR3YeXPP8acWkj/3w8CbG5uQWudZk5cB3Z2dvDq1SvMzc1henra/GN2BX0OCoUCGGM4Pj6+9CrZqakp2LaN/YMDVOt1uK4Lxxl+3ZBYVnScI2cW5yRdd/UyX+SCm4KBwMwDXdft+jzOzeOSTXQuBKQQHREG/WCUV4WxY1s4Pj4Esyy4bjtJo7VGpVJGpVLG0dERnj592kZwaI20LTPbHkn29440bjFSnKVikMpkJqSKDTe5mRPYjt1Wi3OdkEoiDAKEYQR6DiOYIIqiNrImDCMwSkcy4Bi1RQClW7+vQTI5wsCP8yWMBcOxrKGbRkYN87OGUFqnP6vjOBfu4rc/PzAEWhCmNofEvuC6xu6QlVp2e0/X6yQ3suA8Sv1+iSTO7dLc4ft+qgjJ5fI3YqJwmZBSpMRGgoRMAwCiNVg8AHdTDWmt4ft+ahFKLGfnvV8Yhj1fpxehUa+kBIflFkCoqY8DgA8//LCv1+JC4bf+yv+Of/iHz4c6piy+/8/ex6/+mUf4lV+6j7vLw0lTN3aq+IN/+gp//588xz/6f16N5gBvcYtb9I3v/9Iq/qv/+Huwrf4m2lHoIwxPkZGEglku9g6OUCqVMD09jbW1tRuv5gDM/XJ9fR2lUgmT03NYuHPvxltt3hQk6soEmu1D4/xK2Ou2pCSQPjBVWMLkVHvDCecRNje/gjVhfq5ux5soUPLa5GdJKfH8+XM4joOPP/74UpQPvaBer+PTTz/F2NgY7t271/1BBC1PxBlI7Cqcczx48ODcnLBhUavV8Pz5c/i+j8X5OczOTI/stU+voYBk0X/2plWyTgPMPNNmFuwuxEtbI6LbmqePcqN3dNYVjUq1inxhDNMzrdDbMAzw2ZM/wc7OFp6tr+MHP/hBXAhgznElFZhtd5zPtwTHCCGEAI9VDLlMgm0iWz99AgNmsW4kidc/kCZICY54YXzewolzDh7v1J++eEZFcoSxtGpQgqOD3LCtnkmDq0ZKOGTqcQclObLIkhxhXL9EKUUYBJBZcsN1e+ro7oXk+KYRHAlMBZ1I21AStJEdMDcWdqpxJbnRJQGv5+3khWEQ29yioW9SSik06uX073ZuAgDw8uVLzM3N4cGDBwO97n/6X/4T/I3f+cnAx3UW7t2dxHffW8B7a7N4+8E0VpfGMT9TwETRheeY8zeIBCq1EAfHDWzuVvHsZQmfrR/hjz/bx+uN8gXvcItb3OKy8Zu//i7+ym99MvDzlZIIAx9CRG3/TqmDasPHzu4uGGNYW1vDwsLCGa9ys/Dy5Uu8evUKXq6A+eW7KIwVvzH3zsuA1hpCZOTs9ASKnF8Jm7WmXCdkpOHpKSwtr3R8b2vrNYRVBbXJmcertU7JDQDY3NxEpVLBRx99hImJics9+HPw4x//GI1GAw8fPhyq1h5AaldpNBpYWFjAw4ehTvK9AAAgAElEQVQPR3SUnRBC4MWLFzg+PsbUxDjuLI8uK0xKCR5FSGaMyRzQBIZ2zsmDwI/dABEYIXC7rNOU0giC1qZZYnuOwhAaOl0TWRaDM2SRw6gsKwBQq9fAmIWFpTsA2gmOVy9f4W/+zd9Fs9kEpebct2wbJKP8To7jetIVv2ZoU2bEAw3nHLbtQIgWAQBkVQgWmGW/UXL80zhNblhxfabg3Cg5ghBhGPZNcmSZ6GEbVdpsKYTAtm4uuQGYG1RCQoRhBNd1EEVJXsjFx22e7yEMA9iOA600osioOZLPI7FIUUrbyQ2nN3IDQPoZ8OSzDiOEUdRVyfFNg7F1GeJSaWWqaoXoIACFUrBOTUhs205JC9d1wHnUtcvckCitSduwO31S8tbxUzs+RnPtJTVtg+Df+7e/AwsV/He/+6otuX5YvN4o4/VGGb/3956O7DVvcYtbXA0IIfirf/mfwW/82ttDvQ6lDLn8GHgUIgz91LaiVIRi3sKjB/exd3CIL774AtVqFW+/Pdz7XQUePHiAYrGI9fV1bDz/EnNLdzEzv3jbsjIAzH0yGyragD6H3EjmntdNbAAAFEBCFwt3OxfRx0cH4KiCxtO1s443S24kNatvv/32tZIbz549Q6VSwerqau/kRjb44RQYY1haWkKpVML+/j6azSYePXp0Kaoty7KwtraGra0tbG5uIggj3FlaGFo9C8SWFc+LbSetOWAYhrBt1bbu4TxMyQ0AsLvMEYHYwpw2ItI0tN7L5dJ1AWDmo1qFsB1n4HEmEdyM4sopjhXR9H1sbb7CYkxyZEHjFkMppdnY63LMWt/WxA4FrTUiztNax2SRL4WMayNFmx0l8efbjnvjVBtZJI0Q52VwpLVE8cVjMQbH9UxCMJBmM3DO+8rkSBQMjDETipNRMli23RfLmN3hBgDHHmCXO/bCmQBHCsYobNuC49qxjcCOq1lJGvRK0gYThUEu91G0q1gxeWYyV2jqTxPc+PCSvJRUJWI7fVl2pJIp8WIsEoYgyZ7T2QwO27655/tl4nSlrFYy9QvacePK6cfTuApXCtm16hkw9pTk3GaEDF9Nm8nfYMwBYRYajQaazSbu378/cKbO4eEhZick/tz3H+DldgN7h7f5Fre4xTcZH35rBn/9t7+Pf+7nO3elBwVjliH0T1XKUqIwMV4EKMPe3j5KpRKKxeK1hytehHw+j4WFBQRBgMP9XUShj3xhApS9uRti1wGldEqsa4gLczdu0hyF1zUW5+7COZVH0GzWcXiyBbtwPhGTzd1oNBrY2trCwsICHj16dGnHfBH29vbw4sULzM3NYWZm5uInZHHBR5PL5eA4DiqVCg4ODi61SnZ8fByFQgHHpRJKpRPYtg3PG35MSeaLnXWyplWSUAotFaJsJaxtd93g6rSet/I5knWd1plMvXgjbphcjvTnGOrZBrZtgxKC0vERmGXjpHSMWq2KcrmML778wrRrMtZBbhCYZhmC25DRgSCVAo8iRG3ERqvNhMZtFkCrGYVRw57ZtvNGqDbEOQSHEMJcYKnsicJ1W2xpexilBS4ElFambvQChFHUqqwdMbnRq3Ij7RCn1ARkxmSG7ZggHNex4bhOi+CwLFiMgsbkh2UxENPXBU0wECM6LMmRRdpKE5McANpaQhynf3Ij9AOAGOsLoRSe63XcbIUQqfztm0pwnAbnvC0QqhsopW1hvUqaP7O/v4RUlUKYG8GQNySz+2kmgsx2QQhFuVwGpRQrK4MvREzYH3BveQJ/9pdX4To2Pn1yNNSx3uIWt3jzQAjBX/qLH+A/+8s/j8W5wVVh572+ZTtglEEp2VKMaYW8ZyOXK+CkXMHW1hYcx7m0islRgTGG+fl5WJaF3Z1t1ColMNuB2+Vee4tOSNWeuwF6BBBx5uNvSuYGAAhfYzK/gInJqbZ/V0phZ2cD1pjsuoo8nbkBmEXwxsYGXNfFBx98cG25G81mEz/96U9RKBSGmlOch6RKNgxD7O/vA8ClqVVyuRymp6fRaDRMlazWGCsURvLaydpDa50GgjJmmi0TRVISA9BNBZNuDl9gPWfMrFWkaq0xEmXwIKrgUbesJJW3h4cHqNaq8P1mSnCcWRMrRBrqf0tw9AERe6SSnA0gYzmxLDiuC8ZYGjJqWRYoobAdExh4XQNLv9DQZxIcUsqUPXRdJ8516Lzhdm3cuIDkCMMQKrajJEoDYAhyY4DMDUoNSeF5DsYnxpDLubBtC5RRUJq00ACId4qUkoDWILTFvFoWg+s6yOU8eJ4DQmJlndboR6V/WSSH67rp4NBPvgcQKzeC0JAbcbjlWcnNLQUHSxUGus//TuOqn5/9b9jJjxA8ZuJN2023ayGp9hVSpuRQcuTJDUprjSiKGfxY5TGMRUUr2RbWxxyz63F0dISJiYlWwvkAePHiBQp5D55rPv+f+2AZf/5fXEO1HuHpi5OBX/cWt7jFm4N/5Ve/hf/6r/4yPvnWGMYKY6lK8zIWlJSZSlloo3RL4NgUkxNFCKGxs7uLIAgwPT194+dlyRhcLpdxfLBnMt4KxVvLyjlQcfBgAk3K0LRx5uNvSuYGACiuYcvxrtL8/d1tCKsOYpFzCRkbY+n/7+zsoNFo4L333rs0RUMv+OyzzxBFEe7evTt4y2IPH09SJSuEwOHh4aVWyVqWhfn5eUgpsX9wiKbvo5DPjyQcOFl7JfP2RM0BmLk3AdLigCykFGl0QDL3Pm+OTxkDZXELI6NxXa3qeVP6zOPHaEgOSikcx8buzjaafgPVaq07waE1OOcgBGnV7m0GRw9I7BjJcinrpWfMdO5mWyeS7I2LTqybinTno+PCkQjDlqfrLHIjgW070EB7JgdaOQ2c83RnOuloTkiNQTM3oqhdudFr5oYJ32FwXBuMUjDLkBW1Wg3lcgWVchlBGJrzIPIhoiYkNzvxzPZguXkQx4NjOch5LiamJjE5OYl8Ph+TCBaEkPHPqdpuvufh7EyO3up7239GC64b/+kRKCn7Oj+VVq1wojACtIbjeRdUmZpzyfebfR3rTUTCqlPGBlJhZYPOut04zgrstez2hiUTPGWnFqHsdTQIRCYjiMSm3qT2eZj8jVqtZhRumWRvxhhWl3L4L/7DP41/7V9aw9/4W5/jH/3TzYHf4xa3uMXNxT//vUf4rd/8GD/3wTI2Nl5irFBMrbu+78cBeqxNXTgquF4Olm0jDJop0UEJsDQ/Cc91sLe3h2q1irW1NUxNTV3wateLiYkJfPLJJ1hfX8fOzg6CZgOLK/e7Bgt+06E1TpEbTWh6fmX5TSA2EqgmxcJKZ+5GpVxCQ5zAijmKXnI3jo+PUS6X8dZbb11rZfJXX32FcrmM1dXV4exhp+s6ztkwnJ+fh+u6Kcnx6NGjS1Nt3b9/H7lcDi9evMCL15tYXlxAcWw0ag7GGHK5HKIoStW/AOB0ITeU1gij1gY0Y1ZP6ydGGTzPM7kc8dwzDEIEKog35wfP5QBG1LJCYJTx3aA1OI9ACG2bm98SHD2AEAKN0+0nFiizutZpmkX5kJ54wdPFYbcAlTPRTSIw7POBNJgyJTcI7XqBnYYT1xzxKGoFXcLYNjjnkFKCMZo2zADm92dCWvskN8IQImtLcS4mmMzud2wtsS0wRtBsNFGv1RD6NdRrNVRrNdQrFYQRBxccmoeQkQ8hORSMRcV2HBDbhW1Z8BwX5YlxnIwXURgrws0VURyfQC6fA6MEXEgILmKm9GJJRxvJEde/RpEZ6AYhOQAzoJ1XBXsaSiuEQRBnpBhyw7uI3DAH39Ye0jdOn4+nz7eLrhGtzz//e73G4ryShFQweSx2z79/qSS0VinznmX4lTKDcxJSnJJ7lgXrjJowy7LTXvMwCBFxPnDAa5YJpzHBEcT1Y8NMCKpVM6l07dY5wjLX40ffnsdH357HZ+vH+J3fX8ff+T++GmkQ6S1ucYurByEE//qf/Tb+wq+/jw/fNTkAJ6UjOMwCYwyB31KLRVGUEhwittuNshqVMQv5wjiiKEAYtEj2qYk8cp6FvcMT/OQnP8HDhw/Prqu8ISCE4PHjxxgfH8f6+jpePfscc8v3MDU9c6MW6NeNNnsSJDQtdX3cTbKkJOANYH72DuxT9/Ig8HFY2oY9fj4ZkyU3ms0mdnd3MT8/j9XV1Us75ouwv7+Pzc1NzMzMjM4u0qM0YGJiAq7rYn9/H59//vmlVskuLCygUCjg+fPneL25hYX5OcyNqEo2WQMIIRBFESzL6hgntdaIwsT+nGxA904mJQUFXETgEU/nlkHgp5u0Ax8/Lmz8PRfVWs3YD7sdg07uI7Tj2ritie0R2TYPRilc73J61bngEBHvKq+/aiTVoo7tIIzCNpLHddzuJ9sZaKsVDU71j8cnZRLS6jgupBQ9N3oAJi1YCNEiNyzrwlwJSgm8nId83gMhZic7aDawsbGJzVevUD7YgBTmWDUICJKwKgOtGUJagKUjWAgyF7F5rAbgOHlMLtzFw7fexurdVTDLTOCUUvD9EIEfdlS6noVhK2QHhSE3wnSBbhbhHtgF5Ibv+30zthed9Re9Xrfn93MMZ73/aVVTi+wkcQBt5w0ni+T8D4MwPsfN89M8m8xrUmpsbRcRUG096EEI27bNudHnDkmjXkmD+SynAMIsHBwcIAgCfPzxx329VhY/+9nP0Gw0sDhnJjWMWsiPnU2YVOoR/u4fvMA/+MOX+PFn54fB3eIWt7hZ+Oi9efzKn1rBX/yNX8DEeGsM4jzCztZrTE/NpCq1tkapU/MBy7ZgX0IIu1ISQeBDZipltdY4OK6gXKlhZmYGa2trI2lEuGw0m02sr6/j5OQEUzPzWLhz78Zbba4CUrbnbmh6CE1ahNpNsqKchgw1CnQG84vLHd/b3HgJ5RprylnIhopqrfH8+XMQQvDxxx8PveE6KHzfxw9/+EPkcjncv3//Wo4BMBu0+/v7V1Ilq5TC8+fPcXh4CMe2sfbWw5Geb0rproqKMAzbcje8XG7gvEcphdnQBtI5/yg27gexrFRqVViWje3trbQm9gd/+weIoghaKXAegVKW+Z2YoH5CyC3B0SuElIYdixUMjuOOVFIppUAU8bTmLDmpetlZbnvMRTve3Z5/zuMoIfA8zyyugwAKrYVYv7+D0yRHtqIo6Wh23f4nF6fJDdu6uC3FBKM68HIeGKM4Lh1hb3cLR1uvUa9W0WiGaHIFpiJQLRARDxYEiOLwFYNNFGymoTQDVwRKa3hMQhEHChS2DiCJA01t5B2KQiGH8ckpzNy5i8WlO5iamIKUCn7TR8RFGkp7Ea6a5DCkRlxJFWeauLGs+JsGIQRE7E9MkJ2oJ55JFmfvZOH7zfgaCuPAJxb/u9/WZtO/JSs+9zOLhOzrXwStFOr1cvp3O2fIiI2NDRSLRaytrfV8LKfxwx/+EDnPxfSE0dTadg7eGdVtQkoIzqHi8eikyvH/frqLP/rjPfz4swMclm7bV25xi5uEuekcPn5/Eb/43UX86Z9bhsNCrKze69hY2N3ZgsMYbMeB7/vpHCpRambRJsHuQYE5CHgUIor8tnG8Um1i/6gEy7Lw+PFjzM3Njfx9LwPPnz/HxsYG8oUi5pdXkS+MPrz1TYHWGlxKkHhKq1ABWKXjMTeR3NBSg/h53L3X2XByeLCHenQIljv/uLMEx87ODkqlEj788MOhMrSGxU9+8hNUKhU8evTocpqL+pQGlEqltEnpsqpkE9TrdTx58gSEEKwsLWJi4vJCjRNLcWrx73MDuhu6bWwyxuA43VXFvaBfq0qlVkU+X0BhrIjPnvxJG8ERBgE453GWU/ZZBITgNoOjF0ilIDg38vH4xgyYXIlRhGRJKcF5lN5sk0U6AfpqtrhsEELgeh7CMMhkQYQAdM+TkGThxrmRPzFmQUrRlufRLzhvJzesHsgNypgJD3UsSMGxt7OH/f0dHO5to3ywC84VJLEBtBapFBoKFCAOCCQUCLgEbCYA2FDUAiBTlUekGAgFiBKIghCh30C13kQzDBE1GwgW7mBufsFUSxGKSIdtfe1nobtdZbBMjouQJVPCMPpGkxtAq3lGaw0pBQQXbfYb13XMDiXnaV4HY6biK7H2JMGxCRzHQRi1XqPfm5LJ+2ll14RBmI5NvUDI1gIjyd9IZJDD5G80Gg0IIeA5rbCzVmBqO4IgSImNZHxdnHPwb/65d/AXfv19UEKxsVPF5+tHePbqBK+3qtjcreKo5KNcDdEMOITQt/aWW9xiRDBkLUHeczA14WB2KoflhQLuLhfx6N4E3n1rBqtLrfGh3mjAy012zFka9Rqk4HDyeXOfouYeYsK8HVDGwOPmNJMNZZ4XhhGiiEMIASd+3KhgOy4s20EY+ODcKOAmxvPwXBsHxyf47LPPcPfu3Wut0+wVSa6Asax8gfnle5idvxwJ/k2HbMvdCABa6XjMTSQ3AGNNudNFuVGvVVH1j2CPdQ8V7daakiziHz58eK3kxvPnz3FycoKVlZXLq2XuI5MDAKanp+E4Dg4PD/HkyRM8evSo/7raHjE2NoZf+IVfwE9/+lNs7uxCKIWZqdHnoCTzy8QO7roOuOAgjA7V2EkJjbM/WqRzGEYIgsAUagygGOvn6qvUKsjnxzA9M4cwDNq+p+Mw/k5yAwA0tCaA1rcEx1nQcSJrkg2RlaSPYmdBKrNjmfjfTxMb9ogXq6NA4tGKotOBl+ib5FBKx54yBs45nAEGQKMIiQMStTbS/3PIDa3NIqs4XjCNJEKgfHKMz/74R6iUDsAjHwQakniQxIGj6iBEgRDAgg8BD5I6yKGBQBIEmsIica4FsUBUBIIIWlE0FIMLAY9JaBBI4iCKALn5GpXDQxztH+Cjn/9FFCcmkc97cBwLtVrTVBxdcBPuHjw6WCbHeWgjN4BvNLmRhZn8mzFAKhVXd8k21VXr2ojafmenCQzGGFj2xhRFfRF9pwNHXc9FGEZpk9NFyCqHyKn8jWEDRgHTXJDgLPLGsiyTIeI6gEach2ODZG7Od5fHcXd5HL8a/z3xiYZBGCu/LmkC9Q2DUBoEQF1SCAnUudkNSYn+eALpOOazpJTCts6uKf6Vf/m/vfA9f/8HvwkAiCIBi1FYtg0hTCaDxWg8gUOckWSuJQrApho2BYq2BqPAOeptAKNJdO+GZrOJSESYmZlHvjB25uOOjw5Qr1VRHCtemmT89Pz+KpZzUkhIKTA1PdvxvdLxIcaL41BKmTDjWEaczAMYZWBeDpxHsG0HUlrgPGoF3YURgthffd551i8IIfByeVi2jSgMICWH69pYXZ7HYamKjY2NNIC0MKLqx8vC3NxcSnIc7LxG0KxhaeXB0Du4bxKkjHM3CKCJBrrkbtxU9YZoAjMTSx1qAiE4Do+2YRdxLnmfJTd838fOzg5mZ2evNVPm4OAAGxsbmJmZuZpw0z4G97GxsZTkWF9fx8rKyqVllFBK8Z3vfAdffPEFdvf2wTnH4vxo1WFJ1kYURWkGoes6CP0AThw0OgwcxwWhNJ6bOgjDCGEYwrF7z6A7C2d9bJVqBfmCITdOQyoJIc4iN1qvrIHbmtjT0NpUpIZRZHYVM/Jxy7b7kn93g1Rx1SznqWQ9WWTYyevfYC9lsgOtlQIXIq0uBSE9h1aaxpLWBJlZ/bdScMFbdpcwass1OAuWReHlPFgWhe/7eLH+BdY/+2PUTo4RCEBoC1RLUChoJREoAmLumfClZXxo4CBEgUGb+ibqgkDD0hEIUYgkA9cULlWwiQZAEZFc22O4ttGMBCqH29BaIVcownFsABpK9bYTPcoK2W4IwwBKZQJbRzCYfR1B48/BtluTb62UmfTHtV7J5ymFaJP3aa1b4wwM+aa1Tit9ez4GyuLnMChlesy1Uj0pwMKwmR4fsxwQylCtVsE5x4MHD/r6XWSxs7MDITgmivn4GC04ZxA3lNI4cFiltWYXncOUUAhh2mO4EHGzzc2bvL4JSIabpgR8QVHhBL4AAkXMggHxeGNZJl0orjqWUoFSAiEklEZMSBHEt00oDfxP/+uPLnz/f+Nf/RBRZIhq27YBDfCIA8SkwiejoVLGX0+N/hRSE3BFEEjAFySd7LBzToPLOEPsuMa8UinB933kcvmu128+X0Aun0e1WkUYhXCdyyflruKKqNWqmJlb6LDWHR8dADDEeBRFJpPKdWAx1vHYlLiiFFacv2GaVVhaMy+kTGXSowKlDLbjglEzp9FaoZBz4To2SuUKtre34TjOUGTvVcCyLCwsLIAxhr3dHdTKJ7BdbyBV7JsGMy4k6WcAyDE0MZlxyJAaN5HckBHgYQLzC52tKbs725COD2rFeQJdjj9LbgDA5uYmKKV4//33r22+5vs+PvvsM3ieh7t3717LMVyEq6ySBQwJKaXEQVIlWyiMfJ3HGAOB2YyQUoKlazP0VSjQ9bXjOWYyJkspIWPlyDDjcbeWlUqt2kFuSClwcLCPSqWMg/19rK8/S3PjzsPNXUlfA4QQCIKgrarR9eJmjFwubQQZBEoro3wI4hrTIEwzDWzLRi6Xu7YgoH6RKAgopalnlkcRuBisLWMgciPesQ7DKPWFnfselMDLuXAcCzwMsPnyGbZefYXDg134kYBSythL4km10goUgCYMkjim+YJIUCKhYAOEwiYKFIaQkErBRJGaGyph5jEAOh4DxRH5DezsHmDj5Utsv34OIUwLhuf2fo6ln0OmqcR48fgFzzwfYdg6RwHAsa1bcqMHJEqCXC6X1h8attt8ZYkLIQR8349DQZ2WTcvzBmLcTR2YHZ8TDhTQ4W8/Da1V202CMDP+BEEw9IS+Xq+3tbpcdP5kv3/RcQOtvJME2arbW/QOqTS4Bk4igpOAoBoRhIpAnrE0ZhaLSX5zHgeBQBgJcCHgBwEiziEkILRO1R4XHoMGlDQkmNYEYSSgkNgNDUFo2xYcx4JSpgYv+bw1AK4JIkWwV1M4jn8GfsVuJUopJsYnQQmwvfESlcpJ18e5roc7K3dRLI7j5KSE4JT09k1DEASwXQ+5fLvKIQoD1GsVFPJ5o3DLhN+dbojoBsuykcvl02s8eS6XEoHvtzU/jQKW7SA/Ng7PK4BRC8WxPO6vLCKfc/H06VP87Gc/6zkM/Dpx9+5dfPe734VtM2y+eIqD3a2vtXVPQ5+yptSgaast5yaSGik0gMDGwmInuVE6PkSICpjT+/Hv7Oyg2WxibW3tWhWN6+vrEELgzp07V//mfX7c8/PzmJubQ6lUwpMnT9Lmt8vA/fv38fDhQ9QbTbx4tYF6ozHy90g24QlargAe8TabyaBgzKyDjWIkjmqQEmEYDj3GEGTIjXyhq3JDCA7BzWZ2r9f1LcEBI2/zfR8R52lTSBp66XmwHXdgL5OO+3kD308nZUmeAbMseJ4H2xl9YvhVwHNd0HgRB5gLifMhKkF7gDhNblB6YT0mY0a54cVKnEr5BOs//REO97ehNENEjDTQNKFoRIoiUgQelaCUQVIXHlOwqILWRpGhmQtmEbgsgtIKgaLQisJhCh5VEMQ1OR5EwYYPKUX6GIYIlo4giIPt7W189fmfoF6tglCCXN5DLt9D/WqMNpIjJiSSwKFBkJIbSWCrfTlBb19nJItv13WR8zzYlpUqPbTWCEJT65rN9LEdG56XG5ppdzI7o4lK7CzIzDmS2FOklEMTHL7vIwxDuE7rvLmItDE79yanRMU7EBche43IOPxVxd7MW1yMUAIVTlEKCKqcQIBAn3UbSlQZypAilNqwLAcgFFIaokMpYzMJwgBCqDMrx08jCg2hQSiFkApcKEgJSAVobbIaVPzetp3kxJjQbxWfJzwOAK41Qxw0JE4CgkpEYrL66hZ4nuthamoajVoV21sbHd7hBOMTU7hz9wGUBirV8sgX7FcF329idm6+49+Pjg4xNmbGkOz1mCrdkhntOTD2OxduXEeezMsUgDCK0pT/UcJ23JjoyMNxbKwszWFmegK7u7v49NNPUS6XL36Ra8bk5CQ++eQTLC0t4Wh/G5sv1xG94UTaWZAiQ24ghKYZYvGGEzu8rjE/t9xxb/T9Bk6q+2AXiG+yoaInJycolUq4f/8+Zmc7rWJXhZcvX6JUKmF5efl6SJasFKDHJdXExARWVlaglMLnn3+O3d3dyzo6LCws4P3334dt23i1sYXjUncifBgwSuHFLYfJRrrZvPeh9HAkLSUUnpeL57dmPJZKIYg37odB9Rxyw/ebaNRrYKx3cgO4taik4Swio9qghMJxXROCNURIC+c8lvq3AkSllGCUwnEc2H0wUTcViQSfc2NXUalsafQ7/kLwNGsgUW70Mog6jo1cztwttl6/xLMvP0O1cgyuLEhiwwY3E2tFwYiGRTQsClCqQXW7XYUSk6cxOTuD+eU7KE7PAUpChEFsVyGgRIJqCaF022u2LC3mMUwrMAhAK9TrTdiuh4nJKTDGIIToKXQUyNhVlILgJnthELtKN3LjTVEV3VQkn03COhNCDEEXkxuUkriNaDS/50RGyBg15885EsIoCqGUGfcYc0CYhSAIUKvVsLq6OvAE5eTkxNQXjhfSnX7Xy5871hFiQtSU1nEYqbr4dxKP21IIE7AVRemC91ZxdDaE0vAVwbFvlA7RWayGNvNFYzcxwV1amxjlRBDOYmuQ1goitq0wRo1VSin8zt/6kwuP5zf+/Ptx1bIJnDT12iag13aMEo7A5N5opUEoAaPUSHFjVZzgKrbTGFIjFBJcE3BtFtMWiZV1o/olXgDXMaTzyfEhhJTI5ztzHCilGBsrwrJsnJTLUEqdmyE1CC7z563V6yhOTHSoN2q1CkK/iXwub6xnsXqDEDpQBSslLduKCSNl6TV/WVlljFlwHA8EgOfYyHkuKrU6trd3YFkWJiYmLuV9RwVCCGZnZ+E4DnZ3tlEtl8BsB14uf92HNjJIqdoJfHoIEDNnyta638QZtgw0xnPzmJxqDwHVWmNnZwMsbyx6Z1RTbNUAACAASURBVN0zs+RGGIbY2NjA1NQU3nnnnUs97vOQZFpMT09jfr6T9Lxy9PHBW5aFYrGIKIpweHgIzjmmpqYu5bAcx8Hc3ByCIMDB4RG4EBgvnp3dNAiyClcVW6aTdUW/FuhuMEH7Zq4lhYg3QgcfixvNJizbxuzcQsf3/GYD+7vbCIIQfrOBk3IZX375ZU+Eyjd2FqjiDAkCpHLyZEeTUDKUryhpIUimgcmCkaXNCl+voEbHcYAoSi03rX8fHYNranSzyg1yoXIDSDy9DIBGuVLG/t42DvZ2EEQKGgyUKFBEoMZcAgINTRgIYQC4+TdCQSHBLAu5XB6z00tYWF7E9IwJTyqOFVHI7+HopA4VNQDJY3uKIc8kccAgYENBQENqAqkIbMahNYPPgf3dbRSnJlGcnEBxbBy2bUiKfkgOEzQ0WABsB7nRQxvNLfpDclOxbTu1wZlO89GOB7bjIAwCIM4Tsiyr6w1NyozKJ/6+75s61mEDRo29IPHVd3//07Bsuy0kSyp5rqKFxpkPrufi4OAQruMiN1FEFHGT1XCDs4yuC74AfElR5fE43W2TM0NsmC+SeVjnEyhjcBiDjINBkzyNJIj0IhCYCaaMszyS5yUhiYzS9Py0bAdCSkghYFk2Is4RhhxSCOQLufQzjyKBIBKIBAGXDIFFMema/I6rOits28bU1AyazSY2X7/AzGz3ENJ8YQx3C2MoHR+mFYaDjr3ZOf1l7l8LIaC0wsRkZ0vDyfERJienzMZHRiWW5Kt0HGiPsCwbjFnw/SZATBbMZcNxc3AcD47jwnMd7B+d4KuvvkKlUsHa2tqF1tjrxp07dzAxMYH19XXsvP4KQaOOhTt33/iNNalVu2WIlqAJT4NE05wrtF8HN+Gn1kLDVsWui7mDvR0o2wdj3YkZrXVH7sb29jYYY3j8+PElHfHFCMMQ6+vryOVyWF7ubIO5FvQ5AFJKsbS0hFKphP39fTQaDbz11luXUiXLGMPa2hq2trawubmJMIywvLQAb8Sql8S2HMXrMxNCH8K2VUcOUq+QSrbWYkHYU3PleQijAFIpLC6vdHzPbzZwsL+L8fFJHB4c9P3a38gZII+iVFIjhMlfSHYCwiCMA1T6l9tIKRAEzbQ+NQzMYpPF9ZrDBpTeZDiOkzJ4SYvDKHxfAOIa2DB9bRa3uVwEQghs2/i4oyjE9s4GSkf7CAMfTUGglICNAICGzTQ8yzSmCGIjIh6gCSSxIZmLvA0UcjlMzy3g/Q/ex7fe+Rbu332I+3cf4vG7H+Lxe9/B7PQ4PMc0qnCaA2Mstqt4kMQGIQoWzHln7CoEgtgItQ0eNHB0sIut7Q1wwcEslu5+9wrz8zpt/rteMjluyY2rhW3bbbkpo7Z1Mcpie50bv37n52/yN1qLD3oqf2OYCXCtVotDc+Pj6VHNldh4Egh+sc0qqZ61bRt2Jr/mTZX8XyaqnKRfXZEJB1Uq/tJJHvnFYJY555LPJCE6LkJy38ja6izLSgo3Oh/PGBzHhVQazLIQhByUMZB4p980nbUyO2qBwIkvcNg04anyiqXr+Xwe48VxlI4Psb+73U4sZjA9M4fFOyvwwxDVeu1Kj7Ff1Oo1zMx2saYc7sN1jfIhised1K8teOtnH/AjMNd3y9p3JfkShMBxcxifmMK9lTuYn53G4eEhPv30UxwdHV3++w+JsbExfPTRR1hdXUXpaA+vn30Jvzl6/3+/GPSj0xpQWWsKaUCROoAbnrkRQzQp5rtU+VYqJ6jzEpjb+8+wu7uLZrOJx48fD6SOGhWePn2KKIquJ3fjPPRhVUkwPT2NxcVF+L6PJ0+eoFLprBseFVZWVvD48WNEnOPFqw1UaqMf9y3LgucZ8r815zTugn7HT6VVaoVPcuWGIXmlkGg2fCwudZ43frOB/f1dTI5Pgp01GbgAXzuC47zsgcRfzuPWjzS4SvB4p99KFQiiDx+30gphGMS1mrotVNCx7Tg48OtJbGSR2G6AFslxlge5V2SJkjAIQQnpuVKWUgLXcwCiUa+WsffyOSrlOiT1kGMKDlFQiqApLPjKA4cHrQmUlOA8hI6bT3JUYnL2Dh5960N8+8OPMBNLPxN4noe5+QV88NHP4cHj9zAxswA3ztkw9p0AUgqT3wFDfOSZAqG67b2qRwc43HiFKAjSDId+dqGllAjCMM2RAQDXPd/+0EZuaH1LblwRspkTQoiBCNWzYEhbc+NyPTdN1c6iW/6G1hpBEGB8fHzg946iCL7vw8sQHP1IF7OPlVJc6BmllOLkpIyZmem23Q91S3C04TggaHDAl10mCh3EBomJjcGQ+HN7JWhZ3JKRWFNwKkC2G5J68CgUsZ3P5HVQasF13JRUS9QgUipUfI7jhkQ5pBBXTHKYENIJMEqxtfkKlXJnjSXQHkJaOinBD/wrPc5e4Ps+cvkCcqfsDkHgo1mvIR/veFqZCuwkW8dUmwdDjXfZRexVBmgSQuF6OazeuYNH91dBoPHkyRO8ePHiyo5hGLz11lv49re/Dc4DvHr2OUpH/e+IjhImN6n/z6/tXkY4dJdK2PTbGGiNe2ngDWBuermjUSwMAxyVdmAXzj/SrHqjXC7j+PgY9+7dw9zcaKtH+8GrV69wfHyMO3fuXCvJ0hVZCU8fJ8HY2Bhc141bQy7X6DA9PY333nsPhUIBm1s7ODg6Hvl7UEraczniuIQg8Psai6PQOBPCMALReuiclWqtjPnF5Y71cRSFONzfxdTEJGg8jxhkpP/aWFSklOC8JU3OLgyVUoji7wGtxR+AWLITQSkJ+7REWopzdx9NpWyUTrYSdoxoDesbml+Q/MxciFYfcxgMVFfGedRWBZv0PffC0hNK4spJC9VKBYf7B6iflMBDDgqaBoZKWCCQoEQBoBDEBSBhm8g9FMcnMTm7gOmFFSwt38H0zHRHZRdjDLl8Hq7ngVALluOhVNhE5fgAtWoVNiRY7A2l8X6o0gADQCFhEUASB0EQoXZyjP29PSwuM+S8XFyRd3F1bGqLSok7I90/T+LfQW7csHNWCAEhBbTSJkBSa2itYvWB+SIk6bEEiDGtmglNXCUJmO9RYn7zBDSukjOPJ4SkNZiUmIUeoaZykmgCwijsSwhZTXI5RBKSGEVg3nBSSKUVeBSlE8DkczV94e3XTHYXOSE4gsAw+sPaUwDAtVvjL+tjgsAoBWM0HTsE5+da3ShjWFxcgFQKNDO+Jwuqr4tN5Q83Gb63OtiicM8n4BJdm1ESGwpgiA3dIeoeDEZN1tt1czpUtpfnMYtBcRUrNSZRr9dBmAWpEyWQsTNIKZBw0VEk0OQKoQgRCAvzBQL7ilc+ruvCdV3U6nXU6jXMzc7D7XLdj09MYaw4jsO4Gm+sWBw6gHhUCMIAK3c7K6SPM8GigBnjEt+32TE045HrtRYO9gDNdJQSJKfLdTSEEEoxNTWN8YkJbGxu4fXr16hWq1hbW0M+f7MzLubn5zE+Po719XXsbb1E0KxhceUh6IA7pIMiyc+QUkKD9lyZeTp3Q5MSeh2vrpvkkKHGmDOD8YnObIfD/T2wnMJ5R3k6d2NnZwfT09N4+PDhZRxuTzg+PsbLly8xNTV1aZkVI0MfQ0WpVEKz2cTDhw9RKHTmJ40auVwO7733Hl68eIH9/X34QYCVpcWRb4y7rgvBOaLs+iwI4hy48+dpJrOtpfR2elyLnYVKpYypmXl4XSxAB7vbGBsrts3fBnmnN57gMFkavC2rQAgBx3Hi3XOeLiISYoMQCtu2oZRMFR9RxOF5HizGWosOzs8kOCIetak8kg/ddLy/ma0oo0JKcsSTGpMHEcBxeic5oiiAEK2FGouVGz3XA8W7gIQQlI6PsbW5BS4EGCKYRA4Y+wmxkUMDIMI0qtAx2FYEGyEoszB35x7ur72L+bm5cweAJExyYXEBU9NTOJifx8svf4ogaIBJsygHTFNLIBm4prCIhs0UmKbGEoMQQRDixfMXcFwPK6t34bjGc67P6VzknBuvc0xumJ2m85t/bnKgqO/7aAZN5Lw8nLipJ7FdEErTiXM2u0JrHX+pzP/HxJDWZiGH5P/jL5x+TOcXFwKNZhNKivh9bdiWBccZvDI6aVLRmfBh13XABR+YTGkjA+MsHArAyljHsmgnOJLKT6O2GpbgMLJF83NQaqwD/cC2bEhpVFtCiHMXQZRQSOh0LE7zjuLQ0jcZf7g5/ORmu0EgNUGHDiZWbJjznI6M2BgEyT3YcSxQynpa7DBKwFzHkKDx8y1GAa1hNoUNSWkxO15kcziOhSgS0ISCw8JxoFG0NQrXMAsqjo2BC4793W0UiuNd7R6UMiwsLqPZrOP48AC2ZV/JZPs8VOs1TE5NdxCH1coJAN31HpLkjiVzsdZ4JyCEbLO39oJ0LLjma5xRhgf37qE4VsTG1hZ++MMf4vHjx1hc7LQf3CR4nocPPvgAr1+/xosXLxA0m5i/s4qx4uSVvL+KNyzSv18Qhn3W8zQ5gSajb9K5DGipQXkO83c7K2GPDvfBWQ20yyWQnN+nczd2dnZAKcXa2tqlHG8viKIIT58+hed5Nyd34yIQXHibazQaKJVKWFxcxMJCZ07KZeLhw4fI5/N4+fIlXoQbWF5aQGHEpKll2yCUxk1UyfoshNZn53JwwWNFfsvGPgz5UqvXkR8rojjeGda8u7MF13VHsh55YwmOs8iLpBKHUpp6QLPfT2ovTWq/2V1IdvxEnAYrMuzWaRWHENzIaXVrcQKY3Qr7jDC/byJOKzkAB0B4YfCo1hpRaEJnkoUaY6ynQNEsCKHwcsbi0ayVUDneh69sMGgQxeErBkYkbCoAohFJBqEJHDThOA6K44tYffAQC0srmJya6utitiwLszMzoO98G4XxcWy+fImgXgbnHBHxwJiErTkI1ZBwIQmDowNQzcE5w+HRMVYbvrHYuDZ8PwQ6lygA4oyNzDXAYn/6eYvvlNyIf783xZaSEBvF4gTuLjzq61pqqWou7/qLotCEuAYBKrUqKKUYH+ufDCCEwLEshJy3SFeY0LwkJK1XSGkCn9rGI0LinILu14zZOcvkb8QzK9/3USgUhpJkVqtVeBmFHGP9n1eUmh29VMUh+LmBWIyxtFUDWsOKCaivG/pVcWzWKUzHSDuy4aGGDLheIkgp3RZIqjTOzN84DcuyQKgFZp3OsTGkpoS53rIbIFY8lgeSQGuAK2DSufrfgW3ZmJqaRtP3sfn6BaZn51AodI4n+fwY8vfiENKT4ziE+vLGa63bF5KAuSYNkUQ6dqCVUiiXSufu4JrKVweW0oh41KbmiKIQUnBYttPTfZacUudeN2ZnpjFWyOP15ha+/PLLVM1x03Hv3r1UzbHx/CnmllYxt3C5C1VzbnWOYUppaC1A41amzuedsh3SJhSq6LcjJRZ7XjlEA1heXO64tzfqNVSah7D64C339vbQaDTw7rvvXkoAZq94+vQpwjDEo0eP3qwN3XNIDiEEDg4OMDY2hgcPOlVqV4HFxUXk83k8f/4cL19vYnlpEdOTo21tYozBc722UoLEAXF6/SClNM1/MZJN/EHh+z4oY13rYI+PDgCl4OVH0yrzRhIcieQxqXhNFglJsF4YhGnKaxK0xxiDZdttMs9ERss5B2LCJEmE5RllRy5nxRaYMPUMJsQGjV/jm5Cx0S9s2zY2noxSADi/XUWl1X8wdgNC+q7OIwRglpkENRoNNOt18KAOQlrva76rIJUGZRoEGhazMFbIY3p2DvNLd7C8eg9jxWLfiyUa91DPzC3Adlww5uBwbwcnpWPIIIKSLYuK6W4xvyOLaFAlIfwamo2qyTLwPCPJPeO9jBLJ2DeA2Ncq5Zm2gDblxg0iN2r1GmzHxd17/REbVwnHceE4LsbGxjEDoFIuoVQ6RrHY/4KDWRZYZjeTMtpX65Cxo7RC+7JNTbZtn/s7lJnQWUJbuUNBEAy1YyGEQKPRwOR4RqZuDTYuWpYFGQcLmwrq81Vxlm2bxxNirqWvkT0li15IjpOQoNItSDTO1Yh5oJ7DQy8bBMg0rwBRKGHZFqwew2kZBaYmu+fGJBXmSgNhEJjFTSYfJlQEmhvz2tQ1kBwAkM/l4LkuTo6PUKtWMTe/0FU5Oj0zh7GxcRwe7sMPgwvJ1X6WHDyKEEQheBTBcjrD0EUcSndn9V7Hc48O93teaFFK4MXe9tS2AkPOyzCAZdkX3m+zi9qbotLyPA+P334LO3v72N7eTkmOYfKMrgJTU1P45JNP8PTpU+zvbiJo1rG8eh/MuhyCWEmZWuI04QCaINos3rQGhJTGpnhq7FZKtUYrIqBIqW9yA2hdE0OU+fQN6QNTE0sdmTVSCBwcbsMuoq198DSy6o1qtYqjoyOsrq5eubogi9evX+Po6AhLS0vXSrL0jdOVOqeGj4ODA2it8dZbb13lUXVgfHwc7733Hp4/f46d3T0EQYDlxdF+3kkuR0o4w4zDQRCkzaImXzJT8DBkqGjEI0Q86mpxrFbL8JsNTHRRdfQDrZHa0N8ogkMpBc4jyEyAHgAwRmHFO3yJlzf5HiUUtmOfaTWxbSNzTYgRznlLxZHW6gTtvna0LBCXHUDzpiOpkM2SHAQE9hkXSaJAiKIw9oeFCMMQjuP0vGBJOqCFEDg6Pkaz2YwbTExgG6GARyUCwRBoAosADlNwXIaphRU8ensNK3dXQSkdipl2XRezc/OYmp7B6/Ep4Kt1qJ0XqEUitqgAjEaAIqgrCy6lcKmCDR9+vYzSyQkW5udhJxWKXXarknpYE94We+qiEC46sw9ualuKEAIaBHNdksVvMiYmp+Hl8jg82IMVRX3Lx+14Ud5r5k8CLnjKqLeuqUSddvHzs3kHpg4ZcUCyGkn+hue2FkfWAAoOALEFiaZjsJAc9jmTbiXb8zcSm+KbjO+tyr5tKqWQoBaRzpl7akkBBsj1u1Q4rmMqZqVEFAk4jgXBBYRQsG2rZ39+NyjdssAEQYSc5yGKOCzGYNnmWom0ITmUIpjxrueXk4SQhmGIrY1XmJya7lrB6rgu7qzcRbVaxsnxEXK5/MDBfmEYIuQhBBfwcnlMTE6jcA5pEgZ+R16I7zcR+E1MTfbnv09shpzzNiurviBUGEBbK9hNITgSLC8aSfnrzU386Ec/wttvv42Vlc76w5sExhjeffddjI+P49mzZ3jRrGPhzn2Mdzn/hoFUqn3soWUo3QRBBIoZQNP0cdDGhgZC0rytBCZ3YzjlTg9OhZFAcQ0XE5ienu343v7+LkiO90xuRFGE7e1tTE5OXusCvFQq4cWLF5iensbMzMy1HcfQOHUCHMdrhcuqhu0Xtm3jnXfewebmJra2thCEEVaWFkY+r3FsBxRxLkdmzes4ThxG3woVHea9lVKoN2pYvtNJkvt+E6WjQ8xMD3Y+6bjXPt20ISZr741ZnSc3wqxioxt50apHJLAduydPu207aVNHouKwLCv1tMtTCoSbsjB8U5CSHPFEkwsOTcyF1Q0mO8NMwJIQ2CiKeiY5LMtMigUXKB0do9loQikCXzHYRMGmSK0iTEtw6sGCgOu6uH//LqZnpjqCRAcFIQSUUszOzYJHTVQPN+FGERhY+r6URihAQhEbHBS2DhBFAZp+HVrPwbIYKCU4S43bC8lxU8kNAGg0G1096EDLTmES1xVUXOGspDQBZZne+7O+cPrvyPwdFz32fLiuh5XV+zg63EetXkOxD8sKpbQt8ydRi52FDhVZxsLl9JH706bgiHdqfd+Qf6MgOBLFFaNWm5y8X1iWlSrxBBfnEhzJgj5bgyakhNdnE9GbgNOkR6LoOA4ImgLQXU6DpCHlZi0HDQghsGwLlNE4LLmVycGjCIoxMGYNFIQoUyWmgJAKdpLbEY8flmWZFhdNoIVGKSSYdq/vt9QWQlqrYXZuHl63ENLxSYyNjePocB/lShnFsWLPKtJ6owEhOHL5AqZn5jt2ls88ti7HcXx00NeYdxpWrH4N4l3CXiwn6b1Q3xQNUjsmxot49/EaNra28ezZM1QqFaytrd2Y++1ZWFlZwcTEBNbX17H16hlm55cxv7w6ktfWWqckNABoUoWGH99zfSi9C4JpEG3OMaUVFEzOiWx7XgWaDNfMd2XQgPZtzK925m6clI4Q6DKsc1KOs6GigKmE1Vpfq/2Jc4719XW4rnvjs2Z6Qsx0NRoNnJycYGlp6VobabphdXUVuVwOz58/x4vXG1heWsT42GgsHAmSXI6oLZejfRNt2FDRcqWMuYXlDruxEByH+3uYnOwzAyhWoXbjuJN1wRtBcARhmPrvEnLDsu2uC2TLtkEpgWX1HgJodvt5m4rDcZxUxZEwrLcBooMjYf7SHdmYPDqL5GDMguvGJEe8KxtFUU8tKpQSUEoQcYl6vYEwvlApAAWCSBEQpsGIBoWCiKdJlmVhanoK+UJhpIsiSikKYwVMTk6CMYqYbARJpmfJriqJ/40AfhCgXm+YphBKTVWSOFuafh7JIWKC4CaSG0IIEMqQy7erH5RSKJ8co1atgFICQqj5PaR/AoxQc21qlQYmIjPgKfNCqZUtYXhTiSySFZ/5B61awaOAeTy1GCxmqp5d14XjeF3VR7NzC9jf20EQBvD6aAxyHAfS9zM+yKjjBqC0goxteUBGRRbLBfs5V7XWkKp7/kYulxuKoa9Wq/A8N92Qoj1aDM5CQjKnY4bgZ1Yes4SQjj9cEn/eXwclx0X4w02GhiDgiqQ7pN9dNGOF1om/neJmLgdbSM5nKeQposOQe8yy0hryXmHbFrTWcBwgCC1okNjupCG4AI8rmm3LgqAUDW7yP64jkyOL4tgYhOA42NtGvlDE7FynPJlSivmFJfjNBo6ODmAz60IVWaVSxtj4BCanht95rZRLoIQOrWKl1ITDJtf5RSCUAZBmTL+hczHLsvDw/j3k83lsbe+gWq3i8ePHmJ4erSpi1CgWi/j444/x7NkzbG1twW/Wsbhyvyu51Q/aSYoQmpbbH0AkNDkE1BSINoSZ1oDMzHk0aULTylDH0faWI3ul7uANYGF2ueOe5ftNHFd2jTWlR+zv76NWq+Gdd9651qDh9fV1+L6Phw8ffm02DjiPsL+/j/Hxcdy/f/+6D6crZmdnkc/n8dVXX2FjcxuL83OYnRntWMIYg+d5afhoFs6QMQyVWgWTU9PI5zvP3b3dHRTy+Z5bwpIyAaVbrUOtNSGJH6Og9f/P3pv1xpUleH6/c+4WG4P7ql3KlDJryaqerrYHsIEx5gP4K8w3GNgeGOPH/jIGBvCTHwzDT34YGB5M1XR1O7u6SlKmNlKkSIpbrHc5ix/OvZcRZJAMkkGJma0/IIiighGXEfeee87//JefCMER+D6JMc6rLiThOQ0RnvSuVKcWhK4u59jD7RLB0yzDy6sify4X9OdCGIZYjlsjVJY5u8oZi+1RJEecJFTOITncuiavYjWWOHO1mVLa0paSWmiIGCEdmRDQz6tCJWFYOdMmYLQuA7LkQIvHWd8fhO8HBHl4T2okmYWGSJDSoK1Tl0QoIs+VOca9mHarizYGf8ydy7NIDuBWkhtwtnpj8/06ge8zN/v5J4TaaFSmaMUxSn2kWquPXHAsLC6x8e71pQgOoBxnIG9u8v1yfCvrfxlQbcClmwfK30UP5m945QIhSZJrTb6ttbTbbaabxzsLV83fGITv+2UeklPXjT53pZClem9ne5el5cUycPqnTEqPY1M5SW4UsIVqw4pPTm5cxzrg+V6p5tDalLYVrRTG2FyhN/7nGYYBRUZaMfapTDnViHAZL0ma4fse+D5HqfjsBAe4e8bszBy9Xo/1tz8yN7800kJSrdW5d/8R+3u77B3sMdWYGrlxMElyA6DX6106H+ssCCnLViljzbkNYIP/NyqQ8jZhZWmReq3G+sYG//AP/8CjR49u7SJqEF9//XUZQPrq+fes3H3E7IhQwHGgzXC1K+LgzMdaeQAmATuPGJSiCYM95+euipsKHTUxNKsLNKZOZ7Ds7GwR1Bl5TxrVmtJqtdjd3eXOnTusrp5Wg3wqrK+vs7Ozw+rq6q2vQx4bFnZ2dhFC8OTJZOp2LxsUPy5qtRrfffcdP/74Ix92dlyV7NrqRF9LCJeRlA4o7v0xrc9nodvtEkXVkZbL7Q+bBOcE4hdwcxmXNWiMyfexhlXWxdflBiX2p0FwFMxRwfDbMkVkMnALGDfxL9UCWVrKm78QG5NDFIZD9URZlro6vyvWY46C9Dw8T4LV2KSLVSk2r2IdbDBJtYe2goqnyYyka7xznZ2vX/6Zd69eAPDk2S+5/+TZud8/C5E0Iy0qmZH0lU/F0xiVYZIeWIOQwbkTvkGMJDluKblhrQUpT6k3et0OWEvtFvggISdNI48ocruLvV6PjXdvWFxeIRogMzzPZ3pmjk6nQ+MSEkLf90uFTUH8eb5PlmYlcTbU1nRBiOh5GNwRQ+QZBPnNbBL2lCgYzN+4/u0lCII84PDinJLifVxaXnTXQaHIU2piC7Hbhr4WqHPJjU9vS7nsBG/U44sAcM8zqCwbUnNkqUZLFxo+Ls8Rhi68ssjz8KIQZdw4GwQ+WeYqS43WBEHAu47kfuPzN3SAm9hWbYWD/Y+02y0WFpdHTjjn5hdpTDX5uLNNP06YHrie2532heSGtZZut02n3SZN+uX3w6jK8ogGiKXlVTY33l5rPCogxXGQtjXGJceeAVF86CPaXm4jphp1fvHNM968W+f169elZeU2+PzPw/LycklybK2/Iu52WB0RDngezClrygFWnGw8OoabE7hcDmvmgQhhwYo9EOM3SH1OWGXxTGNkptj2h01M0MPzxsvdyLKMra0tms3mZ7WmHBwc8MMPPzAzM/PTzt04gd3dXfr9Pk+fPh1pBbwstNY8f/6cu3fv3ljA8JMnT6hWq7x9+5Y0TVlbWZ74WFIog7XW15o7xXGMAVZGXAsH+x/RKjvX4qiNQWtFHPfzUgtqHQAAIABJREFU8glbZiO6PzBMdAwotO1NdipOCMbY0p9Z7DYWvtrrwiWspyTxcT5BEabi5zfYL+TG5BHlE81iNzpNU7KBXIACWquhBF8J56o3HFxFphBuR0jFXdIsIzUSgbOleNJiCLE4i4MW7muJPZc3Ozg44M2bt7xff02n3Sq/3zo8YHP9NZsnvj/q2JQIQUg8YVBWoG2eCSH9PBPCtarYLEYlPTAmD2S7XGVqFEVIIcr3+LaRG+BqV2sj/N/7+3s0PqMM8yLUajVq1Srbm+9P7VTPzM6Xg/Jl4Pt+KdN21rgYY47HJIm7bqJrZkoM5m/Ioi4zdp7m6xAcrZY776O8oUJKL5eSXx9FGCRQ2nRGwfN8jg5bhGF43EgjBKpo3PqJ4qzWlMwIMi3QI8iNv/vg3Ti5cdF7OriwuepzSykJo6i0pqSps64Yo0mTuMyvGQczJ5pWfOkRhBEIjyA/x6R0FjgLvO/eHnWAEC6E1PcE79dfc3S4P/JxYRixdvc+09PTHBwe0I/7ZYjzKHJDK0Xr6IDN9+u8e/2S9uEhYeAzOzNX/gk8yQ8v/nyKTPDyqr92p32t382Cs2Dm93VzQQpuQfaXm10/ETy8f4+H9+9xcHDAH/7wB7a3tz/3IV2IarXKb37zGx4+fMjB/g6vnn9Przv+5z00BogeVp7/s8XcztgMIz5gaWNoYejdyGc92KoyqWfPOoKlxdNKi1brkE66jxeNR24AbG5uopTi2bPzN81uEkopXrx4QRiGrK3dbI3wp0S73ebo6Ig7d+5MjLR59eoVR0dH/OlPf2Jra2sizzkKa2trfPvtt2hj+fHNOw4OJ2fdKuD7/rXsvUop+knMyuqdU//XabfotI5Gkhs2txbHcUySJCily6w5kY/9Ltswt64PrQddt5L7nr29BIe1ljRNiZMYk9tTivyNSUhysiyj3++d8rUHvk+1VpuoouALTiOKXBVdsQDP0rRU0cBocmPckBvfd4SAMRoVd4jTjMSAbxI8BtUcHpE0qPzrmmfOJTi0DFFeBd+PhmworoI4xA/CkfaUAgZJJqpoEeT5ACnGKIyVpKKK53lUfXcxK5Wgky7WWjxPXlruX5IcUt5KcgPcNX5yse5qbrNbX7scBAGVSoWPu6cnqfMLi3S6nUs9n+d5p3ZlB8mpSrV67ffkrPyNohbsOrsA7XbbWQjz3dXiuScB3w9K8sdcQB6trq3i+0HZwhJFYX49TYYU/1w4SXIoC30lUKMCtji26d0kBiWhxZ9iEexan8Y7AqNN2ZRgtBm5kPF8r6xThuNa2ULdo69YDWOMq6YsflxpQ5qmGGNQRrDVuz0kB0AUVpibnafX6bCx/pY47o983FRzxlXxScnewR4LI2yA3U6bjXev6XW71CsV5uYWaDQap4LZwzBiYWGBjXevT5Ec9cYUnh+UOVdXxeD1eVGTShz3h+4bPwUVR4GF+Tl+8c1TqpWIf/qnf+Lly5ef+5DGwqNHj/juu+/AGt68/Cf2dj9c+DNFCDi4vCsrx7eYlESH2Mdc4ueuikld5aoHi/NrRCeajdI04ePH9wTn7NucDBXd2dmh3W7z9OnTSylCJ40XL17Q6/W4c+fOz2bDN0kSdnZ2mJ6e5v79+xN5zs3NTT5+/MjCghtH37x5w6tXryby3KMwMzPDr3/9a2ZnZ3m/9YH3Wxdfk5fFddbarfYRy8trp86ZJO6zt7vN9PToUFGRz9cG1/1hGOaRSwXR4TaGz3iC8stbaVEZbEzB2jJ4Kgj8S4WHjoLKw/qKm+hgE0Hg+z+bC/ingCiKiAesFGmWlvLTUeTGVT+bU5YQkRGaHpkRpFYQ0sPn4p3Ap0+fsrqyjCfskJ/s4dffsLDsGPvzqtUkhsB0yWwK0pa2lFhTHoPFkS8+11+QFSTHTzV/4LajWq1ycLhPHPeH5I3VWp0grBDH8aUqHMt66gnZUU5ikBgYzN/o9/vXllO2221q1eOAQH8C+RsFBmufwY3h49TpBkFQjiNFFsdPGUUeh7bQy+QpcqNUbORf/MO25DfLk1/8FZYSm7/OICHhSA3nkR2n8rN4Pqudb9ZaN1YLefz8xT1BCEEYBJhTthWfLE0wnp/n14z/u3hSIIIIoxXCd5fEYCaHFB67sWDxM9XHnoVGo4FS6uIQ0qVVZmfnTwUX93tdPu5+YHZ2brxNA8+nWqmyvfWe1TvDzRoLi0tsbrwlCq++C1qeT1xMWAghhqqujTFnjpHWWoy1WGOuHYY6KVQrFZ59/RUb7zfZ2Nig1Wrx9OnTaynoPgXm5+f53e9+x4sXL9h+/5Y4DyAdNRYbY4cJTnmAHWOOdRKDGSvGnq+wvS6u+9w6tdT80fXOO9sfENXjUMSL0G632dnZYW1t7bOqJjY2Ntje3mZlZeWzhptOGru7u/i+z5MnTybyfEdHR7x9+5apqamyDWR/f5/t7W263e6NVc+GYcg333zDxsYG6+vrxEnC2vLSZ7e/HbVbzM4vniL6jDFsb28x1Wyee98ZbNATQhBGUR4OfvH1U9xLhJC3S8GhlKLf77tQubwONqpEZbprEFx9saaNJkli0jTBWkMSJyRxgpSSShgSXbKN4AsmgyjMrRRJUUmUXJvc0MZgjJuEy6CC77t6WIlFWyfrlkIh0XlN2UXmFIfZ2VnuP3jInfuPaDSny+83Z+ZYu/+ItRPfPw2LNm7CNWhLkVh8Moy1pZVGej7Sd+f7yR74y+ALuXGzaDSm+Phx59T3FxaX6PW7l3quIndgUnaUkxi09ok8f6Mgk68zue52u2itiQasJN55la5XQEFOJIkLDdbm4smy57mw1ihy4cbn2Vt+Kvhv7iqSM2wpBbnxKVT71lqssWhtysWMzsOWlTauhnVMVUWaKTLlftbVQmunABlQdtiB5zqe8DgSrbCtaK0ubVsB17rlBwHS87GW0q6ilKafZsSZ5SC5feOo7zsriVaK9Tev6HZG2yNPkhsAu7vbTDenL3V/qFQqaKNO2TCDICQIK2Ndk2dhVFjcmY/Nx8RizpBmWXmeFKHMSRLT7/fplzLnYuyz6Pxxnxt376zx1eNH9Hpd/vCHP/D+/fvPfUgXIggCfvnLX/L1119zdLDH6+f/SLs1rLAoruHy36KDFZe7F8Lp8+BWz2UMiKTC0vJpa8rexx0y0UKew68PqjeUUmxubjI1NfVZczeOjo54+fIlMzMzLCwsfLbjmDR2dnaI45jHjx+XuWrXgVKKV69eEYYhS0vHSrm5uTlWV1fp9/t8//33fPz48dqvdRbu3r3LN998g9bmxiwr46LX7xOFEc3maYXGh80NapXqKZXgSfi+WxslcZJvdFxuUlM2+V3qp24IWmviOCZNUyyUshQpBFFUIYoq50r/z4OxZnTOBo79qlQqpRf9Cz49hCDPiziW5MMxuRFVKpdc5NlcHm2Q0iOs1PH8CCEMPn13rhmJNYLAM6VFRYuLd3eN1qgsRWVpGf543vdPwrWlSDIrc5vMsC0lNV5upYkJfUlQqYGQGG3Q6qcjw/3nhMB3hETraHiSNxg4eqnnC4KJ2FFGYVjBUSwS3DV3HQVHkb9RrRznb0yaLC5UHAX0BWRFmib0et28SsyRG71eb6LH9KmhrSXRgt8s6dH2kxsiN4YVGiYfj/QAoaFdzlGqyDJHTmSZKpuBLkKaqbwa1qCUJsv/KK1LcuMkyWGta1OJoqC07w3ZVtLL21Y8z8cPorxNyycMfYyxdJOMXqroff418UjUqlWXubG/x4fNDdSIPKtB7O/tEvrBWCqok5hqTLG/v3vq+0EQXCkbTZR/jhevF419g4HbvV6fLMvo9npuDpllJbk2OJc0xtDv9+n1+nm+0e24n85MN/nlt98w3ZzixYsX/PnPfx4iB24r7t69y1//9V8TRSHrr16ws7VR/t/QeyvUpawpJzE49nwKeuOqw6dOLIsLK6fue71uh8PONl5VjCRorLWnrClbW1tkWcbTp08/G6ljjOH58+eEYfhZm1smjXa7TavV4t69exOrbP7xxx+J45ilpaVTn1e9XufOnTtEUcTLly9ZX1+fyGuOwuzs7JBlZfMGLCsXQWUZWZayOILo2935kK/pxyOVhuZ7l8y0Kz6Hz6rZM8aQZVk5oBdWFCFcboB/TUlxlmVkaVqOjAXj7+fS71vNCP8zgsiJrCRJSsvQZTI3TsLlOGiQHiKqgx9i4h594+EJS03askVFXcKict0WFffamr5wHc1ZFiOExpenG15kELljF8IlkY8p9/6CT4+pxhQHB/tMNWeGzteZ2Xk67RZa61uQKWKHKmJlvrjp9/v4vn8t+Wm73R6y911l4TQOCptKkqQQhXhGn1kJ7g08ttVqlWFZaZqODM7SWpc2llur5LPQSp2t7q9WNH/84H53a4scjNM/cl2bSmkb0AYEJdlQqORck4VFW4PRFotFIFwjyZgEQ5JkWN/LV7oC35NIITHa2VM8z+nrrAVhRZnzUshQA1/i5b7dUbYVtxs03u/rVFQRxiq0yghDnzRV9BVUlCCQluAWnh5CCKab0yRJwvuNt0xPz44MFbXWcrD/kaURlpZxIIXEGnuq+SYIAtIkvtbxDx7juccw0EBRq1VR+bVba56vQrO53TlJ0lsVThr4Pl8/eczWh23eb30oLSuzs7Of+9DORbPZLC0r79+/J+51WL7zAOkdz9tdtev13uvBc+2mKjiHXo/Lkylaufnq0Pe0Zmd3k6A+fqjo7u4uR0dHZU3v58Lz58/pdrs8fPjwFsxdJoMkSdje3mZ2dpa7d+9O5Dk3NjbY399ncXHxTDtyEc66u7vLxsYGvV6Px48f34hl9qRlpR8nrK4sfbJGwlanxeqd05km7dYhSdxn+lyF+zB83yfLMpI4cZbVS40jn7Em1hpDplQpJS2IDXA3ylGSystgKGdDnKhY/JKzcStR5EXEcezUNVeU55dqJuESdoOwUi64JJxoUbFu4ivkWH7xokUl8AzLa8c+5KJFBRj6/iiE0tAXEoOPj8YTJj82d/kaCx4QRBHVeg0ppdsRuT3zsVuFwb5uRL4P6Ma23H50vENoRZGwTP4dgRVuwiRs+cDya5E/3p1O5095KpELHD1ZDTe/sMTex51LDew3gUFJtsvfcNdWv9+/tve7CBgtcFMEh5QSz/PyujBnufHCMwgO6QHO5og1VKuVkQGWSikXaJUPHFrra6eH3wS0tRwkktQcn4cFyTHJBoBBDJIbxduWKeVIDuu+l2UZRpMTHO79VVpfSknS76coX2KMJQh9tCxClS3Sk1jjIT2JsQph8pYsKQa8tgLpeYSeh1bO7jJYK6u1xg/8sXNhDC4k1wslaeoUTsYY2koQehDI2zsYR1FEFEV0Oh06nTZ37z0c+v8kjqlUTjdXXQae55Fl6XFTERCEIf3u5W0IcCJzjYsJDpELj3u9HrOzMxAnpU1ucXEBIR1BJqTAaE2apkNzTGxhE71dWF1ZptFo8PbdO/7+7/+ex48f8+DBg899WBeiyA958eIFb17+iYXV+zSn5zAcgRgdgjsuxIlz4irkw6VeL//bnvj3RfB8F9o7SCrubG9BlDBuKFC32y3zLia1AL8KNjY2+PDhA8vLy5813HTS2NnZIYqiieVuHB4esr6+TrPZZHr64vnd4uIiURSxs7NDr9fjyZMnN0Zi3b17l0ajwatXr3j15h1rK8vMzY4O9ZwUjlpHzC0sDd0XAJIkZu/jLvNzl8toKrPXcp7gsq1sQoibIThMTmCMIhNO3syKibFTbFwvQFQbTZYnoMMxsSHzcLIvVpTbjYLkgOvV8xbnkJSCShjiex5SWipSI7AY65HKCr6XEtqMRNSA5Pwn5bhFperrkS0q7jUvPse0CNAipEIHIVxzi09MrD0yK/GFpVqLaDbrrjXAii/8xggctY8IgohaozGQP2DP/NrtAhfft47Uyh9T+PzKrwf/xg4wZ46EKj4Ri0VYxy4bo5mamqZSPRk4GhEnMZVo/MDRSWNU/kbhV7+OBLXf75OmKY2BgFHvBsP8giBADwSH+kEwJFkfhO97TpURBoRhSBInZbJ/QWwU11VxHypqerXWBEFwK4IJLRBrQXay9rU4JW+wD7YgLQrFhss/cWqNLNO58kUjBChlSJVCZ66vftzVQavdpRIF+eflcpH8wMOXEul5GN8gPEdseJ6HRiOMKO8RRbOKEMKFjHoemVIYbUhTRRj6qNy6EPgB3kULDmsxVuBJURI1hRhlP3Yqjsotn0o0Gg32D/bRejiQN076ZcbIVeFJD5VlQxNZ3w+unMEhpSwz1+DimlghBO12h+XlpZK8WKosArC/f8DKyjHJLDxBELoSeOFJ4r5bcNtbYlE5ialGnV98+w1v3r0rKyefPXs2kayAm8Tq6irT09MugHTjNWncZm5tclTEUAittUPhozeBYmNjXHhVwcejTbI0JYwiut0usTnEr519nIPWFK01m5ub1Ov1z5q70Wq1ePnyJc1mk8XFxc92HJPGzs4OSZLw7bffTkQ5kaYpP/74I1EUDeVuXIRms0kYhuzs7PCnP/2Jhw8f3pgFqGhZefXqFZsftun3+6ytrtyIAqrb6xFVqkxNnSZ6dra3aE5djcgZIjjGHLPdOOEUrROdvRlrhywnWFsOzMeqCjt0M/M8jyAMz5ykjgNtNGrgdZMkhXxn57ZMUr9gPExCXeMWLz6+HzC/OE97f4v2wXE7SdGiIjEYS2kVuQjXbVEp4NsUazQ9IwkFBJJTFpUorFCt1pFCkmYKld1SA/hnQpIkRGFlpNfvc8KM8E8vLC6x/vb15yU4BuwpIid649hJysfZfTgLp/M35JXzksaBlBJPSpI4IapEaKWQZyj+PM9jb2+f5ZVVVJY5eXqcEPf72BMEu0AgPVnu9CZJSpqm+e5/gPeZVX99JUjM8MTEAr9d1vzd1vnHdhWbitYmt58YFxqqjokhrcntP+6c0saQxI5AMHn+gVYab8yJVNpPSOKMShTkvfbghx5REBAEBq0EwpNEUc7lSJFbWVzNtNHGKT3ye37ZtiL1kG0lyG0r1vfxvItsK7nZJs/jSFOFzds6ekrgC4N/mbqWzwApjxeFBTzPG9s6dBYstszwKb+Xz+smgXHsI8vLbnFY1Al6nofn+SwvD6tThBAEA4HHQojSpnJe+8pJGK0dcZZlN97GJIXg8YMHTNXqvHu/ye9//3uePXt26xectVqN3/72t7x69Yq3b98S9wPm1+pE1cm8X4WiEo6rsG+S6LjsM4dTgk66i+0KvAB87/QzFOf2SWvK1tYWSZLwi1/84rNZQqy1vHjxorRU/FxwdHRU5m4UDSfXxatXr0jTlHv3zldsj0KlUuHu3btsb2/z5s0b+v0+jx8/nshxnUQQBDx79uzYspIkrK0sT9SykmYpSitW1k6rjna2twj94MpjprUmL6GI83+ffW+wWDDHRhZrJ2RR0XmWRsGwnNwNUyord0CKCaSUkiAIr3UxG2tcuKMaIDZyOKvLT7sW8AuuBqXcrmKtFjE/P89u3U16ihYVbQSBp7DWw4hhq8h5mJ2dHemLbc7MjUVsACTGw1iLh8aKCCsUoJFYpHB/DCFRtcF0cwYpJSrTtyYU7bYgyzKmZycTEjVJjFKJeZ7P6to9NtZfU6nWiIKi1/vTLJBcqv0JiwpO4j2J/A3f80r5v+fd/Jjr+35JZmdZdmZ9mOf5x7sj/nGyvx0g2J1aIMD3/LJ+Mk2T43tYkqKTpMxtKl7zU1pYugrik7yZdTvd1jry4h+2J0PAFDJQm7dSaGPJMpXnGllSpcgyhcoMmcpQmUFrTb+fEviSNNNIYGG2SjimJWSqGqKtoddPsAKk8PAyQeZrglDiez5R5KOVJgpD/NDD9yQKZ+eTOakhThAOhW1F5baVrFBz5Ood97mffYwmtzoW7kVjLEJCaiCzAmeCur2Qnl9eHwV8P7x0YNtJZGlKdIKsTZJ46HUug2IOWNTFgwsJPil1HgXfD/A8b+yxVEp5PA6MaVOxxpCkafmzWiuCMLpx0nNxcYF6vcbb9Q3+8R//kfv3709MXn+TePz4Mc1mkxcvXrDx8pCFuw2m5yazoCpJTD6Na/eylhgZjA4THcRJcmNvb4/Dw0O++uqriS3Ar4IXL17Qbrd5+PDhz2ZTOI5jdnd3mZ+fn2juxsHBAcvLy1dWVkkpWV1d/SRVsnBzlhVrLe1OhzsjcjdaRwekacL0FdQbWmvHKeRjdJFvM2rMLlTZg//Ov7oewVFmaeTy5yGfY44iSX1wQhmG4bV82m4nKRuq/fsSIPoFBawFrZyXfm5ujlqtjpQQ2D793AbiCYuRAVoEVOmCOPaZ3xQGW1RCCb4XIK0FMgL6+a6Ej/Lr1KZmmZ2ZGfC033y41k8Jnu8Rx31q9Z+GRzSqVHjy9bf0+1163S6tdgutFWEQEUXhtXOHzoM5QW6IXC0Xx/G11BvgfMNhdLywuan8jUF4nmtpKVQcSqsLa8fccSVDBLvvn1b3eZ5HtVojUylZmhFFIUmSlkGGQjqlgI5jwiC48d02ZSyxkig7fO27fM/j4K1JkBxFS4kxx8qNTCnSRIEFpTW9fkKaZmSpQmuDypztb2GmSugLPCl5fG8O35dUK+Od099+tYAF2q2ETj/l3VYLpUD7hn5sicKQTPkEge92ZYzvLK2+xBjpLBda4+GBPJ2X4/u+y404EUKqlD6X4ChUoMXmjMtp8oi1IFQQSXOrx2RfuqyMavVY1RAEwUiV2bhQSuGHp/Oxkn6f6BobSkKI0jZirWFcPv+yC7HhMFP3eV6ENHPtfrqUSluSOP4km2i1Wo1vnz3l7bt13r17VwaQXoeU/hRYWFgoSY7djV2SnmJxrXGKhLwObtqmchVcdjzodrtsbW2xtLR0JTXApLC5ucnm5iZLS0s/m9wNay3b29tUKpWJKST29/dZX19nenr62tll4Kpkoyhie3ub77//nsePH99YJe9Jy0qv3+fONS0rrfYRCwtLBCc2fJI45nD/I7Mjgq7Pg9ZuA6UgNkrCO0mRnhyhuDsmN9x47n4XIVxZyZVno1makWlV+tKLiaOft58kcTxEeAgEfhhcOBE9D+cRGy5ANCgT1r/gny+EcOqefj8mikKqU7M059doH2wTGYW0kr7x8K0mkAqEa1TpGo+b1EkMtqgIAaHpkRlBZn0qnsaIEMIa87ML1Gs1jDGkaVZOtH9uEEKcUqZ4njfWzlq1UmX/YN8tSGt1VzNYBoOKPGQWQJSy9duAarVOteomp8YY+r0uvW6H7tEh1lrCMHK71BPcQRlSb+T5G1mWkabptW7SSZLQ6/WYmz6eEN1k/sYgfN8nTd3Yr7JsrPuK7/tYY/DHUA4GfognnSR9UM1hjSkl7kmS3Pgip68l3Uyc2kYcFbtxHslxnk2l9LYbR/Jqo8u6VqOMs6OkbkclTjJUosiUIvQl9cjj7kqTmWaVqXrIvZUZvFw10aiPZ8n67bO7hIHH5u4RvX7Go3tz/PmHbawQdPuKXi/BWleVrY0hVAZbsWD98tiDwEcY6+InR5AchV3VSk2aqTKb4yJnhcXDosr3p0AnE4SeoHGLNzo9T6JOVPX6vs91HCrdXo+5+dMT8CRNqJ7RIjAOpBBoYGdnl6WlxWvbaM58nYEJ8jivkWaubnhQlVxY3Qo7dhiGJ553fOvLuHhw/x5TU1O8XV/n97//PU+fPr31NoIwDPnVr37F+vo6P/zwA0lXsXC3TrV+PTL/traqjHMsg+oNYwxbW1vUajWePRvdvPcp0G63ef78Oc1m81J5Ercd29vbZd3uJOZTSZLw6tUrKpXKsV1sAlKier3O3bt32d3d5eXLl/T7/Rsju05aVuI4YW1liVrt8sHT3W6XSrVOY4RCY2d7c2Qex0VI06ys9wbAgh8GCCnPaMwTCFE0yImc2Di+Bi/9qSulyNL02MN8gtgosjTCMCTJw+D8wBEb1xmIMpWRpRnF2VQSG1LeCo/0F9wuWGPJ0owwDJiZW2Dl7n3i9j5KGaTwkVrjCZ1bQgIsFom9cclxKA09QGlnk4EAI33A7YRGUcC9e3eYnp7GGEuaZD9be4rn+yRpeur742Y4zM3O0e12abeOKFcqZaWuyENDrQtpFS6RsSA/yD9ri/P8W2ERVrrvSRADA2Y5vckrWETJEruvPM+j3piiVq+X6ohxIKWk3pii3nAkg1IZ/V7X/U6dNlIKwiDKFW9XVwoMN6gcqzdgMvkbURjkz+3daP7GIHzfJ8trYKMoRKnsQom85/tn1sqOgpQeUeTltpVj+Ty4G3ASJ2RFIGkYTvwepKwl1afJDWOcemPUzOqySg5rbVn7aa1rSTHGlCSAyhRJ4kiGLMvQyqAyxdpSnXotYmW+wYO1WWrV0AWFevn1RDj2WFqtuGnI2tI0/TglDHyW5hq83znk4Chh+2Obg1ZM6mlCpVGBs+yJon5RCITQOO7OQ+LCJUdBeh4iOw6XvYjg8KRAWVFWFA8iUYKKZ/BvYIHlyCb3uRhrsNq4ec4lxgHPOyYBBzE9M0On26VxSRWAC2U2p1RzvV7n2vEbvu/qfKenp8tr+iYWr+IEEXEesixDKV1e91K6jJ7ib3Dz0DhJCHyfIAjK4OZwwiQ1wNzsDI16jTfv3vH8+fNSzXHbWwHv3btXtqxs/njE/EqNmaWrKVBO1gl/qlYVGE10XKZueDBUFFzuRhzH/Pa3v/2slpAXL17g+/6NhV1+DhweHtLpdHjw4MHEmkp+/PFHlFJDIcan6nauSHaEYcidO3c+SZUsnLCsvF1ndXmJ+bnxa6nTLENZw8qIuvHtD5tEYXSlc9rzvDJU1JOSMKoghCAx55VAHM+FTt7PL3UEaeqkuoMhoVJ6BGFwauLoeT6+r89NuR8HSilUluWLluFmlOATSIS/4KcJa/NgPGNZWFxAoNl89We6KWj8ssHEDjSqVIRGqxTLYukYAAAgAElEQVSVnZ4UTgI6z6JJjUdmwRfWnb8iBJPiCcV0VfLkyUMazRm0NmSZutRN9KcE3/PpZKerBZvTMxwc7DM9PXPh5O1TSnUHJ1TdbtcpIKanmZ2dn8hE3PcDppozTDWdNzJJYqfw6PXI0gTP94mCkCiKLvV6wwGjbsjv9XqEYXgl5r5Aq9XC81wII7jP81Mi8P3SAqkydTHBcUXyxdlWqjnJnhJFEUqpoUVOMrDImRSUEXQzwQl3ynE70BkYl+QY9q2CMa4VpSA3tNLEcUavn5DEeR2zhV9+tcjqcpNGNWRprsFUPSqfQwxwgZeFJwWNmnuutcUmU7WQLDO82dzn9cY+h52EdjdBaVUSMlEU4GsPk5+DQU5yIM7eRRdSlHYc60phzz8wcWwFssYgpMTgclGa9jQBNS5sHuJa/F1UFY+sMLUW75L3Ad/3abVbpxQFM7PztFtHl1YaHLWOmB4hOT48OKBWvV71rMlz3AZnp8YaPDHZ+d3JBfJZKDzgxfEEvk8QRmSZy+Kw1pakZ5KkpVXb5OdHmmfSTTqrJwxDnn71FRvvN9na2ipJjs+Z3TAOZmZm+N3vfseLFy/cwr6nWFhr4J9R830ZfIpWleviJLmxv7/PwcEBT548GZnr9qnw4sULWq0W9+/f/9lkFsZxzMePH1lYWJiYyundu3ccHR2dnbsxIaZtcXGRMAzZ3d3l6Ojok1hWXr9+zdb2Dt1ej9XlpQvPAwt0Om3W7p6usD46OkBl6bVbU0qSG4u44I0drIu31mCtKG8jl5qRFgx1OegHwbne8XFCos6Cu8Gcrnx1qdj+zyYE5wtuBta6JoA4doGBlWqN5UdfYd6942Bv/7jBxDOlVWTnsMN//o//97Vr9M5CkipacW6nyttSBhtVFuYXWbz/kCCqlMf+c1VvFBjlB5+emSMIQ3a3PxAGIdVq9dYQmb1el1RlTDdnWB3DX3h0uO+COH2fWq3mamPHzNuIogpRVGEmf51+v0e/16XV6aBVShCEhDnhcRa0GpCoCznR/I1Wq0Vl4LU/9Wfk+y5E8VjFoW70vhD4x2GknuejVHZqkaONIZpAgKyxlljLM9Qbkou2ikaRHKNsKkabcnGdZS6MU2dOpdHvZ/T7MUmS72QHHn/z6zssztaZmaowVa8SBsevMck1hpSCZqOKEFCpBFSjgN3DLjt7HdY/tEu1iTYRNaL89Z0VLRACaySG0Qt4KSSGPGjSGLhgke8JiTY2t+9Y/PzhygjaGcxF5yS750SMy5XQzhaR1+6e94YNqoUgt0ddgeiuVqvsfdxhcWk42HBuYZG93R0qlQrVysXBdnt7H1lcWaVeH7a0JUmMzlKCaxLNxecU5r/3YF33VVBWgZtcAZOTOS5Dh/KaHaUSMcY49XG+keea/tw5Njh2S8/LCU/3vU6ng1aGWr2K0c7aZa0lCIKJqyzu3llzlpV37/jjH//IV1999VkzHMaBlJJvvvlmOID0XoNG82rrhMFWlYIU/BytKueN9aPO4X6/z+bmJouLi9y/fzqc8VNha2uL9+/fs7i4ODGVw+eG1prt7W1qtdrEAnn39vZ4//49MzMz51t6J7QPOT09Ta1WKy0r3W6XBw9OkwmTQBAEPH36lK2tLd68eUOv32d1eZnp5tm/59HRIQuLp4mQOO5zsPeR+bnL5W4MQkrpquDzdYHK1Fgk8WCN9OCYfqnZYOFjzXKpZpaenWB/VWitUepE5SsgrHVWl58Jy/gFNw+3y5K5+sdqlTv3H5J0e/RaR+hUH88vhVswqDRhZ2vd+a6FhyTDGFBW4nk+0ioEmsxIEB6eFJd8jIfwAryBthSBJhAaG1RYWFph9e4DwjAkTdTPWr1RwA8C2u2jU369Wq3BvQeP6XRadFot0iwhCiKC0McTHtKTCOGNtagaHPiwHO/GWuO+MhYr8oHRgqEIOLBl1kGRnt+cmWV1+uIdl8ODPVpHRwRBwPTUFEorep0Ohwd7CCGJKlVq9XoegDseMVCt1qhWa8zNu2Mt8jsOj46wRhNGEWEQDo2Rg/kbUrrvp2lKlmXXmtTEcUwcx8zNHN8I5TXyla4CpdTQjU2p9MaJ7yF/px/ki5zh1pV+v39tiXqhEDhJb9qB8/cinEdyFNaUgtxIU4XSmjhO0UrTj1N6vcQFrCrD7FSFf/VfPWJuukLo+9SqId4N510Vb3WjFvLw7hzTzQpzzSogeLvVwlro91JAcFI/EPggGU1ySCnI+Y3xsh6kxGpna3GEs7terQBlXKtKeGL9Wtiaznz2ARXs6P+WSCmQUg5ljl0WLqtojySZGWo+qdenqNXq7O5sc3R0SLVWIzyDeO31ejRn506RGwBHhwfl4v86OPUZCene6zGGRm10brPKybr867MweM8YRXCkaVp+Pi4Uf/TvJ4Ukiiokcd9VJScJtVrdjb/5UJgkKSZJrm0zHIXp5hS/+sW3vH7zlh9++IGjoyOePn36SRueroK1tTWmp6d58eIF228OSRarzK9eLdiy+PykEKOVTxPGyY36cdY+g7kb1lo2NzepVCo8ffp08gc4JrrdLs+fP2dqaqqsXP45YGdnhyzLePbs2URIxX6/z48//ki1Wh1PSTGhep8gCFhbW+Pjx49sbm7S6XR4/PjxjbWsrK6uMj09zatXr1h/v0m3N8Pq8tKp87vT7VKrN6g3Ts8dd7c/MN283qYZOLVcSXCo8Wq5j1UcspznIy5JcKiBxpRi1yzL0mspNQpoo9FZVvpvysrXnAH/Qmx8wVWgtUErTbVa4e7afVp7++zt7CDsPtoYrPVLi4pPhsB1mmgRUjGK1AgS6xP4FUIShLH0jYf0QgLhERpFaiSJ9S58TGahIRKkNBjrkcoqPgkV39BoTHFnZYW1lTtYa8myuKxs/Dmj2Zhi/+MOWFtaMwpIKWk2Z2g2ZzDG0Om0UFlW2ta00VhtSqJCCBdmXExC3OBcBI7muz3iOHR06I/FEV1S4J34P4RACsnUBYO3tYaD/T06rSPCMGJ2QDbsez5+3aeO2+lMs5T24SF7Ozt4vk+lWqVeb1CtjbcTKoSgVm+UfnitVZnf0e05208QhGAG7Ckn8jeuQ3AU+RuV3BogxFkhUJOFC5pWaKXKxX+xUDTG1eFetslFG43R+kpNNlJIfC9A66Q4wPxYrn7tWiDRgpOXv1NvXO65ziI5vlvSJTGktat6dcoNTb8f048z4iRFK8PKfI1//S+f0KxXCAOfMJCfPLS3XnWhr4HvUas5i9abzSNnGckXOFUhSMWxPLUgOazI37TiPwYmvuORRTkhqkGfoJx6WlAz9hTBUdgYRjXLFSjGl0JZIIVESDFk6S0JyhNVeJfBVGOKvY+7rN0Z3uEXQrK0vEq/3+focJ9OZ881rgy8Xf24TxBEzM2NntxPz8zycXeHdqfNVOPqgcXFe1HkV4S5cmKcj8caS5qe9mgnSXp8wYw6X3Nr0OBCKE2darj43MIL7IBKZTm5keaqy5jm1BRCiiF1V5KmE7ewgTvPnjx+xIftbTY2P5SWlZuStU8K9Xqdv/qrv+LHH3/k3bt3JD3F/J06UeXy709xXXyqEek4v+dia8zJStitrS36/T7ffffdZyWinj9/XlaV/lxwcHBAt9vl0aNHE2k4AXj16hXW2uNQ0YswoUyOAgsLC1QqFXZ2dm68ZaVWq5WhwC4HpM/K8mKZ1ZSmCcZa5hdOB9Fuf9gkiiaTOySlRApRBjqPW2ueR/ABx8TnWEdT5mDk/x4MXbouK32yGaUkNigqX/1LBfd9wRcMolBxxLGbbNy9/xAp4J/+7j/R7iu08AltQqbNcZuJ0WQ2IfIskbSO+DAaZQTaSqpSI4kxWtIzEl9Y6vLix1SkIJMVfBRYRZbFBFHA9NwsT3/5HcuraxhjiPuJyw/5mas3CszNznN0uE+WZczNj76RFGTHbYTWmsODPTrtFpVKldnZuQt/JsztJZCfo1nC/v5H1IdNvDCkXqtTrdWpjCEfB5d51JiappErYdI0KfM7kiRFYAmkJvAMvV6PKIqutRvQarXwfb+0c910Pay11lkSsuw44LrcARcEgY/n+5fKe9JGO6Ks3C1QV6ow93yfkNyTnzesFHYZY0x509daj3W/FECsBNlg+IYd/N/LjQuDJEcxpvz9B8mv5hSZdo0pWhmUcfkbSapJkgyjDA9Wm/zr//oJ9WpEFHqXaimLx2wj1RbOyAQdQiXygCq1Ssi/+ptHqP/3R97vtN2cIU9Pr+DCyaTQpV3FaIP0ZDnpGQoOHIOIKjZ1/CggTfpYE5Z1lwLoJKfDRotFcTFJ832/JEoLEmMskuhEZkSWjbejNYggCOnHMfv7H0cSFdVqlWr1DkpldNqtof+bmV88l/iLogp37t7n6OiAgwNHkFSiq7WpSCnRufLCGkuiEqJzNs+MNRith23MA4SGFAIhpbMDFTv9UuZkiiN4Bj+DLN9gK8mNMLqQtBVS4HkeURSytLTI4eFRWZkopCRNkiELW5HLMWmCcGV5mXq9zrv1Db7//nsePHgwsWrMm8STJ09Ky8r7l4cs3JmiOXf1Np5PhbGa3k7kbhwcHLC/v8+jR4+Yn7+6jP+6ePnyJUdHR9y/f//Wq33GRa/XY29vj6WlpeEQ0GvgzZs3tFotVlZWLv8+TXDq3mg0ylyOm7asgAsFbjabvH79mjfvNlhamGdxYZ5urzs6d+NwH51lEyOV4GRLnhoKhz4LQzaVXIV97kyuCFo62UnrrCrXY2vchDUbqjErblCe73rub3s69Bf8NKC1Ie7HCAG1eoPVO/c53Ntla+sDR0ctJCkSkcfZWCQaX4AWIR4KXxgMzsYisQTS5PWBEonGExZf2osfIyxFfr8UEAUec/MLrN6/x+qdu4RRxUncR2RvjLs4+qliujlDu9Phw9Z7llfWbk2t63lQKuPwYJ9Ou+WsI2MQG6MghCAKK0Shm9i5FouUj7sdtFKEYUSt7giPcdVyYRgRhhHTM+6Y4rg/QHgk1w6la7VaZXsKcOPWEGutu1cMSPuFkI7YyHMxxoXWhQIoXxjFbvfXkRPJlcKxfT9AZcqFYVuLn9+/kiTJZZauVczzfcJgtK2zCC7ED8js8LVe7hpeceZ0SslhDX+/Dd/MapTWpErR7yXE/ZQ0TdGZ5v5qk//2XzwkCn2CQF5IbhicyqSrLNsdy3Z3vGM9Si2ZgqW6wFo3Np6FSuTjee5Y/vW/fML/+R+f8/GgD2T5AtYtOD3vuOnI9yRGG4Qny+8JKKtizQWvWZBKaZKVVbV+vvC1ABLMiLDRwQnXVcPWB+kYrXWZ6XBZNKeatNottuKYpaWVkXXOvh+UeT+XxfT0LI1Gk4+7zvIyNTV9KTIMcoIj0/lnk2Bx48ogyZCl7t6oRxFT+XXneV5JZBhjCKW8cHe/DBXN4UmJ9C7+vDzp40V+SZYurywP/J9HpVIlGwgtT5KUJI4Jo3DijVNTjQa//PYb3rx9y9u3b2m1Wjx79uzGZO2TQpEB8eLFC3Y3PpL0MhbuNMYa00+Gxt544GhBkgpxqZE4jmM2NzeZn5/n4cOHN3V0F+LDhw9sbGywsLDws8ndUEqxs7NDvV6fWO7G7u4uW1tbzM7O0mhczT4FTMyyUrSsfCrLyvT0NL/5zW94/fo129vbHLXbed3u8L2n3+9zeLDH3BXvG2fBzwPkiw2C8brN3Zvt7rtuPPD+p//x3/3tSSLBGON82kqVnbS+7wGCIAyJosq1yIdMZaRJgjHHdhStlGPCKxUC/3IT1i/4gotQpNV7eR7H1OwCab9D53DbkWrCEEhXA+BLiycEmay6iZG1pLKOLwyRzECAFhFahlREmltOfFJZO/cxCPDIkLjKv6nmNA8ff8XDJ19Tq9dRShPHCSob3vosqueKHaifK6IwRGvF/t4uaerS6m+jNS1LU/Y+7rC3t4PveTSnmhM9TiFcLWUlV1l4nkccx7SODjk63CeOY6w1LvNlzPPB9wOq1RrN5jRra2s0Go0rE2b9fp/379/TrFfLBpUwqt7ouVksVqy1+L7n3p9KBSm9se8VWivSNCnD/4r7TvH8zvqikVLmYdrjN68olaG0IokTpySoVFytqtZYRKkSscaUioCT739hAe0khlYm8QYWWK7l5Or3RGsty3XLdldgTW5J0YYPbZgP3eKuH6ekSUYaZ9xbafKrr1eYbkQ0ahGBf/5nqy3s9y1/t214uW/4z5uGP2wa/vh//f7CY3vy3/0Nrw8tsbZUA0Eo8x32Mx7vSUdaeNJjab7Bu60DkkznE0lBGPrHSgnpyJCC1CiUF+5cwpElnnfuosjZZi2tVovAD5BS5PMhB2MFgYToxKlyfL4eL7ovC4stz0vgygQHQBRFWKPZ29t1uVRXUFporem0j4hGKMuklDQaU/hBwMHhPtaYSx+r1hrf90niJFdkCbRWZFlGmmblewrH80at3LlMfn8MBgjEk4qdsyClxOQ2IK010pP5WDDePVcK6UjNEyRWEUiMEBit8X1Xg1hWId7ApsXMzAxB4LOzs8v7PO/hWou0TwDf91leXkZKyYfNXXpHmrAm8IPx35+CdLCMl41xVZTn1jmPOaneePfuHUIIfv3rX3+2goRer8f3339PrVa79YG0l8GHDx9IkoRvv/12IoqUfr/PX/7yF6rV6vXzSXKX9KRQq9UIw5DDw0N2dnaIouhaTXjnQQjB7OxsrvCrMT8/rP6z1vJhc53mVPNG5n5F5pXv+2itODg4oNPpcHh4yJ///OdyTnXWTwsh8f7tv/0f/ra44IqdwyLc8CSxUYkq1/JZK5WRJMlQgKjWGk8IwjAcujF9wRdMGlrnE87AJwwdwTA1PUun00OrDK0tqagiEEihkVajjCUzEAiFj3LBdtp32TBkCGHQRGgREJDh2ezsxxAgrSYII6bnlvjFd3/F2t171Gp1rIVuN0Zlw36zLMvKUF89MClK0xQhP70X/qYR+AHVShWjFa12i8ODvZLs+FQEj80nutYYJ4PO6zOTJGZ/7yMH+7uEQUCz0SQYM1iz2B28yvFLKQmD4LjxwFr63S5Hh3u0jg5J0wSB2yUe93y4zsR6b2+Pw8ND5qYbZX5ApXIzN9lBSClR+SLBGIM3BhFurUVpRZrbRkpiI7+WfN8v7z3g0vh18Rp5NoULfDz7czPWOBWIAK10KUFPkmNliM5rZd3N2oUhauWkl8XiKk3crnXPSFJlUUrnY5HE2OtvBAkhWKoaPnSO1QA6U7w/TGl4KXHfNdIszlV59miB5fkGU/UK0QVVjrGGP+8Z/vcXmv9v2/DHLcvfvbbstuD9f7qY4Og8+R3v25a9GFqJZS+23GsWaouzfxdHQMH0VIU3GwdoY/HyfBAvJy2klOXCVwhxguCwuRrk/M9XaU273XaL5zDEkxKtnZXR8zwsEHoQyeHAShd46SZonu9decdeqQw/b47TyhEAVx33fd+nWq3Sbh3Rah0hpSAck+jodtrs7GyRpglHh/suG23EgiIIQ6ZnZkmSmNbRAb4fjGfNGiAZwVm/ivewJDXixBEaylmQpOfIziBXRl1n8ejnx2hyAtDzvZygvD4R4Un3+RfnjM6tNe4cnDzJUa/VmJlu0ut22dzaIsuyz2qLGBczMzPMzMw4O8d2BykFlfrlSLIicPQmiI5x7jejcjdarRbffvvttZvLroM//elPxHHMgwcPfjYtlPv7+7RaLR4/fjyxut2//OUvKKVYXV2d7LU5oVMxDEMajQZJkrC9vY0x5kZromu12kj7yfaHTTfuTiCDcxREvtGklRuDDw4P6F5AcAxWxgoBvsl3lIpdwpPp3n4QEFyzKeWsylcpXCvLz1l6/wW3C1mm6PdiokpIc2aOMKqgtOHjzhaHB/sctfsuYT+v8rNWIMGRG3hoESDQeEIjMWRaggQpDJLUGVwGHyMshgCL25Wfmlpgdm6RxeU11u7eJwhDskwR91NUHqbjkv1dAFpBbkSViCROSsuYVgqtda6m+nmRHHBssQAnV97f28XkNZwyX6iIfNLoed4xKeG0aflOjh0K53N/GWdEsmAxCCswWErB6UBIVLkbl+8CSs8nCoIryfGU1tgsQ0pZLlauipOhy0macniwz87OFr4fUMvzO6rVmyEd2u02QeCXu9ie/DSTJSklnpRlwLVWCnlGPkARRqqyrLR1DAZXF5/B4MI2DEM8Y1BZWj7W+efjPG9ktHfeWWfc4qv4fAv/aFSJkFISVaJS2jzYuJKkKZ4nsbkE048itJYEESSJIstVHZ4fAFcn90SeRWFMUVuKs1tot1j8844m7WuezEhmpqpMN6o0GxWqlfM/276G/2dd8x++18SppRdDq305KqbTsfR6sL1nWF8WrDYFW23Lf//Uo+qLM/M5Al8SRSFz0zV++80qf/jH92RxRiJkOUZ4xkNqgZEaIbwyVNLleh3nPVzU1iGE80KnqbMhSYbnq/0MpoLhT6jYUS5aPsZpBDn9uu5VpJTl/MkYc+05U3Oqidaa1tER+/sfaUxNU683TkmQlcrodtp0222k79FsTOXHYtn/uEO73WJhcXnk8cwvLNGYavJxd4c4iS8MIRUD88E4jknjZCTD5XkShMT3vInPHYMgKOtfy/rpLMNqTRBFV7IZFXBjjZNRZ0oRBcGNZiBUq1W+efaU9fUN3r9/XwaQ3nZrwuzsLL/73e948eIFH7Y+kHU95u4GeBeoyAZxE60qoxp3TraqnCQ3Dg8P2dvb48GDB+MHVd4AfvjhBw4ODrh37965tfI/JXS7Xfb391lZWZlYE8zr16/pdDqsrq5OXj08wdPxU7esnMSHDx/Y3f3I3TtrN/YaMt+oGFS/joOC3IA8ZDRLU7xqdagCVghJpVK5NrGhsvTY61wQGzji5OfCIn7BTwduBzfDGEu1FlFvTPGr3/4177c2ePfmR+yPz4ljg1IefSOJpCHyDAJQRbsKHYQwGCPoG48IlT/GosTxYxy54aG8OqHImKr5rDx8zMOHX7G8tOKOJU6I+0m+wy8wxpIkMZ7n5TJ5tyDyPFmGnxWZAe53iYmi6GdtXRkkO06i2OEblCSP+vtzwuS75QVJlWYuVNmfUKp+FIZEYQg0wFriNGFvd5s0TankdbTVWv1KkvRRaLVaVAYm5qP8/DeFwPfROXng3sNh8t1YUxIbBU5WjZ+3A+5JiRdVSltYuchRCpWrMwbvW9polFJ50KVboGljnAQ9f40gDLHG5FYIWT53QXT0ev3yfMCAH4R5/7ufH79CJRkiJ0+uek47AtDwi3mDyhR/916XRKlWBqMylFdnfn6alYUpauc0Gligr+D/+EHxv/5BoxRoDVl2tVmcMY7Y3diGo45l41BwGFv+zW8Cqt7ZGRmhL6lXfFYWpnj6aJ6X7w4ItEEZ155ltcHmChmMIfB8t1AZmG1etBDq9XrMzS+QJjFh6N5/rbJ8rep8/1pYeomiIh2havJzIEtTrA3PrGAdB1EUlTv+MF7A4TjwPI+p3LrQ6/fZ7bRdhswApJCEYXhqh1BKwfT0DHEc8/7da2bm5mmOqM8+FUJaqVGpnD0OFeNhcT+TnnQqplxl8ynGc09KvEqFJB0mOk0/zttdrjbeJYmzFna6PYxWWN8fuWieNO7du0u9UWN9Y4v/8l/+C19//TV379690de8LjzP49tvvy2zOfovA+buVGk0z1+cF+/lpK6RsqElJ6dPvV7xOKBmhxfZSZLw/v175ubmPmvg6/b2Nuvr68zPz39WBckkkWUZOzs7NBoNHj16NJHn3N7e5sOHD8zNzVGvj9dmd2lMKJOjQNGysru7e+MtK4NI05ROt8fLH1+zvLjA3OzNKEj8gcpYPWar5OB16v37f/+//K3SLhgtDB1brbTB85yH9SqWFGMNaeoWbUOS4Nw/+nNfkH3B7Ye1Fq1MKWeOwojp6RmWVu4QVadQ2mLTHhYPI5y1RGKwRhMbVyvqexZfADIY+Rg/qFJrNJmanuXxV1/x9Be/YmX1bh7AJon7Cf04dRPxXGmQJEk5QQa3A+xS2h0zW0ieiz9K6zKA9DYs5j81CtvK4AR4qOL1FiDNrRFFdkThw3aWwGwouOzayPM7pEt+AKNJkoRWq83e3i77+4fUarUrk8u9Xo/NzU2mGlXCvEGlEtXGSrmeBERuD1DK2UiEcJNhYw1ZlpY1j3BsgRQ4YiSqVMa+TgolhmuuUKVtpVhoulwH15JQ+PY9z3ObBGmCteTEpCOxBrNCiucWuOs5CAJ6vS5+EJDKCOOF+HlwqtYmt+Y49YXRulzwjYtjZZP7t2tMMcyGiilfsXWYkvYTFqcrfPdkln/xdJFm/bz2Cqfc+A9/Uvxvf9SkGY7gUKdnbh/+8IcLj2/lb/7m+LkNZErQjeHdoaVjLL9c8k7VsBZweTUexlq6cUqnmxBnGk96bg4jwAt8p6wYbC/J39si5+S866FarbhMEOnheS5Q0hidh8q6iZfSGg9LII7tFFJKer0uFkuc9JlqXG3nvFBMGHNszbgJ5UIlcha4wT+VqHKuDa+0vHTatFstoiga+V5WKlUaU9N0e1163Q5heH79anF/83KVxqciN4aO4QzLClzespKmSW5zTOn3ukw1m6UF7iKL1CRQrVaZm50hTmI2tz7Q6/WYnZ299erpZrPJ4uIirVaLve0Wnq5RmRo/fHQS58xYYadAwHDOyfr6OtZafv3rX3+2LLF+v8/3339PtVr9WeVubG9vo5Tim2++mch72+12+ctf/kKtVmNp6XQN6sQw4UwOcMrTer3+ySwr4EJI5+fnieOY3Y8f6fR6BEFAGE6+BltrTZokHB0d0et1x8zgcPD+3b/7n/9Wa42x1oXWCeFSwn0Pay4XaFVUvhaTvsEQN9/3iaLo1g+oX/DPB8Xuv9EaKT0q1SpTzZn/n733apIrS+w7f+eca9JneQ/TQDfQ3dMzPaY5NBIpURJFanKvB6gAACAASURBVJdUSBGK2Ih92ad90BdQ7ON+hf0Euw8belknrSSapYakOBQ1mhmOH8w0uuFRvtJWumvPPpx7b2ZWZRbKAmgQ/wlMA1lpbt665pz/+RtsN4+Ty1EtFymUZ7DzRSypULaNsiy0UEhjWEEKjbBySCeH47jki0VK1QqF6hzLy6usrq+xtLTC+sY1FpaWcWyXKI7xBj6e5xEnuSCj5Ibx7Ecj5IZZ8UonZ2kQW5ycp3/bSY7XHb7nJcSDwnFd4th4/82EOSbW2hAeaZXhJfwOfT8JcRZgOXncXIH+wOPg4IC1tbVzExxxHJs2EBEn+QUK9yXkb4xieA6Ye5TW0URiQwoyQv089x3TwGEmVyYcNMomJGESwJ1OWrTWuI6T2MqiTJ2RWlOOQqMJEiVKWisbRjFuaQY/GhIhSlmJwkCglMzyO1LV0mmbBlILTBTHBEFIEJgJehhGOGGPpZKgMlPkzkaV1YUy1hRfSKRN5sb/+uOAP/xpTJAQG9PUo2clOCCxkmkII8GjmkbZ8N68xJ4yB5RSoKSkPwhoNPv0BiFCCRgJI03DRqWQWdhoGrSqlMRS1gsHnua8FERplstgQBzHFAo5LKXI25K8LTP7lmUpikVT9dzvDS5oDdCZnSgNIT7fu1z6+BoA13GRQlA/OCCKQgqF4yuglxFC+rKhlEIqlZ3/af5PlFQPnz7gOMpyd8IoopiQzOm9O/2sq4RSivm5OeI4YndvP2ueeN1bVhzHYXV1lSiK2NnZwe8InAIv3P8isalcdEx00utTMrOgV8ZOrO3tbVqtFh988MGVTzZPwr179+j1em9U7katVuPw8JDbt29f2r795S9/idaa1dXVl7f4fokXYqUUlUqFOI7Z39+n3W5TLpev9Ppq23amIGk2W9TqdcIoopC//MD5IAxotZp0u11ardbpCY5/9a/+p/85ZUk0pqM7TC7CKpUHnuLCawJEB8dyNlJi4yLS2rd4i9MiDMMznVzxyMQFTNtEuVxiaXmFjRu3mJmbJ18oIC0X6Zaw3Dx5W2IJDRjZeS6Xp1gq4ZbnmVleYWV9nY1rN7h9+11u3rrNwuIihUIhsZ/4DAYmyDdOJh3ppFFDZkNJV6+O2gqkNAMuk+Yvs4neW5Lj9UQURURxjOs6JizUcZMw5USCLWWmDEiVACbY8mKBqt6gm/1d2TmEkDQaDWzbZn19/dzva1kWCwsLFIpl/DBi0O+jkqC/lwUppZkohCHKUtl5NBZabds4zuUoBVPFBRi7URTF2UQHzO84DThMg0Ity6g5rCly9rTSVCd5CoPBACEthFsmHCELNEYpIpJVfKUM0REm6rMXfb8sfyZOJ8gJoRZGeH7AwPPxvABLCq4v5Ll7Y4FSYXLWiAYCDf/7T0P+4rOY3gDiaDq5AecjOMx2g46N7eX+gaZShJszkmk2fNtS2EoyCAL2Drqm2cQyjRoasGxDdIikRg4h0HEaICkRL2hSSSEEhFGMpUw7RpQE2OYLeSylqOYtbMdk5IRhiEj+l8/nLzYGEmSBaxchOJK3uhIopcjn8wz6feppCOkEa85oCGmr1czudZNwVYTMWSCT/T2q5jLnYHhq9YVKrFFSSgaDAeVKOQsYTcmPNID0qu/flUqFYiFHu33I5uYWQohXOgk/Lebm5igUCuzt7dE66FOwZrEKJ09yLho0eprXHs3daLVa7OzscP369Veqmnj48CE7OztsbGy89i06p0W322V/f5/V1dULjWNG8eDBA5rNJsvLyyfa574IeJktKymKxSIrK8Zyv7e3T7PVNveCS9qXUkq8wYB6vWZqaScoOHSyKmIsf5DeNSzbdoiivglTG3hEKsK2bSOdBvzAPzGtPvU7p97NNB9AWcqkZ7+1orzFS4Lv+1kF41kGgDoZ8MdxTOCHWcuK49iUSiVsx2FxYSGRiRvZfxyF6KTmWCiFlBYoK8lVsLCUhZ2s6Pp+QOAPAwNHPXhj5Eay6ms8vnpqZkJqG1PKwnWN1zM9f33Pw3lrAXttkAbHwvgKXdaKEEdEQQAjwc5p+KSAc62uRVE44h2WiOR46ff7lya/zOXzrOTX8X2PZqNOvVGjkC+Qm1AfeRWwbDvLyEghpcQ+YbJ0UaQBiEEYZPc5MLYZ27azAGBDUopjgY1HoZSFyhuP6fzcLMLJsds/8qQkEFRJibYUYRDj+6FpzTnjJDcNvDRNMTEDz8f3zaTZ14L33llirlqYGlrsx/AnD0J+thsz8F5MblwGtIYghH/9w4jFguAbK+pYHWuKmUqBlYUqu4s9NvfaeL7EcSMs2zJ2ABlnhNPR4YzWp59KW4mSxrYtXLeElArHdrAUCKVRyf6bpGI4L7KyUyEyYu11RbFYJB/H1Pf3OHTbLC4tT2yQOWsI6auG4ziIpNUszebxPA/Ljk+VsZLmSCll4dgO2rKTLB7zc7P4McBJlKJXiWp1hnK5zKPHT3j06BGtVos7d+689mqO5eXlLJdjc3OTuf4cM+tqettS8t80Z+cs6sjT5KMcJTeCwGdra4vZ2Vlu37596s+6bOzv7/PkyRPm5ua+EOTVaeD7Pru7u1QqFW7evHkp77mzs8Pe3h7z8/NXl7txEi45kwNMGLbruuzv7/PZZ5/R6/W4fv365X7IEQghuH79OvPz8zx9+pTN7R0arRbLiwsUL4FgGc09GubrpMUC488dPW+tdHUqnRgGQUAul8uC00zAWnCMiY9iE6CVKTaSAZ9ZpXTeTrDe4qUgPZiDIMhWvoMgyFa5jFd+wmqkHlYFpogTuXsUmRC+/sDDSs4Pp+Rk1yKVVGPK0crB2ITNpQ0eURTh9T2iKPFORzFax8fIDf8IueG6OUQipT4NlLLI5UwlZS6fw/f9ZNDkoixl1g9Hvr5Ovrz5rpd8ZX2LMehkIpli0qBVSYVyFSrx14dhkAyc/XOv0qa2QAAh0qBKjziOLz1B33FclpZXiaIwITrquG7uUm5qJ8GyLJPxBInd5+WQ6VJKXMcllGGWMeXYtlndTUKBARz3bJW9Kl+gH4KYdEoKo2YIgyC7mb/o2Bi9yetYj1zrRFZ7DBAGIVIIvvzeEuWCgzrBmvKsFfNZXVPraAY+V05umO8BUQhBAP/mlxHrZcm1ipjaJ5NzFKWiQ8618YLIWADjmDCMkSomijUi2clSKeKkklTrmNO21AipkFob1Yg1lMn7MfixmGqluQhGG3g8z8/aYF43mPGgqeorlcr4gc/zJ4+ZmZs7VQhpqXi1suqL4qItK47jsrJiwijN79MlDGUWOux5Pl4QYOuz2cPPAykVt2/dYmdnh82dPb7//e9z586dS2ukuCrk83k+/vhjHj9+zKNHj+j1cmY1v9ie+Hyt9ZlbVc47Nnq+uQXAnTt3zvX6y8BgMODTTz8ln8+ztnZ1LRcvG/v7+wghLi2wtdPp8OjRI4rF4qVVzJ4LV0ByjLasbG5u0mq1uHXr1pWTOMVikQ8++ID9/X2ePXvGoyfPyOVcZqtVqpXyuce0o69Lw9JT5W76WPI3QCb3+KRFxbaNLcXNuXienyW6p1V3gT9Mq491TOAHRMnKZJZQnyTIvyk+r7d4/eEl2QaObSOVxFUutmMR+GEiBxXYjm0qPkcGg5o0ZDTKlBvZz/QwBV/74EuBpQIs28JKPZ+WCa1LbQZxIv+OEztCHJnJThQaUmPSRCclN4Yrvmawd5bV51Tmnvq9gyDAcWyCwEijbdsyk74jDEesTcOAkca+JTmuCmESrJxWhZ40+FVSIW1JGA7bP85NcIyoRkRyPPV6PYCJfeanxWAwmCrhVMpifmGJuflFms069UYD1zGVtVcluU6l7a9iopcqcHzfRyll7pVaZ+ea7/lEKsKy7VMHdfvj/CdZLqgeklb9fh+ByAJeT0IaLJqFjCbrmXFoCE60RiAouIpCwUlCT/VEBYcXwZO2ZrOtOWhMDhS9KkSRxg8Eh56ppP2DO4qyPaHRQAiW5is82qyblpSEdAojy5BQDPfD0dVZfYbroBTC5DFN2E9pBe9VHPJCiFdDSidNMUNyPKmrTQn99LEJX9qxbaySRaNep9moMzu3gGU7iWVveF5Uq7Pk8wW2t54zU6lMVHy8LpjWshL1+0nez9mu25ZlIxIZdqrEBLNifZU1silWVlYoloo8e77JvXv3aLfbvPfee1f+uRfFzZs3MzXHgwcPWF1dZX5+nr7czZ5z1laV9LpwmntWPh4ngnZ3d+l2OnzwwQdXbgs4CZ9++ilhGHLjxo1Xtg2XjYODA/r9/qWpjOI45sGDB9i2fbWhoi/C6GF5BUTHaMvKT37yE27cuPFSSK/FxUXm5+fZ2dmhVquxvbvH9u4exUKe2ZkZZqpnW2hLQ93Tqlith7YUgyP1zck92AJzEXAcZ0hoJCoO433xcHMuYWhWj9IBeHphNytY1kSv5Vu8xVXB88wgwLFtbMdKcgCMfzWX04RBhBBg28ZepUZS2DVJ9kYyYBxOAMYhkhrAMIzMCWUbXz2p+iM92ZLna4RpKAjDbOX+RHIDppIbk1UneuznSskk6FEAFo7jEEURuZwehudNsJdFUWS+O6B1eEzi9brgRVJsPWGwnV7LXgeMKimmZTGMPX+ENB49Xs/8uaMEx4g9JfVnnhePHz9GxxEbGxuUK5Pr5oQQzM7OMzs7T7vVoNVsIJWilC+cKsvpLHgdVnrT/ZmqFoMgGJ/0JIHAtj0512IUGtNQcvwxnVmdwjDEcVz8IESGIZZtTyR40s8yyo2R99PakLBaE4Uazw9YWCwxVykwN1Ocak953Iy5tx/z2ZYmfInkRorBQNPqQa2vafWhZB83lJjrveSdjXl+cn+PKNKEYYznBeRdN7N5xHGEEOoI73v675S+7ugrtAY/Mtt2WTC5D6k6VmSqmTiOXhqxF0ZRNjYEJrM3yWOpEnF0ko4QiSo4YHvzGcVyheWVNY5uvuO4LC2tsLe7xdzsfPb465DDMQmu4xBMsKzYdnzm8XBaa51eO/qDAZZSRHFsLCtXHEBaLpV5/733ePr8Oc+fP6fdbnPnzp0LEeIvA3Nzc3zyySfcv3+f7e1ter0eq6urBE5t7HlCCC5zoHOU3Gi32+zv77OxscHKysqUV10cQphzYTSQfPR03NnZAWLeffcW5XIpWXwbhlJ/EdHr9Wg2m6yvrzM/P//iF5wCDx8+pNfrsb6+/voUX1zRbbVUKpHP59nb2+PJkye0221u3rx55XkjUkrW1tZYW1uj1+txcHBArVbj+dY2m9vbVMolqtUqlVPmw6T3u1HlvcDkaaWnd5Y5lpwf2ajbskwoViqTC8IQ27aziWQQDFcW04uwUgrHPr0U9y3e4jIw8DxAUyyaCZsJ9LMy5l1rTexodBwjpEyqAAUiGcYKIYhjaUK+ojixj5x8dRFJHWWqljh6zJsTKlFxRNPPhzFyI7OluEm42FCKLLIbl6F105M39ZxJKbImDjMpMc+zLIXWcSLLlMeSxlNli9aY7/6CG7+5QYavZDI5GAwmmeXH/z02S9GvjYIsbbrIQmNPsf9SmyBJ+Nx5YPI3UnJtPH/jogOvdrtNIe9S29+mUTugOjtLdWZu6vMr1Vkq1Vk6nTbNRh20plAonFg7+UVGqigJgoAwaVcxFk+TvWM7ztTvProWkUEYZUEYGBtFmpeRqzjZv30/QCqBpazJE15z/ze2uTBKKqlNsHK/7+FYEtdRFPM2U7gNvAi6geZJU3PKKvorwUFdszWned6JWSpNro6N4hgh4N1rc/zi0cFYECzYpnUn/aLnVHBkr9GaoztNSENSTduXZ4W5n8HRxPiLKO+OLhqehDi5h8KQjD8J6f130nNd19QZNptNnj99xNLK2rGcknyhyMzcAq12i2p5uMo3eZ3u1WOSZSUIAuJTWlZg3E6Wjr+73S5LS4t4Aw/P97Et6+otK0px88YNSsUCz7Z2MsvKZYU5XhUsy+LDDz+kUqlkmQNra2uUy+Vjao4XkWUvJKG1npC7EbC1tUW1Wr0i5YsZ81lJ7bVAJwpic51JL/taayrlAqX3bhviXQiCIEqy6Uz2ko7PQuW+HqjVahQKhUvLkdja2mJ/f5/5+fnXPnPmsqCUYnV1lVarlbWsvPPOOywuLr6Uz09/f9evX6fValGr1Tg4OKDV7mBbFpVykWqlcqLySSbsXjo/OroYY6YyIlHNm/mdBWZQHPjDoFCSNP90wJax0wNjCXiZnue3ePMhZdIGIMQLBzC+H2AnIaBKKUOyOTZxHDHoD7LnFUuVbKI/6HX58//vD2nU9rFthw8//hofffWTIft9ilHT8KQyx/z9ez/l2eOHAFy/9S7vvf8lI6M6agk5uv1BMEZupFJ3IZIaw2RfpGRHCp3kZqTZGenPzapexP7uTjYIXl5ZyybUzfoBf/xv/y8AZucX+PArX2PjxjvZdz9JFae1xvO9TKnySlbMpwyWJ2E0+PFVY3RCchrSJdaGEPEGXpIrcU6CY0L+Rr/fN4OfC+RvHB4eEkURrm3h2BZax/Q6HVrNBqVyhZnZ+akryqVShVKpQr/XpdGo0+12KOSLr43S5jKRKohUFGUkB5jzPfB9wiDAsZ1jeSxagx9y7DHzfha+r3Ec8GzLzKJ1jOOY9/D9ED8KxlRs5vXjZ7ZOBspRrDMiQMcghZxqeTFdUVCwBDstTRi8uuGx1vCsqXnc1NyqapaKx6+zlpQoJXAchWPLJIMoIb2jGD2yCqSEQmD2n+NYZyYmUvJh9HIfRaDti2kOojhKJiIaPUK+e56fEbxnyRO4CExItlFhpONA2zbyGYFMyA9Dpqf7eTAYjJP1iRpNxzFBEJDP5ZFKUdvfpePmWFoZl0xXq7MEvk+n253oGY+SDJk4WZk2ttCQOCX2pcrkzEIKXMfFdSfXNV8GUsuK7/vZGNl1HeL+AMd1XmhZMee4sbYEgdnHS0tm4pHZxkPz/ZwRJdhltG1NwsLCIsVCkafPn3P//v1MzfHarHRPwcbGRmZZefLkCYuLiywvL4+RHCcFh54mVHQStra2iKLo0nM3jILYNDZZY/VRkwetQgiqifR//LsU0RoGA49e38Pzg6S17VI390pweHiI53ncvXv3Ut6v3W7z5MkTSqXSq83deEWoVqvk83kODg74/PPPMzXHyzy3q9Uq1WqVW7duZaqOWr1OrdHCdW0qpRLVSmWiwsTMk6arm0dtnFprLG/QJzpS7ZoGNCopwbKIPA9v4JmU+pcgl3uLvz2QiQrBUsoMhE54bhhF5JTMjj+Vvk4Itp4/5Tt/+WfU9ndZWlnnH//+P6dcNenRvV6XB/fv0ajtI5VieTVZkTglu2EGaUM5YL/X5fv/5dt8fv8eaKgd7HP95i0s2x2RDU72S+dcd8y7K4QgisLMEjad4BhaMoYkh9n+7mGbv/yPf8yTB/epzs7x27/3B7z3/keApt1q8fzpQ3rdDvl8kbWNa2zcuJV87aHy4yi01njewKxsCmECFLlckmM0G0CjzZakjx3Zd+LISthRtcuowmz07y+CUcJcvuojDCe3p0zDmJ3lAnWSo/aUdGlnMDDE30UIjnbbBLjlc+b3r5RFMZEW9vt9nj15SLFUpjozN/UYyReK5AtFBoM+rUadbqNOPl/4wlezTUJKvkZRdMy24vkeKgqwbCfL59Booni6Lc1xbFKXgJ2oJqMwJIrChAAJs4phpUybjJlUDlPGpZRZjoLW2kxOY836chl7Sv+qBtqe5t99FtHuTnzKS4PWMPCgY+bbRBqOZqJKKZirFCkXWthK4oUh4BJEEU6cylqHAyEhRabe0GcMz5j0/DAeaTx5wWuN1Nb8MZN1fSqrjOuejvC9DKQLDykhD+n4cPI5LoSYuioa6uF1WQrBTHWGw84h9do+c/PjK4kLi8tsbT6j0agjhCF0pFBIJVFJW5nlOMkCgW0es61j2R2DQZ9et0O7c0gchjhujkI+fyVkh+MY8iEIw8zafZaWFXPNyBOEAYHnYyeW01HbTz/sZ2TNMKDcvfQxeb5Q4L3bt3m+tc3Ozk5Gcrzuk8JKpZJZVjY3N+n3+6yuruK6Lj2xMxxjJM9Pj4LT5m4cVW/s7e1xeHjI+++/f2lVrAJzXbKkQGPGk8QRQbdN2NojatUBiMIBgd9FDnoQRyAUOl9A2UUs29xTVWUWa2YZq1DGccw9Iec6ph7c94mi1ztsvtFoUC6XmZubrhQ9LaIo4uHDhziO82pzN14xHMdhbW2Ner3O3t5epuZ4FW07CwsLLCwsEARBpurYrzXYrzXIuw6lklF2pGqNF52hR1UcVhTHw6o9rbOg0PRkTwdqZnXo9ZB/v8WbASEEljK5FrZtjVgtjkNrja0tRHqgJ5P7dKLbabe4f++nxHFEq1HnV/7Ob2UEB0C/2wEgjk7uTZ+0jUpJEwKZ2D1azQZPHz3IJuFPH33GYbvF/MIyUhoCJo6nW1/cJO/GrDzFGaGR2k2EEHQO2+zvbuN7Hm4ux8zsPDNz84liw/gqzSA9zrah3+/S73c52N1JCA6D1D/d759uhmLIDY9YD2XJafgwnJ/k8DyPKIyGy6QvmlCM/CyXy00dgBi1hNm28Ojv9zSTFm2qsK3kOndRmNURozwxx8+Lr5vhWF7H+bchHiE4pBoqOIrF4oWu3+12OwkGNBPh0QlOPp8nn8/TH/TZev6EXL7AzOzc1JrjXC5PbnWdIPBN80q9Ri5foPAGykXTe2cYhhPyOQZmgmbboMUU9cCQgHQcG9txsnBLaVsoZRGGAakYxhAdMVHkZyQHJNkbSehtek2KwwglBa47PRxcAPtdzSAEJV9Oc8pJ6PahF2isE04RrTVBFKEsRdw3Fd05104GP9ooNTDkehRHGalgrqVnOfcmEFJApPVYHWUUR0aJgSaOEqn4lEnFaO3xsU9LSCn9iqx4Wa5LFMM5Pv6oIhFM9kOz2cBxXErlcQJ2bf0aYRgkxP/5rom5XJ5cLs/c/CJhGNLrHtJuNbFt50quN2OWlTS/7gwtKwC2ZRYRpUjrp829N1VzDJJGLKUUaG0sLEphX7IiTirF9WsblIoFNrd3+NGPfsStW7e+EOGVd+7cGQsgXV9fp1pdoSd2gPFlndOSXUdzNw4PD9nb22NtbY3V1dULb7OxnJgtk0QQhcSdJmEwIAoGRK0DovouYdvki0Rhn9DvIwIfogB0jHaLKLeAZRupvyrPYc3toaqLKCePtHI4lTksO4/tWcm4LiR6DVv12u02vu/zzjvvXMr7PXjwgH6/z/r6+mvZQDURJ0msL4i5uTkKhQL7+/v84he/YGVlhY2NjVei1LZtm5WVFVZWVuj3+9Trder1ekZ22ErQ7XWHLpMTkC5eaB1jpbJH27Kx7Mkrhy9zxeAt/vYglVdaibTaDMLDE19z9Pi2bdes5kXDNpQxj/EJN6+TLugpo5/mXFi2yhobfvS97+D7QztMr9vhR9/7Dr/z+/8cS6tkoGwyOVKS4+hnOY5jMkCslDw05Mazxw/42Y/+hgef3qPRqBlix7IpV6rc+fArfO2bv87ispH0ppV8J0KcXSzt+75pd0lWjpRSY9k8cAElh2BsNfByYPbtaa0sR+F5frb6LUizVuypgYsvQhRFGalymolISoh4Ay855s43mDeTp/QEEQhpzqnUk3wRtNttioUhYTGJtMnn8uRzeTzPY297E8t2mJmbJ5+f7Ku0bYfFpRWi+UVazTqNZgPHdl5NH/0VY7R1ZdS6AobckspCc/z4PXrdOJY+LoZ2BT/xuKSViH4QIBBZBtHoW0VBRL8/YGmuSBiG5JzjuUJAUottMji6vVc7AE4375f7xqbylaXJ56eT2KjSlqg41kSxJghjlBUj4zjL4ZBSDvMszjjAH22mgTQMNiIMY2OXiPXUAdnootLRHCGZ1JCLZPukGlptXjaOqggv1A4x+l4jD1erM9QOdrEd5xgpOk0pch5YlpXlAu3tbtM6bFEtTw5Lvgimtayc1rICjBEhtu0glTKLHa5Dp31ITIzjlrASC3kQhmi4Etvf3NwcpWKBp883efjwIa1Wi7t3777284KVlRWq1Sr379/n2bNnWQApkBEdJ+EooTGKMAzZ2tqiUqlcin1CSoElwdz6JUEQ0m83iR7+EK+xjd9vIg9biDgYOXk0QlnExSoi8JD9DqJ/iO4fEiTXpeDgMfqJRVyqYhdmcKsrFN7/VezKHK5jQ7lAr+fR6fUZDKaTq68CzWbz0tQbm5ub1Go1FhYWvli5G0elRpd8C87lcly7do39/X12dnY4ODhgY2PjUgi78yKfz7O+vs76+npGduzt7Rl7lefT6/UIw3Bq41uq4kgyCY0y4wvDaL3FmwMxbjV48Ok9fvKD77G3s/nCl+byRdY2rvPbv/v7ONmNdkRqPOnDjiCVCEM69hpaHqQUxj6TnB+GiJB8+vOf8OPvf+fYe/3gv/5n3nnvLrfvfADYGXkTZl7h0bYWjRAS27ZMQGqSJ/LzH/+Ab/3hv6XZOBh77yDwqdf2+c63v8Vnv/gZ/+j3/xl3P/x4TMFxEs5yTUxXh8YDUC08b3B5JAckka/p73449h2mIqeBYOMp4dPeLduWF6o19NjzojAYI1y8gWdCIaMICUbZcUbLSBiG2fvLUwxmR1UXF1GQRNGIBFyaz01Doi8in22328RxTN4d/r7VCRMP1zWe9yAIqO3tgFLMzsxRLE1O5FdKMTe/aCpmGzWazSbKsigVC8esSV90OI6DFcemRnokiNQPQ3p9Dco6k2VKCjNxM+0qw0wOx7HQ2hzPURSiY2ODiZOQ4jAMIZlbm+uUZtKh1/Y0zYHGlulk99VmcEgJORsOfT3RoqI1eEHITCWP61h4IUg1zBtKsyLSELJRO8lpgzvjLK09MvtVD+8jSE2kNDp522mKDLMtApGQ5un463Ubh6XtE+lxet6cguy9Uozco4UQlMsVdne2uHb9nZdC5Cwtr9JuNajVGJoEwQAAIABJREFU9qlWZq5EEeM6JmDYT5RbF2lZkcnxCtDzBpSLpWxhCIYWljiOcVx3TEF0GXDcHLdu3mB7d4edvTrf+973uHv37ksLKTwv8vk8H3/8MY8ePeLx48cZ2V/IGzVHQa+c65K2vb1NEAR8/PHHF9vAJE9NiaQlKfTp17cY1LcID7bgYJN40EFGASIOjQJPSrRbIOzHxO0QW3cRIhx/vBPg5EOk0og4RHQP0d4Ar9cmjAaouVXcuRXyc2s4jk2JfKIGCl8LJcdlqjdarRZPnz6lUqm8EhvGpeCKq6QWFxepVCrU63UeP35MrVbj+vXrF7I1XwZSsmNhYR7f67L53ENISRhGeL6PTOZZZvF5uIPSeZz1Jga9vcUXDMlxuf38GZ/e+wmBf7qwyGb9gG/+nb83QnCchMkX7TCKk3BQa5i1ISUqWTlTSpnKTim4/4uf8p/+9A8z9UYanhZHEYNBjz//43+PjmPe++Aj0mpaFSviKAlCi+PEE2+kxpZlAlIt2+LzX/6cb/3hv6HZGNablcpVHMfl8LCV7ZPawS5/8m//T1w3x83bdwB5cp3qGe5V3hFyIw0+A1NjeykkRzLwci7RN6wuYC2xLTsLrYvCaEwF4nk+cRgShGGmNFJq8kp3ipTcSO0cLwxi1mT7kiT76LwYtbmIEXsKXE7+Rs5N8zdO15xl2zbV6gxRFNJs1GjUD6jOzFKuTB9kzMzOMzM7z2G7SavZQAhBsVB8o3KfpJS4ib8+TCY/xtaQYxAEyCjCtpxT50FYSmKpYVtLSnSAsZz6vk+kTX21jk3eixaQK7iEkSbvOsk15Pg+rrgCWwlag5MVby8Lga/xQkHBNiueR5ESNiCIIj02JhRCjORvxOhYZpZHYKraIiWEUlVGelEVwqhb0l+T74dIFTOQ8ZB40Tq5v6is+vmkkLSrxuinnva3mZLN5jXjpNDZPjtlsY/nU9mWTd7N0WzWmZ09bRWkNvL6MCSMAvPfMCRMWowKhQLFYnnq+KBSncVxc+zvbuM67pWs7FqWhZAyCyB1c+6ZW1aAsZpegcbzB1RmqqaVSZjw4tTC4g0GuK576WSZVBaryyu4ts1ercHPfvYzrl+/zu3bty/1c64C77zzzphlZXV1lfn5lXNZAA4ODmi1Wheu0TVNd6CkRkgIDhv4zW0Gu4/x61tErQPkoIuITZhsrGx0qNE+CEcON1xr4ligQzV8XAi05RDpGO3HyBzEwQD8HqHfRx7WiA5r6EEXZ2YVtzQL5IH+a0FyHB4eUiqVLqzeCIKABw8evBm5G1f8K3Fdl9XVVTqdDrVajZ///OcsLy9z7dq1V1MwcASWZSy65VKZfD6H1rFRTCZ/ZDLnkiNkx9tQjbe4Epx3pWdpZY1OqzX5PTHBbJ1D8/Oz5mkchbGfpJ5mO8u/SFfU0n/3uh3+67f/gu/99V8wGJgJY6FY4u6XjIri5z/+G7xBn63nj/m///X/xq/+3d/mm3/375MvFFAjwaBZf3MiS07lx7434Nt/9icZuVEoFvn6N/8uX/76r1AqlanXD7j34x/y/f/ybYLAo9mo8Zf/8Y9Zv34T23amhGqe7Wro+8amkU7w7STAbRSXRnKcY/uuEkoqE/Zok1hVQsJwJNzN802bQByDPz2vI0zIkOx9T2NPicPsM6S42Apu+l5AVu3Y7/dNNesFblCtVoucO0zvPysJo5RFpWxajTrtNo16jUp1hpkTJjLlygzlygzd7iGNRh2iiGKhhDWl7eOLiNEgUs/z8f0AP5I4joXnD5I2COv0RIdlIZVFGASZzSHwA2yAICAIQ/zAZ+AHSaClyf0R0pyNk+JqwthkXrgWWLbA98523n71X/7LMz3/RRBCUM1BEGnanmbGPb5vLCUYeAGuI2l1PPLazUrCh/kXo1lO46qXo/tACJOjkaoOhlYgiEcuAUYEKFGWxFVGJfK6KTLOAykE0Ugy/XlXEo9WoR5FLpdj/2CPQqF4zKqitaZW28cbDIijMMlSibGkCSeXUiVZWRLHtsnlXLyBx+5hGw3k8wVmZuaO5VTkcnmu3bjF7s4W7U6bSunyVyyVlOQvaFlxXZcoUgR+wOLiEu3DdlY57dgOUkh838v27cDzrqRaViqLmZlZXNdmv97m6dOnWQDp624tnJ+f5xvf+Ab3799ne3ubfr/P2trqmfJdOp0OOzs7rK6uXqg+V+uEmLbMdSQMQ7pb9+n88q+NFSUKUCNjJC0VulAmaIVE7QE5OjhWjC4b+8lJj4e9ELeaR+lBZmOh38Hff85g8z7FO79K5e6vkc+7WLZFt+tx2Hl1idJBENDv9y8l6+Xhw4d4nsfGxsYlbNlrgJcgoiyVSpRKJWq1Gru7u9RqtVduWzkKISW242ADOo4z1XUQRZCQHVLKtwTH30ZcRGZ6Gvi+nygBXlDNlsz1U1XDr/+9f8hXvvFNwnByC0b9YJ/vfPvPM4LDcd1TqjemwQRASikym1ZqmdFxzN7OFg8+/QX3fvIDtp4/yV5VKlf5rX/0T/jy1z5BCMHC0gp//Rd/SuewxWDQ4z/9x//Aw89/yQcffZXbdz9gcXkFpdLgmzTMzny+lJLHDz7j+dNH2WO/+Q/+Cb/6m7+dpX2vF0usb9zAzeX5iz/996A128+f8PTh57z7/pfGVnfOA+8ouWHb2eDpKC5McrwGq8AnYVg9bBpJojCEUQvLaF6H1lhJo0UQhqZOVwwbB6wzhotepM0ljqKszhdhFElgGlSWl6d7iV8ErTXtdptqeTh4PcmechKEkJlVptvt8qTVoFyuUp2Zm6rQKBbLFItl+v0ezXqNoNumWCi9URWzSinsXB4VRhDF2QTats3EWioL+5SkkhQmjDSDZSMwg0alFJZtE8cddBzj+wFhzqZ52OfW+vxEHkUJKDuCQcArrYhNobUmiAUzOUFlArkBZgwYhhEjp8NIgF8qXx2qKKQwthOYrgSWQhLrCN8PjQpEGmLUsobV3gCu1LhWnAXBvhGQ0vTfwoWv30dr/I6ODxYXlth69oTltXUKhdLY6wqFIr1Om9mZ063qpuHHAL7vsbX5lPmFpWNhpmCq1ZvNOvVGnWq5ijopxfaccB2zGBGE4Zhl5fQtKxYqbxGFISvL45MNoxQRWU7HsFpW417ytdKyHZwoz+Ic5ByL3YMG3/ve97hz586Fs56uGo7j8NFHH/Hs2TM+//zzzLJSKifH2gmHdxAEbG5uUi6XL1YJqzUCjZKS2O/jt2v0th/gbX2O7LYRcYi2XSLlEDU8pAyxcxGi18EWMVYFKBXRUYAIvRc/XtAILyTywe/bx6wr3tN7tAKfwtpt7NI8hbxLGAZ4CRH+spGqTi+q3nj+/Dn1ep3FxcU3p6ntijM5RjE/P58RHa+TbeUoppEdYRS9JTj+NiFOeuhN7/rVTBB8388mbZ7nnUxyJA/H2jSOSGVRmTleQ5auqs0vLPPTH34/e7xYruC6ucSbffaVMq11ouKwUErSOWxT299j8+ljnj56wM7WMw4PW8OJI7CwuMJv/94f8MGXv5YRFb/+W/+AUrnMn/3R/5upMJ49fsDzp4/5zrf/jNWNG9x45zbrN24yN79IsVTOBnlCCB7c/0X2GWvXbvC1b/6Gka+HJjg1rWb+ld/4Te795G/Y29nC8wY8/OxTrt28dczS0+t2iKIQpSy6nfaEQenw35lyI5mUm0abk4+Ny1VyvL5QSR6CrTVhFBIFR/I60maZdGUyIYiEEBnxcRLMcT8MnLy0/A0xJDfiOL4ce0piexBCXkqtbrFYpEiRfr/P8ycPKZTKzMzOTT328vkC+fUCnjeg2ahz2KhRzBffmIGLEBrXtgjRRLEJqgyCEGXZpg42jLBs62wNO2k9bJIjFEWG1EiVbznXRSlJGMT4QUR+yu/15ozg/UXBox1B7L9akqNYEBRtQRRPJiK01gz8CMtSHPYCHNdGqOG9IT0lxxpThMzSq7WOzb+PwLRXmb8rK8ktEwIp9RgxJLL/e3MgEaRayYtK10cJjlhr1IRr5OzsHPt7u1y7nh9bXS8UipTKVVqtJqVyOatYPg0cx2XWcWg2DhgM+iwsHid9Z2bmcN08B/vbuPbVWFbSe7mfqDlc1zlzy8o0ZaCSilwuP6bkMPcXL6uwvSy4uTxxHFEuQT7nsnvQ4NNPP83UHK+7cunatWuZZeXx48csLy+zuHRynsjm5iZhGPL+++9f6PsJKVBCg9AErRqDrc8YPLuHPqwhgtGxnOCoqUwqDTJGC4giCZ5A2T5SaLQjh4/7EpnDEBmEppFFu2jbARGjlUALhYx84vo2g6CPjCPYuIMzv0GxkDNB1VdkV+l0OlNzwVLL9UXGk1prdnZ2KBaLVKuXHyT8ynHFmRwpXNdlbW2NMAzZ3t5+7WwrRzFKdsRx/OYQHP1+n/6glwwIAwpv0OD3otBaEyS+1HSyexXBsim5kVWLDjw8z5v4e0grYqUy+ui0BcUMEJOVtpG/SymIdcxhq5m9x/ziMpZtJytBI4PYU27vaLBo4Pv8+Z/8B372w+8SBP6xJ87NLfDhV77B177568zOL5jtjSIj81aKj776Cavr1/nhd/+aez/+Ac1mHR1HtFsN2q0Gn/78R7huji9//Zv83j/9F0ilMm/3ztbz7KNuvPMujpvUwQ08I8WNY3K5HIViiRu33mNvZwuA7c1ndA7bSU3qEA8/+yVSGdvF86ePJ96g4ig2k/Z4+Frbtk4dfuY4bkJgOdlEP1XDnA5fnFmAEALbso/kdYTH2mAEAtuxT538H4XDfT8aNHgehCPvdRX5G8NGncu9qaWrrANvwNbzp+Ryeaqzc+RykycXrptjeWWNMAiSFdcaudzFK2bTauQwDImigCiOzWRDSlOnals4ln1lCeypo1pIiSUlSsb4QWgIiRgcx1hPoijCsuzTKQTSyTyJPUAIcjmbTkehdATaIoxiLHVyJkQYQcEWFPPQfIVB+1JCFEPOgsWimDrGC8MQzzOrjyIJ6ki/v8nQGT43DZROyQsdx+aDjkCMPDbMPBq/rgoxtPp8gS5vL8ZoNugFV3RHj7Npu0gpRSGXZ3dnm9W1cWn53PwiuVyeWm0f27IpnqHVRSCoVmbodrs8f/6EleU1U9E8gnw+z8a1d9jd3uSwc0h5SjDyRSClJHdBy8o0CCFw3Rx+suhhQoajK1Ht5vJFet0Iy4L1lQVqjUO2t7czkuN1D3SsVqt88skn3L9/n62tLbq9HmurqxMX/3Z2duh0OnzwwQcXCuwetqWY6vBBfZPO4x8hD5uIkUUKEQywggFWcrvR0kIXyjDSlhL0LMKBTa4SoCyNiOPs8SDIZbYU0e8AoEoW0s0jOj7adtBuHt1pIYIBunVAJ/oJ2s1hz62Tz7uAoCMuv10lCAIePnzIysrKxFyMOI6z4MjzIg2B/cLnbpyEl7TWkObMzM7Osr29nbWtXLt27bWyrRzFG2FR6fa6eJ5HqVxhY+kWSpmazq3N58jAP5X0701GGAYEfoAeWWX2Bp7pVb/Emq+j5MboZ6VKjlEoJVGWwrYN0SLTmPvMG50+U2RExOazx9QP9rP3WF5ZG5ZijAz4Tx+eZqr4tNbYjsP8wqKZZArDnOdcl8XlNd59/0t8+JWvMr+4bKpsw4goy9OACDOAmFtY5Hf+23/Ol7/+K9z78Q94+Nmn1PZ3GHgmlFRZFvMLSwm5YUbBcRQySCaiAMXk5mnCS82Kq1KSOI7QWlIsDgdcvjcwgWVHQka3N5+yvfn0xO9uvod5nes6CblxuuPBTAaNOmA4QHPPXav6RcIwr8PJ8jqiMMJyptt6pmG0Etm+oCQ6ikcGRyP5G8Vi8ULBpcP8DfPvq2gbAMi5OXJuDj/w2d/dQlkOs7Nz5AuTfd2WbbOwuJw1r9SbdVzbpVAsnCkEcTDoM/A8EIJisUSxXMG2nWNe/cGgT7/XpdFskHNzl050aA2WGFpshZQ4joOKYjwvyGwrjmMR+B6RVCjLeiHRIYRAxGZ/ORqiKKZaKdNotZFYhL5Hp+dTb3dZmS8fO4eVKdGg5EDOTSbxr1DEUSnCH7ynqLjTf8tBGLO5e2iusXGckRsCM3hWSiYZJSmRPnLvmJLXPEqgp5P8Y/NFPbTDvEkYnRjHl6DgyN4rmchMQi6Xo905pNmoHcvqKRRLFIol6rV96o0apVL5TOO8YrGI7/tsPn/CwuLysXYnIQQraxs06gc0GnWq1eqZchpOi2mWlfO0rIxCa53ZKP3AJ+fmrkRRIYRISA5Dgs/PlikW8mzv1fjhD3/Iu+++y7Vr1y79cy8TQgju3r07FkC6trY2tupfr9c5ODjgxo0brKysnP+zSEOJNX73kO6jHzF4fj+xpURoO5fZUkROYRUVYtAj7EMUymNtKUpGKCeEUhF/EGXNKZYTo2wvs6UEnouacZEihk4H/1AgnRArOkQkC1wijhK7yi9oxzGV21/DcYrkYxffD08Osj8jnjx5gu/7PH36dGLWhhCCODbq1vOSHLVajUKh8MWqhD0PXkImxyhWV1eZnZ1la2srs62sra1dSpXvVeALSXBorel2u4RRSLlSZWVt/CIqhGRubp56/eCNJzjCMJw46YiiyEx+E3/H6GpzSjxMe+1Z4fs+4ZEMByEEvu9PJTnSVopUxREGAYNBn8D38H0f3/PwvAG+N8AbDPA8j6ePHnB4mCg4hGB+aZlhkvSRbfK8TA47GAwmbreUYiwV/+6Xvsze7jZaa+YXFlnduM7S8iqVmdnkoqvRSWCo2QQzI9EkA78oBgXLq+ssLq/w1V/5dfZ2tth+/ox6bZ9cvsCdD7+cbWs61hsdEKer+sbmYBEE4djq/Ji65AIjaZnIth3HtH2cltwA8P0RckPrpEr2zWm5OC2y9pZzXGKiOBrbhxfK34gn52/0+/0LMexxHHN4eEi1NCQZTqtOOS8c28GpOoRhQO1gD4RkZnaW0pTwPyllVjHbatZptZooZVEsFKYO6uM45rBziAaKxRLLs/M47slqv1wuTy6XZ2Z2ntr+Lo1GnVKpfGkyzXSyPXoZS/OAHNdNGlKiEaIDYj9CW8ZGNdUFKDVSS6IoRklJLucSBjGlYolu18MPNX4YE0eaMI5xJkzkZvKCmzOCazOCvQP9yggOyxasVAW9UGN6UibDD0zjSUrGKCmT9pTjzzWNViOTbuKRn5GEksYZq+M4VvY70ElDSvZ8wH69lfljOO3dY/Q8Ok0t+YmfOfJLeJH0vVIqU68bhVZuwkQltXse7O8xGHhUSqVT3xMdx2HWnqV2sMdg0Gd+4fhK7+zcArlcnv29HQr5wqUuCKWwbRupFMGIZSUIAqIoxnGdU7esjCII/Cw7SUmLWOtLG+sdhVIW+XyRft+EUuZci3duXGN3v8bnn3+etY287plJq6urVKtV7t+/z7Nnz+j1eqyurtLr9dja2mJhYYFbt25d7EOEITciv4fX3KX//FPi1h7EEAXJwpoa2lKO9RWlAb9aEAYKSYxyoqSS2jCr2nKQMkLEEbGQoJMGJAEiCiH00SoHRJkdJsZGxxZSe8T1bTwd4c2v4s5v4DoOtqXwA/3C8/U0qNfrNJtDFfb+/j69Xo9bt25l51d6nPq+f26ColQqsbOzM3Fx9Y3CFWdyTGoJyuVy3Lp1i0ajwc7ODp9++imFQoH5+XkWFuanqm9fBb5QBEcURXR7XWKtqc7MUjmhbtBUkb28bXvZSCsBzYrUsLoySnI2UsY1JTaEkDiOTaw1ge9DEox40ZteRm5MyXAYIzl8/3jglRD0e13+9N//Pzz6/D6+NyAMg6RWNZq6XJhz81Qn5HWk2H7+jIVFo5bYfPJo4nOEEAglszHRwuIy//Rf/PfDn2UDO0OTSilAqgllisehlMXs/AIzc/Pc+eCjJH1+GEZneu2NqqNQHEoedxP7iZQC27IQhXymbNFxPGZnKZer5HJ5OoftsYFjdWaOW3c+SPbDU3a2nh373gC2YxGG0ZlWi3zfI4qGE3PHcc5Gblzx8uboTdhEtB6ZkOnk//TpWk6uHKkf/YTVzBchGgkqHc3f0FpfqMZuWA9r3lNKa0yqf5WwLJtqpUoURbSaTRo1UzFbqU4/56szc1Rn5jg8bNFq1BFSUMgVxq5xvX4f3/eYX1ymMEUdchLSUOHBoE/tYJ/+oE+5VL6w/Fukq/+MjFHSkSkkOUGKMExWZpPWj/Q+YNn2C/M50k207fT3aawpD541+PD20tRKY1vCRkmyVol5MmdIjleh5FASbsyYDA53yleNNXT7AZ4f4YcxlUoeK1FHyVS5ceQ1YxP4JHxVp8TGFMRxnNkrs/ZTGAszfRNx4UnOGQgOgGp1ht2d58wtLFEuH/fSu26O9Y3rtNtN6vUD8rk8+VMOsIUQzM7M0ul22Xr+lOXVtWNEc75QZOP6TXa2twiC4EL2hGlQUqJyuSyXw3wvh0G/nywenP4+lV4PPM8n8EPccg60xg/MmOqyA0cBLNvFiWN8L1Gixj5rK0vk8/kxy8rCwsKlf/ZlolAo8NWvfpUHDx7w9OlTer0eUVI3/P7771/ovYUASYxAEnTqDPYfIdoHoDVRvoLf7GF5Hm6xn9lS6Jn/2C5YeUFcqqIDDzo9gvoAy4mwisaW4kDWnKIDD/wBulBG2R52vwNeku1hWdjVvCE3+uaxSBeJ4gqO2kUGA2jX6G4/QNgu7tw18vmk0jy6+AV/dLFRSkkcx3S7XX7+85/zzjvvMDs7my0aXITg2NjYYH9/n3q9ztLS0pu/AHcFtsgXjR1nZ2eZnZ2l0WhQr9d59uwZz549o1qtMDc3z8LCwpUpfk+L12CE/2KEYUi32wGlmJ2dPyYpnIRGvUb+DWTuzA0sYNQKGwQBtm0PczZgTLHhOE628qqA0DdhialV5byrkEdtKUczHNLPHCU5/GR7TEOIqVERQtDpHNJq1oZvnskbZOKRjsdG1CvrG8zOTb5hhoHPt7/1R/z4+98BoHPYyjypoxCJFeXp48+p7e8S+JPbW06L06rFbNtmZf0aaxvXUcri1nsf8PjBfQCePLzPk0efc+Odd8ExgXZSCKSSPLj/C549fphsu+TWe3epVGdotRpjg8Vbdz7g7//Of4PtOPz4b77LwR/tEh7JFUkrDE014uluXL5vVD/ewEj6Hcc++wUs+azA9xnd20eJ6Kkvn/S38w66fS+ZOFov/QaopFF/jKqpzrvKNWp1EckKfK9nRkeXk79hzuPLUm+cxQ+ulKJSKhnV3uEhzWadSmWG6szc1Pcol6uUy1V63Q6NhsnCybku/X6fXKHItRsXXInDKDrWN65zeNiiUT8w9pgz5AFMgi2PX0PEyANCCGzbBCKHYThmW5mWz2EaQ0AJSczQi++6DkFo7BqOBY83ayzOlVDO8fNAANU8zOcF1YKgU4DB4OUqOSxL8N6a4MNFyc2ZacocTb3Zpd7u0T4c4Do2yhJIIXBsO6v+zuwGmhGbyrAqNk5k2+n+PQqBsamII5e+lKR603AW1cWLMEovneadlFLMzszRatbptNssLC1PJOQrlRlKpQoH+7s0mw3K5cqpr+mlYhHP89h89piFxZWxBQcAKRVr69eo1/ZpNhtUKtUrsXw4joO4QMsKGCI0PX4RJuh9dtYsBHoDj0EcYzvOVDLzvHDdPHEUEYZmnBEFfWarZQqFAtvb2/z0pz/lxo0bF1dBvATcvn2bSrXCZ/fv4/s+H3300YWVelIIlIQw8PBa+wR7z9CBj4hDVBDi5iJwbOJ8PrOlxJGFmnFR2gffJzgYoGSIZQvshRxSB5BUwweeMjYWjI2FMM6eLxxjaQn7MXE7PGZ1kWGE9A9MGCkQhwHxwXOCmWWc2XXyOWNTiQb+hc//lLD4xte+QrFY4Cc/vUez1SaO48wetLhowl497/iY/bSwbZvr16/z6NEjnj17xvLy8ptvV7nE+/FZFsZSoiMIAprNJvV6nUePHvHo0SPm5uZYWFhgfn7+xW90BXitCQ7f9+j2uli2y/zSCvn8yQPIOI5oNup0Dlu4bv61l8WdBWOWE4YERjo5ygJER+wotm0CD49OBGzHzqpFgyAwFWNnHJlNJjeOE0qWZVQjYRBkkznzuGXqYdHk8gWWllfZfPIQrc3koVAuUyiWcN0coKnt740pEe5++BUs20kG7Me3LwwD6rW9U3wTzV/+6R+x9ezJ8XDRK4Jt29x8933+u//hf0RrY435zre/Ra/bods55K++9SfYv2eztnETpcyEZHd7k7/61p/g+4YBn5md5933P0RIheOM7/eFxWUqM7NoDavrkz2wphrXHrO/nIQg8MfIDUupC0144ymroxe5RqeqEmD6TGPkBu3m3GzFSwqJsg3RcR5Z8Hlg2XYWEDsqIT7r4DkcDSdLBvWDweDC+RvtdjvJ3zD78qKKlzit8ArDM9uahBDDitlej3brAcVShZnZuakrnKlXv9/v0+20mV9aeaFqI7XK+YlVDiCXz1MuVydub0qm1A72qDfqlEqlc9kiRSJf1qMUX0JuHCU9ZJLPYSYU40SHyeeQqJTo0MNJqUgUGxpt8o8shRZGCt3zIg7qHTZWJifOF23B37mm+NFOjKXSSe/LYTiUJViYhfWK4EZlunpDSiPH7vV8el6EslWimhNIa/x6kNoLs38ndsWjpIYUgJQokVSIJ/twJCJq5E3AFvqlJdy/LIhErpNOus8bWJmqGLN/n9LXL4SgWq7i+R6bz55QnZmduLghpWRpeZV+r0vtYA+lLErF06m0XNfFtm0O9ncpDfrMzR9v1EgDTvf3dyjlixesqJ+MSZaVs7aspOOBpaXFbGwXpOMvzzetKvY5FidegHy+SLcbEyeT7ijo4yiHW7feYXt7hydPntBut7l79+5rP9lcXFikWqnQ6XQv3MIhhMktFjoiaOwSHmwSNfeQUWCyLwiRNoTCJgwsLOWAitERI9YDDb4PdgyOxnKEWxYzAAAgAElEQVRiRBTD6JBVa0TgIZRGazF8vtkK8yd5jkYQa4VwJFL4IHxi7SJEZGpqm/uEB5sElWXcmUUcx8Y/Ypc+D3K5HNc21igWzVzuK1/+kEazTa3exHEcc19LrgsXITgAVlZWKBaLPHz4kM3NTRYWFl774NsL4xKsKudV/dq2zeLiIouLi/T7fRqNBo2E8FBKZUTHy2y1eS0JjsFgQLfXJV8osry6kUxypyMIfJqNOr1Oh1w+f+qe9C8CojgmDHyieJzYgMSrliMjDVKyQSmFZdtTa9TMxDbMbnhBEJyJDJqUuXGSzcGxHQRklZphQtY4jiE5UPDxJ7/Ghx9/3Xjd83ncXA6lLHQcs7uzxb/7P/519n7LK+t86avfSAbuk0eTjpvLvGBxHNM5bJ34neI4GlsJPzXOodUen8BqllbW+MrXv8l3/urPQWse3L9Ho7bPu+9/xMzcPPu72zy8/wtazXr2mR9+5WvMLSwRa32hQLLTIAgD87tLYCl1fvJQiEyGey4c3dejA+10Ipf9aMKkJnuqzsgaSFLsE1WJlDJTdlx28vwojqo4UmvZWQZ/cTTM3xBJ/obW+sL5G1EUmfyNcjF77/MOiKM4JholYTGEznlVM8VCgWKhMKyYLZapzs4dI/pSpE0t0xAEPt3OIZ3OIXEUYtsullK4qVS23+d5o051ZvZY4GGK+URCf3Cwx2AwoFwqjQVTngaOBEdqvPh0x5xUCidJ4x/P57CIfQ+tLKRSmNuARAlQMsKyJGEokUri2BaDgUen69NPmkcmhQVLYKUo+GfvK/6XWoiykoyKy8uem/wdJeQcmC8J3psTXKua7zEJUaQ57Pn89LM9Ym1qdyHNypFZW4whKsR4o4cQZhIipCGGRuyEp4XWxkL/pqo4UqJMH08HyBD4XtIko5M/5nEdH+n11ToLPj8tXMfFnXPpdLs8e/qI+YWliYSlsZW8Q6N+QL1+QLFUxp1ybRiFlJLZmVkOOx22N5+xvLp+7BgoFEtsuDfZ2dnCD8NTEyhnQWpZOdqyEp3BsuI4LlqDbTvJsS3HWs+uxLIiBLlCEa/XJUpIjjjyiQchK8uLFAoFNjc3+e53v8vdu3cvFNj5MuA4LnNzl0FiGaWy9j2i55+idx6heu1jz4o6AUEgEatFlDUYt5ZIyJWSMVgMon849lrbjbDdkSY1qY893wFIxEleTxEOJDk6CCsmxiaIF5CyixPXEf1Dwq0HeCjsL/0Gjl3AcU6/IDYNOddl/ub1scdmZyrMVCv0veH4u1gsUq/XLxxSWy6X+eijj3j48CEHBwf4vs/i4uKVjuteKcbkn5yZ6LiIpXkU6ZhrbW2Nw8NDGo0GB7Uau7u75HK5JK9j4cKq1xfhtSI4ev0+g0GfYrHE+rUbL5y4eYMBzWadQb9HIV94bZNcz4OxalfGiQ3bcbCSm9yoisKERZ4uE8F2HLzEDxdGESqOTyVbfFHmxtTPS9QWQHaDtX0LZSkQpvLV5CUcWR0SsL+zxe728+yBjz/5NUrlaiLFFMcGlFIqvvrJr/Plr3+C47jc+/EP+Ku/+FOicJIFRfCb//B32dl8Tr/fe+H3uAzk8wXWb9zMBoEAv/WP/gntVot7P/kBoKnX9vnuf/7zY6+1bIcvf+1X+M1/+LvEcWzaFy7YwHESwjA0mS0YIk39/+y915MkSYLe93MVESkqs1RXtZqe6R65u7O7d4c9AdwdAZyBB0UQhBEEQdAMD3zjX8Un0kjQAKMZYIAZCUIbT6zAYW93b7E73dPTVdVdXVqlCOHufPCIqMzSIqvV7mc20z1TWRmRkSHcP/+E1lcmN4wxTCqi8izy4qKoFAXW2kPSxXviJC5X77NycqTHcm4miVEVR/XnZWxjxcg5LUT4nTQN9cLXsafs74cBVFLaU6TUXHZZOvh2C6w9nAUfrZC+TgBY9RBN05TVlSWipMH09OyJgYQnIc8z1l+uUuQZSdJgqtU+cVKrtabRaHBwcMDB/h6zp0ysojjm7r33ODjYY3tzneiSthUtjq+MV60cZ3Gop+Zz2AJsgZQaJUNzk1ISacuAYaOJ4zBofbnRY3Vun7lug5lu88RzPVbwa7cV/+BXPf/LH9qwSlj4GyM5hACpBEkMny9K/uqHmuiUR5Rznq3dPj//co3IKLzwRJEmiSOUkoiyDvzUnJFLStBPakuJtEe9RSGjl8EYwVGFHZ4AqdTYymuWZTVhPEZsj7zfZdFutbDWsrG+SpI0mb+1eOJ1OzM7X9tWhumQTrtzoXv4VLvNcDhk5dlT5hePK4eV1ty7/4DNjTV2dnfodro38my4bsvK6L1VKU3SkGQlyQGUVfTDOmh8ElBS0Wx3ysD4MpPDO4q0x1SrwYcffsiLFy/4sz/7szqb412HkoE8dd6RDvcossMcCm8SvDGIYX+s/aTx4FMa7319ovvh0h7FwS7F9gvE5gb5/h5SVYtCFiM3g72lhM2HZMM9vLMYo0liw2CQXsum0mqefN4KAc1EM0wtznva7TYvX76k1+vRuiaJqJTi448/ptls8uzZs5rkeKfDR+G1kRsnve/U1BTvC9jeDoqOlZUVVlZW6Ha7zM7OMjs7eyOOizeC4Oj1emR5Snuqy63F2+dWcg0Gfba3NrF5RrPZZHbm3SI2iqIgHwkOrB5I2oQqytGHaRRFZFle5iFcfJAWVo81cRwedEWeoc5RyoQJywhLLOSltjm6wpplOcM0Df5wHXzl+MMguIqkeflihT/4d/+q9pXeWrzDN37l1/De41xlTxkfXEil+Pq3f5V77wUS4dPPv80f/Yd/fYzgqG7U7z/6mPcffYwQAlsUp9onrgUfbrSjIY31Z8ATJ03++n/z35EkDX72kx9ycHCc4Z/qTPNrv/nb/Obv/mV0WVNaBQXeBKwt6uySNM2QSl1rxecmfMvXQSX1h8Nz25aDSShXzcq6PYFAG4VU+lRl1FUwquKAMPG3RXEJgmNEdVQe35vJ37j4o8KW1gl7JOgYwjUwSuhcpwquQhzHxHEcKmbXXqCUZnp27lw7yv7eLmk6oDPVvdDDtd1uY23B1vpL9qKY+VsLJ97/2u0O7XaHrc11Nrc2aLc7F7puPEHFkdqLZ9JUOMznUBTFeK2scwXO2qAoKVdzo0hhbYFUEmMUmbWsrO4xM9WgkcQ0kpO/70TB7z/S7Kfwf/7AkiEQNqgnJg0hIDLwux9J/sHnuq7RPQnWeTZ2+gwyiyfYVeLIYPQhMVmpNqp/rr1/R/5bA0q8Xf6Ui+7t2PE6Y4KjlEaKHOcda2vraK2IkySQnOXiRf19XOM7UEox3Z0hHQ5ZfvYl07NzJ4bOmyjizr33ONjfZXNrg0acXCiENEkSjDGsrz6nc4pya25+gSRpsLm+RrPVupEAz9NaVtwlLCsVRlU3tVW4zKaZNJKkgZKSNO3X4yybD9Aq4oMPPmBtbY2VlZWa5LjOs+rNhg+2Npdjhz1sfxefD+pvwlqBI9hSZJyHphNbYKZmaT769kT3xA57FAc75J15ZOMr2HiG7+3gUouzoMwAlMKJGGkzfJ5iezvY4QG6OVXana4eLp2ckO907DWxIi9cTWpsbGxcm+CocO/ePVqtFo8fP2ZpaYmFhYV3+LwrcUEVx02RG6PwHqanp5mensZay/r6Oru7u3VeR7fbZW5ujtnZ2Ym10702gsM5R6/fx9qcTneG29PnS5F6B/tsb2+BdzQbTcwNyANfN4QQxyYGWiu0ObkyTGtzZSm9iQx2UNSyxfOqxFQ5wU1HHrZpOiSOkwtvv5JORlFYqR4MIGlAmjri2CCkqCXF6y9f8M//yf8xlr3xzV/9daY6M2VPtrvQ5Oi0z+R9Wfta1v1JKen3DtjfP04uXBdSSubmF5CEwNRgKyjDU0WQpTZbbf6rv/s/8PLFf8EXP/0JS189wRYFzVabhcU7fPr5t5hfuIP3jjwvQtCduSFyw9l6JS5NM5SU7zTjXVW++lJRMabqgHJgWUBeBBm7VmitJ5LXUak4hBC1bewitX7ee6w93EdZTrYHgwHtdvtaxMHu7i5JbOqBmL7AimHd7HQkJwjCNajLh5YdDMbCVScV8HpYMVuwtbnO1uY6Cwu3T62AnZ27RXuqw8b6GoN0cKEVXqU03e40wzSs8HZOyQOo3n+q0y1rLEPbylmTCSXEifYLIUB4UbYCnQ0pRe1jLvJxoqOwoXWrshspVRAZTZFbUpnTTwt29ofs9gYY00KfIkdoKPg7n2n2M8+//KnDOegPxMRIDqmCKi+O4G9/W/H3v6FpqDIP4xQM05yt3QO2dgakuaM91UDI8jo1oY68Vm+IywXdHkVQg/gj/y/s39tDbVwOlwka1caQZSnGlFZYY861GV8VSZIQxzH7uzshhPTWwonXe3uqS6vdYWXlGeaC7XFKKWZmZtk72Gc4GLB4596xc6bVniKKE16+fE6R5xObjI3th5TIOKgKR+3IbjAkiqNLtaxUzRV16HueB2XTDYRsmyjYaYaDPtaFxaXKsnJrbra2rHz/+9/n448/5v79+xPfh9cNIQQSsGmfYncDsb+DGFFwjNlS/BAxOLixfVFJC5W0iOfu0p9dpFiewv78B+R7fYqhIunkiEaMjxv4g11EPkQc7FDsbqCaXVTcxhhNml4+jF8rcaL18SQYLen1cqampnj+/DkLCwsTy2yZnp7mm9/8Jo8fP2ZtbY00TetQ03cW55Acr4LcqHelJMiUUty+fZvbt28zGAzY3d1lZ2eHJ0+e8OTJE6anp2tlx3XIjldKcFSS8EFpjehOzzDVOT9wZG93m52dbbRUtJvNd77yJzIRw3RYkwhSnj2RuupATQqJNoaizFeoAkfPwiRIjjiOSVM/9mCNY4NSiigyKCXZXF/jn/3j/53lZ4cVr5987Vt858//bql8cCWTfP6g+rT9cs5jC4vzgSiRUrK/v8f/92/+JctfPTn5za64QPfpN77FX/wv/wZxuYJdFLYkOsrjoBW6lJAv3L7H4p37IVDUl9ajsnmmmnwXhb3wA+OycN6RDUeUG1xewv22opr8aa1x3mMrC0t5PKoQ3yJ3ZU3u9UkfJRVJI6TQV8GWFyE4RptxhFQIIfHeMxwOuXv37pX3x1rLwcFBnb8R2idOv+cWRUGR51S6p5OIjdH7V7j+03qQfZ2K3JOgtaY71SHLM7Y2N7h99/SBcxSVtpL9XbY3N4mi6EK2kiROSOKEXq/H0ldPmJ2/Rat1fKBgTMSdu/fp9w7Y3FhDK31m1aSRHiMhq3I4rpjlKaUkimNsYcnLIFLvPVJJbFGUJLPBOUdeWOI8Yr8/DATH3pDEKDrtxqn3mIaCf/gtg/c531v2aOXZ7wmK4nokhzECpUBr+B+/o/ibH2ka+uxb7kE/44ulDb5a2WH3YEiz3SSODFoJBAIlRGhLOVLVfW2M7JQSnsRcnTR50zFGcLhzCA6t2dnZYWZmurxv3swxGc1a6pTX+/OVJTrd6RNDQkMt7Cz7u9toffG61057iuFwwPKzL5lfuHNssmWM4f7999lYf8nu7g7d7uSDDEPzUXyiZeWiLStCCKIoRko51myX5/mNjamlUjTbUwwHffK8nNh7R5H1aCYNPvroI168eMHPf/5zdnd3+eSTT96ZsYYQJekpoNjfInv5FF8eg6rBREmLSoMtxWaQDQxR4wpZcBdAtrFMsbNOcv8Tos48U3c/ob+7DfbZoV0lTxG2QJSKaV9k5GvP0K0uerGD0bq0Qp6tct7c3KybM4IS7+Lnl3WeKI6Zm5vj4OCA5eVlPv7446t/8COIooivfe1rPHv2jJWVFfI859atW+/MeTeGczI5XiW5Acc7ALw/tBrfvn2bfr9/ItkxNTVVh89eBjdCcFhryYu8vBAKbJGHSbrWxFHE7Nz8sSqu4/DsbG+xv7eDVobpG/I5vokQIgQ5VvLzPMtuLANASYlF1CqOi/j/x0iOYTlRuTTJkVAUOUKEVZjQ6hGsKjtbm/yL/+sfsfT0i/r1jz7+WrBwNBpY63CuChi9enVdIAwczh9OsAb9Hs+efMH+/s6V3vM0/OwnP+J3/vLvA4FYKYoCW7jDFdVS1eG1RpuQIzI6ea7sLNZaijzkGkgz+RDM4BMd4gmp+YKQLfCm2UteBaQQSGMwI6qOYmRwWRRFHeJ2/W1JhBJAVl+L59k3RvM3pAzX7HA4xHt/rQdXZU9plPYUpc6+HzjncIwSGwJt9DE7XQWlNFrb+v52nYrcs6CkIudig8X2VJf2VJeN9ZdsbW8y1e5caMDTarWwzrG9ucHe7i7z8wuYEz5L1eiyvbXB1vYWrWbrREVUpDz44zkcUnrOGVOeCKVVIDVsIDpsEWxth4n4HiUFSku0lnzx1TZTrZh2K6bRcMSnEFtSBLvKP/yWZjqx/NmG58WeZ/lluL9dJZejMyVoJpAYwd//luK331M0zhkX94c5qxv7LK/usb2fossaXalkOAejoMxScnLWFCmPN3c5z5kWmrcdo8fNXeB5OzM7U2d8vSpEJmJudq4mHefmF46NM/2FdFDHkSQNjDGsrS4zPTNH94Qg+/lbi8EKs7F24fvHZTGJlpXKIlgpFF9F22DSCAuTRy0rUkXcv3+PJElYXV1lf3+fTz755J3J06sncukAu7+DryzeXlDkColDm2BLcT7GmwjEzYQaFTtrDJ79GaLdwczcIe4uYBfexw328ek2AM4KfCEP1WjeYXs7uOEAKcAYxTA9+y63v7/P0tJSTXA04stNM9MsHCOtNTMzM2xsbLCwsDDx9o0HDx7QbDZ58uRJXSV7EwqsNwavmdwYxWmPkGazSbPZ5M6dO/T7fXZ2dtjd3WVzc5OtzTXSdEiaZae/wRFcmeCosiJCRWkRiAzn0FKjy7qfRquNMdGl5InWFuxsb9Hb3yOKY6a7M1fdxbcSeZ6HB9ZIipnHUxT5RNsyrLMUeX7sYVetHJ8v1VZl/sfVlBxSChpJglSB2KiyJNZWV/hX/+Kf8uTnf1a/9oMPP+Vv/J3/nu7MLNa6kuAID4FgU7n65Hs06LPCJ9/4Jjtbm1d+zwrPnj4mLzMsnD2SPu0pVSi+vJYolRwh22Q46PFv/u9/Xr/89t17/Opv/IUbJfm892RlQOWhFDb5hSQ3jqKysERRxHA4qM95a4tr1eWOIuQomLqxpijOXlkbr4cNt/LBIAS7XTd/QzCav3H259NaU5SWnjiOiJP43JwSXcrXq1Ylcw3LwGWxu7tN95TnyvytRaamOmxsrNMfDuleYBCgpKTb6ZJlKc+Xv2LqlBVkCMGHU50um+tr7O7t0m6NW4kk0DCh4a+CIEygr4rakiIlWZ5T5CGTQ5VqDqUkJtI4F2Gd54f/+SVz003ajQgpBEaffP0rAU0t+Htf1/z7Jcvageen054nG46tPchCaRa2qIjo8jOWb+ccRLHAe3hvQTDfglstwe89VHw6K0nOITcGw4K9gyG7BwN29gdkhSNJYqJIE5vwjylDrKsmCXGG6u2ithXvx+0yAmjoty9/4zIYt6hcbgJ2nVDCq6BVhpBubayxvx9sK0rpemzZalwtuV8pzezMHHv7ewyHQxZvH1fJtae6RHHC2ssXmKKgeQN1qGMtK2UTWBxH2H6w/p1lWcnzbMx+Gb/CxYtDy8p4y4ofWuZmpmm1Wjx//pz/9J/+Ew8fPuSDDz54Jft1UwgWaA8nPMN94cm3hujIoss5tWprZNxAHFyjZe4MFL1dsrUvsd1Z2krTmLmLWXiffPsF+cugWLa+hXUdIvUSwXhNq/flPfyM69l7z1dffUVRBMXgZcmN0SYVgJmZGfb29lheXr6RetH5+fk6l+PFixe1LeKdxRUVoTeFszJdKrLj7t27bG9vkw57DAY9Bv0+/f4AawuU1milTq0uO/fss2XwXl4UFK7AFgVCKKRWRCYibjSYiuLQ7HGNgX6eZexsb9LvH9BImsy8Q8GhF0FRFOR5Hs698oEF51e+XhbWWexIO8toe4Qx+lIkilYKcUW7Sm3L0CFUNB0O+ZPv/gF/9B/+NTvbh+TCg4cf8Tf+zt9jdv5WnbthrS1XCUO68yTGTxXR8OjjT7l9596V5FAVrC3Y39/n//mn/4Slrx6H9z9yVzm6y94fri0Jgi3rZz/5YaiGFZI/95u/w6/+xunD59t33+Pp45/Rak/R6XbH7DvyQoN2T5oOcc6Fc0II4gmmq79L0NqQVSREPjmCo3rvPM/PVXEU+SGLLaRClPeH4XDI1NTUBPI3RoJBz/l8VShwHR5aFKhzAsWkCL9TK8eyjOgVZbzsbG2yt7vD3Pwtms3jSsI4aXDv/gP2drfZ3t6i1WpdSAJe1Qr2+32effWY2dmQ8XEUWhsW79xj0O+xsbGOlrK2rUgh0CIQHfUdSFwuh+M0iDJUVwqJ9yl5Ee6jRkucEwx9IItz5/mDP1mi89tJCC6Vp/unq5W+372v2M08D2ccP58ReOAPlxyDHHILO/vhMxgd/ukPYGFGMNOEex3BhzOCqVjw9TnJbOPkLJJR5IWjN0jZ3Bnw5Nk265t94kZMFIe0f2MMUsvSeljaUuRxBYctLNZVx6Fs9TrrGFb5G6OZm4RwWP2WKkwvQstcJoPjKq+fNJRSIStnOGTp6ZdooynKWter1l1X6Ex1GAwGLH31hFuLd+o6+gpRFHP/vQ9YX1tld2+X7gVs2FdBHEXkUo6pOc5qWSmO1L2bsn3pVSJYVjpjlhXvLUXWIzahZeX58+d8+eWXtWVlUvkLrxpCCGR5IyvyIVm6Bz48I4UWmPkE6XMoyR5xxB5yE3BFjttYppi5jZh/DzM1g2wcqhaU6CNlhqDAmwSXNPHZgDgflJZyeWYP9tOnTxmWyi0hTq4cPw1Zbo+N5YUQzM7Osra2xvLy8o3ktDQaDT7//HO+/PJLVldXA3m5uPjuRiEImGq/PvXGUVwkuLbZbNJut+kd7NEs7+F5nlGkKSlhLnoS2TF2p3fOMUzTwPIWFqkVWmmiOKbVbJZqjDiksU8Iw8GAnZ0tsuGARrPJ7Alp1e8yguw9x7rxYD4hwmB0UheZ8yF0rpKFjwYoaqUw5mQ5+Xk4MZNjOCRKzpZLHqbZS6wt+IN/9//yR//+X5Omg/o1Qbnx95hfuF3aOlx5vBx5lqK0uhYRAYfERmCnPSBpjUxKrhJG55wLDTXJ1YPVrHX0emXglHd1i8zYvpf/aram+I3f+Yt89GmoFXvw8KPqp5gootFsk2Upcdyogx7H3sd7slFygzB4emdv8NeE1joMKkt7lnV2YgTkcRXHySGcY/WwpT3Fe0+/3+fevXtX3n5RFPR6PaY7YdCj5MVsUEZr7Ijl5Gjuxkn7P/pQq1QccL12hYtACMFUq83W+hr78R7z8wuoEyY9ne4MjWaL5yvPmD1Bkn4ams0miU/Y2dlib2+XuflbJ6oYG80W7z1osbO9ydb2Js1GK4QmKk+kYGgPj8N1bCqjqHKPkiRBlJXftghZQHFsKPJgWzkY5Pyb733JX/3tj/A+JjLqVCWHALSEmVjw63cU73c8RsPvvCf53gtHZsPPMwt7qadw8MG04OvzkhcHnsWWYLEtaOlQp3je6KKwjmGak+WWH3+xyrPV/dCYYjSRCSSF1CJYzGT4szqnqmDpwjnckYPpvENxDjF3gj3FCI9Rb9Cy2BVwXmvPOGFx/vuJV6RkOY+cSZKE5BrP4dPQaJSWlRfLTM/O0zlBEXZr4TZ7eztsbW4wNTWFmSARXsGU6tfR59FJLSvWHeY7pWmwPL/OzIHKsjJM+/UJZfMB3jnu3r1bB5B+73vf45NPPmFxcfG17etVEYKHQ2Cyz4e44UFYiFAavENHDmEdPhXYXCCMQBgQN7nE7h2ut4tP+yAkIkpAHp4HQjkQNuxX9frhPi4flgS1PpW0ePnyJZubYXHSGEMzufhiqXOe4pSQ6k6nQ5ZlLC0tobXm9u3bF37fy+Dhw4fHLCtvK7l2KvyhNeU6jTgT252R7V90f8K9S+N9gnUOVzYgFmlKRlDaKR2CxXWeh7rOLEsxUUyr1WJmbn4i4XmnwdqC4XDAzvY2zha0mk1av2CKDecceZ4fa0wRiFINM5l4FO89RZ6N1c5Wk1hdEljXXaU/KZMjG6bnkhwVuaC1odVuU9iwj3HS4PNf+Q6/83u/T3d6tiQ3bJmD4GqlgXMOY/RZhPK5ECIE0cmSbNneXOeH3/8uL1aWzv/lUxDCdHNWRgJSJ41qoG6dQ2vNJ1/7Jnyt2n7I65BSMD0zy6/8+m/RO9in0Wge9yR7T5YNsSPkRmTML8mNc6C0PsyQyHNUPMHqWK0PVRynhHCO5W+oQ/UGTKYeNqnyNy44KK9UHLV1J8+RZzxDglKlvN5LFUd/MGBvd4/FxYUbVw6NrfAuPWX6lCpIYyKMiS8dhCqFpDvVIc8zVp8v02pPMX/r5EH69MwcU51pNjfW2NndptGaQmLGVByVslRwPRUHlHWpvlJoKQbDcP0X1mKMCkG1acb6Vo9/+8df8pd/8yHOGZxTxNHpz6Vq3LvYElgPnUgw3xTESrB6EPa5HUNawHQSXny/w7lWlFE458lzR5oV/IcfPOXZiz2UUZjY0GzGNJoxRpWtKUohqYKsQ36RK9zY0YvKz5NlRSA8zjjdRfktHH3cGAmJfHftKXBIcFTX93nE/+tWcLwKhIyAOXb3dhgOhyws3jn2mk5nmjhOWH/5HGPiG7Os1C0roxXng0FpQVFkI41oslRnvm6c3LKS4tOCbqdNo/ERz58/5yc/+Ql7e3sTDZp8JRCituORpYhhD9fqIvIUOThADPYBcE6S9gyqk2BaBn+w+0p2rwqtH7WceXOkRaVU2YhsUIbUnlx40Ov1WFo6HDP/1m/82qX25Q//+Pv1eOo73/nOsZ/Pz89jreXLL79ECHFjhFeVw/H48WNWVlaYn59nenryocGvC6O5G2/abfkq+6OkRBIRU30AACAASURBVEkZcvLGyI6CDNB5UdDpTtNstSc+qMyzjCxPydKULMvIs7SuQ9Ta0EySiU3k3xZ470PORinnroP5PJg4mijLnxc5+YiZu3r4KaUw2ky0hUMpRWTMWCbHWSRHmIQ7nAura9/+c7/J08dfECcJH3/2Db72+bdBiDpzo/pnOBhQWEueFzQa1XtP5nMIAft7e/zwB3/E9tZG+FzaXEiefhLsiLpk6jLJ6mLsj5NfIoN33RY2DDYJ4W8VaSRlCNlrNFv8pd//m/XvVWGl1euyLC1Jo0Ny4xftmrwK9AjBEQYJk8mQqJRWNYQgL4qxAam1eT0oEUIiZPi++v0+MIH8DSGIoyp/4+LngtYaW95v8sKiz2mVMEbX94u93V3iOKY73b2x0NGTUK3w7h8ccLC/z9ytBRpHPPrWXr2xyJiI2ZlZ+oMBz54+ZmY2kBlHoZRiYfEOg0GfzY01vJM4NfI91t7ZSVWxSpx1aCVJ4jjY2Pxh5pMnYjhMefp8h3/73af86tfv0m4Yuu0GyQV81ZXFpG0qIkMcfoR4lLC5GLz3ZLkjywv2ekP+1R8+ZnWzjzaKVivBGEWSRBilysDUUAvrvSNLLV4eqgqiEZJGyNA8FEU6kBxnEllVBPzIcQTOcWO9MxDicG3Z4xBnqF2Gw6DEjJOYg4ODusHmXUR3qku/32fp2ZcsLt45VlMbxwn3HzxibfU5e/t7dE6wrV0XdctKaXUetawoJUsLahkafoOLl5fFSS0r3lmKtIcxDR4+fMjLly9ZXl5mb2+PTz755LWGI14HwllE/wCbQp7GqOkY5TOET4lbOUI6ZF/eqEUFqTG37qGm5sA5XH8Pl/brH9teQbE3IDbu9Mv1aMCyczx9+rT+729+/vVLjYX++Hv/sR5LnWVBWVxcxDnHkydP6Pf7PHz48MLbuAza7XZdJbuxsVFbVt72kouTrps3QcUxiuvsz1Gyw1qLXrxzdTkzhJM7y1LyLJAYWZoGy4W15SBDo7XCaE0zuRkv4tuAagI0HA7rQUJFbmitJ9bGAIHYKPK8XjmpiQ0pArFxQ6vz1WToIiRH1WBSWVWiOOGv/+2/S6PVQikdfl62jFS5G4PBoA7IklKilUbcwErv7s72yH46prrTYQJwje/n48++EQY+x8fIx3HWBV6F5Y1IrqvQVWcdCOoBTQgy9cEzXn+eSjkTAm1rW4r3RBNUDr3LqKx8o7huCPBRCxlQfy/euVqRA4wRIGJEXlrlb1yHqN7b26vVGyAurOCAMEmX4nCV97wA1krFEccRHtBRFNRPgJ5AdawQ4sTVY6n1sYnsVLtNURRsvHxB3GgyO3cLKSXbWxvlcb/evbnZaNBIEvb2dtnb22Nu/tYx7z5Ao9Hk/nsfsLG9w/7aDlY36rYVKUeC3q6B6t4hpEAiMRogwiMQ5b3FuTQ0d0nPk+UtnLN8+vAWWWGZ7TRpNS53rosjfx79+1mwztMfZGRFwdbukH/7x1+yvT9Ea0kcGeLYBEJOCKSSgMcWOa4OFg2vOyRURMiPUholIc9DSDpQXmenHTeO/UwLT1P7C+Ucve0YvZ68g7PcPJV1dO3lOkkS4/zNHaM3QTvTbDYxec6L58vMzs2fSGIu3L7L7s42m1sbTHemz817uQpMFSY8MgYbW8CIohurl78OasvKsFf/v2BZsSwuLhyzrFzHhvnK4D3eB4sKSuFUhLQZtpB4DruvhfDoyOOVDDzgDVlUpIkxU7NEiw/RU3N4V2B3XuL7+4cvKgpE4fGxxkuBcBanDF6GrLsqGH8Uz549q8PNFxbmmZm+OIH35dNnDMtA+9nZ2XPtJ3fu3GFzc5PV1VV6vR4ffvjhjdhIpJR8/PHHNJtNnj17RpZlLC4unth89jbgLFLwXSI5KlRkx4VnM0WpBsiylDRNyfIMVxR471BaY5RBK0UjSVDqHa7auSQqxQZQTyDzIgzqhZDE59g4LgNrC7LscHW3eqjJ0tf/KmwHYyTHiF0lTsaDR4OSgJrkAGhNdQlS4orYqFQebozcAIiMLgezE8aRucyvfOfP83t/7W+VmQJXHxiokoyxhQ2bKImdy8p3lZJIYY5FllbvE47laCjg+D5XPI1zHqVE3WdufqncuDACuXZY46zKgKOrwDqLLSu1K1TJ+FIEu9rR6zYvDlVZFVnpvWcwGFwrhCvP87H8jauEp44GsOZ5fu57GK3J8owoCqRms9kgTbOJqDiklOT58UT6VrNFmqbHBkZaa6anZxgOBzxffor3njhu0JlQIJcQgk57iiIvWFtdodFsMz+/cCJJOz8zjTNTrGxscbC/R9Jolu1W1w8brSClxOFGSI7q/5fEAJ7eIEUowVcv9vDec2u2xcJMmwd3Z5hqJeXnuvaunIosd+z3BuzsD1nf7vHdP10hzYOVJo4NjUZCHBukACkc1hWYsgUsjuOa8KC0qlSVsaMQUkJ5+YWso+PPyTpcdAQSSN7y9pRqry9yNomxkefFzj8TmVcSHnxehsirgDGG2ZlZdne2GQ6H3Fo4PlnrTs8QJwlra6s0ovhG8kGklCSjLSsj+/cmW09PbVlJLe1Wg48+CpaVn/3sZ7Wa403+PJ7QfiUBHyX41hT+YBcT5xgsHFkkGbWH3ARUa5po4SHtO5+ip2aw/X3ytSXs3mGov4ktuiFw7S4+TyEb4ptTECeliq7AHan02traAoLl/bNPPrrw/vT6fZaWnwOhzef999+/0O/Nzc2RJAlra2v88Ic/5MMPP2R+fv7C270M7t27R7vd5vHjxywtLbGwsHAthezrwFnkxlUyMG4Sk97+iaPy4XBAv3dAlmUUeYZ1FkGomtNKo7UmabXfesnOTaK2ooysyAalRqhHrNh1Zy3ylPC2i8JaW35PJxAbWl958nVVnKTkGA6Hx8icQHI4ioLSVuEBX9tXrPV1AGZNbnhPFN3wZHzkIjMmtA4ILjqkOxmFLTAyQiqJchKpJNIKLpqR2tvfZ2XpKbNzt86sgatwmshRaYUqc1e8D4SJKc/LX+Li0Hr8OtaXnOPU4cJH24wIpEVkzIkKBmtzfHXSCIFQ4XubVD0sHOZvXOUa02V+yKiK46zzVRvDxuYWc3O3wHtsKc8trJ2IikNKUTc7VWi22qzv75+68pMkjRPVFZOCNpqZ6dnQxPDsCdMzcyeGFE43FOnsPL1hyu7OFlmW0my28N7h/WSevRXJIbxEK483uiZLlQxBhL3egDTLefp8h62dAZvTfYZZwft3ZzBa0WknE18Vds5z0E9Z3+5xMMh48XKPHz9eR0iBiTRxHNFIIrSROOfQkUaVIaOV5UbIkPqvtAmkxik38dFzzDnPcJiSJOOTciHcsc/oPUTSo96BcdBFnm+j4z3n/TlxrLC9vcPMzHTdyvWLgm4nWFaWl56yuHgXc4SoTZIGDx48ZPXFCnsH+xMjUI9itGVFvyXP+BNbVkrLijINHjx4wPr6OqurqzXJMTNzcuX3a0dpBxZSoHVClHSwvQMgx0uJj5sUA4c7yIkaxY23qJj5e6j2NKrRIttYZrj8M9IXP8f2dur9EUWBKFJE/wDhbSg7SKZQplFndhydhRpjSNOU3/qNP3ep/fn+D35Y//3BgweXIqtarRb3799nfX2dn//85/T7fR48eHCp7V8U3W63tqysra2Rpim3bp1cA/8mYn9//0K2rspF+LpJjlFcd3/qkWevt0/v4IDhoI+UkjiKiY2h9a6lyN4wKmIjL4p6QBAncahCLL30xhyucmZZHlb3rzAAcN6RZ9nhJKlc+RW8/hX5E+0qaUoUj5McgQ12JcHhagtFlRNR2GIsIDV8rpMf1EJKvHPXk8IeuZieffkFP/nT/3j19yuhtWZ6bp4HH3yIVAolLcW5+3n48+dLT/mn/+h/RV6A3DhrH2bnb/EX/tJfYX7hdlAiaP3KEu/fJUgZCN8qS6fIM9QJTRlHYW1RW4NgnNgI2Thnh/4W+eG1IEfsKRXBcR1/8v7+/lj+htJXU1BUKjUIKo7zCLlud6q2CIwej0moOCIT0+8djBEccZxg4lDn2mw2z/jtm0Wj0aDRaLC/v1+2rYznfwigocHFMfHCHXZ3t+n3eyRJa2IqDign+KXnoFJySCmxyqKNQilJrz8kHeb0Mku6fsDBIOPlZo/5mQb3FqdZmG2T5ZZGYo4pJM5DxQ1W9/7+MKfXz/jq+Rarmwf0+inP13poo9GRKi0pEXGs8SW50WwlqFKpGBZiJLKsiD3384uqtSzkcEDINqosBEG9Mf474bvxvzD5G3Ck3egCo84QDBiOp3cOJ0Qtca/+9N6H/K4rXueXUaC8SjSbTbI84/nKV8zNL55YF337zr3QoLS1Sbc7fSNqhMqy8rbVvVeWlTTt14SrzcMz7tatW7RaLVZWVviTP/kTHj16dOHV/1eN6jKRSqNUjBOjBpTj1sfKouKKHJcOQlD3hBTeKm4ihCTf3WS48gXp0k/Jezt4V1leBdZKyCSyfFwKIVA6QkoTJpvO445c+41Gg48/fHipc+z7//GQ3Lh79y7d7uXjC4wx3L17l42NDVZWVuj1ejx69OhGbCTGGD777DOWlpZYXl4myzJu3br1yrLCrovLkBxwyEe/brJjdH+uMkvRz1eWyNIhURQqYGem31A29A3CaUFkeV72jJf2gzpAtIQtCpzWdUBhNfG/rH/feYctw6RgfFIQaX1iFejrQE1yjIZelbaV4ySHx7nDXAkoLTdV+vcwPXcVYvH2PdbXVi+kcLgoXqw845/94//t2u8jpOS99z/kH/xP//OFcw2UklRxCwcHexwc7F17P16+WOZXfv23gHKSrhS2uMFQq3cY2hiKUlkUx9GZdbFFUVAUI8RGJR0W4lJtRsWIPUWMnOfD4ZBOp3Otgezu7i6NUr0hpbryex1TcZxTo6uNCTWHIyHIVQvGdRHHMfv9HjOz4xLWxdt3WV7+il6/T+s1khxQ5n/YgvWXL0gaTebmFwLZpSDRgl4e7ofd7gwbGznWZkgZTXTwEfI4ABRal/fgcgPNVhImG3FOkRcUhWVju08/Ldja6/P42RZf+2iRVmJoNiLuzHfICkukFc57tCp9cf7w2VkNoArrOOgNQ0CttSyt7rDfy9jZG7C8ukdmHVnhiJMIHWvi2BAZQ2RUqIOVoanAlE1exkRIxaUXDJSSFIWrSQ7rbF0ZK8TxXI6KfIrernnjtTCm4DhHepg0GtiioOR/SUfl+EeIksJafDokiuIrq4Kvq7C8CUQmYmZ6lp3tTYbDwYktStMzc8RJg/W1FzTixo1ZVt5GmChGKkU6GNQtK9XYsNls8tFHH/HixQuePHnC7u4un3766ZuVkVDWVJ90SgvnEIN9IoCy2M6NWFRc2iff3yKavoW44kLDUdi0T7b1gmzlC7KXT8j31kOri6Budcn7mjxPiLsNlB/CSFubLz/T0Wv01vwcs7MXD9EfpjmffvoZP/jBD+h2u9y9e/dan2t+fp4oilhfX+dHP/oRjx49ujFVz3vvvUez2eTx48csLy+zsLBAu90+/xffAFyU5IA3LxP6qmMd3UwSplq/zMy4CIKsvMB5T2PkQTRKbDBCbEgpMSYQGNXkPtQ/xmit617yPAte9Ys83PM8q4kNGKl8lRITTS6odFI4ieTI0pQ4jhEnBI9WsM7Wg6Kqt32ULfWBEymDnDwff/Z1pmdn2d8N/sUHH3w4dlE0W1MMh4MLKSAWFu+wuroChEGdPGNydlFEJqpl7xf5hqamOjx49DErz74ca8K51j5EMQt37pE0GoScjrdz4POmQIrg67e1iuN4XWxe5Ni8wPnjio2KsLvoNeucLTMCyu2X53KVUTM3d7zm9KLI85x+v89Mmb+h1NUHVaEl6+I1ukYbipFaXFVWzk4CUkpwjt7BPq0jUvD7999na3Odra1N2q32K8kKOA1aaWamZxgOh6w8e0JnepbpmTnaEaQW9sr54fT0DOtrL2i1I4Sf3KROCAGy9It7gSmlHKJ8poXvVJJmiuEwJWrEpNaytZciEPz77z/jvdsd2olh6eUuEpibadOINUZLIqPqvB/vYTDM0Vqyd5AyGGYU1vHl8jbWObLCs707wCPQRpEkGhNpojJQNJBfkigOlYUeF84X4a9EbkC4FpXSpOmwJjl8GYx50tu1tKepHG9r9sZVcJnjKoXEjbw+Ts6+ttI0YzgMC21vcq7CZSGEoNvp0uv1WFl+xuLtO8cUqCFY+CEvV5+zf3DA1FsyYXoVUEpjogg7LMe8I8SaEIK7d+/SaDR4/vw53/3ud/n000/fGPtACOUMwcSqPUO0+IBi5wU+H5xrUSmyAdlgFz01c2UlZQWXDRgu/Zxs/Sn59iquv48b9sZaXbKBIWoU6MihTIpICwQWYRLMwgN0dxZnHcM0O0Zu3rl98ePtPTgfiJ8kSSamvOl0OsRxzPr6Oj/96U957733rpVHdhbm5uZqkmN1dZWZmZlrjb3eVLxu9cZRXGV39Lv0MLkpFKVaIrT0lc0kWYaS8vD/HyE2tB6xiIhAjsRJTDpMy4aZUsVRKhqKPMOcUd9VFIFEGWtG8T4EvJ4ja3/dGCM5ys+bnmBXGUXl/86riU+akWXZEZLjMIRUacPtu+9x++57wKEqRCBotaf4+Gufs7H2kiiOWbhzp3oDqsum5EqYnZvnt3/v92uiZJKYnb9FFMf1QP8YKsIGT2d6ht/7a39r4vtgjKE7PRs2N8EJ0i8qTLnyPKpWkEJSFGG1u7IRVNcrXJ7YqFCMBGYGe0r4/eEweJUnmb9x3YT/o/c35y1SnEFylBXTUIWT6olV73Y6XTbWVzFRdKwicXbuFlOdLpsb6wx2d2i12q/V2lfV1vZ6Byzt7zM3f4tm1CK1nrQI2S/N1hRZmgZvv5cTs6pUJIdCgbUYo5HSoZRDaUkR2AOgtAFKQp2tsxS5Y3n9AOE9zUSXxMAmt+faDPOCRmKw1tFtx2zvDUnTHOc9RWEZpjlrW3084fyzLlQIx7FBG4nR5Z9GE2mNVIFYNCaErjobMo60jrgO4RBaUlRNIjrrUEYeszzG0pMYf2krztuE0WerK2dq1rl6Wc+788+52qIbh+9FydDSgxCo8k/ngs22esan5Xlt3rHA61arRZalPF/+irlbi7Ra42SrlJI7d++zvbXBzs42U1Odd4rouQ5GF5j8CeliMzMzNBoNXrx4wY9+9CMePHjAhx9++Cp38VRY59BeolodzPxdWGrh04PSEjhuUfFW4AuJFGB7O2RrT4lbs0ilr6zicM6RD/oMV35G/vIJtr+DUwbhHcJ7ZJFifYw3EQiHjAReKKTN8FJB0sTM3kU1u1gPeW7HFiKbyeWu00F6aLF9//33J2rxiOOY+/fvs7a2xtLSEv1+n0ePHt3I87zRaPD555/z5Zdfsrq6WltW3vSg/suoOODNy+S4LN7sb+M1Y0yZAWOWk3SYhlvtCLEhhDwx+0JJdbiiKQRFkZcDNFOrFPKiQBlzbMJvrSXLshObUaI4fqOJjVGcZldJjrSrjMKYCERQuFSvh9BGU9Wj5kWBJ0iMR1FJrLTWJI0mf/W//m9L8qCsu3O+ZNiDAsSXg7nWVJdvfPtyYUmXQT1w9H7sQeF98DbashbXe5hfuHOVLRzx0R2Kd0dlZ9ba4IO+aMrpL3EiZKk2GFVxVH+Hw+tVEKwY1wl6G83fGLWnTCpgVEpJFFUBo9ezuR0/LgXRKYEFtihqcgPC2ZoOh8jyHnldCGCq3WFt9Tn3Hzw89nNjIm7fucdg0GdrcwPvHO1W67VOMFqtNtZaNtZecu/BIyIFuQ2p/K3WFJuDVWIZh/vghC9hIQXSS4QPK/F5URCVk1JPqOxOykmrR5DlBXlWBMLUOXpphvAe52F/sIO3jjhWpKlFG8kwLYgjhXeeonAU3tYkmJCSqVaCMpLYGJSWmDIYWSnKJpnK1hWyBXKo5wnOO9Q1POtKK1xWXb82TK6OPJ5iBa13eO6ZZdlhOPros3lkrFMp0s6CkJI4SUJI9ynPeCUVUiqy4XBM5eqcI77k5OdNp5uiKMaYiM31NYaDAXPzC8deMzM7T5I0WF97SbPReLMsF68JYmRs508575Ik4eHDh6yurvLs2bM6gLT1mtXp3gscoJMWursA7Rl8b7e2hIxaVHLfwroOkXqJ31olTwdknUVElGDaVyMCbJGT9Q/It5awvW280qEVJU8RgwMAVFsj4wbiIMObqLbJeBPh2zPozjyq0SYbZlhb1OPL2FzuJjjMxsmp6+SFnYWFhYVazVGRHDfVfPLw4UOazSZPnjypSY7Xmet1EVzWqgJvTibHZaGBia2UvSuw1oaHbDkjrAkMBNro2iJSyS4FAhMbtDp9MK7L9pRqpcI5V9fWHao48nqF0To7NlmqiQ04sTrybUA1OE2PtKucSXKUzHWe5bUCBgLJEY6Nx1l/PExOUJNFzo2vwnko21uKkkxwtRTbOXdjAyVf/quwlqKwx+q2nLUUedj6qE/90tspyR84JH6sdXX9Y9iWoyjs6WqSX+LCqFUc5XUM40SkVurauTjeudqHDCfnb1znHr63t0cShfdU6vLqkpOgjTkkOIqirFo+PvlUWqNtUQe2Kimx1mK9n1jyvzGGqIhOlYlDkIrfu/+Afu+Ara0NhIB2s/3aSGSlVMgQ2d2kNTXHQVpWQcug2qioS8HkAker6mqpZLlKLwAVyNjCIpQgSULdpBCBpDCRJjfB0uHxJI2I4TALTU2At47CWpKmBiFoaRNIk4amFRmsLbBFUIkID81mDAQSwxgdqrGVqK1LUoa/CyGQSqJR5EV5/uQ56hqTQlUSJnEcbFPeubEJViI9bePfOI/yJFB9HFmqK45miEFl2ZThHDxn3CiFvBDroKQkbiRByTFy/6wsK2/LIs5FIIRgZnqGg4MDni8/Y/HO3WOZYY1mi3vvvc/L1efkef7WePxvCoEgk4HcCCzqqcGbt2/fHrOsfPLJJ9fOeLgOhABbOKQO102UTIFp4EpywZsEbwxi2Ee5PlJmCAq8SbBS0f/ie/hhDz74Jro5NfbcPxPOkvf2GKx9Rf/5z+rtUTjyjSFKFoiotMmkErs3IDYOwaFNRukEk0wFAjIvODjoUy2YKSlQ6uI3wML6Y+Pdm0S32yWOY9bW1vjxj3/MBx98wJ07V1kwPB+Li4u0222++OILnj9/ztzc3Jvb7FPiskqOt/V5p9M0LbMi3oxgyteJ0PN8SCqMWk6CFSQcI2td/SA2JrrQsZNCltWSYZKS5xlxnNThanA4CSjyjKIYJzYEh9L2txmqDIMbJTnS4ZAoOd2uYnQEPihqqkYan2XEUYS1rr5xjl+Aohxg+/IBefiT4ATx2MJirS3T3IvD8NibvJA9pUrDHvMyOufJspy8XKm/zg3FWne4Kl5Kr6t2DDhsLPglLo7TBvRSSrRSdXAwlMRGGSg8CYyFi0pd59dU+RvX6YHPsqzM3wgD6euqNyooGZosKuLHFgXylDBlHUUUgwFxErP2cp1utwNlI9Wk7nmNRgOZDll59hVT3S6zcyd7h5utNs1Wm4P9Pba3NtBK02q3X8sKcbXNhobZpmCz78d+KEUVCDpZkgNAqEB2KFRpV8gwUtJoRVgXKgOllCQ6wkaWwrpw7zKhytuXirmQkwQwnsAfVZUtxBSFRUoochvyNcqwUGPMobUBauuCEEFpYotw3x4OB0ElmRck11z11lrjXEGIb7HIkuDQeBINSrzbC0Kjny0swuhQuTuBLKrTIIUkjhPyPCXPi1rNMRwOieP4rVzQOQvtdps0TVlZ+or5hUWazXESQynF3XvvsbW5zs7ONt3u9Dt9zp0HKSTWVxk+7lh+2yi63S6DwYCNjY034pi5KotDGeK597AHOxT9PaTNsFbgvEJ7gSTDk2OzcGOXzpJvv0SoCITEzN5Bt6aRSfNYu0oVCu3yFJ/2Kfq75FsvSF8+JV9/hszTQy3v2LgvePxEloFyCOvBWZwymM488a33ESZif7/H+sYm7TLHKr5EfZT3kOWvPsg+SZLasvL06VP6/f6NWZdarRbf+ta3ePz4Mevr66RpyuLi4htx/k0Kb+N0QVtr60yId+nLuCyKSiY9tnIhiKLjtaRRHGGL4sLBoBWMMYeBo2modz2q4hiWcvPRMEJTTpTele9njOQoP3c2TM8mOUyEc76unatUNsaYeqI+fgGW1pNKnXEEvkz0P2xsCYTDqzjGVT3eWT+v9vGqqIIe0zRF6VA/+ioZ9HcRRTmZCoGE4w94Uyq0VFm9O+kBeT5aDzuiFJtk/kYjKe0pEyRRjdakJYGb50UgK0+4xGRp78vzHBOZWq1VFMVESd04TojjhF6vx7Onj5mZm2dq6uSKuvZUh/ZUh729HXZ3ttDK0H7FkucsS+nOhACzhoZ2BNu9gqrzBCgn4v7GBiDV5DZOEvI8D60X3mO0CoN3b1FGorQiijRF4eoBd71L5d8rYjUkeXiMCpkaUgiyPKNQFqUFSWyCKq9sIqiqLp3zeGcRQlAUrq647nY6bG/toI3GuuvlY2ilKHyBJRDF1eM/UtAx16whfwsgjjScxfGrczIbEyOEIsvSejEjzTL0Napk31TEcYwxho21VaY608eaniBkBMVxwubG2i90w6GQCtxh5fBZLrT9/X02Nja4d+/eja3aXwaitPKJKCF++E2yYshwfx1/sIvdzymGDtVxoME7Qdoz6DxHiRzX6pJuP6dYX8Lcep/4ziOiO4+Otat477F5it3bIl/7iuz5Y7L1p/h8gBp5MAgtMd1GCDQdpMdsMgBeKnxzCnX3EcmjbyO14vnjn7G3d0C7PUXjkveD/jB/bXMXKSW3b99me3ubtbU1er0eH3744Y1Yl4QQfPTRRzSbTb766iuyLGNxcfGNtZldVsUBb18mh64Gknmev3MPkMvAlqvpFbkR1BInt5JIIU9diTwLQoh6EC/KYHbvVwAAIABJREFULA6tQ0q0Gw7J0oyoJD8gEAHRFcIIL7tPR/EqVvYr+XWWpmRpkKZmaUaSBHnyUWRZirUhtBAhMBdQswSrxtmf5ejnP498mBRO+04nue3qGJ802X5d3/ukcPLxu7lJHpQkmPfYLEOW17LWh20TSZLciJw6nMcn18MOBgOEENfys+7t7aFUCHFUUk+kNaiCUgopxGElts1PVYiExqmC2dkwkB8lOSYd3tVqtWj6Jnu7O+xubzM7N0+zdbIUvNOZptOZZndni+2dbaIofmXVss574rKxy0hoGcFW3h87hqW7DokYU0hMApVlBUBrdWgfspa8zGmoLFqeoP6JjKawDinCzrmqPQXCrb1S3JU2PCECwYEIyg9bFCitgnJDiJokqRrMRDnKGlWkAcyUVYU7OzvMzV5tMihECMN0TtRtKs5aGkbSjd9t5UaFMbXjBbI2Jg2tg2IkSw/DRwtr8VlKdMqYrEJlqnpbIKVkZnqW/YMDhsNlFm/fPfYMabWn2NnZPlSY/gJi7HOfcY/LsoyVlRU6nQ6ffPLJK9iz8+EJRKkg3PN0ZxZz6z3csI+OhqhIQLuFtzlC5Jj5BOlzKIa1nUTGjmy4h13+KemLL8L8Qx5XcPg8ww0PcGkfa0KYKGlKNlCIZoSKNTLtU/QdeRqjpmOUzxB5WCjJU4WTCfF79zHdWwgp2draZWtri8EwJTLqUsriH//kP3Pn7r0bqT++DGZmZmrLyp/+6Z/y6NEjFhaOZ+BMAnfv3qXVavH48WOWlpZYWFi4sQyQ6+IqVhV4ezI56lHjoUf6bXo8TA5aKWwVrIU4lrY/KZiSGEmSIMvVWhHLCGNUyEWwNpAaUoak8RuAKOstpTqeEO8JXjlnby6fQaog6ZdS0mjEdXiiNhq8Ryo1RjRkWVo3MlyU3Ki3JeXxfA7CMRBCIKSoVwEhfH7vQobFaFjkpBAadlS9/VF4PM5W9pXJ3DlGyY3KP63KcL6jcN6V23dvLNmhVOXDP77/VfZIZTuaJCqFT5wEwsg5FyTbIgTlKSUQIsL5w2tnUvswbk9RYyus/X7/2vkb+/v7xKVdYJLqjQraGLK8suadTnAApedeYe1h8OhNEBwQrodOewpnLVtbG2xvbzE7N0+jcTJ50Z2epTs9y3b52iRp0Gg0Jr5fFUKD1PjAsGnAZj2aSXOsT0AKsN6Vq4WTxei5JVS4bymt6hDZStFRhT8XhUVphS7vPV7Jep+kEFgX9vNoMLTzoX2lKK03riRNAgsS9mOM1PAgy+fYKLrdq5/DsrSfaKVqAgdnSbRECz/2rHhXURFIFSn5OjLalFQkSUKWZVQLoGmaMbTBsvKuTfSn2u2yIvop84u3T70H/aJi9Ps+Kxh9dXUVay2ffvrpq9iti0MInAcjBHFnHnv7Awabz5FFBt7iBVgrIZeotkc6h7fUM0jvLX6wjz/YwmaBjPBK140nVUhC1ZCC8xSqjRQGoX2d2QRAnkEBHn3IBpa/670G1SZZ+ADTmScvCpZXXnDQ69NqtdCXyN3Y3Npmc2ub7vTMayc4AJrNJvfu3WN9fZ3Hjx/T7/f54IMPbmRb3W6Xb37zmzx+/Ji1tTXSNH1j6ouP4ipKjrclk0NrpaCUAha/yCqOcvJX1z2W9pHJbiLIbbVJEFA/uJVSRN7UE1trLUVe1JNcKavJ8PXOqDBQCSyyMRqtj08Uq0likYs6l2KSkFKWBIVGqhAU55MqgCgMpGxhQQq8HSE30uzS5IZSKqw6qhCaNh7RIervY3TwFlpOfEm6+ImSPFKWwXmRQanjyfLV5IBc4PNi4pN0WX3vRh0/t30VvGqBvM6AeZMglSyVVaUFZPTw+UDQhOMHtpgsyVFYC6KqpzR1+OGxbXiwUjLJYzjanhLqYQOcc6Rpeq2ViDRNy/yNINnUV6yjOwtKKcRIRbS1xbFgvcPXlkSLDrWxlUz9Ju7HFaRSdKc6FEXB5voqShlm5kKbwUmYmZ1nemaWrc0Ntra2aDQbNE557XWQZhntE1Z+Wm5IoVqklkOSQxCUBx6cm1wex0moSGGhQ+i2sS4EYhcF3nl0ZKAkMrRSNTnly1GRYjzPRiLKPBFBURQIRFjxHHlWCaoRlShDR/WEa1oFSoZeGGvzQ3IDkFjaWl6rneVtQ7ADVcqb10PsCCGI45i8kGNVssM0JTJ6YllBbwqSJMEYw/rqczrTM0yX1rTewT6uyN85UucykOrsqliAtbU19vb2+Oyzz964YFbvwZV/RlNzCCEZLv8MP+zVjSp5X1MMFQkHCO1A62N2krH3NHHdeCJsXltLyFM46JNvDVGdBDM7RSx2EbYP/fC7JgaDhbLFsWpXUUqjW13adx8RdW+xvb3Ly5dr5HnB51+/OGnknOPHP/nPAPR6PWZnZydyHK8LYwx3795lc3OTFy9e1JaVmyBgjDF89tlnLC8vs7S0VLesvCtz7Dd0DXQMWmldp9dXK2W/SDfSqk2jOgaVRSXPM5Q6HLRen60SeG+D9FWb8jjX9Gn5Z5jgZlmOsw7vLVKpWu1wnX3wUFaj+tIqozFaj61+VUFw1aQ+ZFS4iZArFZSSh+n4pZLhcPth/3IhyLKcLMvHghuN1kRxdCw0NOyrZ1T1USklosjU2znpE8gjRIP3vpRUhzrX0wgOIUtZ9Qnv6r07UYEhpQwTAqPRSiHk6HahIngCyWTBVUqTE3fhUqjUG9poohMIgiqTBDFKdExqu+I4wXQJ+FJ3XB+/qGpxGH9Nda5658vrpwqfvT4xGFqPgnqk0YhHyMGj5JjDZ+UKyYRWPs+yp8Bk8jeS2ITKxhsgESrFWFFnceSnEhyjqOx8EJ5NNx00qLWm25kmzzPWXqwQJw1m5uZPVPMJIZmbXzgkOrY3aTVbxxQX10GWpTSb417hfv8AHRlmG57nPXB+RLFRh466MnT0ZlHdv5QOKooiL4J9JS8QWqKlqquoq3HF0Yyl6hqRCqwUOB9aS6JI1/dCQVABCakmTGpUHyQoN6QUuBHrTZYV/z977/VkSXbf+X2Oyczryruu7mrf4z1mMCCGAAiCIEESuxTJXYq7r3qSIqQIPekP0YtCig1tKBTLh1Us7ZIEQRAgDGEHbhzGtC/v/TVpztHDycybt+wtO91Y/CJmuqpu3pvmZh7zPV+DLwwjZZCPw2juFCqTeOzsEw9rvLMEHUeVd6vsVqQ/23bf7Pn+kc1KPe0hEbTCVg5yiPQzftkSAJVSDAwMsrm1ycbGGkJIhLX0/TfsvwE7GBx7yKY2NzdZWFh4ZHw39iprITagrEUFFXqe+jT1Uo3Ww/cQzTraNx1yFcJwd+JJw2C2IvxyTLIdE6fpJ/glEhUQr4YoG6GVJahGCGmQdYkwiUtmUT7JagtRUuiqQjTrxA1IjEaXBaVLN6hcfgZV6WFlZY2Hk9M0my1ef+2VI53r93/4k/znRw1sAhgaGtolWRkaGjqTfU1MTFCpVLhz5w5TU1OMjo4+ctfkOCwOeLQ9OSygXb5827Xa0WIfTVOU064wDHcBG+AGU572Un1wWyd83HITxiifZIJrsBfnZ1icmyEMQwaGRrh280mkNG35hEgn6Z7n5CQnAJ6yyVcSOx8BKSVSSVaWFpifnabZaFDr7ePWU8+6ONHM3E3rPJLvJOMIkw5wBJk0xJ3Pg3u3mZueAuD6rScZGWt3Tsa0wQ3f83J5QMZ+yGGhdHKeJInzUrGpMZ5yxnfOoJVdE15jLHEccf/OR2xvbuAHAU89+yJCqhREEXs+wBl44ibZOy9KyoBJko5JdrbfYszezNR95memAZi4ep2RsfEUyBJu/9oBQuKkgKN1q3DYlA0kJY36NrMzk6yvrgDwzAuvEJRK+XnvV26yKvNz6dhNyv7JVv6kFDmLJovhPdbhW5uDc9l9aUzCzOQDlhbmALj19LP09Pbn10+ITJ60t0TpKBUnMaVSkLKenEeFlIokjph6eI/V5SUAnnruRcqVKkI4M8RGs3kkxtGe+47D9n0rVT6wBwdwSClPBHBsbm6ipEyBwLNbWchMWLtlyCWmDbAFgc/Wdt0ZuJ5DipTn+QwMDNIKW8xOPaRcrTE4NLznirFSmpHRC0SRAzpW11aoVnvwTxoLbG2eYFGs+vY2QboCdLFqmdqGZAeY4Z4P0uf+fEoIged7aKtTjw6Tsp4cMB3HsQOTPd0BUFsjkCntWStBoiRB4EEaE3tmoEZ+4Onc3boEK1O473xhGK5KqqVfLqZAN9UBcBhDYiwGkyfitEGLVDLQ5VfUajbxfD9PpOu2iu0BQByFGKXdeNX3Op6THRkRj2X11I7vqfTLWK3UTBtIVzPaUbFRFDE9PU1fX98j47uxXxlj07GpT2n0GiZsYhpbxEtTSLGdy1UQ+ySedKxKFf7LtggjkDFCW7RvnTzQQBI5FjOq/Rk5L0tp0BW8vlHKo9cojV6nFUZMz8wxNzfPtWtX8P3un9cPP7pDnILEw8PDj2xkaq1Ww/d9FhcX+fDDD5mYmODy5ctnsq/BwcEc5Jibm2NgYODMAJXzrEfZkyOJY+fBoT0nj8hM3RJjzsz/4VGoKIpcxn36rRSNRZ0PSRuEyPwKjgNwOFAhSSeFLtJUSpFPut783nf4+Zvfw1rL+MQV/v3/8D/he0F+s6jUq0KndPiTrlRkvgA2Nnkz+fMf/5Af/cs3ieKIgYEhBgaHGBoec5IdJVNJTcogOcG+TTb5TZJ8Arqxtsq3v/YV7t5+Hykkr7z+Br//R3/qZCqJodV04EYpCAhKQUp3VrsYGdbaPLYwiTOQw6YgitvXz3/8A+599AFRFHHrqWd46bVPIYTi7kfv87W//UuWlxbo6xvED0rcfPKZQj8iKPYgLp3EyUy0Vqk5XieVII4TRCSIbJSbnGabpHJymo1t/uUb/8j77/4crTTPvfxJ/vW//fd5F+bYAk6SsVNjfqzrn7IyMmDi4f07fOMrf8Py0gJKOaPb519+bVcf6o67LedxkcnObHAnA8VaJ+2J45gkMU7O4Ts5x16ASLeVMVriKM7ZRMuLc3z9K3/N1IN7SCn5jfqXeePzXyQ9XKR0DJnMGPEkN6+OFRbytiC7p2amHvBPf/dXzE5P4nnOHPG1Nz6XG3aSTlJPUkV5ipCdg4xms3kic1FwDA43oTwb/42sslSfDFBOkujga2Ntzt5otUKSOKbeatF7wDGetowl8AOCwYBGs8HM5H0qtV4Gh0b2BJo9z2fswkVarSary0vU69vUKtVjX9MwbFGu7HZ6b9S36e/rz3+fqFoebnUCHA7c49xBDrfvDNTUJHHi2JGZGalyIFcG0AghEDu+LiUlQntnC2qk5dglCdYmHU14GMb40lL1LYE4f5PNR6GKbXUeN77vxp2pb/uWtQSlgCgMMUmC7wdd9wnZtm4BLkuhc/tshRGetqeatvSrenQqjlpEURvgUF6ZYozKzMzMo+m7sUdZC3FinJRPS8pDl5DWshGHJCuzuVwF2FOi0pF4UtLIoIzYciahOmqidyglrReQ6ArhWh3dahFUG+1tUrmKqpXQAwPUbr5AafgyQggWFpeZnZtHac3F8bGuz29tfZO5+UV3eKUSV69ePe6lOpfyfT/35ZiamsolK2fRlpRKJZ577jnu37/P7OxsLi8+C3+xo9ZJx5GPErAB5BH2Gpyhk05XWUg7EVVgcWRxnI97xXFMFEW5cVkObCiF8rwO6mQ2mcuo6EednLlVVwvIji9f5P+DzY01osh10tubm7vukkyDLIUgbDX5yl//lyMdQ1ZBUOLazVs89dzLTlsrTD7j3t7apNl0Ld362ko+qYBsBdzJSU4qkTHGImVCuEO6sTg/61aIMKylbILiBKIUBJTLJXTqGZIxOJzkJwVqhEBZS5JIkpQqHcdJPqc1xvDOT9/kzofvuc8sV3jptU/l+1heWgBr2dxcP/Q8MlZC5mHSKd9pw5kmnZQf5OGxOOfOPTIhG2srFKciUrXlLKchGTPG4fVFU9mFhVmwLnq3vr3dsb1IQYLsORAZuCFlblDb+UzYdB/kK3sZe8NLXfGPDXAYx9ywppOOPD8zTZLEJIm7d4u10+/k+AiHxXpeAaDq/Jy52WmMSWi1Era22hrZOI5zBslJqmgwWlylTJKEZrN5IuOqZrNJo9FgsK+GlLvZAqddWR/jJkM+2jP7xkIX2+KN9TV6evscS2sP8D2bRGfMNM/zThWgL5ecx0aj0WDywV16evsYHNr7ugdBiQsXJ2g0GqwuL2IadaqV6pEHMa0wZHC4v+NvcRTt6StzpWZ4sCV3gRxKQvIxgRzgpCtKKwd4xglRGOP7GmPZF8A468FexjBzAyBLqp4jDNtAoi+hGihGK2ebYPYoV3beXQEXgEj9VTKmXp6MA/kiQFFuGgQ+zWYDPwi6lqxkqXZh5seRevpkzOPEGALfbfOIjbd/VccsY2IajfbYRKoAWWAazs/Ps7m5ydNPP30m0Z9nU4LYgDCgggr+8AQ9fkDj4bu5XEWYxP1X3yJpsWfiiYha2Cgh3BSIciWXnKC8XIoi4xgVbBCUEvA9TLmcf76VTvYSXH6G8tXn8XtHwC+xXW/y4Yd3qDcafOaN1490Zm+9/W7+87Vr1x6b9nNkZKRDsnLz5k36+vaOjz9pXbt2bZdkpXJOqWx71UnBjWI9CpIVY91Cvva8doqKTinEGTpuTEozjZ3ZoUwnNo9jJUlCFEWpx0Ab2JBS4Hl7x2hC24BSSsH25gatVvNEppt+ENDb24/JKJ6Fyb7zu9h5Z4j8nygMmZl8wOL8zNH365cYHh1rAxQ79bXZz7Q9LIoTOikFrWadOx/+grXl5SPtW3se4xNXuHL9JsbslrkUr2fmji1wkYR+4FMKgrZvhHbf04fvvc2Hv3iH1eUlhBBcu/kkz774MoPDox1yhKxxFdAB3CRx++didWdKKXIWhhCCh/du8+MffBeAqzdu8uIrrzv2QAp8FGMWd1YxpWXnfZVLeYRkdnqSyft3WVs52rXP6pXXP83I2LhjXOzT4ezcfwZsFdkaMgXbpJIYk7C2spS/z137Ntspw30y5sbC3Aw/+u63qG9vd23+GQQBQyOj/Prnf7t97IXDL9LJi54nWTqOTFkwSinWVpZzMPG4VanWqNZ6OvZl97h/szrpZC2Jo1xvLISEwkSgmVJ2T9IJb246QKYUeOdi2Jf1IVkkdxJFyP3SqoRAKU2SxHi+RymLjE3Bd4ub8MdxnE9msklPK0lSM9rTnaCWyy41pd5o8PD+HXr7+nMjwD23nbhCo77N8vISYOip9nQFeFnrJuA7kxTq9a190736fMtmCEkH/Spjcliw8kyNRw8qrXUuXwOwJgF5fqtWznjVjQGydltJ60CxjC2ZAddKUvUFg755JAZrH1e123HX7mYMzmxBIf/7EZh5SimiMCJK2lK1VrOJ5/ldL6Bp7SGEJAxbuWQ1KLlnotVs0Wg2CXwfpVR+t7darRz4/FU9TmVp1uv5b0JqlN/2ONrc3GRxcZGJiYlH1nfjoEoSC8pDVfool3tc+om1JKtzmPoGptlAJiFJLDsST6wVJJFAeAKUW0wS6d9NlC7mZFKU9EXtJ1itMaksRZSqyJ5B1MAY5cvPUBq7gbGWeiOiXm9w5epVBvqP5hPxiw/u5D9fvnz5kfOZOKx6e3tzkOO9997jypUrXLp06Uz2NTo6mkfJzszMMDQ09MhKeY5aH3e/aZIkTyvNRxlSSLT2iOOILCKsOBGJzsHk7bTLGEsUhblkIesIhchSRPbv8IoTfGsN3/qnf+DeR+8Thi2ssenKajaJ6hysuZhIl+Lg4vTc6xcuTvDG57/I5Ws3j3U+zUb98I32qDBsHr4R7FjmSyfo6c/373zIv3z9q27V/9ASbuKbruo8/9KrTFy9nk56OyepHbsv3G8yBaKUVnhaobSmvr3Jt772FX7+5vc7zunu7fd568c/4Nc++5u8+unPkpNnuq18v128KaPgpDP4X7z9c97+yQ8AmJ+Z4omnnqPa09vB1DlWiQzkgDsf/ILv/vNXaTYb6WtHY0PUeno7vE0O3bVwMZAucUV3yFGiKOTOhx/y5ve/w8zkA+IoYmBomM984Xd45oVPFKQobXAJAbfff4+f/PBfDox421lSKfr6BnnhlU/S09d/pMvZBogEczNTfPVv/py1lWWSJN61rVthbkcV78Vk8HyfixNX+dIf/Bsq1YM7bpP6wJxYnhLvL0/J/DdOgr5vbGzkchp1TokEWmuSlPIexTE6XZXde1vF0tISMgV2stXaMAxztiF0+idlqStxGl/qe96pswIq5TKVcpnt7W0m19fpGxigt2/vwUm5UmWiUmV7a5PVlSWklNSqtQOf343NTYaGdzNEtre3Ke3jwN7vu6yLemSJbBHkBaWEi/4258vkKJaLlHXPfpwCUGdZJvdlitvAuRDYJEH7Gk8rSoFuA7lKoQSUtWXAa8c8i5R5EMfJYxONdxrlItxPPxnI8z1kIglbrRzkiCK3oNatZMWBGqU0WaVEnMSErVb+7LfCEK0Unu8ThmHKpHQx376/f3vzq3q0qlGvk5h2H6i8NrhR9N144oknPo7DO1FlLKMwMngKtJZULz5JMHyZzZkPaM7cxi48xG6t4wVRR+KJMZLWtucSUvq9PCHFbEmaGx7aj3IpiilV20krUROVsT8Gx/FvvkTvxafQpRqJsbQaTba368SJoa+3diQWZBSbPB1kcHCQsbHuZS2PUgVBwOXLl5mfn+fhw4fU63Vu3rx5JsEb1WqVF154gbt37+ZRsqOjo+ca8nGa7A3oBDY+DqAjjmOU1nlH3THKcEZwUT6QzAABcOi4MeaxSFix1hJGUb5CXhwAe76PVvrIndz62gpLi3MnOq7oMC3rEerixDWef/nVPWMEAT54921+8fZPO1a5T1qNRh2THPHzrGVjffXI+xJCdHhuWJvwD3/9X3jnZz/acx9Li3P849/+BeVqlWdeeAVrVZqG0tXOjv0kNurbe/582pWDG5AavXV/vPved/t8hqO3Zwatio21FR7cvc3M1CRTD+8xPzPlgNC05mYmO9go+1UR3MiMUw96DtUxntPiOWQgS317iwf3Purq3k3HEHtWnHr3dO5o7213xg8fp4rylJ3pJo1G40TmopD5b/g5uH0epZTzrckmN3Ec5Wj7rm2li+QdHR3N46KhHdmbtesCgRf4SCmJIyd/AUevD1OWh++nr6dJYadR1WoVay3bm5usr60yMDhErWdvRk211kO11sPmxhprqytopalWq7vukUajgecHVGud320Sx0StJrUDqKwDvsVagYgtoe38XCkAmRoyfwwoR8YACFOZSmLsqftsWAuJcT5PWb8npEjlkQKtJUHZJ/C9nOnX9sSS9JUEg0HmzWEwNost10Rxkn5ulqxlf2nZHVmSylmVUopSuUwrDHdIVpr4QXcpK1LIPLFIK40oCQdypAzkOEmI6nXnxSVEPqZtNJtnAno+KuX8r5LHHsgJWw3iuN0ZK7/SYbD9OPluHFRSShJrIXGSQuUFVEeuEVQHiUZvED14j3hrmTist6UrWuANl5DSIOubeUKKLfkEtoGgMM6KWghjMEEZ7Q/glfvxLt7CGx5H9wyi/DKtKKZeb9FotoiTBCkknu5+nmeMJYoNtVqNIAi4cuXKWVyqc62xsTGCIGBpaSkHOc6CkSKE4ObNm1QqFe7fv08YhoyOjp5JbO3OOm1wY2edd/+Y+W7IQjvR0cq7+FAXzReUglyDnw8s04Hix12JMcRRuGckXxRFTo6wY3XPUZaP1+gLIbl0+SqbG+u0mg0219eJonbjW6v14hduyJWlRYprZYPDowBcvnaTUvl0tFb9g4O88vobBKXSLtRMCBd398F7bx0N4Oi4NLbj5yvXb/Ebv/37LC3MH/oxW1ubvPWTHzqna3ZT97s6lMysLo3IffunP+K9twrRUz19DI2MAZYHdz8CoNVq8q2vfYVLV67R09t/rP0etTokPuf0RF+5fovrN7vv2J9/5dUj7kFQ/P7vfPg+X/2vf06rCLLsrCOe+80nnuHZF1/BO6A90dqjVC7TNzDkGFFdrj87ENbmk5i+/gGee+k1luZnabV2s5lWlhY6fs+e12JVqzWuXL/V8ZwffAwKOD64mCRx4dkVCOUVXktotVonWiVpNps0m00G+2pnmp6yV2mtc+PCOIr3BTgQgtFR913kEsoC6J77bRQYN75fQsk4NyMEB3Q0Wy3HIkjZOl4KeJy0hBDUajWMMayvr7G2usrg0PC+LJ+e3n56evtZX1thdX2VQPu5+WocR/h+wNiFi7vet7Aw15XGfDCwrCAQiaVlCg26AAnOoT8l1533/FxqRZLGT5skQZ2STCUxFhPHnUkbwhlVe1JRqQRUK4FjsiRxysiw2FSra01Cr04QkWFtW7q0IiFT/yvnhVSpBGitaTSaRKFjdGQszV/Gys7qrKbIQghKQeDGa/EOycoxUlaUVJRK5Q4Z4traBkoKaj3uWcwYHmEqV34UxrKnVZlUNAxDEMKBRalU53GrOI5otdpjDalLyEL/93j6bhxUwoHORmClQpb7CMp9eLUhQiTR1gpxaxO7sYptbGDCEFGuQNjE1EMyxxmhBLKikcJHZm1rUEKWexG9A6igB6/aTzDxJPhljIXtZkyzFaamvQYQlIKj3TPN0LW75XKZq1ev/tKAh/39/buiZM+KmTI+Pp5LVjJfjpMuYD0KdV4sjiylc6ep+647UWuPJHG59VprByYUAI7T1jUftTINp4t1C/NOaj8DUZVSFfczs9uvsi/FDWAEn3zjc3zyjc+xvrbCT37wPX703X8GoFSq8Dt/8G+YuHIdz/fZ3Fjja3/7V9z96BeAm4h/+Y//HaMXLqYrFxVnxnjCS+j7AUGphEncilI2+ct07v1Dwyf6/CwVw1iDMZZKtcbLn/z0oe8TQrC2sszU/bua/QRWAAAgAElEQVSsLC8cuv2+nyOFM8VUikZ9mze/++18wjc8coHf/cM/YeLKdYQUfPtrX+E73/gqYJmfneatH/+Iz3zhd1KWwEEX+myfvLN4SqRUfPpzX+Dp5186UsNhjDPXa9MOu39zs9HYExg4ST370iu8/NobdLMSmh27NRYrD9q4HcMrRdusdmhkjC//8Z/uYnDEUcTS4jx//p/+I1tbGwBOhvLf/QlDQ8O7WBOe76OUl1LXDz7mk06eiz4xYsdEcDs1hO3v7zShPEptbLjzLQXeuUSvFktrF++YsQTjODqUQeJYJs6k1JnXevsO3pXWKK2J4iilsWepC2mCizEkqS7f97xTATqklPTWekiSmJXlRVZXVxgcGt7lo5FVX/8gff2DrK4sYa2lUi4TBKU9QfvNjTVMHON3aUQ2GFjWQwHxbpBD4Hw5XPvuzJDPq5SUJGQpOolLGjpmJcamUtBOyVkUuTjawPepVsqUAh+lnVdEq9lgbX2d9bV16vU6URRD1KA/nGOyueWO0QvwyjVkUMXzS5R8n6HhIYaGhxgcHCQIfHzftQHNRoswjHI5y6/q6OUASkWrKFkJw1RKdLRxmzFJPlbNkpf6hgbydLywFXYwPEwKAjwOrOSDKgO8s/PIzrHVauF53mPlPWKsodlsM2GF9FBeG9Te2Nh4rH039itrIbHWAR3WopXAq9Twbr3sXk8iwrVFwrl7RItTgCDSWySCXH6CiTHVPlS5H6/kQD1v6CL++HW8/hGkTq+jEDSbLeqNkHqj2eEpVj4quNFqj6m01r8Uk/JilcvlXLJy9+5dtre3uXHjxpnsq7e3lxdeeIE7d+7kkpWTmMgfVGfN3ijWeYAcJtl7oWzXCEMI0UGPyVITcm1zCnKcd+UARuFKZYPdKApz2m0b2JBofXwE20W82vThN/hBGbCMjU90bOd5Hpev3qC3fxBrLbWeXgaGRiAFOAA30K3U3GcmBdPAUyhjLVFKS3SrTVnKyMnLWkMcO4DHJPsbVBYrA3FOunKQ+U9kRp7TUw/c34Xkjc9/kRtPPJ03zJ/5wu8wPfmAe7ffByx3PnyPN37jt9pml7s+PHdbPcZxHettx6r9GAsOJOv0aDis8phYT+C+GdF1y3Ph0gRf+NK/7khx+OG//POJQI9KtZbHvx4mJXIxwA7I2wk6dG5nkEri7Uj8McagtY9VnecalMqpT47u+Nv4pQmk1HkSUjHi1hT0/PvVaQDAHWlGOzxBtra2qFQqJ1q92tjYcEa+/vkYjO6sDOQAx+Lo5hi05znwotvUhRQEKcqKitLLVrNF0xin1z8l4F4pTV9vH3Ecs7wwh9IeA0PDlEp7+xkMDB4MRDvAZInBgcEjHUefb/EkbETQTDrPK7NBMlgkFntOBqRZEtdxZSptUCOhCNBmCShKS0pBgF/y8LWHkJZGfYv19TXC+iatRp1Gs0mr2XBjhiShP1pkI26RJCExAVJFBNtboH2U0mil2VyZZWHKPW+lngEGBocYHhnJPaLiyBmY/groOF5JKSmVSoQFyQqBT9JIJStdpju5uHObg5r1uhu7Zt4e5XKZMGwzbzNml3+IH9ujXMYYwlYLhPM9y9q2zHA5StOlgseErdJq1AueObLDVDSKImZmZh5b341uyjUfkihxYIeT0LkxgNcziNIBwehlIGV5JhEiCnO/O6t9pG6zGqVfQZarSOUTxglhK6IVRoRRnPrStNsrTx8tLTKKzbkC5B9XSSkZHx9nZWWF+fl5tre3uXXr1pl4FGmteeqpp5iammJycjL35ThNttl5ghvn4cnhcAC9a35qjdkNcOxVjtWRgLVEUYTWx9fGH7WMMengIfXT2OEL0grbGk5wjaKfDoRPUh2u79g82WMX2i8EKnWJdx4lYtfk3tHV3WTOGov2stf38UAgi+aUadTaAdfaLcWlrub7fuSxyqZospvUdeMp4NzphTjZYWTAhIsWhZmpSUy6UjcyeoGnn3vJgU9JggX8oMQLn3iNe3c+AGuZn5lieWmB4dELhRPZeWKnUbZjwBRHUUqR3d9ItdtKEoNSe0/83fdg88n2YRfbWOs05V26DLaZO+6/67ee4vqtp/J9rywt8P67bx0r0ScrtzLnziGKY0yBhbT7gIq68GLqT7vmph/y/js/Z2z8IlIqgiCgXG2DikliOnxClFYIoXel3FhrUdI58OdtgGjb7QKHxs6etG10Wv82eFWk58ZxTL1e5/Llyyfax+bmJoHvodTHM/DNpJDZqm2SJIeColLIIz9XUkh8P3CMjjDMkxeSJOkwJHWMgtPT5mut6evrJ4pCFudm8IMSA0PD+6ag7FVRFDI/O31sIKuiwZOWpSZEpqjMxklWhGNxZPe/MeLMgQ6lFPERZCqJcRKSODG55BE6Y10F4AUe5XJAEJRQwhLGLVqbW6yvrjA/t8DW+jJR1EDi2kBJQl+ykjNchASDxCQWGzWRsg4IrJVsrmX71fQNjTE+cRlBQlCuUCpXqJUqNJshjUaTJI5/ab05zrKEEAR7SVZaLTzP7C9j21GZtCXznfKDTuNS3w+QUrajZluhm+yZxwcEKFYURdgCYxnA9/28fQMH5DQaDYIgeKTZKq1mozMW3St1LATOzMxgjPlYfDeyha16vc7Dhw+5fv1aB9vu9J955x1kLWn6oECoEqK3jBbDbvImBDsX8YrMc2MtmxubbC+uI+QWfhCQxM582xjLzMwMKysrAJTLJV547um9j6RjPyLfj8WilEyP82waPeepIHZ1+xbSBeizl6Fn5Rh8TrLy1ltvcfPmTYaHT8aU368mJiaoVCrcvXuXyclJRkdHzxWYOIs6i1skSZI0MXH32DGO4+4ADqWUmzSkA8IojvHPmMXREe0KhQQUge+7jq8IdoDAD5yB6GmVo1EnCAmepzsiSHfX4Q95ZlCWxZ3uOVpPJ/YZmCKV3AlMdW6eelVIbAqMnDLwlLIouplcZNFxp7Jb4SJSrbXMTk/mf5+4doNSpeI00MZgLShluXbjCWrVHra2Nmg2G8xOPWRkbDx9qE7xySo09tYYGoUYsyiOaDTqDOQJKMe7FkliUjmOPqBRcCAY1mIP203i7k1rbVcTmAwUyCYi2aAok3/09g+empdMe18Hs1FcBy87gIbiaU9PPeCrf/PngJtcjl28xGe+8CXGxi+lJlgxUei8efJoQ23TOOw28JEkcXqNRN6BZnKtdkcvOGgufnJz0aI8xet4pjJ5ytDQ3vGk3VSj0aDZbDLU3/Ox0pczXw1w53yWenElFapUJo4jhJRu3zt8OjJD0ow2fxrleT79/T6tsMXs9CTlSpXBoeFDV4y3NtdZXl6kVq3hdzm523P/EkZKhvVQEho6JSu02RwWkNLm0pWzAjqK3jRJEu8rU0mMW0w5CNSQSqGkQHuaIPApl3ykEmxtbTE/P8PK7CTbGxvESUJoNOCjbB2LopI0sEDDKCRQljGebRIaxZbRVEkQUhPKMoGtYxFEsszG2gqtrWVm7v2CsWu3uHjlOpcvXSEIfASWZlPSaoWPbdpKdtgfF0aTPXudKSuZZ0Z3KSue9sDChfELaR/Z+brWHjLdR4dPT7NJEHS3j0ehojgmMaZDji2EQGvHyouiMPciytgqXhqf/ahVHIWEYdt3Q+lSh+/Ux+m7IfIxMKyvrVIKfObn5hgZGaFWqzkQ4gxMh9P1xdxUXgiBsiCEY5ZLAVIJJO0hgrFgEsesUEpRrfUxM7fIw4eT1Go1JiYuoZRmbW2NmZn2AtXrr72cmy3vPn+Rmqa35yJhZCiXlGOQRxFx3MkGOY3SaZKf2uO4rLXOtyqKiZPk3EDlarXKxMQEi4uLfPTRR9Tr9TMzVR0cHMxBjvn5eVqt1okBlY8bJDlNFkc2p9kL/I6jyM2ju/0wz/doNd3AJJOGHCVGqNuKo8ghjOlVKIIYWns5ldjzTE5x1p6Hp0/PGyQxCVEY5uCKMS49+jwA/gywyDqrIj1+r8oo+e33nw5FHlI/D+liJB3Qco4df3re9a1NFueyhlgwmHqLZBKirPGvVHuo1HpyL4XF+bnsY07tgRKFybFIjbzq25v560kcsbayzKWJayn7JPvuuj8Ai2NPwME+DkLQtYbdgYWQhN2j3XGSQEgufQLQnutwzvw2EG0Yo/gMCHkAM8Za1teW81831ld5/dc/D6TAYpzps0XhujkjwqI3h1uBbXtsFEEON3g8+xWwIsCxU56yvb1NtVo9ET1ya8v5DQS+hz7B5PmkpaQkhgKLI+6ajn7cKgILKlAkyQ5D0mbLgedBcKqAS+AHBH5As9VkavI+tVovPb19OaPDWkOr2aTZbLBd3wZjGOw/mixlv9JS0OcbWlawFUJjh2QlI5wJnAmpGzicjRGplG6i0JapmD3HEUoKsqegCGy4vlHkTulOZqUJfI3AMD89w+ryImtryzQ2193qPB6QENAkMHU8m2CQxJRRIgYMjVgTyMS18SoAGgiboGnhPPQsihbWhjRiwXYoMJMPadXrbC4vM3HlOpVajXLa3kdR/FjLVU6ZDHqkklISlEqEKcMLHEPXsRC6k6wcNomXQqKUxpi2LObj9pc7ShljHEslPV7nteF33HOe5/xFWoV0mRwUOeOUFaXkvhPmneXMfiOqaUqFFBpZ6JfqjQZKCp579mnGxy/ueK/dt50S+wwXsm1TVceB25D2+0pCvb5NX2+NoDRMkjiJR6tZd4s9RmByOetZqJiLCzsiZZlaEgOx3WlwL8AKZ6QM3Lhxk1KpzAcffMCdO3cYHR3jwYMH+davfeKl1NeqPe/YWVnalBCCer1JpRI4YCcxjmVuQyK7N3stY37sxzTZq6SULsrb99Ge2rVwa63zW2rhGMpJt4mJp1Ce53Hx4kWWlpaYnp5ma2uLmzdvEgTdszO7rVKpxLPPPsuDBw+YmZnJU1aOwzT9uMGNrE5rTpYk8Z7jV5Oafwshuwc4lFQopQkCNyCNowh1yl9os9lsAxsFyp1OTeOK2uusMdeed2QD0f3KWOMAloJRFYCnNWovecopVhxHzM1McfnqjY4vTYi9G4HV5SXef+fn9A8OddzsxhjCsMV7P//JiQZYGRlDSIGQkjiOuHf7A9ZSStu+5xFFrK0us7qylP/NFv7f9f7TY2g2G7SaaXa3FPT2DeQr6ta2AQ4/COjtH2BhbhqAhflZ7n70PpVqjaX5OTbWDj7uro4pnWRnEaCL8zOsrSx3bDP98AHPvfQqUgikcvS6JOl+uJh9ZTpl+ezsa4xJ+OY//j03n3zmUHPIvoEBJi5fo1LtOfJgxhpLbBNEYhBSpF48KZPjFLtvIYSTi6QdmOsLRftf0QY5pJD5dntVXzoh9P2AC5cu70posammNbunhYDlpQUahXSY9bVVNtfX6BsYLgBU5zfct9aQJAUGR2EwH0XRqawYrKys4Gl1JhrSw8rJfmI3AXR/yF9L4uTMAY6dpZRGKU0UOr06pMDiGQ3+S0GJUlCi0WiwOD+bm2S658DD15raKXgY7Swt3UpfqWRYbTo2x84o2d1AR9uM9DQZHVIpTCZTiQ3K37tf1UoSxxnYKzp0yAI3iarVSkjhVoA3tzaYnrzP2tISUdxycYlCY62klKxTSuoEMnRSHOFjpIcnI4yxNKxAoRBS4QmBMAJBjDCWxEokFo8IiyQRHgmKjZUVGpsbLC4sI4Rk/NIE1Z4+KtUyjXqz7SfxqzpyCSEIfH9PyYr2zIlYTZCB/m3jYU/pRzpxxIHsNj/GLC0lCHykVPkq5s5+XilNqSxzg1Vw49pWs4l/RpIVpdyimNK6Kz+4JI7ROmVlCJEmgLjzcBL1kCuXLzEwONDxvrZRshuvFEvm4wb2mVi7Ni4DI/baxqQyDCkgbDWdIXe1XJDNWOI4ptVsIJWTxQuciXNBzXE2Zd0OjM2OMwVsdmyW/X7p4kV6e3u5ffsj5ufncgBw4tJFarVqypbw0HpvgAPaC261mos3t9icLRInScqkaH8PQmShBzIfu2UjqWz8nmQhCTvmKkoKl3zpazydARxtflkGThljUolpdwCHS15rpzPurCQ9jzhKDvUXGR4e7khZuXnzJgMDAwe+57h19epVKpUKd+7cYXJykrGxMSpdmo7DowNunJYnR+a7sfNezcaXWaT0kUaTTrsct13p4/jEXhfF8lLpSft3D632R9WPomc+qKy1xFGYD3CLAxNPaUql0plrF7c2N/jO179Kpda+EccvXuLFT7xOT59LSygCOTNTD/j7v/jPaVLI7gpbjY4khuNWZvb58O5tvva3f8XS4hzQpqztVU520LnqdtxqtVpE6XkoqajUamRyoAzgyI60UmlTFx/c+ZDZqYe53n5rc/3Yx5BVntCRItmT9+92rLYDTD+8RxLHzj8lRb2PqlF0kjCx7z13784HTN6/c+jnDI2M8bkv/i5PP//KsUCJ7BoL6xJtDjyDI04IkyRxKxE7mEHZz0W9Z3ugIvIEop3X8/qtp/n8l77MwMAQQrrVuVKp5PxHCvKx9nfowIvZyYcdNPjtrQ1mpibpHxzOqZnnKPPsMMQUUnc8Y5k8ZXDw+Cv7cRyzsrJCb61yrukpSepzERfYMkUQWyl5oIHsXmWtzc2npRQu5aZLA9Kdn1NkDOYJBGdI5y6Xy+cOMEkAIRgsGeqJoBlDI4ZkZ9uwJ6PDybZOA+xw/ViWaBPj7TMMkUpD2icbYwsTEaf9Lpd8fC1pNpvMTU/y4PZ7RFFImDh2RkAdaVpUzCpRlGAwWOlkKYKEMtsgLFJZasISSfd9BMb9PUokDaMoywRPGiyCUJQQHdsoGvWId376JmvLCzz90mtUKhVK5QBrLWF48j74v+XyPA8lZc7mCALfmV0nCV4QHGtxy30vLcLQ+aZopSidwerraVaYMoo9z3N+Wtbm7acfHAz2SOFMXHdKVqI4PnXfkYyB7Can3uEAhwVbZKKKzpFKkhh8vx/t6d0jGEEar9oGZNOPcIsyGbix441t4HZ/MMKmn2sQqfltk/5SL/PvfIPl2z9ECEnP+C0mXv1XgGVpaZGenl5qtWoKrrjFirMqIaWTFabnnpvyH/Cevt4ePvGJV5iZnmZ1dQ2Aa9cmUjaTCydQSoE1xC031lCekwpZa4m215j84V/SXJ9HlXsYf+GL9Iw/kY+ligtB7rNc8pmXye1lNo7MvEUMUcqs3QV05ItaDpRYeO+fWb7zJiaO6L34FJc/+QdtNnWXY1vH/FeUAh9PO1b6zorjhDCKsTbERIeb+Pf09OD7PouLi7z//vtcvnyZiYmJQ993nBoZGaFarXL79m1mZmYYGho6M0DlPOq44EbYaqK13nMUEkcRFPqErtCJxCTEBaPPDACIkuRUAQ4lJVqpfBCcRAmePlsKdRYlmFV2blrrfVG+symbpoC0a/rBXZ598ZX8d+23B9uus+puhWg/EOSotbw0n4kCcYmtySHvcFUqVTjuKniSdFJ9uwVL3ACmdfiGXVY22ZW58StMPri3a7v52WkWF2YZG58ogCGm64c5289e6GRe1u4CVvaqzY21U6GCdQXOHHFHjUYdcjlW8RXXUZskITEJSRyzvbXJ6soyS/NzfOqzvwnsTpDpGxjk8tUbqQ7ULWkkxqYTa5NrWPPvUEqsMUw93P0d3v3wfZ576RN5x+2MSI90eseuYuzlznjYra0tenp6TjQxzkzFKiUffcZta7GUUrsMoUE4dpynjzRRsen9X0yaMcbSarqOz/OORr92BoftCYA7ssNp7o9rSSGoaqhqy0YoCBPLdiJ2t9DF1U0rOlbeHNjhNjvqoyGVRMaHy1SkcKB2uSQIowhrk1wa6+JaFcYkzE49YGFmkmZjm0R4GAMBWwSmjjYhSWLxhaOsZrIUJRKEMMQECCxKhmhiEitoJpJAJihhCaQB6WGERbF7GyFipK2zHcPs3BxC/Jgnnn2BvoEhSuXA0afjpLs29Fe1Z0mlKKXtR1GykqTGmYeyvopNgXVjg0zaEIURqqxoNpuPbKRqFEY5ABtFUcdign+EKN1Mct1qhQ6kOyPNdXEhiCRkc/4+YX319D5faioD41SGJtpSVtrtkIAcZBASyA27RQoMtA2XhUjNlvNtZA4eWAHCwsrKMr09NYQQrN77CQvvfResYXt5mpGnP4NfHUIpxeLiAlKO0lOr0lid5d63/4youYVNuk+766a8cg/DT36K0Wc+l7NcVXrihzNHBFeuTDA8PMjm5iZbW3Vq1Uq+aAeW6Z9+hYX3vkVU3+TSq7/PxZd+G5RHY32B+Xe/SXNtEV2q0DN2k57xJ3MwPFuE0imDx/XFqfQl/fxs1d7iJOY6TohjRRSnSVSxySXa7UUuw9LtHzH/1j+DEDTXFxl/8YvgH82LRUrhEtO0xvf3ZhcpKdLxhSSJu4tRD4KAiYkJFhYWmJycpF6vc+PGjVMzLC9WpVLhxRdf3BUle9C86FFhb5xGZSy2vea02ZyoOPbTcRwdaniWrb61mi6OSuJ8L077C3SxRe1GODOYOotOJ0liwjDMBx5ZxymlTDuNs+SX7VOic9V+aPRCPogsV6s88/zLPLx/J5dsdFuj45cYHh1zekI627+jsCuKg7RarZenX3j50Pd4ns/VG7eQUpLESToR7v7aKqWQwnVIFjoMIQ8sIQj8AM9z2v5Go374ew4oKSVKp9Q2JVmcn2V6j8mxkwf9lAsXL6crGSall5quJl1CcOiA7dLl61y9cevQzxocHmb80mVcd/JoDbB//ub3WVteThku2TPvPAiajQbNxjatZpMwbFFPPSNGLlzkxVc/RblS2QWouGsmctPQDOhIEue/kSRJvrqkUunQ8uICs1MPdx3bw/u32dpYp1LrTQdqFmvPw8jKEkVtUK7ovxGGzgTvwoULJ9rD8vIynlZUKpVz15trrXNgSklJsE906n5lrSWKI+IwypuQVnMHiFly4Jfne0cCx401HYDJacayPYqVffN9viU0ECSwHUGYmpDuutV3gR1tkKPdL4j8b2Sv79Pu5DIVIdI0FZWzM0j3IxEIXxJFCVIANkZJnYIbHkkSs7W5zsL0Q1ZXl7DWmS6XbYMgXkMLQ2IEkZVUpEVIQSQ0UsSoNBstxkN7ipLnVvCbUcJGPUGh8IQhkAkRvoPyjUDKEGMkkZVuGwyaJhFlNtY3CLdW6BsYxA9K1Hp6sRbq9Ybr+35VJ6p9JSvadP28RnEhkS/wqWtFrVZ1jIZ0Ec/3/UcmbcQYQ5ROkIupKEHgo7XqOt42Ts87G+eeVfuWdykpwLA6+S4f/cP/SXNtIdfFHyQz7aqkZvjJT/L07/0vCK+0mzxaYIHGzW0++Lv/naixhfJL9Iw/wfXP/DtERhQAGmvzfPS1/4AJmwR9Qwzfep3hJ99ACJidnSGO4/R6CeKwmTM+W5vL6X4Evb29GGup1+tUyiU2Zj9i7uff4KykrVF9g9GnPwOiLWU+SshYrVqhWikThiHb9XqajqnAwuIvvsPa/XcAWL7zJuMv/lb+zIRbjvkRN/ceT2sl8QOfwPfwtEJp5+MXNzfZWpwkaqyjvBKl/guU+scdy0MptEqQQhASEUZ213mEm6nE3FrC7TV3Lx3pirWBt4xdMvvW16gvTWJNglfpo2/iafouv4BSSVumeoRB3+joKEEQsLi4mIMcvb29RzzK7urmzZtUKhXu379PGIaMjIzsufD1ywRuQDq220eeKBAYa9yznd4c2t3YBzeSvucTR7Gj7zZbqFMGN5I0CjZPTClEvp52KkimvcwnVSloo4RAn6J7/lFLaY8XX3md4dGx3DtgaGSU3v6BFLXy+OwXf9edQxwTpeBMtytD5WrVDTmlxEUGu8FoX/8gpVKZKI4ZHBqlVCp31SQ/8+In+O0v/2HqF3L4OzIaeD727bKU0vlgwxqTgjvu2N1Yu92ZFSco128+xSff+By9/f1srK/xtf/6l6wsL3S/40K5ibFriJ2kQvL2T99ke8sZjGbRc83Uy+G9t37Ki6++ztDIGEYrVOJAju4ADgnsT22UUvHp3/gCz7zwStcT1CR59FYQJx/cY/LBvdRgLOtL7IEdStRqEoUtypXqPufj3u8MRZM8HjdJ43G1diBVZqR1+/13c1PaYi0tzPPBe2/ziU99BqVk/pw50OTsQIFOeYrKdYRwOvKUKIpYW1ujr1bd5U9yHuWlAEc2QDfWdLX6uIuxIToBaa210+IWPjsKI+Iowfe9rnw9MhZfq9nKTZ4PqlbYQj/iuv1uy5fgS0tJQWQsW5EgNhAbsXdCk8ha3zbgAW2vpfajmf5lD1Db09IxMoQFm6Tx4u123b0vY16B72uiKEYIKJWc/9bK8hJ3P/yA5tYaCoOwgsBsQdKiYSRVZdHKUBMWIS0Q4ZuYupEkKErSDdorPX2MXx4FYHN5GfPwPpEsE2PxaOxKV8k+c+c2CDAGPnr/F8SJ5YVXXnVMgzimsYfO/Fd19PK8dgJKLlmJI4xJnKfEIe2Jpz200nl74gwkZWeaSquFr/W5Svj2qzCVbDtz1TTeOvBTun13shpjjfPsALD2VFOiDt13EtFcXcCkvlKn8gSIiCTqjp1roxZb8/eoL02DEPSMP7Frm3B7jbX7bxE3tpBewPCt1wGXNra6tsaFsdE95Qw7q7dWS+UXhqA2SHloHGtibDbX2FjpkMMGfQcnYrTW2z52KqigS85zQWqP2uj1/LWcPQHErW02Zt7Hmu4A1cGrLyKqVba2tpFSUimX9txup8dJ+teO37IxcuA5hoTWinh7ldl3v8nMz/6R+vI01iQIIfFr/Qw/9WtcevlLVMdu5PO8bJ5wHgDj9sI9Jr//VwBIL+CZP/hfT/yZfX19uS/Hu+++y7Vr1xgfHz/x5+5V4+PjVKtV7t69y/T0NMPDw/T395/Jvh6FajUb+5rgAs4DRwriKE499gTaWksUhYfmjPuBR5hJU+IYrQ+g0HdZbt9RLknJgen4jOUAACAASURBVA0E3ilHvhrrXKd3ymxcR3H6bJSjVq3Ww2/89u/R279bU5VNsGRKWVeB52QfR738lnwFOyP1XX/iKS5edqaFQalMT19fe+MDeqNarQfteW7y3IVJgXM6TlxDeYS2y/M8tOcRhi2MSdjcWM+No9p+DYI4jtjcWMvf1zcwyDMvvIy1ltGxi3yv9k/HAjhy1FcrZzSrJDNTD/jpD7+bb3Ph0mV8P+DenQ9I4piV5QW+/+1/5st//KeOxeGd7uC2UnVu461m6DqGQ57DTKbxcZdIZSFAh0cL7DAfkhIplTM21opyuULfwBAXLk6kE/N20sxeZW2nNAXIXcIzkGptZYkff/87+Xv6B9xgY211CbB8/1tf5/qtJxkYGslZHAcBT6dRRYBOys7B9dbWVt55HreWl92KU6Xso9X5AxwZUJjdi3EUHeijZKwhiSOighY2BzbSdrs4UNdap3rpNo3drfDGLhpyH3+ODoYih0tTsnsriVspDffxSV84qBzQAb6yGAtbIUQWwkQcfOeLjn86myO78w9ZSZKYdHVUgzVIqVzikXEAZZH9EYZxrukWQrCxucb66iLJ+jQ2bOHHTp6kbQsjLIF0xqDWKhLpoWwICBLho0WMpwVBqcLF8auMjF9keMTFLteH1+nvHWB2foHtjXWIIBE+QkJAjBHeLklLI3EJLCAJ8dna3GB5cZbp2SmGBoZSk/Q4TWg67rdz/vWo3tFKSsrlspOspAtUQeDTrDcISodLVtyYz0drj1K5jBQylypn/hRhHBOfQ9rIQRWGIYb2uNj3A4xJCMOw68hccJp1cG2nVOp8ZTjWYky7/Q56h6iNXUd0yTzZq5T2Gb71SZRf4rBk0iSJiJrb+bHsJRcxcYhJARMTtTBpVHyr2WR0ZJje3p4DGd0G95kW0jmLoG/iWZ7/o//NHUMUEm4vc/cb/y/1ZZcIKP0S4y//DiNPvL7r8+orMyy8/x0WU4BDSMXY859l5Kk38CtufF4eGEdIRccwSMDa5Dvc/ur/Rbi1tmuMBaTjL4tAULt4C/93++kZf5JKxRJG4bHHqS5hTuN7bWPQtYdvc+ef/iMb0x92HoNNaG0sM/2jv2X5ox9y5dP/louf+DKepzEFP6yzLUHUaC9umahFEjULrx6//SuVSrlk5f79+zmb4yzakd7eXp5//nnu3r3L0tJSnrICjyd7Yz/STLNZx2IPtcSQUuH7kiiKsNY6D46MxXHQF6CVRyTaLI4ojvFP0FDGGQsh/T2j3xWjYE+jMgBnZzKKQ7L1gcBOUbN/GpWtFuy5KCYknu9WppK47eCba9bSFWStJEprLJa56Ska9e1jH8/ayjIrS4v577WeXvoHBlFlj7agb59zSa9JFsFpjGlTAwv/y3+27ocsPuywykCdnr5++geHqW87mUJ2vFIIjBSIdPW/vl1ne7Md2ToyeiHX2e6n2Tqs2oZZKtUUKqw1/ODb32A7XfkXQvLiq6/nrII7H74HwDs//SFPPvs8Tz7zPFj3UCaxgcPMOruo7PolJqEVJh2+IB3fQfZ76j9xEPp5VpWd67MvvpwCVBt7mG+5yWoQlAjKZUrlMuVKlVKphB8E1Hr6KFeqKKXzDvgg1pnzCqAT3PBUOtFwvjo/+u63WU4BL8/zefbFV5BS8t1vfQ2TJCwtzvG9b32d3//D/x6lBCBJkvZnnkUfnCRtT51iekqr5aJLL168uNfbuq6VlRV8T1Mul09OEz5maaXz88zohjvvycQkmDjOTZ+hk7Hh6b2ZE1I6M72sb2m1QvdFlQLiONlXtpKvbgrRle9S5n2UGZK683g09fvHKS8d3enAYIWgHkFsoGXcv8YeoQ074DZTBclSkiREcdQxwO6IhxVQ9n0qgSKQCc21WeLVB4jWGiIGsHi2gbHu4P2UYZygCAkIiBFCkkiPspbUahV6B0a4fusWI2MXckf6cGCI/oERlPc+C7OCrbWEKJYIExMoQ9M6cYsCpI2JrSSy4CFAKEJ8RLTN2soiD+7dpuQH9Pb24/ua5iPIpHucK/B94h0GpA7QTNrAafFy77gXiwaFnnZgaZhGqoJrcxqNBr7vn/sCWG7InN4vGaDhzLO778ejqOX8iVpu8nqSMftp1NVf/xPGnv0NdLC/PDHzyzqwhMjZwAc9UtbEUGAz2KTNAixmwRafSxM7hne5XKK31yXQCSnAxgWvjuKhCGK2scYnEQZjLImwBEPXMNZQTv385t79dg5weOUaY898lsrw7kS0nvEn2JormsgLLjz/W/Rfea7jXHOzVNq3dri1SmN1/tABisWyPX8//z0IghPd40pJFMLNqbSivjzFh1/5P9heKEiAhUQFZUzUyoGm5toit7/2f+OVexh99nMYqzBGdy7InVKTmafipRcr2eFhmIFcIl9BPf6+pJRcuHCB1dVVFhYW2N7e5ubNm1SrR/MN6aa01jz55JNMTU0xOTmJUoqhoaFT3895VNEoOPvdGMP25gbVao2NjY3db9jZVghnOJ/EMbrVbBGUAqIoPDSVxPe9POUkjqJjmXA674toF7DhJiHesVzw96soComKeu3MQDQ1mjlo0uuozxmdnYIJz34l9n3dGINLjFDYVAu8n5eENS5yqQ1yWLDO7EYKgZQeWjgzy7//i//M2srSiZ5/a40bFCjN6IVxnnz2ecrloz2E2YQyG/Za0QYeMjqzkJ2Rn06rfcAqPM440PMCxsYvMTN5H4D5mSl3PaVE5iCQYHF+js00KUUqxYVLEycaTArRjnnVnnauy1Lx5ve+xfvv/Czf7trNJ3n2hVfwUt3uw3u3nZN/2OKbX/1bKtUqE1eup/dgnHbIp9NiK6WIwpgwjnJXaGEL30Gmm8/uXcEpUv8OOweLNe4/Yyz9g8N85gtfIhtZmALrp31PFN6dj17IXbezyVAmSzisMvaN9tIINM8ZS927/QE/+9H38tb0yvVbvPjq62itmZ2Z4s4H7wLw1o9/yPjEZT7x+q/nn5kkpsMr4LQqLkzunE653Q5upR4kJ+m0Wq0W6+vr9PdUP1bqtTOJFPmEJInj/Hh2mlnDDm8kz+vq/tUpABJHMVEckfdxYUQcOT11tsobxWHaBoYIaw/VpsdxjLHtVdViIkGSOMDml0G2AqDSZ7LXsxhIZSvQTNo/x9axOzrmC12Wi4F1PyfpJCQDNaSwSEBqTdUT+Foz3B8QeIq4VSecu8fW4jyxqBLoBsq6xZKGURjhoZVPYOsOODFNfGVQIqFkDH1DF7l09QY3bt2kVK50tCWe59Hf388zz7/IwNAIdz66DYvThM0WztMnwmDxdZqoIiw1mghpCQv7amytM3fnAy5fukxf34BLsQjj1MvnVyDHaZVOx3FRWJSsxBiT4PnBkcaTLm2kTBiFxFnaSLPV0VedR7mUlzaIqrXuuEe7l6bGHey34BHxFlF+CeTe/be1Nh0rHnyO2ZjTFCb5WRXfaeKog2FsChHs2YYmiToAgaixiRKCcrlEtL2GBeKoSWtjidbm3mapFkvDrkBksXYkT4eLo4hIRtRqu8fUyi+n51yY2B3go5Gdb3YB2uNu0iQVqA5f5cJLv0lU38DsYUS/NXeXqL656+8ASivEPmPyg6wC3PxIoKTC0wobt7j/7T/rADf6rz7H2AtfoH/iGeqrMyx+8D0W3vl2zp65963/RGVoguro9TR18HTTp9zissgja20S7boOUX3DnUu6EK2kPDHzeWBgIPflePvtt7lx40bOsDjtmpiYwBjD9PQ0WuvHksGRVRG3WFleZGBwmNW1tY5tjHGqDLdwubs9UVq3U1TidKB5kIZRKY1SnSyObp2YTeqzkezw2XC5xN3ppLutOKU1W2t26bW7HySrdMVP5YjegfBGbhC6e6tms0HfwCC60NmuLi/t2i4rN5lrU+wzRNsrxGlFYcjszOSpRMECJHHE/NxMezWzy3Lfn4B0ziR2MjfSVIz2v2nZzjheOl4qIuqW8UsT/DT9bWb6IVMP73H56s38dSkl77/zM+IUkR0cHOHCxQzgOE5Aauq4rBUC969Uip/+8Dt8/e//Ol/B9Tyf1974LKWyW/174unnePLZF3n3528CMDv9kL/5//6M3/+jP81NQU9LKpLdb+VKycl+CiBc53fQef1Pb7B2yAAkRV7jOAaRxQqLHCwsPoPWOmAvMSY/Pmtt3omT+bdYi9a6q+c3iyVT2oGZOmXgLM7P8k9/91c0Go75pLXHa298ltELjh3xa5/9PDMP79NobBOGTf7xb/4CrOWV13/9TBkwnf4bnQDE9vY2/f39J2IIdMhTzjE9Za9SSpMYd75RHCGU3DOlC9JkrTQq8iglhMDzPaRWxAU2h2NdtFAyQvvOqyOrbnxJijKibJWguOLbCkOUUvg7WIhxKut8XEvSlrCUVCozQ9AyFmMEYQKJdSIuayFJUQ9jRcdgJfvZ4AaSWgrCVoSSLs3AE5ZqSaGkR0k75oavIdCCWqBoNurMTk6yvbGGCZto4aFsjEWR4KNEjBYx0loSHHOvhDMV7enpZ/jiZYbHLjE0PEqtp3cXuJox3SrVGmMXxtHaZ3Gwl6W5aZbmp/BFkgLHNpeotIwiIEELQ0nGWOERJRZaDeZmZvGDGqNjo2hPd0Yh/qpOpZSUqJIzTCxKVlrNZsq+OFq7qaQitu2Fscy0+rT94ParMHILgG2vjaO310WQpNVs7QJJPq5a+vAHKL9Muf+YvgRCoLyAngs3Kcz1d638Zv82NxZIwrb0oL4yQybRSEnFNNfmOzwrmuvz2CQkDlvc/qf/wNb8feLmFsaYttnlnofmxmRWN9HSpa54en8pkSmwSXJ534Hnnr5eoGxYS572goX+y8/QP/HULgKHNTFRfYM73/x/mPvZ1w/ay561n7wzOzApZLogKJl/77ssvPcv+atDT36SJ7/0P1LqGyMxlvLQFYZuvEqpb4z73/wzAOpL00z/5O94+vf+59znLl8APYXHTqXMdxdHL9icucPm7O2ObVbu/oTLn/pDlCrlfm0yMSceM1cqFS5dusTCwgJ37tyhXq9z7dq1E33mfnXlyhWiKGJhYYH+/n5qtdqZ7Oc8ylrY3FynXC5T2cl8sZYkjlDKyVpt5iW6417RSqnCCldIEOxtMpO/IfVdyECOpAtDNufenJolpYwNgUD7Ht4JtHi79xOnBqLu6c4GykoKtO7eWEkIF2WnlXL52xkVAdja6ESRojDkwd2PuHLtJn4QsLQwz/zsdP56o77NL976GUsLc7SaTaw1TFy9wf/P3ntFSXKdaWLfNRGRmZWV5W1XV3uDbgINR4IgCBAgAZJDMxzOktzdmVlpz0orvejoQW86R0dv866zL9oH7Z6VVpqzs8Mdy1naoQEJcggQIAkSlmg02lV3eZM2Iq7Rw703MtJWZla2Adn/OUB3V2ZFREZG3Lj3+z+zt9MtNsuZGraZDNl/TkxO4cmPfwo7W1tQPRoKNVetWsXNlavY2zXHopTs+Wbe3tpArVpJGT6aHp5WynwPliZerVYQ1mooFXext7ODSqWMBx99DBNTMxCiA5jiWA52UXv0xBmD4G1tII5C/OPz38XMl+aRzZmL/q3XXsWvXnkp+fUjJ04jm8tDCJH4dfRT7kFFiJF+EErwyk9/iG9/7a8QhvWH5YVHH8fZ8xfs92QW1c986rPY2ljDjesGvV5fXcHXvvpn+PQffBnHT501D0CtGxa0/db21gYOHz3RAHilSykJJSWiOEJYq6FY3IVWGvnRUUxMzd42bbWwyQFKafuAYYmG/uaKkVdprTE9O4fC2ASgDAAkhKgDHKnrn1IKsP0XB0YPyhKAwzGxVm9cx9//l/+E65YNBADnLjyC02c/kFz3J8+cx2NPPoPvf+trAIz275t/95eolMv48JMfB+M8GV+GuVBJy1NoapwKwxBRFOHw4cMH2v7W1hYC30MmyNzxLh7nHCKuMytcKlQDsGG14gdNszKLnwykEAmVHbAxk6n9Mqsh7lbphYeRypjnV4N+vxZCCQGSAkvi2BgaOinL+53h4b4TCoAzQFMNxXXC4pCawGKuiLWG0gSUmNSSWNbZv1oDhBEIqcAZRdajAOHgVJuYR7c/SpHNmNSIUrGIq+9dQrkSgkDDQw1KEwjiQREOj8agECZimmbAKJDlCplsHrOLh3HkzAcwOWEYFd2KEIL86ChG8nnkC6PwgwBxrYpatWJYP6pVosKohqcJBGFQUNBK4Mb1G8jkxjA3Pwff90zk5523Q/qtLJd+4nx4gsA3PhZKGSlcj08+xhiCbAZhrZbI0GIR37JY1XQJIRIjUcB8pkFAdReFG9ZCUELumlSo7UuvYq9pYdlfEXjZPB764z9FUGjthBPUxxdCgN1rjYab5fUriMq78HLjic9CcfViwzZKq+9BxCGi0hY2Lv4corzbw1EZBgNnPrJe1rDbbbNYawAyhoqqyfuVjFHdXkFucjHVDDQVV/Yg4nRSojYxu0oaoCEFboBaFguQjLlAKw2EMB9BYRr5mWP7fpZ21W2uU2dwmHF+7Y0fJufcy4/jyEf+KYLCHKJIIBYSnFFwj+Pwh76A3Su/xvalVwEAm795EdWPrMIbnQWlBEodTCbiypmfenYuSAnFjVe/BRk2JsHsXnsbG2//FLPnnzENbs5tKEXvYQ6dinOOxcVFbG5u4saNG4lkZb/n0CB1/Phx7O7u4saNGzh1qtVU9/1SURQiDGtYWjrSsO4CHJvbEg8IgVYKcRwaq43U/JZzz4NUqk4ZlrLrBIxR1hD3Fwux74TNudK7Dp0xZhueeZNUEjJlVpoYiAIDGoiSRHdHCMGN61fwxqu/wN7uLqSSWFu5lryzVqvg+W9/HX6QsWkVCutrN+vHJgV+/tKPTTc7jhFkMnjksY8ik+slIlG3/Muh1SP5UTz20acbAImetIup2tvdwWu/fAU/+u43ev4dVxfffB2e5yfUeqUUKuUSwloVURgijqIkmkwpaR/cIulIfPTjn+y+yNfG6E4phZm5eZx74GG88P1vAQDe/PUvoJTCsZNnwBjFC9/7Nmo2tio3kscHHnw4xXwBBhklTYKPAaheeuF5/OT5f2i4yY4cP42nPvEpAMZbQ2sNzSgmp2fx3Oe+iL/58/+I3R2D9m9urOLrf/Wf8cQzz+LBRx+3pqiDZaMrJfHqyy+huGseuiIWiOMQtVrNxKqGNYRhiDisIYojE5EqYuRHTazvU8/+nj293YSr7hwAjvnRP0hUZyIZyiGzUhmgVNzDd/7+r3H1vYvwgwzuu/8hfOaLXzG7Vsr8TlOnkxAC7jXGTvpBBlFkgNP0BI5SCkKRJKZQSnD18rv45t98FSvXLifvWzi0jCetbMZ9H4QQPP6xT2B3Zwc/f9GYkEZhDT/49n/F5voaHv/YJzAzt5AwVIZRIpUgBUJAWB30dfKUg6SnVKtVFIvFOy5PSRfjHMre/2lggzPWM0un3/1lOW8TM2lli/ssANz4nRxnCpj3uAeRMAZNZzCMokTvHscxQAiUUh0ZHu/nIgRgqTGWpSbgvmU7WEgQYEj0LIQASlMQNHc5m2fnQDaXASEEUbWIndUrqGoPhATgqKKqGAgksigDRCOWFFXFkEUI3/cRjEzg+Jn7sLi0bDym+gCYCCGGPcVPozA2gYtvvo7NtRuIwnKLREXBR0Sz8HUNFBGUBrZ2dzG559K2PNQ4QxzLvsfTe9VbcSsljaIwYXMABjj3A79nyUpsnythLQSltAXc2G+ePEg5031XRmrXP+uiORL2TiRmdSqtJEQHiUQv5eS27ZjLBtSoz1fiWglb7/ys4T3h7iZKa5cweewhAwrEYYMXBWBkHNWtG6CMYXTumIkllTG0VqhurQLtZBwEIDDyB0oZdFzDG9/6t+YzSwklBXavvZW8XZSLuPzCX2D19R+0bCqulhDu1r3xtJK49IP/D+tvvABi1zJz557C1IkPGim4Zc4lsvA2ta8XfQoUalfdmqhmrWTmXbW9DZRuvpu8Nn3qUYwt3YdYCESxee56HgcI4PsjWLjwHLbf+xWgNcLiNvZW3sLM2TkbhHDwBhKznl1B4MH3ODijKN54G+tv/qT1zVrhxi+/jenTHwZnAXzPGZ5GELEcivnp1NQUfN9vkKwM2y+DEIKlpSVcvHgRm5ub71s/jp3tTcwvHGr5ufPqSgMZhJqI+Dg2rA4nWeGMGnTLgQNxHIGx7otv7nkQoi5VEVKC7zPYc4uGAXU5zGDigXopbSadzQaiRGvwA5m+NYr6Vq5exo+f/4e2rsQAsL52o+vW0ukehADlcmlfN9j2h5VAHCCUIQgyddNDt/0+Nuc6p4PU3t42Xnzhe4P97u42lE0u6FQmCUOBCApKFR59/KN4563XsXrDgEtvv/4q3n791Zbf++BHPoajJ04bF/6EWdJ/EQJsbazhq//vv8fNlasNr83MLeCZT30O+cIY4tiwVbTWYMoYyB49cRqf/oMv49t/95fY2jQPqq3NNbz68ks4eeY8RsfGcZDB+9I7b+LSO2/29TulUhELh4/09F4Tn2fu2bQ0q9czSSixoCYSoKkZUNlcXzUeOXGU3B9aG5mKEALCaocbZCFN21hcWsbV9y6CUIqxiToA4MyBOTcT3ZdeeB4/f/EFbG/VZWFj45N49rN/gKmZWURRnNCQDXPAx7Of+X1IKfDqy/8IwEwaf/Gzn6BcKuKL/+y/RSaXGxikaq44ZXZFaeNktFQqYXJy8kD04q0tA7SN5AIb63zni1uwIQEYOANnwwc2mssxKGKR2jdj+0pg3MLDpDSwlu/D8ziiKG40KLSMDUeZB8yCSUqZvPbbYkzartKTZdL8F/vnvgwdUjf5LhaLKBaLkDIES42fHlFQIKhJioCa6NkM0xgtTGBmdhbzhw5jenYOo4Wxge4jI1kZsc9sgtGxcdy8fg2lctkYAFuJCiESHCFiqUBB4DMFKqqIqrvY2t7GaD4PxjgI6U8G2qmUlfQ56d6tAMwGf4LeuaKUIJPJIIoiCLvQ70eyEkd1Y04ALewHrTXCMEQQBJYdMpx7WErZMCtwz5f9vPEatmFTVuyB3nWMMX90EqPzxwdOUWHcR2ZsFplC66LNARuOcL1z9deobDXOzbUS2L3+FiaPPggCgt3VS6hsrza8R9TK2H7vF5g7/zTO/f7/Yn4WVlDbXcU73/l3jcaZbt8gxjvL8kJqO2vY/M3PrAeIZbKmQBmtFfZW3sbeytst22pXlY3rqG6bxinlPvzsOKZOfNDtHNTeqB2HgA4/D0ubKJD6W0StDNWGWd39GiKG6UwI9q6/iahk1zuEYHz5gWQuH8cG5HDb40xh7PB5+PlxRMVtQGtsX34Vs/d9DJQSaDX4XMAltnmcwfc9BL5nUlriKi7/5KuIy8askvmGQeFkTNvv/RrXfvY1LD/+ZZPuZc8LgWmgO7b2QWp0dBRBEGBjYwNvv/02lpaWDszQba7Z2Vmsra3h5s2b70uAY3tzHeMTky1jn1YKcRS3nycSAtokWeGAmfQJIRLKsBSi6wKcgMDj3LjcEwIRReDZ7qCIY3EkRlD7RAR2K61V4rPhqsFA9IDdMZfA4FI4xiamUCiMo1QyCRBKqbpxETEAEaFmcHMGiNwzsYSZbBa5kTzGJiYxPjGF6bk5HFo6gs2NdVy5dLH7gXQsgrBWxT/+8LsmVWTAz1ou7iWAQS81OTlTj1p12mWLBTVOZs1rzEYo+n6AkXwB45NTmJqZwwcefMTo4bpcY8qarRJCIBnF2MQUnv3MF/Dtr/0V1lZXWt7POMf5C4/i8ac+nsQ+HpRWNjk9i5NnzmPt5kqCYC8tH8cnf/+fYGn5KKQwcYame6uhKE2esGfOPYD86Bi+8/d/jZVrl6GVwsMffgKF8QlrntrfQjObHbG+EXV2kau6xt39zGhMGWPw/QD5whgWDx/Bffdf2Hc/SqpERuP7nr2uTVEbL6y7gDOUUXjgCeCplDLfY9MTtoF5pMzT2cW7xrGoy1Rsx9vzPDDOkntzdn4Rn/sn/xylkukGTc/OJ685YarWJrWjXCpiZ7uunZ2YnMEnP/+HOHbyjBn3QkNjppQmsppsbgSf/eJXMD4xiZ88/w/GhNnzcf/DH0Qml0sWFQcv3ShPSW2zVqshjuMDsTcA47+R8T1L4b47JrsuVg7AbY9ZNR3ZAFKaxUBPsbBK1ZO+2rzfSCB5ktiVmI9a9oZ5DwcsIzWshcaTSsq7bhFyNxW13lNaa+zs7GLPJmUR6+FCKOBRINIEkQIYGDyikGEaUzOzWDp2GkePHU15ZA1WzsMgc+Qosrk8FDjU5bcQVUuINTX7hQJHDbHmUISBawJKYtNJ3tpE4BsGQToqeb/Szn8oBWYoKaGbQF9m/aLuVb183weTZnxPS1a0UuAdGMRC1BlebhvN101k72knu1ZaD0W+4phraYmNkdn27sMRO9+NMDILvLsMQD360a9g7vzHwFMGm30P/daEO/HdAKzHl2EqUAJAKay99jxkaGQhwdg0ZFiFqJWxe/U1VLZWkJs6hI03X4ComjGFBTmT8KEk1t/+KRYeeBZsZAzQGnxkDLnpJWRf+XobgMPIUzQMg5oAIIyDMs8mhph7nZC6vARA8vPOH7NxfpFsx2egfl3a4ACdZErY5ny6H4mwMXWxsnENu7k3IMJyEpNa22v1B+w2byCW+kEIsHu9LgliXgb5mSMJwCEtQCClgpIKSmtkClPITS4agANAceUdaFEDJR4U1X2PaC6pknHD3DDRtcyCGxVc/N5/wPrrP07eP3nyYTA/i+1Lv0S4uwFohcsv/AWYH2Dp0S/A983Jo5SYeamNiDes5MHXF77vY3FxERsbG7h27VoiWRnm/Xr48GG8/vrr2NvbQ6FQGNp2b3WVy0VQxlAojLe8FlvfjW5FKK1LVgDAGVg6wCCKY2Q6GOpprVGtVtI/MA7rcbwv/dnzPMgwrHtjCroq/AAAIABJREFUcN53akoURxDpZJSaecgkmu0hdQC1tikQWuPo8VN4+lOfaXmP7wfwrCO/5/s2W92AG5x7Fuzw2p6XgRgcxIEHwPbWOl780fcTs0QMOIFLLzS9Nj4lLsFibvEQPvrxT2Jvd6d5E7aj6cHPBAiCLIIggJ/JwPcD+H6AIJNBJpM18baOcaL1vgCXkgoCEpSZh/yJM+dQGJ/ESz9+Hm+/9irKlSIICGbmF3Hhkcdw4dHHwL0AURRbU7/BFw1KmYfVY08+javvXcT25gaWj5/EM5/6HCampiGFRGyZBo4tQmk9YUNrjsWlZXzpT/4V3nnzNWxvbuKBhz9oP//+ec7mHJk/Dx89Bs//DEp7rVpQZuVevu+D+wZMCoIM/EwGQZBBNptDNjcCPwgaDGs77U8D8AMPUjKbOsIawStCTfRcE/smDGuGqm6TZxrOYyxa3t9cTsfJOUcm40Mpc61EoVnIGOAjBrPmoYRw5PIFjOTNwK1haJRS1RcEVClwznFo+QjYPzJoMMwvHMJzn/tDLB87ASmNNM91vDw/sCkpdkHqBXj6k5/FwqHD+M2bryOTyeD8hUeSe2YYi1KRyp4nhDVMakqlEgghB0Lgq9UqyuUyJgojd9xctLluN7DRXIwxZPcB5gG00sY7PLMIIfB9w/AQos7mAKzBtR+AMQ4RRwlY4oxJ+zHA/l0q04UzY8Hezg5Ku3tJWgoFkKGyQSoS0ywENDI0xuLiAubmZ3tIQOu9KKUYHx/DiZPHsLd+BaXiFvJEJ/v1UEWWSQjiIyQ5BLoCISKUK3sQcga5jG+kKrWoYYLsZJ5KmYk/HKDR7rhTjCDAXENKKlB+79ppLhOrShHH1mjYnk6plJm7pe5lpVWDyXo7ppaTfzi/HQCQQqAqJYIgOPD9S5y2M3UMPYMbsQHqE2mKN1gDcVjVaQHI/RxAmfGyIoaN3O/t6bZMCYwZkGMw2B7T9V98E2uvvZC8MHb4HEqrlwzAceUNrPz861h44FmsvvYDG1lKUFg8idL6VcSlbZRuXMTVl/4Gx5/5l1DovpglhMBjngkRsA2u3NQh3P/l/80wOLqkBQ5SlPsYmV6y+06R4ggQV/ew9uaP63G47nwpCSVibF58peHnolbC3o23cfWnf43ajpXFDLBwJ/b/cbUuPwpGJ5AZn7XzMWcUb9YcUivT2OIeMuNzwGWTXBdX9yDCGmjG650xTAi4NTillFpjeeO3YZihDKK6h3e++3/h5i+/B3f15KYP4cjjXwYPRjC2dA6/+ca/hRIxZFjBxX/4vwGtsfTB30dAvMTHIxbSghyG8Vtn0fV9ygAA09PTCIIAq6uriWRlfLx1YT9IjY0ZxmKpVHrfABxCCFTKJRxebvWKqZRLSfN8v3KSlWT0Nn4KdTqfkKKtAajr3jpXeq1htI09TPYppQ1eHCKOwYLeFglCxogjG6VIUgaiQwY2XKUvXsY4HnjosZb3NIpD0uOCTv7QAKRdADvFhEm/OFgeskmlqT+MPc9H1qZ59FtSChAQjE9OJwhi0ghXZrE4kh/Dgx98fN9tmXOgU383f9GATbbRSTdtv+N1C0kRG3aM1gzTs3P4zBe/gieefhalUtGYVE7PIpPLmex4IRBFZtGazWYxCCBqvisFrQlG8qN4+tOfQ7m4h9P33Q/GuY2flPZPkXTWtCYAROrcMWSyI7jw6Ictiu0Wsr0cgzmPWmscOX4aR46fbveulvcnAveGbSBhmYCQLmkgGpxTSOl8cjiUUonfBwA7gTJeH+naXF/H2s0Va4pm7sVcPg/OfXt+VP0e6FDOHJSQOhgTBEHqdUAIhVotTMBYSontLlhjXqmgtOn8CmKAsQ88+ChuXr+GfGEM991/AWPjk5BCIorqMgVlnbpM8ou5BhgzCT1nzj+Ak2fPWV8QWEf94Yw36Qk1ZY0Xa6lUwtTU1IH25dJTRnKZgdz4b2W9HzwohL2/u7E3msukjXEIESOKYgA6GVcNkzFrX4saJC21MIRnWW/3ql5uzlG1YBCQkqUIBsaMLIVSk2xiiiCbyyGbzQ71OjPpPD7yowVw7pkEGcXAiLRGqkCkKDQUOAtBtEQYxtjeKWJpUYBk20Via1RrtdZ2dhOQ0XRSTKfKLp5ud5Tp+6kopQgCK1lRnSUrkWVkONPhZlaGUiqh2AN1w3zANNpqtdqBZWdRHEPBpQySnlnOrgHgyoCld258VVICbUzQty79EpnxeYxM90DJ76qPosiOG5NRR151PhNbl36Oyz/6c2hlvqux5fuw8MAnsHP1dVxe/3PIqIprL38d1d1VhHvm+Th66BQWLjyHnauvYeXlb0AriWsvfQ256WUsPPCsGYM6zF0Mc5uBEptCqRXiShGUe6D9SnF61JrH1TIo46A8aDhNu9ffwnvP/xnCvS0AGoTxBmZXOiaXMA4lBeJqCcpMevo7VlhDe61NpDgBZBwmr1HugzLfABuoS5XdVNWtn3hQT/qQcQQlI/Q643FzRsaoNZan4Iza56wBPPauv4HLP/4LbLz9YvIZvZECTjz7rzC6cAoawOLkAsLdNbz3o/9smvZxiHe/9/8gKm1j6dHPwx+dMvsQzLJRVCKnji2Te1BGx+joKHzfx9raGt544w0sLy/j0KFW74lBqlAooFgc3PPmdtf21jqmZ+Zafl4uFRELkawteipC0DACeZ5n6HcA4jACZ911nXvFIgqjo4lLvLt46kY/hjtlOlvmYeGcaRNTUyW7sjiEEIjjOgqaRL4SckupvUpJxMLetJ06QLo++Wr9O5KFPZwHgV3Y+15vKFT3avz9w8vH8NBjT2B+cfAbIwgyyBfGoKSCJSIklH2qVOdjbnceGv5MSQdg6LQuNnS/MlTe2HpcqCQRY3RsAoXxCQsmKCsz0A00OCNz8AcSERsKmgKgceToSYA4o8E6uGGifOvMBCexSGjFXIEqCiHM967sOeyUftK8fyldOkvrwGmkUtq+12QyUkran//Udeh5HOhwz7jvw9xTBoh6+/VX8ZPnv4udzY0GaUq51DhovvjC9/Grn79owSsG3/fxzKc/j3MPPGy/DwknQ+lUhFA7QUx9zvRn0BoO7zDOyToxAjYfT0MzbY1NzTVAqZE5PfvZP0je42RFtZphk6Vja9337vbHmIbWFIQwUEYTXbQxwTpYmWNMTThSk6FqtQohxHDkKYGZdNN7Moi+q0Fisk+MenOlZSvNZoHdJC2G3XZ3gVF3qtIxriI2aRYEjbIUT8egUJCagNLIApU+KO8cPx/WqgkjLpPNYmR0rOvP00Uphef7IJRAaYJYA0xLUJhYeqkNyOypEKAacRSjtFs0zyPUx7L0Z3TgRiugQSyIS0GoMTEk1MQySikaZBL3qnv5vg9q090aUlakSp7v3UyHHRgd2IZePeWOJH50sRADS1bipgQVFxO7XzlPEMBJU1qZJ7ezTBpf6gepS3P73Z+jtPpuy+/0U4QQsGAEp5771xhfvj+RZhAC7Fx9A+9+/z8mbASezePIE1/G5LGHkZ85gq13fobijYtQUS2RKlAvwPKH/wAzpx/H6MIp7Fx5DZX1q1BxhMsv/DmY52P65AdBvA5sPwJQGEbZ5R9/FaJWhOyUEDjk8jJ5TJ96DIVF0wCLStsJaAMAWoqOgmI/Pw4e5BAUpjF18hFUt1agpEBx5WICDu1fxBjyOglxixlp+72nm8M0PUZbJpvd9L7lJIwm1YzZsdL4oZTX38PKL76J1dd+iLhUT62kfgbHn/lvMH3yMQNMwIzpR5/4CsLSFm78/NsAABmFuPzCf8HmOy9j/sLHMX/+Gfgj46b5bY8zjhlIGEFbSf2gFQQBlpaWsLa2hitXrqBSqeDEiRMHbqSNjo5ia2srkWDfzbW7s4V8frSl8S1EjI2N9YEadA2joEtHqftkRPCaEGQCgu3tHUxMjGNmZrplg2EYJUkfto3dgGjTJlPTTiyOTpGv1Gq3b/UAbhbW0iyiSPvFeBrVdQvI5LWGv5t3UGrikYY1FUlv59DyURw/debAzBAAlupnJmlKSUSRMgvJjiNOGpVNnROdGsbsIpulFpO9lAMNlAU4lFRg3Cxa68wJM8kw7BCjb3bylEGNRp1uUCkNRc2AK5Wq+26I9pG6WsMCEwJaKQMWkDogEfTIdjILcQVKWyUlSivIWEBDJwtuzh2lr86SSMuBYI032T6ynQQhtfu8/O5FXLu8/4REa5Oik67VlRWce+DhhLllNtv6XdRqVZRLRYzkR3toInR/g2MIxZGZLArUTa0cw0NIA3BIa1iktTbeQxZsNXRxJEAHpa77oBBHAn4wnA67SHc7qNeATpdKJTDGDiRPKZfLqFQqmBzL33XylPdDxalYWEIo/AEesE620u01p7t3dY/BUS+nqTZdtSp0HEKDtCSYuOSUEUgoDcTgFmhoX6srV/HznzwPAFg+cRoPffiprj/vVJypthKVUFGUJMcIJDwZQ9dKgBJmDLYMuuYIbPc88f0gATG6LXDTLvL3smd7K8Y5KGMmQt2ykNO+OID17mj23YgiA1xY8MElk4S1GjKZLKIobJCdVavVviQrUqmGJqFp3vU2xzVJYiYSlhCSpDfd7jLzZAopBDzPzTMsrcJ+LhnVEkPHg1Qw1rr2AIBwbw2Vzetmz4zj8GNfwPTJD0FrICjMYPnxP8SbX/s3kDYlB4Rg/sFPYPbsE5AAslOHcOxjf4Q3//bfQEZVVDdvorx+BRPLF0A7ARy2RFTF+ls/QfF6b8ahwyjmZ+FlRxOAo7nmH/wEmN/+uHMTi5hYPo/8/EksXHgOWkSoFbfwq6/+aUuyTMf928QKIQV87TWwUJU0c2AXq+Xk9ebv9f+nPcgY98Cdv0gPCyVCCRgMyMEZRVzexd76JWxdfAU3f/19RMWthvfnphZx9Kk/wtz5Z4wHV2wY14yZ5/up5/41/JFxXHvpa9a/RaO0egnvfOvf4ear38PChU9g/PB55KYOg1sJmJTM+FEOjm+Yz0II5ubmkMlksL6+noAc+Xx+/1/uUE6asr6+jrm5VmbE3VI7O5vQSmNisvW+Xr15A5kepMTtqmUE9TwvoYHGQoA1da0IIVhYXICWCiox3KzTj5o7EC5mq2GnnDe4W6cjtwzVLkoe9o2Rr3xfB+xhlmMDNBo4pqsb5b7xtdtBx95YX0MmM9iFYMoABNOz8+DcemAIabtmpDNOoBv/0f6cGKCBeoOADYCW5jpTUoFK8xBVynRenIM8Yx6UMgk6sof44u771Im0SBAH9mhrYNoYYdquHPhiWAQkQXwZpT11Z+uabI12l44CEIcxNLRZHOmaNUQjCdiU2hoIoaD+/hMmN/F2buAAjDOxZWDU34gmSmP6IG030mZ815lc7eU5O5sb+P63/ityuZED3SezCws4+4EHrebeAEEqNpp2Rs13aUAqwyjRNjXFgURpsLVuMkxAqUYUmcmjFHJoAEeaUkyaJrMuPeUg5dJTctkA7DaOm78NlUQ22uvRu0WAuvGZiZL7yfP9BLy92zsut6OopRsrLSHCKsIwbJGlCAQABQIIKOIBBAioAu0yQ65FMdZ3ygioRK1aTX4u4hilkmFwpH/ergQJoOCD0ghSKShoeBSQxAe1x0OhoWSMqFqCksKy1Hh6zQegcX5ACHryJjN0eCTsn35j4nutwVoEd28RQhD4gTEUjeLEXB9A2+aZlLKhO+v7QTInDjImvjgIMsYfLo6T76NXyZnW2piDWqCdUtq774aLhE2BM3dC+udYkJQCInUdBvlJTJ16FJWNq/tsofcijGN8+Rxyk4sA7H1klbkTxx7E1ImHsfbaj7Dw0HM48uE/TCTDADB79qMo3vgNrr38dagoxPiR+3H08a9AAhAiBKUMs/c9iWhvEzd/9T3E1T1MnfwQeG50/+MiBIx7YH5QB1BucXm5PGgHrxVCKWbOfATTJx5piJ5PV9KMBgXhGWTH5+DnCii3fXe7nRj2gXDMw5GJ5KWosoeosge/kLEMNDMPpLbZRq0ha82mwwAAz42Bct98Zz0fgtmOFhFu/uo7uPri3zawWNy5mDr9IRx78o+Qnztu1jWxQBTZBERmzPS5l8Xxp/8lRhdO4r0f/ieUbl5KtlG6+S5+c/MSCkunceSJr2D61IeTuS2AljF90BobG2vx5RgGOFEsFjE6uv91fLtLaw0lJBaXllte29pct+mGgzXoWmZtzEbmOfBBSdliXkUJBThFu0ewtnqrsBYmspLmAdcljQgnh4kjEBIgjqOE8j+8yNeDVd034GBX7kETPfarH37vm3j5pz860MPN8wIsHzuBT37ui8jk8smsRivdIE8YtAg52Fl0bI5qrWZTTQh837OpJF5yjgkIPN+ry6QIwUg+b4APKTE2PtF9R7aU1dgBdRaKYxT1eryODUCpc9ru71ro5FtBQMA8jqgWJulEskvXiJBBzrzGE08/i0PLR6CU7HvwPnXmHID6/W6Ow8pgUhP4vb1t/OwnPxjg+OrFuIdTZ8/j5JlzoJRb8piRo0ilQC1wo+136L6DZtZas2ROa40oiq1xrUTgHzzeGjAMNaXqfgFprW65XIaU8sDxXpubm8hlfHDv1jPeftsqiYW1gH0Ux9AEbX2pDrafqO4pRYgBZik1elPAmlW//5eXxvS5/2uQUgrKKJSQkHHNyFQ0TSQhmgAK1ADdREMSBgqFDDOeGJ3KC3IozMwjSxVGC3UZip/JYGp6HgAaft5aBAoMCtToxZWhggtQSMpAiTkGrQ2jUEQVKCXNd8kZ0l5J7nO6uY/x/ep+XpyHS3ooSrTwt6Dckb7/r8R6GdYjSeKqaYfmQ1qa0gyApJt/vmdMS02ErAE5XEpSt4rj2LBDLMjiB735biitktQUEGLiru+ADNFFsnOPA1qBsSCRQ+YmF3H2M/8TlBxOpHq6gtHJ+pzEghx+bgynnvsfMbpwCkuPfBaEB/XFsgYI5Tj65B8jN30EW+++jGNP/TH8wiQiESKSMZhWoIRh6UNfwMTRCyiuXkJh8XQyX0gzFGhTU4L5WcyeexKz5540qUe3UKZCKEvmDBPL93d6F5gXANTrSvByAJGx0RjsDueeBwKN3PQhuLFN1sqobF1DZnzOzn+NQTxNDEEJosouKlvXk+1kJ+bA/Swi51u4z37delNpCsYD1PY2GsANQhnGls5g9gMfw+IDzwLMt3G1xoMtimNAwyYHAr7S8DyGmTNPoLBwGiu/+CbWXv8RKhsubVKjePNdaBmn5pKqAUQbRmUyGRw6dAjvvfce1tbWhsa+uBtBjps3rmL5yPGWnyulUKmUD7Sm7TDjSOlD++wimZgkYnwRLKpcC0NAm1jFtBeHiOvoea1muiUO2HDv+W2m66YN67jXX469SQDIoVS0BpBat0gE+q8iKKUolYrI5vK4HdOZNH3b64HZEEYWBLMTgk4u45SYqCjAXJPnHngI+dExeJ6HE2fPgTGegBWMMkgp2rKDDhoH5cqgxKRhApI20Bxk8s8og58JENXqEyozueqNGus+t9l/46LeeX+Mjo3j/oc+mBq861Pd5qtDp19z4FjyEKizNyilKExMYGdnE8MqI2mL7WRGQ9h4QCllg0SmuZxszHnNtJPMSRtZ266r7nsBatKkSvE+JAxxi7lo/WyWy2VwzjEx0RsQ166KxSKq1SqmxkfBB0S/f5fLsAZ08jwKAh9xZDq0nk3JGkZxC8wmZqPWrNCVsOxG730IdGitjVeRdF2yTubGvVc7SYina4gUQ1kxZBGCU4WOUxtbS0tLxsAXuuG5M794GBOfNDTZ7vezhqdr4AhBgESWUpb1Y3BSGgoND90XeOnz0svzxs3L3BzLdA8U0LM9370CbCoSYx3josMoTMnU9o9rddJeAIksN81Qbi4hREd2yH6VNkWlKZ+7212UGnDDTzWV3H80GAELjGzaMYyGyjBpIhZrDXj5cSw75kb9bQCAMAxBCMf8hWcxd+4pgHMI64PFrSGnVEb+m505gpHZY5BCwJmzZ8fnkJmYhahVMDJ7xO4UUFpCg2Lxkc8keyR2RtTLp9WpA03PrFq8epK/p/hpPUxPNRpVbM1fwYG/EW02Or50Djw7AlEtQSuJ4o13MHXi0cQElEtm4ltt2l5x44o1RDU1vny/OVapemomGtmxBiESjFIsPvRp1IobKK38BqOHTmPu3JOYPP4ImJ+zQLNAFAtEkYmDFsI14VWdNa3NM9nLT+PYU3+CQw9/ButvvoD1t3+KysZVzH/gaUyfeixpgMaxaPDiG1Y5g/gjR44Mdbt3E8ixt7uNsbGJtnI8SimWDh/F1uY6NjbWMUgaUdtZgJQquQP6MVVzpeyBNLhM2w6VK2JNQtM07YZkFJsJ/ttco4Ux5PMFxHGEbLY/er7vBzh59jw211chRfvFeb/lHOJvJ6g0M7+A3d1tEEJQGOsejxRFdYZPkAkMANZB3651/UGhtcb5C4/g/IVHUq/XB8/Z+UPY2ljDyG246dPmqlNz89hYXwWhFCN5t+/+wJQWkKMWGpAjkwHd53qaW1jCxtrNllQfB0oA7pY1j2qV6jCaz9KoEXeyHEdXNXIX52ejE48J3/dx9vwFHD1+amjMJsY5ZuYWQBm1ciXjpSGkhLbdcMpYS5dLSgllwQ0HtqZZHErJRE7nusnpWjx8BCtXL4Nxhvxo71pJIVP+G02De7lcxvR0e41xr5WWp/SS/HGvGovZ60QIYYD4FNARRcYYtB+dfKeixCQ8JKkqmSDxBnB/lzaW7v0CdCgpEUth7nt3fxMCKWXfQK6yjvUAAfez8HgAIUJwCEhNUJUcAZXgRCKgFCAcyvDkum63U9oF9/zegEoNRAqIJYHPdIMshUNBKZh0FSbBOYMXjIBSA6obY7vG40vPdXpJRKFpryTbPjRU3v0P/Xe5moSU5meENDQbXAkhIIWsMyv8YN85GiXGgDZO3cthFHVs1qWZYgY47dF3ozkS9g6aEjsTXEqMx1fp5ju3/Rjyc8cB4uSlTYCBVRFoa1JPKbUcA218bpjX0n13jVpAg1pgVtRKyE0fxuzZj5q5cq4AnhmBVhpSSSgdQmltImOZD1kro7a7irh20MZjY41MLyMYnQLc57SYWrdLkwBoeGykvTAafDEGmI/puowtN7WE/Mxh7Fx5AwCw/uYLOPTw74FnCvB9c/07FhShBKuv/QDKepGxIIexQ2eNFNwmWO67azvHAwE4YxiZOYL7Pvs/Q4RVZMdmobQ1D45E4p0XxXHiwZb2q4tindguSOnB4wqMU7DcOA49+nkcevj3UNlZRXZsFqAeRBQjjiVEj2BMP7W3t4disYjl5eVbEvF6N4ActWoFUgjMzi10fd/k1Awo47h+/WrfIEfLaKpsqzUIfPSaOduufD8wF4tUVk7QihJ6npfQwwG8byZwg5aTOcBS5Z/8+CfxwCMfgpQC+XwBQSZrfR/s+5vuGa2R3IATU9P4/Jf+uZ38Dbe4TbrRB8h3bl/1z641MDo2gU99/g/xoSc+BgCYXzDZ3u719K7dosJdm93ADbcNKV3yizJmRwR11gYzD7qz5x/A/MIh1GpVMOZhZm4+SULpV07S9ZM3fKcamWwOz/7e7+PhD30EADA7vwhCTEqHccTvfb8NIIebVNVqDSCHkBKe9ky3QSmcPHMOM3MLqFTMw9fp3xy4YXxGzMLCldIqJSsToCBgHksm20KYh4ZnJRHUGnaazg2st4AG4z4+/NQnBj+ZHctG4lp/Fu7x5PCThaJLQeEcxJ4XoC5FYIw1gLqUGlAEgW/TogQyGRffewpf+Mo0ypY5NTe/WPfu6PL9CWFctwHTiUnrY508ZRj+G7mMbzsn9wCOQctNxlyaVxroCMMQlMbwvN6Mg7vvx6TcxKnoWLcfAO8LoEMIkRq/TKWNF8UAAIeU0shkKQHzs6B+FhAhiIqhNEWsCTwQMKLAYSQqCsYgvFsdJEUFMKOz1ARSE2gQxJqBEp3IUmJNEWuT8OIxBi87Cso4tDWqbh4eGoHiHhgczuPAMvey1gviXg2nlFJWAmTOKe8jsc/jxrcuiurMytg+G33Pb7hvOefGoBCAFLKnWHspZfIcBgCf8xZT1NtdDkSobFzBr776p8Zgspe5k32PVma+SQgBYQzotbGqNRj3cOSpP8big59MwA0jCzZ8JlHdQ/Hmb1DdXbcsp4NVdnIBgAU4vABSAzKSiGQNMWKMZEbhcR83Xv0Obv7qe6jtrh14n1qpJKFk4aFncfrZ/wGacig7VXQRuY2/pKGVrBt7NgEc7p9mbmzgnEHipp38R8NEw04ceygBOEo3L+HaS39rpEAeT2QqjFFsvP2PWH3th8l2RuePYWRm2Rj7S8uc3ucS0nY+G8faxsISUD8PzxtBJKSNdJUQwpjLS2EaVqrN2sYZ+2stDBAtGbgwoRiMMzBKEIwvGj89IW08rDApTEOsKIqwvr6OiYmJA8fFOgC13dh1J0EOKSWKe7s4dLg3dko2m0WhMI6d7W3ILslAzdUw23DUf1fN3cpeixKa+HZEOjTUKN3eAItzbhdF3h0fpG91aaUTdJJIiexIHtkR2/W1N6pDLptj37TWZnJkjT8dZNpXLnCPJYQ0nTPlFrnDKfPwsTQwaQbesYkpjE3UvQbcfpVSyeAWppkbVgfbDdww+9KWQmY6DGbwipPP53FuJ98UhbFJOLm1tJ4NSlpQZIjljskBL4XxSRTGJ5PXXOxsHMXOkrXnbTuQI6zV6kyOWg1BENgB3nScqRAAMYa945PTmJiahnvUOTmOAziaWXfOEFGmOkeBX1/cORAqyATw/QCcN9IrCVGQ0qXd3CKtuJ3gcM4Tg1YhVMOiMayFCdDhADPAaKjbsR2470NUq/B93zwgY5F0XPOjY8jbRZAGjPmyNcTtVOnEDNIkHykWi/B9H+Pj3dlM3Wpvbw+1Wg3TE6P30lOGVHWgw4BcjUBHzUQzel5P5pBXeFoJAAAgAElEQVSdyrE5YhEnEqYgk4EUMYC6hEVaRtLdECVrxi2RRKACaLjXGGNJ9GVYMx3O/ZhlzduXSoEyDupnQbwAGkBVMRAAeSYbUlR6lagcNEXFyFKMzwYASBlDQcPnrQkvYB5IJg9QM9dxvk4N27NeUY5F1ssYmSSvJCDy8MfUZBE09C3f3RU3fUcijk3XvkewmDFWT1dJy89k1TwzObcLs7qRMeshPt54QpmxIQwjMErvCoaeTgEVUkSIrVHv7SjlZwG7+DdNwBSLgwAiLOOd7/x7lNYuD9UoYeL4gxg/fB7EHzHztqoEOAWC+j5kXEsYCgcpJeqAVnXrRjKXhLVSbtcS01qjun0TO1ffgJcZgVYCSgqIqIJwbxO1vXWExXXUdtexcP/HMb58P7zsYAtet2+tgbkPPIPV13+Iyroxlr3607+FVhKLD30ambF5iLCI1Tdewns/+nPImrEzZX4GSx/8HAgPICPRsv7Zb+dCSYRhbOZdltUmk1AAaea2cFJp4wfigBkAdRaLBXqkMgb1UhDEVuLMWD0B0ty7AlLphCU0rEtrY2MDjDEcO3bswNuqVIx8uhMr/06BHOurNzC3sNii0qhWy9jc2MDM7ByCINPye9zz4Pu+BfzUvhYayYiaztJO5ClDABw6achceZ6HOz88355ydCoSW5f8JnBCwyR3yA4RpFIqkFiYm5fK7py0gx2opdKKoTNEDOhgjp0p1XhNOP8Ei7K6h3lalmJ8XHo04bIGQO5UKk0QhSEoJajWQiilktSC+jHo5BiH/dmlUqBCIrYpCc26ayGM8ZFJcDBAQT8LJkYZgkzGsjeCRK7i7sFqpWoHfGPMaqiljd4bsgvdLgzDBlpsGtzYr9y23QPmVjYbldL2/FJ4XgDPg6GQKgVpAZh0GYM0v6McjxIziRRxDCEEqrWaiSL2eNPn14mxaadMdKUVpEj7b9QntVprlMtlzM/PD/7hYbWbWh9IniKESKRG96penBtZSmyvhTTQ4SQYvCl5rN/yuOkWx1EERhmYz0BIlHRjpJR3HNxw+uP0dZ4AG9p4SrnzEIW15H1SCBDen9+UK8/z4HGOGgCPmHSz5hSVXiUqB05RIU64xyDhgxMBRhQIdCKfCRVDAAnf91AYz4N7rKvWnRKSTOyVVmBkv0jvRnngrbxXGy1Rfzuq23cR+D4EpYgsa8t58Cipek4qcekqQgpEYYpdGcfgrollAXbGaE/gSRxF0No8g4nWd3wccKWsHC0zNouZM4+jvPYe4lql6+8QAjOXjaqo7W4kP6fcR2Z8ticWB2UcIzOHG2JStWq8VrWSlr2RXov0f6/oJmZtdXsFMg7h+XkDOGgNKikgKbTWmDrxCFiQQ9iGwdG0ru5YSgpIEWLl5W9AW780ZWN2K5UKlAJGRvIdNqRx8bv/AYQy06zTKlkYau3GbbMy93MFZCcW4WUGiyRNGMowxrLHn/4XeOPv/g/IWgUyquLyj/8Sa2++gNzkIYSlbVQ3VyCj+vi6+PCnMXP2o4ZpYdc/vTAUKTWyKKJIYhRqmLyWIUsJGBgoHXz0IikpdnO0t8fNuC0skHJQkGNrawuVSgWnTp1qK5vrt5yfW7dnQ7FYBIDbBnSsr93E+MQEstlcw8+VlFhbvQnPz+D6tSuYnJzC+ESr0T5j3MgA49gYdxPW8UZKZtduQZ2e/A8V4CDtOFS/W+WiR6E1BG2Tce/YDap9B9gtglUPyNUBDzShfg07/cUBJ66T13wO0iyHKIoaJASex+F1iMTqVOkUEgIC7nmIQhP5WanWwMLIgBxNv2MW+kNmcOzz2ZUyxrxCGraFY2D0o/N3IEciV7EmdG5ypa2XBGDMEmXK3dx0PdoDHGFokmuS7QX90/IN8DB8M6ZeilEGRg2134AdhqXUa9fd93zjdeNxhLUIUijQ0PgIpcdJnbqH25VIm4tSDyS173K5DK31cOQpuYzxHOmDwWHuO5l0441ch/xWGz0PUsQa+jkPKefR4solhnje4JGNjs0BGHAu7VXl6PMuoeF2glAmxj2ud9h0Pf3BRaAy1ghgMO4l47iwv5/NZns6N2mZYDaTQSYIUALg0frrChSEaARMoaYZNLQBO7rUwVNU7P4JgyQclAgwu2yhWkA4iYpN+hofK8DzuP087bfVDLTvV+nklVud0va7WE5mGUVhCsgEajUDcvT6/OOMg2QIYguUOLlW+t7pxfdFiDgxzwZM2srdIEvSMAtxpT14wQhOPfvf9/Z7WkPFIUrr7+GXf/a/J4zZ5Se+hMULz4Fn8j1/PuZn0U7Z267RkJ2cx8SxC+D+SMtrnY/VpDhtvvMyQgvGyNgmPVLSMEfTSkMrYGT6MHJTB5MYQGuIOMTu5ddQWr2U/JgQAkooVtdXEYYRpqfNnIFy3kAnkGH3qGt3wpSIDzyGaA0ou8nZs0+gurWCS8//GVQcAVqhunkD1c0bLb83ffbDOPrEP4VShjnlmnx0n3kZIXVJsUan5eWtMyXinEFr03iO4xhhhMSsfpCqVCrY2trCwsLCgT3YAKBUKmFzc7PnNL7bwebY3Fg3DOU2wMXNmyu2IenD83wUiyVUymXMzLVv+HHPg7LzVUJI2zVxHeBIXdxu4B7GIjp900ghIHF3UGvvVDmQYj+NcLffl1IDt8B743aVWeh2n4C29dzoE9xoV4wy+L6fsJUq1RpoLUQm00qHuhW132enlEGnukYmFQV9gxyJXMVOoCilSYfVsRt6HYzDsAbpFnGEwO9mrthnGkCnupUTNwd27MNibyl33UgpwT2OarWGWi1ENpvteRtp7TRpOofFYhGZTOZAplI7OzuIoghjkwV4vEemk5SJRjwprSGFgLoHcHQsB3TwFJvB3bdOtuESVw5yPcsUPRkAKpUqZufyRq4iJShjt1Ti6WQoUgi4K6RZhsJ5Z48C83PSALi6c7NfKakQRwJB4GNsfAw7hQLWV9LpJCZFxSDUOpGKgHc/3wdPUTFFEcNXAhVFIcGQobJFouJxDyO5Ahjzkslwu7ExDVjIHqJi013ovijd96rnopQgk8kkzZYw8bmqwfM9eD0CyIwysKyRrDSX5/v7guxKqwZp452KhG1XUVg19P2QQisNyjzbXdXIZjMd1xEUxlgS6++1vJYZm23xYetWTpaiUr8TxzGgW+c4Y0tncezJP4GXb5SBktT/W4tARhUTQ5pim7hijCMIshAiSpJiNt99BSIsN8hL+i2lFKAkwlJr4pwf+Mhmc9jZ2YHnMUyMFxCMTmN04RTi8hakiEG5aaIkzx9CwbgPL1dAUJhGUJhBUJjG+NI5ZAozAzeh3XdFU38/8viXkJs+hGsv/T32rr8NGdYZPYQy5KYWsXDhOSw89CkwP2fTTUwqiWFv7Hd9EzBKQDhr2zC8HeWaoYBh5w8KcEgpsba2hpGRERw9enQox7aysgLGWF9y51sJcuzsbEMpgbn5wy2vbW2uQymFIFNndWSyOYg4wvWrl5HvcEyUMfjUeBdqJRsahkBaopKa3LoJyzAqee7aSdLdMijfq1tXTjfNB/yuE+aGBTd68dzop8zDCA159c6U804XpcbRPQzDJpCD9HXvpOUqrpschoba2KvEB2gCNywltqtRoL3h203k+isCzhkY4zZ55s5LJRjjYMxJXEjCiomiqCfQVkoBqeqTHZoyF1VKoVwuY3Fx8UDHuLW1BUJMeko3Z/123glA48I1rBl5UywEvAFijH9XilKaAB1RkxGpM6Y1i6HBnqnMXifCJjrMZmbM9lMGnu4+34+O2k8ZZ/k4iUkEGq8PzjkY5z0xoDhniT9PWAt7BziUhJCG7Tg+Po7tQqFBBuJSVAAKSepSkf0mx8NIUQkVRSwJPKZAaQBCFAgEuGWPOPkMzxYwPTVlANJqaBoUbapfBgdxFG5Chu4Xda8ay/d9MCkRRVFKshJDCQkv6D3a1fdNhHscx+CMg3LW0/0T2+dpWAuT8eZuqbBWA2PUPlM0KrUQ1WoF09PT0KAdfT0J6R5q7ACLXsrdLsr6vBEYsH98fDT5tyt/ZAL+6ARiEZlIWK0ATUFU/V0mOYXa4yTW5DjXVcJBGYPPsomkoba7iqsv/h1qO2sglIJ6/bFx0xVXivX9pBp9o6N5MEpRrVaRzQYYX34A93/pf23wziOEJSAToQzM80F5HXhKvCgIgH0aj93KyHRgNkSNdGP69EcwefQhbF56BbtXfo24WgT1AoxMH8HM6cfhjU5BSYUolhbcMIxI3iPzwjBZCChR2Lz4MqLKHoZhJLv/jimY52P27BPQrJ4iNGitra1BCIH77rtvKId38+bNhL3RL/AzbJDDSWCqlRIWF1vBjXKpiL3d3baG3u55vLu7jVJpr/1zkZBGNkdKHdEiUQGGw9yolzkgN7G5p+m+u8vRqwctrTVqYWgmXEEwEMhBKUXa4fJW0G/bghxhOBTd20HLsC0CM5lKdYyMcWf/chU3gXKU914HvCgKG8CNXmPs0nT9lkpL1rq8HmSCZAEOmHPCLGX4TpoRe74PVa3BD+osICEleA/miWn2BqV+wzkol43ZVq90wk61ubmJXDYDxr22FE9pfUhEh0WrAbe5jRq2i9E4vgdw9FCUUmSCAMpKStJxr3EUQcYCvI8oSFcuspZ7RkIkY4Gt7W1MT08Z0MDR3i2LpFMkZb9FUlRnd40QQo2/BuvPR4PZJBpC6kwOlwizz1EkptPZbBYj+VF4fg5EhFCxRqwpqKYghEMRDo/GoFCQikPvq3AfvDTqKSoejLcgQCEVAaWROW7NQYIRBLkCxsbGEuml1qrtuWuQuvUTFYt7EpVBy63reiljHJpBaEEOwHrvVKrwg96fzZx7fTUQYxFByrr31d0EbigpEMcRpDTso11Zw9raGubm5pDJ5NqDedbIkVF0PflOzqW66bqa3u/SPK5dvwqfG2PItneS1pAqRigiKCFBRH0cYoyDaZO+B5imkwGO9z0EEDTKVZzRJmDkIoNzOeoVjM2AUAKtItsEzABEo1YzHjFebrLr8zoxJVX1f5tj78/Yvu223felAE1Mugv1spg58wRmzzzR8F6lNMrlCvaKRWhtGnuxleCrHk628wUihGD78q/w9jf+T0SlndsC9hJKQbgPL1vA2PIFmyI02PNmZ2cH5XIZR48eRT4/mAdKuiqVCi5duoRcLoeJiYmBtjEskMOBG5VyEVPTMy1N5DiOsb6+ily+O2s5kx0BtGt+twfhKGPwKIWwDElCaRPA4cxFh9Qt1Voj8AMIKRLq5S31jrhXA1eirbbml4MwbRrADQBRGA4EcriJQvMCv52r7kHKmNXoJJrxrgQ5UkwOw4rQfU2O0t2hfhYkURQ2mCh26ng217776PF1R2VPL8JVQtFNszvaeNmkSmmFOIoOnHDhihKKIJsBJdSwOex1E4X7y5yEqLNaCG+Vp2Sz2QM94La3tyGEwGRhpIU6LWxEbiJDSaXHEHc+PW4MmwAwJiGlSFgqvS1G7xVgZGZBwNpGy5r7arBoWZdO5nEPc4GhtXOPQ8T1B76LpIzjuOd7tlu5lDPAgBv9yLHS5cBWJet+Ij0zOpVGrWbG5SCbx/jcEeytX4NSReSJRkUxUCmRRRkgJlElBofUtw7gSKeoEACeriFSDCXFMQIJQjkEH8HU+BTGCqPQGoii2CSodRiv0j+XA0TF3sp0qntlihCCTBCYeyzF5oiiEErJvtiRvZRUCnFUXxbfbs+d/apWNbIDpRRiAbx39QoKhQIWDy11ZF8Q9Hedpn3UeqmVlRVsbW7i6PFFEGq+s9ZfJ6CEIeABCGHQnjWlJKR1nmAZHP1Uu883fd/jmD3zeF/baVe5qcOGGQMNQUrQyBhjZ8pQLFUQhlvIZLIYHx/vOL6mz6dGh5jZAcoAJ9qCGwSa1O0XSdP7oAky2RFs7xZx9coVUMYwMzM7MICnlYKWEsNMfuy4L63AhpBQF4YhNjY2MDU1hYWFhSEcGfDuu++CMYbZ2dkDbceBE51qPwDE/X4YVpHL5VAotEplVldXEAS9+XFRZhqccRSZZmEbdJoQAs83fnlSSgNwOHAjCPxEPzaMIoSAcd5gkHYQGs+9Gn5JG1WWZvDEcdz35DsNbiTU6Vo4HJAjkWoMF+QQqThGF7l2N4Abrggh8IMgMTkzEylzvMOSkLWrODbd4LAWAoTAY711hIfZWXKGly46OWGF2I54O3aHM5xyJUScnC+jBx5scdZcbh+e70NWqw0d9E5dPCGi5B4jhDbIU6SUqFQqWFpaOtBxbW5uglKKbDt5ijaRaY0m0gSct5ccuYl0bI3UxABjwu961aNlRQujIwxrxoW9B/19u3K/QwmD7xuwT4ioHklpgY66D8hgDBzGGKjdnkuKGfQ6YNTcn3EcJyyOXtM/oigG5xyjY2M4ceoU3qpso1qtQFIfXAswIkGIqieqUGUDFG9R2RQVpQkiyRBQaejSLABQBdESHiIcOjRnU5E04kiYtIlOm7QrAXeu+4qKBVCr1cwC/BZJLe/N3OrlcQ5GaTI/cSWlgh8Mdk+3L3MNh2F01xk+16oVyJSk4ebaBrTWOH36dJffQn+0mT5rb28P77zzDhaXpuFl2o95ca2IuLILL1cAAUEvMY6EEESlbUTlAeNvCcH40jmML98/2O+nN0WNkTKjHjjzUSY7oHHe0vMZhNC4fPkKrl1fweHDhzE21saDQes6c6MZfRhCGcNRDaLr22/ehbZyotnZOWhN8Oabb2J3dw9LS4f6ZLJqjM6fwOIjn0F150aSNnMrizIPwcgERudPuEPoiWXUXGtra/B9fyiRsABw+fJlFItFzM/PH4iJ30t1S19xrwkRA1phZrbVKHRj7SYA0pskNFWOIRXHoWUqt84fmJXqcqA1+maYZXRZ9QXK3YQ+/y6XQdzrzJpm7X0/E1kXMaxTruCU0gaPAtKH67irBORoMN0cDsgRN4Eb9C4DN1wZI8NGuUoURdDQPRuc9VNxXI+jBCHgjMHzb/+kqjmiVEoTvarSiRX2elNKQUURYiBhH2m7oAeQOm/hUDtslFD4no/IggBRFIEx1nZREqcM4ghr/N5KpRIADCc9JWMcqJunE9wCze4+2k/u5JgxcVxnN91jcQxWDuiI4xiiidFhvDMYGD8Yw8jIWLIG+IvjBqAjspG2ntfZCLTrtjmHsmDiQX20CCHgjCc0UyHEvsCoSx8TQiKXy2Fp+TBuXPkNdksVRJFOEkxcogoIwIlAaXcbm2vDATWbS0qBMBIQYElaCqMEHiFQksLjBLkRHwvzsxifGIcUxsh3v+7iQaJiTaf7nlTldhWltG5AahsCgTX37seAtOs+SH+ypdtVcRQijmvJvze2yyiVyzh37tzQGgn9ltYab731FjyfojCV6QgOFm+8i6s//au+t6+kQHn9Sh/H0/iP6u4qqjurfe+3uYxpKIU3Mg6feYi4j3K8gVBEyOk5+EEGE5PTWFlZwSuv/AJHjx7FkSNHOm8PGjrFdqOp65YeoJHmzEaJ1h0BFHeOZmdnMTo6irfeegtXr16D1hrLh7sn0CRSGw2wYBRHn/hnAx/roJUkLqYAo15rY2MDYRjizJkzQwEut7a2sLKygvHx8aFIXXqttJwlzfrQWiOslXFoqfXaK+7toFypIDcymAzGEDGMHIVSCt7m/CUSlXR047ABCJV6oN8DN25vxfbLb56QpuNXgTq44WIP3e/2MpF14IbSOtlOEASglFkwwko/ogjBHQY5lFamg9gG3MjcheCGK0KMPrGWkqvEkaFoeX2in90qDW6EYQTO2F2j93U+BIBJDHAUNMcyceUSLICUzMWWW5wNavTVrrjnQci4LlWJYwRN58yYr6XiYZv2Xy6XkcvlMDLSe2xdc21ubkJKiZFsvuM14XkeokQeEO+L8BPbMexbUnCv2pZjUrRGy/oQQhogxPMOJBFtZo2kgY4wMmOdZ9lOvRZjzC7ONaQU0Hrw+FsAYF4jwOF5+6fMKKURRRE4Mx4gU4cOoxyGEFfeSxJMslQkUpHdmODVV15Cxrs116sGsFvTINRL0lKQSlTJjkxi4cRR5EYL0EonDK/9ZsFp35N+omKT79kaA9+TqvReByUUuMjYZgPSYTcg7hboSiqBsFZO/l2qhNjc2sLhw4cxNzd3x47rrbfeQqlUwtLJSdAuKUqlm++idPPd23hkpq6/+DWs/OwbB94Oy2Sx8MAncOLZ/84s9JJXNMq4gZyeRxAEOHbsGFZWVvDuu+9CSonjx4/3tP3c1CL2boxDS4GR6eUDH29iYrpPZbNZPPjgg7h48SK2t7cwms8hMz+Lzla0GkqqhBV3J1NU4lhA9pGgUiqVsLOzg0OHDh24sQWY9dqlS5eQyWSGEjE7SDVLWirlIqZn5lrmo2FYw8b6OvJtJCt9FSGgjEErhTgKTVpdE8ZgAY761Rfbbo/r4BFKzYSLGDS534sojTrfAzhuTwkhDDWfELAUwGEc/eMWc0E3sSYgDfTh/QxHO4EbbgEZBBnUao0gh+/7fclVlNLJAis53gHQzii2Jn++d1fLUrpVpildxZ2XYYAcsYgbwA12F4EbzUUJAbX+AkoZ0z4hVQu7A7DXitZ1FkcYIZNtz7IYtDzfRvIGvmE/NUX4iTjlvUF5Q5RVHMeoVCo4fLjVXbqf2tzcBGMUuVwWrEPXpZnF0YuhsJMY3mNxDKdctKyndQPQkY6W5Z5JXDnINVpnjUSIY9GwAJZ9eixpbSLwars1ZLIZm6Q0eMeJUVZn+NXCxBh1vxLCOO37gY/5+UMIKxXsrq1ChnHi/i+JD0KBAOL/Z+9NmiTJEvOw7y2+RGTkWrlnbV1VXdXbLJgZADOAsHJIwACQQ1KQjCaZ6aKTjKaLTD9AZx11llEX8SATKIEwECSxkQNhZgBMzz7T6Fq6smvLfanMjMXd36bD8+fhHltGZERWRlXnZzPW3ZkZHu4Rvrz3vW9B0qghiSgU8cCMzahItL02GTGgSJAoBgP7jDzz36RtKQQGjAiUgwDzV+Zx8+YdlMsVa7FLCenTQCnNMk/6qYp1gZVxFGWLSU7FodNwVqvs0D2rfD/ryActngUugDSKouxZMwqiqZCzkiprlVIX+myOG43s85JSY2tnH7Ozs7hz586ZtkcoAwvLkPWqVY36gytAnj9/js3NTVxZmUBpwkPhmyQUU8u38PLpRzDZYu4ZvheCAulYmulN5hACeBNTELXjdDdYs/loGBhbh93p1CKEoEG2UdJ231wrm7Mu3L17t01hY3L/QijF9a/917hy5xcAAJNLt8D8UnbYXnkS8fFBocll1Lh9+zZeHs6iXq8iimN4HgcvNVf6mV+yIavGWsKk0mnMwrntUncYe5+WQkL2sB/mYYM1dzE5OYnr14cnkABgfX0dSZIMPY48K1rJjZPjAywuLqPSITx0Z2sDpYnRKUwIpUA6nmKMgeXGEtaionVhEpCXd7dtLM3oyML9CAFFGpeLdhIkL5m8XFU4X9ig0MSGO6UrQSqtzhFC2BtZLlzQJvMXpdGtK7bdJkBZ5kYXcsO+FQH3eCHEU0nZN8GhtbbWFzTJjXwrSL9IRJI1WLwOtpReCIIAcdJCchj0rAQ9Da2KFsZomwphXGFJU5pNBLLcDiWzIEeT/jxvVRlVlktGJuaQJElhEFHIIGLFiaGzpwzDumutcXBwgEopPJXs4pxDZHaD01UclNBMEQDY4GDKObRSFyZFfhPgiA6WZiDl8zmkEJBDVss6eJ4lI2SOwJRKoZ+r2xEu2hgYrZCIBNpoNBqNoeuMOefZdSP7rCE22lYbK6UwMz2LaGkV+0s7YDsbaEQCynAowkCIgUc0CDVQYEgQIIC1hySGgIMD0DCaQhoCQxlAPBitoPv8G2EAZhQoNAwhEIaBUgKfAnPzV7C2soKlxWVopVGrNXpmb+QxcFVs+veEEiAdsrlnJoxpqtuMgVLxSIJnL9EZbmzsxrwGBmQEsy5KaEZexfHFNhFGjQaUaj7PtvdfAgDu3bt35m36pSnM3Pg8ajtPwIMSSlea1oR+VCvHx8d4+PAhKjMBZhbK2bnvLFt+eQrXvvZfYuHdXz5tU4Pve3kqa25pudwQTC3ixtd+H0nt5cjfd/atLwCGoNWS5tRIDWqtMCW9hNXVVZRKJbx48QIffvgh7t271xZAmbd7+BOz8Cea7RsZuVGawuzNz6NxuA2vPIlwamHkx+UwNzeHmZmplMghmFp5G/X9DWiZYGr1DijzoVNyIY5jxIkcSUjqoGiK7frXV+3t7UFr3bei5jRsbGxgf38f8/PzYzGfiRt1LC6uoDLZTm5sb22AMm+kKmoAmZrD2dU5502LCuUcUCpdke9S8ZirbzTGFEIpO7xbmpxbvL1fZL3jmwydDpKVUgUCA0iDPlsUEJTSrin+nufbFb8eKo5C5kZGboRt29NGQyZNVQCM6Tv4RuvWXA9bLzgMudFsZBl/W0ovBC2ZHEIKgJxNySHTNHjAfj6MMQQjToJ/lXBWlvwgnsDKiAvqFymGmjwqraDSFXigWY3b+t5KycKAsNWeUq1WMT09PVQw4P7+PowxmCgH4KesrHDOC3YvpdWp11Q2OTMGUZIgAABCoJUCvVwRHgqMUrAgyIhoZ7myMvcEIhGpYuLsAwJrNbI2mNPCPbXWzQDf3OpxEPjwuIcgDHB4+LKv86YXOPeQJMnALT1KKTQaMUqlAPMLS/jSL3wN3/vWX6K2mSChJfgmglQqazNRRkHoCD7T4ExjkhgQKCSKoqYZSlSBkxjQCeqagoJgkslT/6bCFAQtQcKAw076CPURVmZw973PYfXq9Ww8JdLaun4waFWsAyEUgH3+5xcE8oijOAsU9/3hbEZvCtqaHYbdnquMgCXkMIrbo+vDTHFROStSJBCikf333mEN1erguRum5Z8TizfxwTf+Z2hl1cXMLze5vVMO1eVu+AHHwmrF/dA+n73TzmkAACAASURBVLWEVAK+H2L21pc6kk29rgHT4q0gHZIytTbZoopJcxiccurK7a/gyu2v9D6ATu/b15looLRMj1MVzon8q+tkC2WzjNnZWZTLZbx48QI/+9nPcHJygtu3b2fHabSBRtp60vpW6fp1eW4F7/7j/wkmbYIijNvP6BxORwP7jAh8q9K99ov/FKtf+h2rkvNDgDAoodJaWkdmjX4/Ro2DgwPUajXcunUL5XJ56O1Vq1U8efIEExMTmJkZ0vIxIogk7khuuDFOb+5gOLSqOTgA+J4H5Abl7mLN/mnjbu2KeouvvY02SyekLiG3599eYmhkthOg0JDg+X42cc3qIAntK1Hf971sdU2I4ipvZkvJtaV0IjeANIQxDJBEcVsNa6/BrCU3oqHJDZEnN+LXJ3OjHziJakZynMGuopRMq2ebtpRxYIBHjUyRlvO3izQQ9Cx5B0ImWXWfO6+IMfA6TESlzJEb1ANy72cJlxhra73DtE7DwcEBOKMolydOXd0jhMDjPCNmpBBgQe/rinEGLTSOjo+xuLiAw8OXKJfLVglwSXCMBI6Yc3XdHatluVeQXw4KzhmEsI1pQsqCSssNPjrVCMMAlNHsXry4tDBUTkgcR1Atigap+st30dogjhIQ2M9mcmoa127fg6E+Xrx4AWoEODEIKAWFASEGIZUwxIOGAaMJJJo2Fk4MAApFfHBi21is5eT0v+GwqiYCgnLgY+bKAq7fuI75xSV4vo84StCI4rZj7YVBq2IdXI1lvvqZUJKFNecblOIoRhxF8INgYDXAORZgvBkYUIHT3ybT7zYlJy9iHqe1RpTL3TipJdg/OMD169fPlLthJ6QEOs2fJDwA4/b8dEoCF1LZ62N0uRsrt6ZBOU1fbwmOWNpWIa01iKbIn7mU0N7kvDHZvTDfVEQJLdhMjLE5EEoqKKlgKIWUCgCB1v1dW0brQg4iABhiANr9vmHS945EHbGMoEz3/AdHcgRBgFu3bmFzcxNPnz7FyckJ7t27h1KpBJ2SHJ1aLgkBQAFiABAGpKpYo+1+aINzIRgseWE/c6UMEkVhjAGHAqWAENIGzw9wn7xIRFGEg4MDLCwsjCyr5vHjx+CcD10JOyrUq8dYWG5vTAHsGGft6nUcvTzAwcE+wrA8cINKX8ipOTqOltxDr9OAI098GGNs9zAh2WqDzqtA8potXGZwjBJuIKzTzzgfFMpT/7ZM8zQAAs/3wBnva9WGc6+ZxREnqZTdK2ZuZORGb7KCUVYkOaK4J8lRsKW49xhWuZFO3r0sT+DNmMRnJEfOrmJMf3WtSinEcY7cSINM30QYg2xCH4QBCKHwfX/gSZolhJKMuHX3uV5hrFLk2lNaFCPOtzhYJVrL9qXEwcEBpirlvttueEpw9KvioIwBQmTKlNnZmWzV/RKjhSM6CtWySD34SQwqRVf13enbbla2KylhPC9Ta7ghYn7lnxIb6MkYh9Z2lZIPmQ0C2POpEBCctqRo3l9lrJ1sJTAgmJgIsXbjtm38aZygXqsiETGYVjCGWiKEKgj4UACMplCUgRKNkCloTSDBoQmHRwUoMZnVpdffaMNAibB5QNTD3PwVrFy7hhu33kapXIYQClEjspOeU0b+2UKSUtCwM7tBqmKBpuXJZaa1vsY+05PCcz2KokvLygghhCgqQsjoCA4vvVbdd2e0bgvUO09E9Vp2HguhsbWzi9nZ2UwFMCjcxBi687pnRnD0uHbyuRvlSvH5a1uOGtBCN0nbFNwPwJkHiO7PLynt2JpzntmOXEgwocT+3PaPwLSoOCCs6nGQ+Y7WCjK1AGafATEwnkqZhXYYGCQyhhAJVEqQtCqS3H2gQZqWlZWVFZRKJWxsbOC73/0u7t27h6WlJZtpYUyRwCSpcqXJeze3n+6WNqMXcRiD9F5oszYIZeDcx/7BARqNOoIgRFgqQQo5EIF8UTDGYHd3F2EYjqwSdn19HbVaDaurq2ORrRTHDZQnJjrmbuQxPTOH8kQFuzvbaNRrKJXPHq7fC5lFZaAX9RlQprVu88INCue3fVMnXmeByYXTAc0BqZPG09xExa0mM84Hnsx5Xl7FIcEY71u50YoCyZGuQuRJjjiObV4H5y2ZGyNQbkQxOOfZBPRNO5d83wcKwZE2fKqXkkNphSiKQEiqaCEE/hv2ueRBqVUtuOwJYwYcfBgNkTQn9JkdhVJ4fvfWCylFc2WGkI75G1euXBnKfrC1tQUAmJ4sw+sz+Ms1K6lMxSF7qjgYZTg+rmJ5eSm7/1yGjp4vspDQtPa1QHTEEThjYN5g1bI2N4tm312j0WgLnAaQbtsvWEoZ46cGXvYDpVUxj8IYSza21EKfvh2NJI7h+xxhGOLGrbdxZWEZP/3h97D94imSuIaEhKAw8NDI2lVqmqGEGJza8UlDMxAolFADiIGGl1ldKJKefxOYus0rmpjG3fc+h5W1a3bQLRXiKIIQsuv+Z/kmusMML/ff/VTFAujL0+x59nNutpEltipeawSXlpWhYYAsqwgYmYAjqzZXqkmWmdaJ6DkijhtQOp+7cQhK6VC5GyaVZijS2SbSPM7Or2/N3Wh7PQxkpEGkhiL17OdhaQJaAUnONtoKKQWEVPB9D0olCEthYSKdNJKMdGKMFogYV2mtiRq8kAEMSZxAqmJMgPYEDFfZ9oHmZ6bSTKBsGzlCtNO7OzXHzMxMRnJ89NFHODk5yUJiCx+5U2d0sq64vz0HggNISQ6dnueEAJThyvwCNjc28OTpU1DKcOXK/FD23leF3d1dxHGM9957byTjpb29PWxtbWXWo4uGUhJGKywsdlZvtMLzfKyuXcPx0SEO9vfgh6W+x6+DgEuRnItMZBi1hlLKrpQCWVDm5SDaQikFmauFIyDwA7/jAOcsxIaDXfGR2UBISqt8iKIoN0CK+yYgGGUISiHiRlQgOfITLaXU0OSGVPK1aQMZBVzrkQPnXk9yQxs7MXDkhpV6B2/84NbzvFS14tQuSTZw7IVCAGu64kyAvqxeefUGpcXvpF6vQ0o5dKXX/v4+SoGPMBzsIedxDpWeN0pJaNO7nnRhcR5JmokDNEmey3vz+cLjPFOe5RUdCHxINXi1bGZTSZF/jnCPD/XM6AUpJZQUxdXUnGVs0PECgR38nhzXEIY2I2R6dg63772Lyekp7O5s4fDgJZJGHQZAoim0AQKqwaFhjLWcsNRyAqLTthQDzmJQI2BQ/BtCNCQCGBB4SDA9P4/5hSUsLq1gaWUVfhCkxFGS1eB2QyZ7b8nMKhxjvjJ2RGCMIyzRLPgbSCuEU8tK+s6Z5eWzhGGPmKb5G+5zHSRDpR/YnJViU855Q4oESZzP3aiiVqvj/fffHzpkOpscD3gsWmvcv38fns+wsGbbNVon/izhIIJDw9lMGEqlCVDKe2YA2NDKJH2fdOxoSDqmsgoo7vEsn66TAqpp1+j/uDL1B6HgzEMUNUkZCMAwQAXi1JO0teChdVyXb1lxVbKbm5t49uxZZlnpNGE250RinIbsfXPnyNLyCrjn48GDB3j06BFWVlaGUsGeN05OTnB8fIxr165henp66O3FcYz19XWUy+WxOe5GvYrVtfYGl+Ojlzg+fon5+SWEHe4XU9OzOTVHNVVzjO7Zw/7Hf/kv/xdvTEIFtdZIkhhCNtUJrlt4mFXONwmUUmilIKQC5yyzpHTC0FJiSrJaMq10ylizjGThnEFJCcp4R+9ep/2hjEJLBcZZJt8NwiD7nofJ3JBSZKqTrA3kDVYmSCkzVUKQkly9jlcbjSSKs/A7R258VqxjhDTPZ5rzp3eC0gpJHGckQKba4PxUW5ZD3rPM/DAdoFocHBzAGHNmiS9gFSAvXrzA9GQZk1OTBfXWaXDe5HzGTq9VYEoodBpmFkdWcRVcyttfGRhj9ntKM7Hy57EjOLNmsx4g6d9zbrfHKIXv+fDTc3qURKc2GlIJex0pmd13mvtOhw5QNalX3ioAGaZnZlGenATxOKgSIFrBGIJY2YFyQA0INTCEQxIf1EhwaBACJJrBEAKfKBBS/BuPAoxyGK+CUqmMK9MlLN+4iWtv3cGNm7dtaKoQaDQiSKFOJSYIIRkRzzkHYzRV7Xjgngff8zPFxajh1JIgVkrPOYNMn+mAbYFyTXkdXz/yPXoz4LKeOLc2M6eUG932ddoQpkAHrHo+6/s1as36x2o9wfbuHq5fv35hdZSAzd04ODjA8s1p+KnyMFMtEAIWeyCyeU9h1EO5PNlXIHYSRdkim10ca46n7HfKoHVz/KrT+zHr497r4EJInYorSRLIbJytEAQhPC+AVhomVWcQQwFJbS5H7rLsZWEjaeBwp99KUoMkNXimgsnJSQRBgP39fbx48QJhGKJSGV2N53mgXC5jaWkJURRhe3sbUkpUKpWxW6gTQmBjYwPT09NDjfXyePToERqNBlZWVsZicSlq1DAzM4uJymTh50kSY2d7E35QwuHhPrRSKHewo1DKMDk5BUoJjo8OYUDaxqJKKRwe7qNer+Hw8BAff/z3fVmkudISIolxkSSH1tpKJVtsF0AzWOlypdAiC4JLL2Q7QRneF90KbTR07vuwKg7LWAdBiDhqZKvhSRwhCMO+Vv5a7SoOrf8+OLnRrOt8E9pAToPWutCOc1pAqDEGSRxDG7tCYRtwPjvkBpBOEhkrDORLpdaGIF1QxThigxICz+8/+0AkTbUDoQyEFoN6q9Xq0EFT+/v7AIDJygQYG5xo4JxnK+r22u4tU+epCgZI/b1DtGhcYnC4nAWeGxzn83dEmpPS63lg8xkoOKNWrXEO36HSCso1saTI53K5ifyoVAJaaUQNe72VSgEmJ6dw59ZdXF+9jq2tbax/8gmw8xz1OEFMyghMHRQCvpaoawoFhhKVKDEFSfyOf2NYgOmJMqYrs1heXcPt22/BD20tsyNu6mnmRr+glNoMLdhQcNqHFWWU8LgPCorY1binq9IgBElqybtsW+kfhdVzbeB1UeaMZPsj3XJnNOr1rNFDCIXN7eFyN0aBfO5GaaL4zCOEgDY8EN28jjwvQFjqz+OfpJl2QRgAxj7vWsEYQxCGVgHlQnvjBLHWdnzQZTyVJIklQ1zYeXHHm2qqtOGKMYZyZRJRVIdIIgAANRSIAmhfQnsyO2aHbmSHCyQF0LYQ6Swrrsltc3MTf//3f4+TkxO8/fbbfXxqFwff9/HBBx/gyZMnePz4Mer1OlZXV8fCsuGwu7sLSunIKmGfP3+Ow8NDLC4ujoUyXSS2enx6Zq7tdzvbWwhKE2DcQ2VyBo1GHc+ePMb84jJKpfbvaHJqBuWJSeztbKFeO0GpNDF0zhAHgCSJLozgEEJkq9BAk9zwfD/tvRfZ332WCY5uoaJ2kNSfT7dfuDAyh9bqYEoJglIJUaPRrF6NzkBypJJ3z/NyTTDhwOSGkrk2EEduvMHKDVeh6xqLbGhm7+NN4igNcLXfZdinCuFNQyerirP0SCkgEpEN6lxj1FmC+ETBntKevWGMGdqesre3h3I5PPODjjEGlvPkyzTAsuvfU5YO8ILUvy8KTRyXeDVwygeWWlfy+RyW6JA9B3mlMDyXRrNONpSsZShVDfARq0QcbMNbAikVfI+DcYawXMHKKoMfBIhurKFareOoHiM6PkASNSCUAkkEjIwBJUGIgUcBz/fg8WkEgY9SOQDhZVQqk7gyOwM/KKEyOYXJ6RlIqZDEAkI0IKUauP4ub0EZWaXogGCcI2QUIikuOAD2/ueCSAtNanhzVRzDHFvrZHOU0EYXFIDnbVFJ4gZULgtie//l0Lkbw8Llbkx0yd2gCQfNkRtBUIIf9GejUUrZ3Lb0O/QCv+s4lBKKIAizIPt8Q6DfxbrqVBvdLGkusBRo5vP4vrWecsYRRfVMzUETDkhAB7Kg5nBhqJ3ur+53nZBvWbl58ya2trbw/PlznJyc4O7du2Ov5rhx4wYmJyfx4MEDPH78eGwsKwcHB6jX67hz585IckKOj4/x7NkzTE1NYWqqd5Dnq4DWGlIkuHr9Ztvv9vd2AKDgLgjCMpSS2N7aQKUyifmF9gU+xhiWVtZQPTnG/t4uuBcMlQ/I7Y4qJEkE3391YS0uJb41vT3vKbbJxSJTcUilwD9jkzKVnkSuMi5f+ep7w9UGtr2XlEiEyG6kcZwAxoClPvD8aj8lBEEYIs5nckQRwrDU1wCWUcuEq3TlWGsNPmBoHpC2geTIDUrpGx2YCdhciHzLDOe9Jw1xHDW9pWmo32eR3ACaifRO/SKEAGUMMkmyiVnWjsI5PG9wdZRWCioXYtbanlKtVlEqlTA5Odn60r5xeHiIJEkwU5kaipzmnEMVKqG7H6+UoikLNAZKSuiW+8IlXh0YpWBBkFa8FokOa0Pp8mwYIcFgjIZUElLIZj6La0dJ99FaMM7/fqO1hk40lJTgng2WDsISrl67DkoJGo0GDg4P8XL/ANVaHbEQMEkdMq5DpnYy5gXgYRnULyOcKGN6egKlsIKpqWnMzsykExUDKRSiOIYQMpWSDz7hdPWtbt9H8REZY+yCxyDhs4QiCEptCxuOyEyEgNa6QKS6o31TiY6zwN033aJPvw04/UAkAiqX6zLqfI88lJSIc7kbuyPM3Tgr8rkbi2vtz02qKaho3u8GITcAq7Bw5INt3Dt9QcP3LAmSxM2GwESILLTXIU/4BoEPAgLGqG08ojSzvbhWO1dp75Qc3PNRZhxRo5aNK6jmIBGFCSQ0a26/p6KjAwHSqWVleXkZ5XIZL168wIcffoh79+5hZWWl78/yIjA3N4cvf/nLePDgATY3Ny/cwlGv13FwcIClpSUsLCwMvT1jDNbX1+H7/tALY6NCo3aCxeWVtvFfrWYzRyqT7XkjjHFMVKYRxQ08ffIY8wuLKJfbCbTK5BQmKjabo147ziqkB0V2R0iSxishOJRSEEniWocKLSCtE1w3GXEPXSnEZ4bg6G7bsaGivI/U9H5h1SFJtgKVl+X7PWwMjNqMizhJcsGjEYIg7OvBTgkF9ZxiJ+grx6N1v+PYyvccuREEwRs/6Ap8v/CZu+uj0+p7ksSZYgHA0J73NwGtNalxlJ5DbrUZGIoEkjJXDUu9wsqblBK1Wm1oD/P+/j4YpZicnCxsf1AwxsAIyak4ZFe1ivVFpsdGiK2ilhI0ncRe4mKQr5Z1xJ2Uybl+J0qrtFkgZ0PJERucsZHaUAaB1gZJLCCFzUPwAx9B4CEMQzvgnJ9vhvoZYwn9rImAWFlsWrVKma1dpdS2JSSJSFUbsrmNMyL/XB1U/QFjoF1FpVYwWsNokzUq+J7fUWLfCy7zQ0oJ7nlIcm0rUinoKLJjtM/IGOwsoIRktiNtDNiQBIc2xXPMqQrPS79hjEYjlx1VrcU4ODjE9evXsbi4eE7vejru37+ParWK1dvToKwlONMQkKh5rnPuD0RuxLnqd6BJEvalRmY2PD+vgHIVzAA6tiT5HSzYToqf30Z+nyilKE9MIo4aSJJGetwUJPJBPAnlt4cadxuD9yLenJpjamoqs6x8/PHHmZpjnOF5Ht5//31MTU1lORWrq6uYmDifGtJu0Fpjd3cX5XJ5ZNaU9fV11Ot1rK2tjcWCUhzVMTU93ZapoZTC/u4OyhO9F++CoAStFXa2tjBRqWBhcQmtdDkhFItLK6jVTrC5+aIw1ugXHIQCxj4c46iBIDxfhtYYAw0ULBY2vLLzYIxzDyLJqTh6rUy9AehWAwtYT6A3wryNVq90Rmyk79XP52yzLooT7iSO4PdJcjgMRW6kVaefhTYQh8D3kbSQHMagsMqWJHHm0wdsI8ObfO0MAt/zbCOQs1jlPqNhgzML7Skt97VqtQoAQ0kotdbY29tDpVzqaSnpF5xzqGxiLLoevwtylGnOgNEaUmsQXIZAjwM45xC5e4LSamBF3GnoZUOh1OZ6cMbPLBKxr+uSH0KpJUxaN25MpqzITwpsiK6BlAqNhg3G9TiD59nsEQI7sWCsGTastcnk5CaN8I8TASUVpNQAzNDERv54sn1VuuuxK61AARhiCQ3LyzTbNLTSzcWJ9H6WiAQGeuDqPcbSz4YQlEqlzPoJNBWdl+iOwvijn88qR1Rpoy1RZTS0bn7Hbe+RnjejVIg4NOp1mLTaXAiFzZ29scjd2NraSnM32p93NOYgxn4OlNK+MzccAt9HAhQyjRr1BsIw6Kt+OVNAJaltMyUF0WInP30boc1KS6+5TqRnEJbAOUcU1bLfE8FBFYUJBAztfM61tsx0Q75lxfd93LhxA9vb23jx4kVGcgyjPH0VuHbtWmZZWV9fx/Ly8itVPezu7kIIMTI7187ODra3tzE3N3dhCqo8pLAh1HNX2pUpO9ub4F5/2X6UMkxMTiOOG3j66WNcWVjERAdiZGJiEteu3cTmixdZ0H1fMAZc+xFobC9Aq+IIhg726AXOeeFGYpOmu99ECCHwAktyAE5GzdP9N5mM602AEAJSCJj0JtTJtjMKGGMgpH0voBgAd5a8gY4kR2p5Og/CQanmpP2zVHXaCt/3YXKfuZQChNiVOCGSQsjfKCbubxIcseoyDBij8Lg3NDuulITSLmiQgPLi4KZarWJycnKoB9X+/j6MMahMhCOp+Gacg+buyVKKrs1MjHuQUqFer2N2dgaAvQZdwOUlLhYsVScBgBQSLBj+2WiMsfXbiYBbO87nMlFK4Y3AhkJTsoGk6qDs/dN/OiKCtvzOGJMSEFbxmB//2MpGA2gNA2sfk1KmqhcKxhmMMaAkRxjkWmq0RqpUUSOfUJK0VjSOE5RKIQi1FdRun7N9NwYkzcsh3L5/s1pdZ6SMEMWFCvd7PwgGGjsUJOzp/dApB5RWoOZ8clTGBUPncDirSroA49TJjoizBEZKVp2ixWjNPwMsOX8eY9623I29i8/dODo6wsOHD1GZ7Zy7wQQHUbncjXDiTOem79u5SJKOByxJEcPzdN+LCJ7vgzJqScYcqWEVYASUMWtL6XItMsZyY4fuqi7GPUxMTKPRqGVqUaop0AiggwSat7/OfSat53a3e1qDNi0rS0tLbZaV1dXVnp/FRWNmZgZf/vKXcf/+fWxtbSGKoldiWTk6OsLJyQmuX78+EiKo0WhklbBzc+1BnheBOKpj7dqNtp+/PNyHlHJwgjEoQXsB9nZ3UTs5wfzicsdxeHmiAu4dwBiVKRV7QWsNrpiy9WfaPRwjhB0STkcJz/MQp75vKSUY5z1XmjzuQyYyU3EIKUFgCQEQgtJrTnB0zSNhDOwMuRS930ukq/3Fgar1HZ7dT88Yg+95BVVBksQIgtHanpTWSOIEQLHq9DxJuXFG4PuFh7LIZUsAdmDKL8mNjnCBo3yEyhaR5NUbxYFRHMfZg3YY7O3twfc4Jjp4F88KznnWQiSE7E5wUFt/ODs7C8aaGQK9rC2XeHXgOYJDKQltzk6M99eGMpoMFmtzStUVrFi5aB9VJqt1brW9aG0gqQ3psyqO7oMfO2kwIJSC03bChBACSoi1fhhdyJ05y8QpI2vs/5AeSkZe0HRC7CqAWUueklOLNI+9+VkTWKIj4RKcMXi82Q6Vt+BFjUZqTTxD0xLjMEwBTjofxTA6Bu/RGPEm4KwZI4RSQBal1I4s64ROBEZhe0jPofQ8JQPUkQ4CJUVL7sYJavWLz9148OABPJ9hfqX9WUc0AUmaz23fL53pHHfgnINQWlDBiTR/xrYc9WNZ4QjLFFopqw4jdKDMo+w9zCnUFyEolStI4ghxXG++PvZBlIIKRI8X5zfTu4WlQa2aY3JyErdv38bm5ibu37+fqTnGmehkjOG9997D1NQUHj58iFqthrW1tXMLTY3jGLu7u5ibm8Pa2tpItrm+vg4AI8nxGAXqtRNcWVhsI/2iRgMHB/uYnJo903YzC1Yc4dnTdVy5soDKZHuQKqUUYVgGJfYao7Tz9WW0tmMKAJB+DSyyDzAhIvh+0Fdn9FnhVk+yFUMhTl1p4r6XTR5kboKO1NLxOg6uC80oyNt2CDxvtC0XSsnsZg3kiA1K0+yT4QcrbpKYdMjkGAW00UjiCMaRG8bY5pY3eKDVD3zPgyN88iSHa5QZhzqpi0Qcx12DDkeRbp2HlE1J93nYU+I4xsuXLzE9OTHS75XnGjmCwO9Zy23r8OzvGo16Jsl9Xe/DbxLcJDj7HqXMco76RU8bCiGWeOe85+B20IEvYzQjYhlvJzjs4NseXxw17BgAltzmng10ZFRB9vG+hBD73GM0C2jOGgqoVXQQ2AkWlQS6RwNBr/fIFCmUpCSKW0Vt2ko8j6ekh7EqMq9IGDk7ittevVbN9tPzPHi+Zwd4qfJEKxsGStM8luZiQwJjBresEEKs3VSKrBozjmIkXRojzsM28TrBEVbOopC3P3aEI7koBQVAGUsJPPJKxzVR1Jwkn1QjHBy8HKvcDcZbPgsD0LiYuzEKez2jFCwMEcdx4TvUjQh+n81zlFDQ1v3tEyS9T7jr7LTryQ9CMM4RR/Uso4BIBqYJtC9gWPt9q5tCqVsLS6bm8JZw/fp17OzsYGNjIyM5xqHRoxeuXr2aWVY+/fTTkQV/tmJvbw+e5+Gtt94ayfaePXuGo6MjLC0tjcW4qlGrolwqYbJDeOjOztapuRv9IAhCGD/AwcE+qtUTLCwud7zmWDpWkFIAhrQtcLt2Tk4IgWEGpEXFUSqfbzCLxz0o2fTAKyV7WlU87tlKpvSBEeRWFISUqXd0/B6sLoQv/7BSWhfIhnwziufxoVjoVmijIdJOe6BloHoOmQwFkiPLNxie5NBGI44iGGOaD55SaeDsjjcVvucDJveZfwbqcvuBTFfPVMr2epyPtHmo8F6iGQxGKAPpQHDMzc0N9bDa398HAExNlkdOQjuSA7D95qyLki+vKPNS1RZwqeIYF3icNxWSQvYtsXa2xVZ1H9C/DSVvM+kbxE4KrGWEQimJjWdPsv1YXr2KsFSGMfYc+zf/+v/AeBvRAwAAIABJREFUwd4OtDZYWFrBf/Pf/w+ZNaCvtyXE2kHS5/IPvvsd/OT73wUArF69ji985RcxN79k/2bA5wshtiGBppYSxu175G03zlqrlCUupJJgnFk1DCH46Q8/RBw1QECwcvU61q7fhDEG9VoV//v/9r/CGJsyv3b9Jn77G7/fPPbcfjhlTZLEbZaVPEHZLzzugRKCOG4+X1rbVZJ0nPE6t3QV5Psdfp/GKiBOEvgdGrYYYyiXSmlGWJwtxDjlRTNHJlVkjMH4JWrUoFNrRCIktnb3MTc3Nxa5G/NdcjdY4oFoO6YmhI5cdR4Ega3czlk34zg6sxJqEFBKs++jHws+YxzliSlEjTqEsLYooilYFED7EtprKopaz+/Wsy9/j8r/N9BUcywuLqJUKmFjYwPf+9738Pbbb+Pq1atnO9hXhOnp6Y4tK6Mar+zv76PRaODu3bsjWXh6+fIlnj9/junp6bHIPInjCOWJcsdq153tTVDG+8qr6QckVSeJJMbzp+uYuzIPv8P8kVAKzw+gUmuqU3MYrcE4s8pI98cyqIE17GRIyhhK9Rewc1a45H0nfxVCnPp+vucjTpr+NsZYRngIMXo7xDCQUkJICaPtIMatFAspspC+fDOK53tpONtoHnjGGEghIORocjYGAec8C0vNQs+SGP4Z6yy10YgbTeUGjEEQDN668qbD3VjzjTKfdbicGTcoj4UAEWLkRCIAiFy4KCHFe1mj0YAQYuh+9r29PZQCH+VzsBEOouJovsaDELLZtvCGh0C/DmCMpZPRZjNOr++kjdhwbSiZDaW/NhRKKbjH4XGWDjb63WOSqTMAgrjRwHf+6i/x6P7PsLCwjN/8nW/g7Xfez/46iho42N8FACwsLff7Jvad3CQzJUO01njy+BHWH30MADjY28W7n/siLGdg/5ZQAqNOV3AQQsA4S8OcGVj6OdAORInWGlrZyYtSCixnvXn08Uf4yQ/+DqXSBH7+l38Na9dvFj6ro5d7OHq53/Lzdlg5b6nNshJH0ZlaVhjjCEvU1mKGAQyAJE6gowiEkOYiSpJkltVxmMCPCnZxJQZJ632jU8icMAzb8mTGDUkcQYim6nBn/wiU0gttzMjnbkx3yN2ggoHIfO5GaagmsW7wPC8lCZOCEsoqr/xz+14pJXDiuUGUY2GpDMYYorieBdzShIMoAh0ImEE451NaViYnJ3Hr1i1sbm7i4cOHqFaruHv37lirqSmleOeddzI1h2tZGZZAqNfrODw8xMrKytDjO8DOHdfX1xEEwdhYUxq1E6ytvdv28yhq4OT4CJPTo88H8fwA3PNxcHCQPqs72/xYSuZLKdM2NJJxCdxJkgw1oNSH1ml4Y9QYieSk5wF4XiFwtFe4XXYgUtjg0XQypxqNsRpcy9SznNlOXJe8U1F0CBAd9c1SSoGkNRAuHax6r2jQ4QgUN2FyGJTk0EYjieI2cuN1XSE6bziS43Il3VrAdCoxBYoVbImwoYmuLWjYa8IYXaiHpS33sZOTEzDGhkrzrtfrqNVqmJuuDCw17weEEPD0ngzY+0g/15nn8zQXpxgCfYmLA2MMOteM0+07kVJm1k8XJOnOg0HaUJxyweMMnu+BMUtWDApCgHq9hs1nT6CVws72Jg739wp/o7vkGfS7j5zRNOeD4uToEE8+eZD9zdHLfTx/+ilWr92wCgxGwTWDNL2rXJvHz+H5PLXEURhjsLXxHE8fP0ISx+Ceh8rUFN5+532EpTIoM1CSFsImXx4eAAAajRr2d3da3mnwFpPMspKfqIkE2uiBn8eUONLEKmctYRJbZUcQZESykhKR1ucWiHkRcJNbaN0kzFMlR+v19Tocsw1rb1pTdg9PUKtdfO7G/fv34QccC6sd5h/KgCbNZ6vvl87lWejAGEMYhkjiohLK5XK0jhtGUQQwTH205wdg3EPUqGeBsUQx0AaBCSQ0a27vLCMe17ICNC0ru7u72NzczCwr09PtFoZxwtraGqampnD//n08efIEi4uLZ7ZiSSmxs7ODSqWCmzdvjmT/Pv30U0RRNDaqmEa9isWl5Y5j5DAsYWllFft7O+BeeOZF7G4ghKA8MYl6/QQnx0ddq2KtmiO15Oaun8JdWQTHYA2rNFBKQIpkJCn9vXbe8zyInIrjtFVVzysy5q4Jofn6ixlcZ3kaae91PkXZDQLcvwPnEyDaLWeDUgrfG74hYlB4npcm8KszkRyO3NBGZ6+/JDdOx2c9c8PB3RcAW3tMYCX77hqM4wQiVVq5jI6zZtHkw0UJ5SAt13W1Wh26qmxvz070pqemBgouGwQe55B5FUePqtHW+41UEloq0LRV6RIXh0yN4yygXb5HzjmkSCwhT8jZ25aIq4ll4JxBKYn93Z2+ViDdwMmmpzPEcZSRbL0CQ/vetdSS4mw23LP7aO0pf4OXh/uFv//Rd/8G737wBVSmpsFzUm2pVFrjadoaQClL1Stek9z46Mc/wE9+8F18+uhBIcCRUIql5TV84cu/iC/+/FfhB+HAE5lBkVlWOkzUBm1ZAewzXCrV9GzAEshOVQsgIz7OWzH6KiCEDZt1xwagq1XndUHUqGX/flIbn9yNWq2G1dvToKz9GUfj5ufPmDeS3I3TQAhBEIYdlVB5eJ43cN5Rx/cbguAAXGBjBXHUQJLY+w4xFCTyAU9C+81JYqdWFaC/DCVnWVlYWEAYhtjY2MD3v//918KyMjk5ia985Su4f/8+NjY2UKvVsLKyMnAm2+7uLqSUuHXr1kj2a2trC7u7u7hy5crI8+HOApFY4np6prtCo1KZQrlcwe7OFuq1E5TKlZEvonMewPNDKHmIKI66jita7eccaJ7UhgAeC6CVnYwncXSuBAfQruIQIunpGW6d3HqelVJfVNCd0hpSJFC6qdgAmuSNs2q4n9OUaRolsaGN3QdnfcmIDaSBgBdICPi+D+QeDM2f9yY52jI3AISBDzrCz+0Sby5sxaPOrjvrb6fwPKsUk7JIdDjl1VkrL2XOnkJZ8f5TrVahtR6a4Njf30e5FCA4xwcfSbN5MhVHjwBolyUA2MlMo9ZAqVyC6TIo09qkqpDe1eCXGB6t36OSAszv/D1yzzZeAc1FgmEHKPu7O/iLP/kjPHn84NS/ZYxj5ep1/MPf+2dYXu09MO4vYoNkFpPMksKorevkDJwxUEbx6Sf38eF3/qrt9ZsbT/Htb/4Fvv6737Chn4SAMgoqaRYOatta7P8JJVkLGfcsufHTH36I//hHf4Ba9aRt+0ZrbG08w9bGM+zubOEf/d4/h+cHXSW4g38CnUEpRVhqt6xEjcaZLCuU0kxNo7QGIRS+H9jFnlwgqcgRAONs12iF21NnN86Typ7vQ0uVKXSlUjBx/NocY6PezN0QQmFr5zXI3Yg9ENOc/J9322MrWpVQeZYzCIORkZR5snHQcOM8grCUWlYaMOl3TQUHlA0gRYfHwaDnbqeWlYcPH2ZqjnFfjLx37x5mZmbw6NEjPHr0aKAA0pcvX6JWq+HmzZuYmBg+s7Jer2N9fR0TExOYnT1bG8kooZSEkglW104nbyilWFpeRbV6jP29XXheAG/Eag77PvZ8crmSp+Xptf2Wen5GcCgtIUR8rhIwIA2qy6kwWDoZ6Rece3aAlpIJoxignQZHXLhKvtY8DS+nRFHKdp9bv+boBvY2ZyPJFDCvMmdjEBRIjigGQvfz7ueV7Q5v1lAC9nO8JDgu0Q/y1ZaeV6zK5NwD55ZYVUoW1FZxnCBOkoFCeLWSULr5fq32lGq1ijAMh5JuHh0dIYoiLF6ZOfeQMzcxdqv/2uiO92POPRggm8zUGw1wxqCNgdI6U8NYEjht5TAGUhEwIm313hh7dl93FIgqqcC9bt8jh5RJpjQcRVjsydFLHOztFHJpukGIBM+fruPo5cGpBEcvuAwMl5vhajVZSnC4AFQA+NkPP8T/95d/mhEQYVi28ut0VfsH3/02jDH4pV//B5iank1fy6CVhtKW5DApyQFCwJlVrzBG8XT9Eb75p3/SJDcIwbXrt1AqT6Beq2JnawNJYld/v/+3f43yRAW/+dv/uJBjcZ4otKy4jCyRwGCwlpUwCNMAcd/+PwwyYo0xm12QV3NEUWSzs16ja15rY0OUU1UuY7bG2OMe4MadKeI4QRRFYx+yKpKo0Pa1tXc4/rkbkhZyN8LSxIWMBZ0SSiQJHJ3hKIhRERyDNqn0Avd8THAPUaOWWWipZiARgwkSKK67tqoA7a1I3cJHAaDEl3Dt2jWEYYitra2M5JiZmTnTvr8qLC0tYW5uDo8ePcLW1haq1eqpao44jrG3t4f5+XmsrKyMZD8eP34MxthY5W6srF5r+3m9dgKpFKam2r/XV6HmsIHkzBLnSZLVO3cCb03NbdAdhHwWStoHcBJH505wtA6opRADeXnc67O8CyHOVSIthGjK33N2FO5ZYqP1C/WD/jq0B9oHKSBaczZgrS+vKmdjEPi+D5JLpW7+vPv3HOQGUE6dA1zmS1yiN5RSUDn1RjeW1xEYSisoISFVUdXR7zWUJHn1ho/8cEFrjWq1OnQv+v7+Pigh1p5yznCTOTfZ6nU/dkTuzvYO5uevpO0BCaQUINzaD/OTtnwOiorTGuMeD6hLnB1WucAKYaN+F3Wk5/mIYxsumgibvTLMRJRQioWlFYRdvPzGGCgpsbO9AaBISPZCr/VMSm0LGSEElFCr4shCPm2LxfHLA3z7m3+BH/zdtzLyxfcD/NKvfR0A8PHPfoSN50+QxBH+7lv/CS+efopf+fpv4c6992ylKzPQJqfg0JbgoMRWTBpj8K3/9GfY37OD/jAs41f/4e/g537+qwjCEpSUePHsU/zZv/tDvHi6DgD4u7/+z7hz711cu3m7MGG2x3v2FdxeyE/Uii0ryvr4+5w8umc0b1mUIoQiCMI0D6yp5nAEwOuS0yOSOBvjUUrbFBq+H4Ckn6Mbp8RJcnar1zlDK1mohN09PEG93hiL3A3PZ11yNwAaN+9bnhee+5ykFyilBRVlvV7P5i71eg2c86GzCGzQqL32+2lS6QXXSpHEjcwqRwCQ2AdREsqXAOndqgJ0Jjs6tawsLCxkLSs/+MEPXgvLiud5ePfddzE7O5upOXqFhu7s7CAIgpFVwj558gQnJydYXl4ei3tj1Khh7sp82/NbCoHt7S0wxlGrVrG4uNw2vi6qOc4nmwOwz3YrNEhsEHqHayTbM9eBDACU+1AyBmCgtYJIInj++fqBPM+zAyzYwQ7jfCAbh+d7iKNULplOcM7qp+9nX7VSUMYgCOzDmresEucxSnLDZn3E2c0vn7Phed65HfMocJZMjgLJkcpd3bYucYlOkLkgotaBdycwysACBiqbiemUkL4HFSofLtqi0Do5sau4o8jfKJfCLFz5vOF5XpPgkLJnELLHPaytrVmiyEnWlc5IcqBJbDDGM9VMHCdQUqKhFDzG4fmX1/SowTlH4p6rojPBYYyBNiadlDYDuwfKFDDIJvxaG9y++y5u3blnVTsdIEWC//ynf5IRHJwxTFQseXcWYsVaUQgI4WCUprWcAEDQqFXx7OljPPz7j/D4wUc4PGiGls7OzeO/+M3fws/9wi+BEIJ7H3wBf/bH/w8ePfgIMAYvnq3jD/7Pf4Ubb72Nu+++j1t338GV+UUwZmcENkzcZnIQSrG9+QzPPv0k2/7XfvUf4Ku/8htpLawCCMX1t+7gt//J7+Pf/Ot/hZeH+0iSGA8++imuv3UHUaPedmznBTdRi1O5b6FlxQ/6Hmj3aq/j6YJPVi+bLkCZNKRxnKC1RpIkVuGStme4MR4A+EHQ8R5oK3RtJW+2GJMGzY9bFlHUaGbBnFRt7saNGzfGIndj7c5M59yNpPkZMspfuTXlNNha1+Z9bhRKjvw2h7Gp5OEHpTSAtGlPIpKDaQrlJx0tK3m4OaK7Blr/G2i2rFQqFdy+fRsbGxt4+PAhjo+Pcffu3bGYvPfC8vJyRnJsbm6iWq1ieXm50Ei4u7uLOI7xzjvvjOR4Dg4OsLGxgenpaVQqlaG3NyxEYq12nXI3trc3EYZlcM+HEDGePV3H3PxCX2qOcrky8uw4QggMbMZWK4zW7RYVAKjT7YKKI05icK/zzX1UYIyB5Vebeni/W2GMybyg2QBNJGDnWBvLPQ8qF9jFGD/1BjEMtNGZ7wjIERtp1sc4SyLzOEsmR0ZyuErgdLXvkuS4RCu01lCyGQY3iK88U2UZ0/frZNpGANhVS9KSv1Gr1TAxMYFy+eyDsr29PSilMFkpvzJZrlNxNO/HyameSkYZGOMIgub9qUlsMGtJIRRKc6jcir29pgWkklk1n8tSep3k7OMIzhgEIc2wUSUzm6TSCtrlC6RwYdjOptLvM9/lXRg0c1ma1a9Afm2QEIDzMiZyg7lSeQJTU9MwxhQtWAOMOfJ5G/u7O3j+5DGerH+CzWdP8PLwAHESFXzzq1dv4Nd/6/dw59572T4vLC7jn/xX/y2++ef/Hj/+3t9CCDuW+OTBz7D+yX1MVqawuLKKG7fexrWbb+HazduAITDEgBDg6fpjRJGdRE5Nz+JzX/r51EqqoLRKP0+Otetv4c47H+DD73wTgMGT9UcQSYJGC8FROznG0eE+grCMzRfPuubbDIPAt+qeYh1mDK3VSFbeGOPgnrWpuc9/HBVbriUliqIsG85P71++3zuI1bZtlJDkFKcueH5cxilRow6l7TMuSQS2dvcwNzc3soDEsyDL3VitICy3f0405qC6+bkHY0ZuAOm5bAx2tnexuLRg7WtD2EqA4ZpUeoExjonKNBr1WmZTIpqCRyF0IKF5byVdNwVH3rqStaygaVnZ3t7OLCvjkC/RC0EQ4P3338fc3BwePnyIhw8fZmqOarWKo6MjXL16dSTHIYQYq0rYXrkb+3s2NNzlcnpeAM8L8PLwsE81xy64F4xUzWFSdVNrTbTRdr5c2JuCisMLoFUCYzSMVvbGfc6JxV6ONHCS2tMYMldzZ1qsGufRi+2gtYbSaeVr+nkJEYOx0d98tdFQUkCIYs4GMQae7527H/88cKZMjjSPww0e9IhY7Uu8WRBCZJOiftQbDlIKG2gbxZmPvO/3S0FYcbUuSRLU63XcuHGjz73vjP39fXDOMDVkX/ug4JxDJa7+VYL3UWfNPV7INenUFsUoA/MZGOeQqbQbsJPrJEns6pUxUOlEY1wmCK8rXKMKYM9XYwApk0wFCOSeK0gzarz+c6xc9oWrhnVBnO53drsE6f/SilaC46OjbBvTs3OoTE7BGAy1KkbS9/z2N/8CP/zw2+2EACFYWb2GL3zlq/jgC19CuTIJpXRmkWGUYmJyCr/7z/8F3vv8z+HD7/w1Ht3/GUQSQyuJo6MDHB0d4OHHP8Xy6jX803/x32FxeRUw9n23XjzL3mpl7Tpm5q5ASQWpFKSQWZsLpQa3797Dh3/zV4AxONjdQfXkKFPbOOztbOFP//gPAQC16rEdd5wDullWztqykodSCjINGpVaIRxAHfKq4JpQWhdRAGRV4qfBEnxNsFRVOw4QSQwhmoq67f0jUMrGJ3djvn1uQSUFlc3PPQzLYxdOrdJmJQCYnp7K5i7aaDAynK3EYVQKjjxK5QkIwQtNOjS2AaTGFzB93Prz+9jpWZG3rJTLZWxsbOCHP/wh7ty5g2vX2rMdxg0rKyttag4pJaampka2/+vr60iSZGwsPPXqCVbX2o+tVj3GyclJprLMo1SuQCQXoOZI1ZOdLOhSClDG2hUc7kRtkG0EfBZK2NUIIaLMb3heaPd+J6c+WCijBXKDpS0l9BzUJq3BogAK7SjdwvjOAktsyMIEKo7iNNBsPHM2BkGWyZFWUjZ/3k5yCNnM34ijOPU4jpf08xIXD0s8Nic0pyUs5yFFMZS0HxhjCmFtrR7AarUKAF19nP1ACIGDgwNMVSbAX7HvmDEGSkiTcFayEJ7c8TWUZWoyfkoNNqMMLM0lSHJNU05FACDL8PC9zh7LS5yO1spYl/OQv+8y6lpGBp9AUErtM8n30uwO91wiSF0iRRiD/d1tPM9ZOeYXl0EZg9YtK599Du5ta4q1jBBt8PkvfQUbzz7F/t4OGGWYmpnBytp1vPX2Pdx99wOUyhNpq49tW3IzU6UNjFSglOKt2/dw49bbePbpJ3j08Ud4+uknONjbRRxHIITg3Q++iKWVtcIKaz5LhKVh5wZoNq4Yt4hkCnY2rS3J0jqZqVVP8NGPv9fXZzAsullWokZjIMtKHkorxLGdWL98eQTf87LPY1zGL0rZBq2s7ja1wwZhAMpY19yaVjgFiGvYGBdyQ2uFOGpOZMcpd8MPeMfcDaIBGjc/P9vKcPG1mXnY77r5rMpXCGuth2pKzOZZhJxbhbTnBWCMW2WPsuNrKhmMotBBAsP6J1a61cs6kmNiYiKzrDx69CizrIzLNdINYRjigw8+wIsXL/Do0SMAwOc///mRbHtjYwP7+/tZze5Fo1Gv4sp859yNnd1tVCrdQ/I937amvEo1h9a6o9LaqoPtgKDtiZV/8FDuQ8sExigYY6zH8JxVHL7noZGrjc1LajuBEgrueVb+mO7/qMkNO5GRhdVht+rIGDt1ID8ItLEDHZknNjIbjHuv8ZN3ngXu5taL5GiGqV6SG5coQmuTm0w1Jxc2F4f1fU1KKW0tcRos2u9AXorm4IZQDkKLr6tWq5iZmSn4NwfF/v4+AGB6qjJq+2Jf8DwPsVNxJOJUggM4ndhoBeMcJc7Taz0pDBSBtJ0gSWwg6WtO7F4EWitj821bnPM072qYQFFbo8rSlpKTo5d4+fIA9WoVcdRAHEWI49j+exwhjiKcHB9he+tFto2FxeX8Fgvbr9eq6XHYlaQue1FQba5evY5f+vWv4+XBPianpjC3sIS5uXmUKxVQyjKSgSCVg3c4fAMDSilu3HobSytr+ODlV3Cwt4Ojw0NEjTre+8LPtQ3s84O6qFGH1jqrrKWUZlYeQog9lvT13OOvpP2tHxQsKzlSzGjVblMj6Jn8qmT67E5zXcIwhFIKkZTwg+DCrbV2XGv30bWkEAIgtN9ZEASnHiPgSJLmmM0fo4aoqF7Ldv+42hir3I3V29MdczdI7MHdByhlCEvD13COEva8Kdow3XXNGHPU7pnhFkqdYvm8CEFKGcoTk4ijBpIkDSA1BCwKoH0J7fUX/txr37KWFSzh6tWrbS0rc3PtWQ/jhrW1NczNzaHRaAxlN3aoVqt48uQJKpXKUO16o4K11gXdczeCMvqpKD+LmuMsTSvGmFQJSdt+rpTKFsN6juQbdBuBNweVWF9okjTSar/zeyiRNFPCSQRFIsBKvSccHvcghSzU3I1KAmk9uBImXSI6L2LDvZdIRHYeuZWAN43YyKMQPNpiVxEip9yIE7BLcuMSOUhpZcVOzZRfhWMDWLeygekA2RtA0Z5CW7I3oihCkiS4fv1639vrhL29PQQ+R2UEPetnAWMMFMjZBsWptriz3hM97oEzDimtssv3fdvAkPO0R9LWy46bxH3ckTWVxQkocVXJI/4MCYFWCv/u//2/8OSTB+nqZh+rgIRgbj7vP86/hmBvZxsvnn4KANh88bSjZNuFjLrXeH6Iz/3cL/R4S2JvFX0+UsPSBMLSBJZW2qXELswUACqV5mr04f4uTo5eojI1A8ZoZp+xgzKCjWdNO8vExCT8IGxb9ZpfWMZXf/U3AQA7W5t48NFP8PJwD+eNNsuKMUBoFRmDtKz4fgggAuDD8zyUy3aBLI5ixPHFL1jESQIDO5EkhGQtKTQLqk3PKXdqdTidHTkONBdhxuX+FEeNrMI8SQS2dvbHKnejNFH87o0xYMID1cVK2HFDIqxNOggDwABhKRzZvKhJmlKYNN9LGwN2juRnEJbAGEMU1bP3pAkHJIEJBMwZpx55YsapOebn51Eul/HixQv86Ec/wq1bt4a28b4KlEqlkSmeHj9+DM752ORuaCWwdLXdmtKau9EPXoWawxjd8R4rhSi4TDrehQsqDuZBUw7jbpJxdO43HM45ZLqq38+gmhACz/cgUkZ1FASHEMJKRu0bZMSGbSsZbc+5W7kEAJAmsUEZg8f5ha9ynDeyTI6WCtn8iiNjbOwSyS9xscjOj3R1H3CrcLTvAbhSqikrRv/+f61UJusEANKhPYUQMpQ9pdFo4OTkBFdmpgYibEYN7nEkqYVHiNMJjmFgCW4flLEstNTVeQLIWhhkugJ8HlbENxGUUjDO4XE28gUKZ78wxvphp2dmUxunrVAlIGnuhr0utdH2O00H8vMLS1i5ei03ecx/pwYf/fh7uP/RjwCgEE6bhzsNnq5/go9+/H00cm0RZzyo4oa7gHOOyalp/MZv/R4A4N3PfRHf/fY3kSQxDg/28L2//RZ+/R/9riXyuc4+i6efPsLHP/1htp0777yPiYpdSc1jamYW73/hy/B8D5svnuPBRz8Z7rgGwKhaVpokhw3wy9fGSqVgoihdOHu1CzjC5W50aEkZ5B4nkwSAsQrAtEp2HCBFkq3KAzZ3g3M+Frkbk7Nhx9wNoiioaJ5XQTB+uRtJkkCp5nkThMHI76mtYcNGa+Ccrw/u+Zjg1rIi02Y4qhlMgwKhgGJns8rk55OuZaVcLuP27dvY3NzE48ePMzXHuFw754n19XWrXlpdHYu5Xb16gtUO5EateozqyQnKHXI3+sF5qTm0VmCMF6IiAKRFIyZTcnZtUQGaLGKdbCHkV6ASN8CNLYN/jjcdQgi45+WC0eSpDxyPexCJyEKizkpyyHTw7C7lPLEx6lWvpv2ipfKVEHj+aEmUcYdbOREtJMelLeUSneDuDW6gnJ/4DMI252XFg0jE85NuSv22UONqtYr5+fmhBu1Ne8rZHjDDQikJIWQW6NuvbXAUcASVXVUNwDi39hUXSBondtD3GbpHDotzI4jTelhn+1i7dgP7uzto1GsolScwOT2Dyck4p1xRAAAgAElEQVRphKUSokYdz59+iudPHmfX3jvvfxGTU7PZymEndCM28iCE4JP7H+GnP/ywUIc5EPqwI+TBOcfE5BS++iu/gbBUxsraNdy8cw8PPvoxAOD7f/stBEGIL3/1lxGEJWil8OLZE/z5H/8hqic2ZLVSmcLd9z8HY0xbBWapPIGwVIIxBrNzZydLh0FPy0qf9jvfD7G8sgxGGcKQZiQHYK9lFUXwX6EySyllVcLpvc3z/c6kuDsXujwWhCw2wvljkilg22ByuRsHx6jXG/jggw8uLHdDKZXlbsyvttdhEgOwpHk+cR7AP8cmxF6w1jLSNh6QUhYmVrbB8PRz1hgDA5NVaYPY9/B4d8tllkVFiH1NC6SUWZ33qMhBQihK5QqSuIE4Ti0rIEDkg3IJHfRnWWluj7T9d75lZW1tDWEYYnNzMyM5hlkUGnfs7e1ha2sLc3NzI7G6DIuTowMsLC4hDDvnbkxMDGefGVzNsQPuhV3VHC5vkzIGtBAcSkmQXLCvEKK3RSXbAeZBUw/GVUzFEUrl8+3rdTVd7oEq5On+b9/3Ml+cXWkc/GGpjWlKz2AveK/PFO1+IaSAFCIjkZrEBkauDnmdkGVyOJIj9YhfkhuXaEU+zC+f2UBp/9kbSqtsZRIYrHbYrXAAAGm5N9RqNSilhn5Q7+3toRz6baFP5w2XAdRK8gLWsnKWMBCbYyTABmi2yYNRBk1ZQW0jpcxyDS5xcTCmqOK49fY7uPve5+yzrOXaiKMI/+GP/gCffnIfADA1NYsvfOUXYIxuDxhNUZ6oYGbWXktaa5wcH3XN4iCEFlpczhtKqcL5TCjDl3/xl/Hi6Tpq1RPUqsf483//b/HxT3+EyelpNOp1bG8+R6PenHy+87kv4tr1t2C0QXBBE7rT4CwrjuRw9wCpNYI+W1aapCVFEISQUjQtaFEMpdQrIzhEYscXQRjYYPrTFBsGbSSH0irLBwMwVmrbqFHLxpcn1QYODo9w48aNC5XEn5a7QWMvI5Rs7sbFTABtm1oEpJYl950qpZCIZl4L5xxej8UUYwyiqJERGp1gc4t44TVuEmfVbxa6hfzNZ4DEcVzYz1HAD0pgjBcsTlRyQFOYIBmpZeXKlSuZZeXHP/4x3nrrLdy8eXNERzI+iOMY6+vrKJfLY5E7Uj05wsra9Y6Ep8vdGNXYqlSuQIjh1Rw2B6r9mrOLJSS7zqSUNoS09Q871RPVyRZK3jxkbC9upQZj8c6KfL2dFKcTHJxb1YfzbJ+lg5xznjHyQeCP9MYh07pXt1KVERvAZ06x0Q35TI7PGrkhpIQ3Jt7dcYZSyvqmwwAAQRCGtsZRa3jeIM0pzcGp7dLu72aupIB2dY2EtOVvnJycwPf9oXrST05O0Gg0MD87iahRhe+XBsoHOQu01oijyOYNoUhseJyDed7A5IQ2GkqIZqZSek/uNTDsBsoZqFYFFYeUcuyT2N90GGOgtIaUCoQQlCuTgLFzFSVtnTpN61E/efARPv7JD7LXvv/FL+PKwjJUagftdA3efe/z+PrvfAOe5+PZk8f4j//2D9oIDjtUMfjar/0m3nr7Xrb6OBgGlG/AjjmsyqKcKVjuvvc5fP13/xn+wx/+33Y/jMbzp4/bXusHId77/Jfw9d/5BuD89mNM1lFKEeYtK1EMPwzO3LLCuZcNRJGulmutz92qEsdxbhGLnFklkORyN2jabDcOiKNmK0YcC2yOSe7G9vZ2W+6Gm2MwwUFUc/wbhKULIa6NMYjj2D4DjUGcJPDSTJUsVDSwLY2nZQYkSWyPL2c7z1/fQeDb5jdlxy6OIM7tDEBIxwlonCSZdT7+/9l7zyfJsvtK7Nx7n8usyi7f5bqnzXRPDzAGA0eYBcldUKulEZfiBnepoELSR33S/7Byob9AHxShD/qyEavYiN2IFZcSySBBEgAJYDgAAQxmps1Md091V2VVlzeZz1yjD9e899JUunKNqRPRM1WVmc/le9ece37nJKk7zpO8B5nnozLuI2keOsUqlRRoRpBBBukPHlndOr+0JEelUnElK48fP3ZqjlEM2i8aHj9+DCEEZmdnz/tQNJToeG8dHOwhTVOM107W/NT3Q/j+8N4cQvCOC5hKSkghnbGokhLclFL33SMR6umHUymz2iJO1WwUaFdx9GNw5/tlFcegD7yNvLMytCxLwdhoK6hCCGRZ6laVisSGdk+/GB3jRYH15PgskRucc7eqdFEGShcVWZbl0mJfJ0CwqKIVAn2WTkgly+qNAQbnreUppe1KicPDQywtLfW9vU7Y3NzUk8VKCCE4ms0D+DxAEFZPbQJAKQXzPXBuSQQCz/eOldF2g1TSlftZWNJY+xsJBEF/8l4LRhkEpU7FQY0htY3XvHxuzgdKKUghwDMdgcooNSltNlVA+2+sPV/B9/7yz1xs6JWJKXzhK1+DUhJCSICg4729sHQN1TGtGL32yq2OKziAglKaNLhx6w5A9EDHRuKeLDRhYxNFlFKFCYr+/Qtf/hp8P8DPf/wuHj+6jzSNS5+fX1zGF3/lm/jCl38FfhCascHJJ8CdBoolK6npp7umrBwDqQpKG5NUZ0uL7ULHSbd1Qghdq+2us9Jl1344UBunJ6/SlRFclNIU7buR32sb2+fvu7G7u4uHDx9ifDLs7LshCWiWX78gqMDzzmfsl2aZJr8siR4nyDiHlDpJMoxCEJCepVlZljkSEDBtIdVGw6DUldwVjcrt/swHupKdrd4xxQVdKSWCIDxRnjSsjIOxGHGc+4LQ1AcRFDLMoAbYVzF1qqjkAICKnMfS0hKiKMLq6qojOS4MITACnj17hp2dHVy9evVCzGuajUPMzs13fK1Wm0CaJDg42Ed1rHbiROMw3hyM+ZBCdJwrWyWvRWbCBsIwOJ7gKJ5Yk6zDJzUoZVQcnIMGp684KBIWadqb4PCKiSpDqjgcsTJizbkQApxrQyKgHM8X+P6pr8i+zLgIjcBZgXOupY+EIDOlS5+l8x8EUspSCVmxPRiEKBRZnpzCjPy6LyiFrFCeQluIkcNDHWl5EuUplWqZWMiyFJxn8P3o1OK6dYpJrmAbRNkCdCc2AIBR4n7W7XMCz+Pw/KAvZYiQorTdYsy0VX0Fvn+phDsHCCGhFIcQ0qk1PJ+ZGnWGF+tr+JN//3+jvponh3z+7S9ifnEZPOMQQpTczztBKbhVmk6vSSld7TxjWhFRX33WMXVlFFDGUKlUMXt1AYILCCkdsUEAHZnL9Pm9/ubbWHu2gscP74MLXS9fm5jEnXufR6U6Zkq39OSJsZcnJc2VrGSpG58p6DFPEEV9Pc+UaBNTnuXeadZcHdBKC23qrlP1TsJDhjGGqFJBYkttACAKoWTcu001t5ElYpzvxgWJhFUX1HfjwYMH8AOGq9c6eEkpwCv5bgSn1rf1giUl8qRED1bckyS5Z0wQdvFrMbALmhZasVgemzTMwm0nJoISAlAK6hKXCtuW0qkhASDwA4gWVWMSN+GHYVvq4jBRs/bdXhChyjyjDtL7J4KBxBQIUijWXxvbbf9KKWdAOj09jUqlgtXVVfz85z/HzZs3cevWrYGO+yJhb28PKysruHLlCq6ck59aETxLjTl2O7FgMTN7FVEU4cWLdYTR2Ikvwg/qzbH6/Bkq1SqOCqWdQKGaxNxXgmsCOwxDEEr7V3DoHTIIactUBM5ieu55nvZksF4cWdpT3uz7PhKzcmO9OAZ5sAkhrlTFbmMQgkNIAW4aSyAf4BMTQ3lR8u4vcf5w5AZQijkGPlskT78ornj4Qz5HUpUHCQOrN+wqBGVa2VbA4eEhqtUqxseH9yja3t4G5xxX5iPwKAbjAQg3ztBKIU2b4DxFGJ38Spc2U2bgXLddPMvAwt6EwfHEBoVn6tOdWaEzEg7AeYwg8Ht2ojwtREYzBsaYIzes2axN1PEHIa0uMTL0CiUxk3utgvR8Dx5j2N7cwH/69/+2VKZx596b+Na3/5mWaBvSkg1YHlKEJQqklKaunSJNErz7t3+DD9//6UmcosPC4jJ+8/f+JQDt2ZVl3JArmuBgjMHzJKTHwBjF8is3ce3GLTfBsGSIEBKccwiuyZ2XieAATMpKGGniVQjtpxEEA5asKDdOAqDHR4zpMgGlX7OvN6XUJcMjPteEEDBK9UDYTFr7NUvVkbCJHk8bj7CLEgmrIz71M7R/cLF8N5bvTKIT5+VlASB1H04IRRSdj++GJiUyN1HyAx++F4Bz6nxiAJiS9e7ft+6f9dzD9lOdFlhdDDFyXyvawdS0FZnZtk2L83wfHnykWaqJQluykiR6EbVwbyZpCoLc0H8QaOLWQ3XsCuJmA1mmVUJUEiAOIX0OGQxuXVBUdBRJDluysrq6iidPnmB/fx/37t1DFF1Mj6JukFLi/v37kFJeiEhYQPvzXHvlZs/3jY1fQRBGWK+vQQiOMDx54rFfNccrN27h4OCg/IJSEFzkpSlKITM+b1bl2bOnKK5+pN6e+1mekQ8HUJ6A2AFtNyRJ05EbdiLSKgPrB3ZymcSJqZPrfb5CCqRJjCSOnfw9iRPdETKGSrUK3x9c7n2JX060mlbpWL4QIESXrAxx3/4yQwi9WupWWIZUQFnvDTsAGWQiXFyZIdRveS1Do9E4EfUG8wgqYz4UVRBhChElkDQ3GpNSoNk4RLNxeOJtsWcGcEmSmmvevdZWSIEkiRE3m3lsb5zoEhJKEQYBwjB0qgrP81CpVOB5zO0D0IZpcdzsui/OudlXXlKklNLfpfUMiUKjuBOIk6T0XV3idGFLO32Pwfc9+IEHz2PY293Cn/yHf4dPHz9y771993P47d//V6hUx8G5cAqGEfgNVyYihXSpP5xnaDYaUFKc6L/1tefu3tLlORI8E+CZTh3KMu21pQkXXbbCuVapCM7dWEJJXZpjy1teVvh+gMDTBpH2+UzTpGd5kFIq97EwJWeB7+vFISn182wIiDAKoaQmF/iI/aK0q+Cm3QiC/hRkgPbdIMZTgV6gSNg0aTrj6zTNUH9xsXw3omp7X00yCsJz8jyKqj1VXKcBfR8mTtbOmAffLBx4no+oUjHEf+9ycuu7kSQ5mdAJURQhDHKPP9aHWXaappAyL58ploMFfmD8KvQ5wJiQ5ur31ETbC8TNZolU7Bf26KJKFZVK2QCSZh5Y7IMM6O3cKammSddd2crS0hKWl5exvb2N9957Dy9evBj4uM8TlFJMT08jTVM8fvx49PjyEZHEDUxOTbeJBJrNo47H5vsBrl2/gTAI0Dg6aHv9JOAHIcZqk9jd2cHa6rOOiWmdng3OeenvPNOpWGHhufAqct7dTL2gaN4JC8mHkjwNA8/zwHlW8uLopuKQMk8mSdIUgSEUusU+HQe/YHKapikqlc7MrU0IKE5IrfyRed7lauIl2qAJsLxTpZQiCMPS5NveT5feAhpFdYA3ZBqHMrXexe30CymFM28DANoy2LHlKaPUjAohsLW1hfHpFiM2BqhKCmRM1ys7uXQKzlP4fmTSVkZvj/tRcbSp1Aq1w8xj8Dy/60orIQSBH4BRLeUtla3EsUmtai/PsfAMKZWmKVTh+aGUgvNCeSIXECJ2ZRIWaZYNrf65RDsoo5rU8DWpwTwGQiieffoJvvsXf4pPHn7g3nvz9mv47d//V5icmgEXHDzTcn8CAoxYWVRKIICON7z56mu4ujCaH45SCk8/eYj1tWfu91YUSQohJAgR8Dxd3pVlCf7N//m/u6hHSin+m//+fzhmMqe6/HxxwTwPIaXISuosfV2CLikrWZrmk0GlEIQhhJRIC+0zY6xEciRJipRzCCUR+IOvRAO69AWAK8HrV36tfdQKJOsFITc4z0qmuhtb2nfj3r1753ZM1nejNtXZdwMCYGl+/bSJ9jn5bhT6EWKSU4qghLbFaHYC51nu62Xu55PqY3S5e6E0JWh/phjzEFUo0iR2ikZr4mu9buwzlKQpPMaGJug8P0CVeYibDQhhFOqCgcYUKswg2eApVlbFYeeV1oB0amoKlUoFz58/x/vvv48bN26cK3E3KO7cuYOJiQk8fPgQH3/8MRYWFs7FV0QITQBMTbfve2O9DikkpmdmMDHZnvAyd3UBB/u72HzxApXqeFs5yUnAJa2sPMb0TGc1h4Uy97RVb2jyjuu+pqCE7Osoix26pFI76UJfsLMyyPT8QLOsALK0e9wgAcHO7jayLMPYWA2EUmSF1XACgFACQpmThHWb5PQyOe1IbFhZtqfN+Si9HERfogwhRMkFmxDqBoFFZ25rcAWlJZOfZVipsotvHpIwzHhOIFFCBvJr4CX1hgfS0v4cHh5iYmJiJBnl5uYmAKAyrtukVtdx6QsoX4Akno5tM8iyWJethBH8YHQZp8c88Cxv+4QQYIwZYqODr5C5loOQubrMpGJWvLOuJqRplratikmp5f1OUmzitZnngRckxY54MZDGYZu7NJfP9nN1EqDElKV4DJ7n4fBgD+/+7d/gvR9+D42jQ/e+G7fv4rf/xR9ievYqOBdG7cB1YtZJ+aaYAbKUCuNXJvCtb//nHZMJBtle4+gQjDFHcPTxobZtpHGM9fpzAMDy9ZsdY0ctlq/fxIv6GipjY1hYutb/sZ4DcqvOPGUlTdPSuKlTyQrnGbgo+FiEISiliGMtfbcS/DCMIKSAEhJctHgNyKSNvOyFNE11ApdbBe9vgiek1Oph83vgdydwzxRKISmYP77Y3seR8d04Lzm/EAL3799HEHqYXa6VXrPPopfmx8aYf36+G0ZZlftrDEdKCMGdWgLAwPflcWhVmBxXFkUJRRhW9IKA9Q8xfWAY6XMrlkJbv7d+z7nYbFFKUR0bRxI3kaaaYCOKgMQBMGTJSreUlSiKXMnK06dPnQHpeXnLDIq5uTlMTk7iwYMHqNfrOi55aelMxx9x4wjzi8ttf9/a3IDnBQjGIuzt7SGOY8x3WBSoXZlEEEbYqK9BCG/o9Knj0Ja0Mr/Y8TkqGYsqrZ6mHQg7D9Dutf2qOEAlYAgOKThwVgQHY+CUukEw5xxBB8Z3/+AAU1PTXSWfSZLqyhUhIKANfY5bxW1NZbEEh85wz2AHMy4ZxZhiXYjO7xIXDtLIbFFYMQijMhvvSI7IKDkEB7LPtpKj6GcThgGyNIXg3E1s+4EuaWg3qewXpfSUFu+LJEmQJAmWl9s7kEGwtbWFIGQIou7npACokEP53LiZ2xpEiThuIEu1PwcboW22kly7asR5iiwjLh63uEqriY3hyVw7GLReS3n8XQLGeElOa78ze1x2FdbeA4wyCMYAmScc2KQH6wFikRnPEM/3L+OZRwAh+j+E6hz6Tx7dx89//G6J3Lh993P4zd/7A8xeXcjJjdSUcSgJdZL9ZaHvF0KXjQ6/KYWDg30cHuz3fnP77t3vvHAPu+QQ+7rZj1IAYRRf/9V/gntvvAUAuLqwlE8KPR9TM7PY39+B7wVGsXUxUAzYtaab1msnDHXKipQCQRDqUt60rMiyfjrFBAsrwWeUAZTB831kmVY2Fr0G+iUqhRCl76HTKngn6AmmvofSNDVk3sVoL5rNI9cm7x80sL2zh5s3b56770aj0cDynYmOfYKXBiDOd4MgqpyP74Y0pFWR8FRSAgOmQyql3CJnkqRgZg5wUkgNsWbHi708CImJsKWMIi2Yo1LKEIYh0jRxf0viBHEcu/6xH7Rys9oLjKEZN/T1gy5ZgaBQYQo1ZNNe9OUghLiUlUqlgrW1Nbz33nt47d5ruDp3dbgdnDF838cbb7yByclJPHz4EI8ePcLi4iImJ7srFU4KSRJjvFZrI4TiuImD/X2MmUjYSnUcaRLj2aePMTe/iLCFxAjDCNdv3MJ6fRXNxiEq1eG95o5DpTqOw/0dSCna7ktp45TNc5txbVsRdfBRcq100eylCPu7fV0xAZiVQ55xDJAKNjK0eWhq9p11lKlfvXrVHa+NIbNylmL9GpDXUR4Hz5SpFFUcPOOQqryCyahueC5LUS7RDVJKJHHcQm50dpwPghBKAWFoSA4zMfuskhy2A7Yr/YDNkW9vALtBT261EoACA62wCJ65gSQhBJSVvwdrgDSK/0Ycx9jb28OVuc6NamvbrCggogxUCJDUd4NGITkajQP4foQgjIZukyzBYds+oExseIy5NIVRYf06BGN6YlRYdbL7tWalQurVXNvBtaZRMcagTA2//WyS6s8L87niSnBWUHRclInLywRrmqmkLqWamJyGkNo4Mwor+PLXv4WvfesfY6x2pUBuZEY+fdIlGMbslBA0G0f4i//3P+Lj+x+aZ2f4fR0e9k9wtKPHfs210x4iBLWJSdQmJu1LpryWwg8CvPGFL+GNL3wJQPdEgosAl7LSoWTFEkDOd8MosrRaUb/YjXywY6wkSQqlaFwTI8eoMZTxJABgVsFZ3896ZhVkcQJCSceFtfNAu+/GNqanp881caLsu9F+nShnJd+NMKqCDkgonBQopQh8H2lBPWi9KvygfyWHLl2SrjSlFwExCPgIChOP+SARdcr3MLQKjsioJtOBS1aKiq3i78wLMDbmI4kbyDK9Pyop0IwgwwzSG9zzAyjPP60B6dTUFKrVKp4/f44PfvELHFw/wM2bN4ZKujwPLC8vY2pqCg8ePMCzZ8+cmuO02nOlJARPMXvtettrmy82EFXHSn8LwghCcKw+W8Hs3FzHtJX5hSXs7W5ja3MTY7UrJ/4MN48OMTt3tf1ZUgrNxpFerBLaVFxw3pWgc3dEVS2gQepdd+jqowouMkKendEooAeuFPkqLjmm3pwQAkZYW5yTLitJkRlDEmoHvTDOxh1usnJUbW6KBegH/HJgfIlesMoN1Qe5YRGGIZLkkuSwsJGlsRncAoNFw3JeSGAZsOSnZPhK2j97eHiImZmZkdoBW55SHR9sG5JJoJKAZgw0zY8ty2JkWYwwrCAYwgG7qOIoemx4phTlNAzhGGOoVAplK4UoPUtk2O8iDAN4zGtr4xllYKFWa2QdylWs6qNIeCdJirSg6DixkonPAPQgQyCjFIQS3Lh9B9/+rd/F7tY2brx6B7fu3DOlQVyXi6bcDNz1WOI0J+r15yvY292C2RGiYZ3glf48lMLE5NSAHz7+/OxzZFNgStdDAQrKqJQovvS1f1T6rBDaWFUViIOLglLJisijpwHkvhtRlEvwoQlNxo4nH6zXQBLHjuRgvdInCmlLBAS+39/KnIuENW2HP6Tvx0lDtPhurG/uvoS+G1Hf38NpQRNxDFmW5H1NGEA0m3rS1KM/5zzrEBl8MveHUsqZbjsCJkkQhOGxMbVFMMoQRRVIVW5XfN83Co+cKORCQBo1R69Fi050sVbjjIExrxRXTBMfRFDIKBu6jbLH3oAmOcIwxO3bt7FWX8PKyqd4/vwZ7ty5g6Wl0RS0Z4VqtYp33nkHT548ceajCwsLI6XvdUOzcYTZ2XZF1+7OFpRCR2KIMQ/jVyaxs72DOI4xd3Wh7T0Tk9MIwwo21tfA/KBUXj8K0kQvqHUiVtIsLY35eZYZs+fO+/ZqtVp7/MpxYASKwrjlKgjBz5Q5kyP24oQQCFFIhklzoqJS7SyVKw3yzYOmiY3ersqXuISUSpMbsLW/vckNixLJESefeePRItEwSNwyNzK2JE40+TlAm6Xjp3Ivh9b0lkajAc75yMZRW1tbiKoemN/9vjjO2Fn6AoqJUtkKoJOlsixFGA5u5GbbPgVtunxWKVCubMUYmXqe5xQYspCk4x1DVOXRtJrQtqtVgCZLGGXIeAaeZmWiI00hCDGDwEuioxe0H4rQyiZCQEDwhS9/A3YIzLmA4MJMFkWJ3DhtFMtkGGV49d7njX/X8PfwwvJ1zM7Nu8E6IfkC0CAgBC5BobQi2raZfBWzrbxFKYB0TiO4KAiCANTGQxfGUNp3iiBJU0jkEvx+BspSiHLCn1FxdFqB5lz7vOSr4P2RFFLJPAnGELuMlcOMz+eKK8QtvhuNZnxhfDfmCr4bRWU4LZAbjPoIzykSthWUalVDkiQQheerV9uv7492ReNJgRCCMAg12W9IFGvEHQRB33MPu9jbCkt+ZGkCFBYB4iRBZDxxjt1ul7/7QQjKGJJmwy2CE85AGwQyzEphFYOCEIImWYdSClW1gMWFRcxMz6Ber+PBgwfY3t7BnTt3Xpo42Zs3bzoD0idPnmBubg7z8/Mntn0hOHzPw9j4ldLfOc+wu7ONsdrx5TGVsXEkSRPPVp5gfmGpTVERVSq6ZGXtOeLmEaLKWJct9QcpBARPsXyt3US2cXQIgryf4yaePapUut6MHgBYkqOqFtAk3b04XKdQ8OHgWXbm0iBnNDhkh27rxIoS5l6rkb7va+8EpS7N6S7RN6SUSEvkBto8N3rBkRzRZ5vkkFKWYmJbSxOOQ5EYGfS6cZ466TShDISW27uDgwN4nofp6Xb36X5xeHiIRqOByYXeHfNxJEdetsKB1HeG0FIKNJuHYGmAMIr6brOtiuM84q0ppQjDEJxzJz8sE1x+z+dI1yyHoMwDN7X7elKpt+d7PnzPR8ZTZC1Eh0jzeurL0sPjYU1fiZ7twzOV2pb8EIbcsLGo54E7997Av/ij/64vOW2ZrOh036uSAmXQZ0MppU2l/dGeKbtarDwFIdVQ8Y9ngWLJilTKkQVOgm+eu34ND3XKkt7ecSvQzh/BkNua5EwQVWjPtsOqSoqlNBdBJBM3G65ccu/C+W5Mai+eAgghYIkHIvPrfV6+G91gifRBSkE63R+nAd3/EKRJ6u5hHRkrR141L7ZdSWKM7/tQcPQCYx6q41cQNxvIMu1fQyQFa4aQQQbpj9ZOEUKcmiMIArzyynVsbm6hXq9jZ0eTHIuLiyPt46wwNTWFr371q3j48CGeP3/u1BwnQdLEzQbmF9rVFy821hH0aewbhhUInuH5s08xO3cV4y1kCSEEC0vXsLO9id3dXVTHakPfP42jAyx0UOEcHR4g40Z/MHYAACAASURBVNwZ+0sT8NGresK9MoiSQ1IOBv0wp2nTNAanOwBUxeUSjEBuKAXmmQGOAriJzum1osMYcxfzoq6UXOJiQSc/JE4aCwWElahveWERlySH8dBwhnv9x8Rat/AkSY9NTeqGLC1Ew9LO5Smjsu5bW1pG36s8pdUTqauagymgkkJlVCs6zCRNiBSNoxRBECEMK30lSpzWwK1f2O/LRt7pQSgZ6N4vlq20DsABwPcCeMx3qVh20kQIuSQ3+oBSZsJP9IqdEBQEWr3GBYfgshSlenbHlf/cbDZwuL+vS91G/E5zc0QGKSQo7f/8lFJ47wffw9L1GwORtJ2OYW5+EYxRSEFHUqWcBYolK0EQQFpfDHPcg34vjDFEUVQyf7Yr0EFhrOYbnwWLsEtsbRFZmuS+CsjTVlo9CM4aaRI7j4M0zbD+YuvcfTdWVlYKvhvt9zPlFKSQ+BVF1QuljBNC6PJfl8jVOwGldH8odSqJEkUw5iGMOnvadIth7gecZ6702S7eDuJNdkwYFABNZDHGyiUrqQ8iGUSQjiSBsmqOipyHSGNM1iLUxl9FfX0DH330kSM6znv80g8IIXjttdecmsMakI7i6SaFgOd7qLSoKhpHh8iybCCDUOb5GBu/gq3NF0jiGDOz7cauU9OziKIKNtbr8MNw4PKzJG5gYnISlRbyk/MMm5svSuoRnmVa7dfBWLSI0mi6VqsBBzg2UUUpBfgSkudxsTp3+XQZ2SRNS8/CsM9FUQJZlB/2M4j9LE0mLzEaHLmBXCkURsORGxafZZJDe+fknj+D5HAXvTcGJTeUlC7nHQCI124uqpQaqSMCtP9GteZ1nHx3Qr+SeOVLCC8BzTztbG6QpjEyniAMKicSK3sWKDre+8FwRPNx3782j2WANbJV6rIEcQAopSC4gJIqVxaYsopBzUQr1SqazaPRzMtano/VlSf4qz//k+G3ZxAEIWpXJvCVb3wLnh+CGO+RfrFef47v/Okf5wstQ4AxD1FUwW/8zu/h3uffNkk2Q2/uRNDv7t2EQykwRiGkcvJ7630wiPw+CEJQylw6hPXTEVLCM6bFxYjNXuo1IXg+6UPnSNjRLGuHgxAcSZKXpmjfDf/cfTcePXqEK9NRR98NIglokn+Xvh9eqP6m1XxWL2QePyHmnJdIgZP03TgO3TxtkmasfTkGJI2KaUZWvXEaBLQfhGCeh7jZgBB6LEY4BZMhZJBCsdH2GYsXYEJ/ZxQC15cXsb07hnq9ju3tbdy5cwcLHVQMFxHz8/MuTnZtbQ2NRgOLi4tDlT4lSbOj98b2zpZe3BoYBNWxK2jGDTx/9ikWFpbaxuGV6hiuvXIT6/VVJHGjb16AZ3oxaXqm/Xg36mulxLAsy0yZcm+VVdtVq9VqaB71ERkbcCC2Ko5Y112dohuybJFensSqWlEqexYN1CU+G7CmacXIuzCMTiQXvY3k+IwYj9rJbWuJQS9YzwZrajd4NGzuvUGo36ZUOzw8RKVSwZUrV1o/2jd2dnaQpinGZk9p4EcAGXAoryVWVqpCrGwE5l3clY6iSeBpzuR4i8fLZb8wGLSSQ8B2rcOMlwkBFpZfQRw33e+lfQywoeIAiPMMP/nR9wc/oA5gzMON23ewdP1GX3dj8T1KSqRpDKRd394XDg/2sLWxDnx+tO2cF3QJWtTmMZCmKYTQkbJ9J0Z4Xsk0EdD9ozAr82EYHGtGZ1Gc8BaTmy4C4ma+Cv5ia+/C+G6EkYfZpfbVYKWUMRXV3yGlbOQa/ZNGmqYl89le94dUuuQYRN8fnued+f1R8rSxJEcSw/P9gRJ+tAdHVC7zMirJfoxGgc6pKjrBUmnjYymhiB5rVMdqSOIm0tS065KAxSFUwCH84QIriCQl41oAEFkTU5M11Go1rK6u4sMPP3RqjpdhnByGId566y08e/YMDx8+RKPRwMLCAiYmJvrehpQClBJUx8rPZbNxBMEFwnCUhdYqsizFyrMnuDq30LYPxhiWlq9je+sF9vf3UR2r9VHu1cTStVfa/r6zvQkhFRjT37FSEkmaaB+tPu7Pjk/m1bE72Dh61PVDSint3E8FqGTmAONTa7xs5m0x4rUfaXUvFAmO0y6xucRnA3qAlECcArlhUSI5TiBdhXN+YQZxneDUGzZNY6DklIIJ2BDXp+j5QFtW/jjnODo6wvXr7fFbg2BrawuUEVTGBvsOBq77L8TKIvWcAk/Hyh7C80JtfntOsX3HwbbVdkCXpTquW5cNnsygRUhR8jDgQgCpHsQmaQr/HAazLysGJTZc1KxSmJqZw+/+wR8hMUaKE5PT0AIQvdEwDLXqso8++/rN22g2tNEopWwg5Vc3eMxDtVZDpdrfeCcIAtx5/Q3UJiZLpqcjHYPnoTI2jsUOg8KXDdbMN0uTUgR4s9k0hHaffkGEatPETEc/W+Xkzs4uwjBwZSbHwUXCJloxfFHk7XHzKPfd2G9ge3f/3H03PvroI+O7MdGmYNLkhu/mBwAuHLkxtO8GOX3fjV7wTIpZmiSuT+RZpuPRByiXodZotLCQk8QJ4jhGeIwqxBLZSkkoECgpHanRaW5mJ6NhVHElK67MNvVAOYEKM6gBp2FFdRClzD0jMovBmI+bN2+0eXNcvdpeXnERce3aNVeysrKy4tQc/SCJY0zPtHvC7WxvIezTe+M4+L5Ww21srOPKRIzp6XaD/emZOYRRhBcb68ca3DeODjA9M9emnGo2G9jd3cF4bdKRznauEwZBSWXXDd7m5mZH939KCYSQXR94pRRUkAGxNX9LtFTwFAxHi8kplNL2KLUhYB8um6ogpewaE3uJS/SLNE0hZJHcGFw62A8oAQTgZhLDrjRzoWWKnPO+JF/nAc6z0ipcv9dTT1ilc+4fWMIpOGQhCpu2TKQPD/VkZaQ6SSmxubmJscnhTDyPMxztuk8mgUoKZAwk80FM88p5An6YIAgqJ9IJniTCMNS10rZ8BHCrvdpsqv+JUDdQQuH5vjMjtStatjQqTVMIzuGfgAnbJXJoYkMbCFuCyQ/yCSkXElAKhGr/nC9+9Zu49aqW5c9cvdoiq1aaLIFCpTqGX/+nv4Uvfe2bJ37MjHmYmbtqBvmqjdEpEjaEMfyT3/wvTvwYoPSkTEqpCaCL4IA5JBilYFGlPTEiSeB5HL7ff9/k+4EzNAWA6ekpeJ7fU/XXKfLzIvSHWVr23djY3L4QvhsbGxvGdyOfmNj+iAkGWvDdCMPqmYcRHAfblxQjyHv6bmTa2NOOJ3rV/582mC1ZydJSn5jETQRhNNC9q58vY9pryrySJOkaqEAI0apK+wezCN22EA0Tz27MfpUp6RljHuK44RagqGRATLUBqdefCXWrcW2lohM/7DaVyCCUwOz0JGq1GtbW1vCLX/zCla28DIsVtVoNX/rSl/DJJ5/g6dOnTs0xNtadLFRKgkC1mYE2m01kWYbqsFHpLSCEYmz8ChpHR0jiGPMLS23jorGxGsJrEerrqxAJRxiWS1bSJEalUkHtSrs65cVGHdWxPJEpiWMIIVCtVPv2avLq9TpmZmbaHobZyqvYbH58bO2spAqUCSd5TpIElerJ3zSqsKpmZY1CDCdpspAqf4gUtMdH0MOR9RKXOA42ZqzoCH8anXqapflAjBBdIzzEfoQQzglcSulY+2Emb8NMtPsFz/JnfRCViis3MBF/g54XL5jXUdZeGnF4eIharYZKZfgOY2trC0opRD3MRU8D0hcgnomV5fngLk2byHiCKKzAG9Ao6jTBCskLvIXoSJIEHuNgfu+JTDcQQhCYlQn93edSd0B76SRxApEkWu7un03t9WcBLmoWgKCi1JYoM4z2jWnkW1/6aumzSikoqYzfB0CN5wchElMzc5gydb3FNqpXW6WMYqQ1TaX4MSGkToVRre9DTthwPXah9HSeb86F8TgR55ZOc5KwJod2ZRpKAVEIwZsD+Qww5qFS6f+aF/0IAH2v9drXWTz5UohSJOz65i48/2L4btSmwjbfDUIIiCKgad5Pe1546iacg6DVd8NjrGdphxA8V3OaMddFMPW1UbJ2kcqmrMRxjCAMBuoLPc8HoQRpkhP8Ged6TNuB7KMmtt0qYPJjoqBUt5WcC8AsINtFZAAglKJSHUeaNJEkumQFioAmAYjgEOHx87tuxrWt21RSgqcNBH4Ft27dwsbGBtbW1pya4zwVUIPg9u3bTs3x+PFjzM/Pdz32JG5icqpdvbG7s9V3csogCKMqsizBs0+fYG5+oc0k1PN9XLt2A5sv1nF0dOBICykFhMiwfK1dAb2xvgbGAqcmlkLg8OgInjGW7hdelmXY2NjomgJAKSmRHKWBh1KQAQdr6oPgPIHgAdgJG7O1Kjh0EsJo+1BSghBajoq9AA3WJUbHeZVcBEGANE1KtcRKqZ6mVYOA86zNJ2CYc5VSm6AChbjkPqSJ3RDHsTPrZUZlcRLPE+fcGbUSQvsmcmy5gV1tGaZ8p+jOT1uucZLoazWqedXm5ib8kCGsDK/yKU6uBi5bIYAIMxCfgySekxQrKdFsHoFZfw52cWpX7T2fZVmJ6EAYgAuhX/d7R8h2AyUUQRCBeQI8zUoDuNKzIpruWC4VHaNBSgWVcdMvt8euEkIABYiCgWnxs4JzCC70gBoMIBlYwfzTprwwRgH0p+YSgrsoWACghIAy8z0blYgU0sXfFp9DKZUmZhVAhTjVsYU2Qpbm3F9+UEoRVSr5pK3oM+B5pizgZK9nZn03Yk1eXpRa/WYH34233nrr3Hw3OOe4f/8+gpBhdrnW8T008XTHAuu7cbEiYdM0LZm/91Kda9+N/P5gF7BU0XpmpGkeJZvEMUJj8NkvGPUQRcwohvLI9CRJ4AcBGKUQxlvDRoIDyPtcSp2STEjTHhuPkyROSnM5AAjCChjz0IyPdHkLAMJ1+awMUqBDM93LuDYIK6C0XAYjsiaUlLh69SrGx8dRr9fx/vvvY3l5GXfu3Hkp+u+ZmRlMTk7i4cOHzoB0YWFBl2w6aDVkqyIiiWOkSYLq+PBeccfB90Mw5mF9bRWTU1OYnGpXNc/OzSOM9rD5YgOVyhiazSMsLLZHwh7s76LZbJbUGxsvXjhj0UHgzczMoF6vY3Z2tq3TtyqOVpKjCEUVVEHFkaYJKidMcJQG8Cd0I3qert1uNptQykhgLwmOlx5W4goMnpgxKgghCMMIcaEuUsvyTqaWVwheNkBjDMEQAzHrE2LlhDaRw3ZCSZoi9P2+O0Yhpe7TpIQwtZnIMjchoISCUjpUJ1KMb/P8AZJTrOrDlKYM+mzzLNXtAgAQCtKyAmvLUzqV9/WLJEmwu7uL2sz513krqqAqGcAFSOqDKBsrm6FxlMH3I4RR5UK1kTa2O8uykqu8LSvxfB++N1zpD2CiZSNmnrsMQRhAmG3bZ4ULAc45fN87USLzswjttSPM495CcFDdRlHaThYopZxaQitBtMkdbSFKkjSFb9qQfgZKlgAGgCzjoC1EqUJOLrSqJ+y5/LKQDv2iV2zkINAKSNYWjWkNSE+y9LP4/V0c342GK5HcP8h9N0bpc0bF/fv3te/G3ck2olEpBcY9NxcA9Mp6t/ZXCAEh5VBjmFHgeR5kUlyISqCU7Np+Z2kKBeXK2cMLcn+0wsYil0iONIEnOLwg6Jvw18lEEUDSUrlmsT10MHMzKWXX7evFKeL6zFa1L/N8jI9NII6byLIYAEAlBY0jiCCD8sttKEl89DKu9fwAVeP1Icx8QIoEKhGoRBFu376Ner2O58+fu5KV83yu+gVjDK+//rpTc3z88cdYXFzE1NQUACBuNjE5OdX2ud2drVNXUVHKMFabwMHBgS5Z6UBe1GoTCMMIG/VVTE5Otak9sizF1uYmxmo5QXNwcIDd3R1MTk7i6OhgoGNi//P/8r/963q9DqVUxySAqj+NBt8xk6Dya+4mpcrV20kpwJh3okZ1VhrmeVpKdpKDbLtKK4SE7w8/GL7E+SPLMldXKQzDfB7MrOd5kFIiyzL3s1LKqQ+EEAMflxDCdTBJkupVriFqQC25UUp4iSJ9nEKAecwNPAhBX88xzzK9vSiE5zH3T8un9eSDmzKzQQalnHMtgTQkTL+u+lJJtyInOO8or+yFJGk6wyrqtXsLvXjxApOTkyMZVm1sbGBvbw9T82G+Mjwg7Gp3v9L7XlBUQfm6VKBY3yolR5omICAnYtR4UiCGwGKMQUFPRIUQ8DwGKaVJUcBI8cx2RZcaBRFlDFAKlFF4HjMTXG2Ee15tzi87dPmJcuUYQuh/XGj1hCwoKJSCi6a1ZSRCSCRJgiQxMYWUmfeprv/SRCvwskxLv4UQIIRq4iLLkKYpskxHkgInk+z2y4CTHEFRl2Ki1TJahaNJx2KfOiqsz47gwk0U+8FJEjpFZGns0iaSJMXz+iamp6fx+uuvn8Le+sPKygpWVlYwuzSO8Qk99nBGkYSASgqW5JP/MKzA75JKoo1cE91GS3liis9+YO8pKTQBafsKKdqPI2spBw4vuP+S9SiTUoJnWtVGGXUm7YP0g8yU9Uoh3bgQMGU9bpynnz+lWsqHif6OPcYQBKFTuAku3HZLIMSoLon2XLPnIxiIJIDx5SCpB1Yg0CrVWtfvgxAK3w+hpMq91JSEFCkoZahdmcD4+DgODw/x/PlzcM4xPT39UswBa7Uarl69iqOjI2xsbOgUvrExiCzB1YWl0nvTNMH29taZmfx6vl7Y3dvZMnOLMoHJmIcrE+3kBgDU155rDyUzT1BK4enTp4iiCNVKhIODfezu7uKDDz8oGcJ3A/sf/6f/9V/bMpWZmZmOE5AG3wGAjiSHfgGAIm5ArKTq2rANCqUUMs5LvgYnBb3Kkrlaz4vC3F9icDhyA5oxzifp50dyKKWQpZnuZCiFUnqlL00zMG+wDt2a6+bu1QpQgxEGgPbvaDdB9fTkzXT0jFF3/YDe+7BmU57H3DOkFEpkh+B8YNM2KyX1PKblkX2eK+eZMwPTufaDrRApJRHHuTSY+VEpZSmOY+zu7uLatWuoVoeX3z5+/BjUlxifOpm28iQ7ZsUklCdAFAEpWJsLoctCtDrn4qStEOuzwhigJDKuJ8DMY24ge1JtASXUlKUwAAqe5yEM/dxwTaqCYun0nR/teXX6dxaDNUrN/lnL/gkFIcNFxXZDkcRQBWNNfQ1Iy7lDq79UMb5WOkKs17Wx79OlUBxS6dVcqxgSUuoSFFtXTogrV7I16Cd57p3Qes75v/MbpA+y536O35KYlFJIzsGFdJPSYZWBpeMlBEpJvU+V+4D0ew1P+koLwdGM87Sd1Y1tEELx1ltvnVtpxO7uLj744APUpiPMLJQnStp3A6CxjloFtO/GcaUpaaoNO8Mo1AsZnJ/Id9kv7LNqCUwhNBEgBHeq06JiVgjx0qRo2XMDYEh+4QgdfZ79jz0pLY8LPY+ZUmFqFJIe/CDoOHfK+wDiPIK6EhwGjHnwPR9SCqegJYqCCAZCdTKPRRhW+1JNdiJOpMgApVNdpqenIaVEvV7Xhu9jY+dWAjYIfN/HwsICGGNYW1vD3t4elpaWUW1J99rafKETxM7Q5Jd5Hghl2NneBKO0L9P67a0XyLKspDSp1+s4PDzE3bt3sb+/NzDB4QHA0tIS1tfXUa/X8cor7bFjtlQFaPfksHIj5WeAMaoTIgPnKTxvdMKg6FB+0o2fKgw+LzIre4nj4cpSTMkFY8zJ6nIfjLOvqbUT+syYPyEKYbJPkCYJogENf8IwQpLEuQGU4EDWv/EmN3XqFnpAkU9SKdEGvmmaGDfuBBnnWp3RhfwTJh5MEybElX4BeqCWJInzwYiTBNSoQuzkoRvsZMTWyXp9Ns5SyZIZ2FDeGwWzOUJ1Q13E/v4+GGMjSRobjQaOjo4wMX9xO1JFFUSUgQgOkvouVlZKjmbzECwNEFUqFypWllEKFkZdEleSQuLK6Mes/QB8AKpUH8oz7RvDKIWUpM2f4SRBCAHzGDzWPjlQgFuZ5FycyjHoQa/XgUwxtc9Cq7ekECNP9i2JoitYChNg6BIWS6gUj8CuGooWHwwpZc/VzPz9uby6mBJQPHdb4mCJP0KIvu4ndO6djo0y6syTW88bxnPEmpBeRJTvnfzvNhHYqnSsDwpjTHtzmOc6DANIqTDKo6xXvAkICaCUKUvzPEd2CEOOnuU1TOKGI+42tvbQvCi+G5GHuaXx0mv2GaFJXtZICUV4jPF2lmXauNL07a4E4hyM/oMgAGlN7oljBEHo1N1JkoJdIF+WfuEMe7OsZJTdbDQRReHA8ctCCkdYDIpi39TrWaLMQ3XsCuJmw5WsEElA4nwM6vuDGdf6QWR8ORp5lKxIgESChVUsLCxgfHwcq6ur+MlPfoJbt27h5s2bA5zh+eGVV17BxMQEnj59ipnZsvEozzIcHR5g/Ep72cppgzEP47VJ7O3uIo5jXJ3vHnHbbBxhf38PY+N5aUqj0cDW1hauX7+OyclJPFt5OvAxeAAQRRGWl5fx/PlzzM7O9lyV7OTJoSigfA6S6YcmjWN446MTHLKQqyylRLPZKMmyCaUgljem5m9oNynrBFV80F4CWdIl2lH03MjJjQhJ3CxN0oGTNfvsF7ZTtCSHHSiHUYg01dHKg6CN5DCT+X46X2mivPIBejuTb31E0jQBTP+RJCniJOlY6iELLKrnlUeatv68aNKYJKleURfafMqy+a2svpUMWzSbDac2OQ623jJJUrAhV+xtzBgA0A7mmoeHhyPXa25ubgIAqiecnnIaaTaKKSgbK5v6bsVSiBRHhymCoIIgrFyoJjRPXMl0iUEpcSXWyp4B6pJbocu3CDyPgTHqfGy08bbvkj202oq71YZ8dX/0mHMtjyfa/8PzjIFm4T0ApJDIOHeeECcJu7rnB177qpw5PsEFkAGZUlCi88C27LmhOpIBjDF4PoPHmDEOLRMcsAqOogk6jNknsSUkDJZgHoRxoBSQMm/HtKKAIghCBEGZ3CkSHVxIkAxIjzn3YaDvPapXT31PqwELr1tixxJtMr14BAc15IYf+PBYedJkCQ7OOdIsL08CzLU36Q0Acp+kYY6B6u/RrkwDgAx8Z2gLAnCu7+ksa0/KOQ3EzYZLCNzbb2DnIvlu3Jl0pr1FkIyWfDfCqNq1XZVSuvEaoMctPOOlBSkp5ZmqqX1jjpmaxRg7NgNM+AAuji/LoLClzJxz52VjU8d8v7vvSCcMXOZZeFyK3on9PkdRpQrmMcTNRmljwxrXMs83xMmRG+NJmUHFh6B+hPHxcdy5cwf1eh2PHz/G3t4e7t69O5JK96wwMTGBt99+u+3vOztbCKLzPf6oquN7n336BFcXFtvmPEopbGzUUamWydN6vY5KpYLbt2+XDP8HgRtdLy0t4fnz59ja2ur4hRZVHECZ5HBOtR6HZwgOITmyNBm5VEVKbQBqH0w7iOwFAgJCdWcII5UCQYmBLG7nIkQ+XWIwtJIbHmOO1Q2jiiYCTKZ3lnEAw63ojwrr7WLNnwATPRnpAdugxIsmORKEIRyBY/PFu4FnmSYNzD3v+f6x+9WNkJb1FU2mwrDsg1GMa25dFQ/DEEJ6ZhWZQ/A8QhfQgwdhanAzzkEAUMZcCotSqrTywLPsWILDlgTZ0b4fDP5dS8FL59RKcBweHkJKOfKAc2trC5VxD5S9PO2O9AWIL0ATrxTRlqZN8CxBcEzN9XnB83SEMufclbHZko40SUwJlV8qQeoHdht2gqQ/X1Y2cqMcAJSbFDOvv/KIXlBGOaWkchPdTj4ukukJoBTSleyRlrjTgfdtSj6YURDoJBl7TjlRAejrJI2aQLZM8otkT7FPLvpt6PcR47/lw/M98/72Y2pVAgB6/KCkQJqq0mRYCgGYRztfMOl8rp4fAKqoEiGmjp/B99sVFPY8QLRqhgkJZdJfytdoGGiSmhJi9q8JjvbjtuZ/Chmy0mulBSJCCl+Zct9tp3EWseUkx9w8/XhS6O9KK498TysmOn2fILkCSUrhviPP80o+VsM+S/b+87zOpRFOnWw8pJToYrRf+HmUb5ZniVuxTpIM9RdbmJmZwa1bt0bY6mhYWVnBxsYGZpdriKrlvlApBaooWJr36UFQ0c9LB1jfDSBfjPL9AMzzkCa5apQLAZXEuhb/jJTVVh2UFEgOO/YIwv68vy4yrFIqaTHA1x5n4cD9X98g0GV8dvuEDKSGsukcmvjT7VgUVTH0k0YIKtVxJHHTedwoJSDSI8CLQP0QS0tLqFarWF1dxbvvvou7d+9iaWmpx4YvHrIsw+raGpaWrp33oSAMK+A8w/Nnn2Ju7irGCyaiG/VVeF5YUgK/ePECjUYDb7755khtgBulep6HpaUlrK6uYm5uri85HKUEotDoK6Ig/Qw00w1hmsYjD3hdJ2NIjg5v0P+3DZD5PYysuUz7w0RAQBkpPdQvewP2WUPRULSV3LDopHZQwJm7dgMo1UQCuUIhV2AMSnKESBIgjOAGBUjTjiSHXgnL/Uk8z+uZ+w4Y+SYlyNLUXUMbI2tl2VKhoAhpJx8YZZr593yoQBlTMQEpeInsAAzhIUReW6eUmxzBdMpC8K4kB+ea3LCS0mFKJ+x1AgBC/TZl1+HhIaIowsTEROtH+8be3h7iOMbU0ulIjk9DxeG2DUCEHMTnoKnvVu6k8S3JshRhGJ14VPgo0Aa1AaIo1BM4MyWxiRq2/p7S/okHQsoTxaefPMCnn3yMvb0d+H6Af/zPfkc/04QYooODeREC3wfzutcg9wtbz5xl3CgZCVaffYonjx5ge+sFAODXfuM3UZuYdMfo23KAERUkVp1iiRv776P3f4oHH/wcQkpcv3ETX/qVf2QIlfJw1JE9jOXEiHmfcs+8gODSkBL6/Kj5DKBwdLAPQBNYlbExYyrK8fd/+11sb72A7we498bbuHbjllYxWBWAnfibYYP1gGCss/RaSgVKw45lRuawQQjBo/u/eOxImgAAIABJREFUwOOH95EkMeYXlvDlb/yqqT3Xx2+9iLTidDTY0iNC9XXhWYYPfv4TfPpYL0B94ctfw/Wbtx0hQIwXiL3uRZ+LYtSjbW+VMWfV11Sa9Bpd12/v3W7nYK/Qca8rYwBr71tKgA9/8VM8+ugDAMBrn3sT9954u5CCk39HlFHD8RD4gX5+W5WD/cKqsAA9vvzFT9/Dk48fAgBef+Nt3Hn9jdK9eZqQUiCOG+739a0dBEGAe/funfKeu2NnZwePHj1CbTrCxEy5r7LPQjGukzH/2Fr71Iy/bDmrb8YqtgRCR5NqJEkKMWRk/bAghCCKotJClC3z+GUApRQVE79cVDQ2m6d/nW3baseRg4xRKGWojtWQxE0QgpHHFjoiuALGGJrN3OtG8FgT0kGEyclJVKtV1Ot13L9/H7u7u7h79+5LVaa0vb2N7e1dZJnA0tLSuR+75/kYr01ic3MT+/v78H0/j2wO83YjSRKsr69jYWEBc3N5yY1VSg7ipVaaKSwuLmJtbQ0bGxs9vTgsGKM6w94OHHwByn1A6UY7S+NSRvGgKMa5uVUFI3+VxuRLGaafKAVp3mcbqE7LMnqipAAUMu4vPTheGnTy3OhWj6fLLWIAZnXAqBjOQ3JYrC2192gYhSORHGkKwJIcJsXB931kxshUSqkn7cVrNQDp2Co1La62ClNmos+td+dYTLyAHxSM/4RLSykiiRNd0+7p1IqdnV0QQrG01LmWL8ty5cWwdbyiUJ7S2pEKIXB4eIjl5fb4q0GwtbUFSoHq+Ml3OCWp92kSHRQQUQYmBFTigRojUiEyNBoZfD9EGFZOLNZ7VDCma6j1BI2U+qxiacegxpx2Avbp40/w/b/6c6RpgurYGN7+8q9gYemaMcj1IZrCTcys6e4wknftvaAny0opEK5X4AkhqD9fwd/+9Z+jcXQI5vl49bXX8bnJL2rloiE2fE8rPUYlOISQrhzMEhMf/eJn+Nl7PwAAbG9u4HNvfRGV6pjpg019vlN96JV7S3AU1yd09CoDp8J58djJLiHAR7/4Gd79/t9gf3cbr7/5Dr7+a99GdWwcB3u7+Ie//wHW154hCEKEUQXXb942K8UehPQhTTtFoFypR7HMqBVSSuhmTpUWcwrfCACFBx/8HH//g+8CABaXruPzb38RlbFxZ2RuiWWtQBn60utxlVEH6baZ4GB/D3//d9/Fs6efaPl2VMH1m6+6e5MQmpdjeCz37bAlPcQssypLBEmXWGI9KJxiJfDBjnlGWq9Q67tspK+N3QUI0jTBz957Fx+9/xOAUCRxjFdf+5xjkAgl8ChzKiVblqUAQ3qwoQkIe081jw7xkx/9HR4/+giU6n7zzutvtJFzbZ/vct6DIm40XHugfTcSvPXWW33FGZ8Guvlu2D6FEAKW+HnSFiGoHJPSkKsFcnPz1rGF74cAofmCioms90054SiwxCkK/+824QtMUooQ4twnhacB5ztivDm0yjmGHwTwT3phosB4EkqdLYBUCmzAhrAfo8peKD6vzA8wxiYQN44gZB4li0SABhUEQYBXXnkFm5ubqNfrjuQoTrovMubn58E5d3GyCwsLmJycPO/Dwtj4FQiegXMB3w/bxoj1eh2+7+PVV1/N/6hy09ogCMwCb9JzDFWaBQRBgOXlZTx79gxzc3OoHGMUVIQeMFpZJiB8DpYaL44RCY4iipMr4Ph0B2U66uL/7c8lJYjxJRht1HGJs0I3z43jEAQRAF0SkiTpsWqHs4J9QItyQV1mMtiAxr3fkBx2ICGVQsYzd1/3e62KELIcTUvMcZcIDgNKBycUcrfvPGJaTygM4RGVr0UYhV0HfNohW6u8qCFSBoVOX9HnRCgF6VCeAuBE/DcqtV+OgZNgEqhqfw5acDjPsgRZliAMtT/HecJ6vPi+B89nLcqezpPWfrsD279KIQyRCsRx05Q5EbdiH4QB/MB3Nez/9v/6PxA3Gy7V47hu2hIISioEUYSpmVn883/5X5tJP1BcX24c6XtU8AzNRr4iTCgBIxSe75U8QwaF/RylAkrK0nHv7Wy7nw/2dtt8Loq+EZrgsDGEAo3DQwghMF67As/3QJky8YYEWcpL/f6nn3yMx48+AgB8/OBDfP3Xvu1e29/ViW+2ht4eM2MMYRBBQRUmVnY1iLgyE55lUEqCEJ0SQAgzJRUSUna/Zgf7e+58D/b3nFKPMWZKYwk8c96AVcAMDsIoOrVsWxvrAHQbure3Wzp3z2OOWLIEB6E24UYTGcQcKzPfr26HJQSnTmnBTIoEpQRJ3DSn2+d5KN2mhlEEIqk+/8IztvVi3bxPYnd7s/RRq97Qfh36WSk+n6ORdfk5bG9uANDX8GB/b6DtEAxPciRJE0LqRY6L5LvRbDaxfLfsu+FMRTkD4YW4zmisK5ltS1AtjlNF+F7uh+HKi4WATNOuRudAuaxKp9XlRIaSEqpF4d2LuPA875dGudEJznek4MuRpdofrT3W8wSug5mg2mQ+JaU2Nzon2OeVUobKWA1HR/tQZuynUFb3z87OYmxsDKurq3j//fdx/fp13Llz53wOfEAsLy9jcnISDx8+xLNnz9BoNLC4uHjuFQvdVDhbW1s4ODjAvXv3SvOzYkJZpVJBrVbD/v5+z/20zUqsimN9fR03b95s+0AnFQdQLldRPofiOr9YSok0aZ75IJccM8lRptGTBdLj0oPj4qPNc8NjhrzojVbiIElSqB6d5mkjDEMkhQ7Glq0MQ3IolZer2PQR518RBqCUDLRdIQXSOAGglSbafDQnN+xzY0mIk+gEKdWTz2IHy3mGNNXkxXEmoy45RSl4Q666lNJTSGdz0bGxsZFMpzY3NyGEQOXK6d93Z9mJSV9AMQGa+aWBb5I0wU30V7fa7FOHkaITU4ay+uwJjg4OSpPgQRFGFUxMTrVlzreCEoogzFVaRaXg6rOnQ+17cnqmr/eVJoHmD3YS/6Pv/zVWnz1tMwvvhZuv3sWXvvZNTRLZ2oe+joUYo9DcGFNKgZ/86Af4xU9/jBfra5BSYn5xGZ9/+4t44wtfRhBGhtwZ7l62H7EElzZdbS8zsYTWypOP8Z0//U84OjzA7Nw8vv1bv4uZufkR1j70Bz3P074ZlGBn6wV+/MO/xcrTx0Nt8Z2vfA1f/JVvDiDvzokVzzPknpJYefIIH9//EGvPVxA3m1BQqFbHcO3GLdz93BuYX7zW5rdho293tjbx//y7f4PG0aEm0fsAowyz84v4jd/6XUzPXu2zhF6/iRiCyKpOVleeYseUYQ0L3/dx9/U3QRkbxG/2xJFlKdJEewFcON+NpXFElbwfdOoNSUqlKUFwfNtu+1U9DqE9larMqJBsmhsAVx5r1RWtUEohjuPOC5WElNShdlxkx1vd1J7nPQk8bTDG2kpywigsLVz1SrsbBGV16fkbH9ujiZtHOblBFHh4AA/lMV6lUsGrr76KtbU1rKysODXHKKXKZ4WxsTG88847ePLkCR4/fuxIjrGx7oqr80CapqjX65idnW3zPCGUIqpU4Pk+KpUKpqemsbq6OpiCA8i9OFZWVjA3NzfQRbDlKoAmOUiSe3EEQXRhVBKEEBDGcDHE05foB85zAwUfiaHUDp2NM88LYRAgzdI2f5nB01VyTw73N+f6TwcyypJKIo0TKEtuQJf60MJKTmsneFqDARs7e5z3hj0GO2ARUrY3bD2gpeT5hJe2DHrSNEWz2cSNGzcG3HIZW1tb8HyKsHI2UXinWabSti8KiDAD9QWQMFBpYsMLsbJhFJ1pHjvgpklOjv7wg/fx0/d+hMPDfcCUSTnzxhYfDk2ESzeRtysPU1Mz+Mo3frUnwWGh7+Pu0n5KWddVxTRLS4lfHbfQpZ8v9v/2Ohzs7+LBhz/HytNP+lp2Vsi9K/Z3t/Ha597ElcnpgcoC9OSYOuVG4+gQf/7H/wE//4d3S+f2ycN9PH50H4/uf4Df/v0/xNh4DV6fxuLDwn4lL9brePLJA0Ap7O1s4Svf/DXMzM2PtF3mMZCMmDIogu3NF/jZez/EwcFgCgGLickpfOHLX+uLW7LlTDaxhFKKlScf44ff+ys8+fg+Go2jto08/Oh9/OBv/hKfe/uL+PV/+tvODE7IvB3Z2d7Es5XH4IU47p73EQGSJMbW5oYmOHqBlH+xz+7R4QG+/50/x9OPHyDt4KyvI3nz+6nTSqHHPNQmJlCbmMTSte7t+WkTH0pKpEXfjc2L47sxPhViYrbzoiQp+m5QD+ExKQ1pmuYx8kobdvYDm+aWZdo7regBFgRBGynhSA+l2pSfZotGaa5TGQdJn/tlhl24ygolK0XV70miWJJ0nqRiEWkal1LzZJBCEYUG6qiqhbb3Ly4uujjZH//4x3j11Vc72jlcRNy8eRMTExN4+PAhHj9+jLm5OczPD9+/nTQ2NjaglOqojqGUYny8hjAIEQQBZmZm+hrXdhxpLi0toV6vY319Hbdv3257vZuKQx+Irm+WngDJmJYjKoUkjUtGIpe4RL/o6LkxpHltEASAWcW8KCRH4AeASsFNlCwiPTEdpJwEyEkOQMEPAmNCqOu/+43DlEoiiWNNblgjqqhMbgBlgoMQvRpymkRHr0mx5/s5wcE5pGfTFvo7Hl4wOCPUA2kpubHlKTMz/a2ed0KWZdje3kZt+uWMnOsXkkqgIgEuQVNPmyRBx8o2jlIEQWRiZc+H8FYA9na3OrygIAVv/3sBwqxYb21tdIxM1Oh+Xp3OeWHpOr7yjW9h+ZVbbatlnHOsPP4YP/juX2KnRbqvAHAhwaSA16FwodsgklIGAuKMQgfB7k6H62bQ9WqQYuKMbiO+86d/jJ/9+Icd36+UxEfv/wPCqIJ//gd/BI+xUnszKPolR3iWuYuWZmnbvWANT1tx3H1MiU7JKvqMHBz2ltZ2A6G0b+WMNRW1+/7B3/wFvv9Xf4ajw4NjP9dsHuHHP/we9vd28Tu//4eazJKW5NMnUTRvp5TCY35bH1E+FopKdazPPs0QJkTZ39ykSymFjbVnaDaP+thO/ry2/i3bSpHEcc/Pn+Y8LI4bmjwFsLG5i2Z8cXw3rl67AiB/dpy5X+KBFnw3omN8NzjnuhzYIOjgu9EL+tmhTs2RJCnSLGuLkhVSOuNzwPhMEFsiqI89y1KXymgVrmcR/fsywJasuDHUCO1tN7j+8pQJ634hBEdSIBiVz6E85Uo+G6gDQBvRUavVXJzsxx9/jJ2dHbz22mt9WzqcJ6ampvDVr34VDx48wOrqKprNJhYXF891/gMAu7u72N3dxZ07dzpeR8YYqtUxreI48HDn7l18+NGHqNfrx26346yBUorFxUV8+umnODg4QK1WG+hgnYmbz0ES3QilSRN+MHgDd4nPNrIsRcZ1YzuMj0QnBH4AApRXBpIE0XmSHIFJXGgxfhqG5LCgvjaV6/eZs8anpXhWk5jS+r5iB8i5AKB/p1SbvjHGBs9NHwGU6MmTrdvlnENK2VcaFFAocUF7NCygCY7JycmROoKtLT05rNTOVsFwliqOIqRnyla4D5Lm90Kaxsh4isAPz8WfY3p2Fl/5xq/j6PAAWZbi0Ufvu9dmZudxdTE3kX3+6WPs7+243z/31pcA6JX02pVu8tTBB293X38TtYnJtpIRnV7h4++++5fte1HKeMb46E4vqJafFCampvGf/c5/ib3dnb6kwn/xJ/8RuzubPd/XDYSgEJFL8fDD9/H+T951r0/PzOHO628iiiL89O9/iL097eXx8x//CLdevYu3v/w1V0561rBtXZqkSNIEANETNdDSe45DXi7b/h3duP0avvHr327/UBdcnV8yPii936utxfTk7q//7E/w3e/8qSNtCKWYmZ3HtRu3UKtdQZqm+OThh3ixvuY+/+ij9/EX/18Vv/9f/bd6n8UzKOz/zmufx1e++WuYOqZ0StdQ+7gyOW080Y4T9OYbp4Ro3xFjbOr7Pr7x67+BZ58+RZq0l5g9+uh9ZAVlh31eiwiCALUrE5jtR50zwD03SAubJk23cry3f4SdvQPcunXrYvhu3Jns6HFCOQUtxIOHYRW0S/mClBJpmpbKQ5QS6DLlOBbO9yXJ09y4EJBJov01OtxMClqp0wlFhcdFmGhfFNhyFCFE7pVxgtfHtiEnvd1hkTQL5AaVEEGZ0LZ+Uw3SruZgjGF5ebktTnZxsbMB/kUCIQT37t1z3hyPHj3CwsLCSIt3o0AIgXq9jqmpKVy/fr3r+8IgxNT0NPb2djEzPY2FhQVsbW2Vxu6t6NraLC8vY319HRsbGx0JjuNUHIAhOTwJZNIxvlkSHytnu8iwA51h0xkuMTi0bC5XbgziudELtg40u1BKDh9QClyIAsnRHEn5NAi5EccxlDImvIQgDIKO9ZdKKXieByFEW2lNGAaQUoJnmRvYM+YNnE4xDDzfd8kuxZWIXjWkOsWlSHCUn/E4jpGm6chSxM3NTQQVBj88O+Kn6JlS/P2soAgg/AyEcdDUc7GySkrnzxFGlVONldVecyYdQiq885Vv4J2vfANxs4GP3v+pIzgIpfjy17+Fd776dUSVKhqHB/jBd7+D733n/2fvPb/kOu4swRsRz2RmeW8BEKYIghRBiqRESiIlytuW1Oru2e2ZWfNh/6z9sOfM7pnd2ent7R51a2VaEmUoCfQUPQkQtnwVqlBVme+9eBGxH8Lke1lZ6QtVAHV5iiiTmc+HuXF/9/5UfxAheOzJz+L0wnmnINNxl93vo406TVPhDCiJieYs9fU15ExaSQCzvlNCaBXC7IkHMHvigYbvIUQ/P2+99kpjgsMuzDV4ATFGnlIIvHrpRed/MjI6ge/+zd/jzMJDUErh1NkF/PN/+d+xvbUJKQXefPUlPPLYkznTt9rjaoaDXqOgjUOlkmhUsKqUMoo2Dt/3EFUqKBaL8P32nuN698npcw9i4aFPtfU51gCUEoJW6mx1pGoARimkAEp9/Xjy6WfxxNOfx9DIOOyV29newu9+9XO89IcX3MT+vbdex42rX8DJ0+cgswKWzMFMzczh3PmH3XPWCDYVp5nvmTaD1eVMgHLqkLBQxJPPPIcnn3mupqZfYX11BZW9XV1mBH2cz3zxK5idO1HXl0kbUjY+d4cxDRMpR+x8NxKsrN/G2NhYXc+7u4Xr169r3425fhRK1XNlzzGRAI2rignPCxuqaCmlKBQK4Em+/FYI2ZGSg1KGYqGQK0uy5RT1SlKkkHVnN0EQgDKGqFIBSGdGy/c7SEYhllVqdf25tvGgxLSp7ZGCvUQclV1yCgCIIDlwfwghB6o5RkZGXJzse++957w57oV54tTUlCtZWVpaQqVSwfT09F3f95WVFaRpWrdaJIsgDDE+NoH1tTUkcYwvP/9lLC0uYm19/cD7tGErMzMzgzt37rTkVlr3wymB8qsThySJXErBvYYkSZAkSUO26C/oHdI01efakBvanKq35IPvBy5+LAwDCCnNJP/oOr0gCBAYU7o4iiGERBxVDrVoUSmFJM6QG8CB5AagBy9BEKBYLKIQhvA9D8xMsjRRlLis8zRNEccRKpUy4jjSSSWHZDDFqE5lCAuhG/S08rymmUETpT5QM/ja2dkBIaQrhrtSqWBnZ+fI0lOO2jBNUQVR4JCFGIpW72UhU5TLO4gqe5CHIIsF4KIpRSpMu5Ii5el+4lABU7NzKBRLEEKg1D+Aian8gMbzfTDmgXPdPumOtdkKfmv2U0rpqONKFKFcqeRimA86rlZgIxKFEEjNfrfyZQn9pqa9Tb0grEkkwerKEq5+9L7725PPfAGnz503yUkSp8+dx2c+/yX391vXr2J9bcV4eHR+D0sTTZokMaKognK5jDiKkKapI5Rqz6eCPv2aeNLx4rZ9tOenW+h4c4Ik4ToxgqeNvxL9laZp03ZUKUBJTew9+cyzeOpzX8TY+BT++u//Z3zl29/H4PBo9XlIBfoHh/C17/wAD1+sqh5SnuC9t94EcHAbwsyAWAiBJOFurFT/i4MnHCIVB96/UkrwODHqJS+XaKH7FLsdjjRNIYQmLscnJ3P3qsc8DA+PgDLPRN7u/2r+DPW231VKopLz3diC7/tH7rtx+fJlDIyGGBqrtonZc5Pz3WCejn9uAmpSczxz7eJYl4hElYpbgGgLRBul+4HeF52qFrhteSZONgwLdRPyfD+A5/m51Cn5F4JjHxJjCmtVvL0ar9n2IwgCW7V6JOA8dolnACACjrrRVAZZBWyZ7C+JCMMQp06dwvT0NJaXl/Hyyy87te5xR6FQwKOPPoqFhQVsbW3ho48+6ni+3wl2d3exubmJBx54AIODg01fXyyVMDU1jSAMUeor4Yd//SOMjowcSMo0JTgKhQJWVlbq/n28eLbu77MgASBpdSCQxM3rHo8bkiRxki3OOaI60si/oLfQJqJVB20d79t78sH3fLedMAwglUIcxz1lrtuF5/vwzQMbx/reiw7h2AEASpu/CRufrBSCBuRGLTTx5CMMQ5SKRYSBVtoQ5MkOwA6AE0SVCiqVCjjXx9bL48o2dGEhdLGzjZCVNJM6SoLd3V2Mj4+3tFJ+EFx5Sv/RRc8dNckBAJIpiGIMGeSJJ85j7O1tazKvx1BKQaQCCU/d/dgoPUQptS9tIw8CzlPs7VVaaieqUaSNz7+SEiJNtd+p8chQDSZYlFJ3vze6tEopwE52ldIeWU2+WlndbhW2TIIQgrXlRcRmDNDXP4ALjz5u1JHSrO4rPHzx0+jv14OdOK7g5rUrB/rptHJPW6KV82rpGqDcBNlew5wngyF9dXkNQ+AHKBQKoIS49szGWncLvWBqCKg0bXhdhBRant9Cu2mJvTQVCMIQX/329/GD/+5/wNkHLxiSIEUSJ/or4UhTAT8IcP7hR3Ofc/PaxxAibUrSVct5OOIoQRQliGu/zLYaTSy3Njfw6qXf463XX8YH776Jjz96H1GlDEJ06XPKOcrliolZ50aVpO/XbFufPUeW4Mp9GY+Ig3aFZP7fK1TK1cQG67tx/vz5Y+G7MTFXvxSdct8ZRgNoW4UdBIFTp9pnJ0nijlOsfC9AGOrI+EKxqGvzC0UEYQG+5zf1ArN/08anfyE4soitKaxZJLp9eytnAt0tKDH0kuqtOqRVKClzYwzlCShfP48HqTey9xIhBBV6wHx4fBynT5+GUgpvvvkmLl8+uMLhuGF+fh5PPfUU+vr6cP36dSwtLTV/Uw+wtLSE/v7+llOjwrCA8YlJzM7OgVGGsbFR/M3f/C0mxsfrtqFNtSizs7O4cuUKtre3O47EIQUJlHUDyXmMIAj3ycCPK1LOnVGSXRWOo9i4OYdNB61/Qeewg/eE80z9pfal6OVkLcvo2+Lgo54M+r4PQkjNsetylV7uW5xEhjzSA48gCNyKSydwsWK+Nv6SQlRLWTK1smEYgHMJcA6AmPKj7gd5nueDUAqRpm6VyBqg1oNIU6cqI5Tu89/Y29uDEKLr+sT19XUUSgzM+4sHEWBiZT0Byj0QXu0LkqQCnsYIgyL8HtwPbntSQnEFJTUpoPwmk0McPMEnRA+GhLm3ff+gmEGY/kEnaFRVCPU/mNCq3FpKaV7beKDu+V5TMlKvQNm4VONn0AJZ1w2hV7ufts1avHnD/X50fApDI6Nm8i41ocMkhkZGMT41o1NuANy6cR1PPkNASPuTkawCg5tJvEVgkkXsce7WmG/e2d7W5JQlqJiW3cdGieCZ8olewDdRrpZ4qx1Y21VEKYj2MmjBH9YSR3YiwRjF3MnT2nw6FXpsY84HZfreUEphYmoaQRC6CWh5bwdJHKNYaj5ms4oRS2BkpgbuB3dXH9CPVSp7eOEX/6r3mTKU+gbwte/+EBcefdyVcZXLFQRBAN/3oJRCoRCYZ7KqDJBKmp810ZMkiSOQdJklQxD4Tn24D0Z51A4aye6TuOJKIbfvlI+V78b8wvC++w0AqKCgSZ7c6CQFy6b4cF6vZCVo26+r2yQu668AHJ1H1XGDVkNl2scgwNTUZO99OI6QVIqisvOdUlTtW2hp9Pxm992SHEWZ9/Hp6+vDuXPnsLS0hOvXr2N7exsLCwtt+1geBQYGBvDEE0/gypUruHbtmouTLZUOx1ZieXkZcRzjoYceanM/BzE9PQvOOW7dvIGx8TH8+3//H3Dp0iW8/fZbqERRVYHa7MOmpqawvLyM5eXlugRHMy8OAFBMAky4+us4jlAs9bd1UEcBIQQSM0nSHhAe0jR1RoZRVEEYhvsGmNI4Ov8F3SNHctSYb/aiUxJpaszjtOKAUoqwjUjVw0RdgieKELSRitIIcRzlfDQC3+9p/R2jejLl+351hVIIqKx3h1ktSNMUzPN6YkzKKAPxSe5ZFVLWHchmV5EI2a/e2NnZQRAEGBkZ6Xh/dnZ2UKlUMDzdG/+YbnCcBnOKACJIQT0bK6vvPSUlomgPnCcIw6KTwHe9PaNe6AWIua8POpd2oKiVG/aeJnUDMJTSq9KFYsm8NiMNN8bDtZtxqQZN2wHjwQIC5lH4ngfKmPm8ZveBgjDKh05hCR1C9HVdWbrl/jY8MgpKveqk05AchBEMj44BZlixsbYKzuOcb1In+8GYNly2qS5B4Bu1mp7Yb29t5t6zub6q32sIIUoIlPEmUoBZhezufkriGDCeRvUH/vYaGSUCpQAxHgMtQIpqeY1kDIQSCCGR8tSVd9h7SUlN6hWLJXi+79pG61/TEjIkBsxqrfNxICRjfEobkgc2gjYFRxxH2DNkl32GOa+mdmmiyag0kszk2ZS5akWWVsckCXdtoPZnondlwpX13YiiBMtrG8fKdyMs6r7PnhtCCIjMl6Zo343O+zA9tipoosmMAdyYJgwPNAU9DBBCjempLlNhx6RPPCoIKZGYZy4MA/ieB6+HvljCLiJlz/NdJjqyxr4AACrrlspk9+ogVQeAAw1IAV390NfXh6WlJbz88ss4d+5cQwPN44QzZ84dyePjAAAgAElEQVQ4b44rV65gamoKExMTPd1GuVzG+vo65ufnMTo62vb7R8fGXT++vLQIAHjuuefw1FNP4fr167h67SpWV1ZaszSemZlxcTidDvRVKECMiiNNEwiRds3CHiaUUq4WzXpAaMUGq0ZWRTHiOIbv+y5PW5kSB+tTcFwmE/cy3ETfGFb1SskhRA25ARwbcsOiPskRo1Do7thryQ3f1DofFvRAtLoNu6pqS2PCMEDKOViPDDgpoY6QBIA05WB1FAGpyPhv1By/lBK7u7uYnZ3tal/W19dBCDnS8pTjDEkVUEyhuARNPRBjSi0ER7nM4fshwkLpWD2XgFZ+1SWyFXDz6hUMDg6hr1+v3BBCQJlXdyLLkwS//befYnJmdn9MLOdYunWje78HJUHM5F5KgVf/9DvcunG94eROmWf04w/f627bAACCNOWolKvxnkPDI9ClBdkv/bex8Un3usreLl789S8wMTWN8t4ublxtXfprS0x8z9NKEUMMOIKI6sn2na3bWL55PffexRvXwJME1JokUwoICUIAjzE3se5mgvzSiy9gdfmWHgs1uL/7+vpx4dHHMX+qNSmvhS3P0Ysuwlx/6ZQdbkJLzRfRfkEpryohwkKprqdBLRyJRGlGCWkUku7frJLpYJwzxqvaZLcfE1M16QRKIYkT2EQZQghub67nSKo4jrC6vOjeK6VypA6gx3UEpNFp7xmijO/G6sYWwjA8Jr4bhZzvRk6OH/sgZgZIKUOh2JuV3CAIwIRAEsdu0SqJY0hPuEjlw4ZOetTfKymBT8CCZKOFVx7b1Dzjd9dD9aRFbSyzUhIK7K4ZjTLPB+PcmYuSlIFJAhnynC9YM2RJwEYkx+DgIEqlEpaWlvDRRx85A9JWk/2OEmNjYxgeHsYHH3yA5eVl7O3t9TROdnl5GYVCoamxaCOMjI6BMoZCoYDV1VVsb91GsVTE+YfO4/xDum1taUYzOTmJ5eVlrK6u1iU4WlFxgCkoT4KkxowwqqDUd3xlO0miXXW1iZGOhgN0h0soQRInbnWYpykU9Ap4kiRutTqOY+3a/AloPA8beuBEYBfMrLdCu5PyNOV6oGqIKCBDbnRJGhwWPM8DIUTXHNsBQRJ3HJebJIbcMCZSWYLubsESgFIqRFHFHZeQomfxsixDcNga/+wEkvPYrSIQykBo/l7a3d0FgK7LUzY2NlAc8I5FO3DUqSqNoHwJ4SWg3APNlK1wHoPzGGGhiCA4/lnzUgr87pc/xRsv/8n9bmp2Hp/+7Odw9sEL+16/ubmGP/3+1wdK5bU3RXcEh/OsJ8DenTt485VLuHXjqvlrExfUjMmcVVF0AiHS3Aq7mzDp+A1TdaHvy+xAan1tGS/84ifu/GTLEDoFMSUnNt1p8ea1fSUqG+urWFtdwszcSVBKdApJZmJEMuUtnWJv9w7ee/uNpq8rFIoYHBrGiQfOOC8Or5EzXga6BEiAEAGAODIJqJZRMVo9F7euX82Z8E3PzSMICwcmBll1B6UUQbZcy9bbm//Z91ZLr4yvSA15NzY+iee/8V1MTs869Z/dTrbd8vyqAocQguVbN1DOEGgAcPXyR/jU408ZTy/tAyGEdAamzPStvUTtCnClvOeeX+u78eijjx6Z7wbnHO+//z7CYt53I6vuo9zL+W4UekwwM8ZQKBbdohWUAgpaceS34QHWKeqV49zvsAu2tXOSOIkhYec6cHOdg2BNR5X1aoJpv01pWr2UHPuzTb6BUWLVFvkd5miEMQ+l/kFElTI41+0bkRSsEkKGHNITue3X1dPVuW8IIaiQ+iUrnufhxIkTTs1hSY7p6f2EyHEDYwwXLlxwcbKXL1/GzMxMV2pmAFhbW0O5XMYjjzzS9XM+NDSMvr5+DAwO4fbmBnZ2drC3t4skjpGmaeuh1LOzs/jwww+xsbHR8YBfBSlIqh8iITjSlPdUBtUrWFNR+8CHNQ8so8xEYMVAWDXCVCY/OuvVYUmOw26w72doVUwEqZC7Ju0qgNKUu0be4riTGxaMMYRhuI/kaNe3IklipKlwUbC+5911ciMLO9B0SoseqjgYZea86RjgtIbgSDNSd0rrm4uWSiX093deTre5uQnOOQanjtfE/KhrYQ8EAWSQQnkpKPdB0ur1iqMKeKLLVrwuJtp3A3EcIV6rOq5vbKziU48/CaCqZnJQClKkaJXDaDdSl1Irw69e7+3b2XIM1bJceGS0c7Nd68+Q3S+g/kCyzpvdynu3sNJW6ib1wI2rH7vabIs4quD6lcuYnT+lX8soqKD7yKaD+o1WH69W0oOSJMltRwjpjM9bQVUdU7tT5lwwBkYp0jTFu39+PfNngnPnLzhSpJYgBYCoUkFULqPYV4Ki1XIRKQQSnoAniTGVTLB7ZxtbmxvY3trE0899GQODI/tKoArFEiampkEpQ8pTt8fSJCFJKVEsFuF5DL7HXKnKtY+v7Dvp1658gEp5D2GhqFU8QgI4OMGl10jiCGmqFxK27+wdK9+NuXNDjnTKng8qCGiSMesODyfGmxCCMAx1alOa5kqQ9aJLYBYLU6MO6p3C9JNGcCRJUjVTjmMEYQhGqfEqOHiuUwupdApOI0ghQI3XWJYMoUQn3MVRDMrYkZ33QrEExhjiqOwIdRr7IIJBBokrW2k2G7BjqNqUlXpqjtHRUfT19WFxcRHvvvuu8+Y4DotezTAzM+PUHLdu3UK5XMb09HRHc9o4jrGysoKpqSlMTk42f0ML8DwP09OzGBubwN6uITiSBKlog+AYHx/H0tIS1tbW6hIcLas4fAHC9YlJ4ujYERycc1e7D+BAcoIQgiAsgHAdHWsnUVlYhUecJD33N/ikoGfkhkj3kxtRfKw8N5qBmRg0bspVAH0ftrqqqsmNtFqWwo6W3LDwPF/v1yGoODzPdyuEQgjXGWn5fSY9peZ+4pyjXC53XTe5vr4O5lEUWjDo+wuqUBQQIQfxUtDEd2UrUgpUKrvweIAgLN514rjVQRnzvJzCanKqWuZECMH5Rx7F2MQU9mpUA83QPzCIyekZJ8vfhxqTj1zJ8wF+Ef0DQ/ji177VEmk0MjqOweERvZqO9iw2rZGlhTCkJmkylCSUYmRkHINDw1AAbl7/GCLtPK6dUOJKTCil2Nu5c2AZzttvvILHn3oGQaEIj0lIpomF1voLZdqcg19x8oFz+MwXvnjwvppz44chJqemoZQ1rlVa4t3FJEGX71Awj2kVBKW4eeUj3Lh6xb1mdHQCD5xZyBBk1WwRu+UP3vkz1laW4Pu+I10E194ZSRIjiSKzaJSa0heF4ZExnH/kIgaHRuoSPHbykArhjFCVlE6Jpw1zGZinzVmjShk365Qu3d5Yx41rV/DghUfBPAZPMB2ZnIpD7/OFSBHHujQljhMsr21ifHz8yH031tbWMD7Xj0Ip2KfkIwogcbUd8Dzdzh4mfN8HpTRXgsw5hxTSeTd0qlY9CJ8kgsN6n4GQaml9FGlyKRPXayPQGyGxqmej/s13MNpPTQqBKJNOtQ/Etr/5bd3Nq+AHIZjnIaqUnfEvSSmoCKHCBJK1vjdZ0teqOWqVHICet5w+fRorKytYXFx0ao5OPCjuNorFIh577DFcv34dly9fdiUr7ZqnrqysgDGGs2ebJ7C2C9/3MTwyiuGR6vlsa9Q9NzeH999/H+vr650z0IEADMEhBEcSVw69AW0VQghtYGZuWN/3mxIwtmYwSRI3AbfSxySKHfGRGLOr4zChvFfQU3KjtmEG7ilyw8L3PD05N4NCzrlZEW58X9mIREtueEes3LDQNdFpbmLWKxWHNqSzA6TAlZMFvp+PhqU+SA2hYstTullpE0JgY2MD/SNHf57r4V647xVTEMUElDMQ7rma8DRNkKYJgkDHA96tY2lpO4Tg4qefxvlHHkX/gI47LZZKGBgcdpPdJ55+FoBJushEl7YOXS7gedVIxP7BIZw5dwGb6yt6FXy66lugVLX8oxZTM3N47Mmndd11C7ugywran1xTynJkbLmsnzHjRAmSWQmrlKueBWPjk/jqt3+AEw+cQXlvFz//8T/iw/feamvbFtYngpmVf0oJ/vzay1hZ1uanvh8gLBRRqZQhUo7FW9fxxquX8PSzz+v3SAlPysYlPQbOEDPh8P367dnpc+fxyGNP1nkvYP1JgKrapZoAYtNzOp8W2Jhh35AESkm8eulFXbpncP6Riyj1D7jyEHvJs8/B1tYGtrY2zE5nqY+8QWoWQRC6c1hvIkRsCYsxSbUmtNbU1fM0MeOZMqMP3n0Ly+YaZvsSKQVeu/RHnF24AMb08erPUi1dw24QR9VymeV17bvx4IMPHuo2G8H6bgw28N2gGd8NQmnPfDeagZlaeleyArjJuF1s7CWyKVJHEVd6t6AT8mJHbgBwKors720UdiNwnlQT94gua8umPVnz5zRDWNYu+trnUki5b/J5t0cj1CQ0xVEFSaJVKUQRkCgE/FQrSVvYr6wnh8VBKSuADu7o7+/H4uIi3njjDTzwwAMtx6QeNU6ePOkMSK9du4bx8fGWy202Nzdx584dPPjgg3etPK+tmeLo6CgGBwe183KdgX9LiSpUAYEASWyiSgUgpCt35l5ASok4SaoPPKUtr4zbaMokjrWyw5QNhMUCkrhKclhH71YMuz7pcOSGVBk1TfvkBk+5q/uOoxiMMRfBeK+RG0B+0m7R7BgSnlTLMczgODgG5AagiZbEPnfmOgshulJxSCUhUg6eMcqzHa1IUyjPQ5ohOOpFVu/u7mJwcLArQ6j19XUAQHHgeJzrexnSFyCeAEk80LQmVpZrPxr/LvYhjZ44Sik+/fTnMH/ydGbwrM0V7Uq483EgWu3RyZ2uJ+vVhIq+/gE8/83vur9PTE7nSIiDFBx+EMIPQrc63gw2elVJ2VLcrHkXmMdQKPW532zdvu0GhkSbQTh/hq2MWWShUMK5hx5xA9KxiamOCA5t9EqdeoMxis31Vbz04m/ca0bHJjAxM4uVxZtYW1mCkhIv/f4FnH3wAsYmJg0RoCfbLRyyVnAYJUc9BWdY1BNNTRiZN1XfDmWMAXWbb+8f4pRLnfZflBqCwNdkD6UUb77yJ7yXKU8ZHhnDxSc/W5M+pOB5PgrFIvZ2d7G/vKlKbhBK4Hs+PN+H7wXwggD9/QMYHhvH1PQsRkf1GLKh0S0MoZZWy0psFLnnMVDGUN7dwaXfveD2Y3pmHoQQLN3SprEfvvdnvPHKH/HE08/qY86Yq/Ya9hOjyp5Tpqys3UYUxbh48eKx8N0Yz/hu5MgNzlzSIQAUwhJID9LaWkW9khWLOI5MuWlv2nhbhmFV1vcrErNgG4aBUZ2H4NY/0CzAAqTpnMQt/hrUK23OLqBZEKU0OUspCGDKAsndDlBpiLCglaDZCFnKPUAQqJBD0f2UrUW9KO8sDipZycbJXr161ak5uimHvlsYGhrCU089hQ8//BA3b950cbLF4sFCBc45lpeXMTY2hrm5ubu2r23rpufm5vDuu+9ibW2t4+gYFaaAQDU2NiqDgByKc2/L+2SMziyrL6QETzn8FktotC9HMbdKRomNxaqmrqRCQCUJwnuE5EiSREuJrYQRyK18WBMxlZGuWhNP/TPJtQq2AWhUrpNTbmTIjU4MRR25ESfOx8ISHPciudGuoiVLbsRRbMzWjte95/u+k0raKLlOro1UEqkpMbOwHS4l1RQXkabOSRsAaM0zHsd6daPbhnhjYwNBgSEoHF//neMUG9sMiui+Q3oCjHuu/1BKIorKmVjZ/W22jmvt3hTSghACllFP1N1fpVfvdUkDNakbVXNFZko2lFL4+KP3sXTj+oGf1WAxHAAQRRVsb93O/e4LX/46JqfnHMnSdEyp9Iq5IzlIpnjEGUaa6E/oiSahZP+oL/eRynqIgjGGqZk5XL38PgDgztYmOE9AiFZSKKnPq5QptjY33GeMT06BMW+fR0Y70GQQBaMMfuA55cvLf/gtbm+uudc99tQzmJ6bx8rSIn76z/83AGBzQ5Mg3/yrH7k+KE1Fc5MNc65siUWzKyClNNfKklb69yKT/GL/1RHFrR9/brcocckyVgmyvHgTL/z8J0hN6Q+hFE8/+2VMzcwhTQWkkPpaA5g7+QC+/3f/Ucu7a4geAk3YBUGIIAwRFoooFAoIwgI8z4efMTi0xEmp1HxQnyU3PJ/B9z14RoHz2kt/wOLNq7An7VOPPwXKGFLOsba6BCkE/vCbX+HUmQWMjk9B+Sp3XnsNnkROBbN9p4ytO7s4ffp012bV3cD6bswvDOd8N9w9JQloUm03g+DofI5839f+EGmaI1x7fb0ooc4jQkplSr/uH+gyH5FfIKQMtFBAEkfu93qhr3G/mOTG0bSu+leb4QM2rauTMXYrionDgOcH6GMeoqjsSpepZEBEIQMO6cmm/edBx3oQyUEIwezsrPPmeOmll7CwsID5+fluD+euYGFhIWdAOjExgcnJybrnYWVlBVJKnDt37q7uY9sEx/DwMIaHh7GysoLx8fF9B9OSFwcAVUqBMgER+sGKoj0ttT+iRrVWIheGAXiSQEnZspEjIWRfPbFmpTXJAUM+x3GCOI4QBPeGgkBlJJ/Z76svcP/TaLS6ZUgkKURdt2Ybs9u9oWiab5RNOQqAnk1y7iY6UbSknFfJjTgxA8/jRW4AumO0viJhGEBK0db1FlJApOmBxIbv+3lz0Uz9PmV6BSOLnR3ti9DNgDSKImxvb2Nw4uhI21aRXUG9F9ojMAXBOGgqQLgPIg0pLVKUyzvw/RBBWHTPuZbi6xVfYkwlGx8nASUm9aHmdXZSQBmFb0iTRp8llUJs4iw5p7lSMjugrpT3cOl3L+Dq5ff3D6IypHsr4ImWHRfCIj71+JOYnJ41cbYMXjO/EqJX3amiqMZ61vnXDV6rv2us/FA6iIUBs/NVT5v11RWsr65gamZOG6ESPcnYWFvFytJN9zodjao6JuOsqahHiDGm9EApwyt//C1eu/Sie93M3Ek8+umn0DcwiMnpWfz5tZewaJJmXr30e5RKfXjua9/SA3noSVHDu4iY9C9iE0Ca7Sf2TQqIXUHIfG//bK9Bu+fCY4Yg8DXRE1fK+NVPf5wjehYe+hSeeOYLLq1MCAkq9b4xSrFw4VPVzzT/KhcNa2vSq9u1SUA20UWZMh+rJGllv3WJCYPn+/B8D8xjuHHtCi797tfudTOz+hoyQ0T97Mf/ACiFjbVl/OJf/wnf+9F/j1L/oD53PHWkTa8g0tRFwkZxguW1jWPluxEU9sdUQwE047vBmI+wcLRl45QxwJTura2uY3BoUI8NlGxogtkObOwzoEuZKL1/fLLSNNWLRnZBMTMGIoQgLBSRJLEr2WsEnsRQSrox1UGlLL0qeb5bqSq1IJSiWOpHEld0ZQEAKKKfDZFChM3Tu2r7KFdyeUDKCqAVEaVSCcvLy/jwww+dmuOo1F7tYGJiAkNDQ7hy5QqWlpZw+/ZtTE5O5nxFtre3sbW1hbNnz6JUujslbxYdPdGzs7N45513sLa21p0TajGFKnvOQK5S2UWJDByKY3MrsJ4M2TpAAKaspDsywr4/a0iqfTvu7k2slM6Ct67praKXdZBxnCCVEkiS3IS7V54bQghNKJltMSN9vFfhSJ8acqORoiVNORJeo145huQGUF2RtCoOztOWrrmQAinnucmVfW4ZIfADH7ROmQtPMz4sdbazt7eHsbGxrkyBNzb0CnSp//4ZNB03SE8CXgyaeKCp72ZULlY2LBojUgo/8OH7niEV7Axx/2eKNAUhZoCNfNIOYAgEwJllEgLsbG812EsCznUKgFIKhYImWChlVT8DALc3112b1TWUQhSVsbtzB4AmY1gDosSWW9hEI3hVZV52Ql37vZ4UUCgF8ORgZ31lI2ClwtTsPAqFEqKojDiu4L233sD07LxRsui24L233kB5T/tzFIt9OPHAGRdJ2AmIITYUYIxFNbnxb//6T4hjExdIKZ763LPoGxiEUgqlvn585vNfxL/8wy2kKYdIOX77y/8PaZriS9/4Djzfy6ktGm7b+HTVPTfmM5w3CLPvc5+Q+azq7/Q6gz0nrZ0Xex583zMqFt02/f7XP8eH7/7ZvW5gcBhf/Oq34HkB0jRFyrVJIaVEl9sYUq+aRGMIDeucoUx5jdk1BQCEQSqJ8u4OAN3ee4yBBs3HIJRSEI84ktISM2srS/j5j/8ROzvb7gR95vPPYWBoGADw+FNP46P33saVD98FALz/9hsACL75V3+N4dHxnFtIx3KYGsRR1TtmZe02wjDE+fPne/LZnWBzcxOXL1/GwGiIobFi3WeIxVWSmBCCQrFv32uOAjpGXmJwsFpSk03o6BaUEtihw0Hle/cipJS6NAUw/hpeXVKilYVbIUTViNSU198TiyBdQI8ZtJrDloPT1AMkhQoTqCa3X23aVPZ8HaTm8H0fJ06cQKlUwtLSkktZ6VXSyGEiCAI89NBDmJmZwdWrV52B6vj4OPr7+7G0tIShoSGcPHnyru9bR6PvoaEhjI6OYmVlBRMTE52rOIgCKaZQlWoDW4l2USoOugHm3YatA0ySqiljGAaIogrCQqEr9tiuKNosaO8u+SBYUkNK4WR+nlJgbU54gzAAo16uDEdlB3kq8xeloIx6OVtbnO1g4ziBjGM38a5VbnTiuSGEcIPWOE5ATd3hvQxp8sXtIIxSBsoOvg9z6hXjO3JcyQ0Lp+JoIUlFiFRPOoSNPauSkYxSvVpxAHmXpomb0BFCQVj+GSyXy+Ccdx3jt76+jrDEwPzjrRa6H9zkD4yVjSvgPMHQ8LApB9FeA4lZndnZ3s19joLC5Q/egx+EKPX1YWtzAx++907mBQrvv/MWblz9GGmaYm93Bxc+dRF+g/aFGlVfFMXwzaS4VkHmhyG+/cO/w/rqcm6uqtyUsTmiqILbmxt47dLvc79vZSy6t7uDtZUlDAwOuT4pSfLxnnFUQXlvF1GljN2dHdze3EBcqWDhwiN44ukvOBPnfVBwnhWCEkxMTuPs+Yfx9hsvAwDeePmPmJk7gQcvfAqUUXz43ls5T4y5U6cxNjEFmTG4bBeUEhDCnDri1T/9Fj//8T8iSSL3mkcf/wwuPvm08RbRg9LHnnwam2ur+N2vfgalJKQU+P0LP4MQKZ557nkMDo+aMovm0nkbR1uL25sbqJR3USiWHAkmhUAqUqScaz8CniCOY1T2drFzZwtJnGBscgrnzj/S8vZz5IbvG6KH4Pe/+hn+8Nt/c68LggK+8u3vY/bEKYhUaIIjTZGa1BEppDFprZIb7/75Nexsb4MnCUr9/Xji6S8ACpBKizld/Tr10dc/jK2t2yiXtzE8PAQfjcdAdr/tv5oEoli6dQM/+cf/gpvXq4kvDz3yOB557EnjF6JQKJbw5W9+D1ubG9jcWAUAvP/266iU9/CNv/oRZudPmSSa1qJ6m0GX7OjJ4Or6FqI4wcWLF49MNZn13ZicG3S/z60wc5r33Sj0HRuFa5IkUErlFteEkOhVGGH2OJsXINwbsIthNtGEUgrP7+yEKaWq5vxxopVTh5wEmW0ij/KKMM9HqW8QcVR25WZUUqBSgAw5pFe/vTjIkyObVnRQygqgVcOW5Hj77bedmuNeIJWGhobw2GOPYXV1FdevX8f169cRBJokP4zUlFbQ8d06OzuLzc1NrKystOyiWg+KKqDAgYp2b1ZSoVzZQV9pqOfywXZgmUqeJTkqlY4UBRYuptTIRNtRULQLnR8ujGFjdQBkzYVaMZOrh31lOA0m2gd+BiXgSVXJEsc6rnV3d9dJmJiJgWsHQu4nN+5FI9FaWIIizpRPJXGCIAz2EW6a3MioV4zvyHGHHsB6rsykXpKKEKlx8tadRRwnTsLPTOxYs2eKJ9UVecL2Dzx3d3fheV5X0V27u7sol8sYnj5a4+RPEmysLDwOmvi6fhZaesx5AiFCBIGP2xureOHnP8Hm+iqiSiVX1gSlcOnFF/DmK3/SMnroKPMs3nnzVUfkEgBBWMDMbGOvFk1G2rr/FJQGqBK+Orlj/uRpTM9VyzeaWG7sQ1wpY+nWzX0ERyu4ef0K/un/+k8ATNkF0SkmnOtYaZGmulbdJrGYf7VfhsCTzzybSyXKQiqlPRykBAjAwgBPPvMFXH7/beMbson/9l//D5w+dx7FUj/eefMVp94IwwKefOYLoJQizZhMtgtLbNzZ2sSLL/wSr7/0Yk4tM3/qDL78ze+BUoaUC+fR5BGCZ7/yTdy5s403Xv6DfrFSuPTirxFHEZ7/xncwMDic8/NpF2+9dgl3trV3ihRCK+/iBEkcmeQr7lRqWgmjEPghHnr00zj34AUQgowB6MHHr+vmDbnha6LvxV//Ar/62Y/d5N7zfHzp69/B4089o8kNUV0QIVSPzezPlFq1hsJbr7+q1RFEl4g8fPHTYF4ABaq/asipoaERcJ4g4RU3+R8YHMLayiIAoK9/YN++O1NRSvHhe2/jlz/5Zywv3nCvm5yew/Pf+A48Xw+olVJgVGHu5AP4+vf+Gj/+h/+Mvd07AIDrH3+I//qf/lc8+5Vv4onPfh4g+bLFTsCTGJzrtmJrew+3t3eOhe9GFEWYXxiuitay5IYkYEm1DzxK341acHPPZ30iOh13H4RckkoPCK7jAF0+ycxCX2K8/6KOPOySJIaCKbGENhY9rkhq1OC9gFUzWQNSCxr7IIJCBLzlGhpLXls0SlkpFos4c+YMVlZWcOvWLUdyjIyMdHdAdwmTk5OYnJzEzZs3ce3aNZw6dQpDQ0N3fT+2t7c7JzgGBgYwNjbmVBy1k9FWVRwAAKaAIgfK+gZVUqJS3kGxb+BIJ6e+74MSkptYxnEMP1Atm49acJ7kbnC7Kk97eXzK5MYLkVvVsYoI97MlOaRsj2TpEaXqewEIqtG6cZxACYFSqeQ6tEay3noQUiCuRADJKDfuIzldPZLDqh0syRMoQYMAACAASURBVCFEDbmR8R25F2AJDntcdrU7TVOTQLRfsaGNQ/2WDMK0kung8hSlFHZ2djA1VZ9dbxXV8pR7Kz3lvnhWGCCLHEgFSGJIc7PKraTE3u4u3vnza7kUnSyUFKhU9ur+DaiWqIAQhEHoJnmNkL03hRCoJ9xjTMd0dmqyppRCVCk3f6Hdp5r+evHmtQ62qY8nrTEDzEKXMhBICePnIHHqzAKeePpZvPjCzwEA5b1dvP3GK/ve++Qzz+H8wxchhXSeDe3CDiyTOMaP/+H/xEfvv537++T0LL76nR9gaGQUKdd161UTal27/vXv/hCMMbz20os6qlQIXPngXXz66c+5coh2QCl1E6ooquCDd95s6/2RKGNvZxupEO6+2Y+qZ4kt7WhEbgDAZ7/wPJ5+7nkIIR25oaTKmfPKOtchjipOyr23ewfSREDu7GxDEW+fiaiCXkAqFkMomYJQhpOnz2Lnji41mTv5AAilufhFnX4m8OKvf4GX//BbbG9VTWgHBofx1e98H5PTs0hTockwKSEZBQjB+UcuQogUP//x/+vet3V7A3/8zS8xe+IUpmfncwkR7UJKgTjWbUYcJ1hZ3zxy341r1645342wqBucWrk8jasNEWPekftuWEgpcv4Rvh/0nNwAMkkqZgx6vyA0q+ZaeafHUkkSQ0rRsp+gbdNdZO8RjKVb3RrnXLdXFU2Ytrsw2gx+UABlHuKMQoukDEwSyJDrRfo6qD1f9c7fQSUrgI6T7evrw9LSEl5//XWcPn36SNuUdjE/P4+ZmZmeX49WceXKlc4JDkAnqmxsbGB1dRUzMzNd7YwyJAep6EZXyBSV8i5KfQNN3nm4YJ6HkFLwOO7YfBSAi5zNenBoZrX7B9I2RrWO5lliw2MMlHmQUrhVS5GmbZep9ArabI9UE2YyHYzf5jkRUiCOMuQG9ADquEgte4VGJIeyeefIEzz3ErThnE45AfSqmk4gyCg2AEApI7P22up0s5NaQj2QmhKY3d1dKKW6XnVbX19HacDHXUzY6xnupVSVRpCeBFgMyj0oQ24opTA8MorJ6VlU9naNvwZxElTP8+H5gVYCmXQJzw8QhgX97BWL6Ovrx/DIKIbM18joGMrlPbx+6Y8H7ov1gXHPag0hItIUv/7Zv+D9d/5c7+0tQaSpU6+1gvHJaezt7Wo/EEKRddGnlGqzUaonw4zplf8gLKBQKqF/YAhj4xMYHR/H3IkHwBg7sC/MSY4NIUIpxXNf/SY453j9pRf3qT/8IMQjjz2JZ7/yDU1KGvVCJ4sBVj0QhCE+//zXsL66jK3bepJ76swCvv69H2F2/qQpxxBIeZbgIAAhKJb68O0f/B1Gxybw2qUXEUUVPPe1b2H+5Bk9mW9zsWNm9gSWFm/qZB9C3Uqy9rSloIyCgOjvKdV+WZ6HYqkPg8PDmJyawcnTZ+H7fhNyTRl/o6qhKGMMf/ztr/DCz/8FwqkWCC4++TS+9PVvgxDmiGXfJyb5x30chE16OchTxPrKEIJCoYDN21u4c2cbY2MTbgyUfS1jOnnhua9+C5/74lcAwKXppTzV5I0iUEqCMQ/FYhGVcrW0bGJyBl/97g+w8NCnNDGTpu4aMmkNgD08fPEJDAwN45c/+W9YunkNQgp87ktfwfTsCUgpUSh2bn4XlffccS8fE9+NK1euYGC0gKExTVrU3ifad6PqIxQW7q75XyMkSdY/gnVuXqkUhJJ1S105T3Ix8gDaX/A7xvA8T5dj1vgJSjNvaTQ2FlLkFG567nA0k9RmhL8zU0W1PMf3/Z4Znlow5qHUr0tWbGkjkRSsEuqUFb8+wV87nmonShYA+vv7cfbsWSwvL+Pjjz923hx326yzUxwVuXH9+nVsbW11R3D09fVhYmICy8vLmJiY2CeBakvFAUB5EihwkMiQHIKjUt5FsYUYscMEo1RHKxlG1HXuSsFvw3zU9wMQQnOxsbGJjG27HCNNkUrdoWe3nyU1bF68HkTo1whJqgTHEcvybKxUHMduvz3mtaWO0eRGdWKvZeONG/B7GQeRHFl1AyW4Z0tz/BzBof+1HTRRytWBdnJsvIbgqMXOzg6KxSIGBwf3/a1VbG1tIUkS9E8cj9WwTzSI9ufgXgShChBSon9wCN//u/+476V6hTtwJJvn+SBUTzJt25ydJCjrpEiA4eHmRDclFBJVx37AOtrrAf1H77/jJPoA6bhu2h06pQgLmRIp4/qoFDA4PIqvffeH2Nvd2TfxoaY00A9CE/UZuBVUZiba7iPNZ0opUTxgwKUjST0oRZCmXKsXlEQQFvHtH/wtziycx1uvv4LlWzcgpcD03AlcePRxPPzop0FMaUrKUxBK0WmTbq/V6XPn8dTnvojXX/oDzj30CD73pa9iYHDIbYPz1JTC1PhKKQXP8/D557+GhQuPYHnxJh799GfM5LsVzU01KvfUmQV88wd/i51ta4xZfRWjOiFEKy0CE+kdup993wdl1pxWuXKig/o6QggINZ9r+to//fZX+Lef/FOO7D11ZgELDz3sAnvYAWWnSgFUCIg0rxA9GAT9ff2Ikxhrq8sYGBzC0OCQ2zf7mfoXFJT5xl8pBUAghIQUmkwhQpuaPvjwo3jjlUvY3FjF+OQMvv69H2J2/pQmN9w1TCFNBC10hj2gGE6cOoN/9z/+L/jgnT9jefEWHnvqc+Zaq44ntnFUcau6K2u3j5nvxkBOBWNBU5rzKgrDvkNRSHSCJEkgpTRKXgK/1fNoyAyr1JNCugjYUmm/aap+ZlRu0URJiY4bmWMInR7mOcNRoEp8NEI2ee84L5TVmqkCehGBc26InN6rTsJCCZQyRHHZNV400SUrMuRQNZur58FR7+dGKSuUUszOzjpvjkuXLmFhYQFzc41LYz+pKJfLuHz5MvqHw+4IDkCrONbW1rCystKTE658CaVS0NjmzSeIKntH7uycMx+10q0wgIiiXJlAM3ieB0IpYvO+OE4QJwl8M8BuBGHKTwRPczWV9UgNyljdfWJUG3Z1XKbSY2hpJEEcxaC0PUNQqSSSOIHrqJTSRrD3USdVDzmSw6wKA7px174jhXuS3ACqEyxLWoHoWm/P87pi5bXBbrWjZ17+WUvTFOVyGSdOnKh9a1tYX18HZQTFvuMxYOwE94uKw0JCgNMYqfRBODA2sd+ZPHe8NvkB+ly4lT6bBuI8BRQYYyAtxFxm26R6xDJPsuQbwdjYZI5M6ARDI6PuQBSUKxMhBJiaadJXu3Ogct+nqXDnIU1TEBAwj7UkbyfE+KIIBSgJxnT5wPlHLiKOIkgpnNmmNBNWW3KgT0Vnq0FKKW1SCuDp557HzPwJnD77oD4GU5ZiyQ1plD76WJG53goeYxifnMbE1IyJO5UtPSdK6bJbKSWY52HuxGkg18xU/Vis6qLqKU1yfxdCuvvPkhsHTU71BAcm6UbgN7/4KX7/6585AhkAHjh7HuceegRQCm+9/pImFOrACwLMzJ3A5PSsJjdqR/K1IKiqRzyGvlIJSZJgd3cbfX39LpJTKjOUUQAIAyF6gAqYsi2pnKk5IQT9g0P4yne+j52tLZxZOI9S/wBEqksaUq6/3Dki+jra6+8phbBQwmNPPYNPmYUhSxJ1gpTHSEx60Nb2Hrbu7OLMmTPHxHdjJHvrOBBJcpGwvl9wipm7iZxKyiBNU6QZ340g2O8xVg9xHNVtU13sfE20rFKq6r9h+rp640arNrtX+0Ippfb9M3MEW87bCDzludKU40Bu1KOQnZkqNLlhr1N2LFyJIgR1jFE5512NJX0TfqBNhfWYkggGWiFQIYdk+1V1tR4ctT9bNFJzDA8PO5Ljgw8+cN4cx+EaHSd89NFHoJRgbLoE79atW10RE8ViEVNTU86Lo/Zkt6viAAAEAkoRkEQPaDiPQQg9FjWCQRCAco4kk/igzUcLLaswGKUoFAtI4mp5Bk8FFJK6cU5JkmiTMfsLmic1KCFgJue6lQ6BMdZemcohpyswylAotmfIKJVEEmXyuT8h5IaFIzni2JEBtqO+VztkC8/z3OBCd8rdkwXZFUtK/X0S691dLXvuZnAqpcTGxgaKg/cuuXHQCsO9DC5SRFxPRDyZgCkGIva3E4RSMOa7CTyAut8rpXQ5QcaboBmyfYNIawfj+fZ1YnIGX/+rH+HU6XNd2R55npczoJRSgCcKgjUftLvkq5yxKJwKxJaOMNa6S782vtapFZQqKEXcwFSntwSmJM16e2iTbCkVWLNsvibblabMhTGKB84+CCGV20ZqVv1FzeReSgnFqxNkyXSCCKHETPKRL+FosH0roxaMIjtcz85BLQmiUF1h1ucnPzmz3TFjB6ta7PW1ZS4v/Own+M2//WRfX3718vu4evn9pscwOjaBv/q7/7B/Owe83pIb2UF8GAZQSkKKFIqibrtOKcOAP6ANpRO9Iqqsf0uqo2pPnT4HQJurWmIqew3tNq3Rur1flZSQnl7QIZS6+OaDFCuNIKVwxoNZ341Tp061/Vm9gvPdmO9HWNTndp8PQFw954x5XZXmdANrIhoEgWmnqpNxAC33+wnXY+PsgoiDuQ9EypEq43tnEnYs7CJj7XlSSrlQgDAIjqxEoxu4/Q+1crxZSb0Qokq0mzLgox5P16aq2J+1AapVbuiFUUooeMrBk8Qt4CYZNQdgjrEHCg/KGEr9A4jjiktlI4qCRCGIn0IE+42n63ly1C4m2ZQVoL6aIwgCnDp1Cuvr61heXnYlKxMTEx0dx/2GxcVFbGxsYHx+AF7gwVtaWsLMzExXN/LMzAxWVlawurqK+fn5fX/vhORQoV4+IVw3LJYpPw4kh+f7WoVhJpe6kYxMY90aM0gJRRgWXLkKoDtKJeN9D54d9GRJDUL0wLJVUiMLlkmrOOoyFYt2jkEq6coyLLlR+ASRGxY2ISWOY6cwuh8mpPa4elm/lytPqfOM7u7uYmBgAMVi5+3LxsaGlusP3PvpKQetMNyLkEog4TGkEKDM014Opm+hJiLRTt5BCHwvhOf71d8ZVL9Vhnxr/VmzE3m7qqhy1EX+c/oHBjE0PNK1ggMgbpWfEgIuFYRIAd6cuFKO0aiSXdnzoSeNEoS0t49SKj3JlZbg0AM83R/pCSujFNIQENIMALu5E5VSEFJCCQkhdFyrlKqaFNKg5EIp/TptWilBqXDpbpRSsBZVJSlPXfxso4oWKSS4SQHRBIE2qfW8IDd308a1ze4/ff2FSPHx5Q+6WqiIokrdsULtJ4qU4/rVyzh99ny+RKr2fRm1Sj1Qz4PHPCRJgnKlAkoYUiV02Zkh7SzpYVU+dffP+L5Yo2EmJCjTz4MmvFhHBEdUKbvn4jj5bgyOFjA0WvXdyJ5flnggMlOackS+G0mSOL84t3hnzqVdjW/F306YKGUAACGghDhDXIWqKq7WayNnKGrafCllbryhTc31PkWH5OtwmMiX+gBB2HgRUxM6GQ+3brxPDhn6/lFuPhSGVQW972lShifckVepEJBRBUEQOjNhIQQqUdSRPUAWQVjUKSuVsisTJ9wDFVrNUcvL11PHHqSYrdCD42THx8fR19eHxcVFvPXWW5ifn8fCwkLHx3E/II5jXL58GaXBAEOjuu/xOOdYXFysS0y0imKxiJmZGSwtLWFiYqJnyQ2qkAKKgKT6LkmSCgghCMKjn0AwxlAoaBWGi+40jUqr5qPa4dzPdczNJhW+74N5XtukRm7f2y1TsQ8f0Z4X3Wy3W1hH/Jxy4z723GgGSwYQ07nfL+gluSFS7lz+QQgoy3fccRwjiqKu4q4BXZ7iBxRh8d5b7amH+4EssxBSmzATwXPTQgICkng5RUeECijzEASFAwlrhfYz1hljSIVVKEjggPFjVKlg6dYNbKyvtrmFPHw/wOz8SQRhEdKTZiKYVlUddSTs9aHqzo07vT9syYdSBIToEgG9qiaQxFyT9pS4/axtC/IrXq21eVJIpELCVn3YyNNqSUrj/RXCeF5QHZPOGAXxWz9+vS1dj9HUsUMq8JQjqkROXh7HHEEYmL67Wu7TCITY+ZseZxQKxY4XNCanZw98FrLXoxJV8Ntf/BSvXfpDR9sBtIqjr38AX/rat9A/OAwpFTY2NuD7HgqqCEr1MShDgtnr2Aj2OgshdcSt6S9JB31mHFVcuePx8t3wMT7bf7DvBq+2WIVC6Uh8N2yZNYBcOUH251Z8N6Qd/8EkxjGKMDPutvd53XQUqTRBaIjf2nastlRGK6y1r0t4D5QDCLP/FkEQNB17J0msyz4ivVgWHENyg6CamGJRL6SBUQYWMiS8apQaxwmiODZK7+p9p+0BOi9/1uXTAUr9HuKo7JTCVDKoCtUlK161bWqkkK1HdDQiOYrFojMgvXnzplNzHEUk63HA5cuXkaYpZmZ0nO6biyfgDQ8PY3FxEdPT011JwS3BsbKygpMnT+77e0elKgBUkQNlD8SstMVxWcsfj6BusBaUUhQKBUQ1TsVKSfhBc18OIYVz8LfQUXriwMlqt+SG+5x2y1QA43fR3TbDLsgpXXcXQcpq59brlf57EYd5/NpIz67oKjc5sX+zq7pVKXz1NVYenR1M6t+1svrYO/Bcecr++9yWp4yPj3e8jSRJsLW1hcHx4z8A+uTC3JvZXxEAoTATAB9EGjPmlKOScvh+iDAsdjQRqkWW4JAiBRDUJQ4Wb17F//Of/7euSwOnZubxte/+EGcXLrjfWbm+/qGrj3dKhk6RbUts3GwrA85SXz+KxT7wNMHUbGvltbZcQUppon2bLybU3V+xf/LYzvuz/i4HQU8wAnBwcM4RRdaUPELgB/CDdgbjCpQy/Ojv/yfs7u60aA66H8ViCUPDI5BNzplIORZvXu1oG1kMDo7gs1/4IvoHhxEEIcbGJrG6uoJyOcLggDaBVjX9UTPY1+oQGAK/DYLKIuXJsfXdmDs35LxPsiBSGyFa+H4IPziaRcJs2QRjDMIQCZbkaGUyDiDnvUaBfaXd1svLPqt2HNLs2a0tlWGM5gwsI1PacFwXk6SUiO05LoQt+W64Mp+M78ZxPD4hBLjQc5amniIECIIQjDLEdZIa3QKvJa+6LVkhFIViPxKaKVkBAYkDEJFChHkVUT2F7EHbrtCDS1YAYHp6Gv39/VhcXMSrr76KM2fOHGmp3FFgdXUVKysrGJvpQxB6eHNRm1x509PT2NrawtLSUlcGe2EYYnZ2FouLi5iYmOhK6l0LVRJAmbhVtija01LiJqacdwWEoGDNR9PUlazIKEIQhg0ba0YZWKFkIqu4S8RIkhoiwS7F9BCuTIWQ5qs6StVnwltBtgbXlPJ0QnLsIzeUOpTM608CtOFmqp3GpZWHqty/tfL8XkNPjiioI0EM8UF0PCUhOkKxYwe4DNK0ai5K65C4u7u7GB0d7UqSub6+DgAo9t+7/hv1cL8Zjh4E6UnAi0ETDzSz0sl5jJQnCMICgvDgPo0y5tppj/kuGjb3GmqViNrkjPPUyeNHJyaxsb5SfbECuiUB40oFlfJeV5/RCKRm/7JpBe2WkmojTGXI0tpJuGEFTHv02FNPY8CsUs3MnUBf/4AbLBZLfahU9uoSUtqHQXXL67h2Movs8fbKvd/WwCcZM+mEJ5BK7htf9Q8OoVLR17pofBV0GZCClCnCYh8KXabRSaOAkEK6a0EJwcjYOMKwgDiJm3xCa/D9AEMjI7nJC/M8TE7P4s6dLayvr6FYKqHQlZJ3PzHSPzCI7a1NgBB3DnPvkBJRrM/xsfPdmOtHoVR/PEwTH9YUllKGwhGWpuR8E4IQUknnmcAYa6nEm/MEUgo3DvTrlObakt12wTl3qilt2F5EwhOkvFryEEWR8w6pPT7f94+0v8yailJCEfjNfDcyZT7Gd+M4jqmdJwqpkmOtKOWZ56HAqPM7BHRfE4YFXcJkPsKaknZTskIAhGERHvMRRXtONUxSD1RSqDDJlazUu08ajbcaqTmycbJXrlzB1tYWHnzwwZ7Ow48rhBC4fPkyCn0+hsaLuXbdKxaLGB0dxa1btzA9Pd3VIH92dhbLy8tYXV2t2+h3quIAFFQxBcrVFbaosgtKBntQp9wbWNYzOxiJo8goDBrvo+9rEyMeVxMxDhN2oGcTWOJYM7gHPdi9aPCsEVQnJEc95Ua9DuYvyEObaglIqckMIQSUTLse4PcCSioAQv/XgF+jxMqIqauvpYyBUtbSKgPn1QhdELYvHjaKInDOu16BW19fR1jy4AXHb3DwF7QOGaRQXmqi36w/h0IcV5ByjiAswHPEevVJKvWVcPrseWzd3oDvByjU8R8ghIARAqN70t4Oxgfg4Ucfx8Bg76WlwyNjsH6hvQYxJS5SSngew9TsPJYXb0AIgenZ+fb65owqsVYlYNUW0pAfff0DePTTn839HQA8P8DsiVMIwhB+EFQNFA/dS4ZgYnIKE5MziOMIYxNTbqLW7ZYZY3oBxZiaw6xAJ0niDE4938epMwuOyJ2YmnbnLEk4pBBgJia2K6hqqQeML4oCcPb8BZw9f6HZu9tCEIQYGBq2m3UYHBxGX18/1laWsX3nDgYHBrqcUGryjHn6HNrFJZsylN12pVLWBJlSWFrdRKFQOD6+G2P1JzKMV9XPgC5N6cWiQbtIU20Ca8e3tqyWEQZWKILzpCVyI01T56MA6HKWXk3IOecQUrqJsC2FD3xNFiQZJUDCOZRUTk3FOTcmt+LIFt6SJNFlNGb//TBo7PdjvOxA9AS/26S6w0Qc6xKaIAwBQlq2AQCMusLcY5xz+IaADsIQNNVzNqsiirv0W1HQpEpf/xCiyp5T6FNJgUoBMuCQft6SoFVPDqBxygpjDHNzcyiVSlhcXHRxsrOzsx0dy72CK1euGAWb7i/+vFStICGbW2VVqVTw3nvvYXZ2tms2+saNG7h58ybOnz+PUmk/U9wZwaFBJAEqAYidr1CCYnHg2GR4A3oin8QxFKkmnfhBAL9F81HOE0gz48u6Blv4YeuRtFlYia4QaU6xYQkDj9K2IlrbBec8x463Wq6SIzcyMsa/kBtV2JQAIbiOLxQppJLViX03IAoSACHWaDATq0cAZWroJVT1NcTUmksCKAqiCGAW/QioIyl7Aa32YPA8ZpQgOiLZdhDlvR1XL029AljNisbKygrK5TI++9nP7vvsVlEul/HGG29gaDJE//AxUJUdAu6nVJVWQQQBrTHmA3TNbbHYh0KxgLAQwPc8gAAp59rEEwSFYhFSSCQJ1zJYro0jOefgaYog8FEsFFAsFRAEh7vqJ4VEwjmSmCNJ+L6V607heQyUERQKBQRBAClSRFHF1DkX4fkBpNTeH5zvTynJQimFSqWsjbaVQl9m7ECIjqLVkaOekZkj93ctSaeQQiAVKSih8PwASlaPPU44VIclGrXQ/ZePILQpECniKIKSEkFYgB8EZixQvf7dwkbUE0LQ319CoRC6Ek0huDNVLBRLpt9MEMc6raJXUfDSlNl4PkMQ6AjG+kRzNco291tr/+J+X+++r6oIKWEQUqtRZM1tu7Ozjdsb6ygUCih2YD7v+x6CMEAY+GAeM6aluq8IglAbVfIUSZxg584dlMu6lHFl7Ta27uzi4sWLR1aakiQJXnnlFSiSYv6cjoStnRhRQUCjan8XFooIgru/oiukzEV6+p7fks9GLaSSiCpa/q99N1jPPDGEELq0w3g01BuzSyWRxHFuLKpVJ547PgDGqPrukgVpmubUG0DzeUcUVdyiISWkLil/XBAbM1oATp3ih62VM2UhpNj3HiEFkjip+vpBJ112kiJTO2fjSYQ4ruT6XMUERMhzL2zVkyOLg9QcgCaElpeXsbOzg+npaSwsLNyXc6bNzU288cYbGJksYXS6D0qpHMHhAdqsZGxszHlxdGMSar04lpeXcebMmX1/71zFASiqgEIClANdRysVosoeiqWBY1MzxhhDEGq3Xms+ypMEkLIl3xDfDw40n2sXzUgNt89mVfwwYRt7nqbuvLSi5NByRNPwmI7jfnxQW4VSCmmaGEJDQEkB2SaRoYgEKAAqoag0sjkJ5zpIOlPI106bFFXmc+u/mCht2AcJbSasqPseIC0RIVoGuF8FQigFBXM55YBepavF3t5eV94bwP1bnpLF/ZSq0ioUUxBFDsIlGPeczDtNE+zt6dQP5mkyjVEKxjxHtlvzQ+v7YM+drQtnTE8MLQEAHI4rjQLcNrJpBb2AlArKJJ/YmvdSX3/m79J9NdusrY23K6RSSten2yQTKKXLI0i+PIYyHSdtB4TMmAgLYwwohNQpKj08dmtYKQzhQCnNKEayMbc2mrJ7BEEAaiYykVlxpdSQt5QhLBShzLarEapGvYdq/K5dxZRGtdnu2MkSTCkhWgla48ViE0v0flV9mLLPgfZCIdq09YBBfOrGCkV4dcZOAwND6Cv1Y211Gdt3tjE4MNgWUWiTelKhUzdIxoA6NXGzIhVIOHeRsMfNd2N+YdiRG1kQBZC4Ovn3vOBIyA0A4Blyg1LaEbkBAEmcSfkg6KkRJs/4VjDG6hIDVgmQJBGQMaoUQuSIhV75OrQDOyZOjB+gnXcoKeH7+/chSeJcubd/iIubvUAYBG5xwB5fZEpKWk2uBOoHHTCqAyNyJStxAuEU+O3NjbIkhx8UwEzJijD+IUQwsIpOWZGsSmy06slh0ahkJQxDnDp1Cmtra1heXsbW1hYWFha6HuseN1y5cgVBwcPotC6PzZIbQMYIfmpqChsbG1haWsIDDzzQ8QY9z8Ps7Cxu3LiB3d1d9Pd3V/e5D0wBJQ6U9U0tpUClvHPsSA7GmI6RzZAJQkqX13xYUEpmSI3q5NLth1lWYWZAyjKr3YeNTkiOrBRNr4Tx3Gd9EqCURMoTI/NswwuFSEgCECY12UAVFJF2nlZvS3W2rfaxykAPVvKN+kNBabIFALC/VkWrtYhRgRgSRJjvG0wJlZQQGXKFUD8ngwe094aUsutGf2NjUqk3rQAAIABJREFUA8V+D8w7Hu3P/8/emzW3kaTJoh4RuQIEFwBcJJJSVamr15qy02bzfn7WvWb35f61eZ62sXuma7pHU4tEURJXcAOIXGK7D5GRSGzEToAS3YylIgkkkrlExufhn/sz5gvtSkhHmvi3zJ9DKYUovofWAkFY6vODssRCbwSpLfgAQAgJDeTj9KIIDluoPaSgmGrbWkMJhURnKkCH9XmPGNPs8cgFQii0tmNAb5uKNoRBZhJqjxYhAJXUJGr0FMs6f5/IyZ15HWP7nOUpgZKq3/MjI0BEVujMC1YxIYRA+z4ysn9fghCamzbav1lw0ZUyo3XHByGJTUKL9f6aRAVrz4VSCoTQLpWGsr3yADzPzVa4O/eGEJ2V2DQ1z3KHOXm7TS+UlDg9/QzPD7G90y/Npoxh98U+Ws07XDUuEQT+2GoOS/wREEgq+64dZMexnZmzxivku3F5eYn6/hq8wJy33ucxTVzzzARAKEMQlPu28xjI2yYCHwCZWiXcX5AHc5u3JmkKBXRaU0YsRHpeAEp5V2uD73s50dllSpoV4YteQATs2MCQpj11h1R5AhNgPMkseZh72a1I7fQQujyJCsmVWiu4I7xGRoEQAsdzISIJ++yx9dFE2yn8vyU6KGMoldeRxFFuUEw0BYl9wBNQrsj3YVI8RHIAwPb2NsrlMk5OTvD3v/8dr169wps3byb+nFXEu3fvjELlW9Paa41FiyBXN+18JvHx40dcXFzgr3/960xyJaUU/uM//gOlUmmgigOYrVUFAIigIFGnyKWUrRTJYWFlpQDyQXCU+eikUFpBCQmphpAaGZZBagyCZWIBjN2ukqZJZ1AGHl0C+NhQUkKIFELwnPkdBk10nyoDRPdlcH9pIBpG+aEIiKKAItn3/X84c0NQp7sIPTk5gZQSf/3rX6feh9vbW/zjH/9A9WX4RSs4nmFgEwlsX7sdT80KqQdaKBStZ4R+YAWfULJQwtu2CkySNjEJlFIQUiIITJFcjMo0n2nIgHE+ujjGe44DZ8zxvTslofPzTsKTytQm8yWRCEFukNz9PLUqBT1WDO20MC2fZh+8QrJKmnJAaTiu03XcrRG6NUss9os4jM0cc2raYpLcB8CkzPWTDVLa57geWxLebreR8gS1+m6XSqj78xUuzk6RphEqaxtjzQWHXTtme6bFMU1jaK1x9PEMGgT/+q//urRIWCvJrlR9bO8P9h/pNUoOw7WCb9DjQQiBNCPQAOTGkJPOPYXgubcdCJnJCLIXeWsKzFx0HM+8/L0qa0fP7iM/CMAoy70eAOT7/Njz1bzu0LoQv2vMr5M4NvuWpHO57x8bNunGejXZsWbWxeNiy44xDPVnqicHPW8ETxEn7a5WSUUFtC+g6ei2lIfwENEBmPluo9HA+vo6vv/+e6yvr0/1OauAVquFf//3f89Uoz6CioMP0Wso2n2Psf/r//5//l/7TRiGOD8/h9YaW1tbU3+4lducn59jbW1tYMtLW1xPvX0AQLYiTURmBKc1pBBwnOW6GPfCkglSSkghwRwGKUT2YJ1tkBaCm8E05ZBZGoY1DLWrJIxSuI6T+1bYh/kyYR9OKjsmlNHMqG74g4UxByrLL7ey7+K2vgQIIcDTBEncRppGkFIM9NHQTEK5Ctrl0K6A8iS0q6AdBc0yRcSYp3jUgLrS3gtZ2qymGpplf78rc6NIzSRcWgEhrM97Q0qJ8/Nz7O7uzpQb/vnzZ0RRG1t7q9u/+ow5ggDaUQBTgCLQysr+U8RxBJ6tmqvMyHmky2SBfFjk16KgtYkZNM84BcZYVthP/tmdlkqZF92TvLfYEtP50l1F/rxHseGfuzhiw4IxBiiNJDXeKoQQtNsxpJSZV0lnci6EAC+YPDoOy2IWHdPKU4inn3asT1PTWtRtJNlfIFBqW4pU9v8MPNs/mhEOvXBdF57n4+bmCkkSo1ReG5icUV6rgDEX11dX+ftGYdg5jKN7JFnk49nFNVrtCD/88MP8VcljIk1T/P3vfwdzCV58uzGY3JAENO0UrJ4fwltSJCylZhw0/jvm2lJSgjrjL7BZEgEwSgSHsbkRBZaQsyQApRTMccYukinpXMeu68HJiBHb9qWUMvP9bL6q1Gz31ySw+2BbJR2HmdS8rC5IkhSM0pnsCJYFQkjekqiyuo8xBiFEl0JyEqRpkgch2GfPrK3wg84yzZKCtNKdlBVNQSQzHnbZI2+aebcg93D18LGpUqkgCAJcX1/j48ePcBxnprnvMuF5Hra3t81YrAlur1oI+RWY4hAshM7u4S6Cw0xOFM7Pz1Gv12caSNbX13FxcYE4jlGtVvt+X3Krs5McWTFHhO3VNSZRjvM4fW/jwt50drXLyQytZh2ojcRSDCE1WO4GvAqkRi9ykiOTcY9DcthB7UsiOYTgSJMEcXwPzuOM1OifGCsqoT0J5XMoNyuwJiAyhmHUdTEqN35WLIpA0dDQVMOjG12r6hbNZhPtdhvffvvtTCsYP//8M8IKQ/CVqDe+ltjYUdBUQ7sSILrLhFQpaXq0NSbqDX7KEEJkLQZ6puh24x+RFUPZJHbe+NKuXOt9UvRy6S0ClTV5JASOY/wF7HyEEgqWkR0i8+wgQ0iGh2BTJCy54XkPr4TbIoVkz3LrZTLctNS8JwgCCMFxdXUBx3EGthN4no+NrS202/do3bfMyvWEK7tScMSxiYS9ub1H4/oW3333HV68eDHRduaJf/zjH7i7u8OLb9fhuKxvLCYaoImft6Yw5iIMl9OaYuEwlhNIdoFPZP+Oeo5orY1CIlP6zLsgJ8SYjamMWGWMTrz4OOyaHUziyanvr2lgxwatNbgQhghwWK5QeCx/kEUhXzxWKlvcdjo10KQ1ASFZ2lRGSGkNKUVmYj/9MbIqjvweyMhn1/Uyr6asPQWkk9rGVP6ZkySsAABHCy6Gkxy+72NzcxOcc5ycnKDZbGJ9ff1JquE9z0OlUkG9Xsf29jYYY2jfXiAQ11CEQbKwm+AAgHK5jPPzc0gpBxITk+L8/BylUmlgy8vMBAcwgOTQkILDddyBqwfLgmWHBef56so8CA47OehXaiy3DWUc5CRHxsKOIjmMYsVI/8zfPFlc1CrAXJ8p0jRBFN9D8ARKGcPCLpBMleAJSJ8bhQbVkxt/TkggPLZiY1EEit3uMEa70WjA930cHvb37Y2Ly8tLXF5eYmPHh+OuzljzmFj1MWbR0ExDM2HERIXWKCkFBE9ByeINnJcJQojxe8iIe5alnIyCWX0zq5pWASOytkWZSasXMen6Eq/W4oomgL4iME0TaHSk3L4fGJPbjNxgzMkn3kVD1nGLBCmNESeAPGpynHOXx1Rm2xjXQNx1XPiej9vbG0RRhFKpPOCaM2oO13VxfX0NPcn1pDWiqJUrYj+dXqJer+P3v//9eO9fAI6OjvDp0yfU99dQqngDn5sscfMxiFKCUmnWCN35QGtt4lcLyp5xWrSLvhuLKshzpYMQudLB+NjMvnCWk3iEdC9ATmHsO+s+AJ3FxHm3+SwTtq4y6VmdxWOl1ESt+FaNA5gFVCcj4uwzaZJjZT9fSgkuBTgX4FJAKgklZT4OOY5rlOkF82+ispRBWvSm68D+PcPm6YQQCHL/oJqDUoqNjQ04jpObkPq+vzRl2jxg1Sj1eh1JHEHdX8KVUT/BQSnN20uq1epMq5uVSgWNRgNRFA10nJ6LigMYSHIIIVaO5ADsapcZ9OZJcDjUrNqswgNtEoxLctg+TMDK68hU/ZzLgFYKgidI4ghJfA8heC5P63od1QBTUL7I2iymIzWA7gFwEnJj0YqNcfYBmK5w7mW3h/UkJkmCRqOBly9folKpTLejMJHYXCbY2P5621Oewv23cGRtK9qRHSNcdBKPpJBTS2efApQ0ZqmW4Bi1Ws55iiRJsqKiO2XGFrwoFAfzxENb+7djhqM7OvTrm43VThEyhVP3pJ5zDiFVx0Cx0Kdur0mapahpqcwqdr6COVpSb/vhrczf+iyMgySJcxKBEjLR6jwhBIEfQAqBRuPceAkM8PFyPQ8bm1uIozaazVt4rjfyPozjdh4t/un0Esxx8OOPPy6tIGw0Gvjv//5vrFcDbO2WBremcAYqOnOmIFybyDh2UehVDznOeOSXJTytR8siC3J7D5h5mshin405MmWzqZ+7Wmyyuf8yVsuLbTMuY2P7Gz0FmBhxo5bhKTfnjdJMgTH+c9emmxGQjPBlxiQ8a4VhQ8ZCIbhR53Cee5/kz7Vs4dLLrl+ZGWXzNM3U9Qyu62VtnYWWFcGMJIsNfuYMU3h07deIlpUwDLGxsYE4jvH582ckSYLNzc0nPU9xXRfb29twXRetm8t+ggMASqUSLi8vIYSYOQqLEIKzszOEYbg4FQeQkRzdnhyGTFgtGdZCCI6sB+2pMrJd7SrZ4FQkOZ4iuSGVgEgzUiNpQwg+2E+DmsJI+TwnNYx75nh4iMkddyV1nMHysVDc73HaIXqJHK01SnrvwYH97u4OURThzZs3U8vgOef49ddfUd5w4ZeWP5F8LNjjvErXzMqAANpVZvVFdlJ+tJbg3PR6Mzb/on3ZMEoMbQgOSkfKu63XholY7JD0xchVOyF/TILj6O7hid1TIDmKxysnH5ApK7yOT0AvKKFwXLerBVRrDWfEokmSptAZuUGIUYc8eM6yX6U87ep5N8TL5OfacRyEfoDb2xu0222EpdLACXqpvAbP83F9c5VFZw6ee6VJbFrM0PHd+Mtf/jITET4LrO+G4xHsfTM4BpdqAhoXfDe85flu9MK0mHSrh0ZBSplft1IIuK67kHa1IvKWEnQ8QxijEDOQ00qrrmhbxpbreWH/RrbgY7kMEELgMAcEJq1SZhHYtgVkktqIMgbmOrkKxHFYRpwMvhbs9aK1zuOCDZnHjJcHY/lzR4rO62wdaGpBLyNWDLFKQEAlA5RpWRn04Brn2TiK5HAcB5ubmwCAs7MznJycgFL6pA1IAWBtbQ31en2QCMZcDDs7O7i8vESr1Zrpg3Z3d1EqlXB2djbw9/VwfpE12lXQAc+/txGy84xpmxlf2OR2XijKWq2nSJLET4rckFIgjiO0W3dot+6QJBGk6k9AUVRBeQIyjCHD1BAbdLKJszXwm0Vxsep+CpawGOd1gFFslHR/lGAvms0mNjc3Z5psNBoN85mVL2+y8IzZoBwJVUrz+DeLNI1x37oBzwqoLwXFuOaHEmMsKMumHXZy5zjwPQ9hEOQLIZ43eqV9Gfi346eziGCfm37gG1+OMTxhusZbQiA4H/ra3FQ0V4eMt5gklexslxB4rjNbTCUh2FjfAKMEn47fo3l3M/BlYamMV6+/g+N5uL65MnL94n5JgSRpAzC+Gzd3LXz33XczL/LNgrdv3yJJEmwfPCAfjzvnlTEX/pgxuYsG5xwyS9QBRsevAhkpkBZJgfmZio4Dz/XgZgRAJ+knBhfpw28cguLtIJVGHMdzNx+exMx5led784DjuvA9DwSdFEnOOZIkhhqwwDgMlJgEKKt08QM/N6XlnOf+h7wwPvqBn13rxqTU9UwqTxCa+5HY12StWr3nzPMDlMrrYLQzp6TSAYs907YyAOOc94ieIaKD62+LnZ0dvHnzBkEQ4Oeff8bf/vY3XFxcjNz2KiMIgsEEB2CICcdx8OnTp5k/6OXLl2i327jKnK0XicEkxx30gJaAx4Q14Vrk9tvt9sKd2xcJ13W7Hi5FJt+SGyNXiB4ZUnDEURut1i3a93fg6WBSQzOj0pClGCo0xc8sMa7TEhvF62OVjuMwFPex99q2ao1Q7Y6MyLKI4xic85knrZeXl/BCBtd/OgXPvPEUrp9lQRNAeQIiiKFZ59mjtUYct9G+v4OYctK8aigSEeNMIm2LhO97+Wr6sqPLAeB/H443R3gKJEcx0YSAwBmz1dj1vMzM0bzetAkkfWOvEKJrPsMYG8tXAQB4VngkcQJG6dzMeAM/wObGFu5ub3Dy+SOEGEzO1Oo72N59iVa7hfv7+/zncWT+P0lSnF1eoV6v4/Xr13PZt2lwdHSEy8tLbB9U4IeDjxFLHNDc+4cgCEuPt4MPQEoJLkQeRTwuYckzRVCSpKDZ+x4b7qAiOeXGy2aC+TUlFL4fwnGcLILWM+k8cZz7cUwKmRXWJjY3RjuKEEXRai3iLhEaZiwKggCMUiRxkikFJeIoAueTPXM918tURyQnJjjniOMYaZoa89aeYx+EATw/gJt5bNjnnWmB6YyRg64lxhyU1tbhuh2lE1EULPJBeP/4WlQ7j7o2R5EcYRji9evXODw8BOccP/30E/7zP/8Td3d3D75vlTGwRQXoHLjz83NsbGzMtNpZLpdxfX2N+/t71Ov1vt/PzYvDYki7irvEdpXihGDeLSqduDf5JH04iuhuVzF9cKul3NAQGSOcxPfg1iS0t/gmABxjEqp8DjWFn8Y8FRah2oWr1+Bizfyr1+CoMlTiQkQMaYtAxg504kEnHsB9gPugIgQVIZgqwdFl8/7CNgZ9CXI/eoemQK+/xkNu0cNwfX2NNE3x/fffT31soyjChw8fUN7y4IerX+wsEquuAlo6aHesrE040FpB8BRaKdAn37ZCIKRNUhkvmtMkfmiTrPCI5MaoTxnVplJ83aq2q0jZWVk0xdV4po6ANSXstKo4jmNW4mX3ebLFajFeFhgtBe9qTYFZZZvnuSeZl4dWEo3GhWmLGKBocF0X6xtbSHiK29trKCkzs+/V892o7pYHtqISzkB5514LwvJKJDf1xq+O68vS67uxTBVX3rKilClipcxbtyijY6fy5L4OlORzdZFtDxh+vxRTN4QU4CnP90MqZWLIzQvz/c2TkVZQ+fbY6DJXzVoirQGpaYUcv+3IGJkyQGtQRvN6y3yxPHLbvhboP6/MceC5HpSWmdmrMK0wQ/bBcU3yk5AdEplKZpQcA1pWxl3wHJWyApgxuVqtgjGGRqOBT58+IU1TrK2tLbxVbN54cG93dnZwcXGBT58+zdyTs7+/j//5n/9Bo9F4FMmfdhUADpLJ95SSaLebCEuVpQ4AlgXsS814Rg47QTbSsuWTG0oryOzh+9CqqyaZSagjoIeYA02CWY02e1UNdjUuiqL832n3y/bH2werHWCLxnW9v+/9Xe/PHgOtVsv05s3webY9pbT2dZMbzxgfiikgTEE5A+NeXrBwnoDzBJ4Xroy0fFJQOlxlNQymv92sfFnX+ac2efq3Yza26uMxIaTs0sYnSQLX02O1qFh4ng9KKdI0hR/4SOIEcRznKW1KKUOiZD3nppXg4dV2S7wQIGtNWdxijO8H8P0Ad807tFotbO/sDty/Wm0b5dIaLi/PIIXE1fUd4iTFjz/+uBT1AGDUN2/fvkVQclHfN8VIn8eWAljaOZ+eF8B1VyNRLk1T47sRmDnbOOSGSVLqKG68TNW1TFiyzBpHJnGS3QsxPN+Dw8a/nxzmggQUaZJtI0lNq4PWA++DnCSyP7cJSUH/sbQKBc750q7ZVYE9ivYp5LouKGMQPDXEWUa6JUmctcWPd7woofD8ADRrmaeEglACQikYZSCUPEh65cbOpNOeqUfUgK7ngzkO4qhjekwkA40IlM8H1hijFpwIIYiIUXKMUj3XajVsbW3h9PQUnz9/hhACf/nLXx58z6rhwRkFIQS7u7v4+PEjbm5ucjOSaVCr1VCpVHB+fj6Q4KiHb3AZ/Tr19gdhEMkRrQDJMS8HY8dx4Tguouhpt6YMgiU5lJJLITeUkhA8hRA8Nyoa+DqqAKqgXTmVj8Y8/y7bsmHHzSRJciLDtmYAhmWuVCr5Pen7vln1ypjuYsxV8cv+rPd3vd9beXRuvDQmulz9h5AgRTKEUpp7t4xTHN3f30NKOZf2lKDEwNxnggN4VnFMAuVKaBaBcjdXGAJAmkYQIjWS5jEnXasEAuQFgNJq5Apn8fmbcp61KjwtggNYTZLD93wjY88WCHzfM9J/qeBOELXpZCl0iS3K4qRrbAc65pGjilitdVe7qcPYo5zv9bUKkjTF548fsLlVxcZmte81QRji4PAbnJ2e4Obo88r4bux/vzHwXGmtwZLO8Ta+G/2tKfaYLyJedRhEJtkv+m6M+mwTFxwDpGPGuUpjged5YFIiSdN8jEuTFMpRxhxyzGPLqGmdSNM0Pz5JkiKR0pjsFsbE/P+zgjz/OaEm2YUaFUmSGD8n26Ly3KpiQNAhORilYH5g/Py4yM+h9dKYpL6w0a7T3k+kQFiN5VdFGUrlCpI4QpqaBUmiKVjsQ3kcyh2QxjjmfCyiZyNJjqLR9zLb9abFyFFke3sbFxcX+Pz580wEB2C8ON6+fYvLy8uBrSqLgHYVtOagSadgjjOSgyyJ5GD06SaePCYMyfF4kkshBKTgECIdGONqoagEmOrEuE6JeUSh5qQGjL/EdXSdExr2Yef7PtbX11GpVFCpVB7Mu573dVkkP4YRJ5YIeYhQsTJpu41eeJ6HIAhQKpUQBMHACVKz2YTnedja2pr672k2m4iiCJt7wXNhj9G57M/oh6aA9DmII0BSB1TZtjyJKGrB4R48L3hSbveEUuis6DUu8aNfDyAvnFeFoP/fh3Jij41VJDkcx8kVGFbyDx+QsVkwGHecZ4whDEOkaZIXWjb5xH7v+aMLBM6TvOAmhJjEFkyVgD4xfM+D71XRbDVzNccgQmZ37wU2NrcGpv09Ft6/f9/x3QgGz32c1ANRnblrMIDcAIySQmaeD94CY1YtlFJICyoMZ0wVBk8TQ27ECQil8MeMGX5MMMYQBkFOcgAAAqM8meR+sklDnBsFh+97SJIUcZLAy1KMlFZQUnWpsHzf74uAzn9XuC9XZRxdBfQeKUtOJIUx0fc9xFEEL/PsGGu7s8xxHvCUewh+EIIxhji+z99HUxdEUiiP535+vbXBrPOxOI7RaDRwcHDwYN2wqhhrBrWzs4Pj42NcX1/PVBxUq1VsbGzg7OxsIMGxCBUHAMBT0KSj5JBZu0ppiSTHM1YDQnAIbkiNQTGuFppJKCZNZNOSLxmtNTxez9UZ18mnrnaTUqmEnZ0drK2toVKpLHXCZhUX83RCL5IhcRzj/v4ezWYTd3d3uSFSL+FBKUWr1cKLFy9m+uzLy0sQQlB6Tk/pwriJN8/oQDMNHXJAKFDuAJlTuhAphEjhugH8IHwSpBElBHb01EoBIzwfKKF5PzoIMe95wlhFkoNSmq8YCylzNUeSxHA9F64znlLISPUD8DQBF6JrRdn3/ZFqHdPamfluULI0n7DKWgVpmuDk4xE2tmrY3OpXaSzzWdloNPDu3TusVwOsV4OB4ykVrEv5FQRl0AHFtV0QsO0QSZrCdZyFJpKkPYk7SkpIJh/0f+HcREVb0sBf4RYLQggC30fKzZwxb1lJYjiuC28C5Z3rGuVTkiQ5yZGmaQ+p0dme8cDpn3PYFXarqHpWcDwMew55moJ3tR1FWfvdYhdUuwiICc+V43ooMwdx3M5b5YlkYDGD8lPTBjvks6bFxcUFGGNPUr0BjElw1Ov13ItjFoIDMCqOf/7zn7i4uMD29vZM25oEwzw5viiS4wlMhFcBtvWEi7TPHNRCQxuTUCbNwLGkQ2tZWJ5I6HYZcRxn7SbvAfS3mzxFI6BJYQ2krIHexsZG/rv7+3vc3t72ER72mMyqHGs0GhmTba6bZxVHB8/HYTooR0IzCcodEN65dzmPIWQC3wvhessrvMZB8dyPM8k2Jttebry9StTYNCoOYDVJDqAjsbdqDtOywiGFgud7Yxsmup5ZRRZSgDFnLHPYYuwniIlPXKZ61fN8VKs+bu9u0LpvYXt7N0tJWC6s74YfOg/6blglMgA4jg93gNohTzDJ3m8LaC4EVJZatIgW7aDoV2HJtNy3pb9wNJ4sWftv5snyFAwy7X7yQsuK4BzKtpqMeT8x5iAIM18OfwA5ok2kNqW0E63dA3vtRlE7V8M9o4NhKjHX80B7xsQ0TXNFzqLmMl0eHJlR7CSfRChFWFpDmkRIkmxRUyNLNejHLPPTVquF29tbvHnz5sl6u4xdCe3s7ODDhw8zm4Rubm5ic3MTp6enqNfrfQd/YSoOfCUkxzP6YFyL02xVY3B0HGBMQjWV0K6EomppBZvWGmmsoNthT7tJe6J2k68R5XIZ5XI5/75IeHDOZzpeV1dX4Jxje3sbJV1Cm5wCeCY5njE7NAGkJ0AckUlPswQwZWJlOU8zmeryUxIGoViYjKvkIYQAulOArRKKRMUkZMeqkhw2OjEdJM/2/LFJceY4E7VO8YLvBgXGNvVbJKQUoNBQIsF//+O/UK3v4PDwcKn7ZH03Dr7fHPosIUnn2FHKEJbKfa9RSuVeJ9b81f4/0DGk9P3x2yomQU6mJUlX4aiUhOt2CkellTHRhPXdeBxPlnnBYQzM3k+2ZSu7n8yxHe9voYQiCMI8gtZ6a4yb1FJMNSr6cDwFouixMIxE6BsTM7+TODORHTd5alKQ7FpJknTquWMx7lZRAeUMf+ZM+xnn5+colUp49erVxO+dFe/fv4fruqhWqwjD6c3Xxx5RarVa7sUxqwHT/v4+/uu//gvn5+fY3X3Y5GTeMCSHAImzCCEl0W63UCqvgYzJvD5j9SGVgMykhFKNYxIq8j42ACBDeNVFGIMqoZCmGmkkIdoUcRxnv22vVLvJU0Qv4TELLi8v4TgOSqVOz/O8ex6fOp6PwWzQFJABBxUShLsmFg6mKGvfN+F5PlwvXLkJbLf0djTBYaLbufHu0Ks9MZ+U7FhVksOmQvSa7aVpkhWg8zWjNAbdshP76a+Gt0IStwFocC5wdXMH6nhLJTis70Z9fw1+OJjApIkDWvTdCAf7bnAhTIKJ7+UJJoSQjueDbVlJEjiOs5CVWcYYgjDs8joAPEjZKRx5gdygZLVbU4bB3k+cc5P4l7esJHBdNRGZN07SzKh9sVjVcXQZ6E1V6R3d+s5hQXnXPQvYAAAgAElEQVRUbOdijjO2MmfkPhXbebXOElUG798gJHHU5RGo/f76ZpAn2qC5WZuc5h5+Rdzc3KDdbuNPf/rTGHs0X3z+/Bnv3r2D67r48OEDPM/D+vp6/jUJ4TERZbqzs4Ojo6OZ20vW19dRq9VwenqKWq3Wx9wuUsUBANqVANEgkVVyCETte5RKa4/S5qG0ghKqy+l38I7m/zFyJq2z9+js++y7VdL3LhFSCjOp4inkGCahiklgQpJ2HhNAnkgksQSPJHiswVOzr7bdpF6vfzXtJk8FUko0Go0HjZbtg+u5wH/GrFCOApwENHWMP0eGNE2M4aMfwvNXJ1bWTqjtBHEUCCEQQnSpPZ7CY2xcsmNVSQ4gS0ehzEjsC8oZKdVcVy6L4yBjDJTSpZ9jE7loCoLTiyv4vo8//OEPS9ufXt+NQWCSgojOGOD7g5Vcue+GTTApmL+6rgfKGHjuw2Ji702KhDf3gjj3qxjQsuI6DqRS+bU3qM3mKcHNzFSTgmplmoSOWUApzX04nr2w+jGq1rJtW73nMH8/oaDO/AgOi5yIGLF/FlLwPE0FAGTBYHTYZzz0s0HQWuPs7AzVahV7e/3kxyKhtcbR0RHCNRe7h+tIYomTCx9R4xaXl5cAgL29Pbx+/XqsMWui6qlareYqjln9Mw4ODtBoNHB6eoqDg4OZtjUNtKOAkOckh5Q8U3JUFv7ZVrY5O3puia9wYJPCMK9CcugHSA1rEgqmBg4I+esWVKAmkUDUNF9KZpnmvo/1ytpzu8kTgB1cK5XO+FDSe3mmuMXXnirytf/984byBHRP2woAJElk2lZWKFaWFFaipHrYXBDoTMqtPPipPb8sgTGM6FhlkoNRmkvs+wpQ151PK8kAQ73iaPDYZ5vzBJwbdeTZxTXihOPHH39cWn/5IN+NXhDV3Zriuv5AYlMpZXw3snvI9fqJKkYZaBB0yduTJM1TVhaxmDKoZYULkXtFeJ43dnrFKiM39M1UAIBR0URRBD/wF9buUPx8i2ej0cEYNROxyiOeXav2XvIDH0oJTFguD98PSoGCKaxtFRtnphTH7fz/NTPt9OOgdz72EAl2fn4OzvlSjEWPjo4QxzH2f7cJ5lL8cvEayHhfqlIE4ganp6e4ubnB69evUa32x34XMfEZ29nZwfv373F+fo6dnZ2p/gjAJD3s7e3lXhy90vtFqziAjOQICukqkiNqtxCWFldoTtRrnMmXZn7NFwUNkcnJpOQPJJ9oE+M6pknoNAXZKDIkiQTie4m4KSC4kQ1WqzXUarU83eMZTwONRiNfhRwHX3th/5yqMj/YthUiBUjq5lL1YqysH5SWLkumlELayfUYpz5fddQarusiTVNQxsy4mikWKWMrb3D2kKpjlUkOwBSYVIgusz3BxVwIjq6Vypm3NhuUkllrCnBze4+buxa+++67mdutZ8Hbt2+Rpgle/m5j6GtI4uYHj1I2sDVFa537WZhimsIdkgaRt61kJpl5ggfnUFpNlAQyLhhj8IMgN+W0sEbhXwoIIfA9s/LPhegmDT1v6DmZy2dP4YH0jH5QQsy1mqk3eGaCLeX8SKNiq8sk56rYmqIBSDfFuBalfYbFQ+ZnzWYTFxcXODg4eFCtvAhEUYR3796hUg0QlPrvFUU9tL0dpKwMkV7g7du32N3dxatXr4aOIxOPLltbW7mKYxaCAzBeHOfn5zg5OcG3334707amhXYVtBagiTkUQqSI2vcDDZxmgY3LnAaEEBBiuQwCEJJ5ROiM2yBfdEGltILkaRY39wBB1GMSOoj4GUZkTHP8Br2HJxJRSyBuyrz1pFqtolaroVqtLr0IecbkkFLmUWxHR0col8u54iZUu4jo2eiNPOMZM8LEyqYAZ6BpoT+YOSsxrnQXtKMnbkVH+bu7O4SlEmQh/QEwUZMqW2Fehb9xFAaRHatOcjiOSUSJoij3EVBazdxznvtYZc9cKSWUUqZF5pGnK3HUzoiAFGeXV6jX60uNPsx9Nw7WEISDSQWaOqCqQ5j5QQmDCpqU89x3AyDwxkiFcZ1OEkjRgFRJlak/5nuvUUrhW8WQEKCUrjxxOS1su0NaSFnhaWpSVhbUslL0jHtWcAzHuKklrusaVVTBl2MeYyIAENoZF3vP1bD9621N0V4KsOmvo0HkhlIKp6enWFtbw/fffz/1tqfF0dERAGBrxyjU/vPzYF8kwcq4DcsI0wucnZ3h+voar1+/HpiQOBV9uru7i99++w2np6cz9eh4nof9/X0cHx+j2Wx2yb+Bx1FxmB2R0JqApOZhIkSCOCJDjZymwWLyx79gUkPJPM7V9swOgqbKfPWYhPYem0UoNCxEqtBuciT3EmlsJrJbW1uoHlZRrVa/qFWKrxGMMfzpT39CFEW4vLzExcUFTk9P4TgONjY24Fe/MhHVmPiSSddlgsjOQMeYO1ZB8xigBemtlhIYlSRAOzGWD/l2JEmKOEngOs6CnqOLQS/ZscokByGkK4lBaz3z9MLe/0VjSwBZvOzjkVVJHOXpaacX1yvmuxEOLGqopF3eO34QDoxa7fXdsOai44BRBhaE4GkCLkTXefIcB84C7jVLVD4FsnIWDE0tiuOuucIksbIPwSyCkjwq9tkLbDjGJTnSHisBJdVcfDiK53sQGTVo/+K4Q24oKqHc2UisYquKNRo9PT1FkiT485//PNO2p8Ht7S1OTk6wtVOC6zlDyY0iIm8bKVtDOT3Dzz//nLetFOcIU1VeGxsbWFtbw8nJycwmJAcHBzg/P8fp6WkfwfGYsE60luTgPM4GjNUxcvvSIQXPVRpqDJNQ7cg+P41FKzTsg0OkEtG9RNzkSGMz2GxsbGD/hVFrPKWJ+DPGQxiGODw8xOHhIa6urnBxcYFGowH3zkW5xlCqOM+TimcsFFTQLi+OVXo+dTn5jyG9pYRmxa6doFPkakRifBvSgikiFyJP+3hqBdIqkxsWlNL8vGmlgTkc4qIUulh8PRY4T/KVT+O7ka6k70YxRYFoAlJQaDmOD897wHfDvs51x44nLcL1fNDMJDNvWRECUmt4rtuJdlXKfElpijBCpjqOX8uCj03osKoVq+YoXv5aKmBO5pVFo9Git8MzOhiVqmKRpilUFhtrYWqS2a9dkinwB5FRg/bPtKZ07nPtc8wb19fXuLq6wnffffforSmAjYWl2NwOJ3o+SBbiLvwGYdrAxUVHzWG7S6Y+W7u7u/j1119xcnKCFy9eTLsZAKZV5bfffsP19TW2tra6fvdoKg5YkoOApGbASdMIhGCl3Oq/NAjBIbiAEMkDfhrjmYROwlpPo+iQXKHdEkhaAklkHiSVSgUvdg2p4a9IDN4zFo9q1ahz7u7u8OHDB9ycNhE3HazXPbj+8InF12a++bySND8Qja7Cx/PDqQqaecEkeQGAldp2JiZqjKhYUwA8oD6hDJQxpFnhBRg1h1ygKeLXjKL53UPP4om2mREcRYXOYxEchiAz5MYq+W4kSYL974f7btDEyeOhh/luAJ0VZntstZRQznQyesYcBCHNCUUgU071JnMUxnL6PK6PBc/zwBhFkpooWdtv7ge+MWOel3kloQCeCY5x8FBqiRACQnYIaccexzmOW4SSPE590Lmy+9fbmqL8wakps8BNazg6/QXVanUpbXtnZ2e4urpC/aACQgn+fvJq4m1EXg0pK6OcnuHXX3/N1RxT31k2k/b4+Bj1en2mFevd3V2cnZ3h7Oysj+B4bGifA9oB4eaCS5IIIASetxoy4C8BtvWEi/SBQaNjEqqZgh7jWTpMcTHod8OKrt7XK6nRbnEkTYm4bVjUcrmM3VfGU2OSTOZnfHlYX1/HDz/8gJOTExwfH+P8qI1KzcN6bTDZNSqX/EtEsaD5Gv7eRYGmLojuFD7+Eon3KIqyNoae85n5HPi+N5frmxKKIAjBeQrOeZcpolSqa4X5GdOjV44tpcQ8RIiUsqyfXefpHcVoxEUiitpQWRzpqvtu2BGSpqxLoRUEpaHXt+8HSHnS1QIhowie509F/pl7LUDKUwh7r9mCnJAukipJ0j6iSltj4CemrnoMMOYgDFjekmDbtaScn7KL0sLcYum2vk8TSmkzFmbXu+M48BYQY9zXDjgABP2pKcqZ3/WitUZJ7+Ho8xG01kvx3QCM90ZQcrFRDcZqTRkGyQLcha8R8CugYZJWZqIO9/f38c9//hOfPn3CN998M8umcHBwgLdv3+Li4qIvgvYxVRwAoAMBaAIizECdxG0QAO4zyTEVlFKQIs2TT4aCaNN2wiQU67/pF6nQKL5eSY2oLRDfcUT3htQolUo4PHyBarWKUml+3izP+DLw4sUL1Go1Q3KcnyO+06hsOwjXhg+xdnXzuUB7xigQSUDE6rSmDFqZ74WG7jK/mwWu64EyBj5ghdmskD6vVs4CrXVXsaXHUOCMg04LQ0diPU770qxIkwhSmiJ8lXw3NtfXsLVehkK3QoYAgCSgvMMq+X4I9kDyBiGA7/kQnCMtpHakqVHDTpuE47kmYjZNky6JPiEUjFEIIXPyI0kSKKVystN1VsPweBVBCAFjLE/oAOabjJ0nqRCSxzI/YzgGPZnSNMnJDWOEO39ygwvelXozzBS2mJoCTJaaMgq23rm8vESz2cQf/vCHpdQ1x8fHuL+/x96363PbZuxWkdAyKunpbARHEATY2dnByckJdnd3Z1rNrlar2NzczGNjlz3p1yEH2m5u6BbHbTOAu89tCONAKgkpUoiUQ6pxTEIlNH14tJ+HQmPotkHQvueI7wSiltnfIAiwv7+LWq2Gcnm+qTpPBRcXF7i6ugJjLP+ilHZ9P+x3X9tEx/M8vHnzBvV6HUdHR7j6fI9wzcFG3QfzBh+L3lzyZY9780avYuUZ04GmnWLFdX04znITCAilQDYxs6aBhAAgFASkawI3LzDKwMIQaZpACJGrOZI0hfME4mRXGUVDUMCQU3MlX4vjwIKLLyG4Ud4COL+8WRnfjcB3sbu9BSQAkRKy0EtPNECT7nt83NZox3VBslYuS3KYxSQFz/embFlhCILQJIhRAkY7BKJSUd6CJqXMFR7IFBzPGA7rx7EIdJtXPp+HcVA09EzTFEqpfAx0FzReSCG6SI1BBMeg1pRZUlMsutS07Q2cnv6K3d1dvHz5cuZtT4o0TfHu3TusbfooV/yZ1Bu90MzHXThDi4rF7u4uLi8v8fHjx5klLgcHB/jpp59wenra5+vx2CoOoEByqIzkiO5BQOAsICv8S4CUIvPUeNgkVFNpIg+d0aTGKMyaihLdC8RNgagpshVJHy9ebKNWqy3V9Hbe0Fqj2WwCMG0V4yJJElxdXeWxWflqzRiwKxaW7BiXGHno508BGxsb+PHHH/H582ccHx/j9P39g20rwJdHbDxjfmApy3vyCaFZXORyQQmBHeEZe9x0E8/zwZhjVpgzkkM8sTjZVUPxmDlZhKjSCozMZ8x9LKJTK404ugewOr4bFxcXSJIE377qFBFEMFBFoP0UmgI06bSfEULh+5Pd44xShGGIJO1uWYmjCL7vT+XVQwgZ2Opi5fVFdQeARzeQfWowBvqi77jNCzlJmY2JSqnnsXBM2HNjiVgTlTx67JNSQkMZQklraKWgNACt4XpuX/JR8f5I4qTvZxZdqSmOmmtrCgCU9B5+O/kNvu8vtTVFSomtnfmpN3oxM8HhOA729vbw+fNn7OzsYGNjuHnSKFQqFWxvb+P09BS1Wq2PcX90koMAKAnotpOTHFHUQolUHpQOfk2QgoNzDiE59EOkBpNQTAGsP/nkIcxzFcnKqpNIIr110G63s15jFzs7O6jVajNdv6sEzjmazSZarRbu7u5ycmN/f38igsMe++1vgs4inDYrBFqZFRul0PlXdf41Az4gpQK0ghQKggM6Nd4m5qEw2WqDJT1c1819gCqVykqu3r58+TJvW7m4uEDckqjUPYTlr9Mc8ZnEmRxEAaRHtr4Kx7G7YH18ObRdYbYkB9CJk11UxOWXjN7zOW+FUL66XEhVWQTi+B5ar47vBmCeuYwR8CSC63rg3BQ2VFEgCqBc3u27EZZA6HT3+KCWlSRJ4LgK3pwW5uzzN08+Ijr36ngmOAZDKZV7OwDICOH5j+OMUkirCHg+FwMRF4hwAjN3TTkHKIGfmVe7Y9R3nPPcV2gQhBAZ4WHnyf3PSbswUKxz+lJT3My7CLNdMcV78/T0FO12Gz/88MNSEh9brRY+fvyIjXoA12dzVW8UMZeZtlVxfPr0aeYCcX9/HxcXFzg9PcWrV5O7qc4bmmiQUEBHbr6KFkUthKXKUh3slwdtDEJT46cxfHKroR2dmYTKsUxCB2Fek/kkEuB3HlqtFqSUYIyhVjNGocs2tp0HoijKCY1ms4l2u2NO5IcMlaqH1nW/Mdgo5Me/OLoSgDIyF8kckA282vSNypz0QKYWMW7TShrChIoSlFIQQuTx0oDxSKlUKjnhsSqJNr7v43e/+x1qtRo+fPiAq09tlCou1usemPv1ra48e45MBpIU4yI9uAvoCZ4Gq9B6ZFNYhOBI006crIm4NAXd87U2HhZ1PmVh0YNkve2LWl1OkwhCmGLg7HL5vhtF7O29RLN5i6vLc5SCEJzH+e+KvhueF85MLtmWFZ6meTSp4BxaSri+P1XLStf2e4o/pTsF9XNJPRjFxBtG6dT+KKNACwSHUgr0iaheHwuccyilEMcxXNeF67rGdwOmxZgQMta5kUrm5IZVTPUSSn7g95EauWlvht5WbinEQlJTimO6aq7h8vI9Dg8P+/wuHwvv3r0DpQRb26WpUlPGxdwq9N3dXRwfHxuX6Hp96u2EYYj9/X18+vQJ9Xq9z/hkKa0qVAMBB2JDcmitEbWbCEvrT0Y2PwuUVpA8zWRcwxlLYxJaSD7B6IJm1oLnofdbUqPdboNzDkLinNRYpmR1HrDKDEto2AcoYwxuAKxv+/BDBi/oXJ/3t3xqgoOQbpfu+SJLrFEU3WP5oHsrF8YjVN8hjmPEcYx2u42LiwucnZ0BMONIkfAIguUaBG9tbWFrawsfP37E8fEx2k2O9bqHSnU1CtZnrB4oZ6BqdYxFi1hEQWwLpUkLMMdxB8bJxjJ+NiAdE13nc479+4QQxFHU93Nd+HceTxXBO74bZxfXiOLl+m4MmpdUKhtwHQ8XZyfw/QBaii5/MsbcudzjSikQGA+xJPPlyGNJ2xE8f7qUlWEoGglrAEmaQmcE1ioqKx8baZpCZccfANwFLL6YVJbu+3aYeeXXCqVUl8Gr8amR5tz4HjQAz/dH1iNKK6RZe0kSJzlJYRRNBEIISCn7yAzAjHWEGI+qQZ/yUGrKNOOkHYdyU3CxjV8//4pKpYLf/e53U2xxdlxeXhqe4OUaqLPYRb65jXL1eh2NRiMnJmbB/v4+zs7OcHp6iu+++25OezgjmIYOMk8OmIslzpQcX2Kfm1Iyi3MVDyafaGpJDTHQT2PUYDHrClvv+3kiwe983N/fZ0V/hGq1mpMaT/FcCSFyIsN+2YeX53kIggDhFoEfMLj+8Mk8IZM/9OzxeoxF2mEEyrAWloieQYcam8EeNjc3AZgHfRRFiKIIjUYD5+fnAMxkr1KpYH9/f6nRvgcHB6jX6/jw4QMal428bSUoDR6Kv0TFw5f4N80bRJlYWAvfD0HH6Al+LBTP37gtZlprY14pFRQ0oE3vcq+vj+d5favE423f/GtX1GxxZRV7zxgOkhlF2hX/me9RraFgetIpIVBa5z3necrD3J7FGkliCoPbuzZu7lr49ttvl7qI8fbtW+ztdZ5LFkEY4uXhK5yefIZDHbjMAecxCKEIwtmMzJVSuL29geOZ86eVxMb6hpHSC5Gf2zRNoPT8WlaKBrVJnBjj0ecxHoBZkReFdCLPm870FSiMn1r3+UMwRvuinp/1NN2w5EbRA6VIQnhj+m7wNIWGiUMnhOTKD4uiYTylpo3LfD1c73S3pmhIr7/umpQQ7jWxPz09RZqm+OGHHybYynxxdHQEL3CwUQ8X1ppiMdcei729Pfz22284OTnpMwmdBIwx7O/v4+joCLe3t31tL8tQcZgd00CJA23zYFBKImo3USpXTC/iE4eSwvhpCN7VA9YLTZVRaDgSiqiFPshGpUtorSFSBdkK0Wq1Mia7jc3NTRweHqJarc51teIxEMdxF6Fxf3+f/84W6kEQgJSaYC6DGfZGT1YsizsJOi0q81prmxyDiA9bVBFCEJGz/Oehvwvf97sIjziOc8Lj4uICgPHH2NnZMcfxkSdiQRDg97//Pa6urnB8fIzGxzZK6w4qVQ+O1/2A7X1wPvVJ45eeGjMvUN65nxl1xk5UeCzk/cKF2FagMwlXUpnJeEZe2O+HoWiMaN3sJ4noo4TCcRg4V3kbBM9WTgHT6/zsy/EwLBEBmFVKCvrg/am0ygpp3XWupVToXU22sETTPNtgonYbSkkkSYrTiwbq9Tq++eabuW1/Urx//x4nJydIkwiUfIP1je4WWMYc7B+8wvnZCdI0RRiUQIgx4Z7lKXtze4OdvZcIQ6N6bt7d4Pb2BhsVozRO0jS/X+fZsgIUYqOz4tG2IX1N6CVSlVJIMt8N3zfeDuMQt5ybVmL7ZeY6nfuFMQesZyHLplblBXvmifYMA6uqsNen55nnjP3ecZjx3SAYNnQBAFKeGnVGgUTvHSPNeZ6s5uhPTRHAkNuyuHsPjRVdiSmEIG54uL7+hDdv3izNa/Djx4+4u7vDzuvKwskNYM4Ex8bGBjY2NvDp0yfs7OzMtGry8uXLvMd+lYwfNdNAyEEiM1ApJRHdtxCWK09ysi4EN60nPHnQLE4zBcUk4ChoUrhxFlT0jiqAZKrAmwHu7+8RxzGANtbX1/Hy5UtUq9UnJY2Mogi3t7e5h4b5e4x6IggCVKtVhGEI3/eROBcAFIA2BrdwIHtv/3GbheBYNb+qYaRHRAtkhzJkh+/7+RjSbrfRaDRwcnKCz58/gzGGer2O7e3tR0/Nscoi27YSNSXWt32sbQ6eBD3F8WUYprkWvxZQSUFEZ3azSq0pRRBC8slWHEd9E/Fe5L3Kw7bX8xobcznOqhoAuK4HQmhXuooF5zxftf6S7qN5wqo4ACDJnkF+EAA6M5HWqqO6kerB2fXAc00IpJR9bcezwPhuGGXI6cXyfTcajQbevXuHeq2Kb14d4vb2Bpxz1Oo7fa/d2X2B66tLtO5usb6xOWBr46PVamF9YzMnNwCgsr6J66sGADOXCIMgJzkAQybKGVJWAJsQS+A4DFqbf5XqFPqe63YX6Zl650uLMdVaI01TQ6RmxW1aIDcooWMRtsbbYbBiukgmSykyAsQcy65nqdZ5S67WfV0SXx1yE9EM5hyZtkaeplBKj5WMKaWAKG7HceamDEwKqSm9rSnToJfcYPEWTk5+QbVaXZq3ZRRFePfuHcobHiobAXA/+j2zYu5L23t7e3j79i0+ffo084Hc39/HL7/8gkaj0Sc3XJqKA4B2VBfJIZVA1G6hVF79WFENZH4aHFykD1au2lFQVEAzNZRNXBQGTUKVUOB3IdrtdmaieY9KpYLd3V1Uq9Wl+yxMgjiO0Wg0cHV1hVarBcAwv77vo16v54RGm5wCSAHCkTywvXH9MaZWcDwBFI/BILIDMGakdoJtjVnPz89xdnaGcrmM7e1tbG9vP6rq5+DgoGNCen6FuMlRqRsPlWH4EhQQT3nfFwYNkLTbdHBVE7sIpdCZ/Nqu1j5IYmgNasx8QAnp6lu2rXBJ2lkh830PSeZ4P27LiuM4IJQiieMuZYndt0TGJgKwZ2LKOV+Km/wqgWQrv7aVxLQcxENePNm5tpHh84SUIvfdOL+8QZws13cjTVO8ffsWpVKI14cHAICN9Q20Wk2cfP6IFy8P+t6zVa3D9Tw0Ls+xvrYONsVzJ01TqGxbfeg1PvS8TstKdo8ppTDNqSEEWXw7heetZQpDCkoJXNf8HcYQXJo4zUyByLkwPxPyiyG5kzSFBnL1GQjpitJ1/dHXpNYaaZJ5OySFuXmXitZc91IOV1gjI57ZE2zHXgQSa/Aa+CCkY/BKCYXvB5BSdlRM9nIsJAYCRq2WJAXfDWd+0ehJHHV58agBrSkWxRnToDun6Llhv9da4+TkBIQQ/P73v5/LPk+Dn3/+GVIKVHc3H0W9ASyA4CiVSqjVarmKY5aic3t7G2dnZzg7O1s5U0jtKCAQILE5hFJyRO0WwtLakvesH0opSMEztcZDJqGAdkzqiaLSyCUXKJEfZ3ser+P+/h6tVisnNcrlMg4PD1Gr1ZbqpzAp0jTNSY27uzsApl2hXq+jXC7nA2ZEz6CQoD3i+Exq+mnmr1MqOJ7YikvvsYlgyA6tNUp6D4AxIg3DEPV6PVfPvH//Hu/fv8+JjsdSj4VhiD/84Q+4vLw0Zs3HbZQ3XaxXvYFGTM8KiC8TLHXytC5K2cqqN4CspYGQ7kJXa9N3TFle2FJrqjbGs8P3PAghkBbk9JO2rDBKEYQB0iQx/eqOA8E5PN9DmqRI0hRuYYJq4v549hlfnsLDSufTNAWldCh5WzxHWuuBJnldr9favIcSEGQEhj3fj3AM48gsAd7e3eP6trkSvhtJkuBPv/++6+9fW6sgiiMcf3iPvb2XcHsImLW1dbiOi/OzEwRhAN8LJtLFNu+bODj4pu/njctzeH7//NtGvFrPhklaSQxRRUyUpssAkEL9rbNW7c5zyUTKGsLDzvd838sKLyCOkyyRTz3ZlhY7dhhCNoEQ3eSD5/tjqdDS1LSmJEkKonVueEkysiQ3jH0I2f03X4+bp4viuQEAbwDRNJB47ekVKxJPlFL4cyJR+1tT0rFTUwaNEYO8QO7PGZrNJv74xz8urV46Pj5Go9FAfX8N/331eL6aC1mm3Nvbyw1H37x5M9O2Dg4O8M9//hNnZ2fY3d3t+t0yVRwAoF0JrQGamMMoRLoyJIdSEkKkEDNypVYAACAASURBVHwMk1AmDbHRZRLa33wy70nLoO1prRHIHbRarYzUeAfAEGd2pXueEtdFg3OOq6srNBoN3N7eAjCkRq1WQ7lczlebInoGgWySAJtc0n98ZkoymYXgmP5TVwKd40YQqSxpJVN1UErz9rokSXB3d4erqytcXFygVCphZ2dnJk+hSVCv13MT0k+fPiG641jfDlDe6F8tsCTHUy7Invr+zxNEEhDReSQHwWqPc4QQuI5jSAzGcof4WeE4DiilOclhIaUcu1ighCIIQuMlQSgYpYiTTpQsFwJKKTiOAy5E3j4RxzF833+SZtSDYNQwxulfZmobqRS8rMgtwnUcuAV5vRACBNnYmR1DU3CNNsybBOP2lBcRR/cF340r1Gq1pftuXF5e4vXhAcrl/vs2DEI4jOHk0wfUd/dQ6pkj+kGI/cNvcHryCVK08znOqONx17xFrbbd5y/Tbrdw32pia3Nr4PuK1/eoOYE5zzrzFqB5SwoXwniENVuIoghcSiieQPEYIjWpHpQyMC8AdX0wx4PLGMqVNaxVKqisrSEIfDgOg5QKaWLUW0+pfUVKacaPDLkHSWboypgDZ4z2HyF5pkjKvB18f0jhrY3yLSMVrfpt3vfkl4Dec+OOaSLaC84TQzBlyjZvjik4/a0pk5F8RR6mty0FAHC/jrOz37C3t/doc9he3N3d4ZdffkFlK8B6NQBOHu+zF0JweJ6Hvb09nJ6eYnd3F2tr0xf8m5ubqNVqOD09Rb1eXz03dC9TOnSRHPcIS7M5Yk8DKYVRafAUSg3v4TImodJ4ahQO5zKLjUDu5EqNk/t3hugIAuzv76Narc50DT02pJQ5qXF9fQ3A3BPVahXlchl+NkC2ySnkCNPFeUaz2pWASfClTPSLsMc0wll+3K2qw/d9bG9vo16v50av79+/R6PRwKtXr7C+vv4o+/jq1auc6Lg+u0bU5KjUPPhh/5D9TBJ8GSimpjiOv7KtKRaLbOmw/kM85eBSTN2yYqXHjDkolRjSpNO6kiQp4lYLjDGEJbOylcQJ4iSBw9iT8nEaBOsLAKDLYC+JE8RCDC+iYM7tqv79PI3B+Wr6bmzXhytIXNfDxsYmLs9OsbFVxcZmtev3lFK83D/ExcUp7pq3WK88rB6M4giO66Oy3u3fobVG4/wcG+vD3198rtsUo0HPEKPYoGDMKHS0kmhHMUQao31/j+uba9xcXRuDdy6g0jZkEoEn99CagDAPfhCAeiGYF8B3HGxubWKzuoXq1hZcL4DnhwhLIRyHIU1ScC4gpVp5haJRWyQFE1EGSlluXmkTNkZBKom0QOQO8nYghCAMw+fn/Jgojn2+b1oS3Umfp9qYk3IuOuSG581tTtzdmjI4NWVc9JIbxdSUMAzx/fffz7KrM+Hnn3+G41LUX5Tx95PH9f8gVzfthYwiWmv89NNPqFQq+OMf/zjTttrtNv7P//k/2N7exsFBfx/jMlUcFiRxQNLOoOQ6PoJHIDkMocEhpMkeHwZFpWmrYXJsCdQ0mKTYCtUu2u123h6gtYbneajVaqhWq49WTM4DWuuc1Li6uoLWGq7rolwuo1Kp5KRG0RdiGOZJahRx/qGNwC3jz3/+89jvub29xT/+8Q/cht9AsIdXlP/XwcdZd3Ep6F0xssoOC6voEEJgb28Ph4eHj+rRcXFxgePjYyRJgvKmi0rVA1twfvhj40vwFJkFNGWg3E7ACMqVjbmkG3wJsCoEW0gARlbsef5k10sWk53GSdZTnSJqt1HZqIARlrVj6HwVlVEy+WesEJI0hRSiKxYx/102YXccZ6lERu/kc9SRlkKg3TbtneeXN7i+beJf/uVfUK8P8J94BKRpir/97W8gUPjm8AWCcG0s8u327hZBWEJ9e3fg76+vG7i7vcHm+sbAgkopidtmE69e98u9z04+gRCjGnkIURRBwxSAQRj2jTeOw+C6DhzHJLUJnuKqcYV3745wc36M9t0VlFZQUpr0nUKMKbRCihCaUPiIjbqgoDgwXwwb2/t4cfgt3nz/O+OfQyi0VojaMZKUQ4rZzBYXiSRJILP2B0IIgsAQEHa88oPRajOtNeI4hs7GI0rIk/KSW1UkSdJF6rqum3tvjAupjKLPml/Pk/SWgqPdbubfKz+dWL0BdOot3flB/ry6+aTQaDTw448/Lq1175dffsHx8TF2v1nHb63fPfrnL2yWTgjB3t4ePn78iKurK1Sr1dFvGoJSqZQrQur1+koOANo3TJwlObhIgIggCOcsM9baGIRyDinToSy3hgYcDc2EMQtdcAExboFiSY1Wq4WT1m9QSsF1Xezs7KBWq61UYs44uLq6yr+klHAcB+vr61hbW0MYhpmfxg2iEdtZFKlRBMEsJqOj3/f/fewnH3uxiiTIKHPS9fV1VCoVNBoNnJ6eotFo4PDwsK9lblHY3t5GrVbD8fExPn/+jLglUKn7KK/3T6Sfqprja/YUIYoUyA0gCPqLja8ZjDGEYdjVsuL7HuI4GrtlBcgMD3lq0kAypCkHowye64E5Tp7AAphJbWQVI6umHB0BIUQXuWEIWZJ7cRgD0QRCSsgogjfAeHUVkSRtAMDtXTv33VgWuQF0fDe+OdiF1hpRuwnfD0fGOm+sb6B1f4/Pn47x4uVB35i9tVWD53m4PD9DZa3Sp5a6vbvD9u5e33bvbm8gBMd6ZfjikEk1UaCUQmaLYlrpjpqXEDiMwHUZHIchSWNcNi5wffoZV5cXuL25xX07Ak8lHMQQ8AFQOIiRSAqAwGOAAwGhKNqSwKPGyFESFyzzgZPEA784Rxq30bw6web2Lqrbu6jXtg1pQCniOFlJkiPNzJA7saMdItSOV+M8h4VIc3IDme/GM2YHpdQQTVmrEOcmLdImqIxCr+ErG1ONMy5mbU2xsNeYTbe13983EzQad3j16tXSyA3rJ7e5HaJc8YDW4+/DQpcht7e30Wg08PHjx5kIDsAkqpydneH09LSv13LZXhwW2heGQePmsHIeG1OlGY3itFaG1EgNqTH0dURDUwk4EtrR3b2t8+qXHUJkDNu+NXWM4xjNZhNn9+8hhABjDLVaDbVaDVtbg/tEVxU3Nze5WkMIAUop1tbWsLa2hlKplBXId4hw92DBuWhSo5dwWE+OUGXLTVFZdRLEnhOr6iiSHfX6bk50/Pbbb7i8vMSrV68eJV6WUorXr1/naSs3p7eI7wQqdQ9e0ClMFmkK/IzFwLY3AgBjLlxv9Qj8ZcOYE/oDW1Yc14U3xuocpRSeF4ASjpSb97ueiXW0Hga+H4ALDp52/DrSNIVmDlxvtVuGLJTKYhGze7939TIIAnCeAtlllmTGq6velhNH7dyn4PSisTK+G9sv1+GFrklvB5AkEaSUCMLyg+PvWrmMOI7w8fg9dndf9hW35XIF7ksPp6efEfp+vrDXarVQXqsgDLsVwpynuL66QHVreEEjM7PK3nQVpRWoprkpsOMYcqN930Tj8hwfP33AxccjtG6voTSDJC4As3KsQaBAQeFCAVBagykKRgSIpki1CwbjLSbAoOEAWkEShiS6RyO6wcXZCeovb9CO2iBKYa2yAd93QQjQbsfQvVGoSwTnHKKL3OgnB8d57sqs/cFinu0PXztc1wVjDJzz/FkxyXwoTZOuNhfH83p9R6dGV2sKeTg15SH0/j32/lBS4/K4jfX19Zk9MKcF5xw///wz/JKD6t7jt6ZYLFxnvbu7i/fv3w80CZ0Enufh4OAAx8fHqNfrK+vJoAMJgIBwM+BZh9xJSQ6lJAQ3Rl8PmYQqogBHQTEBTRdb0EzafpIkiYnhbBlSgxCCarWat6A8peLLtik0Gg2kaQpCCNbW1lCpVFAqlbI41ztExMjOHsNTYxiGkwiTe3B0GOLHm1ysAgnSS3QAhuzQgcbmPsXa7Q6urq7w008/4cWLFzg8PHyUFdC1tTX8+c9/xvn5OY6Pj3HxoY1K1UOl6oHQ8UjHVcVT2995gP7/7L3pVxtJovb5i8hVO0jsi7e2q29Vdd++7/tp5sycmb9+Ps2Hebvv7Vttu8ou22B2BAhJuUXEfEhlSgIBAgQSZT/n9OkCg5RkKiMjnniWxELq/ufGn+HWlFmA4zpIJYl6jQKe55LEMUYpHM8bS/liOw7Stkh64/hF6bJjO0ghczVHGEbEKkEFaiYXIVrrPDAV0lA8jMHzvV6LxfDfl2YDpAGIYdj/GxOl0D3Fyqz9jXEUEsdpZe3uQRPXdWcid6Na96kueCgdIkMnv5eTJKLdVvh+8dodY98vYFk2uzufaSyuUCoNk+Wu57H57AW7X7donZ/jex7KGBoLS5dea29vh3L5erJd9sbYi7YlrRTCdnFdC7dH5Cml+O3dv/j04T1Bq0miYgw2kSzimBCLEAHYhGgcQlHEtgKMimkri4JUaYWs5WMZgyTENx26SqKBkuiAMPlrHh8c0D1tsvPpMz//x/9k49kLfN9DSotuJyCO755RMCkkSTIcXDmmIuAitNGEUV8hYFvWo9pebwNjTK5OfmpIlMrnFbbtYI0R+Bon/apyBLiOM7Hx8FJrijt+a8ogLpJ9aTlBitMdTZIkU8/dCIKA9de1qZEb8AgEx/z8fN6ocl9J96CK4/XrYT/PrKg4AIyfkJIc6Sd3XJJD6yTN00jia3uutVQI26Ct4eaTy70nk8VVrSfQD2kMw5Dz83MO2p9z9rNer+fExqxNnK7D+fl5nqkRBKkap1Qq5aGn6e5+iy6tS+d+8FxNl9QYhMCYu4WMPibBMQ5G/b0PQXpctK9k19WZ67JULdA+kOzs7OS2laWlyxPPh0Bm6fry5Qs7Ozt0zmKqix7FyujJ1reecTGLEGY4WNR1C8gxJmDfOizLwh9hWVHdoBcod/M5lELiej5ztdrIe8KyLHw/fQ/PSxchujfRn7VnWFajq7VOMwC06e8uXyN5z6T0cRTCYPBqGOJY1qU604fA4Jm/6gmjdJJbU/YPTwjCiL/+9a95rtVjI4oi3r59i190WNzoEQoSdCGGyCB7Cl6j1ViWFcdxmKvVOTrYI44i5i4oMIQQrK5vcniwR/Okyebzl5de4/joAEvIG5VMQgjoVZF6novrekhLpk1DVlrnGkUhJ8eHbP/+G3s725yfnRIlEssIBAqbnrUJiWspIiUwGGwrxDIJCIMnNUgHjcQxAdIkaCOItEQKg41BCE2Ch0FimxATx3RVTCexef/LP+m0Tlh/8Qbf9/F8F60VSk2vSlYplSqjGAiuvGWuQ4ah2tEJ2x8mjcyOk9VoPxVEUYQgvVbjnmOlFHHUI9KMwbGdnNiZxAw4DO/ZmtLbZB6s84b+vO70uEuzec7r16+nlmH49etX9vb2aKwU8QoOnEzlMIBHIDggrY19//49W1tbI0NCx4UQgvX1dT5+/MjJyQlzc3M3/9KUYPwYjINI+iSHEFx60CmVhoTGyRghoZZCOAYtZmOxmYUxRlFEs92k3W4TBOkuy9zcXF7r+pSY306nk5ManU46qSqVSiwvLyPL50hLAG26tK99nccgNWBcYiOFucPiNp/835IYmQayc/FQ6g4pxZCiQ0goL2vcWpGzw5DffvstrQp8/pxS6eEDhi3L4sWLF7ltpblzRvcsobrg4niXJbOzIvG9Dt+SrUZGTj5rktK6s5VRa4MxOvfVW5aVNyOk/6577yGfRM7COMgtK3FEnKi+ZSUMcRw99sKjeM19mtaQpnWXALZlPWhzzF0Qx3F+fZNe3W0Gx3VvVLQIIXA9Hx1009fp1VA+BrkxLsJOB2NMnrvx4sWLmcjdWH9zOS9MuwlIhYhchEmvRRQFOI6LuCYrRgjB/Fyd09YZcRyzuHQ5X2NhcZlqdQ7XHSZ2ut0O7dYZc1dUwl6ElDLPZBsmNyykFJw2j9j6/Td+/eV/oRKDEg4JDlJYCBMhdIg2FiDQxkan/fPYBIDECIkvFXHPsmLpCCEMGkFiwJUCO5tWIIZ/RguiKGLryxc67RbCclhd36RUrgA+nU6AniLJgTH5PaaUIo6jW5McURz1a0eFmKl77SIycgPS8SUjOWaN5L2IbFzMid4xchtTS8pA7saF8f6+sxKlkqGN67tYU65qOgKIw4Tjr20aCw02NzfvfqD3QKfT4d27dxQrDrXF4lTVG/BIBEe5XGZ+fp7t7W2WlpbuxQKurKywv7/P3t7eJYJjllQcAKYQQ7dPcqTsnUBakiROrm0+MRiwNMZWGEtj8gfCdJGRGkmScHJ+wvn5eU5qVKtVVldXqdfrT4rp7Xa7OanRbqfERbFYZGlpCavS6ZEaHUBO1XqS4TakxiAMT2ORe188JNFx0bpijMHxJAsbRc5PI1qHZ/zjH/9gbW2Nzc3NR5kIVCoVfv75Z3Z3d/ny5Qv7n0bbVp4KcTCyz/0PBplIRDJgTbkhjDoLBsz/P/vvyz+YTsBH3OdPaUweF47jIqUi7qk5PM9NJ7e3sKyMguqRG4lSeTWtW5gt+5DWOpXLD7TLZOfAvkUtYpyki4FMDTNLn5Mw6PQUHDF7h0fU63VevrysYHgsfPr0Kc3d2KjgF644T0bm5AaA75euJTcGUatUabfbfN36zMraxqXnxyhFzsH+LtVb5ECJLJGQNFzU9ixc186DGT//9pbff/0FrRSxKGCQ+Ca1kyRG0lEWvtRpYK0oYIsA26R2lUh4GAQuXWxCYi1zu4pjaUrCEAuf+MqfSfBNh1j4HJ+2+a//9//Btf8vypV/w/c9tE7VJ9MIHk1VXX6qHBsIr0wb89zxcjdUqtIGUnLDtrFmlCxIkoREqeHxpVej7dj2zJG9GZRS+bgIvWyTMZ4DURT1qn8jRK/RcZJI4n5+orFv32Y5avNn8Ovm1wQpLd68nq41RUrB0npl6uQGPBLBASkx0Ww22d7evvcDamNjg7dv33JwcMDi4uKEjvBhYAoxdByEykiOztU/K0xa42optD07C9FBUuO0fcr5+Tndbiq1KpfLPH/+nHq9PpPtNlchCII8U+P8PI33LRaLLCws4FS7SFsCKSGV4eIA85ikBtyd2BjEXVtUnuIyc/B8TZrsyK69Uv3PRKnqUCzZnB1HfP36NbetPNYYtbKykttW9vb2CM4V5YYzZFv5blWZPgQgBlpTHMfHsi5PFsMwzAmN/i8PX7ds4tn/nejS9yCdmN42f+epwLIspO8TxXG+K5paVrp4njeWZWUQ2uhcQt46O8VxHATpM8N1vUcf969CZgHN5PJKqbR9gvF3hZVOyaEMs7Q7G8chUZRunuwdHuM408/d+PDhQ5q7UR891xH6su3MvuUOf6lUIggCtr/8ztLyGt4186r9vR1893afcSEkoHr/TU5utM5O+PzxNw52vxKGCUoUUmuqSegqiSsVFqn9xBYaaQyGEKU0GgvXUim5USizuLCCFNDtdDncPwDhoBDYIsAhITGSrrJwpcJG40lA9n/GIgaVEKqIz79/AGnz4k9v8FwHozWBUqM43AdHpm4KBzKABi0D12EwtDIMo14+zuySBFEU5WOp4zjEcZy3L8VJgjYadwSxo5SamlJw8BxndsVxMlKyWICc5PVG14PfJ2g0HiA4tHN1BMEojJq3D65HTvbbtFodfvzxRwpTIuJ///13jo+PWXpW5Z+HL6ZyDBfxaASH7/ssLS2xu7vL8vIyxeLd61Pr9Tpzc3Ps7e2xsLAw9EGcNRUHgCkm0LFzkmMQ/ZBQBbdsuBjrvW8p+b6YqaG15uz8jPPz8yHLxubmJo1GY2o3010QRVFOapydnQHp57LRaOBUAyxHAiEweoKXdrg/PVIjxx1sCrepiZ1lPJSqw7JkruYQQiBswdyST6Fi0zqM+PXXXzk6OuLZs2f3GvPGheM4vHr1ioWFhZ5tpUXQUlQaDo5nzXzLyqhU8D8aRGQjdI84lPJKa4oQIpUHD+ygjf452bNP6d7PpeOUSN8glcUKkcvS/4gQQuC5LrEQxEmS77De1rICabtB9tmrVqp0ul38gk8YhIRZNe2UrT5RlGaCZJ8Lx3VwcInCMCVkxtixNMYQh/0FlzVDQYdaK8IgnW8cHJ3SDdLcjWltokRRxLt37/AKdj93YwRk2FdYWJZzZ9uZ7/vYts3O7hYLC0uUy6P99Ekc35qQyjctevMZ27boBl2ODvb47e1/02m3SIxECQuXCGMSlJFpD4o0OEaQToMM0iQkCAwSS0oqpQrVhWU2n60ipaRzdoKD4aQdp80USiCMAmNIDFhYSGFyS4tCQK+BBQHK2Ox+/YqQNo2lZYqlEo7rEEVJbp14bMQDC+hRIb5XIWvmCMNeNsQMKaUGoXWP4O09d6RMs0Ys2yYKw9z2EQYhQTI8HsZxTBzHveamxydvoijCQI94kuPlbmiVkyIYkzewXIWhdsoxjyuJozz/zkg9lJ14HW7K3DDGEHZjjnY7rK6usrJy2dr2GDg5OeHjx49U6j7lmpsK3qeM/9jYejyCA9Idxqw29ocffrjXa21sbPBf//Vf7O3tTe2ijg+TBo92bYSW6QfcUj1S44He8Q47tZlSwxhD67xFq9XKSY1iscjGxgb1ev1R8gUmhSRJcvvJyUmaduN5Ho1GA6vcwfFsIOIqUgOeplJjNG7fotIPGf1j4CFUHaMaV7yCjbthcX4ac3p0wt//3mR9fZ1nzx5HtletVvnLX/7Czs5OblupLnhU6v0HfpbLMWskxx8ZQos8hBDA8wojz3+m3kh/Jt2VlzK1NyJS37yQYkh6O+paGqPpdtPdousynv4ocHqJ93FPzZHJyJVSuGNaVlLbi5UGjPoenW4WEu7NRKWqUiqVjveQSrDTicRtWnjiOErbHMIIjMGdod3koJvmbpy1OhyfnM1E7kYQBGy8uTr3zQqdPnHJzbazm2DbNvO1eQ73d5FCUixdbg5c23jG/t4OZ+ctqjc0qGTInulSpqGiAIdHB+zsbhO2T+lEadVr1nKCNJSEQQiDwSGSRVzTRWCIZBFbBHiWwS1UePnDD2w8e8HcXBreG4Yhyysb/PqvX9jb/kKsIcJDC0mZDrG82q5iWxaRLEIccnpywIfff+X5s5dUyjUc10YHj6/iuEgsXhfiO4g4HmjmIL1nZ/W5G8cRpkduZFlHkAYz+34hzT3K1BwD46Ft23nTTZaB8Zh/ZxzHqJzkH+8cG2NywuohVTVRNGxPGRdXZW4Mbv4cb0cUi8WptaYYY3j37h2Oa7GwOr1K2EFkc/tHJTgsy2JlZYXt7e17h4RWKhUWFxfZ2dlJd+AHPpSzqOJAGigkaW94xt5NYL55FZFxmzrX7HXO2+c5qWGMwfd91tbWaDQaM1vLOwpa65zUOD4+BtLBrtJwKZTtXgBjBNgzkamR4eGIjRR3yeDoh4z+8XZ/J63qGEV0VOZcShWHs8OQ7e3t3LbyWJP11dXV3Layv79P9ywZsq1ctTMwC5ilY5kURNh/5Nq2i+OMniDn6o0eDAbPv37BNHoyJIF0shoG4TdBaFmWleYD9Lzy2U5kt9vFH9OykjWM5HJn3yfKg0x7laphiDeFhUp8ocnhLjWVSZKQ9JQu6WuNlmQ/JrJ3D4IuSsVEUczO/uzkbiysl9NWgBGQiTWUqeP5JeSYuRvXQQhBo77A7s4X1jZejCSwlpZXOT464PTslFr1cvDpiBftVQW7WJYkjkKOdrY52PlKoB0sEWOjEUITKonGTqX+JkIZTWwSLKFxhMYmpFyu0GgssLq5mQahzs3l5J+UFpZl8/rPUK3W+Lr1mVarRRR0kLKXJ4QAaVC46b0qEyxhUDp7r4TgvMXXD+9YmJunUq7h+y5Jokji20n97wOlVBrk24PrjJftkIaRDjRz3KAQmCbCKEpbmAYInIvjguO4SMtK1RyD42GPQB9UeHS7XVzXfXBlmNI6PcdZJeyY5zjOAl8zkvcGwmqc1qeL0Fqj1ADBYY1HcFz3rM6+f7DdotsN+Nvf/ja1z9T79+9pt9usvqrxX3vPp3IMV+HR9YhLS0scHh6yvb197xaU9fV1Dg4O2N3dnVpq7G1wUZZ0sZXh1q93h8lqRmhkaLfbtNttzs/Pc8Z1ZWWFer0+tZqhuyIjNY6OjnrBTw7leYdCxcH1L9/8087UgIcnNQZxH4Jj1mpiJ4mHIDqySlljDNISzC37+BWb1lHE+/fvc9vKY1i8XNflT3/600DbSpvgvGdbcdP7YtqLm6vwR1qQy9hC6v75vo6wEL1d1myyCHf3Ng8+Z/5I5/MmZHkSWZ2s22tZsW11qYniutdYWV3Bkv2AwWwOHIZRL5fDfbTJZTi0gyzG/jsGoY0e2lG0bXtmFlxJHBFHqWJm96CJ4zhTzd04Pj7mw4cPVK7N3RDIcDhTx7nDdbkOiwvL7O9uY9vuyPDRemMRx3E4Pjxgbm7+WtuKFKktJVVvGJrNJs2DPVrNJonwcaVAYlC9hpTECMBCCAdjEtAhwtI4rk21WGR+aZ2V9ec8f/m8Z4/qjy8ZUbi6vkGxVEbYHke7nzk72qPTjREmASNAgkFihMAWBil6Y5UOMRaEYUy8v0Pz8JC5+UXKlQqOHaGVutccelwMZTv4HrZtY4+x0z+Y5zOqmWOWkCnd+goID+sKki4dDwtDuRJhGA09r7K8jqzG+iEVb/FQ7sbNdcnQC3wdJKxumT807lM07jWzQEpujBMuetU8ffDeOj8LOTsK8gzEaWBvb4/t7W3qy0UKJQfOpnIYQxicx0/FcLm8vMznz5/vHRJaKBRYW1vj69evLCwsDC0WZlLFMQL3ITnGDTbK8jQydLtdWq0W7XYbpRS2bbO4uJhnmzwlNJvNnNjI/pbSnINftvAK13+8p5GpkeExiY0c33AGxziYpH1lMIQU0vvQK1j4m0XOmxEnR02Oj4/Z3Ny8V3X2bTA3N8fc3Bzb29t8+fKFbium0nCpNiY7Gf+Oy7gUPugVblyEZLAsa6zJ9JWvJWW+u5ZVyX4rsG0baUmiMMwVc8oZQwAAIABJREFUGHnd4ZiWlWySn1fTJpI46qs5wijCdcYLs7sPlFKogXaATEJ+W6QTbpNLsmelNcVoTZDlbhye0A1C/vKXv0w1d+Pt27e4vs3ieuVivm+OQXLDkva9rSkXkT155+bqBEGX7S+/s7y6foncqlTnKBRLfPn0Mc3DqFaxR6iVpJR4VkrKtdttfvv1I62zFlIkeVuKwc7tJ76JwCTEwkdLjzIdhDSUKnO8+uk/WF5ZpVqtYdv2lZ9HKSW12hw//VzmYGmBrU8f+PDL/4dnKTDpYnGc1pWd7a/YXoU///jnXKml9cOrOKI4TrMdfA8hxs/diKMQw8M1c0wKefNID45t36i6SFVAXs/OF+bEiG07WLaVjrc9kiPp5Ro9lGVFSAm9fBPPcwl6WUlXje+pNa9PPNkPmD+UJOPbUy5mboz6NwCVaI63u9RqNV69ejXZAx4TYRjy/v17/JLD/HKJf3ydvsjg4rx9KgRHo9HIVRz3bRhYX19nf3+fnZ2dqV3o++K+So5RuKjUCIIgJzWSJEFKSaPRoF6vT439uytOT09zUiOO47S+qyzxKw5+8eZJ5jdFagzA3CGDo29R+eP79wcxKVWHZUmU0kO+yfK8S7Fic3YU8eXLF46OjtjY2KDRaNz7uMfB+vo6CwsLfPnyhYODA8K2otxwKZRmI2DwIv4IqoNBcsOyHFz3+kXb4N+rtb5yJ20cCDmc0/GtIfOOR3HUt2T4HkGni+ffvmXFkpIku58za9fA9XmIFoF8B7lnt0lVF7e/X+MkQqnxJdmPiW63gzE6zd04bfHixYuptuS9e/eul7sxfyW5YUUOQvfvL2/C5MZFFPwCtmWzs/2FpeVVCsXhPDTbdnj5px8Iul2Ojw+Jw1Ncz6dY8IcsM6VyEdd1ODnucLTziXY3ROFji4BQSQxgWyGWSdAGIi2xLIVrW3heiaXVNZbXNlld30yDP8cgYKUlcS2XemMBKQSObbH3dZuz5hFJ3O1ZVMgtKsZYKOEiMUgUAsPJ6SnF42aq0HVtgjC68X3vi0vKhjGJxTR3Y/hem8XnWFq92x8XLcu6lQLJtm2EFMS9mtVMxZNa/ELoPerCICQMwwdpavLctB48TpI+yXFNi9agqkYKcWdVzU2tKiqJ0TolNYwwaPv6efRVn4+Lz+3DnXPiOL53luV98P79e+I4ZuXl/EyQG6MwtRnt6uoqv/32G1+/fmVtbe3Or2PbNmtra3z+/Jmzs7MhW8VTUXHAZEiOi6RGGIacn59zfp7eDEII6vV6TmzM4mB7Fc7OzvJMjTAMkVLglSwqS4WhhdksZWpkmDax0Uc/b2Hca98nOB7qmGYbk1B1WFb6MM/UHADSln3bymHIu3fvaDQabG5uPoptxfM8Xr9+ndtWjrc7FKsO1YbbaxOaDcxyRsi4kIlEqEF//s3XN5sAZkGZ94FgmCz5VuH0PPNRHOeT4NtaViDNFfB8n7Ab5EF7URDg+j5SCKIownGcfLI/CeTXrXcf9HdEx180pZWwcf51Fsg6CwiDLkpFRFHC7sHxTORuHBwc9HI3Rk+TZSIRcf++9v3inUin6zBKP+k4DnO1Ofb3vjLfWKRavay69QsF1tY30Vpz3jql1WqRRCG+X6BULOF5HkolBJ027bMDosRKLaykGyHKGGwdIYTp2VTAsyXVcpHq/ALP/vSG5dV1isXi7W3ShQL20jKFUhnL8ZGWQ6t5iIoNRqncoqIRJFhYJgYTg4Rup81565QgCCgUClhS0u4tmh/i2aC1HlY2OM5YZPNQ7gbgOLNjA7sI01uAZyxeWhEb4oyogL0KlrSw/AJJEg/9TjY+DYWSBsGDNFFlxMrF8d1xDc6Aui4akbtxn8/Oda0qgxaem7I3RoeEX25NOTsOOG+GvHnzZmrZiFtbW+n4uFbuZRpOHxfn51qZ6REc1WqVWq3G9vY2S0tL95IHDWZxPLXciEHcheS4itRot9u5Z3B+fj4nNWZ1kB2F8/PzPFMjCAIAChWb+YZPseSMpE6zgWCahAbMEqkxiNsTHJAutv7IGRzj4r6qjozoGLzH/aKN/8ym1Yw4PjzKQ0gfy7YyPz/P/Pw8W1tbfdvKgkdlPt2tmhVi4WJy+FOBMCAGrSluYexF0ODfrI0ey04x8nUGxsKneA4nib5lJconwUmSYLTGGdOyAqkqRFqyHwQrRE5uDPr1lVIT2bG0rDQDJOzliQC9Y49vIZd/+LaAuyCJI6I8d+MI27ZnJnej1riiwlmDjPrnPc3deDgrjWB4ISWlpD7f4LR5TBLH1BujlS5SSqq1eaq1eZRKaJ+3iFUMGM7Ozjg5OcEYg02Yv49nKWJ12SoyN7fM6rNXvPnhBwrF4rWWlJtg2zbVapUffvyJemOR9+/eIfa2OGudDrxvapnpKkmMRVEm2ISY8JSDgwOWlpZwPQchJUEQ4DjOxG0GubKhl+0wzr120f5g3aJKdhqwbJuCZRGGYT62ACilcT33VurBUTY9x3ExxqR5F8YgpHywdUg6vqcBqNn4HkcRRmtcNyX1kvhxSF5jDHHcz99QVnKl2uO65/LgPRaHCUdf2ywsLDzaHPEiWq0W79+/pzznUW34M9WaMoiTvWB6BAektbFv377l69ev965PXF9f59dff+X4+HjIcvGUVBxwM8kxKlMjiqI8LDQjAmq1Wi57n5Vu+3HQ6XRyUiOrqPVLNvOrqVLj4vxzcLE+bVIDZpXYSGEu7IaPi/T8ftsLo0Hcl+jI7vHBz25l3qVYtjk7DHPbyrNnz5ifn5/YcV+HbKz48uULRwdHdM9iqosefnFYHTVNomPaJMtdICMbYbLxyRpLvZH/ruwvoI3WYN1tIja4aP+WFRwZUsuKf6llRXW7eK6HNcbzMspqH3u/77pumpGhVO47h/R8B2GIY9v3JhSEELmCw/PcHkkxJrkxsGspjMGbEXLDGEMQpuTGwdEpQRjx88/Ty92I45i3b9/iFWwW167eHRWhnT8SHyJ3Y1zUanMcHO5Trc3dmAFjWTa1uXksKRASWmctTnsER6QEIHAthcIDCR4JSAeFwBYBi0tLrK+vU65U0k2Pe4zHWc6A7xeoNxq8fPWKpHNCp9XEkwy9ryNBGYuYQtrkksScnZ8wNz9HqVimVCpwdnZOFKVtHu6EFq0ZWZkp6MSY5Gdqf+jlbsDM5m4MIr0WPnEUE6u+zSMMAlzXu9ca4mL7zEMTq7KXlZSP7wB+OhZnc99JkbzXtaokA+SGlgpxzSkc9146/NrGtu2pW1NsW7KwVp5ZcqN9ltA+i6dLcBSLRRYWFvIsjvtIsxcXF9nb22Nvb+/JZUpcxCiS46JSI47jnNTodtMJQrVaZWVlhUaj8SQG1QzdbjcnNdrtNgB+0WJuxadYshHW6MAd6O+KTxOzTGoM4+4Ex3cFx2Xcx76SknHD97nlSOZXC/jVmPOjkH/9618sLi6ysbHxKBP+QqHADz/8wNHRUUp0bHVT28qCi2XLXFHwFImGaUAogUj6j1jPu93zbfA830d5kS0msoX3txY0ehUutqx4nksYhdj6esuKUqq/CygEjmUhhMh3bWG4/SYMI+IkQWl9r1rZaKhBhbHzMy7K5V3PG8plmSaCbhujVZq7cXLG8+fPp5q78fbt217uxtyV5norshF64L6+BWn5EFhcWOLz7x949fpm1Uv61DEIRK89rw3G9GwpAktLtBQp6WcpEhx07+k/Pz9PY6Ex0d33LKthdW2V7Y8FhDDYaLQQ+ftaGIwAhYUlLOIkodVq5flrjmPj+15O4E2KULQsKyUxB8OJlca5RtUwZH+AB7POPBQc10EqkVpJen93FIUYre7cDJS1iIRh9GjnQgyQHFkddl5f2yOevAmvkS7ZUwaaqnAubyzcNJe6+O8n+2265zE//fQT3pSykz58+MDp6SnLz6tY9mw8Qy5CRZrmToe5ubnpEhyQqjiywNHXr1/f67U2Njb45Zdf2N/fZ2lpKf/+U1NxACyVXtNqtYa+lyRJTmpk6oZyucyzZ89oNBpT2/W4C8IwzINCs7/TK9rUlnwKJevaHIBscThNPB1So49siXQ3guM7rsNdVR0jycySQ6Hk0DoOOTg44PDwkM3NTdbX1yd2vNeh0WjQaDSGbCvVBY/yfH+yNi3rylMiWAaDRR3Hw76lTHmQhLiv8mJIDfKN21QGkQbkSeIwzCfB6UJG4XiXaxJT+8kF+bmb7nRmSpDsumVEUkZIhEFI0O3iuO6td0STJCYZCDr0xrTTDB1vEM5UJWwUdkmSiCiK89yNaQbFZ81+ae7G6MWxVBIRD5OW1gO354yDYqHI6ckxtbnrN/e0MQhjMEYSJYowSdJ2kAFbim9iXEvnzSbQazlxnInX3wJIK1W2ScsmMZLOhWPoaguNoSTShpc4Tmg2W4RhjDG61zJl5y1JYRDmuRn3ITkyW1iW6QDkqgbHcS6ppy7aH1zHmZl77TawLBvfl7kCwvO9nKAdt3lq6PUcGx3FF1qnJm8nGoWcxI7jXG0H6fj5kPOIKApRA+0+2hp+9l7XlJL9+yCCTszRboe1tTWWl5cv/d5j4OjoiE+fPlFbKFCueTMRLDpqvt3cDxFC8uLFi+kTHI7jsLKywu7uLsvLy1QqlTu/1tzcHPV6nb29PRqNyTLNj4GFwp+Gvq5UKpyentJut2m1WjmpUSwW2dzcpNFoPEog4aQQRVEeFHp6egqAV7CoLfn4RYntjr5es2A9yfAUiY0cvUHzTk0q3xdFY+EuREf2+b5IdFTqHn7ZpnUY8fnz59y28lhVzplt5fPnzxwfHNM9T6guuHgF+8lmYjwWZGTn7QpCCjzv9hL24SaV+53rVF6teq+ln9yz8SFhSYlVKKT5FgOWlVHy7CgKMWZYfh5FEeqCskIgCMMAz/NJkngoZC+K43Sx0AvFuwlKa6L4QtDhmDkucdw73iDs1TrOhrJTJTFhz5qyd9Ccuuy62Wzy22+/Ual7V+duGBCDlbC2i3tLVdZ9cN0npVgscnp2eiPBkS6sevk+SYCJuoAZsqXYQqM1RNrGkQpB+t+Kq20pp80jPrz9J0op5uYbvPrzz0jLuvL7I4+LVK3hSY2QdmpRIcCRGmUEXSVxpcJWCUnnHJPESGkhhMaxXVSsUFrleTiTsEIIIfDcVL0xtOCP41zNIYW8nLthySdlDb8IKUfb+K5rJrkKju0iRb9KNhsDtdb3Go+01milUMZgtMa+otrWtm2klIRh2GsHsh4ud4M0tDUK2v3v2Wro5r1pzB81tzrYalEqlXjz5s0kD3dsKKV4//49XsFmYa08s+RGqxnTPY959epVGmY8heO6hJWVFY6Ojtja2uLHH3+812ttbGzwj3/8g93d3aEdz1lVcVwkNSBl8U5OTmg2mzkRUCgU2NjYoF6vUyqVLv3OrCJJktx+cnJyAoDjSSqNtCrzIqmR7dB+JzUeAnezqEgpMcl37/5t8L+2Nu5oWxlezDquRX2tQPc8oXUY8Msvv7C0tMTm5uajLFYKhQJ//vOfOTw85MuXLxx+6VKqOVQXPKT1+JaVaStIxoHQAjm4y+sWh4I+x8XgJMzcs6ZZfg8avRGe65LI4Z3LQXl2nOVuDMjPjTEkqp+O77puvsPpeT5CiLS9xbLyHWZIF0FBL4D0JrIpkzrfNncjSWKSpHe8M0RuGGMIeguA/cMTOkHIX/7yl6lt1uS5G77NwtrVG2wydPI8HSEkvj+d3I1REL1Fffu8Ral8zd8gBFbP8qujgCQKUEoM2VIwkthIYgMSCwHE5voUrtbZKf/9n3/HqJiNZy958cOPSCzOz05598//RZLErG++yr8/CgYLhMSXisC4qWVGCGyRNrtEGhwERieo4BytYoQA27bodAOU7t+bzoQ/65nyKRoI4sxye9weAQK9bAfAneFQ0dsgVUAIoijOx8S7NE9ZVto8FYXh0Biog+DGEGbTIzCU1ujef+vsGTbwLFNaI3qkx0VyKyNswih68HGw22331dJSo7y+que27YXGGI522kSB4qf/eDM1a+m7d+/odrus/ak2s/OHKNCc7HVpNBq5ymUmCA4hBCsrK3m4XqPRuPNrlUollpeX2dvbY2FhYWpepeswitQAODk5yf9njMH3fdbW1qjX6/dStjw2tNY5qXF8fAyA40rKdYdixRlZK2SM6eVpzM6C5Y9DbKS4n0VlNge1WcZEbStlm0LZ5uwoZH9/n6OjIzY2Nu5VsX0bLCws5CGk29vbedtKqeZMxTYyywoSEfYfq7bt3lnWnZ3TbGJ5n/MsJmh3+SMj3e1LdxsHJc1Kq2Hi0bawLCvPv0pbFuyhoMfBa2VJi0KhQBSFJEmS72QmSXItwXHX3A1tdN7kAuBYs2NNCYMOWmvOWh2ap62ZyN3odrusv65dubEiY2uo6tn3izOXY1MsFjk5aV5LcCAg+xPjKCAIupdsKZHw0EJSpkMsfTTpf9vi6vFWGUlb2TgDsvzbIhYusfBw6aJUjEGAbYiFnx+PkAatDFH3rEdwCCxLDjdj2DbWA1ybNMfIJ4ljoiQZyKjotRP1xgvnge0Pjw3bdhDSIh4gfpMkQWuN447fspKGOxeI4yhVtPXGwCAIeqqQ4ddJs0xSBRojzmc2JkJ67rVKLVdXjXNCCPwHXg9GYRetBqwpA+TGXZ7f52chp4ddXrx48WiB8xexs7PD7u4ujZUiftGZ2WDRk/3UOvbixYv8ezNBcEA6gc5UHPchOCBtVNnf32d3d5fnz5/332OKKo6rSI3T01NOTk44OzsjSRJc12V5eZlGo/HkKm8zQuP4+BitNbYjKc87FCoOrn+T/WQ2Hgh/NFJjGHdcHH3P4LgXJmlbqTY8CmWb1lHEp0+fcttKrVab3AFfASFEnvfz+fNnTvZPCFoJlZ5t5TuASCJ1f6y7bwChkDJtUAFMLxzwtkgnVtkLiu8Exw2QUuTy7GQgZBDSiXQabOgOtSwIblZIxHE0tNMLXEs6JElyQR0yvv89Cvu5G1JKHHf6OREAURgQxyFRFLP3RHI3hJZDeTquW7h1ns6kYLj6KW5bNjqJCYIu/oVxJ45jHMcZ/l2jkUbjSYYsITYJiZEE2sIWGlsopDTXjjzz9Tr/+//xfyJNQq1aQfYWvXP1Bv/jf/u/MVpTqvS/P/L4SbBJEBjczJaS2NiWxukdQ4IHCGwT5Lv3F/MM4iRJScEH2qm3HSdVZA20dGQBlq7jPAi5Mm1YUmIN1lT3xr2wp8C4qcFnEI7jIoQcsqyEUYRj2UPjVNbUYxgmM/J/71V1J8lwc9W0Nj6SJCLq2e4gJTe00GCuztwYxEUCRMWK4+028/PzvHz58sGO+zp0u13ev39PseIwt1SaWWvK6WFI2El48+bN0HN4pmaly8vLfPz4kd3dXVZWVm7+hSvgeR4bGxt8+fKFhYWFIUvHY5IcV5EarVYrV2okSYJt29TrdRqNxqP56yeFZrOZqzWUUkhLUKjaFCo+XmH2MzUy/LGJjRRZTexdFjjfFRz3x11tKxdJDsdLbSud85jWQYf//u//Znl5mc3NzQevYINUJffjjz9ycHDQt63MOVQbHkI+nm1k1nbJhAYr6T9cXbdw7YR+HEghyJa441TFaqMx2qRedK3R2qAH7C3ZhNJoPTNNGrMK13WRmfe+N6nPciySJEmVGNnCZoy2hHxiHw540aMob1e5iCRJ8oWEc4W/fBTyJofehH9WrClKJYRhmiO2d9hEWtZM5G5U6z7V+uiAdmFABP3zblnO1FtTrkOhWOL0pIm/MnyM7fMzXM+jUq7kJImQNpZt4euEmLSWFS2xRII0AmUkllHps/+GobZarfLXv/710vdLlRo//Py38Q5eJ6BjkAzbUkyMRJOY1EojhESKfn6NMQbP89G6M2wBG8P+cFcMZlRkLR1XZUD8kTAqjySKIpTSt2qMGczFyMbCWCXoUPdyLPqVrhk7n/2OkBIp5MD1D4bquadB4Kc5R53+15ZC2SonN8b5/Ys43GmTJHpquRuQWlO0VjTWqjNBboxC2FGcHYYsLy+zsLAw9G8zdTfOzc1RqVTY3t5meXn5XhPY9fV19vb22N3d5U9/Gk00TBpXERoA5+fnuVojitIO5kajQb1ef3K1tqenpzmpEcdxSmqUbQpV7xKpMUt1rhfxLZAaw7h7Tez3kNHJYJJqjmLZoVh2ODsM2Nvb4+joiM3NzXuRw7fB4uJiblv5+vUr3VZCddGjVE1JlqfUeDIJyMjJfWBS2hNZCA1VxWrDFfb1/s8YQxgGl76fKQYGf+7buTJ3RzapzqwiGVkwaP+wbQdrzIWNbdtIS17yoneD4FLrgmXb6N77xInCdm6+n5QerrB1HWdmrBRBN83dODg6pdMN+fnnn6eWu5EkCW/fvsX1bRpr5SvPa5q70QsLFhK/MNv5Z57rctw8QqlkKAiyUq3x8bf3rG9sMlerICTYro/jFonCFrYJiXXaolKQCsfSlERqD4kRuHSvedfJINCpaqQoE+IBm4yQhkT321V818YtVJG2i9YGpdIFre8XiKO0QSW3P4ThgzZ2uG6ar5PE8cwQiQ+NzMYXx4MKFggChTuieeoqZCRRHPfH0qGmE3/YTpIkCcXi5fvPsiykkCQqyYOcH7sKPbPdARhh0F6cPl/HUG2MwulRl/OTkDdv3kwtc/HTp08cHx+zuFnB9WaDKrg4bzbG0NwLKBQKQ9aUDLNx1ANYWVnh/fv3bG9vs7Fx9wWoEIL19XU+fvzIycnJkDJikiqO60iNTqfDyckJp6enBEE66cxIjUaj8aQm/61WK7eghGGIEFCsOFSWChRKoz9Gs1DnehHfHqnRx10zONIHxXdZ+yQxqRBSgOqCT6Hi0DqM+PjxY050PIbFTUrJ8+fP+7aV3VOCs9S2cpUtbZKYFRJFJnLIoz+pXd6hqtgxgkbz3I6e4iCbYMn0xZBSItMahYkc37eA/kQ8ToMGo2jo/CVJDGL8YMGrvOhhGPbqJx201mm4aO99HNceS+IcDTU5WDOzoxx022itODvrcHxyxrNnz1haWpra8YyTuyGeQO7GKBT8IqcnTeqNfq6JZdlUqjXOz07wPJtSsYB0faTrQ9giUgJtBJ7UWMKgtSDSFpaVfn2TgvO+LSoAjjQ4Is0BUVqnljyZNrwYAZ5MG16EtJB+CWGl+U9KqXxO47ge0rIJgyCvjB1s7MgU05OEbVl/SFvKdZBS4Hlpm0wcDwSQ3tKykiri0sySrGlq+N8lliXSay7kyOd99l461FOpQs9sdxm0F2MEeXbIbZ+0UZBwuH3O4uLivdbA98Hp6SkfPnygUvepzvszod4YaU05CIlDxesfX4wcm2fj6TeAcrlMvV5na2uLxcXFe4WErqyssLe3x97e3iXrR0ZM3IXouI7UCIIgt59kAWTz8/Osr68/ueradrudkxrZ31Io28w3fAql0ROuWbSfwLdNbPRxdwXHrAY6PmVMMoTU8Szq6wU6rZizgxb//Oc/WVlZYXNz81EWOeVymZ9++om9vT2+fPnCwecOpTmb2kIBIR+29WTwszkVssOAGPLo+7fyJF+H4arY29c7e73Au1kggZ46MvuX67pYSuXWFc9zSeI4b1sZNyfDcVyktPoy7SBM6yf1sKVISolj30yexHHUr7A1BvcR7GrjII6y3I2EvaM0d+OxVLWj8OXLF/b391lYr+AXR59XoQXWjORuXMTgyD/qri4UChxfIDgA5ubmOT05QvcIAct2sZw00yLTc11qURnTojKJFhVHaBzLoIwNRiOMAZlaVYwQ2MIgBUjbwitVeqopgzF6aI5iWRZ+sZCqpHq2hSwUU2tNotTElU3f6vjqOA5SiLxiO7OsaK1w3dG2r9Gvk46FSqtUASIYWwmSYRpV6Crp2+4AtJ2gpUIg8vyQmzCk0jSGg+1zXNedqn3v/fv3uJ5NY2U2cjdGoXOe0DqOWF9fvzLaYeYIDkiJiePjY7a3t+8dQLWxscG7d+84PDy85M+BYbLiOrLjOlIjDENOT09pNpt0OumHvVarsbq6Sr1efxRf/KTQ6XRy+0n2t/hFi7kVn2LZYdTc7Tup8VRwd4LjG31+PwomalupOBR6tpXd3d1czZHVZj00soDkL1++sLu7S3DeprroUqw4f1iSzIr69ZFSWngTrI8croq9+fz1K0pTVcBT2HF+irAsK68dHFUbOS7BZVkWfsEnjsJ89/JicOE4lZeqlwkyWGE7C4surRKCIMvdOEbK6edu/Prrr1TqPrXG1QswGfav36znboyCazucnZ5QrfUn/p5fQFp2PiY4to3rOHTIiA1GtqiMY1GZRIsKgMEmkkVsEWCbEAHYDNtnSo7NfL2M67mA6C1sh8nfTCUVRSH0LnN2X2mt83yOcch/pTVojbTtGdMjzwYs28aXMlVy5FZIF626ON74LSuWZd2LlBhch+hHmmsM5m5oqVBufGncvSoYeJQapbnXJmjH/Pzzz1OzPL1//55Wq8XqqxrSmo1P/MW5sVaG072AcrnMs2dXt7rMJMHheV5e9bq8vHwvD1Kj0aBWq7G3t3ejLeSiquM6UiOOY05OTmg2m7Tbqbe0Uqnw4sUL6vX6TNbTXoVut5uTGtnf4hdtass+xZKFtIcn2bOYpzGI78TGaJgJZHCMswj/fv7vhkmFkAoBtcWebeUo4sOHD3nbSrlcnuQhj4Rt27x8+ZKFhQU+f/5Mc+eM7llCdcHFduVEF14Xdz8eG1IJRDJgTfEmuxC6S1VsWupswJiZsfD8EZHVDo6qjdRa90JFbz73Ukg8b8CyMiDTdhznxgWCNpowywQxBtu2x84EeWgE3XQBMGu5Gwtr5SvvDSu0Ebo/x/EnSFg+ForFImenzSGCA6BUrtDtdikWC5QrZarVKqf7AmU8EP0WFYNASoPWOp03yOvH1km0qAAIo7AJUUqjsXAthcKFnkXFEunnu1IrEiVYAAAgAElEQVSq5lauNINj9PG5rpfXPmdqjsGAX2NMvgFpjOmpPBTagFFqaKFcsKzv1r4rIKXE87xLzVOpZcV7FBXpUGj2I8wFwqCDGiD0jHeZ3Bj8ygwc16hxp92KaO532dzcnJp97+DggK2tLeaWChTKLv85A+qNqyphk1jz8t+ub5eZjafgCKysrHB4eMjW1hZ//vOf7/VaGxsb/POf/2R3d5fV1dUbf/4qYiNJktx+0mq1AHIGqdFo4PvjS7KmjTAMc1Ij+1u8gkVtyadQsrCcYRJj1upcL+L7onoc3K1FRQhByY14Nebi+7pF+vfrdD0mqeZwfYvGeoHOWczpwRn/+Z//ydraGhsbG48i36xUKvz888/s7u6msvBPHcp1h2rdQ8yo6uvWiAYqyWz3QWTsUsp+gNk4VbEDhGQcx3lQ5nc8DGzHQdoWURjmu8T4pM0Ct9jBdJw0sDCOIizbwpLWWC08cRQBJlfszErYYdBNFwBnrVnL3Zi7cp0qYguR9KfFvl+6MjPiMZAtwm+ryJFSgoBup01hIJixUChxeHAGpM0ntfkaWyK1qOiBFhUhuGQVuQ6TaFHRRqCNwREBMQ7aSFxUSrAIkdtnLNunVp3HddyclLhuPWvbNkIK4ijC8z2kEEOWMKVUf0404hxnxMh3svhmZPa9MAwHCN8wt+89JAatgQ/dpJLEEVHUD/NOK2HHq3EfZflWieZwq0W1WuX169cTP95xEEUR7969wy85NFbK/H1ncyZXe+2zmPZpzObm5o0bdjNLcEgpWVlZYXt7+1JI6G1RrVZZWlpib2+PpaWlW03ulVJ5+8np6SmQsuObm5s0Go2p7UbcBXEc55ka2d/i+hbVRY9i2b6G1JhdfF8wj4+sJvYuIaOTIsSvWrh/v47DmJSaA6BYdSiUbc6OQr5+/crh4eGj7hKsrKzktpW9vT2Cc01lwaVYnuzj57EnnzK2kLr/ng+10zvcpHJzVayUgl7WGkmSIC3rpvXJd9wTfUn85R1Mx3VxxrWsSAvrFnaIOIlQvfeD2amEjaOQOA6I44T9wybz8/OzkbuxVsYrjM4PE5qh3A3H8R58UXYdsipihMgtFYNz15seycVCkWbzeIjgAHC9AlobqtUqc7U5hBCXbCC2ZV2yijw0BltULMtBIoAEm5Q0zOwz0q/m+XxBEKOUvnHst6SF9PyUPHRskiju14r2wiCzVqOr8Ee1WE4amX0vq5LNSCOlNa43fkbRbZF+BkS/Cv2BCCmjFUHY7n9tKbStbiQ3BOk9O+q4DnfOSWLND3+bbu5GFEVsPL/7WnvSuDgHTiLNyW5ArVYbK4B1ZgkOgKWlJY6OjlLJzD0IDoDV1VX29/fZ39+/UcVhjMmVGicnJ0Aa3JQFhU6rtucuUErlpEaz2QR6pMaCS6HsYLvfSY1vBT+t7LHz4a4WlQc6qB6+Ex+XMUk1h5CC2qKPX7Y5P4r57bffctvKY4xnjuPw6tWrvG2l+fWcoGxTW3SxnMntkD7WLpvQIq2F7cHzi8MS2QlCSpmnw6fhaTcc20DNXhiEPVLk6YRbP2WM2sGMowitFI7rTnRyr7QijuL8a2dGlDpaK4IgXQDsHhyDEPdW4d4HJycnee5GteFfOT6IgdyNSWfp3BZa67yKeFTLzjhwbIfz83OiKMQdIGqq1Rrt83NK5RKuX6TaWOP85BDT7eDJNE9DK7CtEMskaCOIlEViHnZcHWxRcYhJjKSrLFyp0hpQ4VKozFOrzWHbDkmiSJLLtoCrIITA7VnHLd8iDIMhO5hAIC2JkBIpJEKKPNsGvhMct0HWPBVFUZ4N5HkuQbeL53lDFcaTfd/+Jo82BusB5gJB0E0r2wEjNcqLb/iNPgykLWYDOD3sct5MK2ErlcokD3VsbG1tDRDADv/4On31xmhrSogx8PLl9daUDDNNcEAaWvfp0yf29/fvteNYLBZZWFjg4OCAlZWVkYNiFhR6enqK1hrP81hbW6Ner0/tg3cXGGNyUuPo6AgAx7WoNlz8so3jDU92nwKpAd/2YvcuuDhAqN44fCeCY0rI/oZv+dpPkujwCjbehk37NObs8JR//OMfrK+vs7m5+SjXuVar8de//pWvX7/y6dMnokBRWfQo9UJIn4oEWEb9R6dlObdKjL8tbpszkoW1hWE/VO87Hg+WZVEoFPKWFegHkE5ycj9YCSxgZsLMg05KbmS5Gz/99NP0czc8i4W18pXji4xspB6ohC0UpzoWRWGYqwqEkDnJEffaQBzHGYtQLRbSytjFpZWB7wqiRONGMX6hxPLGK1QcEoYdHCOIdCqhtwkASYJFbB58jyNtUZGaRIvUJmMkkXGwera8BIt6vc7CQgMpBd1uSBiGaG3uRB56nk+iYgRpffao662Fyv/7O8Fxe7hu2gIVDVbJhiEQDv3MpFrHhuycWsOECd8o7JIkUf61duOxXfuj5jdBJ+Lw6zlLS0tTq4Rtt9u8f/+eUs2j2hiuhDUCxBQ+9qPmuq1mTPc85uXLl2M/T2ae4KjX6xweHrK9vX1vSfXq6iqHh4fs7+/nrQJnZ2e5UkMpheM4LC0tUa/XqdVqk/gTHg0ZoXF8fIzWGtuRlOcd/LKDV/hOanwruGohHHTTgf8uGRzTfrh/JzrubluBy0RHqda3rWxvb3N0dMTGxgaLi4ujXmbiWFtbY25ujg8fPnCy0yLuKGpLkyEJHpookYlEqIFg0QduWBhcyIxz71qWjTb9n/tOcDw+soreOI6JB3YwwzDEttXQjvqd34PbEV+PgSx4r3Xez914rAanUXj37h2dTof1N3NXznlkIpFxfyrseUUsa/SCK4oihJQ4DxiaGEYRGnLLhOd7JHEEpF+HYYTuWZ9uCm/0PI/j5hFaLw2pe3y/RDdoU61W+Lcf/412c4fm8dElW8pgo4r9CCudxEg6PZuMZUlcy8cyBkmIbzpsrC2y+Swl4zudgG43wHHslDx0vVuH69pXXOcM0w6x/iMgzUCRxANVsoNQSjOp2+m2z8rbQCUxYdhvE1JOjLHG+0wMfnYGW1UOt9v4vj/1SljLkiysjlbyTovkGEQcaE72ujQaDVZWVm7+hR5mnuCA1MP922+/sb29zfr6+p1fp1wuMz8/z97eHnEc02w2SZIE27ZpNBo0Go17W2EeGycnJzmpkSQJli0oVG0KFQ+vMHx5v5Maf2xct/htNWNO9tIKw2LxdtJbpdTMfHa+daLjLmoOGJ3PIS3B3FLatnJ+FPHrr7/mtpXbfkbugmKxyF/+8he+fPnC1tYWYVcxt3x53LoNsglpNqGYNNEhzLA1xXULDya3zTAoaR2VsTL6d3p1sb43UN33HY8Nx3Eu7WAmSZIGk97TrpJbkR7Ycz4u4jgkigKSRLF3MBu5G3t7eyyslfELoxViQjN0P9u2h+uNJloHMzG01ngPkHeSJAlKqT650csscF0fKWOiKOq3gMQxWusbc1d8v8jpyTHz9YX8e5Zt02krkiTBL/jMLS0z1zrj+LBJMtBgYpOQmDQb47d3b2ke7k/8b86wf3CMEU7eliKNwiEgURqrUGFxeYFavYFt20RhhNYGrRSh1uk5iUIck7YXTQr550UIlNZ0gzRY0uspE75jPFhSYmW5HGGUh2B7vofW6obfHh+DY+qkCalgoBLWWArj3nzc2ZiTbRIOjj6HO+eE3YR///efpqa++/jxI81mk8VnFWzXGlJvQJ/YyNxpj0F0XNWa4jgOL168uNVrPQmCo1qtUqvV2N7eZnl5+V6VQ2trazSbTY6OjqjX6zQaDer1+gSP9uFxenrK8fExx8fHRFGUhvpULOYqRQql/rnR2szMwnQcfKuL1vvgpoVuEmnODkPaZzGNRoOXL1/eejANwxDLnq3P0XeiY5K2FQtvo8D5SczpYZO//73JxsYGm5uPUxG2ublJtVrl999/5/BLh0rDpdq43w73Q6mOZGTnT/vUp//w0nsh0haB21TFpsfXl+sqrbG+T8inAsuyKPQsQ/k11AYmEIsihUzVOsaglOotjh8/GFNrRdhbAMxU7sa8R22hcOVYICNn4H6W+IXRxK4x5lImRtDtpqGJE7qvtNZEcd/Pb9vOEHlq26ktJQr7VaeJUuheFedVc71ioUDzpDlEcAC4foHz8zb1+jyN5VW63Q7dk2POFeheeLIwCowhMfB16xP7X39HGwsp0u8rIxAijQOVQqF12sYihLz1z2jpgZB5W4pB4BCgpYtfrrHx8g3lag2jDd0gVZj4A4tmz3N7rShJXg97b2TjbK9ye/BafSc4bg/Xdcnop263m4+H2uiJ5BMNtrNNUsERdNs5EWMwqTXlFrg4/rROQ84Ou7x48YJGozGx47wNms0mv//+O7VGgeqcf4ncGIQwfZLjITFqPnt2FBJ0Et68eXPrEO0nQXBAai/517/+xdbW1q1ZnEFUq1V++uknKpXKkxqgWq1WbkEJwxAhBIWKTWWpeGUbwVMgN77VBep9cdPCVsWaVjOidZxOyp4/f87a2tqd3isIAvzKbN4r34mOydlWynMOhbJF6zhia2uLo6OjvC3qoVGr1fj3f/93Pn78yN7eHlFHUV10cf37qzkmBakEInk8a8rQe4u0QhHGs+CEYTA0wXsIP/J33A6D10wbjTUJhiOL5hcitU9MScERdDsYYzg4OqXdCaaau6GUSnM3fJuFtfKV94uM7CGrmV8oXXn+oigaatrISY5eu8l9Nt2G3sOYtMr0irpfS1r4foE4Dhm0rARB99rjsG2b89Yp5Urfdu15BY5apxgDy4vL6Cjm66cvFMwJKg4uWVSENBgcIlnENV20SegoC8v2cITGpUugLZRwsC331j/jmxjX0vn7GgQuXUq+x3KjzqsXr/E8jyiMSeJ0sZmGWXpEcZI3dnie27su3r2vy2Bgc4asMvY77o6MLLyyr/mOyJWLvRrgSSCOot79lsJ4MeaWj9LBcSWOEo62zpmbmx87LHPS0Frz7t07XN+msXZ91WqGadhUuu2E04OQ5eVlFhYWbv6FC3gyBEehUGBhYYGdnR1WV1fvtUvxVLI12u12Tmp0u6n3q1hxaCwUKZTtSY8Nj4pvdUF6H4yzkNWJodWMODtKB+SVlRVWV1fx/bvlG8RxnEqq3dmuQ/6WiY772FZgmOiwbJnbVs4OAt69e0ej0WBzc/PBFyxCCF69ekWtVuPjx48cfO5SXfQozzkzET4qLlRI2vbjVXIOe8E13FD8mgdQ9iZ5Suuhh73pVSNO/6x+O5BS9if0E9pdFAM7zOn/Pf4sNAy6KBXnuRubm5tTzd14+/YtnU6HtT/VEFKMroRVYih3I7WajVY2xlGM6tkg0p/1iKIwX0RFcYwx5l4y8yiKUtuL7wEC95rKUiEErusjbmFZKRaKnJw0hwgOgEKhxNnZGZVymfn5Bj//7X/w4Zd/sL+3S4KLwCBNQqAtXBQGTWwSLKGxMXhSI4nBQFdZSGGwiJHGECuDMXLsnxHSRiGwCVBag2XjuCVe/OkNGy9e4XkeSaLSjJKh+0fgOg6yR/Jlao4oCrEs617PDoHA7z33jNZpQOYA2fwdt0dWpZ2ReZOGELL3jLy/0iaJI4LgPP/a2Aptjzd2X0WsHn5tYwxTz93Ix0jBteqNx8JI9cZBSKFQuLOo4ckQHJDWxh4eHrK7u8vz58+nfTgPgm63y9HREUdHR3Q6qeSzVqtRmBcUShbSerpT0m9x8TkJjLNwNRrOjkPOj1Nv6tLSEmtra/delAY9z+nFOuFZxbdOdNyW5IDR+RxewWLxWYnzk5jjg6NczfEYSd+NRoNKpcLvv//O0cERUUf16mRHJ91fh0nlEliRjdDpPSCEeFT1Bty+KnZwUmf36kOjKMJojTYmDzpzXRfre4Xso2DwmiitmITr+uIOc7a7/FiEYBJHRFGXOE7Y7eVuvH79+lHeexS2trby3I1CaTRJIDRYUf/fbNu98n5WShGrJP86U0lIq2cV6WXcxAPkwm3PfZIkJErl19DzXKS4+Z507DTfJR4gOZRSI6+/ZVlgNN1uh8KADadYqnCwu43nefz/7L3pbxvLniV4InLlIi4StUu2bN/re22/e99SrwtVPVNdXd0z3UDXAA30l/n35tN8nC8DDBqYRqHwZjBVXfXqvXqudxfb15ZtSdTGfcvMyIyI+RCZyUWURFKkSNk6gGFbSiaDZGYwfifO7xwrkcTjL79Cp1FFq+Oi3mbQpQcpA/CwZYRAgggPUgNAKGyqns+XFIEEElRCpwJCAkFIn6qWk+uPCWBAgIRRmhKGZWG5sILth4+xvrkNIQRc1wNjw9sD4nmuJ6JZhqOeFISQ+PG8dwtb3hs3TwLOuSI3oOYsQshU1E+9oJSAc8ReOZMSHIHP4Dg95MYIkbDXeX/VztroNBi+/vrrW/E5G4aTkxMUi0UsrydgJ42xyI1ZGY5e5rvBXI5nz/Ym+gzb7fbdIjgsy8LKygqOj4+xtbW1MLFoN4XrurFRaKulbqilpSXkNxJIpHVousQd46L68DkWmzfFqIWqlECzwtCseBBcYnV1FVtbW1ObPCuVCiglsJNqwVVIPEHJeTuVc88SnyvRMU01BxC2raRU28rBwUFMdMzat8g0TTx9+hQnJyfY398HcwSy62aoXLtdkpcIgPTu9lpJkCn0C481hjHd/Hvd5APOAd5viBbtPnueB8MwPpnv0kWF7/cvjEc1i70OajffRBDGhwKzTxGKIIWIjfdOz6sghMx1V7JWq+HNmzdYytvIFi4nICkzgMhjglDY9hW+Gz1xrbqmx3GWlFDYdgKMdaXrnuvFLSujkoY88t0I7+lB343rEHAOIURsJHwVwRJFxiYGfEZ000Kt1kAul4FtW9h98jWg6fj+d/8dXAYAlUgRCRJWNiki4RMbfthC4l/SxnJZGstlx+hhdCgBkLItrKyt4unzb5BfKUBK5QXGmK/8ay4BpVT5MPDuvTAtmVqvR8S07t/PCVLKWAFjWSYMXYcxhTSpQVBNizcDJlW0DSM3hDWaWfdl95/TZiifdLC5uYnNzc2JxnVTuK6LN2/eILlkIr+enki5cRupKk4rQLPCsL29PXHwx/7+/t2rmvP5PMrlMk5OTm7NBG8W8DwvNgptNBoAVKpAbj2BZFqDZhBgKns888HnVlhOC6MTGxLNqo9m2YXgatd7e3sbqdTwqKdJUalUkMvlsZrsKqYKiX5n/EUmPO6JjpunrWgGRW7dhr2ko3Hu4tWrVygUCtjd3Z249WlUbGxsIJvN4t27d6geN8CyBrKrVrxova6Qm0aqCvG6u72aZk4l4nNc0DHj73pTVIaDdHefw+J4kt3ne4yOiOSId5enQEREiRG8h8ASUl7TwDQdOE4HUgqcVxpoO8p3Y167kpxz1VNu6Shsq57yoakpfn/Es20n+8jAXjDGIBEpKiiMIa0fpmnFEZjR/eQxpoq3EUhDPzIuvcJ34zJwHiCIiDMCGLp+JbFiGCaarTJ83+8bWy6/gmLxAJQQaJqGZCqFnQePYBo6Dt7vo1o6Q+A7CKDaZ3TiwgjTVRyuQdcEDMJBqYTHKSQAXfOgyQASWtzqYsC/8hhNMmgagW7YePjkS2zu7qFQKEA3DDCPwekwCCmu5SsIoT3xD9OrxAghgFyc1KK7hl4fG0o16FNMu+lFPxE1vtLG9z24Tjv+f0RujOq70ZucEv9MSJQO20ilUnMlgV+/fg3OAxS28hM9vk/ENCWiY3CNKrhE7dRFKpXCgwcPJjrnwcEBms3m3SE4qtUqqtUq6vU6ACU/uWsTjO/7sadG9DqSySSyqxaSS8adaQO4Cp9bITktjFOIKmLDAw8E8vk8tre3sbS0NPUxvXv3Dq7rXmtO2kt4LCrZ8TkTHdNSc9hJHfZDHc0qQ7lUQrlcxs7OzszbVhKJBF68eIHDw0McHByAdYDshgErMXprxaSpKpRRUNGdl+05GSf2GVSOsHuojicgRBmUEkpBqQZCSbwAjHwEAPQZJt63rEwfEUHVSzipVqPpvNdKURTuWgqBa3uYbgjmOeCcKd+Nan0hfDfa7Ta2v8iC0uH3OhGkrzXFNBOXFlkqjaPbNmJcQf4Zuor8jX05ItJQyiujZBlj6hjLBEDGIjd6U10YY9AojdUlV0GpOCoorHY/K0IINje3cXx0CN3QkUolkc2vILe8AkINUE1Hs15CyxUI/AASAEQAKSkCSWBIH5RIcKlDgABSQocLKQkC6OBEgwkGCv/CMQAFJwYCaLATKaSSCWRyK9h99ARrG9sQgsP3eUgoXE9uRK8nfp+mlFYUn5t2/R2kkCB3uGX8NnHxfrqZEnNY7RcE/oX2pXG/829KbgDDN1HOiy0wL8CL59/MLdwiUuAWdpZgWPrC+m7Uzj0EvsDXX01mwFqv13F4eIhU1lhsgqPdbqNaraJSqYBzDtu2sbOzg0KhMDeH7nHBOY9JjWq1CkAt2Dc3NyGtJgyb4i63nwCfX9E4LYxbeLZqPloVBp9x5HI5bG1tzcww9+DgAKenp9je3h7rORZd3fE5Eh3TbltZyptIpnU0St22lQcPHiCfn2xXYFTs7Owgk8lgf38fpYMO0ssGsoXZKUiIAKjfLTosKzGd6MExwIUAQt8MEDLW7n8ikbjyGMuy4QcMPvPjwsxjDLqmjR3Hdo+r0fs5UEqh63pYKE3neupNTJu10WgQ+PA85btxWqoil8stjO+GlTAuT03xugSAphlX+24EXd8Nw7ie9NM0LW5ZiUlD14MnBAzTvFDUxL4bPaks48wtPvPCFhqVnGOMQG4AgG0nUK1WwPMr0Hq8DyjVsLGlSA4ecCxl0rBtC0+efo3ltVXsf3iHk/23aFZLIAAcoUEASGv80pYTdYxEinQAIiGhD21dkaCwZQfLa4+ws/cYew8ew7RsEELQ6bhotzvQtesLYsYYBOcQQKzcmJYZqJQSQnBQ2u32U05G97gOg/eTaZrQ6Og1j5ACUghwof5WqgxyoQakmgagp41EyrE+f595cN2bKzcG0ai6aFZcPH78eOJ2i5uiUqngp59+QjpvIZO3pkJuzKJNpVX30a4x7O7uTrxp+/79exiWhvxGYvEqa8ZYrNZwHAeUUhQKBRQKhTuTfiKljEmNSqUCKSUsy1I7HIkWTFsD0MZ1TviLjM+pQJw2xi002w0frTID8zgymQy+eDJ5X9p18H0f7969Q6VSwfr6OtbW1m50vkVVd9wTHaPjsraV/KYNO6OhWfLw448/YnV1Fbu7uzdKuLoOmUwGP//5z/H+/XscHx8j6GhYWqPhnHo1xt0xoj2pKZTqMK3Zk+pBEICHffVR0kkf4oW7gHaNEeEor9fQVWHFQuLEcz0EnEN6LgzjYmF2j8kwqMAZZbd90vPPkuCQQsY7nKelKqQEvvrqq5k933Wo1+t9vhuXFRmaZ3RNggHYictbafyeuFZN00b2pyGEKNKQefCDIG5Z4a4Ly7JikiT23QhhGOP5bjBfpVB4HgNI6Lsxxn2aSqZwclLE9k6//FvTdKxvbuP0OPx+kIBpGsjmlvGIUhSyeVRL5zg9OQVqVbiuh4Da0CUDAYcOD5wLCGgwNQ6DCnCpwSfWhWMkNZGyTCQSWaSzOWytLSOzvIJMfhmJZEqpP7iEJBoc10UmfX2xQ8J0k16VlJySGShjXl8bGDBdBdanAs5533sSJ88A8f00ytwXBH6fr9Ag4jAqKSCFhJThJkCYm63uDaUUus5oVPAAruuC8y45IqkANz2AjrZmuGzOZW6A0mETKysrcwvG4JzjzZs3sGwdq9vTVXrfpE1lcB3KfYH6qYNsNjuxKnh/fx+dTgeF3RQIWRDpQEQIVKtVNJtNACo5ZGtrC4VC4c4ssiJPjXK5HPc0FwoFINEJTRodTFUvNwd8TgXhNDFJukWnGaBZ9sBcjnQ6jUd72zM1d6xUKsrQkSkGdZLc6auwiGTH50p0TEvNkUgZSKQMNCsezs/PYxPS69qaboq9vb04aeX8o4uVlRVYy97UWhYp7+/Vt26B3ADUTmpkOnhlhN4Ui1iNarBtG77PgFAQExVmUWrEPW6G3tjeaUcjcsH7iLBZEhyu2+76bnRcPHv2bG6+G0IIvHr1SvlubCnfjaHKjYCCBD33sp26VC3hMQaBbsLDJH47hmmBaho8z+tTRhnhfRSEu9lKtUFjH5VRwDnv+m5ICUM3oIXr41E/ddOywIVA8fAjtgZIDsMwsLaxhZPjIxBKkRQ2dEPHcq6A5dwKlgsb0O0M0qVjtFpNtAMNhLUgAxe6EHCIHhaliuDQoCHQbVCiw6ACSV0DgwHDSmIlt4REKoPllTU8fPQwJGkIhCTgAuBCQtMMyAFi4TIQQuL7gFIKTdPCXf1JIUPVQPedjcxcgflEMi8yJNQGdeQlQwgBC4LYd4MQOtL9xAWP26+A/ve893ux02kPPrTvuFHaLT3XAWNO/0MjQ9ERyI1ev41h10Op2IauGwsRCbv9RQ6EAP9yPJmvxTQxbP1ZPfUgJcGjR5O1plQqFZycnGBpxUIipT53Uql15naXNpvNWK0hhEAikUChUMDKysqdaUGp1WoxqREEAXRdRz6fRyaTATPO5z28qeBzKv6mjYmIjVaAVpnBcwKkUqmY6JslPn78iKOjIySTSezu7t76onVRCI/P7Vqf5Pq8zAMiYByNEoPTCpBOp/H48eOpm94Owvd9vH//HqVSCclkEktruDJOdlTfJs2xQMKkBdO0YV2StDALdDqdHjM2CkoIQCm0AQ+NWUD1MasFZbSw1HUN5owM4W4T0f7evOC4LqQQsGwLdiIxtc+RMS8umj1XkXyzWD8xz4HnOWi1HBydlrCzs4Mvv/xy6s8zKn744QecnJxg60n20khYcEB3u21shmFfqt7wgyA2go1aRxTBN5naRkgRxvZ2U04iYlIVaQR2wh75OpBSwnUcSEh4rgdN0/rUcuNe3/UNOOcAACAASURBVB3HgRACm9sX5eqe5+L0+AjZTAaGacIyDdihEaraWQ/Q6XRwViqjcl5Co9GA5zMEbgeB20LgNQEpoWkm9MQSqJVCIp1CNpdGKplBNpPD2toqNKpICF3X0W63QagJTTdi/rbTbqFWrWApnb729XDO4YWRuZSqlJtRwQWHFFIpAjhXUdpDClbP9frUOPfowvO6Kpco/tUPgp42LHuk9811nb5kIAqAaBooIfB9vy8S+zKFIwi5stUy8Bk8z4EQA6ocw4cwRyPU1NPJPnKjd21ROWmheubgxYsXN1ZCT4rj42P8+OOPWNlIIreWmrrvhozM3sdgEYatOZtVH7VTB48ePcLGxsbY4wiCAC9fvgRogLWH3TXnrW/NeJ4Xkxqu60LTNKyurqJQKCCTydz2cCZCo9GI208YY9A0DdlsFtlsFoFVBuCB4e6TG59bsTctTFI0AoDTDtAsM3idAMlkEl98sYfV1dUpj27gOR0H7969Q6PRwNraGra3t2f6fJdhUdQdn5uiY5pqDt3UsLyVgNMKUD/r4OXLl3j48OFM1RyGYeDLL7+MvTncj0Q572dVfOUwMqN34TpUzs70mNwglN6aeiMCpTTuHTZN61YVjLpugFCKICwUgFDNETgwLSveLb7H+KCEIFo6T8P8MOpNj+C5SgouMf2o2Kgg8P0Ax+dl5HK5uZIbh4eHODk5QWEzFZMbw14zZb0JSPqVrSmGrkOjFJ7nxV43jLFQjTu+koMSikQiAcZcABcLrSidZVQw5ilyI/LduGG0czKRQKfTwcnxETY2+7/3LcvG2sYWTo+PkMvlILhAEHDoug7D0GGYNjKGCd0wkc/m4HkeAiEgAwYRMIhAEUWEUlDdBNUNaIYJyzZhGiZsy0YikQAPOHw/gON4KJfL2Njc7ROnua4DwxitTOmbJ0csuDgP4haKQQwtoO8xFIHvg4fkLaDeO9/34/dPN4yRyA2feV1yQ0rYth1/rlJK+L4fEx8SivxQ0cAUBFLdT5SCAEO/N1W0tYMg6P/MpcbBDX/iOXlw3mk3PVTPHOzs7MyN3HAcR0XCZkzk1maz0TSNVBXfFaidOlhZWZmI3ACU74bneX3kBnBLBMewFpRcLhcbht6FJJRWqxWTGq7rghCCbDaL7e1t+GYZhAQIUJ73MG+Mz6WwmwVuQmy0ygxuJ0AikcDjxw9m7kgvhECxWMTBwQF0Xcfe3t7MTSJHRUR23BMdt4Npm5Am0jqshIb6mYcPHz6g0Whgb29vppGy6+vrMclxdnaGJWcJ6TWJa2wqLoAIAuJ3vxYtK3Hri1wS9g4DYSLGLZMKGtWg2Qn4PlM7ZpHM3vNGjr+8x0X0+2QIyNC97iq1kRAcUioyA1JACLWzfJk8vrcYmN66SsLzlIz7rFQFQBbCdyOds5BdVYTFsPeDMr0vAWkUFRalFJZlgUWFlJSArb4vTcuaSHVjmjYI9cEDDk0jYZoRHetcvs+UQiEs7qwhxqWTIJlMot1u4/SkiPWNfiLathNY29jC2ckRctk8AIkg4EqpHOihgsRGMplUKT5SglDSF5Ep5UVdibqeJdrtTkjWhKqQ8PG9CAIfCdsCwfUpWH0+NyN6b0TeJX1tED3oVQ9QSlUxfQfqldsEF0K1osQII8hd1aKlaXQkBSDnAfwgiD8Lc8g1HvnN0IEY1lHAPAeMuX3XkSQS0gzAtSAc+ejnvGyO5YFA6bCFTCYzVxL49evXkFKgsKWEA7NOTRmF3BiamnLmwjAM7O3tTfS8Z2dnOD8/R27NvpCsN9MWlUajEas1pJRIJpOxYegsjeimhXa7HftqdDpqRzCbzSKXy4Hb1U+K3P0cCrlZYVJiw+1wtCoMTsuHZVnY3NzE5ubmlEd3EUdHRzg+Pobv+3HM7CIXLYvQvvI53R/TbFtpN3zUTz1QSrG3t3cruxlRnKyu61hdXQVJN+PfDZoxXtjxdcy4KNJ1E4nk9dLoacP3/VjaaxjGWD360wbnAZjH4p1jICwCr4jNXFTMu0XF9/0+iTWA2INhkMBQ99PlS7PLCjLTMKbumeJ02ggCD6VKA+VqHc+ePZt4p+2mEELgt7/9LfzAw9aTLGgY03nhPuYU1O1NQErCtMYjWKP7UD0+ktlbYxmCTgOK2HABqJ1xNSdM9/u61W5D03WsrV9cfzidNs5Pi8jllrvEBdS9pGkUhql256WU0DQKXdNgmGp8QcDBfB+Gbqodd0ohhCqKfRagWPyI5VweHmMwLQv5/HLfurpcOkMymYTgApxzcH41ceE4jjL1ty0kEslr5ygpJRynE5NZhmHcExljQEoJz/PiuGNN02CYJpjn9aWdXPdeCingOopE9VwPmq5fGbE8DniY+sR50PdzqQfgRhBnPYxCCg9rRRnEyccG2jUPv/71rydOArkpPnz4gHfv3mF1dwlLOWthfTfqJQ+Nkocvv/xyojZ813Xx8uVLGBbB6oOLBPbUZ2rHcWJfCsYYdF3H+vo6CoXC3D7sceA4TqzUaLeViU0mk4ljECvePgSqc10oTQufU9E2bUxKagAAcwWaZQ+dpg/DMGYu449wfHyMYrEIxhiy2SzW19dn7pEwDdwrOm4X02xbSWUMmDZF45zh7du3aDQaePTo0Ux7mHd2dpDNZrG/v4/j42PkcjkUCgV0yMnVr8HXenZ8CSxrPuaJGqWIMhYuc5EfFUKqNJbIaX5cskTTdFgJCn+gZUVICe2+ABgLfbvFYRGm5Nju0OMvIzEAAFJ2vVkIVd4slGDaFA7zXASBh1bLQblax87OztzIDQB49eoV2u02tp5koel0aFFCBEC97nWu69bY5Aag2t8IIWCMxS0rnufBMMa/jyZFVEAC6noYJ9VlHKRTKTRbLZyfnWB1rf/zTSRTWFnbwPnZCVbyKwC6V5kQAp6rWmYkJAgAQmhIUqhEi07Hgc851tY3oGkkFKcRSAholEJKAUKA5eXlfrGalFhaSkHXDQQBB/EJpLw8WQNAnx9ClDQlpfLW0IYYyyq1HOIEqUXe6FlEMMZicgMgKhKZKP8T32cjE0UsnOs814sJ9GlgmImooBzSDCC1HiXHGIaxveqkwddWLzlo11TBPq96t1qt4t27d8isJLCUu10hwThtKm6Ho1HysLa2NrHH4Pv37yEER259+EbUVBQcQohY6RCRAsvLy7Fh6KLDdd3YKLTVagEA0uk08vk8crkcav6HOY9wuvgcirRZ4WbEhlJstBs+dF3H5uYmtre3Z75TcHp6imKxCNd1kclksLa2difIxstwr+i4PUxTzdGseGiUGGzbvrWWqA8fPqBYLMKyLKyurkIkakPvNyIAzekWQZPs+E4LUko4rhs6zxMkrvANkFJCQvaQGPxKFYCmaTBNa3x5b2hkGUvkDQMgBJzzS43cFg3zVnAIIeC6IZkRtSFd8TkQKVVveSyPJ2HxOL48exJwHqDTbiAION4fnCC9tIRf/epXM3/ey3B0dIjXr9+gsJmKW1OGgTo6qFB7d5RqSKYyN3q/hJDwmQceF3KId6pnafgLKLPPqDWFALBte6LXEl8z1zy03W7DMC0sr1wsONrtFmqVErLZSyLqJdRcNGT+Z4zBcV0U1tZh2yrO9/SkCFPXEQQ+VtfXQ0+S7i2hWrHUiYOAw2c+GPPBOb80RMrz1DwVRZJGcduWbQ8lOKSUcF0nJJIYEhO+v58jGFNxxTdVNzGfIehpCev13bjR+DwXntfp+5kwfQhDOSFd58U1DFcpONpNDyf7ysvuxYsXkw77RogUbgH3sP2laiu7TfWGHHhbIrJj2Dry9H0bFAa+/fbbiTa8isUiPnz4gPxGAunccGLyRgRHvV6PW1AAIJVKxS0oi77o4Zzj7OwMlUoFjUYDgBp/Pp9HNptFgx/MeYTTxedSkM0CNyE1ACDwBBoVD+26D0optra2sLW1NXMn7rOzMxwfH6PT6SCdTmNtbQ3ZbHamz3nbmDfZ8bncV9MiOjyHo3Guoo+3trZuJRu+UqnEJlQrKyvI5/Nw6CmA7i6M5hpxLKymGUim5ksARi2RkdRaFQ5CmY+Gf0eu/1dhWMQeAVGGoWPMP1xwMM+LC4HofADCWEArVvEsKuZNcETgQsALiQ5FXijiItrtjHbA511otVt1CMFxeHwOx2X49a9/PTfFX73RwO9/909IZS2sP7jcjJ76GijrLnaTySVoE6agDMJjDDxqWYnuI9saWjhPA5EHTq/vxnX37LBrXNM0aLry/BjlmnI9F7phIp2+OAe6joNOp4lk4uJ1EHnDBAHvS9OglIJqFEJwOJ0OCKUQUsAyLAgpYVoWMpkMqBIk4fDje/z0w3cAgN1Hj/H4y6/BuYDPfPh+cKUHTRzJO2BMaoX+T5GSTYioHUz0Pda2btfU+a4iareL0r4mTRvqNXn1XA+GacZxyjcaH/Pgut0YWalxCNOH7GlHiTDOPHtZG4vn+Ci+rWNpKYNf/vKXc5u7X716hWKxiK0nOSRSxsx9NwYxjOC4zHejWWH4+uuvJ9roarfbePnyJZJLBla2LzeBH/tKchwnNgz1fR+macYxlndB7u77Pj58+IDzc5Vykkwmsbm5iVwuB9u2UXLeosEbcx7ldPC5FF+zwlSIjSpDu6YWKNvb29jc3Jy5DLJUKqFYLKLdbiOVSuHRo0fI5S7ZdbnjmHf7yufSujKtthUroWH1QRL1cxfFYhH1eh2PHj2aqaJoeXkZmUwG79+/x/n5ORzHiUn4DjkB8WlMbgCANUa84KygetXV4ttxOlcee1UrA5ESVNOU2iJUYCipvTuWv4dGNdh2Aox5sekooAo9z2NwXec+PnFEEGCkvvR5wnXaEIKjVG2g3XHx9ddfz219J4TA61evoJs6Vre788RgsUE46SM3LCsxNXIDUARDQAhYECgDRduC57phUTbd73TOeRxZCwCGpk10b1FKoRuqrUWj9IKJ5zBYtqlMPzmDPjA/JFMJWJYO3/dVITrgaSS4ajeJCFlNo9ANHbqugRATyWR3bhVCIOAcqdRSSOgBgnO8/Kd/wD/9/f8DAPji6xfY2NyGnUxD07UrGUoliCIQQsD3fYjQryP6nIZhkAAWQtwTHNcgCJQZaERu6Lo+EbnRS5Z7HoOm61MhNwKf9ZEbgnJwi10a5zrOeIdBcInzgxYMw8SzZ8/mNq+fnJygWCxieT2JRGo+rVaDqSrD0G74aFYYtra2Jlbx7u/vQ9MJcutXq2xHupo45xfMNldWVlAoFLC8vDzRAG8TnU4HlUoFBwddVUYul8PGxgYSiQRKzlu0ZBst54qT3CF86sXWrHFTYoP7As0qQ7OiJu/NzU1sbW3NXNVUqVRwdHSEVquFRCKxUMkos8YiEB2f+n13k7SVQTVHdtWGmdTROHPwxz/+EQ8ePJhpRLGu6/jiiy9iouPg4ACrq6vILK2D+fX4ONNM3LqJ4DD0EhxXejEAcSQeoQQERDnMU+2CCoBrWp+fgO/7EEKMLLUnhMCybDDPBaxeA0cz3jnVNe3CPMcYg24YyjPiHgtfQPnMhe97aLUdlCvKd+M2zK8vw+vXr9FqtbD5uGsqOlhsEDnou2HCnEG8s24YoJqmomRDksNnDFJwmOY0W9rU61OGi6odZlwQokxAo2hXTRvdONMw9JAwuLhjrZlG/Hug+3spJQRVLSGcCwgAuq4p41tDv3AeIQQSmtbXpeX7Ps5PjyGEUoCcFo8Q8EDNHdeQPDL0pRFCgHgETLLr59CQJIuSOe5xNYRQprEAuqaiE/rRMOYBUewxlEHyTcG536/coALC9vuJ0BuQG8Mee/qxDs8N8MtffoNEYj6bI3Ek7JKJ/Loiom9bvTGIYeqNwBOonahW+UnVuwcHB2g2m1jZTkLTr/4sr1zJ1Wo1VKtV1Go1AMqXYm9vD4VCYeHNeJrNJsrlMkqlUsyEm6aJQqGA9fV1lJy3aKOI9j2pcQ/cnNQAFJPbKHsxsbGxsYHNzc2ZxmMCylSoWCyi0WggkUjg4cOHd4J4nAXmSXTcqzkuxzA1RyKlw36oo3bm4uPHj3Gc7CwXCWtra31xsu1WC8vZJKL6PjIkm7eKgw4YUkZS76iXnvZ4M4wKTdNg23ZMcgBqkcodN1ysjkbsmJYN4jMEAYdpmbEBqed6CDiHcN24ZcX3fQRBgCAIQhnz/MmjaUNKGatZ7zo4D+C6HQQBx8l5Bdlsdq5Rh4eHhzg+PsbKZgqJtHlpoUGZCSKjRBUK+wrfmpuCUnrhPgJMCOFMHCV7Ab3KiEs8jUY4iZojwjYoKQX+/jd/C99nNzjnkGehBJadwL/687+I56f4T9ieomkUrtNBrVq59DycBzg/OUa9Wo5/5jptvPruJdY3t6/0RLLtBHLLK5BSg2kakFIRqyAknkMVCUzjyNdx58/bgPIXkQs7T1KqSKbIF0bN+y4MyxyrVcsP/P7YY2t8X6hBqBaodjxHSCohLNan+rkuRW0Q0TG96o9enB020Gn6ePbs2VxV0m/evAHnAVY2c5Dydn03LsMvdg4vtMxVT11QquHJkycTnbNer+Pw8BCprIHk0vX3yIUjohSRWq2mIs0sC9vb2ygUCkgm5+MqPyo8z0OpVEKpVEKn0wEhBPl8Hvl8HplMJix6Wig5rXkPdWr41IupWWNaxEazytCqMAghsba2hq2trZmzufV6HcViEbVaDbZtY3d3d2I34k8N90THbDEtNQehQH7DhpnUUD+t4eXLl9jb28P6+vpUx9sL27bx7NkzHB0d4ePHj/AYw3ImhURCFaiMOQgCD5aVvCDRvi1QSmGF/eDTlLwqFYYVR2BOmg5hGCY0XYASCmrZ8H0GhPWH5zE4rgOtR4UChI77QnwSRECESAXDOY9f26IVTePAC9uhTs8rEELiq6++mttYGo0G3rx5g3TOQm41GdvlXkhN8TWQoPueW3YSZMbmn5fdR67jTGy2OHj+CONSERd8OMJEk1qlhH/+x79DvVZBMBCZOcEIIaWADO/v5ZU1PHn6NfIrq8o0MvBBqQ6CriHu7//h7/DH3/8WjUbtyjO3W90Wcc9z8Zv/9l+vPD6ZTGHn4WP89X/5X3vIFaXa6yWFFx1SSjDGQoPoxZ0nLdOMPTh6SQ7Lskdqo+Kcw2ddRY2uaTeeM6WUcDqtPk8VbnpxBGx0TK/aaBRcdXztrI1mxcPjx4/nmiz18eNHlMtlrO4uwbD0hSA3hqFy4sLtBPjqq68m3vR9//49DEtDfmO02koHVE9VrVZDuVyOW1Ais9C7IHGPSI3I7DSdTmN3dzeMnaIoOW9Rcs7nPMrp4VMunG4D0yA1ANXz2Sh7MbFRKBSwvb09cyKw2Wzi6OgI1WoVpmneExtXICI6gNsnO+7bVoZjmJojlTFg2xpqZy7evXsXx8nOcidre3s7jpM9q9SxlE5iOZsKxybgOC3ovgU7kZh5wTSIWRfJhmGAUnqxZYVzGCPuQkfHEEJCxYY6X9Sy0nEcaJqGdFq9p5HCQ7oudNOEdoeJAKDfJ0H1+XtwXffOKlVcpwMuApSrTbTm7LshpcSrV69gmBpWt7oRgMMiYbUe3w3TTNxahCswPEpWCIGbWtGQXooi2pEOC99Rishh5RsJU49Ua8B00W41IKWEpumwE0l4XgPNZg1LqTQ0nUDXNZydHuO4+HGic1/3e6pp4DwA1brXwl27B5nvq0KakB4l3GISprqu93vEGPpo12VI4gCh7walUyFynE4rbmsCAJFQ5Eav4itSYYxDeF12fKPqonzSuTWj9MtQr9fx9u1bLC3byOTtseJuZ4loPRi9a616gHaNxXX5JNjf30en00FhN3VV+Fgf9Hfv3qFeVz3IS0tLePToEQqFwsJPDo1GIyY2OOewbRubm5vI5/OwLAsl5y0qXv36E90hfOrF0qwxTWKjWWVolj0ILrGysoKtrS2k08OzmKeFdruNo6MjlMtl6LqOnZ0drK6uzvQ5PyXMQ9XxOag5gOm0rWgmxcpOEq2aj9JZKSY5ZtlulU6n8c033+Djx484OjoCYwHymRQsS33/BYGHdovBNBNzi42dFTRNQyKRgHehZcWBaVpjrwEI1aCWNOrzFFwgnU6FEae0T+HBPU/15i/4OuMy9C7UI0QkBwuJItOy5jS68eEzD77votV2UKrUYkPseeHVq1dotVrYepIF1UMibchxpMd3Q9OMubSW6bryl4jSIHpVS5MiKqiia8pxnJBAmMBsNPTKyK8U8Jf/4T+hXq0i6ClOJ0Gr1cCPf/wDOu1m9ylCaJqObH4ZmVwekBymoYMQ4NnPfg6NaqjXq8OHKQQC38fH9z/1/Xx37wtFJF1S6KdSaWztPoRhmOBTbL25TQRBAB7G20ZQ5s2RGfRiWQJEc5+K9qUwjNHmOt/3IKVQvhtSTuQtM4hOuwnOu9ezsHwIOllKSi8uIws6LYbzgyZWVlbmqnADlD+RYWoobKraYxHUG4PrQOYKVI87WF5exs7OZOvgSqWCk5MTLK1YSKRGn/9013XvTAuK67oolUqx0oRSGregLC0toeS8RVO00fxEfDWAT78wmjWmRWpEaFZ9NMseeCCQz+exvb090wQIQJnkFotFnJ+fQ9M0bG5uYn19/U7ILhcR90THbDCttpV0zoBpU9TPPbx69Qqbm5vY29ub5lAv4MGDB7E3x0mpilxmCdmlMFpQSnheB0Hgw7IXw4R0mhgmOWZMLUTH2Q2nYb+/iBaGoUw88iWgVOtLYWGRyWm4C36XwJgHCcQFSaTwiVJlAiEgPReGsZg7sL3gPIDrKd+N0/MKMpkMnj59OrfxHB0dKd+NjSQSqe71N9gzr3kGiAjfW0Jm6rtxHXo/4yi946bo7fsf/PvSx/T8W0oJEao+hFDv3Te//FdTGVuzXkOjVsVPr76Ln3fYPaxpOiTUptBXL77F0+ffDD0f8zyUzk/x7vWPOPj4Lm59AYDdh4/w5bMXWNvYQiI5XFGk0lMkpOAqQntBdrJHgRACHmPx+2foBvzAj32N/CCIW1YG3+MgCG6dJPZ9Bi5EPPcZ1mjfEUHgIwh47ImizK1vNu+7Tqef3DB9CL2r5Lig+BrBcyM6btixvhfg/GMb6XQaz549u8nQb4xB8+V5m4oCF9d+UgLVY9W29+TJ44nOGQQB3r9/D9PWkFsdb9NA/9WvfjXRk94WhBCxUqNXafLgwQMsLy+DEIKS8xaeczbnkU4Xn3IhdBuYNrHRqqloo4BxZLPZWN4+SziOg+PjY5yenoJSio2NDaytrd1HMU4J8yI6PvV7expqDtPWsLqbRKPk4fj4OI6TzWQyUx9vhFwuh2+//Rbv37/H2dkZWKDUHHqY3MC5j07bh2km5m5COm0YYTqEP9CywkMlwqgpK6ZtgXmKxOh0On2P1XUdVKPx74FQzcF57DdyF8AYAxcyfg2EEJihyV6v/N/zGPgdaFnx3A4gJU7PK+AL4Lvx+vVr5bux1i1mBwtWGlCQoPs9aFtJ0DFMDqeNqCCK21SkuLHZaERwRIWk53pd8nBEyNAfxvcDCDEdPx9No1jK5mGNQChJGf4J/z2oLedh8W6YJlbX1vF3v/mbPnIDAPZ/eoVf//lfIJFIgXPe97tIOqLOL5UXDhd3iuDwfT/0dFFkqGGa0AxdmTdHn73H4DrKxDZa/wkh1FwUBDBCU+dZQwgBP+h+BqY5mrkoF7xP8aaiZW82J3quA9/vxv8KI4AwumMbJERHMRUF+n03+h4vJM4/qud7/vz5XFU1p6enKBaPkF9LIpleTK8WAKgcO2Aex/PnX00UJQwo3w3P87C+N75CfmG/dev1ekxsCCFg23acm2uaJkrOW5Tdq82K7ho+9cLnNjB1YqPuo1X24DOBTCaDrceTZzePCtd1cXx8jJOTEwAq+WF9fX2hF8l3GbdNdNyrOS7HoJojU7BgJjU0zjx899132N3dnVjmOAo0TTl8R3GyxdMylvM5pBPde0+ZkDKYlj2yNPcuQKMUNDRO7G1ZcZ3Ri3RKKExLkRwbG+sXFr+UUNh2Aj5j3V1Kj8H1PJi6Dn3BpNiDCIIAAe9f4FNNi4vZYV4kkVJlEU0DPbcDzvt9N2bdankZpJSx5Dry3RiamsL7I2ENw4Zhzu8+FEJCSgFKKXhYnEshgZv6cBASe+V4nhe3q4xaqAEA5wIAhxDy5obFJDSEJASgw1uGhBCAJIh+GxEbEWVBJCCkCA1KOTRNpZ4wz8P/97f/Dd/98z9eOOfx0Uf8zX/9P/E//af/jEwuH3qRKGWKDNUaUsjYo0RdM3dDEeb7vlJDhGRp1LJBCVWR3D5D4HfVHL1R3BFhwIUAd51bIVI9zwNC0k3TtJGKViklWPh94rke6BR8Nxhz48QzAJA6Bzf88R15h+Aycqx84MNxHHz77bdz8yYCVH3w5s0b2CkT+fXkQqWm9KJRYeg0fDx8+HDizeCjoyOcn58ju2bDtMcnjBeqYnIcJyY1XNeFrutYWVlBLpdDOp1GyXmLBm8B9y0o9+jBtEkNKZVio1X1EDCBdDqNx4+2Zx69yhjD8fExisUiAEVsrK2tLVz/5aeKe6Jj+piGCamd1GE90FAvMRwcHMTeHLNMKVpdXY1bVsqVKtxUEiv5DIjk4dg4XKcd9k3fvgnprKAMQ03QIADzfXiuKqwY8yAEhzlCIRmRHFftYBumCUJJv4/FArapMMZi3wMhBFhkKmqZMHR96AJf15VfAPO6JEfA+cK1rPi+B8ZctDvuwvhuNJtNJbnWu+/RsEjYCBrV59qawjmH13sNh8URD4v3m8Dq8fyh1I+9PcYhOKIxCiHidJFeqJ/R7u7/4GklYhIhipyNhBhB0G0NiOJDpRRoNltgPkcimVTHy5B0kAKUEui6MqTUw9a046MD/P1v/gbf/8vv4vPl8ivgnKMZJq788Q+/RavZwL/+y3+PJ189h0YpCAnJJSEhqAAkQMPYDDVm0UeWLxo45/CDimi6ugAAIABJREFUbprNMDWEaaifRWqO7lziQfS0iXiuN/OUqijhxbKt2Fh6tMd1fTcATIHc8JTqLITUOAKTXfGI0VNTLkPtSKBer+Pp06dYWVm50bluijdv3iAIAmw8UrG0i0huOG2O+pmL1dVVbG1tTXTOWq2Gjx8/IpU1kVme7JqZO8HBOY9JjUZDuSVns1lsbGwgn8+j5LyFi1O4zumcRzpdfMpFzW1h2sSG4DImNnggkclksLG3MfMJLQgCHB8f4+joCFKqNJb19fWF3PH7HHDbySv3bSvD0Ut0EEqQW7NgJijqZw384Q9/wN7e3kzj2SzLwtdff41isYgPHz7AdT2sLOeRtLQ4js73PeXNYdkwzE/HhDSKWOxNhwiCAFKIMAHl6uLtOnm+kCJekENKaFOQLE8bAeexYsPQdPDQpV9JycmVqgGNarBtG77vAehpx/E8JGx77p4jQnB4rvLdOD4rL5TvRq/k+kIPvaeDiu61NUqbxCwRkVXWgA/BYJvFTTEotR/pMb3jucSXglACXSMgoRFw32PCx/GAh60mKuGDQL0+5nXbsfSQ7FOtFjYAF77nwrYtWKYBqvXGtRJ4roPiwXu8e/0j/vkf/x6NRtd4dH1jG3/2b/4dOA/wh9/+Aw4+vAWkxPu3r3BydIAXv/g1vnrxDba2d5FaynRVHLKbNAPihz/jC9uuwny/q4ag9FI1hKZpoHYYxR3C87rtK5SSWN0T9Ph1TJNIjebB6DmH+YEMgx+oNsfId+Om4wp8Bs9tx/8XlEPYfpw6dFlbyihjHaYWk1Kic66jXD7Hw4cPsb29PfHYp4GDgwOUSiWs7izBtHX84Xh34bRKPJCoHjtIJpN48uTJ9Q8YAsYY3r17B9PWsLwx+bpqbiuKWq0WExtSSiQSCWxvbyOfz8MwjDDatTKv4c0En3oRcxuYNqkBANwXoceGBymBfD6Pzc3NmXtsCCFQLBZRLBbBOcfy8jLW1tZmujN9j/FwW6qOezXH5ehtW0kuGbBsDbUzD/v7+2g0Gtjb25spGbi1tdWNkz0vIbO0hOVcBlKoBaeUAq7bgc98WIlPx4SUUgrbti+mrLjuRCkrEZRkWe1AtlotmLoBa8HI3L6UFCnh8yAuRgCMlJBCCIGmGV1jPQDmghiquk4HMvLd4GKuvhvNZhOvX79GKmv2+W4MggYUNOhec7adnPu9RsKCPyIBLdsGJdPxuuh/HgpAEWzTLNg1SqEbehzzeYHgEBI+DRD4QTcdhhAEQQDP7fofGKap2ivCxBZd06GZmvKm0SgqpTO02y2Uzk5w9PEDDj/so1w6A+9RgYBQPPvZL/BX//GvUVhTxPWTp8/xt//3/4Xv//BP8H0G1+3gn/7+N/jdP/y/yOdXsP3gEbYf7GF9cxvppSWsrG6AEPW6ggW4zy4DYwyyz6jz6vlkWBQ3gDBhxYTPvG5KlevB9TxYpjkVvzYVLdwlVwzDGOm+44LD75lDb+q7wXkA1+mSG5IKCKs/DeimiSmDj/drCZycHGB9fR2PH09mkjktNBoN/PTTT0jnLGSWbWUqugCX+OB6rnLsgAcCXzz/YuLP4927d13fjRu8xlv9duh0OjGp4XkedF1HoVBAPp9HKpVCyXmLetAEguvPdZfwKRctt4VZEBu+K9CsMbRrahJeXV3FxsbGrfQgRztWvu8jn89jfX39nthYYNwm0fGpzxc3bVvRDIqV7QRaNR/ls3LcsjJLpVUqlcLPfvYzHBwc4PDwEK7nYWVlGZYOyHBnn4vQhNRKwLI+nXvZMpV6o1fNoWTHfCIPEt9Xyo1KpQKNapC6Ac/zYr+BRUBkFtob2xjBsixQcn3hIGT/LrfqWZ8/+eW5Djj3UQp9N7766qu5+W4AqjXFMDWs7fQbCPfuxhIBUNbd4TYMa2EUU4TSrmJDKrXZtNFrIDmNGFpAFXOU0vC67MbP9hZ7kbcF5xwQYVoK1M6853V7xXXD7EtMGcR3f/g9/vj7f0S9VgmVC93XQAhFYW0dz7/5JXb3HiOZSvcYrNr4+Z/8KQqr63j13UsUDz9ACA4pBCrlc1QqJfz43R+QSqXx7Jtf4t/+h7+GpusLUfhdhtjHJ4oCNkczcQZU+xvVNDDPCz1aIu8OC5Rq8FjXq8XzvKn4cgSBD/SaoI6QrBWR2IAi/7TQN2RSCMHhOC3I0GRDEqnIjZ63bVjr1iipKZHC4wJx2M7g8PAd8vk8nj9/PvHYp4U3b970+RMBytMGCG1vev5/Wxhcw9XOXbjtAI8fP57Yp+Tg4ADVahXLW4mJfDd6MfNv2yAIYlKj2VSZ2dlsFltbW8jlcig5b+HgBM4n5KsB3JMa08AsSA0A8ByOVoWh01Ts78bGBjY2Nm6FYIg8NhhjyGazWF9fn6th0T3Gw20QHZ+DmgOYvG0lUnOkcwashIqTff36NTY2NrC3tzfTHfLd3d3Ym+P4+ATLy3lkl9IQQXc3k3kOuM9g2smJncMXDXHLiufFagRAmRhGO4ujQEUFqh2MpfQSOo6DRDIBz/VUYssCJI4o4z/ZY/xnwGfqu2LU3UsA8BmDhITnMVBgIVQqgc/AmIN220G5UsPW1tbEPdLTQOS7sfEoA6pd3oZBmRGv4inVYCcW5ztTozQmHYQQmGbIGRf8QnLIOAqO6+w2I18NSik+7v+El7/7R9QqZVBK8Sd//j/iq+ffgtBQ4h//Udd2r4LDtCxouhaPTQiAUKmIH43Csiycnx33PXcqncH65jaef/tLPH3+DZYyWTTqVfz043d4++YVAGBn9yG++Po5Hj7+Er/+87/A29ff4/uXv8fRx/do1GuQUsBnHmpMtQoaphW2aSxmVGyvMiwiT4UUY/nRRkbNg69P03VYlKiUqpDkiHwzJvVxi+bCiLVSZFdw7RyoCHA19xHgxj5yTqfV1/YlLAZBRF9ryiBG8arpTUzphe4tY/9gH7Ztzz0OFgB++uknNBoNbDxS/kSDkbBEdkmOeaHTDNAsM2xsbGB9fX2ic5TLZRweHmJp2UQqc/O108xWEpVKBaVSCeVyGQCQTCaxs7ODfD4PXdfDFpTyrJ5+bvjUi5LbwKyIDbfN0ap4cNoBNE3D9vY2NjY2bsXrQsU6FeG6LjKZDB4+fDjXXbN73Az3RMd0cFM1h2FpKOwk0Sh7ODk5iVtWZtlels1m4zjZ09PT2JtDIwJSqOKdCw6n04RhWJ+MCSmlFHYiAY+xuK/asky4rjNyy4quG5AAAubDsi10wp2NeEEepgrMq5VDiH7jP8MwYegGKNUQ+MFIu5dAT++5q3YxTXv+agMpBFy3Dc4FTkpVZDKZubamRO2ZKxtJpJZUsTdMKk59HYT3RMLa8/XdGEQvuTctdUUvAr9fhn9V4R4EQUwUTnL/vP7uJVqtBgilePDoCb56/m38u242ClFEZc+4LCsBSjXwgIMA0DRFnIgw8eT5z3+FZqOOZrOBXC6Pje0drG/uILe8Eu+ecy6QTKWx//YN/uV3/x0A0KhV8fzbXwJQKoXn3/4KL37+J2jWazg5PsLJ0SGqlRIA4M/+4q9CY1ERtodpEKGHyKKAEALLti/EcSvfDGusz2zYscr7JwHPc2NTUj8IICFhjjh39cIwDEgpEfTM90ptJy6dC32f9ftu3DACnHkOhOh+htz2IDUZG+D2emyMS2oNzjcJoQrz90fv4fs+vvnmG1gjtCPOEqenpzg4OEBuNYFk2rhAbswLvWu2wBOoHjtYWlrCo0ePJjqf4zh4+/Yt7KSO3Np0vi+nSnC02+1YrcEYg2EYWFtbQz6fRzKZRMl5i5rfAPzrz3WX8CkXILeJWREb7WaAdpXB6wSwLAsPHmxhY2NjKv2J1+Hs7AzHx8fodDoqjeXx45l7e9zj9nBbRMenPsfcVM2RWbFgJTXUT118//332NnZwe7u7BYClFI8fvw4jpM9ODxCoVBAJp0E97tyxK4JaWKuUZbTRNSy4jE2UcqKoRswdAN+4GNjU/Xa+z2meZ7H4AaB2hW+hTk6QrTjCCivEU3T4p1HjWrQzNEW6X2958DCtN44ThtSSpyclREEfO6+G69evUIqa13w3egjNzgBZd1lqmUnoC2YKqp3vLMgOADExSJweREnhDLuBSFwHEe1Uo15/3RCjwMpBNqtVvxzAsQKDgJVjPSmqCSSSQBhwgql0KgiGKLklnR6CX/6P/ylIl8sC3YiAUp1AMocFFI9hxASjVrXcLReLfe93ujf6UwWT5Yy2H34CJ7rQgiOTG4ZAIGm0b6CV4aRsouCKI6bDcZxh1GvN/WVIUQl1TDWvWZGbYEZBtM0oYU+HL2kDOccxoDhNOccfg/xpRRvN5vDe81VhelDanIoETouLiM3Dg8P0Wq18OLFC2QymUsffxtoNBr44YcfkEgbWNlMX0lu3GZ7ygXfjVMXhNCJTUUB4O3bt5AQyG9MT513Y4KDMRaTGu22mhzz+Tx2dnaQzWZRct6ig2N0PrEWFOCe2JgGZkVqAECr7qNd9cHcAMlkEo8e7c40daEXpVIJxWIR7XYbqVTqntj4xDHr5JV7Ncdw9Ko5rISOtYc6amcuDg8PUa/X8fjxYySTs9vxLRQKMclRKpXgOCkUCiuggkP0mZC2wXkAy04uhMnkTTGYsgIpARsQXMCwrk9ZARTREUFLJMAYC8kgFa3qMQb9hr3b4+DaGMQRPzefdXvPaQ9JMk94XuS70VgY3w3doFjd7h9D771BJEB6ImF13YRhLp63DaUUkDIm+7hQsayU0pHuAyklhBSqEJcCUoiwxUL0HqTSNGg3BnVwHolbH3ruH8PQ++6z6wfT/Wff+UOiIgxBgdNpw+8hOJKpVPxgSgBCld+MUmdwSBCkM/3rn77XRxRB02zU+sgIISQ6nTasRCJu9+slPEzLhmn17vYKFetMI8JEhDG5o78FtwFCCCxTEQV+EPSpI3RDTKS2iDBoCnpTc09A+QfZtn2BlPFcVxnM6sYF3w3l13GzuS8IWI96Q0Jo6t9DPTNCXPX92ktqROeQUiIpVV1wenqKWq2GL774Amtrazca+03heR6+//576AbF2s7V5EYESW7fh6N66sLrBHj69OnEbf77+/toNptY2UlCH3EjYRRMfNWXy2WUSiVUKirpJJVKYXd3F8vLy6h4+/BRQskpTW2gi4JPucC4TcyK2JASaFYZOjUfPuNIp9N4+OUmCoXCTJ5vEOVyGcViEa1WKyRVHiGXy93Kc99jMTBLVcc90TEcsZqDALl1G1ZaR+2kFcfJbm5uzmq4ME0TT58+xfHxMd6/fw/HcbC6uopUMgnuu7Ghnu974NyHZSWh32ABuyiIUlYYY0rC7Ea9327opTHe4lbtXlIw1iU5giAA1TToM1ZyRDuS48YgXjyPByFkV569AORG4DMwz0G77aJcqS+M78bWkxw0/fLFLPUMEBE2RRAKO4yEvc5XYh6gPT4ckTeFaZpAD8GhIkyjyFXVSnGByBhA7HcTXouXFYxR5HJ0/Ub3jx8EEFLC1G/W8kXQLQoJIaiWS31uosuFtfg1SgA0JER++Jff4fuX/4xWs3Htc0gp4bkOTo+P4p816hX8H//7/wbLskdSoyRTKWzv7uFf/9v/OVabLDIidVdfHLfvQ07QsgIAQvI+kiFq1ZkGIlJm0HDaZwwiCABCYs8hAkxl7utVwgmdx6aik5Abg8dE54jIjUqlgvPz85mrP0fFDz/8ANd1sP1FDt+XJmv7mAV612XtRoBWlWFnZ2dik/fT01OcnJwgU7CQTE/XNWOss7VarVit4fs+TNPE+vo6lpeXYds2Ss5bVLz6VAe4CPiUi4nbxCzVGoJLNKsMrYoHIYBcLoeNxxvI5/Mze85eVKtVFItFNBoNJBIJPHjwYKapDvdYfMya6PjU56Vx21Z61RyJlA7rYRK1c4b379/H3hyz7KeNoqX39/dxenqKTCaDQqEAGTAI7oVjE3CcFkyegGUv3m70JDBNE/RCyooquAxjPKJA03RoukDgi64kXwhM1blxAEKIIbLq8RdanAfw/dC/Q0r1vsy5NUVKAdfrgHOOk1IFS0tLC+G7sbyeRCLVXwD1qhKor13w3SCExgKD6O/bKmAZY7FqaRj6CY5QycG5IjU4h5CXm172mvYOgkC1fERGoMMQpXJ0yQ1ltGlZJmQ4dpcLGKYJveccUkr44XF9Tzh0IKEZafj5VMs9m5eEYnmlEO+G9+Lt6x/x9tV38JiH0dF/jkFz0qug6wbarRb+/N/8ux7B1WLTHLE6YiCO23Ud1aY3ggooAiUadFNXkeUzUsL1qfdcL05YAbrX8jTmPs4DBEH33pBGcOPWlMHHReRGs9lEsVhEoVDAl19+OeGIp4cffvgB1WoVaw+X8Ko6Xjxtr9notNUcvesx5nJUih3k8/mJCaF2u413794hkTaQLUx/bXbtt/iwFpTl5WXk83lkMhmUnLdoySO07ltQ7nEJZklsBJ5Aq87QrKiJcGVlBRsbG7fWO1ev13F0dIR6vQ7btrG7u3trapF73A3Miui4V3MMRxypqFMsb9poJSgqZ5WY5FhdXZ3FUAEoM+0XL17g8PAQBwcHcF0XhUIBlplQSSvhAo0x1cNu20kVa3jHMWzRCyDuuR9vkU4BkNh4NDLhmxU5FfkWRAgCDqrxscbcm47guR60KcjCpwHX6UAKgdPz6kL5buTX+/usewtjKkhfJKxpJuaqeIoIhCAIYBjGUBVFVMwNXvu9CShxK9dgcSYlKCUgVIuJDEJoXzTsZeBCqNjVELquyDlN0+H7DCzciGSMqehj3YivS+b7MGGEY7x6t121pnTNHCNjT0DNedn8cqhMUZ4XUSyIrutqfmOXkzi9zyGlam+ZFFrYGhOf7I6AEALLsi62rLiuMjoeQw1h6CYo1cE8t6uE4xwiVNZNg3SN1Hu+78MP21bi1Cldn4pqpFe9ITUOQa4mN0ZJTek9NiI3PM/D4eEhMpnMQsTB7u/v4+TkBIWtNNIZC2jPe0QXISVQPXFhWRYePx6PgOmeQ+Knn36Cbqh1GjB9dd6l38CDLSjpdLqvBYXhHCXnfIpDWQx8ysXCbWKWpAYAMFegVWNo19QkuLa2hs3NzZn22/ei2Wzi6OgI1WoVhmFgZ2dnpoXTPe4+7omOyXGTtpV0zoSd1FA7Y/jpp5/QbDaxt7c30931nZ2dOE62WCyGmwI5COZCCFWQCBGg02nAspIDfeR3E1e1rER92qNA13VwHsTFofLDGDS2m95nF/WWBz0Ldc91YVn2yAt132ehxN5T412A1hTmOQgChlK1gWbbwdOnT7G0tDS38bx+/Vr5bmx1yY2hO7JejzeLZsxV6SSE7CPAFNnGYRj9hSKlKgqVUgrXdeP0nF4yg0gJQmlowqlUGYTSiXejez0PLMsEpf279JFhJWNMFaNh+lE0LALAMHVIjJI+QaI+FRBC8OxnP4dumGCug9X1TSwXVgEpu5xC+I+/+o//C37+6z/rM4rsP2vYLoDpkBG6riOdzoT+CpEW5O4QHX0tK+H86fsMUnAYY7SsaFRFyfa+757H4HoeTMOYGvk6OF5tSp5DUgr4fjeGmOvqO3Pw9Y8VmdxzbERucM5xcHAATdPw7NmzWzW1HoajoyO8f/8eudUEsoXE2IkpvYqNacfG9q69qicumMvx7NnTiZVBb9++RafTwepuqi8ifJrou8oHW1Asy/osWlCAT7s4uE3Mmthw2wFaNR9O0wchBFtbW1hfX4d9SzF8tVoNJycnqFar0HUd29vbczcjusfdwqwMSe/bVi4i2gXVTQ2FnQQaZRenp6exmmOW/jiZTCaOkz05OYHjOCgUCjB0DTzoLt48r6PUHIkk6A12LxcFkeu+53n9fdqcj9RXHkeseiyUP1vdNhJCVEyhrscRhtMwbTV0HTwI4lLIMEbfhQyCQKXKhOOd1L9jmuCBD89z0Ol0fTe2t7fnNp5Xr16h0Whg41EWmtH/vva+V5pngAga/zzy3ZgXGHP7JPiAKhR57DOjltC9ZIemabHJaK8HwrQJVcYYJBCPzewZI6VKCaLrGkwzJAwtEwSAz1QbFSFqrLp+/XWuCBES+ogIfPOrP8W3f/KnSu1ECAihCLiKiJVEpakIIWBaNja2dkAIgRACbqeNIIxhNi0rJq+i2nNatw3nkbmoGDs6dN7QNC1Uc3RbVmCZEK47soEzEBHDFijVwJgXErfdKG5rSi0rmqYhEZpET8tQ2e9paRKUq1jYG2AYuQEoQsF1XfziF7+4tc3Ry1Aul/H69Wukc9a1iSmjYJrtKb1rrmbVR7vO8ODBg4nXT8ViEefn58it2bBT/dfzNFUc+mUpKMvLy/ctKPcYGbMmNjqtAK2KB6/DYRgGdndVIsptyYDL5TKOj4/RbDZhGAa2t7exuro694XsPe42pq3quFdzDEek5sis2LCSBuqnLn744Qdsb2/jwYMHsxoqCCF49OhRN0724ACrq6vILKXBfRdSqMU+5z7arTpsOwnDvPtqjt5F78UoxMvjXzkP+iNWwyQG5nV7vT2PodGsIwg4ltJLfYXmpGC+HxeL/z97b/rdWHJfCd6IeBtWrgC3TCaZa2XWrtJiSSW5ZattuduW22734l7G4z5ntq/918ycmTnTPd3n2D5H4012tyxbLllrSbWoqpTFTObCJJNMEtxAEgTw1oiYD/HeA0CCJAACJCuFq1NHCeLh7S9exI37u5cQCk1rrfMvpFDSfwCQEloXYhFPCyklbKcCzgUKmzsXyncjlWk8rw2RsAEDCWrnzjQPE37R0mcxZPU8D0KGBIJUBILnebWBouc1HSieReqPHw1SQ1LDNM04CpSGEa1RXKo6xXo82LcsE5yL+HtKSax4aAaCsGyMqJSkiFRU61W/U+ap8sD6pFoeitzhgYf7H3+IzfV1AMClKzO4decVEEoRBBxBoAgSyihOaw8qpUTAOXjA4yjxTxKUIihUlh0sWWlDDQeE5YOMwnPdhihu27bDpB8KrQvERDfv+3rlidT4sf3sk1JT6hNT6smNyDPvhRdeODOvvqNQqVQwNzcHK6khN3V6cqObqO9nOVWO3XU1UdMpYb63t4elpSWkBgxkhg+8D+r+3Q2iQ3vvvfcA/OKUoADPd+f/LNFrUgMIXXqLLjyHw7IsXLlyCRMTE2dGLEQOv9VqFYlEou+x0UdP0Aui43lv5zpVc5gJhvxMCrsbduyfc/XqVaRS3ctfP4iRkZG4ZGVzcxOVSgW5XA6Mag1qDsepIggCWInUJ548PbKu3HWgGzr0AySCkCImQ+pjBl3Pg4AaaJbLFQACg4OqQ1qbkeQw2jQ0jRAEqhymNhPeuhTcjxILHBeU0gtRmlLz3SjCDwK8eo7kRrlcVr4bWeOQ70Y9iFCpKREMIwH9YExv/fLoLckRqXJi407LBGMaCKXwXK9hoOjYtiqbOiNii3MOPwhi2cNBU9yIZGCMhiqS6Bu1f7XZbBJ/RwhBtbLfdHuarjWQH0c9GgxoKFFRxqqioQTm3s8/wuMHHwOEoLT3Gm7deQUAAeciTOfwAUholHXsTSSj7QsBzj95Co56GLoOSgj8A6klsk0DZ0pqJStKna+IYs45uBAIOD/Rn0Ol/qj/FIHWm/vd89w4GlYSCakfnTJ00vHXf19PbmxubqJYLGJ2dranCWutwPd9zM3NARDIXc7i7vqVrq27m7GxIpDYWbORTCZx7dq1k3/QBL7vY2FhAbrJMDR+/ERON3o/2vi4Spooy2cA9volKH2ciLMgNsq7PspFD77HVQTxtfEzKwURQqBQKGB9fR2O4yCZTGJmZubcWd4+nn90k+joqzmaI1JzDOYTMJM+9jYq+Oijj3DlypWexmfquo6bN2+iUCg0qDnSqVSo5lCduiDwUCkrA1JN713qy1mhWRSi7/kQvDEKUSk3VMwgBeJIwnqjxpGRYTCmgQsO3zsw0OQODKO9BBQhRIPHgq7rLft7+L6awY9KU/QzmLk/CZ7rIAhcbO/sXwjfjfn5eeg6RW4qfei7htSUet8Nqp2r70Zs3Fl/T4T3FKORMsmNk0p6kVRxFOrNbBXpwqDrh1UxqkRFERiLjx/AsatxaUgzuI6NhYcPIOqetccP7uHuB++2tX+MMZhWArPXb4UqDAIheEwu7+1uRweC3eJ2vL+MUnhSQtMYPM+HJwIwKaAxrQ3jSMRJLiqG95NLbNSjwcC5LnGHBxyGabTV3um6AUporESK4LoeXNcNSQ71fhRCQEgByQViiqHOM6dXBEdQV54i9aPv2VbKEw9GwQKqzHx9fR0TExOYmZk53c52AXNzcyiXy5i8NoD7250Zdh6H06Sq1PerigUHgS9w+4VrHZfbLSwswHEcjM2ku1aOdhw0fbCKsqz2fkvnhOe5c3+WOAtSQwiJyq6P/aIHHghks1nMzoyfWdyq7/soFAooFAoIggDZbBaTk5MYGBg4k+330UeEPtHRHtolOqIOt5XSYF7RsLfhYmlpKfbm6KWnz/j4eEOcrB3GyYL7sZpDSgnbrkAPOKxEAhc96vAkRFGI7hFRiCJMnIhjBsPElIh8ME0j9MWoDTSZpUpggqA+EtGHxgR0XW9pYBT5eiiTRnposHgUuOAN0bKGrnXV+LQTcB7AdauoVh1sFXcxMTFxrr4bDx48QKlUwsTVw74b9bPqzNNBRF1pyhn6bvAwHSVO6ImMO6WEaSn/gmb3hCqz0uC6bs+SKo7aX3ngs+97TfZRkQuF1RX8xZ/8V5RKO20rGTbXV/Gnf/Sf2voNIQSpZBr/7Pf/ALPXb8WEw5HPYvhnGrYPQRDE5WYRsUkZjctvjoZSjHAuIILnh9yIcMjAOVbDudB10XK7BQBM02Ax5csRneOo7Mp13SMlOnEUrOP2TBXDAx88LNuUUOUpnaLZPlYqFaysrGB4eBgvvPBCx+vuFubn51EsFpG7nMHDvc5UEb1CfV9qb8uneZBsAAAgAElEQVSFXfZx9epVpNOHyepWsLKygmKxiMHxBAyrtfbxNGUqorR9ckzsJxHPc0f+rHEWxAb3hVJs7HgQQmJoaAgTExNnRizYto319XWsram89aGhIeRyuZ5K1vvooxWMJq71y1baQLtlK4xRcAgMjpvQkxS7Gzv46CNFcvRSMZZIJHDnzp04TjYyIE1YSXDfjmfKfN9BEHhIJFJgbdRdX0QQQmBFJSu+35CyEkPKWPHhNiREUOhN1CwqKaI2IxkPNIU4caAZpbJEKpB2FBieWxcJyxi0C3BtHLui1IebxXP33VhbW8OzZ88wPJZEMl07rwdTU2hAQfwauWFZybZmpE+DSA0hpYQTEhOxF4tlAiANxp0HEfnM+L4LoDb4i1JLegFNU2Uyfr2Bbxij3IqB71lDyAPlBQfGnJzz8NmhYIzAMDQIIeP7pHa/AOQ4kkNKCCFVmUudkuN5Q2Tg7B24/lEc98lEkIIqH7QQBD4IpSo1KozlNo+45ymlEEJdz+j/uw2vXr2hBYeSQOrbj2b3+sHv6303PM/DysoKkskkbt++3ZP9bwdLS0tYXV3FyHgS2SEL6IHPZTdSVarlAKUtF+Pj4xgbG+toHcViEcvLy0gPGcgMtveurH+KWz0E6VYRPHjn+SE4nveO+1niLEgNAPBdgf0dF5VdNROWy+UwPj7eMUPYLiqVCtbW1rC5qbxmRkZGkMvlkEicnzy2jz4Ooq/maA/tqjkYU53CVFaHldCwt+Hg8ePHKJVKmJ2d7Wlt/aVLlzAwMICFhQWsra1hcHAQo6Mj4J4LwVVnT0qBanUfhpE4V+l+t6CHRpyu68YkB4CGmMF2yAfGNJhW2EkPZyLFCQOc+lSWaP2tphN4ngspRS0S9gKUpihyg6OwuQM/4Hjl5s1zG+xGvhvJI3w3ov0iAqBerbOr6+aZGuxG5EY0sHOcxsQUwzBOHDCSMOoVqKmPel2qxCgFtSx4fqMayrZtmKbRkIoyMprDS6+9geL21pFRrd2EpmkYGBzG2Phk/PwpkvHwvWhXq9gsrGHq8pWGNjb65+Hn97j7WZVUSEgwLsA5eS4JDiBUwyUS6vqHccSmZcKxbZim2RZBGBGziURSJa2E7S2lNP6P0JqCxraV2l/04Nz6niLzIwiteXlKq74b9ddfSomVlRUIIXDnzp1zb7MLhQIWFhaQHbYwmE+dialoO+UpUd8pcAV2VqvIZDKYnZ3taLuOo/pTZoJhaOxs2nf//ruAU/3kExzPc0f9rHFWxIbnCOwXXVRLitgYHx/H+Pj4mRELe3t7KBQKKBaLoJQin88jn893LeKqjz56gW6rOYDnu/3shOhgDBi5lMR+0cXm5ib29/d77r+TyWTw6quvYnFxEWtra3AcB6OjozD0hCpZCTtqnmeDBwHMhAXGPtltVb3kOuqkR2QBF0KZKIZQvhhHkw9CCnhunWw67OAKwY8kp3zfqytNYS2nEnDeGAnbailML+F7Dnw/9N0oV3Hz5k1ks9lz25/5+XkwRpBv4rtRf66Iq8fTioxqZxoJ60cJKHUmotF9CACarreUzMM5h+/VSpXa8XA5DQghMI1mBr4uKKMhySGhGya++k//WUfbOE10q5QSnPM4naXZM1Iu7+GnP/qHjvatHoRQ5PLjePNXfi2O5r1gQpauI77+5PD1b7dkJV6faUFIcQKpR9Sz4npdi+gGgCDw4Tg1qwTJeOSJ2zaaRcI+e/YM1WoVL7300rl6EgHKA+TevXtIZg2MXrDEFOCA78a6DUJYx6aigPLd4DxA7nL7E9cHU1VaQTD/DrC/BQCfTILjee6UnwfOitiwKxyVHQ922QdjDFNTUxgfHz8zNrVYLKJQKGBvbw+apmFychKjo6PnHuvXRx+top+20j46SVvJDJswEhpKmy7u37+PyclJXLnSPXfzZpiZmYnjZFdWVjAyMoLBwQFwz4EUahDFhY9qxYdhJmCan2w1R0PKiu/DMFQqgN+CB0I94oSAwFfGo2Gpih9wcH7YE0FFbMp4BCcEh+d5J76HVMpLbRCsSlPOtwvFeQDHuXi+G+Oz2aa+G3FpiqeB1vluGGb7PjOdDq045/DrzDR1XUcQ1NRCjDEYLQwQpZTx/eC6HliY+nOWiNVQjtOQssEoASFWHNnaKiKDTgCxj8VR5QDHrSOKpOVcQNe1poRD4Pu4+7N3Wl7vUdB1A8O//NVTr+eTCHX9VbJPY8lKAN0wW1alRThJsRQZkAK1MiAhxKnaQS44HKccf5aUg1t+02U7IVTW1tawu7uLGzduIJfLdbyf3YBt25ibm4OZ0JG/lMHP13oXUd8M7aSq7G44cKscN27c6HjyeWlpCXt7exiZSkIzT0f8tnLlg6W7EJvL8WfNrgRIpD4ZPMfz3hE/S5wVqQGoGq5K0YNTDWAYBqanpzE+Pn5mxMLGxgYKhQIqlQosy8Lly5cxMjJy7jNvffTRKfpqjvbQiQlpIqXBTDDsbblYXV3F3t4eZmdnezoDNDw8HMfJbm1txd4cmsYa4mQ9V6k5rEQStM1O7EVD5LnBGIPneRAhuQEJ6EbrA0ZdU4M9vy4hwHVcOK4LXWPQwkGrruvgnMcya0ppSyS779VF2AIXIhLWtavgXGB9awfpdPrC+G6kMken/1BOQP1an9M0E9DO6Fw2pJCYRpxComkyjKdUXhatQPkFyHMvVaKUqpKF0MDX8xQhIYSAfrDMpoV83Uh9Ec2EB0EAApWaEZkzHwUhlQ+GlDJ+puuHJrnxSWxtFjo80uYwrQSs5C+uXxqlrHb9HTdWprmOA8Mwu0rC1vtwOKF30mnWL6WEU61ARqQJkRBmc3LjJMXIQX+fhBjD9vY2tre3MT09jUuXzrd/I4TA3NwcgsDH5LUBfLzR2wmTo3BcqkrUPyrvqbCHqakpZYDeATY3N7G6uorsiIlkpjv34HGmo3xtAWL5Qfw5OTQI8t3v/1iOz6ZA2cUc7D3Pne7zwFkSG+U9H5UdD57DkUwmMTY2hvHx8ZN/2AVIKeNElCjqdXR09MwSWfro46zQLaIjwvPe5rbbBgohYVd8lDY8BL7A9PT0mcySr6+vY3FxEVJK5PN5pFNJCN+BEPW1yQSWlYTe4qDsIkNCqSuiOMuIpNB1vW3JdaTmABD7FFBKYOgqejbgPF6/aSVOLCsIAr8hptEyzZ4lZbQKx67C9x2srm9jv1zFG2+8cW6lKZVKBe+88w6SGR3jM4fNwePBBwiYbYKEvWxNM5BIno3nFgC4rlvn7UKQSCQaBk1c8JZmveP7IRxQXoT7AUBcskIIgWUp01Fd12smuNGhtjCLGwRe/Cx6ng9IQNOON9R1XRcSMizdUt4Ouq5B0xgE9/Hk0YPYx6GbyA4MYubaTfh+ANfx4HkeOO+NEeZFRhAEDclTAKAxBr1LBrQN932IqNywE1SrZfA63w1uuZCs+c15HMFxkNwAAH83gadPnyKfz+PFF1/saP+6ibt372JzcxPjs1k83r9+Lvtw0Gi0nuCI+kWeI7C+WMbg4GDHZqzVahUfffQRrCTD6OXulR4eRXCInQKCj38Uf7YyaWTHxkG+89YPZWrAwPDE2Zk7tYLnvZN9ljhLUoP7ApVSgPKOinpNp9MYHx8/M2lYEAQxseH7PjKZDHK5XD/qtY/nGn2So3202y4GvkBpy0Nlz8Pg4CBmZmZ67htk2zYWFxexu7sbt2Uy8GID0giaZsKyEqHh4ScbPEwJkHWddEIoDLN1I1BAlZT4nhdHIbquh9AQAIAiUAzDODEBhQseJ724jhsSLuer3vB8F65dQXFnH5tFJb8+zxnK999/H5XKPqZuDEKrK005OChhjg7C1feEUKTS2ePTMbqIaPAfE1um1ZGKVMXxhqUpF+R+qEf8/ABx2Y2mMei6CXJQgXEC0cE5D011ZUzuRaU4BwmdKMI0Or+WZUHT9HDbLPTHOHpbaozaSWaC+p0yDg7guX6YLPN8moyeBCGEUsIJERMdnbSfzVB/7wOIiY5ksv1BrOtU4Xk1VaIwPQitkZRqRlwc/L6ZqSipqhj2TCaD119//dzV2o8ePcLy8jJGp9JYcm+e675EOFiu8tqlFUACG0+rkJzi5Zdf7liV9tFHH8FxbYxdSYLp3W/fo90mAFDdg/fR94GQKNMTFoam1LuQPHy8LJ8+fYrRyykkUucrdf1F6FSfJc6S2LArHNVdD9V9JS8bHh5GPp/vqTlfPRzHwfr6OgqFAoQQGBgYULOeZ5TI0kcfFwF9oqN9tNNOCiFRKfkobbgACGZmZjqOTmsHz549w9OnT6FpGnK5HJKWCR44kKLmJUAJhWkl41KMTzKklPD82ixsN9QcEoBXlzqgaQxGC6kdjlOFEGqARymFZZ6vWkYIjkp5D9Wqg+W1TUxMTOCFF144t/15+PAhVlZWMD47gFSm8do0+G74rCE1JZFIn9m9yjlXA7NwwNfJfRTBcWwIIeLUH/Oc74dmUIN9T3nNQD0/BASGZTaSOi1wAKqsxz1EFCpyUEnPDyoHotIIQkho3kyPJTgizw4hBCABymh7g1Kp1hEEHL4fxMqTX2REhBPQOpl7EoQU4EEAQih834uJr3YVTJ7nwK0zFRW6D64Hh655q0am9eQGDwQKCxUAwOuvv37uqYgrKyt4+PAhhvIJDI2lztx3oxVEfaBiwUFl18Pt27cxODjY0boeP36MjY0NjF5O9tT+QgIgPID/0XchKyUAANU0DE1NgoVtO6k6Qr733nvQTImRqd7eCAQEjGqglIGGN+38ej5uY91AwvUFPunEKyEAJYdZRyEldEZhMAJGG/lpIQGfSziBwGkips+S1BBcdfYruz58l0PX9TiRpFc58AdRrVZRKBSwvr4OoB/12kcffZKjfbTbbvoOx+6mC6cSYHR0FLOzsz03nCyXy1hYWEClUgnjZEfBPeeQmkPXrTNNpOglgiBQ5ESdmoNRCq2NWFcgTFrxPIiww68k/IkTO8++7yrZeziosyzr3EsRquUS/MDD4so6TNPCG2+8cW77tLa2hvv372Mon8Dw+NGTCUSo0pQIhmHBtA7fo47jhJG93TseKSUcx1GKhtB3wzQ76594nhun6BApYSVOvofOE5FqBagjCY06cqeNvnZUngDUyr40TYMRxjpHsctRVG1EHhJCYrPTZqeKc4Eg8OF7QbhO1pGyJjI1jciSPmrEkyJ0tZb9ZVqB6zohcejBNIyWr1nge7DtOlNRjYMf4btxEg4qPKSU2HjioFwu4/XXX+94kN4tbGxs4OOPP0ZmyET+cvbCJaYAtb7P/o6P3XX7VCW4a2trWFxcxEDORHakt8SvBBDMvQ1ZXI3/NjQ1Bb1u7EeqjpDLy8tYWVnB5LV0UzkJ6divOmo/JSih0JgOU7egMR0bpcFDy5Udjj1bYN/lpxrknycMjSKhExgagVYnB5SQ4AKwdIKETqEf8DzhArB9gT2bo+S0fvyEABoleHVq7dB3InTElu28xVqA53CUd31U9zxICWSzWeTz+TN1KC6VSigUCtje3gYA5PN5jI6OXsjZlD76OA/0iY720a6aY3/HQ2nThWEYmJ2dxfDwcA/3TmFpaQmrq6swTRO5XA6GRiECN04/AELjOSsJdsoZu4sAIQT8wFdqjsiAFIBuGC3HuwJoyWCxHg2lCK4Ho8Xo0F4iknWvrW+jdEF8NxIZHRNH+G5EAw9mGyBC9S0ZM5BMHSZDPK/m+dBq2cdxpnMR3LBMqVaaYoKx9q/jQR+Wi3A/tIKAc/gHSlYYYzBMs+2+PRccflj+EHvbAKCM1bxzLBOMUhimdSL5I6SAYzuIzFrVIPyTr0C7KBBCwHGcMJFKpU11C77vwfd9uK4HXdNael4FD1Ct7sfEhKAcItEdcgMANlZK2C+6uH379pn5/R2FUqmE999/H2ZSw9S1wQtJbrx6aQUEgFPl2HxawcjICG7e7KyEZn9/H3fv3kUyo/dcLAEAwcIHEKsL8efs2BisAwbwGgDkcjmsrKygUvJj1oUQAo3qIITGaotOICEhhASlBM92J5DPaMgkGCaH6gb/YaejWCGQCOBziar3yWM4NEaQsShGUgxJo5HEEFIi4IChEZgGhaU1stk+lyg76pi9oLXjNzWKN65sQ2cGGD3csebCh889eL6LQJxeslcpBajuqjQUQgjy+bEzLwPZ2dlBoVDA7u4uGGOYmJhALpfrR7320ccB9CJSFni+iY52ImUpJRgYMVXSyqaL+fl5TExMYGZmpqf7eOXKlUNxskODg0rNIdSgQwiOanX/uYiTpZTCNMx4NrI+DlPwAJp++tryg6hP24giQM97MOv7LjzPQXFnH6VyFTdu3Dg3cgMA5ufnwRhBbvL49z9z9ZjcIITAaqKujIxfw4Xgh0kc3RjsMkrBQ9WFihB2oemipSjYCJECKIJ2ASKCW4XGGKhlwQsHo4BSc1SrNizTaIvsYZSBWYkwQUZ5MHApEXCuntM2yA0A8FwPQK38q09udBeU0thzSHR51rheNdbKuqWUcOxqTExIKiGPiIONlm9WsgLUoovrlTo76xXsF11cvXr13MkN13UxNzcHTafIX05fSHIjguASuwUHiUQC165d62gdnHM8fvwYusEwNN579T5feajIjXDSIjUyfIjcAEKCw7IsDA8Po7S7i+xI6LzMTFih2uI0JlBSSixtZ+BxgaRBkUkwDCYYGEX8QtMYgwTABYPtSew7Ak4AWBqFqbWXwd0puJBwAwnHVw9qO5sk4fJJg2IgwTCa1pC2KEytrgGQav2EKGLC1AgCziGlKmeBwcAIUPUo9h2Cqnfk5vDapRUQQmHqJiw9A1O3oNPD7KkvfLi+o2obfQEhW2vg1PU3YGgGIBg8R8CzORIEGMjryGQySGcyXZGRShnmpp8ws7a1tYW1tTWUy2WYpolLly5hdHT0QstD++jjIqCbkbKAan+ed5IDaF3NYSU1GJcZSlsu1tbW4jjZXg4+h4aGYpJjY2OjFierJ8B9O15Oxcn6sKwkaAez1hcJmqaBUlX7HZWMmJYJzp321RwnwPf9uL6cAOeuDBSCw3WqqFYdbBZ3MT4+fq6mog8fPsTe3h7GZrLQjMPkUjTwoAEDCWrfm9bhWGPBOTzfD7+vnWfX9SAcB4ZhnKoER9M0EErhu25McgS+DylEy6UqXp2Sh7UZCUsIAaGHtRLRII0Q0ihDkaq/KDjvmlFm5B3jez58rsgeIyR7dF205UfiByrpKEqQKW4XMTI6osp/WiA3opIVITh0ncH3JRIJSyWvQCnjelFmomJradPzLaUEFwKix8krx++DIgqE4DjtodcTDgSI73shRWNs8ClA2iQ47GoFvG6ilRvukfKr4659fTlK9O/SjoPiehVTU1O4cuV84lfrce/ePTiOjclrA7i3NXveu9MUr11agQRQXHfgexy3XrrW8UTx48ePYds28ld6n8gqNlfAF38ef04MZJEaaq6cjXs8+XwexWIR1XKAgYEETN1CwkjD0HRQ0v5B277qbHABjA0IbJc5KAH00H/iL/7ufXz/3QcQQuLV25fxb7/+eeiMQKNKCZG1GLIWRdpiys+i7T1oHRKAFwBll2PPVg2NqZETM78PIqETJHWClEWRsRjmHj2LvxsfzWIgm4aQAKPAn337XXw4v4yq7WEwk8B//A9fU3FO9GhCp77DTQmFzgyYmglLT4AQBiJrD70kAJPq8vrchR94LRMcGtVBhQnqJ6BRDVaCQs/qDaZS3UBkmi0kAURzkiPy16hWq0gmk5ienu5HvfbRR5voqznaRztEB6UEg3kLZkrDbsHBxx9/jMuXL/d0EMoYw7Vr15DJZLC4uIjl5WXkcjlk0mlw34UUatDIeYBKpQTTTMLo0HvgooBSCtO04pr/RjUHh24YXenAx+9gKaFdgIQMx66Cc4717V2kUincunXr3PalUChgZWUFw2NJpLONxE/U/yCEgAiAurVzpxsWdP3w8q5XUxWoASCD7/tKbeG4cFz31OUgjFIElCKq/SUgLfsR+H5dSYaU0NsguyijSkHB6KFykNibghLU93Ajs83AJwiCoKtpILqhg3IKz1NRqqZhhIkjHLphHnp2ar4Zav+44BCcgzEWPxfJVBLJpFLlmJZ1YB0yPiYVYETiAT6lCL06dFBCQSiBFEoNEvgBgoCjW2BMKbA0TV2Lg+yCEFKpiBD0LF6WUhpH5jbbBymkMkkNAH7KY5eASn6qa8cAQAqhBiCnAOdBbDgLIFRFeccagqr2qy4O1nAhqTz0TJyUmhItU/+9XfGxubx/qvKKbuLevXvY2dnB2JUsHux2pojoNaI+TWnLhV3yMTs7i0wTBUQrWFlZwfb2NobGkzATvVXSy/0i+IN34s9GMoVMLn9k/HX8xhgaGkIikUB1x8PgYBoa06AzHbpmQXAgaPOhN6ha3jB1MApUXRE7OgshcX9hDQ8WC2oZQ4PvcxCqdsdkiijIZzQMprTQsLOtzbcFIZXB6U4ZMBiBBJAyKTTanv8IIYClUzACeH6Ab//wLn743kPkR7L4+q+8hl978xX1cIKguFfF+3cXIQFcmhiB6wXQzMM3x1GdaxL9j1AQUDx4UsA3//4D7JZsjAym8LUvv4IXro3Fy7RCEQkuUd0PQAOKgQxDcjiJZCqhXj49Ov9CAkSEDVrYuHHO46hXz/OQSqUwOzt77oZBffTxSUcv1BzA8090tKrmSKQ0mDMp7G44WF5eRqlUwuzsbE9Nj/P5fIOao1pNI5/PQ3IGEdRi+Fy3Cs6DcBb9kx0nq+u6GgjXeSKYpgF4XscGkvWo70Cft2Gh69jg3Mf65g48z8dLL718btevUqlgfn4eiYyOobHUscsSt6YKoFSD1cRU1PO92PwTAAxTDbIpZXBdF6ZlwnVceL4PLgTMDksYgkANyiKFiGEaLak/OQ+UeWYIIzRTVIkgjWXGasImUh+ESlhNgxYOapttj0bqjrrvIgVDtC4hujfQBxQxalkWXM+LYz5NywS3ndCEVQuXo6E5aO1e00ChawxCCFhWFOEMWJYByhgYPUxCyYZzogb6itww4r+pcgM1ACeBIjrUsZ/u2YvWrQgZDbqugTHWeN2kIjgIEG5XnqggqP0XrkOtKF5Xs/1QJAuDbuhN9iE89rDs4rQER2QrED1XEYQQ6EY1d7OUGrXuwyv3PBu+XxcHq/uH4mDrcdJzWV+a4rkB1hdLSKfTuHPnTqu73zMsLCygUChgdCqD9IAJVM57j45GeddHacvF+Ph4xyU9Ozs7WF5eRmrQQHqwxwpRz0bw4J342jPDUOQGcKQZU8Me5XI5LC8vgwcSlDAwyhAEEn/0zbfx4f1l8LCROg6q3EAtNHtpFP/yNz6L/OgQNApIWduD3f1aRNDefk1SS6AUHEmDIptkyFgURAKu35kRTSuwLANeIBFwCUaJUpAkKDRK0I6Ig4cyM0qAIOBYeLoJx/XxdHUbS6vFQ8vH6TGuj4Mn9qQOddRwq38TPFxcxz/8dD7+fnpiBLevjatGGMc3Gp4jUN71UN3zQCnD5MQQRkdHkEpaKO6V8fYHj7G6sdfaSWgR+ZEMXn3hMq5MjsYNved5MbHBOcfAwACmp6c7Zhb76KOPw+i2mgPol63UgzKC4YkEjCTD3kYJH374IWZmZnpaF2xZFl544QWsrq5iaWkJjuOoONlEGoFnA1J1mIPAQ1DxYZlJ6F101D8PqJr/mpoD6F6d+UUhOALfg+fZKO6WY9+NgYHDhp5nhQcPHoBQID/V/J0cR8K6GqioDYybpfr4vjKOrZl/1mb/GWOwEha8kOQAlN+Dwzl002yrPFYIqUpgwn1T5NjJnXEha0aakQGmruvQNDVYpqSRmJBQ90rgB/F9yBgNSY7DBIcMJaw8CLC5UYCUEul0BtnBIQCoI1GiqFXWVWIrmUxACB6XijOmiAvBfWi6UtNoGj12m4rosOL9bQYpJYKA1D2bAoypcrP9vV3s76uIx7HxSVCmgQoBxiiEZKDy9OptQghoGFWrBuACezs7qFbVGGTy0jQIJDijIdl0qDteWw+tRd7ScOY18i6OSBnOeRNyhjTsB6UEeztFVCoqTWR88hIoo6CChoqe0x8zUCtNiUiq07aP9W1hVKIUftGU4Ah8D65TG99JLWgaB3twv4/bdqxSFxKby2UQQnHnzp1z98R59uwZlpaWMDCawMCIdWF9N167tAK7EmCnYGN4eBizs52V0Liui4WFBRgJhuEz8N3w778DaSvGiFCKgbExMO34yOumBIe972Ow7v318aPVWG3RDvb2bfzrf/o5SKiZ+lbTPCgJS1UoQRBw/Mlf/wQ//qC7iQD1+IPf+SI+88pV6IzA0imSBsFAQjX2tn2MGcYBZNMJcCHhc3WkPm+PhbW0ALlsGQljD86Jm629/ABgt2Q3fLtXthEJHwlpnileKfmo7vpwqgEopRgbG8fY2Bgy6VSsYtvdr+L/+/Z7WN/qLsGRSSWQG87gyuQoOOfY2NzGkyeL8P0Aw8PDGB0dRSp1/AxRH3300Tn6ao720Q7RkR4wYJgUpS0fT548QalUwszMTE+N9CYnJzEwMICFhQWsra1hYGAAuVwO3Hdrag4p4TiVWM3xSfcx0sOYStdRg+HjpNIt4wDB4bpqgHuWZtZSCDhORflubO9cCN+N3d3dY303CCGgAQUNal1Ly0oeIhQ453GsKABooSKnHpSo1IcorcG0TLiuB/dAycpJSSq+31gC06rfhPLdCA0wQ98Nxhh0XVOlHvRAvyqc3COExCQHpRSUUQjO8fD+x9hYW4WUApPTM7gyex2GaeIHb30b7//kh/A9D5dnr+E3f/dfIZ0dbCA3dF0pQXpx/8lYeSBCc10fnAex2oEeUzYtJUN0BZotEpWmROPigPsgUimK154t461vfRPPni4CAL7ytd/Epz//5ZAIYDBId6Xb0fWa++gD/PQH371t/CYAACAASURBVMXm+hqYpuG3fu/f4ubtl8PJwKjXXBurxKoTxqAxChbG2NID+yeFABcCPGDgnIf/1Xlh1Ck/lhYe4nt/9y2srSyBMoZf+drX8anPfbFuH04PQkh8FJZltuWlqCaqBSQXkBChqkg2JHWBkGPNlzkP4Dg1CYOgHNzwO2qb64mV6Pfry/twqj5eeeWVcx8rbG9v48GDB0gPmhidvLimoq9dWoHncBSf2UilUrhx40bH61pYWIDvexg7wWS6GwgevAtZ2oo/D4yNQWuhVLDhzjQMA7ncKJyy03BDzUyNYqWwEyo4jicpqrYb/5sAMHVNGSbJ5qzocSBEZWQ/WCxgZW07/nuz1Rz3yBxcntS3X4RgZa2Iz7xyLTYLVcbDBN/76X389Xc/QqniHMt8GrqG/EgWf/jP38T0ZA5xs9KjiR9GGXRNh8ZMaFQD5xIPl9Yblnm4tA7PF2BUh84MaJoOLjhc20O55KG654MHEslkEjMzl5DP55u+PDkXyI9kUdwtH/quXQS8dv+Uqw58ziEEx+7uLnZ3dzE6Moqh4eFzN3Tro49fFPRKzQE8/0RHKySHYWkYvaShVGTY3tiOS1Z66SOUSqXw8ssv4+nTp3j27Jky/8rnYRpJBL4DhJ1U33fBuQ/TTEJrw2TwIoJSGr+jhRRgHfiGNayvoWRAxNs4S4LDtiuqXHOzeGF8N4byh3036kEEQL063w3dhG40zu4pPws1+6tKItixiSZ6qCZwXTeu949KViKyMO7OHfitUonUl6a01rfwXNXni0o4DMuKPTMYY8pHgdLYfFSt2wKVIlRBENR3GaWU+Nk7P8aj+Y8hhcCXf/Wf4Mrs9fj78n4JgMT2RuNEYqQaUOqR3hJsQij1iQc1w65KYzQEvo+3/uavGlJkWoFhGLjz6uuYujyDiAvgAQczagPt1ZUl2OGs7N7ODoA6nw7GQsPC7hOwz1aeQvAAhNAGhUEz0PB665oWkhu0QV0TKwqkBBMCnAlwThEEFMRXpVHNxj6ry4twXUU6Vyun718fBKEUMpxkFVKiFe9H13VCUqb54CVSNNWj2T0ppYBjV1pOTFG/aZ6acvA8A8DWahmVPRc3b948d0++SqWCubk5WEkduamLTW6IQKK4akPTdNy4caNjRdjTp0+xu7uL4ckEdKu35ZL86RzExtP4c3p0FMZRhFYjN4lD1NvoaA5Pny7CcwIIU8DUGH7nH7+Or//Ka8fuRNl2sbJWxP/9je9jv6IajNHhNLLpBFyBmORoB1ICmkaRH8kilay9JB3Xa/AEIQQwDR1as/ov34fnNyoprNDtOcLQQBIH9SUEwHsfL7WsXNnY3sPyWhFXJnMtLd8pMa3IDQOmZsHUTDCqY+7RGh4dIDgeP93AR/PLeOOlaRiaCcd2Ye/YKG658H0fIyMjyOfzTX0tJGr3yNTYMH77V1/HFz7VuVmO4BJVx8d7dxdxf2FVbSP0IhFCwrIsTF+eDkmw86137qOPX0R0W80B9MtW6pEdNmAmKPY2XTx48ADj4+OYmZnpqXpienq6IU52eHgYw0ND4L4DwaM4WQHbLkMPrKZlBJ8UkDoDSSkkcMo+V/0sauQD0e2YxeMQ+W5sbO3CDzhefuXWufluVKtVzM/PI5nRMTzevGMZmwO6OhCWIlPKjihNqSkqCGnN7JMxZXbuhSQHgFDN4cQEyEEcVIkYLRrQ+oGPgPM6bxczXn/9LPzeThE/eOtv8fTJI+THJ/FLX/oKpqbDZ/rgQA0SezvbyuQRiEsT6pcA0JREiFJYKKUo7e7gyeN5bG9unngc7eDSlRncvP0ymEbBKAEXAtFoYXdnG3c/eBeu4zTO4DeBhCJJAAldNzAwNIypyzOISIqDqpd6gii6L2q+GYpIkEKA88OeD62CUgbKWEPfUoTrk1KEx3rEb0PfDEPXQwWN2v/VlSXMffgz7BS34Hs+Eskkrr9wBzdvvwTTSoDRkARBVL5yeBueX7vW6px1F5QQxFttsV+t2jjZlMgAACIlCKUgVN0nR6lC7Gql5h1DAGG6EDhaWXdUv78+MSXC3paNvS0bMzMzmJqaaum4egXf9zE3NwdAID89gLvr55/g0gxRH2V7zYbvCbz44o2OfcG2trbw7NkzZIYNpLK9NeDmhQXwp/fjz8mhQSRP8mKsIzkOERwDAwMwDBPVfRcB1ZG2BAYHT675HGcElJBaljmAz75yFZquo1QJ4PPWB/VSqpIWIQFd0/CHv/smfu/XPx1/f/fBCv73P34rJi7efOMm/tHnXsDl8cNRMR/ce4o/+W8/xXaoQJieHMF//MNfR9KqzRiMDKVrMrpj2oHccPPYP9UYE2RSJ9chMcpBCW1bzUIJBaMadE2HpSdg6knozICUBH/93Q9RKjey0Lbj4ZtvfYA71yehUR2atJBOAIOzo0hnMi11KqQEkpaBX3rtdE7A0WVPpwzMP1mNj11CQtOU4ZXvC4guumb30Ucf7aGv5ugMrao5zISG/LSGnQ0bhUIhLlnppafC4OAgXnnlFSwuLmJ9fR22bSOXy6k42cCJO76+74BzH1Yi1ZI/wUUDJQTR2+OkQVhLCF9acWwpIbG3WK8RBDXfjb39yrn7bszPz4MQIDd1WIpcP8NKPQ1UNEbCHpx99zwPXMgGRUWrJF+tZMWF7wdKzeF5cD0XhqaD1UnlVamFF6tENMagtRAjzDmHX0cyNCudiVDa28XcR+/BrlawtVnA1OUriuBo6WjaQJxiogbWf/tXf45qZb+rm5i5dgtTl64gkUqDaRq450NwDilVKQ6kBOfBiSRf/bPn1w3gI9IiMluNL3nDtY//GC//5NE87v7sPWysrx61QXDOQUjNE+MgMpkBXH/hDj71uS+21e+mlKhkwzqj2I3CKt798Q9w/+c/Q7lcalj+44/ex+Urs/j057+El177NBCqDoSU4PzoMp9eoX57vEVzUUppnJCiDHCpImtC0q4VktWuVsB5Ta3BDReCND/x9e3HUd/XY3/PwdZqGePj4x17R3QTc3NzKJfLFz4OFgCKazacSoDr1693HGFv2zYeP34MK6lhMN9b3w2xsw7+6IP4s5VJIz0yevyPDqgUmvZkBgYGsb21CY1UUXFN6EdomzRGYRkEKUPVYv34g8ewQ/OIdCqBz7w8i4BLOJ4EFxJaC+Y5yrtCoOJRlGwBSgCmGxgcUi9EUyMo26oeNiI4sukEPvXiDACKQCglRuTj8cotgT//zs9qx5ZJ4vLECBhj8HjYuZMSZZuj7HAQAiTl4ZbAMnX85ldexRsvXoFpNn9Rjo8OIuBHO41QItpQsahGnhIKSpiSKFIDehgLqzMTjDL8xd99gB++/7DpGt6/u4g//fZ7+P3f/CUMDQ1ieJjGxJGM1BKyCacjJaRUUbMEOFWpTZQvTilBooe153300Ud30FdztI921BxD+QSslI69dQdzc3O4dOkSLl/unayVUoqrV682xMmOjo4im81AeC6EiNQcHNVKCaaZgGH2LvWl21BRmrWBVbeUFrquBs2ObceRpb2GknZXYdvuhfDdePToEXZ3dzE+k4VmHE18EU5A/dr3hpk4RCgEQdAwAabrOhhtv+RC180wZcWDYRgq8jTwwaSAGZa6eJ6KrTQtEwQEWgt9D2Uqqq6x63pglMI4ISI4GsQfnKGndYP5bsOuNkYz0C6UrdRPeEXpL4Sq/tvQSA7/8n/8X+B77okK2/fe/iHmPnrv0N8j5Yam1ZQwzVQNzTA/9+HpSjgIwfRse5N09ckrkffJ5noBf/ZH/xnra83beMEDLC08xOryEsr7+/jcm1+BpjFIIUEQtD2peVo03HuhvYAQygD1KB+a+p+oWN32yG7PtREEtXaSGx4E66w9PnivubaPjaV9DA0N4fbt2x2ts5uYn59HsVhE7nIGD/cudhzs3qaLyp6P6elp5HKtVRk0w+PHjwEie24qKqsl8Afvxp91y0ImP9b2eprevblcDisrK0BxG8VkPjacpKTOAJRRJA0JQ9OgM4onKxv4zo/m4nW8eH0Cs5dyKHsCVY+DC0BrUWHpcQnb56AEcH0VKcUIoDOKkYyGpHU44otRhpLDsW8LCClh6AQZk2Iw2yip1DUGQ2PYdwX2qgI+V6SDF0jYvkTapE1JiGw6gc+/dg350UEEonknquyqWrvjj/OkFx4BoxpM3QxVGwyM6tCYoWJ7mfLU8HyJP/7WT/Bnf/tu7NacHxnApfEhrG3uYW1jBxLAN/7mHVRtD//mt34J6ZSlXKljgiOM5gIUqYH2fVKOgoxqUUUkSyMoVZwTf9dHH32cP/pqjs7QKtGRSGkwrqSwt+FgZWUFe3t7uHr1KpLJ3pWJ5HK5uGRlc3MTtm1jdHQUjDFwv6YAdF0bQcBhWtYnQs0RBH5DYsFpoyUjRIMASihEODMdGUf2Co6tonzXNraRSqVw8+bNnm3rJBQKBSwvL2Mon0DqCN8NFe8OULdGBGiaAbMJQRYlukVXx/d9iNBHox0DROBAyYphQEKRGg53oGmaipSti4RtpTSlwVQUaMkMuNm9RimFpmsqUe8Yg85OUa+SGBgcxvUXXkKmwxnZCFPTM0hnBxAEPOwLytjHhhCCyUuXW+obbhTWMPfz9+OOpOvY4fFL8KA2q1+plLG6sgTeJG60HpquYzQ/gdWVxUPfRaUw9aBNkmYy2UFYbcrx671WVBy1i7f+5psN5EY6M4DxqctIptLY3ijg2fISAAnf9/D97/x3jObHcO3mbUhNmbjyNkMHTouDCo7AVqkxzZRMQgpFxBAKhFq4dsvFfd+F69YlpugBhHb8MTfz3Ij+Xu+7EfgcG0/LSCQSF4LcWFpawurqKobHksgMmsDxNi7nivKuj9K2i4mJiVOV9Dx58gT7+/sYuZRs8NHpOgRXpqK+IsqoxpAdG2u/HZVHEByMMQwPD2NzcxO7YlC5bgKK0dYIshZFyiTIJhiyCQoKgW++9SGKe4plJYTgi2/cgASB7QlUPIlASJgtive4AEoOh8cl9mwV1ZrQCXIZ7diHLhASO1XFlKZMirRJj9yikEDF49gqB+AC4EKCC8DQNADNGfFkwoQbCOzZArZ3mOAQAtAZMDUEeB22ZYyy2F+DUgZGVLa4znRQqoERhvXtEv7rX/4Yb719r2Hf/sXXPo3pyRFsFEv4P//kH1Aq2wgCgb/8+59hc2cf/+7rn8fM1KgiMqIoLBnFm0Vkh1TRV0QRWuWqg8fLGw1u0O1CSAnXCzD36FnH6+ijjz7OHr1ScwDPP9FxEsnBojjZFMPe+n4cJzsxMdGz/TJNE7du3cLa2hoWFxfjkpVUMg3uO5BCDTg492BXfZhm4pBJ5EUDIRQgIkzJUIOSriSphKCUQvDeExxq9tNr8N04S1PTelSrVTx48ADJjIHh8eYu+dE5Zq4eJmMoL5SjvFwYU+Wonu/X+VsYsG0Hpmm2faxxyYrnwQ98peZw3Lg0BWg9Etbz3ND8VO2XbhyeRDuIg1rd6BNlKjklAiEEruPH91A38cqnPosvffVrLZXfnIQoRSVOPgnd2OLS7fC74+Af8BBxbBu+5+G9n/wQ9+9+EJa91L5vXk5WW2BoaAS//vV/3rBdKQUEF1h4eB9vf+87sVHn7PVb+NybX0EylW5QtURqjHZAwjhYLSRMfvKD7+L+xx/G31+/9SK+9NWvYeryFTCmobxfwntv/wA/eOvbCHwP1UoZ3/32XyOXH0dmYBBCyFP1oTtBfTslpYxTpgBFLkopIMNJyGa683ZK8njgw7FryiLJOLgRHKv+PqqNrvfdiP69sbyPwBd45eU75x5CUCgUsLCwgOywhcF8Ej9fmz7X/TkKKg6Wx3GwMzMzHa+rUCigUCggO2oime7tpIc//w5keTf+PDA2DnaCku4oHLmn+XweG+vrsHgJvjYMjSKOUM0mGIZTGgYSFAYDvvGtd/H9d+bj375y6zI++/JVeIGA7XHYngBrs08QcIky57ApgampEpiTnrd67w5+wiyOlIpIcX2Jqi/hBwKMkmO3QYn63vEFdioCts9jtcf1/CZ0qsPQEwA6jc0hYISC6hY0qoES1bhSQgFJ8Hh5Ez96/xG+/95DrG3sxL9KJS38+9/+PH7jyy+HDcIUBBf4v77xfeyH3hw//tkjPFrawOdfu4YvfeYmbs2Oh7WVB86dIA0ik/2qg2986118eP8pANI2qxutSr0f+waiffTxSUMv1BxAv2wlQjprwLQY9jZcLC4uxt4cvezITUxMxHGyhUIB2WwWuVwOkvuxmkNKCcepwvcDJJKpCxsnW79fmtaa10Jb66dUTWoS0jOj0SDw4Lo2di6Q7wYgm/pu1IN4DITXBo+WlTxWjUEIgWkY8H1fRfu6XpiM4kDX9ZYjXOuhGwYoo3BcNzaEbScSNuA+giCoJaaEcbCH9z36h/o/wXnD/RDEJpkEnuti8fEDACqZorS7i0q5u74ZETTNUMTBKdcjhEAQcKXiAAAwEEIR+C7+9I/+X1TL++Di+Jm73eJWUxnwytIClp48akkiLGVNIZ1MZ5FKZw8Jn9XsvsDb3/tO/LeBoRHcuP0SCEjjgF3Wjq8VpRAhyk+QMmWmuV/awYfvvh3v+0huDL/6T34bYxNT4FyE7WMab/7Kr6NaqeCnP3wLAPDs6RM8vH8Xb/zSl0Bo8xjdXiJqFw+W1gXB4TSTZqairfbXheCwnWrtd1RA1CWmtPveOEh8bCyXYJd9vPjiix17R3QLu7u7uHfvHpJZA7lLmQudmOI5AtsrFaTT6VPFwRaLRTx58gTJjI6B0d6SS8HCB5DbNb+dbD4PvUMzVOAYgiOdTmNgcBCaV4FnjiJpEKQthoxJkbYoMiaDEAH+y5//BH/13Q/guOqGvjQ+jH/325+HZZnYrXKUXQnbF7D0zp5ulb7S25ZBCJXw0irHyzlQ9Tj2HIEXx1Xn1fMJoAO6bD7b5XkBZOirIUGaOjcTolQyhFBozIDgwEphBw+frOOdu09w7/EadvYqDQ1PfmQA/+Y3P4evfuEOAAIh1bvgq194EYah47/8xY+wuq7IkM1iCX/59z/DP7wzj9tXJ/CFN67j+nQek/khFXsmYgP0BjxcWg+lmO2/Qo/6hXlMPW8fffRx8dAvW+kMrRAdusEweimJ/R0PxfViTHKcpl72JCSTSbz00ktYXl7GysoKHMdBLpeDaSQhAq9BzVEp+7Cs1IWMk63vDPeCgDg4E9p1SAnXsWHbLja2dzA2NnYhfDfGrmShGc17RVJKEEHA/BqZpHw3Wrs/dF2ZV3qeF5McUcmK3mLaST0Y05CISlbaiITlnMOrG9wd6zsQxsRG8vmd7a04chkAilsq2URwjsXHD/Ctv/gGKuWSigmFPOA50Z37yHVd8MA/dSmZhPJdi/7NuQALDWPtagUrS49jgkY3zIaUoXqIOgIkUlEQQjA2cQlrK8uoVPbjcmhAxfE22xshBDgXISlQ2xYhYQmQphJ66p9HxpTnCedCnfPQjy9aBaMU7IQ6eUIAxihYGANMCMHK0hMUt6PUGoJPffaLGJuYCsmgAEIos3xd1/C5N38ZD+Y+wu7ONgDg8fx9fOpzb6r7htIjz1uvoOl6HHkdPWvNQBD6pITJLwfTbo6DU61AhtddQoIboS/NMSq649rR+t8UC2Xs77i4fv068vl8S/vTK9i2jbm5ORiWhrHL2QtNbvAwDtYwzFPFwe6Xy3j48CGspIbhyd76cvGVhxCrC/Hn1MgwrFMSWk1bxcjB+NKlSRS3t4GUQMKykLIokgaFoVFsbu/iT/7bT/F3P5qLb9aJ/BD+t9//Cm7OTqBkC+xWOfYdDseXYC0YjNaDEqUYMTX1UtEZOcTinhaUAIZGkCEMgZBop290NbcB17djGRcBOda9fadUwfyTAjIpE8XdCsrVo/woCAiUauP/+bPv43vvPMD27mHmP5kw8aVP38RvfeVVzF7KxQoMKaPGCvjyp2/i+nQef/537+O7P51HJdzm3n4Vb3/4GG9/+BjDA2n88mdv4T/83pfi0pTj+nDpVAIv3+ysjit64QBAJnW+MrM++uijM/TLVjpDK2UrmSEDZoJhd8PBo0ePsL+/j5mZmZ76Ply+fDn25nj27BmGhoYwMjIC7rsQgXpnSCnjOFnTSp75bORx6CUBEdR7BEjZEwLFcaoIggCFzSKSySRu3brV9W20ivX19dB3I4n0wOF3dJx6AALm1cgMRvWmvhvHISpZcesGXqZpgHdaskJrJSuEkhNJEillHFPquh4YY8f6blCioj/V/UbwbPlpw/eF1RVUK2Vouo79vV3s7mwds/XuPEBbGwV83MTU80hEj0e4eUooGNMwe+MWTCsRp32o0gWBZkSMZSaQSCYbUmuawbQSyA4MgmkaXv/s53Ht1m0wpoEQVSJhVyv44//0fzR4cwChupoL8ICr5zlkKKKBd5RoctBcOHpWZaxEqZVIEKqUQ0feUSRajkKjBJqmxYTJ4uNH8XnIZgdx55XXw5ITDt+r7QOlFEMjOVx/4UW8++PvAQDWVp5ib6eI7OBwSI4de8q6jsgkNzo3NDxGSqga50Vxth3umGNXwUWtjRSWd+xM8XGpKVHbHS1T2nGxs2Hj8uXLPTXhbgVCCMzNzSEIfExczeLu+sUtSwGAnTUHvsfx4osvwLI6KzH1PA+PHj4EZcDQuNX18Xc9xPYz8MWfx5+tbAapocOpqK2AakZYVicOExwkNBKlFBgeGgSjgGboMAwNhkaxs7ePb73zAN/+4cdYXtuOfzc8kMb//K9+GS/dmsa+w7FTCbBdCbDvCHhcINmGCoMQIGUyDCYp0iZT+0AJLO34B1FnBIMJCgGoZY/ZBqMI163i37xAourJIxNjIlh6gFx2H+WD/MQJ/aqffrSA+wsFMEbg+RxVuyYbiw5JkRRhra8UePHGFN7+oDaQoJQim07gzrUJ/PqXXsan7lwBIUq1IUUdwUHUZ0qAidwg/tff/wo+//p1fPsHd/Hz+RXs7lfjxsQ0ddyYHVMxewKx6ehRZ+HW7Bj+8HffxNjoANhxdUdRR/Oo6xXJBqN6z5Myevvoo48Lg37ZSmdoRc1hWAz56RT2thysr6/Hao7Bk/LfT4GBgYE4TrZQKMB1XYyMjEA3khC+E5P3UZysaSW7XgrSKepl590yGI3gebX3dFT+0E1/D8914PsuNrZ24PkBXnzp5XPz3bBtG/Pz80ikdQyPp45dlnk6iIgSMSis5PHLHwVCCCzTVCUrYZmIaZlwXQearsPosGSlFXiuCxmaikJK6MfUedPQk0GZWBK4ThUri41tX3FrA4XVFYyNT2Js6jJeeu0zsKsVBL4PLjhWlhaOWHvnWHh4DwsP75284FEgBKlUGv/if/ifcPnK1dqfaS3t5CCmrsziS7/6a8iPTZ6wagKmKd+8VDqDVDrT0C189nTxyH6mlBJBUFcCFAUc6Fr8G8553F8GEBqWhlGxUkJwAS4ECHDstY2gSpq0cPyj1Aye62C57joP53JIZwdC01ClFBFCgvGIEGK4ND0TExz75T2srjzFwNCIIsbOiRmmlHbdwNp1bPh+bSAkTB+S1UiKdlC/PCEElX0PWyv7yOVyuH79end2+BSYm5tDqVTC+GwW8ztXT/7BOaAWB+vArvi4cePGqUp6Hj58CMdxkL+SgmbQno3OZLkI//478XNtJJPIdpCYAgDMGgiVYwSc+40ERz25EUVKDw5kQSnBxnYJ3/3pPL7/7gMsrW41dCQmx4bwB7/zRbzx4iz23Yjc4CjZAm4gY3VBqzAYUaaiaQ1DKfVCiQQgGgVs12/yAElYukpZAdT+64xir9IoyQoCDp8LWDoFSQGDUKkpji9RqgZgPWRZS+Vq07/XH4oQAr7PITSC1+9cwRc+dR0/+tljTE8M4VMvzuD129OYzA+GjXjNO0PK2nqi/xcI1RyE4LXb03jt9jRWCkX87N5TfDD3FE/XivjCa9fwmZdmGwxHa/t1+KJdGhvG1NiQMiZq5aIe09Apkq3euKreY72PPvq46OirOTpDK2qOgVELRkJDadPFvXv3MDU1henp3s0cEUIwOzuLbDaLJ0+eYHl5OU5eEb4LwdVgXwgOu7oP3UjAss4/Trb+fX2cirIVCBnFKYqG8oP6OnYhRFdICB4EcN1q7Ltx/fr1npJYJyH23biUOXIZQgiIz0CC2vGbVuLUCqOoZMWvK1kJfB9SCBiG2XX/F8/zwAWvU46YRx6DMqlUZREaUzPe83M/x8b6WsNyvu/h5++/g8w/+seYnLqM3/n9PwCgBoLra8/wZ3/0n1Ha22m2iVOi83NDKY2NRevXQ4853+lMBtmBIWhHkAY1o1JlYhmRJbXtqH1uJd42Xl4CkirlEKFhKt9uEaIumWS3uA3Bg0aFgIytUo/cRmW/BCklNMYgGasri5GwqxXsl/biZXNjE2CMIfADpXIJj1MIEfdlR/PjYJoOHvgQnGNnazNWxZ+X8K3bCkDPc+F5tegQESam1Cs0mo0fmqWmHExM8ZwAm0/3kc1mcefOna7udyd49OgRNjc3kbuUweP98ydbjoOKg/Vw5coVjI6Odryehw8folQqYWQqCTMRlpp1ayfrIH1HkRvhu5bqBrJjnZUiackhUCMFygxIKUAEP0rBARAKbGyXMPd4FR/MLeHnD55hfWuvYdnhwTS+8Pp1/MaXX8bliVFUPI7dCsd2Wfz/7L1ZkGTXeSb2nXPummvte3dV9YZe0OgGCIMkSBEgoQAlrlosUzG2whOO0IyXiJnw27w4whF+mheHH2yPQw9+sGdGlkYyh0NRpGhK4gaKBEAsjV7QC3qtNbPWrMq86znHD+fem5lVmVlZWZVdBUx+jCbqZt68ebc895zvfP/3Yb3CEYTqB69R0rLB3LWjjCBlUORTDHlbgxAcnq9kUFvbIeaX13f9eO48XMTkSD8Yo4kiwPUl7jxapQUJGQAAIABJREFUrlvPcX0sFtYxkE8nP/qMbcLWJYSUCEN1IckhD7TTKQuZlAlKifL8EBLFtRKAGgUHBwJXIvAD0JQO22L4o2++jN9//UVk0xYorca6ykg9mDwuSGNyWEqAy+r7U6MDODE2gK+/egWbWw5StgFD1yBEVbnhOi6C0EPKbi1tOvAZknFNpSpDokLtaw899PDxQTfVHMAnl+hoR81hpzVYKYaNgof5+fkkTjad7mzGvB0MDg4im80mcbLlchnDw8Ngug0RelU1h+9AhAFMO3WkcbIkmrGNZ/9jI0RGdw+gZBSBKYVUs7/xICVebv4l0KIB2WGVwbhuGY5b9d04Shn2vXv3sL6+jtHpHPQWvhtUEjC/xnfDsKDrh1NuyhgDrS1ZkRKmZcJxnPZKVvZ1WaqzQYahN902IUQRG7oGpmmgjKFS3sZbb/w02cbQ8BhWiksAgJsfvItnLl3G8OhYRJIpAmhiahqWnTp0gqN/YBjTp8/CMA52DQYHh1E9J4hIhMZwKhUUl5eSZSE4eBjC93018PU8eJ4Lz3VR3trC2moRg0Mj+NRnPgfDtNqKm20E1U+koFEp9fJCfSrfanEZa6srGBwaSUqJVHJJ6y988ugBPrz+XrLMNA2WncL07Bn4vleXDNM/qDyRqiROVYEc/8vkcrAtG9vbqvSmXK4pMT9OtX0dgoc+PLcmMUXjEEZ93G+jNrKR8q02MUVtW6DwZAuMabh48WJXSzPbwdzcXBKVnRuwgIW9P3MUuDo1h62aONiJidbqqlZ4/PgxVlZW0DdqI5Xt7nM9vP02EN1LhBDkx0ZBO+hLUCMDamagGRkQqp5PknuNPTgkACKBze0KfvDTD3Dz3nydYsPQGT5z9TS+/qXncX52HEEU61pyBNxAQGNAzqLgoho1ZOm0rvyjFSOvVAdI1BTf/9k1/PiXt1FxfUgpsb5ZhuNWG50f/vw6fvX+fVjmbka5tO3WKSfuPlrG//S/fxcaU5LDtG3gj775Mi6cmQIjBNl0GQYz0L7laPV4WvGzZ6dH8I9/7/PIZ2wU17fw//7NrxOCo7oNinQqDS2nav9AAF1jyGfVLFmtzoEQZQjabnNZu56M9rcvl6pulwA8CFAuV1BxnKZO4guFdcwtrWFsqA90RznPfvUXirAhkBA1efE9hqOHHj6O6IaaA+iVrRBC0D9qwbAZNgsVXLt2DdPT0wfqxOwFwzBw7tw5LC0t4cGDB5ibm8PQ0BCymTS470II1XnnIkSlXIJp2TCMo1NzUEoTObvnKtm0aZqq/yGUVF3UyhyboJkJH4CW/gz7heuUEfIQS4Xj47vRN2w39N2oBfF2+G5Yhyt7rytZ2ZGy0mnJSuPvaV3WFJtZMsagaRp0XYOmMzBG8ebPf4L5Jw+S7Tz/0sv42d/+QCUO+R7+/m++h3Q2jxPTs3UlFt3o25w8dQav/fY3kM40V920A/Uz4VVF7Y6BZy1ufvAuHtz7MEmo4VwRHJyHCHnkSbHjc6Njk7j8/IswzM78ANQsP03MOsMwxKP79+rWcZwy5h7dx9DIaEJwkCj5sFXf/M7Na7hz81qybNtpvPaVb2B69gzCMGyoCksKquWOZShitVadUufj8zGHEByOUx1PCSogzN2pLDuJi2bYqeAozm3Bc0JcvXoV9gHSMw4DhUIBd+/eRXbAxMBY5libila2AmwsORgcHMTMzEzH21pcXMT8/DyyAyay/bvH063sC/aL8O7bkBuFZDk3Oga9g+Q4opnQU/1gRgaEWZBSxUILQncTHIkVAgFGB/LwvCB5ANiWgQunx/HbX3gOV86fgGma8LiEGwi4gQQXAoZGYGgEeXs382ZqNImLHR3M4TqUY/HESF4pGxrsvBQS1z6cw+0Hiw3eVQhCjpX19iO4lorVjF1CgI8eF/HsuUnkLBdctHf5KCGghEW1gaohZVRrqlQ5MT6IMyeHIaTE8EAWbwxVG+e4DdB1LfHQCJ9yZrYEoGkUtm3CtEwYugHWwI/kgztz+JM//8mBvy9tmzg5MYivvXoFaTuSoLZhctpDDz0cX/TUHJ1jr7KVdE6HndKwvuzi0aNHiTdHpyZi7WBsbCyJk11eXobjqDhZwrUkThZQMnwe8qhc4el7SOyMRFQ+DvXxiBKoS8xouB1UEwTiuEhCY9n64SDwI9+N4vHx3UhlDQyON4+ElVKC+TqoqPbrLPtwyY1atCpZ6SRlZSdojUKh0SCMMgZdU6SGxhiYpoFRgjff+DHefOPHyXrTp87i0pUXsLmxjl//6ufgYYDi8gJ+8O0/x5e/+Z/i5OzpA+3nXsjl8shkc20pFfaC6nuSRClcHaTWE0KQEo5TqRvoAqTqcB8vxwMJAvQNDkX3eGsz/maIy4QoUyTH8uISlpfmd6334KO7uPLiZ0CjCUzGKPZrDCyEQBhEppw7fDPiJByCajoLZP2gb+f9dJTqtsOGWykn108SCWlW29NOfDdqiZCV+W2USz7Onz+P/v7+w9vpDlAqlXDz5k3YGR0jU8c7McV3OdYWnAPHwa6uruLhw4dI5wz0jTQnGg6D5OBPbkEsV02aM0NDMDMdqFKpBj0zDKanQJgBKYA7b30HEBKnX/yteoJDlT+oWFYigXzWxte/dBVvXruPczNjuHh2EqdPjiSNnRASlAC2TmHpaEhq1IIQAgqAC47Pfeoszs+OgTGKybEBMEYRNonYnhobwOhQvsZlNzIh4koCqOuqA7JRqsAPqmxpfz4NjTHlaxFy9aBitQ6+akA9NLA/9ptAkRm2waJOEIukcwyMai19NaWQkFQ2JUIIAR4vruL/+NMfI+T8qQ72/9kfvYbJ0QFwIZs+K10vwK+vPzyU7xvqz+LVl55B2u4lqvTQwycJPTVHZ9hLzUE1gsFJG8Y6w0ZhHdeuKZKjmxF6tm3j0qVLiVzXdV0MDQ3BtjLggZvEyYahj7AcwDRTB5bM7xckMgYE1AAl8czY+ZyNOtV1JEb099OQQ3MewnUr2NgsHxvfDSkFhiYbm9HFgxDGGWhY7S5aVqotD4WDYFfJClTKCvwAZgczfbUgtFbBUT8AppRCYwy6oUHXNFBGIYXAP/z0J/jxD78H31cKoXQmi5dfeQ25vn589gtfhFMp44N33wQALC48xl/9xb/FK69/BTOnz7UVWdsJkn0/hI4iIVAEAmPJdZdSxe3m8n1NCS1NU+U7hmHCtGzoug6m6UinM8jkcsjm8sj39SdGtLXqbU3TEUYpKs3ieWNyg2ksSTZ5cPd2EjFrmha86O/H9+9hcf4JxidPqvWFAJqMK2KkM1kMjYwnJGMu349c9JvUNA2MUsQahVgdFtd812qOY++OIAiSYwIAu4tE4NOEU9nelZgidzSZjZT5ta/FY7haYoMQgs1iBaU1F7OzsxgfH+/C3rcPz/Nw8+ZNaAbD8NTxVm7wUGK1Jg62U6+i7SgO1kxpGJhoPmESb13uWN4P+PJD8EdVY+RUXx9SnTwDCaCnB0E1C0QzQamOD37yb/Du9/8NBBdYuPNWAwUHqoaVUgKvffYivvjpC8kGt8se1ja3q+PfnQ1rGyf4zv1FLBY3E2WIbmg4M111TZVSgguJgEsIAH/41U/j9c9faryxSPLwYG4F3/vx+3j/VpUVev1zz+L5iycx2N98ZgIARodyEJKrWtw6sdnOr1KvG5oJRrXocFUcGY0ldISBEgrHcxpsoMqSt3ocbZVdLBQ2sLK+dWj1vq1AKUVfLoVtR3UidhaKXDozgXdvPk5yyRt1BGuJJQAw9Nasdco2cerEMMw91uuhhx4+nuipOTrHXkRHtt+AndKwtuzgo48+QqlUwuzsbFeVAFNTU4kB6cLCQjVO1ncTA1LlhVEGD0NYdurQzSGbobZ8xPd9CCESAoNFiQgg+/MC6wZcpwLH9bC8soaRkZEj9d346KOPsL6+jpHpLHSj+XOYCIDWlKbougHd6J5qqO67d5SsAIfjgRIrQOJknPiesSwrGegzxsA0htViAT/90fdx49o7EFz1czRNxxe//HWcOX8JnAvk+wbx5W/8PnzPw+2b7wMAVopLuP7eO8j3D2B0fPLA+9wImxvrWJx/jHxfZ5GKtbBTGRAiwJhKBwHUubZTafzj/+a/b6qEUN4YLIkcjVF7nWRUzyGlgJRxebLE5RdeQmFpAZRSTE3PNtm+IjfUBCXF2koB7/zqjeT9C8+9gFvX3oHnudjcWMU//PRv8Xt/+F+qyU1NRF51ze+Zqy++jJdffS0hcChN9BlIpTNIZ7JwXdWfLxaU90ii7iIUhIhoglMRpYWlBVQqkUcFIcjm87Un4WMJz3UQhlW1hjB9SFp7fRsfWzPCo5bo2NpwsbpUwfj4+IHKKw4Lt27dgus6mDzTh1srje/Jo0aSmLLggAcS5y+d7VjJ6Xke7t69C6YRDI63t41OzQTE+jL43XeSZTOTRqZDM1RqZEGYBsJ0UGag8Og6br3xXYio+uHJ9Xcbl6jEKo5EekWISsyQAo8XV/Gv/vTvsb5ZRsgFbFPvqBMThByu5yObtuF4AT793CmAqN0REnBDiYqnSl40SpDPNVZZxA3N2GAeD54UE4JD1xheujKLs9Pj8LmERnfXicUQQsV4BSIAaWEv6ng+spksDI3VMFck8d/gIm68KUrb9QSHjNyc42jV+ljUqkERAGTTFkYGMihtlxGGe8vrJCQaPXtYmzNSus4wNpRDLl17c0tIEIwM5PCPvv4ZfONLzzf8rB9yLBbW8Rc/+DXWNrcBAJm0jT/8yksYH8nDMprHc2XSFvrz6SgF5uPb+PfQQw/N0U01B/DJJzqakRyaSZM42WKxmJAc3ZT35nI5XLlyBQ8fPsTi4mKi5jCMNHjoQkYGn2HoobIdxckekm9Cu2jmlXHUTxjXqYDzAMvF9SP33SgUCnj8+DH6hm1k8y1m7AgBcavPcEoZLLv1hFE3wBirITgOp3y31rclDMP6fmwy06dUN5sbawm5QSjFb7z2W3jh059T5QxhCMkY7FQGX/7G70NC4sG92wh8HyemZ9F3CORDM9y49mvMPXqQLHda4nty9jQ+/6XXMTg8qrYhVP808AMlVqBUeUtERp+B7yUlYEoBFYJSFsWrxgN/UvMPUOUpaucC38f66gpy+b5EjWM3iDGN02t0TQPTFIHy1i9+htUVFR6gaTqee+EluI6DD6+/CwC4feMablx7B89efRGa1KJryJtONw+OjMBOpVUSipSQItpnSmCn0hgZn8LqivIKWCsuw3UqMEwrKYNBrHyJPAOXFuaSi5BKpTE2OaWSmWRz5fZxRuC7DRJTojKVPVJTGqG2NMUp+yg83sLAwADOnz9/+Du/T9y6dSsxWz7ucbCrCw7cSohz584hm+3cg+fu3bvwPBcj0xkwvX0V437vZFneAL/9VrKsWxayHcbBqiqSqhJDSoHs0BSGTp7B4/W3k/WamowKCUBUBRnKqRxYK1XwaL6YNKLlittoE23D9QLc+mgBtSlVoQCcgIOCwAtlElnbCDolSFsUfanGMxASIaR0UfH9Fg2/BBccoQhgaM2lhI8W1rCyvg0uZMJwb5QqWF4tYbG4ieWVEgbyKfzxH3wBxbUt1FsPKd+OdtqAyZF+/Fd/8AX4fnvmRJ4f4r1bj/Hvf/Tr5LV/+odfxMzkUFvkEyEEus4wPqxkQrF6RwgJRglOnWgufyYANrZG8fe//DAhOPqyNj73wmkMD+RbMufxdwlRdaLuoYcePnnolpoD+I+jbKWVN0ccJ7tZcPHhhx9iYmIC09PTXd2nmZmZJGnlyZMnGBwcRH9/P0TggYeqTyCkgONsQw+trvo1fBwQ+B6CwMVycR2eH+DqxUtNJfndRuy7YWfa8N0IdFBRVQVZh2wq2i4aydwbr4i2mayY4DAt1eeLy5pUn0QZ01IhMDI2genZM3j84CNkc3m88OnP4eVXflMpjbmI/C/UV/cNDOJ3vvVHuH3jGu7fvY2XPv8KNE1HELT2ftkXCEUcYSyFwMb6yoE36ToVXLr6KQwOqwFHHPPq+wGCiPxhjME0VQTjh9ffx/17d8DDsL5zXmNQ2g5iTwumaQiD+klIypQyWtc1aFF5ysOP7iRlQAAwe+YZnJw5hUp5G48+ugPHKSMMfLzxdz/E+OSJ6vGgdbABJBCGPPEy0ZgyCmWMYvb0Wdz6QM06b6yvYnlxHidnz0YKHwEi1LmhjEJwjicP7yebHRwaxfDIWJScKJ6aou2wEAY+XLfqtdIoMQVo/JtslJoCVK9D4IUoPN5COp3GhQsXDnGvO8ODBw+wtLSEoYkM7pePdxzsRtFFpRRgenoag4ODHW/n7t272NrawuBUCobVvRJNGfoIb78NGamAqKYhNzrScVmohAQRAWToQWo+BGWwUjl8+pv/HKH/L7Fw6zqAZgRHxF5zEisk4pIzCr7DF2J8pA+WoSfKhHYghMSj+RXwqHHzg2qRnM4IsiaFzwFDiwa/LdoEgoiMafpUkxF7KloSHACgUQ2M6kq+uOM7C6sl/Ms/+SvVUEXRUMDu2YRcJoXltS1UnHqDs3YQb5MQgnPTY+1/kABPFteqi4RgbDiPS2cmwLlIWPX4veY7UFXwJH4hUjZ1oFblKgQpy6i7USklSNmWOu9Ctjzv8UQJUFWcCNHqWvXQQw8fV/TUHJ1hr5IVO63Bns1gfdnBwsICNjc3MTs7e6CZnb0wODiIXC6Hhw8fYmVlBY7jqDhZIwUeuMkgLAhcCBHCtI42TvaoIDiH51WwvlH13ThKE707d+5ACI6hydb3BuUUNKheL9OywbTmisxuIZ5MApAYjjYbPO0HcZkKITTpx8WKDs45wkCVHVBK8JkvvIZSaRPPv/RZTM+eSWb7KaUwDD0xnORcGe1eefEzePbqi4mfxWHi3PlLKCwtIAgC6Lqe+Iko9XFn35XvG6gj3ISUCEMO3/NAfFUiYppVZdSt69dw64N3cZi6qP6BIZx+5iKAyAdFUwoOPfL4WF8t4ic//GtUymoizTBMvPjyF0Apw4Vnr6C4tIif/Oh7AIDlpXn81V/8Kb7ye9/C8KjydGjnduEhB+ccQhPQDdWXPTF7GoZpwfdceJ6LX/3sx5g4MQ3GdBiG6ifH6pIP3nkTDz66nWxvanoWmm4gDEIILkHpx6djKziHWxMHKyhvmJiy0ywUQKLq2Lle9b8EhbltSEFw8eLFQ02o6gTz8/N4+PAh8kMWcoMW0DzT4khxdWoOW+sBtlZ9TExMHChJ7dGjR9U42Exnz+V2DUfDW29CVqqpofnRMbCDKDulhOQheOABZFsRpSZBKjeE0y+8joUPbwBSNiY44h2P/09Gh9AoG/sfff0zuHRmAvlMqmV2drRPAFSKyf/9nV/gl+/Vd3QpASyDQmcUXIi2SiwYU6RI00E4lEeGRvd+MBNCoFENhKgZi2y6PqZIETGtGyjLjMtsOmvIkgF/Ox8nSCJ1dyI5d4Qq01DeukYukRGS+DWZCFCaPjRbPDHit9TxtD4YAhUJTCkB4coTivdIjh56+ESi22oO4JNNdLRSc/SP2jBSGkoFB9evX8fJkycxOdmd+n9ApV2cPXs28eZ48uQJhoeHkc1kEPoupFAzNpyrOFnLSkN/ygakRw3XLcNxXBRWj4fvxtraGkamczDMFp1aAVC/JhKWGUcWAyyEUOUpNf0NIQUYOZjfDKEElm0j8H3EHErcV1F+Y2EUS6rW+8Yf/OcASEsvMs4FeMgjvxcaTTB1TsQQgqiEV0BKgWcuPofpU2cR+Dsn0Hba/+0f+f7BaAKzOhAlhIJpGiiJVR0ShDAMj4xhoa8flfJ2x6QKgDrVRkxcEEKgaQxSKgWFxhg21lfwV3/5/+Dh/TvJ+ucvP48zz1xUShtK8NlXvoTlxXl8eOM9AMCjB3fx3X/3b/Hbv/sHGJ88Ge176/6ompQTCMNqTPDo+ATOnn8WN95X0vc7H17HL/7+R/j8a69HyYdqgP/o/l288eMfJaoU207hwnNXIYSM+rMfnw6tlBKOU67eC1RCWsGudYDdk6aNiMfaYyeEYPlxCW45wOXLl5HJPP2St1qsrq7izp07SOeVou2DxZNHuj/NcHVqDpXtEBvLKg72ICrNhYUFLCwsIDvYOA52P9iL5Ajvvg25WRsHOwrdPriHkxQc4C54AIBS0FCDpBomzr2EzOAAtldWmxMcLTa765WBvhycQEC0UVFBAJwcbyypoYTA1gk0i0CjDKzNB4NGBaRsbJVMCYOhWTDaboTVQJ8AmJ0axNmZMbieD0oIGFX+HKauwTR0WJYO09CRsgzkszbGhvI4MTGIk+MD2Crvv3RHKU2AnTHizWYqwjCAlByW2eQGJSqSKwhbN64kOjZNY2CEAFSdh70QUSNwvd2srucFSFkmNAbIBnGzuyBjGaFaFDWeJD300MMnD72ylc6wZ5xsthon+/jx4yRO1ra7N0AdHR1NSA4VJ+tgaGgIEKwuTtZ1yxCCwzyiUoenDdetIAwDLBbXYNv2MfLdaEwyJakpvg4i48kPCjvVQYTfISGO6qxVEBwGYjVRo/KXuPwkCHlUni2jkhYJEvWVHj/8CLeuvQfPc2FZNl749MsYHB5DEHJwrko3lC+D8oGgtNrdbibNru0pJbPgQkAKtT+MMZhW6hB+P7JugCqlRBCEieo2fl3T1ACeRuklakKN4MqLL2H6dL2Mfz/VKYJzhDzEX/7r/7MucQRAdM6ihEJKsLZSwF9/+8/x4N6HyTpDI2N4+ZXXkm1JSaEbFl798lextlpEIYqQnXt8H9/5s3+NV1//Ks4/ewUAgeCtY1WEkJAQEEL9Y1TDZ37ji5h7dD/xYnnjxz/E+toKTp07j0w2h4Unj/H+279MvEEA4MXPvoIT06dUmU8QIuQceidDriOAUylD1CamGH5LJX0zNEpNWV3cxvaGh7Nnz6pnxBGiXC7j5s2bsFI6Rk/m8cHi8U1M8RyOtfkKstkszp071/G2VldX8ejRI6RyOvqGD5hGFf1X7liOwR9d3xEHOwjrEFWlkocg8CCZDs5MEBHCzvRj4uxV3Fn5W2hhGO6zFrQROwc4vsRmhbdkc02NImfTpmvEA21To4DkuPbhk7b3am5xDW9/UDVbCkKOv/nZdTyeX0V/X/sP509dUqyYEBJf/o1n8flP7b6RdI2BMmVuGvtqKPUDSeisqdFq7E3VQbq2XKO2zKX2wRox9qL2LNWfsY3NDWxsbEAKjuHhQZhGftc6tZBSzSw0IwxiB+j4/ZW1LSyvbkWfbS0Fdf0A9x8XMV9YT14rrJbwg5/fwOmTw0hZ7XVK+nIpTI0OQNKqMdXR28L10EMP3UavbGX/2DNOlhEMTtgwUgybyxu4du0aZmZmMDramalXO7BtGxcvXkziZOOSlZSdQeg7iQGp77sqZSWVBqXdjRo9SgSBh8BXvhu+H+Lq1WePge+G3tJ3AwCoz0B4ve/GUXoH1CqDaZzUcYiTH4TURMbWbFcIAR6G8KWagaeR8aQWmeEXlxbw7ptvwPc9ZDI5nH7mPAaHVWkxF8qbw4hM1gkhGBgaxsbaCqSU6B9oMslXk4JEqSIYKFVmeJyLpkkm+4XgAhKyjmiJ/ScAReBQSsBDlagioVTBsbi4f3AEfQPVwWmi2G3zsgSBH6WnMAD1BEfVtJLj1gfX8PO/+yEW56uDJMtK4bXf/iZGxiYQhhxByJPSj5GxCbz2lW/i+9/+M2ysrwIACkvz+Otv/xkoozhxchZhuPdMrFJxcFAWghKCyZMz+OJvfQ3f/Ys/BQ9VDOy1d36Fa++8CUJJotqI8czFK/jsq69FHi0cQRCq+4lzAE+/zGs/8NwKOK9JTLF8SFZ/Yfej3qh9rbTqYqPo4OTJk5iaOtrnchAEuHnzJgCBkWNObvBAYG3BgWlaOHv2bMfb2traiuJgGQYnDm/Co9FoTSx8BP6kqrhScbCHX5oppAB4CCp5ZDgqYeeUsbNWKBQOVMcDVGV0XtharEaJajxbPSopUf9+/s5d/F/f/gdUHK/tYe5O34ufvnUbb7xzr63PMkpgWyb+h//2azg5MQAp1cNkZ2mYlBI8DOD7qkHTNR2GYSTGnIhkcNm0XX2tA+z8WBiGKBQKKBaLcCoVpNIpnDgxhWw2mzykar+rNpUlfq/ZvqiEF3VdCCH4dz94G29ffwDHC9CuV+52jWLF9QL8h797t63PAYBlaDh9cgT/4p98NYraavujPfTQwycAvbKVzrCXmiPbZ8C2NawXXNy/fz9JWunmQHtqagr5fL5BnKwDEXWcuQhRLpdgWSno+ievZEUIDs+tYGNT+W6cPn36yH03OA8xMdl6H6ikoEF1AGYY9lNPwdmF2n6NkDCsw71faktIdg5U44mhuGRa0xgQDfZUvKzqc26Xt+B71f6nlFKRCFFpgqbrePX1r+DSledBKcOJ6VmYlvIpGxoewdDwGFZXCxibPAFNU8mElNHEX+MwIYSIUj9ocvxCSDDGEgIlMYKkIeDv9lErb22qtJAOY1sq5W0sLczDDxp71RECuI6L+3fvYHGhOtFp22n85le/iWcuXVE+KWGIMAwjPxU1GXf2/CWQ3/sWfvS97yRKjnQmi8GhEVipVFvGhjIKEoh9WAgheO6FT8OtOPjVz3+M9bVivGbdZCRjGp65dAWvf+13YFl2YkJLCKKym+Ntpu97Dny/2pcXRgDBqr+JVqkpOydDd76/XfKwsrCNkZERnD59uktH0D5u3ryJ7e1tjJ/KH+s4WCmB1UUXPJS4cP5skjq0X7iuq+JgdYLBicNXUNYO28TqAsL77yfLZi7TcRzsnt8bjbmTWhlCEEbtslYsFg9McACApRNM9LfuNBEQUNrevDwPJUrblYblD+1Cfbbdz6vaOz9UKpSQB/C5j4BH0WRCwnc4fFfNQmUy2cTALazxtyAE2Ksio6rkiD9XjYmNiYi4cdje3kaxUMByQdUwZbPnMLDWAAAgAElEQVRZnJyexuDgAHRd27Oxrm5XREqTvdmDIOQorm3taKD2xzps7YjJbbkugKH+7pnh9dBDDx8PdEvNAXxyy1b2Ijk0k2L4RAqlNR8rhZWE5BgY6F58ZTabxXPPPYdHjx5hYWEhKVkxdLtasiIlXKcMwQVM62j8HboF16nAcTwsr6xheHgYJ08eXV33/fv3E98NvYXvhhQAq4mEZUw/FtclVmy0bTC6X/HnHgktQkhAcEgqQWvM9OvWbTRojcb+UghIQTE4PJooPFR/U3XMZ888U1cCZKeVwkbFr5Lqxg4FEkBVJVI/II3fj/ugIiFqOFcqknj9v/+b7+Hau29CCA7GtM7jT3d4M9TuRyqdQTaXS65lX/8QXvvKN3DpyosQIiI3ghA85BBEKVLUNjScOXcJuXw/fvZ3P0RpYw0vv/qbGBweTcimdhBHABMaK3cIXvr8qzh17gLef/uXuP7e26iUtyGEgKZpODl7Blf/k8/i3IVnwTQtUmyISCGkCIH9hDE8bYSBD8+r9tulxiH01uU8eyG+pq4ToPh4C/l8HhcvXjzQNg8Dt2/fxtraGoZPZHGvdPRkSyusL7rwojjYTv1KpJS4e/cufN/DyHQaTOveLLLYWkN4u5p0ZNg28iP7CM3YL6IqChlZSxAAPIo11iqVCjY2NtDX19dyG83AQwHP85G322eV5pfXEIStfzgXTo/jN1++hIfzK0lN4KGjpnFNWQYmx/oxPpSHFAKBCOAGFVS8MsobAZySIjoGB4cwNDQETdOiWr0qaGzUifjhV3ULjUmLdusUY7XG1tYWKKUYHh7CwMBgXR11lbzYSZi0OuT6dXY7HQMvPjsL1wuwWNhovJFDllgM9qVx5fxJaDUzCD300MN/nOipOfaPvUgOAMgNGLBSDBvLLm7fvo3x8XHMzMx0db+mp6eTONm5uTkMDg4in8vUpaz4vgPOQ1h2uuPYuOMEz3UQhj6WjonvxqNHj1r6bsTQfB1ExskiBLZ9dL4bO0EoTdQVVb1pqw9E/92jSySkqFNttGOInvx/i35QnAICqDQSIWRkCk+S3aKRx4SdzuLUufqYzNp+4g++8xfwfW9P74jDxLPPv4jT5y4iTiDceaiOU0EYRd8KzmGanZkG0qjPRylFJpsDUK8+/vTnX4XveVgpLuPzX3odUydnE+VGEISR34moMw8NQw5d1zA8Oo7f/dYfYXurhHz/QI06pb02Ji7tJkGoODOpVC6DwyN47Su/g5c+9wrK5W1wHsI0LQwOjybKhli5EZcVMaYh8f0/hhJlHoZwne1kWdAQwmxcylOvDK+WqtSqOmo9N3goUHy8DcMwceHChSM//ph0HxxL46HTeblHt3F1ag4bBQ/lko+ZmZkDx8Fub29HcbDdKwsVfgXh7beUkSQAZhjIdrEsFgAkCChloKBJIIpbURYLmqQ6CoVCxwTHG+/exVs13hft4u7D5Yavm1oAQhgmRvL44//slY72aS+0eohRCoTcR8gDbKxuY/7JKiQXGBkdxfj4OCxLNeQ7ORcpJUABUlMKYjVgipPvlrJWwIHYvblU2saTuXmsrq7Dtm1MTk5gYGCwpgylnjBpcZB1BEirc5HMMkDJ/F5+/gxevDzTfNsRDrOh0hlD7EtyjBV8PfTQw1NCT82xP+zlywEAhsUwMp3G+rKDxcXFJE42l8t1bb8GBgaSONlisQjHUS7wGhXVkhUeRCkrqaMviTgAwtCH7zsorGzA8wNcvXoJepszxocNx3Fw586dtnw3SEB3+G6ku1Ie0SkoIYiH91LIWhHCgcCDEEFsctlAdr8TalKr9TqUUehEqw72ori7OgPR+P/UyHnHFklCpPiei/t3P0RpY03t51PoGxmGiVy+D2eeuQgSeX9IKaDpVfUP59XBL6EUZ84/i7GJKTDW+YW5+NzzAOpVx4Zp47WvfBOCc1CmgUeeG2EQIgiVeqOqfBYIAxeEEQBqIlDTNGTz/VGsb0watX8SpZQIIw8SISSYJqAxBkIJUpks0tm8OgeRWic2JuVcJn/Ht1ScynLcIKWE65arwxEqIa3d5Eaz30YjH47adQtPtuB7IV544bmuGl23g6WlJdy/fx+5AQt9Iyk8XjjS3WmKJA52zcPk5CTGx8c73tbDhw+xurqK/rHO42DbgpQIP3wL8FS0MCEEudFRsC77TlGmgTINRNNAKINb2cRmQfWBNFfrw+pqEZ7ndVTb89a1/ZMbzaDRACHnSn7WIEf5MLDXAywMBRzHx2pxC6ur2+jL92FychLpdP1sxl7bkVJibCSHzbKTuHDv9RnP87C9vY2UbaHv9OmkBGav70lIjJZ8R30d5U5pohBqpgFS5b5rbZq/HdY1UgQPwIWSbh7nOsUeeujh6aCn5tg/2lFz9I/asDI6Npc93LhxAydOnOiq6ZumaThz5kxCdMzNzWFkZAQpy4IIVc23lAKOsw1D2DDNoy+N2C+EEHDdMjY2y9gobR8b343xyeaTV1JKUEnAaiJhDcM6diRTfX9F4CAMBxccEBICQhnUQflpAEh8KBopiSQkwjCEEI0Jq8D3VYkyYwcuRYiPl1IK205hbbW4yx+kmzCisUAc2eq6YVN17eDgCF5+9TcxMXXygJNT1X5f7cScSlWhid9GGCgFx07jfM45XM9TaYARkVBVFqjtNFOItdptKSS45JBRyUlAg2i/aPJdJDLpj9UbcR92t6LhIOenO3DK2xCiqg4SptcyMaWVz8bOdQpzJTjbAS5evIh8Pn84O9wh1tfXcevWLaRyBoansri2cHxNRctbATaWVVnnQcobFxYWsLi4iNygiUxfd4n24PZbQEkZ+4IAubEx6B36hbQNQgGqgVADhBqgVEPx8Q2UlhYBAJqr5WH7RRSLxbY6OEN9GUyODqC4tokgFNC1zhryOBs6bVu4eGY8YUBDESLkAYTkh0pw7ElsBBI8EHArARzHByUUs7On6kiGPZUQQkJE7HsmZeK//sMvouJ4EAAGcum6UhsJCU2jCEMO29KTutL+/n4ISRCGfI/vqyc30rYBQ9cQhBz5bAq6zloqOHa+xoUAwnppJNA+gXEY1yomWjjn3StL6qGHHj526LaaA/hkER3tkBx2WoM1w7C25ODJkyfY3NzEqVOnujrLNjIyUhcnm81mMTTQB8n9aOCqjO4E5zDtVGQe+PGA65ThHjffjZPZlr4bAEC8Gt8Nqh3LCN/a/kUQBAiCAIQQWE08QqQQKhFFVmfShWieJAdCYOh6S/PdwA9gRFG1jTZz7/YtUMag6fqB7tvB4REMjYxBSgndMPHql7+KSnkbge/v/eFDgGWnMHVyJlkOQ15Nr2mC8vYWNtZWD9QPJJQgk8lB0xjCUBnrCx6XJUXRslFJihB81zXwo/PDGIvKVAiCgCdxs4S0IsVky/JoRVyoScAgCMAYgxH5wUhJAIgaJUmzPjciIuH4qDhcpwIuqj6FwvIhG1zmdlJTdnrjrC9vY2vNw+nTp7ua3tUOHMfBzZs3YVgaRo85ueG7AusLDnK53IESU1ZWVpI42PwB42D3QvjgfciVan8jOzQMM5PuuuJMqTd0gGkgVANAMXfrF1FaEaAJasBnGRQKhcYER+xMGtlJnJsdwx9/65UoUupwMDGSR8o24AcuAu6h7G7BDRwchrFSswda6Al4DodXCeFWQohQHU86k8Hk5GTdzEs7BAFQvZZCSkgBZFIWMqlqbWJsKgUA50+PqxkrN0AuayObsaPPcvCgNbkBqPLlmFQBkzh1cgivvXwRG6UyRofyGBnI1liA7Iyo3d0wKUmdbOqN8jSJjh566KGHneimmgP45JWttENyEKoc1c20j83lLbz//vuYmZnB2Fj3TMEsy8KFCxcwPz+Px48fqzjZoSGYug4ZdbbD0IcohzCtNDTteMcqAoqUCcMAi4U1WJZ1pL4bxWKx6rvR19obgfk6qIgGXITAOka+G7VoNGtMCIEf+HXluGpipFrysbM34nlNSII9+ltBEEBICV1nTQf6199/Gzc/eKeNo2kMAgLTsvDMpat4/Wu/m6SszJ55pu2Bwu4jr/0gQbvds1iJEPgBpBDQWHPiZ6W4hL/93r+HYVoH8mfL9/XjwnNXceFZVaoihFQGohHxUCWqdp8M3/chpIQZEVC6oUeEFolScigY26tPLRHsESHreR6ElGAaAw85dN1I4nX3UmeEYQDD0I+NOtn3HARBNTGFGwEkqx/XNSM24vd2e/ip9UvrLtaWHUxOTh4p0Quo++bmzZsIwwATp/O4Xpg+0v1phjgOdnW+cuA42FKphLt378JKaYcaB9sI4ZM7EPPVPll6YAD2AdU6JK4gkFFJYIPfDKEMhBmgmgmmWSBUQ3lzGQt33kvW0QDA1ftguHNYXV3dZWRSa5UpJWBoGl68NJO8zzlXA/qW7GgVGt09gJYAQh4gEAG44Ils8CD0zy6FQiDgOhxeOYRX4QgD9R2maWJwYAi5XA65XA6GYTT8fLPXal+X0UlSDWrjdQPfB4HEpy/P4DPPzSJ+6KgoMvWAFm2Uswior5CRG/fM5DD+6bdqPUsIhIy2lZR8NJaW1RoC7Xxt5/p7ERjtrtdDDz300Al6ao720Y4vBwBk8gbslIa1JQcPHjxAqVTCzMxM8jzsBiYnJ5M42cWlJeTzeQz25cCjkhUhBJzKFkzThnGMS1bCMIDnOSisrMPzA1y5cvHIfDdcVxnItuu7QcPqwNW2UqBH4BEQBMGe/gQxqeC5HkAITNNIBrw7kZAYjbphUqp0EkpBCUApi2b4m6sTRDTwrZY9IIr9VLXfIvajkPLARqCV8jaW5p/Em9tbeVJ7aEImfec4gSX2dqOUKhP8NkqPY+PVMOTwg0B5k+w4kTuVLstRHOtB8CRKGrnw7FV1PFIi5CF4NPnYdLIyDBFyngyCDMMEjcYjcenzrstbE2+r+qoqllcIAc/11LXd8aGdJIq2D7IiDAMQgrqJYUooOOpjeZ8WgsCrS0wROodskphSOz5oNFbYuVze8rEyt43BwUGcO3fusHd937h58yZKpRLGZnO4vX7qqHenIZI42AUHggNnz5/t+Nkbx8HqBsNAl8kNUXgM8eh6smzlskjH6WwdDt+pkVJqK8oAySFCH5IHgNzR1kcEB9FMRXRQDQ/e+1u4pRIAwLBNRXAEWg6cmigUCg2dWlUjQRITzVpa3A9CbG1tIWApCDR/qPenK2r9Ju9LKeGHLrzQqTMw6gRSSohQwnUjQqMcIvDVyTEMA335AWSzWeRyuV1y3LbVGk1+4FwqBcdOo53y1hZW19bAGEVfPgvbtuseEkqCJxPX5XaK9TjnCTlSm+UeN0KCS4RcgCdGR40JjEakRDOiYj9ER4/k6KGHHrqBp6HmAD5ZRMdeJAfTKYZPpFFa9bBaXE3iZA/i3r4XMpkMLl++jMePH2N+fh6u62JwoB86qz4DPc8B5wK2nTr0BK+DQkoB161gfWMbG6VtnDp1qqvxu3vh9u3bCMMQY7OtZ9CIQJ3vhqaZ0PQu10s3gBACQaBUO7quNyWGVKqLDWWI6DZXYgBA1PcghIKQKK2E7U1kNEMQpYWYpg5CKGhEEoyfOIkXXnoZG2ur+95mQxAC07Qwc/pMdBiqXDcIqqUazSAh4fvxedTAKAXTdIRhACEECCHQdQPYo2+tolHVdnw/qKbGkPr+6OSJGRQWF1De3oKuG3UGpJ3CMC2Mjk/W9xtl69JwISR8zwcogWmZ0DStZZlRjJGRcaysLMPQTViWnTQruq7BdV24ngdd05L7Mfb/iFfUDQOsTZ86zjl830+IkXgANTQyhuWleTDKYD5F880wDOE65WRZMg5hBA3X3av/v3PZKfsoPCodmzjYe/fuoVgsYngqi4+2zhz17rTE2oIDz+F45plnOo6DFULg7t27CMMAwye7GwcrN4sI77ydLJvpNHIjO0qRms/1NwQzM6C6DWgmKKGQgoPQCkToQYQeEHvFEJWGRKgGygwQqmFrfQml4py6JwnB9JWXQf78rXUJALa/gpRfwNWrVxvW4CrWunE41/379+FIHa6++8E+M9hu46/Y2oAH4GL/BIcUEk4lhF/hcCshfEedCMYY8vk8crkc8vl80/riVoxko9faXX97u4TFhUVslraQSacwMjoSJdbUR53JSG0heFQ7ugeUMzcBY8oUtDaHPCE4hGLvuRDYKdYkDdZv9n6zdVq9vt91euihhx46QbdIjhifFJID2FvJEcNzQmwWPXgVjrGxMczMzHS9Hd/Y2MCDBw/gui4GBvqRS1uQNX0BShksKwXWYcnKjrmZQ4FT2Ua5vI2Hc8sYHh7Gs88+e8jf0D4ePHiAhw8fYuRkds/SFOpUS1Mo1ZDOZHH4Z2dvuK5bp8JgjMEwjKb3mhBCeS3EvgogiZFkTGgkgy8c/IiCIEAQhjBNQ0WZZtLQdR2axnZxbTv9y+LXgP3ycmpUEAYhPD+A5/pJTXkzeJ4HzjlMywQhFJZlJechCHwwTdvTF0RIAc9xISHheX71WiC6LqYO0zSg6xp4GGJzY30/B9UWcn190DQdQRDC83z4XtDy2D3PAxciuT6Gae46ztgoNf7nuRUsLcyhtKn2/+LlF6Dp6jvLZQe+78NxlIqMRUqYMCpdMS1TER9Ge2SglBKeq84pIQSZdAqWbSEMfDx6cA+rBZUm+ezVTyGdzSMIAvieD8fx9n3u2oGQApVyqRq5TAW45e/5Q2mm7q6dyPScAEsPSjBNG1euXOkotOIwMTc3h7t376J/xMbAWOZY+25sFFxsrak42IMkpty+fRtra2sYOpGGne6eGk9WSgiv/xzSV78TzTTRNzGxWwG4D4KDmhloegrUTIFqNkAYBA8gwgqEX1HR8qGn+gQEoJoFZmahWTkwMwuAYaP4GIu330RlexVDk+erBAeRIQbKdzAxMYHp6eY1So1+B/ML81hYWMB66jQkUZ2PyxP7lKzJSBq3D7rHrXB4lQB+RcApKwaSEJKUm+Tz+T1NQvciKlott3qvUiljfn4eq6tr0HUdo6OjGB0dga4zaJHLNqM0Mj8iiVN0owekkgxWCRAuqhnbIee72P3aB/zO0pTa93f+3clys9c6WaeHHnrooVP0iI720S7RsVF0sbXqI5VKYWZmputO+JxzPHz4EIVCAalUCgN9WTBS/3wzzZSq998nDpvg8D0Hnufg0dwyQChefPHFIytNKRaLuH79OvJDNoYmms/+SSmV70ZNaUoqlet6lF8j+L6PMAxhWtWBkOf5IEA0YD1YB/2g15tzDs9TA03TMmGYJkzDhKbRGoKDQMpqCUnsDxEreGNlbey/RvZhPhqGIQI/hO8HLQ0wfd9HyHmiEDAtq211QS081wUXHJ7rgVKqBqg1aS6GocM0dGi6lhz74UN5WYSBOu5Wxy6lhB9UCZDk+E0TrMYzhEQTgTHBUat2jhGb2/tBCKfiJIRGohSSMiGPbMtu+9AV8aSOxTINZLMZ6IYeJa/UHotSgwVBCN/z4brdMZStlLfAeRyLDHDLbWgqqvaptVq7ltzwvRBLD0pgVG86Sf40USgUcOPGDWT6TYxMZfHB4tH6gDRDHAe7cQh+JQ8fPsTi4iL6x+yuJqbIMER4/SeQ25sAAMIY+qcmWydvNbIEqn3bSEEz0mBmGlTPgDJDlcYJAcld8KACEVTAfQcydCE5B2E6mJkGMzJgZkaZjBINlDLVhoQuklZAEg2elkehUGhJcDTav76+fjx69BjS28bFmS0AwCF6kNYhcAXKJR/lDR9xu5dOpzE5OZIoNZrJqlq91i6Rsdd6rutgcWERFaeMgf5+nD71PHLZDPQOJXyEAIxQIG6Emty3QRAiCFQD7QdhHetddzZI86z32rKaZhK0/ZSz1KJXstJDDz10E72ylfbRTskKAPQNWzBTGjaXXdy8eRNTU1M4caJ7M2GMMZw+fTqJk51fLGBwoB9pqzpg87wKhAhh2Z3JeA8DPPLdWC6uw/V8XLly5Rj4bhgtyQ0AoKLed8M07SMhNxLJfwTDMBIZv+f5cD0fhqZBO6JzClRTOUzLhMYYNKYpRSzf3Z+RQk02AUiOa2epRPw6YxpYg0F2LSQUwVJrstkInPM6/wldb790ohZB4CfkBgiBruuqPxjvj1QRuYREJdhAt/iNKI5XRcHKnXX3NSCEwDSMRGXjefH940HXhSrJQVxiLxP/i0YER2yqKoXy8AAhCIOgpqxEwTCNto87DANwHiYkCaEqNRGEqLKh+sOGEDL6XXRn8OQ65Sq5AYA3SUwBWpcF7QQPOJYfbUEKgmefe/bIyY1SqYSbN2/CzhjHntyobIXYWHYOnLo1Pz+v4mCHuh8HG95+MyE3AKBvbHTvWPEWbDPRLWi6DaKlQLQUmGZga72AO7/6Li5/8b+AblgAodEGKAShkHAgJYcIPRCqQQKgmvLh4FQHZSYYM1DXArt6HqaziUKhgJGRkbYPOJVKgTGGyfQKgMOXJUkpUS6FcDYDuBX1kBgZUaUeuVyuZc3dYSk09vqbhyEqlW1ojOLSxbOwrKcrz9J1DbquIRWdf84FvIgB9/xqhnldKeUOQqPZ30D7RMdeJMfOz/TQQw89HCa6aUIKfHLSVtolOey0Bms2g/VlB3Nzc9jc3MTs7CzS6e4lbgwPDydxsiura3AzafTnMqCRmiMIfHC+CctO183WPg2oiYwyNjbLx8Z3g/MQYxN9LdcjEqBure+GcSTmrVJKFXkamYUq3wQdhFL4nqcGqa4HPwgQCgHrCKTunu9DAtGsPYFeYz4fNkmaE1Ig8GvLSbyIKKDwfaUEiQe7tf4OnUJKWUfCMMY62qby+agOfHVN22X4GhMAkCE4F10tZlJ+dLG56t7r67oOSil8309IjiAIwLmAYRqghCb932Z91JgEidczdAOMxoOq6p617bsheHJtAEBnGgiI8lOJTF93MhzxOd6rHKkTqMSUatmLMANIuptI2Ss1JUatz9/ioxICj+Pq1at1ivmjgOd5uHnzJjSDYfRE5liTG57DsTpfQS6Xw5kznfuDFItFPH78GOm8jvxQl+Ng770Dub6ULOdGRqHbB4gVJ1R5aDATzLBBmQm3UsZb/+F/RfHRbTgbBbzwtf8OdjoHYlJwokrGOAhk4ES+HAJUDwBkACbBmFJaffiLv6yWqMTIOw8wkNZx6dKlfe3njRs34PMKhk8cXoZ6otbYDCC4RCqVwsjICIaHh1s6bgMH89CopqK0JjUoJdAYgZQc2czxjFeL4XkBHNeHVyP5q3NUaVC20m4pSydlKz2So4ceeug2emUre6PdchUA2N70USooWfhB64XbxcLCAh49egTGGAb7+2Cb9dOOlpVSszx74LBKVJxKGeXyFh7OLWNoaAiXL18+hK12hth3Y/hEFrn+PSJhXR2ER0kglCGTzh2JaavnueBCpVFQQmHVzPiqQbuXDPLikhXDMPbs8x0WwjBUapJokso0rX19dxD4CIIAjGmJDwEXHL7nQ0qRkByMMZgHSCmq9Z8AlPGlvk9/GiEFXMcFYt+NuDQlws5e9FH12tpKkWmzZKXbiI1w42vNiIr/rUXj/u/eUbOdIPA9uG7VVFToIYTR2OewFQEUo3YCdPHhJpytAJcvX8bQ0NAh7/n+8d5772F9fR1TZ/uOdWJK6AsUn1SgayYuXrzYcWJKqVTCjRs3YKU0DJ+sjr27Mb7iT26BP7qVLGeGBpHq6z/QNgnTQY00mJWDZuZAmYlffud/we2f/U2yzsT5y/j07/4z5AanILgPGapSFRE6EEEFUnIQaoJZOehWDkRLwy2v4/v/2z8H+4N/8i/+x7ovBCArq+jv79/XSV9ZWQHnAdL5g8tjtjcDbBY8bBRd+A7H8PAIZmZmMD09jWw221aCR7vL7RIbta/pGkXKNpBOGTAM7UAPqacFTWOwLAOZtAVNY2omolEZyx5kxUH8O1ptt4ceeujhsJHSB1AJD98ML8ZYroSlUq5r238aWCrlsFTKYSxX2nNdw2JI5XWEvsBKYQ2VSgXZbLat5IJOkc1mMTAwgHK5jPWNDUhQWIaWPD/CMIAUsq1yhoM+cXzfReC7mF9agabruHz58lMbeO/EysoK7ty5g/yQjf6R1hNLNGD1kbB25qlEwnLO65JLgiBAGPKEPDCselNIZQip9lMIAU1jCDlPBq3dPtdSSuW7ERlTUkIjz4n27xzGGChj0DWt6mFBKDRNg5Rq9l7TGIKolDiOqt0vKKVR6gmHpjEIzpXHyj4G877vJQNx5X1i1vfxav4BT4fg2E95RC0IIdCi+0OVEqnzwjmHRPfvnRi+70MIXj2nNYavTxs8DOA428myZBzCbB7i0Kj0PH69duKTEILCky1USj4uXry4L8V/t3Dr1i2srKxgZDqLe6Xjm5gymi1hdd4BDyQuXLjQcUmP4zi4ffs2mAYMTaVA9ih7O8g9yBfvgz+oxsHa+TwynaSr1e4CISDUANUtMD0Fqllwt9fx9nf/BIFbVRttrRSw+uQ6+iZmke0fBwirP9Y4NYvpoJoBwjToZhqhX9lNcAACVriJoaEhWFb7Rl7FYhFcdE5whL5Q8XQLDpxSAEO3MDk5ibNnz2JoaChhlVs1fvtRbeyf2JCwTB2ZtAnL1MHY/uPGjgt0jcG2Tdi2CQLA98Pkxjso0bFfNUeP5Oihhx66iZQ+0FWiYyxX+sQQHe2QHJQSpHI6CAU2VrZRLBZhGEZXS1YMw0g60cWVFTheCNMwwFhs4hiCByEY00BaRIEeyHQyDOE621gurmO74uDixYtHJsl2XRcffPABdItibLr1fUc4AfOqkzCGaSufgS4jVkIAanCpTByDhDzQDQNak8E4Y0wN4LkAiwapqmRBdnWgGs9OiyiilTGqvCdA9kUIUUJ39aFi8kb5LUTkTcgRhgEopfuOsFXmmUyRHEEAHvKE9GiHcAwCZfLqeTrcjaYAACAASURBVL4y0TTNPfehK7YbhyxbYIwl91sYhtA0LSE84rjgbiEMA4RhkKh0TMPoKJr4MCAEh1PZRqzDEZRD2I3jYHeiUTlKrbqjMLeF7XUPzzzzzFNR8e2FBw8eYG5uDoPjaTxyzx317jTF1ak5rC44cMshzp0717FptxACH374IfzAw9BkCpqx/3us3d+BWFsEr4mDtbIN4mDb/tLav2lCbjDDBtVMLD+8hrv/8P8lnkIxKpsbWHrwLrKDY+gbmQEIVYbNRNUhCIkoSVSFdYBSjJ66iiMfpUsJbK54WLy/ja01H4MDQ7h06RKuXLmC8fHxuoZ6P+SGlLItQqP2X6PXCAFsS0d/PoWUbTQ0KPq4QmMUuWwKYyP9yKTtyFRK/S+ydQbQ/DzF2Pn3Xgqadt/roYceejgsxCak3cLVqbl9lXscR+yn5CY3YGJsJgNd13Hv3j189NFHLQ0RDwMnTpzAxYsXwRjDYmEVpe3qTA8XAcrlzbpa88PDbt+NwU5msA4Jt2/fRhgGGJ7cw2hVAMSrTjoxpsN8Cr4bQghFZgAIIqIj8YswVbnJXuUUjGkwbQuE0KTc4Gn0FwzDgKHrgJTJQNUP/MRH48Db143E0wMN+lP7AYk6+CAk8Qtph7za5buh609N4dCoP3nYoFRF5TJNg+f58FwPQqgY3G54XAC7fTe0iGg5KriVctWklUjAaq7cALBj3FONX96J1cVtbK25OHPmDCYmJrqx6/vC/Pw8Hj58iPyQhfzQ0RqctkIcB+tsBZidnT2Qb9Pdu3dRLpcxMGFDtzobxrfzG5Tb6whvV8kN3bKRHRnb3xcRGpmEolrzRgmIpoNpBohmANQAIRRzN95IIox3YqtQxC/+/H/G3be/D8pMUN2GZmRAjQwY0yFECBG4CIMyZOBCigBP3z57B9YWHFS2AoyOjmJycrJpdvJ+yY1Wf7d6rWqyA1imDts6OhfvpwVKCbIZG9mMja1tB+Wym8T1Jqak0cxGbf0dkrcam5K2a0DaS1jpoYcenga6nbQCfPxNSON9b4es0S2KoWmKzRWOQqGAra0tzMzMoK+vteHlQZDP5/Hcc8/h4cOHWF5ehutZGMinoGlqMOE6ZQguYFqH19l1nQocx8HyyhqGhoZaJs11Gw8ePMDa2hqGT2RhWK27cMzXQaKoBEIpLPvpeIXVml8CqKoE9jEIB4DAr/pWxF4cTwOaptUZV8YQQsAw68tq9gvOQ2WyCig1C2Mdl3iFYVjnw2EYxp59KSFFnekpo7Qtc9KD9tCe9mTWrpQV14NpmfA8F5quw9gr+WEfkFLC9+rP6dO6VxvBqZTBRZXQ4KYPSdobQzXqw8fvb6442Cg6OHnyZFfTtNrF6uoq7ty5g0yfiaGJLK4tHP0+NcLVqTmU1nxsrfmYmprC2Ng+SYIaxO1//7gNO304Q/hG1x+Bq8iNKHmH6hpyoyP7GqtR3QKoFk2Yc4jAjb8FlBmgmgWqW6BMR3HuNuZvv5N8Nj3QB6rp2CoUk9ec0jbe/Pa/gre9gUuvfAuSWWAqfxvwK5DcBwIgFAJMit0lKlQGsMJNDA8Pd71EZaPgorwZ4NSpUzhx4kTTRr4b5Ear/1qmhnTahNFhtOvHGaahI5VSnQ/fD3aXrkTYaUTaqU9Hu+/10EMPPRwWnoY3x8e9bKXdkhUAsFIaDJvC3eJYXl6GlLJj+W07IISgv78ftm1jbX0dG6UyNKbBMNQzm/MQPAzBNE1JVuPPdfBdge/Cj3w3mKbhueeeO3LfjdyghYGR1mQF2em7YaWfSiSsHwR1g25AeYDF/TtVCrH3+asrocDTl/snJSW7SlY4KCUd7YuQAr5bPxBuNqm357aEUH4hUISMputtmYwG/v/P3psHyZHd952f9/Kqs++7G0A3MAA495BzSLLIJXVfpEjRNmkHJdHhXdGmtLIV4ZWWks3YkWkdEVoxqNWKCpuideyGQlpxJZJL66KoXVGmeQ1nhgMMBhjcQDf6vqq6jrze2z8y6+ju6u7qC2jM5GeiplFVWVlZV+Z73/z9vt+4mqHqRiLABt+Ng+SgRI39rEdKiRQiblkJo7aeMCQMA6Qh15vt7xGlFb7vR+8p7PkzPQjcagW/PpEE5Xgoo/VZ8eaKjdr1jffV7i+uVFmYWmNwcJAzZ+59G0ipVOLcuZewHYPB8U7OHVFx4/GxSUoFn5WZCn39/YyPj+95XZOTk9yZmiLfZ5Pvbi2gHdRv2X/5K1Barq2UruERzF18rw0nj2HnMKyo/UQYFggDHfpIaSLtFNJKY1hZpGHx8hf/iKlXXgIg29vNM+/8KU499T2osMTyndv19aogZObqOXy/yMDE45iWU29XAVBhFbRGq+DeCRyVUsDKbJWxsbFty5zaFTf2K2ysrq7iuRU682my2XTcz/P6JDroWaQcmzBUcXZ3fF8bj93Nv7d7fEJCQsJhcdjeHHD/m5DuRuSwbINct4nwU8zPz7OyskIulzvUM5mZTIa+vj48z2NxeQU/1KRsEykFWisC30NKo+6fsNujiwoDKpU15hZWWCtVePjhh++Z74bruk2+G9uLR0KB4TYGo5aVwnbaH8/tlSCIzpZvTLCotQVYptWWGWwYNvw7wjDEMs09VTkcRHKOEfs2hBuMK2v37QalFSpUaCLBRNe8IaTc9djHdV10XBUjpcRp4/P1aqJRLLK047uxF/YjSBxGpUdk7GqilcIPgnX+KnvxP9mIEALf9zFNkyAI4njguz+W9b0qrlupX1dWgLK2b8lpNTbfeEa/vOYxd7NId3c3jzzyyAFv9e7xfZ9z584Rhh6DEx1cmLt3FXXb8fjYJNVyyNJkmY7OTs6ePbvndc3Pz3Pzxg0ynTbdg7vbl+/2uxhc+jp6abp+vWtoCDvTfkKqdPIYdhbDyWA4OYTpIKQBRP4YWigMw0ZaGaRh4VbKFOZuMn35JbK93Tz9jn/B+GNvJdPZz/CZpwnCNZZuX103b5+/fonK2jQDE49hp3KR+WjNkyPw0Dq8dwLH8nQVx05tqwRutaM7iKqNUikyR7tzZ4rJydsM9Hdz/NgItv3ab0lpF8OQpNNRvrrnNcrd6or3FlUc+63mSESOhISEu0UicmzPbkQOACcPpi0prXpMT08jpaSj4/Bev2EY9Pb2Ypom8/MLrJVdTMOoV2AGgQcaDNPa9WS3XC6yslpiYWmFiYmJe9pzfuHCBUqlNYbHOzHMbSZkGgzXRujo1RrSIp3dwavjAAjD2IOgZiJqWZimFU0gDQOtVFuTcKVVfQLuVl0Mw9iXSHYQowkpZcO4MhY5lFIopaIqgDbHLFEqi4XWGilFPCGO1ilE+1UhnudFVTK1KNs2kjrCMKy3xoShwrJMzF3Gyu7EXsWJu9G+si6hJwwJgxDTjMS3qNJrf9+UME6xCeMqkbttLhoEPtVKIw5Wm9snpkDr1JSNiSleNWD2RoFsNsdjjz12z0xTm5mZmWFmZoZsR4ob1dP3enNa8vjYJKGnWJis4Dgp3vCGN+y58m91dZVXL13CyZr0je6/9XK773p44xxq5nr9eq6vj1R8/G7nNyLtLKaTwbCzSCuLMBykYYEwkYaIDJuFBARCGgjDwrTSdA+fItvbw/EHv42Jx78rioRVAYZpM3L6GQxTM3/zIipsVCMtTd1kde4KfSceIpXpjr0+ov2xDr1748FRWHRxKwFnz25t+nbQ4ka5XGZ1dZVCocDq6ipBEACaE8eP8dSbHsN6HbajtEsm7eA4FquFEtWq16jmiN9uTcOHo/kvbO7ja8eXI/HkSEhIuJsctjfH68mXAyDbYeGkDYqzcOvWrbo3x25OmuyW4eFhOjs7uX79OgvLBapump6uXNSe61VQOiSVyqxrWYGan3aU0hFFbap48hqu893YT2nxfrlx4waLi4tt+W5Iz0SoxmtMpds/87ZXlFKbTUSbPA4MaSDbrCCJJuG63kJxL70MmpFSkk6n1/lyOI6NqlaxbWdXkxfbjnw8PN/DcWxc14vjRdWOr7cmstQMSmvr2g6t9TrfDSnlus+nXbaqiNmtQLGX5Q9KBKl9Tp7nUalUcBwnqsg5gHm7UgqldZS8cxfHsFFiSrH+HimpUJYHu/B8rr+/onE98AOmrxeQ0uTBBx+sp/Tca4aHh1Eq5PbtSbLyOmvpUbQ4WnM4FWjm75TRCk6dOlVPPNotlUqFV199FcOW9Ayn2e5n0O5XrqXnBqCmrhBOXq5fz3R3kWny09rotbjp+S0nqsqwM3F1hkNhcYrAr9I7/ABKCLQWqMBAKz867nolhAWWk+bsMz+ElBYq9FChiw59hGkjDYfHvuvHsHNdvPDnv4e71hDyJl9+Ea/8yzz9rp+mb/QsQsgoRlbKzRUcZ/qmKa/6h1bBEXiKhakKfX19jI21HvDtR9yo/a1WqywvLzM9Pc3NmzeYmppiZWWFMAzJ5/P09/fzyMMPMjY6dF9Hvt4tpBCkY4Mw143dtwU79i/uVNXR6vpOtyckJCQcBofZtvJ68+WQhiDdIUjJTpaWlpibm8OyrEONk7Usi4GByAhtYXGRcsWLz1QbKBXiB5HZpe/7eF4V16viuWV8zyXwPcLQJwwDlIrOxk7NLGAYJo8++uiejSD3y8LCApcuXaKzN0X3jr4bAsNvTFxTqWxbLSH7IZo8e2homIi28HVo53i+zncjNoncd/vAvh69mdoEOfJxUHFlR7DuvnaQhlGvbDGMqIXC96P2ia2qObTWuNVqPTXFNM22hAqv5rsRm7Wm9uG70fyowxA2NqasHFbLSi122DRNTMPcf2WCjsSnMAzQKhI5opamw91vaK2pVtaoJaZoqdGOt+MXf7v3VcSRm7O3CnhuyKOPPkoud/hVYLuho6ODVCrF6uIsdlgiMNKoIyJyPDE6xeKdCm45ioPdawVjGIZcvHgRP/AYGM1gWC0+1B1+x+3+zNXCFOGVhslnqiNPvn9gh3U3rVxITCeP4WQjXw0zRXH5Dl/79G9y9bnPk+7ooXtoAiGMaJs0CHT0O1RB/PsTaBWiQ5fAK0FQrQu5CMnA8Qfp6B9l/tZ5vEqjFau0sszsjRfo6Buhs/9EFCMrxXqB44mxSQJfH5rA0Zc+xdydVXzf5+zZsy1/+HsVN4IgYGV5mdnZWW7evMnk5G2WlpbwfY90Ok1vbx+jo6MMDg7Q29PN2MgAmfS9MwK6X7HtyJvD84JIjWz25tihZSURORISEu4HDrNt5fUkcgCY6YBUziB0Tebm5nBdl46OjkMtde7o6KCzs5NCscjKahEQpJwo+jMSMIJoQrDNIP+o+G6cP38ey5EMjbfruxEdMy0rdaBJMltuo+ehtG74bqRSGG2YiG5ko++GbVkHMjk8jBFErQVBt2hZqXl2tIMUst4mopTCNA2CINzS48PzPZSOKkekkC2FpI34gd/w3TgA0UiwO2GjnWVrYsN24/xtnmFPlzBUKKXjz0vWq4/3fCGahwRBuO72qDp8b9vYzqVSLhMEXv35AtuNRI5t/lNabXkfAjSamVurlIseDz30EN3d3ft7bw7pkk6n6ezooLCyiFldJBA2obBrZXn35PL46CRLsxXKBY+JiQl6e3v3/PpeffVVisUCPSMZ7LRsfEZsMTdqY7/TahFVWCS48OX6dSeToXNoeMd1NW+H4UQtKYaVQZopAt/jxb/6JDde+DLVYoGZq89jptL0H3sQpAQp0DqMvsdaowIXrQMIXVRQQfsVwsAFFTQ2Wkg6ByboPXaapTuXqBRW69vhrpWYvvINMh1d9IycAWE0BI5a6WkYaEqrPgMDA7tyAm4lcPSlT9XPiGWsHpaWlpidneX48eN0d3dvWsdexI2lpSVu377NlStXWFxcpFwuk0ql6OvrY2RkmOGhYTq7OslkMpGnRMqmr7czqdrYB4YhyWZTBEGIH4QNAQMSkSMhIeE1wWFXc9zvIsduhA7DlKTyAps8CwsLLC4ukkqlSKcPbwLuOA5DQ0MEQcDi0jIV18exzNbHfiER0kBKC2FYFNYqzC8sHQnfjbW1NUZOdmzvuwHIaiMS1pDmXfHdqHtBxOKGabaX5LGRyHcjSn5wXQ/DkAcW43lYowcpJYZporWqV15IKevpHLuJkq0JJs0mphsFE9/3CcKwEQnbhkFoqMJ6fGkYqj2bta6jTXFjJ3Gilaix+TF6y6drTAT3NheNqi0is1FpCISQ+5psQ1SBZBiRX4thGAR+ECcGiUOZT1crZTyvWt+G0HZRhtpyG2vveav3u/l1zE8WKS5XOX36NAMDA/t6Xw77Ytk23V1drJWK6NICShgE0uEwRaWtLo+NTlJc9CgsuoyMjDI0NLTn13X9+nUWFxfpGkqRyW/4zcYiVLPgEX+IoPW6udh2CAG6WiJ45Sv1OFjDtukcGopFvx1XAURxsNLKYDhppJkCEe0XL3/1cxQXo5jXwPWYvfJNhFT0n3gMKc3IM0MrIESrEOWXUYEbXyrowAWt0FohiC02EOR7Rxg8+SiFheusLTZiZAPXY/ry8xiWSd/xhzF+6d//6LPNg5RqKaS6FjA6OtpWNnaNmsBxYugN9YHhRq5du0Ymk+HUqc3eG7sRN1zXZWZmhmvXrjEzM4PvRxUnw8NDjI0do6uri0w6Hbkm0/jR5nMZOjvuTg7864F0Kjpb5HrNLSsNEpEjISHhficRObZmNyKHEAIrq8g7fVQqFWZmZlBK0dXU43sYdHd3k8lkWF5ZZbVYwjAt0ukoms6wUkgrhWE5SNNGGiaeH3Dz1i16e3v35Xq/X27cuMGdO3foH8uTyW8/2Tc8Exk2RcJmcpsmv1FbjrcrM8udqE2amqsYohjV3SVTuG41Htt5SCFw7IONLj2s0YMQAtOIjSuViqOJDcIgOuu4m0qWmmASVRVITNPA9/16m0NN9DBNE8u2dxQqamNl0HXfDWcffiZaN6ZS272f2wkbGwWBzcs3BI2aeLHT45tv3+75Nk70a99bw5BIBNKQ7HeCaxhRHLJSGqVCAj+om3Ye9MTerVZw3XL9emB6aFNtu4la66itvHYb8e1KExVvCFbmSqzMVxgfP8Ho6Og9FzDauURG09FxJSjOIbTCk9nafP+uXB4dmaK0GrA8W6a/v4/jx4/v+fVMTk4yPX2Hjj6HXFfjN9v821hHc6dIw0RlZ8FDKfxXvgzlAgiBMCTdwyMYLeb+W+2Ohelg2BmknY2MRU0nNmU2GTz1RsqFO6zMTEVPF4bMXj2P5y0zeDKOeJUGKI3QChX6KG8NHXpoFcbiRggqqjhCgxAahCSd72XkzFOUCtOszDS8wcIgZPrKS3juCsZP/08/+Wzzxq7MuqRTGUZHR1u/mi2Ynp7GtlItKzMg6iNdXl7mgQce2NT6st0OsZnl5WVu377FtWvXWV1dJZPJMDQ0xPHjx8nlcg1BJl5fTdzQWtPdmSeXPfyYtNcbjm1hSINK7Hq+lS/HXpNWWq0jISEh4W5yWNUcrzdfDgDheKQ7JEaYYX5+nuXlZTKZzK4qRndLJpNhYKA/ipNdWsbzAzLZHIaxOT3h1q1bSCnvqe/G4uIily5doqM3Rc/g1idltNYYoYH0GgNSx8ls8mVQSuH5PmgdxZ3uspViK2rxm2iN7/mxJ0VUxdDuBN/3PcIwjHw3tD606FI4PKGjVoGxTuyJDWulbP99Xpf0EYsZNS8HpXU9oaYdz4h1vhtak2ojaWUrthqjt+vHsVPlQO1vqwlcTZBoJVLsZfIYmcRWo++o1vUIacMw9z3JbWyzij63IPJmkXJ/1SGbX4OLW21OTAlQVrDj4xrvc+M9bH6fC0tVFqZLjIyMMD4+fqDbfNgXiMTsMFRUVuaQYRXPyMVizuGqG4+NTFItByxOlcnnO3jggQf2/Drm5ua4efMmmU6bzj4Hml+j1k0vp/Z51v7deB8a1gFNv1CtG9fi/UBw6WuwMldfpHNoGGubtsaNuw9h2Eg7g2HnMJ0cwkwhhMnayjSpbCeWk2L49NMEwSqLt6/Vv2cLN69QXrnNwMQTWE4WpAGxgAECFVduNG08Im5nEXEbFUJip/KMvuFb8P14/bX3RGnmb15eL3D4VcXqQpWRkZFd95xev36drq6uLR93+/Zt0uk0x44dW3f7djvF2n0rKytcvHixXq3R19fHsWPH6OvrI5VKrfuCR1+A9T/knq48mUzit3FYWJaJZa4XOep/WogXiciRkJBwP5JUc7Rm1yKHEFgZRc7upVAoMDMzc+hxslJGcbK2bTM/P0+xWMQ0zXXCyp07dygUCvfUd8PzPM6dO9ee74YWse9GhGk6m1JTtK6dySc2pjQirwA/LkneY3RhfRuEQEgZJXtAPAE3sO2dx1xBEOD7Tb4btr3v7dl2Ww9tzY0oWa01fjy5lVKiwhCxh5aVIJ4ch3EsouPYmGZjMr6dwOH7fsOsFfYsGm03Poed/Ti2Fjb0ukla833NwkWrx281Wd/qto0XFQt8lm1FJq/x4yKB42Am20prAt8nCKJJWe17cRCXMAiolNcazyUDAtvf/Taq6HXXhtSlosfc7SJ9fb2cPn3mwLb3bl86OjowDMna8hxmUMaXabTYf3XOdpcee5WFqRIpJ82ZM6f3XLGzsrLClSuXSWVNugedLb/X8Q0tfo21m5sex+ZUSgEE115Ezd2qf/65gQFSG4xktwqREIKopdPOYNrZyH/DTCENi1e+9Clmrr1IOt9DJt+HNExGzjwFMmTh5iV0LKot37nN8swl+o4/SDrXA8JAyrgNQBig/KbXqNFaoZVCoxqVKUJiWg4jp59GGlGMrG4S7cSr0+fq79LqgkthweXJJ5/cVTRXsVjk/PnzTExMtCw3rVarvPLKK4yPjzM8vN64RG/6kDbf/s1vfhOlFAMDA/UKkY0fenxlg7gBfT0dOM7huognRLiuz8JSIfry1305xDpfjv2KHInAkZCQcK85rDjZ+zlKtka7UbI1Al+xNicoFot0dnYyMTFxqN4cEEXvXb8eVYLmcjn6+vooFotMTU0xMTFxTyNhz507x8LCAsfOdO8YCWtULUQYTXqlNMhkOzYdI10vqpCIvBti+3qITCchjnS19lU14VarhDoyGhVCtvX5Ka2olisgar4bxr5aKFrRegpw+HhelAaDEA3PDNvZVUVQpVLeND6OxlASyzIxjNbrClXY8DOpuliWtat28xpbjc3r90cLtbxvYxxm83i91d/a8s3PqbWO4mxtC8eOXoNpmZhx+oxhyF35BCQk3A9E4lNIoELC0McPfVzfxfUrVN0KFa9MGAYt50v1v/G+vO7NueF+NXmZ8NbLdQEj29tDprt763lXq6p8w8ZM5TDTXQgri2E6XPzyn3HuC39EeaXAwPhJnnrHBxk48Ujk9YHg4n/7U178y/8Dt9RIQOk/McHT7/wpBk48EsXDBhVCv4LySoReCR14G57XQBipqC3GSkeRtEYKIQwufvnTvPDnv49XifZ/6yo4VmZcOju6GBwcbPOjiJienqZUKnHixImWb9Di4iLFYpGTJ0+u28G3I27cunWLpaUljh07VhdPEnHjaGKaBo5tUa5EA6dW5qPrbk9EjoSEhPuQw2xZuZ8rOWD31RzSENg5yJjd6+JkDzOW0LIs+vv7kVIyPz/P6uoqS0tLR8d349jOvhvSM5FBk+9GOlcvt6+x0ZjScRxMy4qjSSO/gOZqg72IHBuNRp2U01a1gutW0TV/CAEp5/BbiO/WyKHW/hPGUbI141Ct9ZbCRCuiiOPIc8O2nWiSb25dvaG13mDWauzqZGXzena6X7P5/Vw3Jqe1oNEsakSTuYa4YRiSdCZNR0ee7p4u+vp66OjIkclmSKUcbDt6/ZG4IRJxI+E1R80jyTRMLNMmZafJpnJ0Zrvp7ehnsHuErlwPaSeDEBI/8FAqqp5r+XvbsH41e5Pw+rn4ySDT2UW2t3fTNmzarvUOiwjDRFhpTCsyFvXdCrfO/z13LkXrLq0sM3vzm+R7h8n1jCIE9J94mHzPAPO3X8aPRYjy6goz118g3zdM18B4VL0Rx7wKEVV06DiGO35R0evTtcqUqIIQYdA5cAIImL36MtAkcFTLIcUll7GxsV3n1F+9epWOjo4t/TempqZIp9PrqjfaETfW1ta4cuUKvb099Md5vO2JG5q+ns5E3LgHNESO6MubiBwJCQmvVRJfjtbspWVFOD7duSE8z2Nubo5qtUpnZ+ehx8n29vaytrZGGIZHx3djYPsxmAwF0mtMXB0ng7WhJSQMw8h3g+i4HE2OrXo0aW0CbpoGQaiaJuDtt4gEQYAft1KYZjSZNtuYwHvNvhvEiSCHcEwXbDA+P/Bn2BopJYaMjVf9gDA2X1VhiGzD/6Tm6yGlbHu843lulEgT+5ns1ndjJ2Fj4zKi6bbdCBvrRQ2DXD5LT08Xff295HLZeitVQkLCZizTIpPK0Z3vZbBnhFw6jxQGfhBXjrHhNxoLHXplluDS1+v3Obkcuf4BtN5C1NhG6BDSRBpR6hjCxLIzOJk8S3cu1uNb3VKJO1efJ53voHPwOEJKugYn6B6ZYOnORarFIgBeqczM1eexMzn6xh6MBQuBRkbPJwU6TnmpvybDjFPP7NjY1KRUWOCVv/8UpeUlIBY4+tKnKCxVqFQqnD59elc7xOXlZWZnZxkZGdlkHgpRe8r09DTDw8P1ntZ2xA2AK1euEIYhExMTdZOe2nLbiRs9XXlSqYMtdUxoH9M01nly7FbkSJJVEhIS7hcSX47W7DZKVgiBtqo4ObBFnsXFRRYWFnAch0wms/MK9ohlWQwODtY9ve4Fu/HdQIOsOvWBpmHY2/tuOHZ8Jn+9ACJlzRhTx8agYd2foB0DUqUUrlfzeLAjL642ol3DMMT3mnw3LAvzEH03oDERv9sjBiEj09BapUIYKqQh46SZg0uzgajlx/e8PftutFO1sZGaB8d2LSjNl2ZhI5NJ09PbTf9AB02CTQAAIABJREFUL5lMek9tNAkJCeBYKTqzXQx0D5N2MmitqLgV1hmPVor4F74K8W/QTDl0DA5GwrIQcbdZ66qolkKHNCKRQ5oIwwBhkOsaYvDkI6zON+JbA9dj+sqLmJZJ1+AEhmmR7x2hb/whVmevUlperC83e/VFkIqBE48ipIkQEmRdUolEDiEQhhMloDlRcothOriVMl/7zMe488r5+jYav/jhX38W4ObNm/T29tK7oVRlJ6ampvA8j+PHj7e8f6v2lJ1YWVlhcnKS0dERstnsph1nfGWTuNHVkSOTSdJS7jWWZWJISTU+2G4UOXYSN5IqjoSEhPuFpGVla3bdsiIFRjqkKzNIpVJhdnaWMAwPPU72Xk6wLly4QLFYZGi8A9PaerKvtcZ0bYSq9VhLMpncpmOh5/uo2BMDxJZn8hspKKr+7yCOJt2pZcV1XTSRuCGlxGmjxWRTC4WUe2qh2Cv3asRQb1lRql41E8amrAdlqiqEwPeD+rpty2p7jLQXcQPdqmpDx/5/mw1Da8t0dOTo6++lq6sD205EjYSEgyRlp+nO99GV6wFgrboGoY9/4StotwyAYVp0Dg1hmOY6j0RgS6Fj3b5EyLhyIo204r/SxK2sYVhpjj/y7VSKMyxP3wZABSEzV19C4dIzehrLTpPOdTN85knWViZZnb0DRBGvs9fO4/sFBicexzAdpDTQCKQQaCHRoR9Fu9u5urmpUorn/+I/cvVrf1/fxMGTZzD+5w/922dXV1dZXFzk+PHjuzL3Ukpx+fJlent7t3Q/39ie0k71htaa6elp1tbW8P2AtbU1giCob1ut/2ajuJHPZcjnDtecLKF9bDsStFwvKi1aJ3KwXszYzjBn47+bSUSOhISEo0LSstKavbSsKLNKb34ErTXz8/MsLS0depzsveDmzZtMTU3RN5Yj27H9a5O+gQwak8J0OhsNUpvY7LuR2laoEELUB7oqDNdFkyIERovHup6HCkOcVLS9UYvJztUCvt8UXUpUZXA3j+H3crRQS1lRYdiIko0Fj1ZxxXshDHw0UWWM0aanyl7Ejc0tKaruN9pcrdEsdHR05BgY7CefzyXtJwkJh4xlWrFvxwDhzA2Kt18BouaVjsFBzLiib51use4Gsel+iCv/TBvDyiDsNDI2GK2W17j+0t8ihCCd6+b4I28hCIr1+FatNXM3LuGWF+keOYmTyWOnMgydfprAXWZx8nq0fUozf+NVKoVpBk4+hp3KgZC1jUMYJlJIpJNGmhkMw+bq83/FK1/8DEE81+weGeFb//G/iQSOmZkZlFKcPHlyV2/gwsICS0tLjI2NtVThN7antCtuQOS/kclkEEJQrVZZXFygUChEsW5Nz1XbmaZTDl2dh2dKlrA3HMciCMJ6n64QYp1ZzW6EjUTkSEhIOOokLSut2YvIEcoSZkaRd6KUk5mZGYQQhxonezdZWlri4sWLdPSk6Bnc3ndDqPWRsJadxt5QNbGV70Y7GNJASqNRYRBELStK63UtJHUBJRY3HMdpyzgzCHx8P4jSW4TAse1D9Vdpxb0eKQghMC0LpTW+5xOGCsOQBEGAae5f5FBaNUSTNgSO3YobrVtRtq7aqLWiDA7109GRxzDu7uedkPB6xzRMuoYm6D7+IF65iOmAHbd8Njx0YiFji5PQ0LhfmDbSSjcqKIwUvufxjc/9Fpe//FdUinNkuwZJ53o4/uC3Iw3Fws1L9fa0pakbFBdv0T1yinSuB8M0GTn7NAiPhZuvouP44qWpm6zOXaH3+EOkct0gDISQGEKCYcYeIDbSMAl9l5vn/iuB55Pt6eJb/+HPMHDiEYyf/bmff/bmzZsMDAzsugT01q1bAIyMjLS8f6/tKRCZf3V1ddHT08Pg4CDpdJpiocjc/Dxaa3K5bH0HapoG/b079K0m3DPSaYdK1W1Ehwnajo9NBI6EhIT7jUTkaM1ufTkg3r9bLj35YcIwZH5+nmKxSC6Xu6/79mu+G4YFwxM7+24Yro3QNd8Ni3RmvSCy0XcD4uqMNvw0atTaVJQK45QVA98PCMMAKU2UUnsSUEIV4sXbFoYKyzTviZnrURkp1AQj1dSyYhh7S7FpRmsdJbcEQT2NAVqPkbYTN7aq2tj4V6NBU6/YaK7aEFLQ199Lb293UrGRkHCPsdN5+iYeJ93ZT6Uwiw79lmlI6yrt60klgJBIw6qLG9JKY1hptJa88Fef4NKXv0DoeSjtMzjxKL2jpwHN0MknsLNpFm6+TOhHJ7oL8zMs37lE59AJsp0DSCkZPvUmrJTD/M1XCIPGckuTL9M9fJJs1yBCGiCI92tRZDZAtnuY7pFxyoUZHv/uH2Ps7LehgirGT3zgg8+urq4yPj6+q9JPz/O4fv06/f39W8a5Xb16lXw+z/Dw8K6qN1r9TaXSDAwO4vs+MzMzlEplstkcUgr6ejoOrI8x4XCwLZNSudq4QezNdDQRORISEu4HEl+OrdlTy4pRpjM9gGmarK6uMjMzg2mahxone5hcuHCBQqHA8MT2vhsAhmchwtoygnQ2t6klRAgRixOq3mJST+0w2xc5ovVYoKMJuGkaBEFIEPj1kxRbGZduhee6sf+GG/t13Js2o6M0SqiNWWttQbUWlv2ggTAICEO17nuwUQjcv7hRMwuN/tdctaGUIpfLMjwySCr12monS0i433GyPXQOnSVwy1TXFhtTML1uOhZVa0DNlAPDsMBKY1gZDCuLYWWQ0uLCF/+I83/7Z2ilkYbk1FPfyRv+wY+gdQg6BKHpHn6AMKwwe+2V+upLK0vM3XqJzoExsl3DCCEYHH+UbE8vc7deJohDKkory8zeeJGO3uEoBlZIVK0dDoWI9zsd/ceYeOJ76RoaR4Uu1dVFjB9//z9/1jCMLU1Ct2J2dpbV1VWOHz/eUom/ffs2pVKJhx56aEulvpW4sdMynZ2d2LbN7OwMy8tLnDg+Ri53eA7rCQdDLfLMdRtRP80iRys/jt20qiQCR0JCwlEk8eVozW5FDoBQlhC2R3d2CN/3mZubo1KpkM/n76uTHDXfjf6x/M6+G4GB9BtjqFQqu2XVRE3k0Fqj4rP5hiEJ/AC5ywqB2jG7YYrZEDeEkNht+md4nhtFwlZr1SV313ejxlEdIYSxiCSg7XairRAIgsDHNA3MuEpmY/vLQYgbtcU2Chtaa/r7e+np7U7GZAkJRxQhTXJ945h2hrXFqBNDCOJ02ahqo/YbF0KAtJB2GsPOYqaySDONYdlc+trneOHP/yCuuBCceuotPPn2D8ZWBAoIEcKiXFjk4n/7NGtLC+u2w11b486Vb5Dr6qGj/xhCSLqHT9E9Ms7i1Cu4a2vxciWmr0Vxs72jb2hsrFaRkBKVkSGkRIcebnEFt7iE8U/+6Y8+OzQ0tOue1hs3btTj1TZSKBQi06y+PgYHB3fs82umVRRscz8fQCaTobu7m1TK5vix1u0xCUcP27bwg4AgCNcLGfH92/lxJFUcCQkJ9ytJy0pr9tKyIqUgNCp054aQUtbjZG3bPtQ42YOi5ruR73F29N0gZL3vhpXCSe1spF5rSwnCkDBU9WQNze5SO6SUSMNAq8grotZq4DgOhtx5PWEY4MctLWGosG37vhKiDhshRCxAGKD3n+RTW1/z+CoMVd2P4zDEjVoFh2WZDA8Pkk1OOCYk3Bek8v1ke45RXZ0h8KuAjj0Sa/sCgTAMjFrlhp1BmBmk4XD7wpf4+mf/I36cijV46ixv/IH/gUy+G7QCHSKkje9W+Ppnf5PJl18EAZZjYzp2vV0lqLpMX34B23HoHBzHNG06ekfpP/EgqzNXKK0s1ZebufIi0hD0n3gkipEFBBqtQkChgmosbizjrS1jvP+f/ffPnjx5clc71nK5zO3btxkcHCSbXX+Adl2Xa9eukU6nefDBB7ecdLbTmlL7d6vrtm1xbHQomdTeZziORalcbfRptjAd3WurSvJdSEhIOKokLStbs1cD0pzdSzabpVqtMjs7i+/7dHV1Hdljge/7se+GYGi8c5ND/UZks++GNEln22/H2Sq1Qym1O18OITFNq36W3nYczDZMRZVWeHHVhut6UUvLfeyZcpDU3sswDNFKEYQhhmlgmu1Hu26FZVnxeL7xHAK2rd7ZSdxoNhMF6t8jFVcKZdIphkcG72tPnISE1yOmkyU/8ADVtUX8arHurSOEiHw3zBSGlUbYGQw7SkyZu3GOr/7Z/0ZlNTpmSynoGjnO+OPfhWU7UVuLjExBX/jr3+HKV/5fAJxsmje85e088X0/ju+usjIzBURtdTNXXkJIn+7hUxh2iky+l6Ezb2Rt6RaFuZn6crNXzxOERQZPPo5h2nGbXIjWAdXCKqWlWfxygfLiNMb/+NM/8+zo6Oiu3pCZmRkKhQLj4+ObdprXrl0jCAIefPBBLMvadse58d8bl2klbNQuuUwKa4e+1YSjh4yNryrxwAfYZDoKSatKQkLCa5NE5GjNXltWlFmlJx/5fNWS3dLpNKlUaucV3GVeeeWV2HejE8NsHOOaBf8ahmshw8YYJ53O7dqEUm705QiiVhUVhghDthXtWt+eOMq03TYKz3NR+t5Fwh5lwjDE8zxU0xj3oIxGG8SGo3Hcr7lF5cyexY1Y4MjncwwNDySfbULCfYqQJh2Dp/GrBarFhVjcEAjTwXSiqg3DySENm9W5W3zlT3+D1dmZdSks5cU5AlWk7/ijmJaDEAZupcTMledYun0NO53izD/4fh7/nn9GrmuYkTNPEfirUYwsUTzs7LWLBO4KXcMncdJ57FSO4bPP4FUWWJq6GS+nmL9+iWpxlv6Jx7GcDAgIKmXc0hphtUJ58Q7dj/wAxod+/t89m8/nd/VmXLt2jWw2S29v77rbb9y4QaFQ4MyZM3R0dOy7NaX5evPttmWQyx69wUtCe9iWiecF9Z5eoKUfR3Q1aVVJSEh4bZH4crRmLyKHEAKfNTrS/aRSKdbW1piZic74dHYenXS1mu9G31iebIe96VjWfF0GEuk3hIRUKoNp2Xt63nW+HEoRBlG1QLgHXw7ZRlsKxFGyQYDretH2O85dj4Q9ytTSTpyUE/tlGAgEQoqDa+ER1E1GVQuj0dp2bHVbs7jRfL05LaWzM8/AQN/BbG9CQsI9Jdc3TuhXqBTmEaYTtabYWYxUDmmkqBaX+cqnf4P561cRApxcltCLWhCV1izdvkpx+RY9Y6dJZTpRStE9fBInk6bvxGke/c4fwzBMVOhhWg4jZ54CEcXI6tjAeuH2NUork3SPnCSd78E0TUbOPoPSlShGNt4/LU5epzB/hf7xh3HSXYShRuuQ0CuTHXuC9OgTGB/5D7/y7G52qIVCgenpaYaHh0mno15QpRRXr16llsYyMDCw5eP32prSfHtHRwYpk0ns/YxlmayVKvWBXdKqkpCQ8HoiaVlpzV6jZENZIm100dHRUY+TXVpaIpVK3fNqjprvRk9PD12DDaFCN8fw1djku+HgpPbva7DOlyMIMS1zT74c7eC6UV92GARxlOzdj4Q96jTMPyWpdOrA/UmEEPh+gGHI2IfFXPdd2424oZReJ3DUxI3+/t5N60hISLh/yfYeJww8vGoRaecwnSzScAi8Kt/43Me5ff7FSNzIpjnzrd9Hz8hxlu5cBx1Vea3OTjJ7/ZtI06Br6CSh7zEw/gijZ78lbpn00CpAKx9pOAw/8EbsTCqKh419OVZn77Ay/SrdwxNkOvqRUjJ08knslMX8zVdQQQhAYW6GpdsvM/bIt2M5aVQYYGR7SQ8/jhYSUa6q9sssiKo3FhYWePTRRxFC1ONiy+UyDzzwAP39/UD7qSgb/7YyFm2+pFPWa6J6Y21tjeeff56LFy9y5coVrl69Wh+QLS1Fpio9PT309PQwODjIxMQEp0+f5uzZszz55JObvE/uR1ZW11qLHDukqiRVHAkJCa8lFipXD3ydL06OHfg67zZPjE3u+jFhqMjoIcrlMvPz8/i+z/DwMCdOnLgnxwXf93nuuecAOHXqFFVjrn5fy9aUanMkbNQakk5nEW1WT+xEqFQ9ttWJYzxrka8H9f6Uy2UgioVNp9NH5nisOTppKuVyuf7+ZzKHM56rVMooFbUJORsElI1j9ObrtTjgyMdjs7iRy2UZGEwqNxISXqvM33iOamkF08qBMHjpb3+Pi1/8LwgElm3x+Pe9l4fe8h7QcOGLf8Q3P/9/oYJIoIg6XCSjDz3Og2/5h2Q6+unqPxabEgdN4qnAtByU0tx46Qt8/f/5BJXVYrQOoHtkhKff+VMMTrwRKUEIgyvf+Aue+y+fpBovN/bwE/yDf/Rz2Oksge9i5E+gZAqFuXuB4+tf/zqdnZ0cP36ccrnMjRs38H2fs2fP0tXVVV+uXe+NrUSOZrGjeWfb051DHpGD5W75whe+wN/8zd/wpS99iZdffnlf63rsscd485vfzHd/93fz1re+9YC28O6ilGJ6dql+vVbC2ixyJFUcCQkJrwcSkaM1exE5lNKkVZTwtrCwwMrKCqZlcfqBB9aNU+4G58+fZ35+ngceeKBeSVIWUQvNxjPqtevSM9dFwwopSadzGG2Ye7aL67qEan30q5NyduXLsRWVSgWtFW7VJZVKHZn2lKMkcETvUSQypdLpA3nfAUIVorWKzGUDFX0OrodlmvU2lf2IG6m0w8jI0IFsa0JCwtFl7uaL+G6F5TtXuPrcX3L9+S9hGJIH3/p2nvief46U0TFLCpOLX/4zXvjL/5MwbkusHdos22bo7KMMjj/M8Jln6Ow/hmk6CKHj+jBBeXUOpTR3Xv06F/7+U6zOzMb3QLani6ff/i849si3I2Vkwjx58St88/N/gDRNnnrHT9E7/ACB7yIzgyjpEOLAbis4FhcXefXVV3nggQfQWnPjxg1M0+TMmTPkcuvdvfcicOxUwZHNOGTSe+tDvVdcunSJ3/qt3+Kzn/0sxWLxUJ6jq6uLd7/73fzkT/4kExMTh/Ich0WhWKZQLLWs4gDW3V673vx347+3uy0hISHhKHMYIgfc/0LHXkQOaFRzVCoVJidvI4Tk277t2w5467bm5s2bXLt2jZGREXp6euq3txI4NiJ8A8Nr8k0QglQqg2U5Wz5mt3ieRxBG5b6OYyOlJNVGDO1OVKtVlApxq24UKXtEomGPksARvUcKJ+XgpBwMeTDildIh1Uojqc6tuhCbu6ccZ1/ihmkajB0bOTKCVUJCwuGhwoCZ6y+CCllbucOr/+0zmE6aJ77n/ZiWA6qKQERJK4bNi3/z+7z0N3+CqFcmNtYlDQPTtukZOU4q34Pl2EhhEAYu1VKRMPD41n/0bwi9Kl/79G8ye+1ytA6idpgnvv/HOPXk90emomgWJi9hmDZdA+MEXgWR6gEjgxIOSkTHzV0JHK+++iqFQoHu7m7m5ubIZDKcOXOm7sVRYzfiRqVSYXV1Jb7eEDZ6e3vrud3RmQ3o69mdGeq95Pr16/zSL/0Sn/70p3dltrofDMPgve99L7/wC7/A8PDwXXnOg2BqeqF+9qpVq0pSxZGQkPB6IqnmaM1+qjnm5+eYnZ3jbW972105Nniex1e+8hWklJw4cWKdD8hWAsdGTw4RSmTVXjcpd5w0trN/EaJGEAR4nneg7RKu6xKGAW7VxbbtI+PBcZQEDs/zCIIAJ+Vg286+3iOlFVrp+K8iCMJ6BQ1CYAiBkHKT0ejGsWkkcOh1Y/EwDOv/Hhsbrn9PEhISXvt4lQIz17+JadpUSwVS2RymZYHyUF4ZIcG0M0grg9aKr3zqf+Xa81+u72fXH+JEi39F5Af7+e/+6YfoGXkDleI8X/vs/86tl56rL5fr7eGx7/lRzjz9Q4ShD1ohhCT0XbA7EXaeEBslGkUQxr/9d//Ls+28yCAIuHLlClprSqUSg4ODnD59GsfZ+86uVCpx7tw5lpeXWVlZZnl5hZWV6FIzB6utP5tx7otYWNd1+ZVf+RU+8IEPcOHChbv63Fprzp07xyc/+UkMw+Dpp5++b5R21/O3rOKAvXlxJAJHQkLC/UhiPtqa/aSsiCDN6uoqvb29+xq3tIthGPT29lIqlVhcXMQ0zfrz+mKtvm1bbTMAUqONAJRE6Oi2MAzQSkeDzANASkkQBHXTS2ODGeVeqCVthEEUU+r7PlrrI1HJcVRGBbX3yDRNhJRRW0lcKdFq3KZ1JGCoUBGEAUHg4/s+vu/FaSkBqhYLGxd/h0FY/95tfO9bixvrTzTWtkcpxcBAH9nc/s1uExIS7h8My8EwTMqFeUwnFbXSKZ8wKKODCgQ+WgikYSANm56xB1m4+SLlwioCGDx5mkxXNyrwIN6X1GjeF6fzeU5/yw+RynZgp7KMnH4av7rMwuS1aP4nJaef+T7yPcOEfpXQ9wjcCsLuQKa6UFgosf643nYFx+zsLNeuXaOvr4/R0VEymdY7unarN3zf58KFC7iuywOnTkUHa63RaMrlClNTU3iey2OPPYZpmvR25478hPVLX/oS//pf/2uuX79+rzcFgIceeoiPf/zjPProo/d6U7ZFKc30zCKapIojISEhoUbSstKavVRyBIHm+vl5JiYmGB8fP/iN2vJ5Ay5fvszKykrdOLydFpXmag6hQbobzUdt0pnsgRzjooqLMK4msDHN/Yknge/j+V5UQQBRFYGUd0VY2o6jVMGxsXKmRvQeCXRcjREJIdHYuBW1KN4azeNtQfQdS6VSu25NaRY38vlcYiqakPA6Zv72eSqrs0gBOvTRoYsOq0ihMK0sMpXDSuUxzBRTF7/KF//w1whcD8OQfMu7P0g618nayhzVtRXKq7OUVxbxqmuYpkUq302uf5THv+v9WJaNVgHSsAlDnwtf/L+58txfcvqp7+HR7/wxAq+Cu7ZCUClidx3H7BwBYaGkw0b5oW2B49atW3R1RRFs29GuwHHx4kWWl5c5deok2WyusUyTyHHp0kUGBgY5e+YU+dzBlWQeNK7r8uyzz/Kf/tN/2tXjHnvsMb7jO76D0dFRBgcHef/7399yud///d9ndnaWyclJvvCFL+zaoPRDH/oQP/uzP7urx9xtlleKlMrVxIsjISEhYQNJy0prdiN0aODOtRWUd3d9OGpcu3aN2dlZOjo6GBgYoCxmdn18MlwLETREDikN0ukccp+VEVElgI+TilolbHt/QkQYBLieW7/uuh4ynmjfS2oj0aMwKlBKUa1WozFOPP7drv1jo5DRjCAyohVEFTlCSmTTeGk7caOV952qCysKwzQ4fnz0vqkGTkhIOHhUGHD7lf8P5ZVBeRB6CO0DAsNOYVlZjEwHpp1FY/Jf/+jfc+ulbyCA3mMneNs/+w/kOiKRVAhQOiD0A6RhxObZAlBoFYknCBNpOgghKa0ukOsaIPBd/NIqbnERmR0iNfggIFHCbN6N1mlL4FBKtbVz2ykatvb3+vXrzMzMMDY2Rm9vb2MHG4sbtetTU3eYm5vj+7/3OzDNe1/a2IorV67wvve9jytXruy4bCqV4m1vexs/+IM/yPd+7/fWI3Vr9Pa2zhRfXFxcd316eprPf/7z/Pmf/zmf//zn29rON73pTfzhH/7hpuc8KgRByPTs4nqBY5dVHElkbEJCwmuVRORoTbsihwbKRY87V1c4ffo0Y2N3/7VPTk5y+/ZtMpkMAwMD+Pbitstv9OQAkJ6B9JsrLATpTG5PVRdBEEStJLHPgpNykDIyMz0IlFZUKxVc10PAJr+2u83GEephjwzCMNyyLUdrje/79es1P44thYy4daUmXkgpowSDprH5TmPwVv9uJW40ixyDg/3kO3Kb1pmQkPD6org0xey1r0LgIsIKaIUUEmGYmKkclpPDTHdiWGmmXv06X/yDXyUMAqSUPPMjP8GZZ94BOqBWS9c4tsXePypAhx46DEAKDCuDNBwQBqHvEVbXqK4tIcw86bGn0MJAb7MX33VM7Ha0U71x9eoV5ubmGR4eZmBgYN0OdqPAsbpaoLRW4OmnnjioTTxQLl26xNvf/naWlpa2XS6bzfLBD36Qf/Wv/hXZ7NYGXu0KHM0sLS3xG7/xG3ziE5/Add0tlwMYHx/nc5/73JE1IJ1fWNnWiyOp4khISHg9k4gcrWlH5Ki1J9y5vkp1LeCZZ565JxUFCwsLXL58GcuyGBoaQqVXtly2NjbaJHIEAulubG3YvflovYqA9dUDB2E0WqNcLgMat+pu2dp8t7ibAkcYhriui2VZm8w9N1IzHEUIRCshQwrEDjGy7YgbG683xt8NY9Ga2KWUIpNJMzwy2N4LTkhIeM0zffVrlBZugPYRoYtAI4XEsFOYTg4r04W0Mggp+dvf/XdMvxp5UU688Vt5yz/5MFp56CCKERdCo+sSRIgOFSiPMIz8oISZBmmhAoUKA/xyAS1ssuPf3lLc2FjFcddqzrTWXLp0kfn5BUZHRxgYGNi4wDpxQ2tNKpVidPRoTsbPnTvHD/7gD+4obrz//e/n+eef5+d//ue3FTf2Sk9PD7/4i7/IN77xDd7znvdsu+yNGzf4gR/4AW7fvn3g23EQZDOpzfHA6E11R3crlSYhISHhKNGXPnXg63xibHLPMaxHhd2INH3DObRWXLp06RC3aJvn7+vjkUceQUrJ5OQkqphbf6KniWZBf51ngqkJUlW0bNzmuhXcamVX2yJEdAKhJm4YhoFt2+uM4PZLXZwR4kDXe5TRWuN5USWGHwS4rrvtuCWK502RTqVIZzI4qVTkhWJZSMPYUdzYbju2ur6+eoO6qAHUqzh6erv39LwJCQmvTXpHH0JYGYThIMwUWhix+bFPEHgEXhWtQhAmww+8qa4qz928RHltHuJ9WeiX8atrhG6BoLpCUCkQuAUCdw3tlwm8En5pmeLMbcqL01SWZgi8kMyJZ9By+8qNGgcmcGxXvVEzFF1eXmFsbJT+/oEtH9OMbVuMDB899fiVV17hHe94BysrW595efrpp/na177GRz/6UfpvzI3bAAAgAElEQVT6Dt+caXh4mN/+7d/m7/7u73jDG96w5XK3b9/mne98JzMzM4e+Tbslk0ntWG2xVdxwq/u3uy0hISHhfqQvferQhI77mRcnx9oSOuyUwcDxDpaWljh//vxd2LLN5PN5HnnkEfL5PNPT07hLO3tebDo2GqAcFyXD+k2eV6FSLrW9HSI+5VVri3CcFKZpHajfgmza7NfLsdjzvHrLj+PYhHGlTJRwshnTNOstJ3uhnfd163HS5hYVgM7OPI5jk5CQkFDDTuXoGjqDMDNgphCmg5AmKgxB+aACVOijlaJr5BTSiI4l1UKBuasvRWKtNBBCoPwKoV9G+SWUt4b2K+jAQ4c+QbXMytQNKsszVFZm8MprpI8/jRI2Wm/TltJ016FXcFSrVS5cuEChUGB8fJze3vWT/VbeG7VLJnNvDalace3aNd71rndRLBa3XOad73wnn/3sZzl16uAHoTvxyCOP8Nd//de89a1v3XKZmzdv8sM//MM7Vp/cCzLbVHG8XgZHCQkJCTuRiBytaUfkyHc5DBzrYH5+nhdeeCFuo7i72LbNww8/zMDAAIuLi6zNStJq+xM6m6I9hSZMeWijMXEOApdyqYBus1pCNo0IlT74CgvRhkfE3UJw+L4bnucRKrWu5cdxbLTWuJ63znfjIGi3NaX1/VFrSq1io3a7Uoqu7q4D3c6EhITXBp39x5FWGmlmEEYsdEgTFQYoFaDDEK1Dct3D2Ok06CiyemX+JiDRSBAGCIEOfVQQRKlRuhFxXZydwS2u4pcLuGurZE++FZnuYTvZQjcV/AtxyAJHqVSqR8GeOnWKzs7OeCPaO8hltnGUvheUSiXe8573sLCwsOUyv/ALv8B//s//Gdu+d8p3NpvlT//0T7dMZQG4evUqP/7jP34Xt6o92v3MN1Zv3OuBU0JCQsLdJhE5WtOOyNHZm2L4ZBfFYoGvfvWr3LhxY8sz7IfJqVOnOHbsGIVCgTt37mD721d8tjrWhSkfbQWN62FAuVQgDHaeTB+WABH4PoHvI8XREThqHJbIEYYhQdN3yLIsHCeqTK0JHlHLSvWutuvsVOVau70mdHR1dWBZ5t3avISEhPsI00qR7z2OMNNIK40w0mA4IC20ClHKRytNKtdDqiOa96OhWlgGoRFCRp5YUqLRbCxcK87P4pbLaEArRc+jP4TdPVq/v93jyIHswVo92fLyMpcvX0ZKyalTp8hkMlv2/21cT805PJU6WuVxH/jAB7h+/XrL+6SUfOxjH+N973vfXd6qrfnoRz/KwMAAv/Zrv9by/i9/+ct85CMf4cMf/vBd3rKtSaVshBD178BGF/mtTNeaaeU83+q2hISEhPudmshxkAakNZHjfjYgrW37doJNrsPGOdvN0kyJ69evc+PGDYaGhujp6SGfz69L/aj5KByGMenY2Bi2bXP16lWmpqYYHBwkTC1vOmZtPBY2Xw8sH0NqpBsZWiqtKJeLpFJZrO1iX5vXqfSBnfZSWkXGmY0Nfk17cCil8Fw38jRxbAzDwLKiMWwqlcbz3HrLh+t6KNfFtu0tU1baYa/VG/FS66o3mi8dnR173qajxMLCAs8//zznz5/n/Pnzm05O1vxwHnvsMd70pjfR09Nzj7Y0IeH+ItvRS2llFo3AkAY6NNChi8YgKrpXSMPCtJy6wXfgV2iWl1WoEIjYcDS6vbg4T6XQ6JDoPPudpAbO7nr7tD6gFJWNwsXk5CSTt2+TzmQYHx+vVzNsjKPatj0lnaK35+jsZD/5yU/ycz/3c1ve/zu/8zv8yI/8yL6eYy8pKu3wsY99jI985CNb3v+Zz3yGN7/5zft6joNkcalAuVLdMTI2SVNJSEhIaJCkrLTmibHJ+iBrK6rlgOJSlbWVKkHQmIgbhrGuhH9iYoLx8fFD2c5CocDly5fxfZ+hoSFkfm3X6xChwHBtaOpT3i5hxfd9/CDAcew48cNGxfF/e0ZDqCJzTbfq1kUUKcQ9Sa5pxU7fh91SrVZRWuM4NlJInNRmT7HA9/H8yO/EdT3Quq2Ula3YSyxs9LdmJtoYc4dhiFKKbDZzXyenzM3N8ZnPfIbnnnuO6enpXT12ZGSEp556ine96113xTsvIeF+5tXn/oJUrguhQwQ+hB5CgmmkkE4WpRQvff73uPHNv8crljj51Jv59n/8IcKwTOgWCaoFtL8GsfBdWV2lVBMhhSB34lvoOP2WLeduO83pDlTgmJ6e5s6dO3ieR19fH2NjYy1bCdbd1kLgUErR091BLntvM9NrzM3N8dRTT1EqtTbv+sQnPsG73/3ufT/PYQkcAL/+67/OL//yL7e8b2Jigueee27fz3FQrJUqLC0X6qZbrQQOYFuRIxE4EhISXo8kIkdrHh+bbHtC61YCqpUAR3dSqVSQUmKaJpVKhXK5zODg4KF5bFWrVa5cuUKxWKSvrw+nZ+v491YVjkIIhALp2gjVECksK0UqvTmmNQxDXM/DcWxM06zHhG4XFat0fNZf1TyyFFpplK7FjTYEouaJfLQdW0/mq9Uqlm1jHKDJ6VbsVeDQWuO6Lo7j1N97z/MIwrBeoeGkUhiydWVGqEK8uBqoZu5qSIFl2bs2d23HVL21GXtD4FBKrbsMjwySyx184t9h47ouf/zHf8ynPvWpA1nf+973Pt773vceyLoSEl6LXHvhC0xd+TqnHv9OlPKBAEOAYZgIw8EwLaqlAktTl5CGQbazn87BcXRQJqgWUV4R5ZYARbW4xtrcbH3dmZFH6Xr4+4Gt5253ReCYnZ3lzp07VCoVOjo6GBwcrEeibiVw1He2scCxsUxuZKgP09x76d5B8i//5b/kT/7kT1re9xM/8RP86q/+6oE8z2EKHAA//MM/zJe+9KWW9334wx/mZ37mZw7kefZLEITcmVlYJ25IKesCB8BOVRyJwJGQkPB6JRE5NqMFvHF0b/4iTtCItV9eXmZxcZGOjg5Onz59aH5bly9fZmFhgc7OTnKDrVs7NrZsrruuwXAtRNgYRxmGRTqTXRc7qsKQaixwNJNOZ9DEwoVSaKXqE+KdlIHaxL3Z8c3ZoR3D87x6S4ttR2LLYbJXgcP1vLpXi2NH5qFebBzqODaWbWOZ21dkaK1xq1WUVriuhyEEzi4rW/ZevRGZi9aqN2pj7zAMMQzJxMkTu9qOo8BXv/pVPv7xj7O8vHyg6x0YGOCnf/qnefzxxw90vQeJUgrXdeOWKOvQxrlBEPC7v/u79etvetObePLJJ7dcfmVlpd4SJIRYJwiX/3/2zjxMjqrc/9/aq7fZ18xkzyTBTJAlgglLDEgwCEIQRAgGvfp4bwTi/cVH8YKs4vMgyuJVLiiCXtlkhyCLiASXXC5ctkASIJlkklmS7pmerWd6qeqqOr8/arqm9+mleqYnnM/zTKbrVHXV6Ul11Tnfet/vGwphy5Yt1vKmTZum5W/8gx/8AIFAAID5eb797W9PeR9mOvd+92TMP241jlp5DhgAhOjgWAYsx4PlOADs+Bxu/LwkGoiumAKHMgpDiyAaDmOktxeAOcUTa+eh9tgLio7KL+oOMjAwgJ6eHgSDQbhcLixYsACVlZW5G0nFRW/EI/B82YgbO3bsyChuLFy4EDfeeOMU96hw7r33XpxwwgkYG0sNe/35z3+OjRs3lkUOIs9zEHg+wayLEAIwAEOQWAcoA9SHg0KhfFKhvhzpea+ntSATVYXvQ51jIUZHR1FdXQ1BEOD1erFr1y60tbXB7Xbb3te2tjbIsoyenh5Eo05UNDHg+MQn/Jk8OWJjKl2OglUAVjPHU7oeRSho+nJw4wICw7JmqdiIGSlimmEyCIczVJZh4gSMTBBiVmeJi8I0CEGmUV2COSfDQI1GYRjGtJq1p0PTNOjjkRpKRIGiTKTfxCJgJhM3ACAaVU1xY/xvLkj2GOrn5smRuk3MG8U1wyI3FEXBnXfemfHBnSiKWLFiBU466STMmjULFRUVVrGDkZERBAIB9PT04H/+53/w9ttvQ1UTz+u+vj5ce+21WLt2La644oqSf55sGIaBzs5O7NixA/v27UNXVxe8Xq95Do7DMAwqKirQ2tqKOXPmoL29He3t7aiuri76+Lqu47nnnrOWKyoqsgocb7zxBu666y4AgNPpxB//+MeEz3Lo0CFrOf4zTCU+n88SxRYsWDAtfZjpLDjm83jvz3+AGhrG8jUXQ+AlMNBNQZzo45dHgmgsuhA6jGgEhqbA0KPQVQUB70QqGe+pR83yc3I69mRzuoIEjuHhYfT29iIQCMDhcGDevHk5fYFyrdUtioXlI5aCO+64I+O63/zmN5BsujEB9kVqZKKxsRE/+clP8N3vfjdlXTgcxn333Yfvf//7Je1DroiigGhIm1SQoKIFhUKhpKfOsdD2aI5jWntmvMgB5F8txh/ehzqPKXK43W60trbC5/Nh586daGtryxiBWQyzZ8+GKIrYv38/tB4RjY2NMBzDabdNftoVG28ZUhSENcCp4+ajhm6ajzpcEATT1BsMA45l46rIkATvDIu4CBFmXLxgGYBhYkIGC3N3ud+TCSHWxDJWaURRzJQPQ1EgiWJJ7vH57tHqZ0zQkKUJUUgy00vEbGau42iaBk3TLJFIFO1JTcllm4koDnM53lvGIAY8M0jgCAQCuO6667B///6UddXV1diwYQNWr16dcYxeX1+P+vp6LFy4EKtXr0YkEsG2bdvw8MMPY2RkJGHbl19+GYcPH8a111475R4yqqrir3/9K5566in4fL6s2xJCMDIygpGREezatQsvvvgiGIbBqlWrsH79eixevHiKem0P77zzTtr/33ypra3FmjVrit7PyMhIgsizYsUKLF26tKh9vvjii9bcr76+HmeeeWZR+5tq2k44E2+/9Dvsfu1PiIZHcfTnvwGn2w2GGIChgZCoWX6cEBAjaqbHGRoMLQKiRTHq88HQdTBgwApOVH3qLDB86ne2kLleXgLH8PAwvF4vhoaGIIoiZs+enfWmnj73L331lPh2qUwEjq6uLjz//PNp11188cU45phjprhHxXPppZfi97//Pd59992Udffccw+++93vlsVTE0kUEAyFE86VbNVUMlVdoVAolE8yVORITyHRHPEihyzLaGlpgc/nw549ezBr1izMnWt/eH9jYyNkWcbevXutCiuM23SZzxalmHC/FHQYLAEbid3bCSLhMRDDCVGS4RyvFhMKhRKiM9hxIYONpYmO/7YTNRoFgSkSMAyTkMaiKCoi4TAkSRoPd078rJquQyhxKovVz3FxI2YiyrATpV8BQMhh3GQQA6o68bSa53nbUnHyKcGb7IVHCAHHcnA4y8P3bjIURcENN9yQdvJ7ySWX4Pzzz897HCvLMtatW4c1a9bgySefxKOPPpqw/oMPPsCtt96K6667rqi+50N3dzd+9rOf4cCBA2nXMwyDqqoqVFVVQVEUDA0NIRwOJ2xDCMH27duxfft2fPnLX8all15aVOWeqeTtt99OEBQKZfny5bYIHGNjY3jssces5dra2qIFjr/97W/YvXs3ALOfM03gmLNsJRyeGoRHB7H3zb9BcLqx5IRz4K4wswEYsBivoWJGdaghEEMFiI6Azws1osDMqCSoXv5F8O4Jc99c5nPZtpn0yjo8PIzBwUEMDQ1BVVUIgoCWlhY0NDRYOy+IDOkpACCK5VF/+6677spY1uyGG26Y2s7YyC233JL2SzQ8PIwnnngCl1xyyTT0KpF050C+aSoUCoVCoSkrmShW5OB5Hi0tLRgYGMChQ4egKAra2tpsF9krKyvR3t6OvXv34vDhw6ivr4dQFU67bXKqSuy1wRkgjghYRQJjmG2KEgIhBiTZNB8VBKFkQkY6NC1qpXwAgChJ4FgODMsiOu4LoigqIqoKgecTDErVcS8MMgWpLNFYasq4oCGM+4lEoyqi0SgkKbOpaDzqeCi+oqjgWKZk/c7mvTFhf5cocLjdqQa05crtt9+Ojo6OhDaPx4PrrrsOS5bkX1IyHlmWsWHDBhx99NH4yU9+glBoIlXrrbfewu9//3t8/etfL+oYueD1enH11VcnRJPIsoxVq1bhhBNOwLJly1BRUZFyrVFVFT6fD2+//TZef/11fPjhh9a6J598EqFQCJs2bcp43A0bNmB0dDTj+hgPPfQQHnroobTrZvL8iJI/85afjA+3bwVYFsrYKGR3pelxxPAAy4NlGBA9CjAAS3ToiopAnw9KXOGO6vazINbMyXqcfB9gp1USkkUNjuNQUVGBlpYWVFVVJRwsXQeKgRCURYpKNBrN6L2xefPmGV1CasWKFTjttNPw6quvpqx7+OGHy0TgEEBIcToG9eGgUCiUCWg0RyqFihzgYfly1NbWgud59Pf3IxKJoK2tDQ6HvU/DZVm2RI7+/n5Uqqnmo5N5coBlYMgKmIgA1jAn5Koaga4bcLhcBZcrLQTDMKBGNWtZEARLJBB4U2hRFdXyu4hGo2YZVlGc8MIYTxMxDCOhqom9/SSIRqPWYEQQBOsJeCzFJ5cn4qqqjBtCxqrKFJbeXOwYO574B3h2n6+lYuvWrXj99dcT2lpbW3HDDTdYD17tYPny5bj99ttx7bXXor+/32p/6qmnsGzZMnzmM5+x7Vjp+PWvf50gbqxYsQKbN29OmIOlIxZdP3v2bJx33nl49913ceutt1pVIF988UWcdNJJOProo0vafzs49dRTsWjRorTrfD4fHn74YWt59erVOO6449JuG/NdoZSG5addiIO7/4bK+mYsPWk9OFYAYAAMZ/owcTwYjgfRWRgAtFAIukqse1TFolMgNx6VNhK/mDmbJXAYhoH+/n709PSkiBqVlZVF3zgmuyjHVGShTMxFX3zxxZQ8vBjTbTZkB9/73vfSChyvv/46Dh48WJJQ23wReM4yHst2/lHRgkKhUHKDihyp2OHLUVlZmWI+avfAmmEYLF68GF1dXejt7YWmuVDZzIJJE2yRyZODMABxRMEoAGOZj6oIjxmQnS6wOUQi2IHluzHuXyEIidEMHMtBlmVEVQWIeXNEFETGy5nGiIkckUgE4iSVWgrrZ6LPRnI/+RxMRTUtWrTvRjZyMxdNbE+I4ACBLNvnJ1cq/H4//vCHPyS01dbW4qabbsrpoeOjjz5qpZ2fffbZ+MpXvpJ1+1mzZuHmm2/Gli1bLIEAAO6+++6SChyxCIwYzc3N+OEPf1hQxM+xxx6L73//+wlRFS+//HJGgaOlpSXhsxaCXT4lS5YsyRiR8/HHHycIHPPnz7clDYWSP82LjsfxX/w2Kutb4K5ugqZHwbE8GI5D9+7tEGUHZrV9BuAYQDNACA/BVQlCdMhNy+CcU9x3KdMckO/t7YXP57NcbB0OB+bPn1+0qJHJfyPddvHtglAe6SlPPfVU2vb169eXxExsqvnsZz+L+fPno7OzM2Xd008/XRYlYwVhopJKsudGjHRKHxU8KBQKJTOlSlmZySIHUHzKitPpRGtrK/r6+rB7924sWLAAjY2Ntvdzzpw5EEURnZ2d0HtkVDQy4EUu630veZ0uRcEyBGzUHHPphoZwcBSy0wWOK20kh6qqZjTGeGpKJv8KhmEgSjKYWCpIvLGnLIFlWTN6Y7xdUVWIPA8+x0iUyUrFRserucRSU8QCTOV1Q5+ozkGIrb4b6ZjMXDTZ846MV7yRZoDA8Yc//CGh0onD4cD111+fk7hx33334dlnn7WWH3zwQUSjUWzYsCHr+5qbm3H99dfjRz/6kXVsv9+Pxx57bFKBpFDiK4wAwMqVK4tKZzr22GMhyzIikQgA4ODBgxm3vfXWWws+Tjzd3d227CcTsfKuMYaH05svU0qP5HChuW0FGKKDEB0MY96L+g7swIf/eBKRYACfOvk8LFl5LhhOAC85oUlBOJyL4V50atp9ZprH5TO/47u7u8FxHKqqqjBv3rySTwyJeYXN6L/BcaXP+5wMQgj++te/pl1XqgvadHDRRRfhlltuSWnftm1bWQgc6c6FeB8OM8eLChkUCoVSCHZHc1BfjlGIooiWlhZ4vV7s378fiqJgzpzsucWF0NTUZJmPDvQQU0hxJ+bOJw8Gk5cNUQNYA6xiTp4MYphlZB2uglMoJsMwDPPBxfj4TxTFSf0rBMGMeFAUJdXYk5jeFpIsQVFUqJoGg5Ci/S0Mw0hMTRFNc9F8iaoTvhtmpZXC+2VnegowkaIy1ZVBCuHQoUP429/+ltB22WWXYd68eTm9f9u2bSltL7/88qQCBwAsXboUX/7yl/HII49Ybc888wzOO++8kvioJFd+KTaiQlVNgTBGvulIiqKgu7sbXq8XfX19cLvdaGpqQnNzM+rr64vqW6EkizQfffRR2u0ikUjG6jOapqVtz5WXX37ZMggtlFILQVMFz/NQQiFwvACWBQZ9B/DuS/+Nwe4DYBhgoOcjKKE14EUJDCeAc1TBMedk6/3ZHlAX+tCaL6dKIIQAfBmkqLz55psJxkIxnE4nTj/99GnoUWk466yz0goc//u//2sOJGwsgVsIPM8V7cNBoVAolMzQlJVUCklZiflySFoDGIZBc3Mz/H4/ent7LfNRu6mqqrJ8OQ4dOoT6+nqI1RFrfYoHRxoM3gBhFLCKCIaY20fCwXFfC/t9GWLRwpIsgeO4nFI8AIDjeMgOFqoSgWGQBM8O2eEYH7OI48dQQSIRiEX4csSn0IDkX1YWMMUNwyCW70YhESCTMVl6Sqbf1nYoXgyaCp599tmEvjc1NeGss87K+f3pUpfyOTfWr1+PF154wUpdHxsbwyuvvJJXH3Jl9uzZEATBEiVee+01nHvuuWhtLeya+uSTT8aVgEbORqyKouDll1/GY489ljFl/6STTsJFF12UVWgKh8O4/PLLreVMxRvyIbkS5Mcff4yBgYGUCPuOjg5cffXVRR8vHfv27cO+ffbeO2cqoiRDCQXAMAxCo4N478/3Y6DLFDdkjwfzjjkNguyGHgmCGAYczUcjbW5lgaQTQWwNlyhGXY69ly+D8kXJBkYxTjnllBlTXikXli1blja0T9M0vPXWW9PQo0Ri54Id5xWFQqFQ0hNLWbGTfKMgypFCRBqF77Ne19XVoa6uDn6/Hx988IEVIm4nDocD7e3tqKmpQX9/P4J92SdyaVMYOAJDVmCwExMPVQkjEi7uyXEyalRF/NF13YCu5/4UlWVYyLITPM8neGEwDANZlq3UD0kSoROCSCSSMLHLFUKI6ZHBMKY4wZiCRyQShm7ktj9N0xCN+W6MR5SUujJNruOd5O2EMqlcmAlVVVMiML72ta/ltY90DyfzKckpyzIuvPDChLa//OUvefUhVzweD8455xxrWVEU/Md//Ae2bdtmCYS50NfXh7vuugt//OMfrTae5/HFL35x0veGQiF8//vfx7333ptR3ACA7du3Y/PmzfjHP/6RcRtCCLq7u62f3t7enD9DOnp6evDBBx+kHOPFF18sar+UwhFlDxiWhxIJ492XfofDez4EASDIMo5ddxmaFh4PQw1DU4LgKuaAiBP+VBnF1zy9hZIp+KqWb83tXNezZZCi8vHHH6dtP+mkk6a4J6Vn1apV2Lp1a0r7nj17pv3zxp8Lk4Uo5RPCRD06KBQKJRHqy5GeQlJWFL7PqrBSVVUFQRDg8/ks89GKigpb+8iyLJYsWYKDBw/i0KFD0DQ3KpoAhk00Go0nJX2FBYhDBRMRwOimSBKNKtANHU6HG4wNk3NREMEyGtRoFEqsQoqigBcMiELuUQSimD4SQhRNXw41rsSsoqoQBT7nSBFg3PtDFMHpOqJxfTUMA0wOsRwGMSxzUgAl990oBOspOiEQyqxvybz33nsJ4qAsyzjllFPy2sfGjRshyzKee+458DyPc845B+eff35e+zjttNPw29/+1lret28f/H5/SaoqbtiwAfv27cOOHTsAACMjI7jjjjtw11134fjjj8fRRx+NqqoqVFRUwOVyQdM0jI2NIRAI4NChQ3jjjTdSPPYYhsH3vvc9NDU1ZT02IQS/+MUvcODAAQBm9MvatWuxatUq1NfXIxgMYv/+/XjyySfh9XoBAHfeeSeam5szVj2xkyeeeMJ6zXGcJWI+/fTT+NznPpcQ6eJwOLB8+fK0+9m9e3dBAmiM888/HyeffPLkG2bhP//zP62/80yGl5wwDA07tz2A7l1vgwHAchyWn34h5i5fA10NIxoKgHU1gTgbJq6iacL07UpTmbKrWq6CCDcFtdcnY8+ePWnbly5dWtLjEkLw0ksv4f333wcAHHPMMVi7dm1JJ+OLFy9O2753796SHTNXcj0XqGBBoVAo9kB9OVIpNGUl5svhcrnQ0tKCvr4+7Nq1CwsXLrS1pGWMuXPnQhRFHDhwAFqPjMomDryY/kFBpnumLkfBqQTMuPmooWsIhQKQHW5wXPFDRp7nwbAsoqpqCQdaNApiGBDF4ku9svFRtoTklQaTDMMARtzYNdcoDFWJ891gYEsKSDbz0Mnbsz8hLTfxJZnYmDhGoRVMvvKVrxTlo+d2u7Fs2TLs2rXLatu5cyc+97nPFbzPTAiCgGuvvRZ//OMf8eSTT1r/V6qq4vXXX88YaZ6JhoYG/L//9/+wbNmySbfdvXt3wv5/8IMfYOXKlQnbtLW14dRTT8UPf/hDdHZ2IhqN4sEHH0yo1hJDlmX8+te/tpaDwSC+853v5NX/GDt27EioAHnllVfi0UcfxeHDhxGNRvHzn/8cN954o1XBauHChfjJT36Sdl+XXXYZhoaGCuoHADQ2NhYt6DidzqLeXy7wgozd/3wKnW//E4ZhgGUZLD75C1h84jnQoxFo4VEwUjXgnhgHEJCcBONCKamakGtp2Phllp3+iWomNa0UObQx/H4/1q9fj0svvRS33norbr31VlxyySVYv349/H5/yY6b6cu5f//+kh0zV1iWSTk/8okGolAoFEr+0JSV9OQr0vjD++DxeACYxj5Yo0oAACAASURBVIEtLS1wOp3Yt28fenpK8/dobm7G0qVLEY1G4e+OQAlPPKGM9+TIdj/VRQ26OGFKaBgGQsEAotHcw+OzwbEsZFkGx3FmlIWiQtd1MwWkiCeqAKAq5pN+RVGtSIxskLifhHZCrLKukiSC43KLAlFVBYZhmNVeCMkYbWI3uQog6UQOtsxTr5N9Dk488cRp6glwwgknJCyX0oNBFEVs3LgRv/nNb3D++efnHSnCMAyWLVuGLVu24O67785J3ACQYJy5ePHiFHEjhsPhSEjb2bFjhxUZFC9UsiyL6upq66eqqiqvzxGjo6MDP/3pT63luXPn4nOf+xy+8Y1vWG379+/H1VdfjYGBgYKOQSkMQ49i7xsvQ9PM6/fC409B++qLoesaoqExQHCDqZxvbW93Okq6bUsi2+bS0UzbMDaajhRKpjzZY489Nq/95PMF27RpU9octn/84x/YtGkTHn/88Zz3ZUcZ2/7+/qL3USyZzoV0pWGzbUOhUCiU/KApK+nJN2Ul3nyUZVnMmjUL/f396O7uRiQSKUlId3V1tWU+6u8OoapJhqtiYnIec6sHstxDBR0GS8yUFUyYjxLDgGiT+agkiohGo5ZXhZlWEoEgihAKiLpQVdOANFZKtpiJu6qafiGSJOYklACm70Z8ZYap8N0ohNgklIzLOuVQvTAbyZUmZs2alfc+HnnkkYQqKABw8cUX4+KLL85rP8kVkYr1k8iFxsZGfP3rX8dll12Gnp4eHDhwAIcOHYLf70c4HEYkEgHHcXA4HHC5XJg1axaam5uxePFiuN3uvI8XX7VlsnSWeNFF13UoipJ3lZZc2LNnD6677rqEAhCXXXYZWJbFiSeeiFNOOcWaQ3V3d+M//uM/cM0112Du3Lm294WSCsvyUMMRsGDQ8qmj0X76pWDAIBoeA1gebGUbMlo1x6WpZKumkviWyed4Ux+XNl4iNk0zAJRFBEexTxDy5Z///GdCyFUyr776Kv7v//6v4LC8Qihl1EiuxM6FdJVUCAgYs07s1HeMQqFQPiGUImXlkyZyAIm+HPX19RAEAf39/VAUBYsWLbK9apnT6bREjiHvEBjFAWf9xOQ7lxxngzMAWQGnSmAMc52ihGEYBmSHy5Z+CoJg+WbERI6oqsLQDYiimNeDCkGQQMhEKVlFURGJREw/jTzEDk3ToBuGVZUll9SZeN8NRVHBlZnvRrYnpuwkZXqnm0AgkLBst4dNPiRHUWQqQVoKGIbB7NmzMXv27JIeJ77064cffghd1zN+f+JT+t1utyVu2BVNTQjB66+/jl/84hcIh8NW+0UXXYQVK1YAMP8u3/3udzEwMGBFn3i9XmzevBmrV6/GhRdeWPK/2ScdYVz0rps7H8es/SYEwQk1PAZCALHhU+asP+6cKOQBdL4Prstbtp0m4utFTwW5VCzZvn37FPRkAhreRaFQKBTA/pSVY1p7ZnzKyns9rUWlrFRVVaG5uRmjo6PYtWsXRkdHbe8jx3FYunQpmpubMTQ0hJFDmSe5GQeOHKDLCgg38eAnGlUQCo6CkOLLPcb6KcsyWJaNS1nRzCooOVYtAczPIEkyhPFoC0kSQQAoqgo1x3GdbhjmtjF/CkHISRxJ9N1gINlYerU4U//J31vOz4nSffaYv8J0ED/5B47MsfLxxx9vnfP9/f245557rLLJ8ezevRsPPPCAtWy3F8k777yDLVu24JZbbkkQN0488cSUyBtRFHHNNdfg05/+tNVGCMFrr72GK664Aq+88oqtfaMkwnE8PPUNOGbdv8DhqUVUCcHQNPA1S2GQLJEYOVyfCqUs5OVy800QRTHtl/mTxFRHsUwGTTmhUCiU6cPuSA7gkxnNkWw+2traCp/Ph507d2LRokUpEyg7mDdvHkRRxMGDB6F1yahsYsEJbEKqJ5BF5GBM81FWIWA1c9io61GEgqOQHU5wXGEmngmHYBjIkoSoGkVUj0tZiUQgilJe0RACb0aFRJWJaipaNApD1ydNG4mOj/0kWQLLcjlVd4lGVdN3Y9yzQ7BR3MhEIX5kKW05+JpNNwzDJFTKAKZ3zpB87tg1V7j33nunrZrGueeem+At0tTUhG9/+9u4++67AQB//vOf8fbbb2PlypVobGxEMBjExx9/jHfeecd6z+zZs3HppZfa1qenn34av/vd71Lav/CFL+Bb3/pW2u+wx+PBjTfeiMceewyPPPKIdZ5UVVXhs5/9rG19i3H//ffjwQcfLGof8Sk3M51j116Gyrq50JQQDDUMsXYRCCtmtBFNqeRl8zyvLASOcsPlck2pwBELs8pGJpOfUhF7ykShUCgUCkB9OTJRjMghSRJaW1vh9XrR0dEBRVESyhzaxaxZsyDLMvbu3YuBHhaVTTxkpylMxHKeJxtgGpIGsASsar7PMHSEQmNwOFzgeXsm9YIogNUZqIoKJWKmm5jGnXpehp0cy4GVZUSjE2O5WMqKJIrg0ggmqqrCIMRMTSGAKE3+mXRdS4j6FQVhyqsBFhfhkT4NuJxwOBwYGxuzloeGhtDc3DwtfUmO2LCrCsaBAwfwwQcf2LKvfDn11FNT2tatW4ehoSE8/vjj0HUdfr8fzz33XNr3z5s3D1dffbWtFUHWrl2L5557zkqXFwQB3/72t3HmmWdmfR/LsvjqV7+KVatW4ZlnnsG2bdtw+eWXF+RFMhmKokBR7DFenukYxED93OXQo2FooVEIlXNgCFXIFPuW7V5jl/BRVikqhBAYxvSryaX4ImTj5JNPxmmnnZZx/WmnnTblrtHlIHAYRvk/XaBQKJRPGjRlJZV8U1b84X1Q+D4AsMxHKysr0d3dXbLKDDU1NWhvb4coihjoiSAYmJiYMwyTUmUlHYagw5DjHgARgnBoDKoSTrt9IXAcD8nhABeXsqJpGiKRUN4pK6IoWQahkiQCDAMlGoWqqmAA60fXdWhxUQKiJIGdxPTeIIY1wVEUFTzHlZXvRq4YefxNp4Pq6uqE5cHBwWnqSeqx7TD1L1cuueQS/PrXv8a6deswa9ashEmmx+PB8uXLcdVVV+HOO++c1Iw0X1wuF77zne9AkiRccMEF+O1vfzupuBHPnDlzsHnzZtx///0plW8o9kMIgR6NIBoaBe9uBJxNVnu8oXXGe0seZbCzrY9vs+1KbJ+hjAFk1HymhpqamhTXZgB48cUXS/ZFufvuu/Gtb30rpZLKKaecYoWJ5Uo+OYHbt2/Hl770pZT2crho25XfS9NbKBQKxV5oykp68o3mUPg+SFoDADO/n+d59PX1WeajuVTvyAeXy4Vly5Zh7969GPYOQ48aqKg1IyNi98r4KivpMDgDxBEBq4hgDFMEMM1HCWSHPU9xWYaBJMtQVRWark+krIQjEKX8UlZ4XgCTnLKi6zDGDUhZlrUiPSRJBJ+jQWiC7wZg+/+VXWT8rxwfF+m6kZcJ61TT2tqaMCbv7e3NueSp3SSXd7Yr2mrLli0F+f/96le/wvvvvw/AFB1uu+22vPeRzbS1oaEBmzZtAmCa7w4ODsLpdE76IHjp0qXW+wo9t1asWIHf//73cLkKNzROFsfi+eY3v2lF6+eSGtjS0oKtW7fmdNz4edWXv/xlXHbZZTm9b6ZiaFFEwwFwUjWIa3YaE+vMUWIExKrUNRn5zOemXWpOvokaBsF0X2fnzZuHHTt2pLTv3bu3ZAJHXV0dnn76abz00kvWxerTn/40zjzzzJJOzuMdkONZsGBByY6ZK8nRPFSooFAolPKBpqykpxCRI1Zhpbq6GoIgwOfzYdeuXWhra7M9qpTneRx11FHo7OyE1+sFVAmeJpLiyZENwgKGrIJVBDC6OWiLRiMwDB0Op9u2e7UoimA1zayyEpeyQogBIQd/jBgcy4FzOKxKJwCgRBSoqgpBSPQQyWW/Kb4bNlfBsYfcHjwaug6geB+VUrFgwQK8/vrr1vKbb76JtWvXTktf3njjjYRlu8o8F/pQUZZl6zXP87ZHUsTD8zwaGhpy2nbu3LkZS7QKgoAvfOEL1nK2z56LuEEIQU9PD7xeL7xeL8bGxhCJRKBpGiRJgizLqKurQ2NjI+bMmWNFqKdLzaEURlQJA5wTTNX8khqH5sO0CxzJ6IYx7ZfZTJP7TGKAXTAMg3Xr1mHdunUlPU48H330Udr2hQvtDUEuBN2wJ4KDQqFQKKWDlpJNpRhfDrfbDUEQ4PV6LfPR5PKUdjB//nyIooiuri7ouhMVjYxlPpqLJweJmY9GCFg93nw0AIfDBZazZ4jJ8/xEKdlxkSMajULXDYiSOGkqSTyiKFn7kmTJTIFRVeT4ABFAGt8Nnp9y3410xIeCZ1qXsEwICDErB8oOOeU95UJytMY777wDRVFsL608GaqqWg8gYyxfvnxK+1BOjI2NYc+ePdi/fz+8Xi/8fj/C4TAikYhpGizLcDqdaGxsRGNjIxYtWoS2tjZIkoTvfOc7RR+/o6MDL730Et544w2MjIzk9B6GYbB48WKsXr0aa9asKSo6hDKBqkbAVrfBupDmaGBcygfX5SdwlEH1jra2trTtU12qdSrI9Jky/Q2mknI4FygUCoUyOaUQOQDMaKEj1vdchQ5/eB/AA5LWYJmP+nw+7N27F4qioKWlxfY+trS0WOajajeH6lkiRJlLMXkDMldZMWQNiCaZjwZHITtc4POIssgGy7KQZRmKanpygBBToBhPWcknDJ7nBei6Dl3XTV8OmLEOuQyzDWJAHY/aUCIKOI4DL0z3Y7n8MUUsM2w81xK600V7ezsqKyutSaymadi+fXtW77pS8Oqrr0LTNGu5oaHBtgiOZP7yl79Yxqr19fU4+eSTS3KcQnjvvffw/PPP480338zbnoDneZx66qk4++yzC/7bjYyM4L/+678SonpyhRCCjz/+GB9//DEefPBBbNq0CatXry6oH5QJNMggMM/X+HSTfAUMOwWPshM4NG36J7WZ0lB27NiBYDB4xCh+fr8fH374Ydp15XAxLYdzgUKhUCi5QX050lOoLwfHcZg1axZ8Ph+6urqgKEpJ0kdra2shSRI6OjrQ3xVCdbMMp0fI2ZMDMM1HwRCwSkwwIAiHxyAZDoiSw7a+SqKIaDSKqBZXSlaJQBAFCHlUcuF5Hrqug2FYsAwAlgXHspMOrlVFAQGBoqjjJqal9d3IqdxrkahqeQscgGm2//TTT1vLDz300JQKHKqq4pFHHkloK2WazDPPPGP5jhx//PFlMSZXFAW//OUv8fe//z3jNgzDoKKiArquIxgMppyrmqbh1VdfxbZt27B+/Xps3Lgxa9nmZAKBAK666iocOnQooX3hwoX4zGc+g9bWVrjdbisKLhQKYXR0FCMjI9i9ezfeeustjI6OAjBLtN52220YGhrCeeedl8dfgpJMRMlceXS6ikVMu8CRfOMsh0nt/Pnz0drammImZBgG/vSnP+Giiy6app7Zy7PPPpu2fenSpSUJh82X5HOB+m9QKBRKeUN9OdJTjPloY2MjRFGEz+ezzEeTfSOKxe12W+ajQ4dHoEcNeGomzEdzweANEEYBq4pgDPN+rShhEAJIsn0ihyAIYDkOqqJYIkdUjYLoBgRRymmswLIcHA5nXuMKNcl3QxTFGTMuYRgGRoa0XzXL5KRcOPfcc7F161Yrsre/vx9bt25Na5JfCp599lkMDQ1Zy6Io4otf/OKUHLtcuP322xOiJlwuF0499VS0t7dj8eLFqKiogCzLCV4+4XAYg4OD+Oijj/D+++/jH//4B3RdByEETz31FAgh+MY3vpFzH+67774EcWP58uXYvHkzGhsbJ33vmWeeCcMw8Le//Q133303IpEIAOD+++/HMcccg3nz5uXcD0oisWsiISQlFC42z081Hs29VGwh2JY0aNdFvhwEDgA444wz0rY/9thjU9yT0vHoo4+mbT/99NOnuCfpsetcmCkDEAqFQjlSKEUp2ZlOvqVkY2VkAbMaQGNjI4aHh7Fr1y4Eg0Hb+ycIAj71qU+hsbERAb+KYZ85AcgrxJgjMGQFBjsRyq+qYYRDY7Y+yePGU1YSSsnqOsLhcE7+XfFlcXNB1zVocakcAs+XReWRov6m458/HI7Y1JvSUVNTkxKx8cADD6Czs7Pkx96zZ0/KePmcc84pi2juOXPmYPny5Vi+fDmWLl1asuN88MEHCeLGcccdh3vvvRebNm3CKaecgsbGRjgcjoTvFMMwcDqdaG1txec//3ls2bIFt912G2bPnm1t88wzz+Dw4cM59WFsbAyvvfaatXzCCSfgxz/+cU7iRgyWZbFmzRrccsstCX195ZVXct4HJZVwZMK8OZvJaDafoMzlngq7zk17BEc8DMMgGtUm33AKWL9+PX73u9+ltL/22ms4dOgQZs2aNQ29so89e/bg7bffTrvu/PPPn+LepCca1ag4QaFQKDMU6suRnnyiOeIjOTwej1VhJWY+WoqS7gsWLIAoiuju7oah8qhsYsDybM5P1QgDEIcGRmHAaKYIoGkqwkEDkuwEl0eJ12wwDANJMg1Ho9HoRMpKJAxBEPKqsjIZsfG1oqjgWNb2CJqpIlnYYRgGum5Y5q3lzMaNG/H3v/8dilWeV8ENN9yA2267rWRRx319fbjpppuscqKAWVb1K1/5SkmOly8bN26ckuPs3r07YXnz5s0FVXdasGABrrzySvzgBz8AYE5cd+3ahebm5knf6/P5Eia6a9asySu9JbkfCxcuREdHBwCgq6sr7XY333yzNVfKJVUvHU899RSeeeaZvN/3L//yLzjnnHPyft9UE44o0HU9UfBNIyDHPH+mqiLm9Ns+J6GWicCxatWqjCLG7bffPsW9sZ+f/vSnadvb2tpwzDHHTHFv0lMu5wKFQqFQCqPOsZBGc6Qh30iOWDSHLMtoaWmBJEnYs2dPSi66XbS2tqKtrQ3hcBgDPVGoEfN+nM8AX5eiMISJqAfd0BAKjUKL2psSIQgCJEkCQ4gVKm0KHoptUSMMOzEgz5TqMZNIFjlC4fA09iY3Kisr8fWvfz2hbWhoCNdffz36+/uzvvfiiy/G1q1bE34uvvjirO/p7e3FNddcg0AgkNB+xRVXwOGwL+VqJhCOOz8YhrFKrRZCdXV1xn1nI74kLoCU/5d8MAwjofKK0+lMu13MjFjXdWialrCc7SceQkjO74v/mS7vinwJBkMJy0w+JalKSFkIHMlKjlIG+YAMw2DDhg1p1/3ud7/LOaSqHPnwww8zqolf+9rXprg36Uk+B2gkB4VCocxcqMiRSr6RKDGRg+d5tLS0oKKiAgcPHixZmH5dXR3a29vBcRz83RGEg3pCCdlcMEQdhhR/PzfNR1XF3rQIjuMgOxwJKSu6riESiUA3in9YEl+KdmZMOyYnfiISHAtl2bJ8+OIXv4hVq1YltHV3d2PLli3Yu3evbcfZuXMnvve978Hn8yW0f+lLX8JnP/tZ244zU5gzZ471mhCC559/vqD9aJqGxx9/PKEtV++LxsZGVFVVWcuPP/449u/fn3cfDMPAww8/nCCKHXXUUXnvh2IyFidw2D1XK0bkYQaHQwW9O5uzc7rf1g2REBCQhDZCCAxj4nVtTQUqPNOf2+b3+7Fs2bKEslAxzj33XNx///3T0KviWbduHd58882UdrfbjV27dhUUdmY3gdEgBgYDVjglyzLWa+sHjBUGFR92mel3PFQwoVAolKnH7ioruYoEhAGYMp6Z5iPYxFJWAGBwcBCDg4Oorq7GokWLwNuU/hGPqqrYu3cvAoEAKuoleKrFvMOMGYMBq0yYjwKAIMiQHemfnBZDrMoKAEiSaQTqsOE44XAYhJjpHLIsFxwenw+TVVFJ93qiLbaMpPG2Yf0QYkDXDTAMsPSoxaX7IDaiKAquuuqqtJPbDRs2YP369QVXtwmHw3j88cfxxBNPpKw7/vjjcf311xe033y5/PLLrSoqs2fPxtlnn23bvlmWxZlnnpnXexRFwaZNm+D3+622U045BZ///OexZMmSjBEQMUZGRvDhhx/ikUceSRBkFy9ejJ/97Gc5X0teeOEF3HPPPdYyx3G48MILccIJJ2DBggVZv5Ojo6PYuXMntm7dil27dlntNTU1+NWvfpV27pOPmGs3+foETRcf7NoDwzDAcRxYlgXLsGBjr8crU038IHUuF5vPAQmpLbnM6bLN76Ze4DAbYBAjo8jhcsloqKtO2f90cOWVV+Lhhx9Ou+6FF17AiSeeOMU9Ko4nnngC//qv/5p23eWXX46bbrppinuUnj7/EILBSEZxg2VYyyCLChwUCoUys5hqoaPcBQ6gcJFjdHQUPp8PTqcTbW1tk042CmXfvn3o6+uDq1JAZYPp15CfyIFxkWNiEsLzIhxOF1Ks94tE03Wo414NkizlVjGFQdbwDEWJQNd1KIoKIU5IKqUfRykEjpjIYYbBG+OvDcybPwcuV2nOHbsZGRnBj370Ixw8eDBlXW1tLTZu3Ig1a9bkvL9IJIJt27bhoYceSpv6sHz5clx77bUpaRKlIl7gsBtJklKiKHLh4MGD+NGPfpSQ2gGY14D58+ejuroaLpcLLpcLhBAEg0EEg0H09/en/Sytra24+eabUVNTk1c/7r///rRR6B6PB3PmzIHH44Hb7YYoihgbG8PY2BiGh4fR2dmZ8n2qrq7GjTfeSCuoFMjoWBAd+w5OiBssC47lwHLc+PytOIEjnZgxrQJH7HWywGFtMx7FYarHqQKHwHNobWlI2f90sGfPHqxcuTLturlz52L79u225eJlMgsbGBiwZf8DAwNYuXJlxv3t3r07LzfiUtLT24eopqcVOFiWTYjeABK/CJm+FPFQgYNCoVCml6kUOWaCwAEULnJEIhF4vV4QQrBo0aK8Jw250tPTg+7ubkhODtVNMlguv6eMrM6BjUwIApLkgCiVxs8gEonAMAxIsgRJlsGxk1Q9mUTgiEZVy8w05jrKcRwkqXTmnKUUOAzDgEEMGLoOwyCoqalCU3N5jAFzIRwO47bbbksbkQyYE/mVK1di5cqVaGxshMfjQX19PSKRCAKBAAKBAHp6evDPf/4z4z4A4KyzzsK//du/lepjpKUcBQ7AFJYefvhhvPLKK4jGVRXKB5fLhbPPPhsXXHBBwd+dt956q6gqOjzP44wzzsCGDRtQUVFR0D4oQE+vF/6BoQSBIxbBcUQLHLHfmQSO+Aut+RrW6zmtjeD56S/BBQBbtmzBf//3f6dd941vfAM///nPbTlOqQWOCy64ANu2bUu7bsuWLbjmmmtsOU6xaJqOrh5f3JcDqV+UDAJHvl8ACoVCoUwfUyVyzBSBI0auQodhEDgMc1IajUbR19eHcDiMefPm5VSZoBD6+/vR0dEBQeRQ1SRCkMyx2mT3VcZgwIVFxKI1eF4aj94oDapqlo6VJBGCKELgJ4m0mETg0HXNquABAEpEGU9/KZ3hpN0CB4CEFBWDGCDjERwcx2LJ0rYSfZLS8dprr+G3v/1tUaaT6Zg1axauuOIKtLe327rfXHjppZcwNjZWkn1zHIf169cXtY/R0VG89dZb2LlzJ/bu3YvDhw8nfDficTqdaGlpwZIlS9De3o7jjjvOlkgYQgg++ugjvPvuu9ixYwcOHjyIUCi9lwzDMGhoaMDixYtx7LHHYsWKFQl+HpTC2LlrD7TxCirJAkeyuBH/sBrAkSNwJLzOQeCor6uCx10eoXJDQ0M47rjjMl487777bltKRpVS4Ljjjjtw8803p13X2tqKN954Y8pC7yZjdCyEfv9wzgJHpiiOGFTgoFAolPLFbpEDSBU6ZprAARQmcgCA1+vF2NgYmpubSxZ6HQgE0NHRAVVVUTNLhuTkJr2vsmER7Hh6CstycLoqSnov1jQNajQKSRLB8zxEcZKnxZMIHAYxLE82bfzptaKokCWpZH4ck42145fzETisNBVDBzEMGIa5PHt2CyoqC6+QMV2EQiE88MADBZtfxiNJEi666CJccMEFNvTskwEhBGNjY1BV1YrsEEURkiTB5Zo6T8WRkREEg0HTXFjXIUkSZFlGVVVVwb4slPQMj4xif2dXzukpydH4AFLmdLG2+HXxbdleJ7cVLHAAmS+y8a9zNRo1L7iwXrtdDjTUl4cPBwA89NBD2Lx5c8b199xzDy688MKijlEqgePOO+/Ej3/844zrH3nkEaxdu7aoY9hJX/8QxoLhuC8HUsOccjQYTX6dbplCoVAo008pozlmosABFJ6yMjAwgKGhIdTU1GDRokXgOPsjYhVFwd69ezE6OmqZj2aCU3gw2oRvhdNZAa4EhqiAGcliGGbqBWGY3I1GJxE44olEwjAMA4qiQhLFkvx9AXsFjti6eIEj3mjUMAy4PS7MnTu7JJ9lKujp6cHWrVvxxhtvYGhoKK/3zpkzBytWrMD69etRWVlZoh5SKEcG+/Z3ITA6liJwMOPztfh5W/zD6rQiR5LAkeucbsoEjvi2YiupAATz584qtGsl4Zvf/GbG8qosy+KXv/wlvvrVrxa8/1IIHDfffDPuuOOOjOvLyVg0RufBQwAyq375CBw0eoNCoVBmDulEDkKAsWEVakhHVDXAAGB5BrJbgKuCB8tlvqbHRI6ZKnDEyFXoiBc5AoEA+vr64HQ6sXjx4pKlUnR0dKC/vx+uKgFVDamRoKzGglUmxI9S+m4ApvCi67p5LHkiamNSo9E8BA5VVaFpph+HyPPgy8BoNFeBI10llZjRKCEEbW0LEv5uM5Xe3l68//77eP/997Fz584Uc8ympiYcffTRaG9vx7HHHktFDQolR8LhCHZ/1AGO48DFRWzEBI5UcSO9/wbwCRE4kkWO5sZaOBzlc5ENhUJYvXp11rrL11xzDbZs2VLQ/u0WOP793/8dDzzwQMb1J554Il544YWC9l0qwmEFh30D2cUNKnBQKBTKEUu8yBEMRDHsi8DQCZxOpzVJD4fDCIVCYFkGFfUyPNWZJ5jv9yH76QAAIABJREFU9bTOeIEDKCxlJRwOw+fzAQAWLVqE6urSRMZ2d3ejp6cHDhePykbJMh81fTcmxnGCIEF2lDZk3RQfNEiyBIZhwLEswLLmYDyb0Wjy0CAHPw5FUcGxbFkYjaa2ZRc4LKEjzofDMAxU11ShpaU0/i0UCmXmc7CrFwODw6npKaxZ4ZJNE8WRi8CRy1yubAUOq42kr6QS78NR4XGirra8TGAOHDiAM888M6EWdDIXXnghfvWrX+Vdj94ugWN0dBQbNmzA9u3bM26zYMECvPjii6irq8tr36XGPzCMwGgoY0hTLhVU0v2OhwocFAqFUv509n6I4b4IqqqqMHv2bLjd7oT1wWAQPT09GBwchKtKRE1TZh8pAmDHJKVkZwKFmo/6fD5EIhHMnz8fTU1NJelbX18f9u3bB0HiUN0kQRA5cJGJsrAcy8PpLn3FAk3ToKoqJFnKzXsjRh4Ch0EMRMJhKIoKFoBclkajEwJHrC1TNZVYFIem6SCEYMnSNohi6aJSKBTKzERRVHyw6+OE6A2O40xz0XGBI9ae+JO+ggqAkggcpXFFyqFT8W2ZJpyjY+ndcKeTefPm4dlnn81aVujxxx/HeeedhwMHDkxdx8Z57733cMYZZ2QVN+bOnYs//elPZSduAJn/zzOdJ+nOLypgUCgUyswmEAhguC+ChoYGHHXUUSniBmCWG1yyZAlmz56N4LCKvq4QooqRcZ/5+FmUK9lK4cbDsgxCjBcAIAgCWlpa4Ha70dnZiYMHD5akbw0NDfjUpz4FhnDwd4ehDhuWuAEA8mQeGDYRPwZIJw7YcgwwAEx/D6OExymOzGOhlAdEsUnB+BPX/v7MD/EoFMonF6+v37pOAIkeibHlcmDKejHZpDMlXIVhYBgEY2UocixduhTPPvts1hJDr7/+Oo4//nj88Ic/zNvoqBC6urrwzW9+E6effjr27t2bcbvZs2fj2WefRWNj+dU6HxsLwTBI2nMhG1TQoFAolCOLw4cPw+l0YuHChZNu29raisWLF0NXgb6DQYTGtIzbHikiRy5CB8exlsjBMAyamppQXV2NQ4cOYc+ePSWZlFdWVmLZsmVwOl3o7w9idCwMAJBlJ1iuNKaiycSPCQwjs+BVCKqqIBwOIRwOIT7Ew+7j2EnyECnTmCl+vDU4MIRwOFLqrlEolBlEMBRGv38QQIb5WcZrS+Z9MlmE2NT95L5tUQJHKcL/49/OMExZRnEAwNFHH43nn38+Y1pJjHvvvRfHHXcc7rzzTkQi9t8s/H4/rrrqKpx44okZDVBjzJ07Fy+99BJmzy5Ph+zRsVBSREZx+6PpKRQKhTLziPlr5JNKUVtbi/b2drhcbgz0hDDiVzJueySIHEBu0Rwcx0Lh+6zl2tpa1NfXY2BgAB988AHC4bDt/ZJlGe3t7airq8PgyBgGh4OIqgqMcePPUhP/BNFuEYdlORBCoERM/w1FUQGUt8CRieQc+OQoWJ+vL+N7KRTKJ4/Dh/sy+iKmEzzSPbDOVRgp5OF2whyyGA8OoAijUbNhUh8OQgjmtDZCEKZG+c+XPXv24JJLLkFnZ+ek27pcLpx++ulYt24dzjjjjBSzr1w9OLq6uvDCCy/gL3/5C1577bWc+rlixQo89NBDZZmWAgDRqIauHl+i10YW/w0AKV8U6r9BoVAoM5/+/n709PTg+OOPhyhmLj2aif3798Pn88HpEVDdJIPlGBCkD9jPNeWjnMlVsNF1A05iikahUAherxccx6Gtra1kFSS6urrQ29sLpyyirrYSTqcHPF96b4dwOAxCCCRZguxwgGVyeJ6XxoODEAKDGIAxMV7VNM0UNggBz/PgWNaqHFAKSlEqNp3ZKAGBoeswDAJd1xEJh7Bg0fxJH+RRKJQjn4GBIXQe6AabXDll3H+DYZi0JWJzNRi1lm3w3wBKLHDEv042Gc1UTcW82CbW6q6scJWd2Wg8iqLg2muvxX333ZfX+1asWIHVq1dj1qxZaGxsxKWXXpp2u/vvvx99fX04ePAgXnnllawpKOkoprLLVOEfGMZIIJj0xUDqlySpegqQ/guR/DpbG4VCoVDKh8OHD8Pr9WLlypUF78Pr9aKzsxO8yKK6yQHJyWUMhD0SRA4gN6Ej3nxUVVX09fUhEolgwYIFJUtd9fl82L9/P0SBR121Bx5PJYRcjT8LJBKJwDAMSLKUIDxIkpwyDjCriBDTaJMQEKuyCJDNaVSJKJBlueQ555miUPKtpBJrSx6PJ4gc42ajkYiZhiPwPI457ri8TfMpFMqRg6bp2PXhHmiaPlE1JVZBJU7cSBU2psdgFJhigSP2O99ysQDBvDmzwLLlPTn9+9//jiuvvBI9PeUR/vrpT38av/zlL7Fs2bLp7kpWDIPgQNchIC7EqdjysMmvs7VRKBQKpXzo6+tDb28vTjzxxKImj4FAAPv27UMkEkF1swPuyuylZI8E8hU5CCHwer0IBoNoaWnBnDlzStKv4eFhdHR0QNM01NdUoKqyEqJUusoj8aVi4xFEEcQwxkUMklk8gBnQEUtBSb8RgSAIEITSR6QUXkkFAEheAoeqqggFA+NRHUBdXR3aFi8uyeeiUCjlz/7OLgwOjVjiRsLPePUUJoO4EZu7Z5zTmSttFziKlp2LmkQm5f1l2gchwMjIaMF9nCpOPfVUvPHGG9i0adO0usg6HA7cdNNNeOWVV8pe3ADM/9v4e3em8yE+jGkyqLhBoVAoMxNJMielo6PF3fcrKirQ3t6OmpoaDB0OY7gvsw/WJ8mXg2UZhFkfAPO+2NzcjKqqKvT29uYdIZorVVVV4+ajTvQNjKB/YBBKpHQea7H7vRJRrB8AiI4LH/r4pD7mo5H8o6rmb4YQsAwDjmPBcxxEQYAsiZAlCU6nc0rEDTtITXlPX4GOEAJVCSc8QOrv64PP652yvlIolPKhq7sXAwNDaVNPYtEbyReYtKkoSW35ku/7uKt+eM0NBR2pSLJ1NJ0SrapRVFV5St6vYuF5HqeddhrOPfdceL3ekg0W0iEIAjZu3Ig//OEPWLNmzYyZ0Pv6BkAI8kpPAbLnalGBg0KhUGYmsiyjv78fuq4Xnf/PcRzq6upACIG/bxhqSIfk4MByqfeDpooAmioC8AYyl4GfCXgDFWiqCGTdhmEY6GwQvOECADidTrAsC7/fj+HhYVRWVtqeliAIAurr6xGJRDA4NAJN0yAKHAQhf5+VyWAYBjzPg+d5aOPmprpuQNf1hB/AfNIXC7nmWBYCz4MXBIg8D0EUzf1wvBWSzTDsjB5PZBsfhUNBGIY+PmkhMPgoGJ3FwMAAqmtqLPGRQqEc+QwNj+DPL/8VwVAIsixDFMW46+CEPyLSiB/Z0lMA+/03kttLLnDkMvHMRPxTfYMQMAAcjplxca2rq8P69euxbt06hMNhdHZ2IhqNluxYl1xyCe677z5ceOGFcLvdJTlOKRgaCiAUVlLCmWh6CoVCoXyy6evrgyRJcLlcRe+rsrISsizD3z+IUEAFL3EQxPSRlkeKyJGL0KGzQUQxBoG4IcsyZFnG8PAw/H4/3G637RNahmFQW1sLwzDgHxiEoqqQeBYcL9h6j44fJ2iaZoVQc6wZicHzPERBgCgI4AXBNAsdN8+LH6jPFHId8yS3xS9HwkFommo9WDTkKAhvAIwBRucwMjyM+oaGaY1QplAoU4Ou6+jqPgRRlDA2NoahwSEQEHg8HkvYYJnMqSmTpacApfPfAGzw4ACK9OEwGyx3aiC+gkpiNRWGAebNaZ6xF9eXXnoJf/3rX/HPf/4Te/bsKWpfxx13HE466SSsXbsWq1atsqmHU4thGDjQddiK3piI4JiI5gCQd/WU5NfZ2igUCoVSnuzbtw+BQADz5s1Dc3OzLfsMhULo6OhAMBhEZYOMiprM0QOfVF8OVVXh8/mgKAoWLlyIhoaGkvQrZgQriQIaaqvg9lSA48rDzDJT1Z3ppFgfDnM5vem/EglBUcLWmFsXojD4KAxj3JtDI0CEQ1VFDZa1t5foE1IolHJhf2cXxoJhcy5GgEOHDmFwaBBOpxPNzc3wuD3FR2+YC+UrcAD5l4uN/c5mNhpvNBozQKqscKG+rjrlWDON4eFhvP322/j444/R0dGBzs5O9Pf3Y2hoCENDQwDMsrG1tbVobGzEwoULsWjRIixZsgQrVqw4IsIE+/1DGAkEU3O60kVwZKieku13PFTcoFAolJkFIQQHDhzA8PAwGhoasHDhQtv2u2/fPvT398NVKaK6SUamW8QnSeSILyNrGAZ8Ph+CwSBmz56N1tbS/B2GhobQ0dEBYhioq65AVXUVBGHmj29KgZ0CR2wdIQRRVUEkErSWdS4KQ9JMI1bDmBA5DAISYtBQ04TFS5eW6FNSKJTp5mBXL4ZHRhMi2liWRSAQwKFDh6CqKhobG9HU1JwxeiPf9BSrPY2QkS3yLFPblAgc8a/zraaSHMVhGAbmtDZCkuzP2aRMHYqioqvHl5LHle7LQNNTKBQK5ZOL1+vF4cOH4Xa7sWjRIjgc9lTf6O3tRVdXF0SZQ3WTA6KcOTr0SBA68hU5AFieHPX19Vi0aFFJ+hUOh7Fnzx6EQiHUVrlRV1sLQZRLcqyZzGTj7PjlbAJHrJ0QAl3XEAqOgpDxSiqsDl1SzTG5VV0lJnCMV54Js2iua8GitrbSfFAKhTJt9PR64R8YsnyJYvOz2GvAvHf6/X44HA40N89CRUVFVnEDSBN9b2N6Srr2aTMZjTHxQWP/TJDpwq1pGjye4nNyKdNHX/8gNE2PEzYmvhDFmIsmv87WRqFQKJTyx+12w+FwYGBgwPLlcDqdRe+3oqICHo8HQ4PDGB0MgxM5iNKR7csxmScHyzKIYgwaE4RA3Anmo4FAoKTmo+FwGINDI4hGNciSAJ6fGRVKppPJBvsT62PLE9sQQhAZNxUFAMISMLJmuq6SiY2Z+AE6ISC8gdHRAKJhDTVFmgBTKJTyIV7cSP6JFzqqq6vhcrkxOjoKv38AhmHA7XaXTXoKYKPAMdkBc52IZth7gtihqlEIAk+jOGYogdEghoZHC47eANKLHMmvs7VRKBQKZeYgyzKqqqoQDAbhHS9ZWVlZact+a2trEQqFMOwfAyEEsiv9BP6TInIwDANCYJqPwjQflSQJg4ODGBwcLIn5KMuyqKurg67rGBgchKIqcEgC+BJUWJmp2D2WUSIhaJo60eCIgrBxkdfWC4KU4BGOYCwYQGQ0grq6elv7RaFQpp6DXb0YHBrJKGzEv2YYBg6HjMbGRtMw2t+PQCAAUZQgy7I1nwMyiByTVE+Jf11IegpQTmViGSavKI5IREGFxzVjDUc/qei6Dq/XP/5wIPfoDYCai1IoFMonGZ7nUVtbC03T4PV6EQqFUFlZCY7jit5vfX29ObnuG0E0rENy8ZYDfDxHQinZXCqsmPdnxqqwIooiXC4XRkdH4fV6IcuyLdVtkqmqqgLP8+jv9yMYCoHnWUiiSO/jOZJ9DDSxLqpGoKoRaz2RNbNiStx7mIkF63XC/lmC0XAAgcFR1NbW0fE4hTID0XUdnQe6MRIYSxAzMgkdyYJFVVUV3O5YNIcfhqHD40lNWQFKE72RqX3KysQWuj5uywSxwyAEmqbD7S4+TJUydfT1D0FRowknfSHRG9l+J0MHRhQKhXLkUFlZCUEQ4PP5MDg4CJfLZUtEQVVVFSRJQp9vAOFRDYLEgT/CS8nmEs0REzl4nkdFRQUURYHP5wPDMKiosP9v4PF44HK54B8YxOhYECxjjD8VpBPodOQ79tG1KCKRoLUNEXQQUU8QMuL2AgIy3j4RyWEJHiwQiQbh9/lR4a44IgzwKZRPCsFQGPs7uxAKK1b6SabIjZgHR7p5mkN2mNEchKC/vx8jIyMQBGH8up09eiPb72yvs7UBNgscuYoZGSekOUZxxNoUNQqe4yDLNIRxJjAyMoah4dEMKiCN3qBQKBRKbjidTlRUVGBkZASHDx+GIAhwu91F79flcqG6uhqBkVGMDITA8SxEOX2EyCdR5GAYBh6PB7quo6+vD6qqoqamxvZ+ORwOVFdXY2QkgKHhURBDg0OWwbLFRevkQzmWii12TGPoOsKhMVO0YBgQ3gCRtaxh4AwYK+o2boO4CA9AJQoOH/JC4iV4PJ6i+kihUErP/v0H0LHvINg0okamtJRMAocVzVFZCY+nAmNjpjeHruvweDyJ8zqgoOiNdMuZ2oAyMBkFCo/iAEz1ye1ygOen7qZHyR9FUXHI60/5YtgVvZH8OlsbhUKhUGY+oiiitrYWkUgEXq8X0WgU1dXFl5EXRRH19fWIRCIY7A9AjxI4PNSXQyWjiDKmL4fL5QLDMPD7/RgdHbUlVSgZQRBQV1cXZz6qwumQwHH2mpxmYyaOINKNixiGAQhBOByEQQxT3GAJiCOKhGFS2igOYGJekjQGizsO4Qz4B/oRGVNRVV1NU1YolDJE03Ts3PUR/u/td+H3+8GxrFUFJde0lHTiBmNO5iDLpjcHIQb6+vowNDQ84c1hc/RGtnbbBY7JJpmFRnEASDU5wrgLdERBZSVVjMuZQ4f7oOtG2i8Ky2YWNwAavUGhUCiU9DAMY4kaPp8PIyMj8Hg8EITiKnCwLIva2lpzEt83BCWoQ3Rw4Pgj15cjlworAKwKKw6HA6IoWuajHo8HomhvRG3MfFTTNAwMDiEcDsPpkKaswspMGUXkMt6JhIPQdc1aNhwqmDhNKvvTUsb8Y5CkcrPjC1YxWpYgGB6Ft9sLQZRsiaqiUCj20O8fwJ69+xFVNVRXV8MwDAwMDmJsbAwupwuSLKVEceQjbgATc7bKyipUVlZhbGwM/f39iEY1uD1ua5+xbeN/Z2pLt5ypLUZZRHAA+UVxxLDKxuqG+Yejfhxlidc3gFBYSYramEhNodEbFAqFQikGj8cDh8MBv9+P/v5+yLJsWylZl8uFAf8QxoYV8CIH4QgtJZtPhZWYyBEzHx0bG7PMR+34uydTXV0NjuPg9w8gFAxBFDmIYun9HspxFJHL2CZ5m//P3pv1OJKu+X2/WLgE9yWTuWdWZVbW2t3njGc0EgYDC5IgGbNIAmQYNmz4zhf6Ap6RpZvzTQQD+gKGAcEW4AsDkmc0ozk9fU5XdVflUpU7932NICN8wSSTZAbJ4JqZ3fFLEGREvPFGkMnlff/xf56nUa91K6YIgoDh1sBh9LTv25n+xa5Po2cS079N6G0ngo5GKp6iXCzj8Xjs3Bw2Ng9IpVrj8+cLrq8TYLSFY1mWCQaDuF3uboLQtjARHCtuAKYCx2Abl8vF2toagiCQTCbJ53PIsgNFUdp9LMi9AQsSOBbp4rhtcC9UpaFqAHgU9zSnbLMgMtlCNzNvv2tjfGgK2O4NGxsbGxtruN1ugsFgt5SsIMwnCaaiKEQiEcrlCvl0Ozmj2/PTDFmxWmGlt4ysLMv4fL5u8lHx1vI8b/x+Px6Ph1Q6Q7FUQZZAURZ7YespjSSGjXuaWgNVrXWXDedtUlGT/caOrQZEDqFnsC50VgKIgMOgVqlxc3FNo9HA6/XO7KyysbGxTr3e4OLyhtPTM1RVvZt/9YgXnd+3Vksnk2mHHHZEyd75VyfkbJh7QxgxbwsGg4RCQSqVKul0ClVV8fn63Rydtr33g+vHrevl0Tg4YPgTMAyjez8MwzCo1urIsoTbZScdfQwUimVS6fwIJZDuNuj58NjuDRsbGxubKeiUktU0jXg8Tq1WIxgMzpwPwOFwEIvF2qESyQLNho7bKyMMKSX7lEUOGO/maP92t/NyOGgPVP1+P5qm3dqR55MPZRCPx3ObfLRANl8Eo4VH8SzsN/+xjiSsujhaLY1arXK30mFguLRusj8rY6qhV0+722+Xuhcn2+M6AwPkdr6Pcr7Cxfk5qqridrvnHspkY2NzR7Va4/IqzsnJF6rV2l1ODVFEvK2G0ptro8/NUS6RTCYBgWCw/Ts2eBF6UNy418ZkzuZyuYnFYgiCSDKZIJvN4XDcd3OMetzLuO9AIZuvDlcNZmCYGNG73ujG8t3d960zDAyM7vr+G33Luq53H29urODz2uEqD0m5UuX65i6pqFnVlFHujUElsPO4937wcS+2wGFjY2Pz8yaVSnF5eYmiKBweHuL1eufSbzwe5/PnzzhcEuF1BZcyXDz528vtuRzzofjl9uXYNrreHrcp+hoAuVyOTCZDKBTixYsXC7lqr2kax8fH5PN5QgEvG+vrc08+OjiKfWyjinHjbMMwqJQL6HrbrdFOKqpi9DyzzuP+8XdP3z3j7Lt2dMfm9I3Dbx/fjsf127E5AJoANak7Xo+urLC1vc3KysrcXxcbm58r2WyeZCpDPl/om39hMt8anJeJonhbMckgHo+Ty+XweDzs7Ox0w1buiRtgGpoy6jFAtVrl7OyMUqlEOBxmc3OzK3paFlgfSuCA4eVdBx8PFTo6yyNEjl5ho/e2vRnD47HDVR6CarXO5XXSVMAYG5oCtnvDxsbGxmYulEolzs/P0TSN/f19YrHYXPotFoucnJxQr9cJryv4QsMn8T8XkcMwDDzGOtB+3ROJxNzFpUFOT09JJBL4PG62NzeQHfNzBjx2gQNGj7Nr1TLNptoeFwtgKBqIel+bXoGjc3+nbdwXOfpEkB6RoyNk9I3LdR2Du2WhJWDUJIzWXV8ej5+1jXUikXD3arGNjY11CsUSuVyBTDaHpmr9rnizudaAwNFp2yteIAiUSkXi8TiqqrG5ucHO9s79udkEwobZHO7m5prz8wtkWWZzc7Ob2LvDLBexly5wDK6f1MUBvaJGv4uj/wvYYGvDFjmWTbVa5+qmbW0a9qHqCBx98Vy2e8PGxsbGZgE0m02+nH2hVCyxubnJ3t7eXPrVNI3T01Oy2Sy+sJPw2vDxxs9F5IA7J0enfK+u67x48YJoNLqQc7u6uuL8/BzF7WRzbQ1lTklOn6rAAVCvVbt5NwzDAKWJLut95QjNRI5eAaPbZmB8PkzkGHRY63r7eHrP2B0djJoELaErjIiijNOl4HDIBIMBAoEA/oBvIclqbWyeOsX0NfnUFQ0pRKFUo9ls3ptPjRI2BkUO4J640ekL2o7FbDaDx+Nhd2e36+Ywm69Zmb8N3tdqNc7OzigUCgSDQba3t4e6OTo8uMAB1l0cvY8Hv0QnCVWxRY6HYxJxY1hoCgxPLDrq8ah1NjY2NjY/bwQBLi+vSCaThEIh9vf351bZ4eLigsvLS9wemfC6G9lpHrLy1EUOGC90DIoczWaTRCJBrVZjb2+Pzc3NhZxXOp3m+PgYWRLZWIvNJcnpUxU4NLXel3fDcDXRHa3enfr27QtZGROqYtpmhMjR68jWu6EsOkJdBk3olplFEHE6XYii3N1HlER8Xi9uxY3iduNyu3A6nTgdDiRZQrrNJWBj85PAMGi1mmhqDUNvf140tUajWqKUjpNPnJG5PKKpVgm//RNkbzvHUTe/1BCRwezW2a8jbHTaD+ujVCpxc3ONqmpsbGywu7ODMHiR2kTAmMSJf319zcX5OaIksbm5yerqqunLZPUzv3CBA5YTqjK47s4uZ+fkWAa9OTeAkUlFTcUNsENTbGxsbGwWgtC+YEwmk+H8/ByXy8X+/j6hUGgu/afTaU5OThBECK278fiG54N46kKHVZGjN2QlkUhQKpVYX1/n+fPnCzmvcrnM0dER9Xqd9dXozPkdnoLAAf3j6VZTo1otddcbso6haPQNw8e4OPrvJxc5Otu7OTk66zru6872hoBQF2+P38bpdCNJ7XAvfdA9MnCO5XKFs/MLwpEIh4eHU75686Fer/PhwwdEGdb3AggC/BBff9BzGsTbiONolXn+/DnBYHCqPprNJifHJ6hag8imG9kxW/Jmq7RuPqNfH3eXlVAQZcrnMA0CIqLDg+j2ITk9iKILEKiWs5TTVzh9QYLRHQSxLbod//W/5+Nf/nvUah2A/d/7Q77+B/8TAgJ6S71NxOsABE6//Q/88B//T7S62j2eJxTkm3/8P7Kx/7u0mjXUchG1nKNRyuDd/bs4wzvt8+oRGbrnakHYaD+n4bk0BvvpkIjHSWfSeDwetrd3CIfDYwWNUXO4wXW1Wo0vX75QyOcJhkJsbW3duxBhda73YFVURj3RURPZ4U/sfrvOl2CpXLWrqyyQQrFMPJEB7kJPrIobgB2aYmNjY2OzUDo/Dx6Ph2AwSLFY5ObmBkmS8Pv9M/fv8XiIRCKUSmUK6QqCAK6fcClZK2VkATShXUrW5/MB7cSvlUqFUCg0c2WbQZxOJ9FolGq1Siabo9nU8Pl8cxsbPNYRRuf5GbpOrVa+ExREHcOj3bbp2+Hevp0LTSPHXEL3ctTA9nYPvS/Q3bivf/9OHwIgyLe3pgSGgQC0Wk1EoV3VoV2hSEDsGVeKQrvqQ0NtcH55hcfr5fWr14iS2bhzOTcMg6OjI5qaxtpuANnRnuRmKr4HO6fBm0fL4tJL7OzsdPMcTHP78vkz1VqNyIaCyy0v5dz19BX61afusuL3472dWC/zJooCoiiB0KlIIuB0ewhEN1G8EURRQhQFLj78R374T/8HarWGIMDOu1/yzT/6n5FkB4KuYrTqYDQRRQFBklnZfoUSCJK7OaKlaggCtBoNytlrgms7eIMxBAH0loqy9hpXZO/uHPrO725db4WU3nWCICDQ/hx137+CtZCWdvlvP16Pt1tppdVqEggE+vJ5WL03e+xwOFhdXUV2OEgmk6TTaWRZ7oar9bYfx1IcHDBbqEp33UCoSm+bjpOjN+ko3C0DRCNBopHlKX4/BzLZAplsAbgTNzqP7z5Qw+OzBAvixqjHo9bZ2NjY2NjAnYOjg2EYnJ2dkcvliMViHBwczO1YJycnJJNJvAEH4Q2FYT9PP3UnB9wPWekkH/V4PBweHi4sz0Lnf+D3edjZ2ppZTDF4vAIHtN/P1UqZVqt9FbidVFTFuE0qetdvMa8pAAAgAElEQVTu/kLf+HuCpKN3202cHD3t7sbjJmN6w8BoCQgNCaN5dxxZduJwuQeO277TDYPTz19QNY13b9+heJRpXrK5cXR0RCaTYW03gOJtu08ek3vD1SygqCnW1tZmChE7Pz9vV0eKKSg+aY5nOBy9mKZ19DfdZYfiIRAzD11YOIKM6HAhSC5E2YkgSIiyA0GQEGQ3IJA4/Y5v/+9/S7VQAsMg9vyQ3/vTf4nbF8JoqrS0CrpWBwwE2Y3kdCOILkTJQfz0O777f/4d5VQaAE8owB/8939GILKBWi2jIyMHdjAkJ3D3fWY2t+o8hn7HxmCbUfOv+8v9IsXNTZxUKonbrbC7u0skEplJ3Oh7qQWhm5sjl8sRCATY3t7G7baecuLBHBwwxVV54fbfM+JXxuxF6lCrNVBVDb/PDleZBzfxNPlCGRgubrSXR4SmjPhQjvtA9GILHDY2NjY2wxj8iRAEgVAohCAIJBIJ8vk8fr9/LiVNI5EIkiSRSmaplZs4FQlJvj/BXg8Un7SbY5yTA+7cHE2hgsPw4XK5UBSlr8qKosx/gtoZbKfSGcqVMl6vB3nGMrKPeZTRqNdoNht3KxQNZMPS2GjcRaO7udCETo6BdoJA+6p179hOEBBEEBwG6CIi4u17RkfXW0iyo5tro30FXeDy6ppyucrLly8JBAN9E7mhF9MWdLu8uCSZTBLd8OMLuhAEgR8SG92r4g99c7bKeLUUkUiE3d3dqZ9nIpEglUoRXHHjDTjubb9XNGAON+ol9OO/BV1HQMDhduOPrbbdBw/yZyAYOgItjFYTUZIwAFF2IYoOCskvfPt//VuquTwYENrY5L/64/8FXyiG0VLRW3WMZg2jWQdd6wqMoiiAIOKPbBLdeoHWKKA3G3z9j/4HYrtfoWt1BFFC9m0gyC4Esf/173w+Ov+HwXXdv57tnfeH9f9H/5xMEAT8fj8+n59yuUwymaTZbLs5JEnq+24YN5cbNm93OBysrKzgcDhIpVKkUilkWbZckWtpDg6YvqpK535c0tHeeL/BRKXdWtyGgcvlILYawe2eT4Kxnxv1eoNkKkujoXV/+UZ/uY0QONo7Df0g2OKGjY2Njc2sCAMOjl4KhQLn5+fous7BwcHMuRs65PN5Tk9PaTQaRDYVvIGfZinZaZwcmqaRTCap1Wo8e/aMjY2NhZxbKpXi+PgYhyyxubGO/zZUZlIes4NDbdRoNGp342VXE8N5l1T03vt+mHt6wL3ReWzm4LjbZuL0MHFxDOurN9eeYRgIDRk0sbtNEARcLg+CJCEAN4kkqVSGvWfP2Nh4WJdEIpHg9PSUYFQhvNa+cPrhZjHv42mQ9BqB+hVer4dXr15N3U86neb8/Bxv0EFgZUnzpqZG88e/wqi188mIskxwbR3JMZtIORcEAUFyIjk8iC4vktOHKDr5f//dryikblCrNZRQiN//5/+Sle036C0Vo1ml1ajS0moYrUb7MyRKiLK73Y9DQZBdiJKTSiGBruv4w5vtfVpNJP8OuiCjC07T+RHQ51LrthkWejZk3nWvGgt3F6nvr+9xc1zfkEylcLtd7O7udStmmc3hhgkaZts6NBoNzs7OyGaz+P1+tra2xgrjj1bg6H08mIl5sKTVuISjZiKHYRjEViOEQrPH3v6cyOdLJFPZOwWQ6cQNYKyDY9TjXmyBw8bGxsZmFKMEDgBVVTk7O6NcLrO9vc3Ozs5cjquqKicnJ22HSMRJKPbzLSXbETngTuiIx+OUy2U2NjZ49uzZQs6rVCpxdHSE2miwsbZKJBKZuI/HKnC0WhrVSqm7rMstDLd2r920Ikdv+Elf22Gh5NyFqnTXDQlnMT2OrrdzctSlvvUut0KxVOXi6pqNjQ2e3yaqHTavWDSFQoH37z/g8TtZ223PIx6TuCHoTfyNSzwOkcOXh92ym5NSLBY5PjrG5ZWJbCyvImXz419jFNPd5eDaBvIjuigtSI52slGXH9npRZScpC4+8t1/+N+RnE5e/r1/yubh76G3VPRmFV2t0dKqGFodQ2+LjwYCoiwjygqSw40guxEkF4IoIwgyequB1mggB3cwcKCLd89/5MVgRogKY4QK88d3fYkDSU1753OVapXrqytq9RqrqzF2d3e7jshJ3Rv3Xu/b9YlEgrOzM1qtFltbW8RiMdP2sGSBA6Z3cQxzcAxuHyZy3Ovn9t7n87AWi3QtNTbmtFotEsks5XK1K27cEywsiBvddkPEjc5y7/3g415sccPGxsbGZhzjBI4Ol5eXpFJtS/f+/v5cQlYAzs7OuL6+RvE6CK+7kIZUH/g5ihyZTIZcLkckEuHFixcLGY81Gg2Ojo4olUqsREKsr61NtP9jFDh0vUWtWrqrGijqGF5txDh72MLsIkfn/l7bEW4Osz67bVsC1GSE2/F8rdbgOpEhHAnz+vVrk+fWdnssQ/Co1+t8//33IOpsPAsiSgLvH5G4AeCvX+DQ67x69cqypX+Qer3Ox48fESWD6JZym/R18TRPf4ORvuou+1ZXcHmnc17NiiC0v7PM5hqS04vk8iA6vAiyG1Fy0KiWqBRSRDdeoOsqulajpVVoNaoYrTpGq9XXh4GAKEmIsgtBdNFsguRSEAQBXTdw+DfB4UUXldvzuX8eAuYiQV9bC055c9FjeLthF6vj8TiJRByn08Xe3i4rK3c5U2YRNzp03ByZTAafz8fW1pZpLqelCxxwX+S498Vmsu5eG4siB9BXMtZM5JAkkZWVMMHAw3yAHjuFYpl0OkerpZuKG503X7+Tw7q4Mep+8HEvtrhhY2NjY2MFqwIHtC3ZFxcXuN1uDg4OCATmkyMjmUxyenqKKAmENxQU7/CJ/FMWOqyGrBjGXRnZYrFIMpnE4/Hw8uXLheTlADg+PiaVShHwedndsf4aP0aBo1op0WrdujUEA8OjYYjG0En+KBdHe/F2PM2osXj/ejORo3PfK3J0tw1tf/88aAF1iZZqcHmTwuly8fXXXz/4Bcnvf/s9pXKRjechXG6J72+mT9y5CLyNG5zNEgcH+4TD4an6aDabfPz4CVWrE9304HAu593fuvxI6/qku+yNhFGC8ynlPX8ERKcXyaEgOhVE2YMkO9vvfb2J3mrQUqvoWgVdrd06N8w+mwKCKFLNVxAkJ7JLAUlGWX2JoITQGe6cGSkSWJxnjXNt3N92373RtxNQr9e4vLyiVquxurrK7u5un4toWnGjl2QyydnZGc1mk42NDdbX+0PWHkzgMPsCHid89N33fBFbETnMw1n6v2w9Xjcr0bBdTvaWekMlnclRrdT77E3moSi9H4Ix4kZPP531ZvcdbIHDxsbGxmYWJhE4AMrlMhcXF9TrdZ4/f35v8DQtlUqF4+NjqtUqoTUFf9jOy9FxctRqNeLxOIIg8OLFi6knZ+O4vLzk4uICj+JmZ2tzbi6dZVKvVdG0enfZUDQM+a5iyjQih5mLo3f9NCJHX/sBN4dZ28FzNAyDm+MCDbXFN9983edGeIjwlKOjI5LJJGt7QTy+9vvm/SMSOBQ1jVvLsL29w/r6ZC6lXo6PjskX8kQ3Pbg8S6qYEv9C6/xDd1kJBPBGJw8nWzaSy48ouxEcbiRZwUAAXWvn22jWaKlVjFYT0If2UUwlada121AVB4H9v4cjuI2BxDBp9d4caEwYiPX7u/3GtjURN3rbJBIJ4vE4TqeT3d1dVldXh56fpec4QCe0NJ1O4/V62d7evisp+1BlYicJVel9PI3IYb7eJOzl9haNhgiHAkjSfGu0PxVaLZ1cvkgmk797g5tYk8xFjNnEjVGPe7HFDRsbGxsbq0wqcEA7NPPLly8Ui0XW19e7cf+zous6Jycn7UFZ0EFkXRlqD/i5iRyqqpJMJucuLA2STCY5OTnBIUtsbW7i8z6d6npqo06jUe0uDyYV7a5fpsjRs3JcyErffiPG+QDJizKlfI3Xr98QNZnsLlPkuLi44PzsnMiGj2C0fVX9MYWmuLQCHjXB+to62xO4kwY5OzsjlUoRWnPj8S9H/DNyNzSPft1ddnm9+FeH51dY+PkwmWNLdHrbIofkuP2x0dGbdXStht7UEEydG20q2Qy1YrsalYBA4NXfR1l/C8aQMzCZ/4y6MDyNsGHpfoy40aFWq3F9fU25XGZlZYVnz56NdHOMW29GKpXi/PwcVVW7bo6FCRxWvnSWJXK01w1bb+7mEASIRkNEwsGJnvdTJ5srkMnkMYyeN9dQp0Z/vg2z9d11trhhY2NjY/NATCNwdLi5uSEej+P3+zk4OJhb+ETHSeBUJCJrCg73Ty8vxyQiRydkxTAMEokE5XKZra0tdnd3F3JuhUKB4+Njms0mm+urhB6tFf6OVlOjWr1LKmo4WhjupmnbUePwWUSO3sezuDnuneNA21yyQjZR5fnz52xtbY19ToskmUzy6dMnAhGFlc12OPv3149H3HDoJXy1GyKRMAcHB1P3c319zdXVNf6ok0BkOUk99XKO1g9/AbfpBBxuheDGGo8vKGw0guxGEDtVXgwMXW3n3DCGOzeqhQLVbLa77N37fXzPfn/yY1uYR00rbJhusyhu9D5OpZJcX98gyzK7u7vEYrG+ueKw52MVTdM4Pz/vhjrOXeCY9MtnGSLH3fKw9eZuDgBREpEl2N7aRJZ/molIdd0gly+Qy5fQW+0P4ijXxv119+O0bHHDxsbGxuaxMIvAAZDL5Tg/P0cURQ4ODqaqxDGs35OTE5pNjfCmB69/eBnEn7LQ0cnJAXTzcnSSj0ajUQ4PDxfy+1+v1zk6OqJcLhNbiRBbXR2/0wOht1pUq8W78aukY3juV0zp5SFFjv425kJHb/+9fZdydZIXJTY2Njg42Lf8nBZBoVDgt7/9LR6/i/W9dsWU768fT1iK2GoQbJzj9Xh48+b11J+TdDrD58+f8QRkwmvLqZhiNGpoP/wl3DqSJFkmuLGBJD+CcrBTcTd3GiVsANRKZcrpVHfZu/EW/8t/OPkRLbg3eh8PChvm20aIHFOIG53ler3O1dUVpVKJaDTK3t4eLpdr7L6TkMlkODs7m4/AMcuXzegv3/mIHL2POyJH/zqTfXqWS+USFxcX/P7f+V1WVyI4HkMd5jmgqhqFYplcvkjn98vMtdFZby5y3I/TWpS4MW6bjY2NjY2NGbMKHNCeDJ+dnVGtVtnZ2WF7ez6CQ71e5+TkhGKxSGDFRXBl+JXTn7rI0aETstJJPur1ejk8PFxY8tGjoyPS6TThoJ+tzcczee2lWi7S0ttuDUMw4Dap6Dgsh6oMrJxJ5OhZOXr83tP89hj1SpOrkyzhcJiv3n1lev7GCMv/PGk0VH7zm+/QabH5LIDkEPntIxI3BKNFoH6BWzJ4/fo17ilLqRaLRT5+/IjbIxPdWsxn7B66gfrhL6B862AQBEKbmzhcj6cc7KJQq1UK8Xh32b3ynNBXfzpxP6PEjd7l/jnW8O2WXBs9nVidxw0up1Iprq+uECWJvb091nqqWg1zdUxCs9mcXuCYp4K6CJGjs26YyDF6e3+fzVaTDx8+sLOzQywWQ1Fc+LwevJ7l1YSeJ6VShUKpTKVcu/+mHiJqmC+bixtmKp8tbtjY2NjYPBTzEDigPS64uLggk8kQjUY5ODiYW1WHz58/E4/HUXwOIutuRNn8N+/nJnJUq1Xi8TiSJHF4eEgwuJjQ4fPzc66urvB6FPZ2truV4R4D9VoFTWt0lw2PhiGNvkLcyzxEDjB3W/Q/NtnPgtDRadbUWtx8LiKJDr755mucDqe5wLEkF8dvv/8thUKBzf0Qbo/8qMQNAH/tAode5fWr1/j9/qn6qN2Wg0VosbKtIErLGWtrn/4GI3vTXQ6ureEwKfe5HAyWFRLT0jTyN9cYt455hy9G5Hf+RTt/xwSMC+24LzIMbzPW9THCtTH+uObLtVqNq6sryqUS4UiEvb09UwF72rmf9Of/6t/8ymrjRX2hWD15K7FECHca0/h/9P1/rBmiKJJKp3C73QQCAZrNFpVKjVKpgqppiIL46MNXqtU6mWyeeCJDoVhGU9tXAYYJHONEjtumlt0bpsdiuv+9jY2NjY3NpMxrCBMMBpEkiUQ8TjaXw+v19iVNm5ZQKITD4SCVSFMrN5FdIrLj/m/feqBIojif0rXLJl4MsBYoDt0uCB0xykATymhCGUUO4fV620LHzQ0Oh6Ovmsa8CAaDOBwOkskkhWIRj6Ig91jlHyb7A6hqHbVR6y7rriaGfD+p6ChGvvctCAjjHBy93VgVN8xInJdo1Ju8ffsWj3JbDWHIRG7R48JPR0dkMhnWdgPdZJvJ0nQiwiLw1G9w6WX29/cJhabLH6MbOkdHn9DUdjlY2bkcUa/55XuM1J3Y6YtGcfl8Szm2KYawFH1Db+mUEnH0ZvvzKzo9RL75p4jOyb7PzEQDc6d9782KK39gO/fncoPHn0bcAHA4HEQiESRZJpVMkkwmkWUZ34j3wSSf+ZEOjmXHuVnJxzG4fM/JcZukZtDFYf7YPFzFrO3R0SdcLjcvXhyYHlcSRdxuJ4rixu1yPrjgoTWbVKt1KpUa1VqdVqv9YRIYIjaMe5P3LTOybe9xJhE3hr1xbXHDxsbGxmYW5uXg6KVYLHJxcYGmquwfHBCLzSfrf6lU4uTkhHqtRnBdwR8afmXvuyfq5vjFBMlHoe3mMAyDeDxOtVJha3ubnZ2dhZxboVDg6OiIVqvJ1uYGwdsr48u7xnuHpqnUa+Xu8qikouNYpsjRt36ME7vzOHlZppSr8/r1K1ZX+nOhWHV6z4uLywu+fPlCdM1LMNYWWr6/ejzuDbeWRlEzbG9vs7kxfbLTo+Pjdp6bLQW3dznh9/rVMa2LH7rLnlAIT/jhysEu83NdiMfRau18I4IgEPnmX+AIb1nef9x8aJhrY3DbMMNA3/oxwsaoPq0s96KqKldXVxQKBcLh8FA3xyAjXf/DBI5lixvjjjv4RTjS6jYkVMX88f0+zR6fnZ2haSrv3r0zD48ZOEdZlnDIMtVKmdXYysJLkNXrDeoNlXq9QbVWR9PufgBHiRqD68c/tsUNGxsbG5unxSIEDmjH+p6dnVEqFlnf2ODZs2dz6/fk5IRcNosn5CSyPjwk9uckcgCk02kK+TzRlRUODw8Xcm61Wo2joyOqlQqrK1FWohEEUVyqwKHrLaqVyZKKjmNRIsfg8iRCB0AuUSGTqPDs2XPz3DZLFDiSqRQfP/6IP6ywut2+mvzbRyRuuFoFvPU4a2sx9nb3pu7n/PyceCJBaE3BG1ySuJG6pHX8bXfZ5fc9aDnYZVJKJWmU7sTK8Fd/hGt18u+v0aH8o9tacV4MEzlmETNGn/PdtnQ6zdXVFYZhsLu7y6aFfEhD549mAsdDiRu9x7cSczepyDHY9yRCx/X1Nblclt/5nd8Z2o/Z429//S2RaJS1tRhOpwOX04HD4cAhy8gOCUmSkCUJSRIRBBFR7P9HtTOL67RaOs1Wi1arRVNroTWbaJpGQ9VQVc38DcmQN+2AMDF4b0XYMGvbd2xb3LCxsbGxeSQsSuDocHV1RSqZJBAMcnBw0M0MPyuXl5dcXlzg9MhE1tzILnML+VMVOWC80DFYRhbaLot0KoXX5+Pw8BC3e/450dru3SOymQx+n5do2I8sO5AkGUl2LHyMUi2XaOltQcMQDVCsJRUdxzxFjsHt98fp5ut7j1PM10mcFVlfX+fly5cjx/pWz3laiqUS3333HYrXwcbzdq6Xx5R3Q26VCdQvCYfDHL6YXty7vrnh8vICf9S1tHKwRiFN84f/r7vsVDwENtaXcuyHppLNUMsXusv+w7+Pd/uXU/U16mvHyvxqImHD5ICD+8xL3OigqiqXl5cUCgVCoRB7e3t4xuRmMX2evQLHYxA2zB4PazNqHzOhw1zYGFxn7szIZNqq0jff/AKn0zHSvdH7+Pvv3+N0Otjd2R2a9dnq6z5UCBgnaLQX+tZZEituw1EstRsibIw8p1HPyRY3bGxsbGzmxKIFDoBsNsvF+Tmyw8HBwcHUcfGDZDIZTk5OMNCJbHpQvOYhsD8HkQPuJx+VZZnDw0MCgcXkJTk/P+f66gq34mI17O+OTyRJRpIcOF0uBGG+uQvuJxVVMaT5vYFnFTnAuptjsMvebfWKxtVJjmAwxDfffGPp4qbVbZOiaSq/+e43aK0Gm/shZIfIb6+thw8sGrFVJ1i/wOtx8+bNa0RxulD4bCbDyekJnoBjeeVgayW0D38Bt+9p2ekiuLGBKD2eRL6LolYoUM5kusu+3d/Df/AHM/U5qWhg2ckx6FGb0LUxq7jRSzqd5vr6mlarxe7uLltb4z+Lfc+lI3AsU9yweqxFiBy96ycROorFIl++fObN6zd4fd6R7pHebUefjmioKi8ODsY+r0kZ+ya24KKYVdiA4a6NUY+Hnf+o9TY2NjY2NtOwDIED2pPui4sLatUqOxYHZVao1WocHx9TKZfxjykl+1SFjmlCVhqNBslkErXRmGselEHi8ThfPn/G6ZSJhvw4HHeWflGUcCteJGk+Nn+1UaPRk1TUcDcxHJMlFbXC2M/DjG4O8+W7xy1N5+o0h4jML37xC5zO++/pZebe+P7735LL5dg8CKF4HPzmEYkbGC1CtQtcUos3b95M7Vgql8t8+PABt0dmZXs55WCNZpPmh/+EUWk7GERJIrS5ieSYPTHzY6deLlFKJrvLno03BN/8k5n7HTdPmljkGCFsjNvXyvEmET566eTmyOfzBINB9vb2xiaY7grQf/bn//pXlo4yI9N8EY2aAE8URzQwER/lYrh/39kX0pkMwWAARVFG/jN7z69SqVAqlVhdXb3XbhZGvpna8ST32ll5vr0hKVb3gfsix7BjDzt3K9tsbGxsbGymZRkCRyczvKqpxOMJGo06oVB45n5lWSYWi6GpKtlUkWZDbycFNPnNXAsUiT+iag9WiRcDrPlLI9sIgtD9P6qUcUtBfD4fqqaRSCQAFuLk8Pl8eH0+0pks5Uodp0NGvr36bBg6mtpAEETEGUsGa1qDer3aXTacLQzn/MWNuwOM/lCMc24MazdK2Ohsj38pUK82effuKzwe773tk5zTrBwfH5NKpYjtBPD6nY9L3AAC9UskvcbLly+nriCkqg0+fTpClCG6qdwLiV8UzY9/jVG6czAEN9aRXctxjpixrGmGVq9RjMe7y67wHuGv/2Sqvjrzs2EuCbPt49YB/VVS2g3uzeMmDUkZtq7DJOW3JUkiHA7jdDrJZDLE43EEQbD0Hb/wrDKzfhG1f8zM++jd1nkxDcPoPtZ16zXCx51D24IoUK83EAWxexwD49559D52uVx3y6LY/ZbvPd9Jz2VgxdDtk4obvd0tQtgwPX+L22xsbGxsbJ4CgiCwu7uHy+Xm5uaGarXG/v7+XEqbPt/fx60o7cTnqk54zY1TuT+p/sXWFd9dPa5JmhW+u9riF1tXI9uIotB1clSFBB5xjfX1dTKZNJeXlzQadQ4OXsz93MKhEF+9e8vR8QnJTIGVlQhel4xhtMea9XoFXddxuae7Mq7rrX5xQ2phuBYobsBYa5PZGFxAuCdyDLYbHON2hnedJunrMrWKxqtXrwgGg3199Y7jB9f39j0vrq4uubm5IbrmIxBuT7zvXdF+QLxqHIde4/n+/r3XyiqGYXBycoqmqcR2vciOJZWDPf1bKCS7/zP/agynstiiC1ZY9HSjpWmUUqnu85Z9K0S+/uOFzHOGfS7M1g/7bE3q2Jhk3eD2aT7H0WiUYDDI5eUlFxcX5PN5nj17NrqkbCZXmbsUugh11WpYyshtA6EqvdvH38MPHz4QDAV5/uy5eYjKQAgMQC6X4+jomJcvD3HdKpaLClEZtjx4b75t9D6mfdjiho2NjY3NE2DMPG5hFAoFLi4u0HWd58+f97k5Z+339PSURqNBeF3BGxxRSvYJCh3AWKGjP1ylHZpSLBZIpdIEAoG5JnvtP26L4+NjstkcwWCAaNBPs3mXL0OWnbgV78Tjmmq5SEu/rYAnGhieJoawpDftFE4OsObmGFyXT9VJXxfZ23vG3t7eRPvOm3Q6zYcPH/CHXazttK8K/+YRfV4ULYOiJtvlYDenP6/2+zVDZMuDZ0nlYFuXH2ld/Nhd9kSjeIPzyUv0mNF1neLNNVqj/Z0gOTxEfvnfIvujCz/2qMiHe+vMRDyTdmaOi2nFjWm2DZLNZrm+vkbTNHZ2dsyrLgHSn/+rf/Mry72OYNmiRi+jJtJ9dppb60078GRUeIb5faFYBAxWVlZM29x7fDugSqdT+H1+XG73WAuRlZsoiiPXDXs8uE4Uhc5LMvaYfc+1Y2nq7Dz4Oo/5n4z7/9nY2NjY2MyTh/qZcbvdhEIhqtUqiUQCXdenvgo72G80GqVer5FLlzEMox2yYsJ6oESitJgEnIskUQqwHhgestK+Gth+3BQqOAwvLpcbl8tFNpslm83i8/nmLnIIgkg0ukKz2SSTyYAo4fV40W/FCV1v0WxqSJJs2Y5dq1Zote5KwOpKE+ZQMcUyPeM58833relgPkkya9tZVy6oJC/aFVNevHgxtN0k4+RpqVQqvH//HrfXwfpeAEEQHpW44Wzm8aoJYrE1dnZ2p+7n4uKcVCpJMKbgCwwXQudJK/6Z1tn77rI7GMQXjizl2GYMdS4sgFIygVq7y6ET+fqf4QjNr1qMlc/CqM/IvbCU9g6mLo5JL6SPOmerjGurKArRaJRms0k8Hiefz+PxeO59z8/s4JiXsDFr4tFh28a5OcDceWHm5Dg/v6BarfLNN9/c72PIY62p8e2337K5uUk0umI5ceogVlW5YSJD/+P77S25PYaUDRolbIw693HbbGxsbGxs5oHwQA6OXq6vrkimUoTDIfb3D3A45jPZOD8/5/r6GrdXJrzmRhpiP/85ODmg7eZoNBokEgk0TePg4GBuzplBbm5uODs7w+PxsLYapaXVerYKuGgC/woAACAASURBVN0eHCbJM3tp1Guoam9SUQ3D8YBv1jm6OXrbN2pNLo9yBINBvvnmFxP1PWmbcbSaTf72u+9Q1Rqbz0PIbulRiRtyq0Kwfk4wGOLVq1dT9xOPxzk/P8MfcREYkZh4nhi5OM0f/nN32eX3Eoj9PMrBllJJ6sU7UTb01X+DsvZmYcezMocaGm5lcV456jhW2k47z7OyXz6f5/LyEk3T2N7eZmdnp7ttagfHPL5g5pl4tLNt2As7Ttywcl61Wp1CoTBRVnRJlIgnErhcTnw+/3AVfEKFehJl7f7j4dvHrrNYG9ls2ew52NjY2NjYLIOHFjj8/nb1jUQiSTabRVGUubgLgsEgLpeLVDJDpaDicIs4TESOdX+RePEpJh/1s+4vDt3eufjYGbs1hQouMYDf56OhqiQSCQQB/P7FJB/1eDykUilK5QqBQBCMu7wZzaaGYRhDK6w0NZVGoyfvhmPBSUUtYkloGCNo9KK3DG4+F5FEmXdv3yH3iHvLTigK8MMPP1AoFNh4HsTpkR+VuCHqKoH6JR7FzauXLydKythLNpvl8+dTPH4HoWWVgy3naP7413Cbl0Z2KwTX1x9svG8Yy3PvVXIZavm77yn/iz/Eu2Uu5C2SkfPkAfd97z6j5puTHqfDtO9dq8dxu92srLTddIlEglwu1/1dnVjgmPXLZh5fVoNP1krMXt8+AxP23nAVMydD57GmqRSLJVZWosiy465P4TbsZYitLpvLoesG4XB4Kvtd780s5MRs/f127afdDksZH4pyb51Zpt2e19YWN2xsbGxsHiuP5SfH4/Hg9/spFovE43FkScLnn1108Hq9hMNhyqUyhXQVQRJwmSQfXQ+UWA+UiD+xkJX4mHAVMAlZEfz4/X50XSeZTKGqKuHw7BVtBlEUhXA4TKFQIJXOEAiGkCSxm3xUbzVptlr940ZAb7Wo18rdZUPWMdzNuZ/fNMxyZdhsTJg4L1GraHz11bt7QtNIO/0EF/6scnp6QiKRYHXbjzfoelTiBoZOoHGFQ2jy+vUrnFMKoJVKhaNPn3AoEpFN88qP88bQ6rR+/CtQ6wCIDpng+vrMlYVmYVnf+7VCgUom21327PwOgYM/WNjxJrog3vNn0tHY/odts3J+g+tmYZTQEgwGURSFfD5PPB5vhyRNEqIyrTixKLfHNFa2e/uMqOk9GHZSLlc4OTnm1avX3RI1VkJgjo6PqNXqvHz5cuw5jxRmTBj+DzdvM/HjGWsjT3LONjY2NjY2i0B4BCEqvei6ztnZGYVCgbW1NZ4/fz63fj9//kwqlcIbdBBeU4YO8v/2MU3sLPLLMeEqcBeyYhgGirEGtK3MmUyGYDDIwcEBTqdz7ufWbDY5OTkhl8uxvr6GT3Gi3U72AERRwuX2tN0chkG1Wu7m7TBEA0PRYFlJRSdgFjcHQOqyTD5d5eXLl2xsbEzc/zxdHFdXV5ycHBNa9RDd8D0ucQMI1K+Qm0VevXpFKDRdQk5NVfnwww80WyqrO56hIWvzRvv+P0Ex1V4QBMKbm8juhykHu0znRqNcoZi4Kwfrjr2cuhzsrAwNR+lrNF3aADNX/6R9TNJmmv10Xefq6op0Om3NwTHNl8ssX0hW97WqIo3cp2Nt6CwOODp6z0cQRJLJFH6fb3y5t54+K5UqxWKBWGzN8nOyqlCbq2vD24wSJEa2GyN0DDuXSbbb2NjY2NgsisckcAiCQCgUQhAE4vE4hUIBn8+HLM9W4UAQBMLhMKIokkpkaVRbONwiknT/93fdXyTxxEJW4kU/8aKftTEhKwYGCG0nR1Oo4HdFcTqdZDKZbvLReYscoij2Jb9DkAgG/GiaCoBh6DS1BoIgoqr1u6SigoDuVh+luNFhlIDR127gQ5ZP18kmKuzu7rKzs7NQMWPcvtlslh9//BFfyMXqVvt9/5je/141ibOZY2/vGdHo9BU3Pn76RK1aIbrlQXYtR9xoffobjNzdJD8QW8PhecBysAJYfMvORLNeJx+/6R7LEdoi8ot/vpBjmc3LBv9G7GwamtLb9yiHhFXHxjTzvHnu03FzeDye0Q6OSb9oHovDY6JEniMcHGb7fPfdd2xsbLC9ff+LethyMpng7OyMr776GlEU5jbIGvaeGOeqsCp4wHyEDattbGxsbGxsFsFjc3D0UijkOT+/QBAE9vefE4nMp5xgPpfj5PSUZlMjvOHB6zcXT36yyUcH/uHt5KNqN/noixcHRKMrCzm3TvJRr9fL1kaMRk8oyiCGu4khP3zeDStMInSUiyrxzwVWV1d5+/btve1W+5kHtVqVb7/9WyQnbO6HEMXHVTHFrWXxNBJsbm72JUqclNPTE1KpNNEtD4pvSeVgz75HvzruLnujK3hCs1eKmp7lqBstTSN/c42utV1Yki/Cyi//O0TXAwo7WHRxwL1UA/c3W5+3zSscZdL9RrU3lfYMw1i4uNE5xiyiyGAf4/ozfSFGODg6+/SqUi6XG1VVTbcNi4dyudyAgKqqtPNj3OXEmPY2LpfGqHPrXTbbZvY6DFP+bHHDxsbGxsZmeoLBEC9fvsTlcvHp0xFXV+PDMKwQCod59+4dgUCQ7HWVQrph2u4XW1djxYLHyDhhRhwYe1SFdsL3ra1NFEXh6OiY6+vrhZzbxsYGL18eUqvV+Hx2iej0Ior3J5yGs/VkxA2wPnnSGjrpizKBgJ/Xr1/f78fiFV8r49tx6LrOjz9+xNBbrG0HHp244WwV8TQSrKxEZxI3Li4uSKXShGLK0sQN/fqkT9xQQqEHFjdgGeKGrhsUk8muuCHILsJv/mgp4oaZc8OSiwOGOjnM5uRW5ujDPofTzvGn1RLMuBeissiTWfQTnTbxySRVVQqFIs1mc+KSY4lEAr/fh3tO8WhW4qRGrbOq1g39sNjCho2NjY3NE+KxOjgAJEkiEonchjfcUK3WCAQCM2ehl2WZlZUVWq0WmVSeRq2FyysjmHS7Fnh6VVbiRT9rAWsVVgzDQKOMUwjg9/tpNpukUklUVZs638EoFEUhFAqRz+dJp1P4AiGcDkc3NKWdVFSb+3GXxVC3tG5w86WIoQt8/dVX3VCgZbs2Ovz444/kclnWnwVxex2PStyQWnUC9Uv8fh8vX76cetycSCS4uLjAH3ESiC6nHKyeuaJ18m132eX3419QOebHRjGZQKvelXaOfP1PcYa3H/CM+unO3Qavjo/aZwLR0Go+jmH7zbutWfu+n7hJxQqrST4nUXHm4ewY7Mfs1rND3/5mCli/g8NJo9EY697oXed2uRAEgWazOdbtMa0rY5LzMRM7zEJTTMUNCx+STp82NjY2NjY21tne3mZra5tsNsP79+8pl0ZXDrHK3t4ez5/v06g2SZ5VqFfNXQO/2H6CTo7L8RPWXtdrTUwAEIvFiESiJJMJfvzxRzRt/mKD1+vl3bt3BIMhLi8vqNQ13IoPSXIQDj2eCdE0DJsQJS/L1Ksar1+/RunJwzCra2Mavnz+TCqVJLrpx+N3PipxQzBa+BrXuJwODg72p36O+XyeL1++4PE7CK4uJ6mnXszQ+vRfussOj4dALLaUY5uxTO26lEqhlivd5eDrf4xr5fkSz8AcUxeHYYy+TXOcnvfpIuf4k2oB94p0ZHIVYxEujEUqtQtxjYxo1+vqSCZTXF9f87u/+7tIQ0ofmR3z229/TSAQZGtr09r5TMCwL8WJXR7jEtTMcC42NjY2NjYPhfCIc3CYUS6XOT8/R9NUnj/fJzanyUO5VOL082dqtSrBmII/7DBtZ0U0eGxYEWc6FVagPVbzGOuUSiWSyQRut8KLFy/GJ5Gfks+fP5NMJgiHI2xtbiDJ7dc+Uz9dyPGWjWEYZK4r5FJVXrx4wdaWtffQvB0bHW5ubvj06RPhmIfohvdRiRsA/to5jlaVt2/f3Cuda5Varcr79x+QHLC667E6VJ8Jo15tV0xRqwBIDiehrc2hc6KFn49hLG3uUclmqeRy3eXA/h/ge/Z3l3LsuTHFazWNyDipG2Re7TptpT/783/9KyuN5ylYLNOmNvSfMsxaN0IHNAwDVVUpFPKsrERxOBx920aRzWRo6fpCarDD+H/8pGJHd9sUyWpsbGxsbGweG09J4HA6nUQjEWr1OvF4nGazSTA4e2y70+lkZWWFer1OLl2ipem4TeL11wLFJxey0q2wMiZkpXe8pgllvI4IiuKhWCyQTCZxu90oijL382tXzRFJJBJUKlUCAT+iKKLIYarN3PgOHjmFTJ1MvMLW1hZ7e3tT9zOPsX8+n+fDh/d4gy5Wt/2PTtzw1q9xNkscHBwQCk03L2g2m3z8+AmtqbKy5UE0qZQ0d3Qd7ce/hOrtZ0wUCW9sIM1Y/ekpUCuWqGTS3WXP9i/wv/jDBzwjawiCaDlMxXz/6eaPk7abt9BhKbhzHlYSK7aUoWEkFs/RckjKqESkIxK1CIJw+6MnUK837m0bZaVzKwrabZLRRdzMztXq9kleA5OObHHDxsbGxsZmzoiSxPPnz4nFYsTjcT58+EC9Xp+5X0mSODw8ZHt7m0pBI3VepdnQTdv+FENWRLF/zFITE7jdbjY3t3C5nBwdHXFzc7OQc9vc3OTFixdUq1WOjo6oVttXwaPu/YUcb1lUyyqpyxLRaJQXL17MdEV91vCUer3GDz/8gNPtILY9nTNikShqGlezwPb2Nisr01fxOTk5plqtEt30IDuXUw62+em/QCnbXQ6urSPNudzyY0Sr1Cinkt1l58oBwVf/8AHPyBzTpKPjwlRMwlasfvasztsnaTMOq/rASAfHPA40z5rXc7GxTWJxuZ3g9x5XFEWSyQQ+nw+fz2f53Gq1KoViYW420+45PoB61m1v1d1hY2NjY2Pz0DwhB0cvfp8Pp9NJOp0mnU6jKMpcEpb7/X4URSGbyVPON5AcEg7n/d/1tUCRROnpODkAEkU/a/7JnByu2+SjmqaSTKbQtEUmHw2Sy+VJJBI4nU4UtxuPHMbzBN0cWqPF9WkBj8fLV199ZTqWXFQYitlx3r9/T6NeY+N5ENkpPSr3hlPL41UTrMVi7O7uTt3Pl8+fyWSyRDaWVzGl+fk7jNRFd9m3GsPtW0w412Oi1WiQi990J/+OwCbRX/7ztjPiATEVM2budPpogEnbzrp9XJuh/x0rwsS0SoxVl8Ysjo7bDkYmVTEs/EG/kiWKIqIooaqTOTgcDie6rtNsthbq3LB6PmbtrDK3D5KNjY2NjY3NWCLhMIeHhzgcDj5+/Di38qaRSIR3b9/i9XrJXlcpplXTdt9sXfHNEyslO25iO+jkqApxAGKxNSLhMIlEgk8fP9JsNud+bl6vjzdv3hAMBjg/PyeeSHS3rTwlN4cByYsyGAKvX78amodh1mShVvn48SPFYoHYbgCnIj8qcUNulfE1bgiFgjx7Pn1SyqurKxLJJMFVF56AeQ6dedO6/IRx87m77IlEUAJPS/SchlarST6ZAL3tcJOUAJGv/xjBpOTzsrEyh7Uyx50kfGWSefm4dvNwdIzabipwzNLhLE+mt81EyUHHCBnDmEb1EgQBl8vVraQyql3vTVEUBEGYa5buRQof9/abp0JoY2NjY2NjMxGK283hixdEwmEuLi44Pj5G181DSybBrSi8ffuOWCxGMdMgc11Hb5mPoX6KIkdH6BCEdoWVmpggHIkQi8XI5fP88MMP1GrVuZ+b0+nk9es3rK6uEo/Hubi87G57KiJH4rJEraLy5s0bvF7f+B1YnNjx5csXkskE0U0/3qDrUYkboq7ib8TxeDwcHLyYup9MJsPl5SXekBN/ZEnlYBNn6OcfustufxDvgvIJPjZKySS6ejtvEyXCb/8E0f30hZ2++dyUc+j2rpOJHZNu62wf17cZfSEqswob8zwxk4bW2o3rZoxH1cr5FIslVFU1DTcZvr9BPB7H5/UuJHnVMGb9AVm02m5jY2NjY7NoBJ5shEo/AgSDQUSxnawyl8vh83n7kp5PSygUQpIk0sks9XILh0tCku9fB1vzl0gUH19ug2EkigHW/KPL7QqC0DfM1IQKXkcYt9tNqVQikUjOLTRokE7y+Xg8TqVSIRAMIIhCO1xFy8/9ePMiGy9TSNc4OHjB2traXPqcNpQlHo9zenpKIOomsvbYKqYYBOqXONB49eolTud0wkS5XObjxx9xeWQiG8uZRxiFJM2Pf91ddvq8D1oOVlhiNaxiMo5avhM2w1//Kc7IznIOPmcEYY6hLHNKjTBs+yxJTXu3d3+55u3KmDlEZRolyaodZwRWVGWXy0mj0TDdNsxN0flCUzVz++c8mDUxk1lfNjY2NjY2No+LWGyV/f19NE3j++/fk06nx+9kgfX1dd6+fYskOkieV6gUzMMznqKTY/KQlQSKorCxsYHT6eTTp0/E4/GFnN/W1hYHBweUSiWOjo6pVmsArCjPWVGmD2dYFMVsnVyyytbWluVysFaYZhxbKBT49OkTHr+T1a3HVzHFX79G1tulcxXFM1Ufqtrg+PgY2SERXZa4UcnT+vTr7rLscj2ouAHLEzfK6RSNUqW7HHj1D3CvHizn4DMwytU/jzlyuyNr8/NpQ1Tm5faQ/uzP//Wv5unMmNpmMoGIMU+mSaTaKRUbi60iitbqPguCQDqVRpJkgkHzKx/DzmVZQoMtaNjY2NjY/CRZ4pW/ZeFyOQmFwtRqNRKJOIauEwjM7qzoLVGbTxdptQzcXpNSsv4ia/4iiSdUStZK8tHuG8Uw0CjjEtvJRwHi8RtarfmU7B3E4/EQDAbJZDKkkkmcTlfXMeKRQ1S1x5F8tF7RiH8pEIlEePXq9YOeS6NR5/3794gSrD8L8f3N9oOezyDeRhJXK8/e3rOZKqZ8/PiJeq3KyrYHaQkVU4ymSuvjf8aotx0MoiwT3NhAlB4m94QBSwuQrxZyVHN3zinfs9/H9+zvLOno82PeczrLzo8pHRiTOjrG9SXOS9yYSnGxogBNoS6NKxk7aZ6PQRXM4WiXRFLVyfJpOG9zd1g5zrISMi3rODY2NjY2NjbzxeGQOTjYZ3V1leubaz5+/Ig2B6eo7HDw8uVLNjc2qeRV0hdVWqp5vo+n6OYYhdCTk0MQBOpikrqYZHd3h7W1NeLxOEdHR+h6a+7n5vP5ePv2DT6/n/PzM1LJVHfbY3ByNBstkudFPB4Pr1+9eujT4ePHTzQaDdZ2A4jy4xrHurUc7maGzY3NmUJ4Tk6OKZdLhDc9ONzWLqrOSuvT32BU7sK6ArEY0hzC4KbBMJYnbtRLJSrpuzK4yuY7/Ad/sKSjz5d5z4Utz8dHzO2ndXQMaz/8FIzhZWLncZChBx8jaFhhkSWnxvctkE6nCQQCE+XTKBaLVKuVmVTcWbGFDBsbGxubnyM/NQdHL36/H1mWSSaTZDNZFI8Hl2v2JISBQAC3200mnaVSVJFdIg6HWV6On56To3csKIoCVS3HamgbWZbb+U/yBQKB9us+TyRJYmVlhUajQSIRp9lsdR0kHjlE7QGdHDdnRbSGzldffbWQfCST8OnTJ9LpNLHdAB6fg99cbyE8ks+4o1XE17gmEony7Nmzqfu5vLwgkUgQjCl4A0sqB3vya/TMXZUmfyyG0/PTLwerVWsUEnchaO7oc0Jf/fEDnpF1Fjm3s9r3SIfHnNwZZuuHtb33KzWJgjJx/MwwRWeMIjS12jSBejVJ305nW8VsNOoTuS3cbtfEro9ZWaYbxMbGxsbGxuZhiEajHB6+RBBFfvzxB+I3N3Pr9927d7hdHjKXVYpZcyfqT83JMZiTAyBT+0w0GmV//wBVbfD+wwfyhcJCzm9/f5/t7W3S6RSnp59ptdoOmqjynOgDuDlSlyVqZZVXr17h81mrmLIoLi7OicfjRNc9+HsqphjC3e2hkFp1/I0bvF4fBwfT521IJBJcX1/jCzvxh5ZUDvbiR/TkRXfZG43i9j0d4XJamppKIXlXqtnhixH66k8e8IwmY1Hz3WF9m7YbNZef0NExDy3CUhWVSQ4ypAPz1SPcGpO88PPEan+ZTAZZdhAKhSz3qzYaZHM5wuEIkjTfGDpbvLCxsbGxsRnOT9nB0cHhkAmHI9TrDRLJJKqqWh6njEKWHayurtJoqOTSJZpqC7dHvucdf2p5Oaw4OQaHV1UtR8gbIxAIUimXid/c4HTIeLzzv8rt9/txOp0kEgmKxQIej7frGFGWmJcjn6ySTVXZ33/O+vrGUo45jFQyydHRMcGIQnTjrmLKvY/3Q3zejRYB9RKXLPDy5cup3T35fJ6TkxMUn0x4bTlOGf3mM82ecrCeYBDPz6AcbKvVohhP0Gq2L0BLLg+Rr/8Zomu6hLAPxdxzbsyhWspQV8eMDg0rDo+xVVQG15spJZM4NoYpPJbUoQnVp0WpWQBOh5N6vW65vSAIuNxuBEFAVdWh+TamvdnY2NjY2NjYiKLAs2d7bGxskEql+PD+PfV6beZ+BUFgf3+f3d0dqqUmqcsqWuPp5+WwUmFlkEztM4rbyeHhAaFQkM9fzri8vBi/4xSsrq7y5s0bdF3n+PiYQv7OMbIMJ0cx3yAdr7CxscH29sOWySyVSvz48WO7Ysq2r+//Jhg8eIiKv3GF2GpwcPACl2s6YaJWq3F6eopLkZZWDlbP3tD88tvustvnxRuNLuXY5ixvXlNOpmiqd6600Ns/RvI+PWFn3nNey86NEW2GujomcHQMWzfsXDqMrKJipcOhwsbgqhHhJ8OwIjgsMhfHKErlcjux0USJgwzi8Tg+n3ei3B02NjY2NjY2s/FzcHD04vV6UBSFdCZDMpnC6XTOZezh8/nw+XzksgUKmRqSQ8DhGpKXo/Q0nBwAidJoN8cgFS1HVcuzufoMXW+P72q1GpEFXPV2Op2EwyHK5TKJZBJJkvF42v/LRTo56rUm8c95wuEwr1+/WcgxrKJpKu/fvwdabOwF+G18eMWUhwhR8TXiOJolDvb3p3ZNtVpNPn36SLOlEt1UEKXFPxGjkkP74a/AaIuVTkUhsPaALh2BpblvSukkjXK5uxz+6o9wRZ8t5+AWeaiL2FaOO1VVFDPxakrnxignh2kVFStqiamaM8KxYbbvqGOP22bVcTFtXNK4m8vlajs4JnF9OF23Do7l5uGwsbGxsbGx+fkRCAQ4PDzE7XZxcnLC1dV8nBXBYJC3b98QDATIxesUUkPycmw+HScHwG+uJ3NyAKSqn9ncXGd7e4tsNsv7D+8ncvhaxeVy8+bNW6LRKFdXV1xd3SWCXISTo6npJM9LuN0KL1++nHv/k/Lx40dqtSqru34kk0S3D4miZnBqeba3t4jOUEjg5OSUarVGeENBXsZz1Gpon34NtxWBJIcTXyy2+OOOYkniRiWbpV7sqRRz+F/jjj38+3yQRc1jpznuqDZWt1l1dEytRdyul/7XP/vffjVq52EdmjS69wTG9TPt+mnbzRNNUykUiqysriDLsuVzyGQyCAILqaFuY2NjY2NjY87PzcHRQZIkIpEITa1JIpmgWq0SDAYQhNkmUJIkEV1ZQdd1suk8aq2FU5EY7LaTlyP5RNwciZKfmAUnR+/bqaLliAY28Xg8ZDJZ0uk0njlVshkkfOsQSSTajhG/P4AgCChyaK5ujsRZkXqtybt3/z97dx4vWVXeC/+3ds11hj490M08C0oQFAfEAeMlIkokmhhR1FzF3MCNJkGFGHk1mhiHEPQayfVGTSCCGrkBDWqixOuEIgoqgoCCDdjQDD1y+tS4a++91vvHntbaQw1nrtO/L5/mVO1h7VW7quGsp571rN9Avb6y9Qju37oVO3ftwgGHTmFiqoyfDxGIWq7pKmV3HyZ6O3DAAZtx2GHzn8Kzbds27NmzG+sPrKE2sQzLwSoF55e3QbX9KU9CCKw78MAVWw52OXX2zaH1RLwc7MRhp2DyyGevYI9iq6HswELrb4y0Ckoyo2OemRvJbcb/huY17yUna2NQO/3aH2WuzyhBkMX8Uy6VASh0u/ZIAZZyucQMDiIiIlpWhxx6CA455FA88cQTuOeeX6DRaAw+aQiHHXYYjjrqKHTbLnY93Ea37WUe99QxyuYYagCt/QH8uhxTU1M49thjUSqVcO+9v8SuXTuXpH+HHHIIjjzySMzNzeH+++9HpxNnjCxGNseuR5poNx0cf/xxmJ6eXnB7C/HII4/g0ccew4YtdUyvrwz13iyXgtfCpP0Y1q1bt6DlYB977DHs3LkDUxsqqE8t03KwW38K1dgTPZ/evAXFJQjIrTa9ZhvNPbuj5/UtT8b0sc9fwR6ZlipjY6Fj5kHHZW3PO97YNmQ2x8B2Es9zi4wO1dkh0k6GCWAMm+LS741ZjDd0FKVyGYC/VOwoKpUqer3eoveHiIiIqJ+NGzfgmKOPgZQSv/zlL7BTWxpxITZtOgAnnPAbKJeq2PNIG81ZN/O4cQtyjDqY3tN5EJVKGcceeyymp6fx61//Gtu3b1+S/h1wwGYcf/yT4bou7t+6FXNzcdbJQoIcs7s7mNvbxRFHHIHNm0epM7f49uzZjQceeABT66tYv7k+9PuxHNkbwuthqvs4arU6jj766Hm3s3fPHmzf/jDq02VMbywvYg/zudvuhtwTT3Ga2rgJ5YnxWjVkPpxu11gOtrL+MKw74cwV7NHym+94edBxo4zvs4IcmYGOjPb7tqM9L1zy5+963ygnZF007Fzfc4Zpd8D2Yffnnzev0zJZloWdO3egWq1h3QjR7Xang9nZJ4L/aax8GhIREdH+YAm+6xhLpXIZ69evh23b2LFjBxzHxcwiTJstl0rYuGkjbNvGE7vn4LoK1Yn0t9GbpxpjV3x081T/bBf9o9V2ZtFxZ3HQpqMgPQ87djyObre7JMVHK5UKZmZm0Gg2sTMqPuoPVGvF9Wg7syO11+u6eHzbHLZs2YxjFjBoXwzNVgt33303yrUCDjxiGj9/9OAV7Y9JYcp+BGXh+DVu5pn50Gg2cd99iIwelwAAIABJREFU96JSLy7biineo/dDbr83el5fP4PaIiwlvdp5joN9jz8e1xuZ2IANJ50DWGt/Sk5ovrNfBk1ZGXZKylCFQ4coQjqoXSEEChdf8hfv0zeOGtxYrMDGoKjRMJb7l5fZ2VkUChY2rN8w9DmO62Dv3r2YmZmZ9/rYRERENLxVMK15VbEsCzMzM1AK2LlzB+YaDUxNTS349xJLBL8TCYG9u56A3XJRrhZRKJpvwJapBrZMNcamLsfOxhS2DAhyJD9iHXcWmzccjkKhiJ07d2B23z5MT08v+u9+pWIRB2zahG63i507d0J6ElNT/n2tl9ajXlqPjts/0LGxdhRqxRk89MBjsCyBk086eVH7OCrXc3HPPfdASgcHHr4O9+zMXzFlJUzaj6HkNXHsMcfOewqP3bNx332/glUANhxch2Utw4ope7bDe/DO6Hl1agoTG+dfFHVcSCnR2LET0gky6ItVbDzpHBRqrIeoG/b/k6OunrIogY5Rgxw7du2LwgKLHdxYSGCjUCigWCygVPR/FiwLheCnZQlY1uqqoExERERERES0FkgpIaWCJyU814MnJVzXg+N6cF0Pnpddc2k+gY7FDHJEYeSlDG4ME9goFosol4ool4sol0soFYvLEs0kIiIiIiIiophlWbAsoIgCUDan80ip4Lguej0HvZ6LnuPCdf36S+E4Xw86JLcppVL7jedQZpBDKSPI0e/8zDy5UYIbo2Zt6M9LxSKq1TIqlRIq5TIDGkRERERERESrmGUJVMolVILAh5QKdq8H23bQ7fbguG5uoEMPcuj7U89HDHKExI5d+1TfbIt5Bjfy9lmWhVq1jEqljFq1zKkmRERERERERGuAlBKdbg+23UOn24OUEkD/aSV9940wXUUIAfH4ztncGhx6cGMhU1KUUihYFur1KmrVCiqV/adiLREREREREdH+xrYddLo22u0uPCnnHeQAEoGOYWpwpAy5qsmgQIdlWZicqKFWq0QpLERERERERES0dlUqJVQqJdRqFXQ6NlrtLqQW6Bg0ZSV31ZbEdBVddpHRIaelDAp0TNRrqNcqqFbL2R0jIiIiIiIiojUrrNdRrZTR7thotTtDBTaMx31qcqSKjC52cKNUKmKyXsPERHXU105EREREREREa0y1WvYXGSmX0Gx34DhutC83sDFikKOYtYRrdPyIwQ2lFCYmapiaqKFUyp/9QkRERERERET7n4mJKsrlIhqtDlqtzuDARr8gh0YplajBkVNUdJjgRqFQwOREFVOT9Xm9SCIiIiIiIiJa+0qlIjbMTKFULKDZ6sLzPADzCHIk6nHEAY4FBDfK5RKmJuuosdYGEREREREREQ1harKOYrGIRrONXs8BsLAgx7zmkejBjVqtgqmJGspcIYWIiIiIiIiIRlCrllGwBBqtDjodG8CAVVT6KAZnRxsGZW/o2+r1KtZNTaBQsEa+MBERERERERFRuVzCTKEAIQTa7S6AOMgxShaHNerUlNDkRA0z0wxuEBEREREREdHCFAoWZqYnMDlRS+3LLZ2hxTCgFDKjE4PqbkxO1DA9NQHLYnCDiIiIiIiIiBbOsixMT8VBjmFqghrnRwcg+4BkAxMTNUxP1WFZo8+HISIiIiIiIiLKY1kC01N1TGQEObLosQwruaFf3Y1arYLpyTozN4iIiIiIiIhoSViWhenJOmq1CoDsmqBZU1VyIxXJKEm14q+WwpobRERERERERLSUCgULUxM1VCsVY3u/jA4rL3tD31YsFjE5WeVSsERERERERES0LMrlEiYnqygWi7nxiugxtCKj/aamTE5UUa2Ul6zTRERERERERERJ1UoZkxNVAIOnqgycbzJRr2Uu00JEREREREREtNQmJ2qYqA+OS/hFRnOyN0qlYhQpISIiIiIiIiJaCZMTVZRKxb5ZHEYGR3JOy2S9hlKpuNT9JCIiIiIiIiLKVSoVMZnI4kjGMKy8Qh31WhUTzN4gIiIiIiIiolVgYqKKeq2av0BK1kmWZWGizuAGERHtX7rdLrrdLjzPW+muEA1UKBRQrVZRrfJ3NiIi2n9M1Kvo2r3MIEdqFRU/e6OCSoVLwhIR0f5BSonZ2Vm0Wi0GN2hseJ6HVquF2dlZSClXujtERETLolIpoV6rZNbiSK2iUrAs1GqV5esdERHRCms0Ggxs0NjyPA+NRmOlu0FERLRsarUKClZ6UVhjFRWlFGq1CiplZm8QEdH+odvtwnXdle4G0YK4rgvbtle6G0RERMuiUi6hlpHFYYQ8LMtCrcrsDSIi2n9wUEhrRbfbXekuEBERLZtatQIrkcVhPKtWSqy9QURE+xVOTaG1gp9lIiLan1QqJVQT8QtLT+moMnuDiIiIiIiIiMZAtWpOU4kyOErFYir6QUREtNYVCoWV7gLRouBnmYiI9jfVSgmlYjF6HgU4KpVSav4KERHRWlepMHuR1oZqtbrSXSAiIlpWlmUZZTaiVVRYe4OIiPZH1WoVRS3yTzSOisUig3VERLRfqlRK5ioqxWIRlXJ5RTtFRES0UqamppjeT2OrUChgampqpbtBRES0IirlcvRlleVvKMGyxIp2ioiIaKVYloWZmRlMTExwuiaNjUKhgImJCczMzPBzS0RE+y3LEqiU/RkpRQAolfitFRERUbVaZR0DIiIiojFTKhWATrBMbKnEucdERERERERENH5KpaK/TGzBslAuscAoEREREREREY2fcqmEgmXBKpaKECy/QURERERERERjSAigWCrCKhVZf4OIiIiIiIiIxlepWIBVZICDiIiIiIiIiMZYsVjwa3AQEREREREREY2rgmXBsgoMcBARERERERHR+LIKFjM4iIiIiIiIiGi8+RkcFpdQISIiIiIiIqLxZVkCluAasUREREREREQ0xoQQEEoptdIdISIiIiIiIiJaCBbgICIiIiIiIqKxxwAHEREREREREY09BjiIiIiIiIiIaOwxwEFEREREREREY48BDiIiIiIiIiIaewxwEBEREREREdHYY4CDiIiIiIiIiMYeAxxERERERERENPYY4CAiIiIiIiKisccABxERERERERGNPQY4iIiIiIiIiGjsMcBBRERERERERGOPAQ4iIiIiIiIiGnsMcBARERERERHR2GOAg4iIiIiIiIjGHgMcRERERERERDT2GOAgIiIiIiIiorHHAAcRERERERERjT0GOIiIiIiIiIho7DHAQURERERERERjjwEOIiIiIiIiIhp7DHAQERERERER0dhjgIOIiIiIiIiIxh4DHEREREREREQ09hjgICIiIiIiIqKxxwAHEREREREREY09BjiIiIiIiIiIaOwxwEFEREREREREY48BDiIiIiIiIiIaewxwEBEREREREdHYY4CDiIiIiIiIiMYeAxxERERERERENPYY4CAiIiIiIiKisccABxERERERERGNPQY4iIiIiIiIiGjsMcBBRERERERERGOPAQ4iIiIiIiIiGnsMcBARERERERHR2GOAg4iIiIiIiIjGHgMcRERERERERDT2GOAgIiIiIiIiorHHAAcRERERERERjT0GOIiIiIiIiIho7DHAQURERERERERjjwEOIiIiIiIiIhp7DHAQERERERER0dhjgIOIiIiIiIiIxh4DHEREREREREQ09hjgICIiIiIiIqKxxwAHEREREREREY09BjiIiIiIiIiIaOwxwEFEREREREREY48BDiIiIiIiIiIaewxwEBEREREREdHYY4CDiIiIiIiIiMYeAxxERERERERENPYY4CAiIiIiIiKisccABxERERERERGNPQY4iIiIiIiIiGjsMcBBREtGKbXSXSAiIiIiov1EcaU7QEtDKUAI83nwaCW6syg4Vh4/QsRBDqF/IImIiIiIiBYZAxxrkFIKUiooheCn/3hh36YLLH9wJL6mAtDreXBdCZn1OpIRndyWggci3q43Ee2MTtCe55yv4pO1PoRXW8JBfVYUa7GDCNprTT9XwXORe3yhIFCwLBSL/p9S0YJlWYvezf2BJ4FfbHOi59WyhWMPKaxgj1YXxwXuejC+PxNVgeMO4//iAOCeXzuw41uDpz+ptHKdISIiIlpCQjGHfM0IAxtSAlLKKMjhBzjU2E4XUACUVOh0PbieglQKSkkYI+l5BDiSoQhoTahg8C6EAIQYeO9SbfUJcKSPnZ9kyCkrBGVeS0FA9L2ueZ/MoE3WaxTw740QIoptqOCREIAl/ACHVRAoFATKpQLK5SKKBYFCgYGOUcy1JH7rT/ZFz4851MK//vW6FezR6rJrVuLst8f358RjC7jy0ukV7NHq8fvv3odtj8ro+S3/tB4FTlAlIiKiNYhfb60RYbaG5yk/y0FKY2rAagtujNQn5b8uPQvFP99o0BicC39uRPZgPplwIOL4iBEnCQbtCAfwffqb3iPSoY1EG8MEOgSC15x4fXnnGfcgsd1/gWFX0n1RiTZT9zhqI3gPojSWILghglaUv10pQCoFKT3A9Y/r9TyUHQ/VagnVikDBEgxyEO1HrriujX//jr0s1zr1qSV88ILJgcc9usfDw4/LgcctxLop4MmHM3OGiIhoqTHAsUZIKeE4Eq7rpQbiqy24AYzWJ6UAx5VwZTw9JRpM9zsp/KkNwJPXFfCbEdqGIP8gp796+EBFx8XZC/re9P5kC8m+JDMyghebfY0w2yR8qck2E0EeoeJzo0BRzvW1GE8UYPHPk/ERifsZZnKErYRBFaVUFKhxXT9Y5bkKQilUayVYIiMYNIZu+4WDS65oLqiNU55SxEf/ZGqoY1ff3+r58yTwwKNe9LxcAo7Ywuk3a5HtKDTay3Otbm+4vyX/77Ye/uH/dpe0L885qYiPX8QABxER0VJjgGPMhdNSHEfC85b2G6iVEGWmyP5TbHIH6lpwwAxSiFQwQWkhAqUdFx2Tymgw20g/jqdtRJkYiWP0OE28P54/0y9LI7sUiR4AGpzxYTYcZ2cYwRSRvLvRxbSgUThdxZw6lPWalVLoOS4aLX+6UbVSQrE4/tNVpATaCxwjTVQX9ya86x+buHebN/jARTAzJeY9JWRfU+J1fzkXPT/iYAv/9jerZ/rN3jmJv/yn1rJc67I/nkR9wOdg16zET+51+h6ja7bNv4c3/siGNeQUlScdVsQxBzPYREREROOBAY4xp1Qc3BjnOht5lPKDG15QT0SfQ6IHMsypKfGWsJZGkE6A/sP8cL/QnieOEPEgftiyq/2O8d+vxHX0zIzELiNg0veqGQOkjDolmRkjGfvyhMGN1JlR9Ca7LaUAx/HQ6QhYlgXL8mt07O82rlvcwgg79kps37E8gc92d+2+f7arcOtd7rJcy/Uy/uIn3Pewi7/85PzTIN736eHP/aNXVnDMwfV5XyvpNb9VxRnPLBvbtj3m4YP/0omeP/OEAv7H79T6tvPF79i48ZY4yHP+ORWc+htmhsS6ifn9fdq8wcLkAl9yz8Gy/d0jIiKiGAMcY0wFtSk8z6+5sRZJqeB6fsHUqI4EtMyAsHYG4qwFCHM6hj5WMKaMCG1noq5EHBNJXi8s1KkAYaXSKPRpI8npIungU2IyjEgWADWnuJhnmS9N769ScWDH2N8n4BC/tqw6HOlaHULL9tDDLX4WRyqOkjgquhx6joeC7aBQsFAoFJZkIZjlcvKTirjuQ6NlMFz37S6+8F+96PlBG1n5kda2Qw8o4NADzIyQWsU8Zv20NXCllx/83MxgOfKgwqKtDnPRuVX81rMqgw/s41fbPSMriYiIiJYHAxxjTC8oqluNRUWThu2jKxV6Tlww1cw4yJp+kqAVrEhNY1H6AfE0EqEfq0/5MAb62dkd8X4Vnx5fLHlG+jXpGShGe+mgRF4cIC+4oEdf4qKjyggExVNcrMyMoKwaHsnpOHEdk3Rfo+k1weNwepXdc1Au+Zkc46paFjh8xLoRj+wy/+6eesLiztH/01fXMNc038PtuyQ+9q/xt+UnH1/AG15S7dvOf/ygh2//OB5Q/o9XVHD84eb/Psql8X3vBpmZsPDnb+ifUTBfV33Vxq4nRgtQb1wncMazh/us2I7C9283s09OOq6AA2aGC6YdzekpRERENEYY4BhTfvaGn9mQtW+1Gyq44cnoNaYmhChACS2LA/FypcEF0tfUHmcV+PQfCGNwrpSCyJisrqJrBJkSUQAkruYRNqxPfIletxDZQZ5UQCE7XT3r7iWP1KtpiLBtPfqRXGVGIW4hDILo18qZF5O+Zra8fa7rF8j1ZBBcWrvjZEO3p3D7vfHA88BNFo48aHEHk087Nj0I/uVD5jffm9dbOP1p5dRxup8/kBggH1NKTQdYy2oVgVe9qH8QaL6++F0bu57QNgzx+X/y4SV86MLh7v+t9zj4/u1m8dsXnVLC685cmoANERER0UpiPvSY8jM31JqdmqIU4LrKn48exTGCIEKy8Ib2JMw68JeUjQ+Pt/sbotiElhkSNacfGwQhVBAMyKo4oa9yopBemlbvrrCsKGCSFeRJXkMYAYm8u5U+IDfXpO9St+b5o4bJ8l5333OCe+u5Eo6TXgFoLfvK9200tVIIL3rG/hMwoFjyI28tcoTv2m+mK9/ecFMP7vLUniUiIiJaVgxwjBl94J6VvbEWhAEJ15Xw3DhwEY8EVOJgRIGLzJF5lDThZ02EUygUVCqAIKDX8siYhhL8o2/JkzVO0ad9ZGWRiNR2bZpKdi1Ss/3gGv2GSHqMyOxv/0yRzFVbEj/T/U9cQ9uvgmtK5Wfr2La73wQ42l2Fq79mR89LReC8M5cmQ2Ac2K75vjvLU89zVUgHOBav7S9/v4vv3Z6+mb9+VOKTNyzTWq1EREREy4gBjjEUT0/xszfiganIHKSax4y2bzGO188b6lyl4LgyKC4qjewLpU+jiA5X0SBBZQVBgqdKyuCPlqkQPA/Pk9JfulQZbcX9iv7Ri5wiHqREA3itT9F2YT6P+xkX94zqU4QFR7VGwu1RjRCtVoh/X83ATDKYEGeF6LNNVDwdZUBsIRnW0QNBep+Sx+rnGP3QHkvlFxzdT+Ib+PBnW9ixJ86+etUZFWxZv//+57jRMt/4RnNtZqZlSWZSLFYCx/Xf6eKDV8W1VqplYMO6uPHPfNXGJ77YxhpcXZyIiIj2Y6zBMXYUXFcZ2Rv6oH4+A8RRvzWf77fsw54npV9A1XyN8YA6bibdnlnXQhnb4oFDmMKgHadEPEVDG4HrgQyjzbDmR1xONGjDf+xnJmiZFFEAIvseqGiveb2+dyy5gku0WeWOklTi2LBIyFDTSRKdzXw/w7oeQReUeUp6lRatz3I/SZm/5sYOvv6DuA7G+mmBN75s/83eAIDZhvlZanb8gX9xP6hvaZslURZcrPWhHR4++oU2fnCHmblxyRtqOGxLAf/zw80oqPEvX7Xx41+6uPi8Gk44cnmmSH3/zh6+8P9sY1urY77/P/mFi7d+tNG3nYceNyMz//IfXXz15p6x7cxnl3DO8/fvv1tERET7GwY4xoyUgOvGtQriVS/6/1I8Lqn/SgEyyOCQUvUNZqQTLFTGuF7LlTCO16pUaGkOSt+nMu5rMHoPi3+qcD1aPWCiDf7NS6pEUCQ4WK+LGixDEj9OvODMAE78zb/SXpBe0HRURmHU5L5EJkpY3NU4Tmj7o+7HK9Tot0wEG6Ra+18lX3NjB1dcG9dEKFjAh/94Auun9t/sDQC4/xEzuqUUcP8jDo4/fO3XJel04785paL/mRiVJ4Ef/8LBDd+38a1bHeizF4UA3vbaGl7+PH+g/7dvncC7PtGKpgHdtdXDG/+6ieecVMTvnl7BaU8to7KEt33XExK33tV/DtLefQq37httntID2yUe2G7+N+QpR+4HETIiIiIyMMAxRpQCPE/C8+LBwEKmi6zGoIdSCp7062/k7Y9l1IzQkhf8x8NktcRFQpPDeWNlloz9makPenAiipXoU03CVWESxwc1VPVpJ/rrFUL402uMAIOAktKYrhI1GZ5vBEviJ8lVUsIpJv1qhACJexxtU30/UwKAStYQEXH4QwV3JV2idW3o2AofvLqFG28xv67/03NrePpxa38QP8hdD6YHs3c94O0XAY5eL/7MVyuDj5cKeGSXh1897OK+hz3c97CHO3/lpZYDBoDDDrTwrj+o45lPju/j6U8r4zPvLeBDV7fw81/F/y/54Z0ufnini3qthWc8uYinHVfEbxxVxGGbC9i0ztpvVjcCgA9f08bHrk0XZx2F467N/5YRERGtdgxwjJG8ZWGT37MPE7xYHcENo9wkAD+44Tj+8rDRUUIEhVUTUzKEGSyIAxt67oEfOcg6N6TvSyY9CC0bwqhzoZ0noqyLoC96UY6sQAaQHshHyR9a+8YKOfpUmPCiIpqOkgqGhE2mamKY1T9SoZvUMrUZjxPBkuQ9ysxe0V6bERTR9omBJUrH0w/vdnDZZ9vYvsMM2v3xq6p47YuZPq8U8LN70/OTbrnLwe/95tq+P64HdLVZFfXq4PSND3ymia/c5PQ9plQE3vjyCv77S+soZ/xf/thDCvinv5jGDd/r4op/66DRive1O8D3bneN4qQnH1/Ap985PbBvw3jacSX8+RsWpamBjj9ifhkcc01gDms/o4yIiGgtYoBjDCil0GrbeOjh3dj+yG7Yds+vWSAllPKLZEql/MfR9vi5UuF0D6mtRqIX7tT+QAVFOHP2a1Nj4ucqmlqCnDaRdQ39uVJQUqLRbGN2dg5uVHlP+EUxw+CCCAbD/sbwiGiQHf+04ucCELC02SACworPDYMFQsTPw2yGMHjhT60IG4ivH7ViFNkMngfHhu0Irf8I29OvIwSESrQdvV4Yx+r9FEIAVtxesphrqjBpskipsQ1R3+Luh+2Z2/S+hf2p16rYuGEaGzfNYOOGaRSKRe2+ZdffyN8w3u75tYP/fX0Ht91tDt6LBeA9b67jpc8Z4uv6/cDPtjrY9UR6MHnLnS7m2hLT9fGZvvOha5qYC4IF5SLwV3842ff4PXPm6964bvBfgle+sJIZ4BACOOm4Al72nDLOeFbZuG8fuLqJHXvjv30f+7MpWAJ4xelVnPWcCr53Rw//eUsPP7zTzSw6es7zywP7NayjDirgqIM4dYSIiIiWBgMcY0ApYN++NnbumsWOnbNwHDcKbkgp04+lhFTBz4zjzABEMihibldaYMQMmiTON5772QfZx6uc6ynYto3Z2X3Yt28O/qwLc8Cur9phCSsV4IgG4anjLeO5eWwY/BDZx4SDfe2ceNBvGQGTVNAho71kH8M+6NeJAw4iu1/J9rQgRBRwENl9EYltln4+sttKn5u1zX9cqZTRaLQw12ih0+ngoAMPQLlS1ubBmAO41ZBHtJhsB/jWT2z827ds3LU1nZVw+EEW/vL8Ok46Zu1PvRjW135oZ253XODrP+zh1f9tfLI4br7Dw869foSgPkS3d82an5ENQwQ4TjyqhOOPLODhHR6OPayA4w4r4EmHFnDqiSUcvDE7cPCz+zxsezSOXOg1fqplgRc/q4IXP6uCfU2Jm3/u+FNfHnJx30P+f6df/Ky1HYx7xekV/ObTFy+Ik6VaXmMRXCIiolWKAY5VLqy7sWdvE41GF54XT4vImmUSfSOvEoUs+5zjH5FT/yD8yj415SL7eXLvKLpdG7Ztw/Mk9MKZmV1Kbcz/5dGc+JBx3Lx/7wxGCfE8i4FNZdUOXWzJmhoj9ydjds2w7J4D54k5tDtddDo26vUaNqxfh2KpCIHE56LfB3KMdGyFb/2kh+/+zMGPfu6gkzFeLxaA//7bFbzp7OwpA0vliYZE1zHv8a4nzOddW+Gxvf2XsEmucrFnTqbOKRcFNk6Plm2xe5/E12+OsxGe/uQCZhsKDz7iD8av+moX5zy/smYHh3v2mfd1mAwOAPjUO6dQLYtBf71Htm7SwstOq+Blp8XbWh214Pv/X7fa2LrdW9GA5sykwOvOrGXum65bmK4vc4eIiIhoSTDAscpJpWD3HOzd20CzZQMI6xyYUxCU8r9JV9pg2/gZHx38TAco9KkEcUPBlBQRDE9zSoAIpR+t7Qp+A88tPikQZXS0Wm10u73M44YXrm+SzhRI3oowISN8nB4sDGgjq4jFPMcBfU/TVsoxjhvhWvGhGZ0M3xp9bCrShw13Hb8GR7fbw+M792L9hmmUyyXMzExHzUZFSoMaHEbJlDHkegqXf66NVie9r1QEzn5BCW94SQ2HbV7+tPz3/0sL37+9/2oUfr2FuZHafd+n26ltJx5bwJWXjlan4Zqvd40aFOeeUUGjrfCBq/ybuWdW4f9+q4s/OCt7YDruds8mpqgMGSCqVZYv4DNR63+tXz7k4JP/3sVjuyWOO7yAt/xeHVvWm6/juz9z8I0f9q8bstQO3WLlBjiIiIho7WCAY5Wzuz088uhezDXacF0X5khQm7oAP0QBpX0rHmVyqHg0L/KDFAD8Ev160U3oJUC1SIae1ZGV+BG0J2VOpokW+FAK6PV68Dx/6s2wssMP2b+MC6Oj2cfoq4OYbZpnRVfJiBWNEuMw1zPJjLCYV0zuHiHAkl47Jfug4b4RDqazJK4XlhYV4WdUKeybbaKz2cbMOhUEyZC+T2P+5fxU3cJ5Z1Xw6S/FqRub1lv47eeXcO4Z1ZGzGvYXDzzq4bpvxvds44zAC59egeMq/MN1Xexr+J+oT32pi9NPLuPINVi3YdvjZhbMIQfkf1Z275Nod+cXBXQSMa6HdnjzWo62WAAO3hS/D62Owlsvb0UruDywXeLXjzVx9XsWpyApERER0agY4FjFPE+i2bax/dE96HSd7FVE9NoG4cg7WpHDHPb3+9V4mC/QzdCKf01lTF3J/yo+b2UXfwqOh06nGwRwBv8CPyiIMPR4eQFTMQZdcLRkDv2+9Q9AKDE4pqGVCE3NohmpS8NHPDL473e704UTjK7i5WfDcNN8O7f6nPdbNXyY4eJUAAAgAElEQVT3pw5O/Y0SfvOUEk48qrTo0wfKJYGLXht/Az09MficSkkMVQsi1LHNgOQo51ZGKGHgesBffrppDLx/90VlFCygUBY497fK+FQQMOo5wLs/1cQ/X7oOlTVWuuSBR82Abr8gzv+6tr1oWRDn/n+jZeyEDt1i4YsfWhc9v2+7m1qe9pcPemh1lJH58Yzji/N+777zExfNdnyNlz2/BGsef7c2aIHGx/d6mVPJlpMlgCMOXHtBOyIiopXGAMcq1uk62Lu3ib17W3DCVUUGRCIEhP9NeTjFJHosov0QSpvikmhMH5Vpy3jmVuAwpqCk56qEzfnZEVlBDgXP89But+E4rrbE62DZ+RXp84fKXhjQ6qJJdk/k7Vi45DQd/zJx0CL3agO7EYQmhGV0O+s0x3HheTKx3Kwyj1X+NpU3BWoMTNQEPvvedYMPXIBqWeC8EZeV/dCF/VfxSPrti/dFRTLLJeA7n1g/0vnD+ugXWrhvWzy437zBwuu16QN/8NI6vnGrE9XiuG+bxLv+sYG/e8vUvDIPVqv7t5sZHEdsGa8B70EbLRQsGCuvzEwL1Kvmfw1+94VV/O4L53eNn9+/zwhwvOeNkwv+DHzkXzv47k9WdsrMVB345j8szd8vIiKi/RkDHKvYE7MtPL5zHxzHCwaSIh6gCpGOTSBRKFQICGNAK6JvzYUwQxbKOC0IRGTNw8gJjERxERV+O593nB4QAaRUcBwH7XbHHwgPmTSQznnoF9gYMnww4IDwLYjb005ITNXIjGEMulxuJ8NokZXanXW4/hkQfW6mf7mc3hrvfd7kn7wOx5NVzL7Gn8/4/VOJ08Y0wpHh5w84uOSK1pK1f+TBFv7xkvGbCvDpr7Rx3TfNWjvvfEPNqCtRLgLv+8M6zn9/Mxo8f/92F+/+VBPve/PkmsjkaLQl9szGn/d1UwLTE+MVvTlwQwHveF0NH7+2g27Pfw1/9Yf1Rc9eIiIiIhoWAxyrVKvdw759bTQa3Wj6iVDhoFpp/07MSRHBFIWwDAKCQeTAOSoiKM+hoqZgBEyCBnISP7LaizqQudsPosTBDS+3EGl8ff9nZmbCfCSbGRAF0Yf7UZ2JjCDHSM0qLdlmQHdVEP0Jl3jN7mD21bKnsqSvqqIaGsGuMCAV/FtEnzmRWYMjGSpRKviXSq/RoxKrqKyd0IbP9YC9+5buVc1Mjdcd8yTwD9e38bmvmXMDXvycEl5wcnp+y1OOKOEPX1HBJ78YH//NWx08vGMfLnvrZO6SqOOi0VE4/ZQidj6hsHOvxOEH9g9ufOCPJvGBP1qmzo3gVS+q4ndeUMXehsQBM9a8po9ksR1gb8NDL5Fo8cguD5vXWwta2cUSfj2RURZxCv9z5SXKRM03m0Qs1o0iIiIiAwMcq5BUCnNzHcw1urBt/7e7rPhElMgR7RBGloZxLEQ6IJIhb7lYPawyjPjI/hGRXq+HdrsNKQe1u1hTODIG/8Z0mmHSOIK+5HUpDEJk71oko92PYbJIjOAGkLwxozVstBs2lcgsSY4uxmu8TiN4dI+HD/xLC7fdbU7JOOoQC+98Xf76nG/+7TpmmwrX/lec8XHfNonz3jOHP3hZBeedWRvbJWQP3ljA5W+dip6P84rJpSJSK6eMwpPAnVsd3PxzB/f82sWvHpJRkdmkV73Lrx8yWQeOOayAJx9RwPOeWsYpx5eGXoL5b/94tKlbOn0a17opgW/8/cy82yIiIqLFxwDHKuMX3ZSY3ddGs9WF50ktuKAzJw1kJ0yEmR9x0EKviZGSnM8RZYzEdRMyf+XM2aHHC7Ku5zgOul0b3a4NpVTf6RSx7GVg44ua0yqWzvwCLn2n4AxoLtod1TvJ6kWikWTNjQH3eKTsmLzZKfr6uzlRi/D9jj8XKjOwtpb85jNL+IOXVhbUxvnvby5Sb5bPlV9t45+/bKdW8jjsQAv/++KpgdMy3vGaCRSEwOdvjDM52l3gU1+y8fTjSnj6cWtgvgpGD34+stvDfQ/FN/XIg4o4asxWmnE94N++1cVnv25j1xPDr6AFAM02cMe9Hu6418O1/9XD9KTAa15cxutfMr5BLyIiIlo4BjhWGSklbNvF3tkm2u1eatAXZhkIoYLBoQgGimbOhIA/9UGoaG6Llu2hZ3IIJL9MT8UrjFkwQcBDDySocLoBEmemf8nUa3C0Wm20Wm24rjfyL/fRbAz9MkO10ScwMcT5Rg2OjE7HtUiGLCYitFCVXlhE2zdiF1OS70jytkX7kv1N9X/UqwefFqW0AFbcg7CgrL9vvL/BHsbGaYETj1obg/FRHLypkApuHHSAhU9cMoVN64b71v+ic+vYssHC//liB90gzvFHr6ysmeDGfNzycweXXdOJnr/5dyq44Hfys2FWmz1zEm/7+yZ++aCXub9eBSbrFibrwGRdwBJAo63Q7ADNlkSrYx4/11T41JdsfP2HDv7Xn03isM3jFewhIiKixcEAxyrjOB527JxDs9WD63n+EFGE01EE4lVGRDRFJQpSRBvCzI045JEMWoTnKSUTK5doVTgEtFGnEeXQ2tYbRRhVSe3UAxtKKbiui06nC9vuJVvJlQpNiMTO5LbBLWj903bn1biIDglqcIRBDO3afm3WIYMbUYPxexb1JedQ5L6CPOmMFjP3R2s/CDQYaTe5ryMoHhIdH3Ze760K/h2+9/qrCINrauTgFo2Xs55TwS13OfjaD/zpdmc9t4SLX1sfuaDma19cxQtPKeHD17QBAG88e3wG82TyJPCOj5vBjWIB+G/PLuGMZ5Rw4tElHDDT//PxREPi7gddfPunPXz9B04URHvoMYk//WgTn3vfdGo1FyIiIlr7GOBYRTxPotXu4fEdc7C7DpQEENTESE9RSfJH6Ok8Dj1TQyC9VGtwXvAVenbQAtpANgxe+NU6ELcORMVMs+t4hJRS6PV66PVseF72t3eD6KUwEo2PnOudOlyrPTGfiSjDBiLitvPPGHT9rH25AYyM7eaMksUaDASZGRlXjoMo/nYza2ONp3Ask+27PMw2R0v3D/Vc7V1TwF0Pzn8pTT1b5S/eMIEdTzTwhrOqeN5T0wVFh3XwxgI+ftEUbAeLVswyzzU3dnD7fXrqSSq3LWW2Ed93uwe8/YrGgvqwaUbg0jfMv17EavXd223c80D83/6NMwIff/sUnnTo8FkX66csPP+kMp5/UhlvOtvDn3ykiUd2+vf/kZ0SX7qpi9dpSw8TERHR/oEBjlWka7uY3dfB3tkWXE8Z8Qk/bhDPM/F/mCn/IRFOW4kOF7m/m8eZHME0Fm1Jj/6rmiDj2oMHAEopeJ6HdruDXs+BlOZAbIH1LEcObizEcDVDBjWS3pQXo5nv1Yzz+gSAwhDZ0NeJ5+ME5/f7xlUPcsSn6gE3lZUVRCP7P1/q4Bs/nH9gIuS486/5UbCAW/5pffS8VhGLuqTtciwT+8ttHr5/uzv4wByexILOB4BDt4zXsrHDunOrGdi+4BXVkYIbSYceUMCfvrqKd/5DO9r2k3tdvO7MeTdJREREY2pt/vY0hpQC5hpd7NzdgONKSC24kFoWNDUCTUwRSMwW8FeZ1aYqDFnlMpgIkzg+sUxrTrpAmC2SxfO8oPaGC3NljZxu5Q17k8cPHJmPHiLod4ZClMySdfuz2+t361Tejpz+CGFuUIl+5Z2XZJygF2PpMz0FGBiR0GerhFOTok3K/xOvnrOIy/8S0armeOZ/OCZqC/+7P1kzf51xFh7jIyIiojHEDI5Vott1MDfXRaNhGxNLdFHQQAULeoZTTpAsIhqdYQxSjeONgEciW0OflhIMfs3v6hGXnhjiK3c9S8TzJGy7h263C9f1jP7mJxekN2bGePr1Ieq9dmDe/A8twJA9rSPIWAjnd2iBhbCUxjC/rof3Lz1FJu5HRvxCCxwo86C816I/FLm7c5oYPqUmXmbW/6NX2zDqbwTnWcIKAh8Zn0GiFfbCp5Vw8KaV/Q5gZnJtBv2OO8zM1vjMf3bx3BPL8w50dHsK//xVs+rok49kkVEiIqL9EQMcq4AC0Gh20Wh2Yff0r51EUOli2IFf4vjcGSPplVO0XQO/lU9OiPElh99BEMC4joDjOGi32+j1nMwBrRnkMMML+rPM2EROwGL4X5nDSEUiBSbVfJxtsKDhR78AS2pD9pWMJgYU7MgL1ojkXc1tJ9wxbAjHvI7+wYmDG2rgZ26taHcVds3OrzbGKN75+jouevWSX2bNO/PZFZz57JXuxfDuut/Dtd/sLnq7rzi9uuhTgl5yagWf/Hcbu4OlYe/bJvHa987hDWdV8KJnlIdeXWeuJfGd23u4+ms2Hnos/rtVrQDnnlFd3E4TERHRWGCAY4UpBXhSYt+cjVbbiVP29cwLpMeAYeAgmkYSfmMuAKG059HxIq6diaDWgohrH8TX0gMqIkhTQDDozw5tILUneVT8XX6vZ6PRaMLzvIV/Y6+Pt41tInHYSJUlDFlBlLyZG0v9XWtuWCG/RmlGWsyQvRwQLDHbMrNiVPCZsbS8GSQ/Y0bqDiAhYam1/Y3r137g4Gs/2Lfk15muWwAXGNnv/OguFz+6a2E1P7K89DllVEqLm8lSLQt87KIJ/M/LGmi0/G2P75b4u8928Hef7WDLJguHbxGYrFmoV/0pLJYAWl2FdhdodRS275R4ZKdMBerLJeDv/mRy6CAJERERrS0McKwwKSV6PYl9jQ46XcdfB0VPewjnFQRTIfyncbAimhKhnxaOhCWigb2KGxtID3LE5yemQyizrbjeRjpoEp7keR46nS5ardaIwQ2l9QT9B985M1D8IIdlHpCbKZEdStDbAgAhrPRp2V3p21dt0Raj4/3iFpnXGHDBwf3JSlnR72Jyvx48SYeQotIeibc6czqUfhIRrXnHHVbEF96/Dh/9Qhvfvs2B1P7u79gtsWM3AIy2ytapJxZxyevqOHzL2g6WEhERUT4GOFaY6yrs2tNEu+3AcTxjKOlnXYiolqQfeIhHhOH+WFzYUwAQloCS5ojR358eRYbnJVdTkeFwPpy1kZjFYdTq0PqB8Drh8Uqh0Wii1WpphSVj2fU3sgfWIrk5JxIwdEaFSiZ+xA32T2QYKs2hz3XDFBxhNhMES+JN+aGOqN+5AR89wJVMdklktij/fY22iPQZ0D5f6TdMxAE3mP33l4fVFxYOMzn03hHRsLZssPCck5b+f+HFwtLlph0wY+FDF07isVd7+PotNm77hYu77/fQsYc7v1QEnnJ0Ac94chEve04FRxzIwAYREdH+jgGOFSSlQqfbw65dLXTtdGpxZlZGGEzICCpEx0YRCWEcGAdEhPY4MbjU20d6d6bUMQrhMDjMdpDSXxq2283+zXVeK64uRnwhGVzo06GM2S+pA/T9g7vXZ2/GyQMzOpLnaMGorBhIOLWpfx/6vIpEVCoZMFHazzCOEWcG+Y/N5I21Feh4+pNKuPXK9YMPpEVRqwi8+sXl6PnBm9b2YPcFJ5fxgpPLgw8cAwdtKOBNZ9fxprMBqYBdsxI79nrYs0/CdoCe4xcjLpcEKiVg/ZSFLRstbFlfQGGZZ6K8+eUVdHr+4+VYrpiIiIhGwwDHCrJtD/vmbOyb68L1/AJpcUBDBGkSesTBHz4qbQqLH6jQh77B8eYPreFBUlU4okfzGYAKISBlvHKK44wyR3zICEZyUN83ApA8Iau9+UdNRom5hKvLLKSRwYepvmGMZFCif60SkdM3ldg/+DVFZ+if37UV36BlNlkTuPi1EyvdDVogSwBb1lvYsn511tB45QtZvJSIiGg1W52/QewHlFJotGzs2dtGz/HioEaQXZGZVAD/mGi52HC6gIinpgQboA9Vo2/qo6/xRXRY6txkGCO8jjF1QaR2x9MsEpMTlIKUEq1WG7Ztw/O8hcQPgjbjS5nTKfpJH5C6Zan9Q3Y0SlGYn34zTEY6LmPGiG5gF0XiZ+oMlfGof2MCiKc1KWXeK6WMKVSMbxARERER0UIwwLFC7J5Eo9lDo9WLtuXNlPCDEOkDRGrIK6Jjo+wAbQpGGOjIyhyIAx0iOjKzM9q1zW/+s7/9V1BwHAeNRjNaGnb4+qLZw3khEntzAgyqz7O+gvaUUtnvSfL+ZAQS8q6W9dpTx6fe63hDRu3W/kTGeXn0g8KglbEz8TwRMDP7pIIm/M+g8RqTUSmFBQeJiIiIiIiIGOBYAUoBzZaNVrsHx5FBJoIZqAiDFRlfq+cLDwkHi31OyZ0eMehKQ6dfBANrqdDr9dBut+F5gyvimxkl/Ue8+YGSrB0CGZGDnGNVnHaQuTdZPSKj2SGMtkpuxgShEc7P6t7AKUd9LpgOZiWDIf57OTU1gXK55Ae2pIJUClIGf5QKAl7xHyIiIiIiovligGOZKQV4UqHR7KHddiClVgNBG9xnxxEGTLPIOFRkHNdvNJ6/IkcqfUR7oE9Z0QMUAo7joN1uo9frQUqZe935yliPZeQzzH0q9/YscGaN38a8Ghll4D9qkCAj4JOdbjHc5YKpVsViEZOTdWzauB61WmVgtxjaICIiIiKihWKAY5kppdDreZhr2Gh3evG31iInGJGoaxFOjtATMPrW4BDxNIFwl9DOyy7coF0rVaMjI7aRO5tFodvtYnZ2HzzP7fsNfbxLJYqm9jlWn6MyMHAwjyF0tKyp1kJqA1LTK4auqTFCUs5SSGVhZCYLJQvYZp8vBGAJC4WChVKxiKmpCRx80GYceOBG1Os1o6W4Focy7nFGXgwREREREdHQuIrKMnNdib2zHbRaPX/llGB6ilD6YDqeoiKUAISKanGoMCgRrIqij62jYERQO0JFK7HE+8OlYdOrr+RMuVD603gllXBwGw1JRdCG1ozjOGg222g0mpByEYeuImMGzsCVRzLqg6iczBYt2GLWHYl/9pnhM3/JmTk5WTJGlCq3EcQRmVGKpQ41I0ppTQtYlkCxVES5XML6mXXYsH4d1q+fwuTkBCrBOorh50RJrQUBqCXI6iEiIiIiov0TAxzLSEqFdreHnTub6NquWYPBr8gYBS6GEedpKGSXw0yGLpLTSeLLmQGP9JlhAEOoVCgk5xyBVquNdrs1ZO0N/6cZdMiOWqR39x/A91/6NLf10SxGsCPj5Q6M28z74AU0KCyUigVUqxVUqxXU6zVM1GuoT1QxNTWBeq2KSqWMUqkQnZ/5kc5fpIWIiIiIiGhkDHAso67tYq7Rw+xcF66bPegPQwRZcY44IKFNI4meh4NRoR0YhkBU8O+s6QZxUGJgkCPahoztJs/z0Gq10Ol0+h63UH3CH/NkDuqHak1L/Bj56iI4Z5GCEwpqxIBOZiO+aCoTUCwUUK6UUCmXUamUUatVMTFRQ71eRb1eQ71WRbVaRrlcSi07POwL4wQVIiIiIiJaCAY4lolSQKvdw569HTiOlzHmE0EQQp9KAiNQER0ZxS/C9AskYhFabkdiykG8fGy4Mzldxeh1kCAhoMK5BeGp0dSVOOChgv1KKnRtG+12G7bdSzaae3/SMyn0YEq8U8EvHmPWKklM48g8O2uwnZWhkN1eFHiKDlt4RMJ8CSK1M+53Tl/zGut3uIiXE46mSGnbLMvS/ggUiwVUa1XMrJvGhg3rMD09icmJGiqVMoQlULCsdN+DDvifKxXt1z9nIpzWFOAiKkREREREtBAMcCyTXs9Ds+mg0bTTI3k9YqBvFgIiGPmbmRsqPg1h0VERDcABLS4SRh3CbXpNjWBQ6w869UyO+DwZlX5MZG4Yc0oQ1flU8LM3mo0GOp3uUNNTkq85Y2vm4/R0luSxybMSARDtqdFWWGDCyg6Y5Bk13KGXyPADJ8G7qb3NSsTtxiGXxGvVnhpBl0Q8xwqDGJaICoJaBT+QUbAsFAoFFAuFaNpJvV7D1NQEJib9x+VSEcViMaq7EQVJgOgzZGYexZ+cZAAtM6imEtVaiYiIiIiIRsAAxzLpOS4AhXqtjHK5mBoMK6WglISSfkBBSelvg4JU2nMZhBxkcLzyVx2R4WOpoCBT+5WSkFIZz83H0LaFA1Jl/kxsj/74O/x+SIlut4epqWms37ARtm1HxShTA1qhPwxH8kHARl/5BWG2gUgcpz0OB/f+g3BvnK2gp7AIrc3wHP26iK8ltPbDY0Vqv963eD+i9rTVaFTYTPzaoAUK9D7370d8z8L95jnafQnaC7MyCoUCCoUCSsUCCkX/cbFYRLlURLlcRKlUQqlU8guHBsVDi8VCTvAp/PwCyUkmWRkZyUwO/RiGNoiIiIiIaCEY4FhiSgGuJ+G6EsVSAetnqpBSGlM7ohVRlLbahAqCBsExUYAB+s9wNYvBP8M2o4Go9jNsE2G2RlRIVEVdNNoxjtfaUQpOz0Wr1cEBmw+CbdvwglUy9ABHNEw2xstajoUQ2q5wEI9E5ks8iI9iF8bj8DCR2hedK9LH6Z2yhEjXtDBWVUn3LR7AR7GXqE0rvAdRRo6ZsZJ67VqfUqu96H1Hdjv6q4kzNwSElq0RZnEUCwUUS0UUg4yOrNVjsqSCGBklXJQwN6VPCA9MnE9ERERERDQCBjiWSDj9QEqFru3Ck0ClXESlXIzGc1nnhIEAS+TVxUAUEOl37VGnS0R9HvHceDaCguNKtFtdNJpdbNrsRS2FQYKslVLiQb4yBunZNTmyexdmNSTXkklOv/Gfa62I5HFZ58ZXjO6PfnLibmQHOBCN3/skQaRfnd6H5HueeC6ESMUWUp+z6J4rI6slWvo3uF70+QnunXFn9A4qBWFZfnvxy4wP0zN3gg5FywULvc8qcTYREREREdHoGOBYIgKAKxVs20W360ZfTicH0+EYVEAfVAJSy3wIB++RILvD+JY+0W44rg8HxtE4fwijDjOVVLB7LhrNDjqdHlzPCwb46YFz1gWk0mpPBO0Zg3MtqyEaLGuBEaWNqvWAhl4LIhkfUFFqgTKDCGGfpDKmnyRXl0me4wcNEA3gRZD9Eb9Wc2pGnIGSuJfaz3D1G/M8vTVo2T9mREhlvOHxEr8iytwx4hXaG6Okil+D3mMty0gAUFIieqczgjlRv1X0r/gY7b1M7CUiIiIiIhoZAxxLxPUk7J6E3fMgg8GcQDjQN4dyiYkb5t7cTA2BePyszKBJOLVCJa63BCNIKRV6totGKwhuBMvf6pdKjm2T/QiDBGFQxzhGH8DHZ+ipI1Eb/tSfnItkSrwPShkZFtHYXI+gGM+Vdo4fiPIfJvtr9lO/ns7IwggDQqn+KAhhxQEYI2qTuKZKf87MiSvhNUR8gHG6/plK9Ffo76sWdNJOUFl9MghzhgojHEREREREtAAMcCyysM5Frydh2y4cV2rfUKdHcNpQGXkVCpJfcWcOhAEz60EBSiztiNF1JWzbQbvdRavTgxdlbgSBgDjtIuqTuSmcI4Ko48npDpnTR8KpE8Z8E/1OxTchvl5yGkyc4ZGcGuNvMx/HPQovaGbLiKiMhIqyHwbRxvbaxqygS9zn5NKqeQ0nsy/MV5CYUqL699cI+oTbsuI3wrxD+vH6Nr/NeLpQlBXCAAcRERERES0AAxyLzA9uuEFwQ8Wp+LowK0F7mk5zyG47/CY9cyCZzDjQB/CJc5LnJ69uDPDjrf4APnhNnW4PzVYH7XYv9Rr1AWs0eFaJjIFwuC2DmiPGa/WjIUrP6tD6AaEV/4xTLcwXAD1AoBK3OCNIYgQ39GwNoW1X0WM9+JLMzFHGxfxlVbMyNuLkh4ysD4VU5oSZsJEMiiWeq+hVI1phRg8BaYdnTYERQvgr+Cj4/dduU1ZwRoszxfdd76/R0yCjSc9sMQ8nIiIiIiIaCQMciyTK3HA8NNsOPIlgydbMgxODS3O3PvBL7DCHsH6KA8IVVYwDtR8qeT29K1E76DMYjR8pBXieRKfdxVyzA9t2IKUMmggzN8JBtf5ylRHo0PsTTi8B/OVMZZBhYAQJlFbvIny9wop6JpU0rql33AhiGCkkWpAjDCYEuyxjaoiKTtFrbqSnoWihIGGGA6LimtrlzSyR8FizpkfWtBjjatp7rE9Z0QuJKqX890TP1Ag+O/r9TU6HiYJUIqxJIqL3xAhUBS9GyeT9MHucDMYpxMV0s+8nEa1VN998M5rNZua+Y445Bscee+wy92hhXvGKV+D222/P3Pfe974X559//jL3KF+r1UK3283cVygUMDMzM++23/3ud+Ob3/xm5r5zzz0XF1100bzbXiqdTgd79+7N3DcxMWHcj1tuuQVvf/vbM499+tOfjk984hNL0kciIhoeAxyLQCl/AGv3PHSDzI2hBms5hySDG8bqH8Ivyqlf25yygnj+QLL9fl1KHZsxXUYpOI6LTsdGq92FbTvwPC1QEKcjhD03Gk+9rmQAQn+c+DY/WW7CLyhqZncEk1CChiQS4Y6ofZE8KdoZj/Pje6wFi8wUEHOaBcx9Zq5DvC3vc5EVwAin1RjNJ6eL5GR3hBuiVxF9JPRIV3j/zMiXHkAzPk5hUdBwn/E8vnnGLQ0/n8ZUqjgwIqP+5AQDiVahz33uc7j00ktXuhuGT37ykzjrrLNWuhtD+/CHP4wf/OAHmfsuu+yysQtweJ6XG7BZbcHbj33sY/joRz+aue+5z30uvvKVr8y77Uajgfvuuy9zX6vVmne7S+lHP/oRfu/3fi9z37ve9S5cfPHF0XPXdXNf39FHH70k/SMiotEwwLEIouBG10XPlYv3y4wxxo6zCLL3A4s7QkwPnHs9B+1OF62WDbvnJLISgoFqKsUkZq4IIlLxB31Vj7BGR7yQaDDYj84RQS0ORBf0T8nOPTGmTyTuV/L2qXCjFlSKs0Fg9F1fUSTZWrI4adiInikiEmdHrYiwjUQgRWkzfAbIeHe0QJkeBNMbNV9RGJzIeUu1huPnemzMCGpkTSUKIyjJWBDRKialzB3MrpTVNogmoqVh2zbm5ubQbDajP4VCAZOTk5icnMTExATWrVuHYpG/4hPR/on/9WKZQhMAACAASURBVFsgqRQcV6LTddFzZGoqQmaRzKxtwU9ljBbDjemCmPqgM76mXizSXMp0Ib/8KqXguh4azTaarS4cx0sUv4Q2UI67Hw3vE7Uq/G0ZGQdIvHItBpJcUlRobUWxj0SdC2OqjzZdw9gfLkmr14vQYimp1WkyioDqHQ5vSbjKif56UxkcQY2LaKpJ4sXr50fJIxkfD3NqjBZAgtL6HNS40LJQjEKkxvsS9imePuKX8ND7LxLXiwNY+rQWK7yv4evPCHplZa8QERERsG3bNtx+++24++678dOf/hS33HILbNvue86GDRvw/Oc/HyeffDKe8pSn4FnPehY2bNiwTD0mIlpZDHAsgFKA05NoNHtwXBUv3YnktAvAGFRqAQszTcCfdmEJK6opEZ4ffouv9GkFmXUiwkGtNIIhcT/ygwtZpFRwHRf7Gi20OzYcx80ohhlMfEgUlYz3Ixhc6/ckfaA+dvfrR4SZDnHBynC4bwRYosyAuIFwukxY6yKeDmEeE+WI6IGpRDJKmLURT8lQqdcZBSqMTJs4/0RJMytDizZomSvxGxp+RvyXHWdyhPdaqaDwZ+KzFQW7RFzfInq1+kvUVpVJf1a1gqLaZ8fMrsnYrtcdidoJrmvGooL+mkGqxOQhIqJl84lPfAJ33HHHvM/Pm7YAAJ///Odx6623zrvtV77ylWM1/Wi5bN26Fdu3b8/ct2nTJpx44onL3KPFMzs7i29961u47rrrcOONN458/t69e/HlL38ZX/7ylwEAlUoF5557Ls455xw897nPRaVSWewuExGtGgxwzJOUCr2eRLvrwHGkln3f7xv+/DRifbtU6ZVDouKOUZDCHLBmtZV/rezzkjxPwrbDlVJsuK7nD+T1b/YRfjnfJ0tEAEXLQq1WQqlYMPoZvS7/R1DKIR48u56E60p4XlCEVH8dWdEUld6ngnaT4+fMZAitnSAEkGw4PbUmpw5GKuNDCwwYncjcl57nEQdRgucyvE66H1BmrZa4TW1VGZWXoaIHxuL3OGs9m7B7cSBIpfZEGSBRwCfsr3Z8oi/j6MEHH8Rdd901r3OFEJicnMTMzAzWrVuH6elpzMzMoFAoDD55RAvpZ6hUKmF6ehrT09NYt24dDjnkEFiWNfjEDL1eb16/wC+FQw45BKeccspKd4NWwL333ovrrrtuSdr+2c9+hp/97GfzPv+0005bxN6sHf/5n/+Jv/qrv8rcd8EFF+CDH/zgMvdo4brdLj7/+c/jb//2b7F79+5Fa9e2bVx99dW4+uqrccIJJ+Dd7343zjzzzKGWtCciGjcMcMyDUoDjSHRsB92umzGQHK2tUP//zyS/gR9ciyGrW8P8v0wpf455p9NFq9VFq92F68ngi3kzCwKAX3Mh5x4ICAgLqNVK2Lh+EpWK/5GTSvmrzCg/u0HCfy7Dbcp/3HM8dO0e2h0vGChnFXgI+x1ndSjzXwhTMtJL1qazMaBlj8QRJf1C0DJu4gBAMuAilUzvF4nm0rfTPCD5GqN9GXOBcsS/wKQzNuJjEh1KhH/0W5n1GcrrgrFkcfI16fVStCyPcXXHHXfgzW9+86K1d9BBB+GlL30pTjvtNDzzmc/E4YcfvijtLnY/AeDwww/HGWecgWc/+9k466yzMD09PfS5tm3jjW9846L2Z77e8pa3DBXg+P3f/3287GUvW4Yexebm5vDMZz5zWa+Z1Ol08Pjjjy9aW3l2796NBx98cFGuc+SRR3IQR2Phpptuwnve854FB6AHueeee3DeeefhJS95Cf76r/967Ar6EhENwgDHiJRS8CTQsR3YtgepwmDDwupc+G0v7vH9vp3vd46UCl3bxlyjjXbbhielsT+7/oZZHyT+xl7BsizUqiVMT1cxUa8CSsILghlSKkhPQioJT8rguQoeSxSLgFJFtNo96DUswqyR8PoqZ/Ae148w+5oVqInuFfRhvjkNxhj+6wEVpaJjzewRbRqMETNQqXsmtGVvwzoY0YSkMOii1dfQWxJIv8fx8/haUporp2TVRzHnk2h3IjnFBolpJkhuD6cHha3G9zycchVNlxrz4MZSeOyxx3DllVfiyiuvBAC84AUvwEUXXYQXvvCFq27A9tBDD+Gqq67CVVddhU2bNuHCCy/E61//ehxwwAEr3bUlUa1WUa1Wl/WaS5HNM6o77rgDZ5999pJf57LLLsNll122KG09+uijTMenVe/qq6/G2972tmW95o033oif/vSnuPLKK/Hc5z53Wa9NRLSUGOAYkecptNoOOl0PrhsO9tOFPtPBBWjPs9LxzQGj3sag4En+t/Lx4Dk9iE2mJASZG56EbdvYM9uAbff8AXFQ/0KfIJJ8fclteraH63qYa7QwUS9BQEFYVhDckEFARfpZHFJBKmXsC5feNQbLIp6uoRcS1YtdquCfqC+JoIyxxKlxH/0T4kyQdNv6cyVUspHUvYjXJYnrboSL2OrxDpWcBKLVNIn6G7YvFYSl1/HQPjdhn6NCp0GwwQrujZLRawz7KY33N4g4KKF1QX9vw4iE/w7E06a0V6ziQ5OD8bivcd8SV6AM3/ve9/C9730Pp59+Ot72trfh9NNPX+kuZdq9ezf+5m/+Btdccw2uuOIKPO95z1vpLi26ZrOJXbt2Les1G43Gsl6Pxsell1460tKuc3Nzuftuu+02PPWpTx26rfPPP3/ZB+ZriVIKH/7wh3H55ZcPfc7k5CSe9axn4eijj45WTgmXKd63bx9+8Ytf4I477oDjOAPb2rVrF171qlfhk5/8JF7+8pcv5KUQEa0aDHAMSUoVTUvpdFy4Xhw0kFIf3KWDF+nn5s/wm3Fzn/5cGeea1zL3J6+bP00l3Uen56Ld6aLRaqPb7fnTRfzogBFIyLoOoA3+YQYTPE+h2Xbw64ceR8EKBrzCHxxHZ2U+9+9teK+j66iweKVKDZ7D60evVX8kEvVNckfUZo0RY+ifnFahXccfuEtjG5L3TWkFWaGt4pLXn5w+RgVSE4EmmXhuBFpk9juY3hZncBjXCIMsQQZHHKjTl7M1s0DCwqf6NJnoKoxozMtNN92Em266Ce94xztwySWXoFQqrXSXMm3btg3nnHMOLr/8crzpTW9a6e4sqptvvhnnnXfeSneDFtEJJ5yAc889d17nfuMb38DevXv7HvO0pz0Nxx9//LzaP/jgg/vut20bjz766LzaTnIcZ6S2Bq3mQf1df/31QwU3TjvtNLzyla/E6aefjqOOOmrgErDdbhf33HMPvv3tb+Paa6/F/fffn3usbdu44IILcMQRR+Ckk04a+TUQEa02DHAMQSkF11Xo2i46HReOK1ODs4UM1gZPNRl8vP5N+aCpMun2FBzHQbPVQavVQadrB4uK6AfGUx+A9Lfy/hH64NW8iOcptFpteK4DBFkcQlgQQsASwWNLe25ZsISAEAVYwdSNrOF51jYj00R/FE2FSKTTJPqslPKvaWRhpK8SthkXz0wEjQBAhIGS5BK1iII0YfBFbyJr6ke0fGtwWFbtF31VkmCD+TzRXvxMX1I3PtfTpgT5ty7sqxml84M72Uu+quC4KACSinVo04AY9BjaRz7yEWzduhUf+chHsH79+pXuTq6LL74YBx54IF760peudFeIcl1wwQXzOu+2227DtddeO/A4pRQuv/xy1Ov1eV2H1p6tW7fikksu6XvMM57xDLzzne/Ei170opEKOVerVZxyyik45ZRT8Ja3vAXXX389PvShD+Gxxx7LPN62bfzZn/0ZbrjhhpFqKBERrUbzK3u/nwi/xfc8hU7XQbvjBsvBZh2bfX7waNgrZh6bt0pHcls4rUPv+yB+ZoqDRrONRrONTteG58nofD2TJDnVJfnHfCXxPwBgCQsFqwjLKqQKYih9sBxcB9HUBbMdpZTRdrqfif3huSK4P0FL0U/9fO1xWCA073rxAD/7mmG2SFzzQhl/jGNV/CfMY0lNK0q+r0pBSfN9UlJqKUB+xkY0hST1RxnPo2tF/TGP18Mc0T0KXlv4fkm9P8Hx+j32C8hqLzc8JrrnAz+ulHDDDTfg3HPP7ZtyvhpceOGF2Lp160p3g2hR3XnnnTj//POHOvaOO+7AW9/6VrRarSXuFY2LD3zgA33/2/2a17wG119/Pc4444x5r1IF+MGO173udfiP//gPnHrqqbnH3XnnnVHNJyKiccYMjj6EEPA8hXbHQavtwHE9mKn50ZEI0/STBgc5RGpfVo0OvXjkoGkp+tf1yXoexjWVgtPzgxuzc004rhs0nswWUEYCR5QUoAUq4iKb4RSTxKAZQLFYBgC4nq1Newh+CK1Ipwr7bWW+Vr02SbQtHoUb+/UgQWrKBmQq20NEU2OkseJKVnuWsOLgjFSAEOnzo0CF0JJFBKSK21dQcVGO6JLK+BlWHE1m6fjTfYLnYf9UXK5DRoEhRP2JXiu0Ip/6/Q3+SReSTXyGwtozQUZHuPaM0o9XIj49eI+VDPuuBbeCTjLGMbqf/OQnuPTSS/Hxj398Qb8E60499VRs2rQptV1Kibm5OWzfvh3btm0bur1ms4krrrgCf//3f5/aZ1nWyPVEPM/DzTff3PeYQw89FEcfffRI7W7evHmk4/c3k5OTy1JkdLWzbRvXXHMN3v/+96PZbA593g033IBt27bhgx/8YN+BJq19Dz74IL785S/n7j/rrLPwsY99bFGnIB5xxBH4zGc+g7PPPjt3yspVV12FCy+8cNmLKBMRLSYGOHKE01I63R6arWBaigSylxU1gwqpEWPWggcq9cAc3CbjEcljU33Qt5s7pRasCA/ypESn00Gr3UGz1YHjukGh1GDCRVDPQV8FI3nNKAgSzdYIshOi22FUwIAQAsViCcICPNcNjhdR2/6g2i+emSoImpQcmecGhRJ9hkoENeJjhBYgGKY9mSwKmshkiYM+CKaq6G+TFhQKD0EiIBNkQOgBr6x6LlFZkPC9EsE7EQZNzBtgvPbwvfLrd2gBn4zXn2pIhQciMziTeZZ5E7SOx5+ftexTn/pUZtFN13XRaDTQaDTw8MMP48c//vH/z96Zx0dV3f3/c+/sM8lkhRBCQiI7KLILKOICiiIFtdYHadVWra11qbXVR/3VWh/rBrVW646+Wqu4PLU+tRVpXVBUFEFlkZ2wBEjInkwyk1nv+f0xc+89986dJXsGvu/XCzNzz7nnfM+ZQXI+97vgvffeS7tU5quvvorJkyf3WPnX22+/HWeddVbSPrW1tVizZg1WrFiRVsz+yy+/jGuvvTYugaHL5cJbb73VKft8Ph9KS0uT9lm8eDHuu+++To3bU/z2t7+F1Wrt0zk7K+Z0hZNPPhkvvfRSr88zUGlsbMQ777yDZ555Brt37+7SGJs3b8aFF16I73znO/jhD3+ImTNn9vl35UQgHQ/W/uQf//hHwjabzYZHHnmkV/IrDRo0CCtWrMDFF19s2H7kyBGsXbuWQgoJgshoSOBIQDgSFTe8vjCCoUjCQ756jRk/Dk90D4z+ARa4/6pP5fWFOozHELT3JTGBMYaODj/a2n1o93UgFApr1sGiMRKxvrxF6lFUGYtfM3dgFZQ9UZuipU5FiIIZMImQq3kAsidCNAdHtFyqoPHKUPvEpmMaeUSXcJM/1TNtu95rgL8/iYDEH/yVLtw+CxD0N8SGiYkYTPaM0FvH4u7Xe74Yf/z6pB1QRSbNhx1ndKy/1jsj3tNIr0IImmGNspzwGP5yGecpwpnCEtxznFFQUIAhQ4Yk7TNjxgxceumluO+++/Cf//wHjz/+ODZt2pRy7LvvvhtnnHFGlxMZdpaioiJcddVVuPjii/HQQw/h2WefTXnPBx980KkKDZnKddddR6VJjwP8fj/27t2Lb7/9Fv/5z3/w7rvvplWZ4qabbsKXX36JDRs2JOzz9ttv4+2330ZxcTEuvvhinH766Rg3bhxKS0s77Ym1YsUKLF++vFP39BT9WbI6GAwmbBvoyU+TeaB9//vfR0lJSa/NfcYZZ2DSpEnYvHmzYfumTZtI4CAIIqMhgUOHfC4PBMLw+cMIBCJJninrHp0z/fEVxoIHDx82IIdR8PcZuO3r+0Qf2nP9+BKzeosZQzgciebc8EbFDcVDQPNEXe8WoLsq6AWIBGVYlfO3XPkEgCDCZBKV+6L/VfdOENRf7ngBQGJSTEeSQ2jUQ7csJGg8BDi7+JAYNTRE164TUwzlBe4jlnUgvjQr308TgsLUGxhnn1EpX2Vwfk7o919nEldZRjt27Pul88jQOx3pplLb48aL2SpAs69CLMGooOyNvCfa+xljEJigvgefR4VSAvFYLBYsXLgQ8+bNw3333Ydnnnkmaf9QKIQXXngBjzzySB9ZGMXtduOee+7B119/jY0bNybtu2bNGvz85z/vI8uIgUI4HMb+/ftx9OhRHD58GIcOHUJzczN8Ph/a29vR3t4Oi8WCrKwsOJ1OuFwuDB06FGVlZSgtLUV5eTkGDRrU43Z5vV4cPXpU8Z5qbm7G0aNHUVVVhb1792LDhg2dPij/4he/wF133YWGhgb88Ic/xOeff560f01NDZ566ik89dRTAIDi4mJMmTIFI0aMwLBhw1BcXIycnBxkZWUhOzsbZWVlcRU0BEHoV6Ghv+jo6OhS20Bg586dCdvmzJnTq3OLooiFCxcmFDjS9RwkCIIYqJDAYUAoHIG3Iwy/P8IlTIzCHzJVdPkqdP2hu0fQixpcu/69IQaih5qrIeYLwIsl3H0SkxAMh+Dt6EAoFNLmmuD6adYmxBJVCmqWBVmMUWQCfWgGL27I5Us5MUTO4cDtinp/rDyt6jUhgM+XoZR65cNgGOcfEXXxUMI/+LATTRgIL4rIVgjqHLxXhQQGUSeEaD4z3R7KIR/8HmhED13ISfxngHi4PvLnJvv8SJBgXMFWa6y8XhYLtRISfQ5cKBbj9lMjbHFiE4slEZEFQtkYo3Ag5Wd88g/CAJvNhvvvvx/5+fl44IEHkvZ94YUXcMMNN6C8vLxvjItht9vx4IMPYt68eUn7bdy4EfX19b1yWB1IPPnkkynLOPYGF110UZ+EqqSDx+PBRx99hE8//RSrV69OWL0hXWbPno358+djzpw5mDRpUo8c6Ovq6jBr1qxujwMA+fn5WLFiBRYvXgwgGgrw+uuv4+GHH8aTTz6Z9jg1NTV45513DNsmT56M9957r0fsPR5IlrB1ICdzbWtrS/r3obi4uNdtGDZsWMK2PXv29Pr8BEEQvQkJHDokiaHDH0YoGIketPU5D/SJGpUDnuEDcUiAejCWx9CLGrGfvBii8ZTQeWNo5QcdnCeAUbLNUDiCdq8PoVBYWwVDRhYNVL1EM55m7pjHirwlceERWrP0V3Sr1rYpnhuiEAtlka+rYTyyhwDv0aGVmPRik5pnIlE6S0X0MGiPK8sqqMf3hPk69KJKIo+e2P7Jv7THJ4bVCinya4mp3xaNoMVguAZlB2OCVXwYkDyXgYmMTyYLMIFFE4aqm6BZjzKgwffQeAtI4UiEIAi46aabsGHDBnzwwQdJ+7700ku45557+sgylfHjx8Nut8Pv9yft19TUdNwLHL/73e/6Zd7Jkyf3u8BRXV2N1157Dc8++ywaGhp6bNz169dj/fr1AIAzzzwT119/PebNm9ctIamiogLz58/vtmhw3XXX4aabbooLK3C5XLjvvvtwwQUX4KGHHsKnn37arXmuvPLKbgk7wWAQO3fuxMaNG/HVV1+hpqYG1dXVCAQCKC0tRVFRESZOnIjTTjsNEydOHPAlbVtaWhK2pZMX6EQm2fdIMioVSBAEkUGQwGGAKAiw2Uwwm3Uu83EKA39INzqw8wc7ff/eRCu38GkyTH4Gr1lElssGSbLGWxPTNqSIhEAwhHA4EnfYTejwwT/RZ+rImkSenIWxZB9KQ9z2qs4YnObC/Zdx4gEfgiFA00f2I5AFmqiQIPdJ4EWgG08Nh+E8Eww8adTZ+CHjhRY9qbwbBIO95MNaZPuS5RGJLSUq4cQ8SvS2KdVhdHupfcO0X/kkipsgMJgtAixmE8yiKamIYbWYIJ6AbtbpYrVacf/996cUOFatWoW77rqrzz0IbDYbpkyZohxCE9Hc3NxHFhF9CWMMb731Fn71q18lPXj2BOvWrcO6deuwYMECPPzww0mfRqfie9/7XpcEjvz8fFx99dW47LLLMHr06KR9Z82ahTfffBPr1q3DqlWrOp1UF4j+/brwwgs7fR8QTcr7j3/8A4899ljCcs1HjhwBAPzf//0fgKgHys0334zLL78cBQUFXZq3t9m7d2/Ctl27diESicBkMgEAvv32W1x99dWGfX0+X2+YlxA51KiqqsqwvbveTulw+PDhhG0TJkzo9fkJgiB6ExI4dIhiVNywWU0p02dkIj4rEArbkeW0JnyazhgQDkfQ4vHC6/XHyuPKCLon8cZeBrygYxRyo3+ar830oRnR2J3AYIy0HAAUD4jUN+gTf8oSRJztRjk4jGxK4+wuCzbymBoPHkEVc+QIEl6ISOYdIfDr5mJZ4oQUObRGZ78mGki/Ln4OzrsJAMwmEU6HBU67FWazKenazWYTRJEEjmSMHj0aF110Ef71r38l7FNfX4/du3f3yy+pqSqbAAM/Np7oPOFwGHfddRdeeOGFPp13zZo1+Oqrr/CXv/yly2VXzz33XGRlZaVV7rW4uBjf+c53cNZZZ2HWrFnIzs5Oex6z2YxzzjkH55xzDu655x589tlnnUpcumzZMsPSzan48ssvceONNyYsC5qI+vp6/PrXv8Yf//hHPProowOuPHAoFML27dsTtnd0dGi8xSRJGlC5JcaPH59Q4Pjoo4+waNGiXps7Eokk/TekoqKi1+YmCILoC0jg0CEg+iRZDr843ghHzNGn6SYT+FNq/INzi3LYbG7xcn0YJInPwcHDeRnw28e5ZCiyCNPm/pCTdQKMEx90mTTj5uIO6nKJW81lbWaUaKiQpI4XlzcDqlcDizqYyOEcynp1OT2itnNeHfJsBvFEfNLR6Hrj15UoP4jeM0Nf+lcVllQxRN4CgRtXbxPktcI4hET19AAQy63CdO2a0rZ8SIooIjvLBpfLBovFpGyY8d8qBpNJPCET5XWWZcuWJf3lFAC++eabfhE4du3albLPQH0aTHSd3//+910WN9xuN7KyshCJRODxeDotgNXX1+Oqq67C22+/ndKTwoicnBwsXboUzz//vHLNYrFg3LhxGDNmDEaMGIEJEyZg7Nixhgk+u0JZWRnKysqwdOlSeL1e7N27Fzt37sSuXbuwb98+fPvtt4pHhcyll17a6XleeOEF3H777d2ytaGhAVdeeSVuvvlm3H333d1afygUSuotYbFY0i6NWldXl1IYqqqqGrDhcKeeeirWrFlj2PbKK6/glltuQVlZWa/M/dFHH2HLli0J20+ESlcEQRzfkMCRgOP7oMV0Z3t9WE30vd1mgd1mBUP0yRbTndsZY7ojK9NWytVEMgjqBXmAOO+PeDu1yPkpEnkrMDCmsVCzNileTUCi47Y8hDa8RtDlnEh8q9yu8e7QhbVKnKijkthNIi7Ti0GSTtnrQ0keyxKbqV+9YXlhnZAV18UgzEVdCYPNaobZJCrSj7aDoOl9PAqKvcGpp56ass/69evx/e9/vw+sUfF6vUl/aZZJVSY3ExgzZgyefvrp/jYjjv548vrZZ5+lVbln+vTpuOiiizBhwgSUl5cjLy8POTk5cf/WBgIBtLS0oLa2Fvv27cOXX36JN998E01NTQnHrq+vx0033YTVq1crIQmd4ZZbbsHll1+O7OxsuN1u5OTk9FmZX5fLhUmTJmHSpEma621tbfB4PMqfadOmdWrcV199tdviBs/jjz8Oq9WKO++8s8tjPPHEE3jiiScStj/22GP4wQ9+kNZYyaqQyOzYsQNTp05N276+5LLLLsPDDz9s2BYKhXDbbbfh5Zdf7vHv4bFjx/DLX/4yYXtZWRnmz5/fo3MSBEH0NSRwnIBwBVfkK/oeyk996VHt0/toPgeNJ4XhWZcTN5LkazCKTkk0VOK5VE8T/Trj1y1PImja+YmUgzkfusEM8mgI/EGfd3Ngyg+lnRc1kog6vCOKoIypbddWZYmuJS4nSRK00koi34r4cRJ5q/BlfRmLugUn9IYyUkuIlBQVFWHkyJEJY+mBqAdHX7N27dqUfWw2G/Lz8/vAmt6lvLy8zyvVDFSee+65pO0zZ87Evffei+nTp6c1ns1mQ1FRkZLw8pJLLsGvf/1rvPLKK7jnnnsSPrXftGkT1q1bh7PPPjvlHB0dHTh27JjmWm5uLoCoUDeQKnDY7XbY7fa4cIaysrKEYs4XX3yBG2+8scdtWbFiBUaNGoXvfve7PT52Z0lHTN22bVsfWNI1Kioq8L3vfQ9vvPGGYfuHH36In/3sZ1ixYoXy3ewu+/btw/XXX58wNAYAfvzjH8Nut/fIfARBEP0FCRwGHM/HLMb0B19B9yQ/2iZJDL6OIPz+IOepAYOezPhYHEvaoISbxA7p0ctyIlKt4qDqLfLIujm50qVatUTvgcKtTbdWjYlxnglyeIdoIA5oQz+MxQPOkyW2Lk0SUM09akiJYbhPbL+SVabRC0aaXVO2lhMigNRfbqMPkxtLn3w0YR6UmG3+QAhmswhBsKjeKsocWm8UVaQhUjFt2rSkAsehQ4cShJH1DkeOHEn6VFBmxowZ/VI+tato/j+VoQiC0Gvfg7q6uqThUpMnT8aqVauQk5PTrXlcLhd+/OMfo7S0NKln0r/+9a+0BI4tW7YMuJwSnaWystLw4BsKhXDvvfcmvdfhcODWW2/F1KlTMWLECNjtdlRWVmL79u14/PHH48JjeH7729/i3HPPRV5eXneX0C1SJTMGgPfffx/hcHjA/j/nxhtvxD//+c+EYVlvvfUW9u3bhzvvvBPz58+HKIqG/VLh8/nwxhtv4MEHH0xa2Wjc35NdgQAAIABJREFUuHG4/PLLuzQHQRDEQGJg/l+/H2GIHu6PVyQmcSXADJJAxPp0+ENoavbA0xb9hzc+qShXIlU/gCBE4y94jwXOgSOaw4JBiP1jbXiA4J76C4IcnKFPbqoLjYHaJOe4UL031MSdcqiNUb6J6IEmEjsQaMuuCgL/3dAdHnXeIRKTc2ioHUTVGEW4UEZjctiQto+8y5IimnD2QvUqUT4NQfupGhZDMVi70knRQWLVVBIILInK3vICEGMMza0+SIzBnQVYLOaYSGX8zRESVKUh4kmVbDAQCMDr9SIrK6tX7ZAkCWvXrsXDDz+M+vr6lP3TdT8fKLz22mu98iS8L3n77bdx+umn98rYqao93HDDDd0WN3guuOACzJ49O+Hhdvfu3T02V6byz3/+Exs3bkzYfu655+KBBx7AyJEjNdcHDRqEmTNnYvHixfjd736Hl156yfD+6upq/PnPf8att97ao3Z3hmPHjuGjjz5K2e/QoUPYsmULpk6dijFjxmDr1q2G/davX4+f/OQnPWxlaiZMmIA//elPuOaaaxL22bZtG6644grMnDkTl156Kc4880xUVFSkDMUKBALYsWMH1q5di1WrVqVMsJqVlYVnn332uPCwIwiCIIFDRzgsoaHJh3BYQvKcALpH1QpG3gRabwP1qTdL4BGQaN74UJDET+Y4/wfuKXtbmxdHa2q1YQN6ZwgGRCQJoVAYkYikPeQKaic+J0dsItU4JYumaqzE1G6MMTBJ0ogkymv5XiXUQitI8EEafHUQeQxeNNCev7Wii/5wzgsKWm+C+D3W2MgtX30bHxcTFSNk0UaIW4+aZFX1FuH3num/arEFayrCyN114UeyQMSj9+5gjGn6SEzinGeElGEvRklOIxEJnrYO+DqCUYGH+8rp/y5YLWbk5bhgSVFthUBa1Rs8Hk+XBY6jR48aVl1gjMHv96O1tRV79+7F3//+d3z22WdpjVlUVIQFCxZ0yR5iYJIsLwYADB06tMfnHDNmTEKBI1nZ0BOFv//97wnbKioq8Oyzzyb1vigsLMTy5ctRVVWVUER45ZVXcPPNN3cp30lPkKpUNs/atWsxdepU2Gw2lJSUGPbpz0SkS5YswZ49exLm45D54osv8MUXXwCIliieMWMGTjrpJGRlZcHlckGSJLS3t8Pj8WDnzp3YuHEjAoFA2nY8+eSTVB6WIIjjBhI4dDCJwesNIhyREvg3dA8BiJXiZPxZ23AeQfEg0B/dEfMo0IUf6JHHFzmBw+tHi8enHLwF0SgcQ7VVp2BAnwciKUp4hsacWJOB5wgvKDD1wJ7wc9AJM6k0IsYkzWV9iEzCtfEhFXw+EtkTJm4uVQCSx4v3GDFYv8RXQjFYNfdWE75i9P1hfNhPtBMTtL30IUHKFBpPEq6FqWsQ5DVy9iB2RR+2EgyGEQyGNbYbhbjYbJGMDwfoK9IRLtra2ro8/s0339zlexNx3XXXweVy9fi4RP+RKjdAVVUVZs6c2WPzMcawY8eOhO0jRozosbkykYaGBrz77rsJ2x988MG0QkvMZjP+53/+B+ecc45hzpMDBw5g+/btmDhxYrfs7Sp/+9vf0u67atUq3HjjjQM6r8SvfvUrlJSU4I477kirilBTU1PCCiydZdiwYXj66acxe/bsHhmPIAhiINC1gL7jndjDe8b9lP/I7ZprsVOh/hrjDul8W7TMKu9pEP9HuT922FW9EdSwBynm0h93b+zEK4cJKPPJf6SoVwYDU8JVjHJO6MdWPSCif3jhgkGdT4lbj/1hSugB5xWhy8PBzyW/EGKbwxg/NpS901/X7iVTPxvVQHVPlH2V9zn+c+LH0qxFt+/8HEyKeqYg5qGi3RPZRmbwR/fdkPdFv6fyNRjfD95m8G3a8QABksR030XBYFxuz7jvCpPFDQHqdykWLiNJkpJcVN0vxmkmzHB9/NeDSE4wGEzZx2q19oEl6XHOOefg+uuv728ziB6muLg4aftTTz2V0sujM7z99tvYsGFDwvaxY8f22FyZSLIQnfz8fJxzzjlpjzV+/HjMmjUrYfv27ds7ZRsQDVmqrKxM+Od73/teyjG2bt2KdevWpT3noUOHUpbV7m8EQcCyZcvw7rvv4uSTT+6zec844wysXr2axA2CII47yIPDCIHLnRB99K485Y/TARA7k+lyTvCHWdVFg4EJ2ifjcthBXDlSTafYk3FufuVwyR185Wf2TK72oQt/USpxCNpcFkp+Cs3iOHt03hHcdmh66sNlNFvFDcDPk+hMyxDNyaDMr6xPPhjrfBzUDjFhJLY2zaiCmqNCYmACH+Kiq+EqqAlRZZvj8k2AF38AgRtPLtPKfw+i72URABBF7ecQt39M99mBEyr4BUe/gNHvjaC9XzOeFG+fUnKXGexW3Gcse20wdSzl+6gKFvw9yhjKd9ggNEgj3BDpkI53htvt7gNLUnPKKafg6aefhtPp7G9TiB5myJAhuOiiixIeILdt24alS5fiN7/5DWbNmtXlZKcejwcvvfQS7r///qT9Fi1alNZ448ePT6vqT2e45ZZbEuZ4+PGPf4ylS5f26HxGXlzJEkjOmDGj0yElEydOTCgmpJNzR4/dbu92RZCnnnoqYVtRURFqa2vjrj/55JNYsmTJgE02KnPKKafgyiuv7NHyvslYuHBhwrAdgiCITGZg/9++n1CeOPO+/3Enaf4opr7Xh43IB7qoW3784Y6LCdBe4pz/tVe4+Y2G4k/+ysk79lLQPvnXrzn+l8/oNTWxpnpaZUzQmM14MUJ+Gp/ql1l9/VbuOh8+Ep97w4jovihLByDq91u3bepnwx/MuTVCFVmipsR/fkpi0pgJRiEW/NCaXCK8CGa0InlQ3n5uucpep4n2s9TPZazcKeKWEFsrdz/jvl9Kmz6cR/81FjhxRvedI3kjfTweT8o+vZ1gNB2mTZuGZ555JmVS1IHKhAkT8OCDD/a3Gd1i2LBhvTr+j370o6RPyDdt2oRFixbh1FNPxaJFizB+/HgMHz4cBQUFyM7OhtVqVapDhMNhdHR0oLm5GXV1daisrMSGDRvw1ltvpfzOT506Ne1kqm63u8fDK5L9fSsuLu6TcI5k3jJd8W5JFvLTFYGju2zduhX/+7//a9i2ePFiTJo0Cb/97W8N73v11VczLskxQRAE0TVI4NAR1QX4p+R8i/pam1eCxXVRzqaCGtKgqaqhyR/BjRd3qNUPyl3T9DVwqdC9l+dWq6jE7kygM0SvMTAmIRgMos3TijZPC9rbPAiGgpCkCETRBLPZApcrC1nZ2XDn5CErK9vYDp1JIucdoZ/T+I70n/7JIkc6AkBcnwRJP/h+QswfQe+xwA+i8YwRoh4UvOiiF5V4wUCTUVTzeRvYJHAWJVpuXEoNhkhYgtfbhtaWJrS2tsDn9SIcjsZbm81m2B1OZGVnIScnH9nuHNjtjnhdLzYoH46lNPO5Qfivsd6bh1elSORIi1QZ8YuKimCz2frImnjy8/Nx11134YorruhXO7rLxIkT+y3PQKYwd+5c3HTTTXjiiSeS9tuyZQu2bNli2GaxWAxzPaSLw+HAH//4xwEVltUfJPOSamxs7PR4yQSTvs6nEwqFknrwXH755Rg1apShwAEA9957L+bOnYuysrLeMrHXKS4uxpw5c7Bt2zbs3LkzYT+LxYKJEydi7NixeOWVV/rQQoIgiIEBCRwG8M4PyfrIKIdYvaeB/OhbfiuHLcQ68eEHmukMhAs+vIE/raoeI3G3GNstJ2qInSqVcqix62olD4AxCf6ODrS0NKKhrg7Hag7jWM0R1NfXoqPDh0gkDFE0wW53ID+/EIMGD0FxSRmGlpTC7c6Fw+GCxWKBIMo2aj1dZKFFFOWn/4Lm0K94pCjLUr06eB8Zvp3fBwZuSwTVW4MXMHhPEaWPgabEJ97kK38ojYJegNF5hrBoP0njEcJ7vvBiierdoA9hkfNn8N4oAr9ogz7KkmOeO8FgAO1tbWioP4ba2hpUHzmEmpojaGpqRDAYABiD1WZDTk4uCgoHY2jJcJSUlKFoyFBkZ+fAZrNDNIlQK65wtVeUF/oKNtzOJPRYIXEjHQKBQMIqEjL9mWzR4XDggw8+yOiDBNE5/vu//xsejwd/+ctfunR/d8SN/Px8rFy5EuPGjevyGDLr169Ha2trl+5NJiDs2rUrafLPZEyfPj1tD6iCgoKEbZs3b+703Lt27UrY1teVR1588cWE1VOGDh2KuXPnwm63Y/78+Xjvvffi+rS0tODuu+/GypUrM1Z0raiowNNPPw0A8Hq98Hg88Pv98Pv9EEURDocDDocDbrcbNpsNkiSRwEEQxAkJCRwJ4A+eqfopD9HBew3w9wmaw56+XX1v+IheY496Tc0Jog1VUPN9KO+hhhrweR3UcRnXJ/pakhiCAT8O7N+DTz/+D7Z8sxHt7R5EIhGoh1ftHgmCgKzsHAwvH4EzzpyPseMnoqBwMESYuGgVeT1QxBRJYnFP+Pn8F/J8xiV1VdFCXoosIsmCEmJiily9hneIUD1ntAlPBQCCIKoyCgMYJ1oo98bWoNbAVX9oBRim+UoIquXR1pjYI8Q+KHV/hZiQof08+c9NI1npXSZ0X6lwOIy62mps/vpLvPPPv6GxsQ7BgF8TZhPbRGV9NqsNRUNKMHnKaThjzrkYVlYBV8xLhw/RkbdCo/vwpWPBhfPEViR7tAhcCVkiOfv27UuZaT9dV/1E5OfnJ6w6UF9fn/RA2tHRgU2bNh3XAscNN9zQ5YNwb3H11Vdj/vz5/TK33W7H8uXLMXr0aNx///1pVYLoCaZPn45HH30U48eP75HxnnnmGbzzzjs9MhbP66+/jtdff71L9/773/9OW+BIlvR127ZtqK2tRVFRUVpjBQIBfPnllwnbezv0iWfr1q34zW9+k7D9qquuUv5/tWzZMkOBAwBWr16Ne+65Bw8++KASFpWpuFwuqkpFEASRABI4jNC52xvlBlBLXXLJBXRP3KNDMS4zBLj8FOpU+lwKshghcF4D0UMgb16ip91MebKvtUO+N14w4ZOIMsbg93egcu8ufLv1K+zdswO1NUfR1taCSMS4jCd/rb3Ng/2Ve9DmacW+vTswfsJkjBl3Mtw5eRBFkzJfVLTQjaX3nODWDAbo0oBGx1JuE5RDssR7qcivOWGH8TdyHiu6FBdgLKIm5dTMFWeueoVx/QTujpi6lMg7JW7M+Bdg6pcitnj1g+M/b1WUU+cPBoNobm7E1xs/x/Zvv8aB/XtRX1eDUCgYF7Ik2yuPGQj4cazmCD77tB2Hqw7g5IlTcPLEKRgxchzMZjMEQVRN1Yg4Aje2wH2WqkAkKd9PljA/CKHlww8/TNln2rRp3Zrj+eefx1lnnWXYtnz5cjz00ENJ73/ooYdw/vnnH7e/gH/zzTfYs2dPf5uhYfHixf06v8lkwk9+8hNceOGFePzxx/Hyyy93yzMjGSNGjMCtt96KSy+99IQPS+EZO3YsRowYgcrKSsP2hx56CH/4wx/SGuv555/HoUOHDNssFgtmzJjRZTs7w/79+3H11Vcn/C653W4sW7ZMeX/BBRdg9uzZCb3cVq5ciby8PNxxxx1dTnpLEARBDGxI4DCAizZJmA9CrzEwMN2BVfu4PvGTdW2JU63YoD1SG9mkr3BiOEUK+Ps9nhZU7t2Nrzd+it27tiuH4HSJRMLwtnvQ4fOivd2D1pZmtLW14JRTpyMvvwAWSxddQ5MtRvF6MNgIvVcBEBeiwnvfpJpen0Q24U1xakjnDu9ab4wENjEWJ8oYdEJHhw/Hao5g89cb8PVXX6DqYCU8nhZjYcMASZLg93fA7+9Ae5sHnrZWeFpbEAyGMHLkGDicWXFpQ3gbeTGPvxb3d4hCVFISCATw4osvpux36qmn9poNP/rRj7By5cqkFRsqKyvx6quv4tprr+01O4iBSVlZGVasWIE77rgD7777LlavXo1169YhEAh0a9xhw4bh/PPPx6JFizBz5kxYLJYesvj4wWQy4eKLL8aKFSsM21966SXMmjUrZTnWjRs34oEHHkjYvnDhQuTl5XXL1nQ4fPgwli1bllBoAaLhUbznitlsxt13342FCxcmvGf58uU4duwY7rvvvgFTbYogCILoOUjgMEDxwVA8CBKERghc/7izme7Je8JZdFdZ6j5qm2B8COZzL2jyRXDhAgbCSHt7Gw7s34vPP30fO7ZvQVtbKyLhcBIbEljGGCKRMOrrjsHn9aK1tRmiyYwJJ09GQWERV6qOi2WIvee9VKI2CvzAAOTyqvwuGO+xtkKH7j1jSk4P2aNDk+NCN64+7EV1/lA2WmdD8pCjRBVmhFifaJEaIW6H4j40ziMkLhcMY4hEIqg9Vo3NX23Ahx+uRt2xavj9XXcf9/m8OFC5B+1tHvh87bBaLCgdfhKcTpc2iW68Ow4k8GViBd3fH7lyEZGMN998E1VVVUn7zJ49u1fj4wsKCvCrX/0Kd9xxR9J+y5cvx5IlSzK2ggrRPQYNGoQrr7wSV155JbxeL3bs2IH9+/fjyJEjqKqqwurVqxMmsZw4cSJmzZqFsrIylJSUYNy4cTjppJMyPqygL1i2bBmefPLJhGFCP/3pT7F27VrcfvvtKC8v1/y72NDQgOeeew6///3vk85x/fXX96jNRmzevBk33HBDUk+p0aNHG1ZGmTlzJpYtW5Y0/8Rf//pXfPvtt3j11Vd7xF6CIAhi4EAChxF8PobY4SxR+U996VDjPBG9YiTiYgL4ptgLFju9R8Ua7QGcf88YULl3Fz77+D/4/LO1PWa/19uG/ZW7EQgE4HJlwZXlhtOpdVuXQ3Sieynbo0gXcXusdzwwTtQp942vVKK+lSucqHkvBE5hYfp+uvl0rjnqfWpr/GtufH07BEHJxaF8tHKIjCYvCYs6p3D7BQFKnhFZMIAgwOdtx/Zvv8GHH67G4aoD6vjdIBQKovpoFepqa2AymXHWuRdi9JiTY8KT3l1GRRGJFG8nAZq9ZSxuOwmVffv24e67707Z77rrrut1W5YuXYpnnnkmaTWXhoYGPP/887jzzjt73R5iYONyuTB9+nRMnz5dubZ///6EYQTf//73cc011/SVeQpZWVmoqKjo0zkjkUhK0bIzlJWV4bbbbktaceSNN97AG2+8gUGDBmHq1Kmw2WzYvHlzUk8Jmf/6r//q1fAUSZLw0ksv4a677krp9XPPPfckrBzz//7f/8OmTZuwe/fuhPeXlpYiPz+/W/YSBEEQAw8SOOJgkBiDxKS0YjyMSpwaHbR7HlUASNxDLUvKIFdGib8vHA7j6JFD2PL1F9ize0dS200mE6xWK9zuHJjNZoTDEXR0+ODzRauqGN0bCoVQU30YX3z2IUTRhMlTZ0IQROWsHxUheNti9uvymUThK76ISWw19qDRl3VVBamodqAJ22AJHS3kwWST4j8GOc+ETqBIai0/nixKcXYzAKJmDQIYYolUmTonEPU0iUTC+HrTeny9aT1qj1UnFDcEQYDFYkVWdjbsNhsYA4LBAHw+HwIBf8JQlkgkjG++3gC3Ow8OhxPDyiogCiKnrxl7LqmaklYMIXEjMQcPHsRPfvITeDyepP3GjBmD888/v9ftcblcuP322/HTn/40ab8nnngCS5cuRXl5ea/b1Jc8+uijCHfBu6273HjjjThy5Eifz3ui8NRTT/X5nC0tLT1e9ej666/HF198gffffz9pv/r6eqxZsybtcU8++WTce++93bQuOTU1NXjkkUdSihs333wzLrjggoTtgwcPxosvvohFixYZegoVFRXhgQce4DxKCYIgiOMFEjh0REUAKVq2tFvj9MVpLbm4ES3FypT3sl18mIokSejo8GHv7u04cGAfWlqMS92Jooji4mIMH16OsrJy5OXlw2y2IBAMorWlBcdqa3HwwD7U1R2Lc41lkgR/hw979+xE4aAhKB1+EgoKBmvcjY1CG3jxIX7NDGrZ3MR7w9+bKEEqL0h17XNLLjR1alxZrEgg0ChlZjVlgxGnDgSDQdTVHsW2LZtwYP9eBBKEpTgcDpSWDceIEaMwdGgJHHYHJEmCz+dDa2srDhzYjyNHqtDc3IRIRHugY4yhvu4Y9u7djqElpSgaMhRmsxWCKCQXcxI0JPP+OFFhjOHjjz/GTTfdhOrq6pT9b7755j4rgbhkyRI8++yzSctPBgIBPPHEEyld3jONWbNm9cu8iZ5WEwSP0+nEU089hcsvvxzffPNNj4w5dOhQvPjii71eHrakpAQrV67EJZdckjCx6OLFi9PyDBs7dixWrlyJyy+/PG6s3//+90mrzhAEQRCZCwkcBvAiAGAc+qDJTKnLeZEqeaNSFjM2AB8awSBXXemEvdw90VKokmKHfJ0XOFQ7ou6x3vY27NuzAw31xxA2+IXCYrFgyJAhmDX7DEydMh3Dy0fAYrVDYgLCoTA6OnxobKzHls2b8PXXG7Fnz87o003dnjU3NWB/5R6U792JnJy8WPZ7wTDMh88bol8tv4/R/oA+jIQXd7ReGEZ5ImSRg6+VwosrzMCTQ9B4Khi1R5skbX/ZZqiVWeSSrHK7UgNFDlnR5RLh5xSg6xO7v6PDix3bt6Jy3240N8WLVlGvDQtOmXgqTjttFk45ZRLyC4ogQEQ4IiEUCiIYDGD3ru34atMGbPt2C+pqa+L+HoTDIRw9UoXKfbtwyqlTkZWdA7Ng5rxX5DAgbU4T7TDR1VMODpXGxkZ89dVXeO6557B27dq07pk2bRq+853v9LJlKlarFXfccQeWLl2atN+f//xnXHXVVZg4cWIfWUYQXWP9+vWoq6vr0zm9Xm+vjFtQUIC//e1vuOuuu7pcolbm7LPPxmOPPdZnpWFnz56NRx99FDfddFNc2+TJk/Hoo4+mXT1n7ty5eP311/Gzn/0MNTU1AKKJkpN5fxAEQRCZDQkcBkS9/Y2foAM6wUMXRaFUjdDrIZrqKNqb4q53snIZ0x/65XwMEFRhg/vJ2x8OhdHW5sGhQ/vhaW2JG1sURWRnZ2PhRYtw8cWXoWhIKQ4crEF1bSPa2ztgNptQkOfGtGmjMGnSNAwtKcXK559AS3Oz6m0QQ5IkHDl8EF9t/BQTTpkCi8WiCDsCX1JVk2xUK1KoDgxc2VGDfCSJ7tN6iMhtvDgice1y7pJoH/Veo9wgau4VQeA/b8bdwc3JHfzlfBQarUwRNxATLQRNIlM5/4ZazUUbetPe5sGmLz9FY2MdJCkCPRaLBYWFhbjxxlswceIUeNqDOHioGnUNzYhEJGRnO1FSXIKLRo9H2fCTYLPb8e81/4oLQ2KMoa62BpWVu9HUWAe7wxlz+ZW/ezHBhgFGTlFqyWB022sqE3jnnXcMk+YFg0G0traitbUVO3bswOeff96pcfPz8/HUU0/1+RP+efPm4eyzz04pwjzyyCP461//etyUZfzud7+Lbdu29fm8ySrXEN3n9ddfx8svv9zfZvQYubm5+NOf/oRzzz0Xf/jDH7Bz585O3T906FDccsst+MEPftBnnmEyV1xxBSorK/HYY48p1+bPn4/HHnsMubm5nRpr7ty5WLNmDX7+85+juro6rVxGBEEQROZCAocOQRBgs5oRCUuIRIw9MQzzbugO12odjpiooNdDuCf50ffqdb0Xh6YkKX8+0Hh+SNCf4Q1LmXIeCYwBrZ5m7N65FW2elrgQBAAoLi7GGWfMwfnnL4QEG3bvPYyW1nZIkgSbLSpQ+DoCOFhVA7fbiXHjTsWyZdfirbdeQ13tMQSD2jjaUCgIT2srmhrrYbPZYLM5wOdlgHZX4jwjeOFDfm3s8RGfsFI7B2LhSOCSrfJii+x9IXt8SFwf1RtGm0dEFTni5o4TRBg3Ni9AyXlEY2vh2gUunCaZFOBtb0NN9WHU1dYgaBDHnJ2djZNPPhlXX/0jlJSUo6a2GbX1LfD5/LCYzTCbGSIRCbV1jWhv9yEvvwizTz8HtbW12LVzG9rb2zTjSVIEbZ5WHDxQifzCIlht9uhKDEU+nZcNk3OpCjCZxOPmAJyIdEq8doUnnniix+P400EURfzyl79MKXC8++67+Pjjj3HWWWf1jWG9TCAQOKHEBkmSEInEC6XdHTMRkUgkYXhCVzGZTCdkFRZRFHHppZfioosuwvvvv4/33nsPa9asQX19vWF/h8OBBQsWYN68ebjooouQlZXVxxar3HHHHdi/fz/efvtt3Hbbbbjtttu6LLQMGzYMr7zyCg4fPtxpgaS7rF69GrfeemtafZN59GzcuBFjxoxJe95U3sT33Xdf2uGDTz75JObNm5f23ARBEP0JCRw6TKKALJcVoVAYkUgkrcSH+uOm0fuE+Qig1yziD4aGQkXc+ySHXq5BDr+RPSC87W04dCCao0Ev3FgsFowYORILFy7C4KISNDa1w+vzAwCsFgtgiXUUgFA4BL8/iCx3Lk6ZOBU7d26Dv6MDDQ1ad99wOARvexvq644hP78wJnAkMRi81wZSXtcKH9r++lAV/hpfZca4KkvyL0L89yQdb4TOeyzoBRIjvN52NNTXob3dEydaCYKA4uKhmDp1Ok47bTYamnxo9bQhFArDZBKj3heKlwlDIBiEy+lA2fCTcM65F6CutgY+n1fzixNjDO1tHuzZ/S3GnzwZ2e40fnkUBI2Hj8ViRnaWA6J4fAscvcEjjzyCBQsW9Nv8M2fOxCWXXIK///3vSfs99NBDOP3002GxWJL2IwYe77zzDq6++uo+m+/OO+/s8eo7q1at6pMEvAMVm82GhQsXYuHChQiFQjh48CCam5vR3NwMSZKQk5OD3NxclJeXD5hcL1arFY8++iiuuOIKzJ8/v9vj2Ww2jBw5sgcs6xyRSKRHBNFQKNSjwmpHR0fCcsJ6elrgJAiC6E1I4NAhigLcWTb4fEEEg2GEI2lWU9F1kqJBCAlv1QZkAHGHet17OUsDk+Rym9rDOHf5CjtMAAAgAElEQVSjOgF3rz5URabD58XRI1UIheOflmVnZ2PUyFE4beZs1NZ7EA5LsFhMsFjMOnWBD38RkZtXgLHjTsGhgwfQ1NSgOQxHItGqK00NdRrvDqMH93wejfg23uslukrtXvBJUrToPTnkuYyEFa3HgTyeoOmjvo4PfzGuCmO0Xt4zRGu77OGg+Z6waJlfbYLUaJO/w4eWliYEDSqgmM1mlJSUYNz48bDaHejwtyAcicBuj49nVnOBANnZOTjttDPw8Uf/QUNDLXw+n6avz9eOA/v3IRDoUAzReJsYqVOywaIAu92CQQVuymjfCQoLC/HMM8/g7LPP7m9TcOutt6YUODZu3Ih//vOfuOSSS/rIKoIgjLBYLBg1alR/m5EWeXl5PSJuEARBECcOJHDoEEUBTocVTqcV/kAQoXAkLgRFQ4JyEbLXhj7Jp9EA6SZX1JY4NZw08X2aM7MA+YK/w4faY0cRDsWHpwwaNAjDhg1DdnYWDh9tgmgS4HTYYmVJ41UCxhjMJjMkQUBZWQVy8/JhsVgRCPjVPpKEYDCA9nYPwoqook/syTQCRjroE7eqYkFsBsVkQQmV4OcQRSFuPt6TI178YDoRQ98uX0vsaZFkNRp7oyV+5XF0QpqkFRMEQYA/4IfH04JgKGjolVNYWIhBg4rQ1OIFBAEOTtzgw2zk16IoxDwssnHSSaNw9EgVfL5DmnEDAT/q6moQDAajJXH1iXk5zyH+WjRfiYhslwNFg3NhNpEHRzpMmzYNTz75ZL88jTRi/PjxuPbaa7Fy5cqk/R566CGcf/75cLlcfWRZ3zN+/HiMHj26z+ctLCzs8zlPJM4++2zMnDmzz+elz5UgCIIgOgcJHDoYix7oct0OCADMpg74OoIIhyU1P4YuyahgIFLIwoaEBHk8NK8SqCSa/twdkl6wUCZVSRB6qQ+5iEgRBIMBGJVczc8vQH5BIQABZrMJdrstpeogCCLCoSAcdiesFktczDNjDJIkIRwOQ4pIOq8Gfe4KvccD7+WgPYzLP6MhDoJBHgytsCGPxych1S+NFz20yUS5z4JF7dQLMmq4i3Yd/H1afUj7Qar3iVyb1gajvWKMIRIOIxwOgUlSnMBhNpvhcrmQne0GGGC3WWExc14TRsqSIMAkmiCKArKy3bDZ48OKJElSPEa04g9nocQAUVQ8UsxmMywWEYUFORhSlAubzXzc5+DoLpMnT8YvfvELnHfeeTCbB9b/vn/2s5/hr3/9KwIGeV9kKisr8eqrr+Laa6/tQ8v6lssuuww333xzf5tB9DBnnnkmfa4EQRAEkQEMrN+QBwDywddujybQtFpEeDus0aSjkpTSq6ClpQWffPIJAoFAfPhIL2EymVBeXoHy8uHIz8/XNupCVjwt9fh642eISFHPlL27tydMRCUIgCgAJpMIh8MWEytS5aIQEACDJEWUw64es0lEjtuJoUMKUDZsMDehgc3ca02oDYu/LUlF2dh6tEKUAH1VEqbITQAgiAKYxNDW3o5Dhw7hwIEDmnhVwUhk4i4Ztes0FwMbVVtNJhNmzJiBkpISbR/dQpuamqL2HTyASDiCmurDqD1WnTC8B4jmmpE9N1KXNQYAEVIkKp5ICWJxTSYTigbloXRo9ImjvH+CGNvn2OYKiCa+s1rMsFktyMlxIsftgkk8/pOMdoXCwkLMnz8fCxcuxPz58wecsCFTVlaGW265BY888kjSfsuXL8eSJUvoyTRBEARBEATR4wzM35QHANEDoBk2qwsuZwRhSQKTWErRwttWj4/XvouGhoYezwJvhCAIsNls+M6iRRh50hAUDcrWdtBl4qzc244Nn3+ItrZ2RCIRtLY2JxxbTkBmMpmQ5bTDYjYlPTQDgMQYwqEgvF4vAoFA3OFZFEXY7TYMLR6MivJiVFQUK+uQk07qU13IXjXqkuKrlMgOHvJlUc7fIfC5JOLDL1jsvcgnvYw5yAhiNO/F0SNHsX1rLTZ+sRYNDY1Ksi19uAVLMAdvd9x93HW+zWQyITc3F3NmT8HI2B4ZI0AKt+OruiqsW7sGfr8fXm87WpobDb1ywuEwvF4vfD4fhmc5YDKJCIdTCxyRCEOHP4iWlmZ0dMRnebdYLMjLy0VZ6WBUDC9S1qLZa279ghBNLGoxm2GzmmE2n9i5N2w2G0pLSzF06FAMHjwYhYWFqKiowPTp0zFu3DhYrfE5UgYi11xzDV588cWkifAaGhrw3HPP4a677upDy/qO1tZWVFVV9dv8paWlPS4UWiwWDB06tEfH7Gu6m99n69ateOONN3rIms5RUlKC008/vV/mJrrP3LlzsWnTpv42o1sMGjSov00gCIJIGxI4khB9ii7A4Ui/tJzVAlQfPYjdu3ejvb29F62LYjKZkJ2djfnz5sJhNyPHbVSVRMVsklBfexSHDh1K6koOAAcPHsSBAwcgCiKcLjvMFlPC0rkyoZCEVglobm6E1+dFOKzN7SGKIpxOJ8pKS1BSPAhDBucnGGng0NHeApMQxqEDe1FVVRW3pt7A4XBg7NixyHbZUu5R3TE7wkEv9u3Zjra2tqTZzv1+Pxoa6lFXdwzTZ5wGURAQCifLji4gEpEQDIbh80VQW1sNj6c1rpfT6URFRQWKiwpQNKhvS/ANFJYsWYIlS5b0txkp6U07CwsLsXv37l4Zm8fpdKKxsbHX5+kKjz32GB577LF+m7+6urrLpTQTsWDBgn6t1DMQeOutt/DWW2/1y9zXXHMNCRwZjNvthtvt7m8zCIIgThhOvKLwvYzL5cK0adOQl5fXJ/OZTCY4nU4MHjw4rcR9eXl5mDJlChyO5EIIAAQCAezZswfvvvsOwsEAHHYrnE573B+X0w6HwwaLxYJgMIhjNdXYtu1rNDU2xHkRmM1mZGVlobi4GHa7vcvr7ktcLhfKy8uRk5PTZ+EBVqsVo0ePTuuXopycHJSWlsLlcqV8SilJEg4fPowtWzajtaUFZrMIl9MOp9Om+eOSP1e7FaIoor6+HmvXvoejRw/D7/fHjZudnY2xY8dmzGdKEARBEARBEMTxBwkcPYzL5cL06dORn5/fJ/kE5KoYZWVlyMnJSdk/Pz8f06ZNQ1ZWVkr7JEnCwYMH8Pbb/4cdO76Fz+uF1WKG3WaB02GD02GDw26F1WqBKIgI+IM4cOAAPlv/EXbv3oG2tta4kB6Hw4HBgwdj+PDhcDqd3Vl6n+F0OjF8eDS/SU8/GTVCFEVkZ2dj2rRp8TlVDHC73SgrK0NeXl5aAkxdXR02bdqENWtWo6GhHiaTCLvVCofdBqfDDqfDDpvNCrPZhIjEUFdXh21bN+Ojtf9GU2M9JEnr8WEymVBYWIjp06cjKyury+smCIIgiL7GbDajoqLC8E9f/JtPEARB9CwUotLDOJ1OTJw4ESUlJdi3bx+83vh8BT1JVlYWxo4di9LS0rQOl7m5uTjllFNQVFSExsZGTdJMI+rq6vDpp58gP78AwVAYEyacjMKCglip2Gh+hlAoDI+nHTt37cKnn3yMTz7+ADXVhw1DYPLy8jB69GgMGzYsLS+SgYDdbsfQoUMxatQo7Nu3D62t8SEaPT1fcXExJk2alJbAkZWVhWHDhmH06NGoq6uDz+dL2r+trQ27du/Cm2/+L0RRTmQ6DA6nU6k0I0kMoZCE6iPV+GrTRnz88QfYuuUrw++zy+VCaWkpJk2alDGiFUEQBEEAwBlnnJHxOTIIgiAIFRI4ehibzYby8nKMHTsWu3fvRmVlZa/NJQgCCgsLcfbZZ6OoqAgWiyXlPS6XCyNGjMC4ceNw7NgxHD16NGn/UCiEmpoavPbaKjQ2NcLvX4LTT58DSQIiEQnhcAQ+nx8HDx7AG6+/gk8/WYva2mOGyVgFQUBZWRlmz54Nt9vd7aRvfYXZbEZubi7mzp2LXbt2oaqqqlcr5OTm5mL06NFpe7lYLBYMGTIE559/Pvbu3Yv6+vqk9jHG0NrSgvXrP0NTUxOqq6tx4cKLMKykDBKTEIlICIUlBAIhrPvkY7y7+m189dUGw9AUABg8eDBGjRqFsrKyjEmGSRDdIT8/H6NHj+5vMwiCIAiCIAgdJHD0MCaTCTk5OZgyZQp27tyJw4cPIxgM9spcRUVFmDJlCs4999y0E1hZLBYUFBRg1qxZ2L9/P+rq6lJWe5EkCW1tbfjg/few/dvtKCsbjqKiIXA4XQgGg2ior8P+/ZWoqTmK1tb4sBSZ0tJSzJgxAzNnzkxLjBlIWK1WnHnmmdi0aRN27tyJ2traXpunvLwcs2fPRkFBQdo5P3JycrBgwQKsW7cO1dXVaSVgZIzh4MEDeO21V/DJJx+jpGQYCgsHQRBEtLS04OChg6ipPorGxvqE32G73Y6xY8di6tSpyM7OjpUSJojjm7/85S/9bQLRCyxfvjxlmeP+IJPKZ1955ZW48MILDdsyvRIPAIwePRqrVq0ybKNEogRBEAMDEjh6GEEQYLFYMGnSJOzfvx+HDh3Crl274sqldneO7OxszJgxA+eddx5KS0vTfnIuVzE57bTTsHfvXtTV1WHfvn0p7wuHw2hsbERrqweHD1fB7XbDarUhEolEy5K2tCASCRuKGyaTCW63G2eddRbOPPNMFBcXZ9xBWBRFDB48GHPmzMHRo0fx73//Gx6PJ2nFkq5QVlaGGTNmYNasWXC5XGnvk1zGcf78+WhubsZnn30Gj8eT0tOko6MDR44cRn19Hfbt26vkZuno8KO5uQnBYHypXxmTyYSRI0di1qxZmDRpEiwWS8Z9rgRBEDLkgdZ9pk6d2t8m9CpFRUU4//zz+9sMgiAIIgmme++9997+NuJ4QxAEuFwuWK1WhMNhpSRrTxyGeQFl8eLFmDdvHgoLCzv1hEdOYmkymdDR0YHDh6P5MtIJu5AkCYFAAB6PB83NTWhtbYHP50t4CBZFEW63G9OmTcNll12GWbNmITc3N6OeSMmIooisrCxYrVbU1dWhsbERwWCwR8JVTCYTCgoKcN5552HhwoWYOnUq7HZ72vskCIKy14wx1NfXo7a2Ni1hjTGGcDgMn8+LlpZmNDc3o729DeGwsWAFRA8CRUVFWLx4MRYsWIDx48fT4YAgCIIgCIIgiH6FPDi6QDoHWqfTiVmzZiE/Px/V1dX45JNPcOzYsW57clgsFuTnF2Dx4iU455xzMWxYKSSp8wdslysL8+bNh9PpQnV1NdavX5/WE//OYrPZUFpahiuuWIbZs0/HoEGDEYn0nDdLXzNkSDHmzDkToVAYtbVRr4dUiVpTIQti06fPwBVXLMMZZ5wBs9kc+1w793mUlQ3HuefOg98fwIEDB9HQkDi8pKuIoojCwkLMmTMHP/rRjzB69GiYzeaU351MFLUIgiAIgiAIgsgcSOAwIHpQE8AYU/9Afg3t9egFbVusryQxuHPycO1118PhdGHdunU4XFWFUKjzB05BEGAyW1AybDjOO28Bxk84FRFJxIGDh9M/OEaXpVmnKysH371sKfxBCdu2bkFTUz2kHvM0sWHkqHE477zzUXHSKLS1+7H/wGHN/L0NY0yzPz0xZzAYRHnFSMybfwEYTNizeydCoSAY67xwI4gi8nLzMeHkiVi85LuwO7I1e9RZGGMIBCWMHjMBFy5cjA8+eB+HDx9CJBzqkn16zGYLysqG48wzz8QPrrwS7pw8tHs7IAqCss+CIEAQ5J8CEPup/om1QYjvSxAEQRAEQRAE0UVI4DCAMYZIJIKIJCESiUCKSJr3kYgUqyASRkSSICnXYj+lCMLh6OtwJAwIVowZOxEd/jDc7nxUH62Cx9MaCwtJfuiUhY1sdx7c7jwMKR4OCU58s2Uvdu05ErVXtVx/d/RagssAYjk0vHBlDcaQ4nKIJiva2loQ9PsgSZFOCwKCIMJiscKVlQt3Tj5y80vgaWf49POtmqopqap8dIZE/fnrgiCkHLcz84bDYTS1hpDlHoLBQzrQ5mlCh68NoVDqzxQARNEEq80BhzMb+YVDYLHlY9feozhc3ZrWPqWyNRDwwxcwI7+wFKGwgLa2ZnR4WxEKdV7oEAQBVqsNubl5GFpShjFjxmLs+FMhiFYcOVoHs7kRJpMIk2iK/jSZYn+ir0VR1LyP9o21yddEESaTSCIHQRAEQRAEQRBdRmB98Rg9w5DLn4YjYYRCYUTCEYTC0dfhcBihcBjhUOx9JKL8DIfCCIcjCIWCsZ9yewQdPh9q646h6tBBHDxYiZqaajQ3NaC9zQN/wI8Ql8xRFE0wWyyw2Ryw2Z1wOJzIyy9CTu4guLJyYLe7DO1mvNTB1Kv8D9WDQxU/GKI5GLztLWjzNMPT0hA9EPu8CAY6EI6EEAmHDQ/G0SfvIkzmmL02OxzObOTkDoI7txBZWTmwWh0a27T2ycZpvSw4DUbpzN8iCLHLuq8vv2wGBoF3WREAJofzCMZ2GP1tECB75kTn5e0MBQPweVvR5mmGt70ZPl8rAv4OhENBhMNRrw7Zi0Q0mWE2WWC22GGzO+B0uZGdXQBXdi7sjmyYTPF6Y7oCh/xWtk8QBJhMJkiRADp8bfC2N6PN0wSv14NgoAPBYAChYECxT7PeWD4Pk8kMlysLWVlu5OUXYGjJMJx00igMKy1DUdEQuFxOWMxmmM0mWCwWmEwmWCwmmGPXlJ+mWLvZFOtvhsWi9lFex8QQgiAIgiAIgiCIrkAChwGRSNQDIypyRIULWeCIRCIIhkI6gSMU6xeJCRsh9acsgMTuDwZD8Pv9qK+rw6FDlThwYB9qj9WgpbkB/oAfAgCL1QZ3Tj4GDR6KgsJiuN15EM1WMCaASQwSkwxTMzC9mMFfZ2oOBFkuYNxZnwFgkhQLrQnD521DU2MtWprr0NbWDL+vHeFIvMhhEk2wWO1wZeUgv7AYubmD4HTlwGq1QRBjT+QZEggccaoL36ixPdpNF2rCf3WFOK0jJpTIa46+1oysa5ft0Hp+QHONFxL4NUS9fsJo8zTC01KP1pZG+H0eBIN+SEyK7pPNgaysPLhzBsGdWwCrzQmLxQpBEA2FjHgRyEC44vrKNskhHyaTKSYiRL0mBMbQ3FyHluY6tLbUo6WlMSasRTSeEyaTCTarDa6sbJSVVeCkEaNRVlaBwYOL4HA6YbValXGtFp2YwQkWUcHDzAkcIqwWq+46L3aYIAgkcBAEQRAEQRAE0TUoRMUQOXeAwZNyxI7BsXalv/6QnmBMQRBgNluQl18Iu8OJ0rIR8Pv9CAZDMWEkHE3CGevLIIAxIBJhCEckVSjQuDjo59EJA9CtRRAMBxBEEQIYBMECV1YubHYXBg8phSRFlLwchnqYIEAUTTCZLTCbzBBFEwRRjKkmvLigm4+7FrUmtruacBIBEBhUewXFwwOiGM1/ooyoDUnR26ufX3tN+/kJqlEJEQRe8BBgMpmR7S6Ay5WDwUPKlbK58shRwSe6T6bYHkXtZMoYRuJKdB36awJ3nSnj8PfE0l/EPDKiHhKDi0pQVDQUYBFAgBIqIgsSJpOoeGRYrVY4nU44HA44HA5YbTaISp6NeFuUNXDbJnDfe6NQqQR6DUEQBEEQBEEQRKchgcMA5Qm4aAIs0aoRokmE2WKGFJEQDltiuTbkvBtcno5Y3g05T0dEktskxTMkEpEgSWrejnCsXZKieT0kKfY+NnY4HM3/IUkMkiRFz4IJQxeUV+BfGRzfY4dpprtuNK58N1MSsKrzSbE9EzuV20ErlKjjx7WrLhTx/eUmfRUZvdYkO7ak4ayk6RPnWJJeDg8jcSXd+eVJBSDqqWPQFv+ZcR4titAhcLkwTBCV9yLM8jUuJ4YYy4GhzZ/B59UQoyIWfw/XLopRYUR5bzJBFAVlLiXPhlntL9+jCGIpRUKCIAiCIAiCIIjEUIiKAWqFlOhrKZangDFE82QwtUpK9Kek9pWkWBUVxK4btMe8DpTX3Fjq2JJyTa7MwpeD7amPrb8+/qQhKklFl/hDcF+toTvzdD5Zq4GGlcSjRJ9QVf4Z9d7QVjARBZFrE9UqJqKo9NG2x15zlVC0Y8b6JZhTM4cyT8yzRIifkyAIgiAIgiAIoiuQwEEQBEEQBEEQBEEQRMZDGf0IgiAIgiAIgiAIgsh4SOAgCIIgCIIgCIIgCCLjIYGDIAiCIAiCIAiCIIiMhwQOgiAIgiAIgiAIgiAyHhI4CIIgCIIgCIIgCILIeEjgIAiCIAiCIAiCIAgi4yGBgyAIgiAIgiAIgiCIjIcEDoIgCIIgCIIgCIIgMh4SOAiCIAiCIAiCIAiCyHhI4CAIgiAIgiAIgiAIIuMhgYMgCIIgCIIgCIIgiIyHBA6CIAiCIAiCIAiCIDIeEjgIgiAIgiAIgiAIgsh4SOAgCIIgCIIgCIIgCCLjIYGDIAiCIAiCIAiCIIiMhwQOgiAIgiAIgiAIgiAyHhI4CIIgCIIgCIIgCILIeEjgIAiCIAiCIAiCIAgi4yGBgyAIgiAIgiAIgiCIjIcEDoIgCIIgCIIgCIIgMh4SOAiCIAiCIAiCIAiCyHhI4CAIgiAIgiAIgiAIIuMhgYMgCIIgCIIgCIIgiIyHBA6CIAiCIAiCIAiCIDIeEjgIgiAIgiAIgiAIgsh4SOAgCIIgCIIgCIIgCCLjIYGDIAiCIAiCIAiCIIiMhwQOgiAIgiAIgiAIgiAyHhI4CIIgCIIgCIIgCILIeEjgIAiCIAiCIAiCIAgi4yGBgyAIgiAIgiAIgiCIjIcEDoIgCIIgCIIgCIIgMh4SOAiCIAiCIAiCIAiCyHhI4CAIgiAIgiAIgiAIIuMhgYMgCIIgCIIgCIIgiIyHBA6CIAiCIAiCIAiCIDIec38bQGhhjPW3CQRBEARBEARBEEQaCILQ3yYQHCRw9AAkShAEQRAEQRAEQZx49ORZkMSS7kMCRychMYMgCIIgCIIgCILoaYzOmiR6dA4SOAwgEYMgCIIgCIIgCILob5KdTUn8iIcEDg4SNgiCIAiCIAiCIIhMQD6/ktChcsILHCRqEARBEARBEARBEJkKf6Y90cWOE1LgIFGDIAiCIAiCIAiCON440cWOE0bgIFGDIAiCIAiCIAiCOFE4EcWOE0Lg6A9xgwQVgiAIgiAIgiAIwoi+FhwYYyeEyCGw4/gk3ttLO463jiAIgiAIgiAIgugHeluIOJ6FjuNO4Oit5Rxn20QQBEEQBEEQBEFkCL0lShxvYsdxJXD05FKOo20hCIIgCIIgCIIgjiN6Upg4nkSO40Lg6KklkEBCEARBEARBEARB9DYDUaA4HoSOjBc4umt+d+7P8K0jCIIgCIIgCIIgBhjdERq6K1JkusiRsQJHXwsbGbpNBEEQBEEQBEEQRIbTWeHhRBU6MlLg6Auvi57YlgzcWoIgCIIgCIIgCKIX6QnxIN0x+tMbpD8w97cBfUVvChvdFTI8XoajjUBNA1DbzNDoAZrbGDxeBm8H0BEAQhFAkgDSTAiCIAiCIAiCIPoOkwmwmACHDXA5ALdLQF62gAI3UJQnoLgQKCmIXk+HROfHzggK8hip7km33/FCRnlw9Jb40Jlxe2K7dh9h2FPFsPcow4FqhoaWbg9JEARBEARBEARB9COFuUDFUAGjSgSMLhMwZljfeWqk27crQkcmiSMZI3D0tLjRlx4dzW0M3+wFNldK+LYS8Ac7PSRBEARBEARBEASRQditwCkjBZx6koDJo4C8bK1Q0JtiQ7J+x7PIkRECR08mBO1Jj45k/fxBhvXfAht2MmyrTD6exQyUFgkoKRQwpEDAoFwBBW4BOS4BWU4BThtgMQswiUCGfK8IgiAIgiAIgiAyHsaAiASEwgy+ANDuY2j1MjR6GOpbGI41MhxtYDhcyxAKJx/rlBECThsnYPbJgN3afQGiux4bfZ24tC847gSOroobPSV87D7C8PFmhk+2MEQixn0G5wPjh4sYO1zEyBIRw4eIKcclCIIgCIIgCIIgBi6HjknYd1TCrkMSdhySUNdk3M9kAuacKmDupPTCWHpTyOjpEJj+ZkALHD3ludGboofcb8NOhvc2Mew8aNxnwkkCpo4WMXm0CcMGkaBBEATx/9m77/CoqsT/459JhxRCSEIggRAgIL0roCi4XwVFF1TEBqKrgqyrgCKLoqhYcEGwCy4KWBDs4K7I2lBBepOOlBAgoSUQQkhInd8f+WWSSZ1Jpt3k/XoeHubcuXPuSb/nM6cAAADUZsdOF2jrn/na/GeBdh0qv2/ZroV0Tc/CkR3Onn5S0XO1aSSHxwYczh61UZ0wpLzn1+4ya/l66VBS2de1jDbpik5e6tvJR41CPPebAAAAAADgPKnpZq3ZkafVOwoq7Dtef5nUp4N963TYG1rU9tEcHhlwOCLccGSwUd5zOxKkpavM2ptY9rn+3bx0dQ9vtYv1rrBOAAAAAEDdsycxXz9vztcvWwvKPHdJrElD+5nUKa7s6xw5OsMRozk8MeQwdMDhiBDD3jpOpZn1+S/Smh3Wz/v6SNf38dZ1vRmtAQAAAACoXGq6Wd+ty9PytfllFijt28mkW/tLkaE1DyicFXIQcNjAGeFGTY6VPL5ig7T4p7KLhw7p560hV/gouL7nfYEBAAAAAJ7rfKZZy1bnadkq646mt7d0x19MGnRpYbmmoYYjwo/qnucqHhVwuCvcqOqcpBTpo+/N2nnI+pz+3bx069W+FaZqAAAAAADY4lSaWZ//nFtm6krHltLIa02KDi8+ZktYURdDDo8JOGoSbtgaeFQn7Phlm0kLviuwGrXRMtqku67xUedWrLEBAAAAAHCc7QfzteiHPKvFSL29pXuv81L/rtb91eqEGo6Y3lLd85zNUAGHI6ef2BJ+zP9O+nmz9fFbr/bW8AG+VbYVAAAAAIDq+mxlrj7/2XraytU9TPrbdWXPrSrEcMY0FnvPcQWPCDicGW5UJ9g4lWbWv/9jstohJTbKpPtu8GFnFAAAAACAS+xJzNf7/81T4onivuklsSaNvtFc7lIJ9lYZ93oAACAASURBVAYdtS3kcHvA4cipKfaUK3pu71Hpna+ls+eLn/tLTy+N+aufPODrBQAAAACoQ8xm6d1vcvTTpuK1ORoGS3+/SbqkWWG5suDCWaFHedwdcrg14PC0cGPjPpPe/NKskk/fO9hb1/dmSgoAAAAAwH2Wr8vVgm+Lp6yYTNLDt5jUq635/5cJOdwWcHhCuFHy8artJv37P8XlwHrSI8N81b0NU1IAAAAAAO635c98vfFFri5kFR8bfaNJ/ToX92UrCjbqQsjh0QGHI8ONys77ZZtJ739bXG4SLj12m59io7yqbCMAAAAAAK6SeKJAsz7N0fGU4mP3DTZZ7bBSUVjhqpCDgMOGc6oKPOx9LEm//SHN+29xuWW0SZPu9FOjEBbcAAAAAAB4ntR0s2Z8kmO1lewDN0hXdrE+z5bRHJWN8ijvmCcHHG4ZolDd0RuVnVPR+ZUFHRv2Wocb8c1Meupuwg0AAAAAgOdqFFLYd41vVtx3nfdfacNe29/st+ecis6vyTnO4JFzMOydmmLLtJTSj/cdM+mtr4pf0zLapCdG+Cm4PuEGAAAAAMCzBdcv7MO2jC7uw771lbTvmKnKkKM6/euqjnkClwcc1flE2PIJLv1cZV/Q0+cKt4ItOtwkXJp0J+EGAAAAAMA4gusXLrHQJLywbDYX9nVPn6t6JIct/eqKyrZwRwji0oDDGUNZqvpClfd43n+9dPZ84bHAeoULijItBQAAAABgNI1CTHrsNj8F1issnz1f2OeV7As5atIXr8k5juSRU1RKqs6Wr5U9v2CFSXsTi48/MsyX3VIAAAAAAIYVG+WlR4b5Wsp7E81asKLwTfzq9JvLO9dTp6WU5FE9e3u3gC3veGVJ1K9/eGnlluLX3TvYW93beNeozQAAAAAAuFv3Nt66d3Bx/3bllsI+sFT90RvV7aO7i8sCDkd/4LYudFJ0LClFWrii+Pm/9PTS9b19y5wPAAAAAIARXd/bV3/pWdzNX7jCrKSUwsf29qEdxZUhiMeM4LAnGbI1fSp5bNGPJuXnFz6OjTJpzF/9HNNwAAAAAAA8xJi/+ik2qnB6Sn5+YV+4iK39Z3umqnjSKA6PCTgcpbxP7v82mrTzUHH5vht8ZGJNUQAAAABALWMyFfZ5i+w8VNgnLs2TgglHcUnAUdUnzp7nbd3epujYqTSzlvxcfPzWq73VLpZ1NwAAAAAAtVO7WG/denVxv3fJz4V9Y6ny/rM9m3qU9/rqPu8oHjmCo7rbzZT3RflqlbdlakrLaJOGD2DdDQAAAABA7TZ8gK9aRhdPVflqVXHgYctggcp46ugPjww4SrJ1S5vyntuZYNKaHcXH77rGp8w5AAAAAADURiX7wGt2mLUzoeKpKvZsIeupnB5w2DtUpaZpUckvzjdrir94/bt5qXMrpqYAAAAAAOqGzq281b9bcbf/mzWmSgONItXpl3vCNBWPH8FRxN6hM+v3mLQ3sfj5W69magoAAAAAoG4p2Rfem2jW+j0V77jhim1jncmpAUdNPxG2vr50AmU2m7ViY/GHNqSftyJD2TYFAAAAAFC3RIaaNKRf8WyGFRu9yu1D28JVffzqcusIjppMT6ns3I37TDqUVPi8r4805ArW3gAAAAAA1E1DrvCR7//vFh9KMmvjvqpHcThjmoqzGWKKiq1rbhT9/9OW4i/W9X28FVyf0RsAAAAAgLopuL5J1/cpHsXx05aya3HUdE0OT+CxAUd1P4H7k03ac7i4fF1vRm8AAAAAAOq2kn3jPYcL+87V4clhh9MCDmd80LYkTKu2W++c0iiE0RsAAAAAgLqtUYjJakeVkn3nItVdm8MezgxI3DaCw5FzdYpem5VdoNXbi49f3YNtYQEAAAAAkKz7yKu3F/ahJcf0xysqu5LHTlEpYs8nZ/0eb+XnFz5uGW1Su1gCDgAAAAAAJKldrLdaRheO3MjPL+xD28qTp6YU8ciAo7K9dyv7pG7YW/z4ik4e+aEBAAAAAOA2JfvKJfvQpVXWB/fUsMOwKUDpT3ZahrTzUPHzfTuxuCgAAAAAACWV7CvvPFTYl5acu+6Gqxg24Cht24HiBVI6tDSxuCgAAAAAAKU0CjGpQ8vi/nLJvrTRuSXgsHUREnuSo+0JxY97tKk1uQ0AAAAAAA5Vss9csi9dFVv77u4aBeJxSUB1PxE7DxY/7taGxUUBAAAAAChPyT5zyb60PTxxKotTAg5Hf6AV7cVb9P+fSdLFnMJzI8OkmAiPy20AAAAAAPAIMRFeigwrfHwxp7BPLVXd93YUZ4UjtSIJOHCseM5Q+9ha8SEBAAAAAOA0JfvOJfvURlYr0oADycWPLyHgAAAAAACgUiX7ziX71EZWK9KAw8eLH7eOrhUfEgAAAAAATlOy71yyT21kHpsG2DonJyPLpJS0wse+PlJslMd+SAAAAAAAeITYKC/5+hQ+Tkkr7FvbwhMXFy3i8jTA0dvHJKUWP27WuHbMGwIAAAAAwNlK9qFL9q2rwxO2ijX8cIfjKcWPo8MJOAAAAAAAsEXJPnTJvrVReVTAUVnCU9E2NafPFX9BohoRcAAAAAAAYIuSfeiivrU9W8R62nQVjwo4qiM1vfhxRCgBBwAAAAAAtijZhy7ZtzYqjw84qkqEzp4vfr5RCAEHAAAAAAC2KNmHLtm3Lo+njdYoj8cHHFU5n1n8uEEgAQcAAAAAALYo2Ycu2bc2KsMHHBeyih8H1SfgAAAAAADAFiX70CX71kbl8IDD1cNWsrKLH9f3d+mlAQAAAAAwrJJ96JJ9a1dwRnZg+BEcufnFj319GMEBAAAAAIAtSvahc/Lc2BAHMXzAUVBQ/Njb8B8NAAAAAACuUbIPbYA1RKtk+Eig5BfBxAAOAAAAAABsUrIPXRsCDh93NwDwRPn5+UpLS7OUAwMDFRAQ4MYWAQAAAAAqQ8ABlOPEiRPq3Lmzpfzvf/9bt9xyixtbVHOrVq3Siy++aCm/+uqrateunRtbVLE333xT3377raW8bNky+fvXvVWEExMTNWbMGEv52WefVe/evR1+ndTUVH355ZeWcocOHXT55Zc7/DrOUFBQoPz84sWYfH19y5yzcuVKzZkzx1JesGCBAgMDXdK+ykyfPl2//vqrJCk0NFRLlixxc4sqtmjRIn300UeWsif+TJZu42effaaQkBA3tqh8J0+e1KhRoyzlyZMnq3///u5rUClG+P1b+mv90UcfKSIiwo0tMg7uBQDUdgQcgBtdvHhRFy9etJQbNGggkx1zrTIyMpSXV7gakJeXV6U385mZmdq4caOlnJubW40Wu8bZs2et2lobLV++XPPmzZMk+fj46PPPPy9zTl5entXnoeT3iiOlpaXpiSeesJSffvppwwQc33zzje677z5L+cSJE2VCjnPnzumnn36ylAtKLt7kRikpKZavb1xcnJtbU7lz5855/M9k6Ta66+u8aNEiPfnkk5ZyQkKCvLyKZwSX/rnOyvKsPfmM8Pu39Ne6ZMiJynEvAKC2I+AA3GjRokWaNGmSpXz48GEFBwfb/Ppx48Zp6dKlkqRevXppxYoVDm8jnOPcuXP67bffJElBQUFub0tJqampbmoJbJGVlaVPPvnEYfX17dvXY9/BNaKCggJlZGS4uxkAANRJBByo9dLT03XixAm7XnPy5EmrcnJysv7880+76vD391dsbKxdrwHc4cCBA1blHTt2uOzaFy5c0NatW3Xs2DGlpqYqKChIjRs3VteuXRUVFeWydhhJZmamVTBaU++//z4BRwmnTp3S8ePHlZWVpcaNG6t58+by9vZ2d7MqlJ2drX379lnKUVFRioyMdGkbLl686NCRAL6+vh697tXp06eVlJSktLQ05efnKywsTFFRUWrSpEm16ktLS9ORI0cc0rb4+HjVq1fPIXUBgBERcKDW27Bhg2677bYa1fHss8/q2Weftes1gwYN0qJFi2p0XU/w3nvvKScnxyl19+rVS7169XJK3bBNQUFBmekxq1at0r59+9S2bVunXffkyZOaO3eu5s+fX+G73ddff70effRRdevWzWntKGn79u06f/68U+pu3LixWrdu7ZS6PVXHjh0d9vl84403NGTIEIfUVZG1a9dq7ty5+u9//2t1vFOnTrr//vt1++23y8fH826bUlJSNGDAAEv5tdde08iRI13ahlmzZmn27NkOq2/cuHGaOnWqw+pzhLNnz+rLL7/U119/rXXr1pV7TteuXXXTTTfp9ttvV3h4uM1179ixQ0OHDnVIO9euXas2bdo4pK6SuBcAYBSe95cagEd5/fXXlZyc7JS6Z8yYYZibmnvvvbdGN3czZ85U06ZNHdgix/j+++/1888/lzk+e/ZszZ071641YWz166+/6v7779eZM2cqPW/58uVavny5nnjiCU2YMMHp76K/8sorVgvaOdKjjz6qKVOmOKXuESNG2LVmSkpKip5++mmntKWk3Nxch03VMDtx37qCggLNmTOnwg71jh07NG7cOP3vf//T66+/rrCwMKe1BZ7HbDbrs88+01NPPVXl76xt27Zp27ZtmjVrlqZOnapRo0ZZrb9iZNwLADAKAg7UepGRkVY7UdjiwIEDVosSxsXF6dprr7WrjmbNmtl1PjzbmjVrlJKSUu3Xz5o1y4GtcYwdO3bo4YcftpTbt2+v3bt3S5K++OILtW/fXuPGjXPoNX/88UeNGDHCajh7eHi4Bg4cqKZNm+r8+fP6/fffrabJTJ8+XWfPntULL7zglMDF6Hr27Knhw4fbfP6RI0dcEnAYxfvvv2/TaIHly5eroKBA77//vkdPn4Dj5OXlacqUKXrvvffsel16eromTpyozZs3a/bs2fLz87Pr9T169FBoaKhdryli77UAoLbxyIDDme/U1EUXs3O1esOf2rIjUcdPpikltXDIcHijYDVtHKrunVuo36Vt5Ofnkd8ONda5c2erLV9t8eSTT1oFHBkZGZo6darTb2qL5vPaKjs724mtKfT0009X2aaMjAxNnjzZUr7hhhs0aNCgKuvu0KFDjdtnFJ7WIdq8ebPVKIq4uDh99dVXevnll7Vw4UJJ0rRp0+Tt7a0HH3zQIUPzjxw5on/84x9W4cakSZP0yCOPWM0ZN5vN+v777zVhwgTLejhz585V165ddeutt9a4HRXp1auX1VaT586d09dff20pX3PNNYqOji73tXv37rUatn7PPfdYPe+MIeOebuvWrdV+7fbt2zV48GAHtqZ8mzdvtvrdFRYWpkmTJumqq65SQECAdu3apVmzZlk+lhUrVmjOnDmaMGGC09tmZCdOnKjRiCtPCTJnzJhRJtwICQnRyJEj1aZNG8XFxamgoECHDx/Wnj17tHDhQqu/y4sXL1aDBg2stmW1xbRp05yyJXhNcC8AoDSz2ewxv69Lqp09WkiS9iec1My3l+uHX3cpN7fyP0p+fj4adHVH/fMfgxUbY/u80drowIEDWrx4sdWx06dP67PPPtPdd9/t1Gt37drVqfVXhy3vDKemplrd1HTr1k133HGHM5vlcsuWLbMrfP3Pf/6jf/3rX5aypwQcubm5+uCDD/TUU09ZgobQ0FDNnTtXERERmjp1qg4cOKDVq1dLkp555hlt3bpV06dPr/HChW+//bZOnz5tKX/66af6v//7vzLnmUwmDRw4UP/73/80cuRIy2iOadOmadCgQXbtNGSPkqNZJOngwYNWAceDDz6o/v37l/vahQsXWgUcnjhix9Xq16/vltfaymw2a8aMGZZyWFiYPv/8c6vfw82bN1efPn1033336ZdffpFU+LW9+eabWUS6Et7e3oafmrFhw4YyP8fDhg3TU089VWaEZr9+/SRJY8aM0auvvqqPPvrI8tzcuXM1cOBAXXnllc5vtBNxLwDAKAg4aqHsnDw98dLn+nzZBtnaH8vJydM3K7bp2++3a+Twvpr62FD5+XruqvHOcvr0aT300ENKT08v89zkyZMVHx+vPn36uKFljjdp0iSFhISUOX7bbbfplltucUOLPNsll1xi1/nLly+3PA4LC5O/v7+jm2QXs9msX3/9VdOnT9emTZssxyMiIvTBBx+oZ8+ekqQGDRpowYIFGj16tFauXClJWrp0qX777Tc9/vjjuuuuuxQYGGj39ZOSkqzeCX344YfLDTdKatasmZ555hkNGzZMUuFuRsuWLdOIESPsvj5Q2vr16/Xjjz9aytOmTSs3ZA4NDdUrr7yi/v37KyMjQ1lZWVqyZIn++c9/urK5cLGS4Zck3XTTTVWuSxQbG6vZs2crNzdXS5YssRx/+eWXDR9wAIBREHDUMqdT0zXyH/O0c8+xar0+v6BAC5es1rZdR/Tx22MUGuL8d9E8xZYtW/TQQw9ZtoP19fXV+++/r9mzZ2vbtm3Kzs7WLbfcopkzZ+q2225zymr6Q4YMka+vr83nr1u3TseOVe9rvXHjxnKPV9XphG2SkpIsj7t06eK2IXzp6en6/vvv9eGHH+r333+3eu7mm2/Wc889V2bx07CwMC1atEjz58/X888/r+zsbJ05c0ZPPPGE3n77bd17773661//qpYtW9rcjg0bNlgeh4aG6h//+IdNr+vfv7+GDBmiZcuWSSpcFJWAA47w3XffWR63bt260mA3Li5ODzzwgF599VVJ0scff6zx48e7PbiEcyQmJloCXqlwnaDnnnvOpt/jXl5emj59urZu3WrZvnf9+vU6cOBAndtJCQDcgYCjFjmTlqEb735dx5IqX+XbFtt2HNHQUa/rPx9PUHCgZwytd5YDBw7o3Xff1fz5862Ov/HGGxo8eLDatm2rO++8UwcPHlR2drYeeeQRffrpp5o0aZL69Onj0J0dXn/9dbuG3993333VDjjgXAcPHrQ8duVNbXZ2to4ePaotW7bol19+0XfffVdmRFJ4eLheeukl3XzzzRXesPv7+2vs2LG66qqr9M9//lNr1qyRJB07dkzPP/+8nn/+eV1xxRW65ppr1Lt3b8XHx6tBgwYVtmvLli2Wx71797Z5C0WTyaQBAwZYBRwXL170mCk/MKa8vDwtXbrUUr777rurXJxx6NChloAjOTlZW7du9Yh1EvLy8iotw36l3wC46aabKlx/pzwhISG688479cwzz1iObd++nYADAFyAgKOWyMnJ011/f9ch4UaRAwmn9Lfx72nJu3+Xt8Hn0paWlJSk9evX68svv9SKFSusnmvSpInefPNNDRgwQFJh53Tp0qV6+OGHLXOwf//9dw0ZMkTt27fX3Xffrb59+6pt27ZOGdXhLHPnzlXbtm3LHC+5yGJ11fWFgjMzM7V+/XpLOS4uzunXvHjxokaMGKE1a9ZUuPhsXFyc7rnnHg0bNkxRUVE21du+fXt98cUXWrFihT766COrdzVXr15tWatDKlxIc+bMmbriiivK1HPq1CnLY3un+7Rq1cryODc3V2lpaRW2/+WXXy4z93/v3r12XQ+134EDB6zCYVumHrZr104xMTGW1+3YscMjAo5z585VWob9jh8/blVu166d3XWUXli45O9AT/Ljjz9q//79ZY63bt1aXbp0qVHddf1eAIB7GKc3hko9/+o32rHb8e/kr914UG++/4PGPzDQ4XU7W0FBgU6ePKnk5GQlJSXp6NGjSkxM1ObNm7Vt27ZyXzN69Gg9+uijZTr5TZs21aeffqrFixdr+vTplp0ddu/ebVlQKyYmRn379lWrVq3UrFkzxcTEqGnTpmrSpIlHvtvctm1bu3eXqUhWVpZVOTMz0yH12uPUqVP68ccflZWVpf79+1t1il3tzz//tNopJD4+3unXDAgIUJcuXawCiCJDhw7VHXfcoX79+lVrSL2/v7+GDBmiIUOGaNeuXfr666/1wQcfWHZgKZKRkaFu3bqVW8fZs2ctj0tPialKkyZNrMrnz5+vMOB47bXX7KobddPhw4etyrZ0YL29vXX11Vfrww8/lFS4A8sDDzzgjObZpXSgkZaW5qaW1B6tW7fW448/bilfdtlldtdReiSNI0d7OlJFO7w8/fTTdgccnnAvAAAEHLVA0omz+viLNVWed/mlrdWtU6w6tYuRJG3ffVSbtydq3aaDlb5uzsKVuvf2K9UguF6l53mazMxMXXnllWU6YaXFxsbqlltu0Z133lnpO+0+Pj4aOXKkhg4dqqVLl2rJkiVWuyYcO3ZMn332WZnXVbRTRG1S+nNccqcMVzhw4IBuuukmJScnS5Lq1aunxYsXW1a2d7acnBxduHBBGRkZysjI0A8//GD1vKt2x7nzzju1aNEiXXXVVerRo4c6dOigSy65RI0aNXLYNTp06KAOHTpo4sSJ+vPPP7Vnzx5t27ZNq1ev1ogRIypcgLTk9JUTJ07Ydc2iQLFIUFCQ/Q0HSjh06JDlcceOHa22Ka5Myb8RRes1uVvp0QYlp8eheq677jpdd911Naqj5PeYVPgmSG3n7nsBAJAIOGqFN977odJtYCMjQvTq83foqt7Ww8IH/19hp+uH33bpsWcW68zZC+W+/sKFbL236Bc99mDN/ti7WlBQkEaMGKE33nijzHOXX365rrvuOl1++eVq3769XVNLgoODNXLkSI0cOVLHjh3TmjVr9NNPP+nbb78t8+5FXFycyzrZ7pSammpVdvW6IG+99ZYl3JAK30WaOnVquaMZ7LV06VKlp6fr3Llzlv/T0tJ05swZpaSk6Pjx40pJSanw9f3791dYWFiN22GLVq1aaffu3S7ZnjEgIECdO3dW586dddttt0kqHDVVkZKjouydMlK6oxAaGlrhuQsXLizz87xu3Tq99dZbdl0TNZecnFzt9SBK/jw7Q8nQzJ7RXiU7qXv37lV+fr7b35nfunWrVXnlypVuX6dm5cqV1f68XHbZZTYHTp7KbDZr1apVVsfsWcPDle666y41bty4zPEOHTrYXZe77wUAQCLgMLyc3Hwt/W5Lhc+3ahGppR88ooYNKt7W8ZorO+jHLybphrteVfKJ8oe2Llm6wXABh1S4Z31+fr5iY2PVvHlzRUdHq2nTppV2kOwRExOj4cOHa/jw4bp48aKOHz9umQ5z+PBhtW7duk6ssr9jxw6r8po1a3ThwoVqbSdaHeW9Y7l9+3ZlZ2fX+PM/d+7cCnecscVVV11Vo+vbyxXhRnWuXXLqyoYNG5SWlmbzz2HJjsLAgQMr7fwMGjSozE5EFa1J4klyc3MrHNni5eWlyMjICl+7adMmu77PKwvkHOlvf/tbjX52nCkjI8PyuLLFcUsruQh0dna2pk+fXiZIqGgKpLMUrQ1VJCsrS/v27avx+gk1MXz48Gq/dvv27R4bBthq3bp1VlsQx8XFVWsdD1e4//77HTZd1d33AgAgEXAY3q9r9+rChfJv3k0macHr91UabhSJbBSid/51t4aOKjvaQZKOn0jTjj3HLNNbjKJDhw6aNm2aS64VEBCguLi4Gi0o2adPH7u2Ey39bom7lFxoUiq88XflAnw9evSw7PJR5Oqrr3ZIuNS5c+dKO2mhoaFq3bq1JUDbsGGD1QKj1157bZXXyMjIUKdOncocL7mOR0VSU1O1e/fuKs9ztcjISKtFbHv16mV5nJKSorlz51rWr6nM77//bjX1q7ZO9zp27FiF75i2adNGa9eurfC1H3/8sT7++GNnNa1WOn/+vOWxPSMdSp9btKuKuxw4cKDcqTIrV650a8BRl+Xk5Gj27NlWx8aMGWPXFvBG5e57AQCQCDgMb83GsitfF/nroG5qGVvxu36l9ewSpz69WmntxvLn767e8KchAo709HSP7PCFh4dXuUVc6bnURpCamqrffvutzPGff/7ZZTc1Dz30kDZu3GhZE6VVq1Z6/vnnHVJ33759lZOToyZNmqhx48aKjIxUeHi4IiIiFBYWppCQEEsolZaWpr59+1peO3DgQJt3DKnukPz9+/dr6NCh1XqtM40bN05Tp061lFu0aKG77rpLixYtklS4GGj//v0r/R45ffq0nnvuOUs5PDxcN910k/MaDacJCQmxCrnsZc8oC1vk5xdP67QnVHbnCKny/Pe//y33+IcffqixY8e6bQTh+PHjq/25ql+/voNb41qvv/66fv75Z0u5VatWuuOOO1zahtTUVCUmJurQoUMaMmSIS8IVT7gXAACJgMPwUs9kVPjckEHd7a7vxoHdKgw4ko6fLfe4pzl8+LAGDx7s7maUUbrDV1ssX7683JEGH3zwgf7xj38oJCTE6W2IiIjQV199pS1btig7O1vdunVzWIdo6NChNgcIH3zwgdXc/rvvvtshbagtHnnkEf3nP/9Renq6cnNzNXToUD377LO6//77y6ybsWbNGj3yyCNKSEiwHJsyZYoaNmzo6ma7TEW7y5T+GQoMDNT777/vsOu64p3+tm3blrsIs7uUnmpiq9LrLM2ePbvM75pVq1Zp4cKFNWqfLXJycqxG7owdO1YLFy5UVlaWEhMT9euvv9o0gswZpkyZ4nFhkCt8//33evnll62OzZgxw+6FkY8fP2753Wc2m1VQUKC8vDzl5OQoJydHFy9eVFZWlrKysnT27FmdPn1ap06dUnJysnbv3q3ExERLXZdeeqmaN29e8w+uCp5wLwAAEgGH4Z1JK39hUEmKax5R4XMV6dK+4j+CSccr340E9hs1apRGjBjh7mZUW0FBgT744ANLefLkyVq2bJn27NmjlJQULV++XLfffrtL2uLv768+ffq45FrlOXXqlNUWpa1atdKAAQNsem29evW0c+fOMscTEhKqnJLRoEEDyyKfnqS8hRtbt26tN954Q/fcc4+kwik4U6ZM0fz583X99dcrMjJSGRkZWr9+fZl1BUaNGqWRI0e6oOXuERcXp02bNtl0bkBAgEeO2jGSkh3OkutxVKV0wHHbbbeVmbZScvqLMy1fvtwqABw7dqy8vLz09ttvSyoMXwYMGFAnpkZ4gq1bt2rs2LFWILxUgAAAIABJREFUxyZMmKD+/fvbXdf999/voFZJR48edXrA4Un3AgBAwGFw3t4VD601m8121+fvV/G3RDWqc4uIiAhNnz69RnWcPXtWM2bMsJSHDx9utUhidbRp06bMMR8fH7t2cKmJqKgojRkzxlJ2xLspP//8s9UK/nfeeaeioqI0fvx4SYXvXF133XUOH17uacxms2bOnKn09HTLsWnTptk8PNzb27vcBTdt+Rq1a9dO77zzju2NdbMbb7xRixYt0tixYy2fr4MHD+rNN9+s8DXjx4/X5MmT7ZpKAMdq166dHn30UUvZ6O/Ol9w6+fDhwza/ruQ0wubNm7ttp5KLFy9a/Y266667FB0drTvuuMMScGzcuFHLli3TsGHD3NLGumT//v0aOXKk0tKKF2ofOHCgHn/8cbe0JywsTN27d1e7du0ctqh6ZbgXAOBJCDgMLjK84j8WySfT1KZllF31HatklEbjSGP8YWrSpIlGjx5dozqSkpKsbh7/7//+T7fccktNm+ZWXbp0cehQ9KIdBIqMHDlS0dHRGjJkiF544QWlpKQoMTFRc+fO1T//+U+HXdcTLVq0SPPnz7eUhwwZooEDB7qxRZ5t0KBBWr16tebMmWMZUl+egQMHaty4cbrssstc3EKUNmDAAJtHJBlBycWgd+3apby8PJvC5pJhSMlFdF1t0aJF2rdvn6VcNIqrXbt2Gjx4sL799ltJ0osvvqgrr7yy0l14UDNJSUkaMWKEVfjVpUsXvfHGGzaH3L6+vurYsaPVMZPJJJPJJC8vL/n7+8vHx0f169dXcHCwAgMDFRgYqPr16yssLEzh4eEKDw9Xo0aNFBkZqcjISJeFkNwLAPA0BBwG16RxxaHDz6t2q38f2xY4LPL9L7uqdS04hit3xOjUqVON3tn57LPPrLZDLFpELSQkRKNHj9ZLL70kqXCXgQEDBujSSy+tWYM91ObNmzVp0iRLuV69enrqqacYbVCF6OhovfDCC3riiSe0bds2JSUl6dy5c6pfv74aNWqkrl27KirKvoC2rrN1iosjdO/e3dCjOFq0aGF5nJWVpYMHD9oUWPz++++Wxz179nRG06q0b98+PfPMM5Zyt27drBZxfOihhywBx5EjRzR58mT9+9//dtlowbrk1KlTGjlypA4cOGA51rx5c82fP1/h4eE219O7d2/9+uuvzmii03EvAMDT8NfO4Pr2itfsOf8r97mPv1ir++68UrExtv2R3bs/WZ8v21Dh8/16u+/dqrrClTtirFy5stoBx/79+/XUU09Zyn/5y1+sblruueceLV68WAkJCcrNzdWDDz6o5cuX17oOa1JSksaMGWO1SOHMmTPVsmVLN7aqsKN7+vRpl10vNDS02uufBAYG6vLLL3dwi+omV44aSk5OdtsOHY4QHx+voKAgy/obmzdvrjLgOHLkiNVaOaXfcXeFixcv6tFHH7Ua9fTCCy/I29vbUr7sssv06KOPWrYqXbZsmbp166aHH37Y5e2tzc6cOaN7771Xf/zxh+VYRESEPv74Y6sArTbjXgCAJyLgMLhLu7ZUaIP6SjuXWea5nJw8jXp4nv7z8QQFB1Y+Tzj1bIZGjXtPuXn55T7fOLKBuneMdUib3eG7776zWoytKiXn0UrSDz/8YLU7RlWaNGlSa7ezzMrK0vjx4y0dg3r16unFF1+0GrHQqFEjvfbaaxoyZIgkKTExUWPHjtWCBQtcMh/YFfbt26e7777b6vvqsccec/l2gOVZvHixS3ZxKDJ06FC3LvAK2CswMFA33HCDlixZIqnwZ+aOO+6odOTVd999Z3ns7+/v8nei8/LyNHnyZMt22FLhaI3ytuAcP368fvzxR23fvl2S9OyzzyokJESjRo1yWXtrs/T0dD3wwANWX4vQ0FAtXrxYHTp0cGPLXId7AQCeioDD4Ly8TBr+10v1749+Kff5AwmndOv9b2nhGw8oKqL8KSaJx1I06uF5SkqueBvY4X/tZegh9z/++GONOnyff/65Pv/8c5vPHzp0aLUCjsaNG+uJJ56w+3W22L9/v7744osa1ZGbm6vHHnvM6qZu6tSpio+PL3PuFVdcoYkTJ+qVV16RJP3222+65557NH/+fIWFhdWoHe62YcMG3X333VajJIYPH241VQVwtXHjxjmt7s2bN2v16tVOq98dBg0aZAk41qxZo9WrV6tfv37lnpuWlqZ58+ZZysOHD3fp7zGz2axp06bpo48+shyLi4uzWvi1pMDAQM2aNUvXXHON5dijjz4qs9msUaNGGfrvubtduHBBY8eOtdrpKSgoSIsWLarxYuRGwb0AAE9GwFELPPS3v+iDz35XdnbZ/cclaeeeJPUeNE3XDuio24Zepu6dYpWbl69N2xK0ZOl6rVy9p9IdUgID/fXgqKud1HqUFBcXp4kTJzql7v/97381Cjjy8/M1depUffrpp5Zjffv2rfQdwQkTJmjdunWWjtGqVat0++23680333TrAn01sXz5co0ePdpqiPh1112nGTNmeMwc95tvvll9+/Z16jXeeOONcre2rY4jR45o7ty5lvKtt95quI5Cfr716Lft27frzJkzln+nTp3S6dOn1bVrV6e9iz516lSn1CtJ77zzjtsCjuzsbKWmpur48eNKTk7WkSNHlJiYqEGDBunqq6v/t+naa69V27ZtLYt1Pvnkk/rqq68UEWG9xXpeXp5eeuklq9Fad955Z7Wva6+srCw988wzev/9962Oz5gxo9J3wbt37645c+ZYbV362GOPae/evZo6darq16/vtDbXxIULF3T8+HElJSXp6NGjatGiha644gp3N0tS4RShcePGacWKFZZj9erV06JFi8odSVMTr7/+ug4dOiSpcM2YCRMmOLT+6uJeAICn84y7cdRIo4ZB+tsdV2jOwpUVnpOXX6DlP27X8h+3213/2HsGqEFwvZo00e0mTpyov//97069xrhx47R27VqnXsNdMjIyNHnyZC1evNhyrGnTppo9e3al8/ADAgK0cOFCjR49Wj///LOkwneCr732Wv3rX//SsGHDPCYUqMrp06f18ssvlxkJ9MADD+i5557zqPUIXLGmxaeffuqwgCM9PV3vvvuupVzRu+jOtHDhQh0+fFj5+fkqKChQQUGBzp61HtX22muvacGCBcrMzNSFCxd0/vx5paen6/Tp01brsEiqcMcRPz8/p30Mniw9PV2rVq1Sdna2cnNzlZOTY3lc8v/s7Gylp6fr1KlTOn78uBITE3Xs2LFy64yNja1RwOHv76+JEyfqgQcekCTt3r1bd9xxh55//nldeuml8vb21uHDh/Xqq6/q448/trxu+PDhLpuecuTIEY0bN06//fab1fE5c+bY9LEPHz5cJpNJDz74oOXYvHnztHXrVj311FO64oornDKaY8uWLZJk9fOUl5enixcv6uLFi8rKytKFCxeUkZGh1NRUy9f7yJEjOnLkiFVd48aN84iAIycnRxMnTtTXX39tOebv768PP/zQKe3bvHmzZbHYQYMGObz+6uBeAIAR8Nuklpj0j8H6feMBbd911KH1XtajpR6+75qqT/RwTZo0cfo1PPXdsJo6cOCAxo8fbxXeRERE6JNPPil3OGppDRs21Pz5861W9s/IyNBDDz2khQsXasqUKW7p0NrKbDbrm2++0ZQpU6y2AZSkadOm6e9//zvDvd3IZDIpKCioxvUcOXJEb775ZqXnrFq1qsbXyc0tf6Rdbbdv3z6HL6CclJRU4zpuuukm/fbbb5apH1u3btUNN9ygoKAgBQYGlll7qVWrVk4dKVPkwoULWrBggWbOnGlZ46DI7NmzNXz4cJvruvXWW2UymTRmzBjLsU2bNmno0KF65ZVXdO+99zqs3UUcueBt6cDDHfLy8vT0009bdex9fX21YMGCGoVsRlLX7wUAGAcBRy3h6+Otj98erevunF3pWhr2aNOqsRa+8YC8DbwVoNHk5+crM7PsgrGOYG+9mZmZmjNnjmbNmmX17nRoaKg++eQTderUyea6goOD9e6772rKlCn64IMPLMc3btxYZkFXT/P4449rwYIFVsdiYmL0r3/9y2PeVavLhgwZYlnAriZquutBWFiYoqOjFR4erkaNGqlx48aKiYlRkyZNFBUVpcaNGysyMlIBAZUv+FwT58+fd1rdpUeouFpYWJg6dOig+Ph4NWvWTM2aNVObNm1qXK/JZNK0adN05swZS6dLKux4lQ4Wirb/dEVgnpycrFmzZpVpw0svvVStKU7Dhg1TdHS0nnjiCe3YsUOS1KdPH7uCElfx9/dXp06d1LZtW7Vo0UKXXGLfdveOZjab9cILL+i9996zOv7ee++5dOciR+nevbvV93pVv/u4FwBgNAQctUhYaJC+++RR3Tn2Xe3cU/6QXlv17BanD98cXeXuK0aRkpLi1Jt/yf4AoTwHDx70mN0ofHx8tGXLFqsbmpiYGM2bN0/du3e3u7569epp9uzZGjp0qJ555hlt375d9957r2688UZHNtvhRo0apS+//FLp6emSCqekPP7442rUqJGbW1axH374wWrrQmcomhtuBB06dNBbb71lKZc3TaRfv3565513ZDKZ5O3tLS8vL3l7e8vb21u+vr7y8/OTv7+//Pz85OvrK39/fwUEBCgoKEhBQUEeMUWpb9++Sk5OdnczLC699FLFxhbvvuXr66uAgADL57KoXPT5LPo/KChIDRs2VIMGDSz/BwcHO22kVEhIiN577z29++67euutt5SSklLmnOHDh+uZZ55x2faW8fHxevXVV3XfffdJktq3b6+ZM2fWaJ2HPn366Ntvv9WcOXM0f/58vfnmmwoMDHRIe1u0aKFhw4ZZykU/Pz4+PvLx8bH8HNWrV0/169dXvXr1VK9ePQUGBio0NLTMP0+ZrmA2mzVjxowyo7vmzZunG264wU2tqpmIiIgy68xUxsfHR1u3bq3z9wIAjMMz/oLAYcJCg7Tsg3F64qXP9fmyDZUuHloeH28v3XNHP00Zf6N8fbyd00g3eO+99zRz5kx3N8NQ/Pz8NGvWLO3evVtHjhzRoEGDNGPGDEVHR9eo3iuvvFLfffedPvnkE918880Oaq20c+dOLV26VFlZWRo4cKCuvPJKh9TbqVMnzZkzRy+//LJefPFFl6xvUVObN2/m+72E+Pj4KodQx8XFKS4uzkUtqhumTZvm7ibYzM/PTw8//LBGjRqldevW6dixY8rKylKTJk3Uo0cPq6DGVYYOHapNmzbJz89PEyZMUHBwcI3rDAwM1MSJE3X//fc7dJvOu+66S3fddZfD6vMUb731lmbMmGF17J133nHo3y5P5+fnp1deeUW7du0yxL0AABBw1EL+fj6a/ewdGjvqav3rzf/qp9/2KDcvv9LXBAT46vq/dNbjD12vZk3ZtstT9O/fXzExMU6p25ab5aioKM2ZM0enT5/W4MGD5eWg6UoBAQH629/+5pC6pMLhrTfeeKNlfYO5c+dq7ty5uvXWWx1S/6BBgzRgwACPeJcesEWXLl30l7/8xWn1O+p3gacJCQnRtdde6+5mWDz33HPy9nb8mw2ODDdqq/fff1/PPvus1bFXX31Vt912m3sa5EZGuRcAAImAo1aLj2us92bfp6yLuVq1fp+27kjUidPnlJJaOFUjIjxE0VGh6tElTpf3iq9VIzaq8u677zp1CKyjpi+MHj3a7XN8Hb31nTPMmzevzOKNRSuzO2pYu5HDjV27dsnX19dp9TuzblRPz549NWXKFHc3AzXkjHADVfvss880adKkMsfXrFmjdevWVbveJ5980mlvWjibEe4FAEAi4KgT6gX46tqrOuraqzq6uykeY8iQIXTKapFTp06VOZacnKycnBxDBxOO0qhRI77fAcBGn3zySbnHP//88xrVO378+Bq9HgBQtdo5xhRAnXLVVVeVOXbjjTcSbgAA7OYpi5wCAOzHb3AAhjd69Gjt379fn376qaTCxctKz52GcZw4cUIJCQlOvUZkZKTDdpAAULt4WsBx4cIFp/9OjI6OLneHKQAwGs/6DQ64yOLFi10yZP/WW2+t0Y3Sxx9/rN9//92BLbIWExOj0aNHO61+VwkMDNTbb7+tJ598Ujk5OYqNjWXueglvv/22SxaF/Pvf/+6QjsHEiRMd0JrKLV26VP369XP6ddxl/fr1mjp1qlOvcdVVVzl1IVPAXZYsWeLuJlhZtWqVevbs6dRrbNq0iZ2kANQKBByokyZMmOCS69x888016vAtX77cga0pa9CgQbUi4JAkk8lkqMXbmjRpohEjRkhy/o4Uzz//vFPrLzJmzBiPe+ezrtq5c6d27tzp1GvExMQQcJSjRYsWGjNmjKXsqIWOAQBA1bgTBQA36N+/v/r37+/uZngEX19fdezo2kWQWXQVztKvX79aPToIrhEeHu7S34uMegRQWxBwoE4YNmyYW2447e1ENW3aVN98842TWlNWUFCQy65lj5iYGA0ePNjdzXA7f39/q89DcHCwTa8zyvd7kbZt2+rXX391cGs8X4sWLSxfX0f8LM6bN0/5+fk1rsdWnjZiKigoSF27drWUXTEtqzr8/Pysfq4bNGjgxtaU1aBBA6vPoyeKioqy+hzWxsBy9uzZ7m6C23EvAKA6TGaz2ezICquqrvTzJctFjys7Vvr/u18qHvr5+fMB1W02AAAAAAB1zq1PX7Q8/vDJwn520RTLiv6v6lhF5dIcPZXTM9/eAAAAAAAAsAMBBwAAAAAAMDwCDgAAAAAAYHgEHAAAAAAAwPAIOAAAAAAAgOERcAAAAAAAAMMj4AAAAAAAAIZHwAEAAAAAAAyPgAMAAAAAABgeAQcAAAAAADA8Ag4AAAAAAGB4BBwAAAAAAMDwCDgAAAAAAIDhEXAAAAAAAADDI+AAAAAAAACGR8ABAAAAAAAMj4ADAAAAAAAYHgEHAAAAAAAwPAIOAAAAAABgeAQcAAAAAADA8Ag4AAAAAACA4RFwAAAAAAAAwyPgAAAAAAAAhkfAAQAAAAAADI+AAwAAAAAAGB4BBwAAAAAAMDwCDgAAAAAAYHgEHAAAAAAAwPAIOAAAAAAAgOERcAAAAAAAAMMj4AAAAAAAAIZHwAEAAAAAAAyPgAMAAAAAABgeAQcAAAAAADA8Ag4AAAAAAGB4BBwAAAAAAMDwCDgAAAAAAIDhEXAAAAAAAADDI+AAAAAAAACGR8ABAAAAAAAMj4ADAAAAAAAYHgEHAAAAAAAwPAIOAAAAAABgeAQcAAAAAADA8Ag4AAAAAACA4RFwAAAAAAAAwyPgAAAAAAAAhkfAAQAAAAAADI+AAwAAAAAAGB4BBwAAAAAAMDwCDgAAAAAAYHgEHAAAAAAAwPAIOAAAAAAAgOERcAAAAAAAAMMj4AAAAAAAAIZHwAEAAAAAAAyPgAMAAAAAABgeAQcAAAAAADA8Ag4AAAAAAGB4BBwAAAAAAMDwfNzdgLouNTXV3U0AAAAAADhAo0aN3N2EOo0RHAAAAAAAwPAIOAAAAAAAgOExRcXNGMIEAAAAAEDNMYIDAAAAAAAYHgEHAAAAAAAwPAIOAAAAAABgeAQcAAAAAADA8Ag4AAAAAACA4RFwAAAAAAAAwyPgAAAAAAAAhkfAAQAAAAAADI+AAwAAAAAAGB4BBwAAAAAAMDwCDgAAAAAAYHgEHAAAAAAAwPAIOAAAAAAAgOERcAAAAAAAAMMj4AAAAAAAAIZHwAEAAAAAAAyPgAMAAAAAABgeAQcAAAAAADA8Ag4AAAAAAGB4BBwAAAAAAMDwCDgAAAAAAIDhEXAAAAAAAADDI+AAAAAAAACGR8ABAAAAAAAMj4ADAAAAAAAYHgEHAAAAAAAwPAIOAAAAAABgeAQcAAAAAADA8Ag4AAAAAACA4RFwAAAAAAAAwyPgAAAAAAAAhkfAAQAAAAAADI+AAwAAAAAAGB4BBwAAAAAAMDwCDgAAAAAAYHgEHAAAAAAAwPAIOAAAAAAAgOERcAAAAAAAAMMj4AAAAAAAAIZHwAEAAAAAAAyPgAMAAAAAABgeAQcAAAAAADA8Ag4AAAAAAGB4BBwAAAAAAMDwCDgAAAAAAIDhEXAAAAAAAADDI+AAAAAAAACGR8ABAAAAAAAMj4ADAAAAAAAYHgEHAAAAAAAwPAIOAAAAAABgeAQcAAAAAADA8Ag4AAAAAACA4RFwAAAAAAAAwyPgAAAAAAAAhkfAAQAAAAAADI+AAwAAAAAAGB4BBwAAAAAAMDwCDgAAAAAAYHgEHAAAAAAAwPB83N0AAJUzm81WZZPJ5KaWAAAAAIDnIuAAPNy6deuUmpoqqTDcGDx4cLXqOXr0qPbt22cpd+3aVeHh4Q5po6P98ccfOn36tKXcv39/+fgY+9dVQkKCEhMTLeUuXbqoYcOGLm1Dfn6+8vLyLGV/f/8y5yQmJiohIcFS7tu3r/z8/FzSPgAAAKAmjN1jAGCzvLw8Xbx40VLOz893Y2sql5uba9XW2iAnJ0cZGRmWsjs+/wkJCdq7d6+lfN1118nb29vqnNzcXKt2lh5BBAAAAHgqAg4AdVJmZqbVaIaaCAwMLBMUONOFCxeUnp5uKUdGRrr0+gAAAIAnIuBAnXD27FmrKQ/O5u3trVatWrnserDfjh07HPY90b9/fwUFBTmkLlucPHlSu3fvtpSvvvpq1a9f32XXBwAAADwRAQfqhNTUVP35558uu56vr2+tCTh27typgoICp9QdHh6upk2bOqVuVwoICHB3EwAAAIA6j4ADcJOsrCzt2LGjyvPOnz9veWw2m7Vhw4YqX9O6dWuFhYXVqH1Fjh496rT1Iry8vNwWcPj6+pa7yKYtcnNzLaGPt7e34RdABQAAAGoD7spRJzVu3Fj16tVzWv1eXl5VnpOfn69Tp07ZXbctr4mOjra73rqme/fu1X7tTz/9pKysLEmM3gAAAAA8BQFHHWDOztHFLbuUs/ugClLPyHz2nCTJ1LCBvMLD5NeutQJ6dJDJz9fNLXWd5s2bq3Hjxu5uhiG0atWqyikqeXl5Onz4sKUcEhKiyMjIKut21CgTV8rOzraEG5IxPwYAAACgNiLgqMVyE5N0fuGXyt+8Tapkt4gcSRk+vvLu1V3Bfxsm32g6/q4QEBCgnj17Vnnevn37LNNUfH191aVLlypfExoaWuP2FWnTpk2V52RmZpYJOC655BKHtcGTlF6Y1JYgx9FKB07OWiMFAAAAMBICjlrInJOrtNcWKu/X1ZLZbNuL8nKVv3a90tZvlO+1A9Rg7F0y+fLt4Uw+Pj6Kioqq8ryDBw9alW15DZwnMTHR8tjLy8stAUdOTk6lZQAAAKAuogdby+SfPaezT74ic4lOmF0KCpS74ied+TNBDac/Lq/gQMc2EHbLzs62PC5a3NKWNT7geGlpaTp79qylHBUVJW9vb+Xk5Ng0jcdRLly4YFU+f/48U2UAAABQ5xFw1CL5587r7LjnZE5JqXFdBYcO6cz4aQp741l5BTpvMU5UrqCgwCrgkKRz586pYcOGNa573759OnToUJnjUVFRiouLq3H9tdGuXbssj00mk9q2bStJ2rJli1Ic8HNnq5Ihi1S4DXJsbKzd9Xz//fdljjHdBQAAAEbF28C1hDknV2efmOmQcMNS5/HjOvv0qxIdHrc5ffp0mS1aT5w44ZC609PTlZqaWuZf6dEBKLR//36rYCEmJkaBga4f4XTy5MkyU1JOnTpVrREi+fn5Zf6ZbZ3WBgAAAHgYAo5a4ty7S2QuscijoxTs3atzH33j8Hphm+Tk5DLHjh07Vib0cLfSnWtPa19NnTp1Svv377eU/fz8LKM3XC2xnOlnpXexAQAAAOoipqjUAnknU5T7w8oqz/Nq314+bVvKN75wKHvun4eVt/egCvburfR1OUuXq+Dma+UVXN8h7YVtMjMzyw04srOzlZCQoNatW9eo/mbNmikoKKjM8QYNGthd18WLF63KpafVGFlKSoo2b95smbphMpnUtWtXBQQEWM7p3bt3lfXs27fPKiSpjtTUVJ06dcpSDg4Otuywc+DAATVr1kz+/v4219evXz95e3tbHUtMTFRCQkKN2gkAAAC4AwFHLXB+0TeVbgNrCg1V4IQHVK9XJ+sn+l8mScpas1UZr78n/f+OUhnZF3X+yxVqcM/NjmoybLBr1y7LdAF/f3+FhYXp+PHjkgqnS0RERFQrjCgSFRWlxo0dsyVwVlaWVbm2BBzJycn6448/rEakxMfHu2XnlPz8fO3cudNSDgoK0qWXXqpffvlF+fn5ysvL06ZNm9S7d+8yoUVFgoKCypxrT0ACAAAAeBKmqBicOTdPeavWVfi8KSpKDee8VDbcKKFe324Km/OiTGGNKjwn94ffatRO2Ofw4cM6efKkpRwfH6+OHTvKx6cwk8zPz9fmzZvLjJxwl7S0NKtyZmamobcuNZvN2rVrl7Zs2WIVbjRv3lxt2rRxS3s2bdpkGa0hSa1bt1a9evXUrFkzy7GzZ89q48aNLBQKAACAOomAw+AubtwhZVfQyTWZ1OC5CfJuUHYaQmneYaEKnjy2wufNZ88oZx/D1l3hxIkT2r17t6UcFBSk2NhY+fv7W01LyczM1Nq1a5WZmemOZlopvauH2WzW6dOn3dSamklNTdWqVavKTNOIj49X586d3dKmP/74w+rz2aBBA0VHR0uSLrnkEqvFTlNSUrRp0yZCDgAAANQ5BBwGl711d4XPefe5TL7Nmthcl3/HNvK65JIKn79YybXgGMeOHdOWLVssnVMvLy917NhRJpNJktSqVStFRUVZzr9w4YJWrVplmbriDpmZmcrIyChz3FG7vbjKhQsXtGXLFq1du1bp6emW40VfA3ctKrp7924dO3bMUvbx8VH37t0t3xM+Pj7q2bOnZXSPVLgo6i+//FLuGi4AAABAbcUaHAZnTq9g3QxJ9QZUvfBhaf79L1V5ZHLFAAAgAElEQVRWBYuOFpxy3Ba07paamqrc3FynXiMsLEz169u2MGt+fr527dqlI0eOWI6ZTCZ17txZ4eHhVsd69Oih9evXK+X/bwmcm5urzZs3KyoqSpdcckm5C4c6U3m7ekiF25lmZ2d7/JoOZ86c0aFDh3Ty5MkyW6Q2aNBAXbp0UUhIiMvblZ2dra1bt1q+zkU6duxYZnva4OBgde/eXVu2bLHsaJOZmaktW7YoISFBHTt2rNF6LQAAAIAREHAYXGUBh0+M/QtI+rZtqawKnis4lWp3fZ7q0KFDTr9Gly5dqgw4zGazjhw5oj///LPMwpxt27ZVTExMmdeYTCb16tVLmzdvttpR48SJEzp58qQiIyMVExOjqKgoy7v8zmI2m61GFzRt2lQpKSnKyclRQUGBEhISdEklo4LcJSMjQ8nJyTpx4oTVaI0i3t7eatWqleLj453+OSwtPz9fBw4cUEJCgtX2uyaTSe3bty/3e0KSIiMj1bdvX23cuNFq0de0tDRDr4cCAAAA2IqAw+gq63yZK36qwup8fSuprxoVoly5ubnav3+/kpKSygQb3t7e6tChg5o3b17h6729vXXppZcqMTFRe/bssXSEzWazTp48qbS0NEVERFhNW3CGxMREq/YXLXx58OBBSYWLpbZo0cJqS1V3++OPP3T06NFyn/P29lazZs3UunVrt7Y5OTnZKtzw8vJSly5dLOtuVCQkJERXXHGFdu/ereTkZJnNZsXGxioiIsLZTQYAAADcjoDD4ExhDSt8Lu90qnxbVN4hKi3/ZMXTUEyNKr6WpwsMDLRra8+8vDydOXPGUg4KCrJ5ukmRevXqVficj4+PUlJSyoQbISEh6t69u83TTIo6r3v27NHJkycta3e0b9/e6eFGfn6+9u/fbymHhYUpJCRE/v7+SkhIUEFBgfLy8rR79251797dqW2xR0xMTJmAw8/PT82aNVOrVq3k5+fnppYV8vb2VteuXbVmzRqZzWY1aNBAHTt2VMOGtv38+fv7q1u3bmrVqpUOHz6sdu3aObnFAAAAgGcg4DA4r/CKOz3Z6/9QvV727fpwcc2WSq4VZlddnqRJkyZq0sT2BVfT09P122/FW+M2bdrUoduDFq2v8fvvv8tsNiswMFBxcXFq3ry5vLzsW/u3fv366tGjh7Kzs5WQkKDMzMwq3+l3hNLTalq0aCGpsIPdpEkTJSUlSSocjRAVFaWmTZs6vU22aNSokSIiIpSWlqbIyEhFR0crIiLC6VNRvLy8rEKnyq7XsGFDtWvXTj4+PpWO5KlMSEiI23Z9AQAAANyBgMPg/Lu1V85nS8t9Lvf7X5R707XyjbZtLY6cg0eV98vqCp8P6NmxWm1E+UJDQ9W+fXsFBATYFb5UxN/f32XrXRQtzFkkKCjI6mNo27atTp48aZlmsX37dgUHBys4ONgl7atKt27d5OPjY3eYVBPx8fGKj4+3+fyWLVs6sTUAAABA7UPAYXABndrqfP1AKfNC2SfzcnVu6myFvfGsvAIrni4hSflp6Up/9lUpP7/c502hDeXfrpUjmowS4uLiXHat4OBgNWvWzFKubApNZXJzc7V161bLjiNFo1FKjkioX7++OnTooD/++ENS4ZSfjRs3qk+fPtW+riNVNA0lJSXFau0LZwoLC3P5dJgWLVpYjaTx9vYuc07jxo2tdr7xrWxdHgAAAMCDEHAYnZdJvlf3U+5/V5T7tPn4cZ2Z+JJCn39UPhVMZ8lLPqW0p2bJnFrx+hu+/4+9+w5suk78P/5Km7YU2lJK2UpBkCmILBH1J4LKUBkK6KmgHKeIp4eKd6KiTE/lUPy6wHXiOD0Hd4IyHAwPlCl4TJHZMkTo3m3S5vdHr2nSmaRJk0/6fPzD5/3JZ7ybljbv1+c9Bl9R/YSmCHjx8fFOS856oqioSNu2bXNapSMhIUFxcRWHL51//vk6d+6cTp8+Lalk2dLNmzcHTMhRmb179yo7O7tO7jVgwIBafz/cZTaba5ybJZB62gAAAADuIOAIAtG33aDUr9ZJlsqXgrQlJirtrocV2u8SRV73/xTRvaNsVqsK9h5S/urvVLR7T/UrpEQ0UPQt1/uo9nD022+/1dm9YmNjnZ7U18Rms2nHjh1KS0uz72vYsGG1k1j26NFD6enpys3NlVQScnz//ffq1atXnTfug0VSUlKd3q9NmzaV9vQAAAAAAg0BRxAIjY1R2PBrZFmxquqDiotUtHWHsrfukLvPp8NHj1BItHsriMB9NptN27dvr7P79evXTy1auDY/S0FBQYVwo3S1j+oav2FhYbrsssu0ZcsW5eSUDKPKz8/X1q1b1aFDB3Xq1KlO58FwR1hYmMsrl7giNzfXK71Ddu/e7YXauK5FixYEHAAAADAEAo4g0fgP45S6Z7+Kjx336nVDunRW4wkjvXpNGEtqaqp27drlNCwlJCREffr0qXRoSnmRkZEaOHCgtm7dqszMTEklYc7hw4d18uRJde7c2WlukEARFRWl/v37e+16R44c0YEDB7x2PQAAAADOCDiChMkcqti//llp98+qdi4Nt67ZurWazHtYCtAn7MGocePGPrt2YWGhU0hRE4vFor179+r06dP2CUWlkklFe/furebNm7t8rYiICF122WXasWOHUlJS7Pvz8/NVWFj50CpUrlmzZj69fk5Ojn1IEQAAAGAkBBxBJLRxtJq8MkdpMxbIlphYq2uFdLpQTeZPr3H1FXiPyWTSlVde6bPrHzt2TPv27XP5+JCQEGVmZjqFG6Ghobr44ovVsmVLt+9fOlwlKSlJBw8eVEFBgZo2baoOHVidxx2XXnqpT6+/d+9eHT9+3Kf3AAAAAHyBR/NBJrRxtJr+31MyD7rSs1VPQkIVdv1QxS18XCFRzLtRn4WGhqpPnz72+ReioqJ0+eWXOy0z6om2bdtq0KBBat++vS655BJvVBUAAAAA6MERjEzhYWryl7tluWWEst7+VEW7/isVFVV/Uni4zJf2VfSkm2Vu6dsu8L6WkZGhEydO1Ooa5YdNnDt3rtZDKcLDw9WpU6daXaOuRUVFqWfPnsrLy1OHDh1k8tJSwWFhYerevbtXrgUAAAAAEgFHUAtLaKO4uQ/Kll+g/B/3qfDAERWnpsmWliFJMjWJVUjzpgrv3lENLukukzk4VkrIzs72ehf7tLQ0pxVEPNGwYUPDBRxSyTKhAAAAABDoCDjqAVODCEVe3luRl/f2d1UAAAAAAPAJAg4EnaioKLVr187f1aggPDzc31UAAAAAgKBFwIGg07hxY58utwoAAAAACDwEHABQiaysLG3atMlr1ysoKPDatQAAAABURMABAJWwWq1KT0/3dzUAAAAAuCjE3xUAAAAAAACoLXpwAPVEaGioIiIi7OWQkMDNNyMjIxUTE2Mvm0ymOrnvxRdfrKKiojq5V6DOE9OgQQOn9z6Qf04AAAAARwQcQD3Rtm1btW3b1t/VcEn37t39ct8mTZr45b6BpGPHjurYsaO/qwEAAAC4zfCP5hwf7Nps/qsHAAAAAABG4tiGrqNO0z4VVAFHUbH/6gEAAAAAgJE4tqGDYWSy4b+EiLCybYuVLhwAAAAAALjCsQ0dFurHiniJ4QOOBuFl27kF/qsHAAAAAABG4tiGjoyo+jijMHzA0SiybDs7lx4cAAAAAAC4wrEN7di2NirDBxzRDcu2M3IIOAAAAAAAcIVjG9qxbW1Uhg84mkSXzTKakknAAQAAAACAKxzb0I5ta6MyfMDRNKZs+1w6AQcAAAAAAK5wbEM7tq2NyvABR/PYsu0zKQQcAAAAAAC4wrEN7di2NirDBxwtm5Z9Q04lE3AAAAAAAOAKxza0Y9vaqAwfcLRpWrZ94jfjf0MAAAAAAKgLjm1ox7a1URk+4IiKtCn+f11pLFYp8UyxfysEAAAAAECASzxTLIu1ZDs+tqRtbXSGDzgkqV2rsu3Dpwg4AAAAAACojmPb2bFNbWRBEXB0bF22/XMiAQcAAAAAANVxbDs7tqmNLDgCjvPKutLsJ+AAAAAAAKBajm1nxza1kQVkwGEymdw6/sLWNjUIL9k+myqdPEfIAQAAAABAZU6eK9bZ1JLtBuElbWp3uNtmrysBGXB44qIOZdu7finyX0UAAAAAAAhgjm1mx7a00Rk+4LDZSpKmnu3L9v34Cz04AAAAAACojGObubQtXdq2NjLDBxylenUs+2bsO2pTSqbxvzkAAAAAAHhTSqZN+46WtZcd29JGFzQBR+NGNl10QVn5hz1W/1UGAAAAAIAA5NhWvuiCkrZ0sAiagEOS+ncp2960h2EqAAAAAAA4cmwrO7ahg0FQBRyXdi1SaGjJ9tFTNh1IZLJRAAAAAAAk6UBikY6eKumxERpa0oYOJkEVcESESVf0LCuv+zG4vlkAAAAAAHjKsY18Rc+SNnQwCYqAw3EN3it7lo0f2rCrmMlGAQAAAAD1XkqmTRt2lQ1PcWw7O7apjSwoAg5HHVsVq2u7svLqLUw2CgAAAACo3xzbxl3blbSdg03QBRySNKR3WRK1anORsnLpxQEAAAAAqJ+ycm1atblseIpjmzmYBFXAUdqtpm+nYl3QpmTbYpWWb6IXBwAAAACgflq+ySrL/5rFF7QxqW+nkt4bwTI0pZTXA45AeYOG9SvrbrN8Y5HOpgdnQgUAAAAAQFXOptu0fGNZ7w3HtrI/+SI7CKoeHI76dS5S57Zl5U/XWfxXGQAAAAAA/MCxLdy5bUlbOVgFbcAhSSMHOq+osvtI8H4jAQAAAABwtPtIkdPKKY5t5GAU8AFHbbqtdEso0mUXlZX/8Q1zcQAAAAAA6gfHNvBlF5W0kT0VKNNRVCfgA47aGnOFVaGhJdtHT9n0yXqGqgAAAAAAgtsn6y06eqqkx0ZoaEnbONgFVMBRXSJU+lr5f2sSH2PTLVeXdcP5dF2RDiQyVAUAAAAAEJwOJBbp03Vl7d5brrYpPsa14SnutL0DrVdHQAUcnnDlDb2mt1UXXVBWfvtLq2zBPfQIAAAAAFAP2Wwlbd5SF11Q0iauSaCFFZ6o84Cj/JvmjTfR5kJacevVZUNVEs/Y9PqKwlrfFwAAAACAQPL6ikIlnikbmnLr1TWHG660qWvii7a+uwK2B4e7b0ZVb2bpv62b2jTxurJv2todxVq1hfk4AAAAAADBYdUWi9buKFs1ZeJ1NrVuWtIOrmrISW3b3oEkYAMOT1X3Zl9xkUVX9y4rv7OySDt/YT4OAAAAAICx7fylSO+sLGvfXt27pA1clUAOKjwVdAFHTe4YUqjObcvKL31mUeKZ4qpPAAAAAAAggCWeKdZLn5WFGZ3blrR965t6F3BI0uQRVjWJLtnOyZOe/7hQKZnMOgoAAAAAMJaUTJue/7hQOXkl5SbRJW3e+sgnAYe3u7pUtUyNq0vGlj+uaXSxpowsUulpvyZLCz4sVFYuIQcAAAAAwBiycm1a8GGhfk0uKZtM0pSRRWoaXfy/smdtZnfb3O7y1fCYgOvB4ekXarPZ3PomdGxl1dRRZeOTjp6y6ZkPCDkAAAAAAIEvK7ekDXv0VFkbduqoInVsVXXvjcrazJ6uoBKIc3j4JeBwddZWX75hJpNJvTtaNXlE2fwbh07YNP89hqsAAAAAAAJXSmZJ2/XQibK26+QRxerd0erzdrQr+/0VfgRcDw5fK/9GX9bNoknDy34ojp6yac47BUw8CgAAAAAIOIlnijXnnQKnnhuThtt0WTfnFVMCsYeFr5lsnvZHqUFNly3/umO5su3y/9ZmX2Wvbd4fprdXleU9jSKlP40NU+9OodV+HQAAAAAA1IWdvxTppc8s9glFpZKeG6XhhmOoUd0UDp7uq+y18tuVlcvzVfgSkAGHY9mVoMLxX8cxRDX9W35752GzFi8PlWNVJl0fqhEDwqr9WgAAAAAA8KVVWyx6Z2XZPJImU8mcG707Wh321RxOlJ9/w50JRqua75KAw8WAw3G7tgFHTfsk6dDpUL3xhVlpWWV1GdI3RFNGhstH3wMAAAAAACpls0mvryjU2h1l0yg0iZbuudGqC1s7Bh7u98ZwJ+Bwp8dGvQs4KjvG3WEqVR1Tm14ckpScadI7a8J1MKlsX0JLkybfYFbXBIasAAAAAAB870Bikd7+0qrEM2Vt1s5tpUnDChUf49yO9UbvDVfOrW67snJlDBdwSN6fh8Nx25e9OEq3P1zfQOt3Otd53OBQjb+aISsAAAAAAN/5ZL1Fn64rctp3dW/ptqvzJdUcOHiz94ar25WVy/PpKi+BGnA4lmsTcFR3rCvb3+8L1/vfhKjI4efqgjYm3X6tWT070JsDAAAAAOA9u48U6R/fWJ1WSQkNlSZcW6zLuxdKci94qCqsCLb5NySDBByO266GHrXtxeFYPpMWqo83hGnvUef6D7okROMGh6l5LJNzAAAAAAA8dzbdpk/XWbRhV7HT/osukG4ZZFHLJiVP3asLFLzRe6Oqcyq7nyvl8oI24KjsGF8MU6nu2Oq2y5fX/RSuTzY49+aQpFFXhmrUFWZFNyToAAAAAAC4LivXpuWbrFq+0bmhGRoqjR9UrMG9Cu37XAk3HLe93Xujuu3KypUxbMAh1c0wlcr2VdWLo6bzq6pz6b6UrBAt/yFcm/c6vx5mlkZcFqrhA8xqGkPQAQAAAACoWkqmTau3WLVqc5EsVufXLrtIGjWwUE2jS3pzVBYKeDoHh7u9N6ra50q5ujr7gmECDsdtV3tzlL55tZmDo6q6HEgya+VWs9NKK6UGXRKiwX1CWXEFAAAAAODkQGKR1v1YVGEoilSyQsr1l1rVtW1Z4uFJuOG4Xf5fV3pv1LTP1XJ19fYFnwccUt2uplJ+X01DVarbrqrujvt+PBSmr3aE6tjpil/XBW1MuqJHiAb2oFcHAAAAANRXKZk2/bDHqk17ip0mDy3VvrU0tG+R+lxose+rKdgoX3YlnKgs3KjseKOtnmK/R6AHHOXL7vTiKN2uaahKddvV1d9x/64jYVr/U6gOHK/0UHW/wKQ+nUJ0SadQndcspPKDAAAAAABB4eS5Yu36pUg//lKsfUcrb1N2bSdd3atIl3SoPtiobL+7vTgcw43yr1V3niv3r67err7uDQEZcJTf52ovjsr2VTdUxdVtV76O0teO/mbWD/vM2rRbFSYjLdU8TuqWEKIuCSHq2CZECS0JPAAAAADAyBLPFOvwqWL9nFis/YnFOpta+XGhodIVPaWB3a26oEXJUJTqGv/eGqJSm7k3qtuubp87r3tDnQQckm96cThuezpUpbrtqurtyluWb5F2HAzTjl9CKiwvW16YWTq/hUlt4k1q2dSkZrEmNY0xqXEjk6IamtQwQgozmxQaItXBzwQAAAAAQJLNJhUVSxarTbkFUnauTRk5NqVk2nQu3aYzKTadSrbpxG+2ChOFlnfRBVLfTsXq29miBmE139sbQ1RKt705NMWVsitfiy8EXcBR3T5vhhzV7S8vI8ekvcfDtPuYtO+oSfmFNZ8DAAAAADCuBuFS9wts6tleuqidRY0budZ+9PYQlZqGptS0r6Z7V1dnV1/3loAJOCo7xp8hhytlV18r78iZUB09HarDp6XEMyYlp7t8KgAAAAAgAMXHSgktberYWrqgdZE6tKxizoJKuDNExZ2gIxDCDVeP8YY6Czgk7/bicCy7u0pKdSGHJ+WquHpcdp5JZ9JD9VtqiM5lmJSSKaVnS5k5NuXmm5RXIFmKqp7TAwAAAADgfSaTFBIihYVKkRFSwwY2xTQyKTZKahojNWtsU4u4YrWMLVJUZO16aNR0nLtBR1XhhuN2Tfs8Kdf0dfhSQAUclR3jbi8Ox213Qo7qjnd3X23U4bcDAAAAAFAL3m68uzp5Z009LDwNN1y5dk11c6X+vhLwAUdl+2oTbDhul19dpaZ7VbfPndcBAAAAAPWbJz0fXBme4kq44bjtabjhytfg6jHeUqcBh+T9Xhzly94IOVwp17S/OgQgAAAAABDcPGnYezLBqGPZW+GGJ2VX6u1rdR5wSJ71gHBnOIm7IYckl4MOT+sPAAAAAEApb/bgKN+udWXb1clKXa2Lu6/7QkAGHFUd46uQo7TsTsjhymveOB4AAAAAYEzuNvI9WU2lfK+N8sf6I9xw9Rhv80vAIXlnqEr5fe5uV/VaVUGHK/UmwAAAAAAAuKI2vThq6rVR3WuuzrtR0zXdqXddMFTAUdk+T5aSLV+u6rXqgo7q6lgTQhAAAAAACG7enIPD8bXKgo3y5ape88Y8GwQclXD1tt4MOarbrq7s+M0xeg+Oqv4zAAAAAADqljs9OFwJNsqXvT2JqKvtyHoXcEiBEXK4UnbcV/4b5enbF+hBCAAAAADAM5428Ktqb3oydKS+hRuSnwMOKXBDjurq5ri/sm9eIIUXlU04AwAAAADwr5rakq4uGVvZvvoYbkgBEHBI3puPo7J9temt4WodK3vNnW9sAHwLAAAAAAC1UNs2oDsrqLi6z1thRiDPu+FUh0AIOCTfhhyV7fNWD47qePLWBsIPBQAAAACgZr5s83mrB4er57izz5Nj6oKhAo6qjnM1iPAk+HClbgHyFgIAAAAADKo2S8bW9hhXz3Wnbv4QMAGHVPueEd7qzVFTXdx5ywLo7QUAAAAA+JE7QUBth6zUtoeG0cINKcACDsl/IYe713TndQAAAAAAquNJD46q9tfHcEMKwIBD8k3IUdV+b1yjOrV9e0t/YALw2wQAAAAAcIO7gYC7AYQ3QgyjhhuSwQOO6o71ZnBBDw4AAAAAgC952oOjutd8FW64e2xdCciAQ/LePBfe7qHh6x4cJpOJwAQAAAAAgpC3enDU9LonAYbRww0pgAMOyXthgqe9M3y5HCwAAAAAAKW8MTTEm708PLmHvwV0wFHK1705XL2HJ2+VAd5eAAAAAEAd8CQccOUcb4cetT3WX4Iu4KjpeG8GGQZ46wAAAAAABuLNST69FW54crw/GCLgkLzfe8KXIYZB3lIAAAAAgJ/4qjdHTcf58r7+ZpiAQ/Jd2OCtITD+Fsh1AwAAAIBAFMiNd28PIQnmcEMyWMBRype9KuixAQAAAACoa/7q0eHNc/zN7O8K1JXSb05NYYSrx1V2TnkEHwAAAAAAR94IDnwZbBiZIXtwSLUPD7w5cSkAAAAAAL5S1xOCGjUYMWzAUaqugw5vnw8AAAAAQKnahAv1NdgoZfiAQ/JeyODNtyII3lYAAAAAgA94M0jw1rWMHm5IQRJwlCKgAAAAAAAEu0AMSAJBUAUcku+CiSB7mwAAAAAABuGrECKYwg0pCAMOR77+0oL4rQMAAAAA+IGvQ4dgCzUcBXXAUcofX2I9eFsBAAAAAB7wR8gQzMFGqXoRcEgEDgAAAACA+qk+hBuSZPZ3BeqK4zeUsAMAAAAAEMzqS6jhqN4EHI4IOwAAAAAAwaY+hhqO6mXA4YiwAwAAAABgVPU91HBU7wMOR6U/GAQdAAAAAIBARrBREQFHJar7QSH8AAAAAADUBUIM9xBwuKmyHzBCDwAAAABAbRBm1B4Bhxd48weRsAQAAAAAjIFQIrAQcAQY/oMAAAAAAOC+EH9XAAAAAAAAoLYIOAAAAAAAgOERcAAAAAAAAMMj4AAAAAAAAIZHwAEAAAAAAAyPgAMAAAAAABgeAQcAAAAAADA8Ag4AAAAAAGB4BBwAAAAAAMDwCDgAAAAAAIDhEXAAAAAAAADDI+AAAAAAAACGR8ABAAAAAAAMj4ADAAAAAAAYHgEHAAAAAAAwPAIOAAAAAABgeAQcAAAAAADA8Mz+rkDQKs5UUdo7Ks7ZJZs1Syq2SKENFBpzuUKbTJJCYvxdQwAAAAAAgobJZrPZ/F2JYFOcvVbWs4ul4sLKDwgNl7nZVIVEDanbigEAAAAAEKQIOLyqSEUpL6sobZ1LR4c2GaLQpg+IkUIAAAAAANQOAYe3FKXKcmambHkn3TrNFJmgsJbzpNBYH1UMAAAAAIDgR8DhBbaCfbL+Olc2a55H55vMDWVu9aRMEd29XDMAAAAAAOoHAo5aKsr4REXJH0q24tpdyBSi0PjbFdp4nHcqBgAAAABAPULA4Slboaxn56s46yevXjYkupfMzWdKpnCvXre+2LFjhw4cOCBJiouL0/XXX+/nGgEAAAAA6gLLxHrAZjkt65knZCtI8fq1i7N+kqVwiswtn5YprLXXrx/sNm3apHnz5kmShgwZQsABAAAAAPUEy3e4qTj3e1lOPOCTcKOUrSBFlhMPqDj3e5/dAwAAAACAYEIPDpfZVJT6uopSV9XN7Yotsp5+TqFxIxQaN0WSqW7u6wNjx45VQUGBV695ww03aMqUKV69JgAAAADAuAg4XFGcKeuZp1Sce7TOb12Uukq2/J9lbjlXComp8/t7w549e5ScnOzVaw4YMMCr1wMAAAAAGBsBRw1sBQdl/XW2bNYcv9WhOPeoLElTZG41W6aIzn6rh6diY2MVHl79pKkpKSn2Xh5RUVGKiak+zKnpegAAAACA+oWAoxrFWV/Ievbt2i8B6wU2a44sJx+VuflkhUTf6O/quGXr1q01HjNu3DitW7dOknT33Xdr5syZvq4WAAAAACCIEHBUxlYoa/JCFWds8XdNnNmKZf3tTYXk75E5/pGgWko2LS3Nvp2dne3HmgAAAAAAjIhVVMqxWc/IcvK+wAs3HBRnbJHl5H2yWc/4uypeYbPZdOTIEXv51KlTfqwNAAAAAMCICDgcFOf9+L8lYM/6uyo1shWcLVlKNu9Hf1el1o4fP67MzEx7edOmTcrNzfVjjQAAAAAARkPA8T/F2etlPTVHKvLucqY+VVQg66k5Ks75zt81qZUtW5x7y2RmZro0bwcAAAAAAKUIOCSpKEXWsy/7uxYes/72klSU7u9qeMRqtertt9+usP/VV1+VzWbzQ40AAAAAAEZEwCGpKONDqdjq72p4rtiionxot+EAACAASURBVMxP/F0Lj6xevVq7du2SJPXp00etW7eWJK1fv15ffPGFP6sGAAAAADAQAg5Jxdk7/F2FWivOMd7X8Ouvv+rxxx+3lx9//HE9+eST9vJDDz2kQ4cO+aNqAAAAAACDIeCQZLNm+bsKtWYrTPV3FdySk5Oj6dOn6/Tp05KkYcOG6aqrrtJNN92kK664QpKUnp6uO+64Q8eOHfNnVQEAAAAABkDAIRl7eEqp4kJ/18BlOTk5mjp1qr766itJUmRkpB577DGZTCaZzWY999xzatasmSTp8OHDGjduHJOOAgAAAACqRcCBOnX48GHdfPPNWrlypX3fW2+9pYsuushe7tKli/7xj38oJiZGknTs2DGNGDFCzz//vFJSUuq8zgAAAACAwEfAgTqRk5OjJUuW6Nprr9X27dvt+xcuXKhhw4ZVOL5Pnz764IMPFBcXZ9/317/+Vb1799b8+fMZtgIAAAAAcELAAZ9KSkrS4sWLddVVV+mJJ55QZmamJCkqKkqvvfaa7rrrrirPvfzyy/Xtt9/q2muvte/Lzs7WokWL1LdvXy1fvtzX1QcAAAAAGAQBB3zqk08+0cyZM516XPTp00dfffWVbrnlFplMpmrPT0hI0AcffKAFCxaoVatW9v0XX3yxU/ABAAAAAKjfCDjgU3/84x/Vq1cvSVLHjh21aNEi/fvf/1aXLl1cvobZbNbkyZO1detWvfnmmxowYICeffZZNWzY0FfVBgAAAAAYjMlms9n8XQl/Kzw80t9V8Irwjiv8XYVK/fe//1VSUpKuu+46RURE1Pp6Nputyp4f33zzjbZt2yZJatmypSZPnlzr+wEAAAAAAh8Bh3wbcIQ0bKeQ6OskSUWZa2TLS/LZvQI14AAAAAAAwNfM/q5AMAtp1EHmVovKytE3yHLyXtnyT/uxVoHh8OHDOnDggCQpLCys0pVUPLFnzx4dP35ckhQTE6OrrrrKK9cFAAAAAAQ2Ag4fCom+scK+0MajZM1f7IfaBJbt27fr/vvvlyS1bt3aawHH2rVrNW/ePEnSkCFDCDgAAAAAoJ5gklEfMpmbVtwX1toPNQEAAAAAILgRcAAAAAAAAMMj4AAAAAAAAIbHHBzwu7S0ND3++ONeudbOnTu9ch0AAAAAgLEQcMDv8vLy9Prrr/u7GgAAAAAAA2OICgAAAAAAMDx6cMDvWrVqpc2bN3vlWq+88ooWLlzolWsBAAAAAIyDgAN+ZzKZFB0d7ZVrRUZGeuU6AAAAAABjYYgKAAAAAAAwPAIOAAAAAABgeAQcAAAAAADA8JiDw4ds1nMyVdh3xi91CWQpKSmaMmWKV671888/e+U6AAAAAABjIeDwoeLM5QqJusZpX1H6v/1Um8BVUFCgzz77zN/VAAAAAAAYGAGHDxXnJsp6+k8KjZssm82iotSlsuWf9ne1AAAAAAAIOiabzWbzdyX8zXL8Vtmsuf6uRq2YzI0U1u4jf1fDZVarVUVFRT6/T0REhM/vAQAAAADwP3pwSDJFdpQta7e/q1Erpoad/V0Ft5jNZpnN/PgBAAAAALyDVVQkhUTf4O8q1FpozBh/VwEAAAAAAL8h4JAU0nCAQmIu8Xc1PBYSe4VMDS72dzUAAAAAAPAbAo7/MTefpZDoHv6uhttCGl8qc/xf/F0NAAAAAAD8iklGyynO/kbFuT/Iln9MtsJUf1enUqaI5jI16KCQRoMU0vAyf1cHAAAAAAC/I+AAAAAAAACGxxAVAAAAAABgeAQcAAAAAADA8Ag4AAAAAACA4RFwAAAAAAAAwyPgAAAAAAAAhkfAAQAAAAAADI+AAwAAAAAAGB4BBwAAAAAAMDwCDgAAAAAAYHgEHAAAAAAAwPAIOAAAAAAAgOERcAAAAAAAAMMj4AAAAAAAAIZHwAEAAAAAAAyPgAMAAAAAABgeAQcAAAAAADA8Ag4AAAAAAGB4BBwAAAAAAMDwCDgAAAAAAIDhEXAAAAAAAADDI+AAAAAAAACGR8ABAAAAAAAMj4ADAAAAAAAYHgEHAAAAAAAwPAIOAAAAAABgeAQcAAAAAADA8Ag4AAAAAACA4RFwAAAAAAAAwyPgAAAAAAAAhkfAAQAAAAAADI+AAwAAAAAAGB4BBwAAAAAAMDwCDgAAAAAAYHgEHAAAAAAAwPAIOAAAAAAAgOERcAAAAAAAAMMj4AAAAAAAAIZHwAEAAAAAAAyPgAMAAAAAABgeAQcAAAAAADA8Ag4AAAAAAGB4BBwAAAAAAMDwCDgAAAAAAIDhEXAAAAAAAADDI+AAAAAAAACGR8ABAAAAAAAMj4ADAAAAAAAYHgEHAAAAAAAwPAIOAAAAAABgeAQcAAAAAADA8Ag4AAAAAACA4RFwAAAAAAAAwyPgAAAAAAAAhkfAAQAAAAAADI+AAwAAAAAAGB4BBwAAAAAAMDwCDgAAAAAAYHgEHAAAAAAAwPAIOAAAAAAAgOERcAAAAAAAAMMj4AAAAAAAAIZHwAEAAAAAAAyPgAMAAAAAABgeAQcAAAAAADA8Ag4AAAAAAGB4BBwAAAAAAMDwCDgAAAAAAIDhEXAAAAAAAADDI+AAAAAAAACGR8ABAAAAAAAMj4ADAAAAAAAYHgEHAAAAAAAwPAIOAAAAAABgeAQcAAAAAADA8Ag4AAAAAACA4RFwAAAAAAAAwyPgAAAAAAAAhkfAAQAAAAAADI+AAwAAAAAAGB4BBwAAAAAAMDwCDgAAAAAAYHgEHAAAAAAAwPAIOAAAAAAAgOGZ/V0BwNtOnjyp9evX28t33HGHTCaTV++RnZ2tc+fO2ctt2rRReHi4V+9R1/bu3auDBw9Kklq0aKErrrjCr/XZsmWLDh06JEmKj4/X8OHD/VqfyuzYsUMHDhyQJDVv3lxDhw71c43KONYtLi5O119/vZ9r5OzMmTP65ptv7OVbb71VYWFhfqxRiY0bN+r48eOSAvt7Gh0drdGjR/u5RqivDh48qG3btkmSGjRooHHjxnl8rby8PG3YsMFe7t27t1q0aOHWNX788Uft379fktSoUSPddNNNHtfHV3bv3q3//ve/kiSz2azf/e53fq4RauvAgQP2n7uQkBCNGTPGzzUCIBFw+ITValVubq4sFousVqv936KiIkmSyWRSw4YN1bBhQ0VFRSkkhI40rioqKtLSpUvt5ZEjR6pZs2ZOxyQmJurBBx+0l2+//XavBxzff/+9brvtNnt5165datu2rVfv4W0zZsxQcXGxJGnq1Klq37690+s//PCDHnvsMUnSLbfc4veAY8OGDfrb3/4mSRo2bFhABhybNm3SvHnzJEmjR48OqMawY92GDBlS5wFHTk6OnnvuOXv5gQcecPq/+uuvvzr9P7355psDIuBYvXq1Xn/9dUmB/T3t168fAQd8Ijs7W1999ZW9PGzYMDVq1MjpmL1799r//3bq1KlWAUdGRobuuOMOe3nFihVuBxzff/+95syZI0nq1atXQAYcO3fu1PTp0yWVhPb1MeDYsWOHnn76aXv5n//8pyIiIvxYo9rZunWr0/eUgAMIDAQcXmKz2ZScnKz09HTl5ubWeHxWVpZ9OzIyUrGxsWrSpElAfMAPZMXFxfrLX/5iLw8cOLBCwFEX8vLynMoFBQV1Xgd3ffTRR8rOzpYkpw+TwSYlJUXHjh2r9XVMJpP69OnjhRrVTxaLRa+++qq9PGnSJL/8XwXgnoyMDN1zzz328r59+yoEHPVBamqqMjIylJubq7i4ODVp0kQNGjTwd7UMLS8vT//5z3/8WoeCggIVFhZKKvk7HxUV5df6APA+Ag4vSE1N1ZkzZ2SxWDw6Py8vT3l5efr1118VFxenli1bEnQEuMOHDzuVjx8/rgsvvNDn983MzNSRI0eUkpKikJAQxcfHq1OnTnzocrBnzx7dfPPNtb5OfHy8fchOfZadna3U1FQ1bdo0oBs5KSkp9u1GjRrxfwKA244ePapPP/1UX331lX04SamwsDANHz5cw4YN04gRIxQdHe2nWrovOztbGRkZysrKUqNGjRQXFxfQv8996csvv7QHeO3bt9eOHTv8XCMA3kbAUYmMjAynJ/Th4eGKi4urcFxOTo5Onjyp/Px8r907NTVVqampat68uVq0aMHwlQBUUFCgL7/80mnfV199pWuvvdZn99y9e7cWL16s5cuXV+gtEhcXp3HjxmnKlClKSEjwWR1KHTx40D7UxZu6dOni9aFEgebIkSNOwzI8FRERoc8++8wLNapcQUGBli9frrfeeks//vijff+VV16pSZMm6cYbbwy4300DBw5UcnKyJGnx4sUaP358nd37+uuv12+//eaVa3399deV/r0B4DtZWVl67rnntHjx4iqPsVgsWrFihVasWKH27dtr1qxZuvHGG+uwlu45duyYvvjiC3399dfavHlzhdcHDRqkwYMHa+zYsW4PCQKAQEbAUYmMjAylpaXZy1FRURU+cJ4+fdppksnKhIaGKjw8XGFhYQoLC5PZbLbPxVE6T0dVDcWzZ88qLS1NCQkJhk/Zk5KS9Oyzz3p0buPGjfXMM894uUa18+mnn2rPnj1O+9555x1NnDhRPXv29Oq9rFarXnzxxWrfg9TUVL3++utaunSpFi1apFtuucWrdSjv9ttv98oQkPLOnDnjk55LCxYsUGhoqEvH7t69W++++67X61CqsLBQP/zwQ62vEx8f74XaVO7cuXOaNm2a0xj8Uhs3btTGjRt18803a+HChYqJifFZPYwkNTXVa/8nbDabV66D+mX9+vUeP2zp0aOHzjvvPC/XqOR3+gsvvFDjcTk5OU7lJUuWaPny5TWed+edd6p79+4e16/UmTNndMcdd2jXrl1O+6OiotSvXz+1bt1ae/fuderRcezYMd1111167LHHNH369IAK59PT0/XCCy/ojTfeqLZn8YYNG7RhwwYtWLBADz74oO677z5Dz4cBAKUIONxksVh0/PjxKufZCA8PV5MmTRQXF+fSqhpZWVnKzMxUWlqafRJSx3sdPnxY559/vqGf6OXk5Ojjjz/26Ny+fft6uTa1s3nzZs2YMcNevvjii+0feu69914tW7ZMrVq18sq9bDabZs2apSVLljjtHzBggPr376/CwkJt3rzZfv+CggLdd999ysrK0h/+8Aev1CEYTJw40eXg5IsvvvBpwBHo8vPz9Yc//EGbNm2q9rhly5bJarVq8eLFfCAuJzY2Vg0bNvT4/EBqKME45s+fr59++smjc5ctW+aTgCMnJ0dvv/222+etWrXKpeO80Xui9O+lY7gxbNgwPfroo+rWrZvMZrPTsatXr9bs2bPtPbaeeeYZbd++XU2bNq3xXkeOHKl1fV25xz333OPWz0J2drbmz5+vnTt36sUXX3Tpa/n444+deve56tSpU07lxx9/3OUHEI4mTZqkrl27un0egPqBgMMNubm5OnbsmKxWa4XXGjVqpBYtWrg9JjM6OlrR0dFq2bKlTp8+rdTU1ArHnDhxQjabzaU/OsEmkJ4Qr127Vvfee699+NIdd9yhOXPm6MYbb9T+/ft18OBBTZgwQUuWLFHHjh1rfb9///vfTuHGkCFDtHDhwgqrtezZs0fTpk2zBx2PPvqoevbsqf79+9e6DpWZMGGC0xCujRs3asuWLZJKZq+vaqjODz/8oO+//16S1KdPHw0ePNjp9UAb8uALXbt2dZorwh3vv/++V4a3VOf55593CjfuvfdeTZw4US1bttSJEye0ZMkSffTRR5Kk5cuX67LLLtPdd9/t0zoZzezZszVhwgR/VwNwWWRkpL+r4Ddvv/220/CNRYsW6Y477qj071F0dLTGjx+vq6++Wg888IB9metvv/22zupbnbNnz+q2226rMEdYnz59NH78eHXt2lWxsbHKysrSL7/8omXLljn9vl+1apUsFovee++9Gh/Q7du3z6PwqjzHVfHcMWrUKI/v6dhLzhfDbQH4HwGHiwoKCnTkyJFKfxm2bNmy1uMXQ0NDdf755ys+Pl5JSUkVupqePHlSJpPJkD05LrzwQv3yyy8uH7906VL99a9/laSAmN06Oztbr7zyin3JUkm6+uqrNXfuXDVu3Fhvvvmmxo0bp9OnT2vXrl0aOnSoFixYoNGjR3v0ZEIqeZJe+h5IJaHCggULKv3Q0aNHD33++eeaMGGC/cPKM888o3/9618+eRo8bdo0p3JRUZE94OjTp49TDxdHCxcutAccffv2rfI4+EdSUpJefvlle3nWrFn605/+ZC83btxYL730kpo0aaLXXntNkvTss89q1KhRat68eZ3XF0CZRx55xKUV3KSS39lTp061l30VcCQkJLj1t99dtf18kJycrIULF9rLkydP1sSJE2s8r1mzZlq4cKGuueaaGocq15Xi4mI99NBDTuFGWFiYHn/8cU2ZMqVCT7sBAwbotttu0wcffKCZM2faH1p88803euWVV/Twww/Xaf3rUmZmpn07JSVFNpuNnnNAkCHgcEFxcbGOHz9eIdwICwvz+hwZkZGRuvDCC3XixAmlp6c7vXbixAmFh4cHRKPfHWaz2a3eJ45L6Pqz4ZSfn68VK1ZowYIFTuPrR40apRdeeEGNGzeWVDI55ieffKKpU6dqz549Sk9P1z333KN3331Xjz76qC677DK3eyesW7fOfs/Y2FjNmDGj2icqMTExmjVrlr33xH/+8x/t3LmTZU7hsvfff98+XvuKK65wagCVCgkJ0YwZM7R+/XodOHBA6enp+uKLLzR58uS6ri7gV1lZWYqKigqYhtHw4cNdPrZ0Mt5Svuop6e7f/rr2/fff2xv2LVq00BNPPOHyueedd57mzp3r9Htyz5491Q7Z++ijjzRr1izPK1yNdevWac2aNfZyWFiYli9frksvvbTKc8xms+666y5deumluuGGG+yfOZ9++mndfPPN1U5a/uCDD2rKlCne+wLcVJufK8ef/+zsbGVlZVX6fyA/P7/GgO7kyZMe1wOA7xBwuKCypyLh4eG68MILncZnektISIgSEhLUoEEDnTlzxum1pKQkde7c2eOeAUbg+Aejffv2dXrv4uJiHTx4UKtWrdLSpUt1+vRp+2txcXGaP3++xo0bVyGw6Nq1q1auXKkXX3zRPqna999/r5EjR6pXr1668847NWTIELVp08alepT2dJCkBx54QC1btqzxnN69e2vcuHH69NNPJZUMCSHggCusVquWLVtmL0+dOrXKeUsaNWqkKVOm2IfLfPDBB/r9738fMA09wNfy8vI0duxYtW3bVm+88YbhfvbPnj1r3w4LC/PavFHuslgsOnTokA4ePKiUlBRlZ2erYcOGio2N1YUXXqiuXbv6dLlnx3kqRo0aZX9o4aohQ4Y4lQsKCtS6desqj/flw6nXX3/dqTxjxoxqww1HXbt21fz583X//ffb93300UfV9rI0Ym/iUvv27XMqHzlyRJdcckmF406dOqWrr766rqoFwIsIODxgNpvVoUMHn4Qbjlq0aKH8/HynnhwWi0WnTp2qMA9DMHFcocTXX2dOTo4OHjyoo0ePas+ePVq5cmWlqyGMHj1as2fP1vnnn1/ltRo1aqQnnnhC11xzjR577DH7nBg//fST/YNU3759dd1116lz585q166dOnfuXGlD0vGDV7du3Vz+evr06WMPOMqv9OLIYrFUmF29srllUD/s379fiYmJkko+hF911VXVHj906FD79u7du5WUlFQnSxRXpaioSBkZGfayN5fuBhwVFBRo/Pjx2rFjh3bs2CFJhgs5HIP7Xr161flEwRaLRWvWrNELL7yg3bt3V3nceeedp4ceekhjx471STjg+ACpQ4cObp/ftGlTnXfeefaHMomJiXX+UEYqWflq3bp19vJFF12ke++9161rjB8/Xp9//rl9PpE333xTf/zjH92eV646FotF+fn5KigokMViUXh4uBo0aKDIyMg6m4MrNzdXa9euddq3bdu2SgMOAMZFwOGBtm3burRCSqm9e/c6rZDSunVrNWvWzKVzzz//fOXn5zt9YE9LS1NcXJzhhqq44syZM05jSH0xs7uj5OTkKifFjI+P15133qmbbrpJXbp0cfmal156qb7++mtt3bpVH3/8sT755BN7mOD4obhbt24V/tCWcvwA6k7I4/ghrXzvH0fXXXedy9dE8Dtw4IB9e8iQITWOyW/evLn69eun7du3SyoJSPwZcGRlZTkFduWH9wHesmjRIqelnv/1r38pNDRUixcvNkzI4WmA7g27d+/WtGnTqg02Sp08eVLTp0/XokWL9Nxzz2nYsGFerYtjqO/p987xAUV1S7L6UvmHGWPGjHG750toaKjGjRtnDzjS09O1b98+DRgwwKM6WSwW7d+/X9u2bdPOnTt18OBB7d+/v9L3KCYmRj179lTnzp3Vr18/9e3b12dB0ebNm50mSZekDz/8UJMnT67w0DImJkZ//vOfq73eTz/9ZJ9sFkDgIOBwU0hIiM6ePevUxVOSfWlYX9yvXbt2+vnnn532nz59Wp06dfL6/fzN8euMiory+deYkJCgiRMn6r333pMkde7cWVdeeaUGDhyoa665xuP5Vcxmsy6//HJdfvnleuyxx7RmzRpt27ZN3333nX15ufvvv7/KoMzxg5c7PYUcP2zRIwOucgwVe/bs6dI5/fv3twccBw8edGsOAG9LS0tzKnu6Ug1Qk+nTp2v79u3asGGDfd+nn36qoqIiw/TkcFw5oy6HMR48eFDjxo1zmgPhrrvu0o033qg2bdooPj5e6enp+vXXX7Vx40a99tprys7O1smTJ3X77bfrww8/dOo9VluOQz8dHyq4Kicnx6nHp79C3vK/7zp37uzRdcp/3tq9e7fbAUdeXp6WLVumJUuWOAXn1cnMzNSmTZu0adMm+8osw4cP1913311jb0J3vfPOO/btiIgIFRQUaO/evVq7dm2Fn61mzZrVOBn60qVLCTiAAETA4abi4mJlZ2dX2O/NiUbLi4iIUFxcnNMSsnl5ecrIyHB7zGhdKygoUHZ2tnJycpSdnW2f0Ck7O1uZmZnKzMxURkaGMjMzlZ6e7hRwDBs2zKfjb0v96U9/0ujRo9WlS5dar4ZTmVatWmnSpEmaNGmSiouLlZiYqAMHDmjQoEFVntO6dWv7B66kpCSXl511bKhWN666X79+FSbVSkxMrLC8HOqHI0eO2LerG0PuyLFnkSeNA29yrL8key8pwNvCwsL0z3/+U7feeqtTyPGvf/1LUuAPV0lOTtbGjRvtZVfnaagtm82mGTNm2MONhIQEffjhhxV6RzZp0kTt27fXwIEDNWnSJN199932QOaRRx5R3759vTZxaffu3e3bX375pR599FG3euc6Li8rqdohrL7kODG7JDVs2NCj65Q/b9u2bbrnnntcPv+XX37Rgw8+qK1bt1Z4rVevXmrTpo2aN2+uJk2aKCoqShkZGUpOTtbZs2d1+PBhp7Bo9erVWr16tSZPnqwnn3zSK0Nltm3bptWrV0sq+fs1d+5c3XXXXZKkefPmaeDAgV4dkgPAfwg4DKJVq1ZKS0tzWr87NTU1oAOO7OzsWj3RuPzyy71Ym6q1b9++zsbNhoSEuHS/7t272xtphw4d0uDBg126vuPkWdUNq1mwYEGFJ/VvvPGGHnvsMZfuYyTnzp2rcsLM8hzncfCFlJQU/eUvf/Ho3OPHj3u3Mg4cw1NXe6I5Hnfw4EHt3bvX6fXyH7p9adeuXU7lLVu2KCUlxS8rOMyePVsLFixw+7wxY8Zo7ty5PqgRvM3IIYfj0+aOHTt6NPeEJ/bs2aP//Oc/9vLbb79d49DP5s2ba8mSJRoxYoSSkpJ0+vRprVmzRrfffrtX6uT4GePw4cN66623dN9997l0bmZmpubNm+e0r3///tWeU9nDMW+IjY11Kns6RK/86jrlg+PqJCUl6ZZbblFSUpJ934gRI3T77berf//+Nf5dsdlsSkxM1Pr16/Xmm2/q4MGDkkp+TpKTk7V48eJazRVTUFCgmTNn2sv333+/brjhBg0ZMkRr167VgQMH9Oyzz2revHl1Nh8IAN8h4DAIs9msuLg4p66ImZmZKioqCtgVVaKiotSjR49qJ7ss1apVK4WHh9snOpRcCzjeeOMNxcfHO+07ceJEjedZrVYVFhbWeFxdiYyMdPpAPHDgQL377ruSpCVLluiWW26p8CGmvEOHDumDDz5wukaw+PHHH6v8UPvQQw+pb9++VZ7bo0cPX1XLbRaLRZ9//rm/q1GBY7Djaq8px6d9mzZt8npXYnd89913Ffbt3Lmzyvl1fCk9Pd2jBgYToxpLacgxceJEff311/b9gR5yfPTRR/btMWPGuFTH2bNnV+il6k7jV5J90m2p5G+Tq5M6tmrVSjfccINee+01SSW/a7wVcJx//vm6++679eabb0qS5s6dq759+9YYVFitVj399NMVQl1/9WRr3ry5U/m///2vRo0a5fZ1tmzZ4lR25+uZNWuWPdyIiIjQ66+/rhtuuMHl/wMmk0nt2rXTpEmTNH78eD399NP2lWGWL1+uQYMGaeLEiS7Xx5HNZtOCBQv0448/SioZejJ27FiZTCY9/PDD9rnQlixZovDwcM2cOTNgP1cDcA0BRyUaN27sVjdFybfLf5Vq3LhxhbGWOTk5PlvD3hsuueQSWa1WJSQk6LzzzlOrVq3UvHlzNWvWTPHx8YqPj1fTpk0VGRmpO+64wx5wjBw50qUnS6VzZ7hr9erV9q6JgWDXrl1OXf6vueYaxcfHKzk5WUlJSXr55Zc1c+bMKj8sWCwW/fWvf7VP4NWzZ0/169evTupeF86dO6c1a9ZU+trdd99dx7UJPjk5OfZtVz+QBsoHwJ9//rlCV3FJ+uyzz/wScHTo0MGjoW6+GB4H3woLC9P777+vCRMmGCLk2LFjh9MS5GPHjnXpvNKVuWrDsZeYu3+bLrroIvu2LQTubAAAIABJREFU4zLyVTl8+LDGjBlT6Wtvvvmm00ORBx98UF9//bUSExNlsVg0cuRIPfzww5o6dWqlwxV2796tp556ymmYT0JCgktDG1JSUvTrr7/WeJy7evTooQYNGthD0k8++UT33XdfhYc/1Tlz5ozeeustp33JyckqLCys8fPwkSNHtGLFCnv52Wef1Y033ujGV+CsUaNGmjdvno4fP66vvvpKkrR48WJNmDDBo/9P77zzjl588UV7edasWfbezwMGDNCMGTP07LPPSpJeeuklFRYWas6cOT5fKRGA7/C/txKNGzcOyKEf0dHRCgkJUXFxsX1foAccL7zwgkt/kDZt2uTUgPXWExqjio2N1Z///Gc9+uijkqQXX3xR6enpeuqppyr8bP7666965JFHnN4/d8cSB5NWrVp5ZahNXXy4+cc//qEhQ4b4/D41cfwd4urQEsdeH+edd54mTJjg9HpeXp7Th0pf+fLLL+3bw4cP14YNG5SXl6fPPvtMTz75pM9XYirvgQceqPBeIHiZzWZDhBw2m00LFy60l2+66SaX53byBsceIO72/nAc9uDKELrs7Gyn4TCOyk++3bJlS7377rsaO3askpOTZbFY9Nxzz+nvf/+7+vfvr27duqlZs2Y6cuSIdu/eXSFMHT9+vBYtWuRSz7elS5dq+vTpNR7nrsaNG+uGG27QZ599JqnkM8Ezzzyj559/3qXzbTabnnrqqUrDl5ycnBo/S5QfPjlixAjXKl6N0NBQ3XrrrfaA45dfflFqaqpbww5tNptefvllzZkzx75v0qRJuvXWW52Oe+ihh3To0CEtW7ZMUklPjry8PD311FM19pwFEJgIOAwmOjraqWER6N2aXflgV1xc7PTBq1OnTvp//+//uXT9f/zjH7rggguc9u3atavGcbQxMTEB0bAsVdkHiLvuuktbtmzRv//9b0klH47WrVunq6++Wj179pTVatXOnTu1bt06nTt3zn7eQw895PXl9Pxt8ODB9m7E5ZWfGK1z584ezyJf18xms8vzg/iS44c4V+chcVy5pGfPnnrkkUecXk9PT/d5wJGenq6lS5fay3/605/Url07LV68WFLJ+O1Zs2b5tA5Aacjx+9//XitXrrTvD6SQY926dU7zb7jTg/G7776r0MPoiy++qHEJTUcXXnihfXvDhg06d+6cmjVrVuN5+fn5TvX2xaovPXr00Jo1a/Tggw/aJzQ9d+6cVq5c6fT9dBQREaGHH35YDzzwQK3mhvCWe++91x5wSCWfFy6++OIaez0UFBToxRdftDfuy3Olp175ZVdrWmbcVeWHRbnzeffcuXOaP3++07Ddvn37avbs2RXeD7PZrAULFigtLU3r1q2TJL377rvasGGDZs+eraFDhwbE9xiA6wg4DKb8L9mCggI/1cR7li1b5tTdc9asWS73PkhISKiwtJljY78qV111lV/nDHCF2WzWyy+/rJiYGPt8HElJSfbtyjzxxBOaNm1aXVWxzoSHhwfkk5QuXbroj3/8oyT/LRHoDY5dmcsvuVoVxwnpXF15xduWLl1qf+rYp08f9e3bV1FRUfaA46WXXtKtt95qmMALxmU2m/XOO+9o0qRJARdypKSkOPVqGzt2rFtzNMXHx1cII9zt5XrppZeqV69e+umnn5Sdna17771X7777brXDe61Wq5566in73AmxsbEaOXJkjffq2bNnlcFEVY3v9u3ba9myZVq7dq3ee+89rV271j7k01FCQoLGjBmj2267rc4maHXFJZdcoj/84Q9Ow0weeughfffdd5ozZ06lPdl2796txx57zD73RrNmzdS2bVv7+y25NieT43K7Uslk5zXNY+KKbdu22bcjIyNdGnKTk5OjFStW6Omnn3bqkTJgwAC98cYbVf68xcbG6v3339fs2bPtD1MSExM1adIkderUSa+88kqdLqkMoHYIOAym/NPeQJoo0xN79+51evI7evRor65zb3SRkZF6/vnndf311+vll192CoIcjR49Wvfff7/LE7fBO4YNGxYUvWUcQ8LyM+lX5ezZs/btuh4GIpWMxf+///s/e3nSpEkKCQlRt27dNHz4cPtygHPnztW7777LeGpIUp38joyMjHR6qu3PkMNms2nmzJn2YSExMTF64okn6rweDRo00KJFi3TdddfJYrFow4YNGjRokO6//34NHjxYzZs3V4MGDVRYWKjU1FRt375dr7zyitOSz3/729/Url27Gu8VEhLi0VKpZrNZQ4cO1dChQ5WZmakjR44oIyND+fn5io2NVdOmTdW+ffuA/V0ye/ZsHTlyROvXr7fv+/zzz7Vy5Upde+216tGjh6Kjo5WamqotW7bohx9+sB8XERGhpUuXauPGjfaAIyYmxqWHTT169FBCQoJ9DrW5c+fq/fffV5MmTTz+WrZu3apXX33VXp4wYUKNvSjOnDmja6+9tsLkqGPHjtXf/va3GodzN2jQQM8884y6d++uuXPn2ueNiY+Pd1pSGEDgC8zf0kEuJSVFTZo08eiPZPk/NjabLaBXUqlOamqqpk6dal86LTIystqJNOsrk8mkIUOGaMiQITp9+rQOHz6stLQ0hYSEKC4uTl26dPHLcphGcvDgQZ8usyqVPAG69NJLfXoPX3F8Erl9+/Yaj7fZbE5hW12vVGO1WjVjxgxlZmZKKpl3Zfjw4fbXp02bZg841qxZozfeeMPl5R8R3Bznc6hL/go5Xn/9dX3yySf28syZM50mtK5LPXv21BtvvKE///nPSk5O1rFjx5zmpGjdurXOnTtXoedEWFiYHn/88SonDvWFmJgYwz0wiIyM1FtvvaVHH33UabiKxWLRqlWrtGrVqkrPi4+P16uvvqoBAwY4HVN+dZaqREREaObMmfYJvzdv3qyRI0fqySef1KBBg9yaDywlJUX//Oc/9cwzz9hDwvj4eN1zzz01ntuyZUvdeuuteuGFFySV/E1++OGHdc8997g8FNRkMmnChAkaMWKEli5dqjfffNPlOVYABA4CjkqcPHnSabWSyMjICsMgaqOgoEBHjhxRx44dvRJM2Gw2L9SqbuXm5mr69Onav3+/fd9LL72k9u3b+6U+OTk51Q798KaLL77YpSVwK9O6dWu/DQcwsrVr1+rJJ5/06T1Gjx5t2ICjZ8+e9u1NmzbVOD7+0KFDOnbsmL3cpUsXn9avvL///e/2AEOS5s+f7zSEqV+/fnrkkUfsc/s8+eST6tatmwYNGlSn9QQc5efnq7i4uM4eSLz33nt64okn7OXx48frzjvvrJN7V2XkyJHq37+/nn32Wb3//vtOr1W2LOngwYM1Z84cdevWra6q6DMXX3yxFixYIMl3q1DFxsbq1Vdf1ZAhQ7RgwQKn39OVGT16tNMQFscefO6852PGjNHRo0f1zDPPSJL279+v3/3ud2rfvr2GDRumnj17Kj4+Xk2aNFHjxo0VGRmprKwspaenKy0tTadOndL27dv1xRdfOPV+iouL09///neXPxtOmzZN33zzja699lrdfffdLoc05TVt2lTTp0/XvffeW2EuEACBj4CjEiEhIU7l8rNuu6tly5Y6deqU0778/HwdPnzY7ZCjsjGh5esb6FJSUnTffffp22+/te974okndNNNN/mtTrm5uT5vAJd68sknPQ44AF9o3769+vTpY++avHLlymonIXRcEnDo0KEVxmD70qpVq5zmExg5cqRGjRpV4bhp06bp22+/1U8//SRJuvPOO/Xxxx9rwIABdVZXBJ666L2QnJys3Nxcp33/n707D4+qvP///8oy2ROyTBa2AAFEkEUrKiofC6UoAhFRQKtopSJFpQq4YFELKhb3tVURtIgtbqUuiAsqqGirSK0gWzAQSAADWcmeTCbz+yPfnF8mk2UmzGRy4Pm4Li5yzsw5504IyZzX3Pf7PXbsWP3tb3/rsHDjjTfe0Lx584ztkSNH6tFHH+0UyytSUlL01FNPafHixdq+fbs2bdrkVGh82rRpmjBhgs444wx1797djyP1rjPOOKNDZoUEBwdr2rRpSk9P1zfffKNNmzYpIyNDBw8eVFRUlHr37m0s5WtapH3btm3Gx54EHAEBAbr99tuN5R179uyRJGVlZRk1kTw1fvx4LVq0yKNuP1FRUfr444+9VhSUcAMwJ///puuEmr4AaC5U8ITValVAQIBL//aqqirt3btXffv2dftFT9OxBAYGmirgyMnJ0YwZM/S///3P2Dd9+vQTsjCmrzRuExwQEHDCLOmpra1VeXm5T1o0X3jhhV6dhdXg7bff1uuvv+7183rK4XCosrKyXevOG0ybNs0IOJ5++mldcsklzbZkzM7Odlobffnll7f7mp7auHGjZs6caWzHxMQ0WxVfqu+u8/jjj2v8+PGqrq5WWVmZrr76aj3//PO68MILO2zM6Fwa/+7xNrvdrtmzZxvLURr8+te/1qpVqzokXKipqdFjjz3m1CK0X79+WrZsWasFPf0hNjZWI0eOVL9+/ZwCjunTp/vtTYDi4mLt3r3b59cJDAz0SiHO1oSHh2v06NEaPXq0W88vLi7Wrl27jO32/M68+OKLNWrUKK1fv17vvfee1q1b59Fr6OTkZE2dOlXjx4/X2Wef3a7XN3Q8AUDA0Yzm1gvabLbjaufYUCOhachRWVmpffv2qW/fvm4FFU2LiprpB/nXX3+tW2+91WnK5IwZM7RkyRK/1xBJSEjw6YuauXPn6qOPPvLKuSZNmmQUB3vggQc6tLZAdXW16urqVFdXJ4fDobq6OqfWbeXl5crJyVF1dbWqq6tVU1OjqqoqVVdXKzMz03je999/rwceeEBHjhzRkSNHlJ2drQMHDigtLc2p8Jm39OvXz6N3gdy1fft2r5+zKYfDobKyMmMqb3FxsQoKCnTo0CEdOHBAP/30k3788UdNmTJFDz/8cLuvM3XqVD3xxBPGv8edd96pZ5991qnrQFFRkW699Vaj9sXAgQM1YcKE4/4c2+JwOPTqq6/qzjvvdHqx/PTTT7faveb000/X6tWrddVVV6m6ulrFxcX6zW9+o7vvvls333yzX39+1tXVqaioSHl5eTp69Khyc3OVm5urQ4cOKScnR+Hh4XrppZf8Nj54xm63u3RQkaRRo0Zp1apVHtUhaK/8/Hzddtttev/99419w4cP14oVKzp0lpWZ7d69u0N+plmtVmVkZPj8Op5oXNBVav/Sw/DwcE2aNEmTJk1SRUWFMjMztX//fuXl5en77793elPgrrvuUkpKipKTk9W/f3+lpqb65PVgTk6O1q9fb2xffvnlnbIzGwDvIOBoRnPFhEpKSo67kGNCQoICAgKUk5PjtL+iosKYydFWyFFaWtrmWDubwsJCPfbYY1q2bJnT/nvvvVe33HJLp5iBEhgY2GrNgeNlhn8nd1xzzTX67LPPWnz89ddfd2tGw3fffddsMcumS7lOdM8//7zeeustVVZWGkFQeXm5qqqqVF5erpKSEhUXF7t1roYK9u3VpUsXLVq0yAjM3n77be3du1e/+93vlJKSouzsbC1btszoxiDVFyz09ff2zz//rEcffdSlRs5zzz3nVsvIUaNGafXq1Zo+fbqxtvvBBx/U2rVrtXDhQo0dO9ar412zZo22b9+uuro62e122e122Ww2VVVVqbS01Pg3PXTokNNa86Z8+fMI3lVbW6vf/e53zYYbr7/++nG9OeIOh8OhtWvX6t5773V6E2XixIl6+umnT9gbudra2k6x5MbfHA6H01LqgICAdn1dGr8JM2zYMK/MeoyIiNDQoUONOk+nnHKK02uEW265pUOC5kOHDunOO+80tseOHXvC/r8AQMDRrLCwMAUFBclutxv7jh075pVOFfHx8QoICHCp5F5RUaF9+/YpLS2txRv+8vJyl3ognW3KaWMOh0Mff/yxFi5c6HTzFRoaqr/85S9+rblxMvrzn/9sLG9p77t5p5xySqsBh6esVqsGDhyotLQ09ejRQ927d1ddXV2nCL06wueff+6V83Tr1u24WvI1aFim0jBzYNu2bZo7d26zz/3jH//o8xa5X3/9taZPn27MGGnwyCOP6IorrnD7PKNGjdJrr72mm266yShkuG3bNm3fvt3rAcemTZtabOfsCbvdrtLSUkVHR3thVPCV2tpaXXPNNU7vDksdF24UFBRo/vz5TrM2JGnOnDlauHChqWZ5NigqKlJWVpbKyspUXl5uBIP5+fk6fPiwDh48qH379ikjI0M7d+706o1q79699eKLL3rtfI198cUX+sc//uH18x4+fNipUPTo0aOduqi4Izs72yl4mDJlygmz/BXAyYeAowUxMTEqKioytktLS73WjrXhRqRpyFFeXq7KysoWixo1905uZ37xW1dXpw8++MAp3Bg7dqweeOAB9e/f348jc+VwOHzaRrShFa4/XX311a0+HhERocGDB0tSs7UXpPqiY0OHDlVQUJCCg4MVHBysoKAghYaGKiwsTBEREQoLCzP+hIeHKzY2VjExMYqJiVF0dLTxx2q1qkuXLh3yIurrr7/2yk1nU998843XzynVB5fR0dGKiIhQZGSkrFarkpKSlJSUpPj4eCUkJKhr167q1q2bUlJSvFa3JCAgQH/+85+VmJiohx56qNnnWCwWLVmyRDNmzPDKNVvzi1/8QoMHDzaWLVmtVv35z39uV92P//u//9PGjRu1dOlSrVy5UhMmTNCcOXO8PeQ2Wa1WxcbGKiEhQSkpKUpMTJTValV8fLy6d+9udEpqmPGHzqulcOPCCy/UqlWrfB5uSPV1LBr//x80aJCWLl2qkSNH+vzabVmwYIEyMjLkcDiMbm92u91YwlhdXa3KykqX34+edHopKSnxasCRkpLis7pCpaWlPgk4unfvrsGDBxtLJjdu3KgdO3botNNOc/scTz/9tDGjzGKxOLXdRssSEhKMoL8jlqEBcA8BRwtiY2OdAg5JysvL89o61ri4OAUEBBg3/4GBgerTp0+L4UZtba0KCwud9kVFRXXIC6j2CgoK0tKlS3XgwAHt3r1b999/v6ZMmeL3ehvNqa2t1fDhw/09DL+aPn26pk+f3upzrrrqKl111VUdNCLv2b17tx599FF/D0NWq9WpSn1gYKAsFouCg4ONv0NCQvx6YxscHKw77rhDl1xyif75z3/qhx9+0MGDB5WamqpzzjlHkydP7rB2zuHh4XrmmWd04YUXauTIkVqyZMlxdVWwWq16/PHHlZ6ertNOO81rPz/ffvttpxl/QUFBCgoKUkBAgAIDA40QMDQ0tFOHFoWFhdq1a5cSExPbnJ5eV1en7du3q6KiQkOHDm2zwG1ubq4yMzOVmpraIZ1MfM1ms+naa69tNtx49dVXO2zpROPfs+edd57mzJnTaTo/REVF+SRY7tu3r0499VSlpaVxU/n//Pa3v9Udd9xhbC9evFirVq1yqqHUklWrVmnlypXG9s0339xhP+PNLj09Xenp6f4eBoAmCDhaEBMTI4vF4lTQLi8vT1ar1WsvXBredcjJyVFaWlqrL0pyc3OdumdI8sqSGV+LjIw0am9Q5AydgcVi8cmLN3dmUQQHB5um7eGAAQN09913+3sY6tOnjz766CP16dPHa0uXRo0a5ZXzNDgRfrZ9++23uv766/Xzzz9Lqi+M3FLr7Orqas2ePdtoFzxkyBCtWrWqxeBi7dq1uvHGG1VZWSmLxaKHH37Yo3fpOxubzaYrr7zSZYlZR4cbDSIjI/Xmm292uuUobRWptFgsio2NVVRUlPEnPj5eVqtVcXFx6tKli7p06aKYmBglJSWpW7duSk5OPq5uUSeqyZMna9myZUYx7w0bNuiOO+7Q/fff3+KMTJvNpuXLlzv9P7darZo9e3aHjBkAfIWAoxVWq9V4sSfVv2OVm5urHj16eO0asbGxio6ObnVWQ3V1tQoKCpz2NbwwMAMzvvi/6667dNZZZ/nk3Ga5wT1RDRgwQF988YW/hwEP9O3b199DOOHdfvvtTr/vnnrqKY0bN67Zn4P/+te/jHBDkn788Uc99dRTeuKJJ1yeW1paqltuucWY/m6z2bRgwQKNGTPGq79LO0pL4caECRP08ssv+63oZWcLN6T6jl9jx441gsnAwEAFBAQ4LXGEd8TFxWnFihWaOHGiseTntdde04YNGzR//nwNGzZMPXv2lMViUX5+vrZs2aJXX33Vqdi3xWLR8uXLWy1wvHHjxmb/n7ur6VLryy677LiC60WLFp30s28BuOK3SysSEhJ09OhRp6nHBQUFioqK8mq40Fq4YbfbndqqNkhOTvba9eFq6NChXn+XFwA6o4qKCu3cudNlf1ZWVrMBx759+1z2NV561diRI0dcisTabDZlZ2ebMuB4/PHHXcKNSZMmafny5Z1y+aU/hYSEsISkAw0ZMkTPPfecrr32WmPfkSNHtGDBAreOf/bZZ3XBBRe0+pyysjKvtnI/3jpWrXWiAnDyOjlaFbRTUFCQunXr5rI/Oztb5eXlPr9+Q+HL6upqp/3h4eGmWJ4CAOj8IiIidO6557rsHzRoULPPbyhG3Nh5553X7HMbCqc2FhMT0+kKTbtr3rx5Tp/rhAkTCDfQaUyYMEGrV6/2KDwcOHCg1q1bp6lTp/pwZADQcZjB0Yb4+HgVFRU5Vfl2OBzKyspSWlqaT9eCHjhwoNnuGydCgTZ4R1FRkUs3Hm8JDAw05TusADz3+OOPa9asWdq+fbssFosefPDBZoMMqf4m6sYbb9Tzzz8vSRozZoxuueWWZp8bHh6uF154QTfddJMOHjyo+Ph4PfPMM61Og+/MQkND9eabb2rChAnq27evXnjhBcINdCoXXXSRzjrrLP3rX//SK6+80uzsLEkaMWKErrjiCl166aWKiYlx69zp6ekuS6bNqKFduLdZLBZ17drVJ+cG4D4CDjekpqYqIyPDaamK3W5XZmamevXq5bUWjY3PvW/fPlVUVLg81r17d4WFhXn1enD1zjvvaNeuXT47f7du3TRt2rTjPs8TTzxxXOthW9OnTx9t2bLFJ+f2p8OHD2vhwoU+O/+8efNMe/OGk9eAAQO0fv165eTkKD4+vsXChFJ9sdwlS5Zozpw5qqysVGpqaqs3+eeff76++eYb5eTkqGvXrp26vbk7wsPD9e677yoqKqpTd8XBySs+Pl4zZ87UzJkzlZOTo+zsbBUXFyswMFCJiYlKSko6qd8smzBhgk/Oe8EFF+jtt9/2ybkBuI+Aww0NXRcaqlM3aFhCkpKSosTERK9U+C8rK1NOTo5qampcHktISJDVaj3ua5hZQECA5s+fb2x7O1xq8Oabb/rkvA0uvfRSrwQc8FxhYaHR2ccXbrjhBgIO1b/T3bg6v7vvEMJ/QkND1a9fP7ef70kB6fDw8DZbz5qJ2UOa1kRERDj9nuVNFXPr2bOnevbs6e9hAECHIeBwU2RkpNLS0potrpabm6u8vDwlJycrISGhXUFHeXm5cnNzm12SItVXyGa5QP07h52hdaU/nXvuuUpLS/P5dWjFh+MRHh6uuXPn+nsYADwUFxd30v+exYklNjZW06dP9/l1mqvbB6DjBTgcDoe/B2EmpaWlysrKUktftqCgIMXFxSk+Pl7h4eGtnstut6uoqEiFhYWtVoKOj48nffdAVlaWPvzwQ2P7xhtvdGsacV5eni+H5cRMbX795YsvvtCOHTskSUlJSZoyZUq7z1VeXt7ski9fiIuL6xTtDz/++GN9++23kurfaZ81a5afR+Ts0KFDevfdd43tmTNndoqOC2vWrDG+71JTU3Xdddf5d0CNfP3119q6dauk+tlrV199tZ9HhJPVtm3b9NVXX0mqDzNnzJjh1/E0/r8RFRXl1Emks9iyZYs2b94sqf7Nms72MxkAThQEHO1QWVmp/fv3N7uMpLGwsDCFhIQYPd8DAwNVW1sru92u2traFmdrNNa9e/eTflkKAAAAAABtIeBop7q6OmNpii9ERUVRUBQAAAAAADcRcBynmpoa5ebmqqioyCvnCwsLU9euXSnIBwAAAACABwg4vKSqqkoFBQUqKipyaifrrtjYWMXFxRFsAAAAAADQDgQcPlBRUaGKigpVVVXJZrOppqZGNptNdrtdoaGhCgkJkcViUUhIiCIiIhQZGemVFrMAAAAAAJysCDgAAAAAAIDpMW0AAAAAAACYHgEHAAAAAAAwPQIOAAAAAABgegQcAAAAAADA9Ag4AAAAAACA6RFwAAAAAAAA0yPgAAAAAAAApkfAAQAAAAAATI+AAwAAAAAAmB4BBwAAAAAAMD0CDgAAAAAAYHoEHAAAAAAAwPQIOAAAAAAAgOkRcAAAAAAAANMj4AAAAAAAAKZHwAEAAAAAAEyPgAMAAAAAAJgeAQcAAAAAADA9Ag4AAAAAAGB6BBwAAAAAAMD0CDgAAAAAAIDpEXAAAAAAAADTI+AAAAAAAACmR8ABAAAAAABMj4ADAAAAAACYHgEHAAAAAAAwPQIOAAAAAABgegQcAAAAAADA9Ag4AAAAAACA6RFwAAAAAAAA0yPgAAAAAAAApkfAAQAAAAAATI+AAwAAAAAAmB4BBwAAAAAAMD0CDgAAAAAAYHoEHAAAAAAAwPQIOAAAAAAAgOkRcAAAAAAAANMj4AAAAAAAAKZHwAEAAAAAAEyPgAMAAAAAAJgeAQcAAAAAADA9Ag4AAAAAAGB6BBwAAAAAAMD0CDgAAAAAAIDpEXAAAAAAAADTI+AAAAAAAACmR8ABAAAAAABMj4ADAAAAAACYHgEHAAAAAAAwPQIOAAAAAABgegQcAAAAAADA9Ag4AAAAAACA6RFwAAAAAAAA0yPgAAAAAAAApkfAAQAAAAAATI+AAwAAAAAAmB4BBwAAAAAAMD0CDgAAAAAAYHoEHAAAAAAAwPQIOAAAAAAAgOkRcAAAAAAAANMj4AAAAAAAAKZHwAEAAAAAAEwaMHQOAAAgAElEQVSPgAMAAAAAAJgeAQcAAAAAADA9Ag4AAAAAAGB6BBwAAAAAAMD0CDgAAAAAAIDpEXAAAAAAAADTI+AAAAAAAACmR8ABAAAAAABMj4ADAAAAAACYHgEHAAAAAAAwPQIOAAAAAABgegQcAAAAAADA9Ag4AAAAAACA6RFwAAAAAAAA0yPgAAAAAAAApkfAAQAAAAAATI+AAwAAAAAAmB4BBwAAAAAAMD0CDgAAAAAAYHoEHAAAAAAAwPQIOAAAAAAAgOkRcAAAAAAAANMj4AAAAAAAAKYX7O8BnIhqa2tVUVEhm82m2tpa42+73S5JCggIUEREhCIiIhQVFaXAQHImAAAAAACOR4DD4XD4exAnAofDofz8fBUXF6uiosKjY8PDwxUbG6u4uDhZLBYfjRAAAAAAgBMXAYcXFBYWKjc3Vzab7bjPFR8fr5SUFIKO45CRkaHNmzdLksLCwjR16tR2n6uyslKff/65sf2LX/xCycnJHp3jv//9r3bu3ClJioyM1GWXXdbu8fjKtm3btHXrVklScHCwfvOb3/h5RDheu3btMr7vAgMDNXnyZD+PCAAAAPAtAo5mHDt2TJWVlcZ2SEiI4uPjXZ5XXl6ugwcPqqqqyutjSEpKUnJyMstXmigrK9PHH39sbI8bN06RkZFOz1mzZo1mzZolSTrllFP0n//8p93Xy83N1WmnnWZsv/feezr//PM9Osczzzyj++67T5J0+umn67PPPmv3eHxl5cqVuu222yRJVqtVGRkZfh5Rx9uyZYsefPBBY/v1119XaGioH0d0fPg3BQAAwMmGGhzNOHbsmIqKioztqKgol4Dj8OHDysvLa/U8QUFBCgkJkcVikcViUXBwsFGLo6FOR11dXbPHHj16VEVFRerVq5fLDfzJ7NixY0Z4IUk7duw4Kb8+hYWFOnbsmCoqKhQfH6+4uDiFhYX5e1imVllZqS+//NKvY6iurlZNTY2k+lo9UVFRfh0PAAAAYCYEHB6y2Wzav39/i3U2QkJCFBcXp/j4eIWEhLR5vtLSUpWUlKioqMgoQtr4WpmZmerZs2ezM0hwctm3b5/eeustffzxx8ZykgYWi0UXX3yxxo0bp/Hjxys6OtpPo/RcWVmZjh07ptLSUkVGRio+Pv6kDK0k6f333zcCvD59+mjLli1+HhEAAABgHgQcHqioqFBWVpZqa2tdHouMjFRycrLHN5bR0dGKjo5WSkqKDh8+rMLCQpfn5OTkyOFwKCEhod1jh3mVlpbq4Ycf1vPPP9/ic2w2m9577z2999576tOnjxYtWqT09PQOHKVnsrKytHbtWq1fv77ZJUSjRo3Sr371K02ZMsXjmicAAAAATk4EHG6qrq7W3r17m11SkpKSctw3YUFBQerZs6esVquys7Nd6nocPHhQAQEBppzJsXHjxnbXKRkyZIh69Ojh5RHV19Z48skn1VYJmvLycqftF154Qe+++26b5//tb3/rVLujvXJzczV9+nT973//c9ofFRWls846S926ddP27dudZnRkZWXpuuuu0x//+EfddtttCggIOO5xeEtxcbGeeOIJvfjii60W5f3888/1+eef65FHHtHcuXN10003mboeBgAAAADfI+BwQ11dnfbv3+8SblgsFq/XyAgPD1f//v2Vk5Oj4uJip8dycnIUEhJiunX5S5Ys0Q8//NCuY9esWeOTgKO8vFwrVqzw+LgPPvjAred5Y/ZEaWmpZs6c6RRujBs3TgsWLNCgQYMUHBzs9NwPP/xQixcv1pEjRyRJS5cu1XfffefWzJ+9e/ce93jducasWbM8+l4oKyvTkiVL9P333+upp55y63N544039N///tfj8R06dMhpe+HChQoKCnLr2IYQyeFwaMaMGRo4cKDH1wcAAABwfAg43NBcvY2QkBD179/f6SbTWwIDA9WrVy+FhYUpNzfX6bHs7GwNGDDA7RsvswsPD/f3EPzmpZdeclq+8eSTT2r69OnNdtaJjo7WtGnTNHr0aP3hD3/QJ598Ikn69NNPO2y8rTl69KiuuuoqZWZmOu0/88wzNW3aNA0cOFCxsbEqLS3Vnj17tGbNGn311VfG8z744APZbDatWrWqzdo2O3bs0EsvvXTcY165cmW7jps0aVK7r9l4RlFLBYgBAAAANI+Aox2Cg4PVt29fn4QbjSUnJ6uqqsppJofNZtOhQ4eUmprq02t70+23395iUdam7Ha7brzxRmPbVwFHr169tGfPHp+cW9Jxz7LJz8/XY489Zmxff/31uvbaa9s8LjExUY899ph+/etft9nlp6PU1dVp3rx5TuGGxWLRwoUL9fvf/95l6cmIESN01VVX6e9//7vuueceo2XzJ598or/85S+aP39+h46/I5WUlBgfFxQUyOFwdKolRgAAAEBnRsDRDqmpqW51SGmwfft2pw4p3bp1U2JiolvH9uzZU1VVVU41LIqKihQfH2+apSoXX3yx28/Nz8932o6JifH2cCTVh1SduWjr119/bdzYJycn6+6773b72B49euj+++93Cop+/PHHVmtYvPbaa1q0aFH7B9yKDRs26KOPPjK2LRaL3n33XZ1zzjktHhMcHKzrrrtO55xzjiZOnGiEfA8++KAuv/xy9erVq8Vj586dq9///vfe+wQ8dDzfV42//8vKylRaWtrs/4Gqqqo2A7qDBw+2exwAAACAGRFweCgwMFBHjx7V0aNHnfY3tIb1xfV69+6t3bt3O+0/fPiwTjnlFK9fz98af10tFou6du3ql3HYbDb99NNPysjIUEFBgcrKyhQREaHY2Fj1799fAwcOVFhYmM+u37hOxaRJk9SlSxePjh8zZozTdnV1tbp169bi830Zli1btsxp+6677mo13Ghs4MCBWrJkiebMmWPse+2113TXXXe1eIwZC/E22LFjh9P23r17dcYZZ7g879ChQxo9enRHDQsAAAAwBQIOD9XV1amsrMxlvzcLjTYVGhqq+Ph4pxaylZWVOnbsmMc3vp3d4cOHjY9PP/30Du+cYbPZ9NFHH+mJJ57Qtm3bWnxejx49NG/ePE2ZMsUn4UDj2it9+/b1+PiEhAT16NHDeBf/wIED6tOnj9fG5668vDxt2LDB2B48eLBmz57t0TmmTZumd955x6gnsnz5ct18880et2Rujc1mU1VVlaqrq2Wz2RQSEqKwsDCFh4c3W/PEFyoqKvTZZ5857du8eXOzAQcAAAAAVwQcJtG1a1cVFRU5FSEsLCw84QKOxjMXBg0a1KHX3rZtm2699dZWg40GBw8e1G233aYnn3xSDz/8sMaNG+fVsdTW1hoft7cGg8ViMT5urSWrL/34449O25MnT/Z45ktQUJCmTp1qBBzFxcXasWOHRowY0a4x2Ww27dy5U5s3b9b333+vjIwM7dy5s9mvUUxMjIYOHaoBAwborLPO0vDhw30WFP3nP/8xliU1WL16ta6//nqXej8xMTG64447Wj3fDz/8YBSbBQAAAE4GBBwmERwcrPj4eBUUFBj7SkpKZLfbT6iOKo07Z5x55pkddt2MjAxNnTrVqQbCddddp/T0dHXv3l1Wq1XFxcX6+eeftWnTJj333HMqKyvTwYMHdfXVV2v16tW66KKLvDaelJQU4+PGs1rcVV5erqysLGO7tZoVvtS0psqAAQPadZ6my7G2bdvmccBRWVmpNWvW6IUXXtCuXbvcOqakpERfffWVvvrqK6Mzy8UXX6wbbrhBv/zlLz26flv+9re/GR+Hhoaqurpa27dv12effebyvZWYmNjqMh2pvgsMAQcAAABOJgQczejSpYtHRUQl39YwaNClSxengEOqv5H1VSHOjpafn69NmzYZ2+7WaTheDodDd911l3Ez3qtXL61evVqnnnqq0/Pi4uLUp08fnXfeeZoxY4ZuuOEGI5C5/fbbNXz4cK8VLj3ttNOMj99//30tWLDAo+/Jxu1lpfpitf5QWlrqtB0REdGu8zQ9bvPmzZo1a5bbx+/Zs0dz587Vt99+6/LY6aefru7duyspKUlxcXGKiorSsWPHlJ+fr6NHjyozM9MpLPrwww/14Ycf6vrrr9e9997rlaUymzdv1ocffiipvojx/fffr+uuu06S9MADD+i8887z6pIcAAAA4EREwNGMLl26dMqlH9HR0QoMDFRdXZ2x70QKOBq/29yvX7921Z5ojx9//FFffvmlsf3SSy+5hBtNJSUl6YUXXtD48eOVnZ2tw4cP66OPPtLVV1/tlTGdf/75xseZmZlasWKFbrrpJreOLSkp0QMPPOC07+yzz271mObqynhDXFyc03bjlseeaDoTZO/evW4fm52drSuuuELZ2dnGvvHjx+vqq6/W2Wef3WZRUofDoQMHDmjjxo1avny5MjIyJNV/n+Tn5+v5558/rlox1dXVuueee4ztOXPmaOLEiRozZow+++wz7dq1Sw899JAeeOCBDqsHAgAAAJgRAYfJREdH69ixY8Z24/axZvfaa68ZH0+ePNmt2hOLFy92KfDqyc2vJG3dutX4+LzzznO7qGPXrl01ceJEPffcc5Lql9d4K+Do2bOnbrjhBi1fvlySdP/992v48OFtBhW1tbV68MEHtX37dqf97Vnm4g1JSUlO21u3btWkSZM8Ps8333zjtO3J57No0SIj3AgNDdWyZcs0ceJEt2ubBAQEqHfv3poxY4amTZumBx980OgM8+6772rUqFG69tpr3R5PYw6HQ4888oj++9//SqpfejJlyhQFBARo/vz5RtHRF154QSEhIbrnnntOqCVpAAAAgDcRcJhM03eKq6ur/TQS79qyZYu+/vprY3vKlCluHffWW28d97Ubd6c566yzPDp28ODBxscNHUtak5mZqcmTJzf72PLly2W1Wo3tuXPnav369Tpw4IBsNpsuueQSzZ8/XzfeeGOzyxW2bdumP/3pT07LfHr16uXW0oaCggL9/PPPbT7PU0OGDDHqSUjSm2++qZtuusnp82xLbm6uVqxY4bQvPz9fNTU1bS7b2bt3r9577z1j+6GHHlJ6eroHn4GzyMhIPfDAA9q/f78+/vhjSdLzzz+va665pl3FYP/2t7/pqaeeMrYXLVpkzB4bMWKE7rrrLj300EOSpGeeeUY1NTW67777XIqOAgAAACDgMJ3GnTEkqaamxk8j8R6Hw6HHHnvM2L7sssvUr1+/Drt+4xkgns7+aLzsoa2lDlL9UpDGy2Eaa9w5RaovNPrKK69oypQpys/Pl81m08MPP6yXX35ZZ599tgYNGqTExETt3btX27Ztc6m7MW3aND355JNudS1ZuXKlbrvttjaf56kuXbooPT1d//znPyVJP//8s5YuXarHH3/creMdDof+9Kc/NRu+lJeXtxlw7N+/32l7/Pjx7g28FUFBQbryyiuNgGPPnj0qLCz0qP6Kw+HQs88+q/vuu8/YN2PGDF155ZVOz5s3b55++uknrVmzRlL9TI7Kykr96U9/Umxs7HF/LgAAAMCJhIDDDwoKChQXF9eud2Gb3tA5HA7Td1LZsGGDU/2NhuKK7vjiiy+UnJzstG/t2rVtttBsrH///sbHn3/+ufLy8pSYmNjmcVVVVU7j9kXXlyFDhuijjz7S3LlzjYKmeXl5WrdundatW9fsMWFhYZo3b57+8Ic/HFdtCG+ZPXu2EXBI9WHKsGHD2pz1UF1draeeesq4uW/Kne/5pm1Xw8PD3Rx165oui/JkqVheXp6WLFmiv//978a+4cOHa/HixS5fj+DgYD3yyCMqKirShg0bJEmvvPKKPv/8cy1evFgXXXRRp/g3BgAAADoDKtY14+DBg9q6davxZ8+ePV49f3V1tfbu3Su73e6V8zkcDq+cxx8KCgr0xz/+0dieMmWKzjvvPLePt1qtSkxMdPrjaYHYc845R6effrqk+hkWs2fPbrPoZm1trf70pz8ZtRNiY2N1ySWXtHmtoUOHKicnp9k/TYOaBn369NGaNWu0evVqjRs3zmUWT4NevXpp7ty5+vLLL3X77bd3mhvfM844QzNnznTaN2/ePM2cObPFZT3btm3TZZddpkceeURSfW2KpgGSOzNTGrfblaQdO3Z4MvQWbd682fg4PDzcrSU35eXleu211zR69GincGPEiBF6+eWXW+zEFBsbq1dffVU33HCDse/AgQOaMWOGRo0aZXwPAgAAACc7ZnA0o2mngqZLBzyVkpKiQ4cOOe2rqqpSZmam+vXr59HsC5vN5rLPrJ0VHA6H7rnnHmNZSExMjO6+++521TI4HmFhYXryySd14YUXymaz6fPPP9eoUaM0Z84c/epXv1JSUpLCwsJUU1OjwsJCfffdd/rLX/6iLVu2GOd49NFH1bt37zavFRgY2K5WqcHBwbrooot00UUXqaSkRHv37tWxY8dUVVWl2NhYJSQkqE+fPp22NsPixYu1d+9ebdy40dj3zjvvaN26dRo7dqyGDBmi6OhoFRYW6ptvvtG///1v43mhoaFauXKlNm3aZNzMx8TEuNU2d8iQIerVq5cOHDggqb5Y66uvvurS3cUT3377rf76178a29dcc02bYVJubq7Gjh3rUhx1ypQpevTRR9vshBQWFqalS5fqtNNO0/3332/UjbFarU4thQEAAICTWee8G/KzpjeJzYUKnrBarQoICHB5t7qqqkp79+5V37593Q45mo4lMDDQtAHHsmXL9Oabbxrb99xzj1JTU/0ylqFDh+rFF1/UHXfcofz8fGVlZTnVpOjWrZvy8vJcvv4Wi0ULFy5ssXCoL8TExLjd6aWzCA8P14oVK7RgwQKn5So2m00ffPCBPvjgg2aPs1qt+utf/6oRI0Y4Padpd5aWhIaG6p577jFmP/znP//RJZdconvvvVejRo1yKyRpUFBQoNdff11Lly41lr5YrVbNmjWrzWNTUlJ05ZVX6oknnpBUPytj/vz5mjVrVoszcpoKCAjQNddco/Hjx2vlypVavny52zVWAAAAgJMBAUczmrvpsdlsbt+INKehAGHTkKOyslL79u1T37593QoqmhYV7SzLEDy1atUq3X333cb2tGnT9Nvf/taPI5IuueQSnX322XrooYf06quvOj3WXFvSX/3qV7rvvvs0aNCgjhqizwwbNsxYDuKrei6xsbH661//qjFjxuiRRx5RVlZWq8+/9NJLdd9996lHjx6S6junNPDkaz558mTt27dPS5culSTt3LlTv/nNb9SnTx+NGzdOQ4cOldVqVVxcnLp06aLw8HCVlpaquLhYRUVFOnTokL777jutXbvWqaZHfHy8Xn75ZfXp08etcdx666365JNPNHbsWN1www1uhzRNJSQk6LbbbtPs2bNdaoEAAAAAJzMCjmY0945oSUmJR10SmpOQkKCAgADl5OQ47a+oqDBmcrQVcpSWlrY51s7ujTfe0Lx584ztkSNH6tFHH+0UyytSUlL01FNPafHixdq+fbs2bdrk1OFl2rRpmjBhgs444wx1797djyP1rjPOOKNDZoUEBwdr2rRpSk9P1zfffKNNmzYpIyNDBw8eVFRUlHr37q1Bgwbp4osvVlpamtOx27ZtMz72JOAICAjQ7bffbizvaKipk5WVpeeff75dn8f48eO1aNEij7r9REVF6eOPP/ZaKEm4AQAAADjz/x1lJxQWFqagoCCnIqDHjh077oBDqn/XNyAgwKm9qFQfcuzbt09paWkthhzl5eUu9UBaKkzYGdXU1Oixxx5zahHar18/LVu2rNN9HrGxsRo5cqT69evnFHBMnz5d559/vl/GVFxcrN27d/v8OoGBgTr77LN9eo3w8HCNHj1ao0ePduv5xcXF2rVrl7F9yimneHzNiy++WKNGjdL69ev13nvvad26dR4tP0tOTtbUqVM1fvx4nX322e2qFWPWGVcAAACAGRBwtCAmJkZFRUXGdmlpqdfasTYUOGwacpSXl6uysrLFd2aLi4td9kVHRx/3eDpCfn6+brvtNr3//vvGvuHDh2vFihUunS7QvN27d2vChAk+v47ValVGRobPr+OJxgVdJenUU09t13nCw8M1adIkTZo0SRUVFcrMzNT+/fuVl5en77//Xq+//rrx3LvuukspKSlKTk5W//79lZqa6pPlOzk5OVq/fr2xffnllys2Ntbr1wEAAABOdAQcLYiNjXUKOCQpLy/PazfjcXFxCggIMLo7BAYGqk+fPi2GG7W1tUbnhAZRUVHHVRekIzgcDq1du1b33nuvU/2RiRMn6umnnz5hb+Rqa2s7xZIbf3M4HE6zjgICAtr1dfnoo4+Mj4cNG9auGRxNRUREaOjQoRo6dKik+lkhjQOOW265pUNmXBw6dEh33nmnsT127NgT9v8FAAAA4EvcgbUgJiZGFovFaQp7Xl6erFar125cG25icnJylJaW1uqa+tzcXNXV1Tnt88aSGV8qKCjQ/PnznWZtSNKcOXO0cOFCU07XLyoqUlZWlsrKylReXq7S0lKVlJQoPz9fhw8f1sGDB7Vv3z5lZGRo586dXr1R7d27t1588UWvna+xL774Qv/4xz+8ft7Dhw8bAYIkjR492qmLijuys7OdgocpU6Z0eCthAAAAAJ0fAUcrrFarfv75Z2O7rq5Oubm5RlcHb4iNjVV0dHSrU9+rq6tVUFDgtM9isXT6d3ljY2PVpUsXY3vQoEFaunSpRo4c6cdR1VuwYIEyMjLkcDjkcDgkSXa7XdXV1cafyspKlZWVOR3nSaeXkpISr/4bpaSk6PLLL/fa+RorLS31ScDRvXt3DR48WNu3b5ckbdy4UTt27NBpp53m9jmefvppo3uJxWLRxRdf7PVxnogSEhI0btw4Sc13hgIAAABONAQcrUhISNDRo0edio0WFBQoKirKqzeurYUbdru92XaaycnJXru+rwQFBWnp0qU6cOCAzjvvPM2ZM6fTdH6IiorSpk2bvH7evn376tRTT1VaWho3lf/Ptdde67QEY/HixVq1apXCw8PbPHbVqlVauXKlsX3zzTe73Zb1ZJeenq709HR/DwMAAADoMAQcrQgKClK3bt1c2rpmZ2fLYrH4/Gbd4XBo//79qq6udtofHh7e6ZenNIiMjNSbb77Z6ZajtFWksmGGTFRUlPEnPj5eVqtVcXFx6tKli7p06aKYmBglJSWpW7duSk5OVkRERAd9BuZx2WWX6cUXX1RmZqYkacOGDbrjjjt0//33Kz4+vtljbDabli9frnvvvdfYZ7VaNXv27A4ZMwAAAADzIeBoQ3x8vIqKipyWKjgcDmVlZSktLc2nN7QHDhxwWSIhSampqT67pi90tnBDkiZNmqSxY8caLXkDAwMVEBCgoKAgBQcHUyDUi+Li4rRixQpNnDjR+H5+7bXXtGHDBs2fP1/Dhg1Tz549ZbFYlJ+fry1btujVV1/Vd999Z5zDYrFo+fLlSkxMbPE6Gzdu1BNPPNHucTbtUnTZZZe12LLZHYsWLdLw4cPbfTwAAAAAz3AX54bU1FRlZGQ4LVWx2+3KzMxUr169nOpMeIPdbte+fftUUVHh8lj37t0VFhbm1eudjEJCQlhC0oGGDBmi5557Ttdee62x78iRI1qwYIFbxz/77LO64IILWn1OWVmZ/v3vfx/XOBv75ptvjuv4hrohAAAAADpG+9+ePIlYLJZm1/03LCE5cuSIS4eT9iorK9OePXuaDTcSEhJktVq9ch2go02YMEGrV6/2qEjvwIEDtW7dOk2dOtWHIwMAAABwImAGh5siIyOVlpamffv2uTyWm5urvLw8JScnKyEhoV3T2svLy5Wbm9vskhSpfpq/N7u3AP5w0UUX6ayzztK//vUvvfLKK9q5c2ezzxsxYoSuuOIKXXrppYqJiXHr3Onp6S7dhszo8OHDPjmvxWJR165dfXJuAAAAoDMg4PBAdHS00tLSlJWVZbQWbWC323X48GEdOXJEcXFxio+Pb7NLhN1uV1FRkQoLC1udzh4fH6+ePXt65XMA/C0+Pl4zZ87UzJkzlZOTo+zsbBUXFyswMFCJiYlKSkoyXZ0Zb5owYYJPznvBBRfo7bff9sm5AQAAgM6AgMND0dHR6t+/v/bv36+amhqXx+12u/Lz85Wfn6+wsDCFhIQYhSsDAwNVW1sru92u2traFmdrNNa9e3eWpTQSERGh+fPnG9vUIzG3nj17Et4BAAAA8AoCjnYIDw/XgAEDjKUpLamqqlJVVVW7rhEVFUVB0WbExcXp7rvv9vcwAK+JjY3V9OnTfX6dbt26+fwaAAAAgD8FOJqutYBHampqlJubq6KiIq+cLywsTF27dnW77gBcbdu2TV999ZWk+jBqxowZfh3P119/ra1bt0qqD64adxLpLLZs2aLNmzdLkoKDgzVr1iw/jwgAAAAAPEPA4SVVVVUqKChQUVGRUztZd8XGxiouLo5gAwAAAACAdiDg8IGKigpVVFSoqqpKNptNNTU1stlsstvtCg0NVUhIiCwWi0JCQhQREaHIyMh2dV4BAAAAAAD1CDgAAAAAAIDpMW0AAAAAAACYHgEHAAAAAAAwPQIOAAAAAABgegQcAAAAAADA9Ag4AAAAAACA6RFwAAAAAAAA0yPgAAAAAAAApkfAAQAAAAAATI+AAwAAAAAAmB4BBwAAAAAAMD0CDgAAAAAAYHoEHAAAAAAAwPQIOAAAAAAAgOkRcAAAAAAAANMj4AAAAAAAAKZHwAEAAAAAAEyPgAMAAAAAAJgeAQcAAAAAADA9Ag4AAAAAAGB6BBwAAAAAAMD0CDgAAAAAAIDpEXAAAAAAAADTI+AAAAAAAACmR8ABAAAAAABMj4ADAAAAAACYHgEHAAAAAAAwPQIOAAAAAABgegQcAAAAAADA9Ag4AAAAAACA6RFwAAAAAAAA0yPgAAAAAAAApkfAAQAAAAAATI+AAwAAAAAAmB4BBwAAAAAAMD0CDgAAAAAAYHoEHAAAAAAAwNKS1dwAABMaSURBVPQIOAAAAAAAgOkRcAAAAAAAANMj4AAAAAAAAKZHwAEAAAAAAEyPgAMAAAAAAJgeAQcAAAAAADA9Ag4AAAAAAGB6BBwAAAAAAMD0CDgAAAAAAIDpEXAAAAAAAADTI+AAAAAAAACmR8ABAAAAAABMj4ADAAAAAACYHgEHAAAAAAAwPQIOAAAAAABgegQcAAAAAADA9Ag4AAAAAACA6RFwAAAAAAAA0yPgAAAAAAAApkfAAQAAAAAATI+AAwAAAAAAmB4BBwAAAAAAMD0CDgAAAAAAYHoEHAAAAAAAwPQIOAAAAAAAgOkRcAAAAAAAANMj4AAAAAAAAKZHwAEAAAAAAEyPgAMAAAAAAJgeAQcAAAAAADA9Ag4AAAAAAGB6BBwAAAAAAMD0CDgAAAAAAIDpEXAAAAAAAADTI+AAAAAAAACmR8ABAAAAAABMj4ADAAAAAACYHgEHAAAAAAAwPQIOAAAAAABgegQcAAAAAADA9Ag4AAAAAACA6RFwAAAAAAAA0yPgAAAAAAAApkfAAQAAAAAATI+AAwAAAAAAmB4BBwAAAAAAMD0CDgAAAAAAYHoEHAAAAAAAwPQIOAAAAAAAgOkRcAAAAAAAANMj4AAAAAAAAKZHwAEAAAAAAEyPgAMAAAAAAJgeAQcAAAAAADA9Ag4AAAAAAGB6BBwAAAAAAMD0CDgAAAAAAIDpEXAAAAAAAADTI+AAAAAAAACmR8ABAAAAAABMj4ADAAAAAACYHgEHAAAAAAAwPQIOAAAAAABgegQcAAAAAADA9Ag4AAAAAACA6RFwAAAAAAAA0yPgAAAAAAAApkfAAQAAAAAATI+AAwAAAAAAmB4BBwAAAAAAMD0CDgAAAAAAYHoEHAAAAAAAwPQIOAAAAAAAgOkRcAAAAAAAANMj4AAAAAAAAKZHwAEAAAAAAEyPgAMAAAAAAJgeAQcAAAAAADA9Ag4AAAAAAGB6BBwAAAAAAMD0CDgAAAAAAIDpEXAAAAAAAADTI+AAAAAAAACmR8ABAAAAAABMj4ADAAAAAACYHgEHAAAAAAAwPQIOAAAAAABgegQcAAAAAADA9Ag4AAAAAACA6RFwAAAAAAAA0yPgAAAAAAAApkfAAQAAAAAATI+AAwAAAAAAmB4BBwAAAAAAMD0CDgAAAAAAYHoEHAAAAAAAwPQIOAAAAAAAgOkRcAAAAAAAANMj4AAAAAAAAKZHwAEAAAAAAEyPgAMAAAAAAJgeAQcAAAAAADA9Ag4AAAAAAGB6BBwAAAAAAMD0CDgAAAAAAIDpEXAAAAAAAADTI+AAAAAAAACmR8ABAAAAAABMj4ADAAAAAACYHgEHAAAAAAAwPQIOAAAAAABgegQcAAAAAADA9Ag4AAAAAACA6RFwAAAAAAAA0yPgAAAAAAAApkfAAQAAAAAATI+AAwAAAAAAmB4BBwAAAAAAMD0CDgAAAAAAYHoEHAAAAAAAwPQIOAAAAAAAgOkRcAAAAAAAANMj4AAAAAAAAKZHwAEAAAAAAEyPgAMAAAAAAJgeAQcAAAAAADC9YH8PAAAAmF9eXp5ycnKUn5+v2tpaORwOFRYWqqSkxK3jIyMjFRMTo5CQEIWGhspqtSo1NVUJCQk+HjkAeNfu3bv1ww8/KDg4WL/85S+VmJjo7yEBJ40Ah8Ph8PcggJOFzWbTjh07VFpaqmHDhikmJqbd56qsrNS2bdskScOGDVNYWFi7z3Xs2DFt3bpVMTExGjx4sIKDyT4BtO3w4cPavn27cnJyVFVV5ZNrhIaGqnfv3ho6dKiSkpJ8cg0A8JZNmzYZr8+k+p9hM2fO9OOIgJMLAQfQgd566y0dPXpUkhQSEqLp06crPDzc4/PYbDb94x//UHl5uSQpOjpaV199tYKCgjw+V1lZmV555RVjOzU1Venp6R6fB8DJo6qqSps2bdKePXs69LqDBg3Sueeee1yBLgD4Qm1trdavX6+srCyXx2bPnt2u12gAPMfbtEAHqampMcKNhu28vDylpqZ6fK7S0lIj3GjYLikpUVxcnMfnKigocNrOzs6WzWaTxWLx+FwATnw7d+7UF198obq6Or9cOzMzUyNHjtTAgQM7/PoA0JzKykq9//77Tq/zGgwcOJBwA+hABBxAB2nuZqC9NwjNTbzy5rnsdjsBBwAXX375pX788Ue3npuQkODxMrySkhKX0LWpmpoabdiwQQUFBRo5cqRH5wcAbzt27JjeeecdlZWVuTzWt29f/fKXv/TDqICTFwEHAABo04YNG7Rr164WHx8wYIC6d++upKQkxcbGtvsdS7vdruLiYh05ckQHDx7UTz/91Ozztm7dKrvdzs0DAL/5+eeftXbtWtlsNpfHzjzzTJ1zzjkKCAjww8iAkxcBBwAAaNVXX33VbLgRGBioCy64QP3791dISIhXrhUUFKSEhAQlJCRo0KBBGj16tPbs2aMvv/zSZaba9u3bFRYWpnPOOccr1wYAd/3000/69NNPXX4uBQYGavTo0Tr11FP9NDLg5EbAAQAAWrR7925t3brVZX/Pnj01ZswYRUZG+vT6FotFp512mnr37q1PP/1UBw8edHp8y5YtSkxMVFpamk/HAQANNm/erO+++85lv8ViUXp6urp27eqHUQGQpEB/DwAAAHRO5eXl+uyzz1z2Dxs2TJdcconPw43GIiMjNWnSJA0ePNjlsU8//VSVlZUdNhYAJ6e6ujp99tlnzYYb0dHRuuKKKwg3AD8j4AAAAM3atGmTy74ePXr4tbjn//3f/yk5Odlpn81m05dffumnEQE4GdTU1Oj999/X7t27XR5LTk7WtGnT1KVLFz+MDEBjBBwAAMBFfn6+9u7d67J/zJgxfhjN/y8wMFAXXnihy/7MzEwVFhb6YUQATnRlZWV66623lJOT4/JYWlqaJk+erLCwMD+MDEBTBBwAAMBFc+9SnnvuuYqKivLDaJzFxMTo3HPPddm/Z88eP4wGwImsqKhIb7zxhoqLi10eO/PMMzVu3Lh2d40C4H0EHAAAwEVGRobLvkGDBvlhJM0bOHCgy77mQhkAaK/Dhw/rjTfeUFVVldP+wMBAjR07ViNGjKANLNDJEHAAAAAnhYWFLi/oTz311E41BTs8PFynnHKK077y8nKVlpb6aUQATiS7du3SO++8I7vd7rQ/JCREl156qcvPHwCdAwEHAABwcvToUZd9nbENa3NjKigo8MNIAJwoHA6H/v3vf2vDhg1yOBxOj9EpBej8gv09AAAA0Lnk5+e77OuML+ibdlOR6mef9O7du+MHA8D0amtr9cknn2jfvn0ujyUnJ2vixImdaiYbAFcEHAAAwElRUZHTdmBgYKd8UR8ZGamAgACnd1mPHTvmxxEBMKuamhqtXbtWubm5Lo/169dPv/71rykmCpgAAQcAAHBSUlLitJ2QkOCnkbQuICBAMTExTqFGWVmZH0cEwIzKysr0zjvvNBuQnnnmmRoxYoQfRgWgPQg4AACAk6btEKOjo/00krZFR0c73ZRUVlb6cTQAzCY/P1/vvPOOqqurnfYHBgZqzJgxFBMFTIaAAwAAtCo4uPO+XLBYLE7bTbu/AEBLsrOztW7dOtXV1TntDwkJ0aRJk5SUlOSnkQFor877igUAAHQKnTngaDq2pu/CAkBzfvzxR3355Zcu+6Ojo/+/9u7mJ66yjQPwPQgjRRnAaQQ0XbAowbaptNGF2qYVoomNUVJD68aFf5pxRWsMIaQkbUzVLtCFtVZBgxoWGDH9QKAIhKHDuzAxDmf68ULLmSPXtTv3AzO/3cBvznmeGBgYiEKhkEIqYLtq9y8WAKAm1NXV7qnym+/gWFtbSykJkAUbGxtx5cqV+P777xNrnZ2dcerUqZrcVBl4OAoOAOC+/n1KSa3J5XJpRwAy5Ouvv65abnR3d0dfX5+TUiDjFBwAAMCuUK3cKBaL8cYbb6SQBnjUaveeUwAAgEfo+eefT8xu374dly5dirt376aQCHiUFBwAAMCu0NfXF+3t7Yn51NRUjI6O2scHMk7BAQBkVi3vDwLUnsbGxhgYGIiurq7E2m+//Rbnzp2LpaWlFJIBj4KCAwCosHmTvfX19ZSSPNjmbDYIBB6kvr4+3nrrrTh8+HBibWFhIYaGhuLWrVspJAO2S8EBAFTYfDJJLT+Xvjlbfb3904EHy+Vycfz48Thx4kRibXV1NT755JOYmZlJIRmwHQoOAKDCk08+WXFdy3dwlEqliuvGxsaUkgBZdOjQoXjnnXcSd3/dvXs3RkZGqp66AtQuBQcAUKGpqani+s6dOyklebDN2fbs2ZNSEiCr9u3bF4ODg4lyNyLiyy+/jCtXrtjvBzJCwQEAVGhubq64/vPPP1NKcn8bGxsxPz9fMSsUCimlAbKsWCzG+++/Hy0tLYm169evx9jYWE3fzQb8TcEBAFRobW2tuC6Xy7G6uppSmnv766+/Et+qPvPMMymlAbLu6aefjjNnzkRnZ2dibXp6Oj799NNYXl5OIRnwsBQcAECFaiXBjRs3Ukhyf3/88UdiViwWU0gC/Ffk8/l49913Y//+/Ym1mzdvxvnz52NhYSGFZMDDUHAAABX27t2bmE1PT6eQ5P5+/fXXxEzBAWzXE088EW+++WYcOXIksba0tBRDQ0MxOzubQjLgQRQcAECFYrEY+Xy+YvbDDz/U1GMqKysr8csvv1TMWlpaEvuHAGzVq6++Gv39/Ymjs0ulUgwPD8fPP/+cUjLgXhQcAEBCT09PYjY5OZlCkup+/PHHxOzAgQMpJAH+y3p6emJgYCBxjGy5XI6LFy/GV199lVIyoBoFBwCQ8OKLLyZm4+PjsbS0lEKaSouLizE+Pp6YKziAx+G5556Ls2fPxlNPPZVY++abb+Kzzz6LcrmcQjJgMwUHAJBQKBSiu7s7Mb9w4UKUSqUUEv2tVCrFhQsXEvNDhw5FY2NjComA3aCtrS3OnDmTOGUqIuKnn36K0dHRWFtbSyEZ8G8KDgCgqtdeey0xu3nzZoyNjcX6+vqO5ymVSjE6Ohq3b9+umDc0NMTLL7+843mA3aWpqSkGBwdj3759ibWZmZk4f/58TdzlBruZggMAqKqpqSn6+/sT85mZmRgZGYmVlZUdy7K0tBTDw8Px+++/J9ZOnjwZTU1NO5YF2L3y+Xy8/fbbVfcpmp+fj6GhoUQJC+wcBQcAcE89PT1VH1WZnZ2Njz/+OCYnJx/rbdmlUikmJibio48+ihs3biTWX3jhhar5AB6Xurq66O/vj1deeSWxtrq6GufOnYuZmZkUkgH1aQcAAGrb66+/HnNzc3Hr1q2KealUisuXL8fly5fj4MGD0d3dHR0dHVFXt73vT8rlcszOzsbU1NR9T25pb2+PEydObOu9ALbq6NGj0dbWFmNjY7GxsfHPvFwux8jISJw8eTIOHjyYYkLYfRQcAMB91dfXx+nTp+PSpUsxPT1d9WcmJiZiYmIiIv7eoLS5uTny+fz/9T5ra2uxuLgYd+7ceeDP7t+/P/r6+hJHNwLspK6urjh9+nSMjIwkNmD+/PPPY25uLo4dOxa5XC6lhLC7KDhgh1T7I3yr33JW+5Dc6gdntd/zDwOwWUNDQ5w6dSomJyfjiy++uO+RiIuLi7G4uPhYcuTz+Th+/HjV598B0tDR0RFnz56N4eHhxCaj169fjz179sRLL72UUjrYXezBATukoaEhnn322X+u8/l8FIvFLb1WoVCoOIu9ubk5CoXCll5r7969FdednZ3R0NCwpdcC/vsOHDgQH374YRw5cmTH3/vo0aPxwQcfKDeAmtPS0hKDg4PR3t6eWPvuu+9SSAS7U27j3w+MAY/V+vp6XLt2LZaXl6O3t3fLpURExMrKSly7di1yuVz09vZGY2Pjll9rYWEhvv322ygUCnH48OGor3dzF/Bga2trMTU1FVevXn2ox0q2orW1NXp7e6O7u1v5CtS89fX1uHjxYsXjfB0dHfHee++lmAp2DwUHALBty8vLsbi4GHNzc1EqlaJcLv/zqMr8/Pw9H1lpbW2N1tbWyOVyUVdXFy0tLdHW1hatra1RKBQc/wpk0vj4eFy9ejW6urri2LFj2/pSC3h4Cg4AAAAg8+zBAQAAAGSeggMAAADIPAUHAAAAkHkKDgAAACDzFBwAAABA5ik4AAAAgMxTcAAAAACZp+AAAAAAMk/BAQAAAGSeggMAAADIPAUHAAAAkHkKDgAAACDzFBwAAABA5ik4AAAAgMxTcAAAAACZp+AAAAAAMk/BAQAAAGSeggMAAADIPAUHAAAAkHkKDgAAACDzFBwAAABA5ik4AAAAgMxTcAAAAACZp+AAAAAAMk/BAQAAAGSeggMAAADIPAUHAAAAkHkKDgAAACDzFBwAAABA5ik4AAAAgMxTcAAAAACZp+AAAAAAMk/BAQAAAGSeggMAAADIPAUHAAAAkHkKDgAAACDzFBwAAABA5ik4AAAAgMxTcAAAAACZp+AAAAAAMk/BAQAAAGSeggMAAADIPAUHAAAAkHkKDgAAACDzFBwAAABA5v0P0F4ThSK68GQAAAAASUVORK5CYII="} | headers=HTTPHeaderDict({'X-Powered-By': 'Express', 'Content-Type': 'application/json; charset=utf-8', 'Content-Length': '772752', 'ETag': 'W/"bca90-eYxfoHD9BxgtSQMPMfErVAfqhpA"', 'Date': 'Sun, 19 Oct 2025 14:09:25 GMT', 'Connection': 'keep-alive', 'Keep-Alive': 'timeout=600'})
2025-10-19 23:09:25 [   DEBUG] [remote_connection.py:356] Finished Request
2025-10-19 23:09:27 [   DEBUG] [remote_connection.py:313] POST http://127.0.0.1:4724/session/01204353-4b2d-4aba-b7e4-d809d794c9f3/elements {"using": "xpath", "value": "//*[contains(@text, '\uac1c\ud654\uc5ed 9\ud638\uc120')]"}
2025-10-19 23:09:27 [   DEBUG] [connectionpool.py:544] http://127.0.0.1:4724 "POST /session/01204353-4b2d-4aba-b7e4-d809d794c9f3/elements HTTP/1.1" 200 0
2025-10-19 23:09:27 [   DEBUG] [remote_connection.py:329] Remote response: status=200 | data={"value":[{"element-6066-11e4-a52e-4f735466cecf":"00000000-0000-0489-0000-099e0000003c","ELEMENT":"00000000-0000-0489-0000-099e0000003c"},{"element-6066-11e4-a52e-4f735466cecf":"00000000-0000-0489-0000-09a10000003c","ELEMENT":"00000000-0000-0489-0000-09a10000003c"}]} | headers=HTTPHeaderDict({'X-Powered-By': 'Express', 'Vary': 'X-HTTP-Method-Override', 'Content-Type': 'application/json; charset=utf-8', 'Content-Length': '267', 'ETag': 'W/"10b-hlcfE6kFJ6Muu963aFaRBpQhHsI"', 'Date': 'Sun, 19 Oct 2025 14:09:27 GMT', 'Connection': 'keep-alive', 'Keep-Alive': 'timeout=600'})
2025-10-19 23:09:27 [   DEBUG] [remote_connection.py:356] Finished Request
2025-10-19 23:09:27 [   DEBUG] [remote_connection.py:313] POST http://127.0.0.1:4724/session/01204353-4b2d-4aba-b7e4-d809d794c9f3/element/00000000-0000-0489-0000-099e0000003c/click {}
2025-10-19 23:09:27 [   DEBUG] [connectionpool.py:544] http://127.0.0.1:4724 "POST /session/01204353-4b2d-4aba-b7e4-d809d794c9f3/element/00000000-0000-0489-0000-099e0000003c/click HTTP/1.1" 200 0
2025-10-19 23:09:27 [   DEBUG] [remote_connection.py:329] Remote response: status=200 | data={"value":null} | headers=HTTPHeaderDict({'X-Powered-By': 'Express', 'Vary': 'X-HTTP-Method-Override', 'Content-Type': 'application/json; charset=utf-8', 'Content-Length': '14', 'ETag': 'W/"e-9/1BuKMgFObM1mWJm+YjxtXJnUM"', 'Date': 'Sun, 19 Oct 2025 14:09:27 GMT', 'Connection': 'keep-alive', 'Keep-Alive': 'timeout=600'})
2025-10-19 23:09:27 [   DEBUG] [remote_connection.py:356] Finished Request
2025-10-19 23:09:27 [   DEBUG] [remote_connection.py:313] GET http://127.0.0.1:4724/session/01204353-4b2d-4aba-b7e4-d809d794c9f3/screenshot {}
2025-10-19 23:09:27 [   DEBUG] [connectionpool.py:544] http://127.0.0.1:4724 "GET /session/01204353-4b2d-4aba-b7e4-d809d794c9f3/screenshot HTTP/1.1" 200 0
2025-10-19 23:09:27 [   DEBUG] [remote_connection.py:329] Remote response: status=200 | data={"value":"iVBORw0KGgoAAAANSUhEUgAABDgAAAkkCAYAAAD508+vAAABK2lDQ1BTa2lhAAAokX2QP0vDQBjGf5aCf6iD6OiQsYtSFbqoSxWLTlIjWJ3SNEmFtoYkpQhufgE/hODsKEJnBwVBcBQ/gji4xicJki71Pd673z33cHfvC4UZFMUK9PpR0KjXjJPmqTH9yZRGGpYd+kwOuX7eM+/byj++STHbdkJb65eyHehxXWmKl7yMOwm3Mr5KeBj5kfgm4cBs7IhvxWVvjFtjbPtB4n8Wb/W6Azv/NyWnf3ykdU+5zC7nhPh0sbjE4JANzXXtegyIxEM5IjqikIZOaiKTQI6+FBdHTNK/7InrD9gexXH8mGsHI7ivwtxDrpU3YaEETy+5lvfUtwIrlYrKguvC9x3MN2HxVfec/TVyQm1GWludCw1PtTlS9vVfm1XROhXWqP4CIJRN+z20bgYAAAAEc0JJVAgICAh8CGSIAAAgAElEQVR4nOy9a4hk637e96xrrWvdb32/zUzPnj1773OOnOMIDIkMwbElQT6EGIWjWCRygj+EBIMlg0ISYwhYQgokHxxsfbCNghAYY5BkcCCKUBywEsvnzJ6993TPTM/0ve7326p1zYdVtaaqq7q7Vl26q2feHwx792Wt9dala73v8z7/50/9yb/6UweEB0+xUECxVMLuzg5UVfV9/Nn5OcrlMna2txEQhAWMkED4uKAowPnEPz2X/TkolUooFAp4/OgRJEnydexlJoNCoYDd3V3wPL+gERLuimV/rxIIBAKBMCmNRgOFQh66biAWiyKdSoNl2blfp6NpyGazqNfrEEURiXgckizP/Trzhr7vARBmR+92USyVEItFpxI3Go0GyuUy4rEYETcWDEW5/wguD/n5cJyHO/Z5sszPQTQaBUPTKBSLvo+Nx2MAgEqlMu9hEQgEAoFAIEyNqqrY3d1DPBZDqVTGwcHBVHOd2xAFATvb29jc3IRj2zg9O0Pm8hKmac79WvOECBwfAfl8HgzDIJ1KT3X8ZSYDIRBAPJGY88gIV3Ecsos4yODzscwL5esYHPtDHP+s9F+/ZX38FEUhEomgWq1C63Z9HctzPGKxKCqVCqwlv5ETCAQCgUD49IgnEtjd2YEoSbi8vMSbt2/QaDTmfp1IOIz9/X2kUynU6nUcHR0t9QYQETgeOLVqFc1WCysr01mTcrkcNE1DPBFfwOgIt7GsC8P74CE7Ij510WqZH380GgUAFIsF38fG467ou8w3cQKBQCAQCJ8ufCCA9fV1rK6uwjItvHv/Hmfn59ANfe7XSqVS2N/fRygYRC6Xw/H792g25y+ozAoROB4wtmUhXyhAURTEojHfx2vdLrK5HELBIBTFf2kLYXYeuoNh3jxkR8QyL/LvgmV9/DTDIBqNolQqo6v7u9kLgQAikQjK5TJs217QCAkEAoFAIBBmIxgMYmd3F4l4HOVyGQcHh8jn83O/jhAIYGtrC9vbWwBF4fz8ApeXl9B9zrEWCRE4HjD5QgGWZWF1ZWWq47OZDGiKQiKZnPPICNPwkB0M8+ahlvI8RGFmnizrY49EIgDc0FG/xGMx2I5DXBwEAoFAIBCWnlg8jt3dXSiKgkw2i8PXr1Gv1+d+nVAwhP0nT5BOpdBoNPDu3TuUFpADMg1E4HigtFstVKtVJJNJiKLo+/hKpYJavY5EMrmQ1F3CdAwu6pd1sUi4nk/dkbOsDhyO4xAOhVAsFn0HY0mShFAwiHK5vKDREQgEAoFAIMwPnuextraG9fU1wHHw/vgYJ6envp2sk9AvW4lEIigUi3j/7t1CckD8QASOB0q+UIAQCGAl7T9Y1HYcZHNZiKLo7WwSlg/i6HjYPEQHyrxYxscejUbhOM5ULo5YPA7LsoiLg0AgEAgEwoNBUVRs7+wgmUyiVqvh4OAAuVxu7tcJ8Dw2Nzawu7MDmmFwcXGB8/Nz6D4D3ucFETgeIOVyGZqmITWFuAG4pSm6biBJSlOWHuLoIDxUlk3k4AMBqKqKQrEI2+fgVEWBoiioVIiLg0AgEAgEwsMiGo1id3cXoWAQ2VwOh69fo1avzf06qqriyePHWFlZQbvVwrv371Es+A95nxUicDwwdF1HoVBAOBxGOBTyfXyr3UahWEQ0Gp2qtIVwfxBHx/KVPhBuZtleq1gsCsuyprrZJuJx6LqBWrW6gJERCAQCgUAgLA6O47CyuuqWrQA4Pj7ByckJtAW4LJKJBJ4+fYpoNIpiqYR3745Qq81fULkOInA8MAq9iXl6SvdG5vISLMsikUjMc1iEO+JTd3R86hkXD41ly+QQBBGKLKNU9l+mEgwGIUkiKkTgIBAIBAKB8EBRFBXb29tIpVKo1+s4PDxEdgFlKxzHYWN9Hbu7u+BYDplMBufn5+hq2tyvdRUicDwg6vU6Go0G0uk0Ajzv+/hCsYhWu41EIgFqGVYbhJlYthKAu+YhOloe2njnxTK9V6PRKHTdQHGajirxBDRNW0gaOYFAIBAIBMJdEYlEsLe3h3AohFwuh4ODg4Vs4qiKgkePHmFtbQ2dTgfvj49RKOThLGhyqHe7ROB4KDiOg2KxAEkSkZzCfaEbOrKZDBRFQWiK0hbCcrMsO+R3zbI5BG7joY33Y0SSZUiSOFXYaCQchiAIJGyUQCAQCATCg4dhWaRXVrC5sQGaYXB6eor3x8foLMBlEY/F8PTpU8RjMZRKZRwdHS2k7DeTzRKB46FQKBSg6wZWVlanOj6bzcF2nKnEEcLyM1i68Sny0B7/QxrrvFimxxyJRKFp2lRCRTweQ6fTQbN5vy3QCAQCgUAgEOaBJMvY2tpCOpVCq9XC69evkclm5+6yYBkGa2trePToEYRAAJlsFmenp+h0OnM5f6GQR6fTIQLHQ6DdbqNcLiMRj0ORZd/H1+o1VCoVJOJx8IHAAkZIWDaIQ2D5eYglNrOyLI9XVVUIgoBCsej72Fg0Bp7nUK2QLA4CgUAgEAgfD+FIBHu7uwiHw8jn8zg4PFiIa1WWJOzt7WF9fQ26YeDk5AT5fB62ZU19zmazgVLJXS8TgeMBkM/nEeB5rKysTHV8NpuDEAggFo/PeWSEZeWhORo+ZZZl0X9XLMvjjUQi6HQ6U7VJi8XiaLZaaLfbCxgZgUAgEAgEwv1AMwzS6TQ2NzfBsixOz87w7v37ubksBolFY9jf30ciHke5XMbRu3eoTiGo2LaNXC4PURSxurpKBI5lp1QsQtM0rKyuTBUMms3loGka4gkibnzKEEfHcvKpdYVZpscbCoUQ4HkUC/5dHIl4HAzDkCwOAoFAIBAIHyWSJGFz0y1babfbeP3mDS4zGVi2PdfrMDSN1dVVPHn8GJIkIZvL4fT0xNcmUjabhWEYWF9zW+ASgWOJ6WoaCsUiotEoQkH/waAdTUMul0M4FIKiqAsYIeGh8Kk6Oh6SsPOpvT7L8HgjkQiarRYazaav4yiKQiIeR6PRuJN2ZwQCgUAgEAj3QbjXbSUajaJQKODw8BClsv+g9tsQRRG7OzvY3NiAaZo4PT1FNpu9tWylWqmgXq9jZWUFkiQBIALHUpPL58Cy7NSlKZlMBgxNI0GCRQmfKMvkGPDDQxJmZuG+H2M4EgHLsihOk8URj4OmKJTL5QWMjEAgEAgEAmE5oGkayWQS29tb4DkO5+cXOHr3Dq0FlOpGIhE83X+KZDKJarWKt2/fXlu20tU0ZHM5hILBoUYaROBYUiqVCtrtDlZXVsAyjO/jy+UyGo0GEokEGJZdwAgJhIfFQwr1XAZ3w11x369JLBZDvV73nafBMgxi8Thq9Tp0XV/Q6AgEAoFAIBCWA0EQsbG5iZV0Gpqm4e3bt7i4uIA5QzjoOCiKwko6jSdPnkBVVWRzORwfH6Pdag39XjbnmgHWeqUpfYjAsYTouo58Po9wKIRIJOL7eMMwkMlmIUkiwlMcTyB8rAy6Oe57YX0bn4LIsQwOm3A4DIamp+qoEo/HAIBkcRAIBAKBQPhkCIXDXtlKsVTCwcEBiqUFlK0IAra3t7G1tQU4Dk7PzpDNZGCaJvJ5tyXs2toaOI4bOo5s7S8h+XweFID0tKUp2SxM08TG+vp8B0YgfCQ8FDcHRX0aQgdwf4+Toii3rrRYRDKZhCgIEx/LczxisShKpTLisRhxyxEIBAKBQPgkoCgKyWQSoWAQhWIRFxcXqFYqSK+sQJHluV4rHAohHAohl8shm8uhVq/DcRwk4nGEQ6M5lcTBsWRUKxU0m02kV1YQ4Hn/x9dqqFQqSCQSCPiYqBMInxoPQeQYXPQv+1gfMpFIBBRFoVSaxsXh1nyWKySLg0AgEAgEwqdFQBCwvr6O1dVVGKaBo6MjnF+cwzTNuV8rlUphf38foWDQawk7DrLdtERYpolCoQBFUZCI+2/ratk2MplLCIKAWCy2gBESCB8fD8Ul8RDGOCv39VrQDINIJIJSqYxEIulLXBYCAUQiEVTKFcRicdA02TcgEAgEAoHwaREMBhEMBlEsFFAslVCtVJFKp6da096EEAi4JSs3QGZiS0Q+n4dl29eqUbeRzWSg6wZSqdScR0YgfJw8tPa5H7uL4z4zUvp5R6UpakjjsRhsx0GtVpv3sAgEAoFAIBAeDPFEAjvb2xAlCZeXl3jz9g0azeadjoEIHEtCvV5HrV5HOpXyVQPep9FooFgqIRaLQhTFBYyQ8CnyEMI458lDeKwPYYyzch+iE8dxCIdCKBaLvm2VkiRBkWUicBAIBAKBQPjk6ZetrK2twTItvHv3DqdnZ9CNu+k6RwSOJcBxHBSLBUiSOLX74jKTgSAISCSScx4d4VPmoTkcZmXZMy8+pdfjPh5nNBp1P4+ncHEoigJN02AtoOaUQCAQCAQC4aGhqip2dneRiMdRqVRwcHCIfD6/8OsSgWMJyOfz0HUDq6trt//yGDLZLDRNm3uNE4FwlU/J0fEQhISP/bW468fHBwJu/WixCNvnG0BVVQBA80qPdgKBQCAQCIRPmVg8jt3dXaiqikw2i8PXr1Gv1xd2PSJw3DOtZhOVSgXJZBKyJPk/vt1GPp9HJBKBrCgLGCGB8IFPyUEwyLIKO/eZWXEX3Mfji0QisCwLxULB13GSJIFlWXTa7QWNjEAgEAgEAuFhwvM8VldXsb7ubui/Pz7Gyekpuvr8y1aIwHGPOI6DQqEAQRCwkk5PdY7LywtwHIdEIjHn0REIt/OxLqyvsuyizrKPb1bu8vGJoghFUVAqT1GmIstoEYGDQCAQCAQCYSyKomJ7exuJRALVahUHBwfI5XJzvQYROO6RYrEArdudumtKLpdDu91BIpEgrQkJ98Kn5OhwnOUWc5Z9fLNyl+8zVVGg6wY6mubrOEVVYBgGuj6PIxAIBAKBQPiUiMVi2NvbQygYRDaXw+Hr16jV5xPWTlbF94SmdVAqlRGLRaFOUVrS0TRkczmEej2HCYRl4GNeYPdZ9se47ON7CPTL/RqNhq/jFMXN4Wh3OnMfE4FAIBAIBMLHBMdxWFldxcb6OgDg+PgEJycn0Lrdmc5LBI57opAvgGVZpNMrUx2fyWTA0DSSSdI1hbA8LHsXkllZdsfK4Pg+xuf/rh4Ty7IQAgG0fAaGBngegiCgdcf93gkEAoFAIBAeKrKiYHt7G6lUCvV6HYeHh8jOULZCBI57oFqpoNVuI51OgWUY38cXSyU0Gg0kk0kwLLuAERIIs/Oxl0wAy/34llmImYW7es4lWUbTp4MDcMtb2iSHg0AgEAgEAsEXkUgEe3t7CIdCyOVyODg4QKVa9XWOSqUCsjq+Y2zbRqFYhKIoiEVjvo/v6joyl5dQVRWhcHgBIyQQ5sdVR8fHtuh+KI+vLwos6/gm5S6fb1mSUC6X0Wg2fZURKoqCQrGIVrNJOlsRCAQCgbBAKIoCTdNgGAahkApFlhAI8AjwPHieB8MymMe+SLPVRqs1n80L27ZhmhZM04RpWuh2u+hoGmzb7jlxH/hkbUYYlkV6ZQXBYBCFYhGnp6eoVquIRiMIBUNDv2uaJjqdDtrttvvfTgeGYRCB464pFAqwLGvqrinZTAYOQLqmEB4cfUfHx/q5vcyP62N00yz6+ZZkGQDQ9CtwqP0cjjYROAgEAuEjJxaNYHNjFYoi38n1Gs0WTk7PUanMJ4zxocKyDERRRDikIhQMQpYl0PTDmOjQNA2ep8HzXO87ChzHQbero6Np6LQ16IYB27bvdZz3jSTL2JJlVCsVlCtlHB/XwfMc2F71gmVaQy1mAzwPSRQRSqeJwHGXtNttVCoVJJNJSJLk+/hKpYJqrYZUKgWe5xcwQsKnyi///aP7HsK1/Pbf2LvvIfhmGR0TyzSWebFIwYyiKCiyjEaj4UuQpikKiqKg1WyB6NAEAoHw8aIoMrY21yAIgTu7piQK2NnagK4bc3MUPCQYhoEsS4hGQohGI+B5bi4OjfuGoigIQgCCEICqyGi1Omi3O+jq+icvdIQjEYQjETSbDdTrDc/hwrIcwpEIAoEABEEY6ihKBI47pFAoIMDzSKdSvo+1bBuZbBaSJCISiSxgdATCxwFFUWBZBgzN9NT8/q3PgWnZMAxjKvsfRVGu3XHgA9SBA9t2YFsWDNP88P07ckywLItkIgZZlsBx7I3tok3TwuHrtx+d0LFIkUOSZeTzeRiGAY7jbj+gh6ooyGSzME3T22kgEAgEwsfF+toKZNn/huUs9Bf466tpHL55d6fXvm94nkMqmUA0GoYoCB+dM7UPy7IIBlWIooBWu416vQnLsu57WPeOoqhet7rbIDOvO6JSqaDT6WBzcxPUFH+RuWwWhmFgdXV1AaMjED4OGIaGJIpIpRIIBlVIouD9vdm2g2q1hjdHx9AHLG2TIgoBPHmyB3XAhmrbDlrtNmq1BrK5PDSt64kniyzJCQR4rK+tYHVlcrHUMMwHkxkyKYt+PHLPaddsNn0Jy0qvNKXVaiEUCt3y2wQCgUB4iEQjo5/vjUYTHe36FpeiKAzNI/q02m00m210uzps2wJNM1BVGZHw+HtINPpp5fCJooDN9VWEwsGhjaaPFYpyBR2ODYLjOFTK1aGNNMLNEIHDByzDQBCFISuUaVlDi5pxmKaJQj6PUDCIyBTBoK12G4ViEdFoFKIoTjFyAuHjh2FoRCNhbG9vQAiM2kVpmoKqKlAVGaWyP4GDoiioQXVkUkLTFFRFhqrIiEbDePv2PWr1xpVj57vwDoeCePbZYzA+OzDZ9rD6/9DFjassREgSBLAsi4ZPgUOSJLAsizYROAgEAmFh8DznlWzrug5dN+7s2jRNjb0P5wslVKrX52MkE7GhuYRlWTg9u0S93oBhmrAsC47tgKIpFEscysEqNjZWwV9xEbIsC5qmYNvLdTNnGBoUKJhzdBwEgwq2NtchS9JH69q4DoqmIEsSWIZBuVyF1r1ePCN8gAgctyCKAiLhkLsbLAmgqWHV0IH74VSt1lGuVFGvj7YVLOTzsB0He3u72NxY875/fpGBYdyuxmUuL8FxHBKJBFbSyaEgo2q1hkKxjFgsgmhkvmquZVl49/50rucEgEg4hEQiCp7ncXGZnTkoSZZEJJMJKLKEcqWKi8vsnEZ6/7AMM9ebxMcKRVGQRBE725sIBNzJjmlasG0L3q3fAXTDgKZpU12j09GgaV1QAyFWFACaZsCyDCRRwONHO3jx8hUMw51kzXvRHY2E8fmzJ1Mdq43ZUfoYXByDLOLxSJKEVqvp+zhFUdBs+j+OQCAQlpFwKAg+wCOfL97bGCiKQjQaRiIeQywaHinLtCwb5UoVhUIJpXJl0aMZ+91ms4VO5/p5xlUR5uT0Arl80StpVBUZoFwnSKvVhqZ1Yds2Hj/auWYMy3MTD6oK1tbSAChcXGbHrommOefO9ibEKxvMnxIUBQhCAPF4FMVSeex8jjAMEThuYCWdxEo6CY5je0rp9ZYoQQggHoug2Wrj9OwC7XYHANBsNlCr15FOpaDI8pClLJPJw8DNAkehWESr3cbq6ipSyTg2N1Y9xbjZauP09AKAa6VOxKOzPuQhTHN+AocgBJBKxhGPRSFJH1wooijg//s3L3yfj2UYJJNxxONRBFXFK0MIhVRUa/UHG7yUiMeQiEehqjI4jgNFuSp4q9VGsVhGJpv/5NtHjYNlGaRTCU/c6HZ1ZHN51GoN2F7JiJtQ3Rcf/OA4Dur1Bl68fOVdA3CTsENBBasrKXAcB1EUsJJO4vTsYux5ZlmAMwyDp/uPpjsYQLU2fqLxsYkc80aWZdTrdXQ0DaIgTHycqiioVqvoahoCPo4jEAiEeROPRSEIAVxcZn3PIXiew2f7jxEMuqV35XIV5j1Y5VPJBDY3Vm8M9GQYGol4FIl4FJ2OhpPTCxSKpTscJbyuDoEAj93tzZGfD46/3mgiPyBu7O5sQu7NkTtaF8fHZ9C6XRSKZSSTcYSCk+UP3BexWBTxmLsWMXRjZoFDEAJYW1v5pMWNQXieQyQcQrFUnmiD/FOGCBxjoGkK21sbiMejCFzpVqJpXTfohaLAcxw4zn0KOZYFx7IIBHhIooCTswuUShUUC0UIgoBUKgVQV+xst/y1GoaBXDYLRVGwubGOrc11z4qnaV28Pz7zPkivs8rNwqyLnkg4hHAo6PalVuSx2SNCIACapidKCHZTk8MIBVUEg8rYx+t2PpAenMAhyxIe7W0jqI62lWQZBqGgilBQxUo6ibdHxyNlEPfBwe/8gq8bjmXZePbXfm+qa93WlYShGai95840LeTyBZyeXU51rZtwLbDD5S31egOBQADplNsyIxxScXo2/vhpMyMoisL3v/ocDDNd3allWbgc42z6WDM55tnFRu61i200Gr4EDqX3fmy120TgIBAI94YsS/jsqSuOh0Iqvnv1ZmKRIxaN4MnjnaGw5ECAv1OBg6ZpPN3fQyzqL2BfFAU83d9DOBzE26PjO9kcchzH20Tp77jfRLFY9nIV4rEIEvGot5kqyxI0TcPxyTksy0K5XFl6gUMQPqyZBHG2zjI8z2F1JeVuYs46sClxHAeW5a5PbNsefg8Nvp0o6s5KZwQhgFAoiEqlRoJHb4AIHGNIp5JIJePeB7pt2zi/yKLRaH7owEBRoGkKHMshHA4iHouA53nQNA1ZlrC9tY7Li0to3S52trenGkc2l4Nl29jb3cHuzqan+hqGgbdHx2g2W97vlivVW9W8aDSMcCjoPabjk/Mbf3/atkQ0TePL50+9BedNmKY50XUe7W1jJZ2c6Prdrv8ASSEQQCDAQ9O6Qz2Vr4OiKETCIQQC/IfWToEAGJaBZVpottrIF4oT2cgikRD2H+95YtlNSJKIZ8+e4PD1Ecrl6kSPbREc/s4v+D6GYWj8/t/7Wfz8r/6h72Nvm5dQNIVA7+/Dti3U63dXGuA4Dmq1uidwTJqT42euJQoCRHH6RfL5RebWUqdFhqLeNfPsYsOyLARBQLPZRNJH31ee4yEIAlrNJqLR+brrCAQCYVIGN5f6ZY7fvXp9Y3YDTVPY2d70FWS9CGiawhef7yM4w8I+nUqA41h89+rNHEc2HsMwveeVpmmUK1XYtgOKAhRZHnKAAu7cvU8yER9yilMUhWQyjkAvU2xcttiyQQ1IEdM0VOjDMDRisQhisUivG97tOABMwxxx6XIDm9F+qVTrqDcaXqaIaZreY3QcB05P5eB7Dt6bnP7zor+RaxgG6vUmcXVfAxE4rsAwDNbX0p640e3qeH9yhlqt3utCMPxGoigKzVYLpVIF6+srXtqxJIrY3dlCtVZHMBj0PY56vY5yuYztrU083X/ktaGyLAtH705RrdWHxtJsttFu35wtEAjwnsDhOA5yt9ZRTvdHk0zGJxI3AHilPDfB87y3eLwNy7J8uRuCQRW72xveeB3HQbVax5u3768VOmiavvWGG4tFsLG+gkw2j/fHZ9d+AMmSNLG40YdlGDx5vIuXL1+hNcHzN2+mETf6PFkL4l/+1s/jL/3N35/jiFwGb6x3/YE/OFGc9GY8yG2Og9XV6SeZ5XIV5xeT5dIswgFxX8xz7LIsoVyuwHEcX5M2VVVRKBR8H0cgEAjzotls4fDNO+w/3gXgumufP9vHN9+9HrvBJAgBfP7Zk6Fy4vti/8neTOJGn1g0gu2t9Vs39malOxAA2Wp1cHJ64X7+A+ADvFeqDbjzhsFNMEUZbTcb4HkkE7GFjnkZEQICEvEYWB/OdMu0cHaeQUfTMLh+EQQB25vrvh2wtm3j5PR8oo1KlmUQj8cgzbAR5QeapqEqCjod7U6DdR8SROC4QjCoeGopAJz2Sk2ucxn06/q7Xd21mW27Nw9N03BxmUE6Pd3CJJPNIhIO4ad+6nve4tu2bbw/PkO5UhlZwNm2fasTwrmi1i/KYuhnHn9TK63B8026ONC6+sSL23HdKCiKQiQSwtP9Pbx4+WrscVubaxPdcGmaxtpqGpIk4rtXb8a+Pnu7myPihmlaKJXKaGsaOJaDKLp2tMEPeo5lsbe7ha+/OZjosc6LWcSNPttJBYe/8wvY/9HvzmFEHwe3OQ5SyfhU563Xm3j99r1vN9Y8HRD3ybwcKZIooeSU0Ww2oaqTT7ZVRUGhUEC71YKsTCb6EggEwrzJ54ugKcoLqgyFgvji86f45rvDIZt7NBLG0/1HU5dDzpP4QJ7DPNhYX0WhUFroxtDgxli/nNWyTLfMoeW2gOV5HkFVcUPQnb7bY7jMfFxWCv+JiB00TSEWC0Py2TWyVK4gXyiOPG+NRgtbAw0eJsWy7MnDPG+ZZ/THZNs2LMstdWEYGgzDTL35wXEcZEmCYdSJi2MMROC4Qt8pAbhvxOIN4sZVWr3QT72r48XLbwBQCIf8dzbJ5XKwbRs//dN/HpFwCBRFwXEcnJ1folAsefVgy0ohX8JqOuWp/47joNVqo1AsY2tzbcjCNUk5SberI18oDX2wa1oXxVIFkXBw6DW7mo9wE3t7W9fmlgSDKmKxCEql4RRumqaRSk5uUwdcwWt3ZxNvj46Hvh+LRhAKDbt7Wq02Xh287SnQHxACATzd3xtyxoRCwbFjXBSD4kbXsPEf/NofA3B6K0jH+4B1HLv334Hv9WoX//X/8vPeOf7g138WP/cr/stVrsO2bTAMDQfXl1fRNA2WneKG4gC248A0R11cAGANtGC1piztuq5E5LaA4/HnclAsVXD4+mjqG9/HcL+clyNFkt0MoYZPgUNW3ADkVrtNBA4CgXCvZHMF2I7jOTmCQQVfPH+Kl98ceCJHo9mEruszlUTOi83N2xellWoNjYZbkhoMqp5L+TrW11dx+PpoLuMbhyxJ2NxYhaZ1IYoCJEmE3e/sUiyj1Wojmy24eWvUoOt0+DyZbH4kX0FR5KUQOHie65VttkbmWs61X0yO2zUy7muTxbZtXGZyY+c7sWhkqozCwXkiRVFgGQZUby5GUxQomgJN0+7z0StzHzeuZqN8dwcAACAASURBVLOFVqsD27HhOH2xwwFF0QjwHIJBFTzP+95Uoij3b7jRbN1L6O+yQwSOKzD08G6+3wCXeqOJ07NTNBst7O3t+b6+1u2iWCziL/yFn8ZKOun9gV1mcshkCzDN5Q+UMS0LP/n6O0SjYVBwnxNN6yIUVEcWapN2tDh8fYR8oQie59Fqtb38kdQPfzB87Qn/yJPJ+JA6XKnUoBvG0E55OBQcEQ/isciI48JxHJQr1V6yuAVZFpFOJbxAWMCtAc1m82gOhJ9eDZ8yLQsHr49GxA3AfV8cHB7hB99/PvRBnUzE7kTguOrc+Mv//Z/gqrixtaLgv/wPP3T5+Nu//W88kaP/73f++B1+9O+7k6vHq0H8i9/4OfyVv/UHM4/PsmzU6nWEgkF0NX3sDg3DMIhGQthYX0UgEPB1M3EcB+2OhuOTs7E1j81mG11dB03RqM7Y9viqyOFX3MjmCjh6dzJ1hs7VsQAPX+yY1ZFCUW4f+kajAaysTHwcTVGQZRnt9sMKPSYQCB8n/RavfZFDVWR8+fwpvu6JHIZh4sXL7/DF88+8bh73QTgcvPH63a6ON2/fo1Idvt9Go2E82tseaRDQJxGP4ujdycIWhKIoYHUlDd0wEOA5r9xdliUUimUAH3I3GJr2Qvad3gZK//fjsQhs24Gu695xy9A1g+d57GxvgOc51OsNnJwOd4ybh/EzEgmD95mZUSiOb51K0zTW11emuv8PCxyugKaqMvqP0vvpNS5zxwHaHQ2Vav3ataSu6+hoGmLRCCRJ8j1OhmEgS+JSNB5YNojAcYXBBTdFUZBEES0fk9N8Po9yuTyVuAEAuWwW3/vqC+xsb3oLm0KhhIvL3FTtLe8Ly7JQKAy35uJ5buT3/NxkKmMWjiw7rMpOKgBFBlT+dkfDN98dAnBDPFXF7Zow7gYZi42meB+9O0Emm/e+LpaAXL6IL58/9cqdKIrCxsYqXh289X7vaseUTCZ/YyaJ1u2i0WghHP4w9lAo6Dl8FsW4shT3deuLGwDg4DTbQDL0obxrSNywbdgOvECmPnsr6lzKVXRdx9G7E6iqglazPXIzoWkK4VBwpjarQVXB5589wU9efId2Z/h1MgwDL785gCJLKM8gcIx7GXVdx5/925e3HmvbNnTDmIuwMW48Dz2AdNaxS7KMfD4P3dDBc+Mnz+NQFQWZbHZo8kogEAj3RT5fhGM7eLrvzlMVRcZXX3yGr785gGmaMAwTX798ha+++OzecjhuKk3RtC5+/OLbsfPHcrmKnzS/xfe/ej52zukGxAc90WDedHUdtm2D7u3u9xl0Gvfn8hRFQRQEb41RrzcRjbqu79WVNAAHjWZrYWOdBlkWPReJLEs4Pbscmn/OY4oQi/pzvluWjcvL3NifpVOJa8Wu26Bp2ptf27bTe10n33CybQvtdmdoPkp53VYob35smhaKpQpWOHZoY3RSZFkiAscYyGzrCvVGcygQbn19BW+PjidycmhaB+VyGfFYDEqvtaAfKtUqVlfTePZs35sIV2t1nJ1nhoKLHirUmA+GWcttrqqmky7uuIEbnzkgHHEDC5Bxiqx6xWZeLJWHxI0+mtbFyekFnvR2SQC3VGWwJS7HDd98B9O0r2OwFKI/3mg0vDAXx3WZG32LXf925jg2bBv4z3/z/3F/5jiwhwSO/v+Pv87/8Nd/iL/zD//fmcaq68a1zwPDsDMFdfahaRobG+Mtrp2Ohk7n5qBfv/RFhauCyn2waHFjfW0FiXjUmwj2y9rOLzJzu8YsIo0sueNqNvx1RVFVFZlsFq1mE6Gw/5JFAoFAmAWOZbG+vgJZlkBTH+Zhg6KrLEuek8M0TZimiRcvX+HL50+HFud3RT+wfxzHp+c3bo7puoGz80vs7W6N/XkotDiBo1AoodFwHcYrK0mvZGbQmTsodEejIU/guMzmIIgCJFHwxBmGnu+cYlYG560cy4KmKVjWNTfVKVwTPM95m4yT4AAoFEvQx2wABwI84vHoVMHvgDtfCPA8tN76qz+nnbTE2TQtaJ3h1z0YVCAKAijKzSBsNJrQdQOWZaFSrSOZiPkuoQ4E+KG1BcGFCBxXaLc7qFRqnooai4Zhmusoliqo1xs37pQX8gWwLItUOu37uo7jQBR4fPnl596uf7PZwunphS8HyTJDj7VwTb9qGpeuPOn57AFhJRhU8eTRDvgA77XiBTBSKsJx3EiNXSYzKm70yeWL2Nn+ECLKMAxi0TAKxTJomh4J8Rr3/Fylv8ga/p54ZzkcH3A8kaMvaDjoZW3gg3vDtkfFjnH8p//e3swCxzj6C1qKoqZW8YfPRy2sNpmm6RvfA4twUNiOfWOrwLtAEAL4bP8RlCuTGkWRoSgyEvEoXh2+nTzs6xYGn2I/z2dAEMBxHJqtli+BQxRFcByHVrtNBA4CgXCn8DyP73/vc/DcqJvhKuNEjq+/OcAXz59CuWORY1yeAeC6g4sTiBO5fPFagWMec4HrsG0HxZI7vv58h2UYZHMF73dCAyH1yUQcxWIFHU1DrdbAycm5twjWDWNo42uSOeLdQ93wlX+CquprgW8YxrVZiRzHodFoojPojKYoBAI8JEkEM4Ebg+M5T+BwHHtigcNxXDeP2dscZxgG0WgY8kAZCsdxoCkalapb3t5qtaGHgte+96/jqhOI4EIEjivYto2ziwwURQLP82AYBulUArIkotFood3poNvV0e5oQ4GW1UoFrXYbG+vrvtoa9bFsE88//2zIIdBotD5629HVkgVfzPBh32q3h8pNUlfa0FqWNeLMCF3pnGIYJqq1+o3XabfbQ0GiiqKgUCz3kpStoTyNWCxy4/l2dzaHBJg+V50gd8MHccMTLnoiR7+etB+m5AaMAjc5OBZJ/20yrzadi2j3KcsSfvC953M/7yTouoFcvoBCoXwvN8hx4sYgiiLjs/1H+PGLb+9wVOORJQnNZtP3cYqiuPkdBAKBcIdsrq9OJG70GSdyvPzmFb74/OmNn9Pz5KbOEoYxPuj7KpZlQdeNsWUqV3PU5kk8HkWlWkO93kClWoNpmmAYBvXeXJ7jWKysJL3flyQRmxurOLvIoN3uoFgqo95oIMDzMEzTE/ZlWRqZp36MjJvjXocDt3Rdu8Y522y2vLy+PhRFIRRUsbW1PlFL18H3imV+6KpCURQYlgHHste8V52hNaIkChCF4ey3/oZZs8V55fWtdtu3wAG4zpcW0TeGIALHGBqNJk7PL7GxtupZf0KhIFRVQberQ9cNaN0uNE1Du91Bq9XGu3IZqqr62tnrw9AUNje2EI0O5zvIigSO4x5U9sZNjLslDdol/TJOsZ108ZnLFbG6mh4rRtm2g3fvT0fKDa7u3E9SNnS1P/VgcFKnow1NGNKphJuwPaD0A+4NM51KXGvZ9BtCOQ/6z/1gxobn3LA/iB6ec8O+2cGxKGa5nGW5dbSLEDSuIgQmv6nPG57nsLG+io31Vbw/Phvbnm5RrK+tTDRpVhQZ62srM5erXM0U8YsoSajWauh0OhB9tLBTFQWVSgWa1oEg3F9wH4FA+LSQZP+fN7Is4csvPsPXL1/1RA4LL785wPPnT32VD0zLTfcfPzlGi251O26ckihga2MNuXwBlWrd26SkKAqqIiORiI10ekkkYqAZGrVaA+1OB4ZhwuiV4ASDKhRZQjgURCQyPAe8jznVovGzuNd1HZVqzXuuJqHvwJjUDTNYtq51uzBMwwstp2kagQAPVVFGhDTHGZ7/87215FUYhgHHcdC0rhtm39YQHY36uxWS7zUKeUbG4DgOcrkibMtGNBqGosgQAgHQNA1RFCCKAkJQYVkWOh0NtVodPM+CZThoXd1XcKYgBBCNhpFOu4quYZheG8ugqmB1JTmSUvxQGfdBPMvacRaBQ+t2cfTuBI92h1vFNpotnJyejw00var6T/KhevUx0wM33EKpPLS4o2kajx/tYGNjFV1NB8MyCPDcrQ4Nv51+5sGga8Me6O893rXhlqo49kx+nTvDcRxoWhf5QgmxWASyJA6/rz6yCcUgO9sbcBwHF5fZiX5/1rKZRHxyQTgRj841j2OacauKggyARqPhS+BQes68VqtNBA4CgXBnTGLDH4csib3g0VcwDBOm5YocXzx/OucRjmLb9rWBjizLQJakW92GqiJf2xr06sbTtDiOg66uj5S8hMNB8L32n/3OJxRFQZZFhEOhkXkqRVGIx6IIqio6mgbTML15HcdzkCVprBOl29U/OoFj3OO8jnar4zv3TAgEEI9HwU8opAzO2S3LGplvd7s6ul0d4VAQoigOrGkcmL3XnqZpsMx4pwdFwVvzOY4DyzLh2A4on7khVxsuEIjAcS22bSOXL6LZakORZUiS4NaEy5KnlDEM49WJr66m0eloqDeaqFbrnh3tJniOg6rKWFtz2w6aloWLywyCQRXRiFurnU4lUR1QgR8y9piF+KzuA9t2hgKE/NQo5vNF1Gp1RCNhOI6DRqM5tr3oh3MPj3WSQB/2iihiDrT5Oj/PIB6NQL3STUUIBHzt6N9H/+ur7V+9khTbdl0b9gfRwxM3+pkcS0R/7P33odsOtoODwyO02x3kC0U8e/p4OGRtKetg58fuziYajSbqjdtLMfpzq2nbyfoJr1tE0J1fgYZmGAiCgEaziWQyefsBPTiOgyiKaLdaiMViU4yUQCAQ7hZJEvHl8w8ih9UTOaYNbfRDvdEccTr02dne8DrfXcfuzvj8DcDdyJoX2WweG+trI8+JJIm+O9DwPDfxAt+2bWRz12fAzUJQVRAMqtA0DaVy1ZeI4lz7xWT4KbkWBHeuPKnQw7IMUqk4otHwxGuF21zm/Q2xKupgWdZ7/RwHH/I3aPrGvxlqILnE6XUbpHymmVwn5n3KEIHjFlqtNlqtNhiGgarIUBQJgiBAFFwnR99ORVGU94Em98Jrrvbnvko8HvXKUmzbRjaTx2Umj3q9CUWWvQ+7jfVVtF8f+bJhLSPjWrgyM6qOtm2Bpj+8jWmff+Tdrj62C8o4rnYwmcQtIl3Z5e1e2Tl4dfAWzz57PHFta7erj1j47qM3+mCJSj9I1HNqXP1/u99iy5ktc2XOuHbADkrlClLJODiOR6fTwcHrI69dr6Z1cfD6CM+f7X943j+SHZNWq40fv/gWsizhyaOdIQEhnU5OJHD0echPiV+RQ5FlFEsl2I7jS1BVVRX5fN5XCjuBQCDcJ5Ik4qsvnuHFy+88keMuTKPlcvVagSMSCWFtNX2t03B7ax3BoDL2Z8BkHesmJZsrgGEYhIIqOI5b+P6H4wC6YaBWqyObKy7kGpsba57A0W530J5zd7h5IYoCPnv6aOT7rVYb74/PhoQsiqIQi0aRTid93bd5nvNau7IsC0WRIYkCbNtBvdFEq9X2RI5Wqw2WDYKmqWHBhbq51Nm0LO/3r7YXJkwPETgmxLIsVGt1VGt1cBwLSRThODY4jsXqShrBoOq9KVVVAcMw0HX9RkdALBYBRVGwbQe5fBHnlxlYloVavYFsLo/NjTUArt0tmYxPbBtfVsYtxKcJZB3EsmwMlp4tsubyqsB029hVRR4JTKrWhkWvrq7jxctX2NpYQzIVvzYMrKNpyOeLaLc7+Ozp46GfzXM3YlKGXBteSUpf1MCosLFkK2DHcdBstnDw+gjdro5yuYr1tRUcn56PWB47HQ0Xl1ns7mze02gXR/95eHX4Fn/uB19634/HInj9xv/5/IoFrVZ7YnGvtYAErauZHJOMXZIkoFRCs9FAMDh+Aj4ORVGQz+fRajWhKOrtBxAIBMISIIrCkMhxF+QLJexsb1y7MNzd2UQsFkEmk/dahIpCAKsrqRvdfq1ebt680HUDZ2eXqAVVcDw3dt+9X27gTOBgpWnaLYtw3HXH1bmTAzd7ol5vLqQ8maZpL+tDliVIknSnAoebOTh9GafrwtVGxhwJh7C1uea7E00sGvGCYnmeH3JMBwI8OI5FtVp3RY5uF2pv09UVKqieg9m+dg5sWRYM3fB+LgjTdem7j1L1ZYcIHFNgGCZKnQqOjo4Qj0XBMCzaHQ2KLHuqsSSJSKeTePf+9No3dr/mqlgs4fTscujGkcnmEQmHoKoKKIrC2moK1Vp9IZP8u2JcKOeswTimZWFQQmCZxb2lW83h556/pdXY2tpwu+But4t6fXRX3LZtvD85w8nZBSKREBRZBssyXgp4tVb3HAWPH+0MHWua1khK9F0wGBxqOw7+p7/+Q/zt/+1f48U//I8BAH/0IoO/+NXK0DH7P/rdOx/nOPrOjYPXR14idqO3yKeo8Qvd7kAa9sdYonJV1JnF7uhH5CgUyxMLHIUJWgPOwqRjlmQZNEWh2Wz6EzhkGRRFod3uEIGDQCDcCfPKm7hrkcMwDGSzhaGOI1cJBdWR7na3cXZ+OevQRjAt61pXCEVR3j2u2WzduNnDMAxkSQTHc3AcB3rX3SS9yw2iq4IS7XPTkLr2i8kw9NneW4ZholKtDS34QyEVOzsbU22AchyL9V6MQLPVHhI4KIqCIktotzu9BhT6QOk6BZ7noWldWL2uiePodnUY5oe/Ub9lTX1MInCMQHwwU9K3GkdjcdRqDVxcZHFxkRlabEYioVvr6cqVKk7OLobaCQE9Vfgi471pA4EANtZWHnSdlWlZI3+Es7brMq90mGG5xT0/tXpj6MNNEAJDLWAHiYRDiF3pqFMeE1w6iG3bKJUqODk9x9G7ExyfnOMyk/PEDcD9oB6kfU99r11nhpuvYVs2/vJPrXv5Gr/0P/8J/uJXK/iZX/lD/N3f+wkA4Gd+5Q/vZZzjsCwLF5dZT9wYpJebCuAGHWPJ3CjzYF411RM9fwOcX/nMvI5mszXXgNHrmFS7kiQJDZ/tYt2JroJ26+4FSQKB8GlSKJbmdi5RFPDlF8/urDX98en5XDPG6vUGCoX5PR+T0Bct+qXrN/6eLEGSRHAcB57nva8/pZJGfYaukY4DtDsaarUPmYWqImN7c91Xq2Q/UBTtbaxalu3NgynqQ3c8x3HQ7eojuX2mafZEE3ddxLIsRB9tcgchDo5RiMAxBc1mA/V6HelUaugN3Gi2kMt/qImjafpGNa5cruDk9GLsQsv9eRXFgV3LeDyKWGyK/kFLhHlF+efY2T509JHz+RdMaJpGMhHD+loa8Vj02puJbdsjuSp7O5sjIlYwqODJ452hRaNlWTMv0JKJGMQr9rVqrT7TOafFEzdsG3/nl/8dAMD/+t/+BQDAWa6J/R/9Lv6vX/9ZFKquM8Awbw9kvSscx3VkUL26yOv+AZTXJnbR04v7ziZR1WHhzG8y+Tj6rdRu49Xh2xtFjn4JzV0xyZhlRYGmacPOnglQFMVtNfeRtP4mEAjLTb5Qwsnp+dzOJ4kCvvzi6cybU5NgmibeHZ/N5VyO4+Dwzbu5nMsPNN2zhVIUqGsEDpqmIUsiJFEYugFRNA1FliCJn47IMcvcw3FslEplTxQTRQFrayu+Op75v6YD0/rQKaf/OlEUBUEUPNdIq91Gs9nyyo50w0C11kB7wKETCqlTb2Ibc3JqfUyQEpUpKBaKEAQBqVRq5GeNK8F8N6mG2VzxxpITx3Fwfp5BKKhCFAVQFIWNtRU06k10tOUM/bmNjqYN5VIEhAAikRBYlgVD057SWW80J+pScvXDkOM4RMIhsCzjZqJQFEzDRL3RGGurTKcS2N7aGLpZdzQNh6/fjbyWAHB+kUUsGvHyVmRZwve/eo5KpQrdMBDgecTj0ZGQoLPzzLVC1qSspEetmsViZaZzToszkK3xH/35LXz+S7+Hb//RX0Wl2R0yOPQ/uAt5f7vdi6A/Fop2+9FPGuREgYIifyijsBfg4LiPTjjdrg6OY7G2msba6nA5VbE0n3KQSbqsaFoXP37xLdbXVpCIR7366VarjUKxfCfOjT6TdoWRpd4Ym00EopO3ulVVFZlMBq1mE+HIwxarCQTCw+D07BIXlzm35fmY+14iHh07v7gOSXS7q7x4+Wrh965croB4NIJoNDzTeY7encw8B1sENE17Tg3A3QTsd98zDAMcx0FWJDhw0OloS5dnNm9q9frUQdzdro5S2S0V4jgOqysphILqwqqKHcctPe+XgXEcN7SxGeB51+3ZaMI0LVSqddQbLVCU64K2LNNzfMiyNDTP9DcOZ2mDYO8TInBcge4ppqZlDZUG9CkVi9C6Xezu7Iw52rUoDXLTR1G7c30AaZ+OpuH8IoO93S3PEbK6msL747OJBIBlIBDgEQqqkCRxJJhTlkQ8f7Y/coxhmDh8fTS2Ew3LMAiFgr2uNcOOBoqi8Pzz0fPZto2T04uhxVIyGcejve2RD1JRELD/ZBd/9m9fjtxMms0WLi6z2Fhf9b7H8xxSqcS1j79YKs9c95lMxBC8UmtabzRv7QU/K5Zlj61b7Ds4/uv/5CsAwLf/6K8CAIq1Lv7uL/0UfrAXh2lN/v78tX/yZ3MZbz/X5iqOY6PVbkMUBbAMg+2tjanO3w/l9Hv929C7d6++R6Nh/Ls//MHI903Tmriz0KRM4uY4v8jcqZhxE7eNlw8EwHEcGs0moj4EDlEQwPMc2p0OETgIBMKdYVnWtZ2xarU6ut2ur/uiJIn48oun+PrlwcJFjleHb/G9L59N3So8ly/M/Z42LwQhALknbnS7OnTDgMq5WX7tVgeS7C6cFUWGYZhzc//1N3iWbR2h6wYazRaC6vVdcK4jmyvAsiwwDI10KoF4LLLQlsaGYaBSrXlzvgDPgaY/rHEYhkYoqMI0TXQ6Wq8D0WgpiSSJiEbCUzdJ6HZ1UqIyBiJwDMDzHMLhEFbSSWhaFycn59AGgjH1bheFYhHRaHTE0t1HFIcX3N3uBwtzuz1d7XW+UEI0Gkas11I2nUqgUqnNtdXVvKFpGpsbq4hGI5B67hM/uN1pUkMCRzqVQCqVgCJLvtso0TSNtdWUt4BiGQY7W9cndIuCgFQyjmyuMPKz45NzsCw70Y5HLl/Em7fvfY31KhzLjp143MUN+9lf+z38/t/7WTxZG84asS3XvbGVVLD/i78LOIAocfjVH/0Amm7h/3xxif/9Dw7w1fMU/vjlzYvW3/znL/FP/4/XM42Toig3EyWoot5ojoiThmHi5PQC4VAIDENPtTvgOA66uo7jk7PeNYd3+BVFRlBVUCiWfU9CuroOXTduzexZNLZt47tXr4c+t+bFQ9t4um28siSh6TOHAwAURUWturyf3QQC4dPj7DyDjtbF0yd7E98fZUm6E5HDtm18890hfvC9L3yXxtRqDbx5e7yYgc0BlmFg2zYM00Sj2QLLflgg64YOu+lAVdw5L8PQmIe+IYkiotEwHMdBqVQZWueM4PPG7Vz7xeSUylXfAodhmsgXir12sBGk04mZ2q3qhonLyyy6XR3RaBiqqsC27N7mno12R0Ol8iHMlKZpiKIwck2e55CIR3tNIjpwHNvbQGEYBqqi9DpvTj/Wh9x8YpEQgWMASRTxaHcLDMMgqCowTRP5fBGtdge2bSNfKIChaaTHlKYAH97IfUxz2AVSKU9XTtB3H6iKDJ7nXfFgcw3NVnsknHQZEIQAvvj86UiLVL9YA8ry82f7XuuqabEHWnSlUomhxeTFZRa6bmBrc91TfFVVGStwAMDbo2M0Gk2sra146nuf/i7/xWV25s4PNE3j6dNHCASGO7Y0Gk3k84vpgX6Vn//VP8S//K2fx3byww0nHJFQKjbx3/zWn3jf67QN/I//4E+Hjn3xTQ7/1Tc57+vAlRDYf/xHb/EP/uk3M4+R5zk8frSDUFBFp6PhxdffjbT17XQ0fP3NK+ztbkEIBHzZFm3HQbvVweu37z2XVv8m5ThuR53vffkMFEUhEg7h21f+BBvHcVAolkZKRe6SZrOFwzfvxjrX5sVtpR/Lxk0dYSRZRrVWQ7vddlvHToiiKCiXy9C0DgRhcbXBBAKB4IdisYyXhoFnnz0ZcdsOcnp2gY31VVAU9UHk+PrVQjs56LqBb787xJdfPJt4V77T0fDtq9dLXdbR0TRYtg1d12Ga5pDAAbglEBQAhmXm1hEnlYxjfX2lVwrill4vE9VKDcZq2peYlcnk4ThAOBTE+vrKje/fSSgUisjlC7BtB+VKFTRNg2UZOI5bUjz4nup3ynGjBEbPxbIs4rEoQkETpmnCdhwwNA2O42YSNgDXZd1a4JztIUMEjgE6moZWqwNVddv5ra6koCgyLjM5FApFOLaNtfV18DwPx3FA0zQ4loXtOAgEeETCIcQHBI5qtebt5GZzOfAzhDK1Wm1ksnlsbqyBotwMgZV0Aqdnl0v34Z2Ix2YWN0zTRCbjLowVRZ5Z3HAcB5eZDwvtQXW40Wzh3ftTAEAsFvF+dlvqci5fRC5fhKrIbvkNy8IwDNTrzZsV8QlhGAZP9/cQvtKpxXEcHJ/MLzRsEv7S3/x9HP7OL3hf/9+/+XN4+ov+277+Zz/zyPv/3/hnL/Hb/2x2cQP4UFoGuLZASRaHkrQB93lrtdr4+uWruVzTPaf7X1WRvV0vdQprJeDaK+9K4OjquhdK1Wp3kMsVUKs3bjlqdgY/qvy0k70vbsrk6NfLNhoNfwJH7zitoxGBg0AgLBW1WgM/efEtvnj+FAGeH/s7xVIFjUYLzz577IkcXzx/ipffHCxU5Gg0Wzh8c4TP9h/d+rumaeKbbw/v3LrPMgw4noNlWdcKEjzPgWFcwcItO7nO/eLeeLRuF5hjfIiiuvcgdy0x3XxlkXR1HZlsHuvrK6An3InqdnWEgio2Nlavfd/6geM4MDQD23ZfG9u2oeuj5Tz9LjmhoHJrQCjHsXMN53UcB7V6nZSnXAMROAbodnW8fXeM3Z1NKLIElmURVBWoiox4NIx4LAJRlGCaJizLcuviZAmGaSIWjQwt6jWt6+3+dzQNuVwOT588nml8F5c5RCNhbwG1tppGpVK7tq7yvripzVM/RLRfa2gYQUDP7QAAIABJREFUBnTdgGVZsG0bVs/+1Wg0vZuDoRuwbeda1V7Xe+fTDegD57NsG7Zlebvvg5knzIBK3l+Ysgwz9BpOKhw1mi00Jmh16YdEPIatzbWRkifAdZvcR/eU/R/9Lv7g138Wj1eDoCgMCR5+mae48YGB9PGF9z25cuXB5PMpL91ud6Bp3ZnFwUn4yYvvoOv6vYoMyy5uDDIuk4NmGAiCgGazOTZw+jrcXRvGdwcWAoFAuAs6HQ0/efEtnj/bvzb3olyp4rtXbzyRQ1FkfPH8Kb7+5mChC65isYwT8QJbm2vX/o7jOPj2u9dz2WjyS0AIQFUVGLoxdm7O8xxUVQHHcajX6mh3bnqu7uAmeduExeeEhrr2i8lxHNc1EY2EoSiTbR6sraZAUdTYOfM0RCNhWJYbDNput4dEKIqiemIFB0kUIEni1N1PZkHXjaEuLIRhiMBxhVarjcPX77C+lkYsGkEgwIOiKMTjMcTjsVuPdxwHmtbFxUXWs3pns1kwNI1wZLYUaMuycHJ6gaf7j8CyDBiGwdbmOl4dvr2XLgzXkc8XEY2EEQoq6HZ1tNsdNFttNJotNJst36FGXV3H+cUl0qkkTNNEu9NBq3++RmukFGES+n2nAUCRJXz15TNwHDvk2mjeU13bSjqJR3vbY39Wqdbu3L0xyM/9yh/iX/zGz2FvZXwGzST84z96uwBxY7mYthTjxctX+OGf+2qhLeHK5apX2vbQHBX3ybjnRpFlFEslWLYNxke9L8eyZNeFQCAsLbpu4Cdff4dnnz1GJDzeQVuuVPHq4C0+e/rIEzmef76Pr1++Wuii6/TsArIkDjmmB3n95t29bfzZtg3HtsHxHFRVHurcwrEMRFEEx3FulsOtz9FdbNTcMoZ7yOAA3A3nfKGIQGB1IteDJM3XDcmyDFLJBMKhIDStC90w0Olo0A3Dc++76zB2YV1absKy3I3g690/BCJwjEHXdbx7f4p6o4lkIgaGpiGIAniOGxtaY9u2l46raTouLrNe6EulUkG9XkcqlQJF0cOT2in++CvVGgrFEpIJV2xRVRmxaBi5CfIYbMf2rr/IybXjOHh18Gau5zw5vcDJ6cXcztdsNofyUq4GGuk9i9x90A+TvUq1Vsd3r97cu1r7V/7WH0zt3vjNf/5yLpkb43AcGwANgJopXGoa6IE6Srd97nTn0XX382N9bWVOIxvGMEy8Onw79mdE3LidqyKQ0Nst0rtdiOLkEyyGYWCapG89gUBYXmzbxrffvcbjR9tIJcd3iiuVK0MiR1BVIEniwoMPD98cuW4JZbi15vlFBvlCaaHXvglN64JlWUii4GbmUR/mBpIkgeVYOLaNTrszQZj3Ym7KgxuiVxfIjuP0OpG4joSrG4jmwO/3ndfXnnuGjVfbtlGuVCGKbuD/Xc/pAICmXUeIIAqA46DZaqPVai90A2oSHMdBs9VCi7g3boQIHDdQLJbx4x//BMGgii+eP4ciSwgIgZGaME3reo6CVqvtveEs20Ymm4UkiYhEItB1fSh0ctpaxZPTi6E/sEkn1q1W27v+srWGumuy2QJWV9Ij4Z2A2/rp8PW7ubXj8ku90RjKHLFtGxeXWZycXizNh9n+j34X/91/8UP84s/sTXzMr/2TP5u5W8p12LaDjtaFqrBua65QcKh91yKhaXpoh2tcSKcfR8f74zMEAoEhAW4eGKaJl98eTPS3/9DCQO+Kq5kcLOveQv066FiWRfce7NMEAoHgB8dx8PrNe2haF1ub63AcZyTcvlSu4NtXr/Fod9ttX38H7lfbdvDtd4f4/lfPvXlcuVzF++OzhV/7Jvoh8xRFQRQEsAPuA0/c6GhoDqwVrmcxC+lSuereuxygUqkN/cxtqFCCKAput5DW8Hym1W6jUqmBoil02trIY6hUqhACgd51pmus0McwTGSyeYiCgFA4eMeFxx+gAICiQPX+3TedjoZarfFRu0ANw0C1WkGr1Ua324XjOOB5DrKsIBQKTpRfRv3Jv/pTMoW9hmqlgmwuh431dUSj/hcbl5eXKBSL2Nra8rW7R7gbQkEVjx7tQOrtwhqGiUqlipOziyFb4X2wsb6CYFCFrhvIZPNozjnj4yq//PePFnr+Wfjtv3G7iMJxHHa3N5BMxgG4Owv5fAnlatVb0Du2q8DPclNgWdarCaV6TpFIOIRU6sMOw/l5Bu9PZptk0TSFp/uPrnXz+MUwTBy8fotqdfLslvsoWXlIZTIU5dq4j46OsLmxgUhk8tfq/OIc1WoNjx/PlstEmJyH9N4iEJaRfjtLP/eRRcPzPFbSCViWjctMdqhb3n3Sd7MIggCqlx/n2DY6moZGo3WtuNFvWOD8/+zdW28ra3on9n8dWTyKOktLWnvt3bvHAxvjGE6CRsZIENiAgXwF3xj2xQBzO0DaMBq+mAujL/wl7Dt/gsFcJUiQiZNsz7iTscfddndvdy8deJJISTwVq+p931wUSRXPVSVSoqT/DyD2WiSrWNLSFln/et7nUUDj5nZjFyNz2SwUFPp9d+YxwzCQydgIgmBuo1TbtmGaBlx3MPf4Rp+pe3P2nUapWMBXX30RTilZyx7TGVVwvCTP89G4uY1R/fN6jc69AWCnVIKTzUJD2Gy3/fAAISX29/dweHi0dD+s4FhACoHGzQ2KxWKqcKPb66Fxc4O9vT2GG1vq/qGN//Q3/xn5fA5KqY2Ox0zq4rICoPLSh/FqBEGAaq2B3d2dcRPH09MjnJ5O/gLsuy7+y9//49w39WU0TUMhH3aKX9ZMyh0MJqb1LN5f+N9FJ1xSKvz9j3+Kr7/zCacnR0+6auAOBvj7H/808RtzdAzuc1k2tWQbLSrjXcUyrTd99YWI3p72ljW0B8JlnetcvrwuSqmwD4j2OJFv4PlLww0g7A83GHhhj44NVlpHm+5PE0Is/TzseR6W9cheV7Ax8tDu4J9+8RlffDxDIZ/biiqK5zYa0NBs3b3pcOOm0cDN7S3K5TJOT09gW5NV9kJK1Go1NBoNiEDg5HTxcm4GHAvUGw0IIXC65Ju3TOX6GpZl4fBw/rpF2h4vncjS040+TPz4H36O7379CbkFoaJpmMjlsokDDgDIF/ILww01XJ/5D//481jTMeZN5Zjn59/+EtVqHb/xX/1a4i7dUkpcX9fwi8+XT1qq8xJXvrc92ADCY9R1HYauJw4rjOHSFhEE4z8TEdHboZTCw0MHTiYDhfAEddV7cTi5437pc96jh4cOfvazX+Djxw/YLZdeZGrJS5FSodfrodm636qBEuvW6bRxc3uLg/19nJ3Nn5Jk6Do+nJ7CNE1UKhU4joPygupZfrKao9ft4u7uDsfHx8g6yUcONW5u0O31cHp6+i6TRqKXoJTC/f0D/vPf/gQfTo+xWy4hH0n7pVS4u7vHfYoRu0optJp3uDt4wE7pcYKMlBLtThet1j2urquJgoS4T+32+vi//p+/QT6fw1dffkR5p7T0+X4Q4OLiGtVa48lVAi8dNGz7sgJNC8fFJu3XM+rdIYRgwEFE9EYppdB311vR8F65gwF+8csL9HoH2N/bRS7nvOlzLKXCXhTdbg/3D+033zvx9rYJx3EWhhtRR4eH6HW7qNfr2CmX5/4c8JPVHPVGA04mg5Pj48Tb+r6PWrWKQqGAnZ35o7WIaHN838cvP1/il5/Xu9+B5+Fv/+4n691pTKPGZX/7dz+BZZqwMzYs04Rlh6WvUkp4ng/f92NdJUqLfTlmGaaZqskoEC6tsocN2YiIiGixUePRh3YHe7s72N/fg21bL9qbYxOCIECn20NvOG1nWwYMbIo3GKDf78cKN0YODg9x//CAdruNUmn2wh8DjinNZhOu6+LTp0+ptq/WahBS4vDgYM1HRkQUVmg8ZfzaU0TfY58jeHju10tKKcA0jPQBB/twEBERxSalRLvdQb/fR7N1j/JOETulsGJX119v1DHqs9F3XfR7Ljzff/NVGyP9YU+YQqEQe5tCPg9d0+C6LgOOVXzfR6PRQHlnB+UU1RftdhvNZhOHBwfIpFjaQvRS4kwqIYpiX46QaRjwvGRTl8zh+mE2GiUiIkouCATa7Q46nS6uK3UYhoGdnSIK+RwyGRu2bSNj2zBMY+sqPKSUCAKBIAiGjWUH6LsupJRQCm++YmOaGAY51rAhb1yGaS4MgRhwRNSGY2mWdWVd5rpSQca2sc/qDSKijdmmKSuGaSDwk1dwaJoG8YYbhhEREW2aUgpCCAgh0GjcotG4felDooSCIIAxbNqehAgC6Au2SbanN+z25gadTgdnZx+Qse3VG0yp1WpwXRcHnJpCRLRR2xBsjJimBanU+ApE/O2S9+4gIiIiektEEIyX7sbeRkpIpRZux4AD4Wiaxs0N9vf3sL+3n3h7dzBAtVZDqVRCsVhcvQERET3JtoQco6sHScMKwzDYg4OIiIjetXCiXLLRv6PPXIuqPt59wCGCANVqDblcFudn56n2Ua1UoGkajo6O1nx0RESPNO1xecY2eu7j24bvxbifRopGo+zBQURERO9ZIARMM1n/jdFnLlZwLFCpViGEwPn5x1Tbt+7ucP/wgMPDw8TlNURESYTNp176KBaLHt9zhA/TU1ZeQnTka9LthOASFSIiInq/hBCJz6EDBhyL3TQa6HQ6OD87QzbF1BOlFGrVKhzHwd7e3gaOkIhosW2u6FDqeY/tpYIfY/jm6gd+ou0s04QIWMFBRERE71eQogfH6DOXwYBjUrvdxs3tLQ7291OHE9VaDQPPwxEbixLRC3gNFR3A8wUxLxH2GMMlKmkmqQgp3904OCIiIiIAw9G4avxZKq7RZ65F273LgMP3fVQrFeRzOZydnaXaR6fbRb1eR7lcRi6fX/MREhElt60VHc8ZxDz3169pGgxdT9xPI+3SFiIiIqK3YPQZyEo6RUUIGLoObcGHvncZcFQq1wCA84/p+m4EQuDy4gIZ22ZjUSLaGtte0bFpL/X1m6YJP0UPDgDsw0FERETv0ujiUPIlKsuXtby7gKNer6PX6+Ps/BxOJpNqH1eXlxh4Hk5OT8cjAomIts02VnM8p+f6+nXDSNVkFAD7cBAREdG7tKpZ6LLt9CXLWt7V2fn93R2azSaOjo6wWy6n2ke9Xsfd/T2Oj4+RzWbXfIREROuzDVNGXtJz9QAx0gQcFpeoEBER0fs1GvdqmAl7cLCCIzRwXVRrNRSLRZyenKTaR7vTQaVaxU6phN3d3TUfIRHR5jz3VJM4nqtnyKaXrYQjX9P14BBSbuKQiIiIiLba6DOQaVqJtguCYGlj0ncRcCilUKlWYZomPp6fp9pHIASuLi/hZDI4OT1d8xESEW3etlV0RHtmbPp4NhnwmCkqOHRNh6HrrOAgIiKid2kUVOgJP6AFQbC0Mem7CDiqlQpc18X52RksK1lCNDLqu3F8crKwYysR0WuxbRUdz3U8m3gN0zShlEKQsIrDMM1xeSYRERHReyKESDxBZXRh6F1XcLRaLdw/PODk+BilUinVPth3g4jeom2s6AA2t3RlUxUjo0ZXyRuNJq/8ICIiInoLxIqlJvP4474d77SCo9froVarobyzg+Pj41T7aLfb7LtBRG/eNo2XfY5xr+vcv5k64LDYg4OIiIjeJSFEqgkqwPLJK2824JBSolqtwMlkcP7xY6p9+L6Py6tLOI7DvhtE9G48V/PPbfHUr3f0JptmVOxom/f0/SYiIiIKhBhPlYu9zXteolKpVOB5Ps4/foShp/syL6+u4Hk+Tk6O2XeDiN6N56ig2CZP/VqNlBUclmWNp6+8p+83ERERUTjuNfkEFeAdVnDc3t6i3W7j7OwM+Vwu1T6qtRoeHh5wenICx2HfDSJ6v95DRcdTAoZRD46kDUMNw4BSCnIYcrz17zERERERgPFnn6Q9OIQQ0DQN+pIChjcXcHQ6bTQaDezt7eFgfz/VPu7u71Gr1bC7u4udcnnNR0hE9LpsS0XHpoOWtPvWNA1GilGx85a2MOQgIiKity5OJcb87fyV27ypgCMIAlSrNWSzWXw8P0+1D3cwwOXlJbLZbOrGpEREb9lLVXRsagpKdP8jSfdvRfppxDVaPimVHL/+Jr8+IiIiom0QDCs4kgYcvr968sqbCjgq19cQQuBjyqaiAHB1eQkohVM2FSUimmsbKjqU2mwIkPjr0zTINX5TXvr7S0RERLQpImXAEQT+eHrdIm8m4Gg06uj2evh4fo6s46Tax/X1NTrdLo5PTmDb9pqPkIiI1ila7bCJsOOlqyhe+vWJiIiINmHUt2xVWDG7nXgfFRz39/e4vW3i8PAQu7u7qfbRbDbRuLnB/v4eSqXSmo+QiIg2ZZMVJQwZiIiIiNYrfQVHsHK0bLI9biFvMECtWkWhUMCHlMtK+v0+Lq+uUMjncXh4tOYjJCKi1+ill4lM9+N46eMhIiIiWgc/CGCaJrQEV5KElBBSwjDeeMBxXalA03Wcp2wqCgAXl5cwDIN9N4iIaCFNe5mQYdP9RoiIiIiekxAiVfUGANze3KDX6yGfzyObdeA42YnnveqAo1qtwnVdfPnlJ2RS9sy4uLxEv9/H+fkZjITfZCIiej9esqKC1RtERET0VggRJO6/YVkWvvjiC3S7HXS7PdRqNQCArmnI5fPjwOPVntHftVq4u7vDyfExdko7qfbRuLlBsxn27igUims+QiIiekmbCiJeqqLipSpIiIiIiNZJCgnbSVagoGsadstl7JbLAADf99HpdmcCj1cZcLhuH9VaDTulEo6Pj1Pto9Pt4vr6GsViEfv7+2s+QiIimvbcJ+jR11r3a7/UUhWAPTmIiIjodfN9H4VC4Un7sCxrbuDx6qaoKKVQrVSRse3UfTcCIXB1eYmMbbPvBhHRM3qpXhKbqLrY1HjaVRhsEBER0WullIKQMnEPjlVGgcerCzgqlQrcwQBn5+epvylXl5dwBwMcn5xA11/dt4CI6FXa5DjXuK8PrC+YmPh6njnpYMhBREREr5W+wc9Nr+rsvtls4uHhAaenpyimLGmp1Wq4u7/HyfExcrncmo+QiIjieskKiLUHBC+QOHCyChEREb02mqbBMM3xVJR1ezU9OLqdDur1OnZ3d3F0eJhqHw8PD6jWaijv7KC8u7vmIyQioiRYhfB00ZCD308iIiJ6DQzDwMDzNrLvV1HBIYIAlWoVjuPgY8q+G57v4fLqCo7j4IR9N4iIts5LVXSsgxCCSx6JiIiIYijv7KDdbuPu/n7t+34Vn8YqlQqCIMDH83NoKT/9Xl5ewfd9nJ6crPnoiIhoHV66R0davu/D933k8/lE241KMw0jXTHl6Pv1Gr9nRERE9H7tlMtwHAc3jQbcwWCt+976gOOm0UCn28X5+VnqnhmVahXtdhunJyfIOM6ajzAepdRGb0REb81zV3OkrSDp9XoAkDjgGHgedE2DZVnJX3QK3waIiIjotdA0DYcHBxh4Hj5//gzf99e2760OONrtNm5ub3Gwv4/9vf1U+2jd3aFer2Nvbw87wxm5m/RSAQSDDyJ6a6K/wp4j7IhWQyR5vX6/D8MwkE0YoHc7HTjZ9YXur3V5DxEREb0/+UIBHz58gO/76Pf7a9vv1gYcnuehWqkgn8vh7Ows1T7cwQBXl5fI5bI4Ojpa8xGGtj1Q2PbjIyKKQ6nnPYFP8npuv5+4ekMphV6/j1x2vdO8GHIQERHRa5HL5XCwvztzwafd6eD6+hp39/eJp61s7RSVarUCADj/+DH1Pi4vLgAAp6cf1nJMAF59SDB9/Gl7mhARPbfpio5N/zqeruaY93reYAB3MEA5YYVgr9+HUmqtFRzP/f0hIiIieiohBGzLnrjPdfu4vb1F4+YGAOA4DoqFAnL5PAr5PExzcYyxlQFHvV5Hr9fHp0+f4GQyqfZxdXWFbq+Hs7OzJ69vfq5QY9HrbDKEiL4mww4iei1GFRbP8et52Ws0m00AwN7eXqJ9djsdAFh7BccIww0iIiJ6DfQ5p6AaFL773a8x8MLlK71uF81mM1bgsXUBx/3dHZrNJo6OjlDe2Um1j9vm7bh3R7FYTLWPdYYaT91X3O2fGlAw7CCi1+SlKxYGrou7+3scHh4mDtJ7vR6cTAa6YWzo6FjFQURERNtNKQldn40kROBDN0xksyay2ez4QlK/318ZeGxVwOG6fVSqVRSLxdTjXHu9Hi4vr1AoFHBweJh4++cKIzZh3munDSpG+2LQQUSvwXNWdIw0m01omoajFO813V4PhUJhA0c1iSEHERERbasg8OdeJJILPrxks9mVgcfWBBxKKVSrNViWhY/n56n3cXF5CcuyEgckaYOJVNut69NmjPDhqT03GHQQ0WsRp2fGugxcF/cPDzg6Olq6DnSeXq+HIAjGU1c2dbwvXeFCREREtEzgB7DsyYAjEAK6Hq/CdV7gsTUBR7VSgeu6+M5XX6XumXFxeQnXdfHx/BxGjA+cacKJ2Nu89MLwBYFE2sCDy1eI6LV4jl+/t80mdE3D0VHy6o27+3tomobScBnmc0+IISIiItoGQeDDyWZn7jNSLuHNZrPbEXC0Wi3cPzzg9OQkdc+MeqOBVquFo6Mj5FeU/SYNNmI9P+Y+172EZWHYMP06MQKPpGEHgw4ieg3WXSHhun08PDzg+PgYRswrDCO+76PRaGB3d3fid+hzTYQhIiIi2hZCiJniBt/3YJrph4S8eMDR6/VQq9VQ3tnB0dFRqn20Ox1UKhWUSqWVneyTBAxLn7tiP1s3eSVG4JE0uFBKMeQgoq237l/HNze3MHQdBwcHibcdNcOa91616aU1XKZCRERE20RJMXOxKPB8WCknqQIvHHBIIVCtVuBkMjj/+DHVPgIhcHV5CSeTwcmSvhtxA4e0ocaq/W/6M+V0zLByKcr04uwF264KMFjNQUSvzVOChNubG3Q6HZydncFMWD4Zrd6YtxRz0z0znrNHCREREdEq884hfd9HNp9Pvc8XDTiuKxV4no/vfve7MHQ91T4uLy4w8Dx8+eUn6HP2salgY9nzFz2yqaoOTdPmvmb0x2Vp4DH9qXfOdgw6iOitSPuruNNpo3Fzg/39PRzs7yfeflS9sbu7u/K5mwwf2PODiIiIXpoUAYw5S1GkFNC0dNkA8IIBR/QqWD6XS7WPWq2G+4cHnBwfw3Emm5M8OdhIEGrMu3dpALKmT66jMGHReNjpexcFHtq8y3kLqjoYdBDRWxOnosH3fVQqVeRyWZyfJZ/0NareKJfLsG075ZGuD6s3iIiI6CUF/vwRsU89V36RgOOpV8EA4P7hHtVaDeVyGeWpq2FxvilPDTam75n7nCf08FhJ05b235hXsRG9Z17YEaeqI0nQwZCDiF6DOBUN1UoFUkqcn6dbTrms98ZLYU8OIiIieilBEMBxnIn7fN+DYTwtonj2gGN0FSybTXcVDAA838Pl5RUcx5nou7HOYGNVqDH9+Nz9Lj2eJ36qXJadxNk+8ml+9KelVR0pgg5WcxDRa7Hs13W9Xke318MXHz8iO/VGHMe2VW+MsCcHERERvRTf91GYmqC6qKojiWcPOCqVa0gp8TFlU1EAuLi4hBQCp+ePAUnqcGNFULGsUmNmfzP7n/y7bhgwDR2GrkM3NOiaDt3QoWsaNA3QNH3mKqJSgFISSgFSKUghIZWEFApCSgRCQgqx7GVnqj2iFR6LKjtmwoklQQerOYjorbq/v0ez2cTh4WGs3hnzRKs3nlI1samKC/bkICIioucmZQDLmrzw4/keTPMVVXDU63X0ev3UV8GAsDFpp9PB6ekpMsN9rJxg8sRgI36o8fhn3TBgmeHNHN7SGAUfAGAAwIL9BIFAEAj4w9tE6DGRYKxY2jL682jTGEFH3GoOhhxE9Jp4gwFq1SoK+Tw+nJ6m2oc7GExUb0R/hSYNKzZZccHqDSIiInpe8yeo5POFJ+312QKOdVwFa7VaaDQa2Nvbw87OTrqqjXUEG3NCDU3XYVsmLMuEbZlzJ7ps0ihEGcVGUkp4fgDfD+D5AkrK6OGGpis55lR1JA06uGSFiN6KSrUKTddTjzEHgKvLSxi6jqPDw4n7nxIoMIwgIiKi10xKCX1Or40gCOben8SzBBwD10W1WkWhUHjSVbDLy0vkczkcHR09uWojTrARL9SwkLEt2PaLTtydoes6nIwNJxOW/XhegIHnw/ODuWHH3DGzcYMOVnMQ0RtTrVbR7/fx6dMnZFL2zbi+vkan28WHDx+gG4ur+NJWZKx7yQqbjhIREdFzCAIftj1vgop88r6f5ay8Uq3CMAycn6drKgoAFxefoek6Tk5Pk4cbS6o24gcbj/dZlgknYyOTeVoDlOdk2+Y4hBkMfLgDD74fPD5hnGQsn8ASDTqeWs3BkIOIttFdq4W7uzscHx+jvLOTah/NZnM8LaxUKi197lN6YDDkICIiotcm8D3YdmbyviCArqdr6xC18YCjWq3CdV18+WX6q2CXV5fo9fo4Pz9b2nQkSdVG0mBDKSCXzcDJ2jCeefnJumUyFjIZC0JKuH0Pvf4Amjb8ehMEHU+t5mDIQUTbxnX7qNZqKJVKODk+TrWPfr+Pi8tLFPJ5HB4exdpm9OszSbgQfe46gol174+IiIhoHiEEzKlpKX7w9AajwIYDjtFVsJPjY+yU0l0Fu7m9xe1tE4cHB0sbjqSp2ohVsaFpyDoZZB0buv62TsYNXUc+7yCbzaDveui7g8evP0bQsY5qDoYcRLQtlFKoVmuwbQvnZ2ep9/H54gKmaeI0xZLMtMFCmoBk1f6IiIiINiHwfdhTE1QC7+kjYoENBhz9fngVbKdUwnHKq2C9Xg9XV1coFArY299f+Lxl4cayYGPizzNLUTRksxnkc5OlM2+RrmvI58KvtdsboN8fYPx9mAo6os1IRyFG3GoOhhxEtM1qw4rD73z1Veo32IvLS7iui4/n5zASXoVYVwXGuqassIqDiIiINmX6/M/wwSmcAAAgAElEQVTzPWSzuSfvdyMBh5QStWoVGdtO3X1eKoWLy0vYtoXTk5OFz0sbbiwKNpRSyGUdZLP2s09C2Qb5XAZZx0K/76HXdx8zipm8IxJ4YEk1B0MOInoFWq0W7u7vcXpygmKxmGofjZsGWq0Wjo+PkS88bcQZ8PRqjnVgyEFERETrpJSa22sjCHwY5pZWcFSrVbiDAb7++muYSzrHL3NxcTG+Crao+/yiKSdpgw3btpDPOTDNpzc3ec304dKVTMZCt+fC8/yFQcfYomqOqUuKDDmIaNv0ul3UajWUy2UcHcXrmTGt3eng+rqCnVIp9Sj0aU/pibGOUII9OYiIiGjdgmD+UhQpnj5BBQDWXqJwe3uLh4cHnJ6eopDPp9pHvV7H3d0djo6OkJuzD6XUWsMNaBqKxRx2Svl3H25EmaaBnVIexWIOswnH5Pd0/N/I9sv+jRZNwlk1IYeIaJ2klKjWqnAcJ/WkryAIcHl5ASeTwUmk74amra+SIs2vxnXmxfzVTEREROsQBD7MqRGxQoq1rZ5Ya8DR7XTQaDSwu7uLo8PDVPtodzqoVKsoLbgK9qQlKaMbwptSCpZtYq9cgJNJN+HlPXAyNvbKBVi2Ofx+Dm/D72eakGPmsRj3ExGtW6VSgef5OD8/Tz0h6+LyEp7n4+T0ZKIKbfyWg/WGDXGDk+kKDCIiIqKXFngerKkGo77vz0xVSWttS1REEKBSDa+CfXziVbCMbeNkTt+NOOFGnKqN0X35fBa57NtvIroOuq5jp5hHzxyg2+0DGH1gDuuWVy1ZSdqXg8tViGjTbm9u0G63cXZ2hnwuXVOraq0WVi2enMBxsguft84pJ2l6bKzjdblMhYiIiJ5KCDEbcHiDxM3ZF1lLBYdSClfXVwiCAF98/Jj6xPTi8hKDgYeT09OZfTw93His2jAMA7vlIsONFHLZDHbLRRiGMVvNgcVLVljJQUTbpNNpo3Fzg/39PRwsmdK1zN39PWq1Gvb29rBTLq98/jorKtKEHOt4zdF+mD8TERFRGlLJmarZwA9mQo+0EsUkIgjgui6CIIBSCkIIBELAdV30+3188fEjstnFV7CWqdZquL+/x8nJCRzHmXhsPeFGeF8mY6FUTNcbhEKmaWBvt4iHdheDgT8Mo1T4bZ4aJxudssJKDiLaBkEQoFqtIZvN4vwsXcWhOxjg8uICuVw2VWPSdVV0JN3HOl5znVNaiIiI6D1Rc3tteL6HbP7pE+iAGAGHNxig3W6j3W7DHQxmd2CaMA0DX335JUqlUqqDuH+4R7Vaxe7uLspTV8FShxtzlqTksg7y+cnwhNIrFfPo6i56fRfA8ANvZMoKQw4i2kbVahVCCHznO99JvY/LiwtA03B6+iH1Pp46pWTTz3+ufREREdH7EAQBrDmjYJUUazvfWxhw9Lpd3N7eotvrAQAK+TxO9/aQy+VgWRYMw0g9AjZq4Hm4+HyBbDaL4+Pj5U9eEW4s6rehAJQKOTgOG4muWz7vwDB0PHR6gFIL+3LEDTkWYchBROtwf3eHTqeDDx8+IOukC7yvrq7Q7fVwfn42d8xZGuuo6Hjuag725CAiIqIkwhGxk+fkUo3OEtdjbsBRub7G/cMDMraNDx8+YGenBHtNa2KmXXz+DKUUTlc1FU0UbjxWcigAO8UcMpySsjGOY0PTgPt2NOTAxJIVIF7IsSzIYMhBRE8hhUC9XkehUMDhwUGqfdzc3uLm9haHBwcoFIprPb51VnTE2X56wkva10u7PREREb0vge8jl59sF+H73toajAJzAo5Go477hwecnp6mHvUa1/X1NTrdLj58+AA7M9nwc13hRrlUgG2v7xtG82UyNsqajruHzjDkmO3LATw95CAiSqtWq0FIiQ8f0i0r6fZ6uLq6QqFQwH7KgCSudfTJSPLcp/zKZU8OIiIiWsRzu+E5oa4j8D1Y5u7E44HvwdxUwHHXauH2tomjo6ONhxutVgv1RgP7+/szvTsYbrxOtm2iXCpsNORg+EFEaTw8POD+4QEnx8eplqYIKXF5EY4x/3B6uoEjXOypFRJxtn/qEhlWbxAREdE8MhAYeH0AQOCLmTDD8zzIIIDndqFpOnTdgKbr0HQj1XnfeO9BEKDRaKBYLM5dLrJOfdfF54sLFPJ5HE4FKQw3XjeGHES0bZRSaDQayOVi9Hpa4PLiAu5ggE+fPkFfQ/+pJJ5z6slTQg725CAiIqJpUorxn+ctRfH9ABAD9IU385imaTB0E5oeBh+6rg/Dj1EQMhuCjF+hXq8/qXQ3ic+fP8MwDJxMXQWbmZgydX+SnhsMN16ObZvYKeYiPTkShhwRDDmI6Knq9Tp838enT59SbV+r1XB3fx9Wf6Qchb5OaSo64lRoPLUHCBEREdE0IcKAQykF08rMPB4EPkx9cQ/GQPiAmPswgMkQRNP0MOB4eHjAw8MDTk9O4GRmX3Sdfvn5M/r9Ps7Pz5evtYmOfMVkuDH5nMlwo5jPsqHoFshkbBSlQrvbnxtyAI8hxUzIwQXdRLQmnU4brVYLR0dHyOdyibdvt9uo1moo7+ygvLu7eoNn8ByTT1jFQUREROsg1TDgkAqWPXuermSAjFOAVBJQClJKKCUhoWJ9qJgOQUwpZdhVPp/H0dHRWr+YaZ8vLtBqtXB8fIxCoTBzYJG/zN4X+btSam64kc86yGY3G9BQfNlsBlIqdPvuTMgR5hzaTCXGvJCDVRxElNZN4waO46ReenldqcDJZGYqDrdJ3IqOTfbwmH6cQQcRERFFl6coKNjmZMDh+x5M04JpWXO3D0/7JVQ09JBhCCKVAIY5QJRZr9UQBAFOv/xyzV9O9MB9fP78Ge1OB0dHR9idugq2qO/G+C7MCzcet1UAMraFfD554zjarHzeQSAEBp4fCTkw/mEchRzQtNnpxww5iOgJ6vU63MEA3/nqq1TbV6pVuK6Lj+fnaz6y9Upb9JakmiPp/hluEBERkRKRgEMBpjW5gsP3fRj64lUdmgZomg7o+uLXUCoMQYbVH/poXXEuReluHP1+H99+++14HOze3l6s7aaXpkTvG/5tHG4Yho6d0uQ8XdoeO6U8DEOPBFWzzWMRuXdRLxYiorh6vR6azSYODw5QLBYTb9/t9VCv17G7u4v8VMXhNkrza3O64mLd+2f2TERE9L6JaMABwLJmKzgM82nN2zVNg64bMAwTlmVDz2bTd5Vfpd5o4Gc/+xmElPjiiy9mxsECy5emLGsqOgo3lFIoFTYTztD6lAq5iX8zRNZURf99Z0KOOZN0pjEQIaJp9XodGdvGacqlJZXra1iWtfGlm9sizq/RtFUiRERE9D4pGYz/rM+p1PA8D+aap9OZT52aEggBIQSkEAiEQBAE6HW76HS7cF0XxWIRR0dHcxuKrlqaMv85j+EGABQLOVgWJ6ZsO8syUSzk0On2w387pTBqybFqGUqcpSpERCM3jQZc18WXX35K9fuiXq+j2+vh7OzsXf6+WdRzI2mPDfbkICIiet/EqAeHAkxzts+GCHzoznrbTJiFfPKlHe5ggH/6p2/hef7cxw3DQC6Xw8HBPgqFYqIr7NEr+Yuaio7YtoUcm4q+GrlsBp4fTP3czDYdHfXjSBJmMPggIgAYuC5ubm+xt7eHndJO4u37rotKtYqdUinV0pa3IE7PjaRhBcMNIiKi90cJCQCQUsLJzgYcUq7/A0Kq0ofr62uIQODw4AC6YUDXdRiGDsMwYeg67BijZuMsTRnfN6epqAagVMimOXx6QaVCFrdNP1LFMdt0FMDS0bEMM4hokVq9BtM00y9NqVRg6Pq7WZqyyOhX7rJgImlVBqs4iIiI3hcxXKKiMDsiNgh86Pr6z+kSBxw3t7dot9s4OT5GeWoayjzzqjfiLk1Z1FRUKYViMQd9STdV2k66rqNQyOKh3Rt/2g2zisfwAkCqpSoMPojet1arhV6vjy8+fky1nnP0/nZ6cgJjzrLK94ghBxEREaUxmmwS/hmwppaorJqgklaihGDgeahcX6NQKKQON1Y9N7o0ZfgApvtuZCwLWYdLU16rrJNBZjjreF7TUQAT/95pfo6I6H3xPA+1Wg3lnZ2ZUeRxRN/fdsrlDRzh6zNVQJn48UXPD0e+Pf34iIiIaHtFR8RKqeZOUDGfOEFlnkQBR7VSgVTqSaW7aZemRO8vcGnKq1coZOeHEVOVO2mmqhDR+1Ov1WDoOk4/pFuaUq1UoICNTRXbRkmDhlXPjbsv/uomIiJ6+8YNRgHopjlTae/7Pgxj/SsyYu+x2Wzi7v4ex8fHsKfWz8yT9uRzdrvJpSm5bGYjSQ89L9M0kMtmZkfHRqzvZ4iI3rK7Vgudbhcnp6ewrdXvT9NarRbu7u9xdHQEy5ptgPVWpanAGFm0inD02LqblBIREdHrMq7gUIBpzH6+CgIfhvFCS1SCIMB1pYJ8Lpeq9HckefXG5GOapiGfW+8YGXo5+Zwz0VQUoz+xioOIYgqCAPV6HaVSCQf7+6m2v65UkMtln/T+9hYkqehYtXQl7usRERHR2ySGAYdScu4FJBGImfvWIVbAcV2pQAix8dLd2caik6Ni81mHjUXfEF3Xkc86k+OAI+b9PBARRdVqNUil0k9NqVYRBAFOjk/WfGSvT9KKjpF5wUiSUbPsyUFERPT2qOESFakULHsy4AiE2Nh7/8q04Ob2Fq1WC0dHR7HGvwLxJ6fMq954fHxyaYqmacjn32b1xl/8xV+89CG8mHw+rOKYWaoyHXaM/huzioPBCNHbd39/H049OT2FE/P9aWL7h3s0m00cHh7Gfn97T+IGD6umrDxleyIiInqdHis4ANOaHhHrbWR5CrAi4Oj1eri6ukKxWMTe3t5GDmBk1dX6fPbthRu+7+P73/8+/vzP/xzf//734fv+Sx/Si1j2b8sqDiKaRwqBer2OQj6Po8PD5Nsrhcp1BY7jYD/F0pb3IElFx7yKjej27MlBRET0fiilINWwgkPK2QkqngfT2ExfzYUBh1IKF5eXsG0rUenvRqo3oCGbfVtX13zfxw9+8AN88803AIBvvvkGP/jBD95lyJHNZqCBVRxEFF+9XocQAh8+fEi1fbVSwcDznjQV7L2JU42x6Dlxfh1zmQoREW0Tz+0j8FzIIICSgucWCajoBBXDgDHVZiKcoPLMAcfF5SVc18XJ8cnG+16sukrvOBZ0/e188pkON0bea8ih6xocZ/HkAlZxEFFUp9PG3f09To6Pkc0mHxve7nTQuLnB/v4ecrncBo7wbYozReUpv6rZk4OIiLZJ4A/Q7dyj/XCLh7sbPLTqaLca6N430Wvfod95wKDXgef2IXwPMvAhpcCcS/jvjpJy+F8F05wtVPB9H/qGlqjM3Wu070Yun4+9s5UnoSmqN5RSyOeSf4DdZvPCjZFvvvkGf/mXf4nf//3ff+ajeln5XBa9/iD8i6YBSoUfcBUmPukqABoe+7Ks6mQ3fh4RvQlKKdTrdWSz2dSNr6+vr+FkMjg8ZPVGWqNfvav6b6QJPOI0KCUiItokpRR8fzBzv1QSUkhgxQAQXdOhaQZ0Q4em6cP/hn/XNQOargOa9mbPU0b9N/xA4HB/dkqdEAE2Vb8wE3CM+m4UCoW19N1YFXqsujqfsS0YxtuYnLKociPqe9/7Hn7v937vGY9qOxiGjoxtwfODuY+PfkaW/RJgmEH09tXrdXiej6+//iLV9tVaDa7r4vz8bM1H9v5MV3RMv5WvepyIiGhbicAb/9nQDChIyARvZFJJQEkIufx5mqZD13TopjEMRXRoug7DMKHpOjRNC8MQvK5zHCUDSCGRzReQmWrk3u/3NtZ/A5gKOKJ9N9Kua44rbvVG1rFnN36F4oYbP/zhD+fOCX4Pso6NgTdcnhOjioOI3pdup4NWq4XDw0MUElQXjvR6PdRqNZTLZRQKxQ0c4fu1qqJj3v1Jn09ERPRc/MFj9YZumrDt8CRdDtdjhkswFISSUCI8jx0tT0kShCglIZSE8OZf5B0fwzD80E0DGvSwf4WmQ9c16IY5Dka2hRACgZA4KM9Wb9zft5DPbm6J8ETAMeq78cXHj4n7biRtLrpomyhN0+A4r7+5KMONeBwnA63dW/qcaJXGvGUq86o4WNlB9DY0Gg04joMPCRpfR11fX8OyLDYW3ZC4FRujX8fTE1amn8+qDyIieilBZHlKtNpAHzWKGp4rGwAwdfomh+FH+GcFKDkORqSUwwv6MlGPwXFFSIwgRNfDJTC6Hi6JAcIlMqP7NW2zQYjn9uC6PRRKOzCn+mx0Og/QNWOjPT7Hr5i278ZTqXFXsjnVG29gcgrDjWQcx0Z/QS+OsJCDQQXRe9Ro1OEOBvjqyy9TbV+v19Ht9fDhw4eNN86m5cHEdI+NTfTxICIiSksGQRgoIDz3SNoMMwgCSCnH00N0w4a5oDl3eA4soGRYzSGhoISCUjK8IdmwhSQ9QnTdhKZrawtClJTo9x7gewMoaCiXZ9tdPDw8YKe42SpaE1h/340Zq5qLLuDYr3t5CsON5Bw7EnAskbTZKBG9Xr1eD7e3TRzs76NUKiXe3h0MUKlWUSqVUm1PTzOvQmPekpbpv7OHBxERvQTfd8d/NvRk52hyWKUBTYOUcljNEUDX9TDs0I3x+2L4Xw2aZk7ONp2uCFEKge8NawIUNP3xTVEKgWGJQOIeIVJ4K4IQLQxCDGMY9BjD49ceQ5Dh333PRb/7AKUUgkCgOCfcuL9vIfMM57zmOvpurFyesmCb6eeoyGOapiGTeb0n/XHCjd/8zd9kuDElk7Ggadr4Z2C630baZqNcpkL0et3e3MC2LZymfI+6vr6Goes45tKUF5GkQmNRkMFwg4iInksw6gkIwDCTNcMMgnAJiW0/nt95A29u2GHEaLTZ67uQSsJxHKhheCKEgJQKSorhCojwvFqDDt0ARmdP0XMfDRheXUhSEaIglYAMhimIP/9Zo3M3DF9DNywUC5MXlAIh0O20sVPaifna6ZlP6buxFpHlKeFfw/9mXnH1Rtxw48/+7M8YbsyRsW24g8FjyLGg2SgRvX29bhfdXg+np6fhuteEbm5v0W63cXJ8DMPczLx1SmZRz41VQQerOIiIaNOUlAhEZIKKEe9cbVy1IR5LIkzTghACdubxvDYadvjBvMqO0UkP0O+7MEwDh3vHsY5BSAEpBMQw/BBSQAkZ3j8ORoZLX1S4DGZUUhm+tPZ4YXkYhmjQhuNsl7xuICChIIWCbhjY3ZttLPpw30LWycb6Op7K3HjfjTnLU1amRkrBtl/nB9Ek4Yb9ikOcTbJtE67rLg0zVOR/Ri5TIXq7mq0WTNPE4cFB4m0930Pl+hqFQgHl3dk3W3oZy5qPRi4AMeQgIqJnF20uauhm7FML3/fDpSMA7IwNXddhmiZM0wwnpQgJKafCDs8Pww4hAPiwbBtGWIKBwWAApQF7e/E//xi6AUM3ple4LKWUgpByGIjIYSASTAQiQkgoJcYNUqUQEEJA03RkHAeZnI1MxoGdycw0FQWAgTfAwHVR2nDvjRGzWCxupu/GCvOWp0SXrWTs11fZwHBjPUb/9uOfkWiaCC43IXover0eOp0OTk9OUv0/X7muQCqFo8PDDRwdrcu8io5okLHqcSIionXxowFHzOUpUsrwXFbIyLaP57KapsM0dQBmGCiIsNJitIzFGy6JMYZNPT3fhy8Ejo/TTY1LQtO0cEqMkSwYSeL+7g657PNUbwCAfppy3N5Imv4bkScCczrDmoYBw3hdXe4ZbqyPYegT45iA0c+Uiv2J9kk/l0S0FZrNJgzDwEGKgKLVauHu/h5HR0ewM69/Itdbpub8al/UbJSIiGiTAj/58hQxDDbsjA07Y0PTwmUn82iaBtM0w2oH8/GcUNfDpSBB4GMwcHF4FG9Zyrbr93tQMoD5jMuEzefsuxHrM4pSMF9ZXwqGG+tnWhaCFctUAMw0ISWit6Hf76PT6eDk+Dhx741ACFxXKsjlsi9SoUjrNe+fn6EHERGtm/C98QXRcIzq8vNkz/dhmRakCCberOI0D5VKQsqwISmUgqGbkDJAr9/D4eEJ9KkRrYEQaNQrUFJC13RougZNC8e7GsMxr/qwcak27OkRjqg1U/UwW4d+r4e7uyYKhcKzvu5mo5Sp/hujP69anmJbr6f/BsONzbAtE667fJlKeLc2/jv7cBC9Hc1mE4aup6reqFWrCIIA5+dnGzgyem6jX+vTS1W4TIWIiNZpYnnKnF4SUVKFS1MGg/CCbLjcREMmk4m1rFYEYjhVJaTpBjqdNvb2j2Yv9iuF20YVTsaBHXlMqbApajjyNYAIFAYiPKeWEIAKG3+OLghrhgYNelhhYoQhiG4aw0ano5Dk8e9JlgcLKeANBhgMXHgDD0HgwzRNFPL5Zw1YPN/fcMCxzILlKQBgWcnG8bwUhhubM+9ngNNUiN4H1+2j3W7j+Ph4YYnnIp7v4eb2FuVyGc4zdeumzZtuOrqqRwcREVFSgRdZnrJiSYUYjoONMg09digghtNWvIEHXdehRAA7k0FmzrLaer0G27Imwg1gGP4bOnQk+6wklYIaNQwNfAipMJAqvB8SUsjH9gC6Bg3acMqLjt3dXViWHdmXRLVyBQ3hkh7LMpDNOtC12c9gUqmNhx29Xv9pAccm+hwoBVivoIKD4cZmWZb55GKMec1I2aCUaPs1my3omoaDFJNTbm5uAYBLU96oUbAx3aODv9aJiOgppAggRktGoC2t4FAKEMNlKdGpKJoe7yJ9EAgAatxcVNd1DPwA+cLsVNPb2wZ0XYNtr6+fmK5pQIxlNFFKAQ/t+4lwAwB6vS5s00Y26yzdXkoJz/PGy2gex+KuV6fbTRj3PMGq2EMNP7GYMbvVviQhBMONZ2CaBjBnSdM0XrQjejsGrouHhwccHB7ONBtexfd9NBoNlMtl/u59g+Y1I40+RkRElFbg++M/zxt1GjXquWHbFrRxrwwtVu8NAI+9N4Z0w4DvD5CZqjzt93sQQYCsszw8mN2/hO8HkGt8c1RKTTRFHXH7/fE0mGUCIQFNGx6bj4E3gOf7E8t01qHb621wicqC/hszT5u6f9sDDiEE/uRP/oThxjMwTWNcvqWGl+img75oRQb7cBC9fq1WC5qm4WB/P/G2N7fD6o3d3XUfFm2h6R4c7MlBRERpBV60/8by81EROSk3DBOarkFJEet1wuaicly9oWmjJSBh34sot9+HlWL4hhASQgoIT0DXtLVUTPiBB2dOlYbnecjGmFYnpypevIEXfh+kDJusGiYMU59prppEt+dCBOL5e3Co8SWY+Vfmn3OqS1KjcOOv/uqvFj6H4cb6zPtZiPbhCFtxMMggeiu8wQB39/c4PDxM/IYeBEFYvbGzw7Gw78y85qPRvxMRES2jlIIfPAYcurn4M4hUClLK4Ym69nhxPuY5rAgegxBdN2AaOoLAn6neAIDBoI9ioRjvi4geowwbjNoZOwwSlAIQQNd1mIaR6nzb930UiuWJ+zzfg7HiVGxcoTGueNGgTS3t8Tx/HMhoCL8vhrF6is20Xq8LYNNTVBJSKmzOso0Ybjw/09BZjEH0jjRbLQDAwUG66g2lFHZZvfGuzGs8yvcNIiJKQgSR5qKasbQRphSPAYWR4rxViMflKeZwaknfdVHc2Zl4XiBEqnX4ctg8dBQgLK+YWP61Th63nDnHHfT7Mz05pgXB7Ahd07SGk18ERCAnlriMww4phlUteuzqk06vh2KxuN6A40kNRofbpvlB2TSGGy9j/LPwhE+rbCpK9Dp4noe7uzscHhzAXvFmOS2cDV/HTqmETMJ1qvR6TX/kmK7gICIiiiMYRKo3Vgy7iPaM0PVkp9LTk1PCCgWFIPCRdXITzx24PZhLKkkWv4YcvxGapglAh5TBRMVEvz9A321DCgXd0KGUgmWZyGQcWKY18z4aDCe8TOv3+0ubi0opJyo4gMdGrLqmQzd1mGa45EcKASHETNghpYRlxlg2JAT6vT7Ozs7SBxxJwoxYDUaHtC1bosJw4+VEfxZWBRWj+c5xMPQg2j6tYfXGforJKbc3N5BKcXLKO8elKURElIbvPwYcyxqMKjUMOMb9/wSQYGZHEBktOzphl0rBmBNkuP0+LDvZqbrvB+HylCFNN2DoOgBjomIim80gmw0DC9MK/zsYDOB5Hvr9PjQNsEwblm3CNEz4XgAnn5t5vSDw546DHT8+DHRG4Yqm6cPjmWQMKzUsy4IQAlKKcRgUjp9d3aOz2+sDAIql0vMtUYkbiMz7ol8Kw42XFfdngYEF0evm+z5arRYO9veRSfi7VEiJxs0NisUiqzfeuemPGWw6SkREq8jAh1RhlYGuadCXjHpVw+eN3lyCIIAQEpk4TTaVhFIS3iBcDjN6ncD3kM3OhgSe58HJxO+/IWXYWBTj5SnaxLnUdMWEkgJBIBAMw52MnUHGzsDJZiGkhOv20O/10O32IWWA8lTzd9ftDytEFh1PtFdJKM5KDaUUlIwOIIkXV3Q6XZimiWKhsNmAI854z4kpK1DQ9e04UWW48fJ0XYOCwmh2yqJJKlEMO4hen6dUb9w0GhBCYH+f1Rs0iyEHEREtE/iR/hvG8iUhuq7DzmQQ+B48z4dtWzBWjJQdGffu0DQYkZ4Snu+jXJzsv+H7HpKeEk9XSyybTGroOqDrME0LnjcYVqUAhmlC0zSYhoFCvohCPgxYPG8wU9ni9nuw5iznEUKEIUXkvVfXdZgxmscrFS7XCV/TB5RaGjhFdXs9lEolAJtqMrrg08SqkbGhlz85jRNuAMCPfvQj/O7v/u4zHdXz+YM/+AP84R/+4UsfBhb9LMwdDTv7JC7EJnoFgiBAs9nE/v4enITTT6RSuLm9RbFYhDOn+zi9bww2iIholWjAEXdqh5RhlYRS8ftHChEdLfu4jZASGXvy84/b78OM0Y9sdLozmuwyYppWrLYPo5G10Tk9UQUAACAASURBVO3mse3Zz2eDgYtCvjBzf7jERE7cZ5hWrPGvQkyO2jUMM9bpnOu68H0fxY0GHMsMR8TOvRt48QqOuOEGbd7oZ2F+VjGeE/vch0VEa9RqNQEABweHibe9aTQQBAF7b1AsrOYgIqKocDxspIIjxnKI6JhX0zRiVY6Pl6eMqxLCk30hxdwpJP1+H1ln9UUf3/egIlUO4RhWPdayjlFjTwAY+AFMKxN7ogqg4HkekJ/a5zDciC5LWdR3Y55g+L31vLCKw1hShRLVGfbf2GwFxyvFcIOI6PlIIdBstrC7u5u4egMIR8MWCoW5a1eJFmEzUiIiAoDAc8d/NjQDWowqg4kmnjGeDwAyUr2hRxpm+p4PZ85nmCDwoevLP9sopSCHs9GFeBzFGnfJjJJiPLLWc/vw3B4eDAMZJwcnm4OTWdzXTCnMDUMmR8JqAFTsHhpCCgCREMiIP8K21+shm8uNP0tuR8DBTxm0CpecEL05zWYTSikcHiav3qg3GvB9H6enpxs4MnqrRlUcfDshIqKJ/hsrxsMCYSPPaJuFIPBhGKurOMahiFIT1Qx+4GMnM1mF6g7cpf0zpvcZrZYAtNhLZsbVEgMPWScL2w6X3PiBj4e7JpqBhGVbKBSLMyNsXbePTGYygJFSQAHDMa8aHMeBEDL28ajI8hTdMGIHI0oBnW4Px8fHj9vH2vKdMAwDf/qnf4rf+q3feulDISJ608LqjSbK5TKyKaaf3N7eoJDPI5ebHVtGtMzocyhDDiKi9y06HjZO5YM+HGUa/fuqcENF+2NMT2lRmGm+6br9iddYRExMGrGg6zoMY/XxhNtKhMtMfGiaNh7DqmmAbVnI5/LYKRUBBfieN7N9q3mLbHbys1sgZiefxA43lEIQqXIxE1RvdHs9QKnx8hQA0HvdbqyNn0M4W/hlqzkYcmwPKRWLe4jeqFarBakUjlJUbzRubuB5Pntv0JMx5CAiep8CfzCuxtA1Pfa0DhFpoBlnm1G44Xn+RK/JwA9gz7nAM3D7sMzlDUbDc2Y5rJYIz19tOzO3n8fc7SPLbHTdGAccs8ceIDPVxN33vbk9M9VwuQsA6DGDjZGwAWsYuOiI3+wVADrdDqBpEwGH+fniAuVyGUdHR4l2Nm3VSNgEe8JLT1IZhRwcE/vS1vMzxdGxRNtFShlWb+zspOqfcXtzg3wuh1w+v/rJRBGjjyrRhqPsyUFE9P5MLE9JsBxCCjF+44hzIj/qc6EB0KCHy080DX4QIJ8rPL4HIby4K4JgZfguImGCEaOKZFoQaZS6rMpCSjU74cXtw5qatiKVgtK08fKUOBNTJl8nGo7EC5pGur0+SqXSRMWHfnR0hLu7O3z77bd4eHhItMN1mA5GXrqCYyROJcePfvQj/NEf/VHYRZbWbvpnYX0hGhG9pFarBSElDlJUb9zc3mLgedjd293AkdF7EX07mQ46iIjo7QsGyZanAJG+F7YNw9CH4QLGt/nbSAAaDNNExrFh2RZs20ImYyGbdWAYGnRdg65pCPwBLGu26bqmaRM3KeUw1NBihzPj41FhRYnvB9A1bWGBg5AC1pyL+P2+O764r2nasF+GAdu2YZoWMhk7vF/XoWn6yvfW0RKe0eQUfbxcJtyHbiy+SSmhAdjf3xslSIAGGP/m3/zP/7ZULMLt93HbbMJ1XWSz2YWlKusWPWlVALLZDMxneu1VdF3Hb//2b+OnP/0pLi4u5j6nWq3i7/7u7/A7v/M7z/Y9ey/8QKDXHwz/ZwYw+h8bGP9Pjej/8MPtxilm5P+o6WSTFR1EL0MphaurK5SKxVTLUy4uLmBnbBweHm3g6Oitmvcrf/q+6FsH3yKIiN4uGQRwB2GbBk3TZhpmLiKkhGEYsCwTtm1B142J4AHQJt4/RmNTNU2DaepwHAe2ZcI0RzcjfM9B+L7j9l3oo/3pGgzDhGkYYZhiPPbY0DQNjpOBYYyOQ4t9A8IxtbquwbKt8PxVA6Yr5wcDD04uB3uqguP+roWs40DXNZimOf56bDu8GUa479F/w1P9xRepR98jISR0XQ/7b+jhqFvTMmGZ4fdg3k0oAcuycLC/D9MM+3bomhY2Gc3lcvj6669xenqKbreLb7/9Fq1WK9Y/9LrJyLqmbcBKjpezbT8LRPR0zWYTQohU1Ru3zVu4gwF7b9DGjJausGCQiOjtCqLNRfXVDT0BACpczpHPO7BtG5ZlTwQV4U2PhB2ANgwUhBAw9PB5+vAEXtMNCBFWIOj6qEFDeMIeNv40h0GKCcu2xjfbtuBkHWQyFjIZc1zp8Hgsq24GMhkLjuMgm82E+zVNaFP9RALfhzPVfyM64UXThqHLcH+ZjA3LssY30xwFM6PSivlEZHqKOZxIYxhGGG4Mg6RFt1w2i/29XWQyFnQd45vxr/7Vv/63o53m83mUd3cR+D5ub2/R63WHDUti/sOnMF3BEaY/m3u9NFjJ8TIGAw+Dgc8KDqI3QimF6+trFAoFHB8lr8C4uLiEZVk4SrEtvW/T1RnRt4DR36NLVfgWQUT0drm9LqQaLTfJxOpDqaBgmiYymQxs2xpXKIS38M+j84vwGq0aVycAGjLDoAIa8H/+pwv8L3/1C/x/P66h3XVxflqCpoXnPuGyDg2WacCyLZiWOVHBYQzDFMMY3cIGqXGqN8LwQA8DhOE+Rl+7kmrivNzzfZRK5YnvQbfbhq6Fk2SiVRZCApWbDir1Dm7v+vB8iVIhA02bHBoRfQ/WtPB7GgQBvEFYJGBZFnQj7FNiDcMYXTcmz/ciN8PQYc0Z7ztzT8a28enTJ5RaLVSqVfziF79ALpfDp0+fVv7Dp6Fp2tQ84e28ah+n8eiokoONR9dj+meBoQTR63Z3d4cgCHBwcJB42+ZwCeXZ2dkGjozeq1GwEX17mf47ERG9HUoKBOKx6l6P0X/D8zyYljkMMsIwoz8Q6PXD/RRyGTgZA4DEqAepUpPVCdB0ABqUBK6qHVQaHQBA1jEhJaDpCoZhhkGDpkHT9fFyldu7Pjo9D2qNp8lZx0KpmIFjD6tO9MfzciEE8vnCsAIlQknksllow54h2rDyxA8E/vr/vcJPfxFOyPtv/sUpPhwXwi9b0yJLVSb3p0QA0zSHjVujjzxexP6nyxb+499W4LoB4lr4L7q7u4tyuYxavY5arYaf/OQnKBaLCz9cTgcVaU38IGyZUcjxx3/8x/jmm2/mPochx/qs62eBwQjRdmg2mygUCigWCom3bdzcwHEcFIvFDRwZvUfLPrKMQg4uVSEielv8SEsBQ7dWBtpSSkgpoRSGPTM0CKHwH/76M37881vYlo7vfrmH/+G//QK2FaniUBJKhc0zLcuamCzS6T0eQ6/vj19H1zUIqR77ZWoa3IHAf/iPl/j2ly2oJ06YlFJBSAld01EuZfC93/iA3/jV42El/HAyjK5DKoFCIY/ogBWlFLLZzMRKC1177N9xXevCG16cbtx2wymWw/0tOhfTNOBx4YOCkrPTVD9fP+Afvm0m+jqX1uNomoaT42P8+q//Oo6OjtBut/Gzn/1sY70RNG1ybM02MgwDP/zhD/G9731v4XPYk2M9gkDwKhrRG3HXasH3/VSNRVutFlzXZe8NenbTS1mIiOh1m+i/Ya5uKxAML7ha1uN0DwC4rLTx0BngptXHt7+c7V0pxeP5sj7qJLqEUipcjjFHs9VH1/XRc4Mn3VxPwA8UBr5A7bYHMeeUPlx6YoTNSzVEbgq5XG6iz4Yx7Dmi5kxBDQI1rt6YWGIzvoVjZS3LhDPs3zFvqdBgMJkNGIYG29SX3mLNldE1DacnJyiXy/jHf/xH/OynP8XxyQlKpVKczRPxtzzgAML1QT/84Q/xgx/8gJUcG+QHYtjtl4heu2ariUI+n6oCY1S9sYn3HHpfFo2EnVexMf3c6GOs7iAien2UUvAnAo75fR+FEOOwQY7WnCBsfjn6/S8jbwJyzhvCaKQsgKU9PsYNSRec8tiWjn/+9R4sU8NTSwxumj30JpZ6TB23pkEBME1r3Cfj7sFFMC8JGXIHAaqNLvquP76veT/Aj39+gw9HhaXncvmcDcc2oJQBFWDlm6sG4Lf+6zN8OCoi6yzu2ZlocG7WcfBrv/qr+OUvf4nr62t0Oh0cHx8/vanm1Bfjef7WNRqdxpBjs0azkMd46Yzo1bprteB5Ps4+JO+fcXd/j36/j9PT0w0cGdGkeZ+tRuFH9DGGG0REr0vguVPLU8KxovMIIeAHwfhx27aHjS3DoEKqcGTs+PlyFHKMmowGkFKF5zNKQY9xrqxFSjzCaV4KUikYho5/+Ztn+Je/+bQeZJ2ej7/5LxX8H399OfGq00QQjMfmNu/6+Pf/+89w9+CtLEJw/cfH79ou/rf/+5dLn5+xDXx5Xsbv/HdfDqfPiFVFLshYBv7FPzvC/m4WQRAMm6vOhkerW8ZOsSwL3/3ud3F6coKHhwd8+/Of4+7uLuluFtI0Db4fv4nISxqFHFyusn6+H7B3BtEb0Wq1kM/lUlVgNBp1OI6DnZ2dDRwZ0aRomDF9/6IpK5y6QkS0nUTgwe228dCqo9u5h+f1x48tai6qVNgPw7atibYMZmQ5SyAkfP/xMd8Xw96Bw2Gvo4qHqXBDqcVdNKINPRXCvh9CCASBCBuPDm9CyPEtOqFkGaUUinkbpaIz/cjMc4UMYBhhoUHfDXBRaaN530e76y29TVv1/JtWH7+4vIMY9upIQkqJdruLQMjx+3P0ljjgGDk6OsI//5VfQS6fR7VaxdXl5UQqttBovOe8u4cGvj/z+LZiyLEZ0Z+B+R8c+YmS6DW4a7Uw8DwcpOi9cf9wj16vj91yefWTiWKYt9xk+vFlj83bltUcRETbQwY+3G4b7VYDnYcWBoPezCAMXQtHnM7dPrK0xM7YsDP2sJeEMR61etvqod19XOrS63moNLrjwFvXdQRBeLHWiFQYLB/IEQk4pEQQCAR+AN/z4U3d3P4AQoiwkeec8amPQYtCEMhx4KLHiBKkBIxhd9FC3sKvfn2AD0dF7Jacpbdpi563t5PFbsnBx5MSfu2fHcDQtVStUzMZG9aCf8NES1SmOY6D73z1FRo3N6hUKuh0Ojg8OsLu7u7cd/zopJVlU1d873VUcIxwucr6LfsZiFZ2LKzyYPhBtBXu7u6Qy2VRTlGB0ag34GQy2GHAQWuUNqhYNXWFiIhehgwC+F4fvudByPnnELqmwTBtmKa5sJknEE4aGb1RjEIQTdMnpoFcVh8QiEgPDgCfr+7xK1/ujQMOQ9cBQ4ehT1ZwxGkvOBoxq4ZlhdFNgiAcqWqYYUijaRr8QKI7nMziOCYc2wyrRYYjXw1Dh1Jhc9Eo2zYm3r9EEMAwDIwW2+wUHfxP/+PXc3uMAGEj1b4boHrTxb/7X386nqKyu5PF7/73n3C8X4BlGQv7cNhmOHJXCBlWqGBeTUnk9ZRCu+thfzeLbNaBtqBU40kBx8jhwQFKpRL+f/be7EeS5L7z/Jj5EVdG3ldVZV19sC+yeXSLIiVREmckYSUstDODxTzoQQ8CBti/QID0tE8SJP0T+yBAwAILLHaxM8BqZqWhKB7dJLvZB9ns6rorK+8j7gh3N7N9MA8Pj8zIyIg8qrKq/AtUd2akm7u5R4Sb2de/3+/v8ePHbG5sWKJjYYF8LjeUqRJgw0y6pAcCgyGMFErphD16FpCRHGcHpTRhpPpKFgHx78OR2VoyZLg4qOzv0+50uHbt2thtq9UqjWaT5aWlc+hZhgzHY5iaY1Ao6XHqkAwZMmTIcHbQKiIKOwTtDkoPVv9bUsPDcbyRMyPTCg4hHVynp9zo3vfvP6ocavdgtUonUHhxZZEu+XCa6qMH22pjCIMAL86qlNKuo//x+7f57PYOAK+/PM/v/cZNPK+7JuqpPPYr7WRfjoTpyTxgEjIkCAKKExPW6oH953sOURT2ETUJPEmx4LG11+zZcrAPqmfKBabKuXhMPDwwGhMrVXRcitfoYxQudo34xf09tvaaOEOYojMhOAByvs+NGzfY3d1l7fFj7t+7x+zcHPNzc8BwxcYgtDsBpeJhuctFRkZynA3anfGsPBmpkSHDxcTe/j6FQuFEFpOtrS1yvs/0zMw59CxDhuEwZnQhYFZlJcPzhmaj8USOUyyVnshxMjxfCNpNwk6HSA1eLwghcB3PKjWOyNk4ClrbRbaf8wGB6zixPcWWNhVCcOfhPg9WDxMcjzdrfHJri2+8uYTrOpicZ9UgyhItWitcb7zCHHZ8SVlXlIrJEycJPDXGsF9tJ9VRNrYaKKPxsMeyyhO7n/1qj+Ao5H2mJnLxjm2WR6RCPD9Ht+qrAMIootPu4Hter0+x9UY6kjAyfPDpBilBC/VWyM9/tcnv/+bNmDwhzguxG9m8EqsusedhiEKN0XpoxRll4Ecfrh573U4skThqUTk7O8vrr7/O7Owsuzs73Lt/n0a9PvK+uj92xlzkXhRkmRynR/e97w9xGz7THIfiyAiRDBnOH9VqlXa7zcL8/Nhta7Ua9UbD2h0zZDgnjDIUHLdNl8jIcjkyPCtoNhrH/rtIfXka/cpwsdFpNQ6RG0IIPNcnlytSLJbxc/mxyQ2ASPXUG7ZUqsBxeuRGJ9D86GeP6MRWjKlyjq7hwADvfbjKxk4T13XwfZsR4bpWAaLV8MV7F1IKpOPgOE5SJaT7TwiB47qxZaY3QIVhb9BptvpzDLs5HUGoaHd69p2pco5C3kvUGkKA61mlizEGrQ1KQ6vZQmsboqq0QqXYDyEEn9za5M6DvUPn8dEvN3i4Vk2NoyberyKKIlqtNp1OiIoUUagwaIQUyXl2m+VyztghpGem4AC7yDSA47pcWVlhcmqKtbXHrK6uMjk5yfzC/NGep9TjDiEErXZn8HbPAMZRcvzd3/0dnnexS+I+abTanX4S4hSEREZmZMjwdLC7u0s+nz8RSbG5tYXneZl6I8OZIl0F5SRthpEYw+wpmXUlw5PEbuvB8A2eHff3IbRbOwNfz+u5TA3ygsCWTrXkgg3wdONF+emXtNoYtNbk8jmkFPi+l5Ab1qIC7320yp2UPeX1l+bY3W/zxf1dDLC91+K//+ge/9Pvv47vWfWHkKAig9JREsdwFKQUCNdFSt03WJnuOUsRRziIkcgSEHHwqaDR7OD7DhMFj0hppss5XMfmX3SFIhOlCWTsuuhaS1qtFqViEYQNZ3UcBycmbR6tV3nvg9WBZ9RsR/zgp4/4/d+6ycxUHiEkQtjQU4izTjCJDUdKB8cRsWKmV0xicbbEb7yzglImbnM8zpTgOIhyuczExJfY3NxgfX2dWq3G/MI8U5ODw+YO1pjvdAJyuWfTxjEqyfGXf/mX/NVf/VVGcsTodII+aXDGT2TI8OyhVqvRbre5urIyftt6nXq9zlKWvZHhnDCu/WS0Eny9crGDiJBsLMtw1ugqGlpiGxj/gU73qe7zgLbc6SM/8nou+TkjPp4vaNVTIEgkuXzhzPZtwzgdXNfFde1iXCaKAvjpJ+v86KePku1nJvO8/foie9U2SqmE+Pj83h7/13/7Fb/769dZmC0ihIcUCiH9eDAYPKh0w0mR4OD0fT+NseVQPY9YuSGSXJBBAaBhqCjkXBwHpLTL/ZmpPH/8e1+i3ggIIs1M2a6xpRQIzwVpCSMhwSCsrUTZcrm+7yFkj+yRUvLp51v804/usxfbXhwpuLw4QT7n8sX9PQzw+b1dmq2Qf/Mb17l+ZRowOI5zaJ3XrVLjSBmrOERy/m++Os/rL8/1Py045t7l/Kf/9L/8r0O3OAOUShNMTU3TCTrs7e3RarXwc3k81x3wFvdKxUghyOdz5929c4PjOHz3u9/ls88+Y3V1sF9odXWVzz77jO9+97sjh988z6jXmwShLask4zAfUmWPZLf0keh98NMyJnHgGzNo8H5eBvQMGS4q1tfXcV33RATH6uoqxhguX758Dj3L8KLi4G0/PVR0/43T/qhthqlEsqEnw0nQbDQIwzD5V1PrtKIKIU2UbPXNhUZBuprheWx/ERCJVvKvFVUwgdt3DcMwxMty8J5JREFAFFqVv+t6OEeUCR0XtmpJhOd5eJ6L57p4vrVrBKHmX96/z7+8/4Agst8Hz5X87reu8+qNWeamC8xMF1hdryY5GDt7LR6sVinkPRbnSkgpcFwnyaT88Jcb1OOqJ+WSz1ffWKIryEhUI07KmiIdpNP917OrRMqwu9/io882acXHdh3B5aUyc9MFhJQIaRUfGPs33/fI59yEyEEIRJ8NJiZbAKMVvu/ieV5MbkjqzZAffrDKP/3wHo2UHebLry7y7XdWePXGLHv7Lfaq9n2qNgLuPqrgew4z04VY2SITMsnmmzi4roPjxnagbsWa9FpPAJjEGpMevw/9+/F7H5xYNDkoNNQM+LtJGVR3d3dZW18jDCNmZ2aYn5/DEKfEdkNI4iRXIeDKpYWTdu/CIAzDoUoOgG9+85uZkgNYXduKibl+gkNKW7k5qe0s0rWeSf2NvllkRnBkyPBkUa/XePRolZWVK8zNzh3fIN220eD27dssLS1l+RsZzhQHlRWDhoFhSo1RbCbHbZNZVTIMw1EZE4MUGmn1xUkJiNMSF88i8dFFWuGRRqb2uPhoN2p0Ok0AfD+H553dg3ApBZ5vw0k9zwUEDx5X+PGHj/n83m6ynQB++9ev8Z13r8bfA7teufeown/+59vsVlrJtq4jePXGLG++usCbr8yjY1XE//Z/fMTals2ovLQwwZ/+h7dxHTs+SCm4/7jCjz94fGyfjQGlNQ8eV5KytY6A61emktyQ9LYcMMj0rZ+Af/f7r5HL9UrHGqNjUgbWNuvcur/L53d22dhp9O3jq28s8W9/8yaFnAsY9qsd/vM/f8Gdh/u96wtcXp7k9Zdn+dLNOWanC/Hav9cjIQTbey3+vx/cO/bch+FcLSp9iGcXMzMzlMtl1jc22N7eplavMz83R2miZC94TGyALavTbLYpPmPVVA5iFLvKe++998LbVZrNNlqbVNovfUqNo/DsDa0ZMjy/2N3dJef7Y5MbYCunOI7D9AmqrmTIcJ5IW1DSrx3cpotBZEZWZSVDGsNCM9uyZ7cQA2Y54pgHOaPgtMTEOO0vmh0mfX2hR3gcfE8ywuPioc+iIs5W+d6tSmJ/Fjxcq/KP37/L+nbvcyGBb37tMr/5zkpSGcTCcGNlij/63Zf5f79/h80dS8JEyrBf61AujacYarUj1rbq1BrjF6RQhr6ckFHgCJiZLhBEkQ31FBApzd2H++zst7j7cJ/V9RqtVEgpwETR5+tvLfHtr6/gezIhK6Ync/zx773KP//wPr/4Ypsg0mjg0XqVR+tVfvzhY65dnuTqpUlmpwu8fG0madsOIrZ2muzV2ge7Ofr5nMaiMvDp+CjtpKBcLlMqFWnUG+zt7RIEAfl8AUeKfhWINs88wQE9u8rHH3/M+vr6wG1edLtKpVJHaZ3IjqToV2ocpeDI7CkZMlwM1Os1dnZ2WV5eplgsjtW20WyytrbG4uIihcLZeWozZICjLSqn2cco2w9rkw1HLxYOWk3SaIltlOzZKtI4qJR4UsqJsyQlLvrcK21piUQL19jxK7O1XDy0m/VEg+Dlcmf62RKxWrxrD6k1Qz78dIMgDsWcKHh855tX+Y13riVBnFoblIqSoMzZ6QI3VqbR2rC710RKWFma5N23L/V9h4dZVGyxjYgHj6s0muGhfp4HXFewOFvirdcW8VzbkfWtOv/9vQd89NkmO3stIqWT7R0p+NKNWX7/Ozf5ymsLeK4T9703tuV8l1euz7AwX6TeCKjWegVEglCxtdvk0VqVaj3g+pUpcr6T/O3Ow/0TkTvJ+Zy45SkhBExMlHnl1Qk2N2wIab1WZ35hganJyeTD2+oERJHCdZ/9Bb/nefzt3/4tf/EXf8FPfvKTgdu89957/MM//AN/+qd/+oR793QRRYpWJ0hZTo4iJ0YwS2fIkOGpYG93D9/3mJ8bX72xnak3MjxhHGdZGdZm3O1H2Vem6Hi+MKpCAwbPeZK/pRZFaWvueeOikxLniUzhcTGRrqCCEEhxtiWBjNEEgYnzMlxWlsq88/YlPr+zS6no8e1vXOHGFUteGGNQSmOMJgytqkHFBMDsVJ4//J2XeetL8zQaIQtzRaQ4Klp0MBbnJvjdb1+Pj3H89qcdR6QER0ryvqUGDLC0MEGp4KFi64sUMDWR5/qVSV57ZZ6bK9O4jj1wp6PYrbSot2LSpuizOFdCCMFrN+e4fmWaz25vc/v+Hqsbdap1S3a0A8XiXJFyKZfYYabKhaRqyqA4jFFwrgRHN0il+//ua5h+B9DC4iKTU5Osr62zublBtVplfm4WP2eVG/V6k+np8nl29YnB933++q//mj//8z/ngw8+OPT3d999lz/5kz95Cj17uqjXm8nP6TH1oErj4Ovp3w81zpAhwxNDs9Gg0Wxy6dKl8ds2m+xXKiwsLLzQk+oMTw4nnQR2rSWjtj8YPDqoXVZl5fnAMEKjJbZPdW+7aBaPFw0Z4XExoFVPzeCcQ71jFSmU0oShxPUipPT41tdWeOOlOaanCriOSEqbCmGVHlqD6zoEQYiKFFIKjHFwHIdrl6bi+75d9Qob1zEUVhUCnit4+ap94HPynBzi9scf025nr6k2cTYHhm9/fQWtDRMln5XlSa5fmWKqnIvLyHYJCIEymh99uMoXd3dRxvDuVy7xb75dAmy+Zs6TfO2NJb76+hK7lRb3V6usbdbI+S5fe2PJlsGN+QHXgdduHn5QZo9l+lwOWhvCUBMplVxnGIHgaHc65HNnFOAyxHSa83Ncu3aN/b091jc3ePDwETPTU8zOzVNvtpicnIjL4jz78H2fv/3bvz1Ecrz77rv8zd/8De4ZJQI/K9DaUG+2+kNDBSPN+J6PT0SGDM8+dnd38TyPxYXxg6G3trdxpGR2dvYcepYhRL0ITgAAIABJREFUw9lgXMXFUZkbR+VzZLkczx6OIjXGUWgchfSDwYtObrxoBMwohEdGdpw9VKSSn+U5WPm7CowoiogiFykdXMdhfrbYR2yn1ypS2rwKrTShtiSH1gatta1KIgRKK9wRw1C11jHJoXFdW23Elkw9yRkdz6jYHBGNQeDIXiuwZXMvL03wP//hGwlRY1/X8fUw8TWw+1ldq9EO7Xu0sVW3h45zSqIoSiq/zE7lmZsuwFvLyX611im1ikld424kAYRhhOM4SCfetTEEoabe7NBoBti3zyAQwwkOYwz3790DIbh86RLl8mEVRVqdkbyWujjD0A0T7R4LYGpmhvLkJOsb62xvbVOr1Zmbm6M+UWJy8vm5WRwkOV5UcgOseiP9BOss7ClZ/kaGDE8OzWaTeqPBpeXlsdu2Wi329/dZmJ/PvqMZngmkA0dHJSQGkRmDkJEcFx+DSI3TKjQG4Vm6Hx5Saj+DOA1JM4jwyMiOs4fRvYBLcQ4PvT3PJQgCImXieASdrD/sQl5Qb9qSp5jYyuJIXrs5i+M4PduK0mglkY69oUfaUHJzdhkz7PxisiHohOh4/57n0OqEfHZ7Z0jLUVfe/SgWPBZmisxM5RBIkogNAToKUSpCCJtLEsYKCegqPWz+iOM4xwoQlFKEYYRSGs+VuJ6HFBIhRdJzpax6xmjd11Y6Dq4jEY7E81y0EXx+d4dHa1W2dprsVNo0mwFBTKx0x9ehq+m19XU6QYDnudy5e5f5uTkuXb5swx9PCYHoL1TTtSEYg5CSS8uXKJcnWV97zPr6Gu1Om69/9a1TH/cioUty/P3f/z1/9md/9rS789RQb4xvT8mQIcPFQa1WQwrBwinUGzOZeiPDU8S4pMJxFVNOcrzTEBviwMRZpEK6uzvvyYntthpST+GycXUYDpIaJ1FoHEcAPOsEwbPa7y5G7f8o79PBzwepj09GdpwcKkpVUJFnr+AwBrQx+J5LFCsxjFEIIRJbxNpWg//2r3dptkJKRZ/f/uY121gQZ0ZYFUKkNUILOp2AXL5wiNguFlIVM0V/HyIVpT5fgmo94INPN5KysmcBASzMFvnD777CrMjbV3oFYQijEIlAKQUYVKSRscSjWzbWKktG+d6Y2LojQNhKKxoFqtc2EUuIXmUaKWWch+KAENx9uM/7P3/MnYf7qHgbJyZXumRJF0cSHPVGg62tLWZnZ1lcXGR7a4vtnR2qtSqLi4sjlwA8lMMRL1iHhYYIYSuplIpFXn7pZTa3t9ncWOfe/YfcuH51pOM+K/B9/4UmN6rVBkr3B2eNYk8ZVj0lQ4YMTxb1ep3JqamxJ7itdpu9vT3m5+aQ8uz9tBkyPAmcNEPjOLXGsL/3Aift71JKXCnjB3kaKa2M14m/V8YYlDZopa1oWUjrWdYmkfVmps9+pEmNJ5Wh8ayTBMPwvBBpJyGo0oRHu7WTWFoysmM8RKkMDnEOBIfWKrnpCgFhFOFIl7Qbpt4IqMeVTXpVPmI3AhoQNk8CQEPQaTMxOdWnr3Acwc2rU+xXbRnUmytTuA4JCa21wfddusoRY6ATKM4SBtjZa/YpJhKiPP5/11VgYvFBmjDvkhuJwn7AYGW0idWOEiktKSWlOFKpLxwDyNiqYnAdGdt0BD/6cJUf/WyVeiv1GQBmpvJMTuQo5F1cKa1dyAwhONbWHuN5XvJEbn5hgdLEBDs7Ozx6tMr+foXLly6dupzfQZvKQZmbMYaF+TnK5TLb21usXHk+KqpksDKsar3/qUj6Q5/2X41jT8mQIcOTQ9DpEIYhExPjT9S2t7eRQmTZGxmeSZzWTnJURsfBvw9SiLhSgATXcewEkN58yhjZR37YfQgcKXCkTOZaritiZQdEkSaKJ5X6BbbIdEmNttwhnWF40gyN/nnMcDwPi/9hyM6vhy5h1m5Z4iOv5zKy4xhYZUT35iTOxE1wEErr5IZrrSIdpIzI5XyrIjjmPuBIB6VV/2dBCFzHje+1IiEQ3vnyZb7+pg1l9zxLFFjFiKYnpbBKiVLB46tvLBKE0am/R/ceVni0UTvwqt1n4jQRhkIhnzrfw4NCfz9EoqhIox0oinkX13VSa/ehJp1439YOYzNMJA/Wqvzwp6s02pbcyPsOL1+f4fWX57l+eZJC3jtkkxlIcGxsbNBstrhy5UrfCRQKBVZWVqjs77O1vc3nt26xtLTE8tLS2Dkcg6qpdEd4Ef+cKD4M5HM+ly9fZm+/wsJ8Nhl+HlCp1i27Jw9MxtJqjgNtRgnbyvI3MmR4cmg2rcWsVJoYq12702F3d5e5udlzCQvLkOE4HCQVTkJYdNuchOhIH29Y+97f4uR+6eA4Mi7rJ9BaUW80aDVbtNttIq3RUYCJAlQY2HZS4rg5hOsjXQ9PSgrFIsVSkWKxiOdZP7QlOxQ6Jj5eBBxFapwUz7rVJMP54+Bnoy13ErIDYLZw7Ul36cJDq5Q95QzKww5W3gmEMQRBTyWQy0m01milMEcqTeOwTccqCEy8WaRCiqVSn33CAGEQ4LpeYq8gzt5QKiIMI4zuhm4qHEcyOeHzm++M4mAYftNudRRBoA8RHF3LSe8qwN3VCu12lHrl6H13QsX2botqvZ28trbV4McfPmJxboJR41KWFiaYncojpYxDWq2U5PM7uwm5AfDrX7/Ct762gufJmEuAA9EdhwmOVrvN+sYGU5OTA0NFAaampylPTrK5ucnGxgaV/X2WlpeZmpwcuP0gm8pII+cBO4sQliEKI4WXqTieaQRBSK3WRKRuFoLRU4Ize0qGDBcDjWaTnO+PXW1re3sLgNmZjLDO8GxiUAm+k+RwjNJexjJf1xE4jsAYRdAOCMOAdrtJtVqlVqnRajYJoggddtBhmyhsYbRAOC6en0N6eRzPw3NcypNlylOTTJYn8bwcnp8jl88hhEQpK5N+nomO3dYD+8MZu+MyYuP0eF7sLCdF97OZKTt6SFdQcU75UEQbQxAESClxpEwqofieC56L1rGiTau4cofAmOFFIGzFFUhKkQAiAs/z0y/Z0NFIHc4QMV3SxX7uwyDEcRyUEoCHEMffiLsVWIzRCNGzlAhsRkUh5zBR8obvRNjv37+8/5DdvRZRpIdvn4JKdbHVifjpR+sjt3U9h9dfmuN/+J2X4xgCq943BjZ3emr/vO9w8+o0vieHPlw49G6tra3hSMnS0tLQjkgpWV5eZrJcZnNri3v37jEzM8OlS8t47jEXLwWBIF0YOPnJpLQdsYrDxGVj6vUmM9ODyZcMzwYq1XqfdPOocNG0PeVFHuwyZLioaDabTE1NjdXGGMPOzi6zs7M4L2DlqAzPF06awTGo/aDnP10fss1Zk0Rhh2q1yurqGtWddTqNCtoYtLLKi+6TNhPP/iKRs+FunSYisIqrNoLGnmQjlgBPzCwwv3SFq9eu4XounmsnlmGoCaPoubGtNBsNWmIbeHpERKbwOB7PQ1WWs0BX2ZERHf0KjtNWUNHKZm1ordFagwnjah1OHGwp8aUEXHt/TljQwTdCG0IqcZx+ttRxHRynf45jMOTzuYGfa6lF4nDodDpJaVWIDm17EAZDFEZEMRHkeTbDA+KMJtdh3KizdN7FSdAtGTsKRKjojLB9pDSNZtB74QhxSd9V397ZoVarsby0NLJkuFgqcaNUYmdnh83NTaqVCsuXLjE/N9d3zEMqDvpvYIPQDRvtqji61pVOENJqdyjkx3timOFioNFo0Wp1+gJrEvXGGPaTQeqNzJ6SIcOTQ6fdRinFxJgTr3osCS8Vi+fRrQwZnjjOuqpKEh4qbJlARwrCMGC/ukdle4va3i61Wp1Wu0MYahw6aHwMEocOkZZoBL4EhwilJW0NnrBP9rRwESpEoNDCI9rbIww6NKs7lGdnmJyZY3pyBs8TgEMYKcyY53SR0Gw0EgvKSfI0zgK9YNhsTjIKntdqMydBRnQcsKicMmBUx34G37cP5IMgtJkbWiOMQToujusgY+LCkgOSQfkR+9U2D9eqTJbzRxxtxEW+MUyVc8iueknY0qnamJFUFJFSqCgkDKO+PAoppF3tmxGvmbGlcb/+5hKLcyXqaTLhHDE1kePVm7N0pSwGE+dwCL76xiL3Hu2jDUTK8L0fP6TRjPjSzRnKJVt+9+DQlBAcQRiwvrbGRKnE9MzM2B2bm5ujPDHB5uYmq6urVPb3uXT58tEhpAceU/SFjXZ/GqLiqNVb5HwvS95/xqC1Zr9SG1u9kcaLM6RlyHCx0Wy1ACiNGTDaiAmOF3WiluHi4rTBoXA2VVWMsfkavufgOoJWs0m1ssv65jp7649p1qtoI9HCg66UF4FGIHFRdCunSByhEEYTGg8pIlxAIZE4YDRKSESnRdSpsbezxUxtkfl2G6EMxYkyrusBhjDSPZvxM4JEsSGeHrEBmeXiLNG9ji/aNTXG0BLbLyzRcVYVVHSs3PBzvt2XkAnRAZbsUFqhAoUAPN/D9Zx428P7++TzbT75fPvE/QEo5Bzmpgv8uz94za6BpMD3PZQyCIaLAbqIwhBj4twO6aFVTIo44CA5Lp+jC6U0jiP5ymtLvP26dXOYvvX6eN+5cQjJpIpMbLPRyl7z11+e5/b9fT761SYAGzsN/uv37/Dez3PcuDLF9FSefM7FdeyDc21Mj+BYW1tHac3i4uJYHU/D832urKxQrVTY2t7m1q1bLC4usry8fGSbgWGjB/4+SMVhjKFaazI9NV6wXYani929qq1v3Bckerx646ThohkyZDg/NBoN8vk8vueP1a5eq1EsFrLvbIYLiZMoMLrtRgkNPQq9TA6D53o2WR/7FO/Rg3usPbpPp1lDqRCDQyjzuCbEIUBg4v+7BCKPKwOMjmhrSU5qpJR4jo9jDIIA37ToaIkG8qaNECbZZ2Vvj3a9yvbaBi996XWWL1/B9z2kowmCaGBa/kXDWSg2TqsUGLeKSobx8KJd0/T5vmiKjnQFFSFOVkFFa52yfFg4joPn+eiYGFCRPkR2RJFt53nuwPt6pdY+/OKYqNTA9y2JkiYTjDFEUZSUaz0KSmuM0QQdq7boe/g/jpIQa43xfR8pew11KsHTloeVx/LcWlu7pNZjKNdigiNS1jokhCGMInzf5Xe+dY1C3uXTz7eot0KCSLO912J7rzVwVy7AfqXC/v4+i4uL+GMGxaXRtZxMTk1RLpfZ2t5mc3OT/f19Li0vMzU9PTRsdFQVR5cOaXcCms0OxWJmVXkWUK83aTbbPZXGKdQbo4aLvmgDYIYMTxKtZpOZMRV/SmsazSYL8/Pn1KsMGUbHWSg2znp/Ukg8TxCFIbXqPpuPH7G7uUGzXifUAqEFEo1HSKQVCokvFZEWaAyuDJFGAQZPGhAuBolrAoRRGCMIjJ2gehiE0Im9xTUhJoro6Ii2avLg7m06zRqLl6/h+Tk810GHUZJcf5HQrYYCcRnOUyg2zkIdkM0/MpwnjDF91VeeZ7Kjz55ywlRgFS+adeoG3bW6SCGRrsRzY7JARUTKkh1CSBynS24YFuaK3LgySb0ZEoSjB3AOQ7noc3mp3HfPCIPIVl8ZRfmgYhuMEMcGsBYLHo4AbWCynO/bvzHQbLT6Akrt6xoVaRxXxnkjx2enRZFV3FhFiDMiwWFX+FpplNY4UtJotSiVCkxNlPiD77zEm68u8OEv1lndqNFshjYrqlv5K7UfVxvD2tpj8vk8s7Nnl2YvpGRxcTGxrdy/f5/pSoWl5WV8v/9p37gqjqQNUK038Hw3q6pywREEIbt71dhXlsrMOCP1RoYMGZ4sWq0WSmtKE+Op6Br1OgCFLH/jRIituUP96ef9gH1oH4xBc/KyqTG1fXi3cG7nNUixMejURj3v9J/HvQ6OI/Bj73e9VmHz8SMe3PkMFRm0cIlw8YQEQtABxsj42jgoG3+PQweQGCHJCUWEiwYcHSKE7acy4Alw4ocK1t7S28ZoSRiGbG5s0G41QLosLC5RKJXxjYztKuOd23khTWy0pV3snYTcOK3i4kXMhnhW8DzaWfoXoOa5VnWkK6ictKy8jv0OaYXGIDLAkRKkj+vZxbkxUWKdMAZWlib593/w2on6MAz2/YwDorXB9dyEHDgOkUpVmDkiuqGboXR1eZKvvrmMVpqFuSIzU73skE6nQyeMcNudvrZhGKG0wvc9HNfFO4bfUEoRhgFBECIF+P7JhAhRFLG7u0s+d8lWTAGuLJVZWS7T7ihq9TY7lRb71Q61RkAUE05SCtz1tTWCIOT69csnOvhBHAwOLRSLXL9xg93dXTY3NqhUqywtLbGwsDCWiqNrS0mrOLqvVSo15uemz6T/Gc4Hu7sV+8Mg9Ub6NU6m3sjCRTNkeLJoNm01hpMEjAohKD4FgmPYAvqs0K1hcR6LPyFs6KR0JBJx+EQMKGNAqXMlA7rBa+LIPmi00mP1QQri9HoxcHGqjUHE5/U01tXHnbcxBqHjVP5jqqIcBdeRcaConSCuP7zP6oPbaKWIRB6NIGfaIAxaS1pa4kmDJyWhyOGaAMcECCAUPgaBRxuHAOLtc1LjSk1BaJTIER25jcI3LSKRo1rv8MUvPsR1vkFxomwXCMKWT3yabpVDio1TWEng9HOGbM5xcfG8vzfpQg7PI9HRX0FlfAWH1hqDDRUVSAyjEQeOI1HKQWtrYenaRYqF4dVCtTYIKWzAZwpRFB2qtJKGUhoVKbRWGGOGbptuA4YgCBEwOJsyKadqmJsp8Ee/+zLQ+150x9Ug6OAPEAxonSKYRsg/MaYX4hp0ArQxJ7IVVatV6vUmrufbcbV3OuR8h9xsifnZ0sAHEu7W9jZzc7NHh4GeEWZmZihPTLCxscH62hrVapXlpaXky3eciiPeKKnMkg4cjZRmv1LP8jguKLZ39gnCqO/JiF1oiIEfyjQy9UaGDBcTzUaDQqFwrDf0IOr1OsVzHm8GwREg4yfj53lPMdoGZKljSIbjlBg6flrU1waSUnTyULZAvL0CjMTo83nC3l3kD++DBEMv5OwYiJjcsPsdMC4YUDp+8KHUWOeVEA3Jf1J/O7TxgR9TbdNlAO2cs7+1fc/tDEbEfuVepgZ9vw+CFOC5DlJAs17j8eoqe9ubBIFCizwCg4tCCE2oJcoIPGlw0UhjYruKRuHgC2WJFgSeBI2HkQKPCISLQuCIjq2uYiQdLfGEtrYXKQ9tY7QiDELWHz8C6XDl6vW4jKxDMEYZwLPCWSk2usjmGC82nhflTTp8FZ6vnI7+CiqjExxKqUR5kbR3Ja7j9+VKHIVOxyoZhICgo/ucBMMQhhF+Lk96ehRFiqDTxvOOJkeMsccMwwghZVzqdTi0jnqNhRigIjQopRHS3qsdaUM4EQI3tpp0H8q0Wk3yfv7A/m3+iQ1lFUcqRPphOxB0Avvg4oTfrUq1jut5eJ6PSrI8LAeQHtsHvSWu73vMzy+c6MBHYVD5VyEErudxZWWFWrXK5tYWd+7cYX5hnuWl5QPbdrs8QMWRnEwvcBRsHke90WKi9OQnzhmOxn6lnuRukFpYpK0pmXojQ4ZnC8YYmq0W8+PkaAi7+J8oFpianiKXGrhNvDDu+mOPmz+kn6YPWGIf2pcQIBwHR0oc53SLoeNgJEQKax04gmQYqsSItx+kgujeKx0JQkibMh5P0lzXtU98AGMEWsfjZ1q1cor7YnoRYPvQvZ/r+AmS7YM2BsfYPoxaHU9iJaWOY/eblj305hMGowV6REmEEHa/STnynvo3tdHBkzzwtwO/SynteUsB2nqE7fvogLYnoo3A6H47zfGFRwxCSFxX0Ak67O/vsXr/Dp2mtXMpJDlXkHMFvj9BxzgobXBMB6M0Rmu0ilB9x1WpzDL7CfClRuEmvzsyTuh3Cnge5FyB67pE5Ii0gaBOFLbRWqGMw872NkK6TM/OUiiWLNkTKdQTUnGclWIjQ4Y0nreqLAfP4XkgOtIVVMYpEau0RqfyKbrtLWE9fD+WHLFjW6dtwzvtvTwc1gyAdruNnwspT04lr1UqFVQUkhti19AGgk47JhNMYqsZRipI6aBSFpWDH2Fj7H6iSNgsDQRBGJAvFNGyu421uURhBAcy41XqQcUoqhfbJpUJcsJqp5FSNBoNrly5EncyrrIievOZ5FQHiEndhYXFJ/6FLk9OMjExwdbWFlubW1QqVZaWFpmemj6k4kjLrvpIkwFWlXq9iRQyCx29IKg3mlSq9d4H8aA1JcZRntdMvZEhw8VEq9nEGDOWPUUIQRQFTE2XKU+UkE76EYNdkCsBRGroulhgyQHXcXpP+/sIAoG2Lg1QGhWT4dYCYcPE6tV9oigauP/TQDqSyakZHGMXukIPtlP0KTHEwXtfTMooSQR2AWvou4+CoNVs8PEH77N6/y4AX/76O3zpzbexxUK7hHFqUX5KUsd0R2bT62+tssfHH/6EjdVHAHzlnW/yymtvIcSYK14h+hR9t375CXdufQbAlas3eO3Nr+B6fuqxzfH77xJgUtowzWObDfl79+Vu/6r7u3zw3g/Z3drE9Ty+8o1f48bLr4EwfVc5zcUMV28I3Jis26/ssb29QdCqoU2EEAbftCiVFpiZX2JxaRGkQxC0qdT2CZod2s0W7WYN026iow4C8KWy7xVY+wnQrbSS/OzmKORL+MVJcgWf0kSR6ckZEJJWq8XWxga13Q1azQahzEMUUq/t8ejxIy5dukJ5YhLpCLQ6npQ8DdLEBtgF29Ms+Zrh+cTzPt98VokOo/Uhgn1UaK1BpHM3Rl9wq1g1klQmcZyRnxHk83kqVWvN9/N5Ou0WzUadyfLk8P6qCIQgCMK4TKyyeRZIHFfiOM4h20uXhIGjyR+tDcZEaG3nD/V6g0Jpsq8iVrvVxJFuqo2OrTm9udIoBEdS0SUIwRjkCIGkg1CrWYL/UJB916baDRU9Yux2y+XyiQ58EqRJiiSEtFxmc3OThw8eUpmy+Rw5P57I0F9tpTvBS1QckJAc3SDSaq2OdAT53HhlCzOcLZqtNju71USVkSY3Dqo3IL0+6Vd6pP82qnojQ4YM54tWy5blGjlgNHmArigVC3he/yBpSWyDNjELMczaIOKn8lLE5cr6SVNjQBhjB3Ih+hbbXXHg3du3+Pn7PyQMg9H6PwImypN89d1vMTk1e2ihe+gU4ntcl3BJy2+dWIlhAGls8OOgnUVhyMO7X7C9bevCb66v86U33+7bVgqBK2Pbhxy4m5GhYxIqLesNgg7373xBtbIHwO72Frw+3n6FoG9sUFHE3S9+xb3bnwNQr1a5euMmk1OzVi0hBPoYEUd3n1JKXIf+Jz0nhJXw2oN22m0e3rtDo1ED4OqNl+Hl46/vUeITGVtzorBDZXuL3a0tOsZBaI0wmsBILs3MsnTpEpNTU0gpiaKIiXIZFSlUGBGGHXQUolVEFEWxRcq+V1GkwRhcz8GRDo7j4DgujufiuDkcz8d1HVzPI5+zqfqFQgGJIGpVaTdqeIQIE9FutVh7vMHkxDTl0iSe66J1ZLNfzgGD7ChPG8+LpSHDi4ku0TFbuPa0uzISEgsGHFrcD2/Xy4Howh2xIIWO1ZFBECY37nGVCFOTU7TbbVqtBo7jHktuQI9AUEoRBCFaa9qdNtNTU6hIo6IIW9XFSSqT9Cssju6jMQajTGw5EYdIgWazief3yAileuSGn/MRQo5kD+qzEznuiYWj1VqdYql0fITGEUPPyWiVETDIpjIIhUKBa9eusb+/x8bGJtVKhaWlJeYX5pP9wHCrysHt9vdrzExPkssND4HJcD5otztsbe/3LCd9ZMUx1pQUTjp5yCYdGTKcL8IwJOf7Yw34do5g8DyPL371C9YfPyLodGJi4NfxvFzPTjFkAZsoE+JF7O7OJp9/+jH1eo3p6Rm+9NbblKem46yNwe2b9RqNWP5/Vtjd3aZeqx67XZ+iDUEQdHjv+//E3s42fr7AtRs3efPtbyBET4lx1EjaaPTOodVqHjiQSEI7e0TQyZ60CyEQxiBim0gazVQfgk57zP3GVp2u7UNAtbLP+uqDZJudrQ32treYmp5FSJA6Jjk4+ly6Y0r3M9JpNdlYf5wQc+NienqGxUtXEtWANppWq7fw7rQH7/dgBscgOAJcx0HriHq1RnV3h2a1ghI53NiGpAwUiyVr7YoJiFwuR2nAU1itNWEYEEUqmeCHYZh891zXwXNdPM8f2jEpJcYYth77IDToACEgCkJaO7tUKxWmp6cpFos4jkSb8bJRjsNJiI0nRTxkc4wMz6Kd5WCfd1v2PnvRiY6+Cipj2FPSlUVc1zu0HhkGrfqPKcY8dhf5fP74jVIQwtoEu3bPZqNOIV/E9XrOhCjsEEWaKArj+7TuqUxGmJMFYTiQNAiDDoVcj4RJKzdgNPWGifPH4l9GJpQOIoqifnvKCXBuBMdR6CM+usoMIZienmFiwqo51jfWqVQrLC8vUyyWjm4f7yNtVYl/Yq9SY2aqnJEcTxiW3NjrIzeOs6YceDFTb2TIcMERhuHY4aIqUnHopKBW2eeTD38CQLFQ4uXX3mBmtpcFJZL/HI/Ntcd8+vOfEqmIQqHE1RsvUZ4aXlVrenaOl155HXVKm0q1us/e7vap9hGFAasP7rG/vwuA67m8+fY3TrXPNLpzuntf/Iq7tz/vIyRGget5zM0t8O63v5PYgU57502IrNg+4yQ2Gvjsk5/3EREGwy8//jkr12/iuD7GARfHeqvjZPyBC2vR++H+3du8/4PvUa8fT0ANwtLyFf7o3/9HPH+8yWpyDulANNFPfFglEjQbbR49ekyjXkcIW8HEzqoNBaERRtmJ/jEOXCklvp/D845mG8aZ6ANJxZZ0dZXdzXV8L8fNl27gSIkS+kxUHCdVbJz3gvNZXNBmOD88q5+FQZ/ji0506FT+xqgVVIw5QFI4zlhBl1GKVHGd0ZQLZw0pBEpr5ufmE+JAK1u5qrK/z8zMdJ+ictTyuWEYMHlgjhQEQd85dkkKP+WGOI43wWAYAAAgAElEQVTg0Eaj40CmIAhPFS5aq9tx4JA9ZQycK8Exqoqju63ruly+fJlyzRIdd+7cZX5ujsWlpcSCcpxVJSE5jGFvv5opOZ4g2u0Om1tWqjyI3DjKmjIoWLSr7Ej2NSKe1UEnQ4bnHVH8NECIfptDGIV91Tas2sA5sqKWQNhgzu5+oyjZdxC0j0xG7y6EtTG89tbbvPL6myOPT4PQajS4c+tX/Phf/+lU+8GYvjyQKH7afiZILfKbjTp3bn1GFB0fkHYQKopsoKZ0SIIdxulGihTp2XPisFLHKjKEFNz74nN++ckHh9o/uH+bTz78GV/7tW/hyFiZoR20tnkraY92ovZMnX/QTcIfo+Ppz1+r1Rwpcf/YffY/m8EYS2hJYZ+eVbYf0+qEKHI4okOkJRqJLxWdTodmu02hWEQIQaNW4eHd233l+06LifIUKzdftqF1WtNotoiiCIHBk4Z0dZVmbY9GpYQ216zdRUvUKfsyLrmRXqydx9h/3vvP8HziolqYjuvPRSU60gGaI+dnxOGcvu+NvdC2xzMEnSCxOj4NaK1x3Z5S1nUcjPFoNOrk8wWr2kid16jXxoBV8KXQbjdxHZcgtMREN7sErPpFa3Xs50cr1TdOjhpIOgi1+oj2lCE4dwXHURVVDqo40pgol5mIszm2d3bYr1RYXlpianr6aKsKHAodRQj29qtMT5ezTI5zRrPVTmwpwLHkxlHWlKEBQseoNy7aYJIhQ4Yx0LWdOPL4DMkjHkAPXYQmwVSAELju6YhvUzQUisVR8i6H78fovgncycmNA+3E4eX8QXLjqAmIVrpvgd85obWjaxERshciKrC/d0Nfu/OBzz/9mA/e+wFhaPvoeR4CSRBacuKjn/0IrRVf/to7+Lm8JcqktBVLpEhyS5KpBSJ5wxeWL3Hz1ddot4630Bg0nVaLtUcPEuLMDKv3OyIOvq1dVYcrBVorgnaTVmOPMJRoBBLXhu12Sz62O339bzYaPLj7OUEnxACONLZyDwIpFFqLIa/bL5BEg7B5NVLAwvIlLl+7YQmOKKJRrxOGEVIacigi3KRvtr9VOp2AQsFBCAlEnETfcxJiA853zM8UGxlOinRVlvTvFw1H9e+iER2qT8ExYoZGmhQZM+Ry3FDN80K7E1CaOOxiiMKA8kQZY2xftVK2iNcI1yaKIvwBVVzaLVu+Vsf7g556w3GckRS7VvVibG7JiP05qo/1+unsKfAULCpdHGVV6ZZ/NcDCwgLl8gSbm1s8fPTI2laWlvD83LEkR8JAYTM5JssTWXWVc0K90WRntyf97ZblG43c6DbKrCkZMrzIEAgcZ3S+YNy7QFeVL4Rg7dF9bn32ixOpGbpQUURlb/dIpcnRHen/VWuDSREz3clFmiw+Otwg/bro+3FQAGvvz4I3vvI1Xnvr7YF7rVUr/Phf/plabX/oqQyD9SxLnG4gbMxly9h/ZO/jhsreDh+890M+/+yTZE5QKBR448tfx3Fdbv/qF+zubtNqtXj/h9/j8cP7fONbv8WlK1dxpMQIWxpXx6FpSRioEQnhsXRpheXLKyP3vbK/y/f+8b+w+uj+yc5dCCT9hIt9PU3AkOTE1BsNqrUaWtsqJwKXQORxZYBjAgQQtFu0Ws1DBFhgJBoooIiEj0Hg0R76eiQ8XOnimQ5oldhP0oiiiEatThT2viPpvnkEhGHI3t4uQszhejmbjTLG1+GkdpTzmgOctFJDhgyDcNE/Q+n+XVTrijHjV1DRxgZpdhfoQo5hx0uHizI+OXJSBGGIK2WfzSQMOxSLi33btTvt5HyEsKXZifM6Rvm4BUFIqXw4HD6KAjxXJqqXLroldY+D0ppkPmLMWBVnDqJyVPWUMfFE3rlxrSpdkgMhyOdtCOne3h7bW1v8qnKLpaUlFubn7UU/InQU6JEcxlCt1VFaUZ4onscpvrDY369RqdlJiuCwP24QucGBLfosK5k1JUOGFwpKKT796GfcePkVGzQ6YjttbKJ4t9rGONje3OBXv/gokfc7jnuie0j6KRGM/sQiIR4ENJuNPqKl1WwQBkF/WdQRx8/u2CmltfEcLkHb7adk+cpVli5dscqHvkW4YGpqmo9LpVMRHAhh8zVckQp8taRGo1bh8eojHt67y/rqA2q1StJsamqGd771W7zy+lsAXFq5xnvf/2fW12wp2tVH99n5vzdZXrnKtRsvc3nlGpPTM7E8156LAbSyl01pgxQ9W41I/fcoTExMjuxnPnzatoSxxiTk1aBFvxDdxHtBs9GgXq1hjCHSNkDVlSHSKIwRdLTEizRheDgzxhUGhSQij8AgUQgMuUIBhIMIqmil0Qg8abeXhEhjiLTBGIEnDfIAUWeMoRMGRFqjtSAwEk9opFBxRRVFpBTNZp3y1CS5fB7HcTDq+LDRi1gZBbJ5RIYXF8naa8B3YLf14KmRHDpKV1AZ7Z6cDiUFa1H0/NxIFg51ILfjSdwSbLaGIlAKEUXJPMIGr/d3oNVo4HuHs6BGteBEUUAu378ObrWbOK6DNvSV0wUzsoJFHyip655C+VKtVCmXy6eyp8BTVHDA8VaV9DbT09NMTpbZ3NhkY2PDVltZXqZU7H+jhJQQM0mGfpKj0WihIsX09JMrjfs8Y3t7n0YsmU2TG4nH+ogvXJ81ZRRlRqbeyJDhuYXWii9++Qn3T0BUAHTGrNwBtsxnOrtAShFLMMe8v3i9Jx3l8hST01PHNrFP7knUbXs724kVAqBWqVCt7DE7v2SJithqcFQiSRcqstJS4Th0K8UJkThyDqFYKmGMXYTr+AAito34+cKZPLkSolclZWtjnceP7rP+eJXdrU2azVpiR+liafkKv/abv82VazcTW8ilK9f4nd//I97/wfe4d+fzuGxei3u3P+fR/TsUCkWmZ+dZvrzCpZVrXF65ZqcAxOQCoOiR57ZiizmUx2Fi+YcQdixLKxc8zx1AePS376qD3FiF5BiBEgZFNyPkQLioEJbgEFYe3GxaG5DGznkcOoAkQqIMhEFAGLQPPSzqKkUUEo8QV2r8XInS9ALSdanvGqJWgAlDwOAIgQQkHRSO9WMLODj1VyoiaDeJlELFfXCFIF1RRamIeqvJXEy8SCkwx+T2XlRyI0OGFx3DFB27rQcYY5grXn+ifeqvZjJ6xgTYxXZXxTEqAZDOAzvNIn0cqDjvwvc9giBEaUW73aJYmiAMQxzXTfrfareYKp9sDWsMSNc9RPS0Wy0c0RvvXdfBdX200SOX5U2Xqj1Nbkmz1abVbnN9eflE7dN4YgTHUSqOUawq3S+ZlA7Lly4xUS6zvbXFvXt3mZ2dZWlxCSFlEkKK6FVW6SM5sJ6m7Z19Jicn8L2nyu88s+h0Avb2qnTCqKe2OEBu9DlLBlpTeuRGWtlxEmtKRnpkyPBsI1IRUet0FU1OCsdx+IP/8T8wOT0z8mDeRZqXl46Mcz1ML+9jwPY9AhgEhkcP+20QnaDN44f3mVtYRgpjZf/dsXFIX9qtJpvrj/HzeaSwUtd8oYA/pPKHAbSxkxNjYuXHGeapda+BMYZbv/yEjz5479A2jnSYX1zmtTe/zMuvv4Xv5zFa050vSWmYnp3j3/7RH3Pv9i0+//RjHq/eJwxDoiiiVqtSq1V5eP8ON195nfmFJVzPt4t+bWKFikE61i5jcz8knXavrK50HDwvl9iNojBIgkkBCoVSfyjbgDe302nbbBAjko2sC0cm1V6S5rGf1j58EURKEUQRYPClTnJcQ+GjhaAg2tCpEjYmwPRbSawVxZA3bYQw5AolZi9f4/LlFVzX4/FaEbn6kMb+brLPrl3FlwqNRyhyeCbof++ikE5tmzAELX0Kwu4/XVElihS1SoNwKURAHEQ3WHCUJjZawlYeGif0NUOGDE8OR82rd5r3nyjJkVY3jlpBxfdctCMJAntPE0KOaG3RtuRqEII2TyRcNLHTxMqJ9P9dL0cUhURRiJAOURjgjGG3OYgwCsjlDs8HOu0WfjxmAohYKTMeuZEOZT05MVSpVhFSMjc3d+J9dHFhV/gHSY70axOlEhOlElvb2+zsbFOtVFhcXGJ6ZmZgHkcfySEEUaTY2dlnsjxBqXSysm8vKmq1Brt7VUtaxK8NIjfGCRVNfh7wWoYMGZ5/TExMMj17sgFtY22VMAyO3/AISCnJF0r4fu7UCy6rOhBIaZC6R0wkx8LaEmQcSLG/t8PGo4eH9nP71md86c2v4OcKSAccJEobhnVvfe0R/+X//N8BcFyH6Zl5fv23v8vypeOzJ4yxAa2nmZgcRDpoTwjJyvUb3Lv9OfV6DSkEUzOzLC5f4fLVa1y9/hK5fCEmI/otHcaAxiCEw0uvvsH1l15hbfURD+/eZv3xKnu7m6hI4Xk+K9eu4+VyyQMNKQUqOlhKVmCM5sP3f8Tjh/dxPZ/rL73CV9/99WSboNOm1eoRIBNTU/EcIhWgkaIsbv3yU+qNOuUJ+2Tt8tXrrFy/yYHh7uAFSibQOgoxUQdjiCunCHyhcIhiq5EhVIaOOpz4Yi0qgkALcp5PsTTF8vIVyuUpHClZXrpCp1aj02iiog6+61hbbwgKH4PENdZykoYxBqMV0miMkQTaWlS6FVUk9u+q08QoGy7qSAelokN97JIbXcVG93v2NEMYsxDRDM8KnnZY6cHj77YekNdzFEulYc3OBPoEFVSgmwkRt3NGa9dXctU9f/WGUqo3pmAf4juui1YRSmmisEeyu16OWq2ClNLmdTjO2ARMEIRMzfSrPyIVWQLemFjtIscOVjW6P5R1lEDSgfsxUKnWmJubG+u9PgpPlOAYR8XR9/f49e6A1FVqLMzPUY6rrTx+vEq1VmV5aRnP9w9XVsFOZLtJ6wKo1uoEYcDU5MRTKwP0rEBrzc5uhWaznZAbQgzIzziW3IhxRO5GHzL1RoYMzz08z+fr3/w2r7z2Fp4/WrUrgZ10BUGH93/wPT796GcnPn4Yhjy49wWlickT7wPswJ7P5Vm58RJ0K4YIgRA2F0IKqxSwwZvWtnHrs19Qb1QP7Wtj7TG//PhDvv7N3wDAGAnoY7MNgi7RE0IYrhO0O8MbHMSYealHwVpTur/YHS8uX+bLX3uXoNOhVC4zt7BEeXKSfKEI9OYAXUvN4Vu7vY6O43H1+k2WLl2mWtlnd3uLWmUfrTVXr7+UqB+kBGMEwpEI1a96CIMOD+7dYXdnEwDHdXn7nW8mlp5Gs55UbwEoT04NvTSNZo3bn32a/L67vcXSpSs2R2VYueO4ioyOOuiwg63hIq2qRkscYRURyjgohA1SPQBXaoQWtI0kXyozObPAzPQsvu9jjGFmeobKzAKteoNaZYuJUhE/nyds56i1AzqdEEeHCDG4n5IIY2wGhxQSV0BOKIyxhI/qtNA6su+5IyDlOuoSG4MUG0+TYDizMswZMjwBPO2qLIOO15Y7tJrb567mUHr8CipgbYE9lfiIBEdqnDiLBfZxUFr3l1WN7SOO9PE8myWitCUgorDDRKlEEIQ2BFVrO845Dt6IhIJSivwBBUe73cJJXVfXHf+8o9R1O2l2FWCDtpVi/gzUG/AUFBwnsaoc3KZHckA+53Pt6gq7e/tsb29x69YtFhcXmV9YSIgRkg+QST7wXZKj3Q7oBPtMlksUC1mVlUGoN5rs7VUt0ziA3EgsRMnNhCHkxmFSJI3MmpIhw4uH+cVl/Fxu5IWHARCSXL7I1PTs0G0PkasD8P4PvjdaR4/BzMwcfzjzH5mYnE4d3y5kuxYJx7H9uX/3Fp988H6y3c1XXmNj9RHNVgMw/PwnP2Z2foFrN1/FdUAJiVZHJ6ULBNMz9loIISlPTeHnzm5MG+9ua1Usyb3eGFzP5/UvfzUZe6Vd3cfvuUmNJcOO1A3ttOFnU9MzTE5OJxSCIyXGaKSUiMTSIweWedVqsCVKAPVqJeElpJSUJ6dI1Rg+qmfJz53geGJJCJFMolUYEIVtMAZfKiItacc2EEdIQpnHNQE5qQceXUpDQWiWlxe5fPWqLbEbX09jDAvLy2gdUa/usHT5MgvLVwjDiLu3fsHG2trAKiqD9q9Ejii2t0TCxxgBnSY6iuLz6fWu2WgMVGwcNfY/SWRzhwzPIi7a51YIca5qDqPViSobdRWJXViFpz9UmWDzqJQNyTylzWLkPvaVY5WHSBXHdXBwMMYkQaTpCidBJxhLbTHoQX671bLEUffaGkMUKRxnNFtPUhq2EyClHDnrZBD2K1UKxSLlE2aMHMSFtagcJDkSRcYhIgTAMDszzWS5zObWFpubm1SqFZaWlpkolWw+hzE9NccBkgNjqFRqtNptJidKeFk2BwCdIGS/UqXdCpJHaoPIja5qA0YjN7oYJXcjQ4YMzz+6k4lxHqzaJ85iqC+3G3aVvh8BFCdK5PxcshB1XW+k287Ry1twpBuT7/GEDCuNjQtlIKVdAAoh2NvZ4qc/+kFyfN/P8eWvvcP09Cwff/gToiik3Wnxr//0X9HGcPPlL8Xnc/TxZ+cW+OZ3fpf5+UVkLBP1/Fw3luopQCAQrD64y4M7t2k06qfc37Cr30M+n2d+aZk3vvw1qyqQxJPA/g/XsI/a7Nwir735NmurDyhPTjO3uJQcf9C1LJenuHL9JoWCDT2/vHINP2WVGYjUfgy2UokWeYQJcdB40oBw0bGFRBp1pMrCz+WZmJ5lZm6BYrHUNzEVQsRBrHPMXlrBOJJAR0xOTTGzuEQ76GB295BHfPnCrmVGWsuMMpKOljhSxxGlKrmaQtgJc6Q0LbF9IawoF+H4GTI8CTwtVVRb7kCDMyc5+gJGR6yg0oXrukRJBRZxLBGQVE8RIi6xPtbhxoaKCfZuCKo7xBIjhEjKwSqlCcNOL+9inI4aQ6fTIRc/+OiGmRbyhWTyFSkFKKQzmmVXp+wpp3FCdIKARqPB1WtnV63nqazkR1JxDHg9TXJAPGilSA7Xdbi0vMREqcT2zjb3799nZmaG5aVFpHT6LSspkgPsXCPohGx19pkoFZgoFV5Y24rWmkq1TqVS75EZ8d+OIjd6HMbx5MbQUNEDyNQbGTI8/4jCgKMWj0MhbPWQgX8SsarMSYV6xvu/vHKdd7792/FxzxbFkq0xL2U3SLTXWSkFjx7c5Sc//Bc211eTv7z21ttcWbnO9PQszWaDX/3iIwCq1T2+94//D7tbm3z567+G78cqFwH6QGbC9Ny8tWgkYyKpzIjT3y9Hoxf6IQR88dkvuP3/s/emT5Ic6X3m4x5H3kfd1TeAGczFmRGHtCHF4YqiJGrNVl/2/9xP+23N1my1NInSiqRIihQvzGCAAbrRXfeRdxzuvh88IjIyK7PyqKxGdXc8ZkBXZUR4eGRlRrj//H1/7y//6U4+KavgOC47x0d8/4c/QUhbUcaul0ymR0xiMq8QsCkpP/nZ7/LpD3+LQa+bCBc23WjWe/md7/2Qn/3+L/BL5ey9N2ZcnWYmZjwhkUIiHAelJRIHiaYkFTEuGm5NIRHSoVSps//0OY12G39GmpfnedSbTQ6ePKPf69LtXNNubtHe2SUKA4JeFxXPFmNsVZfkXMZWpFMGXBPjSIMQLiTvm9aaQFwRyWhicPxtChurrPwWFLzLvO3PeV5QSVNWKmZ3Y0KHykXZrZL6kKyPZ9wmHqRMVFVb0Wx8WfJr89Pi99LlWFNBQYiV00Gq1Srn58fUag2EEPR7PcqlsjUyNyarOpM+kxZfjxlfhxB3qrx2fW1Tdbe3t9ZuY5pvLVRhVT+OZUUOIQSNRp16o87Z2TlnZ2d0Oh0ODvbZam9NiBxCCEzSbjp4E0C/P6TfH9Jo1KjX7laH913DChtdu+qXmocyKWxAKlLkxI0p8WJtcWNGhMc0xWCloOD94vLijO3dPfuAnPX1zivR6Utao5Si27ma2aYQJF4XyYGZ2GBob+/S3t7d5CXc6LC9TcnslhYEIz77+7/lb/7yvzIcDrM9Hz95zk9/9nM0UK03+MUf/wlAJnIMh0P+8v/7Txy9fsWnP/wxH3/ne3i+TxDcTIOQUiZ5vfbZmIoszPBueJu4roPRyw834qn0EXeFgVM+tNi+9wJn4vLFDVFMa00UBpTK9nnvOA71RotKrU6lWmU4HNDrdQiGI+vxNcPJ3i+Vx+VgAYyt4qKmKqhk50xK9DqOwPFK+J6PCIaMNERIKigcQshVLZmF45aoN9o8efQM35+fklQulXny6Bm/+ud/5Prsgu32Lo16E/Y0p2+OCWZ4wQD4Us2s6iKEQQoXt1zHcVyUjgmigNlX+/YpTEQLCu6f6e/ZUJxtLJojf59eNfVBqXg871iQbjIxUYeNlEif16c4jpGOYyunpCVspbPUvUopNVGOdVUzUMdxaDVahFGEMZpGvZGNT8IoyiJmlm03jXoJwyiJlF2pOxNcd7psbW3he8v5sC3Dt5qLcZ8iB8awu7uTVVt5/fpNInQcUvJ9xoshs6M5jDF0u316vQG1JKLjfX1Yam3odHt0u/2JFb95URvJ5htmoum+hbhRUPB+I6TMhX8uh+O4xFF4Iw0likL+/D//Kf/4d3+zVl8uzk/nbksnuKA5evVqrfbvwqOnzwHB11/+mr//m//Oy6+/mHjm7R8+4Rd//CfUm+2kyhd4folf/PG/R0jJZ//wt9n+L7/6gnqjxYtPvmsrg92ywqK1QRtryimc+w+3nYcxhp//4l/xnU9/MFHubx5Ka64uzvmff/2XBOEIsIO/n/zO77G1vT1ZqnUO0nGoNZrZIPLVV1+M+4MNe37z6iVhMBaZrs7P+a9/+v/QaDaJ45ggCAijgCgIGfS7jAZDlI548vwTXnzyXRqt1oyLtUOVWJls0URrk4keM94clDY4DkjXR3glCAe4AhSSmDLSREg0npTIOcLB9u4++4+e4PulW6NOhZC4rmRrZ5dqrU6pXMZzPWqNBk9efMTxy9/MPE7jY4TAIcAhhlxFFcd1kV4F4bgYDLGOVssz2zDr5OsXFHyIbEIAnOehNxI2ZQXuJnRMpKis4ImRTrx930OIm94WN86TiBup/4YxmmWNSVch7ddEZRjHQS4hqCilsijItdJTcvied+M1rdTSgtDEMQl3MWXt9vpEUcTO7mYXnR6s2cSmRI5ypcyzZ0+5urri5OSUX//6c3Z39zjY37/hy5G2nQ/FNcbQ6w3o9QZUqxVq1fJS4U7vAlEU0+316fYGOXVnLECkwgbkIjMSYSPbdVr4IH/T26y4UVBQ8DDwfX8iCmEZXNdhnvViEI4ITkd37pfrTj24k1vQbz7/FX/+Z39KGATcLLS5eaSQ+KUS/+4//O/s7h/y+uVXvH711YS48fT5x/zLf/Vv2Nk7RBtNujAjpcHzff6XP/73NJtt/vHv/ppez66uV6pVu0qfmGzOxdjJtZCTqRkLETN/XAuDASOo1Bo8rTVIU5BuM5I1xtDvdnj98mtef/MVAPVGk+//1k9pNlu3+q2Mez0euB9984o/+4//N1EUoJVJzmFNSvOrg4Nhn1999g9YlYJkHHCzn6Nh7ll5yzUopbOxxLzLtWVYNQYH4fg4ro8QtiqKNILIFhXO0lWE9JCOz/Rfxi9XcP0SnU53qWenkC5+ucJoFBBFMUorqvUm7tSgV0iJdEug4qz88USKShIi7VcSgSOJSPk2KcYOBQXLkZ9jbep7M52yYoy5UzTHuhVUJkvELj5OJGXb/ZKfiRybRimVK8U6RjruUuJAmq4TBmFy3ObmoanAYwUhsVR/tNFoowlD+ze6iynrdaeDXyqx1W4v3nkFvnWBY14Ux41tK4scyWc0GWS0220adVtS9uzslG63y8H+PvV6HWHSYVEuvzZ3jrTtwWBIfzCkVPKoVspUyu9m1ZV+f0hvMGA4CMY3tlkCxW1RG7O2Z8dOtbkhcaMYvBQUPAx8z0MpRRzHK9U8l44kvUHv7O4z6HdJ7iozBxWDwaQxZbVav9moMdakURm2d/dmnjeKQvr9LlG0OIpgU8RxlEUt/PR3f4+z02O+efkbGo0WP/jxb/NbP/0ZfrlixQ01HmQYLcC1A5+f/f4veP7xJ/zqn/6B0WjIT3/2c7uPsQ7rt2IMZkmZQgpbTnXi8BWvd+rkWZqMEGT+J1qpTKyZ0+WJVaEUrRSdztX8yD4klWoFx/WTduxA23EdgtEoiwaZf940ysKa0jqOg+u4uJ6HXypTrVapNZrsHRxSrS8erGf+G7dgFxAkGPBcB891GGWLBwrfDAm0zNJVvEodr9a+8T05Pz+nM1LIGWkzM/umTTZuSodVxhiG/T6txvjapOtTau4SX52igj4CQyRKEykqritptKr4JY8kPmapPmyKwjy0oGB9Nv29ybeX3oPTaI5VRY58BRUpVotCzEcjSGfZyAJz58iI21C5PrmuZ4V2ZZYSE2al0KyannIb+TKvxhiiKFwYLZmV1DUG6Thra0JRHNPpdHn0+NF6DdzCty5wwO0ix9SOC0UOSIM4co7nyTGO63D46NBWWzk75euXX9NutTk4PMCRzqQ3R74tcmsmxhAGEUEQcS16lEs+lUqJUmlzeUP3wXAY0B8MGQ5GKK3HosMs4WE65WRG1MZ421QqS07cyLdx4xxkvyzV/2IAU1DwcPCS1d4wDJcWONJ7qdaan/7O7/HpD348N21hNBxwcvSGv/gvf4o29kHaam3zs9/7A3YPDuemZ/gln3qjZVMDgKTQCoePn/PDH/+M68sLlL45gd40nl+i3d5ia3sXY6zx6C/+9Z/w9Zef8/zjT9ne3bUr+OkATkJaztRgUDEYBySGnb0DdvcP0cl9O9P8uXsIrUjOLRCYTLxOn6rrY4UK6z8hpQBH4ggYjYb87X//C17+5te3Ht/tXmc/d64v+b/+z//j1v2fvPiY3/29X1Br+LlFEdje3eNHP/0drq8uCHOlWx3HwS+V8X0f3y/j+R6u6+J6Ll7ye8kv45fLVCs1/HIZx3GS995wnDOIXZf83yF5IGsAACAASURBVL9SrVCr1+leTFYtcYXJ0lXKbhnPc288C4NBl3iJsrSLiMMh5AUOKfH9EoF0iDUExsGRGlcYpDBEWqKER6VSx3VclFYE8duJkMpTjA0KCu6Hu6SxZHM0IbIqK7C80JEXusUKFVTS8YItpyqXM8vMiQeLowRXRycCRRq94TgOQrhwM1NkJpnXRRAiHeceKn2arH1rMrpEREk8rjrj3kFsue50AdjZ2bwn2oMQOGC+yHHj9QUiR/qFmmGxYY8Tglqjzkf1GufnF5ydndLpdtnf32N7a/uGN0c+bQUmhQ5jDINRwGAUIIWgVPIolUqUfA9nadXwfoiVYjQKGA4DRsMgC9laJGxM7MMqURvJb9OixgriRuG7UVDwbuAllRqCMKRarS53kAGtYRSEVCsV6s0ZPgZgbyMIao0Gf/tXf85waEdGO3v7fPf7P8Jx3VvT/LVOPBC0bcsYaLTa/Ms/+rcARFFEMBxi0DOeOdnDYrlrmkGlWsfzPNtSMlAwxrC1s8f27l62Ym5y1yoA6YASoBQoozFKoLWwVUCkQWCdzu1hd78nDgcDu1oFMDE+EQTD4YSD/ToYklUnIZHJ2zkajTh+82pCwFiGRft/9evP+PG/+B1qjVYWOeEYu1L28z/8o6xHcRQTxxEGmzMspYPreUgpc58pM/5/7mOgtJ563t0NbUhSWTS1Wo1Gs86JFOhkmzYOjtBIDBESLzEinSYORkTBCEeO+611WjVofAHLvJ5HSkmlVGboJMVgja2cIoVBGQeFQDgejXoD3/OJVUQUBzZNJQmkve8ndzE2KCi4Pzbl0WGMseajsHQ0x2QFlSVSJrQmjmM7Oc8iJZabh01ER9yHwDHlubHq+6o25HUxD9d1CZVKBJglSupqjSFJTzHmThVHrzsdmq0WlXJ57Tbm8WAEDrgHkWOOL0e6387Oti0pe3bG0dER3U6Xg8NDyqXSjbSVfHuZqpmeNxE7hqOQ4cjmRzmOpOR5eJ6H57v4G1fcJgmCkDCykSWjICCO8urnLaJG+n7m92MsbGSb56SbFOJGQcGHRxbBMaOSxzy0sSv6vd4Az/XnrpRIaVManBk5nVbcMCh9i5dhzkPB3vdAGJPdcnzfx3Ec1KzokQ3MynzfTyppGDD5mhKp55MtF3v06mW2pVKr0t7aIUvtUAaVPHu0EUglSNV3Ka3ocVe+/tJGUbiOO3E/Viqm1+kwGq3msTKLaZEA4NGTZ5QrC0QxbYiTcniOdGdWLTk/OWaUGIVOG94abVAwURoYJJ7v45dKiffFOOowE8WY/FylYlR6MY57Uwi4C6lgVavVaDQaCCHxZYjGIxIlPBMiCfHNkErZoVSp3ngmhkaigQrK2unmqq54OSFjmdfzOI5LpV5PBCBDRWiEMBhcIlnGNSEN32F7a8tGegyH9m+WDis29zYVFBS8w9wQOpYQOSYrqCzjUaEToUKP5yJL+kLkBYR7ieDICSjLGIrmUdqK4KnXxSZTU7JzxOPrd125cN5lclGwzgopytP0B0OCUcCjR4/XbuM2HpTAAfctcjCRsoIQlCtlnjx9wvXVFWfnF3zxxa/Z3dnl4OAgMyFNhY40MmReVEcqdoDNTxqoAEZ2AmCMwXUd+5/j4joS6chE+bKrc07ye/7DZU27rGmZ0rZEUBxrlIqJ4pgoionCeOKYvAiRH7jOi9aY/Hc5YWN8zE2RZOLfiX2Z2JdZ25Z4vaCg4NtFCIHvewRhuGDHnBAqoOT5jMSQWCnced9vkxw0I4pCiHEUw61pjakeYBinq5CIAwLOz475H3/554TB3Y1NUxqNFt/53g94+tF3MIlpqMkbMQibS+w4dsDz+Wf/wK/+6R/wSyU+/vT7/MEf/TvInmLJ5DeJRNG5yLn8fdF1fWCwcl+VVvzqn/+eX/3z39/tohdhSEQD+xfY2d3j9/7wj2f6bCyLNpp+r8df/bc/4zdf/NKeZkqU0MaAMuj0WSYFjmOfs5fnZ3z1xa/o93s0mm2+/1s/xfOsKKWS6jOkfTZjzUsIgdxwuV1jIIo1nivx/Qq11i6DziVhEOAREWsNOPhSUS6VqFbHq1z1Rosf/OR3CGONQeAKnUX5xEgczER53GVer9Vq2QDcdR0a9RoXnovRgtDYyilSaDwiypUq1cYWruMSqZBI3T1NpqCg4N1kmXSWdPuQM4aDM3aqL+buu2oFlTT1dGziuZxZZjq5T0udbtp/Qxv7TMnSU1YUUDIxwZh7LV+bIuTic8TxuE+pP8g6URydTgfpOOzu7Kx87DI8OIED7i5yZNty3PDlSH5PBYtWu02z2eLk9JSz8zO63S77+/s0m81M6Mi1NDOqI+1H1icmTbCU0iilCZhcOUz3OTk54ez0DOlIdnd2aE6FcM+7eUx8sGYIGhPHLits5K5xYr+Jfohb95vZ70LcKCh4L/Bcb2EEhzXsSu8v4Jc8KmVbLWKeKWL61Z+lX9h7vEAIs4Sp4nh7aqyYvn78zTd8+fk/Lzh+deqNphU4sCKGSsqEZsKEI3Gwz4uL8zPCyJYjPf7mVTJImBzImWyCbRBToaCu57H/6FGWwrO9IIdVSGugmV9NWpY0JWlVxs9d+5sxwkZQLOO5Na/NZFDl+/NNvtPyrCRivoO0nxch+PLzX/LXf/FfiOOISqXG1tY2Tz/6xP7NjMkG1rnAjUQcG7/3Qkiq1XpmmOqX1guvFViDN0dK/FKZnf2nqCgiDEdgYmsSm/SjVPJtdGnyBanUajz/5Hsz3x+VXYMdXMspYUyIxWHIUkrK5ZL1HsGmqEghEYBDQLN1SGt7FyElo6BHGC8QO+9AYSZaUPCwyc/PlhE6jDGcD76iYnZnRnMsU0FFKYWTlAMnExEkoBfaBKSCTJxO7o25UzTC3PNMeIlItNFLRaSkxHE+vWXz0SVp9GPqvbFI4LF2ByY7JgxCWON908Zwdd1hb2/v3u7rD1LggLuJHDBeB5vny5EemokQQiAcwcHBPo16ndOzU16+ekm71Wb/YB/P9WYKHdNRHbnms35M/zx9Xekf9/DggHarxfHxMadnZwyGQ3a2dyiV5gzkZnwolhE18j/fVdiYbKsQNwoKPhQ836ff78/fQdgUgXyagOtKms3GjUiEG4cKMVHqLSUMQ3y/NLECvYg0iE/r8b1JTUUQuK630qAjRal4wrR02rfCaG09IYy5kVayTBRD/i0y6X+JUF+uVPj9P/w3/OznfwBAo9myj8I52oHr+nznez9KolbE5I16Fmlqp5RUq+uV+UujANNov+Ggzz/+3V9z9PpVsn1Jg/HprinN+dnxrftorLAlhbEfwtwFp+a202k4SdBMJmrc6Fny/vqez7/43d+n17UrUDv7+ytfQ9acNihtqFSrfPTJRwy7Z3SuL7M0EMeEVlSQzlI55Uop+v1+trIWhiGu500YwXmeR7V6M91lHmmKihIlYgQeI/b29jh4dIgQgjAe3dmzZRbp2K0YExQUPHzmfU9nCR/pz7OqrOhcBRX7/Z/VpvXTUkqRN8V0XYnj+AuF/PR+ZTZU6nTueZKHSmrgGQYBnldaSqyw4oYhDCO7WHQv6TPj6i7GaIJglFQSm12pxZES43rEcWRNT9eMeul0uhhj2L6n6A14wAIH3C5yQE4oWEXkyFJWxkOYfNQFQlCr16jWqlxcXHJ6ekrn+pr9wwN2tneyaA1B7pgZYkfWvxnXMHG+KSqVCh999BEXFxecnFiRZXtr+8aHYNbHaWZayhxRw7axnLAx2c7dxY1FE5uCgoKHj+/7XF1dobSeGXY5eS+Al7/5gtFwiDGLJ/ajUcDVxVkWnQDw5puX/M2f/xfa2ztLl8TcP3xMa2vXenDkN0zdf3/w49/m0ZMns8vQziGMAt68fMnf/vVfYMxmy2NKKRHmZj2KdCChtY1gsUat40i/NDUmdf6w6RogjeHTH/6Y7/3ox2v3yXqfmGySvw5RFPDl559xfnYC2Pu95y5pJT9F3nejUllPgJn+u0kBRkqmnnZW4JciuXRDe3uX9vZubtUijZaY+2ifS2o26kiJ7/s0trZp9Hp0rjsIrTBGEGjJxXWH8skZ7e3tbOVxMBwQhxFRGBEFI3Q0Io4iosRI1RiDihWOIydyyx0p8VwPx/Nx/BK+X8HxHUqlEpWyFT6C0Yjzs3NGo1GywGGAGLdUodl+TK3VQjqCYTggCEeoJb7X02m9t+67RMh7QUHBwyc/J5r1nR7Jc0bDc7YrzwHQeYPRORVU0oUFa2Sdi8+UzlIRaql4kJ3HcWcKKXfF9zxiISaeV8uOX7QeH3Mf3hv2vXPAqEzk8X0PrTVah0SRsJ4c0p0Y46l40jR1Ha6uO1RrNRr15cdcq/KgBQ64fYVnYlsurnniyzTeeeLYWdEc6fHpCzs729TrdU5PTzk6Oqbb7XJwcEilUsmWBafFDiuZzBY80j7lTzjv2rZ3dmi2Wpwcn3BxeUl/0Gdne4f69IfhlqiIyZ+Tf2eIGvl971PYuLFtimIwU1Dw7pAvFTvPATtZuEcpxV/9t//M9dUFUbTeSu9w2Ofv//avVuify8ff/QF/9Cf/W9KZ2fu5jsunP/wtDg4frxZNIATN5hb/+Hd/Qxit5j9w251OSrHEc2/2s2N6AmmryRiUsKvwd6ngaYyNgknsW9dup9/t5to01BtzqumswNMXH1NZM8okRYhEWEoHy1MhHGkMiI3wyOWvkP64/vurtSZWUHI82jt7BMGIoNdBGUOsbHrI1cUlUkiiaIQUkjAK6fY6hKOIcDQkGA4IgxEqDnGkwRiJQSCFQmuRVI4xEz8Lt4JXqlKp1vDLHpVKmXqjhUQwGo24OD9nNBxgEGgjcSVUKyUOnj6jWm+gjWYQdJcSN9L3cPx+3fwe5CdAxXigoOD9YtF3+nzwFTvVF5P+G3MiHdJ9xp4bAHI5340kzSKNqgDrOXRf5K972mdxHtroJAIviS65B4FDSokvJca4aK1Qaix0gBU7rBCkiJCJAakzrqCyhJA0i1EQMBgMeP78+Qav5iYPXuCAFUQO+8LS0RywWOgolXyePn3C9fU152dnfPHFF+zt7bG/tzeOeJj24ZgaFE1kfwsxMQa67YPu+z5Pnz2l1W5xfHzC0dEbms0Wu7u7yBmlhm7+nvZhStTI/bKusDHrmBt9KMSNgoL3Fj8TOIKlS3wNh3erzBHPqnwyBxXHK/lNWG+H5fsi7qIWzGtTgCOn7r2rHE9abtYO8pTSxFrjINDqbvdYw2rvzzJ88t0f8K//1//ARCnyNXAcF+k4iSm3fZ5M6RMLkUJgI5TX64g1CjcYpH2vlF76/dLaoJSND9ne2kFHMadvjgn6HaQJqAhNPLjkbHTNxdFX2XFGK3TiSQKGUSzRRlJBEQsfk6ST5Cut5H8ehRHDsEs0vM58OrJID2NQWiUVZxybMuM71Bttnjx6hu+XGEZ9htEwM2Zd7f2a8VoxDigo+KA5H3yFHzay32eljlqxXU8YioJZuixsvgqITbMQGzcXzTOdbhtFId6Mkt95Jk1WN2N+mvoxTSOEjcRwHCfzodIzxQ4N5KJK1kzpub623lXb29trHb8s74TAAXcTOWB2NMeNtBWYK3S0Wi2azSZnp2ecnZ7S6Vyzv39Aq9Uar5rlxI60fWAqnSUf1brcoKDZaNBsNDg9OeXk9IT+YMDuzg6tdnviksft34zcyP8ya4VkkbAx67i5wsaNExfiRkHB+0ZqPBmMAmjevq/jOPzgx7/N9u4Bg37vLfQO6s0mH3/3+5OZhDNuNUorOleXtLe2Ka1gFhkEI06PX6PXSE+ZzvIYDvt8+fln7O0f4JcqK7eX4vkerusjk5V6sANBk/qP3OFemz7PNr2SlA7k7vIc0ErjeK7NG5ZgtECLyefuPF5+9SWN9hae6y5dVnAW1VoNY0AKO4gcW7EtgbDVT8LIVlRpNG1Fnpdf/pKLszO08MBEqCgmDDWesPVh0som6c9CmKwErNYajcCTNmxbJuZ7rjAoJDFlJDECKwSGWqIR+DIkzn5WxFpihKRccnn0+DGPnjzB90uE8ZB+0Lc53GuKfdMRrcVIoKDgwyV9BigTILBixaznTd7vR0qJ75eI43jpEq92om6xZd03v1iRJy9WaK3xbjHITslXKnE35L2hYkWMwZFybuSFFALpuuC66CTFUav4hthhTVnXFDg6Hba3t7Mo4PvinRE4YA2RAxZGc+RZJHQIIdjb36NWr3N2esqrly/pdrscHh7gpnnE+fPkB1gzUlLyQsTCgZgQ7B8c0Gy3OT464uT0lF6/z97uLuXc6uksQSPry6yfb7y2WNjIHzf9+qwBdCFuFBS8f0gpcV2XMJpdPcF6AIzvtz/48b/g+7/1U7vtreXXi4VCsjGGf/q7/8GXv/ps5dY715crRZXkyafhdrsd/uI//793cnH3/RL7j57w8z/813iebyNMhJisIHPHgZxIczQ2xMmb13z2D//zzu24rkut0eDFJ58mUQiAFuN0k1v41T//T77+8vO1zy2EoFSp8KOf/Izv/egnyTlX/2xb07wYcCmVyzx+9pxhv8twFNAdxqANhhhlwE0iQSPjIkWMg0YZ8AQ4WfSKxhj7k5OLHJXJN0Ih8aRAYtDGQeUWYhQSbQSgMMLBLZXZajc5fPyY3b09tFEMogFBNETfIWFpIn13zTYKCgreL1JxA0DM8ODIR2Y6WVnr5Z6dNppC36txZ56b0W2Ly9daE3SbQiOE2NiiglKxFdO1Jo5jHMdBOi7zLEGkEEjPBc9N0ihVljaztrlot0ccK3Z2b6/6tgneKYEDFoscwE2h45ZojlWFDgHUqhVqL54nJqQndDrXHBwcsJuW6Zua8E+IGlPCy0Q/l6BSLvPRRx9xdX3F0dExL1+9ZGtrm73dnVujJm4XNXKvritszLiGRROYQtwoKHi38TyPIJhfHtIYSOZYyS1PYNCMhiNc18P17i/vNe2AwaYAWIuE2fec1998NfP1+0RMhd52k5Kjd2EUjPid3//DheGvD4Vev8N/+7P/uJG2Go0Wu3sH1Fb09BgOh3dOneISdvcO+d6PfnKnZrRJV+4kJd/l8OlzkJIv/unvCZBo6VMRI4QwaFw8x8cxBom6UeVEShf7xI5xsN9RgSEwDhpD2dh2svSTXMWW/LGVkkd7e4sXn3xKq91GoxkGAwajHkrHk2OpO1x7tvB0hzYKCgq+PTaxcCFyoW82bW5yuza29LVNT1ndA0LrfOrHPY8/IIl0cFGJyegy1VPyESqbMhdNK8f5fpJaHITESoFSdrHKcW4Ve1K/jnxb63Dd6VAql2m37u69tYh3TuCA20WOmdsXRHPA8kJHvrmdnW0aTZs6cnx0RKfT5dGjQ6qV6g1R40ZvZ4kxS5D2cWtrm1azydHxMRcXlwwGNpqjlpiQ3vDjmDp+8lVYRdi40c6KURvLbC8oKHj4+J7HaDSavdEk1Tz09CBF0u0OEFLQbrVnH7tBDLa6hZPrRK3ZpNFo0e930VrbXNK17kkGrTRCCqqVOv68kt5TCCHYPTik1+2sHQEyTaVS5fGzj+4UBbIOzWaLi4szAPwlUnx29g94/dIKStKRGxlk2giO5lIrXdu7uzx5+oKL89M7nzel0Wyzf/hoI20prTGRwXEklWqNg0eP8RyHN0fHXF9eYCKItPXRcGWIMAqDgxYeAit2CAwuMcpIAp2ksQiJEl4W8SGETlJRwJURSmsUDr5QuMQgXTy3wuGT5+w/ekxrawvpSvpBn97g6oax6Kae6IXIUVDwsJhV5nUWGxnXm/xc5Ob9PF+NxF1j8q/S9BRjlhIb7oqUkigaP+Olc/vzOTMXTRaOnAX7L8ukKCEnzFnDMCLUGolNCXIWVJRZV3QJo4hut8eTJ0/WOn5V3kmBA5YTOWC5aA64XehIX5/1i+95PHnymE6nwenpqTUh3d1jb39/InxnnOky2ecbosr0dcy7QOwH/+mTp7TbWxy9ecPr16+tCeneLl5ukLuKqHHj5+n+3DFqY9l9CgoKHj6+73Pd6cw1r8LMCtGEURhxenJC+fu1t3I/kAKE4+Ak4STPnn9MpVIlVutVdJmF63pUqlVuDbY3VnCRQvKT3/45P/ntn2/s/GAd5UulkvXdgI2mk8yiWmvw3R/8mDffvATg8ZNnk5ef+Z/YaWuj0eK3f/4HfPf7P9p4X8qVCtVa3Z4qve5ktmzMuPrJs4++w/bO/sbPX280knOkJ14XgTYQhgrXlTSabVtpxnFxhKHfE8TDCBNFOAQYI1A4KCFxTIwwMUgQRlujUGOjhaQRKDE7LcUhQOGgDWjj4JdcypUqtXqbwyfP2Nnbw2DoBX0GQZdIWwf9TX9z8+0VQkdBwcPgrY7ZzVh0mK6gkpqLZttX9IB42+kpYMc/BsYRJwvOmfl1JP3bxFuvjZkwZS2XSyit0bEVtrOojjBCK0WsFFI6uI7c6HvU6dgKats7Oxtr8zbEf/qzP3/nUx8XRUHM3D712vQ+Zs62G21NbNOcnp5xcXmJ7/scHFgT0tvOe2dyn/6TkxNOTo6R0mF3d5ftrXR1dH60xaaEjZn7rLi9oKDg3aLf6/Hy1Ss++fhjGo3G4gMSev0+v/71r3ny5MlKx62LEOBIies6uA73MjlLMUlpz1hplFLZLV8KcNx00AD31wNQ2qCURsUKtcFHjhCJ94oj8dy03N3kIoIxBq0MsdKEkcKRAtdxcN2kSsc9PgbS8rlxbIiVQmmT/e0dV+I64l7fd0j/9gqVVFHRcYwyGinkytE1UoDnOZR8lziK6HSveX30DWffvKR/dYEQMFIOGihLQ6ituWnFUcSUrcmoGSUGonafNC0lFLm0FGH/ihqPSJTYP9jl0eNDHh8+wS+V0SiGwYDrwSWxjlf+Gy67AnzjOAqRo6DgQ8IJXVBWuCj5FdycEWUcx8RK4fseQkhKS0ZMjo+PiOM485BYlJaxCaIoRmnbZ8dxFqaPjkYBMI7gcF13aX+RWSilkipdMX7Jv9EHbew4xUa2WPEobygqseMWKW+P6liGz7/4DeVKhe9/73t3a2hJ3tkIjjxrR3PYF2fusyiiI9t3QhSQ7O/v02g2OT094eXLl3S7HQ4PDsauuQv6ugrT/To4OGArKSl7enpKv99jb29/woR0+rh5qSzztq8jbCy7T0FBwbtFrV5HCkG3211JqKjXajiOQ7/ffysChzFgtEZpgTGC+xzTaG3Ldho9WSbUYKt9KEDfSNvZHCYpG6qUZvX6LovaBrTGSIFSBinN1LK7LSWrtEElJVuNMSijQaXCzv2R+q0oo7PnbLbqp5JZPPdkcJus1AVBQL/XJQhCpCNtZRfHSQaREdoYXMfD9Vx8v4TjevPHGEAcKUDguS6NRpPHUtCuN+lcXnB+do7odQmDIUJoXGETVALl4EhbMUUKk1VOUcJDmghppQxirTHCo+x7+H6Zar1Fe3efRqtBvVGnXKkSRAP6YZ9h0EcbNfG5XVaAWPf9zo/D8r8XFHwIvD0z7oeD0WMJejqCQ2mdzdnWSd1IK5P4vkcYRijuP4ojX5J2mfQUxxEoZSM+wiC8k8GoMRDF8cTC+nQfpJBIV+K5VgxRKs4iOsB6daANd7UC6Q0GhGHIk6dP79bQCrwXAgcsFjnm7rOk0AGTYsf0jScvdlQqFZ4/f8HV1RWnpydcX3c4PDxgb29/6b4uYt5Nr1Su8OKjF1xdXnF0fMTXX3/N1tYWe3t7S0drzGx/zvkKcaOg4MOmWqvR7XZXPq5Rr9Pv9++hR7PRBogVWkqEvr91fG1n1DfEBWNAGYNKBjz3FkFyT+2maIAkOkHqWemcxoo8SSixNrfvv/H+JeKSNvnXwChFmr69sV7kAli0VnSuryiVyzTb27hzB7OGIAyJwoAwGBH2OmhtcKRDqVyiVK7mxhmgABPFYFwc16Xd3KLV2KLZ3sHx61SvTxn1u3Z1M4oIlWaoJJIYlwijwZUaiUQ5Po5wcKXGcRwiKrh+mXa9il+p02pv8ejxI4QUIDTDcMAg7DEKB8R6djrXPJEjHRNt4r2eihMqKHineaueFu8YwsyuoGLLness1cNdo0SpFQ2C7Pd1y5wui1YKTWrsuTg9RQqJkS5KqXEazR0+A6lZaZqaIoS8tQ+O4+A4Dtpo4iiyCwNicb+X4fq6i+u67L6l9BR4jwQOmBOpsew+c4SO/L5i1v630G63aTTqnJyccnx8kpmQ1mq16dZW5rbTCwRbW1s0Wy2Oj444vzhn0O+zt7dHPVktXUrUuOVEhbBRUFAANhrj6PiYURBQXiFktNFocHV9TTAaUSovNqe8KwasH4HedFzDjHMtMRt7VydsqVBjjB28TT8jTBLJYKYEBjFD9LnPPt66fcl2crZds7cn/xsNh/T6Xba3diiXK4tapeSXKPmT35UoChkOB1xdniGEoFypUipVECLx5IhjpBI4jh3c1+t1PvnOJ2jzgmA44vL6kuvLK7q9PqUoxoRDdDgkCvvWZ0MKSiWJ9GqUKhUazQrlco1Gvcn21pYt+5cMcEfhgH4ibCij5leuy/2cer7MMinfRARGKnIUo4qCd51ibDyHXD6lEJP+E7FS2bNmHXEDxv4dYRjZEqj39HcwxooL2oyfeMv2WZu7V3mxJWCTyi3JNTqOw3TltnkIxKTXyR2NwLXWXF9fs39wcKd2ViEIw/dL4EhZNpoDFgsd8/adF9mRvZY86F3X4/Hjx/R7PU5OTvjyyy/Z2d5h/+Dgzg6+t62NCGHznp88eUKr3c5MSBuNBnv7e3iuN7HvjAbmtrtU34obeEHBB0G90YDjYzqdDuW9vaWPS1NTev3+WxE4Uu7Zd/ODIYuQWPINfV/f9263g1aKw8PHyCUHkLPwPB/P82k228RRxGDYH4sd5SqlcgUjbISK0uAmgoQnXVzXw/E86rUmUZSknqgIo2J0UqVHSIl0PITj4ngenu/iuR6+X6JUF3z2xQAAIABJREFUKhGpkGHcIxgFhOEIpZVNLVpWDrolnH6TERiFyFFQ8L4y/mY7uUm1MYn5ZiqerjnhVkmKSlq69b5QKrbVXoTI0j2WTTXRaiwsrDNH1Mb6T02eXy5VOl4bTRhEuK49byoE3XU6d5WYi+7u7t6toRW4uLh4PwUOWC6a49b9JhJN50d1wM2H7SzBo95oUKvXOTs95fzinOtOh8PDQ7bady+TOFdMSF6v1+t899NPOT094ejNEb1ej/39fba2tmbuv9I51tyvoKDg/cB1XcrlMt1ul/0VBA7P86hWK/T7PXbeYthiwSSpX4g2Bq3san32M9bLwyRVWbRSSRm73DFao7VaeJ5NIbBmpQj7ryMlqeM8kAzIBEJaE9T0iSSksNVEpEj2k1kbruvi5czsluXq8pJyuURze7MDN9fzaHrtCbHj+uocEJTLZcqVGkZrpJEoYb1NSuUKlUqFTE5Irn163GIMaGzoslLWAK836hDEAZEKiOPoRgnYeeRD7YUQt4oPm0pVKShYl3XNbgveDvn0FKPts0VKOU61SMxF10FpjTE6M9Bct9TpMqSpHWO/EGcp8Vvn+2jMWv4gqYiTenjACtEjSgGaOF9KdwNCUKfTpd6oU6tW79zWspyfnb2/AkfKnYUOu5Fk4439U24TPGAseuzt79NqNjk+OeHVq5d0Ox0ODg9XCu2ecwELNgv29w9oNVscnxxzcnJCt9tld2+XarV263HLnb54YBQUfKjUazXOzs9RWq+Ur9lsNDk6Ps4GMgWzMYngoJI85FSASAWGaQEiXfHKCxBaG1s2VGs7AEuEjFX9oGQiHjiORAppIwOSCe7bwAowGq3s9YS567DGrmZmaeJFCCEolUqUfJ9ypULJ9/FLpbkO9sNBD89zaTZnL1J0OleMhiO0jq3/iBS4no/v+3h+Cd8vLRUiPS129Ppdri7PaW/tYJQmTsKg0yo9ErsSl1a7cRx7Dp1UtxmEtqwzAsJ4SBAFKB2zTpzFrL/5bSLHps1Ci2iOgpRlDDmLcerDRujxGECZmNGoj++XM8NqsNUqozAgQuK6NoptKfEgVxL+PqM3dPL8yRt1LjIXTVEqb0i6bhrOuI3Ue2NZMSc1YU2FEbh7espwOGIwGPD8+fM7tbMKnU6H4XD4/gscKasKHTP3nRHVMeu4Wcfmt5bKZZ4/f87V9RWnp2d0fvlLDg4P2N/fXH7SfBPSMs+fv+C6ecWboyNefv2Sra0t9vf3x+FfKzwEigdGQUFBtVaD83O63S7t6dLYt5Cmt7ytaioPCZ2EkSqt7b9xjEpq0MexDXFNa9LnBz6LmCVAOFLiePZfIW0Ug5S2RF62v0wHi+Pf7b52H+k4GzEbe1uYaeEjNT+1tWQntsVxzCgIGA6HDEdDrjudrB3XdSn5PqVymZLvU6lU8Hyf0XDA4aObjvDaGM7PTpBS0mxvTTwj4zgijkJ63Q5xHIGxg99SyadarS0MI3Y9j3Z7m27nms71Jc3WOArTYAeo6dns58hWYEm5HH5jhy6CpOpLXuC6exLJjdTdFbeve76iykpBMRZ991FehJQaGVlxwBjDaNhHOh6O406UL/V9z0YaxLGtBOK4t0Yq5J+h9xG9EUYxjhTZQkJ6HmsgvYQAY3QWqQLgrtFHnSx0pKamnuehtVrqu6G0TUdMzU0NbCQ95bprn6U7bzE95fziAiHlhyNwpKxSwWSpqI6UBYLHeLfxfu1Wm0a9wcnpKcdHx3SuOxw+ekS9Xl+qf7edZ9F+7cSE9OjoDWenZ3S7Xfb29mitkDJTPFAKCgoAqtUqjuOsLHDUqlVc16W3YpnZh44xhiAYMRqOCKMIlQgWKidYzHsOpXXvXceh5Pvj3z0Xx3HfGwHivhFC4KTPqBUHi3EcMxyNCIIRw+GI0WjI1eXlRGTIixcvbhw3CoZcXVxQrdUpzTAbdV0P1/XIb9JKEUYBFxfnYAzlSmWh2NFotogvYga9LtX6+HtjzKRMoZkcc6SVUIy+/1D9RS1v8szFSKSgYD7vQmpO2kftKIywIocw9hlnjMJoaUUNbaMxwiDM5mG+7+HkLk0pjePILKoni0y4J3NRrTVaxWTBE0n70nHxvMXP5DAMrDCS9jF5rq9KnBNxXNfJqqIsQz7CRUoHz3MnjEbX5brTZWd3dy3BZh2U1pydnbHVbn14AgcsH80xvf+txywQPGa1BXYw+/jRIxqNBmdnZ/zmyy/Z3t7m8NHhWnWe551nFlJKnjx+Qru9xdGbN7w5sv4ce3t7+LekzDzkm2RBQcG3Q33dcrGNxlrHPSSC0YjRaMQw+Xc0GmXbHClxXRfHdfBLJaqpYDH9n+Pgum5xf30AuK5Lo16nMbXYMAoCRqMRxpgbQl4cR3z++Rf4vk+sDf4ooFwu45dKt/5NpeNQdqqUyzY/ORgNuLy4wBh9q9ixtb3DyckxwWhoDUhnDDnS14SAs/5X2evrfMaWSQFYuU0KceJd5l2YOL/LbOo791D/PvnrSxefhRDggJYRTuSCshNjpSNGgaJcLiO9chblmKZhRFGIUg6O4xJFAXHs4DhW3Miu35i1Uz9uI63wkk9LgdtLsqaYJI00zzpigK1On6t8skobJhfhYkxWPveuacPXnS4qVuzsbN+pnVU4PzsDY2g2mh+mwJGylHBxyzG3HnfbDWXGMelg6vTsjIvzczqJN8f29vwPxjo3rVlH1KpVvvOd73B2fs7Rmzd88eWX7O7usLs7Ngx8qDfIgoKCh0G1VuO602EwGFBdwUyq0WhweXnJaDRcosTmYjK/isSzQqkYpXT28JdJ+obrukjp4DpOZkiZp9fr0uv1GQ4G2cqI57q4nofnecRxTBSGBGGYPQccx6FSqbC/v0+lYk0fS/5i9/KCd4NyqTTXL2sUhLTbLUbDEVeXV0nIryVLcSmVsnSUeYPHUrlKKRE7RqNBFtnRaLZu+GXt7u1zfPw6ixbJ+dpNkH9tXXHjvihEjodJ4Wnx7fO+v7+3Xp8A5cfI2CAiO1U1RjMcDvD8EkI4CMjSVnzfS7ymVLKvIk6CEowxma/EsgvHcRxnkZK3oW8IFNbLaFljz/Q5kRmLOs565qI5I1Yp5EoVvVJxIwxCm766oc9dp9ulXC7Tai4f1XtXLi4uKJfL1KrlD1vgyLNqVMf0cSlLHX/Lh2dvb49ms8nJyQnfvHpFp9Ph8aNHa5dRXOVjuruzQ6vV5OjomLOz8yRtZf+9Ch0vKCi4Hxr1Om+Abre7ssAB0O/1JwSOeUKF0RqlFFGS8pGab2qtULGamFiuQpryIYTI2nQch2q1St330NqmnfR6PcDmp5YrZXZ3dqyYUa3e3Sy64J2lXqtRr40FiCAMGY2GjIbjqJ5OztujXC5TrVapVitzBY9yOY3sMFycneK4LiV//BmTQlD2y4TBCL80f4xwPrDRG+tOmO5rorVpT46CzfG+T64LHj7GGLSrEEnKCsZ+JqMwwHOtaGzHByoTCGCygkge6ThLe0oopTBxTIRNNXGTkq1RGCIdG5Epk7ECJMKClPh+CW00Ysm7mYrHviKe561t6qmUGnt/rGiiqvRkesomCKOIbrfHk6c3farui8FgQLfb5eBgH6AQOKZZV+iYPj7Pqm2VSiWePXvG1dUVp6enfPbZZxwcHnJwcLsJ6SYeR57r8ezpU7babd4cHfHNN9/QaDRs2kqxEllQUDAHmUQvdLqdhfeqPK7jUK/VuLi8pNvrLSVUCCFwHBt9IR2J7/vZ747j4Lhu9rvrutafIgnZTM0784ae079LIdja3pq58pCKLf4SdeULPlxKvk/J9yc+Q0prhsMh/V6PXr/P1eUlFxcXgBU8KpUK1WqVWm1S8FCxwvFKHB+94emzFxMrbOVKheFwkAkc86I4VuG+Ug/uu4zsKucreH8pUmfeL4xj0DJEhi5o+xyP4hClFKVyGd/z0VrbhQ6lbCSC42Tig+u6KK2XTv3QSTWuVCjRWhHqsYCgtEIFsb1H5262aXTIstETKjlPKs6sa36aenrZdB2ZRbHIGZGp09iy73rlCJdFXF9bMf+2LIRNc3Z+DkCraRfNCoFjDuukryzT1m1Mn6fdbtNsNjk9OeH4+JjO9TWPEr+O+yDfz0ajQaPR4OTkhKPj48yEdGdn517OXVBQ8O6T3jOiKMLzvMUHJLS32uiLC1zXW0qouIth1V3NrhwpcWQhbhSsjiNlFumRSoC9fj8TPK6vrri8vATGER7BaER/MMjaaLY6E/4fvl+i07kGplNR7O8Xw6+z/PZFE/40LeG+IzYWVT3ZVFWUdy1C5EOfmL/vnhMFt3PbArEBtB/hxCBi+wzXRjEc9vH9yjj6wfVQyqaX4HqoOLYeVyv0Qyk9NjAtjZ/1YRDe+H28j1hZoMiXdL2LsKASD5C0f0pZI2lniYhSrZKFJCESQWTtbkxw1enS3mq/1ajWi/Nzms1GNsYrBI4l2KTYsex5UhzHsZVVGg3Oz8744ssv2dnZ4fDgAHcDtZwXPQj29/dptdscHR1xenpqhY7dXWorVHopKCj4MKjXapxg01RWUe53tnfY2S7E04IPj9sEj6vLS0rlMocHB9QbDVzXvSEcKq0WhkPnxy3zJvr3YSI6D8HtRWkXbV/3nN8mhafFYj70639f2aRwp9wIR2pEOL4PhuEQx3GS9IrJSAjprT5P0irOBA7PL2G0jfBMxQ3HcSZ+B5b23Ji4ljgRF4zBcdYz9NTGZJEkOrapOr7vIZcUTFScq7yyIQPWXn9AFIbsPHu2kfaW4eLigiiKeHQ4jh4uBI4VWctzYwPU63Xq9TrnZ2ecnp1xfXXF4aNH7KwY/rPODabk+7x4/px2u8XR0TEvX72i3Wqxt7e3cq5XQUHB+0ccx/S63WyleVWBo6CgwDIteCzi6uqaURgynUxlzHzvDZPfKdn+tieXb7OM7EOgmLwXfGjcNSJsenE5/V07GvwgKyUL1pcjNWe+C1prTFIRRYjEZFRKXNez6RzKenO5rmfNy1WMNnrl6ixKaUAThhEiiZ5YBykE0rUlXUOlkkouYinBRWuNSfpAKpRsgKtOB8/z3np6iud51Gvjz0AxO70jb1vw2Nndpd6oc3Z6xqtXr7i+vubxo0eU55iQbvKh2mq2aDVbHB8fc3R8TKfTYW9/n62trY2do6Cg4N0g7yWQlkUtl8uZUXJBQcH9Y7Tm8vKK7e2dmWlhs8YAaYTEtz3pXpgys2B7geVDT20peJjc6+fRASNiRGCjKGIV4cbRnRdd04ppwI2UEykk0h2LAK7rgOtYgWOFqiUAesPGnmmpWtsvd6mIsbXLyt7Wjzimc22rgL4tRkHA9dUVu7uTUcCFwLFh5n2gNil8lEplnjx9ynVqQvrLX3J4eMjhCsZ+d+Hg4IBmq8XR0ZH1Bul02NvbW6lyQkFBwbuF1pp+Lnw+Tmqw1et1Hj16RLPZLKqIFBS8Zba2tzg6Puby8pL9/f3s9fPBVzcqtuUnwg9hKrzIk2NZz455PPSJf+E5UfA+cZfv2zrfBS000lWQeHJEYXAngcOY6Un/cqLFquKGMSYrzQqrVz2ZRicV59KUmTiOiON47sJ3dlzeA2RD0RuXibno3t7eRtpbhtSou92c9KcsBI63xH08gNpbW7ak7Okpx8fHXF9f8+jw8K2snlbKZT7+6CMuLy85Oj7i66+/Znt7m93d3Y2FORUUFHy7hGE4IWqAXR1ITYgbjcbG8jYLCmZhjLFu84lLfn6xwIb2CgQiK/Erv4V0i28T3/NpNZv0et0JgSNlOgriIb4363hybMLTYlNmpuvyEP8WBQV34d4Miue0GzsxbiwBgTKKKArx1qxwppRdtElLvq4qXCx/HisshGFkU0zu+JZppZBS2lQTbP8XeTQaY2xaS5aesplx3OXlJVtbW1QWiCub5PzsjFqtdqPSZyFwvONIx+Hw8JBmo8HJ6Slf/uY3bG9vc3hwsFIVg3XZ2tqaMCG9vr5mb3eXdpG2UlDwzjLo97m8uqLb7QI29WR/f59ms0mtiNQqeIsIIayI5jjkn2hhFBKMAobDIaMgYDQaEYxG6DTvG8aihxSAyMrmCZGsugmB53lZidZKubwR8+63TaVS4brTySb9mfdGsj2byM/w4ngoU+xlPDny/d1I5EPu54f0XhQUvGu8TZPiFCEECDCeQkT2vh1FAa7rrdUXrXXmSyTl/T0HssgJYzbiY+imHhxhUuXF3EyvmSYfQSIdZyPVUy6vroljNVNovy+uO9eMRiOePH50Y9u79yQvmEm1VuOjWo3z83MrNCQmpLtvoayrFILHjx7RbrV4c3TE0fExvV6Pvb09Sm9RxSsoKLg7JycnXFxc4HkehwcHtLe2KPlFWdSCh4Xv+fief6Nsel7sGKX/BUG23Y6JBeni3HAIl5fj+IC84FEulSgnwsdDZmEkA/MjJB7SxH6ZvhiYMEfdFA/lPSgoeNe4awr+ssfPE1G0q3BiCUZijCGKAnx/tXu2TiIaxpVS7id6I42cSNlU5ETeO8T13CX8N3ICx4buoxdXVzQajbfqwXZ+foF0HJpT4wAoBI73jp2dHRqNBicnJ3zzzTdcX1/z7NlT/DVDtlahWq3ynU8+4fzinKOj4yyaZG9vrwjFLCh44AwGA05OThiNRuzv7/PoLZpEFRRsinKpZL1gWuO6ItqYseAR2KiPIBhlIb0AUoB0JZqYwbBHv9dD5ybSpVIpEz0qlQrlcvmtREkuQxiFOEl0yvngq7nGore9tpS4MDURWfW5vmiVd1lPDoTYeBnZPN926kpBwbvAXaukbNKb0HgKESYVVaIQ1/VXSpfXOZNOx3Hubc6itb3mi4tL6rXaRiInpj04FhmGTogsxqCTNNC7+HB0e32CUcCTJ0/WbmNVYqU4Pz9nq92a+T4WAsd7iO/7PH36lOvra05PT/nlZ7/k4PCQvd3dt3L+ne0dWq02R0dvOD+/oNfrsrtbVFYoKHiopOWnS77Pxx99VHxXC94rpBA2BaVSmXg9ViqL8kgFkOFoNBm+K220RxQHhNcBl3oy2iMVPirlMuXkv7ct6He7XSpJ6pgQYj2zP2NumJJOc9frWvb4RZ4c6T73xTLnLyj4kPk2UlJuQzsaRyrQY8PRUrmy4Kgxk/d8OzVWWo/TGTeEyaqnGHq9Pp7nLUwnWYSKJyu/LOpvKm6EQWjFYq1x7ijWX15dUS6X2dm+/6yBlPOzMzCG1pzxaiFwvMe0Wi0q5TKnZ2e8fv06S1up12r3fm7XcXj65GkmdLx+/ZpOp8P+3h5+UWmhoOBBoLXmm1ev6A8GbG9v8/jx4425aRcUPHRcx6Feq914Jt7m75EipcCgGI769Hq9ieNToaOSpLqUyqV7i6I8OTkhDCP29/ez6I251dyYLww8pMkKLCdg3Gd6zcN6NwoKvn0mqjBtMj1shbamTabzaC9GBlYssGVjvaU8LnRiXp1GQERRhNYSYzRaa4SQVjhw7m48GisrLriuR7lUSs5l8Lz1p+OpOSqAdJa5XiuI+CWfMIzuLLAMhiN6vT7Pnj+/UzurcnF5QaVcplqZnY5UCBzvOX6pxJMnT7i+vubs7Ixf//rX7O7scHB4+FaqHzTqdRrf/dRWejk64otej73dXXbeUjRJQUHBfL559YrBcMjzZ8/YeseMgZXWKBWjlCaOY5RSKBUTR3GyTdnXY/t7HMcIIXAcB9dx7L+ei+O4HBwcbCwPteDdZ31/Dxs9EQQjgiDg6uoq21byfaq1GrValVqtvpGSypdXV7w5OqJccwmdy6XCDm4TBR6SHwcslypyn30uUlUKCsbchwi6yTaNBBwFys5twnBExa0vPE4lokO+Ckn2WmCNO+NYQ4ytriJdHEeuXtbWaEAQhiFCyLHA4K43FzMGjNEgBL7vWSFmiQUqKZ0bJqN34fLqGuk4b7U0bH8woNftcXAw39C0EDg+EFqtFs1mk9PTU87Oz7m6vubw8OCthRPt7+3Rbrc4Ojrm9OyMbrfL7t4u9fpNY5iCgoL75/Xr1/QHAz766AWtZmvxAfeEMYY4jomVGosUcYyKVSZixJEVMLJ94nhiNX0aKWzZUNdxEFIipchqwmtthY8wCom7MZ7nFX4jBUuxyN8jDEMARqMRV9fXgM36cD3r7dHpXHF5eQnYQXS1WqNWq1GvryZ4jIKAi/Nzm1ZWljR3/YmQ8XkpKos8Lh4aizxC7rsKSlFlpaDA8hBSUvLnn+ffob0YqSUYgTaaYDTEK5VvXcDwPBfHddCxQmk19mZKzhEGYdoBfN9D65A4tkKBkyyWLIMUknK5hOs6+L5Hr9enXL69b7cRxRH5u9KyxqjGjMUb6Th3WtwJo4jr62sOHz16q9G/5+fnALSb8+eQ77zAYYzJBsQ6GfwawGjNBv1r3ht8z2Or3eLq6orPP/+c15XX7O7tUPY3mDYibDk+ktVSR0pc18NzPZ4/e5ZVW3n16huazSZ7e3sPxqytoOBD4OLigk6nw9OnT96quBFFUeZzcHV1RRgEqJyj+DQiuZdIaVcmhJSUfB9ZqSCFwHFtvql0HAR2JSI1W1yGN0dHN3wZCgpWYZ6/xwvs5/3N0RHdbpc4tmHEni9xXIHRim7vOovy8DyPWrVKNRE8piu3dHs9er0e3W6X4XAIQLXpUt+6mfqSFzrmGY6+C1VV8qxaRvY+zv9Q35uCgvtkk2ag940RYNxx2dhYRehhjO9Xbk1XkUIgPRcX15puxnGWuuJ5HkprtFITUR5aK7RWGOPiusvNYeyCjm1DxfHakfTGJMaokHkniSUrssR5z447ihJXV1bIf5vRG2D9N5qt5q3i0jspcKQrfmEwIo7jQshYkVKpzMHBId1uh8vLS77++iXbW1vs7Oxs5uGdOPoC6DjGfpWHIASu51GplPnep59ycnLC0fEx3W6Xvb09tre3N3H2goKCW4jjmNPTU9qt1luJ4BoOh3Q6HbrdLv3BIHvdCp8ujUolW0XI/7uKULEOSmuiKPogBA5jDIbNlYMrWA7Ps6I+pCG1XTrdDoOBFSgcR1CqOtbPwxi6/U4W+TH9t0ojlvyypL7lUa64CHe5ycesiI5NVFV52yzq031HqLxrETAFBZvgvp7Dd2n3tmO1q5BGIGI7+dXGMAoGeLqEv8RirhU7vOxYmSzWGtdDKSt8hEFIr9dne2eLOI6Tsct8sSAVuFNcr4RXKhGGYRZdugqp70bqGwJiKbHCpt4YwjDKUnbXRRu4uLpmZ3d3IymXy3J+cU4cx7RmlIbN884JHGEQMBwNMbpQNe5Ko9GkVq9xdXXFxeUlvV6P7e3tmfWEN4IxxGFILwwRUtLeatNqtzl684aTk5PMhLT6FkxQCwo+VE5PTjDGcHBPaRnGGLrdbvZfkITtl0sl2q0W5XIZ37//stWLiCIrvd5F4BgFgS0huuT1pKtASmuM1ll5t/T19PfxvxqlrNFZdpwxvHjxYqUBRSomwzh9R0qZ/SyEmPm6lAIpbOSMTIzlpONYZ3lpS+mlkTUTbc047kOnVq1Sq1Y5ODggiiIbjZFEZATJ4NcvSyt4CHFj9uz4Et+XCGdxmHaedUPLH+pfbBnh5b6roBRVVgredx5CSspd0F6MkAoZuYk5B0RRYMuplitLi/3/P3tvFitLepiHffXXXr13n/1us9wZDhlSImWSGkWS4ThMHuKEsZQ4ViQgAZKHJA4C2wkQxA78lgQBAthIXvJgAwoCxwps07IDUzIi27IVi6tEkaI8lGbImbnbWXqr6q79r6q/8lDL6T6nzzld3X26+9xbH3Bx7+2tqrurq/7/+79l8nEcBwipCoTFMaoT91HfTzIwBB48uVwzm6g9ptWqnc4uBoMegiAsHDJ6Ufk6rz2FsXOiZdlwUd0wwKJo7eqNXrcHWZZRq14/V7wzBEcQBHBdByy6LGcmPAdVkRPpMp9ImXmBX0uI5kuBh6vtLY4ilgzYGQOLYtAggE8p4onvLmYMjmWB8Dzu3TtCo9nE2ekpnj57hmajgb29vaWDb0qUKDENyzIxGo9xsL+/UsadBhSmaWI8TkiNOI7BEwJZkdGptaEo6ta1s2R5CcsQHIN+H/3BIMlTULXEMslYOpiJETM2RV4UwSzCIVEsxoW/O9txwPM8Kil5HMdxauOM8/2KoghISZUkvCx5DHB5MFUUkwTKw4cPUaveHPz2MkMURbRarTzYd0rdMT5Xd4gKgajyUBR+itiYxHWTkCvbVLJjkeO2lsiYhSIKk9t+X6VlpcTLhklS4y6TGxkYYYhFCj4U8/rYiIXwXAvyDZaVm0DSc2ee14HEthIGDCGCqTBSIGlqoUEETdPSEwcHQRDQ2dlF9+wENaF2I+kSprYZQghixlL1Bje3xT8IArBosglsuTHZUNdRbzTWej3PFs72924mVbae4GCMwbGtKc8QAAgCgaom9TCyvPnVwBLn4HkyxSZqSAbjlIZJCr1PwdLvk0URLNMELwh46+230e120e12c9tK8441O5Qosc3o9wdQFAX7+/tLv5bjOBibJsbjcZ4JIIoiKpVKkkmwgOxynaDUhyxJ+YrMInBdF6IoQpJkuK6LGDE4nCsZBFGEmOWIcFyeT5SpGqYUDhfum4WzszOIC6hfXNfNFTSLIpsUszieIkiy2wBMESJx+jikJAr1fXi+X5hQ6na7CIIAclq9qijKS7d4cZ26w7MpTCTqDknhISo8RHmxgWk2gckzOnC3WlUmseka2XVuo0SJdeCukRrzqExiAoRSAD6MwYVC/rwilpWrIMtyorIMkzD06XwOloaRchCE5HxtmSOIogBRlCCkda4CL6DV3oEx7KNeq1+7vSiKphYlgGy+dfP1MAtwB1JSJo6XIjhGYxMBDfDo4XrVG91uF4Tn52r922qCIwpDWLY1ZUfhCNCo11Cranfux/iqQ5IESJKAWlWD4/gwbTsxcSH5rs3xCLs7O3kI6emckwxWAAAgAElEQVTZGcbmGLu7e6+ET75EidvE2dkZPM/Da689Wvg1giDIc3Myi4eiKGg2m1AV5U6FBQdBCG3J84rruqhUq2g1myvaq6sRxzF8StEouC3P9xGG4aXK06LIrrd8dt0tSDJ0ez2oqlqYnBgOh6BBMGXHkCQRspyQHWpKeshLpNFvE65Td1iGCyAAz3OQVB6CQq5Vd1zEVS0r12VKTOqOtu3T3ZZMjhIlShTDOiwwk+e7SAhBCLvCsqJcm59xHQhHQEQCQRRyG+lkC0tSMZss6KpqBaY5xt7e4dTCiqqoCKt12I6DiqbN3E5GbkgXFvQJP980PiM3sv1aRTWsqmlzEQ2rgut5GA6H6HTaIHMcOltLcFDfh+s6mFBSolatoF6vLC2rKbFZcByHSkWBqsmwbRe24wKpnNs0x9AqFbzx+usYDoc4PTvDkydP8gHfNnj3S5S4S3BsGwBgWRaq1erCrSnGaITj42MEQYCKpqFRr0NRFx8YbBIsTgNGlwg2dj0PLI4hSeshdWhKKGlaMVImU9fMmxNyW6C+j06nWKgtDSh8ShMCTVURhiECStOQcR+maU49XpHlXOWRKz7WGH52G7hO3eFai6k7ZtXH3tVMiXkzOdaBUs1RosR6MQ9RwnFJiHPMx4hIAD4QgSg5TyaWFRuypICfswll5jaAvDJ2MluL+jRvOeEJB15WYBhD7O7up9tn4AlBrd5AEFB4vg9REC6pMiZtooIgpGGh87WgxHGc539klbfLWIZtx4XjOHj48OHCr7EIer0eAKDVnG8Mu5UEh+e58Fwv/z/hOex2WqUV5SUD4TjUqhpkWYJujJOMjjiGY1lgaoR2u51nc/T6fei6jka9jna7DXnL5e8lSmwDMnKDUoogCHB0dLTQ6xwfH6PX70ORZXT29+880ZitsGhXrJbMAy+z5SwxKCoC3/cBFM8McR0HHMdt9DujlILFceEAadtKjl9FliEKAkRBuGR9CoLg/E8YwHacvIkESK4zk2SHqqqQFRmSePeO4VWrO6Y89zPuv5h5sW0o2vpy2wRE2bJSosT6Masl6kpwQCQFICGfV8kmlhUXYhRBkpefWxCOAxEECEhiFpJcwgiE5yGJIhzHhTHSUa3WEVAf4BJbf6PVQa97gigKwRMe/ATRwaIoV28QnocgiHPX90ZpqyX1aa7cIHNWys6CbhgQBAF7e3sLv0ZRhFGEbreLRqMBaU6l8NYRHNT3p8gNSRKwu9OeOyG2xN2DJArY7TQx1McIg0RG5bkuCM9DlmQcHR1hZ3cH/f4Ag34fo/EY1WoV7XZ7qQlKiRIvKzJiI0PG/s97YZjE8ckJev0+6vX6UhkO24QsYHSRerYMruetlTgIKIUkiYUn5o7jbFy94aXkzFXy26tgOzbIDZ+xKIozrVGUUtAgSNQelGI8HkOPzrO8eJ6fsrfcxXyPedUdosxDUmerO+aVim/7ZH3e/VuHymLbP6sSrzYKEQIvKZgQgeMYuEAAl1lWQnpuWVmCAJgESYPCRQg50aBpKkzLBGJAlmQADFHAEAUhqrUGBr0zVLQqojBEFEVT1kuekFw1O+/3F01e98h8mR1XwacU47GJo6OjtR4//X4fMWNoFRiDbhXBEYUhXNfJ/6+qMjrtJsg8ZpsSdxqEEHTaDRgjE76XTD4c2wZPeAiCAEmUcHR4iL29vby54OnTp6hoGtrtNiqveCp/iRLAZWIjA2PJBa5oarjjOOj1eqhWqy8NuQGckwXLZIa4ayYOaGoNKgrXdTdeve37PpQFMlps21lYrSdJ0jQxwqVJ9vSc9AiDAMPhcCq07a7me1yn7rBHLuzRzeqOi5P/i+THtlswijSrlAGkJV41XAwZ3sT2V4mpc9MNrz3rPcd8jPiiZSWO4Lo2ZEmFsOJMsUlioVqpYTDsodXeBYcJ+4koo15v5sGkwHRTC+GL7VPSinaeC7J0NaxuAAB252gxWSW63S6q1Qo0bf7xwNYQHIyxJFA0PUYlSSjJjVcMHMeh2ahhEI0SJUccw7JM1BvNfHAp8Dz29/ext7eHXr+P4WCAZ8+fQ1VVtFot1OvXpxCXKPGy4ipyYxmcnJ6C53k05/Q83hXQIFg+YNTz1hZ+HLE0M6SoPcV1wRaolV01qO+j2SoWjhoEATzPQ3OFAa6EI8lnIcvABOkThGGS7xEECCgF9X1YljU1aM7yPe7KdWYhdUcc537xDOsIA1wl5iUVylyOEq8a7tLveG3ILCuRAI6eT/596oKx1VhWZiGKQqhqBRwYCEfAEQ5RxBAGfk5u8Hyi+jjP+eIKuxlYeB4uys8ZSHr1PkcYGiPs7u6u1eLZHwzgex527xWzWG8NweFMtKUQnsPuTrskN15BcByHdquO3sBAHDHEjMEyx6hfCEbkOA57u7vY293FYDhAvz/A8fExhoMBWu02Gi/RanOJEtfhNoiNDKIowrIsnJycQpIkyJIESZYhiuJSIVWbxCoCRj3fTwce67nIZ5YatbDFI1FEbrLdhlKKiDFUtIL5G+m+r4OcuSrfg6aBphnZYoxG6Oyud+VqFSis7lB5gJsdRgpsb8bEtmZylCixCWyrFeU29mfZ12R8CE4OQah43rISUrCIpZaV1Y53GGO5moLwAgSBhyimFessQhSx3H6ZVbwusg9hGkaKOF466kE3RkAcY3eN2RsA0O/1oCgK6rViSv2tIDiCIMhrdDgO2O20ysyNVxiEELSadQz1EcBiRGGIIKAQr2AMO+0OOu0OdF1Hf9DHyckJhoMBmhMDuhIlXjbcJrGR4eGDB1BVFa7rwr0Q3iiKIiRRhCTLCfFxR4JHM6nmMuqLrJlkkUyTRUDTDIuimUOu64InZKMER56/US1GcDj2zfkbt41Jm4tPKRRVRfUlyH2ape4YmyYsy8rVHaJCIF9oZpmcMG1j6OgksmaYTZMcm9pWiRLAq0FuzIub1GgxAZgcgKMCOJaQD1EcwvVsSJKyskBxlraaJKGhHAThXDnCEwIQgkk3cdbOUtTikzStxKA+BcdxS5M0ujFCo9lcyCq7KMbjMUzTxMF+cVJlKwiOydyNWrVStqWUgCQKqGgqbCs5NhzHQaNx/XGRrVCNxiP0e32cnZ1hOBzmt2/bib5EiUWxDnIjw+7OTv7vMAzhuklFmOO6cF03X2kHktV2QRST1osrwh83jTxgVF1ceuqtOWDUpxSKohRWzTiOA3HT9bDUTwiwgpJWy7YhbUnFa6bgODw4KPzc45MTEEJQrVZR3XAWyizM08wCAIRwkBQe9d27Mz67SXGy7hHBujNASry6uGvWslVgFe855oBYDsGFMUjasoI4BvVdxCtqWYnC6Lw6tsBiftH3FkVh9sSlszeM0RhBEKy1OQVIqmF5gUdrAavqxgkO6vtgqYSGI0C9vtgAQKdj6OFo5n0yEXFPmT0wGdIRjHA8876aUMGudLOM2YocdP3BtY95Q3tw6bZTvw8ncmc+vi220BRny3GeeScIWDjzvn1lBxWiwmcUL7yzG/b8Mibf84nfgxt51z5e4xVUhQo0ouTJvqtCpaLCdlyAJZ3SPvXTxOHr0ag30Kg3YJomev0+ut0uBv0+2u02Wq1WXpNUosRdw6LERvbbZBNp2otAEATUajXUarX8Np9SOI6TEB+2Dce2YVkWgGQ1QpywtkiStHFrS0Bpqj5ZfKLmOM7a1BtAMsEuarsLowie56Gx4bwI36cL7bvrulsTbOukJF7RHBEaUPR6PQDA2dkZeJ5HrVpFrVZDtVbdyqraSXVHGEUJqek46Ha78Bwf/tMQ1bYEtSrcmUlUpua4CeskHbb/UytxV7HqMM9XEbEQgZHosmUlzeVYpmUlisKc4CBL5mJchTiO83D5VWxH1w1U1hw273oehsMhdnY6F6Oh5sJGCY44juF65xP8Rr22sITm2+Pv4Tef/+rsOzkOf/6dv4QDeefSXb+tfxtfO/m1mU/79O4fxy/d+9M3bvvXzv4Jfq/7m9c+5s9/8i9f2v575vv4jed/d+bjf2z3j+M/nLHtgIX43//oryKOZ09U/vvP/A8AgD4d4q+//9du3PeL+PTOz+CX7v88AODvHv8DHI/em++JHIe6eoQvtt/FT7c/D4Usv/JGOA61SgWmmUyWXMeBJEpzD6iyiZjtOOj3euj1+xgMBmi1W2g0mndGUl+iBLCcakNI9Y6e7688GFNOCYxJht11XTiuA8dJ1B6j8TmJnCg7BMiyklgARHGtkyS6QFjnRXiet7bgziCtilskYBTARlUQQRAgiqLi9bB2cs5ftEFl1XBcF/V6vTAhYaSJ8wf7+wjDEJ7nwbSs3Oqlqirq9frWqjsEnofA81BkGa1WC2EU4Uc/+hHMgYfAjVDbPT+2tp3sKBI8uq0ZIyVKXIdNt6TcBUySPzd9TjEBIjkAHwhAlFpWWNayokBYgKCOokS9IUkiOI7c2oIPY4lwgNIAhOOwTKSlZTtwPQ+vvf76ivZuPnS7XQAoVA07iY0SHGEY5sGigkBQq96SryeO8Tef/Qr+68f/JQhWezBFcYTvD75x4+O+bXwX/87+l6Zu+1z90/gNzCY4Phj9ATCD4HjunV5JbhzW30GV35A/OI4xdl7gHztfwT87/Uf4T978z/C6en/pl9U0GbbrgoURYsYQhsGVWRxXoaJpqDx6hD3XTUmOIQaDIaqVCuqNBoQJRcem6xRLlLiIVdhRBEEA4ThYlrWQ1K8oVFWFqqropAK4iLFE5eE4yd+eC8fR88fLkpQoPeTEynBb1pYsYLSzRMConwZPihMqlttEkFpqipIEbqo62CSR66f7XvS8atsOOI5baw3vVXA9D0EQ4PDwsPBzdcOAoih5lodW0YA4sUm5rgufUpydnd0ZdYfA8/jE22/j7OwMp2dnCE891FoSRJkkuRxbTnIUaVgp18BL3CVs+28PWE/+xso/Bw6IpBAkisHR8ymzT700R6MYCR+x80rYZW0j12FKvbGkul43DEiyPGVXvm2EYYher4dGow5RXIyq2CjBQf1z+4OqKrd68A+sj/Bt4/fxk83PrvR1P3CeILzCZjKJ3x18DX9q/09OESwtqY529XUMrY8uPd6lQxiBdcmm8r5z+bEZfqr9boE9vz2EoY2/8cH/hv/qE//tTNVMEXAcB0WW4ITJZ+z5fmGCI4Oqqnj44AH29/dh6DoMw8Dx8TF4QqBVKldOIErSo8QmsMqcDY7jUK3VMBwOsbu7u/baUJ6QZPJWPT+f0YDCcdw808N1nEvWFkmSIKd5HsIKBgNBkFj7lsnfyJQR65p8+5SCcNxCCo5Nt934ngdJEgsfb7ZtbQW5ASREEc8X9wDbjgPP89CeQaZNhpdGjMH3PLiue2fUHfv7+5AVBacnJ9BPPWh1AZXmtLpyGydcRRQa27XnJUpcxmTo77b91jaB7DO4qj3m4v1FwPgInMySANIJy0oUhZAVBYTcPJ1mcWK3l9KcydskOKLonEghwuLb8TwPpmnh3v3lF6yLoNfvI2ZsqQW5jREccRwjnOjn1ZYYcM6Lf/js7+DT9U+gQlYn0f768HfmepxPDTx1T/Caem/q9p9q/xS+OoPgAICPnKf4XONTU7f9YPQvZ2+AI/hX6m/PtS/rAGMhfuX538FffPO/WPq1FEWGYyeTijAIlh44yZKE/f197O/vYzweQ9d1GKMRTNOEIss52ZFtY9ZEsyQ9StwmbiNEtFKpwDJNPHv2FK+//sZKCINlIIkSpIY05el0PS9ReaT2lvGEtUUQBEiSCEmS88raoucBP230WMai4nkJMb8uZURA6UL767jrzQmZBZ9SVKvFqt0StY+78ewQIBmnWLaNnU6n8HMNXQfHcTcqb3hCoGla3pBzV9QdzUYDjXodJ6en6PV68J0IlZYERUvOK9us6NjGTI5se1jzNkvcXWzjb2sbkJ17Fr3/KsQkRqwE4Om5ZYXFDK7rQJZUCDdcb1k0ES5KyBThssrvMlGJxKA0gG054KoAR8hC44GhMQI4Dntrrkfv9XqoVitLcQMbIziiKER2fBGeW0tzShi5+MrxV/Ef3f/3V/J6PqP4oT4fwQEA39K/c4ng+PHGJ/HVKx7/A+v9KYIjYCG61o9mPvZR4zPQyHb4lTN0zQ9gBCaa4nJSbkkUwPEEccSAlBhblYS9Xq+jXq/jKAig6zp0w8BwOISh69AqFVQrlZkTmZL0KHEbuM12FFEQ0NnZQa/Xw0cffYgHDx6uXclxE1RFgaooaCNZ9WZxnDS2pCGmruPAcIz88bKU2FlkRYYoiDeSDll2xrIBo+tUF/iUFp5g04CC0gCatrlzUhCGCMMQlYLnxew3sA35G3YeLlq8blw3DGiqWnjgepfUHRzH4ejwEI1GAyfHxxj3HFCNR7UlgQjcjSuqm0SRTA5gPWRH2bJS4mXFtpKdiyCxrDCQQMznsT518wDSK58XRcieEDGGmPrgeQFBQEEIASHCVGXsoohTe4rneYhjhhiAsICSMwhDGMYIe/v7eY7bOtAfDOB7Hvbu37v5wddgYwTHpHpDVdY3yP5B/2v4qP0uXteWl9u8Z/4Q7Io2k1n4/uAb+PcO/y3w3PkBXOMrOKi/g9PxH156/MUcjuvyN95tf3Hq/9dxk2+1v4if6fzkzPvqws1khCp18Bfe/gsIWYDn3hm+8vz/BqWzG2yeui/QFN+58TVvgixJ8Nxk5TTJ4VjtyqQoitjb28Pe3h5My0rIDl2HZSVSaa1SgaZp18q9S9KjxKJYV+2rqijY6XSg6zp++MEHuP/gwdY0VcwC4ThUU6IxQxAEaYipmxMfVvr5kbS6VZJlSKIIUZIgTlyYA0rRWDKDxPO8tREclFLEcQy1aP5GZqPZIIFFaaKWKUpwZKTCNlhUHMeBoiiF8090w0jCVWepVwoEPNwVdUdF0/D48WN0ez2cnp7Cd11UmiK0enKd3taJTRESYZOVsiVKlCiG2z7nMJ4h5ig4yoOLkznduWVFvdSywhgDRwhixkBpUr0tSSIYo/n9jFGEYWJdIUQoVCE7CUEQAXDgOKBaS65Bi7S+GKNEQbv+atguZEVGrbrc/GljBMdkXeG6BzJ/69nfwn/39n8zRTQsgq/r35x5+0H9HZyaf5QzdRnCyMUHzhO8U3lj6vZ32+/i788gODw6nFJA/JH94cztcYTHJ6tvTt92zX4fqgd4u7J4Gi7hBdSF5MBrS03Qo5/HVz7+5ZmPHYXmwtuZhCSKOcExGdJzG8iyAo6OjnKiQ08zOyqahkq1Ovcxe9XEtSQ+SgDrIzYmoWkaRFGErut48uQJvP19HOzvr30/FkXSwiKiPmFh8Hwfbkp22I4N0zTzVWNBEJIsCp5HxNhSK940oAiCoPCkffHtJQOhohYVx0kbVDZoUfE9H4IgQC2oxLAtC4osb3xSHAQBPM/D4cHsivnrYBgGRPGa7JGLYRBzYlLdwWIGz90udcfe7i4ajQZOT05g6CNQN0KlmYSQTmJbFB1FW1M2paoorSslSqwWqzj3JJaVEDzFBcuKDVGSIYnn539CCCRCwOIYYRiBsQjUT8gNSZaSf6ftKlEUIYoiBAEBL5BLWR1zhYbGMaqVKoIwBCGkcM1qDGCo62i1WoWv4ctgNB7BMi0cHiw/Jt2gRWWyn3e9IWiWe4rfHHwDX9r56YVfw44cPLsiD+On2+/in4YOdOfppfu+Pvz2JYLjM/W38fc5AsSXJ+4fOs/wE6lN5Qfj2ZWtbzZ/AjKZnyRyIhfjcPbEqiqohZtmWuLVK8Dcii7JhD9/nclj5zYh8Dx2d3awu7MD23Gg60PoQx2WbUOWJKiahkqlslCIX0l8lNgEuZEhUywNh0OcnZ3Bc10c3TvaCm//IlBkOa+yBNIKcteFPWFtsVJVwzK/MSutrF7XBd/3PAiCUNhKlNloNjmB9CktrHzIMi/qW5C/4eT2lGKKHxpQjMfjW88QIdwV6g7f36i6Q5YkPHr0CHXDwOnpxRDS5DGbJjYuokhryiZIjrLVpcTLZPF42ZBZVjh6vqAQUB9xFEOSlSlygXAcJFEAi3mwKEIYhqA+BeF5II5zdQfiGJIsIQoZ9KGOej1Z6JZvaG2JGANPCCLGwJHzvI+i0I0RojBav3qj24Mg8CtRFm8uZHTi35tIef/N43+AP9b4zMLP/974D2cSEgDwmvYQb9c/iW/OIDh+qP8u/Hs/N0VIaETBw8an8dT4/UuP/4H1Pn6i8SlQFqB3Rf7GT3W+UGjff+f0N/A7p78x876/8mP/U6EsD4YY3zK+c+X9bbm4d3kWyOQxskA40LKoaBoqmoajo3s50WEYBgzDgCLLEEQRsizNlQNwHUqby8uPTRIbF9FutyFKEnRdx2g8RqfTRqezs1bG/jbAcdzU5A8Awiha2l5i2TZ4nr+1GtuLCMJgoYBR13WXClJdFmEUJUqXgsFkuT1lC7JhbMdBvV4vTAoYepIRo80idyYvXSueq2ybuqPVbKLZaODk5AS9fh++E6HaEiFrGy3vuxLbmMlx1bZLvBqYJDXuIrmxSJDnqre/rs+N8QycTEECHmCJ4iKMKJgbQJZVEH76vEc4DkQQIAgCwlRlQVKFRzSh8LBsOw/qFgTh2vcTx3FCrAgC4vjcCrOIPUU3DNRqtbUuNriuC13XsbPTKaw4mYXNERwTNgNhwY7bZcBYiF958RU8UB8s9PyvD74+83ZBqKAtNfB27U1883T2dt8zf3ipHeUnW1+cSXD8cPR94N6fvjJ/gycS3lJfW+g9LAqfjvH3Tn8dAQvwofUBxs6L2Q/kOBxJq5G+k4mjnd2yReWm/ei0O+i0O/mP0XEcOLadV1xmOQAl6VHiIraJ3MhQq1ahKAosy8JwqGMwGCYKJVWFmpIEmqZN/QbvIgSeX3pS59j2WgKxgWSSSmmAdutyzeh18HwfURStreVlFmjaVlP087bTc+i6PuOr4Pk+wjBEc4G8Ft0woCjK2kiwWZhX3dFoNHD/3r1bmwRwHIejoyPUGw2cnBxj1HOhaAzVlggibN/5ZJszOYDSqvKq4S6SGncJqyZAYhIjkkPwAYAws6zEcD0HkiRDFGcT95MBnoTjQEQBgIDx2ExyOFKiKAxDhGEEQeBBeP6SVSWbG01mXC5iTxmbFnzPx717y4V8FkW31wMAtJuryYXbYE3s+b9ve+CsSh24dHDp9mfG99F3Twq/nk7H6F/VZlL/FAg4PFKOrnz+14bfvERwfKr2JjjC5+m3GTyqwwhMvH9F/sY77S9CnKN/eZUIIxffvkIBMonHrc+jKRarCLwKhHB48uwpWs0W6rXlWllWBVVVp1ZJXc+D57pJAOIs0kOWIQgCZFmCJEpLDYBnTpQ5DjSd3ABpLZQkQlVU8GtMQC5xGdtIbExCFAS0mk00GnVYlg1KfVi2na/8Asnxrmlq+nflzqs8isLzffiUgo949Af9vK5WFMVbUSFmqy+F8zeyFpINEhye74Pn+cL7ntn/5vIY3yKcVKnTKkhw2I4Dz/PQbhcjpW4bF9Ud5tjEaDxem42pWqngrcdvodvt4uT0FL4botKSoNW267pUNJMjw7qIh7Jl5eXGtmTTvEyYVJGs63ONxBCEMHCBAMTJNin1EYUMsqLOTThUqxWEEUvUHDRAGIbQNDUhMFLVB08E8GnzSlZ6QX0KSZaAOF7YnqIoCjrt4vXoiyIMQ3S7XTSbjZU1tmzs6sJx5yQHi2Pwt3jgPag9RoX/Mfxe9zcv3ef6/cKv953x96+875O1twEAFV5DVT2A5V6WcTwf/wHsyEGFP5ewKkTGG83P4UfDy7WzHzrPrszf+GLrjxXd/bVAldr4M0dfXtnrJfVKwOnZGXRdRxSjcHXibSOruGxNVAq6ngc3HfReRXqIoghJEhciPWzHhmVaMC3rWuuOKIpQVRWyLENVVSiqAllWygvpLWPbiY2LIBxJCcSERAyjCAGl8CkFpRT6UMcgHgJIrIWqqkKrVHKybxuaL24LhHA42N9PMj08Nw/yBJLflyzLUBUFsiKvZIKeqSBmWh2ugeu6IBy3UQUBpf5CQayObc9uHlkjshyQRa4vhq6D47jC2SPrBOEIfErzHJ51Ym9vD41mMwkhHY5AnQiVpngphHTTKHpV3ERGRrbN8gr+cqEck70cYDwDRwJw/nnLSsQCuG4EWVbA8zdPv8+DSZO8DsJxsEwLHM+j0WgiDHwwRhGEHHiBRxSlZyGOywNMi9pTbMeDbdt48PBhsTe8JLq9HhDHaK2w1W9zBAchiKNUThOE4G9Zkvrlg38Tf6D/DoJg+VaPbwx++8r73tDOD4q3ap/E780gOBDH+N74B/hXL5ATP9X+/EyC4xv6N9GzLis4BEHDY20xi81t4lHzx/EL934+b1pZBRiLcXh4BMd1YJkmXrx4gV6vi04nCQHd1otCRnpMIiM93FTtYVsWzJScyOwtoiRdS3o4joPhcAjP8yBKEvb29lCv1aBqWu7TC8MQvufllZqu66I/GEzZw1RVhSTL0DQVsqxAVdWNToxeJtw1cmMWBJ6HcEGpFIQhKPXh+xQBpej1evkqSaYYmiQ+BH75XvdtgCRK2J9omwnD8Pw37CTnpYy8VGQZsixDWYL0oQGFLEmFVzMc14G0wQyLKK3BK7r6YzsOWBwXDlRdNew8XLR4fpRuGNBUdb7r0Ybs6a7nwfM8HB1drTK9TUyGkJ6cJCGklbqISmv7rjvbbllZVHFSYjuxrePYZbDJ95Rt+7oskNtUeMRc0rJCAoBLLStxzOB5DkRRhiTNd63L8jqAxM5iWiYs20K1kiwGhIGPKLWl6IYBTdbAi3z6nortsz4yQHgeuwXzs5ZFr9dDrVaFqq5OGbw5gmPi37dd+wkkComfu/9n8bc/+htLvc6p35+pysjw++Yf4j3zfQDAkA6vfNzXB1+/RHC8rb0BQqS8FznDM2O2YuQz7Z9caKXwc3v/Gr6084lmy7UAACAASURBVLMz71MKtLHMwkH9Hfznr/3HS73GLGTHiKZqqFWrIISHrutJgFmvh51OB52dnTsxmbqJ9HBcZ4r04AlJqjElCbIkwbJtjEeJhOz1N964cqWRTx9/MSTo4rZc18PIMM6fJ/Cp2kNJ2ikUBaqmTQe9lrgSLwOxcR1EQYAoCKhoCYEZxzFoEIBSCur7cFwXo/E4f7yiKNA0LSE9VLWwImFbIQgCarUaahOWOStVaFlmYgEYjce5UktVVSipYmseUBrk4WLzIo5jOI670RaSTHlSVImR5W9skpwBEvJYUZTCKgzdMBBF0cYVKDfBTK0puzs7G92PxBKXVMr2+n14TohqW4Ksnl/Dt0GyX4Tk2JSiomxZudvYhuP8ZQbHcRsNPGUzLCtB4CNmLG1Zmf97J4SgUW9gNDbAVA08L0AQ5fwE0Gi2MBrq6Gjtwo2TNAgwHo1xcHi41vKPXr8P6vvY313tNWljBAfP84hSBQeL1hMa+dnGp/D/1d/ByfgPF36Nbxvfvfb+f/b8V+d6nb71IYZ0hLZ0LscRiYB32l/Ae/2rFSKT+ELrc3M97iJqYg1tqXh42iQEoYJwRtXs6fgP8Z3Re3m17aoweYzwPA+tUkWlWs2VDKdnZ+h2u9jZ3cVOp3PnVAjzkB6WZUEPArAowt7+Ph4tKCGbta0wivI6zWxVejweY0DPyTZFUdL8BQ2yIkNTtaTaqgSAl5/YuAocx0FOyTSkk7tkFT8hPGgQYDQaYTgc5o/PiA41JT42vWq/KlQrlSRYc38fYRTBsizYlpX8dnUdQHL+UhUFiqIkuTwzfkNhWh9XOH8jrcLdpFXI9TyQBWwatuNAkm4nz2ReBEEAz/NweHBQ+LmGYUAUxa0+ll3Xhef7uH+/eHicTymGw+FCn81VIBMhpMfHxxh1XSgVAbWWCI7nNj7hK5p5sUlFRWlZuXvIQi43fZy/qphH4bEqMJ6B4yhIIEy0rARgbghJKp6TV6vWMR4b2Ns/AuIYYRSBhSEkUUKr3YZpmahVi+UV6mkD2LrVG/1+D4qioFZdbXnCxgiOZGKUhKj5lKKK21/V4wD84v3/AH/1B//jzEaSm8DA8LuDr61sf74z/gN8aeenp277ydZPzEVwSFIDj9TFJKYn7inetz+aeZ/ICXh9DtvLl+//Gfy9j/+Pmff96tP/C48/+ZdXalHxJybak5PqLCne81zoQx3dbhfdbhe7Ozvo7Ozc6UyAWUSE4zjgCFl5wKPA86hVq6hdWH30KYXjOHAdB7Zjw3acfKIGAHI6UcvCJ1/VQNNXldy4Cnx6jE4ep0EYIgwCeL6PgFIMBgOwfpKBJAgCVFVFJVN6pFaruwyBT7rcsz53n1JYlgnLtBKlx0QYaKbwyEIfg/R8VzTHwkntFcIGCd6A0oVanmzb3mi1LXD++TVbxRYAaEAxHo/RKKqcWfPS+3g8Xjg8rt/roT8YYDwa4eDwAI366rzS1UoFb781EUKaqjnU6vQ5YJMr3UW2uElFRUly3A2ss8J0U9im93fdvqxL4RETIJKnLSssjuH5DsRYhnRFy8osEEKgyAoGvS729g/A8zxiUUwXRjSEUQjH9aDNaflgcYyhMUJnZ2etJP1oPIJlWjg8WE3j5iQ2NoKcHLy6nr+27e5ITfzs0Z/Cb734fwo/96l7Ap8aNz9wTnxz8NuXCI43tYcQeBVh5F7xrASfa78LgsVWuj4YfgsfDL818z5N2cVfeecv3fgan66/je+0PouP9cuKljBy8X8++xX8udf/U5AVXWonj5FZEx9FUXF4pKLT6WCo6+j1++j1+2jU62i1WysdjG0S65b3Zyvzk20CQRAkNho7CU11XHfK4iKlthZN0/K/7/pk9SqUxMb8yKwtk5NYSmlib/F9+L4H0zzPSFLSDAtVVVFJ8zzuclWtLEmQ04ppIJlMm6YJy7ZhmiZM00zUMBODi6ITftd1wfM8xA393ljM4FM6FbQ8D1zXRRRFG1c/2I6Der0OSSxGjBvp+W+b7VeO48CnFA8fFM/t8nwf/cEAiqIgZgwff/wErVYLhwcHK1VL7u3toZ7aVkaDMagdodISIUjJWGfTE6a7kslRYjsxSdBt+lgusTkklpUIHBWR/WoD6oOFEWRFATdn9IAkiojCCLo+QKvVATcRLt5qddA9OwUNAkhznKN13UDM2NrVG91uF4LA5wtBi4IxBs/zEMcMEWOIGdukRUXIm1RYFMP3KeRbDhrN8KXOz+Db/a8VblD5lv6dle6H5Z7i1O/hQD4/oHiOx6c77+K7MxpfJvH55o+vdF+KggOHP3v0c/hfRn+QVxNN4sXoPXxD/86lnJFF4PsULMouDLg2fViSZRwcHKDT6cAwdIxG47wOr9Vqodlq3WlVxzZAFEU0xMYUaRSGYdIS47qwbRuu4+B0omJUFMXcjpD9uWs2okkY3jNI0XZVQd5F5PWV6Yo/ixmCIAnHTRQPVj55BM6rajU1tbfc4araTH22j2T1xLaSNiTTNOF53kKEjus4eR3oJuCnye1FcygyNcsm8zc830cYhmgWrIYFzmv1tvmcNjbHUFW1MPkEJAFwANButyHwPMbjMXRdT9UchyttNFNkGa+99lqSsXV6iuGJh0pDRKV5+bPdxCp40UwOFHj8qlGqObYPJbGxOWyTaobxMTh52rISsRCea0OS1blaVgBAVRVYtgXLMlG9YEnZ2d1D9/QYAs/fmKGnGyPUG41LKu7bhOu6MHQDOzudwmGoGeKYwU1bKqnvI2IR4pghjuNN1sRyEAQBQZBMjh3XWxvBIRIBv/Dwl/DLH/yvcz8niiN8f/CNK++vqYf42d0/cel2K7KvVYt8y/guvrz/b0zd9sXmZ68lOFSpgyNl9XKeomiKNfzJo38X//j5V2be/9VnfxvvVN5cOu/Dcb3831lDyE0QRRG7u3uoaBU4jgPLtnF6dobTszPU6/WE7FhhHdGrDkEQUK/Xp8INwyiC6zhwHAd2+vd4gvQQBCFXeaiqClXTNjo5mxdD9ykAwCOD/LZsZUaNNxvcd9dBOHKe55Eis7ZkVbWGbmAwmKiqTYmCjPwouvq+DSAcdx5YeniIIAgQBEGh1wjDEJ7vb/S85mcBowWVDI5tQxTFjYZE25YFnuen1GrzwHIceK6Ldnt7CU/LtkFpgEePittaXdfFcDhEvV7Pv596vQ5VVWGMRnjx4gVGoxGODg9XajFqtVq5mqM/GMB3I1SaAmT1fNg6ORZYx+Rl0UyOeR+/apQtK9uDbZpcl7iMTXw3V1pWCrasVCtVjEY6RFGaUoASQtDs7GLYP7tWxT4am6CU4uG6q2G7XQBAq7nYmIVSmhQlOA4837vUiLNR3bgkKwiCJDnddT00G7W1HWRvVx7hzfYX8KPht+d6/AfOk2ttI59rfwE/2/7CpdsZYnzt7J/MDOQEgN8dfA3/9v6/PmU3eaTegyTVQel45nM+v/PTK7N+LIs/0XkXXx/8C9ju2aX7GAvwy0//Jv7im39uobYXILkouBMEhyTPt2JreM+Sx6Odr5QGYQgn9b6Px2MciyJarRZardbGpdEvIwSev9QyweI4ITwsC47rwnGc/CQHJPkqlUnSQ1Uhb9EqfUZuXER23nLRvzToLkmP5TDL2hJMEB4BpeimDRzAeVVtFmKqadpGgysXgSiKhdUAbhowukkVhO95qFYqha/jlm1vVFkXxzEc10VnAZJipOvgOA6VyoL2lDUENpimiYqmLUR+dXs9EI5DvT69OiiKInZ3dmA7NgzdwPsffID9/X0c7K9u8YUnBPfu3UO90cDJyQlGXRdqlaHaTEJIJ5H56Nc1hiy6lU2O2LZjtPjqYpMNHptCSejMDyaG4EgEEohTLSssiiApylzzp1q1huGwh/2De1PKT0WWUW80E4VHZbY6QzcMqJq2kLpvUQRBgG6vh2azsZCl1vd92LYF27ERhgGiiMF1Hbx4cYwnTz5Gv9/fLMEhCAI4wiFmMcKQwbQc1GurTVG9Dr9w78v4n0e/jyi6OQPk6zcQIZ+ovDnzdgIOr9U/hR9e8XxKR3jiHuN19f75cziCz7bfxbdO/9+Zz/l84zM37u+6wHM8fvHBL+Kvv//XZt7ftz7EPx18/VLWyLwwLQdhmDSocIQrnOXgkQEUlshnRUFAo9FAo9GA67qwbDsPJa1Wq2inZEeJ2wPhuPOmiRTZ5CKztjiug/5ggDitBs5qaxUlqRlVVAWKst4wwquIjYu4eEHnOA4eN7j0uOyYLLEYcgKgcnNV7cH+PvZXOOnaVmQBmZK0GZtEHMfwKUWzaP6G5yEMw41W29qOgziOC+87AOi6jkpFS377i85jLi61rxBj00QQBLh/r3hziu04MAwDjXr9ykF2RUvycQxjhLOzMxiGgaPDw5V+n7VqFbW33sJZqsL07QiSSlDfnSbz1q3oKKrK2LRlZNPbf1VRTvS3BxdX+bcFMR8jIhQ8nbasuI4NRb45vD8JHZXR73Wxtzc93qlW6whoAMdxoWnTY+dEXe3i0aNHq31DN6DX7wNxvJB6w/M82LYFy7YQRREcx8H3vvddvPfeD+A4NiilCMMI3G/9i29ulFqkvp8PzDgC3Dvcu9ErNAs6HUMPRzPvq/Ia9uTZE4quP4AVOTPvqwkV7ErJis4T9xjRNc0rD5UjCGS2vPa6fQOAtthEU5xeHbEjB2f+5YkRALwxR8uJzyheeJdVFTdBJAIeKIcAgBO/BzfyZj7uNfXe1IDnqXuM8IrPhwOH17X7M++7DowxvDjpIk4bYjVNm2t1MlNvsAus+axJZRhFcOykHSQIAgiCkKg6ms2NJ/q/6pi0trjpv1na6034jPQ4V3ooSrE+8XkxL7mxLErSY7Uw02rWtx4/3urwx1Xho48/zlsyKhUNmqqtdQDn+T663S7eeP31KdXWTegPBnjx4gUODw9vNxz1GqVEN82Y+MTbbxd6Sd0w8PTpU+zt7UFR5OIExcWv5xZGYy+Oj6GqKt58443Cz/34449hmibu3bs317Hk+T50Q0dAA7TbbRweHKw8YNrzfZycnGCcEphqTUCtvRn1T1Hrx6atIpve/quEV13BsI3v/6KS5uL+bcs+k5AHF0yfN0VBmkvB7rgeRElEs3lZjTgeG7DMMaqVKvjUbvj8+ASO4+Kzn/3sWt/7d7/3PSiyhAf3itkmaUBhWxbG5hhxzHB2doZf//V/hOFwCN/302zPGHG8wRaVDJIsw/M9sIghZsB4bKPZLNbdCwAtqY6WVHzFYE/uYA83TywWrWQFFtu3Cq/hjSUG5TKR5iJCrsOhPH+a7sMlPp+rMB7bOblBeLK09DrLTJicSAo8n2dHuCkr2Ov10Ov1UK1UcgvLNpz0XjVk1qJJuK47RXoYho5BWjUKjssrRieJj0W/u4Hz5Fa/94sX08lMj0mUxMdicF03b/FZFCyO70xzy2GagTAykowSndNzm846wlh9LyHDi1bE2rYNIbUhbQKUUnieh8ODg8LPNQwDgiAsbnGcHG/fwmE2Nk1EUYS9vb3CzzUtC6PxGM1GY+7zoCLLONw/wHg8xnA4xMgwcHh0uFAt7XXbeP211xAxhhcvXkDXdQR+hPbh1QsSt1Uve1czOUrcDl71lpRtt+JcVHhtK5gQgePYtGUlpOeWlSsW0wFAUxVYtgnbllC5YEmp15uQFRX6sA+BF0AIwXhs4ujoaK3Ha6/fR0ApDveLXZeiKILnebBsC3Ec4+TkFF/96j+ErusIwzB/D9nfGyc4AEBVNdiph9q0bKiqvLbA0RLbCd+nMK3z3BJVLTZJuajemMQsogMAVEWBqigIm4nkybZtPHv+HMfHxznR8SqsBG8zMtICE6n9nu/nKpwsyDQnPSaek1fXquqNKrGB8+TW3kOGye716y4uZZjpYggoRbO1XMDxkydP4KeNJhlppqjKVgaZKrKMgzQDwbJtGIYOwxjBSgkETdOgqeqtBfn6lELT1MJ5J45jb8xWA5xnlxQ9VmhAMR6P0digteY6xHEMczxGvV5fKBm/1+uBTxcAiiILIdUNA8+fv4BhrD6ElCcEDx88QKvVwocffojBcxeNPTmvlJ3EOgbvi2RybNoysuntv2x4FUmNEreDmI/BCAWZtKzEEVzXhiwpEK4Zg1QrNYyMIQRRhHwhqFSWZBwc3INhDHFyegoA2N1bbzVsr9eDqiqoFsytCqMQjmODMYbxeIxf//VfQ78/AGNshj18SwgOURQhCDzCMEIcA72BjsP9XfD83QqGK7EaRBFDb6Aj4ygEgZ87cC+zp8yDq4gOgedRr9VQr9Xg+T5sy0J/MEB/MIAoinkIZtbcsGoJboliUGQZiixPtRh4vj/V4GJaFobDYX7/FOGRTlwJz+d2lLUF1RXcTvb4MtfjegRBgIixpSZUUXoRFUUxySK40ACkqiqq1SpqtdrW1dVmOTf3792HMRphZBgwRiOM08rsLHx1la0lvu9jZ6cY8eb5PigNLtXbrRO246BerxcmrQw9qS/eVtLbNE1EjGF3t/jg1TRNmKa5UGVuBlEUsbe7C8u2MTJuJ4QUSPI53nr8GB8/eYLhiYdqW4JWu/6afFuKjqLYdMvJphUlJUpsG7YpoyPm0paVMJ6yrPjUA4sZJOnqcUe1UoU+6KHV3p1qVsnQbLbB8yJMy1rrgo0xGsG2LBwdFlNMRlEEz3URBgHCMMBv/fN/jsHgnNyY9VVtzcxMq1RhmmPELAaLYvT6Q+ztdkBIecp9lcBY8t2zKB2AEA7aFcm/q8JVRAdwPnlutVtwXRee612a7MiSNDVhLkmPzSP/3iZCA31KJ/I8EsWHruv5/aLEQ1B4SDIPSREgSjwIf3fOP7MsLq8q6UEDCgDQtMVDqzOPf7vdhixJYDFDEIQI0jBT3/dgmiZOTk4gSSIqlSpq1Sqq1WrhBpTbRLPRQLPRwL0ogmEYMHQ9+dsw8nNWtaCt5CJ8ShHHceHXcexEpbepBpUs4HSRibyefn7b9F1nYHFCzjUbjYW+2263m1R/F8hSmQkuIdsy69TZ2RlGoxEODw5WGkKqaRreevwYx8fHMIYjBG6EWlsCEWafvyfVc9uANRTpzLUPJUq8Ktg0eVEETIjAEZaoOeJk4T8IKFgYQVJmK5L5NKdu0O+iUquhUb98jbvYcrgO9HpdiIKAZqPY+T9iEXzfR8QYTk/PcNY9QxCE4DjMJDeALSI4CCGoVqqwLBNxDFAaYjA00Gk3S5LjFQFjMQZDA5SGAJKDtlqpFg6dvc6ech2uIzoIR1DRKqikE6aIsWSi4/tJ6M0VpMfkn5L02CxkSYIsSWhNTGaCIIDjOrBtB45tp+0b53XQgsRDlHlIMoGoCJAkHkTYjLJskQCsV5X08H0KnpCllBWWZYHn+XzyTTiSH0NZe0sQhvB9H57nYjwe54RZru5ICY9tGEwJPI+dTgc7nQ48389VHcPhEMPhEJVU1bGI6mXh/A3HAc/Pr9BbNdx0+62CBIftOPA8b0o1tjRWOMMdj02wOF5IvTEaJ7amlTWKcQDPE7Q7baiahtHIwEcff7zyEFJRFPHo0SNU0tDa4MRDtS1Cqcx+/W34TU5iu/amRInFsG2/q5cFMYkRycF0y0ocwfVsSOJsol3gBTTqdTiOizP3BO12B+IG7bWO48DQDeztFlN6xjFDFIaIohBBQBNL4iAb2159vG3VjIsXBKiqlrequK6Pbm+A3Z12aVd5yRFFDL3+MCc3gCR346ZqpEkUsadch+uIjgw8IeBTlUCGnPSgFJT6JelxByCKIhpiA436eVVVGIZwHGequnZknpMevEAgKjxkhYcgJ6QHL97++WlVA4dXIdMjoBTqktYBx3FuzKsQ03DMbJWcUgrP9+F5Hvr9Pnq9HjiOQ6VSSaoua7WtaGdSZBlKWp9rOw4MXYduGLAdJ7ffVDRt7rwOz/eT81lBy4ttWRvL24rjGJZtY6dTnPDT9WHyvW6hPSViDKZpLpwZ1e12IYriQrkdNyHJuTrAKCXWRqMRDg8PVhpCutPpoFKp4PjFC4z7NgKPodqWrlzlu03ctRrZEvNjWxo3SiyOO/cdzrKsxDEodRGz6MqWFU1TEYYhet1T1OoN1GrFq1lXgW63CwBoFqyGjWOABgHCKILn+RgOB2AsvtKakmHrZleSLIPFDJ6brAhRGuLkrIfdTqsMHn1J4fsUvYGe21IAJEF+S7amLIt5iI5JTJMeieyrJD3uHgRByJt1MoRRNJXp4TgORv3zeumM9JAkHoIiQJbXQ3pkWNRT/jJmesRxDJ9SNJdYgQ7TtO5mo9iFWJIkSJKEeq2GOI5zssP3PZycWjg5PU1yfFLCo1qrbjywtKJpqGga7t27h9F4BENPlB2maZ6fnzTt2pYT3/cLEwU0oPApRauyIqVAQdjpQsoix4lhjKBdbGjatMcgxXg8RrygekM3DDiOuzplyhUtMY1GA6qqwhiN8Pz5C4xG46QFaEVZNqqi4M0338TZ2RlOz84Q+AzVtghJWV3mzDwomrGx6UyOEtdjckJ8pybGJebCnWpZIQyEXmhZYREkSQGZsdAgCAIa9QYs20S318ejh4/WOtcIggC9Xg+tVrPwQkgcx4iiEFEUwbIsGIYBIL6RtN7KmZSiqCAcges6iGOARTG6vSFq1Qrq9Uphy0KJ7USShGvDtOw8UJTjEuXGvORGGPgIfA8+MQGyuD3lOhQlOiZxFekRptL2m0iPLABzG33erxIEnr/kV2RxnBAelgXHdZMGl+F58w8RCCSZhyDxkNJsD0G6nQF2dmFe5YrEXbW3+DTJ31DVxSdLbjr5XYZk5Tgub2YCEtLE9z14rjdxkQYURcmtLNVabaO1tI16oma6F0UYjYyc7DBGozyvQ9OS63MGmuZvFLanWJvN33AcB4qiFFZh6IaBKIpQuQWFw7IIowimaaLTaS9EFnS7XciStHQmyzyQJAl7u7uwHRv6UMf777+PBw/uo91ane1nf38fWqWSZHOceajUBWhNce2T06IZG9uQyQGURMtFlKTGy4c7p+JIEZMYkUITy0qUWlZYYlm5rmVlbDowjBEODw7XSnD0ej0AQKtg9kaCGGEQJotXvgfLsjHPWXIrCQ4gGVjyPJ/03bIYcQyMTRumbaNRr6FW1e7kQVkira+zHIzGJmJ2fjtHOFQr1UK2lMD3QKkHDiIgROD4MMvgWTkmJ3zLTPR4QsBnXv45lB6UUuzs7OD1115bZvdLrBiE4/K2igxxHE9ZWxzXgTN2YemJIi1Xesg8REWArAgrDTK97XPiXSA9aEpwaAWrpSeR2SRXWV8q8DyEiRyfSTtLr99HL602rlarqFYqqNVqG2voEHgenXYHnfasvI5E9aFVKlAVBZ7vA0BhosB2bPCE3Fpt7XUIggCe5+HwoFiSOwAYhgFRFKfsiSvDkjNb0zQBADs7xdUbw+EQnuctZNmZC1e8r4pWgeu6cBwXyhUS62VQq1bx9ltv4fj4GP3BAAFlqLVl8OL6SY6ij9+0ZeVVb1nZlradu4K7+jnd5e85kkKQKAZHL7SsMHbJsmI5KblxdLj2sUW310O9VoWyAPHOWAzGGIAYQRAgCCjmuVBuLcEBJJkctVodjm0hDCMAQMwAwzBhWTZUVYGmKqV15Y7A9ykc14PreghDNnWfIPDQFggUDQL//D8hDxLyAB+BiRFibvVrIBnbm030VpVhMEvpkbU2GLqOfq+HRr2+2lC7EitH5su/ONlzXRemZcGxk/aW8eBc6SGIPCSVhyQLkFQeoixsxC++KLYt04NSH7IkLaV6clwXkiROKRVWjYt2Fp/SxM7ieTi1zu0shwcHqDcaK610LYKLeR0jw8jzOnieB8dxC7WJ2LazMRuik9tTioWL0oBiPB6vtAFkVQiCAKZpYqfTWYh86fV6UGT5dge+Mwgcy7bhOC4ODw5ubdscx+HevXu5mmNw7KLaEqGmdbJXTWxWPfFZhCTYFmJhG/ZhE7iLk94Sy+Mufe+Mj8DJETgqgZuwrERRCElWwPPJea7b7UNRFNy/d3+t+9ft9RBQisP9vYWeH7EIcZwIHRK7SoQ4vro9JYMQBj54QdraL5MQgmqtjiAI4LoOWJRMjMOQwTQdmKYDwnNQFRmyJIHwBDwhEEQBfGll2QgixhAGISLGwCIGn1K4nj+VsZGB8ASqqi00GQmpN9snF/EgEY9YiBCvWNExaQWY/P/FDINVrGpnrQ37+/ugQYCnz55thWe/RHFkliOkvviIsZzssEwzyfUYn2d6SKoASREgKUmLi7hia8ttrVhsQ6aH79Olq88cx7mdFforwHFcXm2MRgMRY/A9D8ZohGfPnwPPnwMA6vU6ms1m4daPVSEj746OjpK8DmMEwzDQKCg7zRQUi9SzrgK246Berxc+lxp6YivaxnDRTL2xu1dcvdEfDOD5PnZ31ktMBkEAXddRq9Wwt7fY4LcIWs0mqpllRR8h9BmqLRHcNXWyq8SimRzZc7ZllP6qWFe2dV5UYjW4K5kb8yAmQKxQ8IEAhMl4kcUMnudAFCSMTBue5+Hx48dr37derwdVUVCtLHbdFAUxX/xmLPme5hnDCraZXLB5IoAXRPCCCEEQQbYs6FAURYhiA9T34XouYnZ+MLIohm17sG1vg3tYogg4wkFV1KVW8AJ6rt4QJRksjBCx8xYWLuTBhTxiPgITw5VejTmOu/aEOKnwWMVq9t7eHp49fYqPPvwIb7399kZ9+iWWB0/IeabH/j6AJDsiIT1s2JYNa2xfsrbISmptkQVwS1hbbiOz4yasw94SRhGiKFpqJdjzfYRhCHkhr+hqwBOS5l0k72NsmnBTMmw8HuPF8+doNJtoNpu30nYxD7K8jvv37yMIgkLPzQI+10kiZXA9D2EYLkSu6IaxkFqlEBawqVBKYdk2dnd3FyLA+6l6Yy0NPxPvTzcMcACOjo5uf7spAPvHuwAAIABJREFUsjpZrd/H8fExqBeh2pGhaPyNg+ZVEcOLOJG26Yq/LRkht4W7bFnYFO5qlsXLhkgMQQgDR8+vUa7roNcfoN3prK7+e07ohgHHtnF0dLjU6xBC8nlP9vtM/kqo31mHXs5iRCxEREOAJnWIhOPACxJ4QYCsbk+YliTLECUJYRiC+slA5Y4Tb68MOC5J8pVkBYIgLHUyjOMYdILgEAQRRJSTnmQaIGLnA24u4sEzPlFzCFEWOrw0MpLjuvfBcdzc6g4WBeDI7M9FliTsHxzg7PQUH7z/Pl5/4/VSyfGSQU5zWSYvQI7jJBLuVO0x6p9bW0SJh6gKibVFIQtZWzY9IFk16RFk+RtLEBxZwKgobE+wb71WQz1VpfiUwjJNGLqO4XAIWZJysmNVLRRFkNnrisCxbRCO20j+hptaa4qqYGzHged519sEVzXzu7jUfwNM0wThOOwt0JzS7fXgU7oWBcXk+xmPx/A8D/fv39sI0bW7s4NqtYoXz59j3HMQVIUb62Qvrvguc/5c5JnbpOLYlv1YJbLvdNPXxRLrx6zv/K6SNoxn4GQfJBAAxkMfWeAIwf3767WmAIl6QxAENOvLqWoBABxSJUe2wBwDILiK5BB4IoDFl0kCFsdggY8g8BEFAdRac2u+aI7jUkWHmNfHhGEIlq7exQBixkriY0PgOIAjBBwAnudBeB6CIIDnlyM1JhFSD9loiXB87pXneQG8KiAKRQQBPVd0xAAXCuBCHkyIEAvRyq7QRU+CFzML1HgHccwQhT4AHxwnggg8CJlWUdWqVeDgAGdnZ3jvX76HBw8foNPeroDHEqtFvoo/YW2xLQt22t5iOw6cUUp6cICsihBlkttbBHEzuQ3LYJlMD59ScBwHbYmVaMdxNhZ+OQ9kSYKcBkFm2S7dbhfdbheapqLRSCws29y8ZNn2RvI34jiGZdsLBWnq+jDP2NkmUEphOw729/cLp+LHcZzIh1V1rSQDpRTGaIRms7nRa5iqKHj8+DFOz85wdnaGgCaWlaxO9rqV/HkWOG7CXc7kAF4uq8pdncyWKDELMQEiOYQzcuG4Hh4+fLj2xrIss2tvd7XWx4SERJrJwcBxZOa5WlDSpHnGEnKARQwRC6bk90FIwUZDaNU6yBatagHJmxFSW02JVweT4aKCeHlQxwsCeEFAFIYJScei9B4OJExqlWKeJdaVJbDsik6m8CAhDy4VVMVxgCgIwDgOHHiAkIQw4ghq1SpkSUKv18OHP/oQ/V4f+wcHaDYaS72PEncDPCGo1+tTIYeZtSVTeiTWluT3QXgCWU1yPCRVgCTxIMJioTSbGAAWzfSgvg9VVZbaT9txIG4puXERWbZLxBgcx4HrODg5OcHJyUmS19FooNncnsUJ4P9n783aE0cSbdEVoVlisME2TtuZlVXdXefsh3P//z+5t/p0713VaZxmFAjQHBH3ISQZMB4QozNZ9dVnOw1IYA0RK9YgbURhGKJ+gGuWH+ThouvLdEejMWzL2u1nWWLGOPY8KIqCyzLqjW4XaZruPbzadV1omobb29tSz59MJtB0fWukzHWrBcdx8NBuY9SJ4NRVOGdvZ9NtfP/Pn7v081uPPxYca0bIezE/KTqma+QJJ2wDggt4Ax/VahWtzAq9T/S6XYAQnO3A7ktAgIxkzq+9y5aVYmZIqQJKFUADABNCCKRpXNgAGE8xnbiwnBo0ff8y2BNOyCEEX8jfUF4htwqig6WIowhcZESHICCpAoVRcJVDKJtndGwkV2Wr5XECKcAg/5cbAQXF9dUlprMZRt4EvV73GcERRhF0XT9ldfwEeM3aMsv+9wZPAaZaVlGrGwp0U4Fuvm/Vdz535hgGg6vsLXEco7lBzSUXAkEQHGVLxmtQqCQ/q5UKkiSB7/vwgwCe5+H+/h5n5+c4q9c3Dl/dBgLfhxACYRDAMIy9rirNpjOYprm2CsMdjcAYg7OvvJN3zhbDKEIQBLhutdYOVWeco9fvw7b3q95wRyNEcYyvX38p1QwUxTH++usvcCFwc3OztVrbaqWCf/z+Ox4e2hgMhkgigUpDg6o9fa67UnSUdTYdE6lwDLW2ZXAM97KPjo8e0Jlj1fn7kZU93kA2Vt4ewJoSJzF6vR7Oz8/WVha+FwRYIDme/lVeiV7cqrSBGKBEQRgFAOQL+NMxDCOB6Rx+oHTCz4kkmiM35uwpr0FRVFi2ijRJkCQRuMhqagUBTRQgpRAaA1eyOuJ9TuQEQIRSDHA0VUeSxi88VkCAQQgG29JgGnWouvPsYf/f//v/IkkSWLYNy7JgZ18ty9q7TO2E/WPZ2pIy9tTaMp1gNvPhjyXpQSiBZigwTBWapcIwFCja6nPqmG/0ScTAhYC1gYUgrw81DlRfug1omoZ6vY56vY4wiuBnMtHhcAhd13B2JsmOvQRKrkClUsGn62v0+n10Oh2Ypol6vb7z61KSJAijCJ+ur9d+bq44OERWxGvwPA+appXKz+j1emCMoVbdH5kXhCEmkwkuLy5Qr5VT8Dw8PIBxDtM00W63MZtOcXt7u5VBNCUEd7d3cJwK2u02hg8hqk0dVuX1Otkcmyg6ylxZ11WA7BrHtj+v4SNPXI8FPwqx8RaOaWHnvYhDhokbonV9fZAg8n6vDwA4P9utUpMgI5czjkLWx0rS4807gqKqsKiNKAyKSWEU+eAshelUQZXjals54cdHms4RHCvsKa9B1TSomoYkSZAuER0kVqEQmdEB9Yno2PVFjfBcWiXzRHTDhG6Y4Fxaxrjg4EySGnzphiIEYFmLiqqUpahULAhuIk4STMZjDAdPq92qqkrCY4n8OKk9flyoijJnbZETvDCKCtLDn80wGU8h5lpbdEuqPDRTgW6ooBu0tuwDSSLP5U0m7v5M5pkcc37FOiiqZ8/P4fs+Zr5f5HVYliUtLOdnew0sJoTg6uoKl5eX6PV66A8GBdFRq9V2RiL4s9yesl64aJzEmEwmR6fqCcIQYRji06dPa9+j0jRFr9uFY9t7y5rhgmOUtdCUbU3p9XvwPA/n5+eoVirwJhOMRiPMfB83Nzdbs2qen53BcWw8tB8wHnhIAoZKQ392DXxL0bEuyhIDx9Zqcmz7s4yfZWJ+wvr4EYgvSgjGPR+GaR4kWJQLgW63i1q1srdFgVWWlXfNDilVYNkVRGGIlMmV5SSNkXpDWHYVmnGYlaATfj48t6eUG5zlIbVpEiNJ4iVFh5opOnih6NglKH+S6Spzq1CFbWwOXAiAMzDOIThHygKoS5OTNElgmwZU9em5gnPEcYo4ZUiSBHEcYTKdQnBePMbKVv2d7Ktl26UkxCd8DOST33n//Xx46Ww2w7g/Z20xVWgGhWE+BZm+hn0MFBYmGKEOTdusejQIAqiq+kMe97mqhwuO2SzL63h8xPfHR1SrVZyfnaF+drY3ojMnOq6urtDt9dDv99HtdmEaBiqVykZNOKsw9X3UarW1yZyROwKA99taloMJyuKN504mExi6Xro5hQuxV8vSyB0hSRJ8+fKl1PODIMDDw3fYtlWsSNaqVZiGAdd18ddff8G/uNha5ayu6fj69Su6vR6+f/+OJArhnGswnafr3nuvb+9dAd4k0+LYpmTHbFn56BPYY8KP9Fnm72XV+fqRSDFvGCIKUvztb78cZOHyr7/+QpIkuPm0WTXsuijUHEJACP4+giOHYZqgCUUcy1U+IQT8mQeDpTDtk2XlhN1jwZ5C1Y1PXlXToWp6RnRETwoJQUFiCoXk1hX++gu9gHdN8ubyN5Q3JlaUEEBRkfMeQRQ9G7AncfzMtkMohWHqkFM/K3stFQwUcZIgjiJEcQxvPMag3y+eZ1kWLNuG4ziwM7XHrvx0JxweTkZw5citLTLPY5pZW+ZbW1QYpgrVVKEbdKG1ZV8Dn3w7cRJvbLvwA/+Ht3BRspjXEQQBprMZJpMJyP09zs5kC8s+J79Xl5e4urxEfzDAYDBAfzCA5nmoVCqoOM7Gx1IYRWBpirM1q2EBmRlhGsZRqXqCIEAYhqVCOnNv9D7VGzNfXkOuWy1UnOeWyveg3W5DoXQhawgAdF1Hq9XCaDxGr9/HJLOslN3OMq4uL1GtSMuK1/eRRByV89V1si8RGWVzOdbFMRIKx7JPP8LK/An7wXze2EeDSAVGfR+NRmPv4dEAMBwO0e/1cHV5Ccc+TF5nfp6vPVPRNB2UUsRR+GRZCX3wVJIc9DT5OWGHSDNyDVhUO2yKnOhIkjizriwRHQAE4SCKgKACHAx4xyLva4wwAIDLbeRQ1rR8EdBnrxknMSzHgUIViFztwTi4YHNtMkCqhhAqg2IINJynGqckTZHEMcIoQhxH8JYsLqZpytVgx4FtW7At+6gG/ydsD4vWFonc2pK3tkxGMwguz0tVpVBNBYYpg0wNQwVZYW3ZtqdVMIE4TtA4L39Dj5MYcZzAcfbvVz0UciVbrVaTbTy+D288LjIncrJjX3kdF80mLppNjDKi1XVdeOMxnEoFlUqltLLGn82gKArO1yQ4Zr6PMAzRbO5/oPgaJpMJTMMoFbDZ6/YAYG+WmyRN4Q5dVByndJL/Y6eDme/jotmEkrP7Sz6Is3odRqbm+Pe//43rVmtrzQGWZeHvf/87vj8+otvtIokYKucGdHNpIWHLio6yKo5jycA49PZPLSkn/EyghKDf9wGQgwSLciFw327Dti1cNNdvKtsmyGsho69BBjZWEEdhEYaYpDESbwDLrkI3j6sn/oQfA4KzhfDNXSgJNE2HpulIkghpEi9kXhBBgaxsRYEKQGSkByAohyCS/FiFlxhhwufUG3S998OFgLKCWEiTGKYuJ2kkV3tkDwv8aUFMCsKKfctrOIUQIDoB1QHLEWgImdeQMoYoChGFUeFJHw6HxTYN05QKD8fJpPDWXn39J+wPb1pbplOM+0HxO82QTS1apvLQTXWB+NuofSh7bp6/YW+wauv7cp9/dAXHSyjaeM7OEAQBZv4MvV4PvV4PpmkWFpZ9fD5n9TrO6nVMZzMMBgOMRiN4noeK46BSqaylPOCCYzqblSIDRq4LQghs63jGNEEQIIwifC4xgA2jCP3BAJVKZW+k9Hg8ko0nZSthp1N0Oh1UsntLgRW3Wss0YVy34A5dPHY6mM5muL293ZoP/NP1NSqOg4eHB4w6ISpnGuz6y5/ja4qO964Ql1FAHOtUft9qjhOpccK2cOzHEiUEs2kC34vw+cuXgwRi39/fIwpD/FLShrhtbDRD1A0ThD5ZVgAg8CdIkxiWUwWhP56P+YTDYSF7g6gg72hPKQtNM6BpRkZ0JE8ZHQsgIELJSA8lqywSEOAAFRCKAAgvBBqrauQom8/fWO98SdMUuv58cMXZajuNEFh8Hys2N79v88QHKEBVActBQXowzhFHkVR6RBGmsxlc1y2erxsGbNuCYztFvsfPOnn80fHM2pKmmPkzzGa+tLZMZ5gV1hYCw5J5HrqlwTAoFK3cvaKYJIQmgGizgFHfByEANycIAZh8O/WTHxF54xI75wiCAP5sVuR1VCqVguxYt5p0XVQcp1j5H2bWlelstlYgaRBI4qp+vv6Kkuu6sC3rcIPbFWmNnufBNM1S8uNeT6o39mU/8iYT+H6Am5sbWOb6cmUhBB4eHqBp2rvfLyUUzWYThmnCdV3833/+Eze3N2g2tlQnW63iH7//LltWhkMkIUeloa1snnrtuHnPMbVJJkfZ5+wSx6YwOWEzHPukfxN8pPdGCYEAMO76qFQruN6Scm0dTKZTdB4f0WicH8yasoyNl8A1TYeiKIjDCEykACAnheP4FEB6wlaRzhEc6prtKWWREx1CCNlqwhk4E+A8XU16CAICBWAAKdwgAqAcggqp9AAHctn+vD1lTQUHSxmsylKDSpqC0NUXZsHTud1cP1Mkv+DPkx5EBSwHsKCixVsF6RHFMeIogu8HRUgfICXxlm0Xq3GWbR9d9eIJm0NVVdRr9YUqyDCKnnI8ZjNMRlPAjYrHaxaRVbWmAt3Q8BZ/mZMblrjANO7DNM2NwkH92Qya/rTRkA4Wfv8zEh4KpQXJkOd1zHwf3+7vcd9uo16v4/zsbOd2B9MwcHNzg6tWC4N+H4PhsAgkdSoOHPtl5c5sKgmRypqhpe5oBMY5nANU7L2EmT9DFMelgjqDMMRwOES1WoW2BytxHMcYjUao12q4vLh4+wkr8PDwgDAMcflSkOordR0Vx4Gh6xiNx7i/b2M6lWqObQQIU0Lw+e4OFcdB++EBg4cQlboG++x1Vcwm1ryy061jIzmA49ufE074qMhzCMc9H2nCcPe3/VtTAKB9fw9N09AqEXq9K2zlLkepAtO2EccRkkQOWPMAUj2JYTq1D8WGnXB84Ev2FKruN/OBEAJFUWVGRrZpIQQ4Y+BC1rkynr4gOyUAV0D43I09V3oI+S+UENA1B16Mp9CWA0aTGPQFomQ+f4O8YKXZBCEdFKSH6QAmFNRgQ2e3iKIYURQhjuVXbzwunqeqamFtcbJsjxPp8eMht7bMr6TOfB/TyaSoqh31nqwtumFAMwHdVmFaq2tqLSEnTnEco75hRWQQBDCrL5+DPzvhMZ/XEccxZr6PiedhNBpB0zR8+fIFjm3v9F6vKgpaWbbCYDhAvz/AYDDEeCwDSauVysL24yxL6NP19drbcl0Xqqqudy2av6zu4GPwvAls21o7SwSQ6g1CyN6yN0ajERRFwc1tuVaT0XiM/mCAWq32uvrjldYaTdNweXEBLztOfX+Gm5ubBeJ1E5yfn8OpOGi3H+CNPfiTBI0b68VK7TczN96w7G3SrHKMRMcx7tMJJ+RYPh+PLag2JzfCIIU3DHHVau01HDxHp9PBZDLB3e3NyvDlQ2GrNL6uG1AUBVEUFBO9OA5lJoBdOak5TiiNefXGNtpTtgFCCBRVlXkc86QHl2GePGHgYKtJj1zpkYHS9QkbxtLnDSpJDE1dvfQ9b10p2wqzLoQQiOgQxCYwbcAQBFWYMPktojhGFIbyaxTB8zzpo4G068xbWxzHKSVxPuG48aK1ZSpDTKfTCWZjee7n4baKE6NuPE1YkyQBYwy2vZk9hQsB1Xg/yfgzEx66rkOfy+twRyP8+9//BgBcXV2h0Wjs3I7WbDTRbDQx9sbo97OcjvEYlWq1CCTN7Sln5+sRAnnOUH1PZMB7MJ3NkCQJbksQBr7vw3Vd1Gq1nduKAGA8HiOMInz5/LlUFlOapmg/PMA0DJxtSFwCMlDVME2MXBd//vkXLrdcJ/vr168Iowh//PEH+vcBqk0dVuXt4fVLdZTbJDlyHH7EtBrbIjmObfJ5wgm7xPwcaNwPoOk67g4QLBpGEf7z7RtqtSpq1eNROwJbJjiALIDUqiKJnwJIueAnNccJG2G+Hlbds3pjHaxSenDBwdPM3sI5mGDFRD7HW/Wwq0BXZNwkcfyi/JjNWVRAdl+BtWrAkf8cKUMIU8CwCAxQyOpaCwgqC7ke3mRSfFZUUeBktpZC7bGm7PyE48Yqa8tkOsXE8+B5ngy2HQID5X9g2xYs8ykfwX7FpvAW/GwirK/w0b8XPyvhked1JEmCYWYd6Xa7ODs7w9Xl5c4bWPLjZeb7GAwGsnklCyQNwhC1Wm3tSXZuqzuK60t2CR1n76mM+qDX64ESglpt96t7URxj7HloNBrPKl3fi/bDA9IkwcVbXvI1FDNGVifrjkbo9ftFAKmzpb+xaRj4f/7P/8G//v0vTAYBBBewa6+PVdatkz12Rca62HT/58cYp3nFfnEilA6HeXJjMooR+Ql+/e23vZDXy2jf3wPAUVlTcuzEiEmIDCBVFBVRHEJkWQUnNccJZcBZipQ92VOUIyY4VoESCqpRFIwHAM65tLdwBs4Y6JoBo5xzKMqKBpU0WSmp5kI8KUleaXvZJt4crK36vTWFbgF6RnoIYSKJGRBYRa5Hr9eD4PKaQiiF49iwLUl8OI5z2FDAE7aOamY9uLm5QZqm8DKyw5tMMJ3I0ERVVTdS+Pi+D0UhoNr2jpufjfDQNA2tVgtCCPn3GY8xGo32RnTkaqBWq4XBYIBBvw8uBM5K2Dnc0QimYRxN/bXnTcDSFFefP6/93OlshtF4jLN6HXSHwdw5XHcIQ9dLKyQGw0Fx3KzTlvNSFscyzs/OYBoGhq6Lf/3rX/h0fY2rq6tS+7oMQgj+8fd/4D/fvsF1XaQhR6Whg6rl6mNfy+z4Ee9wa1twTvf5E3aMY7OpzJMbLOUY9WY4Oz8r1RK2KYbDIYbDIVqtK2h7ykVcBzvdI0VVYSmVk5rjhI2wEC6qaEfl8QKAOEmgrzkQppSC0kXSYx2kjEFb0aDCGFvxaECwefXGfuwpr+G9YWuEEOiGChgJdBAAJgATacwgQruoru0PBuDdbv6kguiws0wP27aPwtZ0wmZQVRWNRqNoVAiCAJ7nIU3TN575OgLfh2bsdvI3T3j8yGQHIQT1eh3VWhUTb7J3osPQddx8+iSbV4bDtfMqZr6PMAzRbK7fUrJ1ZJP2yWSCWq1ayl/d6/WgKMpesjfc0QhxnOC3X38ttZoYRhHa7QdYloVatfpqiOhKvPPxlmXh2jAwcl18f3zEdCazObaV/fTl82c4jo12+wHx9xCVpg7TfnsRY11Fx4+g4pjHWwqVTUJaTzhhXSwTjTkOdRwuj2HdvlSK3d2tT3xvCi4E7ttt2LaF5poW0H1h55TLoppjRTaHU4Wmn7z1J6yGEAJhOCt+VvaQ/r4O4iQBZwwxsDbJsQlYymBXFicKaZpkpMmKx88FjIojaG9+zwrVKuSPV3UF0CNoIKjkpEfCEEcMItARxTGG7rCoRQRQEB22ZRXfH0LSd8L2kNsjNkGapgijKPP6J9vZsTeQkx3zTTA/GiihC0RHHki6L6JDobRUe8fIdUEIgW1taF3YkkhuPB6DMYaLy/VVBpPJBJ7nlVKxrIsgCDCZTHB1dVU66K7dbgPA4v6uS3K8Ewp9Xid7e3tbqn53FZqNJhyngna7Da83RVJRUW2uZ5V6j6JjE5LjmAmSl/brRG4cHqvD9H9cEEIO/p6XyQ1/lsAfR7i9uztIPt39/T2iMMQvJRq99oW9zRalmmNFNsd0DF2XRMfpwnXCMiJ/WlxYFKIcVf5GTm7oho44ivdKcsgGlcVtJUnyYtUsT+cIDrJa5XEIvHTOv0R8vHaNUFQKW1OACuBAB6CDJRxRxCACDXGSYOS66M+RHlZGduR5HpZtb6VG8ISPA9/3AQCGaULsieDI8ax6OcOPpPBYJjpyRUetVsNFs3mQ1PfX4Lru0djcuOBF2GnVWT9jptvrQVVVqYbYIRjnGLoubNsq1VgDyCT+6XSKRqPxlCOVzynyP8Vbc4x1H4+nOll3NMK3+/tCzbGN+4BpGPjbb7+h0+ngsdNBEnNUznXo5vuI9dfuf8+k81ifrFj+mA5/xL+OYzgnf2YcepJ/aCyff4fEuOfDdhzcfPq0921PplN0Hh/RaJzBsY9XoLDX5fCX1RwBkiSE7dSgntQcJ2TgaYoo8oufNf14qkPnyQ0AL5IcXIidWCMYY88qYuMkhvpClgcTT6QGjXUZMko4BAVAOQTleWPtUaCMwmPVYxSNwtZoRnpoADSwhCOOGdIoRRoqGI9GGPT7xXPytg6nUilsLuqRKYdO2B6m0ykYS0Egz9djGET/iAqPeaJjOpliMp3C8zzYtoWL5kXpQMptwh2NwDiHUzmONPiJNwEXolRGxNgbYzqd7uVzHbkuGGO4vbkt9fyZ7+Ox04Fj26isInLWnb2v+XhN03B1eQnP8+C6LmazKW5vbrdm62m1WrAdBw/tNkadEE5dg3O2/mLI/P0wX1UuQjaxWcPKMU9dT9aUEw6NY8ndAIBR30cSMfz6tdz1dlO07++haSpaJVSF+8RBRu2r1BxCCMymY6hKAEVVoWoaFE0H2UMo1gnHiTCYFt8rVD0ae0qcpOCcF+SGqqpI01SSHHFSZHJwIWSria5vneR4qUFFXxH0w/kKxYYggFCyOA5FDooy0oMrAqAcoOLgg55d3FQUjcLSKODkA0wNPJWkRxKmiCO5ajocDovnGKZZWFvyUNNjCSA8YTNEcQyWMvznP/+BbhhS1WNbIFYAqqynMNo2fkSFByUUtVoNtVoN09kMs+kU//n2DZ1OB41GA82Li4NZx1zXhaIoW8ti2ASMc3iTCc7Ozkq1ufS6PWiahuqOyZqZP8PM9/Hp+rp060y73YZCKc5eI2P2cDOq1WrQDQODfh//8+ef+K//+t+lam5XoVqp4Pfff0f7oY3BYIg0U3MoawQbv6rgmPu5jCLjGKmD/D2diI3jwunvsT8szx3iiMEbhLi8vCzVqLUpHjsdTCYT3N3eHF0e4jIONmN8Sc2Rshgpi5G3gipUhapqoKoGVdNAleOY5J6wW6RxiCR5ChfVj2DACeTkBoOeBXyqqprZZgjSNIGuawXJITiHEAJpkkDT9K1dDDjnK8meNIlhrfqcCIVp2OCCgaUMXLDV8rqM9KDzGaSEy8YVhUPsqX1lHWyaaJ0/n6oUpkph2k+khWACccwQhyniiGE6m8F13eL3umHAti04tlNU1xrrpP6fcBT49etXXF9fwxuP4U08eN4E45GsCc0tTIodQTOUo6kk/FEUHhXHKepcJ5MJvj8+otPpoHlxIfMR9ng+Mc4RRSEYY+h0OqhUK3A2qB7eFJPJBEIIXJWo3xuNx5j5/tbyJF5CkiRwhy6q1WrpJpKH798RBAEut01slbxVxXEMxjlubm62Rm7kIITg7vYOju2g3W5j+D1ApaHDqqw/rn2m4Jj7uawi45isKqvu7cecGfKz4ND3vmPBPj6HVQujo54PTdNwd3e38+0vI4wifPv2DbVaFbXqYVWOfgrYb1w2D84WrFJzzIPxFCxOgTiQj6cqVE2HqmlQNQNHTyGdUApRMGdNUfWVioV9Y9mWohTkBgoLwzzJASGgQmrEAAAgAElEQVQK60qSxOtV3r2ClKUrX4vz1e0olBBAVaFARS464GKxppYL/gLpQUEYAJapPCAgiABRBDhlWeXsVt5WKWx6k3k1A4QChqXCsJ4uk4LZSBKGOORIohQzf4KROyp+rxuGrKusVIqvpyDT44dlmrBME61WCwCyGlpJduT2JU3TUD87Q6VSQaJKouvQg70fReGRf/5xHGM6naLX66HX6+H8/BzNZhNOSWXAOlAoxX/97//CYDhAvz/AYDCE501QyWqK94mUMXieh0ajUSqMtdvtQte11XaPLcLNiMCylbCe56HX66FSqbzvfe6oVSVHGEVFEG6ZgNr34vz8XFpWHh7gDTykEUflXAOh611PXlRwFJXwa77e3PeHIBOWLTjLOPT+nfBzY58VsavIjek4RjhL8PXXXw9im27f3wMAWiVI920iyErz/FR+Rra6+iJ/cIIDeFJzaLoJzlMwzsBTOflaFskznoJFaaHwUBUdmq5D0TQo6mn19EdAHAZImQz7I4QcRfbGMrmhzpEbOZZJjhxFPkeJOtlVSBKGquks/VsMRXn/RJoSCqou1tRykZ93HJylYGIVYUJABAFSgCIjnfI8DyULMKXiqPI8yuClmxhRCHRFhYwKkseC4AJJzBAHDFGUYjrzFpQeRYhptlpdVsZ9wv6QWyhwK7NtPG+CwWCAfq+Hfq8nCSzHQaXiIFbct1+wJMpaYT6qwkPXdTQaDdTqdUynU3jjMVzXRaVSwcVFcy+S3GajiWajidF4jEG/D9d14XkeqpXK+oRlyaX0yWQCALgsMZB0XRdBEOy85tbzPIRhiLu721KWHsY5Hh4eoOsaGuvkhOyI5BBCwHVdmIaxl9VRQ9fx69ev6Ha7+P74iDhkqDZ16Ga5xZwFBcecVaXsrfhQt/D3Xus++BDjhBNexCpyg6Uco56P+o7J15cwHA4xHA5xdXUJbYUVfl/w4mfl0S+qOY6C4MhBCKAoKhRFLeZdnDMwJleZGU+frTKnLEYaxEAgDwpF1TOFh36ys3xACCEQzWVvSGvHYW9lcZI8y9x4qc1lnuSQP2uS8Nhi04oQbGWDCqWbvS4lCqj2NLgSAhAZ4chSnllbVpAec3keJCM9CKEQZK6Rgjx9FdlXglwpQSAEzxabCAQESDYiFcgGbuAoTv3Di3kWQCiBbqrQTRUVyIE+ZwJxlMpMjzDG0A2KylqqKJLomCM+jsHzf8Jq6JqOi2YTF80mgiCA67oYDofodjrodgmqlUphZ8iJBWA7qz3bev5HU3ioioKzeh1n9Tom0ymm0yn+/PMvmKaJiwtJQOwa89sf9PsYjccYjceoVquoVCpPTR9bRpKmmEwmuGg2S10Xur0eDF3fqb0mjmOMxmOcnZ2V/ls8PDwgiuNCNfUu7LBVZTgcIkkSfP7tt72q7q6uruBUKri/v98ogBR4W9Gx7vVknyqJTa6Xx2St+ZFx6LH4MWB5Drrtz+SlvL5RPwRnHHe3+w8W5ULgvt2WgeCNw4WB+8nLn/UqkuPoGQBKFWlPyAkPxpCyFDxNF5ohAPlH4ElUZDdomgHdtKSV5YQPgcifgmeTaEootAP/7ZIkfVO5sYyc5CCUyoESAdLkieRIQDZiQBnnUJ8RHDFU9f2DsiRJMyKBgBCAUlrIWfMLLCEAUVRQ5cnaIgQHY5Ls4AkDx+o8DyE4IFYzEWTF92SOtVj9+6XXJ0z+oyogiMwHOYbRTZHpoRCYtraQ6ZEmXOZ5hCmiKMCkM4Hg8rPTdB2OY8NxKgX5caqrPT5YlgXLsnBzc4PJdIrhcAjXdTGZTKCoChxH2hksy1ogO44F+fH5kRQe1cwi4vs+prMZ7u/beHzs4KLZRLPZ3LlUN99+EAToDwYYDoeYTCaZyqcKuuUg9InnAQAuSqg3BsMBwjDERXO3BJDrutA0DbclrSk5SViv1crlrGy5VWUynRZBqfu2IwGAY9v4X7//joeHB/T6fSQRR7WxXgDpMpYVHWXTs/ZBcmxauXnsLTAnnPAevERuBH6C2TjE7e3tQRTA9/f3iMIQv3z5svdtrwM/s67kRMfRExzLoIoCXVEA3YAQAGcp0jQF48mzi2SSkR2qokMzTOjm+l7WE/aH5VpYwzhsZbA8rlgx8X8PuZFjftCtKiogxELTChJRuoVj1YA6jmNQADFSKJSAUFqQF6sgBH/K7CAEYCz/hdwGpSCESvJDUYrXIoRmRMqcykpw8DTNrC3sGfG4CxChyBFNPDf4IlxmguRWmTXzQXa54i6EgKIS2FUddvVpQC8JD4Y4Ys/yPCzbhpOpPPJMjxOOB/nE95cvXzAajwsJpzceQ9M0VCoVVKpVGLqOgMgcj9daEPaB5e0tKzyEEEdLdthZkG8YRZhMJnjsdPDYyYiOi4udq6Asy8LnuztcXV2h1+tiMBhiNp2iWquhVq1uZRtJkmA6m+Hy8rLUxL/X7cE0jJ0OgkfjMaI4xi+//FKKXIqTGO2HB5iGgXp9A8vRujPaFx4fxTFc10W9VisdlLot3NzcwHZkAOngIUC1WS6ANMfC+S5EMZZ5r6JjX5kX27gOHsH6xgk/OJbv39vEa02Lo54Py7ZLZx1tgsl0is7jIxrnZ3Dsw87JbO19n3mu5vhwBMc8CJFBj7JRwlyws+QZDkBmY/FjRMEUumlBN+1T/ewRYr4WVlUO25jDOUeapgAh0HUNiqK8m9xYhfy5aSopRsY5SJquPUBkjD1Tb8jXTWBougwNnXORUEIAQkGXiAqeXZxzZcoy4igGwBfIDwpA041npAklFHQpbZ6zVHIlBIVKAUCWqSOK38kfFy9aT8/j+TfyFyQjZl66sQgKCCxYZUAEBDiIAgjKpdrjhVN/l5PNl147t7bkEEwgyq0tUYqRK3MfAKkIKqwtmdrjZG05DuR2hl+/fsXQHRbKDtd1YZombMdBtVKBpmmFeiJfYc2/Pxbk+3esNhbTMGAahgwknc3QHwzQHwxwVq+j0WzufAXe0HXc3d6hcd7AY6eD0WiEwPdRq9VKBYLOYzKZgBBSymPd6/cRxXGp3I73IghDeJ6Hi2YTZyXJiYf2AzjnODs72/LelcMoV6OUlH4HYQh3ONza5OOsXodj22i32xgPPCQBR7WhgbxQWf1ePFN0rDlB2/YVahcE78mqcsK+sY3j+FVyox8gCRm+/r7/1hRABotqmorWgcnfdeGnH5zgWMa8nUUTBtIkRpIkyC97XHCEwQxhMINhWNANG/QASbQnPMdyLewhg0W5AJJYNvrougZKKbQt1MWpqgYhBHQdiOMEaUYcrENyMMZWNqgILq0i84RFHCeSDBAMXD4ZgCQqUDyWQFEVQAgIIYkHIfgz4iOOE4C8rAhZxgI5tWWnBZfSLTDOwRkH52lha3oGQSTZkUrSY0HtQTO1B94XjLrrFXchBMgKawtLuCQ9AoY4CjHtTp+sLZpWhJc6FQeO7RwkXfsECUJIEVKZpmlBdAwHAwwHA1iWhWq1WoRVvmRjORTxMb+9Yyc6dF1HQ9dRr9cxnUwwmU4xGo9RcRw0mk2c73gCbds2fvv1V4zGY3Q6HfT6fViWhXqtVqoxKydsrq6uSqn7er0ezKyNZhcQQmA0GsE0zdKT+V6/j7Hn4fz8fDutYhsGjg5dF1Ec49evX0srKtv395j5PibTKe7u7raitNM0DV+/fkWv38fDwwOSiKHS1GFYm91M58NHN0FZIuGtlpRNcWpZ2R0OoTj8KNjkfv0auREGKbxBgKtWqzShvAkeOx1MJhPc3d4cTWFpTX//1euHHQlTQqHrJnTdzKwq8QJjHUUBoig45XQcCUJ/rhZW02UmxMGQdfdkZzTnAozzrQSPaZoOIaKiSjZNUxBCoLwzbyFJGUz7eYMKIU/Pp5SCcyw0ueSI40SSHUXOBoG2QpnCOIfgAkJIVRSEADmSTAgqpVugCuZLYDIFF4cQTBIfYnU+CACp9mCAjPJYbIMBFRBU1uEK+vT8Xd/cX3p9RaOwNR2YW5iOwxRxxJCEDH44wXg0Z22xrCLANLe2nAYm+4eqqri6usLV1RXCKHoKJ+12gW5XBpM6ixWk8+oO4HBERw4hxNETHQqlqNfrkuiYzTCdTvDXX3+h2+ngl69fd65yytU73V4P3W4Xj50OqtUqarWabLZ65yTcm3hQKC2lwOh2u0iSBOfrtJGsCdd1ZQjn58+ljscgDPHw8CBJvgPkXBTI/h4zf4bpdIpWqyUbk0rg4eEBs0y94/s+/vWvf+HT9fXWrC6XFxeoOA7u2/cYdwPYNQ2V882b2AgAMafoKPX8Mtvd43Us38fTne+EXaCMCmoZr5EbADDq+jBME58/f95oO2UQRhG+ffuGWq2KWvWA1+tX8frn/8MSHPPQNAOaZiBNE6RJAsbT4nd5TodCVRiWDc045XTsG3Hog/G5WljtsD4vSgj0TAIdRzF0Q5eKDl3fmOSI4wicc6mIgJwEvZfcAADO02dqkiSJFy6UlNKC3JBEBQcEB2PiGenxEpGkUApQIAyzc2UNEubN9yAEOGMLOR/bQKHgmmM9hAAYS2XlNOfSwvOK2gNCkc4c5AMjGWJKKCAUAQ4OskLtse+JaGFtyUh9wQTiOMvzCBnGYxeDvsx9ACGoVBzYtiMzPRxnZ6u8J6yGaRj4dH2NT9fXmPl+oezoPD6iS6ls5nAc2PYTiRCQ/quZLsB+Sbd8f46V6ACASqZmCoIAw+EQf/zxB2zbwufPX3ZOdFxdXqLRaKCbqTmm0ynqtRpq9dqbLR5RHMP3A1y3WmuHC3Mh0O31YFnWzt5jHvDaarVKkxMP7TYUSrdLwpRsVUmSBMOhrB++XqfFZQ7uaIRev49qtYqzeh21WhXu0MX3x0fMfB+3tzfQt6D8tCwL//j7P/D98RHdbhdpxFBp6FD1zcYisrTseabAj1TTunxYfIR9PuHjYJeZHKN+gDhM8fd//PomEbILtO/vAcj72rHBUgGFPYWKvoSfguDIoaoaVFUDYynSJFnI6WA8hT/zQP08p8M5rXruGJyliMNgIVhU1sIecKcyUEKg67okOeIEuq5tTHI8IzcUZW07Aefi2XPiOAaZ26f5fBlJVMifVU1ehDnn0o7C2avHuCQCsv0VAnEUyfBSQkAJAaUy3yPP9WCMgVD65sVYZuQwIMs4oQBAFZkTkrW5bOuCTkhuAZrLuRDICA+WBaNyMPHSlZLIQNNM7VFMPTK1h6AAKJPcCN0/0VFsTyEwLA2GNd/awhBHHGmYIo4i9HozdDvy8aqqFrkQudqjrET7hPXg2DYc28bnuzt4nleQHd54DFVV4VQqqFQqsMyLYmS+bGWZV3hs61h767WKQNIjV3QAclJ4e3uLoevCn83wxx9/gBKC5sUFms1mueaOd0BVFNzc3OC80UDn8RGj8RhT38dZrQbbedm64HkeVFXFZYmV/163C8YY6iVVCG8hZQyu68Kx7dJkwGOng+lshotmczftUGsu1buuC0oI7u7K+dqjOEa73YZpGIUVihIqjy3ThOu6+Oc//y9ub2+3ZpX6dH0tszke2hh+D1E512DXNqycx1xTWbYivc415aMoJE4tKyfsApvcf99lTbm62rnVchXywPTW1SX0DRofd428LeUlouN493yHUBQViqJmOR0JkjQugg4Xczps6IZ1yunYMniaIAp9xHG48O/HUAs7j4LkiKKNSY6C3IhigJBS5AYAUGVVg0oiCY7cdkJfn6Q8KTFe3z5nUumQqz7iOCkGQBwA0qdUdoJssk0IIEShzqCUgGTkRY6c6M5zPuI4AXiWE5KRHvkDCSHZ+5Gf2TasS4RAfgZLA20uOATjYILJrzx9xeIi1R6EA8izPRYCTQU4nhiRXREfr72eolLYmgJUngbBcZgiibK62ihCezwufpeHYT4FmToHWTn4mSCrRmv4+vVrYWEZDocYj0bQDUMqEioVmPoTmTBPdhyShA/p4KhJDgBonJ+jcX6OKI4xHo/R6/XQ6/XQaDRw0WxuHAr6EizTxNevX+F5HjrdDvqDAczZDLVa7ZnKIowiBEGAT9fXa59vKWPodruwbWs7mRYr4LouGOe4LUkGTKZTdDqdTKF0+Cao0XiMMIrw5cuX0kTX/f09OOcr1SgVx4Gh63BHI/znP//BbDbF3e12AgJrtVrRsjJyR0hChmpDB12jIn4ezxQOa7Y8fSSFxMmysj62rUo4QeK91pS7A1hTuBC4b7dh2xaajd1ZHrcJe24qM092/NQzd5nTYUDXDSRJjDSJF+TrUeQjinxomgHTckA3aNE4AUiTCHHgS0JpCQpRob3Q6HFIUEKgKKqsiwUASOUD1phoJ1siNxhjK8NOUyYbVCQRQVbWyJYDgaKqmbVjdaZHjlyVkmeL5OGmkiNJF0gPsWQReel14ziRJStcAIKD7Pj8o4QCKoUyV4ErQ1dTMLZuoCnk6wBPag9FgBMm7S57GGWtGpxKawvg1OVxJLgJBA7CKEIcRfDGYwwHTxPoPMMjJz52NSE8ATg/P8f5+Tm+/vprQXTk/1uWJf8WjgNTXU12rMKug+Hy+ttjrZbNYeg6rq4ukSQpJpNJQSbVazU0Ly52lgmRE1iD4QCPnS663S4qjoNqrQYtuwd4ngdd10rlNvR6PXAhUKvuRr0xmU4RBAFubm5K2dqEEHh4eICqqjvNB5Ebe/shvu/D8zxcXlyUXhl97HQwnU7RaDReVL1pmoary0uMx2NZJzzzcXt7i4rjrHz8OlAVBb98+YJKxUG7/QD3MUKlocOwyytjVikc1ml5WvX8Yw2lPJEcJ+wC2zrWxwNfWlP+/nUruX/r4v7+HlEY4usvX/a+7W1gnuz4qQmOeWiaDk3TwViKJI5X5nQYhgXDckDocYQtfhQkUYAo8Bc+0xwKVaHpOpQDVsK+hiRJwTgrJuGqqq5VF7tgS9mA3ACAlKXQlxQuQgjwNAUy4mObK+6qqmC5AoULDsFl04oQHJyLrBkm/0zo6nDTKAbnXE725Y4DAAzDBBciCzSVrym4jHktlCORJMQOMVYiBCBElXzWQqApB2NzNpdXA02f1B7zpIcAB1RAECZ/PkCuLqEEcHxYDnDOpfw8SVPEcYQwCBHFMfqDAXi3CwBQVAWOU1moq92Gz/yEJyiU4vLiApcXF4iTGO7QxdAdot/rod/roVKtoFatwbbtBQXFqsyOtwZdm67QFbYVcvy2FQDQVBWN8/OieWU6nWLseag4DpoXFztLqm82mjg/b6DT6aDb7cpgymoVumEgDMNSrSRpmqDX68Gx7Z2oN+I4xmg0Qr1WK1VbC8gQzjAMcXlxsZ/J7itehNxqY9tW6RYYz/OkGqVSeRdZUa/XC8vKv//9b1y3WmiVtPkso9lownEqaN/fY9ybwaqqqDbKHwerFA7rKDrI0mOOkdw4tayUwzH+LY8F8/fQ93xOr43Ro5Bh3A9xeXm5e0J4BSbTKTqPj2icn8G2Pn5O23HOKg8IRVGhWCo4Y0iSBCl7UhvI5pUQluVAtzZn4n9kCCGQRD6iwF+54q2pOlRNy0IhjxNxIsMpt0JuoFzmxjzSlMNyVgSMzn2Gqyws2wQlNOM8FrfDBYcQcnImhMhIC55lXeBZ7ayErIpTCMlebvFYYJwjiaMik4MLcTSWCUppZpeZDzSV4ansnYGmBAqQzLW4AFmgqYBQBASR2R77GoWFdCBv1hrgqBdw5tp64jhGGErCIwpDPMxZWwzTXGhssR3nICsPPyJ0TUcrmxQFQQDXddHtdvEweYBuGKhWq6hWq1AVRaoo3sFXvKX6WAfLk56PouiYb16ZTKeYTqf466+/0DFNXFzImt9tgxKCT9fXOD8/R7fbheu6MrTVMEoRCN1uD0KI0g0gb2E0HoNSipvbcmTAaDxGfzBArVY7CuXXcDgEFwJ3d+Vk32ma4r7dhqHraKwx+TANA9etFlzXxWOnkwWQ3m4lB8Y0DPztb3/DY6eDTqeDJOKonOvQzfLX35cm/rmiY/58J9yBoAEAnj/owxAHJ8vK+3AiN7aHt60pM+iGcRBrCiCDRTVdQ2tLLVCHxongeAFUUWAoiszpiKM5W4VAEEwRhQFM2zm1riyBsxRxFCCOguerg4Q8ERtbs1HsBsmRkRuA/GyXJbFJksiwz0JKepjPlRJajBSeSAuK/BLzRHowiKzR5c3VZf6k9uCQk+zC6pKFmRJCttrEsgkIkZYeZSnQVNbWZkoPzubsTiteY6G+ds7iQnlWXct3qvaYX5FfGMyaQG0uB0IIgTCKEEURojDEZDrFcDgsfp8HlxaZHkfgvf/osCwLliVXnwfDAfr9AQb9PgZZk0O1Wn3X5/ySyiInJ9bBSyu8H0XRAQDViqzqnfkzTCdT3N+30e120Wxe4OLiYuukqmkY+PL5syQ6Oh2cna9vlYjiGL1+HxXH2Uk48Hg8RhiG+PL5cymFVpqmeHh4gKHrO1PFrMQLrSqe5yEMQ9zd3ZZukLq/v0eSJKWCVgkhaDQa0A0Druvi//7znzKAdEurtNetFhzHwUO7jVEnROVMg11f/7h4S+GwcM/mOoioAcwGqAdBog+nkPhIGSInHB+W73+b2LK8YYAoSPG3v/2ymyDmN/DY6WAymeDu9uYoxtPbwIngeAOyMtSEqqmIo6iYnHDB4M88aFEIVV8djClXeRUQRTnYxHNfeCk4FJCTX1XToKrGhzhxtmZL2TBzYxlcCKjKcoNKtBC8ybPjk9BtZnFsjkXSA9C098jjs5DTOfVHYXURAvM0ARFCnmcgUJRyTSxJkoIgU8FsqclFWlyUZ0qltQNNmZKRHvkLi4zoyMiP/PstYnnF7lmThw2cmU0gm8CkjCGKQkRhhCiOMRgO0ev1AEjCuFKpwHFsOLa0t+yqyeJnQLMhVQZBGGIw6KPf62MymTxTdayDXAFSVuGxamAXkP7RqzlyOLYDx3YQhCG6nQ6+f/+OXq+HVquFi+b2iZqcWCmDXk9axqo7UG+EUYSx56HRaJSegLcfHkqTAVvB3Ow6CEOMxmM0Go3Sypxut4ux5+H8/HwjO9BCAOm3b5jOZri7vd3KKnm1UsE/fv8d7XYbw+EQScRRPddBtXKv/fqzKGjWUU6gArwBkCkEnbzz+ceFj7SvJ3xMvGVNGfUCXGRV4/tGGEX49u0barUqatXd5FEdAieC452gVIVpqUiTGHESFZORJI1XhmYuQ1ZrKqBZEwRVVPlvGflBqPIhpWBpEiEOAyRJ9Ox3ClWgZoqNj4JNbSnJDpQbORT1+YQliRMQ0IIEYIyBsXzqn1lAFAqAglByVNaBt453qihQQQEIafd40eqSBZLmxAcDdF0HFwKMcShZk8tbp5cQHIxzgGce4ow0kZW4dKtKkRcDTXkKxrnM9sgIkNU7S6TNZb7FBQAoA9c4BH3BGrMm5utI53/OsTAZpoCiAQ37aRIRxzGi3N4ShvA8r1Ab6YZRWFsqG0z2fmZYpom72zvc3d5tpOqYR666WJXpsS4IIR9KzQFIVdx0NoOiKNB1vZgwXrdaO7ODrIMwijAYDFGpVIqg0m1iNHJh6HrpnIrBcIDRaISzen1nzS7vBeMcruvCNE3c3d6Weo3pbIbvj49wbHsr16j5ANLhcAh/NsPN7e1WXpsSgs93d3BsGw8PD7JOtqnDdMqtCL+kwqCiDojFY4+ICghXwckY2Y3pQ6g45vHR9veE48F8KO8y3rSm9Hxouo7PJZuqNkX7/h4AcHV5eZDt7wongmNNqJoORdORxNHKSf1LEEKAiXRl0GYOQggI6HOZXzbBQi7Hp7k0X07aaE6OZP/LidhuL9NxGCCJAqQsefY7harQNB3KB6vX3XbmhqaqW/sM0jRd3aCSJrBMs9jmPHRdgxACafo02Y1FriySxw9VjkvpMQ9KKGjx8S1bXZ5CTjnnC8GmuXKGMwbGUjBOsNzkolACLNXXcr6iFpcxzFMFsrZWyUgTulX5OiEAUVQsx9JwzsFZKt8rYxBgsqVmFbgCGikyuFRj4Mp2VB3rXE/mSQ9hCKgGcFmRq/hCiILwiOMY09kMrusCkARevVZHNWueWK7TPOF1bFvVsamiYxl5xsuxKzrczGrFGMN//a+/YTL14boj/M+ff6Jeq6HVah00U6Lb7YIQIsmWV0I1y2DouojjBL9+LZfgH0YRHtoPME3z8GSQkLkbaZri69evpcZEjHPpS9e0ra+s1ut1mJaF4XCI//7v/95qAGmj0YBTqaDdbsPrTxCHMoC0zO3q2aSfVQA82XwIJXN2UhNU6JLkoOHq5x85Ptr+7hIfcdH10FjXpuINA0R+gt/+9tvWFkPXQd7UdnV1CV3bbPuMMSgHsNe8hI81Az0SEAC6bkDVNKTJ84mlhGyG4JxDgL8rrV4IgUXhffFSWd3mmvtJCAiIlMcTIokRPBEghC5+pYr26okpOEMcynyNXQeHcs4XrBe7Rpyk4CwtFAIb2VIAqMr2yA0gq4g1njeoAAK6rmdZD/I4Y1xmXbxMenBIkQcDUgAZ6UFypQNIRoAc381t2eqSgwuOOIqKz58SgjQ75eYJi9fqa4FcISJnDSvbYOIka06RP2uquvMLuiSkFsktIaSqRTa5iGf1tUQoQKxAIRzQGJiyHUXH/PaBd9QHLmUyCCFgGRcL5AXjHEEQwPf9hSwPy7aLms1arXY0AbPHjm2rOn4mRUcQhpjOZgCAxvmZJBKqDmpVB67rYTB0Mc5qRq+urvY+IM2DZmu12tZ92kEQYDqd4vLysjQ58fDwAAClK1i3CW8yQRAE+PTpE5ySGUDtdhthFKHVau3kfmjoOq5bLQyHQ1k/O5vh9vZ2K+Suoev47ddf0el08NjpII04Kg0Nuvn+4+bZYpswQVF9+n2mCmWEQ7B8jEtBxTkEnwHUW3z+Ru9o9zj2/TvhY2B+fPTauCWOpDWleXGxk2Drt8CFwLf7e9i2hYvGZnlAXAgkSQLGxfaRoP8AACAASURBVMZEybZwHHvxQUEJhf5C/sYziLxik2eNE1xWY3IODp6ptrfroZeEiQBfgx3R1JclpausOASAqhlQNX1rExCWNdhIkmH3h2ih3NiU3NiBciNHyhjsJblvnMTFdqR4R07S5bhX/jvPmj24yAiqjACYX8rRdU1OjhkANk+wUVCCTDGUq4V2rw4qg3n+sCDGFkg48iJhkZMe+WdCKYGum9n5KjJCSJ6zy0oRciDLj7QeqQv1ylwIpEmMNI2fCFVBgZhCIQJCS8G3RHRscgws5zIolKKShZEC0tYSBAFmvo9Op4PO4yOQrVjf3t6+q57xBIltqjoscVGQE+/Fa6tZx6joiKInVeaXz4uWhvPzGqpVB0N3jF6/L1e9Wq29ynpz9Ua1Wn37wWuAcY6h68oQ20+fSu/bZDJBs9nYSfDpOoiyituzs7PSf5/BcADXdXFWr+80L4gQgmazCdMy4Q5d/POf/8Tt7c3WJjytVqtQc4w6IZy6BuesTAApBRVPxNe85VUhFEIV4Ew8Te6EA3ANIGMIkn7I1pKPtr8nHBfemhO53Rk0TTuYNWXkuoijCDe/fNn4tfLFfs4Z4phnZRKHPXtOBMe+QDLfPaV4aTgpV+GXm0cAuVwswDMZoMj+y54AIUixei8yQf17FCOr8J48EWB3waFcCCRpChCCNE0hgJ34jHNstS1FCKg7IDcAgLHnFpUkiaG+oZahhIAW+6PKQwYvkB7ACuIDkvjAEvFBkVk06FEEmgo+p17I9oVzXrwf08wJi1zpwsAZVpIeOUHyVImrIP8I5d/6SSmSN7wc+kKObB+kskxHmkRIkgQFaSoISKyBEg5oHFxhGyV+l0W+vQAvh0/qug5d11HPwkuDIMDYG8PzvNK5AD87tqXqmFdzAO9X8ACryY5jU3QY2cp5peJk2UWLUFUFV5cN+L4PPwjx/ft3uK6LVqu187YQ3/cxGo+fX7OWl9lLYOS6YIzhtmROhe/7RU7FfL30ISCEwHA4hKHrG72f+/s2LMvam9XGsR3oumxZub9vYzaTdbLbyM2qOA7+VxZA2h8MkEYctQsdRHn/9Z/wOsRc3hOlS+cyCBSFZBlSOcmhA+ISoGMI4n+41pKP1gqzTRxifPAjYDm37CV4wxCRn+LX3347CCGcMob/fPsGy7JgW+WapXIkaQouRLFIHMcJ4iiCpmkHtaycCI4jglyFX3FByQ6QdZ0fuSpESPmI/C4nRSDk74XIwg3Zy4GG87uyw3wNIYAklhPHwlYQxRCCQ1W3zwYut6UoWyA3dqk4UZYOgCSOF1bw3wNC5EDkGekxZ28BODjjKy0uQEZ8cACcLzaZkKdsj30Hmoo5tQalpMio0HUNBMuERVZfq81leggu3w9/fRizfMuKs+M1t3pRZFawLedzrANJdJjQNRNJGiFJnhQdpFB0KBAqA1PSYv/3CULIuydjlmUhjCIkSXoKIt0CtqHqyMmpdRQdbx1jIR0cnOSwTBOKouDXXz6/+rhW6xqEEARhCG88xl9//YVhtSpXy3dUiWyYJi4vLtDr9/H94QG1eh212uZKjulshpnvy6rRslaOhzZUVcXZlmpPN4HrukiSBL/99ltpG899W76ffTcaaKqKq8tLeJ4H13XhZ5aVbSl2bm9vYTsO7r99w7gfoX5hvIvkILwKIsw821pmUL1wn3xuWZHkCIgGQcfyZ2xbr7x7nKb6J7wHOTH02vhXWlN8NJrNnTR0vQf3374hiWPcfNlMvcGzYoN54l3XNcRxgiRND2pZOREcPzDkeDK7Eb3jPp9XV774epRsJV/jJSRpAoHFVXXd0OWJEsfQNG1ruRxpRm7k3oZNbSm7JDeEAOgKIiOJE6gKBRfKRpPp5/YWZJN/ZEGeXCo5BAPnYpH4KBox9MVsDwAJ9kd65Oom+X7IgqKDvjKAKzI9IMmPt/6C+esut7nkLS4cwHwqKQEKskNmaexR6UIATTOgqgaSNEKazFtXCEiiQk0VcEUGks4PON+bsbEJ1qkQTeJ4ZxPHnxXbUHWsq+h4C3mg6SGJjkbjfKWyK0eS8uJ9WqYJyzQxmU7hjcf417/+hWazgaurK+grQqE3gUIpbm5ucH5+jk6ng9FohOlshrNaDbZT7txI0hSu66JSqZQOuPz++AjfD3B5cXHwlq7pbIbpbIbrVqs0GXrfvkcQBLi8vJQqngPMxGu1GgzThOsO8d//8z9otVpbq9w9PzuDqij4888/Me5FOLt+ffWWChMQ8rMkAiDvCCZfbVmxQZgGQT0IEp8IgxN+WLynNUVVVXz5/DqRviu4roter4eLiyYcu7x6gwsgTp+KMxRFhaIqSJNkIftOWlZ00D2f9CeC44QCeXXlIZAkKTh7ysHQNANCcKRpUrCBcRxLW8yGkqc0TZFyOQnXDR2KopQPFCVkq1Wwq5CkCewVst9avY4oChEEIRhLAMhcBk1TtqJ4yYmPp0n5U64HhMiIDwHw1WqPZ4Gm2B3pMa/gIISCsXTh521BVRUQSosWFxn2+UogKZDl7ohSMkTO+cb1tIQAumZA1wykSYwkiZ8CSQUBTVUgVSEIB6ECggpZM0tEoYTZBdHxXhWHEEIG/W0QXMg4x2QyOYWVvoBNVR1lFB2v4ZBEx8316xNJxp4ftNVKBY5jw/MmGAyGGA5dtK6uttaKMQ/LsvD161d4nofHbgf9wQCm7+OsVlu7lnU0GgFAaSuH53nodruoVqsHbZYBpJouD2At+7kPh0MMBkPUajVY5may7U0hA0ivMRwO0el0MJtOcXt3t5UA0mq1ii+/fMGff/6FyGcw7BfObaEA/Ml6RSiB8s776SrLCqCB8CZAJhB0+tPZPk44wXMjhLPkYNYUxjm+3d/DNE1cXWx2f02TJ8U9IbR4P7oux5pppuyQ87doL6H88zgRHCccHLLK8ynkUVW1zP8s2y2S5InkSNMUggtoJSVPaZoizYI0dV36w1bVr76EBeXGHsgNAAgCH62z51JZ07RgmhaQjT9SxpDEEeI4WiA9VEWFuiXSA8jY6by6OEOe7SHmsz2WSY/Mo/c66UGzKmS8O9cjn6zHcZLVJy8RHltdVSRZxezzFpc8kJRzDs4XlUj5vgmBtcgKxjgYTxaVIIqStSGtv/eqpmcZHQmSJFpqXqEAAwh7GnRSIgDCIQgARQYiv0cN9l68R8URZTagTRQc+ep6HlZar9dRW7NN5GfApqqOD6/oIID6CsmfpC8zcpRQnNXrcGwbY2+Mx04Hruvi6upqJ1aHvF2oPxgUTRkVx0GtXn/XIkDeMnJ3V661g3GOh4cH6Lp2FK0prutCURTclSRrwihCu92GaZpPeSrLYREHUHM0Gg2YpgnXdfHHH3/g7u52KwGk9VodpmkimiUvEhxE1IDM4kmW7vnvhUIpOFkMuyeiCnA1a1nhHyaT40dH2ey+EyTe1ZrSnaHRaBzUmhKFIX75slmwaZJkuRt5fuESWaNqOkDY0yJ1FO/dsnIiOE44KDjnSNJFwmGeMFAUCkK1Z5InUSKllzG2SG5QWp7cAPZCbgBy8vyeiYKqKFAtG5Zlv5P0kLaabZAeebYHVDWb/y4GmuY5L7nqpcALpIeEDDOVzS3Ki6QHn/f60rmA0fxV9rBiPx9ImkMIgSiKAXBAiIysi2UFskJlKn1WzfuSdE/IVFQIQiR5REjRdCPJHAqFAERR15L/qZoma67TBGkcv5y/IwggsmA5psh3RyDDjImAUHimWxYQK8a+77G6vEVyROH/z957dreNrFmjuwICc5RkS227u0+Ydf//L5k776x113l7evpYorKYQSJUuB8KAMEoJomUzf3hHNstkWAAUM+uHXwAQH6H9pTxeAzLslAoFjAe+7j+/h0AYDtOPCiWUC6VD97+cEzYRdWR082U5FiFdYPs3ovosF5RMMo1Gsksy0Kz0cS44GPQ7+P65sYQHTvYJlah2WigVqvh8fERj4+P8EYjVGLyYxnCTMvItsPy7e0tgjB8E5XKpmh3OgjCEL/++m3rc/jm+hoAUFuUI3JgqUE+n4ftTAJIh0OTzbGrmrVaqeD+4QGlBcR7kruR/p0tS92YhxDRlCqWEgLC6YxlJQcibWjaB4i/0+s4FE4KlBM2QfdpBMYZvnw9kDWl28Xj4yMa9dpOG0ZSSqOSzm5KLyA/OWegjJj5LRNAGgQSlr2/5s1lOBEcJxwMSus0pNF2bNAlhENSxxtFEaQUEzZwg1wOKaVpZ4EhNyilsNat+MXhyA0AsaRru1vpOqSHkBHIG5IeK1tc9OthpoasSCwnBJQmO0mGINCYJjOUMqs1Q4iRAyeBGyuThnk/kmYXFdfTmHnJvDajjDHVvIlKI/n5hRaYIIQm8auXEkRrEGbyWNb9bnJugXMrzluR5nNRygRHadPeNAdtKgOhAaIyC2yiTKAxN39WUKCMvLrp+ZpVJQhD5PO5naxMQ89DLp9Hs2GIlEgIjEcjjMdjdDptPD89ATC2r3q9jnq9fvA8gWPBtqqOnG4CekJOLMJrLSuzeOsgUraCJRQr1BuLkORzeCMP3W4Pf/75J+r1Os7OzvZiM8iCUYrPnz5N5XN4oxFqtdrC5+p0OrAsC1dbthJ1Oh20221UyuU3rVBdB97Iw3A4xPn5OSrl7Zpsbu/u4I1GaDYab9ratgs4YzhrNtEfDNDtdjEaebi6vNq55YWSReSGC6InZByhBHTN9YeUEmEYmuBBx0nDSBdbVhiIqgFkCE0HH44w+JlbVk7YDIk15dffftt7PtM6UFrj5voaruvi4nz7anOltWnoi9els5vSs0jmNxFFEMn8FkcOvLVlZacrudL65Gc+YWuIzElC8LqawrIsEEKM5MmxEQahOUlmqoiUUlOkh5QyrsxcTaQsQ/TOmRuz0HpeuRBGYTzIbr5btZ7SQ8Q/+9akR8beohRUxuaxLNdDKT2l0Jh6fEpT1QMwX2X3ntDJ1B4HmSbqz2UBhqaNR6aERYKEqOGcx++NeY8WBp1KCbbFDqZxHbG5EGGlFLRSkErGShw1ZWuZfsHxEjgCAJZqWTRRIERDM0ATCU10onpOsWpwDYIAzeZ6YaSLIJXCeDxGJTMIWJzDyuxy+0GAkedhMBzir//9X/z111+o12qo1+uLd3R/Umyj6kg+11VEB7C+neWt1ByrrCkA8J//9X/wj7//feOci0K+gHwuj36/H2c8vODzp09vonxwHQffvn5FvVbD7d0dHh8fUS6Xpypse70egjDEt2/ftrqPhVGI1u0tXMdJq5wPhSiK0Gl3UCwU8PnTp60eo9vr4enp6fVQ3SNR75dLJTiOg26ng//96y+cn59v/drVAs8k0RxETyxHm+RkaWiEYQDHooiEhD8ewbbdqfUZo9QQ80ql90Sii4CyANKHJuJDEgUf8ZhP2C+WrZGjUKXWlLMd1jK74Pr6Gr7v4+uO1hQhMnMbWX+W4pYFQqcjB97asrL1oyY74pxzcMaglIKUautshBN+LoRRNO3fsq31bBicm5MkjCYNK5mTJCEzbNsQGUrFyo2ZE3LdxXQUBZDvnLkxi0W2jG6nAylCaG3qbW3bhuO4sG37w5IeYAzZ2UjpDOkB0/CTkh56Qh6khEG8AyylShdtSikEQQBKk7BRanajyNsrO3Sm2QWEGMIjfk5CKBhjhjCQ5vUtU2kAhqiZ/d7JmHww9h6VKpv2mTlCjUcIbOZWoZSAkiY8VUlhMkiW+HeJTtQeAEloj1jtQSigqIxtLvO/G4Sm+aWwZUsEAIw8D4Cp2VwG13HgOg7q9Tr8IMBgMECv10O73QbnHLWY7Nh1t/RHwTaqjnWJjnWxD6IjqxrhK9qWbu8eAAC9fn+rBSohBJVKBYViAe12J83n+Ps//rGzzWARSqUS/lksonXbwstLG2EYolqpQGmNXr+PZqMxRXpsgtvWLaSUOD/bfhdwX+h0OiCE4OqX7RbtYRTi5uYGruOslyNyJP2mjm3j4uIC7U4Hj4+PGA4H+OXql42DXsMwBKVs2kqoy0guxq/VXc49XhCAQINRBmobkiMIfFiWNTUIkThLSkmVsaw4IDiDRheajD+0IuIjZ4ocVvH6YyKxpvxyoNaUXr+Hx4cH1OtVFHewppgyiMnm2mzuxmtgzBQLRGEmciAIEWpl5ok9q2a5lDL1cq/7vQ4jARVXbIooAiUktRpQSt41JfWEj4coElBqMtBZlr3RTZRRCurYiKJwrooo2dkPwxC2bSOMJrYUQghsexNyI4SUh7GlJFBKgS14TiUjlEtm2NJaQwgBbzhEX0ZQSr8j6fE2mR5AzIZnSQ8LcxYXzFhcKCEQMC0vYRDO5HtMKw9InPEBavIw9k18ZAd+gpnqWorJdyn+aKRSgAaUlimxk9xIFilRWEw+aK0hpZ8qjEQYxq+JxMGtcSjsHhculPJMzqqTvl4lJaSS0EobEuQ1tYcEqDQfcIQhuJ0DIZP7RxAEAIB8bvubsjcaAViunJk5MNiMoFpyUS25GI99jMYBnp6f8fT0BMd1Ua/XUK/VTwGlMTZVdRwL0dHv90EoRalYBGer7z9394/mufzdsgI45zg/O8NgOES328V///d/o1qt4tOnT3u3ehBC8MvVLygUiri9vcX9wwMYpXBdF5dbWlOenp/R6/dRrVYPnlfT7fXgBwG+fvmyteXn5qYFpRSqm4SkHgnJAQD1Wg3QGkPPQ7/f35jgGI9GsG1rkpkjyyCYvJdkBek3C7Nekig4HCK2VjJGwahGEEVQUsFy7HTDhsBkrEmtoJMcLQ2jHiE2QHsbvZZjwhF9RU44MPqdAONhiG+//nowO9/192s4joOLs/OtH0MqNZ27YS3O3XgNlFA4TsayEm9Uh1FkSh/2OGPxKNNhC60Ng0JIujielf5Hkak+nGJfYnIDMN7mbdOWT/g5QImJkgxjFi+KQmhtbUQeGLJiJpcjnNhQ0u9lxgKzCbkhRGS8pPEOOmP83ckNwCilFi0ksxYNQki8Q2IBMLvU6qCkx9soPcxrXW1xAeL/ztjS+toEtm2ZDIw5u8tMzgcjaze6ZJFtcqGUGMIj3Smbf7zkZsEy/g2tdapkWYakyjUb4pS8pqlMxHi3Omlj2ff3mRACxvmU2iPN9lAKSsl4x06mxzz/GNPkeBAEcF13p2HKGw7h2Parn6EUIZSKJuogALmci0I+h0ZNYzTy4Y193N3e4e72DvlCIbWw7DtT4SPiNVVHoVhEMRMUe2iiI1HnlIpFcL78+nR3/5T+uVQq7XaQyeMUiygVi3h6fka32zWBn5UKzi8u9l5PWqtWUSwUcHt7i26vh2+Xl1uRuGPfx+3tLXK5HMp7eh+2xdj30Y+VKNtayB4eHjAYDFCv19e3HR1Bq0oWQRhi6HlbVeNGUYQgDFHNG3LH1ueQmWv3prkbURTBsSiEUuCWDYtzBEEApQ3pMQ4FfH8Mx3KmNm0YodBczwSQ5gFpAbQPTcJlT3vUOOkgfi4sWuMm1pRarXYwxdv1zQ3G4zG+fvllq+Y9wCyJ5nI32G7rx0WWFSkEtNqfmoPPVhmqzCIcmOyeCiEgMlL/WaSL6yT80XFO+RwnLATjHIQxiDBMSQ4hImglwTewjwAzuRzp95KmJIf5N/P3tZUbwpxoyXDMGD+Y9UpKOTc8CRG9ypxSQmBbFuwM6XFYpcfbkx7JxSr7Wc3le0ADSsUBt5lhNnMsczkfMQdMQEGZGcLXqbJVGYsKoRQyQyYvIjgWvzaT3zFbS5uFVjK2YwFYYnUB4owOwLwXMdmxTG2ntalvXkSCaA0oJddS6k1ne0yOK1F7KC0RhkalQcn8cwW+j1p9twwMbzRCcUV7hZIRpAyniA1zPNT4xzmHEAKWZSNfzEFLieEogDca4eb6GjfX1yiXy6mN5RBE6LFhTtXx/ILBYADHdecaPlYRHeu2rGSxDtHhjTx4oxEYpWCv7FLf3t0DMLaAbW0dU8hs7yZ2l36/j36/j26vh7NmE+cXF3u1rliWhW/fvuFsNNpaeXTbaoFRevBMGiEl2u028vkcrrashB0MBqZWt1iYIt3WxpH4J7qdDjjnW1XjjsZG2eY6DjQIpJ4mNzbN3WA0UQrS9B7k5FxEYQQRhXAsDiEkgjCApSUsK6MUSQJIM2oOAgtQDYAMoOlw49d3DPhoVpWTPWW/6D6PQNnhrCn9fh/3d3eo16oo7mDzjUSUNh4S0K3mhEVgjIFSOq3GD0Kj5qBs57mLM8bi0DqNWbKDMWqYGxGli/0k8M6yLCglM0F35sRI5CYizkGIInHK5ThhDpQQ2I6DMJoQCbZtQQZJaOj67N0klyM0WQWWhTBIaokIbGe9fA8gVm4kg6jWByU3AEAqCc6nd5eiKAKlmx/TIqXHj0p6JFiW7wEgJXO1UpCmxxZK6emcjxniY97qsrzKdi6TImtZ2WP46ezno7SCVnGVa0zsqAXX90gIUMrmWH0pJUSs1GOMp/89IT1ErNLbxYqYqD1kkCF9Zh4vDEMorVHIb18P641G0FovVFgoGUHJaEppA5jPz7KdqfeVcw5wDhsuRBTBshyUijlIKTH0fIzGY/z73338+9//TomOWq320y8YZ1UdSZVpu91GpVpFtVJJ3yNXNeZIjk1bVrJYFVzbbncAGNntquyNh8dJ1W1jn+FwMwqAcrmMQrGIXq+Hp+dntDsdnJ+f733Xb1ty4+HhAUPPQ6NRf5PMkE3Q6XQgpcQvV9vlbgghcNO6gW1bqNfr0/9xE0XGgdUbu1bjjkbj1LYb6enPdJPd0yR3w+EcUms4bpa4QLrjGwQBKKdwtEYgIkihYLvO1CYBIxSSa2ghkeaA6BIgOTTrY9Zmeuw4taz8vBh0A4wHJsz5UArP65sb2I6N8/PtrSmp6IGQdEM6CIK5codtkajxExFFwiFIKaC12jjnIwueDf6RSsUDiFngm+DQaUtK0kBhpM4EUpoLkRVL/KIwmNTARAJKChCCN9nVWhAAfcIHg21xCGGG34llJdjYsmJyOZx0AWw7FqIwgmVba9sLUpUSDIt4aHIDAKSQsGZ25EUUvZr4vy6Oj/R4u0yPWdA4m8KEaE6g4/paFSsdoBQUsKLVZXGVLWDIEh23TU3Zit5wqUMJhXlByf9PoLRCFEwkgUaZYL7jU2Q2IYDWiISAxTmkEBByQkZorfdCXqtMW8xsOGoQWx/z2+ywxvCGZucvu+jWWkFGAbSWUz9LCYFlua/eULllgVsWbJ2DFCFsy0GlXEAURhiOAgwHfXQ6HVDG4srZ2tb1lT8SElVHr9/Dw8MjXp6f0el0jKKjUoHF+Uo1x1a2CmIIipyekBN+EKDf7wMAyqXiyse9ad0BMOqNtUIodwCjFPVaDcVCAb1+H3d3d+h0Ori4uNiPcmRLDD0P9w8PKOTzO5GN+0C/38d4PMbV1dXGeRMJWq0WwjDCpzdosXkv7KMat9PpIJdzIcCgM7ZIxtc1psznbtiOu5C8Z4wil8shDAJIKVCwLWNZGY/h2DZYZj3BQADOIbMBpMiBSBuK9gGyWw7OoZAIt04jy48PESp0Hj1Ua9WdyIVdcNO6wcjz8OWXK+yyn0ZjElQIMTOnhdCa703NwePK2PlsxXDrc2ZqdcoohaR0sviNF59p0wWfHjopMVIVyuhk15JbqV0gyS8Q0kio953LIaV5w5NBhYDEkmiycXDqCYdD4reKomjGsqLM4L3mh5hdqBqZ5CaZG8LUH8GcVJTtLo/aF2YJmkgY+dZb4agyPfwAUiQhr29PegCJrWL+ejXd6qKhhJwmPWLGNbG4JP9GKZ1UxMaqokPt7FNCwS1DIgLmGmqUetPd5gnCIESQCZbK5nxIKcA42/qz0FpDpiQDWZC/4cOx7Z2Cubw4RC97Dmklp8gN8323wbmz0f2CEIBbNrhlG1LQjuA6LmS1CN8PMBoHeHl5wfPTEyzbjsmO+naS+B8IlXIFlXIFQ8/D4+OE6ChXKqhWKrBt+9V8jqnWhxVI/rtPXqC1Rg5NvLxMHvPXb8tVAI9P7fTP9cZ+K2lXwbZtnDWbGI/H6PeNKqhdKuHi4gKFAwTbtlotWJa1s1VsV/hBgG6vh3q9juaWn8fj0xO6vR6q1arJ3ciqMLa5jB0gTXIf1bjtdhtRFKFaq0Nl1BuEkbXJdxln8tl8krvB+fJ1CSGGaI5ChigKjGVFKQRhCK4UbHt6l3sugBQMVNWgiWeIDnw8smA2uuWjHf8JizG7Buo8j0EIxZcvXw9yPIPBAHe3d6jVKigV97PeWDynCUiptg4cncW0miOTzaFMeP3Gxzz7D7btIExUGHELgbGk2AttA7O77JzzONU/bq+IsxBMkMjqBWTi7U528l5bOJsWBT3d5T0jC8+G6lG2/WL8hLcFpdSEhoooY1kBZKBh2dudPOuTG3Ka3KA0zq44POiCBUMURbB2aJXY6jgOlekR49CkB7Co1cVK5XtKKqg462NW6UGSitjM3w8JxiiUYrBtQ2AIIWYsiMYbKRN1RYb0SEjj5P4ghNj6XJEym0ky/z0Pw2hldsY68Dxvbqc3G9hq2Q6sDYmNRUhIEsuyobSCbbvI50LUawqjkY/R2MfD/T0e7u+Ry+WMhaVe33ug5EdCsVBA8bffcHl5iYeHBzw+PqLf66FUKqFcqSDnukuJDkLI0lriVRiIB3S7XQDGPrNK2v/wYJpTbMsybRXvjFwuh1wuh8FwiH6vhz/++AONRh3n5+ewrfdJ47+9vYXv+zg7O9sqaHlfUFqh3W7Ddd2tczeGnoe7uzsU8vnFIanbEhXvTHJ04u/vttW4Qgg8PD7AdRxwuzAZtikB2+AzjgIfjMZqxSXZfLPQACybgzJqLCuEwLEoQiHgjxUsx5la6y0OIC2AKQuS9AAiljzTceMYW1a2yTs6YR7GmhLg69evB7WmWLaNiz1bHCdzmkgz7GzHRhQG0Hw1wbkJODfXCBEHkEppNuGSOI21Qq1rewAAIABJREFUH2fRPxqSw5AbWUvKurAsC1qrTAZCTHKIaOViWGOyi2j+wUi7J5WHAIl3rikhQOydnuSAzCMMjRJAAYCUewkuOeFtQIhZTKZSqJhgMyfPZpaVdWHIDaM0OjZyQ0q5kCBQUu4kOdsXDmZviXE0pMdMa1RKeiRhnnMVscbaR2iiOnv/D5NxDill6ndMrqEkVnhQQiAzfeeE0LhJiEFphTAI0uu6pBRK6Y2vq1l7yqxaJortYoUd1A7j8XhhSG9WvcEzGSP7AiUUNCE7lAnTKxRyaEgJbxRiNB6j1Wqh1WqhVCqhVquhVq+929B6bHAdB9++fsXl5894enpK2y1y+Tyq1QoK+cJComOb86bfHqV//u3X5cFvQmqUyiW8vLTR2Kd6Y4ut21KxiEIhj35/gJeXNtrtDi7OzzduzdgU3TgPpFQqHZyIa7fbEELg27dvW13TldZotVrgnO9XiTKrAHnjqbXb68H3fXz55Zeth6fEotO8uIROci42bD4MAh86zt1QWq/9/Ug+OcoocvkcoiCEEBFcmyOMBAJ/HK8p7MzvxAGkSkGnykgbTJ9Bkx40Hc0/0QfAybLy40FGxppSqVbf/Pq8DK1WC95waKwpb9BmauY0DilJSnQYNUcIrRk4Xz/zcBWMCt+JVSKTUHutDcmxzrmzdEWaeG62HSoty4YQESiNPTWZxfDS5P6ZXcS01UVKgJC48jBenM6wOJbtmMDAqeFCzcmt6RtOhqaxYe5fZ/4++/x670NYGIkFz7sabMXn8t5IpFDhbMuKVlM3vl0h5fGSG8Diilhzch9v0NbxkR6mKpjTw5IeSbYLYD5XKbNyu7iWlsQ2jfTPb5vTwTN2QmDegshjEoQzDpZh5s3v8vQ1RZEhlmZrxV/DlIJjLmDUWGh2ITiGngcAaT6UwfT5Q9/Q6pU8vm0z2LYTE0oRSqU8hIgwGoXwxiN8//4d379/R6VaRaNRR6P+fnaIY4JlWbi8vMTnz5/TMNK72zu4roty3LwyS3Ssa1UxPwz0X8YADJGeyy0fyoRQqFSqGPQH80GU+8CGkw0lFNVKBYV8Hr1+D/cPDyaf49OnN8kGEVLi7u4Wtm29efbIa+gPBhiNxvj8+fPW9q5WqwXf93F+fr5aiXKMW+sxEstSo1Hf+js5sejUwa2Jss2Q7etBiGiSuyGN6mLT0OzkbbYdOw6ID8A5A1MaYWRyoGzHmbLLMEohSdayAgAVUGVDkR5AjvSDewUnkuNjI7uebD+NABB8/XoYa8rQ83B7e4tqdX/WlGVgjIFQo7LIqjmkVLBsey+WFcCsQ5V2kK6T43w7rVUaTbH0d1974G2RSHYBQGmeNlNEUZRaRmahp1JDV0vess0bwPJKK6UVojCcLITegNGaOq7An86MmJXTzL5ureHufXckrrhclMI6+2/x8R2bdYdSCttxJicPjGVFqWCj4NBlML3tGXKDEFh7CsvZF4RUcHMzDSoimho2PwLWzfTg3IJlW++j9CB4V9JDxefZ8qBSHefDzxAfJJEA0zgXZH/EB+ccUkhQZhpNZs8pzvnSe4AhR2RKXAOGxFmX4NBaQ6VEw4L8DT8A53ynneOR54FzDivzGlSGVHnLHJtFYIyBMWMNklLAdQTK5TzCIIQ3DjAaDtDrdnH9/RqNZhPNZvPgO+eHACEEFxcXuLi4wPPLpHml0+mgUq2iEhMdY/K8UcuKlArJBvC3FdkbIh6gcq673+aUPcCyLDQbTfjFAP1eD9+/f4fnDXF1ebVXQtT3fUipIKVEfzBYbOl4B4RhiG63i2qlsnWjzPPLC9rtNqqVynqqh9nqi3XxhvO1VArtTge5XG7r9hhvNMLd3R1y+Tzc4kTFQmJCfd3jCMPQ5G5oBW7bWyuik2e0LB63rPgA0Sg4PA0gtW1n6p4ya1kxnEYOVFtxAGmw1bEcCoduWdnG5nfCYgx7IcaD8KDWlJvra3DO8Ol8v9aUZUgCSKNIQMqJmsOo7vcXQMrSzbOJ4gx4fYPjXbwaFregYrlzGIRphewsVOZk49wCZwwKhrE1ghSdJitnyY9VqgxK6BTHEIUhSGx5SS/sZP0L/DpYx4uYIBkO3gKrrDtTx7Bg6DoGTJ08apLeGwYBLNvZmiGcJzcQ27D2efS7QykBPrN4EFEERj6+xeooMz3ekPSwLQuKc9PIkuQGxUqzuaBSYBJWqjVMttI08UFi4oPExEe2nnYT8A0rmbOwLCtV5wGIs5bWa1Z5LX8jCMOdAxW90Wg+oDRzM6AHVKwxxsGYqZ11bIFcLoKsljAe+xh6Y9zf3eH+7g7lSgXNZuOnVXU0Gw00Gw10ul08Pj7i+enJVMyWy6hUa+CMpWqO1wZ8xikYBSzXRrm0PNtFiInC5xDZG+vAdRy45+fo9Xp4eWnD80a4vLxEacfMmgTFQgH//Oc/cNu6RbfbRRAEqNVq714R2+l0YNvW1nkT49gOlqiA3hxvpABpt9txNe52+SNaa9zc3IBzjnJtMvwQsnxzcBGiINg4d2PlccG8ZZQS07ISRhBhCNfiCKWEH4xhx3a/9JgXWVbAQVUdmgyh6WCnYzoUTpaVjwspjDWlXKkczJpye3eHwWCAq8vPb2JNWQVDUi4OIN3HhnSCpDzErIEptFbQ0PG+/byWgwsh0gXyW/rBrXgwTTzfCxfCSd8uYtKCABR0ioZJN+O0jkP9VoeOmF3CydCgkQmZk9NqBoJJKKm56G7R/JJRoKx6L7My6dSnn70zZuw2IPNCkHVhbgyLj0NraWTm8YNnZfTr4C0yMRbBsjioJObkSXI5ggBwNic5pFRT5EaiNDo2cgNILCozCo4oBNtTReyx4fjsLbOkB9vpQp2ElM4+grG2aSgp4+BkNU98ZGDbVhzkDEwTHwBAwdj6xMe25Ib5XQYpKRiLW1kISVtZXrtursrfEFIiiiLkd9g994MAURShNLPznK3qZfQ4iELGORjn0BqwLQfFQhFB6GPo+fC8If7s9XD9/RrNsyYajZ9T1VGrVlGrVjEYDvH48IB2u41Ot4tKpYJKuQzbtqcUHct2dr79P+fI8+WDbqh8+LRvGlf0cak3FqFSqcBxXXQ6Hfz555/4FCtf9gHbsvHrr7/i6fkZt7e3CIMAlWr13VqA2u02gjDE77/9tjWxcn1zAxbXNa+FXVtV3gBJNe7l5SXyW5K+N7FFp3F+AZLZIKFs/RcZBAE0FByLQykF192upjeLWQWDbVuxPTkAYxSMEgRRBCUlLMeZupcxSqHI7AxQBJEcmvYBsnnrwqFxaln5WEg2wdqPI2ilD2ZN8UYjtG5uUKmUUSkfRm03VRQRb9wbUUMAvscA0klLKoB4NZ1a92csKzxpj8gcJlx3//KarOcbAKSSYIrOh/NlXsRKEAIKArzynpnXTOdUH4sQhpG5UMaLb6bNYju7KN4EzgqZku8bLzAIQRiuqeJYZDlZ9DPx4yZYNsQIMWlJSCqBF/3+IhxC3m28mpNcjk1JjjnlBo5TuZFg0WAaRRGcnygk97hIj/BNMj0IMeQynSEMDb9pFGtSaUCrhS0tCcz1TS0lPig1NyETGLqf8zep9pttZVmk0MtiZf5GYGTGuwxSozh/Y1bBMVUPeySZQwkmtbOA7eSQz4UQ1QqG3hDeyMfd7R3ubo2q46zZfJtsiCNHqVhEqVjE5dUVHuPmlV63i1KphEq1Ctdx4NOXlS0rDl0+mI1lXD9JCMZ4BoCjJzpcx8HnT5/Qbrdx//CA4XCIqx1CKGdx1myiVCqh1WoZ0sH3UavX3rRVZeh5GHoePl1czJGU66LVamE8HuOs2Xxf5ckeVRxJNW61WsXZloTvS9tYdCqVKix7ovChG1TCChFByAgFx4JUCpbt7D3PLnk0zhkYzSEIAigtJ5YVfwzHcsAy90mzaWCW7On5TlxQ5UCTLjT193qM74UjXZKesADD/sSacqjNh5vrazDOcHF22HtVWhRBCIQQ6Yb0vgNIzXNNNjPM/X5+Y4PPLpZt28iO9xnmCCDttc1CKZUSHDqufE2aV/b1JjBGwZgTP4exumgFaKhJvaMGgJlA0jACIZmL5pqD/6ZSi10lfvvApsfwlraaVaCEwLKdeOCceL1gOa/uRC/K3OCWdbTkhtYalM0TGVII0AP5+44Fx5/psZvSY/I6EcvxgOz6PFF8aGWUHjpWsi2zugBJzkdWwWDvNVSYc2uqlWVVQLWayt+Yt6gEYQhKyNa7lYDZ0WCMTYX06oyaj+zZlrhvTMgOG46bQ6USIQh89AcePG+I/+n18P36Gs1mA83m2cE8v4dCznXx7ds3fL78jKfHJzw8muaVfKGASqWMQr6AMXme/z22fFiOlD+9gR+TJIkFJgk4PVbU63U4roNup4t//etfuLy8RHNPDTCu4+Bvv/+Oh4cH3D88IAhDVCuVnc7RZQjDEJ1OB6VSaWs1SqfTwfPLC8rl8lxN9NrYhqTYY6uK1hqdTgeObW9djTv2fdzctOC6OeRKk++CsWevuTEU5244nEEqZe6rb7TJklg0CCVwcy6iMEIUhXAsDiElgjCApU0z1QSxZUUro8qO/w2oAdIDaP/DMgbvYVk5VcOuj9kBWgqF7uPooNaUu/t79Pt9XH7+9G6q+tdgal7ZfIai1OC2tbcAUvMxkAzJEYdZxH/njDJjjYj94IAZBilVO8mXE5jd1ihtDQjDCERr8JmU1aw9461OOJLIVxiQSFuy9helFZSUqVWDEJLeoNbNs9jyyMxxkeQ44w9Om7+Y9+Mt3hOy8dA3r/h5X1CCxSSH/TrJMYUjG3CSWkwpTSWS1hr5/Lyferp944QEa2V6aA3O3oP0CN+M9AAmig/EoZUJEuIDOs4qikkQjUzOTtJbHkV7JTgIIVMKPSElKGMLzzElsvkb8zfkMAiQ31EGP/I8ODPXbK0m586x2FPWQWKjsywb+XwRUkYY9IcYeN5Pr+qwLTP8fb68nGteqVSrKBWLU9YVly0fyD2xeBBKFrU+fUn/vBdVxxtkNRTyBTiOi3a7beoCPQ9fv3zZ25rqIlZUtG5beH55QTEIUKtW97pm63a7YIzhl1+2G+r9IMDNzQ1c10W1UtntYHYhKXb8fDudDqIowu+//761AuXm5hqMUpT2lbsB8sZr4emh3rIt0DiAlDIKh2oEQkAK096SfR2MUCgOaCmN2FkDBAVA29DoQZPjzJp7DadcjuNB9jpHCcHz0whKKnz9srxy/C0xGo1wc32NcrmEauUdMoY2wLIMxX0HkJp5OVFsTltWeJaJjaKJpCSKQlDq7HTjyjaYJAtsSgi4bc8tfLXKVvcd5nSmhEKoySAw+9qtNZQC68Jx3IMzp5uyfdnh+pDZy4bksKftKlEAkOV2FcYYtJ7UYi7NgXlnCCHgjTyzw5LPw7adpeqpxMI19IbI5/LvHiT00bCWveUHIT2ADPFByNx3Q8V2F5HJsREi2ttNBojrvKRMzy8hxMLaZaWW528orRCEIWo7hDuGUQg/DkXMYuoec2T2lHVhcqEc1BsOqrUqfN9Hrz/AYPhzqzooIfh0cYFPFxd4en7G4+MjHu7v0XEcVCsVlMtlKO4t/f2RP4amek6yv6ylxSfHq+rgjOH87Az9wQDdbhfj0Qj//I//2Buhn8/n8Y+//wN39/d4fHxMA0j38X1rdzrwgwDfvn2DvaWKuHVzAwA7XUMOjSmLzpbBsbe3txiNxqg3L8BYJpR/g9yNMDS5G67FIaWCm989d2MVFrWKMEaRy+WNZUUKFGwOLxAI/DEc2wbL3MMojPVQZANItQWgCeg+QJdfA44RJ2LjsFjV0jHshxj1A3z5+nV7ldiOuL65AWUMF1s2TL0HLIuDqfcJIAUwpeaYmu4451BZpiUKU4/1ppi1BAAmt2HZQJn1yx5y8J9ymMwexx4P69Dkxk44gmM3dpUZkiNRciwZ/A2ho+OMAAthEBop+IFkXd7I5LCcnX9ayxJGCcHl1ReM/RF6nTYsbr1BxfCPjaMmPTgDt6w3URaZzTcKcI4oilUWQoBQtje5IAAwy4IKg5TkkFLOKUWyAaOzORhBbH/bRcHheSMAq/M3fgRykFKGfL6AfL6ACynQHwzQ6w9SVUelWkWz0fjpVB1nzSbOmk10Oh08xDkdnW4Xlm3j92+Ld7n+/N/vuPpbdeXjZnM9kvv3mDwfbUZHuVQCpRTtdhv/9V//hd9//31vLSsA8PnTJxQLBdze3eHx8RHlcnknxcRoNMJwOMTZ2dnWj3N3f4+h56HZaEzVQ++EXVQcW/xuYtEpl8vbW3S6XTw9P6NUKsN2J5852SB3QwpDUjsWNcOIs//cjVXIPhMhgOs6iEKGKArgWBRBpMw9bQYaJoBUkpjkiNUcIGVAWSaAFNvl6h0aJzXH+2LZnKYy1pRPB7KmPDw8oN/r4fLzp4Nv1L6GqQDS1LJixQGk1t5msGnLCp0mOAgx1X/hDNOy6ZOL+MIIxOSG1rAsa6Ukejpg9HCLz0lQ0ekycuxYmMkRrLarJINq8v1MwlXfk+SQQmA4GqJUqqJU3nwhl3PzyH3Oo9N5QX8wQLFQ+CEGtkNhrUyPdyM9ggWkB98by82Y8VGnKo4oAtvnTr8GCGiacSSEmLHRaMhs0Ods/kYcMFrYMWA0kUdmnniquYp+IIvKOqCMo1qtoVqtwfd9dLo9DIYD9LpdfL++xlmziUaz+VOpOmq1Gmq1Wkp0DIYD/Nf/+f9Qr1dxdfkp/bn+wEPghxCRhGW//r2YJTqOWc1RLBZSEuLPP/+E67p7rZMtlUr4Z7GI29tbPL+8mADSWu3VkOFZREKg3W6jWCjg8vPnrY6l1+/h8fERxWJxf9kg+8jUmJUlvILEonN1dbnFk5kMo1arBddxUahMyDdCCdia95FESWcxakK1OT/IEJUd6E0DXgBOKbxAvDpTMEKhmIaWpmWFaADIgSgbGv0PGUC6SOGy0+Od5pwprFJsZNF98aGkwpct66t3xdj38f36GuVS8eisKcuQBpAKASFlhmOIoJSMCx92/z5mLStzVyxKKRhlkLGMWIgIlNG1FthKK4gwSgPkTJgjwG0XrxK/GYIjiiJIIUAoScmOdSoP94PJcRxTRsMJi7FNJgfnpmYzDUSU0vhS30G2LoTAaDxG8/zz1hLcBLVaA35+jM7LCwr5/Lsc/8+CxZke5np4HEqP7UkPzi2EUmasKpuT2LNYlLWU5AcprdNr6VR7yqL8jTBEIZ/f6do79DzYM4N8Vr3BCPuh+WvXdfH5k4uzqIZuv4ehN8bt7S1ub29RidsYPrJ8f1OkREe3g4f7B3Q6PXQ6PZydNXBx3sT//eNPAMCoH6LSfP08mAo0y9pW6MtRkhwAcPn5M8a+j/bLC/7880+cn5/j86dPr//iGiCE4OrqCoViEXd3t7h/eEhtQeui0+kAAK62HBjCKMTNTQuObaP+gb/b+7Do3NzcQCmFUrWBZATeNHcj9AMwAnBGofDWGXSroeP/CYIAlFCMQwlG6XqqVxCAEcjYsqIJQDQDQQ1QXqzm+Jj4gW9hB8M6A7bXDzHqBfjly5c3CVleB9fX1yCE4Pz8eK0pyzAVQBqYVkLbthAEwauk5SYghMwTHFLKlNwwP0TXkrQZdjUEMMnbYIytLRNMFBzJkKq0jpsOF4UqmspD04VLzZcyDo3chQHSmWOYEC7EdM2ecLSYyuRIMmRWkBxSKUgZf6bxApW+Q+2tEAJjf4zm2fnSm/PYHyMKg3RQzOXz4MxaGtjoOjk0mud4frpHZQs1yAnrI1G4WR+Y9FBKGdVS5ru0CYm9CEIKiEgA0GnDEgHAOJ8jTrL2lEWqoyAIcLaDn1RICd/35yTu2apvuqc+9mMHt2zU602UiwH8YIyh58MbDvBHtwvbcdBsNH4qVUetWkOtOlF0PD294OnpxcjZlVqL9JpdX2R9vwCOunElF6s3Op0OHh8fMRwOcHV5tbdFerVSQTFWc3TiQb1aqbyq5uj2evB9H192qLZttW4hhEDzLeXi+2hVWYF9WHSSmuBa4wzMmthXyYa5GwoKeTvJ3TjMEAdM3jKj7NMQUkFBw3U2s+YySqForOaAITqAAojiAOlDE/HaQ5zwA2JdxUYCJTX6z2OUy+W9EcSb4uHhAb1uF58/XSzMOPsISANIhYAU09mfWu8vgHSBgoOBQqQONbIGaSCEhBBx3kbMyFicr83EaB0vduMml9nq2tkfth0bk/XqLAFC4oE1OW4aV2K9/jqyTS4nyf/HwlQmR5bkmEnaToJvk2GMwChA3mNH1xt5S/M2/MBHp/0MRjkszkDiY/aGA4gwjOvZbNTq9bnft20b5UoVQ2+A4oLmlRPeDsdKejBqJMWzN0BKKRCTDNl6aCkiUGuz4UIqE1qaWD+Saz+lhthedE5NKThm8zfiQOrCDgvqkWdC5OYUHFMh1j8HwQHECwnHBWMcFueolAsYj314Iz9VdVRrVTQbP4+qY866MhiAab3xPT9RcSxaI62t5tixSnQtZJ6DEIJ6vQ7XddHpdvF///gDnz99wvn5+V6eijOGr1++pLaY+4cH1Gq1pZaYse+j3+/vlBXz8PCAfr+Per2+sTVmY7xRq0pi0Snk81tbdPr9Ph4eHlAsluDkJuoZwohRMqwBGbe5OfwwuRuLEEWmXQ4aiKSGYztbkfEUBJoRQ3anag4H0GcA6ULT8Rsc/fEiqz77WbHp6+89jyGFwi8Hak3xgwDXNzcol4qoVT/+hqbFORiNA0gzimIpFSzL2nkOnyM4CAH4VA4HVkqYRRSmOQZhGBk/+4KWlFVIvDkJsnWHSqn074sqD2dX0bZt7AeL2zQN8WHeNKP8yNpe9Gs3rkNWh5zwKqYyORKSI5PJobVGFEbIqowsx3ndPrUHhFGEXL6wkNzodF7gj8coFvJzw5cFDsRBv0IIPD3eLczuKBbL8Dxvyg5wwmGwiPQ4RKbHeDzC0BuiWJgeLji3EGYsXZZlbyQLXGhHgSFPOOdLb0pa69S+CCzI3/CNJ3qngNHRCISQ+YDRDBG+SYOK1oaUUUrBsmxIubud5xBgnCPHSwhD8x7nci6qFQlv5GM4GKDb+flUHbNER/dpgFFfoVDjKJTXG5RnFRzZBXNSK3sUIaTJYcVrmHw+D8d10em0cXd/j8FwiKurq7197vV6HcVSEbetWM0RZ3Nk606lUmi328jlcri62q4SdjAY4P7hAYV8HsUdq6XfBUsIksSis+3gJIRA67YF27ZRrGZyN8imuRsBLEYASlaWArwXlNKIggCcUXihALM42A7XX4JJAClkJvdPVwFlx5aV00L/R8Wmio3sz4+GEbxeYOx4B7OmfAeAD2lNWYZJAKlIFcAmPmD3ANKFv0kpBacMIpPDQSid2gnXWiOKwlT6GwYhaOyL23W+WlV3CGQCSacIEOOxW6X+sG0LSukpuXL8jCBkpp42e1N4w4FRz7AqahHLorMn2hpEzArMvpRdHusYMZXJMWNXEcLsNqcpvo7zbmRAEPioN+d3ydrtZ8hIoFwqvfoYnHNUylWMRmMIKVCrTe8QFgoFBL7/UwwnHw2HyvTotF8QRtEUgUwJpnKWoiham+Awaj1DEgITcoMz9uqN6LX8DT8I4Lru1BC0KbzhEI49HValtUovdISQtXb/tDbWGykmxxyGgQmu+oAERwLbdsEojxcPQKVcSFUdw1H4U6o6ZomOzv0AXkegWLeQL613/mWDR2dxrE0rjFI0G00MXQ/dTgf/+te/cHl5iWZjP/Ya27Lx66+/4un5Gbe3twiDANVaFYW8ISLa7TaklFsH9Qkp0Wq1YNvW+zYF7Vl109uLRaeFMIxwdnEJU5ZqsFElrB+YzDzG4tyNw68jAt8HoQR+JEFB4WyoMlwGRig015DSbJoSDRCdNwGkpA9Ngr08z3vj1LKyGtsoVggh0Eqj/zRGoVjE5eV24b+74vHxEd1OF58uzj+sNWUZjMiBQ1IyUydrAki3VXIsXalxi0OFi9P2s9LkdPeOcdjvxPamQ+kCAiSr9lBKT5QfegH5EStAjOoDkBlGd9HbGUUhomjTHONFd0J9uhK9IaYyObLBo2QykFmcvxu5oZQGoWwuNKzf70FGAvkNu+Xz+RyGwwH8wJ/yonLLTiX6Jxw/3sPe4uZyGA4GczdEy+JQQTZoNFr5uFIpSBFNEdqAUUNwbq2lgpqqh11wwwqDYKdBRWkNbzSaCzfUmUwp9kp7iorzebI5VLZjIwzCdIDdRyjrIWHUHBxRZKxNgFF05HIuZLUEbxxgMBimqo6zZhP1RuOHJ05niY723QCDDkOplluL6MhaVrL/BgA+OVAA6RoZEMVCAY7joNvtotVqYTgY4PLqcucQ7ARnzSZKpRJarRZeXtrwxz4sy8J4PMbV1RVyuc3ufwlaNzcIwhAXFxfvJ7XftVUlE+0GAOOxj16/j0ajvvW17/HxEd1eD9VaHcyavJeUrZefBwBRZHI3CjaHUAqOmzt4EHMYhPHGJSCVhuNulrvxGggIOGMxyZFYVjiIrgNkAE2He32+98C+W1Y+OjZVbMwi+b3e8xgikvj73w7TmpJYU4rFAuq11XXmHxmMMRDKIEQ4VScbRWKqBW9drFylccv01GYXwYQwhGEAQjbbvXsvpOoPxjC7Eaj0xPaiNAAdEx+xdxzAxPay8HzQmL+jbUnlZ96/veKta24/iORjKpMjJjm2yYfZB4SIkM/NS9pGowFKhdeVG4vAuQURhUCW4OAcSi30Zp3wQbBv0iMIfPAlu3icc0SRuQYJIeIg21nCWE8pGdIQ0bhadxNmfUrBMfN7YRhCab2bPSUm95xV+RtLmpUSC1FW3ZfNKElaBMIghJTyaO53u8CyHDBmIfR9SG0+G8YIykUX1XIZ4zDCYDBAq9VCq9X6aVQdy4iOYtVdy7qSJTmm6mSPybIyA4tznDWbGAyH6HQ6GHoeri4v9/ZhGvnUAAAgAElEQVRZu46Dv/3+Ox4eHnD/8ADAvM/bqkUen57MUF+tztnRPgS0sYS02224roury+0sOkPPw939PfL5AtzC5LNKcufWgRQCUWRyN4RS8XXhsBl0QkiIyORJEWLWc74/gm1ZsPak4kjAmAkZNkOBAdElQFnQpA+Qj7mmWvXpL1Ob/WjYtXSCEIKxF2HYDfD58jNKayit3wI319dQUuLi7PjuHfsGJUb9l62TZYzGbo3NvrcrV2k0XsRmF8GASMkNrTVs296ofuqQoEnbyszxJsSHjokPjfnwnY3JiGUfxJR0WhulSHbHZ3KwmL9Ekc15i9nD+Iko3VmSAzBk3HuSG1prBIEPdyYHwZCE238YjLH0vEzAGV9gvzrho2OtTA+lwfmE9OCWhWA8xnjkoVxaXNfIGIOMQ51t24KIItj2ZPFomrEiAJPab8AQI5sO+LP5G3RGSRGEhjgpFHYPGHVmKg2nKmJnMm5WERuUUjBmIYoSuTJJq6WllD9ELTOlFG4+jygKEUZBet9SKoRjEeTPmxD1OgaDAQZxVofjuiYU8gdXdWSJjvuHe3Tuh+g/j1GquSjWFr/uVZkcyYL5YGqONVAqFuHYNrrdLr5fX2MwHOLy8nIn21gWFxcXKJVKeHp6wi9bWlO80Qh3d3fI53NrWTvfDDvOiIlF57fffttqLaC0RqvVAuccpdpM7saaa3KlFYJoJnfDPjx5yzkDy+cRRhFkFMG2GLQiCCIBISQsy9pb0wJg7FqaaqP6jokOol0QbUOTHjT19/Zch0D6Vf1JiI1tkb1uG0Ue0H8eI5fP45erw6g3np6f0el0cH5+Nrd58yMjyXOLoigz6yyKmFjxGK/9QLoIjlUcgFnoUkLANwwTPVYkxAcoxext3NrjRTSLH+Bt+xDIkhx0i8FsW4RhiCAMQChFoVRGzp2W4QohXpXLrwJjDH48FM4iisTBw8FOeFssyvTIkh5KCXDGl5IbCTjnCDMqJyklCCUQkUjVQNMhouvZUWYxnb8xPywFgQ/HtneSxQ89D45tT6tQtJ6SNlJmzgullCE24gVNVq3BKAVlE5WXlBSM8TRc1fzbj0FwJLAsG4xbiAIfQk5CvGXkgxILjXoNjUYDQ8+bU3VcnF/M2YJ+JCRER6/fw9PjEzpPHfijCJVmDpaz+DuQ2FWyao6shSWtk9WN92lS2QC2beP8/Bz9fh+dTgeeZ0iOfdWQ5/N5fPv2bavf1Vrj5uYGjDHUau+Yu7EMW352/cEAo9EYnz9/3jqwsNVqwfd9NM4upjKNNsndiIIANLZqHEvuRgJCCRzHhozvUQDgcApfSJAtK81XPh8IGCWQREGndnUKomuA8qBI/8Ou24/sEnPUyJKN/ecxokDit/84DLkRRiFurq+RL+TRrP/YyslFSAJIgzCAlBLKWC+gtVrUMTKHtaYgi1sIY5IjUUBY3PqwJ/sm+Ble44+OhOR4azIuEhGCMICWGm4+j0bzfGFrCgAwxt/kjlNvnmPsDTEYDkwFrmW/y2s/4fCYJj3W/x1KWUpmCDHxOibEBtEa3LJ2Guiz+RuLalqDINx5SB55HgozdZQqq97IDgGZHc6E3GCMgXE+Z9PJqlqEEMbuFkZQUm7UyHLsoITAcXNggiMK/ZT80TqCiAQos1EsFFAsFBCGIQaDAfqDPrqdLsrlMs7Ozt437PGdUSlXUClX8Pj0hJubazz8u4/KWQ6l2uJsgFn1Rvbfkr+PyQtyCckBvO0UsuFjl8tlOK6LbqeDv/76N5qNBi4vLw9aLXkTD/Xn5+cfRjk8iyAM0e12Ua1WcX62XRvC88sL2u02KpUaLGdyzaOMbJS7IZVCwTme3I1F0FpDKwnOKIZBBHvD1q9NwQiF4kbNgVTNUQCFDaAHTd7AWv4OSEiOn70adhWy700wjjDo+Di/uNgbubsprq9vIITAl6vDBJseAwiJMxPj671SybokPjexLFJiTYIjkUiHYXgU1VEnnLAp3mrAV0rB9wNEIoTj5lCpNqaCP5fB2KC2f14hJYoL8jtcx02fP4pC+OMxxuMxhAjBuR17WE/n7wkTWJwjCMScSg8wlg7O+c4L3ykFx8ziNIqM5WMne8poBKX1fD1sNn+DTw9EjDGotCWFLCUjs+CcxVZNcw7aPxDBkYBzy1hzQh+RMDunWmtIEUBJCWbZsG0bjUYDjUYDvV4P3V4P//M//4Pbuzucn59vPbh9BJyfnaFareD6+zXaT234nlFz2O78dTVLbGT9wynRAUNyADBEx5HBsW1cXFyg2+vh+eUFQ8/D5eUlSjNE4nvgpR0P9eXycVmjNtge11qj3W7Dse2tq3HH4zFarRZyuRxypQmhaHI31iN9pBQIowiuxY4md2MRTDNiAEYoxqFRJa5znd4VFASUEsi4nREAiLYA3QRIH5p+3DD3U/joPBZZCrtPPlzXxZctq5t3xfPLC9ovLzg/ayKX22/A7kcEJRSUGvo2UUcCxMxSS+Ib1p50jDz5/ST+J5xwrNDaSOqDMAS3bBRLReTzmy34lBQ72iH1q3cpy7JhWTZK5Qq01vD9McbjEfreYC7N/T02EAEA0pClpwv28SAhsJN6LsAQgtyy9kIMzuZvzFpUwijJ39h+aBrG+RuzEmulJrtts8oRxgxZMakkk+B8NWHBGJ9WcSi1dYXZMYMQwHZcMMYRhQFkrITRWkCEApTaYPGgUalUUKlUMBgO0et28e+//sLt7S0uLi4+9E77KtiWjb/97W8oVyq4ub7G4/cByk0X5fq0FXF2t3S2ZSWLVM1xhKhWKmnTyp9//onz83N8/vTp3Z5/7Pu4uWnBdV1UKofZTV2IDVtVOp0OoijC77/9tnWuyU3LWHRK1QmJSACwNb2DSisEYQCLUgAElB1H7sYi+IHJPwqEhAZ59wwCRikUUZApyQEQXY4DSHvmHz4Ysmu9n53oSK7Hs9fk/ssYkS/w7e+/HkT9HEWRsabk82g2flxV5DYg8XXLWFWmNw9mP8eNrmoncuOEnxlhFKZe0Hy+iGqjORdauAxK66kLJec2pOptfSxaTfIA1gEhBLlcHrkFbS7vjXb7Gb5v2PETjgOMMUgpoZXa2Y4yCzWVvzF/D0lqI3fZlR15ngmeyxy3klEaqkYJWRhKxxiDiO0zUkYrCY5sBof5eQlfauTz23+PlVIQUoLHocHHZidjnINxjjAMMmGrJoRUh0bNkRBWpWIRpWIRo9EI3V4PN9fXuL29NYqO8/OP2XbxCs6aTVQrFXy/vkb7+QWBJ1A5W6zmWJTLMYsxeQaAo2xaybku3IsLdDodPD4+Yjgc4OryCvktMyQ2wc3NNRilH9oCNfQ8DD0Pn+Kg1W1we3uL0WiMeuMClE2uZ/QVYjYLk7th1Gga861Tx4IwjKClBEhcE+u4a9tv9glKKAiLA0iTQUrnANgA+tDkYwaQppaVQx/IAbHoOhz6Av0XH2dnZwdrDLu+uUEURbi6/HyQ5z92GFKKTt1PzalpvtHJx/rjba2ccMIeIYSAN/LQHwwAQlFrnOHi0xVK5cqr5IaQAv1+F/d3N/CG/an/Zts2COWIhFjy268cl1RzUk2pVOqbP2ZUa420NeOE4wHnPN6136/tQk7lb8zfcsIo2jpoL4E3Gs1lj0g5+Y7xJdWCJgtHp61gUi5P6FZap6+l3e5ACAm9hebJ1P4KBEFg6nGlRBiGsQ3kOCsJbdtBLlcAy6hvtJYQ4RhSTJ/L+Xwel58/45cvX1AsFHB/d4f/9z//E3/99RdGo9F7H/qbw7Is/O333/Hb779DCYLH7wP0X8ZLfz6bwzHblZbsJiYhpHvHjtMMIQT1eh3NRgNBEOL//vEHHh8f93NsS5AO9fX63tpc3gQrLgVhGKLT6aBUKuHi4mKrh+90Onh6fka5XIadm6jdCFt/7I+iEFIp5GwOrRUcxznK3A0hJEQYgjOKIFKw9ky6bwoTQEpBMgGuRDMQVQNRB2zy2RCzA31WzXH8K8f9YlnlaO95DMu28cuBrCkv7Re8PD/jrNlA/qR0XgqC6XtpEjxq/mx+5iTJOOGEGSitTa5GFMJxHJQqVeTc9QYwrTVGoyG8oQcpIjiOg3w+j/FojFJpWlpbrdXw/HiPcrmy8bpTiBDOTNbHeOyh236BZTvI5XJwc/mdWineChP3+QnHhLeyWqzM3xACURQhXyhs/fhj34cQApXKJKRUiTBVbxCyPF+DEENySDVRcTC2hAyhFIpSSKVSuyajZO1GFRUTGMlzATC1s8GEIJBS7CXz5C1AKYObLyCMAkRhRs0hQ2glQLk9Vf/rOg7c83NUq1X0+n08PT3h6ekJtVotrQv9kdBsNFI1x8vzM8ZehNp5fk7NsUgWneymZqW2Pj3eOtl8Pg/HddHptHF3f4/BcIirq6u9Z2MMPQ9Pz8+wLOuoGj42RbfbBaV069wNPwjQahmLTr6cqYSlBGzt3A2JKIrgWBRCKXDLPt7cjSAAYyZ3g8RB2McAE0AKaCEnLl9dBBSHxgCg221YHRo/W8vKMnJj0B4jGAn8/rffD0KmCilxfX2DXC6Hs+ZxXvuPCQnJoWO7ykTNYT7fE8FxwgkxgiBAEAZgzEKhWEA+f7524vTYH8EbDhEGPizLQS7ngJKJH1trifF4NGURsS0b1VoD3c4LyqXKWkON0obIyOUKc8cW+D5KxRIoY4iiEB1vCKVNLkEul4ebyx+F/L3f78JesqN+wo+HrKpott5PxP3mxR0IDi/J30hIDK2nsjde+64xziBDOanKVWppbgTlFmQYANDI5RyEQZgSHIkygzI69fuJDSXb3z6ppSVpsCtgZNkJyXGssC0HnFuIgiCtlNVaQUY+wGwjnc9cZ2zbxlmziVqthn6vh16/h06ng3K5jPPz84PJgN8CnHP8/ttvKdHx+H2AcsNFuWHuBbPNKrOtKrP/Pa2TPUKig1GKZqOJoeuh2+ngX//6Fy4vL9Fs7O9Yi4UCPl1c4P7hAff396jX68gds7VxwaTY6XbhBwG+ffu2tU2r1WpBa41SpYlki4DEjYbrQEMjDH1wRkwTIqFT1djHBEJN/pMIQ7gWRyglgsDYGN8jYPQ1UACaMyiVDSB1QYgLrbvQZLl665jxM1hWlmVuAEAUSPSefdQbDTTqh7ne3lxfIwpDXH79epDn/6gwTSrTFlCtTwTHCT85wihCGPhQMCGH5Wp97eEiDEN43gD+eAzGGFzbRm5JnVQ+X0Cv257LwMjnzWDX73VAKUc+t7yqbTz2EYkI5WoVhfxsHaZG4I/hxs/v2A6cuN5SCAFvMEC38wLG+Jt0yK8LpSUooTtbEk74MTD2fTBKkcvlXv/hJfA8D4wxWLFFRYooHRgpoeCvLIpnq3KVFGB0Sb0zpfDCEOfnF/D9carAkFLGFbsaGgyMUkgpIYVAQmtkBwpKKRjl0ACEiOKQV6M6EULE5+nWb8mbgxJqKmUjhjAK0vdbytBkmVgOCJ2+jnLGUK/XUavV0Ov30ev18McffyBfKODs7OyHal6p1+tpAOnT0xN8T6B6Pp3NMaXgmGlZyf7b3tUce96uLRYKcBwHnU4HrVYLw8EAl1eXe1MPXlxcoFgq4ebmBk9PTyiVSqhVq3t57DdB5v31Rh4GgwHOzs5Q3TIc9f7hAcPhELV6EyxD1tINrCmhH4AAsBmDhD7a3I0Etm2BUmoaVBgFoxpBFEFJBdt1DpLFkYUJdaWQREHL+MPWANFVgNgA7R2dImJV9s/Uz+HHJDlee/295zE45/jy5Zd3PKoJOp0Onp6e0Gw2UNgh1+tnBQGmSA7gRHCc8BMijASiKICQEjk3j2rjLCUDXoOQEmNviNFoCMDsTpbXkFpTQsCZhV6vg0plescyny8gny/A8wYYDgZmZ0ArsAzRopRCsVhCs7TYv+sN+0tfw6T9yAyRh8zpOAYFyQnHgzAMdrKnAMBo5KXSeK0VlJpYPqw1z2vOGcLAyIullGBcLa1cLMckIuc8rYyNounwUc0tEErNIlfrVKXBGANlfErhwRgFIQRCUEOYhBGkEOBL6pyVBpLCBJMivtZLfBNwywbjNqJwjCgNYNUQkQ9CeBxCOv0+EkJQrVRQrVTQHwzQ7/Xw77/+wt3dHS4uLnB2dvZDNK9wxvDrr7+iklVz1F2Um/Nk3jLJdFbhsdcA0j3XZlmc4/zsDIPhEJ1OB0PPw9Xl5d7UOYV8Hv/xz3/i9vYWT8/PCIMAtVoN9rEF12bayYQQ6LQ7KMSZNNug3+/j4eEBxUIRTn5CkBBK1h7yTe6GRMHhEFLBcV2QNRtXDgnOGRjNIQgCKG2OfxwK+OMxbNs5aCZHAkYoFNPQUwGkeUDa0LQPkOCVRzguZL8VPwLRkVXGrSI3hp0Avhfh199+O4itW2mN65sbuK6L85M1ZWtMW1b0ieA44edAFAmEKamRQ7lag+usv2vsjYbwBkNIEcG2bRTyxY0Hi1zOxWA4AKV0Lo8DAAqFEgoFQ5YorVP5PoCVCzmtNbzhAMXCep72E8lwwjFAKoUwjFCvbd+MEIQhwjBKK2ZVJrSXEbawOWURKDF1iWEQwnZsKClB+eohmzIGCDFlMQGMzSQSEZScDQxdnAWSLLw450bFgTiLYwnBIYWAgAbnHGEYglMGdsDcDlMpmwNjFsLQTyuBk0pZxmxQvvj6VS6VUC6V0uaV6+/f0Wq1cHFhmleOMUNoU9RqtUmd7OMj/JFA5cyFk5t8N19rWJklOo6xZQUwTTqObaPb7eL79TUGwyEuLy/35me//P/Ze7MYWdJEv+v3LRGRmZVZ66mqs3fPTM+M78yVZYPZjMHYcAXIgN+QEBLmiRd44hFe4JUHHpB4QEgGJEC2hB8AL7KEjRe43Gvfxb732p7u6enuOVV1Tu1rbhHxLTx8EbnUqTqVW1Xl6c6/VH36nMqMiMyMjPi+//dfnj9nqb7E27dv2T84YHVlheXl5buf+NDwcHp2jgdevJxsRdiYnN29PZI4prG21edOhBiZALyeuxHFMWqMxpXHhpCCSrVCluWYPFhWUjNnlhUh8EoMWVZAI906XlzhZfNRj29SfFssK3epVvLMcn7cZm1tjc0nj3Nd3dnZIe12+eT14wSbfttQWlYWBMcC31qUSg1rHZVKheXVdSrJ6NKvbrdDq9Uk7XaIdEy1EiPl5FJ6gEa9wVXzKvz/DSRHCSnESKtTnU6bi4szkjiea0n7AgtcR1m5vFSv3/HI29Eu8jcqSTKxeqOEVoqsICVMXtpEbv9SSSF79boAWkehRtZ7nHNDxIcQ8k6yRSlFngdvfJblGPN+FofzPoSUet8/VmuwLuSAPGZ2h9KaqqqHENKBSllrM5wbrpS9jlqtRq1Wo5umXJyf8+7tO969fcfm5ibb29tTWZjmAUpKPvnkk75tZadJY63CyubA6xLDa/I3kR3l37tiwmyOAYXBfSGOY7a2tri4CFkrrVaTly9f0Zjiez6IleUVlpbq7O3tcV7kW6ytrvYsavOAi4sLup0OL1++mDgzZHd3jzzP2dx+jh/4wKQa7cMLuRvpUO5GNKe5G3dh0LKitUT7wrLiHHEyP5YVV1hW+gGkDXARyEs889mQ9SFcF3p9bEPMu8gN7z0Xxx2EkI/WmnJ+ccHhwQHra6ss1T7u+9w8QbCwqCzwLUOWG7K8i7OeSqU6NqmR5xmtVpNuu42UkiRJerkWs0Kj3qDZapKmKcvLqxPJbI3JOT87xVrDUm1pocpYYCI45+6tPeUupGmKEGKqPJZWu4UUgiiKsHmf3JCFqmEcSCmLQXQRNmrtnYSBVDpIIcvJlWGI2FBSIlU0cluB1gpjggLipv2XlphyH6XiJEszjDG95wzKt7MsQyn1MJJuESpltdJkWbfXGFNWykoVLC23oZIkVLa3ezkdZfPK+vo6W1tbH33zytrqKisrK+zs7HB4cEC3nbOyWaVSi8KK6QCpMYpffmI1xwMsza6srFCpVjk+Puarr77ie59+OjO1hVaKT16/pl5f4u3eWw4ODlhdW5sqrHhW6HS7XFxesr6+PnFY4eHhIReXl6yubaCi/qRHKjnyZN4VldfGehItMM7S6XSpJMlHYVG5jo/BsiKFxOvw3vctK5XCsnIBovsox3WbBW5UfHxny2iZI62LjG4z5/Xr1zNvgBoVuzs7JEnC0+2tR9n/txkLgmMBnHW0Oi2c94/OhE+LSqXKyurGWKSGdY5264p2q4n3niRO7n0gXV+qk+eG0+NDdByzvLI6khzb5DmXVxeknQ6VanW+E+UXmGs478myLEielXrwYMssTVmq1UZuKroJrVabpFJ5T70xaqbOdSilcIU17CYFxXuPlxI1sC8hJN45dKSRSt2a43EbQq6H7ak4BitonXNhxXJgFTZOYgSyT3hkObkxWGN6BE/5vJL8eAhCSypFpbpEnqdk1yplncuDbUXdvpp8vXnl/OKC09NTlldW2N7enjiwcR4gheCT169ZKdQcx7tN6msVVjb62QiDE5IPfT+EEHTF/NbJJnHMi+fP2T/Y5+tvvmF9fZ0XL17MjJDfWN9gaanO27dvOT09pdvtsLa2/mgZLs47zs7OqFQqvJywErbZavFuf59abYmkvtpbPhdSjPW+KaWoVKtkaUorNcRaIryj02kTJxX0R2RVKTFkWcn6lpVu2iGO4rmwrAhCrpIdsqxIpFvDi1bI5nggTEtsvLc95pvsGDVzA8DmjsuTbu+e8hh4s7NDp9Ph9evHCTb9tmNBcCxAs9Vk7cnWozGYjwHnHe1Wk3arjTEZSVKhXqs/6NU7ijRR1CDPDWfHh3hASo2ONJGOhlagvfd0ux3SbodqtTqfvuMFPiqUGRGeEJ4bKk4VWql7nwR77+mmKdtTtCHkeU6322V1dRVn+nk1WkVINdmtTSmFMaanjBiF5Lj+fBXHU5E211UcJcFhBjI9tFJIrbHGIGVZUZv3yI8sy7F5IEiEkL1K2yzPkVIGouMB2KwoSlBak6dZr1IW77EmxTuH0hF8gAR6r3nl/Jyff/FFqJjd3p7vNo07sLqywsryMju7uxzs75O2HMubMdWlaKhV5UMrkeVj5rlOFuDp9lNOT097P0+3t2c2qagkCd//3vc4PDzk3f4+abrP+trao9iaTk9PMcbw6aefTnQNsM6xt7tLFEUsr4fcDS9AeiYibQSCJKmQ5+G7r6QgiVRojnPR/IW0johBy0qkJcoL0jybm5YVKCwr0uOto+QZhF8KlhVxiRf5hzcwp5h3kmPU7935SQdnHa8fqZL18vKSg/191tdWqS9aBe8FC4LjO440Tak3lr8T5EYgNVq0Wy2MyYpcjWTqXI1pURIdEFoRrA3ZIWl3QM4oII6imdtlFvjuwrkwie5NitMM5xyZc8UqlCpUCFMOZ26opUzL/I2p7CltAJIkuZa9Md2gvSQ5AIy526YyiNlkYAhABBVH8ZlAIKRKpYbUGikkcmDFMhAjBmNMTwESnqPD9gZUHoO2lfsmOqRQRaWsJs+7vRYn53J8bpB3qDlguHnl4uKC8/Nzvvz5z2k0GmwXlpaPEUIIXr96xcrKMjs7u5zsNVlaTVjdHE3ZNPgY7/14dbIPXKZVElUHhwe96tPnLybPqLiOra0tluohm+Po+PjB62Qvr65otzs8e/Zs4uva3t4e3TRlY2sbkIjiM5J6uu9oFMVIpcnSLp3MUIs1xgQCNEkqyI/csiK8pZ5EtOfNsoIApYbUHMLH4J+AuMDL9oMcxzSE+9B2ZrKV+8GoNbgA7auczmXGq9evH00FvbO7S1TkFU2KLMseTJX5MWJBcHzH4b1HjOgP/xhxXakxL6TGbRCiqHVdfDUXuEe4a0GYUsqh7Igsy4NiwNqw4j9jVUdJ3lWnIDjarRZCCGItKQUcSiiknG5gq7XGWNtTcQyqKO4L3nustRhjgUBoZFnfKnP9+G6zvmit8XisMeA9xlgqVUUURXjvhsgPa214bVIR3dLYMkvoKKjSsjTF2EBI+THUHCVWVlZYWVnh8vKSs/NzvvzyS+qNOttb26yvT97I85hYWV5h5acr7Ozusv/uHVnL0dhMqC7p90iM2wbxpepjntUcQgiebj+l1W5xfnbOF198wfPnz2fWXrBUq/GjH/6Qt+/ecXR0RJp2WVtbJ7lnpUKWZZyfn7O6ssLW5uZE2zg+OeHs7IyVlVWiuB/IOk7uxoegpKRarZGm3Z5lBenpdtpEcfIg14BZ46aWlWzOWlYgvPe2CCAtIfwKuKJOtrjm3wdmRW7chHlRc4xjxfHWc3HUZnl5maePZE3Z3dul3Wrx6uULJuUW89yEBaksI4qiuSD05g0f3xVtgZkiiqKxKkY/BtxMakzfgLLAAt8WDFaYSimJ4wTnHa6YZA9aHUpVhyRkK4yd1XHD2CPNMqrV6lT1kc1WiyRJ8K4/OJQzahHRAyoOa829DR5673lueiPFktgQ3vdsamZAvaE+YL+xzgVyA0JzgpLEcRk6GhQ51hjK+V6W5VhncV0TCIh7HiQJIUgqFbTRQ5WyzuW4LP9gpex1LC8vs7y8zOXVFefn5/ziF79g/+CA7e2ticMdHxuvXr7s2VZO3zZZ3qiwvBHuW4PkxqDXfBAfS53sUm2JJKlwdnbG27dvabdaPH/+fGZNKM+fPWNpqcbbt0UA6eoqy/eUq+W95/TslDiOeDFh7kan02Fvby/kajX65+64uRtpmhLF0Qezf5KkgjE5aZaipSSJFHkaSMbrldcfC96zrFgfLCtz0rICoITEaR9aVnoBpFWEi0Kd7CMFkE6Dx25ZKa+Jo5I43nvOjjtY4x6tNeWq2eTd23esrq7QqE8Wiuyc6wV4IwS5MTjnP0qS8j6xeDe+41BKESnNu7e7H60fcxDGWqzJiaNkQWossMAtcAOkQDlhlkIidagztdZhbT4UaJllOc6YXijpNMjSlI2NySeh1jk6nQ4ry8s41ydrZrQxCREAACAASURBVDVBV0qHLI6yUcW5mQYXlkRE79jFALFBqFwtyZ+yTheCQuNDgzklJcRJuAbGEd1ut9/wAj1bi1QOkw9nduQDLSz3LXlVWlPVdbLspkpZg4qSWytlr2O50WC50eDy6oqLiwu++sVX7O8fsL29zZMpzrHHwvLyMj/9yU/45ptvODo6Im8LGpuauNIfrg1mdNyE8hzpcAwwl0SHVorNJ0+4ajY5OzujWZAcs7KVlHWyb9++5ezsjG63ey91smdnZ2RZzvc+/XRii9rO7i5KKZbXhtUf41xzjMkxNsd2DUmRfXMbtI4QMhAb71lWKt8Cy4q0LOlo/lpWEKDEcACp1wi/BqKJl1ePe4AT4rHOlnHVKZ1WTvsi5cWLF1PZY6fB7u4OWmuebk2m9PIe8iwDId5T3brUEkXRwrJSYEFwLECSJCRJgrUfX0/3dSRx8qBNEAss8LHBeY/zvq8IuOFmqJREqUFVhxn43ZTkRpbhvKc2RaVju9UCKBpU+mFtUk5/S3Pe48zwtdDZHCWnzymy1mFN3lMuQJ/YkFKGVpaB99daGz6rOALEB9UbJcpmF+sccZzduJqrpEQlCcZYrB3I7HCOh7yAxnGC1oqsm2J9WSnrQqWsjFFReN2joCQ6rppNLs7P+fqrr9jf3+fp06cfJdHx6aef0lhusPNmh8M3HTaePKGyZoZqZO/ynZe/u7Vp5YZ8nIdGo14niWPOz8958+YNrVaTF89fzERar5Xi9atX1JeWePv2LfsHB6zNsE622WrRbLV4ur09cfD33t4enU6H9Y1tpOyTL0qPPkmxzpFmKYlSIHxQZzhL/IE2KSUlqlolywZaVsS3w7KSZzl5llEtWlbm0bLihMe7QTVHHZwGeYXH3LGF0XCf9pTHxjiZGwDeeS6PutQbdZ4/f36PR3Y73r59S/OqycsXzycmIXKT44XojQm0lv3mtSJIXCs1ozywjxuLd2CBHuaB4V5ggQXuF9ftKR+a0EohcQw8fsJ2kkF007BiP4uA0UhLXDEWVGK6mlvnPcaYvrqlN4gAZ8GqyVUcplBHeD+crwF8sNXEDhBLUko8o1d5KylZXf1wKLHWClu0mzjrwurPAw+KpdRUajo0PWR9mbZzGT7LkToZi7hq1Os06nWarVaP6Dg6OuTp02cfXevKxvoGjUYgOU6Oj1nq1mlsSnTUv1ePOtAfK4D0gREXYXvnFxecnJzSarZ4/uIFjXr97iePgPX19V4A6azqZPM85/T0tBd0OwnOzs44PjlheXmZuDqYuyHGslXkaRctBUKFgOIk8qTG4DqOKEk++DrjOCnsHRlKQhJp8uzjtqxEcYQYtKw4T5bnc9WyIoXAK3COgQDSCtikCCDtPPIRzi8mqb89P+5gcsvLzx7HmtJqt9nb22NlZYXlxmTXtXJ8Uo5LojhGSYkQjjwPmWFZmmGsxXlHpOPv9ILvQseywAILLPAdwk32lA/Bmv7j9ZiBxMGCMTgYEaRpSiVJppKKt5pNkjhGDAx0pJ6MoHXOkeWhWWSwWSaOI4SQRFFMUvnwJOEmeO8xJlTZGpPjvQsrLD3FhiKOY+JbSAVjTK9xJKgrbAjoNLOrFzTG4L2n3W6TG4PH4x5pRT+KYqrVOnogg8N7j827mCztkUOjor60xIsXL9h++pQ0zfjyy5/z+RdfcHX1ccnA4yjmBz/4AZ988gmtVouDXzbJzqP3/OejDPq78qQXQjqPWF1ZYWtrC+scX331FfsHBzPbdhLHfP973+PZ06e02x329/fpdCafRJ6dnaGUmjh3I81Sdnd3qVQqLC33LURCiA9maFxHlqV4PEmkwXtUEbK8FGsEnrTbufOaoXVEUqnivaSTGShqpzudDu6xLghTQmtFtVJFCIkAaonGeUu305kbtbJAhAmqEsP/6lcRbtGYdx2D2UOjkLreB4VMu5nROk959vzZzEjTcbG7s4PSiqdbk9kFnffDVfFa98YkSkmSJOmFxcdxhLOOtNsdsvB+17AgOBZY4CODtZYsn42EcYFvP9zAxKdnT4kj8Nwpk7TW4XFkWY7g7se/t++BG7IQgUzJ0nQqe4r3nla7Hewpg/kbU7SnlKsi5Y+SkigK1r1xlW3WuRDil3YLa48PxEaahfwSqUjihDi6WbVRQmtdVDiWWRz9VpVuNy0aVyaHLxQrAN1uhpICZy1ZlpLlZui8eShIKUmSCklcGXpvvM8xeQdnxyd3GvU6n7x+zZMnm7RaTX72s5/xi6++6imJPhZsbW3xq7/6qzQaDQ4PD7k6uNbKMOKAHxgmOeZsha+SJDzd3qa+tMTBwQFffvnlVETEdWxtbfHDzz4jSWKOjo85PTsbexuXV1d00+Dln7ShZXd3F4Dl1Sf44kMQhNaUUWFMHpqRtCwsaQlJJSGKEoxzRJEk1kGdkd5xvispqVSrKKVJjcM7wEO30yafYrzhnKPb6fYzJx4QpWVFxzHWOqqRRgpI0y55nt29gQeCKvKvBr/DwteQ7kmolf1IMctPfFxLyuBBXJ10qdZqvHzxcoZHNDre7e9zeXnJ062tiZXyJg/3vnLhRevhBSIhRGH5DP8eJzFIQZYb8tzwCLfzR8eC4FhggY8I1lryPMdZ0yM5HmMissDHAe8DoZBmWVAE2MFATnnngMG5QYvE+Ddma/ur7kJK8jzHOje1PcV7TxJHOD+9fUZKiRSCLA0DXq0jojhBjalWsdaF0Mws7REHWZaTZTlSCKIoIkmCt33UcZoQEEeaOI4LGXleEB0OY8KkxbrJKgaDWqW8dnis6+eyOGfJsgzzSAMjHcVUqg2iwUaVolLWZt2x1RwAq6srfPrJp6yvr3N6csIf/MEfcDBDhcBDoFqp8OMf/YgXL19yeXnJwS+bmKtKb6WyxPW/lxj8vnfEcS+EFMFcER1CCNbX13mysUG32+WLn/+co+PjmW2/Vqvxw89+yObmJs1mk/2DfdJstAlvWQm7trY2seXp3f4+zWaLlfUNpO7nZAglR/4YnC8qInWwGWodoYvcjCjWVKo1EAIhYSnROBcCN++6XsRxQhLHZNaR5xYtJXmWknbHJwS9h243xVlLp9uZmpSdFHEcEVcqWDyRDqRPnuek3S7+sUNoCkhEuCcPBrz6COE2EG581cEkNo5ZPh+GLymTbG3wOjZpnsjlSZc8tbx69TjkRqfTYXdnh+XlBivLkzU55cWCQ2lN0R9Qv2qtieIEgew93rqwcPFdmyssCI4FvjPI8nxInv+xoSQ3ILCzJcmRZyFYaIEFrqOUJ3rnMMYMhYWKEXINelJe71ETWECsG8iaUKq3aj6NgqPVbAJh4t/btlBTeU0HV1UG36NRYK0jS0MbSOilz4eIjTiKiCdQggyi3E6kNYI+ceK9C4RKno09IFVKEUVhcrW+vkajUS8qg6PewMi4END3GJJuISBOKlQrNdRAo4rzBpO1sWb8Fdhy4vz69WtqtRpv3rzh8y++mKlC4CHw/NkzfuUnPyGpVNh/947Wtbn/KJOB600r84harcbW9ja1WpW3b9/yzTffkM1w5f35s2d879NPEQgODg64uLi48zlnZ2dTVcJeXF5weHhIvV4nqfZtCEKNVwmbdVOUFGgZiOrreRlSiqKKO8I4RzXWCOFIu5071QtKR1SqVTyCVlbUZTtLuz2eZSVLU8Dj8EgEWbdLnj3OWGXIslKSPt7S7bTnxrIC9C0rA6eC8A2EW+WhpmyzIDeuY9Lb8zRBqVnXcHXWZfvpU1aWH8fy82ZnB6nUxK0pQ5WwhAWYu+yySspgq1Wqdz/3UFhcvzvqb/Xn/tx/+F889kEssMB9wxgTqhmtRcq7V67nBeXFyDk3RG4AKK16sjVfWA8WQbELDMJYiyecM0qr8KMU+CKI7QPfA2ttsZIfJurjpnI77/oDaSFQOqF5dYUQ8Ozp04lf0+HREeBZqlXxhYJD6/iDtYh3QUqJtRZrLEorhJAftON474NVLAu1ph5PluU9xYqUikjrO2tdJznO8nMIAx+HtQ4hBdYaQIxlI5JSIITCOUsUxURRVNSz+tDqohTWubCv4toJ4kGDy4SU6KivLCnhvcU7U/ixR3jNA8eslKJRr6OU4vz8nMODA2Txbx8L4jhmc3MT5z3HR8ekLU9UoUdEjkpyCCHIaWNoE/E41YkfgpKSWq2GVIrziwvOzs6IoohqdTYV8EmSsLa+jjGG8/Nz0jQljuMb76WnZ2d0Oh1ev3pNtVIZe195nvPNL39JpDWrG8/wIsRdCjGexS7PU6yzVGONc45KtRLUGjc8VmkFQmKMQalCrWYM3gXS+rbATSEEOgpZL5kxSMJnEa7p8k6FW56ZXvZHZjzOOZJIYazBWodS6sHHYeE1afACYwxRpHDOkxfjrHkZP0kh+kqOgmsQRAhfBWFBjDZJnfT9HTXjYlKU9Mlde5jmGLz3nL5rE+mYzz777FHG/AcHBxweHvLsaSBpJ0FZEx/HURhXjJFdFr5j4f7eu5cXcwUpp1sUekh47+l0AjF7enrK559/PhIpuVBwLPCtRTkot8YMhfN8LEqOcsU9y7IhciP473Tv7+WPs3ah5FigB++vB4qqgf+/m+QLE+bi8ROoNwarVkVxq0mzjFptuorGdqtFHCfD+RszGJgO17PePIB03pH38jVyKIiNoKYIAX8hOFTfaxf97fkcOWk3HbIG3QWlQt5I+fqVkoWXN+7LXIsVPU8INbzt/blPxHFCtbqEGlAeee8webdQc4y/6riyssLr169pNBrs7uzw+eef9xp6Pha8evmSH/7oR0ghOHzTpH08mF0y2nvSU3OI+VVzNOp1nm5vE0URb3Z22N3bnZnkWknJq5cvefXyJXmes39wwFWhFCvR6XRoNptsbW1NXAm7u7dHnucsr/VzNyBYU0aFNcFTn2iJtY6oaEH5EKJo2LJST6LCsnK3eiFYVhJy68hdCDMVWLw1aAVJJKnEKvxEKtTNeg/eUIkjjPPEsUYIRSstbbWOTrcz1nVqlogKy4rz1ywr6fxYVm4OIFUIt3anZWVcBcZtlrb7wijz6mmOx3tP8ywl6xpevnr14M1gAJ1ulzc7Oyw36qyuTHa9yHMTFqiKSthJgtmVksRlAGmh5nDWkmbpXCmX7gMLBccC30qUzQjO2jAI8r63im1tWPmcZyWHtXaIlIE+uTG4ujQ0gdUKY+xHx84ucD9wzuKsDecNgjgJAVRBonu3QsGYvDdxnqRuzJi8t+IuVYR1nsvLSzY2NqhNmMHR6XRCrWKjgRT9cz9OqlOf70JIrA11rlJJhFS9gZF1DmuKTArXr3q11iEAXRAboxBHs4IQYfAipQyfl7XFyqgsPnsHRb7IXZDy/ceU2/U+XC8F4XrjfViNdc7d+0rfdQgh0VFQHg2SLN5bnDMIBOK2lfBbDlNJSb1eR0dRsA8cHCCEoNGYzC/9GKhUKjzZ3MQYw8nJCXlboBPGq5Mtz3XZQfv5U3JAICGXCnvb2fk5lxcXJEkIA54FqtUqK6urZFnGxcUFWZ5TqYSMk6PjY2rVKp+8fj3Rtg8ODjg5PWV1bZ24Es6tECo6emuK84406xIpgZASpfWQNeVD30RR5AB5F5R9sVI4/2H1ghDh2qDKdgYtiWNFtRIRKUmsFUmsSQpiQyuBkgIhHEmkkVqipUIXBKoQkBXEt5YSk+d4xKMoJ6SUaKUDySI8Fa3IjMUYE3KZ7pGgHgdSiOK7ORAoTAJoEMPE7nVSYNRr80Nfx+Hmc3XclpSbni+EIE8tp+9abG5uTqUWnQZff/01aZry6uWLic7vcg7Qq4TV8VgBxIMQQvQa85xzvXlQmB8xdt7YQ2NSBcfkmt4FFphTOO/eUzKU5IAvgnqyLCfLc3Rxk4+nqKycNZy1vUHH0OClIDfKC3+ZliykKjIW8t5ry01OpKMFyfEdhnWuN2kZtG+McrMdvHkEInCC/dtr+RudLkBvgjIJmq0WAJHW4IN0U02Zv1EiEAa6N3F21oDXWDus+OrVvBaPf2xZc1iZicOAyJje8cVxhMtSvNYoNalVpl+bm2U5zasm6xtrAKEZJs9RUhVWnPCMPDdDf78PRFGM0hF52sWU51kRQuqdQxZE3jhYbjSo1Wqcnpywt7fH+cUFr16+/GiIDiUln376KfVGg503bzh802F1s0Z9LUz+R/38vfe9lpWK27i3450GKysrJJUKZ2dnfPX112xtbc1sIpPEMd/79FMOj4549+4d+/v7aKWw1k6cu3HVbLJ/cMBSbYnK0lrv34UcrxI2T1MkIoxbCOqK3rZG3EacxEilyLIUrSXae9JC1RonSc+yIoVAK0ESQbUSj1QRLqVASkE0EJxKcbl3ztHuSjppRLPdJc0NlVhjsgxnLUml8uDjlbJlJctyTJ5RjTVpHnKH4jgaqqx+TEgh8EoFgrnIQBG+irARXl7gxXi5NNMGd84K160qszqei+MucZLw8tWrmWxvXBweHnJxfs7T7a2J5hbO+6Da7o311UQq2usIC1yKPC/mCmkWsvycRcfxoyhd7hMLgmOBbxWc90MD/D7CJMB5T55lvS+3MQaEIMvzuSA5nHNkJblR1EGVrPQguVGiVxVVrDYMkRx5Rjxhhd0CHze8H65oHZf5762Oe39noNVNcN4NyMdDzkPaTVFKTeRdL9FutdBaIyWUDhU5gxt/ibCyUYTqWdsjerKBYDwpBVrdrwVlEiilkFIVeUMhO6W0luS5IYqisXNUoihBStcbEJXkBvTJ1yzLsZlFK9UjiKwNJMe4+xsHUgiSShWVa7K82xu0O5fjshylE6Qa75qulWJra4va0hInx8f87Gc/4+mzZ7x6+TgJ/JPgycYGy8sN3vzyDWdHZ+QdSWNTjJTNcf13XXkytyRHWSd7dnbG4eEhrWaTFy9ezCybY2tzk0a9zs7uLp1Oh+fPn0+0bescb/f2iKKIxvpA0KBgrGtrnmdYZ1lKQmhoUnlfteYZjejQWqFklTRNcd5SSzTdLFhWKpUKSaSJIxnsKDIcZye1XHUtrY6jm3nKrEJjwJhAhCotKbOflYYkFixVJI2qopYoKkmEVppKrGl2unS7OVqJYFnpdIpa7oe/roZ8A0mWpURaolw/U2mQ9HlMCMLn4HADQa8a4TZAXOBl31p3F1Hw2MRGiaGWlUlrYK+hedYlbed8/wffRz/C4kM3TXmzs0O9vsT62mQtS+baHGCWRJtSEqWSMD8YuIdnaXrv9+yHxrfnlSzwnUdpS4G+Z00IgfeuF6iohIA4DiTHgDqiVHQ8JskRGhgyEKI4/kDKeHyQXt9x8S8vTD2So1hhnQfiZoGHRWkNKZVL46wS2sKGUNamTqJQGMrfKBowsjybSr0BoSI2iePh/I0R2mBGhRQirG6m4fowTGwotFZzvcohRPDbK1/Y1azpvRZjcoyx4fdjfKa9AZHJscaglELrCGNybCGhzbIcY21RtRlk6sYEu4/W96ty0VGEjiKytEs+0KxiTYqzBhXFvXNwVNSXlqjVqpycnLL/7h0XFxe8evXy0ZL4x0UchWC9g4MD3uzs0OlIVjYTao341onEbZLxeVZzlK04lUqFs/Nzvvj5z3n27Blbm5M1FlxHtVrlRz/8IWfn5xNXwu7t7dFNU55sPQWGc5BGhbWWLM+oRArjXJGZc/PzRyU53lMvJBoPaOmpJoHENd7T7XjyzNJKHVdtQ7Pr6KZgTJhkG+MpGuvRCqKoVA0G9Ue9IqnXHI2KI4oF1USwVNVEeol2lNLqZOAdUgjSTocoTojih5+aDJI+QlqWEk07C9W6cTxdC9YsIaUE4fHO9Sq8hV8BF+HF+Y3f7XlRbNyGWeR/eO/JU8v5UYeNJ0/YWH+c69Xuzg7eObYnbU0pLPUle+m9I027RHE81jjuLkRRjBAWY7Khe7jzPiwizem5Mg4WBMcC3wq8Tw6IXvaAc25opURJiUji3gQOfJ8QgEchBILypJ+WHI4/kDLjrB5orUGAyfPeBO1jITkmDTya9cCjVPncBiFCU4VU8zvZHbKnjPn+9MgDIcZK9h/EYNuFlBJb1KdOM+jopil5ntNoNHrtKQBSzfY2ppUis3aA4NH3brmYNUKtrMYp2betFDlEeZ5hjURFd9fNDSLSUfDRF2RrFMVI5cK1plDLXV0FlU6chJXuLM3IiwYrrdS9ql7ipILSmizt4nxYUfbeYrIOUsaoMdVsUkg2nzxhqVbj+OSELz7/gq3tbV49UmjdJNje3mZ5eZk3Ozuc7V9gOxGNJ2Jwnv1BDE6IOuKYqn9yT0c6HWq1GnGScH5+xrt372i1Wrx48Zw4ms3K56TkxsnpCWdnZywvr6LjPrkr1ej3dY8PuRtFg5FU6lYCQPSeM/z3DyGOI7SSRAqWahUiLXEO2qnh6MLw9tRwfmH5wC2xB2PB2HLvniZwggNCIOnqquTVE82rzZgkllSSGiuNCmeXHVqdjEjJom7bBuXEY1pWsr5lpZt2SOKkr5h9ZATLisTZfjio8DWk16Au8AyHQM8zsXFT3sao5+/1zI7Lky5a60dT3B0dH3N2dsb29hbJhOppWai183zYbhoUFuOrMD8ErRVKVQq1dzi3SzVHFEVzQ+pNikXI6AIfPZz3QbkxqHxIAttZTkavQwiBVLJIJRa94B2TmwevW+1NqHtd9pIojieyBgC9KkfnQhVbGTw67xcrUzTeuIEQQ2dt///LiquBv3vnZi6p8xRkS295ZOA260PGuvM+HKtz4H0I7pyTMYT3fYmjUqoXyjgqypuqtY5owprTLOun0asoJk0z2u02T58+nZhsu7i84PLyitXlZaAILxWKaMY2rBBgGZQHUVQGh850Fw+GEC6mCiWbxxobApaVxFmL936ssOXrg9GyPtgUip1Wq0UUxSRJjPf0aolNsV/nPeIew52llES3VcraHIQcO5sjiiJWVlZw3nFyfMLp6SlxHM/MCnHfiKKIJxsbCCk5Pjqi27SoWBDFaixZeK9OVsxnnawcqJO9vLzk9HS2dbLjopumfPPNN1QqFZbXtnv/LorQzlGRpSnCe+JI4wVUksrdFoRrf34ISkIl0VSTGKUEza5n/yzjzb7h8NTS6ljyvtttYoT7qqfV9pxdOVLjEVJQjRVRpBF42mmORODxRdinujEA+b6hlEJIhTF5ULAJQZrneOfnRsIvCHknHgaqZBXCL4GwePK5JTZK3HZ845y/5Taa5xnN8y6vP/nkUXKTsjzjyy9/TrVa5fn21tTbK8cdzvlerXLIAvO99rRZ4L0A0oFqeO8nz2CbJRYhowt8J+G8u5a5EZQPo0i5yscMWTseWPXgPUWSeD8zJIrHW1m9CULIIa2qLyYX0648uqJ95j4xnJ1yO7I04z6vvIMWpluPIQtNPViLlBIl5aMTST17Sjx+0GKo7Qv+YwETfdbe+94Kepm/0U1TpBAsTdieAtBqtVFKoSSU97b7eq9n1cowL1AqEA15XuRzFLaVMmdkmpUhWwy6IPyR5xlKLRPHQT0yqPAIlbrZe8Gks0aoudVkaYp1gezz3mPzLl5GE4WQPtl4wtJSnePjY7788kuebG7y6uXLuZnw3IXnz57RaDR48+YNJ3tN6msVVjfD5N8PkLl3NXEAdJhfNUejXieJY84vLnizs0Oz1eL58+dT31PHxd7uLgJYXt3sr0iL8ciNPM+wNtgljHPESQUx4oT/zkf5EN0V2k8kUgrOm5aTS8vRueH0wpLns6sO9R7SFNLUcdl2dHJPmnuM8SwvSZZqFbRSnF62wQbFV9rtEEWPaVmp0U27COmpJxHtzNDp2KAWm5MMJiUlTjic7X9WAjf35MZd5GrZGzPKq3C55/yozdraGptPHue6tLOzizWWpy9nt3+ldCDa8owsC/dRYyzWpkTxaPOcUaF1hJCKPBu+X/vMome8r4fCQsGxwEeL22wpk3wRH0P14AkDGFc0uwBEcTL1jdNaR56lIOhNVKM4mZrcMMaQ5/lYK76uUDyM8lNWUCpdZB3IsNpaVraVP6EG02OtRQgR1BTOzeynVIYorRBCkiRJL3wpBFyG1g7vfG+F2tqiPrNosoDJyIFZwFiLdw5rLUrJHtM9CutvbR4mgtahpJoo8M0a0wvqFEIjleby4oJKtcr62todz74d7969I4ojklhTTqjjKJm7sM95hlISqXRYIc2DdaRcGTLG3ap4+xCkEL0w5Gq1QpYZ6vUgx5dFlSUEKfXgd8Xe8/dksFLWDVXKOrwz4Lm9UvYWRFqzsrwMwMnJCSenp+gomrj2+KGRxDFbm5tY5zg7PidtQZSIfp3sHQRHiXlXcwzWyZ6fn3Nxfj7TOtm7sH9wwNnZGasbm0RJ//2RWo5sTQlBwRlxFL5bOoqJotlM9L0Pyo1aJSKJFFJCt2v44k3G7lHOxZVjoDhq5vAe2h3HVdty1XasLglqFUUcaypJQifNyXNDohXGGpzzRRPU/R3TTbherRtphXOh4SJcKx9fFevwQ+SG4wovO494RHdj3EyQ2x5VPv/0sI0z8Nlnnz0K4Xx8csK7t2/Z2txkeXm26pFSYeEJi6HD47rZ1hmXikzoqzmMdcXC1+ONaSdVcCwIjgWAcMPxxSB03plfuCWQc0Jyo8RDkxyi+LHO9SVoNsjHJ/0MbiY3pq9/ssZgigtKSSyMcrHL8xBcZEf48UWwUlhtjnvhhNd/hJBFU4OFQno/0o9zgUwZ4bHlcYjigl9K88PrLo5RF00a3iOVLCZv4ZhCgNNUb/nEkFKBoGdJUDpMYIW4W+6b59PbU4zJeyoSpTQIyenZGetra9Tr9fFfEEH+uX9wwNJSHa36g7l4BLn2AsMIdbiBQPTeF99PVxCHwRKGkGNdM6SUxfdEYoylMtCUU9pkpFIEea0cksFOQqqMA6VUCBrlBtuKcxNZZqrVKrWlJdI05ejwkG6aUq8vPbp6a1SsrKxQW1ri8vKSy5M2QkBcOg/CwgAAIABJREFUDQPbcSwrAFZ20H7+SA6ASqVCpVql3elwcnKC957GhNegUXF1dcXu7i71eoNaY73370IK1MjjE0/a7aKkKNQViqQyPjlz2wq4khBHkjhSZLnj3Ynhy13DWcuSGz+1HWXk4/Mhs+OyHf6sJTJU1ypFbiydLEcr+fiWFT1sWZEIUhN8O2rGGVDjYpDc8KIL6vIRj2Y03JS7cePjGM6Vud66AtBpGq5OOrx+/ZqVlYcPgTbG8OWXX5IkMS+ezaaq+iYoKcM9zA9aVmwx/pztfScs4smCWJRY27eF36fF9DYsLCpzBGNM7wZx/T4hrv3b4GkyK3Ye+j78m/Yfjisk9Xrvhx6j5P0GwcFsbA5lyKPrLTOEvAapp9vujU0k3F/wqFSKCMiLIMByn5NkcFh3P+SGc5bc9ls5sjTrTYRHGtAX4Yazxn1scxyIHhmjelLiMpjzMefcQoSVZiVlr1UIxJ1qjHDDCPYUOcWk0w6slgsV7CkAtSkaVL7+5RG/9/k5rU6Tw5M2x2ddLq5ymi1DN8sxBvx7V7sFFlhgEggEWkMSa+p1xepyzMZ6zNZmhRfPqnzyqsbWk0BilU0r89ayIqREKUEc12g0lmheNel2urx795aNJxvEcfL+AK335FuInnK8dMvznPfs7e0RxxGNKawpaZoBniTSWOeoTEBu9A6Z4XGmAGItiJTEOs/xheHtsWH/1NyyhfuDc5BmcJSZkAekBM/WIpJYsdqoctGUdNO0CEFVj96yImWNNO0ilKciFKk1uI4jSqZX3k6CsvEswOHlxYMfw6iYdvF00LJSvmZv4eKow8rqKltb0+deTIKd3V3yPOfF82f3vi+lNUJds6xYi3VddDR5bt+N+yoWQcqWFQi28I+pTnb+j/AjhS2YtfeLyq/9W/FFvQ8W2Fpz8/4HUfy+nFjfN8q2kDiOpyY54igiy82ANy3coKdNui4bGspsj/tOzC+VAlnWv2jlWQpj2FW895g875EbwEyqnkKAa7+TWwrZyynJ82Bn+OCFbuB8F0LenYo94nFF8XxlJAyyyc4achEY98e0T5QBqMBI51GPmJhiRcB7N5C/ESpi07QJMFZF7OFpm9/6h3v87j865Pf/yQGnF/MtuV1ggW8TPKH6Mzc5zXbO/mH3vcesNmJ+/MMGP/3xMr/601U21k5RQlFl7V6zkULGj8e72+8WQkqiSBFHuhcAXUnWscaQpimtZpM8zqjXG8NDooLYkOLml+C9wPtgC7jpZrW7u0uaZWxuP8NT3vdAqNHfj1C/bEi0DPuhsEdMUIc9tOINSCCJFZVYIfC0OoZf7GScNe/RjzIijs8tra6jURGsL2t0NcIRbCDtbgfnDNVYP2rLipSCarVKlmWYLKcWa9LMknY7xHH8oC0r1hehzcXfA7nx+J/jIK63nMxgg8UXSiCF4PLIYY3l1atX0297ApyennJ8dMTm5hNq1crdT5gBQstKElpW0r6KPc9SvI7RerYBpFGUIIQZyig0Rfi/jqK5bhRbEBz3iFFXmO+TWBg1sPEhMFi/OTuSQ5PlfmYkh8kzrHVDJMFDMJVSylANdZ3k+EDf/SBEUS0V3tfQaZ0PNGlMgsHPqwysjOK4VymVpdnA+333ezSrUCQhBGqOLqplgwTQe+9L242gUEVpzUMra92AifouwsIX7TQlJiVcB4keIcI+syyjVqveeSO8amX8zV//hr/zG2/4/c8PJtr/Agss8DA4v8r4zd854Td/5wSAP/TDFf7Ff+Ypf+qPV1lfmqxWdRRY5zDGhkG2vWFCJ0SwdmgVlGwqZEwAkETUalVyk3N52eTo6JDlldVenawApOB2ggPwArwTAyvnAWUl7MrKGirqW3aEDJaGUVGOXbpZivaSRKsweXFuatWiUpJYB1vl0aVh7yink02mfJMSajVBNQmS9bMZhJLmueebdzm58TzdSKgmGmM9nipZmtJKDUkksc7S6XSoVCqPYlmJ42CHzrKUKJIoFxbunHNBGXTP8Hi89cGKKgCawZ4yh7gPO4MAWlcZF+dNXr1+TbXyMOTCIKxz7OzuUq1W2NxYv/sJM0YUaaQUQ+pvYzK8VyEwdIbvu9YaqeT7geFzruaYz6OaM7jCvw+8d1O7jusnVfjgb57UCRFCJgMjST+H4K7tD9hKfG8hoYhqHPxF/1lFHer7ByCLSkRjSu+9GZKY34U4GS280nmPyTJ8YVfI0mzGSo681wwwKclhTGAmS1a0TPp/KEgpiZIKWdrtkxx5ivejsbI3khwDVhJjzMivx3vIs2yg3UUQxVHB6BYkxwCb6/1sLVYfE7RWSJXgbFhNGCQVszTDOAuZ7dk+pFL3znqXdbphQCzuJLlKciNLs6lqwdwAwVEGsHW7XTY3N299zudfnfBX/saX/PW//YuFzWSBBT5S/OznF/zs5xf8+f/1C/6Nf+VT/sy/9gN+5fu3f+8nhbUWIQU+9X2P/vVxl1JFSLJCKcFVK6PTNQgBq8tV4ihmaWmJ05Mz3u7tsbGxzvLKatie6P9kuSPLwnhiqVbkKhWLyH7Ab5xmwRu+vrZGfa3foiCEnIiMj3VCkkS9EPJqJcZ6h81zdBQVGUvjbVNJQaQD+dPqGk4uDAenlsxMSHAIWKpKVhuKWiypRIJW29HNPd3UMYJF/j1YB4fnhjiWNOqOaixIIkluJEmlSpalpLlBK0GkFN1O+/FaViKNVCpYVgQkWj6YZaUk9oQPuRteXo3cOPKQmDW5UW7PO7g87LK8ssLT7e07nnU/2HnzhixN+eT146hHoKwzDsTDYDOasx4dRROFxN8GKSRxnIRmtAELv7EW5x1az5+a47s5I5kAuTE3W06uY6BurcRtk9PB1U5rDPba827d/qgn0cDjRl7Fv8tSc/13I8B7MFmGo69quReSAyZWchiT955TkhuPMWGXgkJ+lg0QNhkwIclR5GWE1pHR1RZ5PkhuDKsvRE8il/YVC87i86Co+S5CConUIWjROod3FmPs0IrbcKWsKsLj7mcQNEg0jHKTGyQ1pwlKHNyvkIq0UAAtLb0fQvgHPz/if/vL/5hf/+3dife3wAILzBc8nr/2t77mr/2tr/nj//RL/t1/+1f41R/NjuiIIt0Pi3b+FkJWIGUYupxfpvzV//tL9g6ukFLwkx8+4d/8kz8g0prVtRWiKCJNu+RpSqWa9CaJO+8u+f9+Z5e3h8Fi96f/hU/5w39oKwyJhnfF+dkJK8vLNFZWesSuENPaWyVUNMZZvHXESoMPYZsIFUieMbgJJTxKgPVwfOU4bXq66RSEsgjkw3ojYntF8eqJ4+TK8O7M8vbQY+342/Y+ZHKcNi2V05xXTyIiJUkiQTfzxHGCkoo0CzaVaqx6lpVJQlinRc+ykmaYPGcp1nTv2bIScjfKv3m8uALmj9yYdWFBuT0pBM3TkDH44uXLmW1/HJydn3N0dMTGxjpLteqjHEMJWYz588KuD/QWR53TNy9uTwGtNUJKbGFZgb6aI4qiuQra/m7ORibEfYUazouNZNzXV36ZPgTviypUBifLCXmW9UmOPCfWegrf//t1q1qrMcgN0yM3sjRDKf2oagQpRZ/kGJCeQTQSOTFEchTvcTmBHcVSkuX5cHVtFKNuqEOLogTIiIvTJstysuskhxDca9/cHEJJCVKidVSkT4fGl0Fpn3OWzAULS5IkOO9nyn6Xgadwdz2s827YzjJh9Z33Hlvk1wghAsHRbQGwVOvnb7w9vOJ//ku/z//1/3490X4WWGCBjwO//tu7/Ppv7/L91yv84Z9s0ViafBK6uV7jD//KFp88X0YQFiGkCva7m2wKwfcPubGcXHRI83BtKlWyWkuECMF8UometUAU//Hes/vuilY3jHMum+mNx2Xy0KyxurpWqBzpb2cGSFBBqVuEwkfa0U1z8pyigvluSCGIdWjXarYthyeGy+YEEotbUDYhrdQiokjzpK64aDnOWm4i60qr5TgUOZsNSb0qqcQRmcmx1qO0pqIkWXfYstJuP6JlJYkRUpIXlhV5T5YV691Q9owX5yDeV1z3wm1ntufRMOvMjevbk0Igug1OT3/Ji5cvqT9CPbf3nt2dHSqVhO3NJ3c/4YEQRRrl5JDN3VoTsjL0bNUcSkrUDWqO3Bis80HVPE2grBChrQVBKasTst9keOeWiwcsCI6xIdBTNnUMYvxAGDFw8RK9/5Y2l/J/y9+PcpEZ10OVpineu5EUHLm5abIsEcXEu0dyGEPM3VkBJUo7j1Sqrw7pkRujEQFA7wsKYeIp1eMoN65DiPBe5WaQ5Ojngtz9/PdJjvLPsu6113c9MLnOclPclMv3Mv4gIxtFMYgca8xA64y/t9aZjw1KSZSKiSKwxmKsGUqklkXWhSmsRKFCU08VnuYKC1u5nzvtKcVKWzieyRtg3JC1LVwju2lKpVLpnWt/4f/8R/wPf/EfLqwoCyzwHcJXby746s0ln31vle+9mqzKsdnOePl8mU+eh+dLGZpJwnjs9ovWu8MmnU5/MebiKqXZzqgkEVJKkiTuWX8h1LkCOOfppv3nZflNhIDn7bt3rK2tkFQilJB00vtpI5FCEEeK3ISWrMykdDo5SfLhSb0QIS9DKUE395xeGS6ajnQa9caN+xEksSCOPCvViFrNorQlzx1XLY8Z423Jcs9ly3J2ZYij0KqilcC7crwiqVT7lpVICbRSdNttoiR5lDFcFIW8lzTtIiUkkSQ1s7Os9HI3CjhaIG/O3RhwTz0o7iVvY2Cby/ELPv/6c+qNOs+f3X9ryU14s7NDt9vl9evHUY98CFJK4qRCbvKwAF1EAuR5ivOaaMaKop6aI7+u5jATqzlCO6FG6aKqXgiMEb0yBtHzEHLzSV4w1EIsCI6JoPVslBzhw58fOc+skeVBkl+e+IOT5V4bR5oPKzlGqKd0zvUsQ8IYfJEiHPYxOrkxmD2SZXm4OMzRxFwIiKM45IsMkRxifLtKEhcXv35uRgljLXEcY40N6eRD7+Xd+4l0hCCQReX2szyfq/dyHqC0QmlFt9ulNHIrJUMqf1iiC1k11gaiQ8qij3y8/Thre4P1UdQYg8TENIMwe0P+Rp5lrK6t8tWbM/7b/+m3F+GhCyzwnYXny6/POD3r8qs/3mC5Pt7K9lI16g1oy/FtmNgL/uJf+ce3EBBgjCc3fYXa/mGLv/TXPue2vOs/9c9/wpP1pXBNvgO7e3soKalWa0gEv//FIX/nN9+M9bpGgSiCU/+9f+en1GoRJs0RRexat9MO1am3TOoFEClQEppdy/65ITP3p6osJyG1GDYank4uMc5zdTXelNta2Ds1aC15+SQ0vxhrYOBjjuMEKSVZlmGdpRLPLpB1EpSWlTTNsDO2rLhBy4/IQF5+8PGPod64r8wNCATfu3fvyLOMH/zgBzPdz6i4uLzg8OCA9fXVR1GPjIIwb4iw1pIPzB2sMThrZ18nKyUqSXo2/8GSA+tcmB+MkaogpURpSVQEmwZ1WBgr91Q8pcxOXGuzGiA3hBALgmOB+8H75Mb7k+VAckTDJMcdmRzOO7K8v6oySG5EIzaOAMWXv2x0yYMtZE4n5HEUDVXITpLJYUxOFMVkWT83wwxMhLMsG8pbUWOoerz3vclt2QikB5nbOQseekxY54DQ+hMG6LJnG3ovr8M58EFVpItO8lEw3IYygj3Fu97nNqk9BYZzPERv0On4jd895b//C39nodpYYIEFOD3v8Hd/c4//6N//I/zan/h05OfFsaZajQB/TTzqMcby9uAKM0LuQ6ub09p/314rCCqHq2bGxtrdk5ejw0NarRZPnjzpXZuddXS6Od1sdvaPEsv1BE+YRGopaVlHbixJ9OFJfZjwhLrcbtdzeWUnCgAdBbl1dFLHWdNyfmW5ajnaqSedoKnFOrhqOtrL4TUnkaTTFdhr9xGtI4RU5GlKu7CsGGuwHXunuuW+kCQxeWFZiSOFcW4qy0rI3RhQb4iLkZ73UMGjd5UjTAspBDJb4eT4a54/f06jXr/X/d2GnZ1d4jhme3PrUfY/DkJ7lOqrOaDXzuj0fag5iu9hlg+plDPniOL4RstKj6go/y4FUkm0kmgdcoasMXg3aH0unAul6O7aZgV9knVBcCwwc+TGDDQ4fFhV8R7JMbD6L2Wxum0NSutQWzrQ+9xHaPYYmdxwbpjcEBDNSJVzXyibSwZJDiE+bB8pUTafQFjx6JEchW0F+sREHAdZ2agXP++D1zT8WV5EbyaorDG9lvZRPaLXb5vT3KynvtkLUTSgTM5+D6olSjLBuUHlgxyyCJVER2ZtsYqnkB/wN7pCBTJye0pZs1gopyblorz3ON8nVkLAaJf/42++4+/+1vFkG/0Anj9t8Ic+2+CzT1Z5/WKF7SdLrK9WadRi4qiop80tV+2M0/MOB8ct3uxd8OUvz/nZlye83b+a+TEtsMACo8Hj+e/+l9/l+KzDf/wf/FNjPdeYfmaQV6Gp5Olmg8tmTrN1c07GKJBKUE0iatXolklx/27U7XZJ05SNjQ2W6o3SKMzGWo3tJ0scnbZxbrpJn3XDyhNnXV/BohRRkpDlXdqZIdGBKDfWvpdDUbZ3ZcbR6Tq6M2gT1QoqFUE1EQwWmHgfjvu8ZTi6sGOrNgbhPaQpdLqeNHfEWqCUQJj3xwVKStScWla63S5aSpwMC0EezwgpAj2E0PLB3I2LG3M3bkK5l/vK5ChVG/dhTSlJEyUlK8lLvvjlF9SWlnjx4sXM9zUKdnZ36bTbvH718qNZs/uwmsMNlQfMAkpKVGVAzVHO6bIMrfqtlEKERTAp5PC5Uyg4Sonexfkpf+Ov/u9IpVh98oxavdF7fni4eH/ZbGBzC4JjAK5IqFZSzlUS7MeEPDfYIZvD3UqAkuQomb9BksMUZAkUF/oeuRFkS96BjqORJVfWOfI0BREmj0IIdDS6hOqx0MvkyNOBCtkMxPjezh7JMbDaU/6/lLJHhoyCPM/w3vX8flFBTN0Ee1/LRg8JY0L1nw6KinFvDoPvQSDtwPl+XkYcJ0ER4yxuhMrZ63kd1vS375yl2WxS/8Bqx+Dx6Fm1pwiFcZ7/5n/8fX7v87OJt3kd/+wffc6f+GMv+ef+yAuebi7d+fgkViRxlSerVX706Tr8sX6d2/5Ri9/8B3v8P7+1y9/73bczO8YFFlhgdPylv/oz9vbP+M//k38JrUa7CbuiRUJKWczcPH/0p9uh4WSKYyn3vrZSDRO3W6aD3jtMnrGxvkpcqQ5N8F5s1/kzf/ozZjGVPDlr8/d/7x1f7Zzf+PuQQ1EhTYtJvZZoIYaqU2Vhg3Tec9bKaaWzsaYkFcH6imS9IalF/XuglpDo2Yo2O5nltJnzZDlCSRAy1ITehBstK+njWVZMnoN32IL4SSrVscgNAO8c5fnkRRsv22Mfx31lctwHsQHDipDVyivevX1L2u3y4x//+F72dxeurq7Yf/eOtbVV6jc0ws07Qp2swlxTc2RpOpatf1RoHSGEJM/NkGLceU+ko6BK1mH8WggyBlDGFAg67TbnZ6d4PFInVAbC6kVBggw+1Rf3g95xzPRVfaQIxEbIH8B7vHMLgmMUXLu4GRPIjRKqaJIYBVJIorhQcgyQHKUWNb8m44/i4CMbx/dnnSPP+uSGBHQU8wgKxokQSI6EPBsgObIU4slJDh1FoYUmSxFFz/WoyLI0qAsKVc2HQoVGady5Edelj9PcUMepWP7A8+M4wuRhhCWlREo9kl2oZ+Mpzj0pAiFYonzvhBBopUHpYCGxDntL5WzI6yiUHVKF8F+g0+7eWSPovOuTU4SV0ElhXf91tLue//rP/33+yS+mJzeeP23wb/2rP+Bf/5M/4Mnq7OrYnm4u8Wd/7Uf82V/7EcfnHf763/4Ff/lv/GKh7FhggQfGb/zOAf/Zf/W3+C//03+ZxtLdk1DnBNaGkHNjLQhYW6n0BrpCCIz1HB63OLnocHza5qoZ7HJKSiqJZnWlwsZahe2NJRpLyY23GVlml/Z+J3DOIwTU60s9qbSxwQdunEcKWF2e/jolgHot5h/847szi+Li/p9mGU44KrHuVafWliooIXAOLtuOdjY5wVGpQL0mWasrVpYUSzVFLZZEekBiLgRJrHi9mbBeDxaV06blsmknVo5YF6pjnYNIK3TuyZ27dcKudYSUiixN++oWazDt99Ut94kywF5LSSs1xPH42QfW9skNhMHL0awpN6E8led5uHtdESKFoNm84ujoiO2nT1leXn6U49rZ3SWKI7a3Zld3/dCQpZrDGHJjegpuY0Krn45mrOZQwWJi8nxIkWxMXrRchsXv276PQkDa7eCc6wU/DxJfN8/7hs/w7wTB4Zy7cVXZeQqFQJh4DPqGjDEzZ7W+7dBaI4QIX55iAu6zdORJ85BdpSA5Bi0UQ2Glxec5KrnhvCPP+rYUvEcnyUdDbpQQItTsZjMiOcJGgej23JP/n733jrflKujFv6vMzC7n7NPb7cktucm9SUghIeSSQCDkBUXKU1QUxApPfAii4lMeKILl5xP4gfrRh4gFhYdPEUUkCAkkpJBK2k0v557e6y4zs8r7Y83svs/ZZfat+8sHuGefaWeX2Wt917dUQwW5wXlVcoMxdtbE6EplpNHFZI1tW1DKgxAFz2Mtkqc4oyJsCyqxp7DK+w0lFJRTcM6rVs4CoY1FBHkdHEr40FpCCg3GahOMeXsK0JI9BSgoR9IZgf/12cfxzHjzAzEA2LunBz/+gxfh5le2P0xssDeOn3jDUfzEG47iP779HL7w1eMYP9Ha9XfQQQf149EnF/E//+h2/P7/eBVS25AcUlFoLYKQcAmlNDgztYIsuI8trWbx8JNzeHFyDdmcXzRRDDIsOMPIYAJHDg7hyKEhs1gClCxzFxQiBi9OrOGx3nnEYuY+nepyMDSQAKMmEFNIZZQFLdxHzaIkAecEtl29/rYaGLcQY8xUpwaTeqkkhO+DWAxaa2RzGl6DWRicAZZNELcpuhMUPSmKgW6OhENhV2kTJISAEYLeJEUyRpFKKMRjFEmHYj2tkPM0XE812KgCpHNGBcEpAeOAL7GlJIHSU9uyopSG57pglCLjCTDGGw4YLc/d0GTrUNF6cTqTHOWhor2x3Xjm6acRi8Wwe9epaS2ZmppCenMTu3ftbKn69HQB4xyEcaPmCK3pQQZis80ntUCDRdPiAFIhVD5LiFIK4XvY3Ch9b2to+J6H6YnSwGatNbKZDKQUkGU3EUJJsMh3jig4zBegeRIcpzDJ1rpSbVCa6WB+32pd47mI8MNRTHJ4LZAchcdqh5VuB6Pc8AHoog+0c8berAzJYZu+64D48T0PaGKFIEQjNzW/mNyAsTbU2v9sUkIxxkwmjJLGQqJ0idxPShl4HU2VNCE8nwujtS4J/6TMZMro4ryMbV674spZM7AXlXkdUoAyilg8mZdy10JU9hSTvyEhpcYn/ro1ciMes/AzP3YJ3vK6C5s+Riu4+ZX7cfMr9+NLX3sCf/XFR5DNNak86qCDDhrC488s4j0f+gZ++kcv3dKucu0Vu6AohRASvhCgIIBlwXHMgPmxp+fxnXsnsLKWrX0yT2LzhIfnT6zihck1vPLqPejpjm0p45+a38D0twoKr4G+ON5802EM9iegtIQvFHzRmhGAUoCz5izS1apToTWUkiCEw3c1RIPX58QIBnoZdvZz9CQ5Yg6re3JsMQorQZFKcLh9CusZgakVH4srjTWq5FyJtQ1ADGlwC5Wqzi1wqlpWXDcHQghcXwAgJfOPeqCgoLQuZGiQdWjSfL5MiBI5P05fogMw1pTZ2Vlks1kcOHiwbXaYrbCZTmN6ehq9PT3o7treFnumIFRzCEIgpCyxvbenTja0rPiw86E9Rg03Of48Hn7wXiwvLlTsF2YlcmquJ5fNYHlxHuurq0EboQGhBIlEErF4qX3orCQ4lNYQvp+vXgQKhIWUoqQiM5wcMMZAGTdymoDNEkJUZXqlal/FVl3QhX+Ue47Cf5enGmttZJTbfTVs991Rzz3GTASNfDScgDdLcoRBTZ7rmnTdBlU1WuuA3CisvJ/J5EYISkiB5MgrOTwQx45UZlYOIYzUN09uNNC2cjaAkECVwpghKJSElEWqjoCwEEICCMkOBsC8JibUlgT2lCKCoUHSzmzP8g025aoOAgrH2bpVqCSVvYbKrR6E+Ruf+tvjePL55smNG47tw7vffkWkVpRm8ZbXXYgbXr4Pf/q3D+DW7754qi+ngw7OCbw4uYY/+dz9uPRoZUsBo8AVR8fyP+tgAmjGBRSUEkzOruNbd72IjbSX32fPjh7s3pGCY3N4vsTCYhrjU+tI53xoAI8+NQ+LE9x8/QEQUiW0rgaULgpx1ICQJhSUgIDQIMm/yn46uPZqYxBddExoXVJ9yzmDZbHgALWvy1hWGFzPhVI6H9beCCxOsHuYo7+n1IrS7KjJ4gSpJIdlUQx2S6xtKEzM+8jm6ruw8PrNKi1FSVfsNihpWfF8OIy1tWXFc00umVbGXuPEYg3tr6GhRTG5kYWm6UivEWic3GhHDWyt4/fH9yCTTmN+bg7Dw8Po6+1t23m3wuTEBCzOMTI8eErO325wzkEZK5lHmNYSBcuyI329Q8uKktI0pATzlNWVFSwtzEOI+haTdLAwWKJukqULiCHOqplJGBIa/qHllhMhRH6GnlcHUArGi0IqrUDyDyMpZ5yZUKD8k6nzvz8XUfJFucW3ZjjpLWYHmyE5wsm63SADbi5Pw3U95MkNrU3DxxlOboQISQ4v5xaUHK4Py4nWSxfC933I4PUEISWpyOciKCEA42AsaC+RsmBhCT4bhuwoktJpXWpPCd6LpElywcitDclk8jokAFLX68I5z3+pSCmbfi2lkvj8vz6PBx5famp/AHjfz1+FN954qOn924HB3jg+/J5juPTCYXziM/ee6svpoINzAgvLGTz93AoO7e/zfUIvAAAgAElEQVSr8tvSvAcaqB0ooyCE4sHHZkvIjWuv3I2rLt0JJwjCpEFu19TcJr511ws4MW2k0U88u4RLDo9g12iq5sSPM4KRgS5wbkiQnSPdSCbMODLkHExtoTbWwjDHowxKmnp7QgPau+iElJCwQABKA75fGLRzbuphdfifLYgOxjlijIIzQwhICQiFuuthGQOG+zgGenlVK0qjoJTAoabqNRmjiFkSc8sS2TqICqUAIc2fyigBZ40RHEBZy4oQsDgBp8wEstrRWVZ8v5C7sSl8OE1Yh5UqFKprIqBpNNaUathOxRFOItvdlBIeX2udf75mZmdhOw527d691SHahumZGWxsbGDnjrGzSolcDkoIbNupqJN1XbctlhVmsZKF8lg8jrGde+B7lSE9eY0C0Ugku2BZNmzHAbc4LFm0oEeqNwaeFbOTkiyNvOQbgDYTh1CRAaDE9sC4VbHCySiFLNpHCJGX64R5A1siTzU33be49f5RBCUWo5VjbbNvFCRHswjrS8825UY5KCGwYw48t4jk8PzI65+E8EsyJDg9t8mNclBCQIPnQ2kNKSSUFBV5HQDAGA/sI+ZeRUDBaOtfImFeR73gnJvw0qKU62asKt/87gl8/fbJhvcDTIjoB3/p5Thy6PQN73rjjYdwcG8fPvond3VCSDvo4CTgxNQaLjsyjMsvHs0/RggK39/BvxkzNkBGCVbWsnh2fDm//cUXjOAVL90L4fvI5lzEY3GYQgqCnSPdeO0rzscXvvI40jkfWVfgyeeWsHssVXPd5qpLd+DaK/bAtijCqSGhQeApzENG4UdhWwQWo1XGGxpCaihtCJMwc6Pw24C4IICUGq5XpDa2GFhAroTXuJX+gRGKWNyCxSl8qZBzAb/O7AtKCByHRUJulMNiFIkY6h6LCQm4noZSBYKj2VaQEssKidayopRZ/AxzNzizGs/d0OWVsOvQUG21kmxHcrTbGlJ8fEYpemO7MT8/j/TmJvbv39+07boVZDIZTE1OItWTQk+q+6Sf/2QjrJMNq6aLLStaN54fsx1M5pshtC68+CU4dNHR/O+kVBCei42NNWysrSOT3oRSCkIBCkCqpxfJrhQcxy+ZgyopK1RGZ/QMpTwkFCi0bHDGwLgFpc1NJ3ycEGNz2IqVYtyCCvbxXA+K0vyq6+kDUvS/lVwDAfIp34UHq9yoGtUuNoiqJIfrNqXIqBchuVHcEGFzftaRGyEMA2vDK7Gr+LDtaCRmvvDzgT6e65nArFPQK3+mgBICanHAMkSGlApSmtRqygx7LURRHgenUFq11VpUC4wzcy1aB9JEszpoW/V9ob04uY6//Menmzr3kQuG8JH3X3daWFK2w5FDQ/j0R16LD/3x7Xj8qUqvaAcddBAt/vUbz+L1rzmI/XsLSg6CYJWXURDH3KPC7zgTAl0YzyQTFgg0pFSl1efBjC7ucGP5CHJ2iu/J1RA2hAilAruv6fgWUsGXylhWCAGjZhJvc0O8lINSDa0AxgPFRtHvNIzVhRICV0p4RddkW4YwEcHf2N6R2/ZwfY3nJl2ks6VqCtuiOLDLQTLenu+zVoc0BctKrtCyEkzsWmlZyeVyACFwfZm3iDYCBQ0ti1NuNwHiFqwqiD4zY7tMjpNJbgAmdyOXy2J2ZgYDg4Po7+9v6/lrYWJiAowzjA6dndaUWqhmWQldEVFaVozFxCwGEq1BSEHVwSiH4zgQUmB9bQ3pzXVIpUCtGCjjxnXBWEmGHGDEDGH5QXCSM5PgqEps1LCcMEKgGA++5LYmNkIwSqGKnkDjbz/5HdonBSdh0t+qkqNRGNaxtOHj9COoogWl1JAcvl/0HHstkxxCFNKKPc8HY7ztCeRnE0yNLIVl8ZIbcnHAsQyeY3Pjru8eFRWMTUXkydxQpaMYqyuT4zNffAy6iaH2ZUdH8Ie/cQMc+8z5XA72xvGJ//kafOAPbsVDj21f39hBBx00Dw2NT/3VA/j/f/vV+ccUtMm4AAGjRgGhA8lDzOGIORZygephYSkDX2jYjgWConsZMcOexdUMXK8gaeju2n6Mp6GhJCCKyBSpNHyhoaQGoYHKgBpyI5vzMbeUhhAK3V0ORgaSYIxAEQ1GCHyhMD23AV8qpLocDA8kwZiZaJrA6mIFBw/Ga7qudSkNoypQyuQ5cG4sM1FFyEmlMb8isbJRKgtJxCh2j9qIKpLRBK+a3CqlDGHVKrljLCuJQiArJ2Ck+ZYV1/WAIBdAKt1w7gaAEnJDIQeQUrVgu0fq5TWy7c7cKEd/fA8AYGZ6BpZlnbLWlNm5Oayvr2PHjrFzUqVs1FsOPF/k51BRWlZM4D4ASGgdtGFSE7JPKcHK0iIevv8eTIy/gExmEwDALQtDo7vR1dOHhblZbKyvAYTAcQqfMyF8ZDY3S8PzW7rSUwRKAGhVYkdhjIIyq6qciXMOy2rsg8q5aUUwAZkme+Bs9mG1G3mSo8l2lXqRb/gIciJq1ZeejaCUwrasEpLDdT1YdvXPxXYIe9wB5NUHHXKjeYTvQ6U1OGM1K2d9n4BxE2R6MlQdYRZHcSWzqfTaesD/T7c8h+PPLW+5TTUcuWDojCM3Qjg2wx/+xg143+9+s6Pk6KCDNuORJ+fwa79/Ky65sDJ0FADe8gMXwbEYAI1k3MbeHSmsPmW83M+dWMa9D0/hsotGkEwU7mVKabw4tYY7759E1jWT85jNsGdHatuJMwn+x5cKwjfUrtKGRNAaYAgCNIhZnX706QXcetcLUAroTcXwI6+7EIP9JumfEIL7Hp3Gd+87ASE0dox04+br92N4MAkQwPNVwf4CwHG4mYTWERYfQigNERAcMQuwLSB3hkXIcQY4tuF2hFTIZl0IX4JFIJsvt6zEm7Cs+L6ADMZJrpCINZG7UVoJqwC2de5GuGXk9ENggddA2xc/iwmUUF29uLCAjY0N7DvvPFh1qkijRDabxcSJE0ilus8Ja8pWsC0OQVBSFhFVy0pIchCiQIixnFFKMDc7jbtu/U/Mz0/nt6WEglEe5NSRoDjCM2oNqRBPmPupVqriA3HGzlZYMEEIwXntlepmWMgwvC8MCDQtLGfegPx0QruVHF4xuQGcU+RGCEopLM7h+35RJocLWFs3apTDVCwH5IbngzJWt22hg61RktehFIRUUEqWVs6eRFVH4T5n1nAKao7apO7sYgZ//y9PNnyuHaPd+Mj7rzsjyY0Qjs3wkfdfh//+oW90Mjk66KDNuP/hOTg2Qzxe3BIF9PbEoKQCLJqPJnvppTswPr2O1Y0cpAJuu2ccx59ZxN6dPYjFOHxfYnE5g8nZjTy5AQCXHB7B7rGeoiz5WhRCIf1BwfjFt1JT5FyBkKPI5vyKdjtoQAhDlKysZYuIC4KcK+CLwmqkIXIKO1Ycqwq0MsqS07sQtH6Ef7Pne2BKRTJ2LG5ZSXs+HF5/y0qYu8EpRdozeX2NEi8VuRt0DduFqDabQbIdwrlSu44fovy92xvbDc91MT0zg/7+fgwNnhpryImJCRBKMTw0eJZ8YlpDiWUlmE9E2bJi7ts6aMrM4d47bishN0ZGd+LghUfgxOPY2Mggl3PzxJtSGtnMJhhjJl+RMThODMpSwbHPUIsKgLwHJ19tI0WkQShm9drcZExuhFnVPBclS1GiRMnRRIVsNWitIXyvjNxg5xy5EYIxBkJIiZLD911obdX1/pVS5funPdcLSJMOudEOUEphUwqtTYX1qVJ12EG9cLFqRwgBSlnVhZz/89Wnm7KmfPCXXh555oZUCnc/NIVb7xrHHfdM5KsVHZvh5S/dhdcc24drLtsZaVjZYG8cH/yll+MXP3hLZMfsoIMOqkHj+fFVHDlcCCJ2LIa+VCwfiqyCytjRoSRec2wfvnPPCSysZAAA80tpLK9lQECCtiuNcGmMUYJLLxzBK67aE54KgC6xENa8Kr29VaRYgSFV9Y3DR4srYQmA9U0Xssi20NVlhZdX951XKp2/f1MWNmGc6vSOxsAZQcyhAdFgqmNsi8L1feicguU4LX8nlrSs+AIWo2CMbNuyksvlQAlFzpOgoA2PY5VWJdYUTdLQpLJNohqinoCXW1LaMcEPzxGeR2uNgcReAKa1hFJ6ylpT5ubmsL62hrHRkYrFvLYpZs4A1G5ZyYFzG5y3Ns8K3wvjzz+L6akT+cePXnolrrzmGJxYHMIXmJ6ZxurqKvoHBoN8SUNyuG4Olm3DsuySrKUzluDItxTkO2QAISQY4y0zSlIqCOFDa/PFFL6goZe+g9YRJcmhtILv+tBFbSmcMTB2Rr61I0OYySFKwoKC52cLkkMqBd83GlbP84P8CPtkRLWc0yCk8LqUqDqKPJAlqg7KwVr8YilGOEDknBeseWGLVNng7onnVvDt7zXemvK+n78q8raUe74/hY//5b2Ym09X/M71JG67cxy33TmOkeEkfvUXrsZVl+yI7NxHDg3hfT9/VadCtoMO2oyZ+TR+6ocvwYF9JnBUw9wzLZsCgUUEWkERggvO60d/TxwPPzGHEzPrWFrOBGGdZqxICdAVtzE6lMSRg0M4cnAwqI81W+SyOdj2qR8/LK1kSyZW/al4kPNQVJ+4Dcx42ISO2A7ALQD1zZ9PGzgORaqbgVOAMgoaNI4lbQtZTyKXy8KxHLAIFh+LLStKKcRsXtOy4roeAA2hFKTWiMWbyN0ozkMhbsOVsFFpc2qpgaLW/pTPz0JyY2lxEetra9i7bx+cU5B3mHNdTExOoru7C329PRW/P/NowWhR0bISzNuE8KAUg2VZTcy9zX2bc7MgOzNVGFMmk904+pLLYTsxSCHh+X4+WyOR7IJtO8hmsgAA4ftQSlUsaBNCziyCQwfhorJKawpjph+cNPlxrEVsEEKCCfO5qQZoF6Kwq0il4HvmS6aY3OiobAyUlCj+/mScb/ncKB0+n+b9T4AOuXEKUFPVEeiw86oOQcA5i7zCi3MrT3JJKcA4K2kg+pf/fLbhY95wbB/eeOOhyK4RAL70tSfwp3/9QF3bzs2n8esfvRXvf+fVeP2rD0Z2DW+88RAefmIet373xciO2UEHHVTijnsn8Nrr9pU8ppWGEBJCyPz3VzwRx/BAEq99xfnIuRILK2msrufg+wqcESTiFvp74uhNGftBcaaF73uQyvjCAWBsuBtzS2lwRtHb0/gEthyNlNZlsgUlH+cUPSlzfoUg4LSOYwmp4QmJmMORilOsOxQbG9urU+qBYxFcdL4Dzy+dkHIKJGPRLQZyCsQtbQJSJQDGYHHHtCNaDEJKuJ4LS5e15TR7vqKWlXTYsiIFRKbQsuL7AtL3TR6L0HDsxlUkxbkbGhogjZEbQFEgaNnP9aJcURH18audK0Q4pshms5iamkJ/fz+Gh05NXfzExAlorTGyRWtKeQjruYjQsiL8YjUH4Lqq4QDS0BERfgY21lfzv+vt7Ueqt9/M+aWE75txcHj/LJ7HKKWqEhxnTIuK1magLYTI+29qtaY0CillfhIBFIgNaB1JYmwHtdEKyVESgHkOZ27UgsnQEPkJMWNsS5uJCltnArKIALDsDrlxKlFT1VEkExRCgFAWqf2CMQopaYmKI5RsPju+hnsfbqxBJB6z8O63XxHZ9QHA9x6ZrpvcCKEB/PH/vhejw1146cVjkV3Lu99+Be6+fwrZnL/9xh100EFTuPP+STz+zCwO7OuFhgLTjlHzSgWpFLKZDCzO82NDAIg5DDuGuzDUl8wvgDFGwDnNB3YC4eTF2FziMQeUUXBGcfjAAEaHTB/IUBAOWguERFirSYzdZnQwiawrMTqYQF/KgUKReqOOZWUlNXypkCRAKsmQWFPYLt+hXjBKMNzb/imEYxEk4wyUEni+gJQals1BGYXrusZeQjXcYCXXdpymFzpDVLasmFacsGXFd10wRpHxjMKxUfWIKsvdAFmDJqL2DtugWYVBve/XdgwDe2PGijI7MwPOOXbvOTXWlPmFBayurGJkeKiutsxzneQwlhXbkHxKFtngjZqD8+3VHEZMoCGlhGWZ8ORi1b1UAsL3wS0rCCA1DorwsKrM7qe1QjabKc2yORMIDiEEpJT5VN/wy4sQCs6thoITi6G0MpLvQPZSTGxwzgO7SwR/QAdbolmSo1xpw2lHZRNCKQW/iNwIbSa1oLWG7/rIK2G0DnytnQ/A6YKqqo58iKwPFou2jYhxC8pz8y1SSilQSvH128cbPtbP/NglkeZubKZd/O4nv9vUvlprfOSTd+CLf/ImJOPRKF8Ge+P4mR+7pGHCpYMOOmgM//bN5/Df3nEhpBSwFIGGhlQKbs4FoJHq6QYlFFlXIJfzQQjZNoyzcjCuoLUPx2Y4dN5A/tFk3DYr7SYGAoQAjJGyVelo/k6tNY4eGsah8waRy/mgjCCesINQU2NToUFNbtjgUg0KRsVBKUFv0kIipgCcWURszGbo7zL36mxO5yeYjFHEYzG4rgulJBIOR9YTyGWzsJ1YJKR/aFlxPQ+cKDg2h++6IJQi5wlQUFhWY9+9pmq4LHeDZlu+1nreeuFnoVkirtHJffH5ij+LoTVlfn4eGxsbOO/882FHoL5pFK7nYWJiAl1dXRjo79t2++K//VwnOiyLgylqCg2K1BxShuKA6p8/qVSQ70bzhIQGsHP3Xoy/8AwAYH5uBs888RiOXHoFLNsCoSQfEeF5Ljy34LPjlgXOOITvw83lzoya2HAFOrwN5BUbJGgVaNJ/XpPYAMCosTd05nUnFyUkR0kmh41atxAzYfdg2+Y1FEoCYut8iXMBSgOeV8htIGR7csPzPJNhks97sDvkxmmKUNWhdXCjL8pXidKqwiiFCoKcgSAvR1DcetdEQ8fZu6cHb3ndhZFdFwB8/l8ex8am1/T+6xsevvhvx/Gzb7k0smt6y+suxFdvfRbjJ9YiO+bJwE+86Sheec2e/M+eJ/HukxSc+hu/+HLs39eb/3l5NYsP/N5tJ+Xcp+Lv/tB7r8X5ewqD6OdPrOAjn7yzreesF4cPDuL9P39VyWNf/Lfj+NYdL56aC6qB//zOBH76Ry9EwkpBSBGEzLlYX1/D6OgwOOdQWuHOBybw+NMLUFI3FYZcDAICyghee+w8XHhgCCAmuJMzAkoJKEjJmHGr1o16IQMLCucE3d1mAq2kglLm+DGbQmmTRyeEhqjR5mJUKqaRxbYo4jEglaLIpBVENEKOtoFSIJEgSMSNjciXKh8mG4JQglg8ZsaAvoe4xeEKCTeXhW3bkXwnFltWMp6Aw5nJAAQQa2JhoXj1WROv4dyNrVDPpLvl5os6zrHV+UJyI5PJYHZmBoNDQxgcGKi2a9sxOTEBJSWGB/sb3rdjWTELb47jFNQc+TpZF1ox8CpzD+GHynuBWIwGhK3GnvMP4PgjD2J1dRlKKTzwvTuRTm/i0IVHQLkFz3XhuS5Wlhbz41JCACcWA2UMlLGKe/1pNxs0VpRAsaF1PmOjVcWGkcOIfO0rUBwgymB1iI1TiupKDm9LJYeZuLvBtn7+tT2XSQ4h/BKlU9ioUgu+70HrIOOBEFiW1QnTPQMQEh1+UY11lFYVXxRCnaA1lNb49j1TDU8WfvwHL4rkekIopfG1255r+Thf/85zkRIcgPlb/+DP7o70mO3G0EAch/YVBneZXPMy6Uaxe0d3ybnnFyuDYtuFU/F3jw1347xdBUIn28I5U90OXn1sX8ljjz61gGefX65r2yeeXcSTzyzlf04mrJLnAwD6Uq1nTkQNDY3v3rOIm1+5F0KYCf7K6ioc20J3dwoAoJR5L22mvUiDAWcX04bggLFnUEJgMQZCUTJ2zFtVanztkmB/wKxmFsPzBAjM/ipkLHRhGkVpMBZmgXVbKRAoKE1KGleKoZVCzjM5Hsk4xUgfxYSnIWpsD5jnWUgFqWj+WqOCUoaU2U5ZQykw1MvQnTAr/75QgYmocr9Qqeq5rrGTKJ0PCo2iSrbYspILJmgxO9Zc7kaJNSU6cgPYPjOjVXKjUQXDVuebnp6G7TjYfYpaUxYWF7G8vIzhoSHEYs3d66LMKDmTUa7msG0LQkoI6ZaoOUTRfMPEH1OjQFMaPb19uPTKq3Hvnbcjm00jk9nEg/feice/fz9iiSRS/UOIJbrzOYEAYDsxOI557SxuIZFI5uMmgJNMcGxVs1pLsQFQcM5bqqIxeQ0C4duwuBmFc95ZrT5N0IxdxcgD3ZIq3+JjnWuwLaukHnar5hTPc8uqdXmkWQ4dtBeUMlCqCh7ICKwqUioI37QSAQhyWcz7556HZhs61o7Rbtz8yv0tXU85nn5xCWvrbsvHmV/I4MT0GvbsqExMbxY3v3I//vafH8P07EZkx9wOB87vx0svHsVAfxybaR8TM+v47vcm4Hqn+fJsBLjkohHs25Uqeew/bnsOvq9q7NEejAwncfTw9uF4yTiv+PnVZaGZ1fDks0uYmi59Tw0PJfDen35pyWN/8YWHqhIc1bb9q398pITgOJNwx70TeP2rz4dgEsvLy3BdF7t37SxZ/BodSmJj083XqjaLxdXq1gFCCBglsCxDdFQQv9pY6apBSA3OSaCeLH2vbqQ9KG0sJZRVTE8rfqbKNHEIqWsTHBrwJCAl0JtgsIYsLCwp5LZ4YrQGXE/B9zWYE+342JcaWU+iRmtuHhYj2DVgoT/FoQGjUtliJ84ZKI3DzeVAqIZjUbhCQGUV7FjrVbJAwbKitWoid0OXXL8iqwBpj12oGg1UHvIZxTm2QrXzheqN2ZkZZNJpHDhwIF/1fDLh+z4mJyaQSCYwOLC9NWU7dGaQYXOjA1+IvNU9r+bQDISYQOAQnHNoKCgpISiBRQkuvPgyMG7hwXu+i/X1VSil4HoulNZIpPoQvquNciuBZFcysD6ZEoXSz+RJyuBQWkP4HpTSFXWrMqidqSQ2SEBsNH+JQpgA0XxeQyDB7xAbpy9qkRymzaOWXcUB4OXzAoSURt5Zo7v8bEc9JIcJBCojNzoZJmcUfN/Lr/LlX+sgmKlRGOueDynL6rGDVqLlVRePP9vYhOgHXx0tuQEA45PRrXg9PxEtwQGYv/l///33Iz1mNRw+OID//lNX4sjBoQrl4fLbsvjqrc/is198OLLznbe3F6+6Zm/T+3/rrhcjt+/ceGwffug1pY04t901Dt9v3r7UDI4eHsKHfulYw/vt3dlb136f/Nx9+PL0U81c2lmJR56cx+JyFo6tsJlOY3BwEMlk0pRMAbA4xQ3XnIdrr9iz7bFqYTPj4ukXlnDrXeM1aQBCTJTl2kYOdz84hZX1LJQqWCiynsTickGV5AuFL3/jKSTjFnhAXkwWkaFCatx69zgefHwWfAvVBOcMvakYXnXNPkOCbDOM1TBj4awHAAy2xTHUL6Egsb5ZnQj1hcZzkz6m5gWaFE3XhNKA62tkcrWJyK4ExWAfg+MwKA34QkLK7fWDlBLEE3G4ORdSCCRtHnmVbDO2F5O7Ufh7NckCEeRubAVjTyrNwDiV6I+bz+Pm5gbm5+cxPDKCvr7WyYVmMDE5CSEEdu+MrjYe6FhWTJ0sh5TE2JrzcxAJoDC2pEFmolYmJBrE3Ic4Zzh4+AgGhoYxPXEC05MnsLI4DxACx4nBsmykevrQnerNKzV0wGKXC8LaXhOrNeALAVVU6yqEgG3bWyg2SBAa0vxkSyoF6ftQZUGUhthg+R7tDk5PVMvk8P2t7Sr5N1JxLPo5jDzJke+rLpAcwvcgZaGNg3UCWs9IcM7h+X5J8DIIgdKqodWqao1E5S1SDz0+3/D13XR99ASHF6EyYWOzdSVIOW66vv0Ex6tfsQ8feOc1cOzqn9n+3jje/uaLcfC8Pnzkk3eW1E02i327evBTb7646f0ff3rxjMsn6eD0xX2PzOCyC7uRiCewY2zM5H5qQBPklQG1Ph8hpJTwg7C74jEhpQQDvQnsGPFACVBNGFHsQJlbSuPJ55eQzlQSa+W7Lq1msVykCin//fqmu+19iVKCZMLGlZeMobduGxGBJzQspuE4BEN9liEZshJSVdbXSgmsRFQn2wgIARgFUkmK0QEOx6IQQsEVsiEhjhNz4HsMvu/CsRj8iKtkG4UqeRP50PTk3QtPBbFRbj+KqULGxvTUNOLxOPacImvK0vISlhYXMTQ4gHg8ehveuU5yAMYaTymDL4oDSK1CQ2MwxwubVABTjiClAucMff2D6B8YwsWXXQk3l4Xn+ZhfmMfmZhqp3hUz9vW8KuRGwSxESBstKrUIDM/14Lpu24gNJas3o3QqX88s5EmOIhbQc13YTiXJYbrrCxP2VpU/Zwtsy4IHlCg5NHRJyjCjDNY5qnQ50xEOzMPXt7hWth5IqeD7PoqZdaB62PLDTzam3rjqsh2RNqeEiMWie6/GIzxWiMHeOK66bAfufWg68mMDwOWXjOLXf6E2uVGMay7bhV9719X4nU801zgTJdKZM6u54UzENZftxK7R7orHE/Gz7/7+4GNzuPSCJMbGgrpnHaySa4KQ2t1qQix8gZWVFTDO4cSTAIy1lRICizNYHJHYNbfNKGj5DPVDSg1XKCTjBCO9HDlXYXlNIusqyNPE0UYI4NgU/SmOsT5DRKSFhmrCdVZSJcuir5KtF1Krkgm/CRWNMh2mNkJy42RlRIS2lPx5tUZcDyKRNFXL09PTyOVyOHTBoVNCvAgpMTExiXg8jqHB6INNz3VioxhGzWEZIjlYbAUAy7ZLxpZaa3i+B4AgFrNBKQchBG42g+WlRbiua0JEy4QJ4WdKB/f+YpY2fG9F/s2nlIKQEiq4Y4YhoZwV/DcaZRkbFgNnzV+K1hpS+Pnjl1e+dia7ZyaqkhxlmRx+mRqh83qXotyuIoOMklAm1iE3zmxwzuB5sojEqp1zFEJrDVEUIlpQuBFwblW17j3xzGJD13Xsyl0NbV8vdgx3RXasXWOVk8EocOzKXW0jON79tisQc0q/6DfTLo4/t4SB3jjO29Vb0uLwqpftw5M/tJ8rrx8AACAASURBVIxnx1eqHq/+FeDWsJGJXi1zuuD2u0/gTY/+U83fU0rwO+97BY4eqszpeOSpefzOJ79b0qxQjnS6PsvNJYeHccnh4bq2rQfXX70HB/YWgkfHp1bxha8cj+z4reCxJxfQ03tZSTig1oBWgY1hm8nT9MwsXNdDqn8IMgh7ZYyagEq9/Rqs1oVJ48G9/fiv/4Uj64otX8eowChBPGahvzdeM3ejGoyiWiOd9RFzOAZTDGqXhWcnfGxmT25uTS1YDNg3xjHSx6CUhi9rN8TUA8Yo4nGTy6G0RNLhSLtBlazttH3RU2oFXVIJuw5N2m+hK6+DrR7N2gZU+dyF5Mba2hoWFxYwOjaGnlS01tB6MTkxAd/zsGNPffY1pTWkkE2PkztqjqDogFJTDUtIRYmBUgqe78OyOAih+ffsQ/fdg/Hnn4Hv+xjbtQfnX3AUAPKtK4UMZl1Eduh8fTYQIcFh6qpE3hcTEhsANQmrjEEqt+TxVokNoHaAKGNGdt/J2TizYVaSiQmuCe0qngvLduB7pcqNcOW5g1IYksMrquD1TSBQh9w440EJKSGPhRBbNudUtaMoDW7VJgZnFzNYbjDY8+qX7Gxo+3pxYN8AbIvB81tbckwm7JLJW5Ro19/+htcexIG9pZ7lR56cx69+9Fv5UNFrr9qFD7/nOji2GUQQAvziT17e8rnv+/4MfvY3/r2ubW++fj9++ObD+Z+V0lhYyLR8DeVgFSGMgGWdisA6heWV6n768/f24l1vu7wquQEAl1wwjPf97Evx8b+8D0vL0T9HraCcMLn/0ZnThuBY2XCRzhJ0l/OdIfGwxYx4dm4Oi0vL6OkfhlTENJEQAkJNPWtdTVFaQ0JBBC0ju0ZT2+8TMZTSkMqEi9ZLACilkXUVKJVwbIqRPo61DTNmP9UkRzxGMNDNMNLHkYhRCKXh+dJU5rYAQoBYPAbX9SCkgM0pPKG2JcFahQZK/E2aZKFpe5uiyhUUxWh3rWlxqGj4V4ehokopTE9PI9nVhd272rP4sR1WVlawsLCAwYF+JBP1EfvC9004rKfAreqLP1uh07JiQAmBXSMbjlIKRhmgzftEa/NeWl5axOqqCc1eXS4oiMvtKMXkhnl5Cs9yJDOcsAMXKFZmhKvpRT9bJumf89YnoqHspdOMcvYjZNmLK4jguZBFIZkdq8XWsC0bHgzJQRmrebPp4MwD5zyvYrJtC1KKiiA0qYJ2FF3FjmJvXZH9/InVhq5nx2g3RoeSjf0RdcKxKX7gNQfw5f9oLXTxh157EDzq9LwAo0NJ7BjtjrxN5YaX7yv5eX4xjd/6o++UNKbcee8kPvd/H8a73npZpOfeTHt49vn6Vh57X19qI1xczkSSA1KOnlSlXXFsuKsm2XCyYFkU11yxC9dfvRvXXbUXtlX6PnM9WWIxOnblblx2ZATfvW8S37n3BO59aLqpJpiNtFu1PYcSgv422MVONZ55YRmjQ42psNbX1zE3N4eurhRi8S4TTEoIGKXQCkCd/JgKBuPQgKA4aXaHYhi7qYZQqm4SQGuYyX1OoytmIWYzHNhtgzIPm5OnluAY7OE4tNtGIm7UG57nwxfRKA98T0D6PkDM32/bdtsb45RUhWsnIrCmtBf12D5OhqqAAIjp4tyNKfieh/37o8/lqgdKa0xMTiIWi2F4aLCufcIF+3BR0PM8cNbc3LUzG90axXM3HSjolCjUqMuqHjoCrRUIQf4+bv5b2KLlGaHnFZL8Q3KDsdDDXXoDYZRGUmMopZ9XiuSJDULyqo0Ozj4wxoy0vrhdpajCsqPc2B6G5PBhNZEC3sHpDc55QPiaL2ZCmRnAaQ0hRb4+Od8kRQi4xesKI52c2WzoWg4fiN7bWoy3v+kovvrNZ5quA7Uthh97/UURX1UpDh8YiJTg6EraOHpBqQrgjvsnsL5Rqaz5yi1P421vOoJk/OSH6QHAzrIciNnF9qxaDlSZtI8MJfH4UwttOV813PSq8zE62IWebhsjg0mMDCWxZ6ynZkbKfY/O4I/+4h78+jtfhisvHss/nozbuOm683HTdefD9STGp9cwv5jG3GIaaxse5pfS+I9bn9vyWv7hX4/jH778eMXjB87vw2f/4Ada+0NPQ7w4tY5XNLC9kBJT01OwbBtdvYXPEmWk5qRvoD+BxeUMCCHoShY+T1JrCKHhQ4KSGju3GcaSAwilG7bG+L7GphbophZsi2LPiI2EQzG54GMjo1A0t2grOAMScYpdQwyDPRZiDoXWGq4r4QlE8rwKIeF7LgilyHpm/NNME0ojqMjdIBsIs67ahXpqYIt/GwXRUd7SEv5cnLuxurKC5eVl7Ny5E91d0VlMG8HExATcXA5799QXbBpGLYQI5xtCSqgg+qCziF4fPM+FJyQ4pSWWwnKYYNLCc1pRcxxWxBapNPIWrPxuRfvrCAiO8iR/y3bawowqrSD8QiNLSGwQrcE7AaLnBMorZMPHOuRG/egoN85OGAugytuQpPABxitVboGlpZHPzEyD9oIDe3sb2r5R9PfG8Y4fuQSf+Yfm2kre8ZaL0dvdGtG+HQ7s7cWtEWZ7XnLRcIXi5Bt3vFh120zWx0OPz+HYlYXB3PJqFrfc8ULlcS8YwpEa9olm0N1l4/zdpdafiZn2rFz29VQSHEP9iZKfP/ieazFWJbdluGy7ZvGyl+zADdfs23a7dMbDv9/2LP7i8w9BSI0P/N6teOdPXoYfeNUBJBOlRJRjMxza149D+wrP47e/N74twRE1Pvd/H8Ft94znf87lTtKst07MNEggTk1NwfN8DIwULGSEkUr1RWBzGehL4NgVu7GwYu5/B/b0mQmcNtuE9pAzERqAkArpnI+4zdEVp4hZFjQIltYF1tMKuTaGj1IKODZBKsnQn6LYNWjBcahRbvgKQqnISCNCCAwLpWEzCk/4IIS0rU1FQZflbmxAk1xbzpU/RxMhJVFNz6uRKiG54bouJqemkEqlsGNHtJWs9WJubg7zc3Po7+tFMrG9kk1r5BeLbMfOZ0aE8Qqe58Nz3U5xRR3YTG/CdmLo6U3B9z2sra0i1d1TUzFMizI4aiFUaVBKoHWlCajYpdLyzDD0z+TrKH0frErTRbNQWkEFjSxAYQUSADhl4B1bwjmFsN3BF7JDbnTQQRE45/CKFE5KGYVTqX3PAm1wZLOw1Jjkf8/O9geI/eQbj2JqdgNfa3DSd/MN+/ETbzjapqsqIOrnYH9Z9oYvFJ7cIvh1cqZ08ieEwp//3YMV2733514aKcFx3dV78vkfIe57ZCay4xejt7tyNWiwr/SxA/v6cN6u9hFuX7/9hZoEh9bA9NwGvnPvCXzpq09gZbUwyRFS40//5kH8w1eO40dffxGuv2oPxoa7ag78vvbt59tw9VtjM+2d1tW+c4v1E6+LS0tYXV1Fd08/LMu8RwghYEUKNg0NrQm0NlkVMYfjooNDZb83cnddGtp/RkJpIOdKaKWRjFmIOQwHdjH0bTBMLXqYnm8fgUMpwVA/x84hCyO9FgiMdcTzBdyIeTTGKOKxOLK5HCiliFEC1/ehtS4JrI8CGoAWBaWGJjlo2pgCsqHzbZG5Udf+aI3oqHbeMHcDACYnJ0EIsHffvhbO0jzSmQxOnDiBnp4ejI7UF8DsB+2fZtHeEGGEEAjhQwiRV3P4vg+p9BmbZZfN5uD7Hgg1759EIhmpKsULshL7+oyiN+bEwCjF5sYGkonaCwzVrkApifW1NRDKgpwODV21WinQeQS3LS6lbJqF0trIoaWSACENJfnXg1oBopQyWHxr33gHZy9YEEzLWgyo7aCDswnGpsfzeUghGUxgPI7lNVv1YnW9sdWnkcH25G+U4wPvugZXvWQMH/v0XdvaVRyb4bfecy2uv6q+9PRWEfVzkEqWKq82t2nWWCl7zbq62qtYCfHKa0qf33TGw3fvnYj8PFe9ZEdFmwwAHD5Qn786KnzvgSlMzm4g1WVjdT2H1XUXiysZHH9mCXc/OIXJ6a3VKyurOfz53z2IP/+7B7FrRwrXXL4TRw4NYKA3gd6Ug95UDMtrWXzvgaltr+Un33AEP1IU7hqCtilr5lRjZa0+4jWbzWJqagqxeBzJ7gJRSMtCanWgyvCkUQ/wKrcUqRV8oSCkbmrV/PQDgSc0VNaHVAoxh6M7zrBn2MFgF8PShsDCmkImrSBaVHNQCiQSBIMphsEejkScocuh0ErDkyZQtMXs6JoglJg2FdeFkgKOReH6Alpp2LHoKmOVKsrdgISm7SUIo6habZbkqGaJievC/XdychLpzU0cOHAAsQgXvRvBxIkT4JxhdLi+7wUpJZSSBUeCZRUqR7kFQhmE75tcDteDUhJekwGkwKlrWcnlcmCcY3B4BACQzWawsryERCIBK6JF42zOxchYaeC67cQgVxvLdAOAbCaNuZlJxBLdmJ+dwfraCnK57YPveZi63yjy5EPwooZvCEopSIsWFSFkkPTfCRDtoDo65EYHHVSCcw7lyUI+TZOhWMVY32wsIPJkBhq+6mX7cGBfP758y9N44LEZTEys5wP3GCXYvTuFl168A2++6QLsGDl5/t+on4NEWZ7GZmZrgmOpLGgzEePo7rKxsdm+isLDBwdw5dGxksceeWq+6ayUrfDqa/dVffzIwUHsHOvGVKBgybkC6SrPlWXxivDPRnHgfDNZ/vAn70C1KMRYjOW3qRcPHZ/FQ8dnyx4l+eO8OL4KUWNVPZmwkYzGeXNGoFr+TDVMTk2CMYa+vv6CkJlUsabAKDd8oaGUBGOV71ulNKQM2lbOBn4DwUKl1Mi4ClIJWJygK0bRE7cQi1HYlkQ6oZB1NXyh4Aqj7AgXUJVC/t+Umv8CAGcE3KLgRMPiFDELSCQpBlMMAykeEEqA6yt4Qrb9OSXETFhdKcAphUuUWb2OaIoptYIuykIxoaLR3vvK619bRaOZHFuRejE1kLemLC0tYXlpCTt37kRfX2P3wKgwPT2NjY0N7Nq5o645rgqtKcFzWy3TkVEK5jjwfa/UstJkAGnUmSj1wvVyGNtRWIyIxxOwhi0sLc1DSqtlQiqdyaA7laqIq3Bz2W2bU6s9D0oruNksLDsG4XuQQkLWERTEdVDvWu8LIwNiQxMCEFJCbDButZS/IaWCEJVJ/5QY9qy8P7eDDjro4FyF0qiwmxAStKooFRkZnPMaIzi6Eyc33HL3aArv+akrAZi2mPGpdSilcd7unrYn5ddC1M9BeYjgdq+rxSv/7nbnBbz9zReXhIQBwFf+89nIz8MZwdUvqe7nZpTipuvPw1998REAwLv+x9erbvfen3sp3vTaC1q6js/83usq/t52403v/KdT3hJzuiDrbn9fmpicxMbGBkaGR2AxCi/4CNSaqGkNSKGgKKlKJIUVhmcLuRFCawTKFAXOCGIWQSJuYaDbQn+3BWhgIyuwtO5jeVMhk1XwAt7Q8xXCxVTOgJhj7j3JOEVPN0PM0ujt5uhNWAAxkxeljWLDEBsnx+6jtcmEoIQi50lQ0MgsKpW5G5tty92IityoOG6L+4fkRnpzE1OTk+jv7z9luRsbm5uYmppCb28PUhVd0tUhhJ+f0xLQLTNajG1FQgjPWFY8Px9AanGrKXfByf0mqbQ1ccvCyOhOLC3OI53JbGkj2QpCGotPd3epTVdrjfW1NXR3bd18Ze7NFLv27kMul0F6Y8NwC8wUlxBK67ZlcRACo+LY2vIhgxwMbfpY8sQGIUZV0UrYigkQrWxGIUDLx+6ggw46ONugNeC5OVDGwBkrIX+jbpNqNFHftk7d/ZpRivN3tzfktB5E/RyU16wWNzpUQ3kAZ86VbalqDfFfbtiPa6/YVfLY8WcXcff9k5Gf6xUv24u+ntpp7NdesTtPcJytSKd9fO+R6ab3n5prf2VluyHE1rNipTU814UUEusb63BiMRCioYOphPlX5aBXAyUr8ecSQjVHWmq4wofFCRzOYVsEcYdhuI+gt1tDCuSVcqbJxezPCBA6IRmjsDnAGGAx07CRc80Cqev6kJrCsk9e6LnnuQCCWl2tEYvXvoc0ilJyIwdNo60ID9EuciNEPSqC4msobk0BgI2NDbzw/POIx+PYd955bbrK7TExMQHLturO3TAFFio/r+X29gv+nDNQ5hjLSrCf53pwpYRt2y0tyBciM9sDy7Kxvr6KVKpyrDQwOIz19VVsbGygq6u7YbImm82it78y12t1ZRmObW/LM1BGwTnDkUsvx/kHL8g/vrS8gs10BiOjO9DT24eYV4dFJWSffCHAOYOSskTNIaU0vqSwCtYJB1Y0CHlsfiCntYasUmGIoIanEyDZQQcddFCJsE1KSQlPShOYxxgoYx0L31mI1TI5fldy64lBX2/pyqSUEje96vyK7UaHWs8K2bunB+/68csqHv/Svz/R8rGr4Y03Hiz5eXE5g4G+RH7gdGBvH1593T586/YX23L+0wEzc5v49Y/eGtnxFlcy+I+yINMXp07fgNF6QAnB/v370dXVhRMnTiCXzWFgeAxO3Kwg1lOreS4iLIrxhYJUBL7wwX2AUwrGKJIOBYmZ7Sgxz3OoZAoDWMP5gtaAkoDnS2SEQjbnwfUFTCyMhC8EHMcBa3NOjO8JSF8ABPCFhmM7dVWk1wOpiithFTRpD3l4st6vW5Ec1c4fVsIqKTE1NYV4PI4LL7rolKknJ6dM9seunTvqGgsppSBUIfyFcw5WZ14ZJUYFlA8gdWxjWfF9MMpgNRlAajp/2odEPI50Jg0hBPr7K/NJUqleWNzCysoykolE3XNx13XhOPEKi4vrusjlMkh1p2ruq5SE1gqUMUipYNkOLNsBYEQYG+kcWM41eSeM1RVTkN9CKQkviC8O1RxKKfgB+WDnmVbSOvmgASH9PLEBFCoMGWX5powOOuiggw4qEQY751cOvOB+KqXJKipTdbQCzgG/ARWH50s4dvtUHN8/Pof5pQyWVrMNqxIScQsDvXEMDyTwkotG2nSF5jmIEk8+t1TyM6MUV1+xs2b4ZHnrSjJh4zf/28sjvSYAGOhP4GO/en2FouKO+ydw253jNfZqHq+7YX/F6/ZPtzyFY1fsKmmD+YUfvQzfe2B62zDWVvC+j36zoe3f844rsX9P4XUZn1rFxz97X0PHWK8R+Hvjdee1rBp69Kn5kp8Xlhurhz7Z4Ly+QeLIyAiSXV0YHx/H3PQEevqH0NM3ZGwRnXFmTWhtbG1Sarg+QIgCowSOTcGI2YAyCosz2AHBIZWG70tIacI2lTbfHUIE4ZuEA5BwPQGLmcpyN5eFZdltU3NIqeD7LjijSHs+OLfAIlo8VVpX5m6Q6O79xZkbJ4Pc2CoTolaoaGhNmZichOe6OHz48CkjN9bX1zEzPYO+vt4GrCmFOW7YNNcowgBSPyja8DwfUknoFgJI2/1qJxNJZHM5zM3NYGBwGLxM9RtPJMEtC0uLC3BsG7a9ve0257kYG9tV8fjq6jISie0WUwhAKDzPg9YyT2AQQqBUIdS5/P9rQWuAU0rztTdhMqwQIkjdp6CU5q0jjFFYVmuetdrNKJ0A0Q466KCD7aC0LstkoEUEdBB6pVReCdeqqiNmW/BF/RPFjYwHx442ZPO+R2fwz19/Cg8+MotcRD2CMYfj8ktG8YYbD+JlL9m5/Q4NYGObENBG8diT88i6AnGnMDC/8dp9VQmOwYEEjh6sT5rbCnaOdeMjv3Iddo+WrsosLKXx8c/cG/n5ztvbi3e+tVQpspl28a/feAZr624JwTE6lMSH3ncsUpVDOb7/2FxD27te6cTH9VXDx6iFX/7pK9GdjLap4NN/c/9pXRMbd+qfiHQlkzhy0UUYHx/H/Pw8PDeL/sExwLJBWXRBk2crCABoQEmNXE4iH6YBCUDmFySL5xxaGwuQDqsbA9i2A0YZXN+FVBJxm8H3PUgp4TgOSIS5NsW5G1lPgoJFlruhoaFkIURUIQ2Q6PNxTpXKqJzcqIaQ3FhYmMfa6ir27NmD7u6tMxbaiRMTE7BtG6PDdVbC+gJK64I1xWqeZGOUgjo2hPARcgGe68HzPFhNRi2026oSj8Xg+z4W5mbQNzCImFO6UGFZNkbHdmJxYQ7pTBbJRO1xXTqTQaqnt+L9urm5buImtvn7tdbQgVvEzbnQ0HmyiRASNNzoPNlRT4sV55YFz3WLrCdmdZApmmezPM/NV8BSpppi50wzikCYKlwIEDWKkE6AaAcddNDB9tDSTJRs2wIhFI7jQCoFKfwSH2kYfGVUHUYd18yXbKrLamjCvryaxWBELSLPT6ziU5+7Hw89Vt4s0TpyrsBd903irvsmcdnRUbznp6+MLL9jeTXaga7vKzzw2AyOXbE7/9g1l+3A/n19eO7FlZJt3/bmoy03hGyHiy8cxoffcy2GBkpXZTxf4eN/dV/kQZgD/Qn89nuPoTdVOgD7xh0vYDPt4ZZvP4cf+YHDOG9X4fW7+pId+O1feQV+/0/uqiAXosbvvP8VuGj/1lWEPanSz8S+nb34xz9705b73PXQFD7RBrLobECqu/GJ6t69e5FIJjE+Po7ZqefRMzCKrq4eEEbAIrIsnM3QCEkMXZeGXtfYiHGOGKPwXRdp19S2Kq2QzWZgO7GWrO/FcF0X0CZ3Q0EjFosud0OV5G64AI3WmnI6WKi2am2JqQEAwObmBmamZ9A/MICRkfapIrfDiYkJZDMZ7Nmzqy4HgJTSKGEDcG63bFsihAQBpMIQHYFlxfd9SKVhNehOOBktK5ZlgTGG5cV5dPf0orur0kYyODSCtbUVbGxuoCtZmcth5vYEXclScktpjY31tS2tKeWghIBwC74w7TS2bUEIkRdaAPWHEnNKqPFuUwYpRUHFISVsSkEJwCjLvxGE74M1UCEjhISUotCMEtQXUkLAOgGiHXTQQQcNQerCjT68fzJKwWwnyDWSkEJWqDqUMiHRjdoLe1IOpubTdW8/t5jGoX39DZ2jGh46Poff/MNvtzUcM3+ux2bx7g/egt/7wCtxWQTWlbnF+p+venHL7S+UEBxdSQcf+9Xr8bufvhOPP7WArqSNt7z+QrzhNYdK9nv6xWXc8p3nyw8HALjm8p248uKxqr+rhbf/8CV46xsuKlGTAMaz/8ef/R7uui/aYNGD+/vxkfdeV1HzO7uQxme+8DAAE4z4qb++H//rN28oWYB51cv2YmQwiT/6i3vw/PhqpNdVjP6eOIYHG8szsS267T69qWhVGWcTyoN068XQ4KDJ5Rgfx/LcFEQui97BUUiqQCntaDlOEiihcGJx+L4L1xfgjMBiDJ6bg5JWyaJrM/A9ASWC3A3ZztwNABHnbtSzOn3SUIPcSCSTUEphemoasVgMe/fuPQUXZ7C6toa52Vn09/ehq472D61LrSmMschINQCBcpbmLStAoOZQEpbVXCNoO+9LlFL0pHqwmd6E8Hz09Q9UbNPT0wfLsrC6soJkMlFS95rOZDA4VKmaWV1ZgtNE5SwhgG1Z8HwfnueDMeMkafRzwQEU6nAIgfLcPMmhAh835xzSFXkVhxBy2zdDBbERNqMEYXidANEOOuigg8ZQbk8pJ4gJKWQkSakgZUHVYb4oGr/vDvY19gV1YmoNuHL39htugdvueREf+9Rd8IXafuOIkMn6+LWPfgu/9Z6X41Uv29fSsU60IaDx9rtP4P7XzJQQEmPDXfiz370JiysZdCediuwTIRU+/dcP4JHj1a0Qu8a66yY4Lr5wGO9+++W4sIpSQUiFT3z2Xnz91uca+Iu2RjzG8bb/ehRvfO0hJOOlkx2tgT/7/IMl5NeDj8ziy7c8jR+++XDJthcdGMRf/N7r8H++ehx/+YXvR3Z9pxN+99N3gbHmh8CjQ1345XdcGeEVtR8jg83VGAJGmn3BBRdgcmoSM9MzyLlZ9A+PwbHjIIygQ3OcPFiWA0o5PC8HqQQSNocQvrGsxGJNVTGX5G64xnIfWe4GynI3yCo0icY2Gao2TrVyI0T5dWit840pADA1OYlcLocLLrhgWwtCu6C0xsSJE3BiDkaHK9s7qu6jZL4RFDBqDq3dQH0RzXNPA3Wt8APBQFEAKW9xDtwu60pXIolsNof5uVkMDA1XuDUSiS5wbmF5eQG2ZcOxHeRyOcQTiQrrV87NwcvlWrIsGZJD5C1sgC5RcmyHkmeYUQrFWHAg5FUchBhGSoSPC78mwSGVqXwtJzY6zSgddNBBB62h3J6y1ZcxYxRaMyil4Hm+WZ1s4htxZKAxWe+zLa6UP3h8Fh/79MklN0L4QuFjn74Lqa4Yrjg62vRxWn0OauFTf3M/PvHB12CgzAI02Fd9svfPX3+yJrlRL/bv68M7fuRiHLtid9XJxvqmi0/+9X2Rt5a87IqdeOsPHa36nv37rzyG79xdGWL66c/dj55uBzceK60opBR4/JnFSK+vGP/yzadx90NVAl8b1BW/9YcuaipL43sPVg+brRdHD7c/syVqjI227vXftXMXkkkTQDp74nn0DY2hO9UH3bGsnFQwxhCLJ+AFlhWbU4Bo5DIZWI7TUBuFyd3IgQS5G4y2nh0YQkFDFX0vaZKGptHZ8U4XYgPY3iIzPT2NlZUV7Nq9G6lU/RaEqDFx4gRyuRz27ql/UYUxBkIpRKAQAMyYynXdvGUjKnDLBqEKvu/lF5pEkDVhcaupMVk7W1bi8Rg838fC7DR6B4YqGlFs28HIyE4sLswjnclCSoGxoUrV69rqMhJ1qGm2g23xQmug0gDqy98AyggOwHjjZMg2las4pMyHkRqSoyCBLvaAA5XERtjM0kEHHXTQQXOQurZ6o+r2suAxbTbZfMdwY1LwJ59d2n6jGnjiuUX85h98G75/8smNEL6v8Fv/37fx8Q+9Bhcd2DpXoRZaeQ62wviJNXz4E3fgt3/5GAb7tx48fOnfj+NP/+bBls/5Kz93FY4eqr4y9sRzi/j9P7sb4xPRK1Zuu3Mcl144KMl0QgAAIABJREFUjDe99oKSx7/0tSfwmX+orcT46KfuhFIaN11XqMX9/L88hrvvj9Y6U4wHH5mFHUFzULn6pF588rdvxEBv8/kCdpN1hqcSe3dGM6nq6+1FV5DLsbIwEwSQjgKs+XtmB42DgMBxYhCB955RgpjF4HsulJSwHaeuOYTrmkptIaXJ3XCiy93QJbkbnmlNierYp1HmRi2E6o2c62JxcQF9fX0YG21+IaBVrKysYH5+HoODA1sGYFYDJQS2bZviCynzDgXf96A1b6pNpRYYo6DUyZMcgJkju57bdABpSHK04x1jWxY4o1henEWqt78iW4MQgqHhEayuLsOyK9tqNjbWQEAjI4oszvP2spDkUCpUO1XfR2tdSXBQYsiM0J8khMjXw3DO4ft+8LipcVFaQwkfspzYgPly4E0yVB100EEH5zqKVJTQGiXyPMq2HnwrraC1UW9A66a+bJSU2LuzsWyB6dkNzC6kMTrU2H4A8NVvPYtsLhq5byvI5gT+/dZnmyI4ZhfSmJ7daMNVGTz6xDx+7je+hne+9XIce+nOihX/488s4gv/dhy333MikvN9+m8ewKc+fGOJ/cX1FP71W0/hz//2QQjZPr/4n3zufhza148jh4aQyQl8/suP4e+//Nj/Y+/NgyTJ7vOw7x2ZWWdX391zz+7O7DULASQOkiAt2gRphkTKtMP0EaYRlKygbRoyHeEIUpZkyYqwbNOSGIqwSf5hWXSE/IcohmWBYZAUDBEkAQgkAJIgQC92FzOzuz3Td3XXfWXmO/zHy8zKOrq7zu6a3fwmanemuyrzVVUe7/e97/d9F77uf/zFL+Nr3zzAf/4T34HHTyr4P/7pN+c2RgD4a3/l4/iuP3N9rvs4Dzc2c2N7gDzruDcDn58QlmXh3r17ODw6wtMnT+B12lhZ30I6k09aVi4ZUeSm66LpCTicQiqJdrsNx3HAzrnv+Z6AkkHtIjUc59nw3Vgoz40zEJqKaq1xfHwM23au1HdDKoUnT58inU5hc33QM2JUhH4ZwvNjC/gCUpqI11mRnIQQ2LYTJIl242R9IaCUHkulFMe8SA5KGQpLy2jUqvA9Dysrg5/x8vLgNVgqiXqtisJSYcbj6SqWe6NiB0kOk7IyRMEBAIxxCNHtGZJSgjHjwC9jTFfYJwf0EhuUMlicXTkbmSBBggTPMjzPBaEUnNHIOdq2LVBCL5y4qVC9ofVE3huAuVltrqWxkrdRro+epPKVP9nDj/3Qixc/MYa9wzo+8y8fjTvEueEz//IR/qN/6wFujCmF/8qfTNcuMArKlQ5+/pe/jHSK49WXNrC1lkGl7uLbb5dwctqa6b7efHiC/+u33sBP/NhrUErjy3+8i//9n34D78zRtDOEkBr/wy99GT/9ye/EPxpzn5/7wjv4ytf3J+rhT7DYWC2kcX1z9nGU21tbyGYyJk52/wkKqxsorGxAU5KoOS4RjFKwdBqeZwxILUrAOIPbaYNbdo+BdojId4PGfDcmvO/1Q+l+340qNJne/HrRPDeA3jaZsJCM+24UT07guS7uv/girCliVadFvV6H57pIZzLodDpTJeRQQmEF5EO8ZcX3XGhuzdRagXMOQil8r9uyIpWE9gyhQsc4Fi4jZSWXy6PV7uD4+AjrG5sXjq9SLiGdnk2KXj8IQYzkUCCEDpAcWndTVoZ+a6FRnRChWkOAUhZ5cXiemej2kxuUGifacb6gBAkSJEgwiNA1WksJr89YiY6gxhAiIDgIOXfV69wxBNf4l54v4A++URz5dV/6w92xCY7PD/FUuGp8/vd38Ml/57WxXvOlObZC9KPdEfijbxzMfT+/8qvfwGohg89+8W18/U9nH9l7HvYO6vhv/+7vTfTaWt2d8WhGg9bGeHVayAm38e13TvH7X9+fat9vzKnNahb4wCvzi6PM5/N49cED7Ozs4KRYhOd2TMuKbSckxyXDth0wyuD6LqQvkLY5hO9BSQnHcUAC8lIrDdd1QQlF2xMz9d3Q/caGpA1NpyeRF6ElpR/DxhMnN6rVKmrVKm7cuIHlwmxX6MfFcqGAF196EXt7+9g9OMLm+hqW8oPtEqOCEMCyOKgAfCF6FvK1VkE3wmy+L0YpmOPAFz6CBgljQOq6E3tVzrNlJZNOwfM8HB/uYWVtA449/NxyPQ9upz1z9UYcXUKQROdQSHIAveqOMz/FsE0lYpikMFIeSkEZi+JeQUhCbCRIMGf4vphYwpbg2URY3IRxeZ7rRf0qF7WnmJZBDc/1QAiZKJbMbMfIfR/cXx6L4Pjq1/dxUmljfXl0Jv+LX3s69vjmjS9+7elYBMdJpY2vTllYLiKE1Pj5X/7yVQ/jmcHDnRJ+6ud+88r2//Sghl/51W9c2f7nje94MF9TVEoInrt7F9nAm+Ng922sbl5HNrsEypKGlcsE4xwpRuG7HpqugGNRKK3Q7rRh2w44Z3A9F9AavlJQMCk5s4KSOhZbIaDo5H5DYfG1aKoN4GLCxfU8FItFFJaXcf361bXjxVFYKiCdTuPp010cn5zC8zysr03XusY4B2Gsz4DUzMdmakBKSJDaIrstK64XGZByzseuqcNnzyNlxbZtMMZwWjxCYXkV2ewgmeTYNlLpDJqtFrIzMBg9GyQgNlTQxk162rzCY/ncisniFnxhiAwhRGQUyjmHJyVoEHWTEBsJEswPnt/tK01IjvcPQudoACCERkTHaO0pXR+LUdQeZ+0/vGl88OU1AA/Hev1nf+8xfuLHRicH3n63PNb2LwPjjumzvze7mNQEzy5yaRs/8ol7M9nWo50y3hpTTXHvzgp+7qe/e+p9//rnHo6978vARz5441L2s7mxgXzOpKycHDyFt7yG5bUtUEZm5u2Q4GJQQuGkUvB9D67vgzMCmzF4nQ6UbUOJMPlRw3FSIDMq7fp9NzSpYtr8ikUjNoCzPUDi6o3j42NYloW7d6/Od2MYbMvGC88/j/2DAxSLRbiej831tanmypdpQMo5A2UEwve7i1mBmmNSQmVeKSuMMRSWCqhWTsG4NZCwAgCrq+uo1Sqo1+vI5fJz8+AkABC0qMTJOa01CMx3eP4RQMxFPIq2EWYVOfzyJ10VTJAgwWjwfQGluqlGgCE5Ql+cBO9NhO0p5oZH4DgOlFZQI0rW49L2SY+TeALL+moWr7ywhjcej17sfOa3Ryc4Gk33SmJhL4IvFBpNF7kRozs/89sJwZEAuL6Vw8/9Z9MTDICJxB2XZLhzYxl3bixPve+vffNg4QiOD7y0hc0LEoRmiXQ6jZdffhlPd3dxeHAAz+1geX0LTiqdtKxcMizLBqUMnueirbotK4xRNF0ftmXPbF406LtRhyaj+1ANw6KRG+d5gISmogBwXCzC7XRw79492JZ9mUMcGdevXUPKcbC7t4fd/QNsbqyPnazSj7Brwfd7DUiVUoH6Yjbfp6mz+wxIXW8qA9J5tqwUlpZxcnyAtbVNpIcoNZaWlmFxC+XyKbLZLPiMvHD6YUgOEpAcKvyJaV0jwNCrs1Qms9f3XajQhR+AVkY6AyAhNxIkmBPCwlIIARlbxbcdG1IK+L4wF1x/epOrBIuJOEHBuZmwhQlXF/VnmuPHtKdQSidW2KkYwUEoxfd853hxcPuHdfzW745W8O8Xm2Nt+zIx6th+63cfzzU9JUGCBMCf/e7bV7LfWzdv4t69e5DCw+HuO6hXSpBSQc1lrTTBWWCMIZVOg1KOputDK6Dp+uCUw5pR8a0B6Ng9WJM2NG1Mt81nICklRJzcqNVqqFWruH79OlZWVq5wVBdjdXUV9+/dg+04ODg6RrkyfXw5pYZ8oIwZZYXnQykF13Un9kg6C5zzwDumq9iVSsLzvKj2HhfzOupWlldQr1dxeLgHMaQWSWeyWN/cRqvdjnw75wECRJ4cQG+bVQ9LobWGL3z4nhulpXiuB2gNThlsx0naURIkmCOklPB9H74voqhm2+7K1EKSAzAFaEJyvDcRbzEhdLwVqfD4ACETt6cAXf+NcAzf+5HrY0t//8lnvjXS825fKyzc6hZgbpx3ro9mmDXqe02QIMFkICD4gY/fvbL9r6ys4NUHr2J5uYBS8QCnx3uQQkDqxVOfvZdBAlWjYztwpTSq8tRsTEUBQMkYbUUkQCeLhA3l88DiqTeAwTHFxwsY343j42MsFQq4ceNy2sKmRTqdxv1797CysoLTcgWHx8WJyYEQhAC2ZYEH8ymz6K/h+240T58VGKNIOUaJZNsWbNuC0hqe5429r7DsnxeymQxSTgrF40O0O+2B39uWja3tG/CFRLvdmds4QpKDkF5/pGgp0EhjBEK+x/N8QGtQxmFxPrc+mgQJZgHfF2CMPtPKIqUU/ICwCItU27ZAKTVyOPgQUkTMLmCMJz2Yi2+C9waUUtCEBFF448UTam0c30PVHRuTHOkZQzgpCG4cjq3w0Q8s46t/Orovxc6TKn7tN9/Av//nXzn3eSmH4Uc+8cJCxcQCwI984gU49sWf4a/95hvYeTL9atFl43d+/wl29rqT91kkf4yKf/Rr30Ah3y1KOq4859mzxazf99/+hS+CsflMkjzv4s/lL/3sb8xljtZuLxaB/sPf/wLy2auVyNuWjfv37mP/4AB7u7twOx2sbGwhncklLSuXDM4tswCg9ex8N3S/70YNGpNfHxaR2ADONhWN+26cFIvgnOPOncXy3bgIhBDcvnULqVQKBwcH8P0DrK+tTm0+29Oy0pOyIsH57FpWQgNSSmSQtNK1iVBaw+LWRNf7ebSsWJyD5fMonxYhlgrI53sXhCgh2NzaRrl0ikariVwmO+MRGAx7X1xKBeH70QncjXyliYFogmcCvm9aOaQUz6zKSCkF1/NAgB4CgxAayS55QGIIKYL8Z2W8OTwfni9gJwak7wkMa08Z/bXdYohSOnHR02NSinDVwsX3fGhtLIIDAH7lV7+JH/j43QsTVX72P/1uZNIWPvfFd1CuzI/tHwUryyl84nvv4r/8yY9c+NyTShu/8qvfvIRRzR7feP0I33j96Er2/cffvNy42Thm/b5bV0wENJrzkwAvEmZl3DoLXL92DbkgZeV4bwfL61soLK+BTNEWmGB8zJJUUtDQMk5uNKDJZPeiRYyBvSjFJU5uFE9O0G638cILLww1k3wWsLmxgXQqhd29XezNIEoW6Las+MKPku1s24KSHrhtzfR4ZJyBhAaktpn/mzYZEyc7rt/MvFJWKCEoLBXQaDUhhMDKytrAc1ZW11CvV1Gr15DP5S/l3OC+b3LiI2KDkIilSpBgUeH5PmzLisiNEL7nwbadZ0pxpDTg+z5IbNU+5Fotuzd7OyQ5GDdGoyLG7nq+TpQc7wEoKaI42PHbU7rnAp+mPSVGspBgO27Hxd1beXz8wzfx5T/aHXlb7Y6PX/rHf4T/7me+78LnfuqTH8anPvnh8Qd8hfilf/xHaHcWa6U7QYL3Gj7+4Zt46fnBifNVYmlpCa8+eICdnR2cnhzB7bSxur4Ny7GRhMk+e+glNzrQdDJPpavy24h3SpEz+hPOKix7fDfqdVQrFWxfu4bV1eliV68a+Xwe9164h6e7s4uSDVtWBCEQQnRTVjwXmlsX+qSNg64BqVFwhPN93/enMiCdB3KZLFrtDo6Pj7CxsTlwrOXzBXBuoVI6RSaTmenn1A+tARqaphAYqUmSjpJg0eH5xuTH8/2eVg7bsaGBIMrJKDsWHVoDwnOhgYjcsB3bmA3Z9tAoOm4Z0iNuOGkYZGNG9Ax5WSXog1Kq51gYZzVAaQUdmEITrae6jkvVLdhDksX1PGQzGfz4j7469vY+/6V38enPfXvi8SwqPv25b+PzX3r3qoeRIMF7HpNcdy4DjFI8/9xzuHPnDtqNGo5230G9WoVUiS/Hs4TeSFgFkPFbDi9SSMwLsgOgnQL3ctGDuln4DQ0txpsQep6Hk5MTLC0t4dbNm/MZ8CXDsiw8/9xz2NzcRKVWx97B0Uz863hQMxMgSjkUwofvuzMnuTi3ugaktgUQMrUB6TyQSadgMYKjwz34/qCyMJ3OYH1zC+1OG57nzmcQ2vyHAqZP27adJHYywcIjJDfCgh4wxWBPoR+Y5UopFtqE05AwHhSCglYjIjU4H03qxrkVZXLbjm3MiNzOQl3wEowOKRW68iONTqfTo8o4D/HUEzpFLJfSg/4bMvCHyWSzeO3+Bn7we58be7v/4B9+Fa9/uzjxuBYNr3+7iH/wD7961cNIkOA9j098zx28dn/jqodxLjY3N/HgwQOk0g5OD5+ifHIEKRV0krKy8JBa9UXCVqHJ+ATVVbSkyA6wlF7Hte2b2Nzajh5bW9dwffs5WGrJECB6NPVGsWju0befMd+NUXBtexu3b9+G67rY2z9Eo9WaepuUUjNvj6WsSKngut7MSU7GKJwZGZDOE7btIJ1K4+T4EO324GdsBeajQmm0WoPmpDOBBqht27CsxEQ0weIjTm4ApqC3g5PdsJvGq8K2LfM8xw6SRhbnxI/D972e92M5zkT9e0bJEXwmtgVNCDzPG7kwTrA4YEF7YJRgBQ3f9yDExd9l/DlsTO+OOJQY4r/hGqY9lzUGUf/xv/uBiUzd/s4vfhknlTnd0C4RJ5U2/s4vfvmqh5EgwXseBAQffc1GuVK56qFciEwmg1defgVb29uolU9wtPcuOu1WkrKywNDDfDfo+L4bV9GWonyNFFvC0tLy0N9zxrGxsYXV/DZ0i0N7vWPUWveQGyenxnfjzp07UxtyToNyeTyfr3GwsryMe/fvw0k5ODwqolSe/rpCCYFtWZGpu7F8UPA9F0LMdpGVBAaknHfrHQAQQarioixucs6RzxdQKZdQrw2qoQgh2NjYArctNJrTRTCfBZqYISV4FuD5PpSU0ckcFvSMsYjYCIkOAD0kiFKLR3JEZE1gKGpZk5EbIUxLiwMg8PHQ2vToLcjF7lmERpBKEiSTSCnnThrRoLfT6utNZOz8Y8OsFOio3XCa67pSg/4bHdcFJQSZTAYAcH0zj7/0H3xw7G3vH9bxt37hC3BHSIZYVLiexN/6hS9g/3Cy/uwECRKMjh//8y9gYzWNRw8fYndvdO+fq8TtW7fw/AvPw/c7OHj6LuqVctKysqBQPeSGO5HvxpV4biiAeDZW1y5WNmUyOVy7dgcptgLR1JHLZNxUtNFsolKuYHNrC+trV+d1c3R0hEePHuHtd96BmNN8K51K4f69+1hdXUWpUsXB0XHPvGdSWJZJHYXWsZYVAc+bR8sKg+04IIR21RxKwXPdieepsz6KCQGW8nm0202US6dDn7OysoZMLo9qrTbzeoX95E/+xb890y0mSDBj9JMBXcUCgdVnqhn6DiilwDmHUgqMMYig2F+ENizPF33khj2TcQnfg9amyDXOztP76UgpIaSc++cWSuxk/0PK7v/Dv8cehJCZegaZiNXYWEJiQykopaCkDKK6zMV7XpLUMO6VcRYlWp0HKXxorSGFBGP8QkLkPHheJ5JVM26DEIpqtYJUOo3VlZXoea+9tIk/ef0Yx6fNsbZfPG3h//t2Ef/G99wFn2KcVwHXk/irP/95fPON46seSoIE73m8/MIKPvXJD2FpaQlCSpyenKDRaCCbyw2QwIuGTDqDldVVdDptVEonUFIglcmZ+0ZiQLoQ6PXd0AAtAxO2plx2e4poaqyvXRuYA58FQgjS6Qxsnkan6UMrAYuZBQvf93FwcIBsLot7L1xdUlGj2cTjR4+QSqXgui7qtRpS6TRsez7R0IWlJTDGUCqV0Wy1YduDi0vjglIKxjg0NISQkFKBUgopBQhhoHR2x0noxQcgqnWiuaq+eGFsYHuxv88yUta2bHieh0ajgXQ2M3CuOLYDy7ZRrVbAKB2oN7TWaLfb8H0PpVIJb7311kgkTkJwPMNQwcV53AdAnpmWpEi5MUBu4MzClgYysZAECQtF4YsrJzm0BpQS0BrROChlUxfpYbtLmIZkcw465ftUge9CqGKY5+cmpezxfYgeWnc9KbTu/R3MZzhLgkNrbS6chETtTz0PzsxYoSPyQ2uA0NlOcETweTDOwNjFqVZ+4DUjpRxI3hkHSiuEyVogBIw7UFqhXK5gdWUFuVxvxNr951bwG7/9aOz9HB438cevH+G7vvMGMqlnI/nnpNLGf/Pzv5OQGwkSXAIICP7r/+QVLGUoCCHI5fKwbBvlchnFYhGWbSMbKMoWFZxzrK+tgRCCk+Ix2s06uGWD88mv0QlmAzXgu1GBpqPHLV9lDKzqaOQz68jl8j0/l0rh8HAP9UatR90ch2VZyOeWIH2g1WqCMobjYhGe5+H+vfsjEyazhtIaDx8+hNYKN27cRCaTQbPZxOnpKTjnkXp01shmMsjlcqjXaihXzec2bSwuId35vdIaUhryQSkJQEc1yqxAKQOhDEpqMEaN90+gSJl0fjzrI9ukvWjUqhXYjgPW5xPHuYV0OoN6ow6tNXjs9wnB8T6ElBJ+uMocPsKV7vAR/13we86fDc+Vs5UbFyO8gJiTO0ZyCDkRszkrhBc+pRWEkLGLHp34QmQMVaUhN7Q2+dhTstBhSg1g2nzM5zY/kiMkOAZIBX7G35khGhhjACGmnWTYQ+vu/8O/n/MAzCQhbHEyZCAFpSQ6lhijsTGoiBSJLrhTruZobWSNcYXPeduTUkEpE1VGCJlqBcKoZUw7FyUclHF0XBetVgubW1tw+lZSVgpprK2k8Adf3xt7X8XTFr70tV288sIaNteyE4/5MvD6t4v4a//z7+Ltnfn1BidIkKCLv/zj9/GhV9YAaCglAA2kUinkcjmT9FAsQgiB5eXh/gOLhHw+j1w+h2q1imrpBJpQOKn0VK2ECSaHhu5rTWlC04uViFeVktIzBqFhqTzWhrSmnJ4cQ/EmiC3RbDTguwJOKjU0jS+VSsNxUiifllCpVHD3ueewXChcxlsYind3dlCrVnFt+xocxwFnDJlsFkIIlEolCOFjaWlpLvu2bRvLy8vwXBelSgVCypmQp5RSUMaglYqU0EoZwoNQOtPznxICKQyBIqUCZfTKyKqzwBgDZxyVagWM8QECjlKGXC6PZqsJ3/Oj8ScEx/sQKpAi9RSFvO/BBovCZ4HgOE+5MS56SA7GohaDqyI5gLNIjvHbLcJWCsAUuvHo2EkRujKHKoZwvOMqYDzfHyTYzngAiBQLlu3ACrLEhz0AHZEKKkYunPmI7ytsdxlGBoYkBSHmfKEUjpMyhBHjgcdLoIwhBFphgOwwRBqfavIjZfdzHqk9RQbtKVKBT6loMb4t5sZBGQehDM1mE67r4ubNm0Pf1/3n1tBoCbz56GTs/dUbHn7j84+xspzCyy9cXd/vefj0576Nv/n3v4B6Y/TVvQQJEkyOH/2B5/HjP/xCzyRWawmlBDjjKBQMqXFycoJKtYpMJjM3GfuskHJSWFtfh+d5qJwW4fse7FQalNGkZeWSESc3QDxoOrrR5FUrb3SLYWNje0AFUK9V0fTLoDYBCEC4hlAu6pUGKKWw7UFVAuccy8vLyOfzPe2nl43j42Mc7O9jdXW1h8SghEREQ7lSQaNeRyabnXqOOwyU0ogsLZXKaHU6SKWmTxclwXxSAxDBnJgxGqTeza7F2vc9KK2ihU7LdhayzqOUwrEd1GtVKK3gOINmtplMFr7w0G43YdvORASH0johOBYFoTpf4+JV5vjqdLxPP2SVhz3C7UspwTjrrmgrBaVVRJZIqaIeLqlkcDJebkvHLMmNEItIclDaz+wqjHPBMwSJQGguCUzfsmFiZt3Aw8O0+HBuTaSAEUKM3joVvCbeknHWsaxUvH3jgkf/c84g/vqfD4Q3psEbKSEEjBqyg1AGAgKtVdRrOe3NN/zcRm9PMYW3FBLcmk767Hvt7ndhGf+NWr0O27bONR776J+5hsc7ZTw9qE203z/44z08OajhtZc2FqZl5aTSxt/7376Cf/Lp1696KAkSvG/wsQ9u4Wd+8kOgocReI1gAMNBKQiuFTDaLVDqFeq2G46MjcM4HWugWDZRSrK6sgHOOk+IxWvUamGWD23ai5rgk9PpuAJqWRvbduGpyQ7SAleUtpJx0z89d18VpZR8s+HE0X2IE1FZot5voNL1oMbQfzpQtGdOg2Wrh0cOHyORy2NwYbpiaSqVg2zbq9TpK5TJsx0FqTikvuVwOqVQKlXIZtVodlmXFFL2Tg1EaeHHIqA4L6y4SzHcnhfH66C50WpY1NLRAXWFbVRyEmGOu1W7DcztIZwYVvKlUGiAEtWoZnHN0Op2RCQ6llbEBSAiOq4eUEr7vm9X4c1aW+x8q8CQIizNjVsmHPsKM5LhpYvhQKkiKGFJ4EmDoBXHe6O1bUzMx5xlOclydJwch05EcITOspIr67pSUPcabcQuLi6C0hh8qNwJyo3tDHJ8cklICw9pOziEXAJii/pxBKyXPJfNm9QjHch4oIRHJJAM1DiF0YubctKf4Y7anSHiuNzW5Yvw3QpWC8d8AgFK5HK3ynIfv+9gdfPON8U1HQ7zzpIL/53OPYDsMD+5f7Aw/T/zab76Bv/n3voCHb5eudBwJEryf8ODeGv7Gpz4W3esJIWCcBwq5eBKagpI+bMvG0vIKpBAoFovodDpYWlqaqS/TPJDL5VBYXkaj0TAtKwpw0pmE5Jgz1EAkbBWauiO99io9NwBAuRoZewWFIZGwxeIhSEoY5caQMVIOKLhoVjoA9NBV86uC8d3Q2N7aOncublkW0uk0PM/D6ekpCDA3QjOVSmGpUEC71UK5UoUGkElP/5kRQkzLCjSEb+q9kPSYtE3dzNvMAqfn+aCUndmm7Ps+lNITL+yGZ87szEctCN9HvVFHOpMZaKWybQeWk0K1WoXve1G70nkEh1QqiNK1EoLjKhEmNoQS/ZELwb4HEPR6nWNcExIc42xXChkV0aPA9wWkmj5xgw5lOqfzqQghfB96hoqHaXE2yTH1mTY5AAAgAElEQVTaezXfD42ZCxnii1IKpYzCYxR2WAfkRuiDARBYth2xwPF0mlFJjvACFLadnEW+9T+A82NOzfE52ramfVwEQxh2ycOwZSaMuxqX7FBKjtWeIsL0lOB7meZYPst/o9lsYnNzA6kLJkWUEnz8Izfxp28c46TcmmgMQih87U8O8Dtf2UHK5rh/d3Wi7UyK3/rdx/jvf/Ff4XO/9w6ESGIdEyS4LLz03Ar++qc+hpQzOH+glMKyHEDrXjWHloBWWFpaAmEMpdNTlMplpNOpC69XVw3btrG5sWEm7adFeG4btp02LY5XPbj3IDQ0lDBtAQCgSQuaNs5/zQJ4bgCAlhpMpLGxsT3wu1LpBILUQazzx5jGOizbQafTwenpKSzbhn3FHg3vvvsuqpUKtra3jCLjgo+YMYZsNgupFErlMjrtNnL5/Fzm8JxzrK6uQggfpXIFruchk05Nva94TaWCBeewxlFKj21Y74fpia4HQsiAT1r3ecKon6GDGoGNvRBH0P2KZpWyEs5xa5UKLNsZmPNyzuE4DsqVEoQvUC6XzyQ4pJI98+aE4LgCKK2NYiP4gmzbMiu/MAqD8R5AuOJ/McFBgoKLBKaJBIxSY3bDGBhloIEkPjzxRiU4fN8UR7NK3AiZzrBtZhqfihCe53Z71ADwwFPhqjGc5Bid0DGfVUBycNptMwqMO7VWppXijKuZ1iamVcOQbNCA5TgDErfw+BpVAdNDcHDLHKOEjPR4VqCVDsJedA85KISEkhJSybEiZYUQ0AhJHOv8718DvgjaU6Sauj1FCD8qHgjjoJSh1Wqh47q4cf3GSMeiYzN838du442HpxMrOQCgWnXxpa/t4v/94jtwPYHr2/m5ta6cVNr45599C//TL/8+fut3HqNaHW1FL0GCBLPBg3tr+Ouf+hhymfPvx4xzcMahpUK3sVFDSR8pJ4VsPo92u43joyMQQi5UnS0ClpeX4aRSOD09Qb1aBmEMtuMshJT8vYQeU1H40Oxiw+irJjZCiBawvn69J1kCAJrNBmqtIljq/DGmVLe91PVcHB0eQQNYuUKD3uNiEfv7+1hZWUEhNDeNlzXnIJ1OgzKGSrU69yjZpaUlcM5xWiqh2WrBtuwgEWQ6hAu5Zt4ftjgTSDm6ilsEnnKea+aBtj1c8SuCxatwET2cn9IRFj/PwizPCtOBwFGplEE5gz0k/cdzXbQ7LZwUT/Dw4cNefyaYxUEaLH5GY/z8b/+uHthSgqkQpTv0QWltisJQsRFLapiFOeSsIJWC77lG7kTIhReOULkBmPdkZFJ0Juyw1oDvu1C6+3lN4snhuQG54ZoWDIuxqZNGZg3zXj0orWPv1Rr5uNCBOagO3mfY5hC2L5h2h8Hk1f59WvYguRGHEH6kCAolcfaQC77rupEixHFSCzFRmCeM4qh7fgOIyDQAIFqDMm48c4Z8FloDrtuJWoQ4t8H52UShaW3zRj5PL0K71YDSZuzcToMQEx8HAC+9+OJY2xJS4+/8L1/Al/9od6oxxfGx77iO7/vITXzXh25ge2O61JXDYhNf+ZM9fOkPd/HVr+/PaIQJEiQYFx/74BZ+9qc+As7Guz/4vgvP6yMjCQFjNk5KFdSqVSwVCrhz587UsY+XgY7rYidIksgXVrC6ef3c+3CC0SFVXyQsO4XG+abRV92SEkJ1gKX0BvJLvQknQvg4PHoKluuatPePN1SgpPU6APM57D59Cm5ZePXVV69sManVauH1b30LmUwG169dG/4kgm5PxBlwg3YVIQRu3Lhxrk/YtGi2Wth9+hQd18X66gqWC7NLdOmvoYAgceScOOmwTgPMPJNTBj5kHt6TiBjzEpnlQu8sW1cazQZS6QwKha7prRACR4f7qNUqePPNN/Hrv/5p+L4IDpHAi3KIX11CcMwQUkqIYNXciTnYKm368/sPYABRQsMiXEhDRARHUBifVzgJIXqUKCFmSXJ4gbRqUoJjgNzgbKT2g6tARDj0xONORnLEESc5fN8DtyxQQuB5feSGNdyEqh+jkBzvN4IjRDw2Nv499JAdMDcWynoTjcIbXeiB4pyzkud5btDm5k99k1Jao92qR/+2HNPbure3h5WVFdy4cWOi7f7y//mH+PRn35p4XGfh+nYeL99bw707y7h9o4Ct9SxWl9PIZ2zYljl+PV+i3vJQqrRxdNLEk70qHu1U8OajU+wf1i/YQ4IECeaNH/2B5/GX/71XJ3690gq+60JIv+fnlFhotjs4PjkBYxR37tzB2upipjT1Y29vD/v7+7BTaaxuXEM6k0lSVqaAhoaMtxvSGhQ5X10Yb025Sihfw9ZL2NjYGvjd0dEBJG+AcHLmeLXWEbkBAIdHh2jUG3j5lVeQv0JD3jfefAPtdhs3b9ycOspUKoVSqYR2u421tVXcvHFzRqMchJASe7u7qFSrWMplsbmxfvGLRoRSCsL3ER6p4RzQsqyhc3Izv1bnLnApDXixRTNKKRizAq81HdVEjJ3t2zEqZtWyAhgyiTGGtfVNAL0Ex6NHj/HPP/1/o91qBQEa+kwiaDGrvGcMPcqM4EIjhADnHFJ2CQAgrkII2kGG5FM/K+gnN1gQnymFMEoO14MHjE1yxBUG0yaq9LSlEALOFpfcAMz7DkkIz/Nh2xaECJjWES5AJLjQeZ4hMbTSEMKoOTzXi8gT3/NAKO0lN/ho5IYZi3mNCL9rz4fnY6iS4/0GQrqKLKVNq5AQcoAAlFqjf9GScw7lyZ7vvj8rHOgmKIWgU7aEqZiBHyE8GKPxB8pkJ1dLfPLffgkcDfyzz+7HJOXTY/+wjv3DOj7/pZltMkGCBJcEAoKf/okP4Ie+7/ZU26GEwkmlwXwOz+9EhZ7SPjJpjls3ruOkVMbbj99Go9HEndvT7e8ycOPGDWSyWezs7ODw6dtY2biGwuoaaEJyjA0N3duaQtrQ55AboQriqokNAIACiGdj7dqg4XalUoJAAyS47Z813ji5YWJWG7h9+/aVkhs7T56gUW9ga3t7dHIjbvzQB0YpNtbXUa1WcXpaQqfdwc1bt+ai2uKMGUXY0REOj47geT42N9Zm0h5DKYVlOxAyaDsJ5oDGY6O37hHCi8gNAOBD5ogAIPx4aACNTOspdUxMdajy9vyIKJg0yyEU3MzizMlmMui4Lo6O9iOSIw5KKBjjUCpozR66lSQmdipoDfhCRLGOtm2BcRat3IaGgUCXAGCMgls2+IKpNuLQWhv/gHM8OKSUZgU/OHlYcHIyavKedRgr6o+XVBIqGChl8IXfo2RgnMMal9xQ3YuAxSdY5Q4SSUIDR2Ngw8AtC7ZtR+yqOeGM/wKhZioSjyIbc5dTp6twbpJIzPMplJJBzKvpw5NCxgxFx1OJAIY1F3HnZoKoBSZ6TsyDg/PFPd7nCXMz6UbK6oCUkFIZBUe/pI4Yg9VQAWJ6JAe9WKSU0bFNg+97Ggi/67/BmBlrq91Gp9PB9evXJvbUKVcqWM4pfP/HbmD/uIWTcuJvkSDB+xkvPVfA3/grH8OHXxucuE4Kyhg4H4yUJUQjl80AlOH05BTVWg2ZbPbKzRUvQjqVwtraGlzXRfm0CN9zkU7nFj4dZtGglI7mYRriQt+NRZqjiJbG2sr2gB9Bu9NCuXYEnjmfiIn7brTbbRwdHWF1bQ23bt2a25gvwsnpKfZ2d7GysoLlcf0/LvhqUqkULMtCo9FAqVSae5RsOp1CpVpDtVY3RpgzIDkIOTtOVkoTJ6ul6qZiSgWL86GtbJ7v97We29H1w9R1HFoDWqvIl0NO6csRvY+pXm3AOQcBRbVaAbc4Ou02XLeDUqmMt956EypIoBm2L61NkkpCcEwApfUgsRFPM2E0Ku5CUxdKAmKDW8+AiWJXYj+M4JBSwo+RG6aNpcuWsrgZJQ8MbUYkOUJSwxBEsyU3RlVuhAy+ITY4uMUDTwQGzhnsIBfbti1YFgfnzFyUGAmKeWokpYQA5PxEkLPHMB3JEUdYJIckB2BIh/Dvk5AbvusCxLS+EEphWw7636aUMpK/vV8Jjl5oSCF6DKGGgVDavfEENzcTP9v9/KL0FCENmTXlxNfzOpHCglk2CKGo12ughGJra1AeOyqOjo5ACHBtM4c/+9Ft2BbH6w8rU401QYIEzx4ICP7Dv3Af/8VPvIa15czstx9GylIWpQUYaKRsDsdJo96o4/joCJZlITuFMu0ywBjD6uoqGOc4KR6j1aiCcQuW4yQtKyNA6l7fDdAKQMSZz18Uzw0AkB2NfHoN+Xyvz4PSGifFQ7CMGlpF9ntuAGa+dnB4CNuycP/FF6+s/mh3Onj48CHS6fRUc4rz0B8lC8wxStZJoVAooN1umyhZrZFJp2ey7YiAgDbEg5BBWqKMlLuhDcCw1hKTmKIubD03PyPRHDMMKAAw0Zxy1ikrjNHIfNQXvkm0CQiOM2Nig58nBMeYCFetQ58NINZywhi4bYMyFrFujJtkFM4tWLYVZbsvOvQ5BIdSypAbMO+dEDrUuXcwceNikiPejhIqDYApyI0JPDfCiCHbtpDNpeGkjNEjYzRIngliP7WGVtKsyGuAULNSH6o9LIsjlbLhODZAAB3a4Ywh6pgXyWFZdrTKNRG54XmG3AjUA5ZtD71pRgqOmD+EHvNPPy779fE/005+QgNSqVTg9nyWEXHg19Nz7nXPHR20xIWfcagsmhRaK3h+V1nBuFn1KFcqyOXzXYfzCbC7t2fOA9t8/w9e3MAPfO8dNFs+3t2rTbzdBAkSPDv4we99Dn/1pz+KB89nkE5n4Pn+RDGFoyD0mgJ61RwWp8jnshBSo1gswvU8LBUKC7/glMvlsFQooF6vo1o6MR5vmczCj/sqoaChe1pT6tC0febzF8VzAwC00OAqh/Uh0vzTk2NI3gJh5FxCxkKXQCweH6PdbuPevXtzUzSMgsePHsEXAte2tydPWRzh64miZKVEed5RsgEJqaTEabmMjusinZo+ShYI1ByByjeu5gDM3JsAsPtU04C55om+ufd5c3xKKQhlJoWRmRRGNYM0zFm1rBBCYVs2arUKhBCoVCpDCQ4No0Q2dZNRoSQN8yMgbMcIL5fxXnpKKRi3eiRCnFuRB8eiJKOMg6gI7ztzjCKi29N1FrkRgnMLGujz5CCRT4MQIjBYDRjHmNfGpJ4bvt+r3BjVc4MyBs4oLNv4ojBuLizNZhP1egONeh2e75njwHch/A5UENFJuQNupUAChU7KtpFbyiOfz0eyOcOOcvi+UagoqS4YkcHZnhzk3ISNYTAXq4DJJQ60kmMdn0oH5Aa0+Xy1Bnec8ydawcHkup2xxrqIIEEbEmV0Iu8cETM640NuHGcZ9obRiN1xmJaU0Jslfh5NAinikm4zLt/3IaVENjv5Smuz1TIKt5gcnFGG7XUH/9Vf/BD+zX/tDj79uUf46jeOJt5HggQJFhcf//BN/PiPvorX7m/g4HAPmXTWtO4qBdftwLIs0EBxMW20fD9s2wHnHJ7biQzeCQHWV/NwbAunJydoNhq4c+cOlpZml4gwD+RzOTx49VXs7OygWCzC67SxtnW9RzmbwEADfeRGB5o2zn3NIhAbIVSHYnNz0LyyXq+iLWtgAUcxiu9GpVpFvV7Hrdu3rzQy+cnTp6jX69ja3p7Or6I/ruOcBcPV1VVYtm1IjocPcfPWLeTmpNq6fv06nJSD3d097B4cYWNtDdnMbMgkSikcJwVf+JH6FzAtJwPkhjahDAACdT0bqX5ilII6ps4I556e68HTGtyyp/LlAGaUsnJemQHjN0JIb3vNs1d9XwEIIdDoTz9hIHR479MsiA2zQjvJYTHsjJ/29WZluYfcAIVlnx1hFMLiFggIhPAjo0sPACWIjFkppdEEBEBQvInxyY3AFDFqS7H4heRG3FeDcQbGCDrtDlqlJjy3hVaziWarhVajDt8XRr0iPEjfhVQCCtyodywL4DYsZjKcs/ksatks0pksbCeDTC6HVCoFSk2hK4kMJnoXSzp6SI4g/lUID8D5MaLDEE4iGaXAGCxzlEITIzfsi8iNYPDx9JCx0S956d9f+PuzxhF3rD1v+xe9j8CvRAgFiPC44SN//kb2pyLmPc7wK21aTkKT4ojcYwzsLHdoziEDQtBzPfhCTGzwGl/lDJVXrmdupNns5PLOZsNMKm3eHT+NnY+vvLCCV174KB7tVPEvvrCDz3/56UyNSBMkSHD5ICD44e9/AT/yiXt46XnjA1CrVWBR00rnuV21mO/7oExFnl+zaLeLg1KGVDobLBB0SfZ8LgXHXsNJuYa33noLN27ePDuuckFACMHdu3eRzeWws7OD/SePsbJxHUuFQtKyEoNpcQ7vIxKaVoc+b5FaUkKINrC6vGnmkzG4noty7Rg8ez4ZEyc32p0OTopFrK6uYntOLSGj4LR0iqPDQxSWl2dnbjqiNCCfy8G2bZyenuLx48dzjZJdW11DOpXG091dHBwdYW11BSszipIlxIQ1SErh+/7QSFStA1NR9KrrR98HgW07UUJiVK8FRPQs1ByTotlqgjMLkg22pYTkhvHj6D0okpjYERFvn6CEwp5TrroIvD2mOxxmgzBalPPAyRddksfidiSXGgU9saJuX/54cMEOvUwsyzZyrDFOKN/3IudhALAYA7uAZKKUBEZEhgmVUsLttHF4cIjD/X3US4dQ0oxVg4AgNKsy0JrBo2lw7YPBjZ3E5rkagGWlkF+7hpu3bmNrexssmMBprdHpGMIinoZxHqaNkJ0UhtzwERboo5IbruuOPe266Ki/aHvzofdihrGxYzXcumlf4mDs7Il5ePx7rgfGOKyAjIj8bGLbJISCW9ZQ8jSOnhx01wtSW/TYBnrtVgMqiLPlVhqEMpRKJbieh1dfeWWsbcXxzrvvotNuY23FTGoYYUhlzl5BabQEfu+ru/hXf7iHNx6fbwaXIEGCxcIrL6ziu75jC3/hh15DPtudWAvh4/joAIWlQqRS60mU6psPhIq1Wdee5j7mQsYjZbVGqdpAvd5EYXkZd+7cmYlZ4LzR7nTwZGcHtVoNS8urWN289kwn8s0KUvX6bmhahiZdYmuRWlH6oTyNNF3G6tpgasrh4R6UbVpTzkLcVFRrjae7uyCE4NVXXrkyJXnHdfH666/DcRzcuH79SsYAmHP/9PRyomSV1nj69CnK5TIsznHn1s2ZXsuUxlBFhReow8Nrq5mjT3ZNkFIGUbLoqrVnsHA/SctKo9WEZdlot1pRTOyv//qn4XmmFhJCmAXH8EMmXR/FRMExIhhjUDIe3yjHXj0/D+aAEgC6BjIXrj4Dg8+5aMV72OvPel7wM0oNs+d7bje6SHjQYygIemJFA2YwHlEUmpWGvbPTkBt8FHKDUdiWBccxLTbVagUnJ0eoHB2g1Wyg3fHhag4KDaolfGKDQYIoAVdTcKLBqYKl2hCaQGgGmypoYkGBgmsXiljoSAqUi3i3XUPx8AmWN7extr6JpdwSHMeG1gq+L6HOMMyJY7iSY/QI2UmgtYLvBeSGGyp4hntu9MOZEwl4VZBSQirV0wJl21bUH+n7JIh/ZgM3FhFrA4kTIUKIXtXGGKolRilU4PkTbQuAGpLOcha01hG5AQAkpuDIZqYzAmw2m0g53WKBnqOmkkrB5gqf+J5r+MT3XEOtIfD1b53gm2+e4M1HJZRqSfpKggSLhNUlB6/cX8cHX17DdzzYhMU8bG5dG7gXlcslZNIZs8IYmJMDXaWmHbtGeK4HKQSkECMpMMcBJRSpVBrC5/D9jkm4IwSry3nY3MJppYpvvf467t69i5WVlZntdx5Ip1J46aWX8HR3F4cHB/BcF6sbW0ilF9s4dZ7QML4B4cxEoQGQwdbYRSQ3tNSgIo3VIZGw5dIpJGmBnkNu9KN4cgLPdfHiSy9eaZv8zrvvQmuNjfXBlpuZYERpACWXFyVLCcGd27exsb6Oh48e4e2dJ9haX0MuN5tzcxi50d/ib3F7KsLTpEE68FxTm3meWaBTWhtV/hSn0DgkR6PVRCqVRjabR7vV6vmdSZYRYGxQuWHKWp0QHBdBBYZ+SqlYnrDxlWBs+jgdKVWQiBAjNmAOgIuK9MsEIYBlO/B9N0byeABGVxD0kxxh721XTjX+xUaIXnIjbmh5FihjSDk2uMUghY+T8ilOT4sonxyjXipCCA1FOOKnIQWgQaGJBaIlFAiEAjiVgObB800LBwD42sQXESXhu214nTYa7Q46nge/3Ya3tomV1bVgtUjAhx7Jl+NskmN8T46LoLUO8rGDgp4Q2Jb1vo2qC2OAtQaUEpBC9rTfmHNCAEJEfh3GGFYjbO0J03lCWJYFz+9ug44pA+TcgpRdRY/nGp+YUaWJUnZd5UP/DSElfN9HZop+1Xa7bVpoYufiWaSl53k9cdoAsL5q4c/963fxI5+4B0ooDopNPN4p48leDQfHTRwWm6jUOqg3fHQ8H0IgaW9JkGBGICDgHEjZFpZyFpaXUthYS+PaRgY3r+Xw/O1lbK93CdBWuwMnlR+497ZbLSgpYKVSZgGHmnsIIUYZSiiD8M09hlLWs+jh+yJoW5ntPYdbFhi34Hsd+IGPVi6XgmNzlKo1PHr0CNvXruHWzfmt8s4Kt27eRC6bDVpW3sbqxjUsr86pmFxwqB7fDReg9YHnLCK5AZjWlM31QXKj1Wqi4ZbBM8NNRYelplSrVdSqVdy4eROFpckNwqfF091d1Go1bG5tTee7cR7G8OQAgEKhAMuyUC6X8Sjw5ViewkT9PGQyGXzgAx/Aw29/G4fFE2wohcLS7H1QlA4M9YN2cNu2IKQAYWQqksMQwk7gy2F+5nk+PM89M1jgIozzikargVQqg0JhJVq8C6G1hpTCGFX3v1ADIBpaJwqOMxGuNoTeEHFJ+iykOlIpyLDvHoPExjATwquGKa4d+KLf8HJ0BUFIciilYds2hDAGrpY9fi69kf0HK+NaG+n/OePQ2sSjZrPpKHKpXq/i0ZvfQqNagvBdEGgo4kASC5ZqgRBl3IzRgYQDSS04EHAVgasJGCgY5QBhIMoHgQ8oibaisKiEQyQ0CBSx4PuAOjxAo1xGpVTCy699ENlcHum0DctiaLU6kEJeyI4ONx6dzJPjPHie1yU3gPc1uRGHcbc2q4sqiGpVSvaorsx3YsjL+GfWT2CE0rroe/T9sYi+fsNR27Hhef7ILV5x5VCo3gh75KdRcDQDtt2y4v4bw8fDGIMKjIihEfjhcJDYzfnaRhbXNrLAR8y/4y0/lLGx23ISDIfU5h7UkgRSAS1h1kakVmZlPZhAhi1WNDj+zppI/dTP/LML9/m//v0fBWBWoTilYJwb4l+afyutoDV6/BkoAE41OAUyXIMR4KIFzlk4ug9Dp9OBL30UCqtIp88+ZyqVElrNJrKZzPwUd33/voxyTkkFpQSWlgb7/KvVErLZnLlOShEtP4bzAEYpmGP6vkOyVgi/a3Tn+UHiCg2Os9m8I0IA20mBcR54dwlYNsfWxirK1QYODw4iA9L0jKIf54WVlRVkc4bkKBUP4HZaWN+6MXPT1kWGDH03CKCJBuhgQtciem4AgOwAy/mNATWBkALlsvHd0P3K7Bji5EbHdVEsFrG8snylnjKlUgmHBwcoLC9j6TLMTce4uGcymYjk2NnZQWdra24eJZQQvPTSS3j89tsonpbgC4H11dmqw2iw8Oj7pl4N55Ke603tnQGYWoMQEV2XDcnhweJ86m2f9bU1mg2k0obc6IfS6mxyI75h6CQmth9am1VNX/jmohKTjzPOYZ+RJzwqTNSskWFqrY0kU4aRndzI/xe4iIyiS4M4y0miSyntRmRSSidKpeh6lZhJUNzX4CwwTuE4Dhij6HQ62Nt5GzuP3kCrVoUrAak5qJagUNBKwtNmJYtowFUMRvIkQIgGgwYlBIraINBg2gMhGr5iEJrAphocGgCFT5ye5wjN0fEUGuVjE/mWNhdcEyOrz72ZhRgeISsxSYTsMHie20NuzOJi9l6EiVGmUfGlAWilemK9wu9TCgnL6pqGag34wo/UC0YdokHIeLGvYQQwpTSQ7SlAqZEUYJ7XiZQPxtCUotFsQgqBGzdujPlpdFEsFiGkQC5rigNKGKwzVnEopQGZrIJ4bSsyOz0LhFAjT+QmgpoytpCT12cB4eWmo4COJGj4BB0BeCo4TmGOc8oYKAi0VlGrlomwU1AapnglBFqb1ygAn/kXb1y4/z/3gy9CBM7vLLiG+74ASLg6ZWDMA5UpcgmB1ARCEXgScCUxM6ULiI55HCGcc1iWjUajCtd14aTSQwvxVCoNJ51Gs9GE7/uXQspdxhnRbDVQWFkbaK2rVEoADDHuByl0lm28hay+9x6e75SSgPwhUcR8GDMvpQS0aS+dFSgN/Y7MvVRDI52yYVsc1XoDR8fHsCwL2TmlL8wKjDGsra6BMobT4jFa9Rq4bb8vUlaU7vpuEAAgFWjiBTVOl9RYxPuD8gEbeawOUd2cFI+hrA4II5GnQD/i5AYAHB4eglCK+/fvXdl8reO6ePToEWzbxrXt7SsZw0W4zChZAFhdWYGSEqUwSjadnvm+TKsGAjJZmUXcYIH+ovnURQjnmGHalZQquB/3tlyPi2EpK41Wc4DcUEqh2aij02nj6PAQjx49Gqmtf3Er6SuAaXVwe6IabccGZwy24wS9R5NdJJVW8H0PvhfEmLpe5GnAGYfjpJ6ZSNnQ0dc4ohuJp1lRnSwtYzJyw+zL83xQyi4kNyglcByjlBCei6O9Jzjaf4Jy6QQdX0IrbUxEg0m1go7aUhSxjLIGCpQoKHCAGB8OitDHwLQhEJgbKqHmOQAGngMl4LttFE9KONzbw/HBrmkrsKxAvjvaMRYqOUIFgPls/AE517jwYscoAFicJeTGCKA09HUx0cCUsYDt9oPjtGuEJKWE63YiU6iwTcuynYk+625rllGPKODC42DQf8OcQ57rTgg31dkAACAASURBVNWeAgCtdqs3HvYCZVG8136U49cQS91txj1OEowOpQEBoCYIai5B0yfwFIE6ozSmzDizhwa4nivg+cY40nW9oK0AkFpjhIAoAEY1olRw/GkCz5fQAHioyNOGYLUsDqU0vKB1AQgc1DWBrwhOmxrV4D2IS+5WooQgl82DEuD4YA/1xuAKMgDYlo3NrW1kslnUajV4vjf0ec8KPM8Dtx2kUr0qB9/30Go2kE6loKTsMb/rT4gYBs7NnCg8x8PXCiXhue7IxtyjgnGOVCYLx06DEYZMJoXrW2tIOzZ23n0X77z7bkRELzKubW/j5ZdfBucUR7vvonRy9J5u3dPQfa0pTWja9d1YRFIjggbgcqwN8aeoVsvwUAe1Rh//cbGITqeDO3fuwLauzih3Z2cHQkpsbm5e/s7H/LpXV1exsrKCaq2GRw8fotFszmdcMFGyN2/eQKvdwe7+IVrtQX+YacGCRXICxGoCERmGTrXtoA42dgKBVYOS8Hx/wPpxXARrE5HnxjDlhpAiUPoxjPpFJwQHEGSyu9EqQ1hwUGoKDpMDPNlHZZQOfuDebSZloZ8BZdxktVuzdwy/DNixIg7oJR7mhUFyg14Yj0mZSb1xAiVOo17HzsM3UD49htJGYQEgSELR8DWFrwCbmL5gSW3YVINRBR08XzMLlBFY1IfSCq4i0IrCogo20RDENr4cRIGjA6lk9BwGH0z7EMTC8fExnj5+C+1mA4QSpNIOnJQzMrvbQ3L0kE2TFXwRueF1W49mafT2foBpYTFtE47tgDMGGnhvaG3crv3AbC+a9HNu1EVTsvpWbBVVCHHujaenPSXw35BKTW0w2nEDn57Yecno+ccQ5xyIeb7IkfxoYlG7ShpiMvBMSnAxPAXUBYlIARnlRA2HhiFElNImIplZAKGQCnA9AaUBX0i4vgsp9aDh9RnwfQEFU4wIpSCkglSG+NCaBOlAgFaIWhBF4PIeFrpCSggl0ez4KLUVap5RoiiNkYmWWcC2bCwtLaHdbOL46PBMAiOXW8LmtRtQGmg06zMv2C8LnU4HyyurAz8vl8vIBIlJ8fMxajMKZ7TngBACy7Jh2d1JdUjeer7f4100K3DLCoiOFCzOsbmxgkIhh5NiEd96/XXU64O+DouGfD6PVx88wPrGBiqnxzjc24HvvzdNmnvIDXjQ8daUBSekREtjdWUTrG91veO2UWucgl4gvomnptRqNdSqVVy/fh0ry8vzGO5I2NvbQ61axebGxvx8N85DXAowYk2Vz+WwtbUFpTUeP36M4snJvEaHtdU13L93D5xz7B8eoVqb/fWEBnGv4QJ02CXgum7PgtZk2w5V8Kx7PVYqqhumQfMccsP12ui0WwHhPXqx/L4nOLQGQGh0Xti2BQIKy3Jg29MVHEIIuG6np5UiKsptI4Mc5oj7LMEO5J2zZguHYZhyYxSZLw9ORq01jg728PbDN+H5LhRs47WhPUNASAalCWyikKYahGow7YPKDjqKQKjusZAtrGDz1nPYvPUcCoU8HAoIakPCAiEmXaV/m/3PsVUHTPvodNp49Oa3UDw+AiFGaTLOKn5EcvQoaryxC71h5MYiesE8SyAk1noWfJYqphALJ/GjJqdcBMZZl2En5NxjIG4wGkoYPc8cP9kp8upbwSqIxbvnC7ngOAp9Tbpju7h4iaTqwUS23e7MZXX3vQapgbYCyp3eVpRhiJMaWgFaEShtiAMd+FFZnIPCEBV+0GoixHgFKA9ajGTwesviYJSBWxYIMy1LjFswscwmRtQQKgJSiojQVTCr/PWOj5qnUfEIOupySQ7A+Nc4toXT48OoVaMfjFKsrW1gqbCKRquFdmf2K3rzRLPVRm5paaBAa7YagJawgpQUhVCBMdiaMgoYNZNqHnz/xqtntFbOScEtG+lMHrbtYKWQx9bGKnzfw5tvvonDo6O57XdWoITgubt3cefOHbQbdew/eRv1evWqhzVTRL4bIWj3/YU/X1SKQ7kaufQq0n0LCVprlEon4OnzRx4nNzzPQ/HkBEuFwlRtpdOiXC5jf38fS4UClpaWrmwcAMb+4h3bxtbWJtLpNPb397G7tzufccF4gNy7dw/LhQKKpyUcn5zOfB+hyj7sCvDcwE8vttA+3fZjdbHWYGMk9w1Du9MBt+yh5Ean00b59HQiwux9S3AobaSuQgjQwM8gnCgTOl1fkRASnU6npxjvqg1MG8KszLIWAeFk1HO9yOBw1iSHlLKP3CAXKjcA0zZgyAKNer2G05NjlE6LcH3TN06hQeGDBvG8pk2FApQF/yLG3wDGJNFJZ7C5uYlrN27i2q3b5nHzNja3tuE46W6vW3gBIMZgNN7SooLecUIENAhcgWBcx2g060FRzMbqNY5IDkYnalcZIDdGSKNJMB4oIRHhEUJrPfNezEgCHhj7nSWt7rnRBWNwZ2Qwalpmgr56wka63oWeIZ5nzJflBUSFUdUR2I6NRqMRmRWrqB0sQT9cCTQEQblDIWF8LIYhJDYGSY3Bz9UoHW1wxkHQJTpGLUAJ0O3rRczANCDFGDXtSIQQ488SkBuccaOI8gSE74MzCssKWlk04PoCdVeg4QK1UM0xwWc2KTjnWFoqQPo+Dg920W63hj4vnc7g2rUbsGwb1VptKgUSwViLlxNDSgkNhXx+MIGgVqkgk8kao/bYNYYH7UaTVp2hyg2A8Xq5BCLTshxk0nksLeVxfWsd2WwaT588waNHj+DPQUEya2xubuLBgwdIp1Mo7j/ByfHBe6JlRaLruwEAoFVo0r3mxD0rNKY67GYOLTW4zmJlZW3gd6XTIjTvAGy454bWuofcAIDj42MwSnH37t15DflCeL6HnZ0dOKkUNjcG02CuBGN+4WGUbGFpCaenJTx89BAddz7KJ0Yp7ty5g+2tLdTqDezuH85HkcZ5RCqHi5++702ltJdKdWsx1zMLDlPUCp7vQSk91Iem02mjdHqCXC4/EAU7Ct6XBIfwRbDSJ6MCIJyMe6430uR6GMK+epNooaOCP3S5fS+nUMQz62dNcgjR3Vb387yYzTMJE6bQ8n0Px8UD1Cqn8F0XHUmgtASHC0CDUw2HmcQUSbhpW9EEinBIZiPFgbTjoLCyhvv37+H5557H9e2buL59E3effxF3772E5ULOkC6EQVAHjLKedhVCFBjcWLsKgSQcnuYQbhuVUhFHx4fwhQ/K6NjqIVM8W339dxeTHAm5cbkI0wDi39EswagxHA3NkYd9/8Z/o1t80Jj/RjaTmap3udVs9njijKpGiojmAHKEQi8kojnnZrU/GPcoBlTvNzQFQUOYdpSz0Ets4ExSYxhY4M8Rqr5CNcfFrzPHSlxRZNq6zng+pbAsG1IDlHG4vgBhxgSNB9uKiA6l0fQEah2JcscQPJet5kilUshmc6hVyzg9OY6S2fpRKKxgfXPr/2fvPX/bWBZs319VdTejSGU52zucjPvwgHm4///3h8EDLuacOTMnWd6yZSVKohg6VHgfqrtJipREilTYHi/A296URLbI7uqqVSuQpFnZQvRc0R8MaK/PsqaclR7wLL9+S7+2GWWn3He16a/vkbXvUXjMvD2u0Wzxcm+XzY025+fn/Pkvf+H84uIRDmA51Ot1/vD7P7D34gXd81MO9/9FEg+f+rDuTTg4wI2F7DgxxAp/vTzrzI0cZihnLuauel0G+hIZzf87nJyeEscxHz58oPIUlpAcHz/uk2XZ0+Ru3IZ7sL3tdpvtrS2SOOHvf/sbV73egxwawN7eHh8+vCfTmoPPh/QeYNz32RlVr/AeU9r7IoHFrkLrLFk6thaT8s78w1ufz1jiYcLWzvR5U5Aba821ewsCvrnV9m3yG7+IS9HWTPjfvYrDS1+LMAyzwKLDOu9ByrLUN6OMKTbCX0EzyqoQhiNLQ0FypOlyDKivkc0vqCRF5pL+eSCk8PWzwjHoX3H6+YCrqwFGRlSkI8RirSA2isRW0FRwTmCtf02Ht6hUhWFtfZe3P/6On373B9Y3NiaktpVKhY3NLX7zhz/x+sPPNNtbRGiUy/IMFl9D55wkwxMfhQVm/LX6F+ecH35Bp2lua1iMECvO7yJHBsjtDzcPQBPkhnPfyY1HwnjmhDHmXoTqTdDaUDxdVImweePFOGblbzjnfP7GEvaULMuIk4TKBMEx//k0XnPsczVuf1+EkHS7V7TbbSpjVdPfbSqTuEwFQ523jczAtGLj/guQIn9mXoJWKYnWPli0mCzdRYoVlpQsDxy1xud1CKl801lOlBXPZ6zlKtFcDi1XmcA8MsnhQ0ibSCk5+vrlRrvAeAjpZbdLsuT98yGQJAnVao1qpTr5eJoQDwZl3WWgRhXYRbaOrzZPlhzvRufwY6oRRO5t39vd5c2rFwgcf//b3x5Uzr5KvHv7lp9++gmtEz5/+geXN1inHgvW2Hsp7ex4PpPQOHmz9eaxFE3zQg9ho70zNYdNs5SLyxOC2u1HOt6a0r264vLigpevXrKxsdrq0UXw5csXLi8u2N3dfVKSZSbGpTsLnAT1ep0wijDWPrhNu91q8/PPP1Or1fh6dELnYvVWMiko16HFxnuRPbnIWJylGeDnrcK5uddiN6HXv2Jze2dqrpBlKednp6ytrSHlSIm1KL6ZlYy11vs9rUWMtRUAZfBcMemNxibCUSXyH7azBEGASUc9wiav37wJzjmMGQU6FuyYcA4VLCfb+bUiGAuBK/uY0+RedWXj6oMRWxjNFcgqpCBQvl2ld3XF+VmHwdUlOtVIZBkYalEIZxDCAhIjInCGII/cazTXWFvforW1x87OLq12a6qyS0pJpVrNE4YVQRhxefaV3mWHfq9PgEHll6dvZvFSaQlILIEAK0KSJKPfveDs9JStHUm1UkUpPVd1rFfMZGPEnSAcazuYhSly45mds37h7xturC1sB74q0lqHc76euIDA10cKcp6y+IwEiPKdl3mVXF4BLMZqMIXfERT5gCoQ+Xm0+vfEW6eCcjdXZxmqslyln3UWnWXlOFd8rlIprl80xo52y0W+GExST9Aua08BiMbyN+QCE4QijLUcg7VG3nITlUqytbXlqwLdaHz3Y7r7ZqyA/36k+Le9+6lSThOBNsxsRnGMdsGdFfmCcflFo1fPzXfdWGcnVA3z5NFIJbHa5kqNNQaDASK3rog8wFsq5Ym8/OmyTDPUltRYEq3YrAmCRz49CiVnfzBkMBiwsbE5897YbLaoN5qcd87o9a6oNxr3DjpfNZI0Ze/ltNf/8vyc+tjYUWSNeXupLsejqBJh0wSrlFccLniNSklJ4PoB+3E/RCEErVaL5lqTw69HHH45pN/r8+79e2rV6t1P8ITY3Nyk0Wyyv7/P2dFn0rjP1t6bRx8ni/wMZxxOCdSc5/b13A0nLpl3vHrqO4FNHfVwnWZzOp/i/OwUVZ2cz1zHVO7GyQmtdps3r988xOHOhYvLSz5//kyr1Xr63I27sMBt7fLykjiOefPmNbVa7e4fWBLVSoWff/6Zg88HnJ11SJKEvZ3tlW+MR2GIEYJsbH2WpQkuiCY2l2bBb+CPlN5hNN9a7Cb0ele01jdHtsMxdE6PqdfrE+PSfV7q+axm7onr5AWA0QYZen+u1rqcPI2IDUkQBDhnSsWHznRef6dGiw6tbyQ4Mp1NSKiLD11JvwP+jcyr74WS5MgnNVEUkmUJYTj/Ai7LkrJJobClzEtuwGSN5OXlJUdfj9DaoPCfkwNvPxEBFTSIFOsUmawRKkFAipCKjd2XvHr/E5sbG7eSXQXpsbW9RavdorO5yed//TdJso8qF+O+qSWxEu0ECkEgLdIJMhERkJGmKQcHnwmjCrUXNcLIL4LdLVuOWvuaxhG5IYkq4a0T4pmBos+E3EiShDiJfd1qFCGkREkfYuT/LZFKTfx+zuVLM5dPgHJSyPkv4gqpfUEW5f/vcBPfXz6e/782hmHcwxqDUhIpQ4JA5ZXR9/v9fJNKWnrIi2tEa33vz2CCDMzrpyWgwnDmeTuh4CgrP/1u8TIVsYN+HykEQZGjIOTCC5ggCMqwU2MMQeBufA4pJAZbjsXF+SyFeJLFzyrx70fL7xwdD/P8jBlfszm74ZxcGbFxH5h8gyAMA6SQqDmSt5UUqHwTosh5UDlD6fIA1CK4ViqJ0ZowDHw2iBBoFBepoxE4ak+Qo9yo19BGc3ZyTK3RYH2G3UMKH0I6jAdcnncIVEit9rQL6P5gwFqrNbUg7vW6gJs5fvkAOlXOxcrxzhiMsQRBeOfkehzlWCDEgwaN3gUpJK9fvqRRb3B4dMSf//xnPnz4wPbWdLbCc0Ilivjtb37Dl8NDPh8ckMQxm7svqNfXHuX1rXMT+RnOOIy0dyq+pn5OdHHi11Gz7IxD6CqbL6atKefnZ2jZR8y4BIrze1y5AXBycoKUgvfv3z/I8c6DLMv4+PEjUaXCznPJ3bgLgjtvc8PhkMtul+2tLbY2H/dafvP6DdVqjc+fP3Pw5Ss725srJ01VECCk9E1U5dwzBYIbNxe01rkif2RjX4Z86Q+GVOsNGo1ptfDJyZG3uq5gPfI8VjT3wE3kha/E0UgpSg/o+NeL2kshBM5JjDHljp+fTAeYRN+o4vBNHoYirqycUEuf9fCt7Bgui1lKDkjvlDQ558jS1Nt+ioWaVHMFio5DIKlUvSQr7l/Su+yQuACJQ1hN4iRSGAKhQTgyqzAOQmKCMKTR2OLF6zds7uzlMqn5L2alFOvtNvLDz9QaTY4+fyYZXPmGGRGhpCV02ltUiDBCEroU6TRaS87PL3gxTHJJbEgcZ9wUj5dlk9fASOVy83lYkhv5+/tcbCkFsVFvNHmx9Xaha0nkyo2Zs4QVIctSsiwjTRN6gx5SyHupHYSAUClS58ZIV1GSM4sQAsbYPOxubDwSAiXVjd5I55jYMZf5exYnCbVabSlJZq/fn1DI3adieErFYfStu/pKSYyW3s7iHEoFS/lCnysWVXF8HciZtEWp2siDQ586fs86N/F5Wcfc7WJKKRAKpa5bSj3RYcEHPY8tjAr7Smq8fEtbWAsf/z0IVECr1SJOEr4eHtBe36RWmx5PatU6tZd1Li/Puexe0qg3HnS89nzv5P1GCJlnpIipHWjrHFeXXVqtmxfIPgQ7QLnAN+yMqTm0TrFGooJwrnB3n+Cft+ZYx1MXfa23W9RrVb58PeJf//wn/V7vSRee8+LVy5c0Gw329/f5+stHNnZesLH5sAtVh5sZDuuswziDULLQWF77OXDj1hQZY+ktHDzoeBolhxnCzvbO1L19OBjQi89RC4gETs9OGQ6H/PjTj6Ud7Cnwcf8jWZry5u3bX0X2SYlbSA5tDJ1Oh3q99mSNNNtbW1SrVQ5++YXPh0fsbG/RXru/bXgWvLqugs7SiQ02a+3U+sGYUagojDbx74skSZBKzmxMubjogHVEKyJ1fpWzwELy6PIdumJCXQTrpUlaJlwXQXtS5jfQsYVqIaPVWkOuBKlU/IdX7AplmS4T3rVOS0Z1fKew7Hb/jgl4lQxjuzZwF8nhrQj5jSxXRYQLXkxCgMq1x8PhkHgwQCcDhBi9buHq8jJ2h8ChZECtVqW9vsHmzi47ey+pNxoLV9vJvNauvbFJEIYoGXJ+dkL38gKbZlgzsqj4vcZiwemQ1mKSAfGwR5IkuW9OcEMunX+Ps5GX1VqLNRZ1w47YhHLjGZEb/cGAMIx48WoxYuMxEYYRYRhRr3uFw9XV5b0XHFIpZP45eGJq/mwZKOwoGmsn7XFSyjLE9MafHQtzFGJkX0mThK0ldh+1MQyHQ9YaYzL1e64+AqVIC3WdNiUpfRNUEGAzT9gZa1Du2ySb5yE5upmgd0OQqCPP2VggPPShUTSvgF8E2ywlCNRU/ehNUBJaa7NVR845jDZY58c+ATBGpqRW5EovQesJSA7w8uQoiuhentPv99jY3Jr5u7fbG9TrDc47HZ+Vcwe5usjZrzNNkqfrB0E01eBltCZNU3ZfvJz62YvzM6rV+RZaMq8vLCzFxbgVRSE2S7A2mON++zQZHLchiiI+vHvrax+Pj+n1+7x//57mEmq4x0Cr1eKPf/oTHz9+pHPylSQesLP3CqVWU1t+HdbYkSVOaCBGOL94cy7/upy2rFhrR5+00Fhxea9WheIn7hHLcG/YGFprO1OZNcYYOufHBA1uVRqOqzd6/T4X5xfsvXjx6OqCcXw5POTi/ILtnZ0nJVkWxvhwMYPo6HQ6OOd4+/bdYx7VFJqNBj///DO/HBxwcnpGmqbsbE2r/JZBkcuRXRuHkyQlDD3ZbPPcJFhNqGimNZnO2HsxTR71+lck8ZDmDFXHInA5jSn4lREc3o6Slbsx18kLAJuHchVfE0iCMLjRXhAEIVqbkhgpZOLGGNIkzTM6kklfO+ShpGruhoD/qQjDALJJkkOQjaosr0EpiXN+VyeKwpysSgkWqNYVeWCs1pqL3EvnG0xi/3UJFSyJkSROoJCE0hJGktbWHm/fvWfv5YuprI1FEUUR4cYmrfY6Xz634NM+9uSAvjW5RUWiZAZWM7SKUEoiYQmIiQdXXHa7bG1uEuRe8lnBiUU9bDbGxGY6BaIpkuO5tqV4m5hg4wlv2PfB2lqbSrXGeecUlemF5eOFFWPezJ8CXkU2qkwGf6/26rS7f35cvVEEjKZpinVuaXsKQCUaHcN9FBzgx/QiECuqRHeqOJydzN8obIq/ZvzbnlnYpnKZCQY3kBs2l3M8dovIXQjDEGss2hqyzFtJtDZofC7WPJaVm2DHqkrTJKNSqZBlmkCqcnzMnMBph3OCdvQ0b04RQppmGUeHX1hrtWZWsIZ5CGmvf0X34oJqtUp0z2C/NMvyykBDpVplba1N7RbSZFaWVpzEJHFMa20xe0ORz+HHspFi9rpyZBbG23Yep0ZlfuxseUn54dev/Odf/sK7d+/Y29t76sO6FUpKfvrxR5qNBp8+feLzcMDm7iuaM86/ZWCcnfy45BXWDRFkSNrgPKlhrQNh8+te+Hyla9aUZQuf53AqrAROO0LWaLfWp752dnaKqGZzkxtZlnF8fMza2hrv3r59kOOdB5fdSz4fHNBqt1lvr/YceVRcOwGKtcK7t2+fBWkTBAE/fPjA16Mjjo6OSNKMve2tlatTwyBAgs/lyOdbWZbgXJhbmcdCRefIx7oJ1jkGwz67u9MkeZzEdC/OabcWO58mPkLnSsJb5EF7v5oZYHEjHFdszCIvTFmPKObOFfAkR1q+jlL+OQtP+/iiEJ7PwvDXgpLkyCcm2mic4MaLJQgUQvhFexECq7NsbpJDqQApBUYbLs8viIcx1goSJwmEIxCUVhHlDFpGKAz1MOLVqxe01r0EdxWyu4Ik2dhYR2dDeudfibIMJWT5ulJm1LBYEaAJCZxv5ImTAc5toAKJuKXacR6S47mSGwDDeDizchDyHVhryiYQZyzGGf+3NaWlo/zj00MnHoP8b8HE/xe2ljKcVIz+9hmld3/+URixt/eK8/Mz+oPBQpYVmVtJCsKhUIvdhCkV2ZiFK1wg98eOWfdEvlNb9L2vImC0UFwpoZa6hpRSJamntbk9fDJ/mfEaNGONV0B9Y0qO66RHoegomlJmTdzLhpRHOL5FIYRABQrh/Jg9rubQOsNJiZSqTFNfBHZMiamtoxF6y5O2BpMagjyjQ+ckB0LQfiIlB0yHkK5vbFKZFULaWKNeb3JxfsZV74pGvTG3inQwjDEmo1Kt0VrfnNpZvvHYZhzH5UVnqTFDBT4MtsjcsXOwb1KCn3c/F/3GJJqNOj9+eM/h0TGfPn2il1tWnsv99ibs7e3RXFtjf3+f4y+fSDd32Nx5sZLndriJHDEnejji/J4bY12GoIVw/lx0zqFxSCmx139OPL9moZlw4OJwZu5Gt3tB6rql0ngWxkNFwVfCOuee1P6ktWZ//xNhFLG9/evakJqJnOkaDod0u112treftJFmFl7s7VGpVDj45RcODg/Z3d6mUV9t8GmRy5FN5HJMbqItGyp6dXXFxtbO1DxOG102piwCl/93FsddxK897xE3R5pl5USlIDdUEMxcIKsgRFqNUvOncweBwhg5oeIIw5GKo/hUvweI3h8F61juyOaLrJtIDr/Qy0mOfFdWZ9lcQaNS+sWjdpbBYEiajXa5LYIsP/mlcEgcxX52ECha7Ra1Wm2lliMpJbV6jbW1lleocM0L6kb7EQIHwlfuDQZD3wokpA/Ku6UC+TaSw1j9bMkNYwxCKKrVyQHbOsdV94J+r4eUBSEh/R/pG098yKgAZ/3754MFygHP+icqrWzjDC+Ao1jx5UOlHQWMFnc+qSRKhkSViCi3qMxSH21sbHF2dkKapUQLWE3CMMAmZuKmcv0GYJ3F5rY8uGZHWUDZBHn+hpvO30iShGqlsrAdaxz9Xs9XteaHc197SoGCZC7GjNtCWKVSkFsNIR+yc3vCr13JcRf+/Ugx1AJdZmrA77f8Z+wtKeNBos8XUkhkKDHGYowuiQ7CAGMtSqmF82GCQOEyn/GRpr7LytudvO0iMxrpvFXPCMkw89bBp8jkGEejXsMYTef0mGqtzsbG9GJCCsHm5jZxPOTiokOQWyxvg29kWWOttbyq4OrqEoFcWsVaBAIX1/ld8Koz6y/yZzoZU0rx5tVLTqtVjo9P6PX7fPjwfuEdysdGo17nj3/4A/ufPnF8dEQSD9nae3WvFrxxTJIUKU5eTX6DMDhxDraFcF5F6BxYbcd+Lp7+uSXw0GeOHsLWxs5UC1ucxFxcnXhrypw4Oztj0O/z4YcfHqXV4ybs7++TxDGv37x5Nq1OyyLTGWdnZzQbDV69evXUhzMTG+vrVKtVfvnlFw6Pjtne3GC9vdrWmiKXIysyksYQLhnD0Bv0WGu1qFWnz92z0xNq1doC51NRAjBqHRqt9fPwAWdxvxYFR6AUqbVEUYhAEt7SEKGkBLm4ZDMIfV3OasQpwwAAIABJREFUyMPt1R+Z1nP52r/jboRhgGPUGmG0RnBzneAskqNYQN70URTlCQ6/G5RqX5sppSttKZmDOglCejIhIC5LXMOwgrzB+22txeW77UKOUoRvenzydwn8wlhA5iTaQZ0UKS3GCRIrCaUhEgYBJHHKoDfEOldWzN6Fm0kOniW5ATerN06OvxIoRfsZVI9ZZ9Ha0Et65c7nrAXH+sYmR4efFyI4gHKcAb9DMt4Qo7XJmfQx1QbkHsnFFxZ2vB5WyFH+RprSXkJu6pyjPxjQbIxuYMsSHJCTHGUWxy0Eh5BlBlPn7JzNrY0ycPrXTErPY1O5Tm4UGOVtiEcnN5ZptyjainxNtC1tK8aYPFRSLWRbKdpTYFRBa7T26gHhfcGp1Z48UYpeJp6c4AB/z2ittYjj2IeQtjdnWkiq1RovXrwuQ0jr9cbM3KoRubGaRXYcxyuTSwspS5uZdfbWya4QkzlqzxnbmxvUqjWOjo/47//6b16/fv1sF1HjeP/uHc2mDyA9+Pg3tvde05oRCjgPjJusdkV0b/xeJ7tgU3DrCDf22QqbW1NWi4cKHXUJNCsbZV7XODqdU4La7HN3VmtKr9/n/Pyc3d1ddran1SCPha9HR3Q6HbZ3dp59HfLccHDeOUcIwZu3q6nbXTQofl7UqlV++5vf8MvBAaedDnGSsLezs9K5jcgzkrJMl4p7Naf1+SYMhzFRWJ1puTw7OyGYI9fDOX9fcM7lKr88Z2O8RlaMvrfYoHw+K51bUCwYC4bfrXhUMtZi9ChkJU0ztM6IwhAh5XdiY4WIwoA0Y0oGtcpFt5DSp7E7g8uGOJPhnJxqMMmswjqIpEU7ydDJW5cBn/f/ydfP+wC8ff8TL95+uPXxmxAJO9OikjlBYhSRtDidYbMYnEWo+cm1WSTHcyU3/HUsp9Qbw+EAnHsWPkjwi+colERhCFSJ45ijr1/Y2NqeIDOUVKyttRkMhtQXkBAqpTBjgaNGa5wK0FlWetJL1Ub+Gd53TJpQAQl/LmSZb5BahT0lCsbzN5YnOIIgyAMO784pUSrA2pTNrQ1AjBR5Ri8cVPxrQWzuIjce35ay6ARv1vcXAeDSWUymr9lWLFbIkqCYB2HowysLYkRFIcZabH5uZHnVtrW+Se3rQPKivpzPf1WoVqtUXIVu95z+oMf6xtZMJcv1ENLm2PXcHwzuJDeccwyHAwaDvt/syRFGFba2phsgNrd2ODn6spLNHyFEeZ466+CWoaPkN9zsRo7nhka9yo8f3vPl6xGfP3/mKresPJf7203Y2tyi0Wiyv7/P6dcD0uGA7RnhgLfBTllTujhxvfFoBOccyBjBKc62gQjhwIlLEPM3SD0lnHFIV5+ZKXZ2doILhkg1Z+6G1pyenNBoNp/UmtLtdvnl0yfW1tZ+3bkb19A5PydOEt6/fz/TCrgojLV8/PjR270eKGD47Zs3VCoVDg8P0dkXdra3qKx4LAnD3OZv7VJzpzRNscD2jGuh273AaH3rvNM6hzHGN2tan+EzUnQXzYmFiqMgN3JFtiuKHJ4xrKO0GBS/yHgLwDJweWhpNpZPUISpFBOh7+TG6hGFQRkgCKB1Vsrvx2GMmUzwhVvVGx6CQEk/YbIOkwx9cq/zF4MUDikdltD3lwiBFf7fd10MV1ddvnw55PjrZwaDfvl4/6rLydfPnFx7fNaxGUIQEikcxgms8ykQyFFegcDhdIpJY7Au39Gc/1ItSA4pRPkePzdyAyDTKdUZOwHd7iX1J5Rh3oVqtUq1UuHs+Hhqp3qt1faWkptqb25AoFQp0/YDeoJzozHJn/ven7/MmDSev1E0JSS5/32ZgNF+rwdQ1jnL3E60Cqix83bWOFF+n1JcXfUJgnDUSCOEJ4yefkP+3ripNUVbgbYzyA0H/3mqHpzcuEulMSsUedHnlkISRlEp885ysqNIdzcLvMbataYVlVu8ELKcxBXnrQOOh8/n3i/yEFIlBcdfP3N1dTnz+4oQ0mazSffqiiRNyhDnWeSGMYZer8vx8RGHXz7Rv7oiDBSttVb5J5CST/v/Kpu6Cigpabc377jn3Q2Hn7QWN/a7zqtC3eE3u349F/arF3u8evmCbrfLX/7yZ846Z099SHeiWqnwu9/+llevXtG97HCw/zfi4fyf9zi5gYhx8vafLeZA1mVYcYqjj6WHZfggn/V4q8qqnl0PBJsb03W7vf4Vg+wSGc1HbgCcnJygjeHDU+ZuGMP+/j5hGLKz+7A1wo+J/qBPr9djd3d3ZaTNwcEBvV6Pf/zjH5ycnq7kOWdhd2eHH3/4AePgly9f6V71Vv4aSqmlQkWNMcRpwvbO7tTXBoM+g15vJrnhnP9ZH8Dv58MIfzxSCnBjGXtSTDgVR3/nFvN7H/0Dwzk/mSnCEaMoHIWLroB00FqTJPGUrz1Qikq1eu/0/++YD1EY+nCxG0iOWeRGMGfIjb8QJNYZdDogyTSpBWVTFIWao4KSilA4tIhQUlGV9lZhkBEhRkYoFU0s3qRSvoI4CG9d1DkkWlSxIvD5ACbDOoMdO56qMn5RZlJMOsTlQVvXa/vuQklySPksyQ0AnJuSIhe7qs+9djkIAiqViIvzztTX2usbDIaDhZ5PSjk15oyTU1GlsvR7clP+RpokhGG41I5ifzDwFsKCGJarO9+UCkryxzl7axbNzs523ibjF6pRFObX02pI8afCdZJDO6/eMDNm5X4T4+FNKWJsQVr8KSq+jbHMUYgBjKrBPTFoZy5klPIKquIaKBQdRQOHuWc1jLWgjS1JIm0tmc6wzlsHT+PnQ3KAJ/jbrTbxYMjR0SFJOjtwsdFYY+/laxCSi+4l6xvTNsDhYMDR18/EwyG1SkS7tU69XpvKDAjDkI2NdY4OP0+RHLV6HakC0my562v8mr6rSSVJkon77PVjes5Yb7f46Yf3VKKIf/7jn+x/+vTUhzQXXr9+zW9++1twji+f/snF+d2LNzN2LTust5/MiXJsEZcL/dx9saqr3MSw0d6ZajbKspSLi2OCW/ZtroeKdjodBnndcH0JdeWy2N/fJ45jdnd3v5ncjTRN6XTOaTabvHyxmiDd45MTLi4uWF/34+iXL184+HywkueehbW1NX7z88+0Wi2OT884Pl09YbrMUrvX77G1tTu1IZemCRfnZzSbs0NFhSC3o47W/aNsOJFbn8WtMQUFnuGqZ7IxBefK4KkgUAuFh85+7iKsL5d+jzURBIH6rth4RERhSMqkXaX4bGeRG/f9bKYsIUIT2mEp7Q6JUXPUjr1//56d7S2kcBMVaq/ffWBjyzPvjVuq1QSWwA3RLgPpSltKOnYMjtxKw/JyzILk+H5KPwwqlQrdqy5J2pyQN1arNfphhTRNF6pw9PXUemV2lOu4KX8jTpKl5ZSDfp9qdcyusyAhdxuE8CRHQVIYc3vbTIEgCMpxxBjzPEm+BVDkcRgHsZZT5Eap2Mj/8d9nkt9urV7CX1hKysXL2ALTB/V6Kek8lZ/FgXveTeCcRRYKvDIwdhQkFgaBJx+mbCsZTqo8v2b+30VJgQhCnDWIPHx0PJNDIDlPBRtPVB97E+r1GsaYuUJIW632VHBxHA85Pz+ltdaeb9NAKq9aOzlmZ3cyoHRjY5Pjo0Oi8P67oOOf911NKkJMqoOctXDDeOAvBW9lWYVlbhWoRBEf3r3l6PiE46Mj+vkidhmL4GNgvd2m+cc/sr+/T+f4kDQPIFUzMsuscxPVrsjuWJz7/Bif6z+0WmfZu6zNHFXVnpk10OmcISqjUMS70B/06XQ67OzssLvzdKqJo6MjOmdnbG1vP2m46apxfn6OUoq3K8rduOr1ODw8pFGv55XZa1wGl5yddRgOh7x9++5BLGlhGPLDhw8cHR3x9eiINE3Z2dpcuWVlUfQGfVrrG1PzX+scZ2cnNBqNW+874w16IAijSh4OPs/149UbQsjnpeAwxpAkiQ+VE74ONqpEZbprEET3Jje8xz3J62AtaZKSJql/7jD0tonvK8FHRxh4yX2xqMuydGlyw1iLtX4SLoMKKvD1sBKwzsu6pTBIbF5TJr1d5Q60Wi1evHzF7ovX1BvN8vHGWpudF6/Zufb4NFy+W5mHyOS2FAEoNNa5kZVGKmQQIRA37mrOg++n9MOiXq/PVHGsb2wyjIcLPZcQflG+KjvKdYzvkooifyMnk5expwyHw9yrOZroyiWkjbNQkBNp6kOD57EmqHyBGkUhjtvtLb8W/N+7hszMtqW4iX88LErFhnGe1LBgjbdmaesrnOfdWc+0KfMv/HPa/Llcqe4YH/8EIret+POtsK0Yaxa2rYC3R6ggQChv6ynsKtoYEq1JtKN7S033U0EpbyWxxvD1ywHDG6wis+qVz8/PWGs2F7o/RFGEdXrKkhIEIUFYKdU798N0WNyN31lkshVzBu3vnaVfO9OkWUqSJCRpMpI55yi+76mxt7vD2zevieMhf/nznzk+Pn7qQ7oTQRDw008/8e7dO3rdC758/Dv9/qTCwuGv4fL/xQAnFrsXwgyl9nOezFgQaYXNrWky4uKig6ZXRF7NxLh6QxvDyfEJ9UbjSXM3rno9PuW5Gxvr6092HKtGJ88oevPm9cKB8LOgjeHzwQFhGLK5OVLKtdttdra3SeKEv//tb5xfXCz9Wjdhb2+PHz58wFj3YJaVeREnCVEY0WxMKzROj4+oVqpTKsHrUMqvjbyK2ZXtePNg3LLyLAgOn3+RkmUZDkpZikAQhhWi6P7ybN+AMCNnA89+RVH07OXw3zJGeREjST6MyI0wqiy4yPM3V5fbH8KolltKLIoYYw2JFTgrCKQtLSr2trtPDpuH0Zq8meWux6d+3gliK9HICZtMYUvJnMytNAlhIAmiKhRZIub5h6n9T0SgAgTQ601O8sYDRxd6viBYiR1lFuw4wZFvc2d5/sYyCo5e3y94qtEox2DVZHGh4ihg9c1BdeCJ0jge+ipgPLkRx/FKj+mxYR2kFn67aWZzGA9EboyTC95GMk5CGLQ1PucoMz4AVFsybcpmoLuQaZ1Xw/pxThuLNgZjDM56q4st6p7HjkkpRRSOEt4nbCvZ4rYVJb3VECHyUNIAax3DVBNnhvjp18QzUa1UaDbX6HYvOD05Qt9hx7q8PCdU4Y1tYbehXmtweXk+9XgYBBh9jx368s9ovLjruMbTsuI4QWvNcBiTJok/l6xv2xmfS1prSZKEOPbfd5dK5LGw1mzw0w8fysaSf/7rXwsTdE+Bvb09/vDHPxJGIUcH+3ROj8qvTby3Qi9lMZkkNh8e9z0rbOrYWN+euu8NhwOuBmfIqpi5Oeucm7KmnJ6eoLXm/fv3T9YSZJ1j/+NHwjBk+wkVJKtGf9Cn1+/zYm9vZZXNB7/8QpKmbG5uTn1etVqN3d1dwiji06dPfD06uuFZlker1ZqwrJw8gGXlLhit0TpjY3O67ee8c4YUIg/rvxvjirvFLcb+c3hSza51Dq11OfEedaBLgmD53ACtNTrLypGxYPyVVL/q6sBvDZ7kqPjmj8IyxPyZG9dhrfHnlFSIqAYqxCYxiZNIATXhyhYVs4BFZdkWFSkcVWlIsDgn0DpFCIMS0w0vIoj8sQvh5Z5L7Y59x0OiUa/T7XZpNNYmbnBrrTaDQS+vKX56EtWMWVSKRUScJCillpKfDvp9L+fPf8eHyi9SgcIko0YVaa2vBZ8BqYI8qCqj1+uXHs6icvQ6rPWL6udeB97PBJkT/H7L8Ncz/xl6O8hscmNZm8rINmBB5BYUa331o/UvbvPsDWv87q1AlJWu8yBNda7+8USvUgIvLnVYKZAu19c5BdKVn4+3ykgC5e0YRs+2rfjdoPl+X9/eEuGcwRhdVswmGpJAEEhH8AxPDyGg2WiSZhnHR4esNVszQ0Wdc3QvL9ickckxD2ROuF9vvvF2sNl5IPMe/9hR3n4MSkA+lFWrFd+CZzS12u0krcvtzmmaPXpt8m0IlOLdm9ecnnU4Pjmln7estJ5BRfptaDYa/Cm3rBwfH5PEA7Z2X03kLzlxxbKs6/i59lAVnBOvx+JkijEQRpMLN2Mt5+cnBLX5Q0U75+f0rnq8e/fuwVo45sHHjx8ZDoe8evXqxnvsrw1pmnJ21qHVarG3t3f3D8yBo6MjLrtdNjY2qNxgRw7DkN2dHTrn5xwdHREPh7x58+ZBLLPXLStJkrK9vflojU29QZ+d3elMk37/ijSNad6qcJ+EUoHfrEhSVKBYZBwpGlWehODw7SUGY68TG/5GOUtSuQgmcjbEWMXi95yNZ4tCyZGmCYL7Z264Qs0khJ/8hlEeSkNuBRlvUXF+YiXkXBaQokUlkJatndFFXLSoABOPz0IoLYmQOBSBM6j8ovXTeZ8MI/EDVaVW9WGp1j5+1+OvBON93ZS1UZRJy8VMRSDypddY0jICJ/yESTgx2k7M/y3y73dcn4BPoxL5wNHr1XDt9U0uLzoLDewPgXEG3Odv5A0qSUJjyYlUETBa4D47w/NACh8wVaikrNEoOXtSoaQkQ+THZalWI2+nuHYhmVwpYPOBIzUGpYI7e9kfG9ZBNxVkdnQiFiTHQw0NE5kIRQin0V5R4Wxp+3EGTK7swDm0ZzrmRpJkGO0/gyBQBFLmY7ZDKoGyCqkE1mqEFaAUQubXb77gkVIiowhjvN2lIDoIweTVr/Pmwvj2akUoBVne4Gadpa8DAglB8HwH48LaNhgMGQz77O29mvh6mqZUKtPNVYtAKYnW2aipCAjCkHg4hHsovicy17g7a6FQe8RxTKu1RpqkDIdDul3LxsY6Im/CEdLbprTOJuaYODfX/f6xsb21Sa1W5/DrIf/1X//F6zdvePXy5VMf1p14//499YZXoHz59A/Wt1/QbLax9EAsp5oTc54Tq0Ixurpr/38XlPKhveOkYufsBKKUeUOBhsNhmXexqgX4fXB0dMTZ6SmbW1tPGm66anTOO0RRyNs3K8rduLri69ERzUaDtebd87vNDZ9J0el0iP/+d968fftgJNbe3h71ep2DzwccfPnKztYm7dbsUM9Vodfv0d7YnLgvAKRZyuXF+cKKmTJ7LecJFm1lE+KBCA6bExizyITrN7NiYhzkTRTLsLPGWnSWlbvdJbEhhN+Z+0aYyG8VQkCYs6DLkFCjUDo/4QukQkpHBYvAYZ0ikxUCmSGdJhURAbdL3mHUolJRdmaLin/Nu88xKwKMCIkYIITNiZeExEq0EygElVpEs1HzVgInvvMbM9Ab9AiCiGq9PmqOKCZCRbjc2OOCIjug+BYLuZTZ5Qtc/+/8BcoE+LxErljwOV/lm78MIl//OWeoJ82JgCcfOBqRZulK/J73xaz8Db8QzNjenpYTzos4SciyjHpljOAIHi7MLwgC0nQUHKoCe2Oyu1ISY0xuNwhJbYo1BheEGKO9BSL/3uI+5Gt6NbZcFD99MKEDEuubU66PA644YR9ogChIi6IRwRhbqjX8JoVvtRGAMY7MaIzOr5c5h/Bef0gl8u+10ZZUCFQgUdLXYweBQ1iBkhKlJNYYhBWlYqi4rQshygYtnaewF4odrTXaCAIVlBXwN8I5nBP52Ju/D/nf3VQQSkf0zKcS9XqNy24XY81ECGSaxgRLXp9SKLTWExNZFQRYdz8Pj5SyzFyDeUJGBf3+gM3NzZK82MwJjMvL7sR4JlQeOIdEKEGaeJWJe6Y2kEa9yo8//MCXr4d8zisnP3x4/6T3jnmws71Ns9nk0/4+naPP6LRPa2d1G4nXQ40fWsVRbGzMC1kVnPeO0TojCENvmXJdVPXm4xy3phhrOT45oVarPWnuRq/f59OnTzSaTTY3Np7sOFaNTqdDmmb8+MMPK1FOZFnGLwcHRNFk7sZdaDYahGFIp9PhH//4B69evWJnifnXbfAtK7/h4OCAk7MOSZKws739IM6FYRwTRVUa9Wmip3N2QqN+PyJHBQqT+vuKm1MRWipaWTHBYZ0nMGzOuGjtSr+NMV5V4ZybuJnJvIt+mfohk2cgFAxPmmaQD4LPZZL6HfNhFeoarQ0q8AuU9Y11Bpen9LujdpKiRUXi8nPWW0XuwrItKgWUy3DWEDtBKCSBYMqiEoUVKtUaUkgybe7lb/6WkWYZUViZ6fV7Ssximdc3Njk6/Pykk1Q7ruDId7KLyf48uw83od/3YVaVSpG/IR60Sk7mu/VpkhJVIqwxyOAGm4pUXFx02dzaweQLIR8uHeOuEewgkFKUO71pmpFlGcbaZ2FbSYwgtZPH4IDfbRn+enL7+30fm4rJVWMuD3TVpiA4jCc3jCFLdfm9WarReWaGyTM65n3PsiQjSzVRGOS776BCSRSEBIHEGE82FGGxKk8RU87lCjcfFFosfMq2FWsnbCtBbltBKaS8y7bizTZFHkeWad/wIiRDI1DCoZ65ELR4TyYeU2rp/AmHK8ml8rF8XrcKzLNZv7XlF4fGGP+5SImUAVtbk+oUPwccVwSL0qZinZv7HC1shlrrB29jkgLevHzJebXG4fEJf/6PP/Phwwc2nvmCs1at8rvf/Y6DzwccfjkkiQPaOzWi6mrer4lGFSjn+A+FRZ85bAgG2TluCDIANWOAKK7H69aU05MTsjTlp9///sksIc459vf3CcOQnW8od+Oq1ytzN9bWVqNiOPj8mSzLeHEPpU0litjb2+XsrMOXL19Ikpg3r1ejKrmOIAj4MG5ZSVN2trdWalkpco+2d6bfi07nlFAF9x8znZ9HZKmPmrhNyTVObPj/d6shOMosjXxyP7EbJqXfEctft5hACiEJgnCpOkHr8nBHM6nYgMLq8rxkxt/xOPCycy9Lb7fbnNf8pKdoUbFOEEiDcwonJq0it6HVas30xTbW2nMRGwCZVX5ihcWJCIe3UklACIcU3j4TVmo0G2tIKTE6XVie9a1DZ5rmM/Qoz1KJKanY3nnB0dfPVCpVwjAkDMJHywByjlLmByOVURzHS+dv9PuDfGfdk8hKrbY9ZRYCpUhNQaLrG+vDlFLs7OQTSRVgrVd+uDGCHUYkuBACYyxZlo7uYWlGmqZlblPxmo9pYRkaSGbwmz4LwZMX/322mklxOc5Yh7XWNztpU7aaZPlGhckc2miM9gRIEmcEgSDTfixbX6tMtOrchkYlxDrLMPGTGCEkSgu0sgShzMNEFbGxRGGIDWW+CJA4/ATICTl1Dly3rehCzWEM5Hkrty0mCqtjMXlxFqyCLFfTSLH4IugxIaVXWown1isVlhtQ94XWGVE0OUFO0+Te2TvFmFlk64APCb4udZ4Fpbz1aN6FrpRiRPDMSco458iyDCG9esha462vDzyAb2ysU6tVOfx6zN///ndevHy5Mnn9Q+LN6zc0Gk2fzfHpivW9Os32ahZUJYnJ47h2F83jEMHdm3TXyY2Ly0uurq54++7dyhbg98H+/j6Dfp9Xr16VDVW/diRpyvn5Oevt9kpzN7rdLltbm1M1qPNCCsnO9jaXlw9fJQsPZ1lxDgaDAbszcjd6vS5ZltK8h3rDWus5hZywCKMQ+nD9qvdfdhOk+IjkWJLgKLM08t3BCZ9jjiJJfXxCGYbhUqoKv5OkJ2r/vgeIfkcB58Bo33vfbrepVmtICcLFxFahnUAicDLAiIAKGoRdpInoXhhvUQkFKBkgnQM0AXFuc1AYVaNab9FaW/PXmLHzzsX+x0AFkjRNqNV+HR7RKIp4++4H4mRIPBzSH/S8fSKIiKLwQclYZyfzNwqCI0nTpdQb4H3DYTQ69ofK3xiHzK0LhYrD5IvV26CUIssmCXalgim5vlISpaponaG1JopC0jTDWINJNEL6vB6bWsJHsD0aB6kRGDd58XvniCgzRVZBcpQScJs3Q1lPYmSpz9TQ1hLHqa8WzjzpYbQFXE5oCJQQvH7RJlCSSmU+suvHd+s4oN9LGSQZX0/7GANKWZK0CAz1n5VzDmX9PT5QNrewKDAWmW+WXF/sjttWJkNIDeo2r4nzqT2j9bBPSEqNIJYQCvesx2QlfVYGY5kbQRBMVHguCn+tTS/usyQhWmIME0KM2UYs1s53Li9qt5lQAbgi8ep2ZNq3+zlTeMEdaZI8yiZatVrlhw/vOPx6xNfDwzKAdBlS+jGwsb5OM8/lOD86J40NGzu1sr1rFXiqhpHbsOgxDYdDTk9O2NzcvJcaYFU4PjnhJD+ObyV3wznH2dkZlSji9YqIwcvupc/daDbvbbsYR7vdJooizs7O+Pvf/sbrN28erJL3umUlThJ2l7Ss9AdXrG9sElxrRknTlKvLC1oL5m5Ya9B6VDFf8AZGG4QczV3H4Sbuz6N4AoG8P8GhM52HieUHkk8clVKoICgnnyOIpW8ItxEbMic2Vjh+fsevFH7TzdfChWFIpdGi0d6h3z0jsgYpJImTKGsIhAbhG1WGTj7orsB4i4oQENoh2gm0U0TS4kQIYZX1lt+5KTzk8Lwn0veGENhr7TBKzhf4WokqXHa7SCmpVms+eC5PEBW5tFzkiaP+4efxBlYrNaoVPzm1zpEMh8TxgKveFc7l1dVLEsDXMane8OOvr/XMqC8RcpVmKXEc026OJtsPmb8xDjUWNjqvbFwphbMONYdyMAjCfAc8m1BzOGtLiXuapg++yImNYKhnnLszYjduIzlus6lcDxM11uR1rQZrXE4MeOVGkmpM6hURoRLUIsnuVoNWs0q9FvJiaw2ZZ5/Ua/Ptbv3u/R5hKDnu9IgTzesXbf716QwnBMPEEMfecmrz/I/QFNk6iuIyCQKFsID0v8v1672wqzpr83PfqznuIo4dEke+sHWW4uweZj6Lo/6MNzqlkphrVb2BUizjUBnGMa329AQ8zVIq0f3JUiF8qlGnc87m5saDhUr6CXJBVMBdw2ymNda6CVVyYXUrVMveYj06iRaxvsyLly/8Duzh0RH/8ec/8/79e3afuY0gDEN+/vlnvh4d8cunT2RDzfpejUptOZXfc21VmedYxtUBS8IZAAAgAElEQVQb1llOTk+pVqu8//BhqWNcBv3BgP2PH33uxgJ5Es8dZ50zX7f7008rUaSkWcrBwWcqUTTKJ1mBlKhWq7G3t8f5+TmfPn0iSZIHI7uuW1bSNGVna5NqdfHg6eEwJqrUqM8gejpnxzTuEayfZbqs9wbAgQoDVBAgr6bnNsXl5m8XIic2RtfgwjMzY4wP8iw8zNeIjcJ/HYYhWeYlwSoICG6QEc+LMpw0P5tGxIZ8Fh7p73hmcC6XJIestdbZ3ntJMrjEGIdEIZ1BYXNLSIDDzbGXszxCaYkBY71NBhdgRQCkgCOKAvZe7LLWXMM5TyQ+10C0ZaGUIs2mw13n3RVvt1oMhzGDfm8kN85rK3PDXr7DXdyFin8XwXN+ASMEvk3F5dJX6YNDiwFzrIqFUbcKZWuLUpJarUG1VltojJNCUKvXqeU7JtpoknjIcDgkGwyQEsIgIgzDpZQC4/ktxQ5amvr8jeYy+Ru9PkCZsySEfND8jXEopdB5DWwUhXORHFIFqHD+45NSEkWV3LaSTTTFRFHoFzl5mOX1Rc4qYBzoGZd+od6YNbNaVMnh8gBel18e2vgFXaa92sFoQ5oa4tgv6IyxGG3Y2axRq0Zst+u83F2jWgl9UKjMryfCuaXdlYqffO5uNonTjDAI2GzVOe5c0e2ldC76dHspmTKEJsAEFmstoiBQBAjjr0WJr5K96TqUUk7MSe8iOJQUGA2BCtBmkizIjMDIh8niKFp9XD6euSILZoFxQElVtsCMY21tjcEwpl5bbFLrg5jtlGpuGA+WJuADpUApmkKU1/RDLF7Hs0Puql7357spr3shJFElKv+GkYUtUH6DzeTBzcuqlGeh3VqjXqvx5esh+x8/0u/3ef/+/bOf+77Y26NRr7O/v8/JLz3a21XWNu+nQJlU4Dy8SWX8nZ1FdCxyDOOhogCnJ6ekScLvfve7J7WE7O/vowK1VNj4c0P36orBYMjLly9X1lTyyy8HGGPY3hr7HK/X7dzzlAzDkN3d3UepkoVrlpXDo4UtK5nWGGfZ3tia+trZ2QlRGN1r/JNSlRtyUkjCSpRbh/UtPzW6o1+/ny/07mWZDxMZDwn1VZzhlJfV77BNkh73gdYGo7VvPOB7M8p3zAfnLFoLnHVsbG4gsBwf/JM4A0NQNpi4sUaVijBYnWH03Y0q94E1GucgcxLtQCF8wr0IwWYoYWhWJG/fvKLebPmFlTbPstJuFVBSofVw6vFGc41ut0tzbe1uP+uCk/RlUJRVCLy0NMsyGmtNWmvtlUzEAxUQNNZoNPyNJs1SkuGQYRyjM98FHgUhYRgttKAw4xaV3EISD2PCMKR2D+a+QK/fR0lBEKry+B8TgVKlBdLoOWwq97xXeNtKJSfZfT2mMfrGRc6qYBwM9YwGJXe97HYS85IcE+OK8/LQYszJMo01liTVxHHqbTrGW1V+ervBzlaTWiVgs12nkRMN45OL+1wNUgrqVf9cOxsNGtUQrS1fTi75fNTlapDSj1O08SovB0RhgDISGzogIMCTHFbc3K4z0cgwz/6sGFmBnPMNWhafi9JYYjPacxg+vNXanIwtCdrpb170PqCUotfvTykK1lpt+v0rrKsstDju9Xs0Z0iOr7pXVJesni081+MDm3XOB8quEONPd9v7ef14AqUIwgitM0ReK1+ou9I0Qxd109YhpCiVH6vO6gnDgPdv33J0fMLpyUlpWXnK7IZ5sLa2xh//9Cf29/c5PTkhjQ3rO/WFCOeb8BgqjmVxndy4vLyk2+3y5u3bmbluj4X9/X36vR4vXr4k/EYyC5M05eLigvX19ZWpnA6/fqXX692cu7FoWMsN2NzYIAxDzs/P6f31r49iWfn8+TMneQ7I9tbmnXMYR567sTddYX3V62J0tnRrSkly4yYUGbOQ72vm93U78RMLndFBEGCSsUE/CK4lVE9inpCom2Dy/vLrla9CCF8p+42E4HzHw8A5P0lJEh8YWKlW2Xr9Fvf1K92Ly1GDibSlVaRzNeA//r//d+kavZuQZoZe4hf2RVvKeKPK+vomGy9fEeS7xmmafrPqjQKz/OBra22CMOT87IwwCKlWK8+GyIzjIZnRrDXW2JnDX3h1dclgMEApRbVapVqt3TpmjiMKI6IwYi1/nTiJSeIh/eEAozOCICwtLTdhvD3F23ZG+RvLqDcA+r3exM3+sT8jpXyI4kjFYR7s2gUmwkiL176+yLHOrSRA1jrfnDLrceckd20VzSI5ZtlUrPXqgKLaXRuL1V6lkSSaOEnLhpQoUPzp5102WlXWGhUatQrhWIPNKtcYUgoa9Yqv+q4EVKKA86shnYshX8/6OHL1TDWkSpGrIvI/FqzEytkkhxRyVGnqLHD7OaOE9Bs7btLWYJygr6Ed3pHsnr9OEdqK8wGut71h42ohyO1R9yC6q9UKl+cdNjYnF1jt9U0uzjtUKhGV6O5gu8vLCza2dqbUG2mWYnVGsCTRXIwdYf57+zyq+xP7LlfvOVuQSJ6Y8hk6lNfsLAWPdc5XUecbeb7pz59j42O3VBI9puwaDAYY46jVKj6fxmgc7kEUxnu7OzQaDQ4PD/nrX//K23fvnjTDYR5IIfjhwwcaeTZHMvQBpPXm/VjCWWqOp2hVue01Z53DcZJwcnLCxsYGL19MhzM+Fk5OTzk+PmZjY2NlKoenhrGWs7MzqtUqb9++XclzXlxecnx8zNra2u0L9xXtQ641m1Sr1dKyMhwOefVymkxYBYIg4P3799RPT/ny5QvD5JCdrS2ajZtzWHq9KzY2pomQJE24urygvWDuxjh8S54qg7CNNsg5SNCC5IBJwnMhgkMI/4boIsE+uznB/r4wxmLMtcpXQDjnrS7fCMv4HQ8Pn36ukUoSVirsvnxNOoyJez0fWlOMSELmlpaMzslXHAonJBKNtWCQKKkQziAwaOcT/KUUC3+PkCFyrC1FYAmExamIjc0tdnZfentX6n3v36p6o0AQBPQHvan+7Fq1TuVVjcGgx6DXR+uUMIgIQoUSEqEkIreX3IVy4CuDC0a7sQ7AgssrqMS17ysWKMZYrNU01lrsNO/ecbnqXtLrXREEIc16HWMN8WDIVfcSIQRRxZMd1VptboVbtVKlWqnSbvtjjWMfWHrV6+GsJYwiwmtj5Hj+hhRFQ4EP0Gw27z+pSdKUJE1pr41uhPKRx2ZjzMRuvDHZgxIcMDmZDYJgapGTphlJEi8fpA0kFqboP1eoDu7GbSRHaU0Za0oxxpKkGVYbkjQjjrNcuWFZq1f4f/7XK1rNCqFS1Coh8oEDr4q3ul4NebXXptmo0Gr4hfThaR9CSGJvOaviTX4eQT6xmU1yCCnKN9Zad2cOA1LirMFR5HD453OAsZA5CK8vkq23Nd34SU00+cx8UaSkrCa9L3xW0SWNbG2iprpWq1Ot1jg/P6PXu6JSrd24gxvHMY1We2agc++qOxUwdx9cD48TyHxz6+5ryFiLsw4fTmrxU8dZGwMmf63RI7N2CHWWjX0+4saNOim8hS1NEqyzpGmWE9hBObNO04wsTZe2Gc5Cs1Hnp59+5MuXQ3759Ine1RXv378nXMHn8ZDY3dlhrelbVjpfrsg2qrR37mdZGa+Gfoy50vWN+nnWPuO5G845Tk5OiCoV3r9/v/oDnBPD4ZCPHz9SbzTKyuVvAZ1OB601Hz58WAmpGCcJB7/8QrVSmU9JsYJMDoAwCNjd2eH84oKTkxOGgwGv37x5sJaVne1tms0mnw8O+Hp8Qru1xvbm5tT8ejCMqdbq1GYQPednpzTvkbtxHUGgSNOc4DDz1nLntnMxUncKFiQ4TC7DA8Z2zbKllBrlc1vr7QHXiA2c+175+h33hrUWYwyVSo29nRf0Ly657HRg2MXaSYuKIkHgO02MCKlYQ+YEmVMEKiIkQ1hHYj1REQhFuMD3aAd1UqS02OJ1yYiUpV5vsLu1zc72bi5/Tb559QZAo17n8rwDzpXWjAJSCJqNNZqNNaxzDAY9TO6L1omvznXWjgY0Mbq/jIJFxSh4FMrw0dFub/618gkEcvzxPLhUCnlnaJJzjm73gkGvRxhGtMZkw0oqajVFDb9Ay7Smf3XFxXnH12BWKuWiYx4IIajV6uWiw1hT5ncMe1dAvts4YU/x70GS+qXgfUKgCvR7PcBbBIrjeYz8Def8Tc8aUy5hioWiD6E2CxMLfoFk5lbWjEMKiZKjCtqCTZtr4XwDHJBauH75e/XGYs91E8nxm01TPpe1eYBnodyIU5JUe7LDWLbaVf73//WWRs0TaGEgHl0SXquESKEIlKRWDRHihC8nPb+wFX6sqAhBlul8UjYiOZwsiGwx+TfzkkU5IWrBYidmTbERVK0jvPZZFxOtWc1yY9/lrxspynYjIZm4jor5FkVOyj3QqDe4OD9nd3dyh18IwebmNnGS0Lu6ZDDo+7C5sbcrThKCIKLdmj25b661uOh06A8GNJZoXyjG5CK/IozyIOA5fmdnHVqnU4+naTa6YGadrznBN36hZpkPDi0+tzCKbj3XfZWhJzestaRp4nc/hZhQd6VZtnILG/jz/s3rV5yedTg+OaWX53I8lKx9VajVavz+97/nl4MDvh4eksaa9m6NqLL4+/PYm0Dlqy0YKgpeNZHEMb/57W+flIj6uP8RKX1V6beCbrfLcDjk9evXS41F4/h8cIBzjo0iVPQurCiTo8DG+jqVKKLT6Tx4y0qtWi1DgY+OjojjmK3NzTKrKcu8inB9fTqI9uzshChaTe6QzOfg4y15d003JsNGKf2yc40mxvgcjOsTSiHk0rWA15tRSmKDovJVPXt/3Xc8XxQqjjT1E6e9l68QAv75n/+HQWIwQhG6FG1t2WZinUE7RyQdkXAEwiGsQTuBdYKKtEhSrBHETqAE1IS+83sqArSMUBhwxqsSwoBme4P3P/2Gre1dP0lKsrwa9ttWbxRot9r0ri7RWtNuz76RFGTHc4SxlqvuBYN+n0qlMpen1i8UA6Dmc1l0Svfygs7ZCSoIqdVqVKq1ueTj4MfKer1JPVfCZFnqFR5xTJYM83xUi5CWOB4SReFSuwG9fh+lVKmYUPJhCWhXBGBqPQq4HqseDwKFVGohksVYi9EjtaDW5l7KCxUoHJ7sLxpWjNH+cWvL57PWzrWLK/DVsNrNuu8tvkU0TnIUC/r/OpP83Mr8uGfy1hTrVWNpZkhTn8HxcrvB//5fb6lVIsJQLqTaSObkZ61jrvazSiSBKtVKyL/96TX6/xxw3OmTpTmJJwQVwEiJEH5SFAiBtd7yUu72jj3nPGNsMTdRYUCWJURjCxsBDFJBpToZNlpMWYpJmlIqJ1olQo5I1DtxjYyZtzFoHEEQkKQJl92LmURFtVKhWtlFG82w35/42k5741biLwojdvdecNXr0u1eUq1WJ5Qii8DbR/xJ46wjNemtz2WdxRo7aWMeIzSkECClv76Lz15KHxM9RnIX0NpnzBXkRhBEd+b2CCnyMOKQzc0Nrq56paJFSMn/z957PUmSJOadP3cPkZGisnS17h6xsxIEQRAkjbADzmDGxzO7F77wjDySfwn+pTuzo9GMd0ccIUhgwSWxxMzO7I5oWd0lU4sQ7n4PHhEpKktnddc0+jMbm+7szMjIzBDun38iTZIbsbDNY3NjnSiKeLO3x9e/+Q13793lwf3lVGPeJB4+eFDWye4/77G2XaPWvP6C6Y3jAteN+dyNbrdLt9Ph/v37rDavLuO/Lp49f06/l+du3HK1z0UxGo9pdzqsr6/PhoBeA7u7u/QHAzY3Ni7/PS1x6F6tVstcjpu2rEAeClyrsfvqFbtv9lhfbbK2uspoPGJrUe5Gr4POsqWRSjDbkqczXea8nY2psNH8/2feKYugpflOWjeg9K8lB7bWkulspsasuEFJ5Trvb3s69Ad8P2C0IR67FZ5KVGVr+w69TovDg0P6/QGSFIlAIxBYJAZPgBE+Eo0SBoNygyRwlhIUApm3sViUtOc/RxQiWTegD5RkZXWVrTt32NrewQ9C0jRlHJ/M3rjo5Oj7inqtwWA44jDdZ2Nj63tBamY6o9ftMBoOCMMKzSuGhQkxydsA8jyElHZriM40vh9QiZyl5aJqOd8P8P2ARsMNpOIkJh6PGI/GJEl67VC6waBfqjeAG89Eslh3r5iR9ks8T5W5GBdFSdgXE6PYXRuCMCBNkyuFY3ueh860C8O2FqWc7z7Oslxm6ZMkCVI5YuuUBWXSLAXlkc6RG+XCxBVHTieUHNbw1TE8WcmDRbUmHiUkcUqapuhMc3ezxu/8+D6+r/B8cS65YdxmGWnL0dBydDI/eCF6qSXTsB4J7DlkRxgolHb78o9+6wF//t+e0uq6RiCRT2qlckRM6h7EkxJjJgqmguQoqmLPJ1jcwClNM0xmc3WOe4EFkO6zz58B07L5q4atT++W0RqueA+oVWsMhgMO4pj19c2F56unvDLv57Jo1FeoVuu0c8tLtda4EGk1DSkERrv7Z5YlzgKkzAzJkKWJUxwtakDJzzulcjWMcNfSeVJrEcpQ0XJfJPIC9ThKKlSgSrJ0fWpypaREhmGu5HCPOctKjBf4S1e81aoRn3z0hN3Xr3m9+5pBf8DjJ09uTNa+LKytrVGrO5KjtdcmGWesbl+skWw+h+PGA0eL7YsF4c9nIE4S9g8OaK6ucu/evRvbvfNweHTE/t4eq2ur703uRqY1x8fHRFHEwwfLIfVarRYHh4esrKxQvc7EfVmWlbxl5W1ZVhr1Op999hmvdl9xdHRMfzjk8aPHJ4Lkx3FMr9u5Vu7GIqg8QL5UcZiL53C4+667Hqh/+S//1R/PXxCcJ9cFi1mYkp44YiMIgmtNtrIsc3KXKTuKzjRSKfwgxFPyezHB+YDvD9wqjlvJCyoVao1V0vGQYe/I1QsKgyedrEkJi0SQyoobGFlLKit4whLIFAQYEaClT0g6ZTk5+zkIUGRIXJ5Mrdbg3oNH3Hv4iCiqkmWaOE5naj2BsnrOyZnfX5Ij8H2M0XTabbI0ReQV0LcNWZrS7rTotI/xlKJWrS11P4sQy8APqIQhSkniOGbQ79HrdUmS2NUaS3Xh48FTHmFYoVavs721RbVavTIpMY5j9vf3qUdh2RIQBOEJH/0yIYRwdZnWukpypQhDFz570XtFcR4V4X/FfafYvs6cBVNKWVoDLqpQzLIMYzRJnLiMlSDIH3Op3oX10lpTVp7N/3ZaO/vVMLEMUjnz766h8+r3RGstG5HlaCSwxrgJmTYcDQWrviZLM+IkI00z0iTjzkaNTx9vUq8GVKMAT5392xoLndjyqyPL867lbw8sXxwYvvzPn5+7bw//4c941bMkBkIPfFn02S+GlAIlXebRerPK64MuSd6nKxD4vioVElLKKcvZZELkfhfXkFM85zToPAh5MBjgKw8hxUyto7UCT0Iw9xWVx6unLnWuTsNiZ6zBNrfsXgWBH2Ctod1uIZTLj7gstDEMB72Fr5VCUK3WUJ5Ht9fBmsvvq9Ya5SmS2LVGSSGcJTHLSjtIQfIV56/W2p1fuU3OqX7d9i5CbhTPM7b4vg1SSbQ2F77nSiFKUnN+u8XY2eRqrkyb8pi6ift5o9HA8xTHxy3287yHa03S3gKUUmysbyCk5OigxbhvCCoCdYlF1On7wI2GjU6pt07DvHrjzevXCCH49Ac/eGeVsKPxmK+//ppKpcKdnXcXbrpsHB4dkaYpH3/00VIUKeM45ul337ligvWTdoxLIXdJLwtRpYLv+/R6PY6Pj/GD4FpNeGdBCMHKygphGBKGFVbnrDHWWo4O3lCv1W5k7GfBKWA9Fzo6Ho9JkoTj42O++uqriX3zlFcLIVH/4l/8b39cSmgLYiPLnH/0BoiNJEnKhNQiwEwKge/7eKesbH3ABywDLnPDScp936Nar1OrrzAcjjF5rVsqQkAghUZajbaWzIKPRuF867FRgMUjQwiLIUALD48MZbPTn4OPtBrPD6g31/n4sx+xvXOHSsXZFEajZEbRBO6cKUJ9C8mWlNJ5zeXFQja/T3AT8RBjNINhn163U5IdvCWCp8j0sNatFLrgOk2cOBtJt9PC9z1HbFywGrVYHbzKwEsIge95hEFIGIZgLePRmH6vw6DfI02drc9dPy+2/esoLtqdDr1ej5VGVBIMQXDzdb0iJx6UUlhrkRdQbhS5HM4jn0FBbOQTDKU8/MAvf8diglNIJN0k52xrhrGGNElAuAma7/sIIUnTiTJEZ076rjy32musxWidn8NucpWmbtV6bCWpdvstEAgpJm0c1/n+hGC9YjgcTq6FOtPs9VJqKiWOU9IkY20l5MmDNTZWq9QqIcE58tDYwHcdw588M/zmyPDlgeXLV5bWAPb/x/kEx/DBT9gfWtoxDFJoJ3CnVqgtTv8sCFBCUK8FvN7rOitKng9SHBsiJ0tkvqJfHC+2JMsuRnAMB0OklKg8LNIY7QJHpcICvnT/TW/GGIu1boAmlbzytauwOylP5cf/1cdJSikqYchw0Kc/6CPl6SGa8xgNhxwfH5CmKf1eB+V5CycUvu/TaKyQpAmDfs9N/C/02UVJ8gGlxcupYHJSI05Kwqf4nVWebeF5eW7HFVG81tjiGuB+Z4tTalwH7jqpcpLDkScmz1W5zj6fhqhSYaVRZzQac3BwQJZlJyYotxGNRoNGw9XEd46GCCkIo8uRZNPKqWUTHRe53yzK3Rj0+3z88cfXbi67Dr795hviJOHu3bvvTQtlp9NhMBjw4MH9pdXtfvf0O7TWbG5uXrlafiGWdCj6vk9UrZKkKUdHRxhjbrQmOqpUqC1Q+xwdHeB5Cv8K2WUXgRCyvB8IIYjjixAcsypNrwhhlFKRxPGJdG/leXjXbEo5rfJVCuGS6N/jVekPuF3Isox47Oro6o0mvh+ijaF9fOiaLwYxGO2q/PIBiMApLywKIzyE1SgMEkNmZB5yZ5GkzuAy/RxhMXhY3EpOrbZKo7nG+vo22zt38Xw/36cMnQdCmqLBI/fHg5skJXGSr2K5+k9jNH4QXloK/H2A7/vl4DlNU7rtlguWtKac9Il80KiUnLRCOGYCKOT8thzs2Px7FfmfLRZhRfm8eZQS4iJrVHoEvnclOZ7OJdBSylKBcFVMQpddIGmSZvS6XVrHhyjPo1Jx+R2V8GZIh8FgUFpD4ObzNwrInOAqAq6N1khv8b2jIDYcsTRZ8c3/0UnZ52yQvu+hrCLL0vK5QeCTpjHGKDzPX3gfdNYZN/kqft80dedyEAYIIXNfv8jJoEnjSpKm7v5XWBmCAD2WeAEkSUaqM4R2RAxc/T4phMhDefNj3zrrntEaozXfHhvSseFhQ9CoVWhUQ+pRSBieT2789zeGf/8bTZxaxgkMBpejYkZDy3gMR23D3oZgsy44HFj+8LGkosSp1zdPSfzAp1mP+OFHm3z+9T5ZIkhEnrMQBSgjMQiM0EihMNbkZIekaNqwxp7/1QrnhU7TrBzHTO9WnEFt7jQQomhaMXhXzFMqV4vFVD5FXnl6HdSqNYwx9Ht9Op021VqdKKrmx9kEWmeMhgNGgwEyV6vJnJDrto8ZDgesrm0snAisrq5TrdVpHx8TJ8m5Hm0himYiNxZN42QhwyWVayjzrkEanYbi/bM0La8zOsuw2lzbVuJIUqdZd7XLXqmAuwmEYchHTx7xZm+f/f39MoD0tlsTVlZW+MlPf8qzZ884OjgkGymaO96FLEMFbqJVZZH9Zb5VZZ7c6PZ6dNpt7t67e/GgyhvA8xcv6Ha77Ny5M1Pt/n3GaDSi0+2yubHBxvpycjdevXrFcDhia3Pz1FapK2OJh+PbblmZx+HREa1Wm53trRt7DylAKuWsmVwsL2tyerqFDQ+c5DoI1UwFLEjC8OwE6fOgdR7iNk9s4IiT94VF/IDvD6y1LkDPABWIqlU+/eFP2D/c483uS+yLp8SxQWtFbAS+tATSIACdt6sEDBHCYIwgNhJfagJhEFi0mDzHkRsSLSN8kVGrKDbuPeDevYdsrG/m+5IQj9Nyhd9YSJMYKZWTsucTIillGX5WZAZYa0mTGD8I3uu8mmmyYx4mT8Ivr1OlfPTsFeC3CZOvQhYklcvYyMqVx+si8L08DyMCC0mW0GkdcZimBEHFBZZG0ZXD/+YxGAwIp34P+Rav455SJGUo6MmacmNNmbFRYL5q/KwVcCkEgR+UdpZykpMHcc5nT+l8gSBJXLWk53luBdjo8uDzfB9rnOxdCkmW6bJhAWA0ivPwSAXGtd/oLCsnP2mSkSROsXXZvJFpOGLD8MmqIcs0v9p3+140qFidkamI1WadjdUalTMaDSwQa/jT55r/6wuN1o4XzrKrjeKsAY1l7wj6Q8teT9CLLf/LDz1CeXpGhq8EUajYWK3x+P4qz9908YxBFwGUxmKlxWDBGDypZhQBQJkxdhrG4zHN5ipp6kKhBY5gzv2L7vcGxmlGIBxx6sjpYmHHXmuw7PsBxrjvGJbXGiGlpFZ1JOk4jmkNBye+i0JdO79CKAXU6w2SJGH/9SsazSb1BfXZJ0JIw8qZE6zielgQFy4UtFBAvB3FoswtZkkeTg6O6Ezi5Fr1z0mSAIbhaIzRGqtUEfZ/o7izs00UVdjbP+BXX3zBo0eP2NnZOf+F7xBKSj7+6KMygDQee6xsV6jWz14tnlZoLQPTSpBF193iEQtEdnaSnSQJ+/v7rDSb7zTw9ej4iL03b2iurtJ4hwqSZSLNMo6Pj6lWI+7fv7+UbR4dH3F4dERzZYUoulpt8blYUiZHgaJlpdVq3XjLyjTSNGU4GvP8xSvW11ZprtyMgsRTimROwX4eps9T9W/+7b/9Y53nE/i+52oYcxndVT3/xhrSNJn1OmtTVr7617S6fMAHXBduhdeWKei+51OvN1jf3Cao1Mi0xWZjQLqwUauRuDrJxLoJtJLWMYTCW/gc5YVUqjWqjSYPHoZnacsAACAASURBVD7k8Sefsrm5Ta1aRwhBEjtZuNG6VBSkSZIrEdzJHIRBntLumFmTe9ImkmW3CnsRuf77iOIaNVP7KoqU/He9dw5ppifZEbnyoZAop1kGllxKv4QdFuSTYAsYyK/Fg/6AdueYTrdHJYqu7AMejZ3kuVYN8fOJfhBU3tqxVygRstyqIoTLyTDWTSaz+Wwn7chJT6nSYnmRXXVKDM+1t2TZjGTdGJNPtoSzphS+/bz1K81SrCUnJhV+rlIsvqNC5SFw90rf9xiPRyjlk8oAI3086Vo3jHbhwll+vLib/PmBn9NwlivncRGA1hZtDCu+pqYyDnopWZywVg/47OEKP368Ri06q73CKTf+/Tea//ClJs0g02D0yZHb4RdfnLt/mz/96dS+QqoF4xhe9yxDY/lkXeKfMlwQQuB5EmMtozhlNEqIM40SeeaFcFYHWdRFF+eZoLQLgD3zfKiEYX49ca1xjrA0eVAtpZVJYvHFpP1KSsF4PAIscRJTq15t5VxKp1Ar1LZCyKXbGjzPIwgCZ4Ob+i8IgjNteEUWznA4dBklRWPMHMIgpFprMBqPGI+GeH545nlYqNyUlFPX92V80ovjNMsKXDybp4ALL3Z1suPxmGqths2tj5fJEboqKmHISmOFJI05ODhkPB6zsrJy68fhtVqNtbU1BsMBnaM+0lQIahcPH13G93qhsFPAY1ah9ObNG7DW5W68oyyxcRzz9de/oRJWuHPn/cndODo6QmcZTz76aClKi9FoxHdPn1JZRu7GWVhyJgfklpUoIkkSjo6Pb9yyAi6EtNlskiQJrXab4Xjs5vZLVqSV4700I0kT0jSl1WpdIIPDQf2rf/W//7HOKyml8pDCXdCdB5lLnZhF5WvRlzsd4qaUu4HehN/wAz7gKrDWOJ903lAShiG1egPPD/HDkHotolJr4IURSiqk5yE9hUUh87YVKSxCBUg/xPd9wqhKtV4jqjfZ2Nhic3uL9fVNtnfusLq+ge8FGGtIEpdHU3iMp8mNovt5ntxwg6pJWFkxaf67TnLcdqSpk1orpfD8IG9hkGXOQ2GnMEskOrI0V84J8PyQIKwwjlPa7TZbW4tbFC4Cm+dNSCyqrEi8+fyNaQghchJe5TkHLiSzmFhOsp3Ib7r+lQbyQkxCKF3rl86JDJcFYsEFiyZpmVlVPK9QZ/jBYhWkzVs5JvvrghL9qE6Wh4m6Jgfl1AdCOO++MS5o0ZgLHyvTcm1tXGOKzowLaMwMvh6zVhXUGhGPd+psrtZQpxAoBbnxf3yV8We/MWTaESaLSi3g8gQHFPYx0Fqw27FIDx6vSrwzVDdKSMZJRq83ZhRr15gi8yYLqXIiWyBxpEdxDBUkhyOUzt5Pp5ITLpfBGhf2ayyVyAUBVzxJ6An8nMRUSjn1VBgSj5OFPuaLwhEcefaEFFc/f1n6+BpwAdFSCDrtNtpoKpWTK6DLCCF925DSnYN2ilQtCa1LhOG7Y8a6c84YoqhSLlAUAcQ3TTYoJWmurGCM5vi4xXGrRRRVbszKuCz4vs/W5hbaGI4OD0mHAr8CUp19/Suue9e9n571+uK6GtnNmRPr4PCQfr/PRx99dOOTzbPwzbffMh6Pufce5W6089yNhw8fLu27/e7pU6y1bG1tvT3Sb4kXYmd/r2GspdVqMej3qdaWG34/D9/zSgVJr9+j3em6a1slXPo8RBtNkiSkaXImwTGviFP/+l//mz92AzY30Pb9iRzXkREXU3G4ZpSklJEU0r5pYuPD3OsDbhpFC8JFYfPBShE66Hke1VqV9Y1Ndu49oNFcpVKpIFWADCJUUCH0JEo4mbOUbgUriqoEtVUaGxtsbO+wc+cuDx8+4t79h6yurVGpVDDGkX6uKSVz3m/ycN/EBQwWNhSXvH8y6V5KiZAqD5R0K0ofSI7bC5M3VgSBC54M8jBlZ9Sz5Wp+cf3VulAIXI/oSJJx+WfluRtOt9fD8zx2trevvF2lFKurq1SiGqnWJHFcBv29LQghMFqTZa5x4SSx4UJZvSsSG4verwzizn9PlU96wFkx/dxyWZzHhf1oPtNgeptCuEYT15KTIIRChDX0FFlghXB5C0JOEWOy/Jznfb7p/BmXt2HLFekkb05J0gxPCu6uhjy5u0a1sjhrxAKZhX/3tebnzw3jOA/SPEM5ehWCo3gza0EbeN621CO42zid5PA8iadcLe9xe4y1+WO+h83/3eVE2Pz7FDDVpCLOCRotIATl2EhJ5w9Ok5RKJUQpRSNUuY3JywdgjhQJw/Ba9qIiwLYIXLvO+XZTdwcpJZUwJIkTOr2OIxcXBNBNh5D2+308dXrDzE0RMpdB8X3Pq7kKNc1FrjFlMLJ057pTcNiZwFFjnQrspm/f9VqNqBLQHwzY3z9ACPFOJ+EXRbPZpBJVOD4+pteOidQKqnK+bP0699GLvHY+d6PX73N0eMidu3e58w6tQC9fveTo8JDtnZ1b36JzUYxGI1qtFlubm2xfYxwzjRcvX9Lr9djc2CD8nueTvM2WlfI9o4jNjU0scHzcotsfoKSLuFgGXKlCymg0QuvsRMhoka03caVN1H6e5/kkSVx6DE0+MEtzD3OWpWfemLPM+Z1tHthV5APIfDvvczbAB9wupGlWVjBeZgBYTCxtbMhSXbas+L5HtVrF833WVlfRxq2iYQ1Wa6zNKyalQkgF0k30ismO5/sYY0jTLPfda7d/U0ruGXIjX/V1Sg17ao1fEejmPmNAmibl+ZslCd57nsnxfUI2xTJPq9dcjkPeqDGVxwCT8EmBC4q7LIrVQigm0u594/GY9SXJL1112DZpmtDrdel0O0SVypWqJ68C5XmYdBIGCu5GeNZk6booAwjzfvYCRZ2xCwC2ZaDoaeRG+RnUxK7UXBEIP+AonntSPtFXUoCn8oWEzAUfX3KSawFt85VkY4iTlDTNMNqQWsGj++s0G5VT7S+pgb94qfn6yJAk55Mby4C1zv7y777UrFUEP96UJ+pYCzRqFTZXGxyvjdk/HpCmEt/Pa+a0RQuLyr0u17k6evnk1tltPaRwFkelQEhbql8WqRiuirLsNJfs3mZEUYXQWrqtY4bBgLX1jYXhnJcNIX3X8H0PkblrepHNk6YJxi4mck6+PgCS3LbmmpvSNKWYUyVJSpLEztJ2w4Rxvd7g41qN3d3XvHr1il6/z+PHj99aSOFVsbG+Qa1W59mzZy7fIm7S2D5/8fQqrSoXUX/MkxtplnJwcMDKygoPH7y73I1Wq8Xr3desNJusfA/Iq4sgzVtD6rUa9+7dW8o2D4+OOD4+ZrXZvLncjbOw5EwOcGHYfp7L8fz5c8bjMXdv2J4khODunTusNpu8fvOG/cMjuv0+G2urSyFYpq+H86UBJ+N2JrS4N1lBdAPxLMsIgqAMTnMBaxne3AVcG+P8znaO2JDSrZx9mGB9wFtAIUnKMtcqIoQgy7Jy1UVIMRkcTr8OpiroHAq5uzFOvh0nCUpIR3hUa+W1SJWVpSJ/ncuwMXk9QSldHycYY/OaUefbnic3sjlyw/dDhOTCae2OfAxJkoQgDMscAt8PUJ5TYE1/+rJfxNiZz/4By4e1s8FIiwatSkpUECKNU+BonTmyKkmvvEo7Ld0TLiXG1XNbS23JIWO+H7C+vok2ml63Q6fbJXgLqwYqJxos+T3nLZHpLoTUR0tZ1qn7Xp7VoaeDRS9T2StRqsI4A7GoDla4EE73fsVrziZPpgfnNg/itfmN3xgXwAmuJlYi+MGjdWoV/1Ryw1jY6xuedyztoSVOuXFyw+08aA1ZBv/vd5rtmmCnJk4tPQl9SRT5BIFHkmmnsjF5RooyaCvzRhMxl9BugAueb0Iipcvt8LzJ/SU1kBrBKcU+14LI7THFtcFYeyvHWCb/brGWarVGmqXs7e7SaK5cKIS0GlVvtW3lui0rvh+wuenCKEUeZpplWRk6nCQpSZbh2Zu370gheXD/PodHR+wfHvPFF5/z+PHjpTVS3BQqYcgPP/uM3d1dXr16xXgcutX8qL/w+cW18DLjnauOjfb3DwB49PjxlV6/DMRJwtOnTwkrFba3bq7l4m2j1WohhOD+koij4XDIq1eviKJoaRWzV8INkBzTLSv7+/v0+z0e3H9w4yROFEV8/NFHtFot3uy94dXrPcLAZ6XRoF6rXnlMO/s6l1E4fY5O/mwpKtHKFhXP80vPf5KkZcK/Sd3qWJZO0uqNdYEfRdhSmVCfJ8i/Lz6vD7j9SNIUEPmKh8xVQ4osczWvQooy9GZ64OGaRC1Gm9ISUP5bXjdqjMGmLhNBpRLPd4Fn00GBxTllrZtU2ly+bo0lzVw7gbu5ntz3gtyYrPg6cuMyGTWFzL2QrWd580KWaRd65Sn3uad3wILFoDOTByZ+IDluCjqvGy6qQs8a/KpcIl8okOD8SexpMNMER348jcfOsnKdVdI4SU6VcCqpWF1dp9lcyxUdPQLfVdbe1DxMKYVU6p1M9Ar1RZpmuYQymzGAZqkLD1aev7BCcxGyOXKj7Pqwk980Ho9dBeoFJj/TKx22mHgCNrepkIclVwJJpeK70FNjF5IciYHdAewPLO3u4kDRm4LRljQTDFNXSfsHjyW1BV4VIQRrzTrRfgeRS19SrfGMxsfLg1bd92CZNetaYy/Mb0jhvv9F35O7t9xMwPFNVF9eCBaXAwNQBt1O6szLxxZ8aN/zUFVFt9Ol1+2y0lxFeb4L4J26HjbqK1TCCgcH+zTqtWvVsd40Tm9Zid3CwiXHwJ7nIaQknVJSg1Ok3mSNbIHNjQ2iKGJvf59vv/mWfn/A40ePbvx9r4t79+5Rq9d49uw5L1+8YHNri9Vmk7E8Kp9z2VaVggy5CDldMbNE0NHREaPhkI8+/vjGCf6z8PTpUzKtubsklcNtQKvdZhzHS1MZGWt58fIlnuctTdV6JUwfljdAdEy3rPz6N7/h7t27b4X0Wltbo7m6yuHhIZ1Om4OjYw6OjokqISuNBo365fKoZB4QPj1fmW1Dmz9f3X3elUAIgef5ZFlOaGQZQRgipSSJkzz0MMsncpNgtOJNfM+71az7B7x/SHLyzXntFUr5pZWqCPMSorACiBlywiksDFroktBYdAMUAijsK4D18lWVfGW+WMGc5g6NdmFkxQrpmeQGnEpuLPTAT+2jyBUkUsp8oO3CFI3RhOGUT3yBvUxrjcC1Hwg7WRW+bTivvnHRYFsg3sqg8CIwM/aU8we9hfIiSdILt30s3I6ZkCQiT/sfxzGV3J95Vezu7mKNZmdnh1ptsRJECMHKSpOVlSb9fpd+r4uUiqhSWbp15Dbcc4pjzffdhDfLZic9Jolz2+fiXItpFJPj+ceMtWT5goLWGt8PSLPM1a373sLJYPFehbqs3F5uT3EEryXJMlbXqjTrFZqN6FQFx27P8G3L8PzAtU+9bSSxpT+Cdmzpx1D1Tg5phADfE9zfWeXXz1rOlpIZ0iSj4gel0sIYjRRqjve9+GcqXrdIGZtqt2/LgrWWLCvUsUyqYo2GKxKgl4U2rjK5xKLjOH+sUCJOJumuPjnMx5CH+2+IqnXWN7eYLyJxarANjo8OaK40y8dvQw7HIgS+R7bAsmKtd0LxfB50PvYurh1xkqCkdC1LeQvTTaJWrfLk0SPe7O2xv7fHYDDg8ePHt9421Fxp8pOf/IRnz55xeHDAeDxic3OLzG/PPG/Z5OA8udEfDGi1Wmzv7LC5cYMKGJHPg3MWVc61Cx0eHgKGRw8fUK1FWGPReZD+9zWbbTQe0+v12N7eZrXZPP8FF8DLly8Zj8dsb29feAHixnFDt9VqtUpYcdk1r1+/ZjAYcO/evRvPG5FCsL21xfbWFqPxmHa7TafdZu/gkP3DQ2rViEa9UVaVn7+9vNVqSn0uinY0JgvXMBlHlXfIIhSrkMllmfOYuu5uR3oUKC7CRQXe9/S8+YDvKRy5YcsJm+fJPHRzciAaP7+olwSAKNbt8nA+d8NTRpZNFmdB4I53t3J7Mj3d5Xi4WkehT9duz5AbpS1lOoR3vubUnbpuFXZyky7qUT1PzTwPXOOD51mkkCeaFlzQ2WTyY4w4Oaua2V8wOnsnk8kkjk8Opuf3dWaWYq+selg2ikrPgsC6yPdXWkusvfJN99T8jTi+9sBr0O9TqQR0Wod0223qKw0ajdMHHPW6k6UPhwN6vQ5Yd86eVTv5fYZSCimddUabaYunzjMb/FOPg+m1iNl/cJN0KDKGDLW6X/7dpBkyb9VYuOrtLn2OKMmcNcViyTLDOE7wlSTwJVF4+n08MTDKXG3ru4x/aHUtB03L3tCyHomF1bE6P/Yf7qzw3W57pj3Gx9lqbDGxnrl0XGF0uUCqIaS7Zl6ixfdMuInZrNUNwBi4qlh2ftHwLBhrEfm1KLhQaJy7Dy1+rqsz7PV67L95xdrGFtFcTkmlEtFortIf9KlP1eqetk73rrHIspJlLtfmIpYVmLWTFePv0WjE+voaSZyQpGluh7phy4qU3Lt7l2pU4c3BEV987iwrywpzvCl4SvHJxx9Tr9Vc5sBozNb2FrVq7YSa4zyy7FwS2toFuRsZBwf71Bv1G1K+uPFfMUYsxrFCFOPSyb7VaxHV6KFbyBCQZYY0Td3Y1Noy2P77hE6nTaVSWVqOxP7BAa1Wi9Vm89ZnziwLSkq2Njfp9ftly8r9+/dZW1t7K+8fVSpEd+5w984dev0+nU6bdqtNfzDCU4p6LaJeq1E5Q/kkciLDzY3ECeWuu/MIrDX5uNc6gkPrvGaPYkk6D1P0nAS4uHAncZJnD7w9z/MHvP+QsmgKWJSWMYs0zfA8VdqhlJKlciEeT4L/omoNm48yk/GIn//nP6PbaeF5Ph9/9iM+/eFP3PGbTwDOQyFbLFZSnn37G/Z2XwFw58FDHj35xH0OKU9OyqeQZdkMuaFyWw1IpJx8F8VJXMDZZiZqk+LfhXD+8dbRYVk3t7GxhcoHQ71Omz//k/8bgJXVVT75wY/YvnvfydzFhBZZBGtdxWnRFvFOVsztaYPlk5gOfnzXuKx6w1iX0ZLESZ4rsbz8jXEcY62ldklZ4DQGw6GbJHr58WoN4+GIfq9HtVajsbJ66v2gWq1RrdYYj0d0u11GekQljG6N0maZEMKpOZSRZNrMqDmyzNk/fc9HebO/r81X/2ceyzfo+4o0tfi+R5or0sCW31+aZhiToeQs+To/abf5QNkY19iQC9SQSHxv8fFWEC8VBYc9S5a9uwGytfCmZ9ntWR7UHckxDyUESrnvzPcKL64oFStW5BYV4wZBgokV4NLExIIJk9ZO6XedqXhhc3RZSabkdJMkLQneyyhOrgNrTKnCKMaBk/uAI9AhlxDn37NrBGLqHpXfE60hyzLCIEQqRad1xCgIWd+YlUw36itkacpwNCaKTg54jXWtZzbPtnIr1C7gt2gqEUKWVcqBH+D7wY0txBWWlTTNyjFyMV72ff/c678QAt8PkNKUWRzr627iUdrGtcZYi+/55ecobEHLHoevrq4RVSJe7+3z7Nkz+rma49asdJ+CnZ0danUXQPp69zVra2tsbGzMkBxn+ceuWil7cHCA1obHj5acu5FfoD3FnHV58aBVCEE9v8fPfpYIa10O12icOsJjTtl3WzEYDkiSlCdPlmO36Q8GvH79mmr1HeduvCM06nUqYUir3eb5ixf0czXH2zy3G/U6jXqdB/cf0MpVHe1ul3a3TxB41KIqjXqNYIHCRBRzxVPur9NKLWvBS+IYUwSFTuVpqNzb7ClFojVJnEyIjVt+ofuA7w9kbqNQ0lX1nXV70UYjlV9O/goLBsDB3ht++Yu/onN8xNrmNv/0D/6Iar2BtZbxeMSLZ9/S7bSQUrKxma9IiIuxGyL3f8l80BaPR3zxN/+N58++AeCjdos79x7geW4QJYXAnCKJDHx/zrsr0FoThsrlNMhJeOkswQFK2Ty01E7dwASjQZ//+pd/wesXz6ivrPB7v/+HPHryKWAZ9Pvsv3nJaOQmlVvbd9i++yD/2MXnP7mfjtyI3UBbiLINZJkkh4sBKCYDE4+3tbYcyE8we82ZHUCLGYXZ9J/Pg/u+l58bNE00XGT7s4TI1VVx09spZmtJ7Ko5TrOVXASDvgtwqwR5po1URLm0MI5j3uy+JKpWaTSapx4jlUpEpRIRJzH9bodRd0ilUll4I/u+Q0pJICXGyBO2lTRL0EbO5HNYrFNTzSM/D3zfczkfUKrVjNZoo8t/08b9XeVtMq6GdhLsIaXEostzTEgJVrO9UcU7JfvHAv3E8v89NwxGy/2OLg0LSQJDN99eSEhIKVipRdQqfTwpSLI8PN1o/FLWOlFGzA6ILhmeseD5Os81Of+lxXXcAKas773IrONtni8FYT/d8gTi1HNcCEGlsnhVdJocEwga9QaD4ZBOp0WzObuSuLa2wf7+Ht1uNyfxXb2vVBIpFZ7yUL5PoBRK5Ysd3km7VpzEjEdDBqMBJtP4QUAlrNwI2eH77rqd5ePlIAwu1bLixjOhCx1NUzzfL1XV4Aj8WGv3+wsx1b4WLH1MHlYqPHr4gP2DQ44ODxnkLSu3fVJYr9X4aW5Z2d/fZxzHbG1uEgQBI3EILFZrXTR3Y169cXx8zHAw4MlHHy2xitXlx3nSaTUEAowhG/XR/WN0vwuA0TFZOkLEY7AaUNhKBeVFKM+dg6rWQDU2UFEtJ8QFYeARJ1lOdCwaa90edLs9atXqjGXtqtDG8OrlS3zff7e5G+8Yvu+zvbVFp9Ph+Pi4VHO8i6rotdVV1lZXybKMdqdDu9Wi1enS6nSpBE7x16jXLpxrNK/i8IydrDKRJzdPD7CldOGNSsoLv8kHfMBFIIRASafG8DxVWkkWwVqLZ1W5YjR9MxJCMBz0ePbNbzDW0Ot1+Nnf/12q9ckJG4+GwEmp70X20eVcyFKq2+/1eL37onzOm1fPGPb7NNfWJ4OwM6wvge+RpvmqvTEloeF5srzRDgcDWscHpElCEIQ0Vpo0mqsIYZHS+eDdd2DLfRjHI8YHI9pHRznB4VBMjMbxxWYohXLD2IksuQgfdvt5NZIjSVNMpiezkvMmFFP/FobBqQMQrQ3g9k2b+WXwc95DAzZFKg9PyaUMFIvffVIXev51M8sm+33aZPNi7z0hd6SaKDiiKMK7xvW7PxgQBH55DqipY8BVxobEScz+3mvCSoXGSpPAXzwRC4OQcHObLEvpdV3FbBhW3ku5qJSybCU7LZ9DeR5YccphOjnHfd/D8/2yhlR6CmkUWmczag6dhx17U/dxiy1Db4trktEaJQR+4J1QlEy/e2tkSTInhX4rzSlnYBTDOLOceYrkmSVSKWyWkaaaIJ982lynKnFkyOzt4LLKi5PPLTJTplfVnSLDAC7Y+iwiY7r2+MS75aSUtfYdjcVyZdAVfUozhH3++WvVKr1eD98PqFZnFWbb2ztk2oX4XjV0NAxCwiCk2Vwj05rxaMCg38Pz/Bu53sxYVor8uku0rEy24T6zq59O81w8p+aIE9fOppQEa52FRSq8JSvipJTc2dkmiirsHxzy1Vdfcf/BA+7dvbvU97kJPH78uFRzvHj5ku3tbRr1zZLkmMZFVRvzuRuD4YDj42O2trbY2tw85VWXQL44BhaJAZ1hhj1MlmCyGNNvoztH6EEHAK3H6DRGZCloF3JtgwoqiFCeUz7J6gpe8xhZX0f6IVIF+PUmygtJE0WSujiC20h09AcD0jTl/v3lqDdevnjBOI7Z3t6+1SHGMzhLYn1NNJtNKlFEq3XMt999x+bGBjs7O+9Eqe15HpsbG2xubDCOY7qdDp1upyQ7Al9hp+zXZ0HkrntrDV4he/SUhzolTyO4RjDdB3zAaSiCMh155i440y0SizA/wC5UE1qbUok04zE+4+Z11skybUlRnsTzZO6xl3z1+S9J04kdYjQa8dXnv+Sf/MEf4a4NrnJQZ6Kc7M6/l++7aknl5StSnltx3dt9yddffcGLp9/S7bbzPA2fWq3O449/wI9+9tusbWyhlMkThc+5OV9hpSrNXA1hsXLkJml+KZWFayg5BHOrgcuA+24vamWZR5KkrtbX6EnWiudd2Uev9aRRwDtl4nji+ViSOJmxQV0WxpipYFYn5XMKpjFb10zOHvT7RNFkQqDkyd+/mEwkacrxwT7K82k0m1TCxb5Kz/NZW99gxazR73Xo9nr4nr9Qlv59x3TrSpHPARAEeeivVFhOHr/z140T6eNiEsZbEJkSgcGWhKRTiYiZ8avJDPE4Yb0ZOQWZfzJXCNyZpQSMMsto/I4HwPnuPW05m8pn64tPUGdPUWVLlDVOHZFlBqUE0sjcquKubWYq++YymG6mAdc0orUh0waTuRDq0vY7h+lFpfkcISkl5PaZwvZYWArfNubVKGd5pM/f2OIPUK83aLeO8Hz/BCm6zLweT6kyF+j4+JD+sE+9utzabDirZeVilhW3jck9wPN8hFT5YofPsD/AYPEDp7xy92VXmX0Ttr/myorL5djb59XLl/T7fZ48eXwqgX1bsLmxQT0nOfbevGG8uloSEYuIjnnMExrTyLTmYP+AWr3OkydPrr2vTrFR5GlIsixlPOhhXn5J0j0kjXvIQR9hs6kBrkVIhYnqiCxFxkNEPMTGQ7LivG3vEr9WmGodr9IgqG9S+ei38GorBLUKNSqMxwnDcUwSn06uvgv0estTb+zv79PudFhdXf1+LaTMhw8t+RYcBgF3du5w3GpxeHREq91mZ2dnOYTdFVEJQyrb22xvb5dkR7vTZtAfYY1mPB679ku7uCrdpS0CWDwlFcp7N1V7H/B3HLlgoyATXjz9hl//6nOOD/fPfWlYcXaL3/unf4A/L9ldeBFYMHi3pmRMRG7ZELn3QQqBVCL3tefniBQ8/ebXfPXFL09s61f/479z/9ETHjz+KE9QF0hh0EZP5Mcl0eHktp7ntu35zvb1za9/xV/+uHSq5wAAIABJREFU6Z/Q680mgGdZSqfT4pf/7a94/t3X/OM/+COefPwZUl5M0nwZJGnqwjFnAlAVSVFhtwySA5j8HtOBqoVzRkwFgl3kujQtmT7v+bN3DK2zGcIliRO0dpNQCU69dknLiNZZ+YHEBewpdlp1cQ27jJkiB6Vw2ynahq4jn+0PBhhrCacGz/KMiUfg+wS+C9vrHB/SkYqVRpPolH1QUtJsrrmK2W6HXq+HVB7VqHIlT/Rthu97KOuqrM1UEGmqNeNxDMpDXeIYkIJ8lXdWxVEQqGmckGqdz93zDB8oz2FnqZNkGoIFvNogsfQS8GRu53iXxm0LQkLgwSB1dpB5EtJaSFJNo14h8BWJBqFc2JCzphT5RnLKHufgVsXP3w232GmBCYlRElHCYpQtN3uaIqOwyQipJtlNcOvGYSLPASiO06vmFJTbKjBFJgkBtVqNo8N97ty5/1bO+fX1Tfr9Lp1Oi3qtcSOKmMD30FqQ5sqt67SsFCv7AOMkoRo5ckMpOWNhsdbg+cHSQm4L+H7A/Xt3OTw64vC4w+d/+zlPnjx5ayGFV0UlDPnhZ5/x6tUrdnd3S7I/Cp2aI7KbVxpCHR4ekGUZnz2+Zu6GddcKlY+DjU6JOwfEnQN0ex/a+9h4hDQZwuYKPCGxQQUdG8xA49kRQujZx4cZfqiRyiLQiNEQkoRkPECbGNncIljZIGxu4fs+1XxfklTfCiXHMtUbvX6f12/eUK/VWHkHNoyl4HqxTudifW2Neq1Gp9tld3eXTrvNnbt3qdeuntu2DBRkx/r6Oq9ePafbaSOkRGvX7DWtsJ++d7p8QYn3Pga9fcD3DPlxebD3hqff/posvRiT3Ou0+dnf/4cnCY6FWHzRznKrh1RePuB0g1+XCZJn0eRNJM+++w3/9b/8WaneKIgZYwxxMubnf/6fsNbw6KNPEcLDSONWC1VRzZgPiK0tt+37Th7+4uk3/OWf/kfXNpGjWq3j+wGDYa/8TtrtY/7iP/4HgiDg3oPHWDvbDX3Bj70Q8+SG5wXlwC8IwuWQHPlFqGiOWQbcdq62Lc/z0MZgjEZnZkYFkiQpRmsyrZ2SRzq1zZmOF61Lz3pxHJ0JO5lsIsSpVoGLYCZgNP/d4vEY4Fo3qiJ/I8zzN5S8GOHjeR71egNjNL1em263Rb2xQq12+iCjsdKksdJkMOjR73URQhBVovcq90kKQeB7M/kc2lqkCImzDC1c48pFWTUlBSpva8m0nlrFdZbTNHWKrExnWIOziQFBJSDTljDwc9vBye+4Fgg8aenFZyve3hay1JJkgshjoU1FCEqyQOvZMWGRwo5wHl2MREicTQ1KBeA8rCVfMZq1HApwX1n+JmmaIaUlTgxKTF4spQChULJoyLp6BfR1McMxXPQ1QpTPLTMBrvTeBYt9Mp/KUx6VIKTX67Jy4RVb6+T1WjtSWmfuz5lrG6pEFaKoin+K0qBeX8EPQlpHBwR+QHgDK7tKKYSUpFOWlcu2rACzNb1Y0iym7tXd/Vek6CkLS5rE+EGwdLJMSsXmxgaB53Hc6fL1119z5+5dHj54sNT3uQncv3+/tKy8fPGCza0tVpubV7IAtNpt+r3+tWt0i7B4JUEISzbskvYOSY52STsH6H4LGY8Q1lW8GulhtYQU8Gft3MYIyMTkcSGwno+2BlKDCMBkMaRjdDpGDjqYQRubjPAbWwTVFSAE4ltBcgwHA6rV6NrqjSzLePnyxfuRu3HDP0kQBGxtbjIcDml3OnzzzTdsbKxzZ+fOuykYmIOnPDzPoxpVCcPQXeuNKVvqFpEd736vP+C9xGXz2gqsb2wz6vcWbxMnwx8O3YRrJlDxCnChuQJrBUp5uTxwKnMjZ9XHoyH/4xd/zed/89fEiQtsjKKIx5/8EIHgm19/QZLE7O/v8v/8u/+T3/qd3+Nnv/MPCSsVpM0908bm+R+2ZGOLvI40SfjFX/1FSW5EUcSPfvY7/OBHP6VardLptvn2qy/5/Je/cLkFvQ6/+C9/zvb/eg/P808J1bzc1TBNM4zWU7Wm/gl7xdJIjivs301C5eSF7+VWJ+MGyOXKWJLmlbrmzLyOYoJZbvcCq4JFZkiSpEhxvRVcPaUEKSZ54zh21azXuEH1+33CYDLhviwJI6WiVq1hrWXYH9DtdKjXGzTOGLzUag1qtQaj0ZButwNGE1Wq1yKAbhuKfA5jXA5WmmakRuD7HkmauJpnoS5OdCiFkAqdZbnNQZCJzN3ks4xMO/tZnGalrcXz3CTfsviarfOK2MADzxOkyeXO2x/9839+qeefByEEjRAy49QljeDkd+MpiJOMwBf0R5rQFrJVp6RTUx+0mHRPq17mvwMhZrN9JlYgMFOHY0GeKKUIlAAhb50i4yqYT6a/6krifBXqPIIgoNVuUYmiE/YHay3tTos0TjAmKz3WZTi5UM5+JCS+5xEE7r56NOi7FqAwotFYwZuzW4dByJ27Dzg6OmAwHFCrLn/FUgpBeE3LSpnjk2asr6/THwzKa7rv+QgkWZaU322SJDdSLSulotFYwQ88Wp0+b16/LgNIoyg6fwPvEKvNJrUf/5hnz55xeHBAPHZ1spfJYxgOhxwdHrK5tXWt+tyi9lUpp0LTWjPaf8bw6d84K4rJUFNjJCsktlIl62vMICFghO8ZbNXZT856XI80QT1E2qS0sRCPSFt7xPvPiB7/FvUnf48wDFCex2iUMBy+u0TpNMsYxzF3l5D18vLlS5IkZWdnZwl7dgtwg5kcBarVKtVqlXanw9HRMe12553bVubhmqd8fNyccDHZIT4QHH8XcVXy4aJI0wxrzfnVbLnDwuatIL/9u/+Yz378s1NzODrtFr/8xc9LgsMPAvxr5TkIpHTEhiM48kFvPqA7Pjrg5dPv+PbXv2J//3X5qmq1zu/+k9/n0x/9FIFgbX2D//7X/4XhsE+cjPnrv/xTXr74jo8//SEPHn/M2saGazCweWPCTE6CYPflM/Zevyq3/zu/9/v81j/4vfJ521GV7e27BGHIz//zfwLgYO81b16+4OFHn5Bm1/NOJmmGMdPkhnfqwOjaJMctWAU+C27QEeD7+artvIVlOq/D2jy3yLXM2Ly2b7oC+DxMH+vXsqdMB9oK4SbGuAaVjY3TvcTnwVpLfzCgXp0MXtUVffFCCKr5dkajMb1+l1qtTr3RPFXpEkVVoqjKOB7T63TIRgOiSvW9qpiVUuKFIVIbMKacQPu5ukgqdeGAWClATn83ykPgVrJctozF2lFZ/5kFHr3BmAfbzYXXaiWg5kOSzbZgvCtYa8mMoBE4dckiCIpMpvzvuT2lJBvmVBQSyqSM0+bvUkiMdb+NyLfp2jyc6q+YJAXSEnh26RaBdwoh85YGlnD9nozQF41D1lbXOHizy/rWNlFlsjru2lkixsMBK42LNXkU4cfgFBD7+29YXVs/EWYKrlq91+vQ6XZp1OrIJakLpxH4HlmWt6xMWVYu3rLiLK0602xuzJIJnqcQMixzOibVsu59lwnlefgmZK0Joe9x1O7yt59/zuPHj9m+ZtbTTcP3fT799FPe7O3x4vnz0rJSreXH2hmHd5pl7O/vU63VeHwda4q1CJxyw6Yx8aDN+OAl6cFz5GiAsBrr+Rjpo7spUmZ4oUGMR3jCQA2oVrAmQ+j03Me9yEKiMSmksTexrlhnXUlff0svS4m2HuJVm1TCAK0zkjTL66rfLuK89a3ZvJ56Y29vj063y9raGuH70tR2w5kc01htNqlGEe1O51bZVuZRLEifJDvMB4Lj7xJc0FqGQNzYBCFNs3LSlqbJ2SRH/rjFYIxr66mdMXhprm7wmy+/KP8e1WoEQYi1XEnCbnP5sKs+FgyHAzrHx+y/2eX1qxccHewxGPRm5LRraxv83j/9Qz76wY/yij/4e7/7j4hqNf7qz/6kVGG82X3J3utdar/4OZs7d7l3/wHbd++x0lwnqlbLbQohePnsuwmZsXOPH/3stzHGkGU6Dxl1GR0//e1/wDe//hXHRwckacLL50/ZufeAbCrwFGA8GmKMRkrFaNhfMCid/D1N3YR9Yks53x+8XCXH7UUxoPSsLaXP82RHlk3yNib2FlFWeZ4FY025eg8u7+OqmMnfILenJAnGWmrzwZSXQH8wACD03TYdM359FUUUVYioEMcxe69fEkU1Gisrpx57lbBCZbtCkib0uh2G3Q5RJXpvKmYFEHgKjWtfyrQhzTKU8spVCc/zLtdXn5/mMs8R0sZts1C+BUGAUgKdWdLUEIaLf9d7DcGTNcGrQ0H2Dga804gqgsgTeR3rSVhriVODUpLhyKkyxBTbULbKWIMoLDliUg9zWlWslIJCxFFcF6QQCGlv0hp9KzBDAF2T4JhRg5xid1lZadI6Pia8W5lZXY8qEUmtTr/fo1qrXWrl3fd9VnyfXrdFHI9ZWztJ+jYaTfygQrt1QODdjGVlpmUlJzku27JymopNSYkMQ9J0QnIYo0lS61QeSzxQgyDEGkO1CmHoc9Tq8ezpUwaDAY8fP771yqU7OzvUajWePXvG7u4u6xsbrK+fnSeyv79PpjU/fPLkep9PCpRwq3tZv0188JzkzbfYYRuRTY/l5t/DNejhW6wAoyUkAumlSGGxvpw8ngpEAFJahKfBaDIbYD0fhMFKiRUKaVJM94AkGyONgZ3H+Ks7RJUAYy3pDdlVhsPhqblgRdPhdcaT1loOj47ymtHlBwm/c9xwJkeBIAjY3toi05rDw4NbZ1uZxzzZcfv28IqI45hxPEZ5HjrL3qvB73VhrVvBK2oCgRsJli3IjbJaNE7ym+3J36GoiBXS6aO11hgz8UgDM3+WUmCsYThlX1ld20B53pWDzybBopClKT//iz/l6y//lmyBIqLZXOPjz37Mj37226w0V51lQWssThL96Q9/wtb2Hb7827/hm1//il6vg7WGfr9Lv9/l6TdfEfgBP/jxz/j9//mf5XV/7nMfHuyV73P3/kP8IMhlpinWOmtLGIZUoir3Hjzi+OgAgMP9NwyHfYye9Y6/fP4dQkqUVOy93l04KLXGkOVMZwHPUxcOP/P9gGR6tSjLkOoyzSO3ewA0DSFEqWqZ5HVoTrbBiDPVL/OY/t3mQ5IuCz21rfn8jVrt6jf4QU5wlKoUudwGnGKVNUkT9vfeEIYh9ZUmYbB4chH4ARsbW2RZlq+4LqditqhGduGfrmpVuqV5jDYoT+Er70YmPTBZ1xbCBQdKaUgz7axj1oWTZlmGFs5Opy5yopUEMmV4chh4jJRCWQ0otLZuW2cce9pAxRNEIfTeYdC+kGCMs8usReLUMZ7ONGnibDiFVav4/EqqE7kc0+SFIzoWTCCnwjqMMbk6a/a6Kqa+7/cKp4SDXmlT4vxNSCmJwpCjwwO2tmal5c3mGkEQ0um08JRHdIlWFwHUaw1GozF7e6/Z2Ng6ca2uhCE7O/c5OtxnMBxeK2PhNCyjZeU0CCEIgoLkcGMwozXW866cnXIagjDCjDQo2N5cpdMdcHhwUFpWGrc80LFRr/PTn/yEZ8+ecXBwwGg8ZntzE39Ba+Th0SGj4ZCPPv74WoHdk7YUgdaauLPPcPcr5KCHmLaYZgmKBJUf3lYobKUKU20pyVihY4+glqE867I68sezNCxtKSIeAiCrCj8IEcMU6/nYIMQO+4gswfbbDM2vsUGA19wmzCvuh2L57SpplvHy1Ss2NzYW5mJYY5BCXI7Mn8PB4SFZln3/czfOwlu60VRzxcbKygqHBwccHh3RbrXZuXPnVtlW5iGl/P4THKPxmCRJqNZq7Kw/QOU98Qf7ewiZ4d9ClultQuuMLM2wU6vMSZy4XvUl1v/OkxvT75Wk6Yn3ktLlT3iemkzuFt5/RUlEHOzv0mm1yn9Z39gqB0tXIzhcFZ+14Pk+q6trU5NM55td29ji4Uef8MkPfkhzbcMRDtrkoaHuzbXWSCtZWV3jn/xPf8SnP/4p3371K14+f0andVjmdihP0Vxdz8kNNzw3OiMZx+U+FU0TLlG7WMUVuSJDEEWT1fg0cb/jfDjewf4bDvbfnPnZrZ1MsIPAz8mNixGC1lqSxCW2TwZoy09uv42Y5HX4M3kdlyE2CkyHgnrXlERrMxmETOdvRFF0YXvDIvR7vTx/w/39JtoGwBEXgR+QZhmtowOk8llZWaFSWezr9jyPtbUNmqvr9LptOr0ugRdQiSqXGsYnSUycJCAEUVSlXq3he/4Jr36cxMTjEd1ejzC4odVdAQkTosP3JUoakiSb2FZ8jyxLMcIp3s4jOoQQCOOsVL4Foy31WpVuf4DEI0sThuOU7mDEhlctbXoFZD4hrfqu0vZteIDPQi2CP3wkqQenT9cybdg/Grp7gzEluQGOnJA5sS6mrvUFTuU3pu4vEyvY3JOKbKUrfK7bjOnPbpag4ChgjeG02pogCEiHQ3rdzomsnsK21um06HQ7VKu1S43zoqhCmmbs771mbW3jRLuTEILNrR263Tbdbpd6o34ptchFcZpl5SotK9Ow1tUVa21Is5QwCG9EUSGEa7MbjRwJ3lypEVUqHB63+fLLL3n46BF3bnn2gRCCJ0+elAGkL16+ZGtra2bVv9Pp0G61uXvvLpvXsHtCEYxsSUdDRq++JNl7lttSDNYLSluKCCUqkoh4jI5Ba3miLUUJjfI0VCukyaQ5RXkW5SWlLSVLA1TDRwgLwyHpUCA9jTJDRNEiaE1uV/mOvrHUH/4I348IjVNxWLM4gPkqeP36NWma8vrNG8ZxzL25rA0hBMa6YP6rkhydTptK5foLH7ceb/l+vLm1xcrKCvsHB6VtZWt7aylVvjeB7+Xs31oYjUZok1GrNdicY/mFEKw0m3Q77fee4NBaL5x0OItDHiY3lQsAE+JBS7mUCUuaOnXIdIYDCLIsnZAcMENySCnxlMRTCiEFOsuIk5gsTZw3PElIkoQ0jZ0SJEl4vfuSwXBKwbG+QXl2z53kaZKUctg4mbVwTPZB5B5DNzJ98smnHB8dYC2srq2xuXOH9fVNao2VclvW2LK1pBisWdzATxow0rCxuc36xiY//Nlvc3x4wOHeGzqdFmFY4fEnPyj3dcH4upz0CiHwfFcnmWWGQgQzoy65xqClkG37vp/bdC6udnKDsJzcsNaRG+9Ry8VFMZ3XcVkUrTrFd3it/A27OH8jjmM2r8GwG2sZDIez+Rs3fD31PQ+/3kDrjE77mI6QNBorC33z4FZDy4rZXof/n703e5IsO8z7fme5W+61996z9AxAgCAWiTAJUpTIEEVKtsIRjvCf6Hc/WZYVtE2ZkkmCJGQAgx0gZrqru/as3PNu5/jh3JtLVVZVVmVVb8QXAcxMVVbmzcx7zz3nO9/S7/eQUhNF4YWTemMtw+EAi1ssbTRaFzYtlAj8gMAPqNebnLZP6Ha7VCqV25NpLtj9d1kPAq8MGMzzOaLDZG6BeFmzjxCusYnckXNB4JFnhkpkGY0S0tyS5haTW9fksmB5Xg8ED+qCe3XByal9YzE6Wgs264Jx0Y5y0eiXZjkG49QCuHyMMjfjLFyjFdMmFaYMh7Xlgt5OZAeepyffAWeUgxbw3qFhcNm7h5gZ22/DorLsc1UrFTrdDn4QLiQUm801okqV05MTkiShGlWWflOep2noBqenJ8TJmFbr/E5vo9HC9wPaJ8eEYXirG0IlFllWsqIFxrtGy8os3BzBMhj0kUK5xeIF88RVIaUiDCLGsQul9H3Fg/v3OGmf8vyLL+j3ejx9+nShKuJtwtbmJrVajS8+/5z9vT3GrRZbm5uMxmMODw9prbV49HDFthgBAotJxyS9Y+L9zzH9EzBg0mJEk7PjycUkbp5JJAbpGawon9w1p0iRI6zBCIm10wYkYTLIM6z0ATOxwxg01iikdXaVlJyktYnf3MH3PLSSpHY6Bq6CTsfVwJdot9uMx2MePXw4UXqXFqw0TVE3JCgqUYWj4+NCZfweK/nvOJOjsiBvww8CHj16RLfb5fjoiF//+nPCMKTVbNJaa12ovn0TeKdW/8YYRuMRxlpq9Qa1S+oGmak2ex9R+rInO1LFCV7mbJQ+timxIYuUeOtugEUw4qo3vQm5cUGGwzzJIc4HXgmIxyP++j//n+w+/9ypEvKsaK24uCUl8ENql+R1HBaBYlJJDl7uXvg4Iadhc621Df7Vn/674hfizA6fm8wKJVhmLSqlotFsUW80efrRs0miWvmcUjiLitKaKJruIJ0cHRZ/L9BKEUblYOEIllk7S6VaI/ADRmLA7MyuXm/w8OlHABztv5r7G/fW3GO1pwtv//KTjzRNprkR1hYEyTUmYXfszZ2dNNuZMLuZH1I22bwVjRzFwRlrb7zLVtZ+wnz+hrWWavXmctpJPWyRvyGFupFS6iZQSlOr1jDG0O/16HZcxWytdvE1X683qdebDIZ9+t2OCyYMwrkxbhzHpGlCc22D6AJ1yGUQwoUKx0mNTrtNnMRUourKp7WY2f0/Y3wAKOqqpduZNfmk9SPLc1gyn6M8xrIdSRS1pS/2unz0aB11wZvQEnYqgq2aYK3hSI43oeSQEu7XXUWsf8FbtRZGcUaSGtLcUKtGaC2Lv3cNWWff5ewi0lpbhGTbyfixCMaac4vPmXXGe4vVq4JnCY6rH12v1Tk+2qe5tk61ct5q53s+2zv36A96btc2CJaeYAsBjXqd4WjMwf4eG1tbqDM39zCM2Ln/gKPDQ7I0m4Qk3yZKy0p6zrISF3Xqy9+nytrcJEnJ0pyoEoC1pFlGbuytB44CKO3hWUNaKFWxKVub6wRhyNHhIf0il2Ot1br1175NRGHIl770JZ6/eMHeq1eMx2NMnhOGIR9+8OFqTy5AFhtp2ahD0t5FDNpgLSaokvbGqDTBj+KJLQXnMEX7oITAVGrYLIXhmGyQoLwcFTlbioRJc4rNUkhjbFhB6hQdD6HMaVMKXQsQWQpxQXDYiNxU8dQJMkug32F0+ByhffzmDmHgFeGNqw/4s5uNslBqjEYjfvnLX/Lw4UMaMzlcaZreWIGxs7NDu92m0+2yvr6+kt3lncAdZHIsIjdm0Wg0aDQadLtdup0Oe/v77O3vU6tVaTZbtFqtldTDt4F3guDI85zRaAhS0ai3zkkKF6Hb6RBcsSv3LqLsfJ/NesuyDK31NGcD5hQbrvJTzz2+9HyWf3sTnLWlnM1wKJ93luRIYUK0lGtNIQTD4XAS0DmPwiN9RiK3ub1Do7n4hpllKd/7m//Czz77AQDDYe9Mj3zxzMKx5nsvn3PaPiZLF7e3LItl5/xaaza377G1cw8hFA+ffMjui88BePnic17tPuf+w8doTyOVLcLsXBjp3ssXxWsJHj35gGq9Qb/fm3vlh08/4nd/7w/RnsdPf/RDTv/L/30uV0QIWUz4/aUnrWmauMlT7CT9nqevT5AVr5WlKbOHdJaIvvDPF/zbTVdaaVYuHDXqDlLzL4OSklzKqZoqy+fbL66BWSJwYk8ZuR21VfI3+pP8DXdct6XeuE6Lk5SSaiVyC9fBkF6vS61ap1aoqhahWqlRrdQYjYb0ul2szfF9n3gcE4QR9+6vuBOHU3Rs79xjMOzT7Zzia4/wGnkAi6AXERwzP3BZMApphcuZmLOtLM7nEMJZ/JSQZJhJXpHna7LcSYC1gpcHp6w1KwQLLC8CqAXQCgS1SDAcQ5y8XiWHUoInW4KP1iQP6ouvVWMsnd6ITn/MYBDja41UjsTxtHZktpxvKyrPIcG0Kra0/KUX3A8Ei60sl6lK3mXM7yOvqOCYJTiWeLyUkka9Sb/XYdgfsLa+vpCQr1XrVCo1TtvH9Ho9qtXq0sR7JQpJ0pSDvZe01jbmNhzAEWDb2zt0Om333LXanVg+PE8jVmhZATcHs1ZN7GRpmhA13EZgEick1qA979aP3/cCbG7IcndTz7OYRq1CGD7m6PCQX/z859x/cH91FcRrwONHj6jVXABpmqZ8/OzZyko9lylhybOEpNcmO9nDZinC5Mgsxw9y8DQmCCa2FGM0qu4hbQppRnaaOFuKB7rlI202aTfKEulsLDgbC7mdPF54ztKSxwYzyM9ZXUSeo9NTBG68M3mGOT0gq2/gNVweR5rmzga74qBfEhZf+fInRFHIz37+K3r9AcbaiT1obc2FvaYXKK+Xgdaae/fvs7u7y97eHhsbG++/XeUW78dXkRuzKIkOl4vWo9PpsLu7y+7uLs1Gg9baGq0VG3Fuirea4EjTlNF4hNI+zfVNwuDyCaSxxiXsD/r4fvBeVQnOWU6YEhhJnJDnMwGiM3YUrTVKnW9zcGSIuxFlRVL/de93i8mN84SS1hqLdQ0UxWIO3A6tNW6XzA9C1jc2OXj1AmudBCqqVAmjCp7vA5ZO+2ROifD0o09Q2ism7OePL8szOp2TJd6J5e//+q843Hu1MFz0LqC15sGTD/mzf/8/YS188PEn/OB7f8NoNGI0GvK9v/2v6O/8EVs7D1wKthAcHx3wvb/9r6QFE19vtHj84UeFV39+8rO2tkG13sBa2Nq+t/AYpBRFQ8Ny3sosS+fIDSXVjetCwTXnLP75zVGqSoCLV9AzN2g/8CdKqCyVLnhXyTvxWy+C0h6m2PXK82yiKLnu5LOcVALTgNEkWTl/Y9DvF/kbUxXBKjDWkmeOoL2urUkIphWz4zH9fpeoUqXeaJ7bdS0xrZiNGQ37NNevVm1kWUaSOJVHSYoGQUClWl+4C1SSKaenJ3QK28pNbJEuJsL1Spz7HfPXhRQS6bm2lTxblM8hkCXRYWd23QvFhsW6diAlC3kzjFPDaWfIzuZiQizSgm/ck/zkyKAUk+d5HZBK0GrAdlXwoHqxekNKp9ocj1PGiUFqWai+nfJuFmcvsdKCeJbUkO6Jnc1FlITRxdJxLexrS7h/XRBFUFW56L5pqPe5hhq73L1HCKhVao6E2H9Frd6g0Ti/uSGFYH19k/F4ROf0BCm6LV/dAAAgAElEQVQ1lWg50tH33CbQafuEJIlpNs83apQBp+32MZUwuhPbxW20rDi7XcL6+hpKOdVdVs6/kpQkSfD0DTYnrkAQRJiRwRSL7jyL8aTHo0cPOTw65tXLVwz6A55+8MFbv9hca61Rq1YZjkart3AIpz7D5mTdE/LTA/LeCTLPXPYFOWjI0eSZRikPpJ1eHmVQXJqCdj9UnkEYA7NTVmsRWYZQFmvF3OMnT1Q8xiKwVoInkCIFkWGshxAGYXJs74Ts9ICstoFXX3PWvCxbWcXhBwH3draIiuvy008+otsbcNrp4XkenudN8j6SBZuS18HmxgZRFPHixQsODg5otVo03vLg25VxC1aV65Abs3C5aGusra0Rj8d0e126vR6dz7u8kJLWWotms/VaW23eSgYgSRJG4xFBGLGxtYN/hRIjy1J63S6j0ZAgCJbuSX8XYApLSZn7MKvMUErNkQYl2SClRGnvQlmW1s6aUN7wsiy7Fhm0KHPjMpuDpz0ETCo1c5MXr6lcBoaET7/yO3z06W/hF60KfhAgpcJay8nRAX/5n/7D5Pk2Nrb5+MtfKSbui2eTnucTFISYMYbhsH/pezI2n6hf7hrCzH4vlvXNLT758m/z/e99F4Dnn/+K7mmbxx8+o9FocnJyxO7nv6LX607+6uNPv0yztY6xdqVAsmWQZZn77gooqW5OHgoxkeHeCGd3EOYmzEU2yuRX51Yxc48tyRqg8D4byCiaLNRkcnhXOKviyLIMWzTmLAszE3YrivwNa+3K+Ru5MXP5G6JQB9wEE2JjpsUpy3P8G8pGozAkCucrZmv1xoU5GmEQXDqhzrKU0XDIcDTA5Dla+2gl8QuiIo1j9rtd6vXGucDDEq3WOtVqjXa7TZLEVKLKtc8dT4InLYlZ7u+klMgL8zlSKMI0pQSDQFmFEa5CNc9dw4inFXGcMBylxGmGMfZc0Ci4hf5GJPiTDxX/SydDKfdVLrlGvTGEhMCDVkXwpCnYqckLw4yNsQzGKT//4gSDxSsJQyVRSqCldAqCGaJi8jrClcaWyjZHjFzv/LSAek8tKsvUuwJkaYLFkRlztn1r5m/T1k6Cz5eF73n4XpPhaMzecJdma30hYRmGEeG9h3S7p3S6p0RRdan8DCkEjXqdwXDEYbzPxtb2ObI5iir4vmt4SbN8aQLlOri4ZWV5y4rn+ViboLVXnOtyrj72TiwrAoIoIhmNyG3ZOJRikozNjTXCMOTg4IAf/vCHfPDBBysHdt41PM+neSsq8OJCSBPMwa+xx7uo8eDco/JRRpZKxFaErCbz1hIJQSWbPF3ZjFJC+wbtzzSpSXvu8RKgECclY0keS3xGCG0waDKzhpQjPDqIeEh++IIEhf7462gd4nkeeR6zCgLfo/VgftOtUa9Sr1WJk+n8O4oiOp3OyiG11UqFZ8+e8eLFC05PT8nSlLW1tddmtX3tOBvidU2i46bkxlkEYchWGLK1tc1wMKDb7XJ62uH4+ITA92m2nIXlOi1YN8FbRXCM45g4jomiCts7969cuCVJQq/XIR6PicKQZuP9ITbmql05bzkpb3IlUQFucuZ+d/XETHvexDOZmxxll6uNvSpz48LXK9QWvs/kBqtThdIScmgVdU6LdodOjg45nlFvfOmrX6NSqWEvmF1LIfnSV7/OJ7/1FTzt86uf/Zjv/d1fk+eLJMeCb337Oxwd7BPH4yvfx20gCEK2HzwoJoFuBPpnv/eHDPp9fvnzHwO4hPj/9t1zf6u1x7Mvf5Vvfvs7E9vOXTVbAEXIqZtkJXGCVPrG5MZt9mafnWDf5H5VLryNyaeki7X4gU+WGbIsLXq1nYXlLm6KsyoOUwTMXsc2NntOi2I4T1JXL1xb4WY1LOwpQWFPkeL655gpqohn7WWzFdJng4evi2nFbMrRwT5e4EJAlyWIsizl5PiYPEudSiOqLBwDlVIEQcBwOGI47NO4YGHleT7b2zsMhwO6nTbeNW0rCs5xtYWL7lJl8IX5HCYHkyOF+721FqkEsiBQPK3wfUd2n7RHHDUHNGsBjVq48Fz3JXx5U/Lvvqz4X7+fY60gx94dySGcKsP34dmG5DuP1IUhns6eMuaL3RM8LbG5xfM0gV8S/YVV5xLS/1qHtoDI8JTlfbV6zxEclyhUhFRk6VRanqZpMS9R88T2zPNdF5UoxBjDafuYURDSWttYeN02Gi0qUZV2+4QkjalGtaXuE9VKRJIkHLzapbVxXjmslGJ75x6npyf0+j1q1fqdkFqrtqzMhisqpRAyIC2eByjUHLdrWZFCElaqhQquzOSwZMmIahTw+NEjDo+O+Mdf/WpSJ/u+Q0k39lhrSeI++cz1YbXvKnzj8Vz7SXD/KeHOx7d6HCYdkQ975N0jxOkpmeojVbkpZNDy1NlbysdnMWnSx9ocz1PkRjOOk5VsKlG4+LwVAsJAESduw6ZSiTg+PmE0GhFFq+XeKCl5+uQJURjyam+PtCA53uvwUXhj5Mai561Uq9wX0O06C8vBwQEHBwfUajWazSbNRuNuFHG3/ow3wGg0Js0SKtUaaxubV+6cjOMx3U4Hk6WE7yGxkeeZC48rUN6QlNboM5YTrb3Jgug6kzS3e6wmhEOWpVcqZYwxZ1QO8lq7uqV00vcdUZKkiZt0FlWxWArPtCx2z+Hk6IDv/8PfTnzR6+tbfPyl33J1rcZOPOazkErx8adfZnvHkQgfPPuUH3zvu+cIjnKCdf/RE+4/euLqqfL8XO3qrcC64zqbIu9EKBbPD/mDP/43+EHI57/8GcPReYa/Wq3zW1/7Bl/71u+iPa8ImJV3tmOY5zlZkbSdJClSqZV2fO7Ct7wKpBBF7oUuFuPG1fbO7Jq5sNuELBNoLRHy6jDH62BWxQFu4W/yHJYlOGYCRsut7Un+xgpSwPP5G8sTHGeJjVlyVko5+bnJc0yxOF8FbmfXcxWzJ4dIqak3m1faUQaDPmk6plqpL0XaVSoRxuR028cMPJ/W2jp6wfhXqVSpVKpFjeUpUVRb+rrxJKT5fCbNMvOUaT6HPGdbMTbHZDlCyCLoWKI9SZ67zBatFWluODge0KgGhL5PECz+vgMJv/9IMUjgP/04BwRGuPrZ24YQ4Gn41mPJv32mJhkli2Cs5bQ3Jk5N0ZziAq317JhbsBKl1WTl4zvz34qFDbNvNZZ20yxQyi2CUooslVgMJydtlJL4fuCueVver2e+jxtCSkm9VidNEvZf7VJvNheGzmvPY2t7h+Gwz2nn1J3bS4SQ+r6P1pr20SG1C5RbrdY6Iz/ktH1CGEV3EuB5UcuKuYZlpcTspsDEKqz1ndyXfT9ACkmSjifzrDyLUdLj4YMHnJyccHBwMAkgXYWMf7thEUIibEYWj8jHfWw2nnwTJhcYnC1FigxRkNJepUn46NNbPRITj8hGPbLqGiJ4Cad72FEPkxisAaljkBIjfKRJsVmCGfXI4xEqrE7m5DflN/wlKqYCX5JldkJqtE9PVyY4SmxvbxNFkQuR3d9nfX39PT7vCiw5gbgrcmMW1kK9Xqder2PynHa7Ta/fn+R11Go1Wq0mzUbz1jZD3xjB4dJzxxiTUa3V2axfLUUaDYd0ex2whjAI0XcgD3zTEIJzORtKOcvJopuZLryUN5mwaU+TxPlEtnhVlZiUEt/zSGZutmUN07KvX0onPc/tVMdxgo+PMSm+rxFWu4m6FLSPj/h//uI/zmVvPPvyV6lUG1jret6XUS9cRsJYY1w9YuFPH42Gk93r24SQglZrHakUxtjCZygmZIqSkjCK+KN//eccf+NbPP/HX7H36oVL8Y4qrK9v8sGzT2mtb2KtIcvyG3uhl0FuzCTvI0nSyXf/vkJKiS8lVmuMycnLppgCbmKZAzkpEqUdCXcbeR1TFYeY2MaWqfWzFhf8Vb6H4jyP45hKJVqJiOn3exP1RnmMV2HS7HRm/AK38ClDSpM4ntpyVrCqnMW0Yjan22nT7bRZX9+80LrSbK5RqVRpt9vE6XipHV4pFbVanSRNONh7eWEeQPn8zrZyQpKMqVSqly4mpLhggSxA2OUyLxxp52GsIU/niY6ydUsI19CUKYWnDXmmSGTGOMnoDRJ6ozHau/j8CST8yYeKQWr5m18bjIFxLG6N5BDKLcV8D/7VlxR//rEikFxoTQGIk4xOf0inF5NmlqgaIKRw9hQt0VJN349YrBRc+vjcF3LmZ5cf37uOuXDQK1Y4SmuyLCmyvnI8T1+5eXJT+L6P5/kM+71JCOmi671SqRFFVQ4O9tBqufY4KSWNRoPBcEgcj9nY3D53zkQVlxN2fHxInmWTbIHbhBQCz/NJs3TOjpzECZ7nXUvBKaUgz6d/n2aZs2fdgfRIex5SKZLxmNwWAZaFZWWt1ZxYVn78ox/x5MkTdla0I7yVKPJ6TDIm77cRgx5iRsExZ0uxyTnryW1CBhF+EOE3txg3N8j3q5gvfkw2GJPHCr+aIQIf6wfYYd/VyA575P02eVhD+RVHhifXD+NXSiy0Pi6C1oLRKKNaqXB4eMj6+vqtZbbU63U+efaM5y9ecFLUS6+vnc/bea9wBcnxOsiNyaEUBJlUio3NTTY2N4nHY/r9Pr1ejxcvdnnBLvV6nWazsTLZ8VoJjlISHheS7Fq9sVTKf7/fpdfroqSiEoZ3Mhi/TdDaI0niCYkghL50IXXTiZoUEqU1eZGv4AJHL79Z3gbJ4fs+SRLP2Wl8XyOLbAcpBZ32Cf/5L/539vemFa9PP/yEr379WxP1hsPVe1AXHZYxrh/eKSncTuZwMOC//d1fc/DqxeI/umGA3NOPP+Wf/94f4itVLAQN1hpsoUIxSqGsRSnJ+sY2G5s7TuJp3WeuPa9432by93d1GRhrJgnWSZIiuV17ydsMIZjkbxhbJIobM5lYliG+eeZ2JOUtTNyVlIggwORmYgdahuDIZ0JxhZAI4WwIcZKwtbV14+PJjWE4HE3yN6QQl44/eZ6TZ9kkNnYRsTH7957nOz94Mck2t7yLqJSiVqmSZhmd0zabWxdPnKe2kj7d01M8bzlbie/5+J7PaDRmb/DC5QFE59u9tPbY2tphNBrSOT1BSX1p1aSWFi0hXTKH4yJIUeZzGLK8IDqsI1pNnmOtI7id2kbhZx6DcUxvGNMfJASeohoFF05KAwn//lMNNuOzA4uWlsFIrBxCp7Wr4VYK/vuvKP7FE0WgLh9yh+OU53unvDro0R/FhFGIr13IqkAULVRMQrjvIkRYCouvFwdevw+Ye19XEBxaK3q9mEajXoybd/OhTLOWoFpc74cHe1Rr9YUhoUIIGvUmg373WrvC1UqFJInZ39ultb51brGltWZn5z7t9jH9fo9a7faDDIVwSrVMiBu3rIiCKBEim2u2c616d0NASSkJKxWS2Km0AWdZSUeEQcDjJ084Ojzkiy++oF9YVt6buYZwpKcQkA46pCcvscVnUDaYKJFPbCkmhTTWeMHdZMGlp/vkvTb+9lO8aovq1lNG/S7ke1O7SpYgTI4oVcx5Snayh4rq6LCKVopcGcwV4fSnnc60OUOAp5cfc3Nj8YqchuFoxP7+Pk+fPLnp2z4Hz/P46MMPebW3x8HBAVmWsba2dqNw8LceV2RyvE5yA853AFjr8jqCMGRj0wVE93vnyY5GvXYjZf2dfKNu0pSRZQZjXNuGFKrw73s0mq2Fk8F5WHrdLoNBDyU19TvyOb6NELggx9JSkWXpnWUASCHJERMVxzL+/zmSIy4WKtcmOQKyLEMICAK/kFg7cqPX6fBX/9f/wd7L55PHP3ryIX/4x3+KHwQYUxIcpSf4ZpNqay0mtxhrJsc9Ho/Ye/GcwbB3o+e8CJ//8hd883d/f/K6E5Kj2FFVxmKNxFpVuBPk3E5UmdfhFpNuJ1aK2w/BNLZczLvUfAFo33/r7CWvA1KALK4FRywZ8sLC4vseeZ6j9e2oaKSQCCXcxLO4FksL0kWYtVxJWag3kgRrLdUlqrQvwqDvAnnD0p6iLp88G+M6cabEhkBpdc5OV0IphTGO6ANWqsi9DEpKlt1rqlRqVCo12u1jOt0O1Up1qYl2FIUYG9DttOn3e6y11tELlE5lo4sLPnQLrEWKKE9ybhIiBPOp+teAUhIpvaltKDcIKciy3JF0OPWaVAKtJM9f9qhGPpXIJwgs/gUEhxSO5PgfPlXUA8OvTi1Hfcv+sdvIuMmxVquC0IdAC/78U8U37kmCK+bF4zjj+HTA/vGA7iBBaeXes3KtSNpTKOnypRbZGW8CIc8TGdYWAaOrP/1bidnr2Cxxv200G5OMr9cFT2uajaYjHV8tJh3tDbt/fD9Aa83J0T71RpN6/bxlZW1tw1lh2idLjx/XxW20rJS14qVCcdF4ddvwgxAp1TnLipQeOzvb+EHA8dERg+GQp0+f0LwgzPldw+SySWPMoAczFu88k0gMSjtbSmZ9rPZA3E2oUd47YfzqHxFRFd3Ywqutk68/wI6H2NQF2BsjsLlAlmOZtZhRDxs7W825LJ0FGAwH7O3tTQiO0L+ecS9N3fvXStGo1zk9PWV9ff3W2zfu37tHGIbsvnjBflEle1t2mLcSb5jcmMVFt5AwjAjDiM2tLcbjEb1ej36vz26vi8lTpID0Gm2XNx6By6yIMsHdGLfoUlKhirqfauijPe9a8sTc5PS6HUaDAZ7vU78DNvxtRpZl7oY1l2JmyfPsVtsycmPIs3Tihy8HLbdzfHVtrJSunjS9oZJDCEEY+AjpiI3Sm3tyfMDf/tVf8uKLf5w89uGjp/zhn/wZtUazUF2YScCoUzLc3Pk8bWKZ4unHz+h1Ozd+zhKvXj4nK6qurDlz07LuZ7NBo0KAwpEWSTzi7/7fv5o8fGNrmy//9tfvNP3ZWkuapICdKBa8IPgnSW6chQsblXienlNXOZLjdiayJclXNtZkeYYvLx47MzMTMFraU8YuKHfV/A0BeBOC4/L3p7QiT6a7ip7vX2mPUUWTU9mqpO31q6pvil6/S722OLdpbW2DarXGabvNOEmoLUEUSSGoVWukacrBwasLd5ChCD6s1ui0T+gP+i7YdOazEkCgXcPf7M9WyHUrGnCc7S9NM/Isx+YGpZytREnp1BzWkhvLz359TLMeUgk0UnjoC0KrpYBQCf7NR4p/2DecDC3/WLfsnho6A/cehGCq6ih3b4qnswY8X2At7KwL1iJYiwTffih52rya3IjjnP7IqU56gzFpbvEDD89TLkDV0+7Yi8wNIcWl4+fStpUzbafld/au5W9cB2ezo66FVU7eGyCKQozx6Z6eMBwOaK2tuw0jk9PrdYiCm9lIpFQ0G00GwwFJkrCxcV4lV6nU8Dyfk5MjdJ7fSR3qXMtK0QTm+x7JOHZj7yXKv6yY801zpl7f5sXUsjLfsmKTnFajThRFHB4e8rOf/oyHDx/y4MGD13Jcd4aS6F1AEtsMskGC8nJUsaaWFYXnB4jhavWoFyEf9clOdhnUGlSUJmhsodfvk3UPyU6cYtnYiNxU8dQJguT8k1xxKVtrefXy1UQZHVyT3Bgn8+qVRqNBfzDgYH//TupF11otVyX7/DmHR0c0Gw2azfeDXFuIZUO9XhMuy3QpyY6trW36/T6HB68YDQeMx2PG4zFp4ThQ8uLN/ytn5qUkPstycusmR0JIpFKutzgIqHiOyFgUuLYssjSl1+swGg0Jg5DGexQcugzcZ5y5c6+4YcHVla/Xfh1jMFlKfobYwNobBZWKG9pVhBBIpVxwoxAkScJPf/j/8YPvfZdeb0ou3H/4mD/8kz+j2VorFAymINPA2hytbyvazV1lj548ZXNze6WgUZPnDIYD/vov/4K9wupydt/o7DVt7fwj+v0un//qZ0U1rOArX/umIzgueM2NrXu8fP45UaVKtVYrBo0pcXIVrLUkSYK1xeRHCPxbTFd/n6CUxhQkRJ7dHsFRPreTDF+u4sizbFqLW9hTwCk4qpXKivkbfYLZYNArxnUpBFKqyc6gyTPUJcSM+xtHGE2VY+mdpGgvQq/TYdDv0WytEYXnCQzfD9jeuUe/36VbqC2Wka96nkfTazIej3n16sUk4+MstNJsbG4zHo84PW2jhJzYVqRwSgAJzI1A18jhuAhCOFJaCoklKRSWoJXAGEisq5DNMsv3f7JP7Ztu11qKxdWx5fFa4Fvbkl5qediwfNEQWOD7e4Y4g8xAb+DGIa1cfu54DOsNQT2E7ZrgcUNQ9QQftQTNQFyZZ5HlhlGc0OnF7L7q0u6M8QO/yHvQeFojlZgoH4UsA1bnn3hyP7EWrTRKXXHfWpC/YQGv+N7eRSzlurwmwTGfSfr6Z9RSSpeVkyTsv9x1JGyeE0XRyq1j1UqVOI7Ze/WCtY2tc6Glnuezs/OA9skx/UGf2hI27JvA9zSZFHNqjstaVs7WvetbCHi+LqRUhJUaSTyaWFasNWTpCF+7lpWDw0N2d3fpFZaVuyCJXguEs9sBZFlMmgwmvdpCg275SJtBQfaIs/aQO4DJM8zpAXljE9HaQVcayGCqWpBijJApggyrfYwfYdMYL3MZYfKKQe7ly5fEhb1ZXHLfWIQ0MwvUi4Jms8nJyQn7+/t3ktMSBgHPnj1jd3eXo+Nj4iRhY2PjVsPk3yoIFs5L3hSWCa6NopBKVMHkGVHoxvAkSUjznBSX6VFay2fPuLlZmykWOVmWup1xJVFS4/keUS1Ea6fGuM1d5DiO6fU6pLHzzr4v0rRlUdp5ykyJqcxbFgFSt3ORGWvIs2wiC5+VmSmpChXF9Z93YSZHnOAFl8slp0n2AmNyvv/3f8MP/uG7JOlU1loqN1rrG1hriwl5Tp5b0jQppO6rTZ4sdtJm4nbwJNGMdOsmYXTGGNc4skRa+4XPkVtGRRsG2IWES8lhhFGV3/7mP+PJBx8BjhQq7xTa8wjDCmnawfeChYtxp9yYITdwft/3PevmplClRLiwZ+XG3NrN8LyKY3EI51w9bGFPsdYyHo/Z3t6+8etnec5oNKJedZMeJdRS44LWiiQuSJ88R2lz6fWfZdncTc0pYdzYd9ecmhCCalSh2z5h6A9otdYXLnpqtQZhGHFwsEezvjzhHoYhvg3o9Tr0+31aa2sLVYxhGHHvXkSv26HT7RCFEb7v4yuLVpDk0w9iFZvKLByxLAlEgBApeTGeWuuCSF1rkmUYZ3z3s12+843HWHw8LS9UcjhLJTR8wVc3Bfer7vi/eU/w2aElM+73aQ6DxJJZeFAXfNwSHA5hI4KNiiBSLivjqispN4Y4yUgzwy+/OOLV8dCpNbRTbkitXFBpQWjIGWvKxOpnzFx9sfud4apXX2RP0cKi1Vu0LXYDzLb2LMLZWu6rcN3H3xRXkTO+799JvkQQFJaVw33qzRa1BYqwtfUN+oMendNTqtXKShuAF6EkKWbvR4taVnIzzXdyoeHqDWZd2IllJU7Hk9VNnsVYY9ne2poEkP7oR5/x9OlTNtY33tCx3hxudluMPVmCSYaOaLUKrEV5BmEMNhGYTIAuGp7ucovdGmc5SccgJMLzQU7PAyGNI4JNQaVbg4kH2CwuCGqNkAIWxIQcHx9z2nGbk1prwmD5DQunzF78vmvVKmmasre/j9KazY27ORcePnxIGIW8eLHLXmFZeWfJtYtgp9aUVRpxbu1wZl5/2eORSqK1LuIKjGvjM2ZCdiilJoSHzrKMOEmL1GufKIpoNFsXJs/fBnKTk8QxvW4XYxwjE/0TU2wYa92N6FyVokBrr1AmrA5rLXmWztXOlovYkvFadZd+USZHGqdXkhylPUQpTVSpTCpofT/g2Ze+wje//fvU6s1z5EaSxJMmklU/J7cjN50Mdzttfv6jzzg82Lvxc1pjyfOU/b2XKx3bpa9hrXsd45pknn74CXw487uCmKk3Gnzpq7/DaDggCELCs55ka4ugsim54Wn9G3LjCkilJyRDnqWoFcis88+toFRxXBDCmeXp/ONhsnOySvXZYODyN8oGFbnkJFgWiqyS5DRZdmkAa9mwAExUHON4zKA/YH1j/c6VQ3M7vHsvqV9QBenGYh9j7bWOSQpBrVIlyzKODvaJKhXW1hZPzOqNJpVanc7pCb1+jyCqINFzKo5SWSpYTcUBjuSwYkpijuOkUGqC1m4CHicp7e6Iv//hLr/7tYcYozFa4XuXtGwVH89GJDAWap6gFbocj6ORO+aKB0kO9cA9eLvGlVaUWRhjyVJLmuZ878e7vDoaFFkbmjD0CUIPrVwOh5IKiSN03N+6DJLZT6+sB07T7Bzhce5zK76Fs2eBluC/o+qNZVGe+uX1fRXxv5Kl5R2BUopGo0l/0HNtDOub5x5Tq9bx/YD28QFa+3dmWZm0rMxUnCdxjOf5SCnnQ8OFuJNK2+ticctKgk0y6rUKYfCYw8NDfvXLX9HvD241aPK1QIhpEHyaIOIRJqohshQZDyeNKcZIkpFGVn10pLHD/ms5vDK0fvb6tHq+RUUUKhuRxkVIbdkcN89wjEYj9vanbYe/89tfvtaxfP+HP55svn71K1859/u1VguT5+zu7iIEd0Z4baxvEIWuSvbg4IBWq0Wj/v7EJFTmNm/f4IEswE2Op7SOA3NkR16QHTrLc2r1OmFUufVJZZampFlKmiakaUqWJuR5EaqoNGHgo9R7HOqyANYWORtmOrl3v3AD/m2y6k6SOF0IlTe/kr2/zVo7KSWe1nOZHJeRHMaAlAZj3KTx09/6Gi+ff4EfBDz54GM+fPYpCDHJ3HAnrSWJx8VuRE4QlBaK23sjw/6An/34B3S7p4CzDCyTUL4IsxPm6i1nyQjpvOum8DoKyvA3W5QFCLSnCcKIf/77/2LydyX5Uf4vTZM5T65X1A7/BpfDSZ7LSZm5tcreUmk1gXCBkLMTUmOymdwWgRDu+xrfQv7GoD8oJjLu9fQ1zgWtFElxzme5QV0RwKq1Isvcudfv9/E9n1q9dmeho4tQ7mY3yjIAACAASURBVPAOhiOGwwHNtXXCMx59Y/Ib3xu11jQbDcZxzKuXL2g0m1Sr58cCJSXr65uM4zGd0xOskRi5iKi6nVmJlM6WoqQkKH34dpr5ZPGI44SXhz3+7rOXfPmjLSqBplYJl/JVl/eWinb/slMVE5IGZgmb5WCtJc0saZYxGCX87fefc9wZo7Qiiny0lvjBlNzQReaIxZAmZk6Y4c2cW0IIrLV4nnYkh71MeXT+s5cUwbD/BCDEdG/ZYi9VacSxU2L6gc9wOLxx+9i7gFqlxng8Zm9vl42NrXObg77ns3PvESfHhwyGA6p3IA+ftKwUVudZy4pbAMyEht/h5uXVmL+GFrWsWGvIkhFaBzx8+JDj42MO9vcZDAY8ffp0pQDtNwlhDWI8wiSQpT6q7iFtirApfpSBNMixvFOLClKh17aRlaYLEB33Mclo8mszyskGMb42Fyspz/zcWMPuy+lm3ifPPrrWXOiHn/1kQm7s7FysPt3Y2MBYy4sXu4xHYx4+fLj0a1wHlUqFTz75hOfPn3N6ekqSxGysb9xp/t3rwKJQ0bdBxTGLVY5nEdmhNzZvLmcGt6hK04SsIDHSJCXPnXdcKYkUGq3dhCP078aL+C6gaKgjSeLJEF+SG0optPZu7QKaei3dK02JDYFWd7c7Xy6MlyM5LG5Mc4SX5/v8wR//KWEUIaWaNpyYktwwxPF4shiX0tmnuIPKv36vOz1Ka6jU6m7CvsL38+TDj93Epwzau+kTCdcnLqwqjs+FlZaKFoS70EWxgigtOLNwdhwKBZGb+GBtYYn6DblxFUor3yxWDQE+ayEDJt8L1mDsdNE466MWYvqaSRxTraxGVPcHA4LJAlBcmb8xCyklUkx3ea8KYC1VHJNx0PMKy1mOsqsryxBi4c1SKnVOkVGtROR5zunxEX4Y0miuIaWk22nfCvEfBgGBHzDo9xn0BzTX1s55993jQsKdB7S7PYYnPXIdTOwtUoC5hQlJeZ8R0gKy8Kl6bslaBHYZ4yyAQlp29ztYY/jg4RppbmjWQqJryI9hptJzwc+ugjGWUZyS5jndfszf/eAlvWGMUhLf0/i+dqRFMfaVodzGFO1ERTjw7BpbSwVSoSQuX6zYcLCGCyOdhDifF6iEJdT2VjcL3laUZBBc/jlBafeBk+M2vu9jsMg7YjjeBu4kDEN0lnF4sE+z1VpIYq5vbNHrdel0T6lX6xNl0W1izrJSqulmNzA87608VyeWlZnFtrOsGDY21gmjwrLymbOsrGLDfG2wFmsLi4qUGOkhTYrJBbZMBxAuq0J5FltsWt2VRUVoH11p4m08RFVbWJNheifY8XD6oDxD5Bbra6xweSBGaqxUxbzRnJtPvnq1NyE019dbNOrLE3i7L/eIi3Oz2WiwuXFeBTWLrc1NTjsdjo6PGY1GPHr8+M5UUU+fPCEKQ17t7ZGm+2ysr99ZnfJd47LGlPeJ5ChRkh1Lz16zPHOKjJLISNNi99g4iah0O79h4CPlzVKq30eUC0lwO0dKKeer9z3A7TotU+21DPI8J00zSmHzhNgQZQXr3W81zZEcM3YVP5jPbikHSUdeCEASVWqALWpgzdw/Z8kNcLu/VwUe3QilIKS4wL70la/z7T/4I9QCm8B1IIvKTJMbSq5kdsK49PNIgfS8c5Glszv6MFuHeP6YhbCTAKhSZaJ/o9xYGlKIuRpnKeXEJnJd5MZgcpd5VKJMxpdCOBnvmet2VpVVTpKttYzjeKUQrizL5vI3buIZnw1gXaZyulRxeJ7zJYdRQJKkt6LikELMfVYloigiTRKCMxMjpRT1ep0kiTncf4m1Ft8Pbm3HUAioVirkWc7J0QFhWKG1tr6Q2F5r1LG6ysFph2FhL1NK3UrYaAkpJEa63IlCrzM5TiklAkcsCCV4ddTHWstaM2K9UeH+Vp1KFEwef1dIM8NgFNMbxLS7Yz77xQFJ5sKlPd+pQD3PqRElFmMztNTFjraPUNPeXSVVQYzPH7CQclLfaEy+MPdqUbioBPx3vD1lqtlZ5sGzM8/lzj/tuQy3u8ZVGSKvA6Vaq9/rksQJawtk9PV6Az8IODk5IvTuJh/kXMvKzPG9WevprIbrPC5rWalEIY8fP+Hw8JDPP/+cfqHmeJuDIC3Ty8V6ATaqYId9tJ+hSSCd3ySZtYfcBVRUx1t/SGXzA1S1gRkPyE72MIPTyWO0b1BCYCo1bJZCGmPDCvhBofjNsWdy77pF7oZSkg+fPl76eEbjMXv7h4BTH91fsjWn1WwS+D4nJyf8/Gc/49Hjx6y1Wku/7nWwvb1NVKnw4sVz9vb3WV9fX8kC/CZwGblxkwyMu8Rtv/7CGWScxIxHQ9I0JS8aNwSuak4XuQ1+VHlttX7vIiZWlJkwQKWdNSTPp5WKJjdIvdognedF5atdQGwUgSuvE4uUHHGcnCNznAcQwNksyt03YyzWmkLhYUmTeEpuFHLi60jnr42Zi0x72u0CsuyUbjHKHX4hhVs8SIm4Rt/5aDDgYP8lzebaSrW4SiuknKanS+nUVW8ucOzdhKs5zWY86Vxrdp3nZqJ0g/nQX6lKC9n5J5y1pyDEJGB0XOygVFe4+fYHA2Cav3ETwkspNSeRdrXTFz+P1prT046rVbXTMN3c3I6KQ0pI0mQu5DOMKrQHg3MERwnfD1YKCL4KSisa9cakiaHeaC4MKayHkqTZYhSn9Hsd0jQhDCOMMFh7OzffCclhJUpaPK0m51etVkXrmNEoJkkzXh726PRiOvUxSZpxf6uB1opq5F8rLX8ZGGMZjRNOuiNGccbhcZ9fvmgX1juF73mEgYfS0tnDtEJ5Cq0VgVdYbqRASYFUniM1LhjEZwkmYy1xkhCcWXgKYc6di6495f1Qbyxzf5u1pCxDzHe7PRqNejG2vQcf0pKoVZ1lZX//JRvrW+gz7VCBH3D/3kOOjg4YDId3ZrmYbVlR6noNeW8KzrJSXWhZUTrg/r17nLTbHB8dMShaVt7axkVrnVIQgVI+nl/DjJxawgqJ9UPy2GCGGV6Q33mLim5tI6M6MoxIT/dJ9j8nOfzChY4WxyPyDJGniPEIYV1jphdUkToAXObb2VWo1pokTfmd3z6fnXEZfvTjn0/+/d79+9ciq6IoYntnh3a7zRdffMF4POb+vXvXev1lUa/V+OTZJzx/8YKTkxOXt7O2uAb+bcRwMLiU5ChRugzeNMkxi1WPZzLijUZDRqMh8XiMlALf8/G1Rr1vKbJ3jJLYyPJsMnHyA7+oQsyLtHdNOrPLqZS6kT3FWEOWziySip1fwZvfkV9oV0lSPH8xyeGkb2ZinygzIrI8nwtIde9r8Y26VESstCY6czHt7T7nlz//yQpP6KC1ot5c496DRy7hNzfk1zjQw72X/OV//N9WIquUUjRb63z9d/871tY3EUKeq1X6DZaDFE6tUErblw0andRB2wXEhnQLtMsW9WUwpzuG6XUQ3wLBMRzM52/IG1puSpUaTMe3y1CrVScVs7Ofx22oODztMx4N5wgO3/PRvs94PCYM35zaMAgCgiBgMBgyGPRptubzPwQQKDC+h7++Sb/fZTwe4QfRrak4YEpySNREySGlIFcGpSVSSeQoIU0yRllO2h4yjFOOOyNa9ZDtjTrrzQpplhP6+tpkR8kNluP+OMkYjVNeHXQ56gwZjRMOT0ZFmKhTbvjaw/dVoSDVhJGPKpSKTlHqSORljsVxH2KSwwGOgCyVHE69Mf837ruxXJK5+t5hfli6+txrtVqT6xprMAhskVdkihu929hQc7ko1zqmpY/m9SIMQ9Is4+DgFa21jYW1jJub25MGpXqtfifqitKy8q7VvZeWlSQdT8i0PCtsEGtrRFHEwcEBP/3pT3n46BEP7t9/k4d7IcqND6k0SnlYcdaAIs49XmBdnWsSIz3v1mzY0g8RQpD1OiQHz0n2fk026mHNdBPW5BJSgShuly4v0ZvMNayxnKVfgjDkyeOH1xr3f/STKbmxtbVF/Qa5YZ7WbG9t0T495eDgwFlWHj1c2Fi2KrTWfPjBB+zt77O/v0+Wpqytrb22avtVcR2SA6Zj/ZsmO+aO5wZDmD442CdLY1cB6/vvVWLsXeGiRP1J9kXRyOGfkWaaPMNop4CZVXFc179vrAtQKa0vs4sCTynUW8LUT0iOmR3dJE4XKjls4Vcs/xuKxWAh40vi5MpdiI3Nbdonxy6b45ZweLDH4V/8h5WfRwjBvQeP+bf/4/+MWvK7VlJS3nqGowHD0WDl4zg+OuBLv/01oMxkkST5gs6v3+BKKK3Jk5nr+JK62CzLyfMZYqOUDgtxrTajfMZyIWaIgySOqVWrK01ke/3+JH9DiptPipXS8yqOK2p0XRZHOpMVpNBK3sqE3/N9hqMRjca8hHVjY4v9/VeMxmOiN0hyQJH/YXLax0cEYUiztY6SEi0hUIJRVioqGrRPTzB5ipTerU4+hBAgLRKFohiDi9MrjAKUVCS+sw7lueG0O2ac5HT6Y17sdfjw8QZR4KoBt9aqpJnB0xJjbaGeEC4TyBqEkJMJVG4Mw1FR+Z0b9o57DEcp3f6Yg+MBaW5Ic4vveyhfubwNrV0drJJIqRHS3fc8T6O1h5Rce8NAKUmW59Ow0Rmrilig0ijJJ+/dWjeuhDmlyxWNM34QFIn27r/nMotmvxtryU2OTQ2e9m+8ObGqwvIu4GlNo96k1z0ljscLW5TqjSZeENA+OSL0gzuzrLx5XP8YnGVFkozjSctKOTeMwpAnjx9zeHTE7osX9Pt9Pvjg6Z0sbm+MMi9twVsX1iDiocs+LgQ8ZsaiYpIx2bCDV18rbHarwyRj0s4h6cFz0pMXZP22a3URTFpdkrEiSwP8WoC0Ccwo0Mv3dPbtrLWaNJvLrxvjJOODDz7gxz/+CbVaje2trZXe11qrhed5tNttfvGLX/Lo4cM7U/Xc29khDENePH/OfmFZqbwjobfLkhwwVXO8LbjpXEdHgY+MfpOZsQyMMWRFa8WshHWW2GCG2BBCorVHnpeL+4Qsy/CLMEeTugl9lmaoIqPhKmRZOhcyOKl8lbIIKr3Nd7w6FpEcafFPcYaZnpW95saQpjPVZmp+l6coDCn+z/Lkw4+oN5sM+j0A7j14NHdRhFGVOImXsnesb2xydHQAuEndKpaQEp72JrL3Zb6iarXKvUdPOHi1uzBH4GbH4LO+tU1Q7BK/66nQbxpSuMW4uUTFkWUZeZZjOa/YKAm7Zb8GY83EwgFMzktjjcvfWMGHmmUZ4/GYRpG/odTNdyZEqW5ZskbXERzTWlxV2LhuA64dxDAaDonOTER2du7T6bTpdDtUosob3Y1RUtGou9rag1cvqNWbrj7Wg8TAoFgf1usN2idHRBUPYW9vUTcZC6RFWjGp3xZFYJAAlBIkaU6SJOjQIzGGbOCaGdo/fsW9jRqVQLN/3EcArUZE4Gu0EnhaOXkzgIVxkqGVpD9MiBOXQbO73yUv2lK6/RgQKC3xA+mUG9oFiroKWInnK4SQWIw7XwQ3IjfA3afcjnEyITlsuZGx4OkibYnU27akvltc53OVQmJm9nr94PKFZ5KkJEnsQjDf4lyF60IIZ1kZjcYc7O+xvrl5LtsoDEJ27j3k+OiAdDiiWnmfmgVX09hIqdCeR54Uc96Z/AchBNtbW4RBwMHhIZ/98DM++OAD1t4W+4B1bYFCgYwaeBv3yXpHkMVXWlTyNCYd99GVBmKFezGASWOSvc9J2y/JuseY8QCbjOZaXdJY4wU5SluUTiDJEeSgA/T6PVStOQmkN2dWm1uby3/eTrjl8sUC37815U2tWsUvSI5//PWvubezs1Ie2WVoNZsTkuPo+JhGmtJqnq+Yf9fxptUb53CD49Hv083krjCRlcPkW0/SDCXF9OdniA23eCkWxsLDJLGzqsQJRs2oOIogzjxLL63vWtiMYi2yeJ23g6VfjDmSo3i/yQK7ytzfSImdXfgkKWmanSM5rHGZHVJpNrZ22NjaKX43vRqiSpUnH33M6YmTlK1vbk6f4MxV02i1+Ma3v8OwIEpuE43WGp7vF00RCzCTSlWtN/j2H/zLWz8GrTX1+nQwftvGsHcNWiuSMyoOKQR5nhV2kvnrFa5PbJSYVW84yah7grhQg9xm/saquT1ljW55vV9evzlVccDU1nJbuwjVao12+wjt3TtX4dhsrlGt1jg9bRP3e0RR5Y1a+8ra2tFoxGA4oNlaI/QiktyS5i74NYoqpEniCBkrb82qUi5gpZKQG7RWGCOR0qCUIJcKRErZfOW2zSXG5OSZZb89RFhLGLj7kXh5ykazQpLlBIEmzw31ik+37zI9jHUV4EmScdIZYwHf1xjjrivf1ygt0UqjPGc/8Yr6V6kknnahqzYvMluQrJL14GI75IRENMai9PkdcF9a/Pe8OaVsTDDGNThR/Ht5QS4TEzCx6Poe4BY1olDzSCFdy5ExZFk6uccnSYL2vLvN2HoDiKKQNE053HeWlSiaJ1ulEGxt7dDtntLr9ahWq+8R0bPa+DT7OVjOq00bjQZBGHJ0eMgvfvEL7t2/z+NHj1Z6zduCKdSLKqqiW1sQRthkOLN6nMm1MQKbC9eWNeqSnrzEjxoIpW5MchhjyOIR8cHnZCe7mHEPI7UjN6xF5gnG+ljtgTBIT2CFQpoUKyQEIbq5jYpq5NYpUWfn1mFwves0Tqbf3/0H9291U8H3fXZ2djg5OWFvf5/xeMzDR4/uZCwJg4Bnz56xu7vL0fExaWFZedvHreuoOODty+S4Lt4OL8NbijllBsxZTpI4ccHrc1YUidYzxEYBJSWmIDQQgizP8KXvwnkK6WaW50h9fhGQ54Y0dZNKOBMg6vtvNbExi4vsKsGZdpVZlLad2d1dcG001rrAI5E7guki/5/WGj8I+c6//NfO88s0q2M266MkSqJKjY8//a1bf/8lXOaIwdj5+tbSl5wbi8xdFsna+uWVWRe/hvvn2Y91dsGY52W17Ds8er0FkIXCZ1bFkc7It8vrVeAsLasEveXpdHIwa08p8zdWSfce9PtFa0sZMLp6g4lUCpOXn0uGvIDAzbN8TqVkcZJ2KeWtBOMJoFqpcnJ8yM69h+d+r7XH5uY243hM9/TUVUNH0RtdYERRhDGG05Njtu8/wlOQFfluYVQljo8R0ndj2i1n0gnh6mKVBSksGeV57tQSxmiCYtFqEaRZTpZmk/F0lKSuXtDCYNzDGoPvKZI0R2lJkuT4nsQaS5ZbcpvjBZ6zr0hBNQqQWuBrD6mcmkRJhVRM8qp0oeIQUpIx4yG3FrVS25XCZOUHmiPk+Qm4pyB6X9aeC5CmM+Hos5/lzFznvBP/PIQUeH7giI2LvpPiO0yTZE7laozFv2Yux9s+E/I8D609TtsnxPGYVmv93GMajRa+H9A+OSYMQ/x3xON/p5gjOBbPVwLf5+HDhxwdH7H36tUkgDSK3qwaxlqXuaGCCFVbh0oDO+pPLCGzFpXMRuSmiqdOsN1jsjQmra0jvABduSHBkWek4xFZdx8z6rq617ACWYqIXeCprCg8P0AMU6z2JjYZqz2oNFDVFjKokMapyxwrvgLvmuUIcTo/ZlQX5NLcBtbX1/F8n3a7PSE57qr55OHDh4RRyIsXuxOS401bXq/Cda0q8PZkclwXGt4+v82bhjHG3WSLD2ZKYIii1tDd/KeyS7cwuKxWURXtKeVOhSlaQ6RSMyqO6SIgN0UzypmWBQkLqyPfBZST0+RMu8rSJEehgAFHcpg8J8Ni8rl7oINgYoE5G7JlsEU9bU6e28IXnhcSZ3lnE6XSUZMXr302id6anDwrdlEv8G4u9TqWSe1o6SPPc+N2PgsiyOSWPM+v9FL/BldjouIormOYJyKVlCvn4lhrJz5kACHP52+sYjnqDwaTBYWS11eXLILWepLvkuc5agGBC07tYYycWBiklM6/b+2tJf9rrfFy70KZODipeLhzj9FoSLd7igCiqPLGSGQpJb7vM+x1iKpNRklRBS2daqPMHRDcXuBoSf5KWQQ2I9C4phJyg1BiYhNBKDAW7Smyon3FYgkCjzhJkUWgnjVurAlCv8ic0S7vIlREnrsvmtwglURYCCNHniilXNaGlEjl1BVKSRd857woLkcIF2qbF+eaWiHHQElBhmugyLMMa4yrkS3gS0tF2/dyzlS+HSkFuTmfIVY+SkpHgLlA74s/BKfSuPp1lZSIwCdL07nxM0mMm+u8Rx+0ENCo1xkORxzs77GxtYU6Y4ENw4jtew84PjokSzMq77Rl5TbqrMVkXCpkuxcGb25ubBIEIYeHh/zws894+vTpyhkPq0AIN/cSOILY8yugA2xBLljtY7VGxGMkY4RMEWTu50Ix/uJH2HgEDz5BRdW5+/6lMIZs1Cc+ecXo8HPs2L0euSU7TVAiR3iFTSYR5IMYXxv+f/be5DmS687z/Lz33D127EsuSDK5JElJVGkpqaRSt7qrurq7eg5jNqexMZvL/HVzGrOxOfQcxrr2kkoqqbSLokgmmclEZmIHAoFY3P0tc3juHh5AAAgAAWQmpZ9MJAh4+Bbub/m+7yIYymSkigiiOlJKUm3o9QfkbjdSCpSa/L3U5mYX01rNJlEWJfvw4UPu3LnD8tLlFgzPq8WFReq1Op8/ecL29jZzs7Mvb7JPVhdlcryq/V2QpH4g8ipESF13OecZBvlq7KjkZBilaYwtOuIgCCe6dzKTreQrI1qn3s1fqROTAKPTYoI6sgL8BYjzlFISheEIyJHECWHldLnKCZAjSXGpH4RaY3HCkZFjSiUQwktQBHLkb14J4rDGYq0HGlLtKckyjxO8rnJgrMPak+CCtQ5rhx4rV2lQjHGkZUmDlCMrYvlq6x9r8jqtkfcghipiY4vfZVK0adSIuahQBXiX+2/cuoL/Rpqmo/4bU2pjchZHIVMx5tRIbBWGmNjL+PZ292k2G+AcWuuptXmVSgWRJmxtPKfRbPpo2jFVq9Wp1er0el0O2/soGVCr117ICnF+zKqCmaqgPRh9Z6UAKxxMMVUln7QWYIfybItUpwRCUqmFmKz9lEoQqQo2NGjr0KmGwBUsu1zW6c9slLUWlr5XbQxSgNGe0h0GIUJlqVm5tAGGwJTwcxybgbRxPECpACXNiYjXi1agPCNLSHDWFui5wlFR3nv1VRzsTVpl0ELK3MhVXCjG8aIlhSSKKmid+LS5bFyQxDFRFL2SCzpnVb1eI0lTtjaeM7ewQK06KllRUrKyskq7vU+n06HZbH2hn7nzSiIxmTwlB3dPq1azSRwPONg/eCl8xnJcRsiAaO4Wtt8hGXSRNsUagXUKhUCS4tDY1Mu4hDPozq6XpwhJMLtEUGshotqJdJUc/HE6xaV9dP8IfbhDsvsMvf8cqZOhEa+PaimdoEWkKUiHENbL0WRA1Jwnmr+DCEK63T77+wdFGlAUTv4++mTJm19Iq0QRq6sr7O3t8ezZMwaDwbVJl2q1Gu888FGy+/v7JGnC4sLiS/H8TatexelCYI3BQmZy+aJP58WVMcZLQU4wNk7SysMoxBozsTFoXkHgAY6CxWHtCRZHktHNy2aEgVJfqO9nBOTIrjuN03NBDpsBAwDWGrT29zQfNI++gA4hHGnq0fPj5VcW7fCzxvjVuhu4ybks5qy/+39f/hhC+OcmSRKkUtmg/RVsoV6iMsazuvLovXLl77aUcuzfr1oj8bAl9kHhv3GJmLW8Cv+Nim/3ppnCVAZwtTYEKhwLIEohC7PRIAwKtpYxZqqgbhRGRGFEvz/g+bN1ZubmaNTH37t6vUG93uCo2+Go00bJkPoNG3KnaUIzS4CpBpCGcNjXI22akIB11zYAEUJkzI2Kl21mNOVASSxg8cBV5DIzUVNqV/OdlNo0zwzxTLog89QQQngDbWVRyntxyMy0W0hQwksZnHU4ZxAItBlecLPZ5LDdwQUKY7PklkuWkhKcn04Za/MwGUIFjS+49wYwMnGyFqLo5nTlQRABBq2HXl1JmqKuECX7slYU+sWxg71d0mZyIukJvEdQFFY4ONh7BRMOp5dtI6SCrB9x1o5INI9Xt9flYP+AlZWVa1u1v1h5KZ8MI6K7D0hNguvu43pHmJ7GxA7ZcBB4H46kH6C0JhQaW2uSHG5j9jcI5u8QLt0lXF47ka7inMPqFNNto/eek24/Qe8/w+kYVeoYhBIEzQpCp4g4OSGTAbwBarWOXL5LZe0dhJJsP3lMt9unXm9QuWB7MIj1C5voSyFZWlziMDxkb2+Pfr/PvbW1a5EuCSF47d49qtUqz58/J003WVxYuJZkpGnURVkc8Op5cgT5QFJr/YXrQC5SJpv85eCGZ0uEY19MKeSpK5FnlciYMlr7F14bTUVVCIKQ1FrSzHizHJcYXsKM8KLndLxuYmU/p1+nSZJdd0SaeE+OcTOgNE2w1ssAEIJgAjaLcw5nzr6W49d/HvgwrTqtwZ/msfN7PG6y/aK+92nV+Pt3fZM8oPBOSTIj0SAICoaGED4a8Tro1F4dUGJwyFH/DSEEjStElXW7RyiZeR0IdaYZ6EUrl4flbC1tTmdkBEGI1qagd5ZBjmkbf9ZqVaquSrfT4ejwkJnZuRPGf3k1Gy2ajRadTpvDTocwDG9MZ2sdxQApEFANBG09GPFIEYATIBEnHO6vWgU1HC93kzIkMD4RRWdsxFB5mYkjkwJliSkyS2CxpgR2CIokBJHJ8IQQHrARjiAEq31Ea0FNz87Fxyxn+8CdGK/MZFGFnU6HudnLUYRFJnuxjlJkrKUaCJqR+8IsMpxVo5d48yuvQaAQslKkrSVJmkXJOs/sOeM7KB6PV6SkEMy0Zuj2+sTxJotLKyf6kFq9Tqdz6GXNfwgP4JgSUlD4i57RxqVpytbWFo1mk9dff/1mTm6C8jIV376oxgzB/C1c/AgVJKjAQr2KsxohNMFchHQaTFLISWRkSeMjzOYj0p0nyZ8efQAAIABJREFUiCCkjLS63KBep9i4h00HmMCbiZKkpLFEVENkpJDJADNw6DRCtUKkSxE68wJMJFZWiG6tEjQXEFLSbh9x2D5kkCQEgbxQG/jw4WOWVlauzKq7as3MzBBmkpWPP/mEtbt3WVg46YEzjVpZXqZWq7G+/oSNLEr2ujxArlqXkarAq+PJUYwQjNGoIPjir06cUoGSDA1+xQm3/akdJ5NbRFFUDNwjKQkCibMWY60HNY75Rkyz8uhTqcSJYzgc1nqGhDXXM7iRSnrTOCmoZN4jkK0cO5dN4IZAQ5omReLMpOBGcSwpx06GRTZ49jLhUkeBN+0z1hYGidMsKWXmRTIGXMFhTS5fmU7LUQY3CvNAKceastpCtmNfWrCj/OwcL+ccJrt/0z5/a/19iSoeMLLWZT4AIIVCKUEkxLXcQ2PK8hQ5Eq88GPRpXNF/o9vtFXIBdQ0gtwoCrM6leWdLTvKYSJ9c5a/7OgAO8J10o17HWuvTCw4PmZmbo1oZD160WrO0WrMcHh5weHhIpVKhUjk9/vaq5c2VR/uhWgAm7VONqiNTTym8XMn7cUy3ys9W3m5KJErLoZ8QfvLp8MkoUsnCUd7JoXhGCuHNoRHIYxruEIXw4YQIwVDCJ4aywTAqPTsuA9DUKCDXal2ezSSEyzw+vK8HANYQqYBhbtEXu4QAnCtAyfO8Nq6jlJTISkSapuSvQBEl+wqZq09ajXoti4h+ytzi0qlt0KtT0/1+yqD7WV4OO7u7GGO5/xKBG4AHeh0EUhA15rBLd4jb20iTgrM4AdZISCWy7pDO4hIKOYlzFhd3cf02NvVghJOqSDzJ9bN5QgrOYWTdp62pY7IenYIBx1Dul3/WhQpkjWjhDkFzjlRrtrZ26PUH1Go1ggv4bhy0Dzk4PKTZar1wgAOgVq2ysrLC/v4+T9bXGQwG3Llz51qO1Wo2efC2l6zs7e2RJAkLL0t88bG6DJPjVfHkCJSUBRXQm1z+gbI4Mpf4Iu7R2MKgcXqH8IPDSrWSNTYe7JBSEoRBNonKDDAzJ3H/d5E9TVd8orLGUghJEKgMjZXHNvFpIkaDdpzwibhq5RT+IAiyFTyBywZRkJkyaYsTAlwJ3EjSi4MbShEo6Sf54phQRZRWD0tvas7gkNqQ4qYK8nhjJkUQBgUtu1zOOYy0aC1wTk99ki6kj1ZUwRgJRRYLqKVFp7ow7HuZKp80BUGQfaelPzrv7C+0RWuvzZ/m/dPGFm2E993xoMbxQyiH/w6neA9NWZ4ih8++dZYkSVmYv/xKRJImo/4bl4yjO6ukVAiGkbFnARb57/PY2LxvyuV811FSSpr1BsYY2vs7dGTIzNwclWg8eDEzM0erNUu7vU/78JBqtXLqtlepJNXUmycHHjWXYFSNxIyur+fMA+z0/DjGVc64EIFAobDWG3Lm75wKAsiADKVk4ZvhslGRVGpk0iwRGVAoMNpg8awPIQDpmVKC4YjKp6eoK8lQxlwVvklxPuK59O5KLPXAfuEm1WeVB3H90+UnRzd/7UIIoijK0uxGo2TDQF056ellqyjyyXr7O9s0WzO0Znyce7/Xwxr9ijx/+TlOt/0pg5jjomIB9vb26B4dcf+NN6hfgdF4LeV8W+0chI05hJDEm49xcb9IVEkGChMrIvqIwIJSJ+QkI7sMoiLxRDhdSEvQKfQG6G6CbEQEs3UicYSwAxj4zwYRBCRQBkuqdaQKCGot6strhM15Dg+P2N3bQ2vN229NDhpZ63j46WMA+oM+s7OzU7mNV60wCFhZXuag3WZ7Z4d+v8/avXvXAsAEQcAb9++zubnJxuYmOktZmWY07ousl3QNdKQCqQKM9Q+5Z3GoV6QhnU5Z5zDa+PgjhhIVrVOUGg5ar35LBM4ZQKCE9/UY7nPYKfhYWI01PtlDSD9JF1dM9yjM3rKBZRBk8pfjNDdcAaxYmyeMTAFcySpnMASB8q75x8AFXz6eN80miblkJ1CKMAr9Kvbx68vjXp0rjhMoSRgGyCy9ZdwVCDkG4Chd/2kAx/BzY/bq7FgGhhASFahscnz82sH7hpgMZBJgs9XTKdz63MVbZd/7cYCgMB0VKc7KqU3ORWEQePkhcrH6m6WReIDomHFsHlGDBudISwyKq64++ucq88uRikrFAxwnv3//7rg0zVZdpoNyj8hTyv4bA+/XcxX/je5R5r8RBSghrwVEEMKDHHkbq7WeiJGRy/nAm1BG12w0qJSi2WihtWZve4uoUmFmdm4sm08IwdzcAq2ZWQ4PDmgftqnVakRTZP6laUK1Oqoh7w96BEHAbMWx3aeIIczLm47azHT0eit/r5QSSBlm/ajFaoMIJEp4zwxj/fc9lk2XaQqk9CZ81jmElQShKuQxAv8sIOSUQY38QjxzQwrhE9Syti9NNaFwzFdBvipLVlesQuJxvG8659LzBB1Plfdged5yD/tmnwB3UbNSD3AJUp0UIEcu0/uifS1SSmZmZuj2ehx1O77/dI7mK+W/Mf2Wp7wQNw687fa67O3tvUS+G2PKgXGAdcioSuP+nzCI6iQbDxHxABW4EbkKqT6ZeBJbbE8TVgy2b9BZ+glhhJUR+jBFOY1SjqimQVrkQCKcxQURVoaYwxRRkaiaRMQDTAzGKoKKIFq5S/XWm6hqg3a7w8bmFnGc8P5X3rvQpf7qN78rfq6fIv18kTU3O0sUhl6y8vHHrK2tMXdNIMzq6irVWpUnT9bZzCQrLxsAdxkWB7zknhzeL09hjBzJIP9Dyd5OU30C2ABPqQ4KU0+ZrfRf/jjW+lWhMltACMH+3jb7O9ukacrM3Dx31l5HSjeUTwgvXSkkK1cY4PtJs/X0+SyiVkhB+2CPve0t4jim3mxy7/U3fZyo8CuCjgCVT+avcA/yAU6uQ8yv5/nTJ+xsbQJw997rzC8OOydrh+BGGASEUZTpwOUIYOGyAZUxFutsNkoThYFrLgk5PuH1kgbNs/XP6Xe7hFHI/Tff8WBSwfA4+QLnII1Ucsy03WWDZDtiYpofV2TnJYRke/MZu9tbAKzevsv84lLp2nw0olJixPTtCt8AfhHUAw7xoM/29iZHh20A3nzwHmEUZYkzp3/Rw/Mfz0DJpRz+PnkplAqy+3TJl6hwCHdu+Fw6y9bzZ+zv7QLw2htvUm+0CrZOEfkrxstxLlLG6mx1LQPmpE8xsUazufGUw4MDAO6/9YBKtVZMzOIkvhDjaOyxjS49t8fkKXGMFOJK+s5ur4sSPuZaBtfX7gdBgIn1xAw5U2KORVFIrz9ACTFVA9SzznVmZoYkTdne2qBaqzMzOzc2WlZJxfzCIi09Q7t9wGHnkFqtPpIQcplyznteHI+QHPT7xQrQcs2x2Qd7DMwQUmTLhdcx1RhfInuGlMsjuL3cEuGBaWMMAltMVssa3vz9VAKMFIUMJVDq+kCN4sRzSw/nE9Tc8LkLhWO+JqhFXyymwCQ1Itu0FmMdLnuocjA8T4fwsZ2T7TdNYtyEyXPlsm4UcNc6RUqVjVcDZOk9GXkXLnSUl6eu4qn0Raw0iYf/4RzlqFgvo9ii2Xq5fDfGlbUOIT0gXFm4i00TbNzDHGwiRb+QqyCGi5LHqMfDH13p//lfUw1SIwKHCh1OCpzFJ7N4mlzp49lbLgNQNYLWApWFO1QW7pKkmq3tHXZ2drlz5/aF/Bkff75eLJDNzc29tJGp9XqdMAzZ39/n8ePHDFZXubW6ei3Hmp2ZpfqgxvqTJ+zs7jKTptcGqNxkvcyeHMYYL8JSQYhN4sLUzQbBF5rFobX2GffZNZaNRb0PiW84fTysyCYWF78ffhBgvKZX+UG9n/T5SdcHv/w5v//gV+AcS6u3+J/+l/+VMIiKh0VKP8BVwXhJw0XLWokmxelhM/nRB7/ht7/4N7TRzMzMMvM/zzE7v+AlHFIQZP4g41gTFzp2Jn2x1hTAQbdzyM9+/APWP/8MKSTvvf81/v1/+muEED7mNAM3oigiysCNQMkTjAznHMY6pPK+Gca6zMtDZvcNPvrdr3n6+DFap9y7/ybvfuWrgGT980f8+J/+loP9PVqtWcKwwtrrb5TOXFDuQfx36WUmuRHecSqBMQYhDKkempzmm+Q4URL3+cVPfsRnD3+PUgFvv/sV/sN//m/knAC/KirHy0kuc/+zSUfOOnj+bJ2f/OAfaB/seSlPGPL2u1+mOIHiev09KIMz3gdDjuAu+WDXaI02+AhJ6e9Tzna47PPrgRPjk0SyfRzs7/KvP/gHNp8/RUhJPPg+X/vWd4pTl0IhVPZOXzH612iJCylYN/kztb35nB//09+zs7VBEARYY/jy176ZyVgUOIe8ondE7k8DfoW7XEkcXwp1L1f3qDucUF4jeCCET+oyRQrSKEPuRDlXsDe8fNIwIKVxxjlOW8YShSFROEucxGxvPKNabzA7tzC2bwyCkMXFZZI04fBgn8GgT71auzQgk+qESvWk03s86NNqDldzV2uOjZ44OamT3DjIAUMA1C+c2BG5R6CCkQWUHEQul/e1uWZQIyubJbIcn6CnqSaUUAsd4Rd3GHRmlb8XXYqoHr/xaOrbqeUcUSVC6xRrDWEYTdwn+G3TzJcmS6HLvImSVBMod63t1x/rxZXRKWlmggmggsrIos/29nbmu3H/BZzdBct5w1En/BivOruCdI6uSTF2p5CrAGMlKiOJJ5EijCqInjcJVSSoY9YtLoiwqkraGaDShKgWD7fJ5CqyrlAzLWprD6jM3UIIwd7+ATu7eyilWFmeXALb6fTY2d0HfEzrndu3L3unbqTCMGRlZYW9/X02NzeLlJXraEsqUcRbb73Fs2fP2N7Z8b4cCwuFV9WLrKuOI18mYAO8RF1KmQEcUmKzVRaEOMHiOM8Y7lUpb1ynMzf3YRyskhIZjFIn84mMUrmh4UVHOjmvUxZffpgnJGa76nY7xeCh3+2deEqE8KtxUgjSNOGHf/8/LngO2XGjCnfX7vH6W+9mYM1wotjv9YgT39J1OofFpAIyAzcpMznNycHoRcqzJSxpMnqN+7s7/m/O0Dk8LI6bVxRFVCsRKvCAQvn7cM5m91MincNaiZECoU3hWp0f+5MPP+DJ40/9Pqu1DODwdbC/B/g0ifNKSOG9IEZkJsWRso28Fl4aiz3DhX5/dxvnHFqnHHXax46TyUnCi0URn1bOSQRmZHK2t7cNgLGGQb8/enwBQnq5mpQik+T4iYc3qD3ppm2tp5PnNGX/fcmrAxzWYYXI5iHDfexub/kJszUn7p+UjABRV6nMUmBs7e5seS+MNKHX6xa/19oUCSJXKV0yGC1rzo21xEnC/BWMq+IkYRDHzDZrPhlKXm9HqwI1wuJQgT01sUVJSX7lR0cdGo2mB0jHJAkYYzDGFMy0YMoAfSXyHhtxHLPxbJ1Gs8ns7Pj7HoURS8urDOKYw4N9XDygVq1d2CTVs/pGaela67EDiVt1y/OePAFyCOljPl8EyAH5+x8V349OfVKbdZwKYFyHmWy5jHUZI8F4NljWfKfpsN/z4IZkofrFiWa/aOXf4UTABSAyrYgoAH9RLBbniwC6JDeNopA49oahk0pWvEG7GPpxZJ4+OfPYumHKyks23v4DqimbezvDIB6OTaSMkCWfqN3dXXrdLvffeONaoj+vpwTGOoQEGVUJ51aphxHx84eFXEU46/8/6GMTxiaeCJ3gtCHtCUSlWkhOUEEhRZHaIKMuUcVAGGArlWL/TnjZS3TrDSq33yZszENYod+PefzYm3B+4+vvX+jKPvrkYfHznTt3pjJ2vYlamJ8nKlJWPmZt7R6tK0h/z6o7d+5QrVZ5sj6UrNxUKtu4uiq4Ua6XQbLirMXhCDJjcMDLMowxQ3TceTmDyYzD8snuq1jWWt8BWjsCbHgviuiUCdBw1VoIQb/XJUniMx2cz6swCmk0Wp5VVvJ6yM/xpCmiKP6l05TtjefFpPRCxw0j5hcWhoO1sr52pEMaF5HqgY00GfDk8Wd0Mjr+pKWCgOXV29y6uzYWJCmbmLqMHuwZDJIgDKlEHtwIM88OgMeffszjTx9y2N5HCMGdtdd58513/epqaeA8ugo1HMDa0s/lmsyUUhQkByEEG0+f8MGvfwnA7bU13nnv/UzCkG0rxKn7NSV/D3fMzFUw9PjY2dpk49k6nfbF7n1e773/NeYXlzx1/ZQO58TxpcruuSrYQ/mEXWQSkcP2QfEMz84vlIAQCiZIbki4t7vNb3/xbwz6/YmHQFEYMju/wNe//efZuTOCM5Zpy2XPEyH8zEUqUUiaOu2DkWfgMlWt1ajVGyPHKt+34/fwqpM1OyJPESOrVknsKbtX0Wb3uh6Q8WDD9QPYUniDyfydt1ojT/OsEB5I8yu9AZXSRCYKQxye3ZLHk+bXkcQJiTEoddzn6OqVp6YM4pjnz9ZpNluFEeDxqlYqVFdvMRj0abcPAEu91pgIeMnB4ONJCoNB71SDsmbo6KZgGd2/kPhYViev1Xj0rFKZqWghO3IWuLlVK5tJGFOthww5AdpobHa7cuA2kIJaKJgN7UsxWHtRNZRpigK4KJrf8u+ZfOEjkhKdanQmPY2i8MKSFf9OS9I0KRKtoopvQ5I4IbaWKEtiyr+6JE2LWO8/1qtVSX9Q/CyEQpX6i26vy/7+Piurqy+v78YZZYwDFSCrTarVhk8/wWEOd3D9LjaJkTbFGjGSeOKcwGrhc8PlUMXinMBpyXEpCgJUaHHKYfPxa1RDNGZRMwtUVt+ksriGdY5BrBn0Y27dvs1M62IyqU8frRc/31pdfel8Js6rZqPhfTn29/j000+5fesWKysr13KshYUFarUaT9bX2d7eZm529qWV8ly0Xmi/mbG987TSosWXQnoKsclM+pJ0ZGJ2EyZv0y7ryOiQtqBH+spTRE7v8MqSAuccP/vxD3n6+WekaeqN00wK+AndcTdva0wBWEgli78vLq/w9W99l9U7a5e6njgenL/RmErT5PyN4Bj47oczIvv52ZPH/OJff8je3s4EOxLZJMazWN5+98us3rmbTXxPlwuUnzeZAVGyJEsZ9Hv87Mc/4Pcf/GrkmtY//4yPf/drvvrNb/PlP/nmFQYyk76Vw1WqTz/5PR9/+GsAdrc3ef3+W9QazRGmzqVKUAwenzz6lF/+9F+ISzrUiyDj9UZzxNtkkoPnzIvj8iitU549fswHv/o5WxvPMVozMzfHN/7sz3nj7S+NADPk/xTw5LNP+d1vfnGhZBMpJc3mLA/e+wqN1swFb+fwHHa2N/mXf/gbOu021p40TzVGF0kl6hR3/iAMWF69w/f+419RPcc0KwfqrsqIKCc5CDE6sc39N66i1T7qdlFSZGykmxn8B0qRZBNdbQwqOD2CUinFwcEBQvj7mK/WpgjfTx2TGBbbJCnGGkxiCINg6qyAaqVCtVKh3x/QPerQnJmh2Rw/OKlWa1SrNfq9HoeH+wghqdfqZ04Ku70uc3MnGSL9fp/KKQBHK/RZFwPt0K4E8uJZZ9Z5G/8XNe6QShYAh76m2N9yWTf0WCpAQjwIGYTeuDuK1JDxIyVKQEU5ZoJhzLMQAq1NttBzOpPri1ZSiGuJQA7CAGklaZIUIMdFJStKSYSM0GlKFFXQxqAzwCNJUpI0RWXySG/YbrAwwvD4Y11HCabZwsSDAaa0iKHC4fM44rvx2mtTO+ZNVf6cp9oRSC9XqS2/TjR3i+72I5LtJ7i957jeEUGkRxJPrJUk/cAnpLSCIiHF9iRxN0CFupCi2Kg2TFrRCSqX+swuEa69S3PldVRUxzpHMkjp9wcYY2k16heSCWrtCvB9dmaGxcXF6d6wG6ooiri1eovd3V2eb2zQHwy4d+/etVg21Go1Hrz9NutPn/oo2dRLVk5jtV5HTZO9AaPAxosAOky2uJW/XyOj2iDwAEc+kBwCArxS3hzO+QbQjjEQDYIwM5282HV0Om3293evdF46nYzuOUmtrNzh7fe+RK0xnkb16OHHfPbxhyOmaVetOB5cIjbW0T06vPCxvNeF9/9QgQIsP/yH/8Env//t2O3393f50T/+LdVqjTcevIdSaqoRr6dVXFphiAf9M7a84nHKJltMyjbxddHnTghKBq2SbqfNs/UnbG9tsPn8GXvbm2gzZEPsbG+OsFFOq+OGq+V/jyt5ife02H/pn4N+j+dPP5/s2T3jVpnMu+fEgcZ8FVKIYnX4smVK2nd5jGUWx4MrpacAdI+OCKMQKU6CtNdVOQtoaDaqC7T9eKls8rmwsFDERYOXVJWZeCAIwhApBSajr4On16cZyyMI/XWeFVF70arVqjhXpd/tcdQ5ZGZ2jnp9/HdSq9ep1et0ux06h22UDKjVaicmW3EcE4QRtfrowMMYg04S6mdQWWcykENoR+pGdywFWAnC+cn/TZfMPJzSTKZirJu6z4ZzmdeTMUW/J4SXuAkpMsPu0JtS5u2PFP7cpKBVEcyEObvSm3F7lqdBm8yguzBRdl9YdscEoSlXKs+6qJLq9JhkJSGMJktZkUISZdHMgVIIUSFNhikrxhr0QJOnC+dj2tjaawE9X5YyxicZvepATprGaFPy3QiriFfVd+OMkmIIPiNBBhG1+TtEtVn0wl3080/RvTYm7Q+lKwEEcxFSWuSgVySkuCgkcjEjnnE6QTiLjSoE4QxBpUWwfI9gfhlVn0GGVRJtGAwS4jjJ/OMkQTD5w2OtQxtLvV4jCkNuveS+G5PU4uIiYRRxcHDAYDDg3tratTBShBDcW1ujWq3y7Nkz0nSLhYWFa4mtPV7TBjeO1033j953Q4woTUZGtSKj8WntQY48gaAYWGqDvICb7nWVzXwLxkXy+cz0k6t7Ppo0vNSESQjByq3b9I6OSJKY7lFnxHirXmsQllY72gd7I5+fnfMmPbfurBFNSWvVmp3h3fe/ThRFJ1AzIQTOGh5/+jFWX2CSP3JrRqUrt+7e40+/+30O9s4HeXq9Lh/97jfFPo5T9yc6FeETCpT0k9yPP/yATz8qRU/Vm8zNLwKOZ08/ByBJE/7txz9g5fYd6o0WU8R2Tq0y7fsioMNV6vbde9xduz/x9m+/96ULHmF01v7k8SP+5R//huQYyDJSF7z2e6+9yZvvvEdwRmKTUgGVSoXmzJxfUWWygXfu0ZLLlZqtGd565ysc7G2TJCfZTKe9r+Wq1WrcvvvayHt+9jlI4PJRu9aaEjgpRgxGjbUkScriwuVXSeIkIU4SZps1lLrZ1CylFDYD3bQ2pwIcCMHCgv8uCgllCXT3A7HRyYoMK0hhCjNC8EBHkiRe8mJGAY+rlhBQr9ewznHU6dA59EBH7RSWT6PRotFo0em0OTzqEKnQe5MYgzGaMIxYXFw+8bm9vZ2JNOazoaONQBhHYk+CHE6AtJkp8OUu+dIlc58vsj5hSp4vxjqcMZhjDb61jkApqtWAWjVCKoHLTE99KkgWX2oNTWVBWzpZ8pIQspBpBEFAtRqhlCKOY3Rq0NpirbmxNv+mK7+q65ojC+EliFrrwpvjMpKVvJSUyEol8+fwv+t0ukgB9YZ/F3OGh1/8chdKhnjZy2bPYZqmIARJEhNmUp3rrek/IcbokbGGVBGy1P+9mr4bZ5X3bMP6MYusNlHVJkF9lhSJ6rUxSQ/XPcTFR9hUE1aqkMbYgSa3mBZKIGoKSVjEKBNVkJUGojmDDBsEtRbR6usQVrAO+rEmSTRJmmYLgoJKdLFnJkl9u1upVLl9585LYZo5jZpptUq+HJ+wtnb3SmOus2p5aYlazaes5L4cV0nHe1nqplgceWLl8bHkiRbey1RspmFWGGuHAIfRU9c1X7RyDSfOkaKLTuo0A1EpZTaYvdhLm38pOS31/a/9Ke9/7U/pdNp8+Otf8Ztf/hSASlTlz//iP7N66y5BGNLrdvjRP/0d659/BviJ+Pf/6q9ZWFxBKb9yMY1BURj6ZBEvl7HFRDv3SmmdYoJ3kfLZ9hbnFNVanXe/8ifnfkYIQad9wOazp7Tbe+duf8aOPJNASeJBnw9++bNiwjc/v8j3/vK/snrrDkIKfvbjH/Lzn/wQ8KaPH33wW77xZ3+OkJke8fQrvPz5TXIJ17BPKSR/8s0/442337lQw5FHuA5Xxyb/cBLHZ4Mbl6g3332Pd7/8NSZZCXUuo4xbhxNnbTyMV5ZiaFY7N7/I9//qv54A2rTWHOzv8jf//f+h1/d+FCsrt/neX/4XZmfnT7AmPEsgyKjrZ5+zuOLA0pQYMrlEI69+ZgjbuoL/RvfIG+relP9GuZTy8Y45S3ASE2svofQTZJ/SEZ5qHqsChQpUBnanQ1+pIsHFZoDH9AxJc7mQtYbD9r4HOubmTvho5NVqzdJqzXJ4eIBzjrBSIYoqY0H7breDM4ZwQnB8NnQcZSDlcZBDgE9YcSCcKCZGN1F+scT/bKwhuIIPR9kstFw61UglicKQsBZSCUOk8oaXSRLTOTriqHPEoN/3qUw6ppXusJn45AIZRASVOjKqEYQRURgyNzfH7Nwss7OzhGFIGIY+BnqQeAnEWP+sP9YkFQQBUqkTkhVnDeqC4zZbGqv65CVNc24mS8cLSZN0hOHhEjs1oPNFVrk9A4prTJKEIAheKe8R6xxxyVRUiAAVDNvEo+6r7btxauXss8ygPVAQVOsE9971f7aatLNPuvMUvb8JCLTqYQSF/ARrsLUmstIiqHhQL5hdJly+S9CaR6rsPgpBHCcM4pRBnIx4AV4U3IiT4ZgqUOoLMSkvV7VS4datVXZ391hff0q/32ft7uUsBs6rZqPB2w8esP7kiZesJAkLVzCRP6uum71RrmsHObK5zbh27sRvxDHtpZISkxk5JUlagBw3XQWAUbpTxmiUkl7Dmf26DGycNQg+v1w2KfQ7DjM65OLSaE5yEATcun2XRmsWcNQbDWZm54HPim1mZ+ep1mpZfHeGtk6JnmudQxvj41eRqMCNGG1epZyzaC0AfTIS1hv/AAAgAElEQVQO9ZRSShJVa1dOrhialwmeP33C1ubz4vdf+9Z3WXvtfvEsfOPbf87WxjOePnkEwPrjT/n6t74z1tQ028nxHy5wXpf62KXqNFPASqWKtRSDuUmqHBObhSBP/NnFlRX+7Hv/0UcrZ/f8N7/4Kcmk3i5jyr8PvmE6T0rkyCOG7QnQYWQ7ZxFSEB5bGfaNX3iikQ2jCjiXSaCy31UqLK2sIqXKth/1iHAlVsXpdfUHRJdSHY5HzfZ6ParV6pVWr466XZSShGFwY/KUcuUgB3hm4CR9igoCpAoukLoQeO8HrYtV3bL0MokTEmu9Xn9KwL2UimajiTGG9t4OHRUyMzdHJRrP/JmZmTtzf8Ya2gcHzF7QgKwZem33kYbEnAQ5hACLQ+JwN2RAelWZymmgRp6AopSkEkWElYBABQjpGAx6HB11SAdd0sGAQZKQxgNSneKspaX3OdIJ1qYYIoTURP0eqBCpAgKp6LV32Nv071vUmGFmZpb5hYUMHJRobdF/BDouXd5vq3JCsmLihDAMJ5aTeDPbsAA1BwOfDJV7e6hqxZuT5m1BBgKEN+hBNO2yzpEmCQjve5a3bbnhsjYG6yC6VrbK9J75NB6MGGuXTUVTrdnefnV9NyYqv0KLNh7syCPppVQE9VnUaoRduAWAtRprNEKnha7MqRAZBAXjRYZVRKWGlCGpsaSJJkk9y91ki0Z5BUUq4GSl9bhQgi9eSSFZXlqi3W6zu7vno2TvvUb1OjyKlOL+/ftsbm6ysblJmkXJnmYufpm6SXDjJjw5ctnx8WfXOXcS4BhXSoVYG4NzaK0zE4/pn+i4stkxbTaZO+4LkqTDDtGX9BrL4Go0KW9Q5gCDNi5L9lAEx/crBDIIIJuECeFOTEhyZD1PpBnuY/y3LcgaNjlBg+Nc9tScbt55pcpBHuk8v/nMEih5daupHJjIEzm2NzeK1df5hSXeeOsdPzk2XrYQRhEPvvSVAuDY3d7kYH+PudPoZFN7ydyI2anRmlSn1ODK34UfLI/fiX8m3MR+KHlij3MW3PnvhXNuyJpwkrv37nP33v3i2O2DPR49/PhSiT55+ZU5fw3amCLaafwJlXXhrvzrona2Nnj0yUcsLC8jhSKKQiq1enHtxtiR+5VH/SLEaKPrXGEOmqdZ5IaveakxEbnlumo0mrV2JCGmTM/VxjAYDLi1ujruoxNXr9slCgOUvFl5Sl65FHLoxWHPBUWlkBd+r6SQyDBCKutNCbPkhXwykK/m2sSckLtcpZRSNJsttNbs72wTRhEzs3OEp6XGjCmtU3Z3ti4NZFUVBNJxEIO24kRgtZes+FGHN+AU1w50KKUK89xJZCrGOnAWbXLTal/lWFeBN6+sViPCsIISjtQkxN0eR4eH7O7u0escoHWMzJxWJZambRcMFyHBIsFCrGOkHACCgZN0O/mdUzRnF1levYXAElWrRJUq9XqVJEkZDJIs+WiKN+wPpE6VrKQJzgWny9iOVQ6U5hLiMBqVJXuwY5TZlWqDsdcNAlxPaa1xI35E3mfO2qGcL0lS4tgQRtFLzVZJkng0Fj2onPDdsNa9ON8NAYPBgI3nG9y9e4ew7JMw9XdeYK3LGOQCKwRCRYhGBSXmwFlUwVgtnUbBPPcSvO5Rj/7+EUJKwjAqPFqcdWxtb3PYbgNQqVZ48Nb9U89leBxRHMfh2XLWOq6r0RPSs3GPP7WOzEj6EvL3y9bs7OxQsvLRR6zdu8f83NkLFJet1dVVqrUq6+tP2djcZGFhnkb91WbHXMcjYo3xPlpjFr201pMCHBKthywObTThNbM4RqJdKQMbgjAMi5iwYXmjuWnqv7TWpIkBAWGYI0Sn7/88NNM5izGuNIge09lky2sqi+c8T0MphEAqicymgFPvwDLihuD8yYU4IyHlwofNpAbOOXa2Novfr2Y+JsbYwpXfOcmdu69RrzXo9bvESczO1nPmF5eKVfiplRg29p6mPDQZ1UaXkm4mj887XkMjO3VGo5A9G+78KYkHLFzR6Z1fDmscRlpAF8+gj4oVNFuzU/OSyQ39tD6bjSKEQCjvrVH8rvT3rc1n/Ms//g3gJ1GLyyt848++x8LSSmaCZTwrQni6eigCQOGsGWHC+NVh/y7ZDBRydihVy6MTz2JJXRXgGJWnBCPMqVyeMnuFjnUQx8RJwlyr/kLpy7mvBoAxKUpNf0WkOJaUqEoFrTVCShScbkiapWpMo4IgoNVqkaQp21ubVGs1ZmbnCM5ZMe71jjg42Kdeq1+prw0EzFccRymklrGSFSGyFlI6hMPHDV4T0CGkJNepnCVTMdZlDJ/TQQ0pfR8ZBIowCqlGIUIKev0ee7vbtHc26B91MdaQWgWEKDfAIanaGAfEzrNKqhgCF5M6Sd8qanjwJZUVIjfAIdCyQrfTJum32Xr6KYt3X2P51l1urdzKVtgcSewNdF/ieeSZlZ/2i8JocsmKHpGs+HHgpCkreZu2uLSU9ZHjjiELyQrkbI78GFO/rGspnaX1lVnLuWcMBGidFl5EhWRFnZ0eePGazpNitCZNhzJYpaIR36kX6ruR9ftSwFHnkCgK2N3dYX5+nnq97s2N81WYKZdfv3RFopOUIITDWpBiyNbOn1nn8gUSP2+r1Zts7+7z/PkG9Xqd1dUVlFQcdjpsbw8XqN7/yruZ5+LJfm847hku7KTaUqlExQK0MaNskGmUDxkIxs6D8sUnozXa3lw8WK1WY2V1lf39fT7//HMGgwG3b926lmPNzsxSfbvG+vo6u7t7JEl6ZUDlJtkb42qaLA7nPGMyHAN++3GemAzgAK8/TzMdfk4JuQ402GTUqVwbXAYxvC+Ij4BxLigozirIKKlTOh9j/WpfTke31iKocFNzAaVUQbnJG5fTylPyR09sWvdBCJnFSAYZm+IGe/7s2gf9Hvu7W8Wv84ld3uiTgcfVWp1qvVF4Kezv7ua7mdoL5Tu54XeSxDGD7HjgJ6addpuVlTvFRDhnW0xaDlc8++IM/bEQnGQTnVLWWrTQ2HRytNtYAylYK4rzCAKJEDfA3hJDvsTIO3DOgTuddvHz0VGH97/+bQCss9jMxBEEovQi57T3vKw2xWACwCdM22Il5Sb8s8pJLcfZYP1+n1qtdiV6ZL/n/QbCMLhx/41yKSkxpdXaaSacnFblwb2KKoX0sZjoxAlJkhBF0VQN+qIwJApDkjRha+MZtXqDRrNVdM4OV3jd9Pt9cJbZ1sVkKaeVEl6ykjgQKcTm5HtUAB0Cz+hw12NEKjOJ3HkyFSUF+VtQBjaUVJmnhv9ulFKEoSIKfdLW7tY2nfY+nc4Bg+4RqTZYAsASkRC6AYEzOCSGKlJ4EGVgFJGwXhopIyBGOEtAim82HYoU51JiIxik4Daek/T79A4OWL19l2q9XjC9jstpX7W6KgvzKiWFIIwqpBnDC/KUlXhiycqknj5a2+IYL9pf7iJlnfPpaNkJe6+NcOSZ86b6MpPlhNnipLmRuFyppGfPTSBB82M5TS1LqZAoZGnSMogHSCl46603WFpaHvPZU3Z8ynqbK/8wwTZCeGbyoN+n2agTLcz58YS1JPGASrUKVmAzOesU1/lGL6b4SaCkB6GNJ7gda2s8Yq21/93a3TWiqMLjR49Yf/KE+YVFnj9/Xmz9lS+9g5Q+Mc/PO8YcXYgCQBsMYqrVKJPcWxIhSFyKdmZ8o5ExP8YxTU778oT0DNsoDP2489hz5Jw3KE8Bq/WNJCbmFQYBK8vL7B8csLW1Ra/X4969tbH+WVetShTx1ptv8uz5c7a3t0nTlIWFhUst5L9ocCOvac3JrBlvUJ+bfwshJwc4vBeHIoo82q21JpqiLgggSZIhsFGi3CmlTmiv88ZcBcHUcoOt84hg2agKvC5KBePRzWmVMZqd7U1u3V5Dlb60nClwvA7bBzz65CNas7Mj+lHrLGma8PCj3115gCWyUa+QAmM0T588otM+O/LVaE3n8IDD9kHxO1f658THzv6dxAOSOMnOR9BozpRQbTyDwTnCKKLZmmEvA0P2drdZ//wRtVqN/d1djg7b4w90kXMSAiGHANL+7jad9uh+t54/4613vuSBkKxD8FKTya4//8pyuv7xzsY6y09/9M/ce/3NcyenzZkZVm/doVqrc9Eu11mHcQZrBQhvTuqK53963bdnICmC7EJ9XyiG/y5wjWGc42nVyiaEYRixuHLrREKLyzWtEs9JB9r7ewziIQun0zmk2+nQnJkrMXVubrjvnMPY0kp1icKfaj2VFYN2u02g5KkGmNdZfoVJo7Xxd7TURtkbADiOVw4m6zQppBPSL5Ndy/GiMCIKI+I4Zn93u+hrPHgWEAaKerU69b5GCagIqESOw8SzOY5HycJxoINrYXRIpQrJqTOny1QCJYffiRAjOmSBn0TV6xFSeEnCoNdla/MZnYN9tE4RWBAK5wQV2yUyAyKZYq3AihArAwKR4pxj4ARKSITM2iILAoOwDut8exQQ45BYEWBQHLXbDLpd9vfaCCFZWlmh1mhRrUniwXD88Me6eHnJSoDWnJCsWBeMXbW7SBlj0Tot4s0DqW4gceTyZTMpcn6OObgRRR7EyAf6xxehlFIIWTnBVkmTmODKkpXx/aJUkjDwY/ZJAA7f7mesDCEyiWi+wOATE2/fWmHmmA+RH/6JTKoweh5D1gFjJ9YuU1znYMS4bazzwLMUkCYxURRQq5VlM84D9HGMlAEyUL5dKlZnzr30y5fzQEch1ch+d1qtLC/TbDR48uRz9nZ3CgBwdWWZWq1WsCWC4KSXQV757328ue8TnJXYnE1x3INI5KEH2dgtG9c5KBKsrLGZDHH05JXILAFCRRjkUv0hvyxn1Dpn0dZgJ7Sj88CJ9ED5mGfTGr8/o8/3U5qfmyOKQvb29vn440+4t7Z24hmdVt25fZtatcqT9XU2NzZYWFykdgEW9csCbkzLk8P7b4733TDGFib/F1q+k1J5bV/uSm/MiRXGq1QQhiMxjl4TfToz4yJ65rPKOYfRaTGYKg9MAqmIKqNawOuoXu+In//rv1At6ayWl1d48KX3aTR9WkK5M9rafM4//+3/d+qEL03iEar7ZStfkdpYf8KP/+nv2d/bgSyC87R74s0jhy2OukIcYC6JyvdTrdeBoeRi+IYIqtUhdfHZ+mO2NzdQSmKMpdc7uvQ5FJXR9HIke+PZenFueW1tPM10YbKg1hXnOmHJ0mfH1dMnj9h8tn7ufmbnF/jT7/w77r/93oiHxKRVpkbaIozslLrgQMkYv1qqCmMrle2mTLkcpV96sMgV51auu/fu8+3vfZ/WzJxnHinlU4b81qXHJP8OPbtme/M55ZFBv99le2uD1uxcIUXx3joXurxLV5m9IYQaecdyecrM7Oyl96+NoX14SLNevVH2Rm5yWzaILIPYUsoRMGeS8p2ZZ2AI4SWKkxqQHt9PmTF4fXTuYVUqlREz75soCSBgJnIMLCQGBhrsmLbhJKPDL3dOA+wo9+fGnS5TEVIVchab+YT4j/qJXqUSEipJnMTsbm3y7MlDtE5JjcRQIWKAtClV10Frg/VEci9LcYYK2iM4wlHPJCgAke2DcGgria2kIi2BsDgEqYgQI9s44oHmkw9/S6e9x/13vky1WiWq+BXONP0jyHGVyuViI349WuOMJYguno4H/n1P04Q09b4pgZJE9emvvk6zdJoWSQF5e5W3n2F0NtgjhaSSReiWJStam6n7jni2gzdtDcLJAA7OOAcf59tCZeDByLEY9tym/B/CM5vVGKAhJ9S6bHI1Dowok24tgjT1/UGr2WDvk59w8OQ3CCFpLN1j5cv/AXDsH+zTaDSo12sFqOLc9bEKhPSidGwO0ohT2Sh5NZsN3vvSe2xvbXF42AHgzp1VpBAZ0C8L2bNJ/VhDBl4q5JxD9zts/ObvSI52kZUGyw++Q33ptWIsVf5GpPJjrEAFGfNXenkNGTCSgVKpMUhjTgIduRRYeCbz3qc/pf3kt1ijaS7fZ/X9v/CLiNn/JrtpgiCQVCJvZTAu6c4Yg9ASXHqubBqgUW8QBiH7+/t89ugRt1ZXWb2iP9ppNT/vwyqePHnC9vY2c7Oz1wao3ERdFtxIkwSlgiIApFz5WDCviVo3Yy1Gp4UfRg4AaGuJpghwyKxxzAfBRluC4HpnFnmUYF75teUrezdpypSbZOa19WydNx+8V/y3KnUEvrOabPA0LWnJwf5u9lOeLjNZAx5VqlyW9GrtKNV30glMmqZTHVzm8hQpZfFMbDx/emK73Z0t9vd2WFhaKSbIxoqJLz3/jJSnI+nACWBlXPW6namsu04EzlywtYrjgV+tyTq+YflVF+9D4v0x+r0unXab/d0dvvpNLzs5niDTmpll9fba8FydX9kwxmBMScOaf4cZ8LT1/NmJc1t//MizcKTDGJEBKxe6vEtXGRg8PuHv93o06vUryVNyU7FqFKLUzRmMSinHGEILAqWQgbrQRMUDG7qQKOa/S5MYq1RGzZ68zRPCpzjkEwB/ZufT3F/VkgJqCmrKEQhBah19I8a20AWoIETBuBmCHX6bi74aUsqJZCpSgBISFQWkWuOcT1FSQhJGIWEosc6ws/mcve0NkkEfIwKchYgekRugbIqxjjCbBOSyFIVFCIshAhxKpigM1gliK4iET5gJpQMRYIWXqBzfRgiDdAP6BrZ3dkD8jtfefJvWzBxRJfTRj5m5+B/rciWlJIoiknRUspLEMWEYnc/6Kj9ajswY3E+ydKpRKiKJ45c2UlWnugBgtdYjiwlBMDnIUx6/C67PVFVkAIOUAmxKb/cZ6aAzvf1LRbW1RHVutWAuHMM3CuBCSBgu73s2ssskHGRzcinAjWwjh392nvHYbHjWwuGzD9n79JfgLP2DLebf+AZhbQ6lJPv7e0ixQL1eIz7c4enP/l900sNdIO1ukgqqDeZe/yoLb3yzYLuq7MLP7/UEt2+tMjc3S6/XpdcbUK9VR+TUWx/+gL1P/w096LHy5X/P8jvfBRkQH+2x9/CnxJ19VKVGY3GN+tLrJTkxOCEIMlm7CpRnSyiFkqPG7A4PXikjMVqRGoPQGmscNgOGhotcloMnv2X3o5+AECRH+yy9810IL+bFIqWfXwZKEZ4Cvhnp+zWjDMJMlooVRRGrq6vs7e2xsbnJYDDg7traVP0g86pVq7zz4AFP1td9lGyaMD+/cOa86GVhb0yjnHNjmRtQmhOV20etz499tdabGSWxj6OSeN+LadOJfWrDsBHODaauo9MxxmQTYFccD3xn6juNqR9yoiqv2s8tLBWNdrVW442332Pj2ROSOB7/4VNqYWnVJ4q4ok0v6iIrnuWXvV5r8MaDd8/9TBCE3F675yeJBUI7+c2V0oNMuYe+uYBrchRGhaN4WYZwmRJSogLpG2op2N/dYWsMwJGmKQ8/+pDF5VUfW2c9GGScnWjSJQRFisdptbJ6lztr987d18zcHEsrt8gIgeduf5P10W9/RefgoEi0AEjSmCSOieOYZNAnSWK/ypZ5RswvLfPOl7/qNa/HOp6c1uqZAsMJhTE+htZak8kAcvaGl6dsbz7neG08+5xe94hqrVEAIT5R6for1UMGmyxJz9I0JU4SFpeWrrT/g1yeUq3euN5cKVUAU1JIogsCNc45tNGYVBdNSC5fyyuqRIVR6KTJC+ClX2XAZJqxbC9j5V99M3SkDiIDfQ1pZkJ6mpR6CHY4vxrnyACPYouSsfPpbI8RmYo1IHNPAFfsSiIQoY9h9X/TKFHJwI0Aawy9Xoe9reccHh7gnDeUrBAT6Q5KWKwTaCeoCQdSooVCon08LgKNX2GMgixxQhvigUEJSSAckTBoQg/lW42UKc5JdCZpCXAoYjRVukdd0l6bVmuGMKpQz9iY/X489UnOH2KdKlmxwcTv64hxfRQyCCT1eq2QXVtrCcLwpUkbsc6h7WiCYH7tuaxgksqvLR/nXr19O03GMPrfhxsP+fyH/xdJZ6/wsTpLZjpRScXc6+/zxr/73yConOzHSixQE/d59M//JzruI8OIxtJr3P3Gf/Pnkl1F3Nnl8Y/+b5yOiZpzzN17n7nXv4YAdna20dpk90ug09ibXgBJ7yA7jqDRaGCdoz8YUK1WONp5zM5HP+G6pK16cMTC/W+MXOtkAIeveq1KrVohTVP6g0E2z1LgYP+zn9N59gkA7ScfsPzgO8W4O+15oMrE/bH7DaQgiEKiMBhK+4XAJD16+xvowREyiKi0lohaSygpMNIDHYkQpGisPnnP0m4mBXeOtN/xC1aT3y4gA75kvsAl2Pn4xwz2N3DOElSbNFfv01x9gMo9ni6ooVhYWCCMIvb39wuQo3lN4MK9tTWq1SrPnj0jTbc8u2PMeOqLBG5A5v95Spvn4blsjpm9FxMBHGEQYrSPnUriBDllcKOIgi11PL4ulss8SeXaywJIyUEbIabqnn/RUirgwXvvM7+wSJAh67PzCzRbMzjnkDLgm9/5HuA1i94EdXLpQ6VW80PObPUsp5Q1W7NUograGGZmFyaedLz5zpf47vf/MvMLOf8cclrleVrB4yWV8h2i8YZGaRyTd00CjxiDf57LjJa79+7z/tf+lEarRfeow4/+8e9ot/cmP3CpPO1SZtRLT7f7+MPf0u/nZo1+FSXOTHg//ehD3vnS+8zOL3iqnpVYe3a0aPlYZ5UUkq9969u88fZ7E78b/r16uQCOjedP2Xj+tGTgeT5TRCcxOk2oVGunbOsbN2s8yJHHiFnnXbaVksiSge+TRw8LU9py7e/t8ujhx3zpq99AKYFzMpNdwUXAuYvWqDxFjpWnzM5enpKotabT6dCs1074k9xEBSoYMRW1zk60+niCsSFGAWmllAcRjR4BxrW23kh1gr5KZ+ySJE6Q6nw9fpKmnn3yEuv2J61QQBg4IgXaOnpaYCwYd7osLacF54AHlLyWig9lg9AxoLZQHghRAnAWKV3RJ+Vb5i7pCG+I61evoRKFOBzt9j7rjx+T9DqoTNkd2R7YhNgKalKgpKWOQEj/99AaBk5gkFQyBmK10WJ5dQGAbvsA+/wZWlYwQMDgRLpKvs/j25CNhx8/+gxtHQ/e+zJh6MdO8XF9+h/rUpWnrKSllBVjspSVCSQreRR03p6IjEU4mqaSECr1Qg2Y89KZZDuKwmG8deQn20EwmazGg7fZ2Mi5K45zi7dzoq2d1SSHe9jMV8oBXBXrExKTJudvBzid0Nt9yuBgC4SgsfTaiW3SfofOs48wcQ8ZRMzdex/waWOHhx0WFxfGyhmOV7Nez+QXlqg+S3VuGWd14Q+SdNsFOAIQNefP3F9ytF/8rKIaKvKeCzIIqC/cLf5WVtmYpM/R9mcjxzmrZm4/QNRq9Hp9pJRUK+OfqfEJKccXmYSX9AdB1u9KTP+Q7Yf/xvbvf8TgYAvnDEJIwlqLuft/wsq7f05tca1gU+RzmpvoV/t7T9n41d/5cw8i3viL//3K+2w1m0WU7MOHD7lz5w7LV1yUOq2Wl5ao1Wo8XV9na2uLubk5ZlqtaznWy1BxMvDzr1PG4N7OwmKMxqd+CgLwJj7nrXYFYVAMArUx2c6udsLeCVcXkpQR6vKUI1+ts4WOEYYD5DxW66bN7Y5XvV7nW9/9dzTGOOf7gZEHOcB/kVFUvfhcyw39HXK86+5r91nOTAujqEqj2RxufEYfVqvXUUHgWTcTsCqscxlD52IMjpw2mqYp1lm63aNC4zj0a/AmqN3ukAbZmpnljQfv4pxjYXGZX9Z/fCmAI4/Hksr/X0jv2/Dhb35ZbLO0coswiHi6/ghjDO32Hr/62U/4/l/9tWdxOAtues+XNw31z7A87qI1przU48UPrsseGvaYK9So+ZDIIiD95LVSqdKcmWVpeTWbmJ8N7OVGQ7Y0qZDZaoLKnv9O+4APfvXz4jOtlk/n6XT8qsyvf/av3H3tdWZm5wsWx6SSrMtWmUEgjyUj9fo9ms3mlZy6DzJ5Sq1ys/KUvDw7acjYMVojz7gen36jR7SwBbBxDJBWClSg0Gk6QmP3K7wSpcJTB035s5KzQc5nNGbbZ/3gq5S+cFaFAkIFoXRYoJ9C6kAbMdGTX6Yqj/5h3M2RGONppWEYgHOeqee8WZ0xZqT7SVONktJrp4XgqNvh6HAfe7SFSxMCExOoAOUSLI5QSs8fcQorA6RLAW8uqoQmUIIoqrG8fJv5pWXm5/37359foNWYYWd3j373CDRYESKAUBqsCDguaRlYn8ACkpQQuke093fY2tlktjWHChRSK6zRNyZ1m0a9rI+0FIJKpeIlK9kCVRSFJIOYMDpfsuLHfKEfR1UqSCELqXLuT5Eag3HXnzZyVqWpxjIcF4dhhLWWNE0njswFr1mHbLwwFV+hCzzEDqwr+S415qgv3oVzYrLPKhWEzN37CjKscF4yqbUanWRsA+dKUpTSNibFZcxJqxMvi8anWi0szNFs1s9k9FiG4I3KmKTNlTd56z/9H9k+U9L+Aes/+e8eaAH+f/be7EmS6773+5wls6q6unrfZh/MYAb7SoAASRAUKZKypGv7hnwfbjj85vCb/x6/3Ai/2X5Q2JLle6UriaJEiuIGYiMBEMtgGcw+vW+1ZOY5xw/nZFZWV3V39TKDhfhFzExPV1VWVlbmyXO+v+8iowozD32DyXOP922vvb7IysevFwCHkIqpB59h8tzTRDU/P682ZryUpjwwC9i8c4Vrv/i/SZubBUOuXL6x69l3I7NniL7VYGTmHLWaI83SQ7fBhPANjEh7Y1CtJJu3P+D6r/5ftu5e3bEPhmR7jbtv/5T1T3/HwlM/YPbhb6O19k3Q+zJGCrJ215fPZgk2S3Y843BtwUocMz8/x8rKCjdv3qTdbnP61Kljb9YDjNbrXHzwQW5cv87a2hpZSFmBLyZ7YzfSTKfdDuvXvcd274/oG1w45z04sizb08wT/MmbpV0WRyD+3qoAACAASURBVGYyoiMMlCZnIYT/5/S7chTscZRzLrhl7zAQDUj2XoN9Tqc7rpQW8HFTgz+ZREdR4SzcjQr1X3iObCopUVrhcCzfvUu7PZgqNkxtrq+xsdZFiUfqdRpjYyGVRXgB4m6fJBwTa30Ep7VdWlAhnSv/HDbltXjDdW0Fgvpog8bYZNHBXg/7K4XASb+LQkCr1aa13SxePzk1Q560IncxFNqv8oW20j6yyseyOn73+iu0QudfILj0yONUqzUcjmtXPwLgyntvce7ig5x74EF0uJmbrOhxHqlk6dinxiPixQ24/B3kP7juZ7mvUb90P+uFSw9hraG5vT3AfMsvVuO4QlSpUKlWqFRrVOIKURxTq49SrdaQUhWAhdpjguTyPyVwQ2sZKJMeOHn7zddYW/OAl9YRFy8/jJCSN1/9JdZaVleX+e2rv+al7/4weITI0tYPb5C0VxnbZSCJ0udLQrdydnbuSNtfX18n0opKZQCt9z6VVookBziMQWvXd04aa3EmK0yfYYeEcBfmhBSCOI6Le0uSpOBckK10dpWtFF49wQNqP3p63g3NDUlNJ/vc6vcPU7ntlY4cTngj0sz55JXMEoxGj15K6UI3a40hM2nPddUTDyugEkVUY0UkDcnmImbjFiLZQITTRLs21nnwPgq4rw2gQ0zmO79SU1WC2kiV0bFJTp05w+T0DNXgSJ+OjdNoTKL0J6wsCZqbhsxIhDXEwtJxkV/IkCKdwThB5iDyxgOkaETWYnN9lVs3rhGfixkdbRBFisR+5cVxnBVHGiNFESfbBTRV14C+fLh3XNZCdA0KPTNE9qWNdDrtoaNpj7OsDYbM4XzROg4SS1WYnA9TWZbgnCNJPOP3sx6jTjzzA6YvPIeKd2cKl2Pad6/cE2jve7GzBkoNOGe6LMAy06y8DRcinqvVCqO6Tp7GgjMMiusQQmBo4WyECP50Qgji8ZNY541hlZQsXXm9ADh0ZYTpC89SnehPRKvPnKW5dK3ns848+AKNhYu9++nyve+e2mlzg/bG8r4TFIejtdz1H/NeNkcAnZTEz+M8uNFev8PVf/tLWislCbCQqLiCTVNcYPR0Nle59su/RlfqTF14Fu28rLtHin5MQ2bhMxIOltnhYZgDHLlh61EQXikkM9MzbEQbrKys0Gq1OHP6NLXawXxDhimtFOfOnaN65w6379xBKsXEEYzoP8sqecwW/7fW0mpuURsZYXNHGuagsUIIn7hmTIZOOglxJSbL0n1TSaJIB4Mm3307jAmntYY0zfqADSklSh/OBX+3yrKUrKzXzg1EpdozDqnYH6V81x6Guqns9njesfTdfIeQovhdXzkweUxRvlRzAhs6XCISKGBl6S4/+/Hfs7m+dsTr3+sylVRMzcxw9sKDVKoHuwj9YrK45eCEKICHHOHoOiKL4jjt5TLt8CZEWsdMzc5x944fjFcW74RjKL32Oxzy1eWlIilFSsn03NyRJpMe3PI6bKUVkdYIIXnnt6/y8ZX3iuedPHOOi5ceRkcRQkpu3bjmnfzTlFd/8a9UazXmF06hhQaycEM+nhFbSkmWGjKbEWnVPSaE7yAfy6VAhkH7+Kh/+30Gh7PdtJvG+ATPfP2bFEq5HcegP+6p9z2c6xqLSilQev8JZ/EdahlMr7yx1I1rn/De278tnnfi1BkuPfo4SimW7t7h2tUPAXj/928xM7/AI48/jWdv+ESeHq+AYypjuma6OWsor2YA945y00rShK2tLRojtc+Uep0zyLr0clNMuneaWcNObyQ91P3GLwIUJsvIjO/y+ntcVuip8wWLByv8GCic82yCPSqXPuWLoCKRwBis9bnsXwbZCnSN+uraMzqMA2OhY/2/uYzFcrhul1KCnJxjwr0gBzWk8JCiVIqaFkRaMdGIibUkS9qkSzdori6TiRqx6iCdb5Z0nPQsDamJXRtjLZlNiKRDiYyKtYxOzjF34hSnz54hrlR7Fq9aa8bGxqg8eInGxCTXP70Gq3dJOy3AFd1dp0KiioAROgjpSK0o3qvd3GLp2ifMz83TaIz5FIvU4NxXIMdxlgrNiyxNesYUa9voKD7QfDJPG0mzFJOnjXQSb4Z4H/EN57qga1zxjBRdut8NC274hKkSe+JYvEWOfu7KKAYx+IDm8+P9PmM+5yz/m1f5lZ41VQI4bL85uzUZ5S1knW0kUKnEZC1v1G6yhGR7lWR7Y5f9cXTcBmSOGpPIYE5usowszRgZ6Z9Ty6gSPnPvzu/2yd0OMKc77+5+6NrESWYuP0/W3g6fq7eaS9fJ2v2yXPDJJ2KXOfl+aTi5jFtrBSbl5mt/1wNuNE5cZPrS12nMX6C9scjqJ2+ycuU1rEmxWcKNV/8L1fE5alOncFrhBvhwHKlEbt4vkULibEbWbvY8JWttF8xwFcIEjsrZHRsbK3w5PrhyhdOnThUMi+Ou+fl5rHPcvXsXpdQXksGRV8lGg431VcbGJ4vmdl7WeumdUoMVGErpboqKN+/YWxPttYuyy+I4QMzUbj4bPsP7eCUi+UQ2hNkfepKsI43OYyzFfmFEInR6+5/VSTqMCoFS3cc21td23ZJfzHmqLq6bACFKN7ksTVlavHMsUbDgF1jLS4uFDGnYKoCfcBqIHNDw/5RK9HaNHSTJ4H13PQtgx+zcPO+G/929e4s7t24wf+J0OGe8Xu+TK+8VndXx8UlmZo8W1SSlKPReOoAH7771Or/+2U+K99E64rGnng0pMXDugYucu3CJD99/B4DFu7f56T/8HS997084cfoMWmuMOR6Zg2dkSCrVuMtUCN/F4O9ADOVzcYA92Pth5wEqkxn8tSGKfSuDXNBlKFnrivGhZz+d834awUF5P5oaBJaLEp59E/TUSklWl5f41b/+C+1gkqWV5tGnnmVqehaAJ599jsXbN2l3WqRpwi9/8mNwjocff7oUh3b81eu/0csyaLVaNBqNI3Xf1tZCeko1Cr45n10pqQpNdpZlCCkHpnTBwcbscgnhZZWyLFsJbI40TTCZREVRjyxoGF+Snudrv5jq0e+nKVLmgGj3dcaYz1wGeZSSeNAhUhDLLhMtcQ5rBZn1AIgND5iAeuRsj/xQ5D97uNA77qdJhpJh+8JRjb3fUaw8cyNSECnBSCRJOm2Wbt+mtb2JTRO00EhncCgsUUhIyZDOYVEI4YilQeKo1xtMzC4wMT3HxMQUtZF631iU/79aG2F6egatIlbH6qwu32Vt+Q6RsLmVaiFRSZwkthaFJZbghCazDpIOy4tLRNEIU9NTKK16ZHNf1fGUZ25VSHdIVtKkg9PRgcdNKRTGdRtj1hqs0/fNeD7NfAOw67Vx8PHaR+F2fYV2WwTc71q7+juUrlIZO6wvgUDqiPrMGbozRLr4hOj5h2R7BVvy62ivL5JLNFx4YrK50iNd6Wwt42yKSVOu/fqvaC7fwHRaWGe7ZpeD9kzgZSOqgxIjXgpV2V1KNIhNsucpVh5ESy9zOSjioLHwAI35c30EDucMWXub67/5G5be+/Ve7zKw9gbtvYehCPPPlY/fYOWjN4pHJ849zrlv/gfi0Wmsc1TGFxg//Qjx6DQ3X/1bANprd7n77s944Fv/0QMtmcTl8MIxXHdKiuC/5tdpzcVrO1gysH7j9yw88V2UqqCUb3Ab64aS4O9VtWqVaM5LVq5dv0673ebkyZNH2uZudWJhgSzLWFlZodFoMDIyck/e536Ucz4JslKpUK3WWKcX4DAmQ8ruPVVp3XeqaKlUt8OVpsR7UMfA699s0ilADptnJ+9R3r05mCUVJjbi2Gm9HrFOiwlEF9jweczDdtaEAKlEIQfpZjz7A16uLE25df1TTpw8jY5j1laWWVm8Wzzeabf4+P33WFtZDuknlrkTp9neHIwE5+Wcv7B2mww1xid49uvfZHN9fXc2yD7V6bRZXrzD1tZGeE87MFt4UG1srJF02iXDx25n3gZ6eZamtDtt0k6H5vYWW5ubtNstHnrsCcbGJzFmFzAlZzk4h3OSk6fPMTY2wcaG15j99rVf853vTwemieCTD9/ng9+/Xbz8xOlzVKojPtNa7ABWhqgcPPBGj/7/v//da/zypz8mKd0sH3r0Sc5fvFxIYYQQPP/Nb7OxtsLi3dsArKws8tMf/S3f+u4POXX2fNGJ6WSHB6Y2NtaYP3m6p6tTLue8bCjNUpJOQrO5ibNQq48wNj5137TVOeMiN42SwfVdCMHy4h3a7RbOweTUFPXRMXyHtJSCsqNjIaUAtf81LIQo3Lv9e3pa7/LSXf71R/+1YAOBN8s998CDxXV25vxFnnj2eV75xU8Bb2z085/8E+1Wiyef/TpSdWUyx7lQKV8LsvQZkyQhTVMWjpitvrG+ThxpKlH8mScEKOXZFfl9Jw3mvL3AhgrAxtHeK5et+OuhN2bSlt5XBvr3XlVeeOTAvNa6V7/fSXAmQ/REentDw5yt8kVneJS/k5oAJ1yPxZChe91mzuGcQIiQWmK77F8HCCUC+COpaAFCo4O8JH8bb34XobVibWWb2zdv0GqnCByaDtYJjNBYodAiReJT34yMUVJQEZZKtc7U7AInzj/IWKNBZR8zbSEEI/U6tZERavURdByTdToknbaX0lj6JCpSOrQDI3xGC86weGeJuDrK9My0N0pNj6ch8VX1Vx79mAZA05sNe0N5raNdzel2llISKhXSfJ4bElbuVaxquUxggnV9Nw4WeZ1XHoWbdBKkEPsy04arw/C0emvjxgdsLV7b/4l77ENUHeGhP/tfietTfXsj6HZ+hYDNOx/3gBet1VukrS10tVE8f3u5d3+ayzcxWUraXGf12ruY1v4Rt4IgZ5YRFV1Fl+TA3r4rw2XdJD9rM9obi1THZ/uagVl7G9PjB+FIWxtgrb93lOj7EoqEwa5tXr8OXgjp/U8mT3GY2muqI0QewSqQwrHy8evFMdcjDU489SdE9WnS1Hj/RinRkWLh8T9i6/YVNm68D8D61bfoPLWMrk+FeN896CwHKBnAiqgwmJcsfvALTNIr79+6c5XVq79j6uLzIaFIYawhc+LImmStFHOzs6ytr7O4tESr1eL0mTNU4sN7qu1Wp0+dYmtrk6WlRc6ePXfs279flaYJSZIwP3+ip7EEHtzIzRh9QqclSz2QW55faa01SYiP8vQ+G/RUg0tJiS3F/WXGEO8zYfOLm24snKfcHW7gHlTGWmyWFrqtwkAUDskO8VOwnCq3dPc2H33wHtubmxhnWV28Uzyzk7R57Zc/Q0cVrDU4Z1ldWS7tm+Hdt9/0E64sI65UeOSJp33U5b7ldv1fbaTO488814MuDqdd7NbW1iYfvvd7Xn/l50O/Jq/rH3/EKzrCZIGyay3tVtNHeyYJWZpiTIYx1qPHmSmiOrWOeObr3+jpWveXKzr7k9MzXLz8CK//5hcAfHzlPay1nDpzHqUkb7zyCzqJv3nUajUefOiRQhohdt49hi6P9HbaLd5+4zXefPVXPeDGyVPnilQbk3kgSirJ+MQUL778Pf7l7/8zmwHEWltb4Wc//geefv4FHnrsqfCaw1mJW2d5/5232N7cLLaTZQmdJCHt+GOfpAlZ0iHNMqwxmCxjpF7ngUsP8+wL3/Ib2lO4Go5AIS/iwCBRPhfylH6HVjn1FJrNbX75r//M7ZvXiaKYC5ce5qXv/dC/tXVkme0D9zyLSlG+CqKoUnSpyrF3UnpttUfsfVfhzq3r/Pyff8Tdu13a5OzcAs9+3X+HOZVXa3jya19nc3OTd9/yJqRpmvDqL3/G+uoKT37tBSanZ7w2cEin8v3KZFnhuYMQiJLBaC5PGTuCPKXd6bDdbHp5yn2YpA9TUilsuP7LwIaSwSflmEEYqRQVpTzYUEpyyd97P/aGda5nvCrrlT3IkTMGfWcwSbseVT79w8sSd2N4fJFL7JiH5kRG5yCSnu1QcD68VBsCBdU6iSDe+1gIqFR9JzTtNNlcvk0HjRAxijYdJxHOUCED4cispGMlFVJ0FBHXxjh1/gJz8ws0xsYPBDAJITzNWGtGR8e49smHrK8skSatPomKJSKVFSKXIEmxDja2NhnfytO2NImWZJn50nz3n7fykhXlJSsFmwOMcUTx8BLoLNzrk06ClLIP3LD5YvMYy7lehpgKC7KD1s5I2M8iMWu3ctZgdpFIDFNCSjIhintH3+OiO1/JOk02Pn2n5/Fka53myg3GTz3sZdBZQmvlZs9zmsvX6awvIpSiPn2KtLUR2BaO9voyAxNKRAA5QnPMZR0++cVfhs/szbK37lwtnm5a29x64x9Y+eg3fZvKOs2eBBVnDTde/VtWP34DEc6HqQtfY+LMY76xFphz3TbsLsdunzFW7PGcnabwvdv19zwpBZ3tNZpL14vHJs8+xuj8A2TGkGaGNEnRkQIBUVRj5vKLbNz8AJwjaW6wtXiVyfo0SkrMMZi6555dcazRWqGkoLl0ldWPf9v/ZGdZev+XTJ57Eq1inHZYFwFpMcc/ak2MjxNFmtWVVT744ANOnz597H4ZQgjm5+a5dv0662trjE9MHOv271dtbqwxM9PvO2eCWXdZxi2kBOfITIZy3XFTS+GN1fIkE69p2Y/F4eP+chaHUWrfG4dWiiQAHHmW7bCI+m5lnQcNdhqIikBXOTw7pPdEXrxzkzdf/dWuF/nKytKeWyunewjhKeeHMvQpcfGEkMRRfCQ8Pe4MF7U1qLa2N3jrjVcO9drtrQ1cbqK1WwWZDsIihODRJ5/h008+ZHnJs2OufvQBVz/6oO9ljz31HCfPnAvASpkcfbASAtbXVvjRf/lrlkqAFsDU1AzPf/NlRuqjZJlHpZ1zKGcRaE6ePsc3v/tDfvmTf2J93d+o1tdX+OD3b3P2/EVGRhscpRNy49on3Lj2yYFe02xtM7MwHC0uzTKECIu4kjRr6CMZxhQkBdC0896wvrrsPXKytLg+fJSwj3nKASBvjBpetGMbs/ML3Ll5HSEFo2Pdm0ROM1dKkqYpb7/xKu++9QYbG11ZWKMxxgvf/i7jk1Perd7aoLX24OuLL30HazLe//3vAJ/28O47v6XVbPK9/+a/Ja5Wi3HnqNWTnrJDntJsNhkfGztSotRGnp5S++zlKXkp5ZkPhS9SmMzfa3ZJHjPZ895DGYv67yiuxEE20/t9aK3IMrfDoDBEsAfKPBA0/aZ47LM2/buXVT6kYucP4d99GTolP5rt7W22t7exNkGWBgMtHBZBxwpi4ZA4YukYGR1jamqS6bkFJqamqddHD7VglFJSrdWQ4bX10QZLd+/SarW8AXCQqAhh0aRk1iIRRNIiTIe0s8n6xgb1kRGk1AhxMBnobmVLLM/jSLUbVIe/g352JQXEcUya+oS+woB0SMlKlnaNOaEfIHDOM+vi2KeaHNc1bG1vcpC/vyT7euOVy9jjjIQt1/GcBVF9nPr06UOnqCgdEY9OURntXxTmwEbe09q8c4X2Ru/c3NmMrbufMH7yIQSCreUb3pSzVKbTYuPme0xffI4L3/mf/O/SNp3NFa796q96jTPz9/bwRljTCDqbK6x9+g7OZAWboeyJ4Zxle/Eq24tX+7Y1qNprd+mEzyJURFRtMHHmsfzNkeFC3fVb2uWBpLlOvSTrMZ0WdgCzeu9xU4T7p2D77sekOeNFCBoLl4rghCzLSMN91AMPjsbCRaKRBun2BjjHxs33mXrgaz7cwR3hnBOeUaK1Ioo0kdZEkcJlHW6++Y9kLe/Xp4IPikk9m3Pj5hXuvPNTFp78QcF6EkBK5hvp1h7ZhqY+UieOYlbX1rh69Srt+fkjM3R31tTUFCsrKywtL38hAY6NtVUaY+N9Y58LVhcDG/lCIEWvZEWDn/SZTpcybDKzp4mfQKCV8i73QmDSFLUP5TNncRRMkX0iAvcqFxZBg+IDVaA2H+Vm74J7T74wG21MUK83aLW2g4yjjOb5Y0HeNRaeDuUNDX1iQbU2wujYGI2xCSamp5mbP8H6qndZP2wlSYffvfbrYLxyuA/bam6xvGPxvleNj0/1RK0KIQpaXO9kNpiKhkiyKIqpjdRpjE8wMTnNgw89Errru59jNjgpC2OwSjI6Ns6LL32XX/z0x6ysLPY9XynFxcuP8uSzX++VORyhxiemOHP+IitLi0W3fn7hFN/4o+8zv3ASa/z7mMwjis67qKKF4PyFS4zUR/nVT/+Zu3dvgnU8/MTT1Btj3jz1gF2VaqVW+EaIwC7Kq2vI00UCPINBEumYkdFRZudPcuHS5X3fx1nvw2OFN1wUsgRwyFL7dZeSSqJRhZTEf4+mD8wsS6F8xrqPkDXGkmWmJFPpRttJl7N6YGp6lpe//6e0mr4bNDE1UzB+KAFbWilare0e9+WxsUm+8Z0/5tSZ8xhjfASxdUgpyDKD1opKtca3v/dDGmPjvPnar8jSlCiKePCRx4ir1cIP5DiqnJ4iS+NuJ0nIsozxIyL8a+vrVCJNpKNjTIQ6WhUAGtz3mFUpBHEUFZGLw8bCFklfA0CinCmYJ3YV5qOBvQF+jMq34T2ssmKB9EWXrdyr8nHAXha2ubnFdtOzIUTwcBHSp76kzv9RwhtDawUTk5PMnTrHqVOeln2UY6yUolarUTl5ikp1BItm+dYnpJ2MzAn/vjgUHTKnMEKinECKjKzTChIxzyCQSmKH9GLySj0PZFjr/M/G4PILJvdfUurIDaMvW0WRRllvaFyWrOAsahcGcZnh5bfRb8yZhms6l11bx7HIV7qGqSllw1Qh0qF9OHIPNR8JK48BfNmlu3DIOvnMD5m++FyxsCybCQ5f0ntdlH0rAjtU5mxTa1n58DVMYPbGo5OYtI3ptNi6/SHt9UWqE3OsffIGJphNqriGzRKcNaxe/R0zl19E1XwzStcaVCfmufvuzwYAHH5hpVTwygOEUkipMVkS5jcghOqZqrt95OBiR1R8/nwZKYTurrfyqV9xHAet/cK/Wdory2iv3WGr+jFZ0sJmQbK51e8PuFfyoQjUDyFg6+4nBaCjdIXa1EnAFeCAdf5nZx3WOeL6BNWxWQ9w4L0xnOkgRYQT7uAjWgA2pPLMDa00WkuiSGHTNtde+RtWP3qzePrYmUdQUYWNG+971oyz3HrjH5FRzPyjf+RBjiDB8Yb+JnjF7dBPH7CiKGJudpbVtTXu3LlTpKwcZ8NjfmGBjz76iO2tLeqjo8e23XtdrdY2UklG642+xzKT7Xsf92ODl6xo8CdoriUGP4BLNTg1xDlHp9Mu/8I7rGfZvu78Wusi8jCOQSp74NSUNEsx5WSUwEIoFkHHNFPOO8/gOHn6LM9/86W+50RRjI4i/95RFLLVVZjs6pDEogcel0MtjkqL2M31Vd56/TfFohcON4Er+3dopXv0/0BBLp6am+OZr3+D7a1+PWL+OaNKTBxXiKOYqBKjo5goionjmEql2udfoPcBuKyxGAiO1BGnz1/g+41x3n7zVa5++AGt9jYCweT0LJcffYLLjz6BjiLSNAsL1cNPaHP2xxPPPM+dm9fZWFtj4fQZnv/my4yNT3hEOjANMuPNYG2hGfQdtdm5Bb7/5/+ea598yMbaGpcfeaw4p4b5/vPxc+HkKXT0Eq3trb7nyMA4iKIIFenieEchYrVaqVKp1ojiuCTbGXyN5G7kUayx1vvPeM1i+VmCLEv7JuhpmhRaTFm6MVvrEJnYd0Jf6DiVIo4jnFPeTT4pxUiGm5cImuLaSJ3aSNcp2jl/A7UOBNZ/BqWYWzjpE4yA6Zk5vvHyH7Nw6jTW+i5dLnMRMg7gmAAkSsc8941vMzO3wKcff0ilUuHi5UeKc1gNYXa6X5mSZ5D3fOlus9lsIoQ4EgLf7nRotVqM1WufG/ZGXvcb2NhZUsp9vRhgAG18l3HWn5cxUhqMyQrWhn9Mhsd8UkwBdBTGpIczU/2yV5kts725SXNrq0hLEUAF2yMVyWQFAyiRMjs7y/T0VJ+R6FFKCEGjMcqZM6fYXr1Fc3udEUTxvpo2FWkxIiIRsU9yMSmt9hbGThLFkZeq2O51D2HsdfkiAHBBprdLp6p8biVJ6qWqnwMTyc9bSamIK5IsC0bD4XCa0GQoX8vWldgP4bU779PGZIVHRj73tCajYw1RfHR/I5Fru4p9kMODG8FvpGCe6OPS9x+f1xSAiqogpD//BRC8zg6zRwK8uX/e0wgL/bvv/ZyVD98oHhhduFCYhW7d/pjF937GzKUXWb7yakhWEdRnz9BcvU3W3KC5dJ07b/0zp57/7wmw4q6Lbd/w1Sgn89U+1fE5Lv3wf+lLcTmOkiqiNuE7/j2NReETYFY+fqMvLcaF6PX1a7/v+X3WabK1dJU7v/sxnc0giznEwl2Ev8sJLVF9jEpjyhvE28A4c35fjPMgB0pTaUyzeevDsD9bmCRBVoafq+Rs3dw7Tyrp/Ta0LO7XprPNtV//Pyy9/wr52VOdmOPkUz9ARTVG5y/w6b/9JdZkmKTF9V/9DTjH/GPfIY7CWk5KlFEhAMIUIM1RWB2TExPEccTy8gofXPmA06dO02j0L+wPU41Rz1hstppfGIDDZBntVpOFhX6vmHa7VTTP9ysPyLluiooOspNB8X3lyhe8uSu9cxDF0ZDJBiK4ngapSpbumYddrsxkwaDLD4qFgegxAxt5WesRU2sdUikuPfxE33Nc6e+BFRaMNsgl8sayT784Wh6ytb03Yx1FVCuH26YxGQJBY3yi5zsvmCzWUauN8tBjT+67LVeS0XR/6X+TZaZYYEspqFb29iHxTB0QmQV8LPHE1BQvfe+HPP3cCzRbTe/RMTFFXK2GY+I78mmaIkSVwwCiXXALaiMjPPfNl2k1tzj3wCWkUgHUMJjM6wpzmrAQgiwNn9f5BXClWuPyo0+Qp4QccE9wzpumnjg9yCyod4Lcvcvv8G5x3qvDhXaJLNoc/dtTSmKtRamo6Jzmfh/gb1Jp0iELlL681lZXWFleJCp1MeK28gAAIABJREFUxqojIyjlYzPz839vsyqB1hIh8mQYt2ORCFnmcElasLfy6K/8WFljw1EQGJEhRMSDDz3K8t07jNRHeeDSZUYb41hjvet+GEc8Ip8zS4LkSPlI0/MXL3H2gQsFSJOzPY6j0rQ8oe49WZvNJuPj40ca29bXfDemVo0P5cZ/L+uLsJb3pn9l9sb+A0out8nNRcEV46p3Z6/0GJNCADqSxHedvsSylcOVHzQ6aReMLGQpRqKkRQqHlD7ZxJegWq1SrVaPDdyAMEZFESP1OkpprBWkTnp5ovCzo9T5DpKWKcJZkiRjY7PJXJohKqKPaeGcT1rra2fvADL6DonILQa571GmX6TyjK0gWXG7S1bSpMR+EKLfd8M50nLsaqULICSdhKTTObLsLM0yLN0ElWHlKSZIAPKKjsGg+Si1W/LE+o33qTRmigX63hthD3KypNKY6nleLlFZv/Eut17/+2KRP3riAjOXXmBz7ENurd7GpG3uvPNvtDdXSLb9/bE+d5aZyy+yeedDFt/5N5w13Hn7p1QnTzBz6YVgGjx4T7zBqESiA6vZkbWbCKUPLkUvIzd7VNZpeZaIinsO09bdT7j56t+RbK8DDiF7kyVsCfgQSuOsIWs3vT/iIYCNvKmkgjaobI4qlUZKHfzFXMGudXSZ3+BQcTfpw6eppQzdmgzghgcCfTCAVsHwVXl54/bdj7n55j+wdvWt4jPq2ihnXvz3jMycxQGz4zMkWyvcfP0ffLMyS7jxyv9H2txg/rHvEI2M+3t3ZkMTTAeLBL8WyJuch6n6SJ1IR6ysrvDRxx9zYmGBubl+74nD1Gi9zvZ2k9nZY9ncPa+NjVUmJqf7ft9qNXulKcOMbULQc/VprQuNVJamoXu7+5a2tpuM1kf8ZI2s+IKL5IqAZgq6Ls5aK5KkBKTYvVkcWWbCwN1rIOqpq/eO2mudISRc7t4Bcl3Ap/hF8fvyv65ncSlLuuLDV+/+LCyc4uEnnmZm9vAXRhRXGKmPdqlzDn/hkhURUAOrfBx6jokrjoEr/vIyBq9F3v8stdZ6YCsABHl8U70xRr0x5t8l6GVziYO1DmNckDlEh1pIWesC8i45cfIMvrHiCsaGyTIyYwvj3Hw/rDWkmUd2nXJBR+hvgNbasIjffybqF9oW5yRS9k8Wyok3fj9FSTK04/iXzkOtVWh59Ff+fXiw0gM2n1x5jzdf+zWba2s953qr1Zsh/tbrv+HKu2+Fz6qIoojnv/UyFy49EvbVX0zO7X7Dzw1oy/NDV3wGfw3lyh7vnOwKI2D/8Xxaiz8HAjgmDEIoXvj2d4vnmPD9dTpJAMJkAVj47zA/pi4cf3/jlEqWgJWjryY8XbN3wpFXu9PBGHM88pRYfyWDOGT1SEy0PpDEpyxb2dkJ3kvS4hzHlHrwxa9yglmWpd4fiF5ZSuQyJBbjBFKmYbyIEEEmOqiSTqdIRKtUqtTqo3v+vlxSSnQUIaTA4VNUlPNRtAgvWQCHsAlIrxlubm37+xF+TOs1UKYAN/oBDVE0BDzDSyKkj8H28jq/oOidh3xVgyqKNNKIHglIlgX2i6CX/TBAQprLP+I4Cvdz/22CKPzoMmMOLVnJDpmg4iNhgylqkg5kntzP8pK+0i9Kp+bm9XdpLV/ve81BSgiBjGqc/cZf0Fi4VMzvhIDN2x9z4zf/uWAjqMoIJ5/+AeOnHmZk6gQbn77D9tI1bNphNUSZSh2z8OT3mDz3JPXZs2ze+pD26m1slnLrjb9H6ojJM4+B3qUZK0A6hQBuvfkjTGd794TAYy5dGWHy7BPUZ30DLG1uFKANgLPZriNDNNJARVXi0QkmzjxKe/0uzhq2F6/3MUB2L+ENebVnfw/LVik3h2X5XHUlcGyIebsM6gOflKnCOOk7+K3Vmyy+93OWP3yNrNlNrZRRhdPP/zsmzjzhvfrwjbKTT/+QtLnB4rs+zMCkCbfe+BHr195h5vLXmb74PFGtgXMS68LaRElIBM6lGHP4MTiOY+bn5llZWeHW7du02m3OnDlz5Mb9SL3O+sbGPTFFPu7a2lxnZKTe1/jOTMba2gpaR8U4N+ztrmcUViEdpeuTkfbJCASCjY1NxsYaTE31U6eTJO1d0LpeE6adpqa7sTh2jXwV4tDu0gcpaywZAmezcMEMkOuUUN2dxIWd9FPwiy+0OrapSHk7cwsnOX32/JGZIUAB6hC0v6m1wfNht4ttB7iR/7fn2PgpmJLiQN3vMmggrcPaHCjIQYh8spgzF2TQtcvi9cPBfYPeN6SjiNAlcxaTWb9ADp3d/teBMzYM1A5lZQGOWOsK+cUw729MiN21vftvncVmBocrpX/kSH3X0LP7bw6ugXSSPe2i8gVcON9v3rjOnVs39t9fHK1Wr75z+e4iFy49EgAEFTbb/10kSYdWc5vaSH0IEHzvJ5SZNNYacl8vFeRR1lhMSDSyzoNnzjnvPRTA1vzazTJQyhQTWeccWZoRxRr2PIrDVU+3Q+ge0LPZbKKkPJLDdqvVot1uMz76+ZOnfBEqK8XCgiQ6xDHMZSt7PSZE1svG+4rBUZQQPrkN53BpB7IEh+hLMMmTU2pYLJAZhd3DpG5l8Tbv/vZVABZOn+PhJ7+25+93KyXtQIlK4iQtq6hhwWS4ThOcCXGKvnFUniPkADh4aYEoGiG7f4ayDxO7dMy/qt6SShFJ1ZWshLEfunLngb4bqU+6ysGHHABJOgmVSoU0TXpkZ53OwSQr1nkgrOgwHyD9rxwJK4Qo0puOp4afrfqkM+mbPmV5sOjKbkzaKQwdj1Lx6OTA3yfbK7TWvBG9kJqFJ77LxJnHcQ7i+iQLT/0xn/z0/8TkCyUhmH7oBabOP40FKuNznHruT/nkX/4vTNqmvbZEa/UWYwuX0bsBHKFM2mb1kzfZvnv1yJ9v2FJRFV2pFwDHzpp56AVkNHi/q2NzjC1cZGTmDDOXX8SZlGR7gw9+9J9oLd8c+Jqd5eXpfj0XOd0rTzYmSOdyAYsopuKi9HcZDFJKF/4sw5x6QgoU4XqRgqy1RXP1BhvXf8/Sld+Qbq/3PL86McfJZ/+U6YvPew+u0FBQUhJFEWdf/At0rcHdt38a/FsczeUbfPqLv2Lpg1eYufwCjYWL1MbnUUECZq0lMwKO6DkvhGB6epq4UmF1dZV2u82Z06cZGRnZ/8W71GjdS7hXV1eZnu5nRnxeanNzDWcdY2P9mMLK0hJxpVKMzwepvpFQa00SkOrMGKS2PV0rIQQzszM443AEw02bL2xdXwcij9kql9IKU2ZxlKJpPdUuLZDA3shXdbj0kUNWfoH2GjiWqz8dYrfH8omKOoaF0W61trpCHA8TP7tb+cXhxNQMWnsk1QSvifLgNOBlPf8ZfEw80CDFwb+/HDRwAeAwRmJN5heegoJppJQmd881mTkSYpl3+ru0YS/VydkB+xmY5s/JWRsO/7OSoifSdM/P7Cxul0m6BbLER/SmaUannfgOlRR9YJv/XuVQrIN84p27gUPv5PsgFQd/g7wLm1NId9bm2hq/+cXPqFZrR6KTT83McP7BhwLjwsfT2iz8G2RiHqTyoJmzDimVz9SmF2zNJTLGCISwwWNEYI0JAMfRy0vufIkdk9lWs3mkaFiA9Q3ftahW4vs6bn4Zyrle9sYwrKvDvY/zneHQxdeRZ5xZ577y4wBE0FR707AOSZr2yVIMMQiIpMGG+0ssHWKPGXInzVjZbBELS9LpLriyLKPZ9F5H5d8PKkOMJUJKb1JscWgJVkRI/P4IHNampJ0mzngWm9aqvOYLH1T0/DiMN5kUEhwF+2enwuW46nAtgs9vCeFBDBNkz7m5PoQF1o6x2O5IfNM6LubEccXHF8dxxfvDZVnxfQwrOXMusEMC2CLEQXw3QiRsCZz5LIaNguUowbiuz1c8Ms7E2Udprw1vZr//mykaJy5QHfO8+3J/a+zUQ0yceYSVD19n5uEXOfHk93qksVMPPENz6VPuvPMzbJrQOHGJk0/9MICifq0y9cCzpFvrLH/wCllni4kzj6Oq9d32pihvrK9RUdwFUO5x6WoNucu5IqRk8vxTTJx5tM+wNK8usVoiVIVKY5qoOkpr4LMHvQlEcRyM9h1Rbax4KG1vk7a3iUYrnmkr83lgickOJKUUG1UdRaroQGqPXPTnTMrylV9y+3c/6WGx5Mdi/NzjnHrmTxmZPl1IutLUy5FtWH/qqMLp5/476jNnuPn6f6W51G3uNZeu8+nSDUbnz3Hi6R8ycfbJHobhAHX4oaoxOkocxywvL/PBlSucPn2K6amjgxPN7W1G6vufx/e7nHPYzDI3v9D32Pr6KtY5InW4Bl3fWS+lp2Tn4IM1FrnDrFEKGV7ZP+lzzhvyJJ2UXFayc8TNWRgml8NkKUJ4umC+kDq+yNejVTfi8mhn7nFkKO9Vr73yc37/1uscZSqidcyJU2f4xsvfo1KrFZtywb39qBUUFIcu57yDfKfTKWQZnp7mCnADKCRRZeZNrTZS+MyMDmni46z1SUHdHTiQj0bZy8N7RahwQznYNgaVQCC1Jk0SlPLXq92jayTEYY6845nnXmBu4UQAWw726rPnLwA5yt/7WBl82tre4O3QNT1sKaU5+8BFzpy/gJQ6kMe8TElYiQnAjQtAVWEUqj3AsZtkLo+lSlMfR+2px0efQVprsK7rFyBLAESr1cJYe+R89PW1NapxVJjFflXDVxELGwD7/P/HfR/KMg9ueANED6BZ6aVQglwWc6xv+ZmUMebQEa2F7CzrYLLUp5YESYgTYPEsOe0yjJAhJtYg9xjzdFxldHKGirCMlGQoUSVmfGIGoOf3/SWwSFyuFncBJLUSIyVSOCrCeDqzcZi0jQ0MDuhPo5JC5LOlcG/b+1jlHi7locir2+/NyZLv6ZfgVCxKKY1AFJHRUsqB0rC0JE3xJvLd76bc/PMpVcqzOQLIMUxjIMsCOySALNFuvis7qscUNTCjj5eGPtyKLTcHV1qBs0gVF7KD6tgs51/6j0WyxnFWXB/vzkkCyBFVRzn74n+gPnOWuUe/jVBxD6NVCMXJZ/6M6sQJ1q+/w6mv/TlRfZzUJGQ2QzqJFIr5x/+IsZOXaS7foD57rjSPK7HRd4AGMqowdfFZpi4+6+cY91CmIoREhHvR2MKl3Z6F1DEIPRzBa48e5n6ltEbgqE7MkZ83NmnR3rhD3JgKgIaXAvsAC/9z2t6ivXG32E5lbBoVVUiNZZhVRz6ns06iVUxna60H3BBSMTp/nqmLX2P28gsgI+/TlxnSNMTWOjBGBiDMy7gnzz9NffYci+/9nJUPXy8BdI7tJS/hyVnZzgWT0WNc4lXimLm5OW7evMnKysqxABzw+QQ5lpdus3DidN/vrXPeWPQIiO0us7WSPvSAA6aPSRJAF1VOkgScX4QWXhxKY7Iuep4kIaIoKVF1v+SGa+XPpqO9/U52llSSSqVadJuAPonAwauJvCVptrY9wHEfpjNl+vYw0alJ6l3M826HUoO7HUJIVE6NE4ILlx9mpD6K1pozD1wMZrdhkRskU4MMBMuL4aOUcy7Ic7qTozLb6TAddiUlxDFp0p1QpUkyNDW2LBUrx0LnoJ4QMDLa4NLDj5XAje5Ud+c7uPJjOThW3AS6OKcUgtGxMTY31zmuyrtxLsikjM1I0hRrTLFIGlRSCM/4MbtL5nx+fUig2bGdSMd0QhSdOkD0b9ZnLto9mq1WC6UUY2NjA145XG03m7Q7HSYaI+hDot9/yKWUxKGK+1Gu18+y7MhGgj3voz0wW5iNBrPCvIw1SJkbaR/LW963cs67ohtrgj/OzkSmg9cgSYh2HVInaVlJhRQl9wcI5ufnmZiYQOB67h8zswuMfcPT3/eWdTk0CYoEASVZSncfcimNBDR7a9rL9/5h7jf5OFTQdoUAZ0F8BWQepJRSSKlIs8Fx0UmalmRqYl9mhcc7uitqB3vq340xu7JD9qudpqiflW+PEB7cKDeVCj+vuIaMvWw6l48ep+nvzkW5c6BHGiw8+ccU3mOlSpIEIRTTl19g+sKzoHQR066kj1o21uCkozp5ktrUKS+5CftdaUxTGZsi67SpTZ0IbwoWg3CS2Ue+Xd61odlProQg7vw8xfZE+WdJ35Rsn7K7bCvf1yOV8xttzF9AVWqYTjP4eXzK+OlHCxNQY/P4Vj9HbK3dItnqzgMbJx7010zw0tsPEy8aWcKgpGD24W/R2V6jtfgpI3PnmL74DOOnHkVGVax1Puo1gBuZyciCb4awuRzcm6ZGThGNTHDq2T9n7uGXWP3kDVavvkV79TbTDz7HxNknAsvbb8/cA4lgbhB/4sTJY93u5wnk2N7aYHR0bGAioRSC+fmTrK+vsrGxjj1EGtHAEdEaW1wBh6HJ5jvS4zKd9HYbhOiNpi2eA2FCp770FN2R0VFGanWyLKVSqR2IXxpFMWcfuMja6jI2G7w4P2h1TR7v341ycmaGra0NhBCMju7NrEhzcAN/bmmldo2a9TeG4ErhHBcvP8LFy4+UHu+O9lMzc6yvrlC7Dxe9LJlijk/PsLa6AlJQO6TOrg/k6CQB5KjsuyCanplndXUJKXpTfbrMExmYH0FiE0CAbqyp2DExtwHIEIGyKnAujyL22wNPo33g4mVOnjp7bMwmpTWTUzNFvLWUCpzPXM+M74YLqdCqF+yw1gbqOAXYWmZxeHqyLTp8OyeqswsnWLx9C6nkgbSSWam7I3fKU1otJiYPHw0LsL7uJw3VSnwsY8MfWkkpiaU3cjRZ1gd05CljR2XGSCGJ41KqSiXu8QbwXWBDknxxgA4brjkfnxeubyGw9uAsDm9Y6Nl6KqqgVYwhQWGwTtC2ilhYFJZIShDKMzr2mfXvBlIpHVEbRh7gILWQWUEkXY8sReFNFlPnpTRKSXRcQwodDLBtX29S9IxJQ3TNy86KgYPv05323/U/5OpZPOa/ExAPAKeNMVhjusyKKN53cS6DvKR8LSdpumuzrswU8+fkkL4bOyNhDwCu710HH1yk7EoOpJI0l68d074MXyNTp3N0qUeSkqerIDwj18vDRBd8EAIlItTOS07kLRxXGOybpEltYoGpB54BBFGtjoprfqFrLc4lWOebt1pGmKRFZ2uZrNPkOKs2sUBcn4D8c4YPs9/yYdf7Ro8vxiGqdOyqE/OMTC2weesjAFY/eYO5R15CV+q4IknMWw0IKVj+8FVs8CJTcY3G3AOFlNgNMQ465wqWtZGO2uQJLrz8P2KSNpXREFHrHElq/L3ceN8Nk4MSJZ+61Hk2Rp6eqZWXR6raGHOPfoe5R16ivbHs03uEJkszD26Y4fb1ILW1vc12s8mJhYXCR+M46/MAciTtFiYzTE3N7Pm88fFJdBRx49rVA68X+kZcG5C4HLE+LNqqdew9Oowt/DR2bqkcTQt8YSZwhy2vdPGjknOOZ5//JpcfeQJjM0Zqo8RxJRyv8Pwd32VOoXLOMTY+wcvf/9NDeSPsV0qp4K2yl8fIYSr/7P6zjIyO8c2X/5iNp72R28yMjw4rIkVLr/QSgaw4N/cCN/L3yv0vAE+RFN3JowqOyw9cvMTMzBydpI2SmsnpmWJBflA5yZ6fvOc7dcSVKi9+64945PGnAJianvPmmME89CB8tx6QI0yq0qTTA3JkxhbpJM45zp6/wOT0DO22v/nOzZ8oHusanPqFRV7WuZKszPuyqBIQmWUGG0yF/fHtxsMKAVL6n6WKeOLZFw51HPcuv32fnmM9KyXsfpKkOGtIgt+GVN6UNe+e5R10KWUPsJrnn/uFrY/9rISM9hOnz/Ld8YkiUWZqZq4EDu3+/RmT9YJEsl+eMj52NHnKxvo61TjyN+iv/DcOXbmhte/U9AIdaZqQZX5Bk3tIHbZ0cKHP0rSH2VWOkf28Ax1+AmlCLKCvsvGisfbgAIfxcwgpBUpXkVEFYxKEzbBIMgeREEhh0c5hhAzj596U+KOkqIC/uq0TGCfQ+KhYKaAiEpyTZM6nq0QuQ6sYXal7nx0XgOIdw0OZDzcUgyP3OAjMvUpc+Uy8F76sZZ3z0pTcO03roa9xrb1hdFmqkoXrQuuo57pVSnUXaFn3Hr1X5SlgeUXqs28G5iBCe+02V/7xP3mPq2HmTvm8KLByEb4RMfTJ7Dz79cTX/ozZh75Bfuu1zi/oBWA622wvXaWztdo/qT5EVYL3h66OoqLYJ2qkhtQmZGTUhGdNLr3/S5auvEJnc+XI74lzhcxn5uEXOffi/4ATqsdvre+QOVfyENxRJaaITxEKvPtDdMlLb4dUEWMnHy4AjubSDe68/S+cevbPiSIVmkQeEFu7+jtWPnyteP3I9ElqkwtYC9aEGfi+GhXP4EidQSqBlBEyqiF0jTTcO4zNgwFsYEwF0Hzntp0jM+Ccl4xlSqKVn/9JpVBSEI/N+qadsT5N0ZihAOmDVJqmrK6uMjY2duS42BxAHeTp9FmCHNYYtre3mFsYjp1SiavU6w2SJCnY1sNUz3Da03GBA6VdlEsKiQweHalLMAZwbiBYopQKA7/+zAfpe1754tFahBVUarUgBckfdsXFZ3cMxC4MVsZYhDBoRUCnj79lY0oDw7CxT8NUDtBY6+NVhYDRsXFGS4s5Z133fcMhSMrMjVwHu08+fB73CQbnRFi054tzj+THcQxIHzmLlwPkn9sad+yobP7Z/XcoeqJuIRx3a7zUAhDDp4GXQI5OicnRIYpjbFh4aK0RIXUlijRj4xOMjU9QZrrkkpK+qLfweJqk2FLnKI6igtWQg1BxJUbruKcb5dkeFmNED4vluCsHz7xW2iEEZFmv+XHSSYLshBKYy67sJRVFmE4Hrb0nUZaZYAQHtfpozyLIWX+d7nXupCV5ipC9nbft5jZRFNEY0idmUG1tb9NJEibGvpKnHFd1gQ7ftekFOjoYI1E6GsoccrfayeYAH91tTdojYbEmwwDycxAl6wHFrIhAhV7pXW5QnI9JdscCb//t+/uBVBoRVUDHOKDjJAIYkbYnRWVYicpRU1QEUFGWivTjqbXe8Nmp/oQXpEZURkCoglHWtz3h/8pZZG6X+VLva0IsY9Ch3wv/jWIRdOxb/nxXnk6WlwmA/rDsVqUkUlYKkAOC/MwYf88M897eGOrh0tXy+0fOKjx+ht7Bv21XAiqMyciam8e8T3u8d1T1K2IIcpEwD8gBjqTFtV/9Nc2VW8cCcOQ1dvphGgsXEVHNs9baxudXl265Nktw2dENR4v5CtBZXwzeExZ8OPVAtxTnHJ3NJTZvf4yu1LxvhDVkaZt0a43O9irJ9irJ1iozl75OY+FB9BBmqoOq2AcH0w8+z/JHr9FevQ3And/9BGctcw9/i3h0GpM2Wf70LW6+/veYjpfVq6jC/OMvg4oxad7kG76MNSSJV+nlB8MGCYmfy7oCMBH4+XIZHCqzWASBOegs1gTvEGVQUhbJVc460sxgQtDBcRmMAqyurSGl5NSpo0tT2m0vn9a7zBU+K5BjdWWJqZnZvjV/u9NifW2Nyalp4gFrPKUUURQFpo3d10Kj+NTOBa8M6MpTjoHv2Jv33n8D/jJ7bOwsT6eyIMwuExiHyXpZL+Wy1mIyA7geGdE92NHQrR8chXq0TfsFPsIEtLj/GGSZR0f9zbxXluJP8L3Bje57eZAjR1itE6RJgpSCTsenaOhI934PYYG/WwzsUcoPmJZMmD52RP650zQLP3vD0IMsmDzIUfEgRyUu5Cr5Ndhpd7y5pY2K8897gvjHC/Bpl4+dJEkPLbYMbuxXHmAC5wzWinvabbSBYuhBiBit8aCZ9Yh7WToHfjKqdLSr9lkKGZJ5MjJj6HQSrHFkWu3o6jmcDRHXZvBB9DfdsjylO/4552i12swcMc5rfW0NnKN2BHmKMcYnWHzZQecDllI+Ci/LssKcFvyi3iYdrFLBGPTw984ym0NJiZIVhEiLboyxlij6bL+X/P5Q9g8ogA3nF2v5cUiTTqFRtiZDKH2o619rTaQUCaCFQ0BfisqwEpUjp6iIXLinsEQokaHwyS25fCZxkthaoiii3qihtNwTgpBCFI0N6xxqX4CjvLC07CtYP0Id4/z9c1N7Hd040hgpSLOuAXVugu+TSvY/gfN0lcwYsrTLrkyyDJUvuALA7j0K9h+rvXeTvwcL5w4VXX0vyhoL2lEZnWLy/JO0Vm6Sddp7vkaEFbFNO55dEUqqiLgxVUhO9iqpFLXJhZ6YVLejOe+s6WNvHKYxuJOZ2dm4i80SdDTi506ANAKsvzDHzzyKjKskW/0Mjh3r6t3f0xiMSVh85+c468f/XNLRbrWxzhvoD96Q4/qv/8YfR+cgLAp9I6trcI5zRNU61bFZdOVwUumyVKY6Psvp5/4dH//0/8B0Wpi0za03/4nVT96gOjZH0tygs76ISbvnx+wj32Ly/DMY0517D9NgF8G0FCsCY7i8Q+Fx5JHmm6LUkCvjY1IKNAorBAZ6JC+HrfX1ddrtNmfPnh24wD9o5X5ue81HmtvbAPcN6FhdWaLRGKNa6U38tNaysryMjmLu3rnF+NgEjQFMZs9gjQpWthBy17VwCeDo9804DnZAVwsn7t2C/AtSLtBTM+cwZsBF5/J40cEd4NzUxjp7T5gbpTfyIokh4lAPWh5syMIEuX+h61xXd52mWY+EQGuF1ge76HsANgRKR6SJj/xsdzrIJPXRjDte09V+H1856zB7fHZrHWmSYKxnW6RJB6L4QLTuLsiRFCAHUEyuXNIFLrXWWNvtDJQlUDsrSXxyTbG9eHhwo7t9L335LEpJCWES6cEOfxMdtuse6QiTGbT2xpPWWESSp/j0pq7YMJEYVCYrgRtC91zHrVYryM+OHg9brcYIeTB5ig3jU96Nl1IhxR8WCD1M+ZhJXXhI+e5RDnR0E0O0Hm4hNKhyNgf4iVPZq8pZS5p6ycf9Zj7asC8Fw9C50pxBhij3XsNsqSJaQue6AAAgAElEQVSM9WCB/yxtKpXqUNMBV/q7WqkQxzFNfKM0f8QGr6BYWDouCs/e29Tz6Ckq4f2FxAiFJCO3/ZPOYHKJSjB/bIyOEmnd2zXcWTuA9v2qHN99r1Pa/hBLKYWQiixNeq7vTscRRcPL0rRSCFEhC0CJl2uZnmtnb0NbXzvHmiiO78GU+hDsDTyIYJ1GxzXOvfAXw73OOWyW0Fy9yft/978V98yFp3/A7EMvouORocdPGVUGXjKDzB+r4zM0Tl1GR7X+F+y6rxaTdVj/9PckAYzJ7+Vih3l8Lu2uTcxTHT+axAAcJk3YuvUhzeVuZKlnxEpWV5ZJkpTJCT9nEEr1IJ8m2Rtkyr9vW5LNHnpPA8hhHUw98DSdjUVuvPq32CwFZ2mvLdJeW+x73cQDT3Ly6T/BOciMT6xzbn8FgRB+XicjkXuclh8N/96rdZJAIYNcxfk0ljT1zdtDVqvdZn1jg9mZGSYnjubBBtBsNllbXx86je9+sDnWV1c9Q3kAcLG0tIjWEVH4s91s0mq1mJqeZhCC59cvNjDzxcA1cTFzLUsi8gm7OAaRb/miMZnBwGfm9vx5qByk4AA6op2vd8ZP676oZa0Dm+2pkh7ouXFAcGNQKSkh8vp5IIAcSZCr3Pva77MLqXClrpHfz8OAHHHB5AAPVuYdVmstWkdDD8ZJ0sEGo02EINK654be+wEOpiXfre6VhAW6YMdBKwrnjTUGtKLT6ZAkCZVKZf8XhzJpd+Eldnyn280mlTg+kqnU5uYmaZoyOlYf+nrpMYXMyzk/6RHD07L/0CoHOpRTBZuhiBsuycKU0kc6n+2OuMF2u8PU9EhBeZdK3VOgI5ehWGOKu85OGYpSuy/4lJKkqegBXI3JhjqvnLVkqSGKIkYbo9RH66wultNJfIqKn/+4QiqC2vtYHD1FJXx2MiJraDuBQVLB9klUtNLUqnWk8hOyNBu8mChHxVpnUfvIbMqT92NWU35VoaSAOI6LZksuIUrTDs7pfVNV8lJSoqq5ZKX3MT0EyN4TCQv3IBL28JUmbaySiETgrEMqD/xa66hW412ZGBKQcRVWb/Y9Vhmd8g2XIffBlrw38tdkacYgL57R+Qc49cyfo0d6ZaCi9Hd/CWza5srW/14AHOVSShFHFYxJC/P1tevvYtIWLtsbbN37c3lDiqTZnzgXxRGVSpXNzU20Vow16sT1CeozZ8laGxiTeWlfMEn1H0MilUZXR4nrE0Sjk8T1SRrzF6jUJw/dhM6/q3IA9oknv091Yo47b/8r23evYpJuyqOQiur4LLMPvcjMQ99ERtUQ3epTSbpx2nuXlAIRGjFHsEk9QuVNO4ex5tAAh7GWlZUVarUaJ08eT2rK4uIiSsoDyZ3vJcixubmBdRlz06f6HltfX8U5Sxx3WR2VSpUsS7l75xb1XQIofJiBn28Nkqx0GRy2DHDcg3jW4IGwMzHgq/rylXNhgnbIG3DB3AjgxjCeGwcpDxbEPSZgyX0EOfYqKXxnJk2SHSBH5UBGhmW5St5NziVow0p8YAe44fLO1R7XcJi4Z1nCEe7rgAg6Zo2U98Zr5qDlPRhkAI1E19A1zYYCba01GNc9KLJkLmqdpdVqMTs7e6R9XN9YRwioVuM9nfUHeSdA78I16STkLuX6q3F715JCIAPQsdOI1PtpmCNFy0oZAb47FFdipgJoWTbwTDodlNI9pr9HLecgzTKv/y6ZWuallEIqPdQ4r5Qs5GFJJynAn/3Kg2/es6jRaLBRH+2RgeQpKiCxoisV2W+yexwpKomVZFagpUWKKkJYBAYVFlW5fEZV60xOTBBFEUnby9sG1U6p5H5VNKCECOLzr+peVRRplJWkaVqSrGRYY9Hx7vLG/u3ECOHNqrVSCKWGun7yWPGkkyClvEdNwsMJkdIkwcjc5wzayTbtdpvJyQkccs9N7nWVHgTgyC+XPDVD4MH+RmOkz88hqjWI6mNkJg1mqBacRLju3nhQIDR6RUiJiap7SjikkkhV6UY4by1z+62fkGyu+O3pCCUP971l7e3u+5TGp3p9BCUlnU6bpBLRWLjMgz/4n3vHA9Fl1AmpUDpCqLjYz4JVJuh6mRyiPHsVkME9Tggmzj3F+MmHWbvxe7ZuXyFrbyN0TG3yBJPnniIaGffM5cyGCNcssG6Gu56EEMFM1rF+/W3S9vb9GQuFROqIqfNPI5XwLJ4j3HdXVlYwxnD6VP/i/zC1tLxcsDcO2lw5bpAjl8B02k1mZxf6Hm81m2xvbVEb6WdMel+8iK2tLZrN7b7HgZD+qQPAZPxYHD5zn0QF2Ne442DlB5d8YvOVpvvzXTm9+rDlHCRp4umGB/SQyEtKgelpJh9/e2ogyJGmA+Pi7ndJIYjimCxNd3SMeo0796sc5Mi/gxzAGXbAS9OkB9wYNhYzX+ANrPy73G0fXHe8yLvg/ukyUIblkYwc/3/23qxJriwxD/vOcpdcat+BwtLL9My0hjNjkeYiLiJlhoJ2hCPsFyn8YP8W/xQ/+cEPDuuBT5Ysm5RFeuiRhtR0TzfJbgIFFAqoNbOWzHvv2fRwzrlL7lsBBXR9ETMNFCpv3sy7nfOdb5kXPLBhiUFJBaS0AjPjWy3KNgNKgsp30O3a1Y1J5YTD0Gq1bTUsG5wDkWcnDJm0UmdrEaKwOCk3GL/HaFBCEAaBW22VlbpXKQWUq/Oe5hoGXEYMi8C4C3+WCpdXl1hdXbGkgZe9K0sMD6uknBbEqSKA8jky2IYyDpRxdy0XSg7rsx5/LWtjrZJRFKFWr4MHMYgSENJAGhsCR8CgCQMnAhQa2thEjNuCQblFBbDcM4XSBJQKAATKMCCsIYybaDabue3R5h/1b7M87pok4Lo8lrq3qMyG8VRYAUqtbUxIUSExsyQFDyZ/Nk9Ldvrsj8VXws4PrRWEFFZ9pDWuVYbzi3Osr68jDOPBllTX2DHJeo0xXp0x/vwu27/eHL9BwG3N58DprrFqr0w5u6ksdoYxDsoIkBOVAMAnirghqNpVfNAmACBLxhjnJkPYXAMhBAb2PhMENoMozaxqhscrI5/XPklkEA8wb1BxfrzgsjcNQHiEtac/xfrTn1Z+V2ubOXbTuYExBGEY2iY+rSeaJxZ0HMHl0d/i+f/7v0F0rt7KvZAQAsID8KiBpb3P3P18tu/u8uoK3W4XDx48QL0+WwZKGd0kweHhIeI4xvLy8vgXDMCiSA5PbnS7N1hZXetbRJZS4uLiDHFt9HvFUQ2dm2tnzR1MwjFqs0akkoC29c6FRUUXoZWLWwEyCHgIpWUuf14seXKPRSH3Vrtq1VnkjxVyA5bZn4Xk8JNoUZrgZ1mae9IXBcYYjHGd9XeR5AgsAVOsGGUABjd9DEP5u59mQiJEVqlwnnRQNvY9Jvx3L2UvT8KldOdVRd0xupFFG23DGudsuPCgxCo4KKFWzeFrAMV4BZAqpamTnsHwzU0HcRTN9YC7vLyEUgq1Rq2vPUVpX2nmRjWl9hiA2M73UjimUgxaq1ylMulk9B7uHAnCgdWyUmZQarZqWdtOZnNk1sMNK3vntjLSn3q+klJKOZdqxIMzhiy3LlHE8Wz3YE+2Gq1yok8qhXCSc0obpKm9vsKojqWNB7i+eAOtb1AHQWIoqFGIIAFiG1WkYtDm9ggOgqJFhQDgJoUwFF3NUIMGKINiNawuraDZqFs1jJBQejC5YbdZ/ENvi9rA3++pijXmOx9zdusgxIZr2+BQUXk2GzN5APqk6M3fuWttg5lradDGQGYKr94codFoYnt7ZwQnMb4hqPLb00g5AByfnKDdbuHBwy0QOmzSTkAIQ8iItdCUbpOs137rFBzTYNDnW/3oJ1h/+uOptjMItdVdF2dsIEkHQAQYS8DddBII0UYYRlhaWh76jCkfGye6WBgdbLSBInYMS0hBdPQfQoIoruHq+gavX78GpRRra+sIZhx/5w12b0HBYQgBw/zzhCzL0Gq1sLqygq3NzQXsGXD48iUYpVhfX59rO56cGIZxBIh/fZalqMU1NBv9NpOzsxMEYTTR/YA6W54UIlce976KEGLz8rxFGHAP03zAu7gKR0IIGGeQiaz87B53B76qrOy/l1JObdcokxu5dNq1eMxNcuThXIslOcp1jL5y7S6QGx7W4x9CyDLJURAOtwUp7Q0kSzOAEPAJLWtWNruY/fKBl9oFvuaqELciPkjdQRmtqBbKx1dnAmzGyVkv/HtYNUdaWkEfrn5SqghmtARi8T0prZEkCXZ2dubar1a7DUoIokH2FPd9VkOkCRgLBq482gAnmn9/s9wTvusoqmVVn6JDiBRSUvBgNuLNv4YSChqEoFRDletkHdFR5IDMpsChlIK67dlsET01MVPeZ0OIPZe8imPCCZsQEowx1JtN7D9+jOfdS6RJAk0DMC3BoG0NtWtUCamdAtwanCxaGwKhKUKiQUBAaAggBTEaHALb2xvY3NwEXDPWsPBhAEVVrPuup6qKhR1I2uaO27lO70duBTgrBtvVgOEUQbgYMr2MLLMqidt77k9/dLM0gTLFaurpeQvGAE+ePBn9wmlkM1Pi+uYGL168wNbOKng0+J4n0w5kcg0eNyZWLBBCIDqXEN3r2XaMECzvfIylve/N9vrKpqjtb6IcnAXoyisQWYNUdgFZSoOzs9d4c3yC3d1dNAflF5jCuEPIAtmNfPuAhrEKDrf9vk4FZydaW9+AMQT/8OwZrq5vsLOzPaWS1aCx+Qhbn/8e0qtTmDlsNpOCUo6gtozG5iO/C5iKhXM4vzhHEAR4uCBryqujI9x0Otjc2Lh11e2o9hX/b1JJABpr6/3NgBfnZwDIxDlGHnZh2kCKzLXa9d9rmbs/27tlJWB0sWe672v2D4G7xD5/l2GJDVVUsPZ476dZsbWrU9avXwm1zDMKBMgUlaIeOclRCt1cFMlx18kND0KAgIdWFuvULHa/zdQ3hkkgZVFHCULAKBvaoX2boISAlgZz3otvSinyfrJojLbqDgn47A7fhAOgZPPJFrrCRoldiffnkRAClLKBq6jeQw0AhFaPW6fTAQCszCgn9LhstxFHwcDqQMaKfAjbSDRaUk1dMFlZ3XSv4pgNnuiQUkL1KDpElkIzCsrmmxR5G4uUyik6CqJDSJkTHbMcP8qYDdaFJeoYm/0aIu6e4mWmSirQMfcX3z6mlEatVsPO7g5Ojw5w1U0ghMkbTHyjCgjAiET36hKtKQKAp4HWCplQUKB5WwqlBJwQaEUQMoK4FmBzcx1Ly0u2HlyqsauLc1XFDmnAusftgDoyyQei58+ZLIXhkweQjnsPj1Hk2Ozw25/uvJFCQJQUia3LLrrdLj7+5GPEt3TNjYMxBs+ePQMPCJor4VBy8Ob0JV7/p/9r+u1rhe7F0RT7U/1Lcn2G9Ops6vftBSEMhFDw2hICyiEYR1e2kCmB2GwgCCMsL6/i5OQEv/rV13jw4AEe7O2N2lMYU7T60ZL6k0zRwjZgs9YKY8xwAsV9R+vr66g3Gnj+7Blev34DYwz2dkc30Jji5aBBHQ9++iez7+uMsONMUwm3nRQXrRayTODp0ycLIS7bl22cnJxgaWlpIVaXSVG2s5RVH8YYiLSL7Z3+c+/m5grdpIvaGGvKMPgWIaUktB5csU0IcQqO0o1z0QPYQe0s93g7kFLaFbie771cvwoU5IavPfSvnWQlyJMb2ph8O0EQglLqgjur1o93SXJoo61H6z0hNzy8LDYDSkoOe5wWSXKUyY0sE2CU3ZnGI0qpk7NzaGNrzbTWucrEwzdYACWbi4NSCpTOlzHTC845lJL5eS6kRNjzndn6s1I9bM+godvtIo5j1GqT19b1otVuQ2mNWhQOfVhyzm2dGXyLxejvwYc3TW0puMdA+EaV/mrZAEql0IyB8cHZKZO/BwPnDFIqdw8viI5M2HudX32eFJQxQCk3mFMTKQtGbo9zqKwgTDjnY60VWhsIIcAoAQ84Vrd30BUZ1NGrvMEkhsqtIteS4G+/+gIRv53z1QC4Ti1Z6dtSAJM3qkS1FWw+eoC43oDRJs9IGTsKrjIWY/fDV8XmxznN7q0qU2JeQUEQcNcUVA0gXfQCxO1RV9NtWRuFrNSI0U0ytNtt7OzuYmPASu3bwrPnz9HtdLD9eAVkRItS5/QlOqcv3+KeWRz/8s9w8uW/n3s7NIyw9dlvYf+3/rs8z8TCoIsT1MwmwjDEw4cPcXxygsOXL6G1wv7D/Ym2H69ugZ8uwSiF2lp/KORMmOAUi6MI3//+9/Hi5UtcXrbRqMfY3FgHRrRJaaXzXNR34Q7wC2lSSmg5uXKk0+ng6uoK29vbWBlQmTotpJQ4PHyFKAwXUjE7C3otLUm3g9W1jb77YCYytC4uUB9gWZkKxNrMjNYQQ9QchUXFwae+e287IS5NOPdUTXcSlVnnu9CE8F2AUgpC2EpPakw+KbHHtj9ckLmBNUFVPjwucHQYueFfE4ah804XJEcwpSRbmyKcMd/fGQYOwoX82Qnb+0NulBEGAbKeQRSwGJIjPzfgv5e7Q270ghLk6g5tDGA0pDJ96g4AYJzbxoNcxSFydcKiwANXyRvaAFLNqqRiJXvDrb54CCmRJAl257SntFstMEoQx1EfgeLRq+Kw7R6jSQ7KGCDlvYpjQfDVstxUiY5ytSzjHHzOatmC6BCQUlUmwApTZiwZA6U00rSDKApdsvns9wZGKaRX+KVZHow6DkopCKkQhAE2NreRJQmuz8+gM5mn/2sSgAAIqIJIuhCEQhMOaoRdUTLUhZEZUAgIbcNIGWWz/45rSwEMGJGIgwhrq6t48OAR4rgOpTUyMQG5gemrYhmzpFmWZjDulQYGMATG+FBTwECDD5Hz3qM4NLNecT6ANMvS/FkzLxEI9OSsOGWtUvqdPpuzJM2/L6U0Ts/bWF5exuNHj2baHqEUNIyhko61xAbTL169efMGpycnWNmqIa5xVI4koWhs7OPq9bcl+8IMx4WgQjrGS6PJHEIAXmtCOlsLGaLunBqukXJgUDEhSMgZYm33bdu1sh29OsLNTQdPnjzpU9iY0h8Ipdj98T/HyqMfAQAaG/ugQZR/bB43kN20QSesoJ8Fj/b3cXW5hG7SRSYycF4DK7XX0CACocQGmmoNpZ1a9920xEJra/OXE3Z1CylxcXGBRr2Ovd3FEEiHh4cQQsw9jpwVveTGzU0b6+ubqNf7FRrnp8eIaotTmBBKAWMglQQzNiTfw80SNGBMfmMGrOzGopeVInltkr35Eutjo0VAafWmXhz0+1WF24VlEoVNMXYrQVopKGpVCwaohAtSSvvCF8srtqMIjjxzYwi5Yd+KuEG2ruYUTDjI0sZAZBkMCnIjKLWCTApLbnhlyvtJbngMJDnMfMnqgxUtd5Pc6AUlBCAMoUs6900FWitwbhVDBk5SXrKqLCrLxa6UV1tjhBCISoOISntKr3rD2VNW19Zm3gdtDNqXl6hHo6thAUdyqPLq+RiCw+WbeFWMyDIQxmG0qnzGe0wHT3RUqmV9voyUORk7d0goD8CYVRnl93WtEEyQleMJF20MjLGkuTEaaZrOXWdsyTadv88kBIfRtgFIa42l5jKyjS20zs5BL06QphLKMChC7cTCCBBqoEEhECCEff5JY0tmOQygFZQBDGEAsee0hpnwdwBmlLXGEAJhKCglCAiwvLaK7c0tbKxvQmuNbjed2F4wdVVsXv9YtCL4Z2ZFymEMMpUt5Jy6x2AQYo+HtwkZmLlbKQCAgObkVZZlCyapplNvZGkKpYvn2VnrCgDw5OnTmfcgiJpY2vsMycUrsCBGtFpYEybZu+ubGxwcHKC2FGJpLc7PfW/ZCuIGdn/yx1j7+HTmfRy673GzZMWoXG4Im+t48JM/huheLfx9lx58HzCk7x7h1UgJtVaYWG9ge2sLcRTh+PgYX375BZ4+edoXQOm3YgwQ1JYR1Aq7bE5uRE0sP/wMyeUZeFxH2JgvxHIUlldWsLTUhNIShBA0t54gaZ/AKIHm1mNQ6pS82iDLMmRCvZP5pTG9fxiPVqsFbQwe7k+mqBmH45MTWwm7unonctKyNMH6+tZAcuPs7ASUBv1BvvOCEFDC3NhfgHHbqMIBgDAG6urLhlY8luobfd/1iHdz71m9vd+vHtwO8qBQpXraEVzQZ48CgpDhKf42U0CNVHFUMjdyciPq256vSwRQVI1OaA/Qxg3U8lwPW506D7lRNLK8n+SGRxgEEKLw/EolATKbkqM8Qc/SDJSx9/Z7AVCyZBWDeAIgCAL7IKxIiGcf6CutoaVwne1FNS7tqejUWlUGhLTnxt7pdtBsNhHN8WBqt1owxqAWh2BjVlYY4xW7l9J67DWlfdWfMUiFQAgArhbw/p4+H/JqWa0hS8G+PlDYS92nrZYtwxLNtoUoD/c0ZmAe1rAa4TAMwBlHGIW4vLya6LwZBa+km7alR2uFJMkQxyFW1zbwwx/9BL/6xc/QTQUEjRAYqwjxbSYKGlJnCKgBoxp1GBBoCE3Q1RQR1WAkA7RAYggogDpVE/yOhqQRFACGBFpLEBogqi/hycefYntnzyo9MgEp5MTZGNNWxeavIxSAbcIrLwiUkaWZHScYg4AH9wtOqC76LsQCYlkOuz2NUer6KbaJys69q5wVJSWETPO/ty676HZmz93wk/Ha+gN8+kf/E4y759AgLk0cx2zD5W4EIcP6dt3/ENrYRQ6lJGgQYfnhDwe+fpTCxvQER5IBSZnGqdu0Nk4pZWBcrfXK/udY2f989AcY9L4TnonaKNuO5t6veH2BLjlFzWxieXkZcRzj+PgY33zzDW46HTzyE2xj7zWa2vnawM4ZAsQrm/joD/5HGGObFgll08zrp4KBVd8GhMMYjZ1f+yNs/eD3QGBAgwggFEZqV9dtHKF1O/uySLTbbXS7XezvP0QtjufeXqfTwdHREWq1GpaX5rR8LAhSZAPJDaVtxb2+xZabXM3hQsk5AAQ9A31/whTyxuLvvb72vqdkKWjSmJ5L9f6JunCUrQXlhoRy+GEx2KFuBWf0U7ds45BSVgiO3JZSaksZRG4AdvU3CEOIchZHZuv+Rg1mLbmRzk1uyDK5kb3fyo1eeIlqETw6vV3FtjvY6znLxHtPbgyDMVZKW/a3Syn6WlcmRW9WCQAQY2wjRg+BZ1OkLSjhdqnVwRMu29ujw7TGod1uO3tKbWyIMyEAZ7wU8ijAxqhZGKeQUuP65gbr62u4vLxCHMdQ6p7gWBR8xowu2YiAnmpZxsHmIDq4O44gxJLYQZmIswTLwBphJ1329+L19bW5wsKzLC0pRC0mzXfR2pIGBPa7aTSb2Hn0FIYGOD4+BjUSgEFAKawOwyCkgCEcGgaMCigUNhZmSxKhSQBGbBuLtZyM/x3m1K0EBHEQYGl1DXt7e1hb37ANS5lAkopKxtk4TFsVm7+ux3ZaVdrSvPIZcIseWoOH4dTH8RYLMD4QTKfAmWiL7rHlycnFzeN6mJMR0MYgLeVudLoC7XYbu3t7M+VuWHUFyYMiCQtBXHix5xVM6c/D4HM3Nvebee6GgbHWP2XJYm0MiK5O3SmhFTJxwA5WWs9M6c9lUsQYY8kBpaCVgiEURGoAcvKQ/gHVpoYYgAy/b3jFSCa7EDIdOWn0JEcYhtjf38fJ6SleHx2hc3ODJ0+fIo6sBUXpwaQ3IQB172d7d60q1r+lNpi6yncSGOu0AwGF1oDQNjyeQYFSN/dRaioi+F0izTK0Ly+xtra2sKyal4eHYIzNXQm7KHQ7N1jbGFx3yyjF9s4urq7auLxsIwzjWylKACE2GF3rwTpV6ljoQReo5T50Lv+yJAbJz3ZdVoH0pF3dN6gsDnmwjfuOy0GhzPm3fZ6GreKxVYGTeEK9TcWvrtnkfF7N3MjJjXBkbSCjFCiTHGk2kuSo2FL8e8yr3HCZEtYuIz+YSXxOcpRUCcZgoh5xpWwwj3+9X0n+EGGAfEJvzymKIAimJjfybBv3JPf3uVFhrKrcntJDJN/49pSV2UOhpFJoX16iWY8nbrthnEFlamIVB6EMQKF4WV5ecqvuCouqBb6HhfXyh9VqWbjGFZlBquHqu/HbtscRsCG9xgXk+k55/z4eBBSM2wYY7QbhbM5sEL8fWosiINhZKSetjPW10QYEtVqI7b19EALI9AbdbgdSCjCtYAy1RAhRkAisyF9byyYlBhFR0JpAgUETBk4EKDG51WXU72jDQIl0llyO5bVVbO3sYm//MaI4hpQKaZLZSc+YiW6+oKQ0tFtMmqYqFihUOoTSIVlpPCdm/XM9S9N7y8oCIaWsKkLIoggOH/as8mO3iHyPaZB1u/l5LKXG6fkFlpeXCxXAlLAr7/bPg2gWd0mMvHYquRv16tjFthwl0FL3EYwsCMEZR7/9voC1dBt3v/OLJC5Hx1mvCYhVbGg7vtBagxADKS1pMZJA6f28zl5eJjoMMTBcA0POIwMDKa1C29f19iqS/DmSkMKysrW5iSiKcHJygi+++AJPnz6xE24zgFQlVdK1sn33q7M0iIyFgbsXOlUJpWAsQPuyjSRJEIYhoih2OVZ3n+AwxuDi4hyRC39dBA4PD9HtdrG1tbXwWupZkGUparXaQPVGGUtLK6jV6jg/P0eSdBHHs4frjwLJa2KneRGZLCw0v1BKRMi0UMpKsD7UidcsMAZ5OB1QDEgppXnmgIdXalDGpp7MVVUcCpTyiZUbvaiQHG4VokxyZEKAgIBx1pO5sQDlRmrTdf0E9EM7l4KAA7IgOXz41ChmVGmNLEtBSEFuLLI+9a6BEoCXsicAPVUdtjYaUhQrsbkdhVpF1LBJmVKyWFkhBJRWb7edTgerKytz9ZWfnVpfcbM+ORtOCXGTTK/ikGAjLDKMUlxcd7CxsQHj7HD3oaO3i7xaVqn+almRQisKyqcLbLbHiebHLk2TvsBpwB7v3m1bZdL8enuleyYcxiAIion5NP2kL0IAACAASURBVNuByBAEDFEUYe/hE6ysbeKbr7/E2fFriKwLQUJYs1qSt6t0NUUEAUatvDk1FMQoRJAAMdDgudWFQoz8ndAklpCqNfHk40+xtb2LMIqglM7tIEP33+ebaN2vbC39fZKqWABDs7LK4DwAIbbtw58D0mWs3FtW5oeBmwSXf7AA+GezUoUVYX6CY/LXZiKFMsXnOm9dglIyV+4GHHmhyGCbSD5fGPId9uZu9G/eQGUGRGokJMl/HsY1UA0IPfzalEpCShvkqpRAFLtcJGfVFCIDyRcNSYWI8ZXWRmMGxTqFyASUrsYEaC5hmHLbtz/zm9ZGV9Qb5fNi0LvnlpWlJcSO5Pj2m29xc9MZHBJbPk4DtjdOYTMXXMYGAZyMhGJldQ3i5ARHr1+DEvv3eey9bwsXFxfIMoGPP/54IWTERauF07MzLC8vL8TqMi+UVjBGYW19stBUzgNsb+/g+voSl+0WeBghuIXgWq6ktE0DC0Y+WJnhJqy1toFmgF3ZmLLW7kOG9fSrihQ1GCCNB2YjNjzyFYM8HFQiCEKbEu4m00JkAJmMgGCUgjhyo0xyUMZsdoj7bHOTG27lEyhsF3e1DWQRkFLmAZCAzVgYNdHVRtugSEdu2HyK8IMf3HLO85Vfn28wCalTCWB1K84EyBVRo6Bk2Z5SPSbdJIFSCqtr81V6tdptxGGAMJruIcc5Q5a61Xyt8grlYVhbX4PIMvSqV+5tKrcLzpgl55wVsVItm01fLZvbVBzKzxHO2VzPjFGQUtlq57KUumQZm1bdSWB9452bbp4RsrS8gv2nH6PebOLi/BSX7SuINIEBIAyFNrBZHNAwxlpOqLOcgGjXlmLAqQA1EgbV3yFEQyGEAUEAiebqGtbW1rG+sYWNzW1rxxQCSSIruTsD959SaNd0NigvI/+UCzaWM8ZAKIF0JAdgr2WRpeD5RIFgCv73g8G8H5kSAlU6nr22g3lhrRLuLzOfF/5TTvZ6JSVEVs7d6KDbTfDJJ5/MlLvRhzEqjUHQLneDB0XuRtlCAgBMcECyXBFFCUUU1/IgwlHb9vdYY+yiIQxxYyqficRcPp0cqIAyeR7E5J/Lq7hACBjlSLOClIEEQAEVyrGHr9c+00selVtWfJXsyekp3rx+nVtWBk6Yb0OlMQn8+5bOkY2NTTAe4Pnz57g8OMDm1hZWV+avWr0t3HRucH1zg92dHSw1m3NvLxMZDg8PEcfxnfncadLB1nY/uXF9fYWbmyusrm4MDKVvNpcR1+q4OD9DknScmmNxDx/2P/zLf/k/8zuyequNgZAiX2n11XkGk61QfBfge++lC/8cJTFdREWZDWqyq26c85yQUEqDMQqtFAhlEw1QbTARhVbayuSdfDeMwnySPl/mxqA2kA9LsVGGUqpyrVDKRqYoa6MhUmuxyMmNGXzY7ysIITboSOncmz5scq60JYK8yqEIEeUIg9EZMh5lzzILwory7bLdhjEGj/Znq9YDrALk+PgYzXqMRqM+VQ03cd5kKWSe6zDqHkvdvcAY27ZFCEF4L29/a6DU1Z/5FTVVnMf+3mkr3cdcy4TkwdF50jgPnJpuMgvjpNBGQymZ25mMu+8U+06HkvOTwnivvJONN5eWETcaIJyBKgmiNQCCTAEgQEgAQg0MYVAkADXKkReA1NRuB1ZqXv4dTq21xvA6ojjGSjPG5oMH2H34CHsP9sGcrTNJMiipxk5AvYUUsJYxe3wZKOU2XI8H1kZ3C+QhISSv0tNaO6WQtueRsSFxZIhFGbjP4BgF5b5PH3bdGyo9D3ztr1IaBAR0BpvaNLkbxhgkSSf/ezcROD9vYXdv753VUQI2d+Oy3cbGwyZ4aL/fXLVACFjGAVV874xwxLXGRNdSWUFs70/FeMreHy1B4sev2hhoA1c9P9n+a6dol9IuVgphw8q9ui0II3AewCidt+fAUBBFrV2l9DFGKXmICxwe9K+SdCFJF9zU0ajXEYQhWu02jo+PEUYR6vXF1XjeBuI4xsb6OtI0xfnZGaRSqNfrb9W2NQmElDg5OUWz2cSjGWuUe3Hw4oVtMtvcvBPz4jTtYmlpCfVa1ZoiRIaL81MEQYSrqxa0VgPtKJRSNBpNUEpwfWUbh/qLLQySpAspBc7Pz/H1119XFnaHgSujIIWYq2ZyXmh3sese2wVQBCvdqzgsemWtNgR0fl90L7TReWd4WcXBOUcQRhBpUig5sgwkCida+eu1q3iU/zwbufFhtYGMgyUDi3Yc790fBp/ob6BzD2/4HSI3ADdJpCy3dwkhBtxIdUUVkxMbhIBPMeGQQpRWlSgIKQf1GnS6XWzMGQzVarcBAPV6rc/+Mgk4Y8h0qaqTj5Y9Mx5Au9U8AwCLrvq6x0gQUlTL+qaTcv6ObwYa9Tyw92gKzggo47fyTFVaQ6uqsqycy8UYd6qTxbyfdpYQYwziOESj3sSjh0+wu7WHs9MzHL58CZy/QZIJZCS01hJIBFohMQQKFDEUIqqhSDDwdwwJ0KzVsFRbwsb2Nh7tP0QQuYmIu7d2XebGpKCU5lZePkMm0LzgPAABhZAiz8fy7Tl+0nVvXZkC5dVzDfChypyZ36DY/oK3PAhpkuSNHlIqnJzNl7uxCJRzN6Ja9ZlHCAFNOGCK51LAw4nVjcJl2oVRCBj7vOsFYxSEhlYB5UN7MwEhtLuGB18sQthMD9902LPjhZoqzWCMJX/jeh1ZluRZacRQkCyECRQ0l/ln9hhGdpQVEL3/7i0rS67J7eT0FP/w7be4ubnBk8ePx39p7xBBEODTTz/Fq6MjHL58iSRJsLW1dScsGx4XFxeghGB/QdfMmzdvcHl5ifX19Ymy9m4bQtjq8aWlfiXJ+fkZgqgGxjjq9SWkaYLXRy+xur6JeMA12WgsIa410Do/Rbd7gziuTbVoNwjc7mT6zggOn4TrUYRlBm6lSua/dxc6ft8VhoWKEkIn9ulOinJLBFAanDpQAgRRjCxNKpaTcAaSAzB5qCkABGE0NbmhZKkN5DtBbtiVhqKxiI61W9jKXZ0fy2hMk82HCs45dClgU0qRW3qKRiJnw3CNUbME8XmyDUB/9ka3A2MMVtfW5vgktk89jsOZH3R+lbGc3zLK3sQohXJtGlnmAgs/YPvXXQUlBDSwjSr9jSsSUirEIwZ5cRTeSqPZIBtK3jJEiFWNUHYrE2attfWvK42AM1BGEcV1bG7ZJq90bxudToLrJEN204ZIU0itQISEkQLQCoQYcGrJBs4ChAFHVAtBWIx6vYGV5SUEQYR6o4l6c8kGNWfSjWE0zBRtKe5LySceRpvFVIpOCcYZCCOVCZtHlmbInHKz0qSGD1fFMc9nIxUCYrEUhDa6Mthf9PZ7IURayYI4b13Nn7sxJ8blblDBQUrkRhhGCILJbDRaa2spdTcnHgzPN6KEIgyjPMi+3BAYDLGuevXNcEtaoayRSgFKIeABwjB2lpUi5JUIBioBHcqKmsO3vQwkt0v3ml6UW1YePniA07NTHL95g07nBk8eP7nzao4He3toNOp4/vwAhy9f3hnLSrttA1EfP3q0kJyQ65sbvH7zBs1GA83G6CDPtwFtNJQU2NzrD01ttc4BwIX5WoRhDKUVzk9PUKvXsbbW3yTDKMXG5jY6nRu0Li7AeYBgju+O+x0VInurQYM+Jb43vZ2VPMWe4PAT6HFp/x8irLpF5LV65crXgM9XG9gLJZVTBZTCFI0BZbZatsxOUwKEUYQsLTI5sjRDFEUTqUl8JodWCpwHTvY3XWge4NpAyuSGkz1/yPDXjR+Qcj5amp5ltkbMH8/bkj6/D7ABrDxXv0gpQSiDEiKfmOXtKMwSG9NOyLTWFQ8+Yb3hol3EUYTGHAOHy8tLCCGwVGuAzxHOVFZxjFODSSkL/7IxdjLLJ7On3WPx8M1H1rLYS3So4XXgCzxexmj3LFeoEIPuPSil4G9JfamdxFsrmysWBAZhFGNntwZCCNI0RfvyEletNjpJYldVZQKVJZCptZMxHoBFNdAgRliL0WzWEEd1NBpNLC8tuTYZQEmNTGQQQrmax+knnNTZxACf1zD/s9xbdqYKn3UTtt6FDU9kCimhtalkWflPe3/lF/CXlV/sWWTTiRQyVzgDAKYl03KMP0+1UshKuRsXi87dmAGDcjfKoJqCyNnIDcCqOT354MPDxyHgAShhEKJoCBSu1aNSwV26N/h8OUatXdvbZG3uoB3HepWHcaQW4xwxayJLuvm4ghgGlhGr5mDFuTBK0WEGECCDWlY2NzYRxzUcHx/jiy+/xNOnT7G1Obj6865gZXkFn//wh3j+/DlOT06QJgk232G7SDdJ0L68xMbGOtbmXMgC7LE8PDxEEARz57YtCmm3g7WNzb7xX7fbwc3NDer1/rwRRhlq9SayLMXR0Uusrq2jFvdfz/V6A7VaHRcXZ+h2bxCGs9138qtQiPStEBxau0YC9/dyC0jvBLeox7IX9bi0/w8Jw207xK0wLZDYUNWKqoosf4SNgRKCMAyRCVGQHK4dZZIHOyUUlNvjzYPp7RK26tQ+iAtyI/zgB11hwJGJaj0sMLg5xTff+GM6r+f9QwBjzDXJeIuVO4f8ajMwFwmkVKkalvDKyptUCt1ud24Pc6vdBiMEjUZjrkE0de0VhYpDDR3cMcYKZQqxVZRKKhhKvvPn1LsEpRQhtTlGnrhTSgwnOBYA5VY8y5OuMrHBKFuoDWUaaG2gMwElFRiTCELugkhDbGxsYG11tWh2M8Y+90wxZSeUAC7PhFBin1OUupp0CSkkhJyd2PAo319GBR8OhDHQrqJSG7cvGrln3/BgatWZb1lRSoLxACIr2laUVjCZtsf0O0qOT4IyabUIZa02urLw7lWFt1ZcYQyStMiO6nYzXLYvsbu3h/U5LZXz4NmzZ+h2Oth61ARhPcGZhoBkxbnOWTAVuZEJWbmOjcHY0G2PYZaVLLPX4aCWpEEWbOJulOVtlPeJEoK4VkeWpfmYF4aCZBSMK6igP9R42LhgFPHm1RzNRgPR/j5OTk/x7B/+wQaQPnky7ut4p+Cc45NPPkGj2cSLgwMkaYrtrS3UardTQzoM2mhcXFwgjmPsP1yMNeXw1SGSJMH29vZbtzIOQpYlaDSbqPVkaiit0bo4R1wbvXgXhhG0CXBxdoak1sXa+jp66XJCCNbXN9HtdnB2fjo2uHsQ8pJnYwyyLJ2ZKZkUxthHcNliMaqRgDEOKUoqDheQ9qFiWA0sADDOwReYt9Hrlc6JDfdek3zPPsizTHKILEMwIcmRb2cecqNUdfpdWUwOAw7RQ3IYg4p6RQh7vfjjyl315D3swzBL08JiVfqO5g3OVKJkT+n5vjsdG9q2sjo7C6+NQavVQj2OJq6GHQXOGLKSomVUaDFjFEq5SZTWUNDQ6j4E+i6AMQZZug/fhuJxlA2FUgo6pw3Fvm5IaJ6vku3duDEuM6paR68dAaGUQpIIt2BCwTmzK6fEbZMWgZrabcO/FsZOgLRSkMoAMHMTG8VnLRMcZuhnV1qBAjAE7jOWGzoMtDLF4oS7n1kiUk+t7vIBmYQQsDhyq9P237JMgC241eWDQ/ncnOSrKhFVxmj3P+MEGoNJL+LOVedWnmbnxu5UmiT5uSSlwsl5607kbpydnrrcjf7nHc2YvTjgFt2i6Sa0YcAhgEqmUZqkCMNwsjGwV0AJAakKy4o/QMNbkqrbCILIhY86JYc26H37MIzAGUOadgtliGSgisCEEoYOPr69LTPDUG5ZCYIAD/b2cHZ2huPjY9x0Onjy5MlcytO3gd2dHTTqdTx//hyHh4fY2NzE2hzjrWlxcX4BKSWeLsjOdX5+jrOzc6wsL78zBVUZUgoQEKys9CtTzs9OwPhkeVKU0ELN8erQqjkGECO1Wh27Ow/w/Nk3uYJyIhgDboIMJLMXoFdx3GYSLWMsn3RZOdjo1T9CCHhQqDisjJr5/c8DeT4ESCmhpIRx3/8g284iYIyBVDKvsSwHwM2SNzCQ5HCWp9s4l5SyydNAqeo0/O6QGx5BwGFKJIdS0lkwbLZEOeRvERP3Dwm0pA7zjTuc87ntFlorqHzyQUBZTz1sp4NGvT7Xg6rdasEYg3otXEjFN2UMVKkKWTbsXKEsgFIpkiTB8vISAOR5HPfn17sHZTwnxxelePQkQSWfJitnzCzGhuIzYQghA+eJeTNFz78ZY2XdXvFYHgDlSg1bGAmjqVN2uG0xA2OozcBAYfGwbRXKLTgoaPfnRT5jCLH/l2XCVugRm+Jg99cUdZPGgDBL7vjVa6+cUcpAa+lUmNWFCvvvKYJwugDTqoSdAlC5ckBpDXJLOSp3BXPncLgvR4gUQhTqZK8WsnkMxXEehd78MwAIbklF05e7cfHuczeurq9t7sby4NwNJjmgS9aUqDbTuRkEHJQSCCkrY1hj+MSLCDwIQCi1AfolUoOAglLY68aTtAPAGIUqKbmG1QxTxlGrLSFNu5BOLUoMBUlDmFBULCv5Prj37D23h6k5ElpYVjY2NhDXYhwfH+PLL77Ak6dPsb21NfK7eNdYWlrCDz//HM+ePcPZ6SmyNH0rlpWr62vcdDrY291dCBGUpGleCbtyB3JFAEBkCbZ39vp+fnXZhlIK0bQEo1dzXJyj27nB6nq/7QUA4riGJE1gjJpogcEYDa6oQkBiGOOaBbJ04tThWcE5R+YmqEopUDZ6pclO2FSu4pBKgcASAiBkIQEu7xJD80goBZ0hl2IU+oIU89U31pezMQ0otZkgoofkWLQiSGntyA3TQ258wCOuEQgDDiH77Sr+v1ma5VkS96iCc57XJC5KgSDL6g1aHRhlWYY0y7A55+DgotVCwNlA7+KsYIxBu323+Q1DbCqUQhKK5eVlUEpyaf0oa8s93h4YZ1CZfZZrrSaWWg/CZG0oi8lg8TWpnDNQRtA/xTS5X532+F60NlDUBi8aYYZODOzvarstan3wtGfCQQgBdV51wFa5+maUWT4mcVau6qyiIF68IoUxZr9Tbltu8l/1v9dXax2AwJH9TjXDmW+HsgrQIhsrBZ/BsgLY+4LRqpDOpxmkMWAjGiM+BMyaMUIoAVR18K21ztunejGIwKhsD25yWlIcTXciTva7Wsme3I0bdJN3n7vx/Plz8IBhbav/WUc0AUSpMSWI8vrjWcCYJSDKKjifOzVpyxFjDCSOoJUGodRalGZRMpsxMbIEiOIaqGDIsqT4cRaAMQUVTibnH9fCklCr5mjUG9jff4TT01M8f/Yst6zc5XE3oxSffPwxmo0GDg4O0O12sb29fWuhqVmW4eLiAivLy9je3l7INg8PDwFgITkei0C3e4OVtfU+0s/mW7XQaCzPtF1KKGq1BrIsw+ujQ6yurqFe7w9StbEIsQ3U1coS8IOag1x+DQcAFXRBM/sAEzKzeQi3yHT1pfdLATZmImxXWx0pIkueOWPe29XDSjMKyrYdAs5DsJl6zgcjJ1F6czYWtHINFDJ1UcnkWJztSRudN69kmQAxBkEUfdADrUkQuHO/l+TwjTLBd7zpIhNi6ArzopuZpBphT+lab/M8Cd+ZyHB1dYVmvbbQ5iubryFLaiA99P5TTphPkiSX5L6v9+EPCZSQyrNVK5XnHE2KkTYUQizxzkaH70478C0IDu4m+VV49QQhBFmW2jEAgDAIwHgIYxgo0QCZIMvCfUeMUuuhzwkNuKwNY5UU2kARkofzTQOb32Hfw47ByqSNtZVorcE5cxMZA8aoCzWufnd+4kEIQdLtuP203xUPuBvgGVdDqe1qtKquRs9qWSGEIAgjECkhpcgXmfSQxohFq1zeN3jCylsUyvbHgfAkF6UgsOefzWMgb3Vck6bFJLnTSXHZvrpTuRu0J3cDBqA9uRuLGGf25srlxzC1iuRJxuTlbLlp4e8T/j3HXU92nxiyNMmVe1AMLCHQgYRh/fetYQqlYS0suZqDb2Bvdxfn5+c4OTnJLSt3odFjFHZ2dlBvNPD8+XO8evUK6xsbWL8FwqDVaoFzjocP+1tFZsHrN29wfX2NjY31fIz/LpF0O6jFMRoDwkPPz08R1+Y/D8IwhDEB2u0WOp0brK1vDlzgt4uS3C6+GJPb9nIYYyMdCCEwzIAQVlJxZIhuuUu41wM/LlvDy8n9A6OyoqAUKHs3gWbjoJTqk6VpR8r41c9yMwrni7USaONCXXV/gOgiV649KiRHnm8wP8mhjXYyWVO0gUTxnTzm7wIB59YvXqrt/dDrcieBXYVWyJQqpPS3lBdRJl4JoSC0P39jZXl5ruu71WoDAJqNeOEktCc5AECKDIwNfgaUHzgV4vlexXEnUG3GURNLrIep+4DJbShlm8nEIP55RMC4Dbk8eX2UV2Fubu0gjGLbXqIU/s2f/iu0W+fQ2mB9YxP/9X//L6A1yS0ek7yhJyAopfjqi7/B3/3qlwCA7Z09fPb5r2Flbb1ETEzxURx5Qp0FxhMouZIDTpXBNZSykwmlZf4sJoTg77/+EiJLQQBs7uxhe/eBDX/sdvC//6//CwCgVm9ie+8BfvcP/7iHPLEoVqOzPsvKqArMYfDEixDF86W3XUW4po/3uaWrR2jTBz/hzIREMKBhi1KKOIpcsHeWL8R45YUlIF2ILchbIoPG2GDSJCczpVQ4vWhjeWXlTuRurA7J3WCCA8aeY4SQhavOw8BVbpesm0KkMGY2JdQ0KBOufiV6FChliGsNZGmSNwrCUNAstC0rvNToVnrdIKKjfI8q/x0o1Bzr6+uI4ggnxyf41Zdf4vHjx9iZMzT9trHUbOLzzz8vWlbSFJubmwsjDlrtNpI0xZMnTxbS4nh1dYU3b96g2WyiMUDJ8LaRZRniWjyw2vX8/BSUcjC6mHE1IQRxXIcQGd4cHWJldXWg7cWPNZSyikXq1BxGa1Bqn6X50VVhFzS1pIFUGQIdgC5ohwfBDmg4lOrP1hiGgAcQsvC3UUpzwkPKDOFbrLkdB6UUpLLp5oSQfIIvS5LfSjOKWw1ZlOTLGAMlJaRaTM7GNGCMubAkmU+456khHkRuhGF4T270wA80faPMd53cAJDnzPhBeWYMiJTgnM0lZx2EvGEEtj2ljCRNIaWcK1wUsKsEcRggvgUbIWN8YhWHhyU4VNG28IGHQL8P6G3GGVkZiwHEhm9DyW0oky0e2KwB5ogQMniZcCBI/nr7/in++j/8DC+efYO1tU385u//IR4//ST/7TRL0G5fAADWN6arL8wJCJfzobXG0csDHL54BgC4bF3go+99P98vSm2TilHjFRyEEFBns+HMBq5asqefKDHGgFHtQnu5s8vY33nx7Fv83Ve/RBzV8I9++uvY3n1Q+a6urlq4umpje+8BRoG6cUevZUVk6UwtK5Y0iWy7ShTCABCZgMlsU4S38mRCgFI2kAB4n2FbdDKAUGitkGWjyZwwit4iiTEbhMiKSTGA85bL3XiHjRnl3I3mgNwNKhmgypWw8a1YJbjLOhEVy4ptG7SNQ7dzYCkl8K7AaZRjYRSDUoZUJHkrFBEMTAE6lD6HdSKMa1lp1BsI9yOcnp7i4OAAnW4XT548udNqakoIPnr6NA8gTZMEW9tbcxMI3STB5eUltjY351LnekilcHh4iDAMbkVpMguS7g22tz/q+3mapbi5vkajOZs1ZRSCIATnAdrtNhi7rihKy2CMgxCdqznsz+z9gXtJkqEGlATQxoU3punYqpd5wTmvJBePkzgzziCVHTB4eXaWpndqcK2UglKqsJ3kXfIi77cGqgGii75ZDlyJc4NV/pYGHf44FhMmAJie5NBGQ6RF5kZObrynK0S3DU9y3K+kO++zk5gC1Qo2IRWkkK4taP5rwgb3lla8e77/zs0NGKVzpXl3kwTdbhcrzdrUUvNJQIhtT/IErFICjI1XXvGAQQq/AjieqL7H7YNSCp1XxsqhBIeUKifmfJAkIcReF1OESXrigDMGHvC57JVJ0sXp6yNorXF+doLLVqvy70ZNWanas4+MWdKCEILO9SVevXie/87VVRtvjl5ha2cPjFJoSu3KlBld5Zp/fs5yFSaldiX27OQYRy8PIEQGzgPUGg08+egTOyExFJRolB33V5dWpZWkXbQuznveafoWk9yyMmCiNu3zmBKKKLLtKlI5YjPN8u3mFhYlkRl9a4GY7wJCeiWsLghzIQZade7OZx5+vliSprCmXFzeoNu9A7kbz54hCBnWB+RuQBkQUTxbg2AxTWLDQCl1JGGhhApDm/vDg6BfwbOAIgAf7AsMblIZBR4EoJwjS5IiMFYz0JRYNUcpgHSWIY9vWQFKlpWLC5yenODG5XIsNfstDHcJ29vbaDSbePbsGY5eHWF9fX1mK5ZUCufn56jXa3jwYDThPClevXqFNMvujComSTpY39gYOEeNwggbm1totc7BeTjzIvYwEEJQqzWQZgk6N9dDn8GFmkNV9rMyCpfhNWhqb2xK25aNRaT0D995twLoBtSTeLg5DyqDJ29d8a9/V4PrPE/D9V6XU5T9IMD/GbidANG3kbMxDTjnVlacrx4B05Acntww0KWHyz25MQ7f9cwND39fAOzE3QYTq/wazDIB6ZRWXiI+6zVSVW+wPllpp9PB6pxsfMtN9JqN5uwx/2PAGYcqqzhGVI323m+Usm0ThDKE9+fgO0WuxvEW0CHHkXMGJYmdYBMye9sSsSuPlFlbhtbKTs4nWYF019za+qZdMc3SnGQbE7U32a4RT2h4AqKoiv3qi/+Eq6t25ff/9ou/wceffoZaowlmWL6LUhHA1Xj2fixCKXhQJTe+/buv8HdffYFXB8+RiSLAkRCCjc1tfPbDX8P3f/RjBEG4kNrZUcgtK1nvRG36lhXArq4plQAoQgLCKMxVtQAc8ZHdumL0bcCHzfrPBmCoVed9QZp08z93uncod6PbxdajZt4YVAYVxffPKF94iP0gEGLHnYOUUGVwzmfO3qi8X+k+74RGCAAAIABJREFUPSoweRgoIYhrNWQZhfD3HUNBMgrKFXRQjIsGtaoAk1nzcsvK2hqiKMTJ8Qm++tWv3gvLSqNexz9yLSsnJyfodrvY3NqaurDi4uICSinsP1yMnev07AwXFxdYXVm5E+UZtigixNLScGVKvd5AXKvj4vwU3e4N4ri+cHVTwAJwHiJNU2Quh3EQeuf/HChOakMATkNobSfjIktvleAAvIpDVVYWRjGyvStDnFsp9bsKurN5GgJaF4oNC+L2w+TZIYBlZ2fxwI7eBw0lBZTqITbgGN13SAgEAQfE9CRHny0FlhxaVFXuPT5saK2htc6vO0teUNfIZG1iZaLDK69mrbxU5faUHutLp9OBNgarc9pT2q0W4iioDLIXDUJQsQ6OCoA2pmisyNIMSTdFXIuAIYMybVx1KSO3an+8R/9x1EqA0cHHkfEA0snU7SLB/Iqm1sU5fvbn/w9eHT4f+7uMMmzu7OJ3/uCfYWNr9MB4kt3Ka2YJAYHPxLDnHGP2+iaU4NXLZ/jir3/e9/qTk9f4xc//P/z27/9R3ixGGQGRGkZraG2rZOEaTggl+XY9ufH3X3+Jf/9//5/oulDQMowxOD15g9OTN7g4P8Pv/ME/Aw/CCSczsx8YSgjCqN+yMmvLCqEkr9e18mHqiA9dCST1QeoB71/xvsvwu+rtxuWd5zzICY8sE1BawYi79hlt+OwgpElP7sb5e5C7kRW5GwAQ3nJOYC96lVBlljOMwpEKr2lQXmSZh/gMwwiMMqRZkt9biGSgCpbkGPAInnZiWm5ZiR7FOD09wcHBQR5Aetu1rPPi6dOnWFpewouDF3hxcDBVAOnl1RW63S4ePHiAWm26atRB6CYJDg8PUavVsLy8eMvHtFBaQSuB7e3x9wRKCDY2ttDp3KDVugDnwcLVHIBTxhHXFDaBY6PviUY5h85c57lRYwmHRYBzDlFSYVA3GZkUdrUqyxtVFjFAGwdj7L765OLePI3yYEEpu+oTBMFCFSY2Z0PkCpi3mbMxDSokh1tRHEdyUEJdDWVxg9dKL4Qhv8eHD39NAG5lhVRVXz47QmtZUVtlmUCm9VQhvForKFO8Xx/B0e0gCsO5pJtX19dIswzrK0sLzw7pBePMWgfdtTqsarSwodnJTJKmVtZv7ATQD9QqocrGQGkCSpSr3rszs4EPDv44AvYZxPiw48igFMmVhtbSMt851rm+Qrt1XlE2DYOEwJvXh7i6uhxLcIyCtdZQUF00lxBCwWgRKOpzLr75+kv8h5/9RU5ARM7Hn6R2VfurX/41jAF++hu/iUZzGVRTUKodcWryc9m41EnbLGOzR14fvsDP/+LPK+TG7t4+oriGpNvB+dmJzXIA8Ktf/kfEtRp+83f/KYAix+I2UWlZcdf4LC0rURi5APHA2VMC1wDHwJidCFbUHFojCMP36prXxgame1UupSxXxIJzt8JpfzfLBLIsvfMhq1JkkKrI3Ti7eA9yNxSt5G5EUe2dLHaVq2T9yNT/tzxWnQfTNqmMAuMcNdZElnZzCy0xDCxjMKGAYnpoqwrQXx07LHwUAGJsYHdnF+fhBc5OT/Mq2aWlpdl2/i1hY30DK8srOHjxAmenp+h2OmPVHFmWodVqYXV1FVub0+VADcPhy5fWxnxHcjfS7g02t3b7ft7tdqC0QrPRf1zfhprDN8X5RcxBzWMevDc1N6HniNgylCpUHLdNcDDGrIrDy2mlBJ2C/bEDNFrKu5C3KpEuMi5QsaMwzsFZ/5c9iwR08n2oJt4zVx9318YQQcBBJEqp1MA4kiMsDaC8Oge4z5e4x2j0qjeGtabYXAJmm1YcWVlWdfAJLyJZVm/QAOXhgjYanU537l70drsFSgiazdtP1KYuLNFPtkbdj/21eH5+jtXVFdceUCjpLIlUTNrKOShZlrkwwsWFK9+jgD+ORWjs8MpYzgMXoGgnvnQOuxZglYprG5uIhnj5DQyUVDg/PwEAKDnZxH7UFIJSAkLss4/AhXvmpIbN3Li5auMXP/8ZvvrlL3LyJQgC/OQ3fgsA8Ozv/xbHx0cQIsMvf/FXOD56hX/827+Dx08/sZWuxtbIam2cgslODyixtlNjDH7xV3+JVstmZ0RhjF//7d/D93/0Y4RhBK0Ujl+/wl/8+b/F8etDAMAvf/H/4/HTj7HzYD8nPib7xLOjPFGrtqwk4EE48cqrf0YzViWRCbHZBbKnXjZL04Uv9NwmpLsmwjAAIRRBUM1LC4IQhLjP6MYpvpb8Lo5TtFZIe3I3kuRu5G7wYFjuBkCyYg4S8PDW5ySj4KtkPZIkyecuSdIFY2zu1etpm1RGbwuI4hqooMhKthqSBeBMQQUSIKNbVex+9JMdA1tW1tYQRxFOTk7w1VdfvReWFc45Pv7oIywvL+PFwQFeHBxgc2traGjo+cU5wjBYWCXsq6Mj3HQ62NzYAL8D98Y07WJ5ZbXv+S2ldK0pDN1OB+vrm/35QxU1x+1kcwDOymUMhBB5IHAv8jtwpQueBVDKBjvamtEM/JYbSjjnzltjJYGUDfd+D3x9UHjitFbQZr4B2rh9zQMMQ/uwZj2rxGUsktyw8s8sP1bvOmdjGsySyVEhOZzc1W/rHvcYhLJ6g02gBmOUgoUhiBuMZ5nIWeJJoMrhoj03+5sbu4o7rz2lddFCHIV5uPJtg3OOLA8bVeDcDGfJOcf29rYlivJ7sEaWFoOpnGyiDFoXrStaSaRagVMbTnmPxYJViCqFYMDEoJio0yKwWyrQaY6HcYptl0+x/+QjPHz8dKhsW0mBv/qLf5cTHIwx1FyafV+n/QTwNayUUjtu8DYVEKTdDl6/fomDb7/Fy+ff4vKyCC1dXl7Ff/Gb/wQ/+NFPQAjB00++j7/8s3+Dg+ffAACO3xziX//pv8Lew8d48tEn2H/yFCur65YoMkVGiOU5CM5P3+D1qxf59n/867+JX/vH/6UjRTRAKHYfPsLv/uEf41//6f+Bq6s2hMjw/Nu/x+7DR0jTBG8LfqKWuXrXastKOLJ5p4xROQh99bJuAcpoc+eud20MpBC5skwImY/xALtQNegeaD8jdWqOIM920gbvMIto8L06S4p7cqdjczf2HtyN3I3tx0tDcjeKexYjbOGVsPPCryZ7LELJMWuTyigEQQTGONKkWzRSKAamCVQgBlpWyvBzRH8N9P4dKFpW6vU69h89wsnJMQ4ODnDt1Bx3YfI+CpsbG1h2lpXTkxN0HOlQJrTOLy6QZQIfPX26kM/Tvmzj5OQEzWYT9frtFntMAtt4GQzM3Tg/O0UYxnZBRGZ48/oQy6trE6k5anF9dinSMNjVjIH3Za11v0UFALr0rKLiyEQGxsNbVQVQJ/HMV5tGeL97YYyBKVlF7AqiuNXaWE/I+Ik6pXzsDWIeWKJJ5DfSnNggZCh7dRcxSyZHTnL4SmB3578nOe7RC21MJQxumgyhXJVlzMSvU85fDvgww+rrut0uarUaanP4hS9aLSit0ajHb02W27f6L8VYkptRCkUZwrC4PxXEBnUTB2qJECUr0m7pusw553Zl2SlA7jJh+z6AUQpJSKGOLPlWldYwSlYIQR+G7W0q07SoELcKaJ9RVkEx7LnEohi1euFbjuMamo2mrU+d0YLlCQ5CCdoX53hzdIijwxc4eX2Eq8t2JegTALa39/Ab/+QP8OjpxznJs7a+gX/6z/8b/Pwv/x3+9le/hJR2LPHi+Tc4fPEMjXoD65vb2Nt/jN0HD7HzYN8tfRoQAhwdvkTqSL5mcxnf+8GPbMOSUNBG58Hq27sP8fijT/HF39gMkFeHLyCF6CM4ujc3uL5sIYhqOD1+MzTfZh6EAYfqa1nJYMz8K9GAI9mMDS/O6yvvYMe7H1/ZTBKbXxO4+xfn4ch7L2MUlEYQWUFyaK0g5dsep/jvtX9SnKUJlHFWcCFxetHC8srKwgISZ0GRu1FHGPd/TzTjIO8wd2MiEAoQg/OzC6xvrMG4IOJ5VInzNKmMAqUMtXoTaZIUNiVDwbIIJlTQTI58/TAFR9m6kreslCwr52dnuWXlLuRLjEIYhPjkk0+wvLKCg4MDHJTUHJ1OB9fX19jZ2VnI55BS4vDw1Z2phB2Vu9FqncPA5IskAQ8R8BBXl5cTqjkWn81htHZtb9VrzZd+VO4oFRUHD6G1yIPkhEhvPbG4ShoEkFKNXUUoau6qigaC25sIaGOgXFuKf2BLmYGxxd98tbGTASmrORvEGFfH9/5N8mfK5HAseT54uN3Q+Xu8p5BS5izxJOqNyutgkKWZ9fJPOKIoN7UQWl0dF0IgSRLs7e1NtvND0G61wBidu699WnDGkOkiiI6NUHF4MM6hs8LqM6gtilEKRkNQpqGEKGxBaQYhhL3WjcknGvdE5nxgjFWaxoyxqqPyymDx3LSZVmxKcoOWgnm9Rcz/m92uW2kBQF1Q+M3Vdb6N5vIy6g2bUTPPqhhx7/mLn/8MX3/xi4Grn1vbu/js8x/j089+iLheh9Ym/34YpajVG/j9/+pP8PFnP8CXf/0fcfD8Gzf5Vbi6vsTV9SWeP/t7bG7t4I/+5L/F+saWKxMhODt+nb/P5vYullZWoJWG0hpKyrzNhRCK/SdPc4Lj8uIcnc41RFa1qFycn+Iv/uzfAgC6nRs77rgFDLKszNOyUoZS9rNrbb+HMAjvnEVFuP3rXUQBnPV4AjULIaRCK+RZHW8d/ee8FAJClnI3WteglN6h3I3+uQVVFKScuxHGdy6c2mbx2Guy2WzkcxdtDNhcBEeJSLgFm1oUx2CSIU2LJh2SMVAGmEDCTLDr5X0cNC4oW1ZqcYzjkxN8/fXXePT4MXbvuGUFALY2N3PLildzKKXQbDQWtv+Hh4cQQtwZC0/SucHW9oDcjc4NOjedXGVZRhzXIcQ7UHNYyejAZ0leGND7D/5ETcgZQrYMJe1qhJSZ8xveHvNuZeEs92wrKcY+WCgjgCzIDftQCXAbCwS9waJAeYWSDA3jmwWW2FCVCVSWZi7Q7G7mbEyDPJMjr6QEhpEcdhXNfg9ZmoEx/t5Vst3j9qG9DNyhN+xzFMoZAJMOSo1BJayt157S6Xh7yvCKrXGQUqJ9eYlmvQb2ln3HlFJQQioZDuO+G6visPdANqYGm1EKFkVQUtncpFIgoYdUKg+Sel9UancNvZWxvjGlnL3grR2zTDwJtdWwlnBnpecSgXOJVGEM2hdnePPqZf6j1fVNEJdhMcuDjRD7P20MoA0++8HnOHl9iHbrApRQNJeWsLm9h4dPnuDJR58iims2pFvpyj1DaQMDDUopHu4/xYP9J3h9+AIvnn2Lo1cv0L64cFklwEeffh8bm9uV1/fa4/yk11fLEuNXO03lfqG1hpKqr3622+3gm7/71dTfxywYZlmxROPklpUylNZ5VeXV1TUCzt33sXi18qzQ2jZo5XW3zg4bRiEIpQNtXYMghIAxOm/YuCvErDYaWVZMZO9S7kYQDs7dIBogWfH9BTy8dZv8tNDG5LZ6AJV2M6M1MMfzKlc4EWK3dQvgPLAqzSSB0nZ8TRQD0RQ6EDBscmJlWL2sJzlqtRoePdrHyfEJXhwc4Ob62lpW7sg1MgxRGOLTTz/F8fExDl5Y6+H3vve9hWz7+OQErXYba2trd6ISNkk6WFkdkrtxcYZ6fXhIfhDYnI23qeYwRg9c4PcV8yCkn+Aoy44oC6CVyCVX1mN4uzfEgHOkqawMqkcNuiihYNzJH+0HWDi5YVe8ZGV12K86UkrHDuSngTbaVlaWiQ1vR/E1dHdlZDAnihaG4SRHOdD1nty4RxnaoHKte5LC5uLQia9JKRUM7MB0GvWGKq2IEcJASA/B0e1iaWlpLqtcq90GADQbtXcyIeCcI3MhqpNWcE97P2ScgXFWCSQswwf32UDS95vYfRcgPZWx5bYtq9aYN1C0yL6glKBzfYWrqza6nS5EZgP4siyDyFJkme2x71xf4ezsON/G+vpGeYuV7SeujYQQoNu5xjCUg/i2dnbxk9/4bVxdttBoNLGytoHllVXU6nUQQosBOYbbaAzsWGhv/zE2trbxydXnuLw4x/XVJdIkwSef/aBvYF++d6RpAq21I1+IDTt1WSGEEHQ7N/nv+mvgLpzbFctKmRQzrH+SObyJFICtJwaKKu4wjCx5kkrbqPKOSUtjbOUggLwlhRA/WXVhkmM+IwBXM16M2YJ31hA1wJrS7eY/vekkdyp3Y+tRc2DuhiU33DyE0DuXu2FMES5ePK+IGz9QzFPnDBS5fV6xfFuEICUUca2OLEtzIhKGgGYhTKCg+WjLiseohe+8ZUVvYGdnB2EU4ez01FXJPsbK8uwLQG8L29vbWF5ZQZomc9mNPTqdDo6OjlCv1+Zq11sUrLUuHJm7Mck5PYuaY5amFctT0L7nhzEGSqtc6TVytJrQM4R8BUpYX6gQae6jvi14j6pfCZFCju+6ZRxKqlLN3fh+3EkhpYSSEsYtEd0WsWHfS0AKmZ9HfiXgP7P3Zk2SXOeV4LmLu0dE7mutWQuAAgiQICW2RLVENlutNnXbtI3N07z0b+ix+Q3zd8ZszMZsHtq6RzacHrZGYo9EkRIJAgRQQFVWZVXlHrlFhN91Hu69vsSS4bHkAlQeM5BZmRHhS7hfv/d85zvn20ZsFFEyHu1qVykpN4QEvSE3blCAVgrKuuo+CHETzAI5W/lz9OjeG0C5PaVbLZIK125x53av3G8UNA8PEUcMjSnkrI8DSikoUGgbHE5yjDsmcs59opby24lK6QRhYcS/QSkM1wVZ9K+QLvGD8emfQ19t/PnP/jNev3gO0ZMIMhjzi8X+4/IirXmwj503rwAAeztvBki2SaFgSsCjBE++871zdtW3zlQ8BXFSx0pSx8pqr5Q4mJkCbvIWcNw8ROv0BI3ZOZfwAlbwJSHYfZO3s9TrM5kJYBFLSyv4+Ic/AuAmms+ffoGTkyYuGj0tK9YCSQxtRktZiaIEgDMJ55yjXncFskB6XXXBQioX9+nmdSRLSSFEgVCaT7wHW1vAWOOiZJEXYa7L+CREmkWYK6mwd3B0rXw3knr5OW2tBVMRiC20ptSu5tl3HqSSzoA2iQELxEkyNbIub6ujAJx6w8IGPdyFII4TMMqQinZO2koGqgAbK9gxD61YMA9qjqXFRdRqNezs7ODz33+Oe/fv4+6EbbyXgVqSTE3x9HJrC4wxLC1dHckYoI2GMRLrK8N9N6rgctQcg1pTVImf6PtkKak4KIchDDYMkkJcOJvKmFNkVJ1UE2+0GWLfpkFwKKWgtXbPswKxQYhrgWFsmsSGyvYdpIvYKPQ2f1uReXLospIjSI1c6xG7QkfyG1xHZBVpX90HQhWuunpDa5PLioHKnjaun7zov9GdnnIGQggWJkhP6aQpzlotLM7NjNRuM20wzmC8OqaqimNcuLE8AqEsa5lwJIf7e0hh0FqDR/GFtCJ+G+FMYzk4p1MvUASDTuufWXNz83hZkFUTEFDmfCcooTAwpWjlpeUVrN26XVg8lr/Up198imdffQ6gID/tQliHvtl6iadffIq0k/Z93QhH1XdfusE4w8zMLP74z34KAHj85AP89h//HlJKHB838bvf/Bp/9Kf/AlHE3bwKBIQSvHn1Al9/+fvscx48fhf1RgNClE1GZ+bm8e4HHyGKOHZ3tvH86RcTHld1TCtlJZAc7ucYUuaxsdpoWGGy5JLLhAq+G1lKSt6CPcoYp6XzgBNCupaWK01OyRkYrVRelYfz3eCMXQvfjcZ80td3gxgKovLrKr6GvhtS9l43056jd5sNW2MwNafRAWCco85mIdIOlA5efwwkpUCsoNl4rTLF9WRIWanXatjYuI+93T1svXyZGZBGl5QSd5XY2tpy6qW1takWyMdFp3Xmnr9dOM93owouSs1hjPFWFrbr967FM7R32UEpKkDOIrbJHhK+CC3dxEIq4R5GFzjoEOJuttwYbXjvN/evDyZR45Ic2k+ew61cJDYYq2Y2VRV5+0VX5Csh/hxf/cV/WYgiJz1XupiuctOWcoP+CGNDmCibgjx4FK+KYsQrY9XbHzJCEgAlUU9OfbvVwuLi4kST9qOmq9TOzlyNhNGlAOgsJaZq2+A0EB78hBBEkTMkVUVDUiGdudslpcp8G3BxBHFOcAAW67fvoHl4gLTTRlKrY2Z2Do2ZWSRJDWnawc7rLWy/3oLy9+yjdz9AY2Ye9pyEkEHERhGEELx49hRPf//J+ARHhXaEIhh3qQTf/+EfI05qWF2/jbsbj/D8K0dEfPqbXyOOE3z4/T9AHCewxmBn+w1+8fOfoeXbbRr1GTx89wmstUi6ikdJrY4kSWCtxfwVSbnPbVmp2DseRQlWVlezNqZAcgC+BS1NEV2iMssY41TCfmzjg9S4Q3gupSS0yQny6Jp4ChhrkRZ9N45O0el08N57712Z74Y2JvPdWFrrVWUQC1CZX0+cxVNNXBgFJpCRXd+71rrkwRdUh8NgrYWF8+GxxgLEeQhwxgcu6DIvKkLce7o249qi9FTJQUIIklodVFIIEcZQAogIlGmYuFrLSvHzuv+dpayYFayvryNOEuzt7vqWlYdYXLj+LSvj4rDZxN7+Phbm56fS6jIpzk6PsLS8giTu77tRr0829xxdzXEAzgff91kISp+xWmtdmof3pKgMglNxcFgfMSWFuHDZmIvp0oUH6vDKYVHFodTw1pZ+MBa59AwAQL2T/2UQG9745y0iNorIPDk8yRF6xG/IjRt0o7jgKXo2EDKCesOnPYT7b6SqXYHgIF1jQ7vdhjZm4gd1s9lELY4Q1y53Qho8gLpJXsA/WMaYTDlDR+XSNsYgJRilsJRC6fz7UlojIvRa+Ba81fCukYHkuPfgMR6+8yQzsStCCIG/+S9/ha2XzwEAszPz+OCj73mfr/6XVr1ex9ycU0IZa3B2eop2+6z3hXD3v9EWZtw41REDC4gmpcUFIRQfffwH2Hm9hXa7hXb7DL/46/8bX3/5e8zMziHttLG/t4NOJ198Pn7yAW7dueek7hfscTYuSi0r3uwcMaA6rv2kyj2dk5YUcZzknjuhtdiYSyM4lHTzizhx8a9Dx36LHpJD+yjCgKtV25Z3TnTyVoNWq4Pj41PcuXsHS1cYRTnMd4MKnt1/V+m7YS0g0xQgrmWpmA4lVe7XwhgDP6eYYq1FmqbeUbf/aygpGzsHIgSA8+vxvzddA5PzjnHPQSlEaT+ngShyLSsizVuciGagHQIby6m2rCwuLGQtK198/jnu3buHu3fvTutQrg2EFNja2kKtVsPCNSBxWq1TrK7f6Ut4Bt+NaYWK1GoNSDW5msNap/brhiuWkGwCoZWCsXZwior7sFzFUYuWoIS7uYvS7ItEd7xdZRWH79keR07NOHN+EL5a6aoK0xk43ANdI/TVZcQG8NYpNgah6MnxtpEbSuuJIhLfFhjjHvfBCC6KYyjvYD8uSRHM5SptX6t8AUUIKC1v86x1hiiKJspJP2u10ElTLM43IDotN+G44OqgsRYyTZ3fEMrEBmcMlPORyQljDYxSebqEH5PPmxgOAmEMpCANdkq9i22ZucFwOGMvC6oNCCFO0mrdWsVo4401HTn28vlTfP3FZ9l73/3gQywsrcL4dtB+E6qH77yPP/nJn4PzCG9eb+Fv/8tf9RAcbqpi8f0/+hHuPXgEITs9nzMcI8o3ADAWoVarI05qmYLl4TtP8M9/+hf4f3/2VxAyBWCx/War571RFOPd9z/En/zkXwEgbmFzjdm6npaVVCBK4rFTVkIRy1p/jYDAWHvhrSpCFvwT/PNjHEiR+24En7TLR685iBB5KoYUCrvXxHfjYH+/x3cjrDGY4oAptKYktSu5FRxxINwz0FoIKcEZA2M8IxTiOAIBGaoukVLA5UfnbefFg4rjCNYaSKlhTK6AK+0MIT2pFoDzAAmt88GEm0/5GqSMI2lwyLTttgeAWAqSJrCRguHDVXXd6F5fBpKjliTYuH8fu3t72NrawlnLtaxMYtB+3bC19QrGGCxN0LY8VVjdl9w4a51CKnluaso4iHiMiI/vzRHMQ7vnoMYYGG2yYor16jzOWDUFB+BSAuBvemvtVCNRB2EaKo5Rb3jqY1iDDE0pCcYmq6pobaCUzCS4RWKDcVa57/9tQfDkeJvIDa11VlW6WbCdD6VUQVrMsrjRUVRbxnarN6pPzkvmoqS8UDfWoNVy/ZWToHl46BaLSQxtNHTaQqQj8Lh2YQsASgioH3OD6R7j7FwZ7SAYa7J2v4Cip5JSBlE0mhkfoxSGEmjtfXm895JbJN3cN1cFa62L2lT+Z00Q8mFDqgAhFHs7b/Cr/+9vM/PR2dl5vP/dj2GtgdYGIOjb+rqydgu1uouSvHX77gByzMm/oyjGnXsbXgJu/SJj2iBObeknXkUPEjcsGbz/4cfgPMIXn36CrRfPevZjZXUd3/neH+D9j74HHkXZ4mZaFbOLRLFlRUqJKIoGp6ycA2NN3pbkFV5aK98KzGExfbLDGANbiIQFLJQS4Dwe6dy779NkbQRXO/Z0+27k19rB0TXw3Tg5webmJupz8QDfDQKiCpGwfcx2LwvSV34zEj0VLqrcJ0kGUmxYa1bwdwnXByEEJBQwCc1aaotzibA9/4aBZGe3d0yxoGusM4Sc5m0TJXVQypAW/IGI5GCawMQKdoRtFVOnikoOwLesrK0hiWPs7u7i7My1rFwbQmACbG9v4/j4GMvLy9fCZ6TTaWFxaaXv32Yas5BCoHV2hlp99ISTYRjHmyOKY9gBCj+tdUkcoLUGgfPGOXcUKR5Yh+yDYwYW7oY0SoNGF6844DxnTqsSHFmiypgqDs459AhRtYOgtYHWEsaUiQ1Yi4jzC6/IfpPxtpEb0kcQK6X8RP3tOf5RYKwttZAVJ0Kj3OemGCvNRkgosoAs+HbQLmKk1XLS80nbUw6bTSQ1XprkSCWhtAIakGzvAAAgAElEQVTn8YVJ2V2KSa5gc8qW6g+4QcQGAFBKsp/jOIKUAsa4NKoqZLk2pvS5xZhppyIwiDi/UcJdAYw2UBYg2kJTF4nqyHsn2z/c38N//b/+M/Z2t7P3vPPkA6ysrkMr7eJUhzjGWouelpfSPhjrY1kdqWKtwf7O9oDUlfFBKUOS1LC4vAKjDbR/vjsTUcB4c9x3nnwHj997H7vbb7C1+Qxaa0RRhMbsHB48egdJre5bt9ziaZrG5ReNrGVFyWx+ZgFo3UHk2z6GgRKKKE6gfTR0bq7u3iuFAKHUF630VDxkKHWtD1LJbDEZJzGsEYiHeVP4y0gpnY2RwFVGwpZhr6vvxvPn4BHD8q0+ZoUWYCXfjejK2rQccaAz4oBSVvKJCT9H0fnpiaGgGeAUi+Vrt6NV3urVBerkbs6cuWtMNNbmaki4lvbiPgshIUUKHsc91+Q4UbPh5SyKUWcMIu3kHiTGG5BGEpZVG2MHzSWstZkB6cLCApJaDbu7u/jyiy9w9+5d3Lt3b7Qdv0Y4OT3Fm+1tzM7MYHZmPMPOacIV7Tlm+hALAYuLy0jiBIeH+4iSOviUCcdRvTn293eR1BK0W63Sa7L5oL+ujNbQxiD2Y/JIe00pRfg8YzSAi2eiGGPOkyFTccih8mbOOaRyDy9X1a1uHgh4k1PGCyqO0fw8tDHQqpfYID6GctT9ucG3Fxm5ARRijt2/b0iOXnT3PI/DLhtruiYJo6g3ZKYeIYQ6ZVsBrVYLtVoNjUZj5P0KODo+gtYas3MMOk7BdARoN6FyVenULwpqU690UUIykgNwbTyswoTzfGKDZv3pWmtnVlggOrQWfSeB3dAhitGnKlFKM3IjmM2GRB3O2bVYdLwtIL7iSBnx3zd1zzpKcdQ8wH/92X8qtWk8ePge/vBHf+bTiAyMtd0eeiPBWjeWGmMducIopBD45B9/ia++/HzyAyxgdW0dP/7zvwTgFxzKtVkYJ0IBZRTWOMksYxTrt+/i1p17Wf+5tUH1Yt2iSjty55tEcABurHBx7grauPs6jqIRW1ZsNk8CkF0zQkqniNEawo8pqTVTIRMIcftukPs38bjaXNZFwgo3f/MeYdcmEjbtZBXys7Pr5bux/mCurx80VxGCBIAQcmW+Gyb4qRRSdFxMee4T435/vhFuUTUmhBzYuuS8rCgI4O5736I17NJW/rNDWpz7bA6pJHShPV8I4YqohX0NbSbjKDwIAFCGWn0GIu1k6ytiCYiIYbmGiUa3LigqOookR2hZ2dndxatXr3B6doZHjx4hGbOd7KpgrMXzZ89gjbnS+7AIkbZx6/Zwj5N6YwZRHGN/fw9C6wshHquqOaIoxs72a7SRExxBOZolGFrr1+o0U8kMfaLmmcyAZKfZz6aCq/m0UPQlCBPaQRAizW6+sBDploFVQVhcilR4Ce3w49XGQIoUUqSZ/F2kwj0IKUNSq4HzG3LjBg7dplWEUDfhIgRaq7Gu228zjDcFzSosYyqgtD+vYQIyyoS5WJkhXd4bUil0Op3JzUUPm2CMIKlzWGqhYwkTC1iSLwSMNeh0Wkg7bU82Tw9hUiSEzBagg+ASBFJnRhZinVPhSQiKOIocm+4rXoy56ndxG04mLpGm6cBtuTSXckuRtf67DJ4hSYw4jnykpbi5fy4RxJMarg+cgUccjFGcnhzhr3/2V3i99SJ77f0Hj/GTv/g3SGoNr3J0CoZJhBaBMDDGZPMDrd39aH0rxLT+29/dycZta63r+VWO4FNKQUmVVfldb30gXwyM1tn9ao1x++wNVr+p4JwjYs4gMjMAVmJoe5C1Nvex8C1nEefOIM4Ydz97AsKpLAyEENn4PS6yKni2mK2mIAOc7wYhyMa3qy9CuAtHyjSL9lRSYe/wevluxLXe80QUBXQ+t0/i+pW0aFnr1ELB08IR5IHQ4IiTxKcoDve4CL4bQkgnkx9QjI3jGHHkPOYopaBkOLnh4mnz9pmi2WKUeRW4Y4C1voVM5e/VGkZriLRTIhWrIuxenNRQS8qtC0QxsJSDjPixxVaVgA7dz9pW1tfWsL6+juOjI3z6u9/h8PBw5P2+SlBCML+wACkltra20EknjS+fDEJ0MDe/0CMS6KTtvvvGeYRbt+4gjqKBxt6TIopi1BtzODk+xu7udt+1dr9xQZdaDT03AJR8W3jNrGQX0zBYWuj1s3osydM4cBVFlak4nLFc/4EjZOMG453AVg6KfToPvGByKqUcyNyGhIDihDrIH6mPlr2pJt6gCOMna+GhSghFFEeehUfWXgVcdX/v9UFRdcHGTONw92pBvTFC9c1YUzJYpl3qiSCfW5yAqdfGoHl0hMZ8lxEbAyyToIq5fuUgl9YSqi0R8Xhq1a8qKo4elVqhdzhUrQaNeYS4OEXmJe6lthWRwmYqt+LDqxDnS914KqWCLdw/lJLMP0QI6XqnjTOeLbatSKW8r8jk5+oGTrEQcUdsMMZAvefG9puX+NV/+xu83Pwqe+29ew/xk7/4N5ibX3DeMkpDa4U8L2B89Jj0geDuxkMsr07mh2Mt8Prlc+zv7RS20/WaArFijIHW7h4ihEApgf/4v/+vLuoRrnr73/+P/9735PcjJ+2An68vKGOIQ8pKdj8DxqSIBqSsKOnITSEkiLXgceyMjgvjs2spyUkOISSk1tATeA1I0a8KPhzBRy0jWa9BLz3giLw80hM4aDrfjUePHl3ZPgXfjcZ8f98NaIDKwgL9Eky0B0EqmT1HANLjkUAJ7Wv02Y3Md8O3WkVxPLVnjBtTCupV3tsG5trGCKQQmaJRa+XVZe45He4hISUYZWMTdIxz1NgsRKcDbfyz2TBQQZ0BKRuDQPEqjqB0Cwak8/PzSHzKypdffok7d+9cKXE3Kh5sbGBudhbPNzfx8sULrKyuXomviDYuFnt+vnfbB/v7sMZgfmEBc3O9Bbql5RXEZydoHh4iqTUuRLVWJWklwF0nJlNvlFpTCnO9Sld38YFuiQGxITZJXZoZEOMRjH8wKTk4bpCA4PjkCFIq1OszIJS4hZFfLBLA9foSBkrg+3X7f1nDTE77EhtBlu2Nsoa0Fd/gLYQxBkLmLtgAzSaBNIoBCEdyeIMrWIBfeaXoahGqn2GyS8Y0OFa6oN4gZCS/hlI0LGE9+9BqtzA7OzuRjLLZdBWKpMH8dsqu44ZrEK5BBAfRRfmpgNIScZSMZPQ3CIwxaFUklQ0YowPb71yazGitIZQW4yJzz6NuE1InrS1UxSIO48feYhWWMQrKDLTMJcUZ8eJhrHWtNFmay9t9X00DBBTU+04wxtBqneKTX/8Sn/72V2i3c0+Au/ce4Cf/+t9iYXHZ96lr911rAz6t9gxv9GmMRWNmFn/4x3/a8/eRVh3Wot1ugVGaERwV3tTzT5kK7O+796/futs3djRg/dZdHO7tIanXsbp2q/q+XgGKGR7Ep6xIqUoFqX4tK6GtJfOx8J4Boot8iOME2hhY779T8hqQooe8HAYpfZWvTxX8PIRI2PDNRucQuJcHn/SR5uaPh0enaHvfjauS82tj8OzZM0Qxw9J6uVUzrCW4zAkDRvnV+W54VUPmrxGPZjYboLXu8d2YlhdUt8KEeZVcP9Asgjn3DCl6zQSFR0Z+YDSisDhsUUJQq9chBIWUnmCzBEREoGO2rAxKWUniOGtZef3qdWZAelXeMqNiaWkJc3NzeP78Ofb39lxc8toaokucf4hOG8ur6z2/bzYPwFmEqB7j9PQUQgisrPQWBWZm5hDFCQ72dmE0Hzt96jz0JK2srPX1u9Fa5fPv0JpCaQ85yQHnXltVxQFqs6KD8VGelwFGKTSlJeNPynsP/Kx15hmo/pUPIaSTg1oNg7xaOQiDTE7DpDxsp9Rvfi0efje4jjDWlpQbAEGclCtcUSA5PNuujAbU263k0DpfULtFsITWOlvYVoG1Flr1mlRWhZJFc9HyQCqEa8tYX+99gIyCZvMIUUwRJYOPyQKwsQIxClTm8XrOZK4DJSXiJOlRmIwCNy7yrGqktYQLr+kiNgBPbIxP5nLOQRmDUjozXgsmpFrTkpw2fGfhewwLoXANMEphGAVU7mAfkh4opaXvX3nPEMb5TTzzBCDE/Y8rHABbm8/wxWeflMiN+w8e48d//pdYXF7x5IZv5dCh9WOK/hOFgozxbaOTfFTr7AytVnV5brfAwwK5MR/ye6j8HkfMUErw/R/+MR69+wQAsLy6li0KGeOYX1zE2dkxOIsqVZUvC8WAXSe7J5nXjhuvBaxliKLYkwVdiizvp1NMsAjkA6MUyMxGnbKx6DVQlah07XbF8b+aGaprpcnHkkDmXQekaTuLLA++G3fv3r1y341Op4P1B7N9jYO57PLdqF2R74ZfGBVX99YYYERiwobPQd66NM25mlRFUo4M9SAk3huHUOXnAnlRyBGQokR+CGOy52MVdHOzcZyAM4ZO2s49NRQD1QQ2lhh3aC/6chBCspSVWpJgd28Pn/7ud3j46CGWl5bH28Alg3OOd9991xEdm5t48eIFVldXMT83WKkwLQghUG80egihVKRonZ2h7iNha7UGpHAqiqWVtZ6Y3jiKcfvOPezv76LTaaFWG99r7jzUag20zo5hje65H61PTAv3rfIR8/3SabK7sGj2UkT4d/i7ZTqrHGqpcZkqPc65q3zD9V73k6kvLy9n+2t8f6yTaDnpU3h4Am4wGlYJZr5Npaji0ErDoivylRLfy3lDbNygP4y1kGnaRW70n2RFUQxrRd6u4mW7byvJEfme/lDpB0KOvEYFKyEAwXHZKQEoMFKFxWiVTSQJIaBd/htnvj1lYWF86WEqBE5PTzG71H9Q7R6bLQV0okC1AZE8mzRqq9HutBDxGDxOxh6TGC+3BgJlYoNRBjal9jtKCOKIwzDqFkalqlM+cWSMORWGyfsvWdeEj1IGS03pvcIvTIzv2yxWglVB0XFdFi7fJATTTGssQIHZuYUszSSJa/jw+3+Ij//wj1BvzHSRGzpr25geHNFCCUHaaeO//fX/g5fPv0J5CT46Jus/HrJda2G92SYlBI3ZOTRm5wp/dksKHkV49/0P8e77HwIYnEhwHZClrPRpWQkEUOa74RVZTq0Y4r/7Pxc5d+1oUopyK5rFuSkr1iIrVLkqOK1sLq2CgiwVIJQM9FW4HBRStWSnr+/GVSZOlH03es8T1azkuxHHtbFaTaeB4PkiS+pBCWs0eFRdyVFqXbJ2KAExCrT37BlHYeLaMGmhJSv2KqugmpQjt6wUFVvFf1PGUa/PQYqiASkFSRPYWMGw8XzCiuvPYEA6Pz+Pmm9Zefr0Kc5ut3D37h2wPhHj1xHr6+uYm5/H5vPn2NneRserOS5qPHcekhJLS71qwObhAeJavfS7KI6hDcPu9hssLi31TVtZWVnDyckRjppN1Gdmp34Pd9otLC4t972X0k47m7sHZV+3oW5AdjXX7SraZG/gBrP+KOTVB20vz2gUcAsSiryKe17fLiEEzMctFeHaSiSUcg9TSklWIXSpCL2fVVZx5KZYgLvBbybGNxgG46tAtgK5ERDHMYS4ITkCKKXgUeTPia/ujaBSKCWwjNjyUzas7H1vq9XC4sLCREqApjfQqjVG2zfDDMCE8+eQ+XulEpBKII4TRNHo1d6iiqPoscF8K8pFPJApdf3OWdtKIUqvqJ4D/EKFsh4JI6MULE58C0Rvu0pQfRiDEtEhC4qO82IAb1CGta59TFFHLty5v4Ef/eRf4qR5hDsbG7i38chVz5WG0jojN4zOCcOLwv7OG5ycHGX/TuIxq8UFjmJ2bn7ENw85Pv8M0F7N0vt6C0pdIsuHH/9B6S/BWBXWXDu7DlpsWTF59DSAgu9GAmsBJXJC01XAB4+jjjxJHPHqSQ42LH2ikLbkquDV5NVZJKwfO/iYvh/ThtGy5Lux3zz5BvpuxFMlA8aBu5YYlBIl9aBOU0Q8AhtCggUVYDkyeDr7Zi0y0+1w70ghgDiu/HxilIImifMgLFy4nHMQ6siPcA9po2GFAa+QVNSPLibEGZBSykpxxURwMEZgEjW2mXLY9zYcyRHHMe7fv4/d/T28efMaOzvb2NjYwPraZAray0K9VsMHH3yAV69eZeajqysrE6XvDUKn08bSYq+i6+T4CNaiLzHEKENjZg7HR8cQqcDS8krPa+bmFhDHNRzs74JlJreTI3jI9CNWpI+4DVBKOaJyQLsMb8zMoHU2QnWCkcLV7WJa6CUyZ2ZCu3FCCLQuJMPInKhIBkjlguFecbLtiA12aS06N/jmwvgeyqLMcBi5EVAiOdI8GeJtJTmKREMw8av+Pl+F834RVWEtIHVBudBFjrQ7HWitsbg0mXFU8+gISY2B8sHHZLsmKkUYrkGoLrWtAC5ZSkmJOK6NbOQWVBwWriJ0WSlQeduKc39nzLX9dSfpdH8X5c9wi8JAaIdqlTuuyJkieiKluPAyUkITMtU+6m8zjDFQmoAQ7eTRnOD9D7+PMAXW2ngzUfdfkdy4aLTbeawcowz3H73jlZ/jX8Qr67exVJBFE5IXgEaBq784c9whrwQwwNw0/M7txEjbvyxEEQfVJFdm+f10vhuAkMpFtmYmj8Mnyu76KczjvIqjXwVaaw1drIJHUaXnhrEGSpWJXUppl43tVcAi7fLd6HTSa+m7UVSGF8kNRjjiccnGKYMSJ70XkKV2SDqk9dVdH12KxikWOgkB4sh7UmldIDlSWB5VngNmxd4uBPJDSVEqArj5ZlyJ5OgHHkWgjDoD0lAE1wy0TWBiVQqrGBWEEHTIPqy1qNtVrK2sYnF+AXv7+3j+/DmOj46x8eDBNyZO9u7du5idncXm5iZevXqFpaUlrKz0kgnjQhsNzjjqjZnS75VWODk5Qr1xfntMrd6AECm2t19hZWWth5BMksS1rOztIE3bSJL6gE+qBmemK7F+q9dEttNp+6AQr1T2LY1Jkgy+FgEgkBx1u4oOGezFkT0UqAG0u/nd5PBy1Qt5T9l4j5cw6BYlzGTIRJZz7rwTrL0xp7tBZRhroUrkRpjYVV84ZSSHd8Z+W0kOY215cTvC8ZfUGyOeN61lJp12Kq/yeNc6OwNjDAvz48fDtlotdDodzK0MfzCfR3LkbSsakDw3hLYGnbQFJiNfJa02ZgcVx1XEW7u2lQia0mx/ywQXH3ofEeKqtYQ6c9TMs8OP92EsL/b2A+W2lhtPpeFwUakIhhzg3LVVGC8h1VpDK5MRVFeBjUfv4l//d/9DJdKqTCb0++5tltg2DrlgfapbFE02d3LkCANCTG6FOPurQLFlxVibkQWZBD88GyuSD248cu1s51WgrfVjhrVZq52UAoQmQ8eOngjbiF8LkYxIO1m75Om1892Y6/HdIISACY6iGcNV+W4MQiDScxJseCtIv+vjIuCIdgIpZKFV3rXFTFo1L8a0CuGN7ysoOIaBUoZaYwYizVtWYCloGruUFT7ZOEUIydQcURThzu1bOGzWsL+3h+OTY2xsPMDa6upE27gszM/P47vf/S42Nzexs7Pj1Byrq1MhaUSng+XVXsLk8GAfvKKxbxwn0FphZ/sNFpeW0egiSwghWF27hePjJk5OTlCrN8ZuWem0z7DSR4XTbreglCq1LCmt3fztPA/N8MMoSg5DNagnOKRMKw0GkyKbb2TbGZ/cyEwJbR6dMyymLkx02U284A0qIrhfZ9JYC0RJMpb8/Ybk8MaSmeFe9ZhYpXLvjfNSkwa+XxaiYWmf9pR2GyvLkxldNY+cjL7WOH/fuj2RBqo5mAWYBFHUKTr8+KaNRLstEUUx4qhWaRi9qIlbVYTvS/vY11xmXn2/im0rfY3veJS14xRNDAnIDblRAdaTj8qbuBpDQeBaKLTRrv2iEKV6FUjTDtpnp6CU9b0GRgEhBHFSA+cM1lhoYmFJteOz1uJ3//QrrN++0+MfM9o+AEsra67NltBrf50WW1ac74ZX0Pr9ppSO9L0wRkFp7NvQ3O9CBTr0ZBPiW4wLxGgUDS8wKCn6RsJ2exBcNqRMswWjkgr7h80r9914U/Ld6B2TqaYl340krl0rZZxToOWeTm6eP8L14VutLhKUMkTJaDHMVRDUIQCy4u0o3805YVBuH/u1rEgOZih0JCeSQAU1R82sQEuBuUaMmQcb2Ns/wLOvv8bx8TEebGz0NZ+8biCE4OHDh5idm8Xm80282NzE6toaFhfGL5oZY8A4Q61LVRHIglEMQplXgTSbhxAixeJi73x3fn4RcZzgYH8fPI4QVWwDDBCig9m5OdSSMvmptHJJL9wZz7vfObVoPOS7LY1GjZkZ4AznJqpYawFuYFUeFytleuFyM1mQggHj3xfBYRhAdrJcxGG1qsENblAFztTMKzcyg6jxyI2At5nksBalHPhREkKK7xuV3LDW5jnvAEjXds9aZ7DWYmHCXPNms4lao/rCq6ok3nIDzQSo4iCqECsrhVsYTClW9jJQdLwf1wPkvN5+QojPVVfZxHXUlp63GdY6BYG0tlBBt5nJ9yhIajV00vZk5mVd98fum1f4u1/89fif5xFFEWZm5vDR9/8QPIpAKHE2GhWLkvt7O/i7v/35RHJ2ShmSJMGP/sW/wqN3ngThzJWi6uZzwtSCMgpjbCa/d5Gyo8nvXYFNQ6k8eUwqBW0suDctLkZsDjvvoY0q298+Cq7JLGvHgzEaQuStKc53g1+578aLzU3MLCR9fTeIISAi/y4jHl+r5023+awrZJ6/aFJKl0iBafpunIdBnjYiFYiiuHKaXEAxzSioNy6Cf+ZRBMqZa1kxfi6mKZiJYSIJyybbaGoOQU0gIA1ur6/i6KTu1BxHR9h48ACrU2z7uEisLK9kcbJ7u7vodNpYXV0by9tNiA4W+3hvHB8fjbleJ6jXZ5CmHexsv8HK6lrPWFqr1XHrzl3s7+1CiE7l7SjlikkLC737e7C3hzhJ8lQ8pWCNQVxB7dfzFGnMzKDTrhAZG2lABIJDgFdgxSdBt/SyCiEx9DMLk65JKzo3uEFAIDeKkXdRlIz8AOqHHpLjLTEeDYvb7haDYQjGfZmp3ajRsEFeCYAQ3pO61Gq1UUsSzM7MdL+1Mo6PjyGlRH3xgiZ+BDCRAmEXFyt70eg2Cbwo6GJPNRs/+vZthbUWVusQ6DPWhJkQYHX9draY657DVP7IrlW/0gqf/fbXo+9QHzDKcOf+BtZu3am2K4WfrbWQUkDKgS+vhFbrFEcH+8A7Tyb7oCuCa0GLezwGlJIwRo+kDOacgbIEUpRNhYVG9twghA6V9LvvptB6cJ0iYTt5FfyweY18NxKGxbXe3ntrLZh0vioAQAlFnFyv1hSpZOm5Muz6MNZASQEQd30wdvkBAyVPm+DLIVMYy0dK+GGUgsRJuc1LK1hbzWgU6J+qYq2P8jQG1lhY4q6F4OcgpTfHtQRUxECkobnq8+nDQUzZ2wUAtEoxP9fATOMBdnd38fVXX2Vqjm/CPDmOYjx57wm2t7exubmJTruDldVVzM3OVv4MYw0oJajXyyqNTqcNrTXieJJCaw1SSWxvv8LS0krPNhilWF+/haOjQ5ydnqFWb1Ro90qxfut2z++Pj5sw1iJi7jt2kd2y8j3X99terj/AQXtz4JustTDMgBINYn1vtBAXNniFzNtixOs0+kSKefSkYtTkDW5wHqx16RUXQW4ElEiOKaSraK2vzSSuHzL1RogFZdUf4rpoDjrG+Sm1p3SdI6U12u02bt/qjd8aBc2jI1BKkNRH+w5GVTAUY2UhWabAC7GynMWIKprfXjaCuXS+CFJQSk/VD0l3+UNoowHpjFallOAVqr83cBiV2HBRs+6/+YUl/PQv/x1k6hZ0s3MLMN7UHHDjH4BK1+nte/eRPnVGo5Synnt4HDDGUG/MIKlVM1SLoggbj95FY3YOnYLp6WT7wFGrN7DaZ1L4TUNmKCxFKQI8TVNEUVT5nqMkJDB5Px2vnDw+PkEcR1mbyXnIImGFBAGuOBI2R8l347SD45Nr4Lvx9dfed2O2p0AYyI2wPgBQ+X65LIztu0Eu3ndjGIKnjRQieybqUNkeoV0mTy3LCzkiFRBp6oxGBxSSrHWKIpesGZR6jtTotzYLnxPHCZhvWckUqJKBKsDGqmjTUm3/C+ogSmh2jxglQCnH3bt3cNg8cmoOT3IsT9hOfFm4desWZufmsLn5HNtv3qCzuFjZV0SkKRb6tLccHx1NZZ0e8QicMRweHEDMCSzM9yqYFxaWEMcJDg/2EcXJQGVUu32GhcWlnr930g5OTo7RaMxlAoegWo+iKCOizwNvHh5isc8gSQmB9ln2/WCthY0UiHADmFTCsX4XkKhiCzUbQiisHbxflT8zTJh9qoIjO/rHxN7gBlUhlYQxRXJjdOlgFVACF9jsr+NxFU3aGEgpXZZ0FF/L6z+QG6EKV/V8hgVrcO4fdXFjjIYpRGF3KxxaLbdYmaQ9xViLZrOJ+hwfa0w7z3B04DaZAZhxsbKKZ+UXpQVUSyCKkpEmSZeBOIpgfKpKcRGklKs6OQ+NCQ0bCQHjHLrgwaG1ylqcpDfMrFrdukE1hDYWbYwzxwVDFEVZ77Q2jvkg1PnnfPDdH+DuxkMAwOLyclerls0qiEmtjn/2z3+MD7/3g6nvM2UMi0vLPqLV9shKHFnjJv2UUvzxj3869X2AdYbVxhhHAF0HB8wx4eT3SW9ihBQwhjqj4MpqjigzIAWciR+vEP3cL/LzOtzmSoqS78ZB8+h6+G4cHHjfjXxhEp5HzDCQgu9GHNcuNW1xGJxfUKFoUsV3wxt7hvnEVbfahHtGKll6Joo0RRSP5ovoYpOVa1v1hTMhxMACAiFeVRl+YW1mtlwqRMPHs1vrVZhOgVJnsxBpB8oXoIhlIII6A1JWzYS627g2qTUgRZp9pjUKWmosLcxhZmYGe7u7ePr0KY6Oj7GxsTFW28dlY6bRwIff+RAvt0tlCPUAACAASURBVF7i9avX6HQ6WF1ZQb0+mCy01oDA9piBdtIUSinUpzS3I4Si3phBp92GSFOsrK73zIvq9QaiWzH293chhO5pWZFCoFarYWamV51yeLCHWj0/hlQIGGNQq9WqPwv29vexsLjY84bF2gaanRfnxrIaakGpziTPUkgktQsgOArtKZQScF6DntAtvHhcFoCQMjOmusENxoGQspTyMY1FVz9IJfOJGCGuR3iMyYMxxuWq+5+FSH3CyzgL7YtLKdRjJqBk7QYh4m/EHSxGwFHa2xrRbrUw02igloz/wDhqNp1EdkT1xjRguAZhPlZWF/05UiglkMS1iUwQpw1KKeI49okcZaJDSgGjKSiPxva5cRGn7p4NiSsAst7P0BYmhMh6tW9aWKYDaw20NiBQMNqUxpLwpOaMgTKKJx9+t+u91kmhrYUrIDrPD0Is5heWMN+nr3fYBMkWFCOD4BJiHLnQ7YdjYWCsyeYp/cyJpwGtHYk7js/JdUSm5vCVafj2Aa3TkYoFVbw2iij6EQD+WhsyjlzGrW+MQdrtu8Gvh+9GYz7u8d0ghIBYAiLz652zeOK0j2mi23eDUTpUqaO1zhO8wpzrGoz9IUpWSkfEh5SVNBWI4tGehZxzEEogRU7wK61diwDvJfsIpbAFBUwOCkrdvmntFB0hPSvcU4QQJLU6qKQQIm9ZISICYxo6Pr9lZZBxbfdnWmuhZAcRT3Dv3j0cHBxgb3c3U3NcpQJqFNy/dx+zs3PY3NzE1tYWlldWsDxg34VIMdcn0e/kuIlogrnqILiWFYHt11tYWlntMQnlnOPWrTs4PNxHu32GuictjDXQRmJ9uVcBfXCwB0Zz81xtDdrtFihjmYKzCrhSCgcHBwOzdykhJTKgODGw1sJEGjT1bSpaINJ86r3cxee2i2kczUG/H6xxio1SVOx1oOtvMDGuquUi4hGkEqVeYsAONa0aBUqp0oJ/1IlcgLFwsccoxCVXkCYOghApQIhTWFDikgqmcDtprQtGrdX7obvVG+OMFyWCo8ucUgiBVAisTBhFdthsgscUcW18lY8dMD5Xei8BdKxAjAYRLJMUW2vRSdtgUvpY2evTuxqu+XAvFIkOLVIYxsD48AjZQaCEgkYJKDPQ/vgDSveK1q4Hm49Ont2gDGMsrFWwhpaiCwOId3Ukxvao1UI8qtE5oQCpYHQxvtVCawvGnC9HFULYGAWt83uLEtIlxbcw2mbpPsX70BoLJbVLatOTK07Pg/Vj3aRFn+sCSgjiJMkXbUWfAcO8sme651MF3400kJfXY7zr67vx5MmV+W4orZ3vRsywtN4/hYEKhmDCc219N5CP5WTIs81Yk/uypAL0Cnw3hiGKfJSszKNkpUgBHoOdY6zdDUYZaEKdYW8hMt35LEbZetAa45Ins7Zh/8ylNOOFtTHQOs1ISpGKnoJ5FLmWlU5aaFnRDLRDYCIJ9Nn1Yca1UZSAknIbjFYprLFYXl5GvdHA/t4evvzyS6yvr2PjwYNvxPN7cWEBcz5O1hmQOjVHecHv1JDdigghBKSQqDfG94o7DxGPwRjHwd4u5ubm+xIsS0sriJNTNA8PkCR1pGkbK6u9kbBnZyfodDoZEQIABweHrhA4IlHKFxcWsL+3h6XFxR4Jd1BxdJMcRVhqgaKKQ0okUyY4Si0qU4qXCtKrTicFYC62BH2DS0Mx9uqyH0KOTY8hCuZPuSxvcpLDVRGKBmgM0RgTMWvhjbKCnNCtHrIKtZSIfSWtCozvw4QxsMRVUQHlFwS09P+johzfNkJFrlBtGYds0d7UMnwGIeVtt9pu4rk0QXuKkAInJyeYWbh6lYSlFrbm/DmI5NkEVRuFdlsh4jGiuHathsgQ261U2VVea+1ITs7B2XitP4CPlk0SaK1dtGUcwWgnYw/3ijYaOlVT9QJ5W2GtIwvc19VFcFDn8E8p6X1OWwsdSA5jAFgYa6EJKb1USJl9R90y6n4IxBngniu0iyi1cERGqE72O5ZvC+lQFcNiI0dBFLm2AdkVjam1mXrrZ9GPrYpXx2XA+W646+fsrOC7MWFi1yR4/uyZ992Y6++7oXMTawBIksHPDGNcW9o4c5hJwBmDLJnaCgB8YCHKkV82a2ePrzg2fRBcLHIXyaFcixeLqkfJumSiBCCy1K4ZCmIl+DmSMRbRgM8PBq7hmdm91KKMo1GfgxCdrBWLWAomEphIwfLyGOrIjfMJNMY5amwGIm1nY7AxAlZo1JIE9+/fx97+HnZ2drKWlau8r6qCUYrHjx5hdnYWm5ubePHyJdZWVzE/Pw8ASNMUc3PzPe87OW4iumBSlBKKemMWZ60zCJH2JS9mGrOIoxgH+44I6YmEVRJHzSbqjZygOWud4eT4GPNzszBmtOcp+w//0//8v+zt78MCmOmTBFDjC+ioY+dT0fW3bOJIbdZvZ6wBqyDvGwVBGsYY81Kp6c2yw4JRG+Mnw1P76BtcMpzxoMokcYSQK8lbZ4zBWAslFRhnsNZV9wLhorUZ2TNDa5PFGgd392EZ0P3Q1wQ1TsAYh9EuN1tr4/13UOn8KaUzJ/JQXWeMQWntZeNFqXb170NrDZ21/BDfEz38vBmby4210oji0ccMKdLMsIqyuKfie3B4iLnZ2YkMq/YPDnB6eor5lRiUjTfwhGp3OL6JvYmoheUaFAQw+XdljIaUboJ3napXhACMUVDGHHGnFLR2zyA75nXXjVDRpf7YCWWAdRGXjDGnFsoW51cz5nzbEfwsTIFQyP7L2jSsf61TNYSxJ/znKpGOcCaUApaUzE27/5NCwMJCKQ0pZKbEcESzhpTOzFL6+cnN9+4wzSmUG2/cgtL6BTFjNDM4nNZYpJQbJwIxWnUcnSahU9ofKSB82oQUEtv7TcwvLODx48cXsLVqeLO9je03b7C41kB9zi2Wwj1HCAE1tJRoEceJ93boRTFpzlg7NcVnFYRryhoD5dW+YRyhrBw/rrragatEU14liPcas97zQmsNyqh/Do72bGKUgRAK4+85rd18qBi3XFSHlAh+n5zCqFNcBeLZqatp7zkk8KpLknleAQAxFNQQgLttE8lBCwSaS+jof0xO6R8D1hYWxhZGu/nzzMws6o0GWq0Wdnd2oLTGwvz8tf5+A2YaDSwvL6PdbuPg4MCl8DUa0EpgZWWt9FopBY6Oj5Akl2Pyy3kEpTROTlxLDO8SPDDGMDs7j6QPMbW3uwvGcy9Pay1ev36NWq2G+fk5pGkHBweH+P3vP6tUPOD1eh0rK8vY3z/A0tLSuZXmQUoOSy0s0xnJIYUAq0+H5Qz+XWExNs2LLzMa9b2e34Dr+gYDkJEbQMY4ywIxdtmIowgSpNS/D6QghEIpDUJHS6twDxiaVQqNMVBSgY9YTehrghr6IpM4i9lz50/D2uG+F6XqF4+cOWdhG0CQdo72PRQHMD7CpDM4LodtjqocsdZmRlVAr7loKgSUUhOZiwJAs9lEXKNg0XQWRtMcG3WkvD8HK1TkLESIlY2TsVJpLgrUV9aMZVBdpmsuVSEkrkwhRYNSsDhxRKCWSJIElMItnuGUBNST/I7cnHiT5yIjuPp9/8Hd/gJ3IldV9Nv+9LwhwnH0u85J1j5SbiFxu5Aff6bwMBaEnr9foeKldce9jxC0vXIrnGvq2/KsX6jlY6X1E+uL/fIHn3tbOu7riir7TwicP1p3aoTWoHTydlS3EHLfYTAjdUrhqzmHxmiksuC7cXSK6Lr4biwkA3w3UCI3nO/G4H7/YjyrUwe4xJzLIgkJcWlMUpZbHFNv0MkoLftuoJovy3WAMx+NszlxUHMEsiaKq6s5HKFPSvHLwWPDkVJu3O35POvmrKEqTilBmM6ddz/xKAZlDCLtuBQzADAMtOMMSIka3bg2Tpw/R9HLRskOKI1Rr9WwEdQc29s4OTnBwwcPMDc3N/Rzrxq1JMEH77+P12/e4OWLF2i323j8+FHP605Oji/dAyeKY2jDsLe7jYWFRczO9qpKunF0dAgLW/LD2dvfh5QSDx8+ROvsZOT94ACwtraO/f0D7O/t4fad3lz30KoC9JIcYcJhucoIDm1c7ySbQquK9RMFAAOZuok+2+ObMHDdoD+ythTfcuHMCP0iXcps4nLZiCKnCFJaZw8Zn33iDHlHNPyJ4wRCpLkBlNGAqm68qbXOFv+Au5+K1z0l1D/0hXfjFt5kCgNlmaECE1QWbl94tj0pReaDIYSAm88yV3U/554LVdfQJ1t1EuvUG3l7yqTeG4SwnnHn7PQUjNKJJI3tTgftdhuzK9fHfK0bllroRIFoDSJ5FitrrEYnbYHJCHEtuVaxso7oiDOX/DLRIaA19ea/k+8z58zHBLq+19ALq6TzjWGUwhjS488wTYSKHWek5zp18X0m84m4iH2gjIL7yELSh1wwxkBpA2v0xEQP9QtP18GSb4sAINT7c/XsgYVWBsbosn+YMcAwE8ns9bm8upgSQCnN1KqBeKaEgDIKgPgK8XSOvd++EUrBWeGchGPz/1v0B7mOKF87OcKpMtpAG+etAniT4aQGqXJfjkmvaZfKBQD+OyWuKh2+++DrcpnnUKSd7CQcNk+RXhffjYRhaa1cBQ7niYq8rZEScq6ZoVKq9GzPWiCuwOg/ijiIQjm5R6SwPO5qB74+vixVkRn2epIDcIW2tON81kaNX9bGeEJ39EKKezaFVhGL8zZNKUOtPgOR5i0rwYA0IOKjGdfyyPnKpYW4ZWMEIAxYXMPqyioa9QZ2d3fx2Wef4d69e7h79+7Ix3kVuHP7NmZnZ/H69WssLpaNR5VSaLfO0JgZTjBMG4wyNBpzOD05gRACy8uD/eo6nTbOTk9LrSntTgdHzSZu3b6Nubm58QmOJI6xvr6OnZ0dLC4tojYkr7qfksNSAFwDnmGTaQrWmALBUchVttag0+n4ilWoXLnJBHE75n6PajehLbuXTryvN7h8FD03cnIj8WaZ+SIdGC2BY1oI2yySHFl/pBQjM6s9JIdfzFc5NuObH8MEvZ9UkBAfPSZFyYBXyP5O2kXCpHvRGBQYRZNGp5bSjp23NlNYdCstVJf8LE07vu/6/Idypt7wOfXj+H5oNVi9Abh42H7R2qOg2WwCAOpTTk8ZJzZ26GcyC8uki5UtuONrI9FuSURRgihKrtUQmieuKCilS0SHlKkjOkboS+5GeP4wRrP7KCgMOHcqAWsAbTSkzJPAKO1vojkqrPe9ISDgnIFz1uOYb+EJBqIzT4hpIizweeTM5UqEpd8/ozVAFJSysLr/IrHsuWH7kgGUMXBOnWy6q70vEB6k6353x29BoKAUQGnRE6P6wpgQV2PJxzECxgiiKEYUOQI0WxAXiA7X5qcgzzn2cUCIa7GJ/PdOGeshCKy10ERn18B1QyA3eOQVE13fGyygqSPwi0oYQgBGCcIhFdWDo8LdvyS7jgGAc28I63tPNDV+O5ej5ChWrk9Pr7/vBgAQRUu+G3FcH/jcNdaWnu2ccyilSwUpY6wnji8H3JtjSiEKaoe8HZgAQ1NWriuob6vRNPeyCalj1g72HemHkdPJisurwnttxbE3TmqgjCFNO6UPG9e4ljKOWn0WIm1nCl1jFaxogfIEjUYDGw82sLe3j62tLZycnuLBgweo166XSW4/zM3OYu7Jk57fnxwfIYqvdv+TWgNCpNh+8wrLK6s9ax5rLQ4O9pHUy6bF+3t7SGo13L9/v7TOGAXZKLK2toadnR00m0e4fbuX4CiqOIAyyZE51TIF5gkObTWUlBMbNhmXwZbdmG4CVJwEDTpwN+FhlACEOiKEoMRAltIHLiX06wbTRDe5wShF5DOe48QTAV4COQoRMG2E9opg/gQge5ASIkdOWXEkh0AcIyNwQr74IGjfjxluHMbPf7i5QUhCa1WYfDhCpjh3KZr+dMsF4ziGNsa7/LtKXKltRbhYXQMAWvtKLAOjxD1MrS1VHrRS5xIc1vuehFt51PadcDy6dEzlz2i1WjDWYnHCCedRs4lag4GM6b1xFTBcg3DtqnVdsbJaCURR7doY9AUwxkEp90RHaGMjiCIKKSQYo/7+HJXoIKCUeCVSINrD84R5QsFACw3AZt4cjNNM2jsJrDGwXkLPuTMb7rf4sF51Y42LLSW+HWCSrbsFqHXH4xeHOVlKiq+CJgTGwqeRlBejRbKn+EzO/TZC5Z6AM+qqu34s7T59jrvt93sLWOO9N/LtG22y2U92Tvp3+LioZAsvxQ77S8E5BffV/vy9ee8wtDdG1RaWWBBK/Jmf8Ox7Iocx5qu0vddu1pJjLQp8bXa8oaXJJSHkBxu+234LeuKv8/NI4yqeFMEs1imPPEHT5/sE8Uo+X/3NzzPz5FEeOTkO3H3r2lPyz8jHtUydbAy0IbC6/8Ks+NtJvlmtZFaxlkJh/7CJhcVF3Lt3b4JPnQxvtrdxcHCAxfUZxLXys9BaC2rLvhtRNLh1MfjaAHkxivMIlLG8NdYbN1tpfAz35TwfM3WQFKVCFODk9teJvB8HzCulii1ewa8qjqOpq+MzEAAW+ffo76eqCNeH6HSgjZvD9/NuGGV/klodRFBIGaJkDbRsAywG5THW19ZQq9Wwu7uLTz75BA8ePMD62tqQD75+UEphZ28X62u9MayXjThOoLTCzs4bLC0to1FQahzs74KzcrHp4PAQnU4H7733nuMaxtxuNhJxxrC2tobd3V0sLy0hriCfp4RAF9tViHWtKsp9rJTpxBNe6yeH1pMcvS/Ikw6K/46T2PfSA70kCMkebtlvvuED2NuGoqFoN7kR0E/tYIFLd+0G8haLUIkKRko58TIqyRE7kqOQ5gDZn+TQWmd+JMEItEpFIph6KpX7cgjhelQDwWksCoqQXvKBuWZNADw3CbSuVaY7yUAICWt0Vp2D/3xjDFDoux5EcmjtyI0gKR2nOl/suSWE9wwMrXYLSRxjbna2+62VcXJ6ilQIzC9cjOT4IlQc2WcjxMoqUJk75htrkYq2v1biqUeFTwJC3LUcJ7GzRvBLkkB2uvNlswV31c8MJDohBK9fPsfrrRc4PTkBjzj+6E9/msVZuhYJhThJEHnZ8KQtkc4UT0NZnS1Sd7ff4NWL5zhqHgIA/tmf/Bkas3OZopEznnkeTHJ92ODC6Z/N4b9nX36O5199AW0sbt+9iw+/9wfubygv/DKyx5u0usW2nwtb3/ZmNLSisDAAXJ83yVQiFu3WGQCAM46kXvdtQBq//dU/4PjoEJxHePTuE6zfuecUDfDpTtnCv7gvZOB3b60FpZGPse1d4AYlz4tnT7G1+QxCCKysruGjH/wQhBBP0hBvyEd72mjGOv9wk3JCHemglcJXX3yG11svAQAffPQ93Lp7Pz/3JCeAgtImzH9K3i2+3RDWReoaazKzVkfmOTKF0sHHEM7QeX8Pn5n37wNfP/0cm19/BQB4+M67ePTu+7AmXKeF/WbEczwkI7DHbTcjBJnZt7UWTz//FK9ebAIAHr/3BBuP3i2fnwuEsabkEbB/dIwoivDo0cML3/YgHB8f574bi71VV8C3pngwyhHH5/luqIKfHsnWBqEFwqkmCqrRMSPrxwUp+nJ4ciOoO74NoIQg8fHLZd8RMfVUom6EsTXMI72YuBIooajVnQqAkP6q2lHgrsEQT9vKfq+1S3hhUYz5uTnUazXs7e/j+bNnmTfHN6lN6ej4CMdHJ1DKYG1t7UrWPUVwxsEbc2geNnF6eoaIc2chAJTGDSEEDvb3sbK6iqWCUjqba3hyvNI2i/9YW13F3t4eDg4OhnpxBDBKXUxkmDhw7aKirO+Hl6KUUTwqikkRNkxOi4Zh1rX+hUlXkGeGAarfXRTHUY/517dlEHsb0M9zo5vcCHDtFnm7ilMxnK92uCi4Sqf72frYMSeHHJ/kCK0k7tgUCPGyT6lAuUuSkAUiiFI6UltMN7NPQtUPXn4eFCEVHo5BEsxAAR5lVW5rdVZJKEKkzrODMqfmOD4+ASEUa2v9e/mCEz7gCNtxUGxP6a5EaWPQarWxvt4bfzUKjo6aoASoTaGFrxslqfdFEh0U0IkC0wZWssyfQxuFdifEyiYXtv1RQSl1cvhSO0n4Gym9bpR9DkTH61cv8eu//wWkFKjX63j/w4+xsrbuqvwRh0i1L2871YcZ0xMjeG4w5kwRQYwjBwjB3s4b/OMv/xbtdhuMcWw8fITHT77j/05BmVN7jHqM3ciSkfz9Rvzvvn76OT7/9DcAgKPmAR6/9x3U6vXQQwLA3cuMuv1nnGUER7E+4SrmFJSYzLCYZGQS8OzpF/jtr3+Js5NjPH7vA3z8wx+hVq/j7OQEv//dP2F/bwdRFCFKEty6e99XihmimMP6ZCACmy1wcwVK77GGeUJIwhpwRvD8qy/wyT/9AwBgbf023nn/O6jVGwAstJaIkxicMa9AGfvU+3mVT+yBO5azs1N88k//gO3XW9li8dbdjYIyhYJ4VZxrDaHZ72i2gLfZZ7vUBOvSgbwHhfOqoH1bSrp2r4TuV1nrPlcpDeqvCykFPv/0E3z95WcACIRIsfHwncAeuf1EaMdxx8Q5h0WuBBn3lIbjSNttfPbbf8TWi2egxJkDbzx6d6jepqxXGh+i3cmuL+e7IfDekyeIL9kcMEBpjWfPn/f4bmTEFCFggvvedACEIDmntd35buRFjSjqNVl3iSsqL6j4yHpO2VhqzCKKa4dA4g1arEaRI4K1Md+oBW1VZL4jBQNSKVNYG03/eIuMJ6GAV9FZ2JF1hOeRZ1VRvF8p56izWYh2G9rmUbIQGjRKEEUR7ty+jcNmE/t7exnJsTRhe/JlYWV5BVppPN/cxMuXL7Cysor5a2CeWm/MOEWt1uBRr3pob38fnHNs3L9f+K1XQBLnsZbEMdJOZ+gcqnQ1R1GE9fV1bG9vY2lpCUnF3qMgIXETLkdyUOm9OGQ6EcFRhCv05Iz6eaSEG8NCVJzNBzcfF1d64SWx9DeYHIM8N86Dc/MWWbvKeWqHy0IcRRBASS5orR3Zk8O9Pic5goGXsRZIVXZdVz1XRWhTjqYlfnvhVin2dhMy+rl08mAGgCGKcmNRt6gxJe8OwKlPBp0fRxLZ3HtjDMJSa5UZUDmmuLc9BcDE7SnNwyaSmW/HxEkzAzDT488hlYBUAnGcnOumfxkIaoHgVVF+oPZ7QPZvV+iH8Hy1hRjnNE29nNa3RwKI4gg8ypOA/tP/8b9BdJzhWRUn+NA2EMUJ5hcX8S//8t+5dgmUG05CyofWCp1OXhEmlIAR4iuSJCN5RkV4nzHEJUwU/nZ6fJz93Do9Qfe5pdT7LnCeERyhBaDdasFojcbMLBhnTvpODbQmUFKVFtSvX77A1otnAIAXz7/Cxz/8Ufa3sxNnRCZl0SiYgFKGOCKwsIWFFckUHIE80cq1shBCXWwhJYW5xOBzdnZ2mv98eprJsCllXp1CwPxxY4DPSBW4xX4vjg4OALii0slpbsYWYp0pI2CUZd4X8McbyCoCZKo3ax15RrWBoS4unFAClt0/joTIzDKqwLERiOMYhPaex6OD/eyFJ0fN0t+CwiYQlD3nZCKyLuwccNzMz+HZ6engN/UBwfgkh5AptHVFjuvku5H28d3ITEU1K7Up1uL6wO+hn+/GoIII5zxrpcjai42GkYONzoEygWGtgat9+n8bA9ul8B62kHfmwdcnDn3ayHxHCr4cSkkYo8FYudA0FWWHb0sL3b/WGJzrNHrBCPcrJRRJfQbt9mnWwmhRNuxeWlxEvV7H7u4uvvzyS9y6fRsPNjauZsdHxPr6Oubm5rC5uYmd7W10Oh2sra5eeeFpUABJ8+gIrbMzPHz0qCvRNVdZNhp1zM7O4rgw3xiEnq2srq5ib3cX+wcHfV1k+6k4gHK7iuUKUC5n3lgLKdNLn+QSklefu++jIvkR4t1uPDiuP3o8NxitfF1lRIBfHwshYYc8NC8acRRByNwR3hngjW48GkUxrM1JjkAOZP4VsWs1GeVztTG+X9YpTQghpV5U61tH8pSTyR+CuVFh/p3kvgn2XJPRrLXE2rHjS5Ustqf0qmnarRbq9fpEplOHzSa0MUhmLt6r4jIfYoZrEKpBVdmfQ4gUWipEVxkrS5Cx/4RQ7O68QvvsrLQIHhVxkmB2bh7LK+f35lJCEXkCEyiT8js7r8fa9tzCQqXXFb9+4n8RFvG//fUvsbv9CqOmmN69/wAffvyDbOFedVXn1BLMe/+4hba1Br//5Ld4+vmnONzfgzEGK2vreOfJd/DuBx85MhV5DWJUhLcEgsu1R3T5SmStRsD2q5f4u7/5OdqtFhaXV/CjH/8UC0srE9c+GHOtbpQSHB8d4rPf/CPevN4a67M++OhjfOd7P6h8b1MKr5ShBXLPYvvVC7x49hX2draRph1YAPVaHet37+Lh4/ewvLoOzhkM6V3cHh818fP/8z+i3W5BadV/w11glGJxZQ1/8uOfYn5xueLREr9dZKQ1IQQ7269x7NuwxgXnHA8fvwdC6dhk0zSglIIUzgvg2vlurDVKvhuZesMQkEJrShTF547tSubtEM675vxnH6MUNEmyNDfAt6wI442h+7SSwUKkaf+BgpCSOjTMi4Lh8KA5xbe95hkKXlLJkteZMWnpNYxNZ+3WrS69aoS9EWk792ciFio+A0d5jldLEmzcv4/dvT1sv3mDk5MTPHjwYKJW5ctCvV7HBx98gFevXmFraysjOer188NELhtSSuzt7WFxabHH84QS4vxYKEO90cDS0hJev349moIDyL043ngVxygnIbSrAICNdDYISikQ8eR8rd8lokh+3OCbgXyhW/CRGEvtUDbOFNKW2qAuG3HEIRUKPZHAOCRH0ZMj+132s1tkVZ0UG9tFbgCI4gRFD8OyuehkkvfzwDkH5/xc7w3AESxhwqKHxJD1g7WA0iL7N+XlD5BSopOmuNOndW8UHDWbYJwgrl1O9eIi21R6hG3TBQAAIABJREFUtkWdPwc1BhAUxOaG0zrEyibxFVXG8ir95tMv8fmnv0Wrdeb8BrqMcrvjRE3BnDJUHubnF/DR9384lOAovq9falG2XTI4hlAq2WWI3QcDnvP9nv9nZyd4/vUXePPqZSWCoqjTODs+wsPH72F2fn6kx3nw/mDMtUl02m384uc/wxe//23p2F5ufo2tzWd48fwr/OQv/i3q9QZYH8PLaSJ8JQf7e9h6+RwAcHLSxEc/+CEWllYm+mzKKIhyrXkAcHx4iM9/9xuctUZTCATMzs3j/Y8+RvDVOA9OhcbAqc3Ije1XL/CbX/09Xr18lql9inj+7Ev85pd/h8dPvoM/+tOfoN6YBYcbU4sEx/b2VsmvqAqEEGg2D6oRHKT8jyCybbda+PXf/QKvXzyH7HZPhWubLF6v/SqFjDLMzM3i/2fvTZ/jOPIswefucWQmMnEnQBIkSEqiJFIiS1epVIfq7O5pm57Z3v2w82eu2ZrN2Njs9PbWqKtVpZJKR4m6KYkHeAGZuBJAZkT4sR/8iIi8LxIgS8+MJAgkMo6M8HB/v997b6ZcQXW193j+qNdgSikkcfoZ1HdPju9GcTZAeaH7wjZLbjDCEPRJaUgSnsbIK8APh5tr2TQ3zrV3mpuvRRF83++YCzjSQ6mOzk/zjqb7TKcyHqfp/EkCIbrQxs05sVHYADokwxNvK9N7dgL4DQB6bWoTVQBA+gkUUWiihqLqlEJXl5dRKhWxtbmFL7/4AmfPncPpU6ce5y6PjTNnzqBcLuP27du4e/cuFhYWsLQ02fNtmtje3gaUwrlz650/JARhWIDneSiEIRYXl4aa13a9u6srK6jV66jX6zib08Fo9OriANJ0FckEGKGAaXeMeYTgmFuVf8CTia6eG2PKnnzfB0wVM5u/fpwkh+9pzxohUk2kUtHImkNLcgAKnu9DCqknB+HwcZhSScPmp6a+fpgnNwDd4WFBiPa/6LeAmxSD4mGZIUEAQAoO6TGj2x/u/QVPyQ1CGAjJby+VpwxXPe8Gzjn29vcxM3uykkamDUklUJCgQoEkTJskwcTKNhMTr1k4tgqZAtBo7HX9WZa46wZrDry7u901tUSj94F1O+bl6iquXHsVK6fXwNrIHyE4HtzdwF8//DP29/Ot+wr6PmRKQHURLvSaRFJCQTCeRKXR2O35s55nw3TOMEac58b7776Dr7/8tOvrFRS+v/EVgiDEr/7+P8JjbKKI22GPU2QW7EmSuGjf9H20YWg7+o151MiCsr83LrkxaFudr7VR4Pr/n374Hj56/49oNo/6/l4rauKL6x/h8KCBt3/7D5ipzIFQ632m3ywrT9RVXq9v4gUhFGGhOOQckBi/msznZt5bQWF76yFaUSc50w2iS4eJEBx8VxtmD8KjXIfFUcsVBHd2G4iik+O7sbg6AyC9d6zvBo0957cEQhD08d0QIp9I5nXx3RgE3e1BwXmcprlx3hElK5U2ibbXpef5sIaE1r9HkyXSkSBxFJ+YhfZxw0pWuJtDTTdSHED6vFRq6KjYRwkpBeKMsS88AcXSbv4magDQQXTMlGZQWC+iXqth484d7O/v4/z58ygMEcxx3JidncVLL72EW7duYWtrC60oQnV5GUFwPGOOxX6jgUajgXPr613Po17z+a7g+cyzz+Drr7/CgwcP+r5vV4KDEoLq8jLuP3iAo8NDlGZmRtpZS3LoLg49oCVxBM8LHlvs0w94OjCO58Yg+J4PYt77xJAcvueIFxdTFo9HclhQT1dLh51UaHPeBLZzw75f+z2rVP4BKIQEEEN7mZptUjZ6bvoEoISaqDfjs8IFlJJDD9zZamQ3l+6jZhOVSmWiyefunl5UhzOPt4PhcXZxZCGZka0ID0iysbIxOLdEx+OfFMwtLOCla6+jeXQIzjlu37zhfjY/v4jF5dREdvPBPRwcpFrPZ557EYCupM/M9GpPHX3ydv7icyiVKx2Lce2h4OGTD//cuRWlMgvNXp9v576UZ+fwk7d/g4PG/lCL//f+7fd9iY1hwBgx6TEEt7+/gRtfXXc/m5tbwLmLzyEMAnz9+adomPP9zRfXsXZuHZcuXwUxhZLHDWUMPZOYI05iAAR+4OviTeY1/WB9MLp9RmfWzuPaGz8een8WF1eg01mGOxe684HgL3/8Az58/11H4BFCML+whNXTayiVZpDwBHdvfY/t7Zr73ds3b+C9dwv47X/4T7pjJCvkzWz+3Pln8NKPXsdsP+kU0Sk+M5U5ZON6uyN9c0qg03PM+fY8Dz964008vH/fRY5mcfvmt+CZzg57v2bh+z5K5QoWhunOGeGaG2WETZLIVY4PDprYbxxibW3t5PhuZOVtzneDgmTkh4Ff6Ol1paXpSZs8RCAbwzsstDFy6KS81kdNJcol8nRjjnsVRbIdHidhoX1SQClFYEii2DxXpjnkEpK5s08AsxRnPKpAJISfJ0Ot31STdHZzMEqxsrKCQqGAzUycbHW5uwH+SQIhBBcuXEBltoLbt27j9p07WF5exvyQ0tdpQ0iJer2G2dlZnFrtHWnreR6KpRm0Wi2sVKs4deoU6vV6X6lxz/6slZUV1Lfr2N7e7kpw9OviAAzJwSQokY7x5UnUt53tJEN7DvRvk/8B00VHFOwInhuDYHWgJ4rksJ0cUkxEcmQxCrkRRTEAY8JLCALf7zqBUVBgzDMMeH5wCQIfgksIcCQwLek0NTZ8lGCeDxlHWnZgKndSyoGGo1JJl7EOoENCEcUxkiSZuBVxd2cHfkjhBY+P+LHnPFuJe5xQBBAe10RHwlysrI791v4cQRg+2lhZHa1lokQpXrhyDS9cuYYoauHmja8dwUEIwZVrr+KFl64hCAtoHR3hrx+9j4/ef9e91fNXXsba+gXXQSalmkonSlgsQikFzkXus/I8ppNI+swHh5FbKqWgpCYjGaOorp5BdbXTYyv/vvr+ufHl5/0JDluY6/cC46GgpMQX1z9xk5LZ2QW8/Xf/iLPrF6GUwulz6/hf/89/Q6OxD6kkvv7iMzz7/JWexzgM6dHrNQoSUhJt9Np34aUrjknC4XkMcRRBF5lGIzu7XSdr6+exfuG5kd7Hpk9RbU4xxHZ1JKeucAsUi0VcfvlVXL76Csqz87Cf3NFBAx+9/ydc/+QD97s3b3yFh1dfwam1c/p1xL2p+8CXlldw7sIzOcPOXkiNpFXfXbdmsDoOULmkoyAIcfnqa7h8tVPTv7tdR9Rs4u5dLTMqFou49vqbqK6c6uoRkU1S6r0f04cU3HWPJHGC+u4+5ubnu3rePS7cf/BA+26s5H037DkmEiBxOjfyWNBmApgHJQRBGIIbE0sLISL4wfAdpe79KEUhDJDwJPVRM3KKbpKUbIdRFp7ngzKa+nWcgIX2iUPmvAwmI0d4Wzt4GJPhtB/s8SOOWy45BQCEn/TcH0JIz26O2dlZFEyc7M3vv3feHOOm+D1OLC0uoVyu4PbtW6htbSFqtbC0vPzY971er0NwgbUuapEsGPMwU5rB4eEBhOB4++1f4sGDB9jc3Ox5v/cdZZaXqzg4PBzZUdq9OSFQfrbtM87pmZ8kJDxBkiQj605/wHgQQuTIDW1ONd02Ks/zHdGho4Ml4vh42xZ934NvXO6tYWgcRY/0Qay1wBlyA+hJbgD6vvZ9D2EYIgh0/KF9rTYDs5MaU/1MIkRRC3Ec6ZSXRzQG6PhC3cVhJz3D3K/ZaFhKPKBt8nV4eAhCCOYmqK61ogiHR0fHlp5y3K7ZiiqIkEMFca71XCiBZutIt2v3eEhNvG2lIKQyki0BzgUEF53t8gpYrK4gCAuQUqJQKmFhMV/lZZ4PxjzzPtwsngdV8IczrFNKS72iKEarFbkY9H7HNQyskbaU+riThDvyuN8fHRfKBpvDDvSC0GMGIcB2fQv3bt90P7ty7RWsnbvgFr1r5y7gpR+94X6+ef8ednbqrhNhXEipyaMkiRFFEVqtlovWVi4KNn8gKvO7QnBApbI9e34mhSbKCJKEm/mF6P8n0Z+fEGK4cdSYQV++9ipeuvYa5ucX8dt//Ge8+YtfY6Yya56zOqa7OFPGT37xazz7/GX365wn+P7G1+Z/3c+/vT6klO44+v3hCTcxyT12WUnwOHGdLyzzfLHkjt6OOQ+mij+/uJi7Vhn1UKnMglCWIVZkjmQZTGFM97mrlEIrSivH9d0GfM87dt+NjTt3UJoLUJ5Px8Sc70/Wd4OyoRIWKSEIgsDJ7uI4gVJ6PpONdB8aRBulW9+MIAxcdwghFIxqA1PfRHy2Q8/3vFyggPyB4OiANYW1XbzTmq/Z8dv3fataPRZwnrjEMwCQPu/bWJTtgG2SWsfPgyDAmdOnsbS8jHqths8//9x16550hEGAS89dwvr6OhqNBu7cuY2Dw8PHtv2joyPs7+1pf5AhlCKeH6BSngVjHiqVMv7pn/4JS0uLPb10+hIc1eVlhEGAuovwymO+MDgqh3iAIulgxru0FZ50JEk6meGcI57Aff8HDAdtIpo6aCtlyYfpPpC0pitDcihliLjje/Axz3MsahwnkEoiegTHDgBQ2vxNKkNuKAW/D7nRDqsxD3wfhTBEYAzACNrJDj0B5lwbhbVaEThPIGyL6ZSQ7bDSjuBy4EKEZyMluwyUzaMjzM/PTySv29vVFfBC6Rij0U6APFAyBVGIc8Q3oGNlm82DoXTxo0IpBSkEEi5cLF6/Fn/9+v7XJOcczWY01CLXRpHSAdV2JaWWfild7VKyv1aZUmpilgcRKGYBLzXRoYb+M/DQhoLV7xNCsF3bMlIPoFgs4eKlF9yiVQjdvfLMpRdRKurJTpxE2Ly/4Qxiu733ICjT0cV5YrYhAdORwbn9PzokD0mir0VKKXzPd3K9dDwTQ0tF+kEfQv4c9PojlYQQ0h1D/+PW7b9CSPi+j5/84tf49X/4Tzh7/qIhCQSSONF/Eg4hdErF+Wcu5d7n4f27kFIMJOkc+RBzxBFHFOl/c39i7owne6Gxt4cvrn+MG199jlvff4O7d24hjlqmZVzLOFutCHEcI445hLAEFXKeDzLzbJFS6ePN/NHy1973L8n8PS1ErTSxwfpunL9w4UT4biyslLq+hnLPGUYDQBCO1oXt+57pTs0ShHFukTkKNImhI+ODMEShUEQYhvCD0EXQ9hsX7M+08ekPBEcWsTWFNUWi/f1GR/LUJCCWXlLHk6SiO0cz0hQmoDwj2+vyevvcyv6/RbuvhxdM+pFSCt98/TXubGxMc9cfKVZXV3HlpZdQLBbx4P59bNU6iZxHga1aDcVSaejUKM/zUJqZwezsHAjRMqF//uf/HSsrK11J14HlxOpKFRsbd3Fw0EC5XBn9CACQUAHmmkp4bNolT34LD6AfpvahaavCcRQjVsqYJh3n3j3dsIvVhKdRqnEcIwiCqS7WchHBRs953LHBnueBENJ27FquMs1jj5PIkEfGUNT3J/LOcFGvnqerxqbCZsmTrEM35xIAB4yUZVzj2Cw8zwOhFFJwZ0zIhUDQSyucqYTqhWh+SGw2mxBSTqxP3N3dRVigoOyHAQMwsbLMxMryrD9HpA3l/AK8KcrF7GJHSQqtBBuwOET/BT4BTPW4t66cEJMeAgrAEhwEvRamhGp/B8BWjeyWeuwDISYCtP+zVFllAdVGn5RQkCHu8UGEzLDIThK3NlNTsLmFJVRm54z8U5v/KUVRnp3FwtIyjjZ0JWnzwQNcvtr7vPWDUqYjgAvwJB0TAMA3nQFW/nJ0lK9cHTYO9JhgzAopo9rI2XQPMCOfmAb0wkw5wqR9Ym2riFJIKCIxBL/hPFrsezJGsXJqTXcymQ5JwfXYR5kEpQRKUSwuLcP3fScjajWPkMQxwj6GkvltKkdgZJYG7j/2Luh1abeiJv7y3h/0fhGKQnEGb739G1y89IImyYVAq9UypnOa+KHUN94k6eerIM3cTUEYct1KwJRSpojigdEezx2CkUntfm33SRI5KeTBQesE+m7krzfA+G5k/JOCoDDW3J0xBkKpLnBkEuOsZGXUOcfkUvF0POlh4fE3h/R5puF5PhYXF6dKRFhfi+NCHLXS7ROluzcy6Hf/ZvfdkhwFme/wLBaLWD93Dlu1Gh7cv4+DgwbW189jptSdPDxJmCmVcPnFy9i4u4H79+6j1WpheXkZxSG6tcZBrV5DEse4ePHCSL8XhgWUK7MQUmB/bxfVahX/53/5L/jg/ffx5ZdfoNlsIY5jCCEGExxLi0uo1eqo1epdCY5BXhwAoKgEocLpr4d9WB43pJRIMgaXzLi5WyPDOGrpqk7b4CyV+sFMdUrIkRzOl2J6JIfgAolJ0IjjxCW0nISPryvBE8XwR0hF6Yc4jlLyAdoDZJoeM5QQUNMRYT1shJRQIuPdYaoFQghQJqdiTKqlKl7uXu11T2YNigjpXFAfHh3C933Mzs6OvT+HR0doRREqS8frVA0cn+FoNygCCJ+DMgHEzFUJlVKI4iY4TxAEodHhT2F7aopxo4QaF//u51IKS5rphaX5pa6yb6WUTnUKC/B9iuzKlRACwXnHeOS6Ivo3Ybr9U9BRpR7TBOAg8sTsGaQQOdPGcaGPW2F7a9N9rzI7B0IYpDSLTqn/UI+iMjcPmMjW3Z1tcB7nfJNG377xA3LdJPrz05GT2sD0oC1ZZ293W/+uIUFsGkPge7B2E3KMSOoskiQGzGJbL7o79tz8axaclAC8t8dAO6RI5TVSUkMCSAgjeZFSmvPB3IVp4/js2GhJi1GgLy9dJnA+DlaqZa7bfuNQ9jOOkxjN5qHbF2XkRjrSWbj7S0mZ68YTRkbmfmbkWXYZo/1oHs+CK+u7EUcJ6ju7J9J3wz4fCCHadyNJlwjad2P8ZxglBIEf6G4h498VBD6SOILyg8eq/c8uVlXePvdvElIpJOZeCQIfHmNTjdC1qXu5599jZpayxr4AACq7SmWyo0Gvrg5A3yvdDEgBrX4oFouobW3h888+w7n19b4GmicJZ9fOGm+O27i7sYHFpSUsLixMdRvNVgu7O7tYWV3F3OzoxcNSacY9xxv7eygVgbfffhuvvvoaNjbu4M6dO9iqbQ0mOAD9Yd3Z2MD+/v7YE30VSJCWHsC4SODL4ER3cSiVLn6sB4Re+Io0siqKEcexi65xvxfHIKat9YSsJZ5ouIW+aS+fVieHEG3kBnBiyA2L7iRHgjCc7NjbyQ2PDa4ETwK90DPb8LUUSHDhpDHanDQBmzAhx4IS6ghJwJjJdukI4DLjv+Hlj18qiaOjJqrV6kT7sruzA0LIscpTTjIkVUCBg3AJyhlgTKmF5Gi2OHwvgB8cX6xsb5DuUi4FPLy3gZlyGUUjtSBEp/NQyjoWVDzh+PC9d7FYrXY8EwXnqG0+mILfg4SOPyZQSuLzv36EzQf3+3apKKUlE3cznhmTQEsL0njPcmUWQCqHycpi5uYX3eui5hE++eA9LCwtodVs4sG94Vt/dRcNg+cxIz1Ku7V0x5b++rCxj9rDfOTc1oP74EliPjeiu16k1GMZZWBe6gsxLq5//Bds1zaNyW7vC7xYLOKZSy9g5fRwrbwWSilwoaU0VBDYBBYhpUug0HGacIuNKGrlPBI08TZ4quhIJErTTkjbuOH+IkMZTlvjVeYxFAolLCy2LSKUAk8SJ1shhGB/bydHUsVJjO3alvtdm4hj7yUtgR0+SnwSRBnfje29BvwgOCG+G2HOdyPXjh97sCtASujI0pRe8H0PTFIkceyKVjyJoSRz8a6PGpQS2GYuJSUmYimfEPQrvFrrAOd39wgkU0mb/FQpCQX62KglxjwwwlNzUcHAWgQy4FB0+DE8SwL2IznKMzPagLS2hTu3b6PR2Mf6+nmExxzJOgzm5+ZQMXGy9VoNzWZzqnGy9VoNQRji7ABj0X4oFkvGm9HD4UEDrVYTlUoZly9fxuXL2kdqKIJjcXERtbpOVOlGcAzTxQGqACYBYcwIowiF4slt20m4dtXVJkZp67DnMRAaIokTVx3mQkBBV8ATnuiJmhBIlNJynJM3M3/iQCkDpRy2kKSMFtnzRnswcc71RNV4bQAZciMIT+AiyrR3EqI1x2ZCkCTx2OkqSWLIDWMilSXoHhcoIaC+B6l026A9LiGn08UB6AWlJTisF0d2Qcp54soJhFBdxczg6EgvxiaWp+ztISyxNAf+GHHcqSr9oDwJwaTWfGdlKzxGwvX1fhyxsqNCKomP/vwuvv78U/e9xeoqXnz5Rzh3/mLH6/f2tvHpxx/0jlwc1lCyL0zzLQGaBwf4+vPr2Hx4L/PzftdBOvmzXRTjQEotE7EI7YJJsxs67MZsKzuR2tmp44M//cGNC1mfhXGhJSfEyFMIth7e75Co7O5uY2e7huWVU3rxTgkkJbAfBTHR1JOg2TzE999+PfB1YRiiXKlg9cxZJz0BG27bSioICOh1Pcl1MlnzVhuzTQjB5oN7OX+E5ZVV+EHYMzHIEgaUEu21YGE6ONovLT3maIlAPupYY35+EW/89G0sLlfheV5aac/tNwHz0g4cAKhtPkSz2cy91707t/HcC1ecHAVKQQgFSs2Cxzxbp4n2CnDUarn71/puPHfp0vH5bnCufTcKed+NbHdfu+9GGE6XYNaR7gUkVrJiOjml0HNmNuS1PS66yXGedtjupvY1SZwkkIAzbPWD/mO8vZaVtOfOjNxSQip0Tcmx27PJN7qjDKBscMfEtEApQ6E0gzhqucImFAWNAqiA61j7zOu7XRXdrhtCCFqku2TFYwynVk9hr7CHrVoNjcZ1rK+fx/LSEBHVxwxGKZ65eBGViu7muLOxgery8kTdzACwvbODVquFZ599duK5fqFQQBAEKIQFHDWPEEUtJHFsTMCHkKhYVKtV3L59G3u7u2OnCShfgIi0OicEB3uU8YBjwpqKuhveD3I3LKMU1LDO9jVxnOgbXMqcV0cSxyOZNv6ATuhumghSIfeZjNpxoNMB8u3WJ53csKDU6L/bSI5RW0aTJIYQaRTstFsRRwUleqJpY12n2cXBKIWg1MUAcyFzXhyCZ6NhO8/B0dERCoUCShPoJ/f298A5R3npZC3Mj1sL2xNEu5oTxrU/h0jv8TiOwJMEQVAYnOxxzIiTGPFOaka2u7uN5164AsBWutu6hWRe/9wPo0bq2ip3dsp2sN/u8j7ctTA7uzC2N4eS+cWsfZ8hs2CmQmwAtnuDOoKCEODBvbsdvixxHOHB3Tuorp7Wr6MUlFAIiI73mwTDdOdoaUW6HSEkBFMYlm5Ku2Paz7buQqJMp1AIIfDdN1/lXnHuwsXMQiZPkAJAFEWIWy2ExQJUhkDVxr4JeCZB5eiwgcbeHg4ae7j62o9RmpnteCYHYQELS0uglEJwkUmzkZBCe4qEYQjGGDyWEjP373Z29ty/ewtRq4kgLMBjDJIpAOKxjX1JEoMLvZg6OGieCN+Nm853o+zmPNnzQQVp8914NDHehOi0Nm32KjLzmghKafN323XTbcyccOvuq5P4GJw2skEJSRzDN4bJNg2q11qnHdKk4PSDFBLUdLdlyRACnXAXRzEoYwN9sB4VglD7yMRxy+0DibU5rfQTJ1sZNKrbOVR7ykq3bo65uTkUi0VsbW3h++++w0GjgfXz55+I4nd1eRmVSgW3bt3C5uYmWiZOdhxyIo5jbNfrWvayuDj4F4YApRTlyixKpRnEcYQojo333wgEx8L8PGq1Lezs7HQlOIbu4vCEM5VL4hiseLImqpxr4sWSFJ7XnU0mhOhFMdfRsXYRlYXz6kiSqfsb/K1gauRGFy15HMUnynNjECil8MyEQMs6AEKSoauqmtxI/S88erzkhgXzNMHxKLo4GPMhpX4ga62/5/wAsnpM0jaBSzhHq9WaWDe5u7MLxgiCwg/3/ihQFBABBxECNPGcbEUqiVZ0BI/78IPw8RPHQ86GGWO5LoTFxRX3NSEEF569hPmFJTSPjkbafGlmBovLy0PLl7Ov6dUEUiqV8fpbPwcbYhyZnZ3HTGVWT+wwmsUmYTT3LBXcutf3PxBCCGZnF1AuV6AAPHxw1xGi44BQAs/sC6UEzaPDnjKcG199gReuXIMfhpCSQkkKqeTQpIYec3r//PSZc3jpldd776v51wsCLC7az912P8iJFmdavqPJDaq1Onh4byMnAZqbW8SZtfMdhEDW8vXWt99gp74Fz/OcV4fkHHESIUliJFGMJEkgVeqJUanM4cKzz2OmPOtkQ/l906QcFzrCFtBdm1LouGNK9efHPC0/iqMWHt7rnH/u7+7iwf0NnL94CZQxMCZ1kpBZND9KSClcYkMSJ6jv7GF+4fh9N3Z2dozvht/RyUcUQJJ0HPCY/8i75jzPA6U0J0HmnGsyS1k50XT3IVeJP6aF9uOClMZsl5BUWh9FCIIAPGO6zIZYoyRxPkI2/4DRXThKCkRRmk7VAULAKO3Y1uP8FDzfB/UY4lbLGf9CUFAZQPmJIUKHQ7Yr1nZztHdyALorcW1tDfV6HVtbW2g0Glg/vz6WB8XjRiEM8cLzz+P+gwfYuHMHzWYTy9VlzJQGR7tmUd/eBmUM586NL03pBcoYCsVSThky0upmZWUFN2/ewu7ODubHNR3xpSM4hORIkujEtB3rGEvubtphWvf14pIYQzz9YGCMgTIPSRw74iPhHEqpE7GgfFIwVXLDylGitPX2SSI3LDzGdMuxTL0lADLwurIRiZbcYMfcuWEhhHAPXztbn1YXh2bXU5Ng3cXB4XtejuwixANpq1rYhefY4xy0sdbu3h5Ks8d/nrvhJMlTekExBcESUM60bMWUV7hIwJsJfF/LVh7boQy5oUsvXsWFZ59DaaYMAAgLBczMVNyC9PLVVwGklW5dXRtliqdf63nM7VKpXMbZ9Wewt1NHWChgcTmtJCnVeyK/VF3B85df1rrrIXbBxoGOurimRi9r0WoZcscaT2YqYVmvjvmFRbyXKBUhAAAgAElEQVT589/g1Jk1tJpN/Omdf8WtmzdG27iB9t1gZrGr5Qk3vvwM9bo2P/U8H0EQIopaEIJja/M+vvriOq6++gYYY9pUVCoM00utTBs2T3hPKeXauQt49vnLXX4XaDebte+p5xHWM2n8ZQExMcP2D6DwxfVPcmPjhWcvoVAqZeQh1jCUuE03GrtoNHZH2rbvB+5e6ia/IlbCIq1vhiF0MokwlDFjKE1w67sbqNU2O95HKokvr3+Kc+vP6Aqt8WJJ1HCf4SSIo/Qaru1q343z54/fd2Omj+8GzfhuEEKm5rsxCLpDNUwlK4BbjNti4zSRlYuqif2NTi6kUojj2JEbAFwXRfb7Ngq7HzhP4BL3iO78IhkPG0teisz5bC/6ujleF3Pmxz0b0QlNJcRx5CLBoQhIHIB6AtLnfVNVLLKeHBa9UlYAYGlpCaVSCZtbW/j6q69x5syZoWNSjxunT51CuVzG7du3cf/efcwvzGN5qbNjpRv29vZweHCA8+fPPzZ53kgz77nZOZRnZrC9s9114j9UogpRIL4ATAucdpYmU4mInARSKcRJkt7whA5dGbfRlEkc684OcywkDLRXh11ccQ6lMJRh1986HLkhVaabZjJZimuNM87xTxq5AVi5+mgt0glPUjmGUmDMy2uljxGMMW3mS4j7nHXFYfwuDqkkpOA5ozz7oJVCQDEPIuO23y2l46h5hPLMzESGULu7OwCAsHQyzvWTDBsrSxIPJCNbSWNlw0dijNYL/e44SilevHoNq6fWcpXvVBaUj6CljI2VFENIOrkkhKBYmsEbP3vb/XxhcTm3fdUjCcPzA3h+oM0nxWAZiB6DtEnlMHGzFsxjufS0xv6+mxgSAoDaZA2CRmPfvS4ICli/+CyIiQydW1gEbg692QxIWvk33Rt7u9u4/vGH7hVzcwtYqFaxvfkQ29s1KKXw2cd/wbnzFzG3sGgSV1jv6mQWJjlKQZlOjs7POAj1QlMv4M0vpb8O5XyD9FTbkgzWjHZckpKaCqqNGSaE4JsvPsXNjDylUpnDpSsv51JUCFHwmIcgDNFs9u8+IoS4IpHHfDDfR6k0g8rcPJaWq5id053A/eQiCvrcSJHKSjQ5ZT5DRtE6OsL1j/7ifme5ugpCiIskvv39N/jq87/i8tVXdVqNzLeVTxP2HeOo5SQB2zv7iKMYl55//kT4bsxnfDdy5AZnLukQAMKg+FhJ8G6SFYskiSAEHdt3rB1WhmG7rJ9W2IJt6iUYgFv/wChOvz8gkl0ImUs26iZtzhbQLIhS+hlBtJmoNmsmk/CyU0cQhGCUIYqbaUcTZ6ACUAGHounutt8N3aK8s+glWcnGyd67d093c6yvTySHflyolMt46coV3Lp9G5sPH6LVbGG5WkUh7H1vJpyjVq9jbn4eKysrPV83bYw8815ZWcF333+PnZ0dLIxZ3dReHHCDaRy3QEDgDbjJHimM0Vm2qsA5H7rKrX05wlyVjBLtm5AkaeqKkAIqAYInhORIEg4p0q4WbRrW7hrm/tL/zVR32k3G7ADQj6jIdW5kyI1xDEUduREnoIwhMAkeWeb5ScE4HS1ZciOOYk1unLBrz/M81ypJzD0zzsRKKgnBeW6RZh+41Gh4GWOQQqRO2uj0NIjjGHGcTDwQ7+7uwQ8o/PDk+u+cpNjYQVBETzggBFhmMq5jZVuZWNnO61snN0xuCmlhEyP6nTullG7NlyqjIdeVaR0vqhfZSincvXMLtQf3+2zQvmn3H8dxlCMFAOCVH7+FxaWV1KRx0EEpbRRnJQHOJDL7NTENFzDxt4QMLHHZRyulFIvVFdw18a8HjX1wnsCmuxAoQwIJNPbSjoCFxSWTPjN+pZUgTfiwHQuEEHz+yYfY399xr3vhpatYWllFfWsL7/6v/wlAm8B+9smH+NmvfueeQUKkHWe9N0rMawUAH4M+ASmlOcb8CRWZ5Bf7r+d5Yz+/CNUEiU3OopSivvUQH/zx38GN9IcQgquv/hhLyysQQntf6Ko3wcrpM/j1P/yTMc/slK5QxuD7PvwgQBAUEIQBfD90pqDt3SjFwuBJfZbc8DzzGRpi5svPPsHmZmqY+9wLLxn/Do7t7RqklPjrh+/jzNl1zM4vgdnP8BFV7nkSOxPDg4MWGgdHWFtbm9isehKkvhuVnO+Gu6YkyUXC2s/rOGAlK1wIyMyzfNSo4kEgoFDQ14BU2g/saYKW+Qg3h/b9wPkHJnGc+357B2s7bKJkHCdmDO28NjRRqudw+nnRZ47d4/vDdEw8CjDPQ5GVEUctJ10mioHEFMrnkEwOfH72mgv0IjkIIVipVp03x2effYb19XWsPiFxsufX1zFbqeDW7dvYuHMHCwsLWFxc7Hoetut1KClx7ty5x7qPI49glUoFlUoF9Xod8/PzHQczlBcHAFUQIC0CSH1jRXET1hn7OKBdnUPwnA5Qt2QN211CzE3d/r0gCDXJYc1H4wRxIuF7T0YHgcrIB7Jfpy9wfw3xZppEklJ2ZY31Ij6egqGoyJMblLqY0CfB2Kcd43S0cM5TciPWcYcnjdwAtMlo6iviQ0o50uctpO7Y6EVs2AmTBRdZc1Fdwcji0MhT5ubGN4KL4hgHBwcoLxwjaTsk2rsMTjyYgmAcVEg9KTct1UIKNFtH8L0AXhC6+9xVq5k2itSTsH7HSUBtV0H768yigDJqFor9Iy+V0teilkbkTbWpWTBGrSauf/QB7m3c7BxFR5zxWaf8MCjguRcuY3GpaipnFN6gZAJ9YowfQ5actuS2/ma268J+r79RptL+H5SgunLKfXd3u47d7ToWl1dAKTULLmBvZwfbtYfudToadQIphjsmTXL4npakffHph/jy+ifuddWVU3juxZdQLM1gcamKG19+5pJmvrj+MQqFIl576+eaHAEMUd5vuzpOlpBkqMWZfrTmryeSPf/m67RrZ6TTYH6HgJnYXN29QZFELbz/7js5omf94nO4fO0VZ/IopQJV9lwSrF98Ln1P869y0bCWwEi3q1OshDkPmkiz1xodIjHDfoaeR7VXgOeBMoqH9zdw/aMP3OuqK6dx6cUrriPq3Xf+BQCwu1PHn/7we/zyd/+IQnFGX78ZOfK0IIVAZHw34jhBfWf3RPlu+GFnTDUUQOP0OcWoN7VOiXFBKQXMdbe9vYtyeUbPDZTsa4I5CkgmEUlJ8VRFxQohdNHIFhQ9z/kfaemRXpNYor4ftLxbujlVLynLtCTPjytVpR2EEISFImhCjbIARrLigzIBEQz2fWovGDnJZY+UFUB3RBQKBdTrNdy+fdt5cxxXt9coWFhYQLlcxsbdu6htbWG/sY/FhUXMZcjcxsEBGo0Gzp47h2Lh8UjeLMa6IqvVKr777jvs7OxM5oRaEEATzkCuFR2hSEqPxLF5GFAjW8jrAAGlIsNyjn+76d/PG5ImPHGL7scFpQAhuG6LHuF4pqmDjONEV08SnltwT8tzQ7fTZSJgCXns53macKRPG7nRr6Olo3uFshPbNURIvouDcz7UZy6khOBJbnGVIzZ8r+tkyF4bQHd5SrPZxPzcHLwJJjx7u7oCXfhBnvLIIJkEWAyaeCDCcyuq9lhZbc7rwfOYIxUAdJ09SSFACNyiK5u0A8B5+dj3IQQ4PGj03U/OBSwvHIaWYKFuAUgANPZ2XZVsGojiFo4OD/U+Ugqq0HMxZzXo9j60+9R5frIVOQJlzDaVSs9L1/c3hqRUKSytrCIMCojiFuIkwvc3vsZSddVIP/SE8PsbX7m4z0JYxCkTjTput5GdxFNYzxJNbrz3b79HbPabEIIr115FsTQDpRQKxRJeeuU1bP/LJrjQxuMf/vnfIYTA6z/9BZjHQNVg9kmfU7/nflvJCSHKyC463iH3XvZ7+nqyvhjDkT+2i8jzGDyfuefHxx/8Cbe+Tz1NZmYqeP0nPwdjvvZI4tqkkFKi+TZDYlCqO5DsjinrnKHyNQ8FAESbs7aO9DWpZSvDdVRRSkDggXmapLOLtZ16DX98519xeHTgXvvSj15DqVwBoLtxbt/8Fhu3vwcA3Pz2awAEP/vlb1GZmweBl565Ka2k4qjlvq7v7MMPAlw4f2E6bz4G9vb3sHHnDkpzAcrzYVc5EGv33cjIyI4TvudDSYnyTNrhk03omBSUEkhHcCjgKeE3pFJIzHNL+2uwrqTEMIVbIWRqRKqU6cCa6u6eOPi+kaxEabwzEQysRaCCxC5XeyL7nGp/ZvXq5vA9D6dWT2G3sIfa1hYODg6wvr4+taSRRwnf93HxwgUsLy/j3r17zkB1fmEBpVIRtdoWypUyTp86NfjNpoyxZt+Vchlzs7Oo1+tYWFgYv4sDCqQggBZxA2wraqJQmDm2WFWrA0wSPamxVeUoihCE/SOUBr+3/l2bBf24TB4tqaG9CfQNyxRAR1zwer4PRvPxTlrX7Xoe2xTEub0wL1GwtgZxnEAlyg2+7Z0b43huCCGdYZAlN47b32VSKKWd351MiFBQ1vspk+teMb4jJ5XcsHBdHEMkqQgh9PVsZidZ3adtn+xF3gnBc87xpC0ettlqgXOO+YXJYvx2dncRFCiod7JnA91y3Z80DIqVLVcqoDQwkhKKxFRnDts8BBQU7tz6Hp4XoFAsorG/i9s3v8u95uZ3N/Dg3l0IIdA8OsTF556HF/QmT4mRdsRxAs9jkMZTIXt5ekGAn//277G7Xc8Nm8otGQcjilrY39/Dl9c/btv+4N9tHh1ip17DTLnsOiiTJB/vGccttJpNxFETR4dH2N/bRRxFWL/4LC5ffQVJ3IPgUOa6UhJSEiwsLuPshWfw7defAwC+/vyvWF45hfPPPAdKCW7fvIHPPkk9MVZOr2F+ccnJXMYBIXCyBEIIvvj0Q/zxnX9FkiFlLr3wMp6/clWTBsZE9PnLV7G3vY2P3v+j9tFQEh998C6E4Lj22huYqcxlSIZB+9D9g9jf20XUOkIQFuBiB6U0xIImqTnniJMYUfMIhwcNJHGC+cUlnLvwLFw3xBDbd+SG5zmJzsfv/xGffPiee53vB3jzF79CdfU0pDD7Yf8QAimUjpTNxLN+/82XODw4AE8SFEolXL76ivYfASBlRr9OPRRLFTQa+2i1DlCplAdOQAkxre8eMQSQJilrmw/xh3/9H3j44K577cXnXsSzz192n0cQFvDjn/0Sjb097O1tAwBufvsVolYTP/3l71BdPe1kT8NE9Q5CHLWc9HFnt4E4TnDp+ecH+hs8KnDOcfOm9t1YXEnTDnIVZk47fDdOSodrwhM9X8wU16bxOVlkZRlPi82oUjqd0iaaEELH7orXEsu0UDhMysqkyF55xzkbocxDoVhGErec3IwoChKFUAGHZN29qnp5cmTnnL1SVgBgfm4OhUIBta0tfPvtt86b40norK2Uy3jh+eexvb2N+w8e4MH9+/B9H4ILnD37eKUpFmOveqorK9i7cQPb9TqWlodzUe0GRRQQcpBIs8hKKbRahygWK8fKFPq+1rhyY5yjPTSisToKLFyFzrSJPsoHiTIGZ0LK3EPBmgtJKTDOx98hwxnjVHR0siQxCKE4OjpCwbQwUUIHts61Q8ju5MYTMDb0hZXXxBn5VBIn8I0Zbhaa3Mh0rxjfkZMOPZH1XPxjtyQVYaJ+7cMijhMneaKm7XrQPcWTtCJPaOd5aR4dgTE2UXTX0dERWq0WKktPNrH2JMHGykJw3dFhDB21l1ICKQMAHvb3tvGXP/479na3td6W5ycq1z/+C775/Loxh0RuEQwA337zRW7m5Qchlqv9vVooo0Cif8lGXGbheT5WT61heWX8CkfcaqG2+bCD4BgGDx/cxe//x3/V+2dkIq1mC5zrWGkphK5kKU262H8JIVBS4sq1V3MGdFlIl7giAaIlYVeuvYKNm98iMr4h7/zLf8OZcxdQKJTw3Tefu+6NwA9w+dorIEbSOC4BZyeHh409fPyX9/HVZx/numVWT6/hxz97G4RQCK6jKbUnGMOrb/4Mh4cH+Orzv7rXX//kA8RxjB//9BcozVTSmMExcOPL6zg40N4pSkgIwZHEiTHPTZzM0B6/goLvBbh46UWcO38RADBozZfKOwy54Wty45MP3sP7f3zHzQ885uGNt97GC1euQZrKbdaPBUo53wpKbLeGwo2vvtDdEQRYrp7GM8+/CMZ8KBAoUENwpftTLs+C8wQJj9ziv1QuY3t7CwBQLOVNMBkDKGWOVLn9/bf487//HrWtVMa0uLSCN376CzBPd50opcAoxcqpM3jrl7/FO//y39FsHgIA7t+9jf/5X/8vvPrmz3D55R9BobNTa1TwJHELocZBE/uNwxPhuxFHEVbWK2nTWpbckAQ0Ewl7nL4b7ejqHzHlxXU+SWW8+fBJAyEAoQxKisxcMYIaw8NOP/uUllhCjw8nFUlbN/g0QIgmSSmlTnYGACT2wBiB8PnQnV+pwbhGv5SVQhji7NmzqNfr2NzcdCTH7OzsZAf0mLC4uIjFxUU8fPgQ9+/fx+kzp1Eplx/7fjQODsa/o2dKJczPzbkujvZW72G7OAAAVJMcaOnBVimFqHmIsDhzrItTWwnOLSyTGEr5I3df6Ip6pr9ByekbGymtQ+8gNdoqjI7kUGo0kmVKlGp7tG4cJyBKoFAouAca69PW2w1CSiRRBJCU3PCeona6biRHHCUIwpTk0ARAhtzI+I48CWAe011TpovDVrs1acNh6yzZjg3GjB57iM9ZKYCLrDzFa/u5wuHREZYmbAvc3dsD8OTJU56EKsFAMEC2+XPoJAYJKIXm0RG+u/FlLgozC6UkWpl4x3bwzMLYamQHLbyz51UIiW6PDsq0iea4JmtKKUSZ9vhBaH9eb272MTjts00hRRr13AXWs0EIk4YhFU6vrePy1Vfx8V/+BEBLwr79+ouO371y7TVceOaSTr0wng2jwk4skzjGO//yP3D71re5ny8uVfGTX/wG5dk5CK5169KkbOnODw9vvf0bUMrw5Wcfm0QRibu3vsOLV685OcQooJS653MUR7j13Tcj/X4Ut9A8PIAw46PqWn9OJT3Wf6YfuQEAL7/yBq6+9gaklOY86LYZStPUFtklIjeOI0eANY8OdLoOAw4PD6AI62oi6vs+CoUASgoQynB67RyODrTUZOX0GRDjyaLlOMRImCQ++vN7+PyvH6LR2HPvNTNTwU/e/hUWl6oQputESQXFJDzi48KzlyAlx5/e+f/c7zUae/j0wz9j5dRpLFVXexJ0w0AqiTjRY0YSJ9je2Tt234179+87342goAec9nZ5GqcDEaPs2H03LKSSOf8Iz/MfSeeAS1Ixc9CnBYHvQQiiO+/MXIrzGEqxobuZOdfjoPPdOIa59LCb45xDSAEZCfi+P/Xuf88PQBlD3Eo7tCAYmCSQAYei3Z//7fOpbvOrXpIVQMfJFotFbNVq+Oqrr7C2tnasY8qoWF1dxXK1OnYa4qS4u7ExGWW5srKC3b09bG9vY7lanWhnFFUgIQcivUtCCUStIxSKxxubQxlDQCm4SVYYx3wUsIt65DsX4mgqN6SeYMqO9r0sscEoBaEelBLOjFFwMbJMZVrQBBHREY9tDxj9QBv+nAgpddu5JTeg5TQnpdVyWuhHciiZbyekhAzMNT9poISAMk+n9gBGIiZhmTV3jSgFz/PA2GhJAiKzqNXJDflr7Kh5BKUU5uYnk6fs7u6iUPIwJS+0x4onKVWlHySTAI21bMWQG0opVGbnsLhURat5ZKq2xJGCmizzdScQY2CUgfk+AjPBCcIQxWIJldk5lGdnUZ6dw+zsHFqtJr66/mnPfbHju51sthMiUgi8/8d/w61vR1voZqEj+qKhXz+/uIRm88j4gRAQpBcrpRTaCJ8ZnwVd+feDAGGhiNJMGXPzCzry7dQZUEp7PgtzLcdK7yelHl79yc/AOceXn33SQTZ5vo/nnr+CV9/8KZRS4KYiP854riUkgB8E+NGPf4Kd7Zpb5J5ZW8dbv/wdqqunUjkG5y71huiTg7BQxC9+8/eYm1/Al9c/RhRFePUnP8fqqbNQSuaMY4fBcvUUalsPnUGtHYcIdNs8oTaBgJpYReYidmcqFSwuLeP0mXPwPG8AuaaMB4j+fe1BQ/HXD9/HB3/6N9ctB2g5zutv/RwwHRdWfqKyz2FlIrilGkg2EUIQhiH29hs4PDzA/NyCmwO5t1O6M4MQ4NU3f4Zrr/0YAFzcs5bTSijT2UspQ1gI0Wql0rLFxWW8+favsX7hORNzzCG4NUXVPjme5+GZS5cxU67gz394B1ub9yClxLXX38RS9RSUkggnML+Lm00nn6qdEN+NuxsbKM2FKM9r0qL9OtG+G9Z0UleqTwpsl6X2j+ie2DEUlIIwnTwd2+BJR/feyAW/EwzGGAilLjQB0H6CUg5ecwiZetgBmvw6LsuAQYS/M1OFvsbjOHbR1NMEpQyF0gziuJV2dSoKGgU6ZcXrTvC3z6dGiZIFgFKphHPnzqJWq+Pu3btoGG+Ox23WOS6Oi9y4/+ABGo3GZARHsVjEwsICaqaLo729baQuDgCKSZCAA4ZZFpIjajURHrPpESUEfhBq81HjnxEEAFQEbwTzUf2Ap+miPooRJ9podNQBRAoBbh7o2e1nSQ07ObU59wAgJHEEx7gylWlB64DTGF0AxuF9+H3S5Ea6sCfQmvan5UHVjl4kR7a7gRI8sdIcz2OIHcGhr1P7gCZKGR3oeBGJ2YUUoZ0VocPDIxTCEOWZmY6fDYtGo4EkSVBaOBnVsL9pEO3PwVkEobSvS2mmjF/9wz91vFSna/ggLnHF0wvNTLRsdpGQ/bpSGUx0awIh1ftnK5IJ57hz81vXog9M7khvnfLTHYYheYCZyhzeevs3aB4ddSx8CKVglMLzAxP16cPzfPccyXZ+KOMkqZRy0sIuB24iXo25NSWQSsH3Q/z813+HtfULuPHV56hvPoCUEssrp3Dx0gt49tKLACG6Is9Frp18dOjjXjt3AS/96HV89dknOHfhWfzojZ+gNFM22+C6U0xIIBvVqhSU0uTAj974CdYvPova1kNcevElLbsZquUmPcenz67jZ7/5Oxw1Dtz5saCUgnk+fE8TbczErXqeD+Z5mrSn1J13TcSgpy+Y9hjSP7ft6Z9++D7+/O+/z42FZ9bOY/3is1btZ+YKnQelZa9ph8QwKBWLiJME29t1zJTLKM+U3b5l3xeEgjJfExRCACAmHUt3jAihu2rOP3MJX39+HXu721hYrOKtX/5G+4VIZYy1BTgX2jNFUgD6GeIxhtXTZ/EP//n/wK3vbqC29RAvvPQj58ExrrdaHEeuqru9s3/CfDdKbkGV69wQNOdVFPhF16Fz3EgSLcfSnby6C3coGDJDmahlKZTrbGJd1g+aVOS5oomS8qlKUqGme0tmupNsLHQ/iKw5PSEnMnkP6DRTBXQRgXOunzHe9LtOgqAAShiipOVMoUjigQnTzdG2vW4eHN3+3y9lhRKKlWpVe3PUarh+/TrOr69jZaW/NPZvFc1WCxt37qBYCSZf3a6srGBnZwf17e2pnHDlSQACJNYDDRcJSESOnWF25qMgEBl9m4jinExgEDyPgdDQ5VDryNgEHhu8sNeto1IPWBlNZTdSgzLadZ8YpUhAxpepTBmMMYDo80EIgR8M3xUjlUQSa+mP9WPww/CpJTcsciRHlIkfjmLzQAqfSHIDsF0cTBOJAGC03myI+6MfpJI5rTxj+YkTFwKtVgunJswg39ndBaUEYfHJnSg9LV0cFhISnCYQKgHhwPxCpwQpd7wZywClVFrpMybKtisAUJo87mP4a2FlGoAlltuuvyTbXUQwN7c4cVt2eXY2k2ShICUx8gtgcXmEZ7U7H9pPw54HIYSOoGUM/hDt7YQYmYNQAFWgFLjw7CVcePYS4jiGkiI125QKggsnOWBgY6ccKGt0Comrr72B5dVVrJ09b7wXdAVQL46lWSClySTp563gMYb5xSUsLC0bqYpyJrIDt2/kOZQxrKyuAblhph9ZQHI/114cznoIAOmaBAWknUOaFJH48L138fEHf8zFaa+dPY9zF58DlMKNrz7rSVww38fyyioWl6qQkmjvtH4wRIlnjAmLhQKSJMHR0QGKxVIqebHHYUgOQjy0Wk2z3ybSNLMYKM2U8eYvfo3DRgNn1y+gUCoZvxBDbiTC+ZUQosAT5bq3mGIIwgKev3IVz4kr+swPbkbpCcET5/nVOGiicXCEtbNnT4jvxmz7pQNA+26QTCSs7wXDkwhThI5YJrlzb6VuaVLccPPqOI66mo+62Pm2aFmlVEqYmmddt3mjHivpEzuXkkppryGzRhhmDsWN348lfo7j2mhHNw7ZmalCkxv2c8rOhSMpNVncNj5yzieaS3q+n5GsmDmlZKAR0d0crHNsbPfgaP+/Rb9ujtlKBcVCAVu1Gm7duuW8OY6LTD2puHPnDgglmF8uwNvc3JyImCiEIZaWFlGvb2NhYaHjZI/axQEA8IS+qhN9YSbcdk0cf1XU9z1QrqtudnGpzUfDoWUVjFKQMEASpx4UXGhTO7/LjadZbZE+q2ie1CAgLhd+mAcCY3Q0mcojTlew52MUSCWRmM4FS24EfwPkhoUjOeLYkQHEdBo96afAYwyx0GaMupo+OVmQladQ4nXMao+OdNvzJPIUqRT2dncRlp9ccqNXheFJBpcCcaL9KRj1wRQFkV3GSUK03CDriahUl6/tuRku5hKAWdDpa9AZNzrkx9eFxSre+tXvcGbt3ES2R4yx3CRKKgGeaKJjOIWzSs+F+1eTO8qQHYwRhENOFpVSEAJQShjSgLhEGT3h9N25kVKAcy27lFKB9tA5D7tdKQSU0sbVZ86eh1Q2jcl0bwjhEsYsnLGn0slhShrpBiUZY06GQedSe//oiTCh+XOfW4Ma+YeCjSFGTsJij8VCj4/dt20n0HriT/Dhn97FXzLlwMAAACAASURBVN77Q8fr7m7cwt2NW333HwDm5hbwq7//j53b6fM77RKaIPB1dV1yKIWu4zrzKErejP78E27IIf1ZSAFISnB6TTvyW/JRS4uE8w2w29QklEDCDUkldVeHlutSE99MRjYzB/T8wxoP5nw3Tp8e+b2mBee7sVpCUEhTg7KwhUPA+G4cU+HQmoj6vl54ZxfjgC1oDH6OJiYmPlsQcTDXgRQcQmn/mPZYZVtkbKcplUpDAR6Fr8PjgCXN9Vqht4zQQgiZdnYZGfBxz6dzEsfM/xMeQ8EeG3GG+9wkT9kCbmIkh7YLRUo5lQ4PSikKpRLiJHKpbFAUJA7APKENSNuPpYsnR3sxyaasAN27OXzfx5nTp7Gzu4t6rYbGwQHOr69jYWFhvAN5yrC5tYW93V3Mr86A+QzeVq2G5Wp1ogt5ebmKen0b29vbWO1SAR2H5FC+AFEAuCE5DFN+EkgO5nkglLrFZRAGSJIIo5iPUkIRBHl5RhzrhIj2G8+az+XNQqnRig9HauS2zbwTI1OxGOUYpJJOlvG3SG5YUKqvoTjT/fI0nAJ7XNOcVOQq5F3u0ebREWZKJRTC8ceXvd1dSKUQPmHmot3Qq8LwJEIqvcjRprVGrqcAwhmoITrs4h2EwGMBmOel3zPIfkUJBRshAtj6LdiqospRF/n3Kc3MoFKp9KzMDw9itk1BiQQXClwJgA+uWiv3V7qozp4P/bUEIaNd63rRaWU6cF0Q+nmkF6yUmg4OIc15IhMRPUopSKWgzALYfk93h0idEtMjisSSI4mSkFQbbtqTRymFGvIj4lxAWZ/UPudeCgUu9MLe85jxqSBgLD8n0EPj4OuPEP2MH4bE6Ic4brkElSzaPxfBOe7f28Da2fN5iZSDPmG2A6oXgWo9cJIkQYtHevEiJEB4xvBUOu8Ubj7Hjv1TgBIC3HTcMEkhKAU145uNvB0Vcavl7ouT5LsxMxeiPJf6bmTPL0s8ZC/Y4yI3rAxFf53o68qcS1uNH8bfznrmAAAI0ck+xrdGIX3mt3tt5AxFzZivlMwRiZyncfKPytfhUSIv9QH8PlHmgL5Wch5uE3bMPkroY1NuPeT7gVs/eGZtxpPEkVdCCqhYwPMDZyYshUAk5Vj2AFn4fghGGaKomc6XOAMVgAq4tblx6NYd26tjtkV7x8kuzM9rA9KtLdy4cQMrq6s4v74+9nE8DYiTGBsbd1Ao+yjPmS4wzjm2Nje7EhPDohCGqC4vY6tWw8LCAoIRZAb9oAIBoggg9FWSJJFeyI1g7vmoQClFEIYTmY/q6oEPKTPmcAMWFZ7ngTI2tmYUGEOmYn9G0HWSM8p2J4V2xG8jN55iz41BsGSAfcA/LZgmuSEF1y7/gD5PNP/gjuMYURxPFHcNaHmK5xMEhSev2tMNT0P3hoVQulpPJM8tCwkIkLBcR0eECJQyE03YY5LHoGUTI4BS5tJGei2oASBuRdjafIjd3e2R3r8dnuejunoavh+CMgoiiF48WxlClxb27lBdH0vjXh+2iioEAaAlM7o1WlfttcySaDNLdCa+5Ctew91rUkgIKWFUHVBSP8uUHBw/q5SCEroDwHZgMGPCOSykkPq8k8G0hJK64yOOIoAQ0xXL4Qe+2S6g2mfOfUBMZ1IYhGM/vxeXVnrGRGbPQxRH+OhP7+LL8idjbQfQ90mxWMLrb/0cpZkKlFLY3d2D5zGEYQhCzDEYkkp2MVhvh+3sSBNyiDFwHf0ajuPIyR1Plu+Gh/lqsbfvBk/vozAoHIvvhpTSjYFZOUH2/8PIIqSSrsOiW2KcvR66pqNIQ1RS2iGTATqlMrbDWiqdUHLSIdtSrTzPHzj3dpGwUeykZScNBGliikW3QAJGKVgQIuEx7FI0jhPEcWyKoel1N6w9QL99YsxDoVhGErdcBwxRDCSiUAHXhuf29X06ZLsRHf1IjkIY4tzZs6jVa9h8+BAHxoD0OCJZTwLu3NmA4ALLy9pD75utU/AqlQq2trawtLxs2i3Hw3JVExzb9TpOdWnTG0uqAkCFHKTFAKn3LY5bJqP++HVH1MhmYp53KlYqMikeA8x82tyKAVOVkAKkx4A0KblhMbJMBfkq+DgQlE7UgWNdkpWSmfM93Ur/k4hHefxp9VZZMbtb7NjOIpj27ezvuPZoU7mm5msQ+tiJmGwEICWd48ZRU2u+FyaQpyRJgkajgfL88Y9LP6AX9HWZW84SAIEAFdTFygIwZoccvhcY2dfk1yxjNCU4TMdCN2xu3sP/+9//74m3t7S8grfe/i3Orl9Mv6nSe3rS2O/JjD9TokObV2qJwTATzkKxhEJYBBcJlqrDyWutpEYpTXKo7HkYYX+V0JNQCTKyJYj2kxh82gnRUlUOPXbFse7yTOIIyvNHNv0jhOJ3//i/4ah5qI0Ux0AYFlCuzA7cdyE4NjfvAZtjbcahPDOLl195HaWZCnw/wPz8Ira362i1YsxYE2jznBn2c8y+VhMAoy9qBOcn2Hej7LxPsiBSGyFaaN+N4ykSJhnZhI1LtoU2YLjFOICc9xoFOhLjCKGgjDkCg1Jq/Lw6CY0s2qUyuoCUGljGSp7ohD6pFGJ7jsNgKN8NJ/PJRMKexOOTUoJbcmyQpwixnR3CEB3tUcDEdXho8mpCyQohCMIiCKWpZAXa74YxARHkJSvdOmR7zTFatLdkBQCWl5ZRKpawtbWFL7/4Amtnzx6rVO44sL29je16HXPVIvyA4ZutUwAAb3lpCd83GqjVahMZ7AV+gGq1iq2tLSwsLEwUu9UOVZAgLQKYKlsUN3Ur8UlgGa35aKInxKkvRww/CPoO1oxSsLBgIqu4S1ZJ2okEXbKZ6m47mQohg2UqSo2fE57V4IYB4jgai+ToIDeUemK1kccNqdK27KypnvsX+Xb0idA9PQvWqZ9aHwPbgUJI+n/Q4awCBoCLjP9GF13v0dER5mZnJxpPdnZ3AQBh6cn13+iGp81wtBckkwCLQRMPJFPpTHgMzhP4QQDf7z1ukUwViTEPlHReB7bbIEm0yRnnwlWf5hYWJ+7YaEccRc6w8dEgf10UimlawahjvE01gJGT5OEYVQDA8y9dxYypUi2vnEKxVHKTxbBQRCtq9rhmNRE76ajWruMH8sfr+/74zpUZeJ4HSimSjJm07RIN2+QFpZkyWpH+rAvmZymJIxEUigiLk6XRKWidvpLSHT4lBLNz8wj8AHES9/39YeH5PsqzlVwqH2UMi0tVHBw2sLuzg0KxgGCiRXonMVIsldFo7ANA1/mrUkrPPXECfTdWSggK3cl1miFutTT6+KQpOd8EP4BUyskJho2EtfeAnQd6XaS5xMzLRwXn3JlyEugCZsITCM7TUIAoct4h7cfneeMlvE0LPGMqSkDhe4N8NzIyH+u7cQLn1M4ThaTk2DCd8sxjICx0foeAftYEQaCvO9vhYUxJJ5GsEACBH8KjHqKomXYNCwbaIlBBkpOsdHtG9Ztv9evmKJVKOHvuHOq1Gu5ubKDRaOD8+fMTSa6fFAgpcWdjA0HRQ3k+zI3rXlgoYG52Fpubm1heWppokr9SraJeq2F7exunz5zp+Pm4XRyAgioIkCZxA3UUHYGSmSnolKcD3/dAKclNRpI4AvxgoEmi5/kglIHHaSLGo4Q13AKIYza1Pr1318ikkEKk5M+IJEe3zo1uD5gfkIdUCkoKbVArlY73U2LiCf404NrUlUSH52IGVlcLUNNSTI3RHxuqyqAnQ7Yln7okB4so1rFik5iLAsDu7i6CAgPzT97k4AcMD+lzEMb1osB0DSoo3ZaecPhBmFl4pXdSsVjA2rkLaOzvwfP8ruM4Ifp6tktsbXzpgVGKZy69iNJMZerHU5mdy/lpTBPEvK/20/CwVF1BzcS9Lq2sjjY+t7Xq5qDgiA+lFIrFEp578eXM6/W/zPdRPXVaR9v6frpIfeReMgQLi0tYXFxGHMeYX1hyco5Jt2wliNbUXC9e9DyDMQrGNBFy+uy6MzLVKS9WV6+lPzoqfsKdyRo1EuKI8LMXnsHZC89M+OZ5+L6PmXLFbtahPFNBsVjCTr2Gg/gQM6WZqRwX9TycObvuulSXTMpQdtuR9d1QClvbewjC8OT4bsx3n08xno5jgO7EmUbRYFRoQ1+eekL4gZZOEQIWhuA86S0HzEDHAKfVcG+KRS6bIOK8Hczq1/c0WcAznQAJ11I/z3RTca4LnFKKYyu8JYk2z7T77wV+f78fJXUSCdELfMZOrs9IksTanzDQ8cGj2BRQQhGaa4xzDs/3U8+6NlPSSf1WFPR6qVgqI45aOiADAFEUJAp1yoqXVv1G8eQA+qesMEqxsrKCQqGAza0tXL9+Hevr61ipVsc6licFGxsbpoNNPy9u1FLCmbzzh/dU1Grh+5s3Ua1WJ2ajHzx8iIcPH+LChfModMmfHo/g0CCKAC3fPXUIISgUSseiJewFKfWgoUiadOJ5w5uPcp44N/esa7CFFwwfSZuFNVWTkuf0qpYwYJQ+Ug2pdjdO2XE6pFwlR26YNsYfyI08tNO8gJD6oSuFgMRgbflQIHmbPwWVTigN30gIIKFj+exrQMz9qqg2CzY+YgQUHWHhE4Aa0oJ51HytyQ+7j63mkdNLUxaAtVU06vU6Wq0WXn755fa3HhrNVgtff/01yos+SpWnU6LyNKWqDAsiCGjC0O4k6TEfYVhEWAj0Ytp0BQnjI6HbX0Moqdud45g70zpuEjt8X3sihIUAvu890vOqpELCEyQx11XUKS34GWOgjCAIAvi+DyUFoigCoBAEIZinUzM4ly7houc+KoUoajmj7WKmgk4IMaZ3Nlkh32ZOTNeXNifVkaHaBFZvP0k4eMIRJ3xsiUY7KGMIfE/7YjAGpQTiKNKTcF9Hb+q5wP/P3psuN46kyaIeCwBu4qYtMytr6enqngc4T3Su2X2P+4Lz51y7M3ZOV0/XlqmNqySSAGK7PwIBgiRIgptIKeVmsqqUSBDEEojPwz93aWXQctFVf1MIYfvPCSEol0sIAj9t0dRaTlMTglJCbthrTym9F/8rwJLmMAD3aFoILFPLFMPy99rnDoVOiZXZV43Gz3gcDBAEPoItVKGc2/PnezaBzhiTpm15nm+NKqWCiAXGoxEmoU3a6vUf8fQ8xt/+/vejtaYIIfCf//VfMETi+nsbCTtfGFFFQOLp8873g5UqtENBJ3M4uw8eOONbtZhbc3kr/7e+G2xvnhhaa9vakXg05M3ZLSEgZuailDGb+hZn1EuE7OTrsA2UUjORsMD6uiOKonTR0LbbH9/bcBli4Z6tSNUp3C/WzpSF0otjodJ61tcPSNVEm7bqzNdsUsSIRTT7zKVJy8pMkEQxT44slqk5AOsr1+l2MR6NcH5xgR9++GEnC4pTxfBxiP/zv/8P6u0S6hfWfyhLcHDAyvGajQYeHh5wcXG+k/Tv4uICnYcHdDpdfP78eeHv26s4YLPXAwES2hvYGIMonCAoV0+mZ4xSCs/3k97ZqfkojC7U98i5t7dQk3WkRnafD804u4FWKpUelyJKjhk5YvLg+JbJDWMApQS0trGGxqgcSfcaEG0HV2pgqE74Bo3UdZAkU8wNb6lFYXnCbCx5MTG2J9YuBRJLiGgkBAgpRIRoowGjoebU0YQQULBpTjmQu0I0mUzQ3DFia5C0p5TeQHrKMrylVJWiMMxAMQkiDahk6fUolYCeSAA12+dNrOkkYzy9xrTW05SOjJElZQweIaCU2YI8GaOBwyysGrhoPJ14UOzvHNp9d8knNo0i26ZiXOyp0WtFFK5lLVUUZoyvXZKJNMYSFAQzsY4kjZOmqXE3YBUy2tj0DKWLezUU/PJTv6yEYAncgo5xx1xBab35+LwEnsdBVaISjWNwziClsApQQuElz1IXresiVHUmYcTFJHLPg1Yq8fTa7MojhEBJgEAlrPX8+83UIJZaBR4hLlo3US9pY/0QVqTBqHSuEIDlzJ2qlRrKpQr6vQ6eR8+oVmobqTnstaEglfVTsUSavXbc9aKVgpASUdL+czK+G7/9Ol21JIuqJ2IAIqYkAmfeUcgNAJAZcoMQurV/nogzpqKJT83e9jHjW7GsVcYpAYSIZo0qk1bvbBriPnwdNoGbE9uxYTb0wI4PszthFRGzbT6nDN/jkHKxfvA2WDwG8oMOGKWgwVzLStKKtI3HX5bk4J4PyjjiaDI1R9UMLCJWzcGmxEZRTw6HVS0rvu/j08eP6PX7Nk726Qk//PDDTj5zp4g///wCL2CoX9hnb5bcADKldPv8HIPhEJ2HDj7ltJcUBWcMl5eXuL27w3g8RqVS2XpbuaAGKEkgTCaSRiOajE6O5PB9H7GYmo/CB5SO0rzmQ8EYN6lW+aRGMiGh1ObBU7oH6WpBbENyWCmadUPOroSdqpTuEHArSzYObwMvFGJNQAkzMNRYNQbRK3iDxYn4PIu8t5V8YgnLdR3x1jA/IT8cCaLIlARZAmMMFKbkBiEcmLvvxuMxtDFo7jjoDwcDlCp2Nfsdbw+GK2imQOTUn0Mn/fgGCkFQssR09j2YxlgaMx2HKSFAMhmVSsNAHpzgAAyUXJ80sfG2k1ZHATsmcb7YAmafR4ueFXmYneTNroVZMkVBJyah6d+ILTxsMTqbHGGy79PKjmXbftk52O9FQISCVmbRcNXYlUEl1d5UI4AtZAilUFIhnESQUsH3dRKPSVMyLe2tz4x5ro/dAGlCCxLvr01UsDPnQtCZ+YM2Jk0S4JwnxNP0WW3Ne+1E3z3LGV2+aGG0Rrf7AM8rodVenMxTSnF+cYXxeIThoL+RmsNoDSkJAEsCzV87SL5nOBklKoTT8d0Y9AdoXlXgBfa4zT+PaTz13SCEwg9281/ZFmnbRJC0FqyJK12+nfmCPNjbvDUWEhpANnZ0FTwvACGzrQ3OV4TSDNERxYi1frGWFTs2MKsayIQeKGXSBCbAtdOoWS+7E6mdVmHGkyi7eAwNvsZrZB0IIWAeh4qmJCxlbOPzlj2K7glGKUWpXEUcR6lBMQwFiX1QT0Fzme7DplhFcgBAu9VCuVxGp9PBL//4Bz58/Ijvc4QHrxFfvnyxCpXvrB+XMxbNIn3y+L6PVquFh04H5xcXCHZg9C6vrtDpdtHr9XIJjl1UHABgqAYJJBCdLskBZMxHdaagL2A+uimsaeQKUiPBMUiNeeyF5EgmSG+Z5LArwNbcKhuLlQtiYKABCqvKINr+bg+X2IIj+wtfOPY7zBEhyRyJZJQfRNOp+iPni+f5yIzGYwS+v1Os1tPzM6I4RqPx9s2cvqX2lHkYApg5fw4pbcuDEAKceeAen4kgtp4ReiZhKAvrwaELR51uuedwySn7VuCYxBdDRDZiUCmO7OJsYlcAYL2CA7Cr/cnQDqM0wBePy9QkdLpBQ+x+zCckuCLVKUn2CWNs8ouQBgTzkbGJSiFRnOz7uFNCQD2eJqxIKWeehVJKQBswzmAyzw7XJuXMEt1JiYUEo2ajdBaXKJNV6FkCJU59AJSyq8fZOYlVc5iZiE9ArJSEVys1hGGI25s/0Wi2US4vzikrlar15uh18Dx6QqVSWzsXTBUaOdeO+z5hOEr3tdt/hOf7J+G7UWn4qDb83DE56x8E2EjYYwzd83GrlJIZ5VVRpAV56kHj722e71RYDs4bZB0450lixtQ3z83r09AA5+uwYxTpJqDE1nJp3ZHxAzScWwJETusCqzp8PYroVCGfXTwGoNTui8fZZB6C/dcXvh+AUWYXRtxCoWCgEjC+hKHr21LysC5lpVwq4fvPn/HQ6eD25iZVc9RcGtUrxHg8xtevX0EZw2QooQVAtIShs+eM/c//6//+f9w/SqUSer0ejNGo1+tbfzhJUj96vR4q5XJq1pNFKB+33j4AgCY9/8pe0AYGWiqwHDnWMeFks1pZuSjjLJGLkp1ZXZkY5DhzJJOsMjhpNJD0kjFmpVwJI3nsw+O+ty3iFSijqVHdMjDGoJP8cqWmst9TdHzeFkopSCmsOZGIElPQnMkxVdDcwHAJwyW0p2C4hmHaKjUoCi8HrxtQT9p7wXWyUGO/O09+PAUwBcM0OKmAgC14byit0ev1cH5+vhPB8fBwjygMUb84bYnnO/YEAhiuQagB0SQpdLW9b+MISqpUieBiQVciQz4c8udQMCCQUti2BWUSP4rs5xb/bJO0fSilAULThJmi77VExvTHkQvZr7/vUSzvc9PPP3BLF6UUMAaxsN4qhBCEYWQ9N5LWKQer/psWm4wxMG5/lFTpdyB0nqwpDhc36T7D95cU4ElLkTE6/X9nHklJ/ryIcw7P8/H0NEQsYpRK5VzyvVypglGOx+Ewfd86LDuHcTxBnEQ+9vqPmEwi/PzzX/evSi4IIQT+8csvoB7B5Xe1/GOryExriucHGxky7hOUWv8US1DYc62VBmXFrzGlNWSSzmP9E5wPz+5whJzz3XDRskXJE0pIeh0z5qUeB3YBMZnTcpbOV7XZ7f7aBIxZRZclmXQyf9apv5/1MKFbJc0cGyQ97k7dbNPIlFKpkm1TCBHbez4h0RhlO3tW5J1lSq03FLRJU1YIKIhmtp5Ndn2bebckE3CzfGyqVirwgwBPj4+4v7sD4xy1Hea+x4TneWi1WnYsNgRPjxMEcgiqJRQrpcrFGYLDSRx7vR6azeZODFa1WkW/30MURWjk9CqWeGNPJAfmSA55ciSH87hwkzdXrO/KEDqCIJ/UoNZk6ERIjXlsS3IY87ZIDqUkpIgRxRNIGVspdV6rCFGAr2E8Ac01QPVGRMYyrLtPCCEHvZcORaAYGBhi4JOzfPXGaIQwDPHdp087mev+/vvvCKrszcXDLsO3Ehu7DoYaS3QQ65DuoI2yk2bke768RSilklVAs9CqswmcKkIl7QKHWFl8a1cuobYos+aqdiV6vgjUxiRpCfaYcsZBEv8XAgrGKRhn6Uo5WUIyrIJ7ryM3OF+dHmfPLwcSbw53zvkcMTP/nsAPoJTEcDiwCzc5xbvneTirnyEMQ4wnY3je5vNBrSSiKARgfTeGj8/47vNnXF7kJxi8BP77X/+N0fMIF5+qYJwujMXEADS2rSAAwChHcKTWFAfGqC1Ek3ke49SSHQVIDmPMzKr6vgtykliOaZhkXk43Xnx01/H865eReErKre6vbeDMma25tbJEAGepQmGb++KUkC4eO5KDs1SNs3HwBCHQakpImcSfxxrWb3+MXJuKJWN0+qx0z8mpeoiAKAYCAsOm7XKbJKwAgMAYHpaTHL7vo3Z2BqkkOg8PGI3HqNZqr1IN73keqpUKms0mWq0WKKUIn/vw1SM0YdA0mCU4ACtn6fX7UErlEhObgaDX66FUCnJbEHYmOIClJMdyd+/jwA42HEpKMM4AFMv8XgW30uDY8UWlxul8/zykJEcyQK0jOVwUF4DkO5ODJr8cAsYAWglIIRDGE5uak9eCQgxArRpBexLGS9QZmxp/bkggvLRi41AEitvuMkZ7OBjA8318uL7e+jP6gwEGgwFqLQ8sR07/LeDUx5hDwyqmVGKWmyE6tIKSAnTLFaXXAkJcBKROUlWKTQhde4tOYqyFmHozKGUjlw4x6XqLV2t2RZNg6iXgIKT13XAmj75vyQcCCspsy6rWtkBQqfoEhRU0WmsI56fBWeGYxTSmEvacFzUQ58yqOZ6fnxBFEUrlSs41R1AuV8A4x+PjIww2kJwbIAzHMLAF9n2nj2ariZ9+/LHY+w+Arzc3eLi/R/OqglLVy31uspinYxAlBKVy9UTGZ5Px4bBtIKxAAZr13ThUQU6XKB3s9b/jCr4j8TAl8YAkfeqFnglZotgtJoIQ+EeKst03KKWgjMNoBakyShWtEyXNZmocwC6gMsYglbY+RthsEdXFmatEtS+VgtTSjq1Kp+OQaw/SarqoSTQF1cR6TeZ8pPs+y+bphBBIMlmp5qCUolargTFmTUi7HXi+fzRl2j7AGcNZrYZms2nTzCYDcBUuEhwkkT32ej006vWdCshqpYLhYIAwCtFoLBr57UXFAeSSHOoESQ7ArtizJOpunwQHIzT5vvvZz5dCUZLDteMATl5H4HH/VXxfZxIaxxHieAKp5HJSg2loPyE1+HakhvtMYDMCwbHDx7xndiFY5tntZT2JcRxjMBzi8vIS1R36EO9ubyF1jLPWt9uecmrj61FAAMM0wDSgreQUsM8hqWzsN6XUPlvfILS2ZsaW4FgfrSelsJJgpdJnmGtlcfGLSIqDfV9eqzb3H3cMNyO69OdT7bRThBibjcgGkkUBracGihn/Aqcstdcmg1EmkXq7Fcz1knptEj+NpICllBZuibDRmiaNqdxkrkkSLwatFAaDHtgqNcdZHVEYYjR+LlQkx3GYRovfdwagjOPvf/vb0bwKBsMhfv3Xv1BtBKifl/JbUyQDUdM5U1CqbL6KfQDMq4cYK0Z+ycRUPTXLPGBB7hQVLsabcQZn1r9JO00eZlpspCr8/feNrIqcU5bUIG8DhMCSHMZACjveOdLKtqwUO39TMiir5kiSuAyWKuGVkpYMURJCCGsunaRnOeLC87yUzNDGQAqRmqZy7sFoq/4EYA1IFU0WOfOfOcsUHlmsa1kplUqo1WqIohgP9/eIhcDZ2dmrJr4452i1WuCcY/LUz+OIgHa7DUYp7h8edv7Ai8sLjMcTPD097bytVTBcAf40NUEbjXAy3ltE20nDbFcEnwo452m/WxyLpP81Sv/+GskNK1WPEI5HGI+fEGUmTTMg2qY0BDFUKYbyJQwt7rq/rMe+KFGRfe8pFKvZ/S7Sw579/s77oKTPVzpLTyY28q/Z3F6hJqXE8PERpfLrk/btAnd+TuFaOTUYaqBLEsaXyJovKi0wCUeI47CQ2eZrQ5a4KZYYYl8fR9btP/vjig1G2dqEpZfGf9ydflGQncvrpGBzFx3n3lJzc0YpglIAxlhKhljiaR1ZJa06JPABwVfoXQAAIABJREFUFCA3ks0JF/+eEFrbRof6vo9GrY6nxyE6nfulhtyt9jla7Qs8j21r4jIIEUNIu0+9/iPiWOCnn346mlJUCIFff/0VXomhebXoOwIA1BAQMX0OeV5wMu1xUojEGDSJMi5wHJXSacIOjEkVyYeESz5knKdjkbs+nfJiU2QVSnEsQBndyMh337DfMQA/4j4cCoRYEsxFB8dJa5MQ0YypahFwzuGXAqt2C3z4vgetJOI4yk0iU9pAK+uD6K719MezP9m7VisFQ0g6FyCEICiV4Pul7DcCFR5oxJfaWBWZgzkD0mXwfR/fffqEdruNzsMD/t//9b9wd3e3drunjovzc/z93/89n+CgjKHdbmMwGGA8Hu/0Qeftc5RKJXS7+Qe6Wfp+p+1nYbheIDmiJOLrZPBeGOQiK2vNkhyvidzQWiGOLakxGY+s6aBZnHAZkrSeBBFUSVi1xhKmdhlcYb9LsXnqfgp52eDLXgdYxUbZrO+RHo3HODs7g7+D+dogMbELqqdf9LzjZaGZgi4JS7pnIESMyeQpXdF7K5gZQQrcr2mcsmsjYwy+5yHwAwRBAN/34XnrlSDHwGsgORxkkv7hBzbdoajhZgpCUol2HoSwk/qpOqRYC4GNz5XpZ3i8uLFjLghQq9bAKMH97VeMRvmLaaVSGR8/fgbzPDw+PaaGiw72+T313Xh6HuO7z5/R3LlVe3v8+tuvEHGM1tUK+Xg0Pa+M8pWJdC8JKWWaqAOgELmhjU49jCwp8DLpIw7e3GLbtkWyQ/ay1togjuO9k9zGFBp2F/bnLYJxnhIKTv1j06ai1NSzCCihCIIALLn2/MBPQhzi9Lq2oQDT8dGRIQBJxlsPnufDD+z9SNxrklateQLf83yUy1WwTNQ60Qws8kB0/okrMj8OaXct0dFut/H5++/hBwF+//13/H//+Z/o9/trt33KCHw/n+AAgPb5ORhjuL+/3/mDri4vEYYhhklRcEjkkxzPMBtc3IdA1j/iUNsPw9e9Qpin5JgnN3zvtMgNrSTiKMR4/IzJZGTTT3JIDVAF40voUgRdEtBc7hTjui2xcWqKjXXI7uP8YG6MQdlcrFVsZBElD6hdJ62Dfh9eQMH91yvn2xWv4fo5FgwBtCeh/Aig0/HAGIMoDhFORgd9HrwksqurRSaRLsrP9z0YrVOp7rEvp/9xvSaOO8FrIDlS8iGwppOsoAKBezZq0RWlSknEQizMK2x/+fT6dRH0RSCTwiOO4sSAcT8FrO/5OKvVMXp+wsPDHeSS+6vZbKN1folxOMZkMlVzRKFV9olYoNcfotlq4tPHj3vZt23w9eYGg/4Aresq/FL+MWIxz5gcE/ilUu7rXhramd5m1ENFVBiWlEvalgB4O5gWbwu+pEi2niDFJ9j2PpqqonzfSxfu8pQAReAKayFsRHQYRYii8Oj1zanAYKpUoZRalWDkElI2J6o87sHzAgAkJSaklIijCEIIyKTNMgs/8OH5ATi3HhvT6No5c9mca4lShlKlCi+b+mcoaOSDyMXnTlbtvO7aXEdylIIAnz5+xPWHD5BS4pdffsH/+cc/8DwarXzfKWPpk4UQgna7jYeHBzyPRjtl5rZaLTx0Ouj3+7nGpc3S9xiEf2y9/XkYrkEggdh+PW0Mwsn4qKZL2pjEoXn/cDde2r/8iuHYepn0X/q+N6PcOAUoKZPeZrF8UCGwJqFMwzC1ldh6nwqLGQLATLcvhEhUMhJI5OGEJEWI+zcSt35KQQsQK+sG0m1RxF9jHUajEQghaLZaW+9HGEUYjceotV6Xwe0hcOoqoKODAYpJUKVBBEtNAJVWUOEYHvfB/eAk1QqFQTIEhy460lG4Nh5tzKv7/v9xxwoTIi8Nm0QzLe69hLQoAkoo/CCAEDH85HEbRzFirWf8O1yiWfY5LaVYm6IjhIDBtDVl3wUsIUC1UkUsYtzffkW90UStVl94XSkoofThOwyGfQwfh/C5l5Jznf4jPN/HTz/+tNd92wSD4RBf/vwT1UaAasPPb0OVDFDToicISoXP8yFh41dnfVmK+m5YAsAWodzzjkZ6uiJZSDH1AfEBpQw8f3mr1zwIIfA8H4RKSCHgB37SmhevNON1qRvaeTkkPke5L4QllAihaWrLtwyDacuKJGRujLKRxZx7hU2UrbeRD5Wcv1UgxCbx0DnTeT8IQAm17W8aQGKyvWwP/KAEShkiEabnmAoOKALtS5i5+6LoHGxCOmtVzme1Gs5qNQyGQ/R6PfzXf/4nLi8v8fHTJwT+adRgRbFy1Gm32+j3+7i/v0ftL3/Z6YOurq7w22+/YTgYoNFcNBzdNxZJDo1wMkJQrh51MjW9QV6x1OLASEkOKU+iLUUbA52YXkm1ggFOkk80UzBs9/O7q9HmPAkglYJIWH/33233ixKSEiAp6UEIKCWghKbmdJSQhf9PSZP03+TFJmaT8RjNZnOnMWA4GAAASt9INOw7dodOTEipZKDSSwsWIW3Pv+flJ429Bsx6uBUb9xgjcHy/0RoKu6cWvDROleSQSs9o0e3Ks7eR1N/zfBBi20PToiyKpmZ5zt8j6Tl3Znmr4CTdBEhaUw5niu57PnzPx2g0wng8Qbvdzt2/ZqOFcqmCwaALpRQeH0eIY4G//f3vR/fd8EsczSsb87qQlqCTgieB5/k7RTTvE2lqT6IeKmI6O+O7AdsqcuxC3RXJQkgorRBHMfzAh4gjGM8D30B5xBkHIRQittuIY5G0OiD3PjCw7RDpH5LnRV6B7RQKUoavLlVw33CH0T2FOOegjEE6oioh3YSIYAwvfM9QQkH9ACRpmSegIDRZ+CMMhGLlHNb9zRqQ2ySbdR5T3PNAOUMcZvz7NAONiG1rz6kx1i04EUIQErsAuW6RsNlooF4/Q6fTxcPDA5RS+Otf/7ryPaeGlXcoIQTn5+e4u7vD09MTzs7Otv6gZqOBTqVi01lyCI59qziAfJIjOgGSg+2pp9AxwNY0620RJm4ypo0+CrmhjYaSAkrKpcZlgPXTADUwXG3lo7HP1W/XsuEuhTiOEQuBKAzT1gzARmJVqlVcN5uoVirwfB++b1eJnMuzSzfQSXxa+vvMf+d/72KwhJbp+zeTdJJFpcgcaeJeAyBdGcq2Nq3CZDKB0nr39pTBAEGJLrD03yreVRzFobmCoQpU8pnVVyEiKCng+6W9PR9eEgRICwBt9FrCkpBkogdASJm0KrwuggM4TZLD9zwrY08WCJy6wmidrIoXu1dtKhu1ao6E5BBCQGuTpoBNzSNXF7FOLQhY2T+jxSJhd0W1UkEsJO7vbnFWr+PsbHHsD4IA19ef0O128PT14WR8N65+qOWeK2MMWDw93tZ3Y7E1xRhLNnj85ZQQKpHsT303/LXXmzXjjADiWpFPayzwPA6mKWIh0jFOiuR+4sXvJ0YpaOBDCJEenzgWELECz6ijAEz/PxOvCyCJdiYghCb3pl2kcm0SWhuc0KE7GgimFREltrVdKQkhp0SVlHaeWuQadXBtJ9vOd0jmvBoNYM25ooSiVK4gjqP0XMNQ0NiH8SQ0z/H4KzgfC2l3LclByTRF6OMR2/W2xdqZVKvVQr/fw/3Dw04EBwBcXl3i119/w6Df30kivgkM1wAkSIbkiBOS41iTckpYYXnUt4yXjtNyfcVKipW95IYogBnbfrIhqZHFPqJQU1ID1l/iMXxEGEWIoyg11/V9D7VqFZVqFdVKZXneNSGFpZdFMUN+aG1Xa7WG1gpa6ZQkMcakv1dKTwkWraC1gdTWzdwkks15eJ6HwPdRKpXgB0Eu4TEaj+B5Hur1RclyUYzGY4RRhLNz/72wx/pc9ncswlBA+RJEKRDBQIy9VrXRCKMxuLTmZPQVzVQJpTCJJMMYrE31ciSlK5xPxTzqf1yrjT02TpHkYIyBUAop5iT2kZ3QbyLPpjRISQ4gaYUl0570IuaiUtpIWCFsUg7jHAUuk73A9zh8r47ReIzJeIJWu51LyJyfX6B2Vj+qDPvr16+p74YX5M9/uPCQNfDyg3zfDSGnZu3eAWNWHbQxEBkVBuO80HVmk1bsdUUohX+CKgRKKQLXspK0V/mBD6U2u59I4sshpVVwuBbsOI7hcRt16lpSsqyU5/lJ+/DsHSPEbIv6qSVPHRPzYwtjHJTyubYjD1EUwfP9jdqOtt+p7HuLnyvfD8AoQxRPpnMtwcFUouagi/u2j/lpFMcYDga4ur5eXjecMApVkO1WG7d3d3h8fNypOGjUG6jVauj2erkExyFUHACAhORwSg6VtKsc05PjHacBS2hISLXCTwMAqIJm2ka4HpmbMsbAk620zeQpvp9pNymVSmi326hUKqhUq0edsFFCQDkvNtAURJYMiaIYk8kE49EIz8kPsEh4UEowHk9webE+ZWUVBv0+CCEovaenzKBo4s07pjDMwDAJqkziz2GfRVIJSCXgcR+eXzq6+WYRkMx00mgNrJksUkLAGINSiVx3S9O9U8EpkhyUEPi+P5XYJ2qOTeXZhBBblIkYUqmZFWXP89eqdaS0pHUcxQAliTJkp6+2FaqVCoQQeLi/wdlZE2f1HDXHEZ+Vg+EQX758Wem7QdWc74ZfziUupJTQybmKY4FYCPADJ5LIucQdrTQU1SsLRymdAWTiyXKC5IZD2rKSpAulLSsigjZ8Iz8Zq/xI1FEJySGSSF0Hp/IArK9OnqrFKjmmCo7XPo4eGqk3h5CQ821HfLM2vm0/32HTc8U4R5nVEEfhtFVeM9CYwXjCtsHOfNbug2y/3wNl7Khmy7ug0NlstlqpF8cuBAdgE1X++1//Qr/fR+uFVBzAck+ON0VyvJXvcWCoJNFGKLFi5dAAzJqEaqpfZqkpby8SFlbGGiYsI46ipN3kK4DFdpNypVKoXeM1w0VLgrHEOb8GXF4CsG0oT8/PC4SHmxw0d/T/GQyHqJTLcOz7u4pjivfjsB00UyCubSXjlC5kDKkEfC8A3yHS+CUwM3Er4OhPCAHntpUCOK0Gy21UHMBpkhzAVGIvEjVH1mzP84sbkHLPByEKSktQalfni7QfWPUGEoUgO6q3gud5aHhNPI+eMJ6M0Wqf7xQXvi843w2vxFb6bjglMgBw5oPnEAJpgknyfldAy6SdlPPDRDDP+FU4Mm1F4Wg9WZL7JfFkeQ1mw84fRGZaVpSU0BveT1ZlFUDEYobMSGGQepSRJfeMnxByURRO1XDvSLFMJcY9DrowJgporTZqWdkU6bWRLAhtqmIjhCAolUEFRRy7lhUs3cou89PxeIznp2d8/v77kyYeV6EwXdVut3Fze4vBcLhTf+LZ2RnOzs7Q6XTQbDYXDv7BVBz4RkiOdyzAmYTa5JMV0YzEwBANwxU01Ue7JowxEJEBwiBpNwmTtoyweLvJN4pyuYxyuZxLeEgpdzpew8chpJRotVoomxImpAPgneR4x+4wBFCeBGHSmgdqW2C7WFlr9hiA0tP058gWrUWVPIQQwEwLsFNClqjYhOw4VZIjPxXCQxxF4NwH58W+I+MMbF3jeAYy47tB8fJtp3nQWtkefRXjX//8JxqtNj5cXx91n6a+G2dLnyUknhYZlFAEOZGwOuN14sxf3f8DSSKOUvB9/yBEU0qmxfGs/4tR4HxaOGqjIYQtxq3vxst4suwLjFrTybRlJTHbtUa8fuHvQglFkKQWGWOsIXvis1GEKHHH0yWoAK8zleqQWEYiLIyJid9JFMUbJeVsDpI+84zZbl3ajauAbZnXbIVP4Jbz016vh1KphI8fPmy+gzvi69ev4Jyj3migFGxvvl74adNoNtHv9/HwcL+zAdPV1RX++c9/otfr4fx8u7jHbWFJDgXEmb7nyRilcuW9SHlD0EZZpYaQUKaISajMtrXOSK5nXn8AY1CjDIQwEKGGCgmi2LHw4Um1m7xGzBMeu2DQH4AxhnJmYrnvnsfXjvdjsBsMBVTgYmV52raitMJkMrZpCd4Jxspm74MCyltjjI0yJacfF7sp2XGqJIeTZy+a7cUwhm1kmFgEzsQvjf08kWdXHFlTdikVHp+eQTk/KsHhfDeaVxX4pfwpOY05SGaCkkduALYdyMARGiRdjU49H1zLShyDMQ7P2z/hRCmFH5QWyDSlpoWjjDPEF7E+Ka8NabsDITbxL21ZiTdqAQNQKGlm3b44XtlojXenUYv5VJX50S09h1KmqY1T5dH0mqSM7S3pb7ad19Ivy/YvD3EczXgEGn9x0TbPEy1vbrYsNvbx6QlhGOIv//ZvBfZov7h/eMCXL1/AOcfN7S08z0O1WkWtVkW1WtuI8NhoVGm127i5udm5vaRWraLZaKDb6aDZaCy4xh9SxQEAhisQYoDIKTkUonCCUqnyIq0IxmhIWbT/aiqFN8ak7sD231mv4HdorSCVhBYCqoBJqKZqrYvxPPYxAZSxRhwryFBDxgZS2H117SbNVuubaTd5LVBaYzAcrjRadg+u9wL/HbvCxsrGoIKDZNtWRJz0bQfwvNOJlXXERLxMbj0HW3QpvLbnV1Gy41RJDsCa7RHKFg1IldnrymV2HKSUgRJy9LMdR2GaitbpD+H5Pn768aej7c+870YemKIzvhu+n6/ksoSSmiaY+FPFBOeePefJ/RnHAkpJGGOTdfZNLC5ErGYLR8as2b8jvk6gRWgXuCjSWdXK5gkdu4BSOvXhePfCWsC6SoknbUfx3DlM/w6KfYkns2SUk3AUreS0ktM0FWDGYHT2MxavuaLXoTEGvW4X9UYDFy8tQDAGNzc3CCoc5x9qiCOFTt9HNHzGYDAAAFycn+Pjp0+FxqyNTlmj0bBeHA8PO/tnXF1fYzAcotPt4voI7LlhGiSQKcmhtEQYWiXHoSHlvuS4c7fENziwaWWZV5k8rJciMQkF1bkDgsOhCtQ4VIjGCtHIpoIASbpJosx4bzc5bQwGfQDWqM6hbC7STHGHbz1V5Fv//vuGzmlbAewqjhSnFStLMgWs0qvNBQGAUgKtTSoP3lqveyQ4AmMZ0XHKJMdSA9Jk5XKT1eelmHXUs7/K/PmlZytSCojED6TXf0QcS/zt738/Wn95nu/GPIgGIKb753E/l9jUxljfjWTc5XyRqHIxpVIKODFNHIukrcI7SItIbsuKUjOmoqeo2toUNDHiddHMwHYJHduCZNQFeSlz71i/du2UR1LE02cSbEqNMRIbr4Yu2w9KgTTWV6etYkXugigKMzusYHJiYvMwPx9bRYL1ej1IKY9iLHpzc4M4inD1wxkoJ/ij/xlIhjuiBQL1hE63i6enJ3z89BGNHKPoLDaeGbXbbXz9+hW9Xg/tdnurLwEA5VIJF+fn6HS7aDWb8OdkJ4dWcQAJyeFn0lW0RBROEJTyHzb7wEa9xkUmfK9sUrgPqEROpvSq5JPNTEK3KcjWkSFxqBBPNKKxhJJWfl1vNNBsNlAqld/bTV4RBoMhGKVLzb7m8a0X9u+pKvuDa1uxsbJTqfpMrGxQOnqhQCidOsMXOPXpqmNifCiEAKHMvjkhPAhlB5HR7xOrVB2nTHIAtgClisyZ7am9EBwz/MbOW9sNVjFgi4On5wmensf47vPnndutd8Gvv/0KIWJcfV9b+hoS8/TgUUJzI2GNAUQ8jS6lhC71OiHEta3IhOhIEjykhDYG3gHIUkopvCBITTkdGOOvyndjHUjSaiMlLIlTwGh1b59NZ1yeD/Y5bx2UWONWp96QiQm2Ugb74kEJsn5Vxd8335qiuEDRloMFw+Il87PReIR+v4+r6+uVauVDIIwifPnyBZVGkNuqZ6iHkLYhaBlK9PHrr7/h/LyNDx8+LlW6b3zH1ev1xIvjYSeCA7BeHL1eDw+dDr777rudtrUtDNcAFEjiySGVAEKytMdxW7i4zG1ACEllTYSQZOZgRU2JxdCb5jicSahSahqPlAdigIxJaN5BWUZkbFOQ5r1HxtoqNcYqbT1p1OtoNJtoNBpHL0LesTmUtoazSmvc3NygXC6nipuSPkdIu+s38o537AgbKytAJbP+HAlsf/Dxx5WZqNgCJW060SMEo9EIQakEo+TsuK0VTHwYGf0hkEd2nDrJwRgDpQxRFKY+AtronXvO0+sheeZqraG1ti0yL3wq4zC05t2xQK8/RLPVPGr0Yeq7cV2BX8qvnKjgICbTmpJDbgCAkHLWd6PAwgnnHCRJAskakBp9mHttRjGkpCU9Tpy43Bau3UFkUlYOndCRHXv1e1TsUhRNLeGcWyVMxpdjH2MikCGjjFlQnS/bv/nWFOMJgG1/HeWRG9podDpdlCsV/PjDD1tve1vc3NwAAOptK3b4x0O+ualiZTyzMgLRR7fbw+PjEz5+/IhWTkLiViPM+Xkbf/75BZ1ud6ceHc/zcHV1hdu7O4xHI1Sq1Zm/v4SKAwDAlb2yhCM5YpBo+QNlq484CHt7+hO+baGNhpLCGoXqFZNDomFyTELnj80hFBoOShiEI4l4oiBiO2DV63U0ruuoNxrvPhqvHIxS/Ntf/oIwijAYDNDv99DpdsEGA5zVavAa35yIqhC+dRXLoUDU9Lgyync2qNsXKCVQbr6m1XqjOzqNsVzl2+FMETljJ5HCURTzZMcpkxyEzPfxY+fphbv/s8aWgCXklpl4HwJxHKXpaZ3+44n5bgS5RQ1VdMZ7x/cDMFbAd8MrbhTLKAULAkgRQyo1c548xg7S+uZ5fGXs6VvBstSiKIpn5gqbxMquAkkWPV1U7Dco7C6MokNbNqkEALQye/HhyJKHeWRU3v5FUYbcIAqa70ZiZVtVnNFop9OFiGP89QjGok/Pz+g8PKDeLoF7bCm5kUXktSBoBWXRxe+//46npyd8+vhxZo6w1emq1c5QqZTReXjY2YTk+voavX4PnW4HP8wRHC8J49noMEdyCOmin07HyO2tQysJqRSUFDNSrHk4k1DD1IKfxqEVGo70UEIjmihEIwkR28+s1Wq4umyg2Wi8qon4O4qhFAT4cH2ND9fXGD4O0e/1MRgOwUcc5QZFqcrei/p3HBRU0RkvjvnWzmMie+0X6QOnhIBSCitKJAAorBqRAMSmAbgV5jgWkEpBGw3OX4eaI4tTJjccCKFWBQnAaAPspQad2ue54uslqy8pRbryaX03xEn6bmRTFIghMwotztb4biRgfLuWD+75IFQl5sVJy4pSUAbw+FRto42BSVQ4tggjW6kw3lJbyirMGK2qacpKdmg0ymxZhS3CeRoBNsiA7Cn14y1hXaqKgxC2ZcsPposHxijsw4djFRmVt3+2NWV6n+elpuyKx8dHPA6H+O7z5xdvTQFcLCzFWau0UWuzZgFG7BMCYRceHx8f8enjx7S7ZOtb67x9jj/+/BMPnQ4uLxZjZjbB1dUV/vzzCx4fH1Gv12f+9mIqDjiSgwDCDgxCRCAEJ+VW/9aglISSClLFqy/sAiahmxiEbqPo0NIgHEvEY4U4sgRMtVLBxbn11fBPZCX1HYdHo95Ao97A82iE25sbPHXHiMcM1aYH7i+fWHxr5pvvqTL7AzGYKXw8PwClxysWjEkzvhLvjen4XUQlTdYtIFAKyihEJpnl0KaI3zIIJS6xF/Z/9jOZN8bMKHReypvHtqScoO9GHOPqh+W+GzRmaTz0Mt8NYLrC7I6tURqabSejZ4yB0GDxXottYZWes2wyzvu4Xgiex8EYQSwsyeH6zW0rmALbl3llNnI7Y175jkWsSi1RSs2oxlOD2D2OW1kPjDwyyu3fQmuKn5+asgu4aOKm+wfqjcZR2va6vS4eh0M0r6sABX7pbL4PkdeEoGWURQ9//PlnakK6NcFRrdVQq1Zxd3uLVrO504r1efsc3W7PRtPMERwvDeNJ2/eYyAPjOILLE3/HfqCkZbSFEisGjalJqKHaPe9XYpniIu9vy4quBbdhZTCZSIiRRhTaQa9cLuPjhwbqjcZGmczveHuoVav4+eef8dDp4O72Fr2bENWGh2ozf4VwXS75W0S2oPkWvu+hQAWfLXyOSLxHUWTP6/z5NCbtWd7H9U0JRRAEkFJASjljiqi0mVlhfsf2EGJ2VVApjX2IECmloJTDGJOmx6XP2N03vxJRGEK/Et8NN0JSwWYUWkFQWnp9e56/0AIRRxE498H55kWzu9dE0hpst5cU5ITMkFRxvGjwbglP80585IBShsBnqeeCa9dSSu/PvDI7t9jPJr85aGNVVu56Z4wdpPajlMCJr5YRvgRAOJeaotn+lIDGGJTNBb4+3MAYgx+O4LsBADdfb+CXOGoNv1BryjJYNcdH+HIIDG3Syk6PsKurK/z3v/6F+/t7fPr0aZdN4fr6Cr/++hv6/f5CBO1LqjgAwPgKxBBAWaosjkMQvP687mPBmYTa5JMV8iqSkBpUQbPFm/6QCo3s640yCEOFeCQRTuyAUiqV8OH6AvVGA+U9G9C+4/Xj8uICzUYDt3d36PV6iEYG1RZDUFk+0XQs/nvR/451IIoAar3h4Eshb2V+HgZmb14LnHsglEHmrDB7nve+WrkjDAx0pt1hXyoL1wqiMtvWL1B9CRFBabuAckq+G2e1Cuq1MjRmJU4EABQBkdMpue8HoDm+G+l7khYIJSVEJrVDyhjA9lG/HvdACbMtK0F2zkvBGIFSOiU/YiFgtE7JTs7Y1mb6bx2WJ6JpQsfet0+nps3z5pXvWETek0mKOCU3CKEHITeklIliw46JWptcu6pdUlPWwY3v/cEA49EIP/7001Hqmtu7O0wmE5x/t1zRtili3kBMyqiK7m4Ehx8EaLfbeOh00D4/32k1u1Fv4OzsDJ1OB81m8+iTfhNIkJAD2g4aURzaAXwf+fDfAFKTUCGhTBGTUAVDV8989qHQWLptEIQTiXikEI7t/ga+j6urczQbDZTLh4sOPmX0+30Mh0NQxsAoTRMbsv9Of08pKKUzr/uW4Hkevv/8Gc1mEzc3Nxg+TFCqMNSaPqiXfyzmc8mPPe7tG/OKlXdjpjWeAAAgAElEQVRsByqmzx2P+7mGgy+KjByaEGqNAwmQ+mjQ/V/HjFKwUgAhYiilUjVHLATYK4iTPWU4Impa0Jr9kq8zmbGHLb6UkonyFugNnk7Gd8P3OdqtOhADjCmoTC89MYv3eNHWaMY5CGMQcZwhOaRVB2xpYskYBaUBlNIglExl+gC0jtKxXCuVKjxsKsTGH/VNwflxHALZ+ZZ5CRbxDSBr6CmEhNY6HQP5gcYLpdQMAZVHRuW1puySmjL9rIyaNjxDt/MH2ufnuLq83Hnbm0IIgS9fvqB85qNc9XZSbyyA+RixHVpUHM7bbQz6fdzd3e0cLXN9fY1ffvkF3U4HF3MH/KVVHABgShJkwuGanqJoAgJyEHfptwCtFaSSUGK1SSiIgmFITEJ3G4h3TUWxRqE21tWtSF5etNBoNlGtVHbat1OCMQaj8RiAbasoijiOMXx8BOfcGowZU7hQJYmJIGMUlFCQLPnhfk8tQULm/u2Ik+x72CtZpT2r1XD2t7/h/uEBd7e36IwnK9tWgLdHbLxjf2Bi2pNPCIHnH19BlrVrYC+cbuJ5PijVM6aI6pXFyZ4aspJpG+NKoY0B29OxnOE3DlgFG2PnacDp+G70+32IOMZ3HzNzWsVAQwLjCxgK0JjvdI9TQhAEAWKx2LLief5WfjWEkNxWF3etzKo7kpjZ9+aIpVBKQSm5cNz2hTS1KBkTtXlvFyoKd27cQMW5V2i+qZSGQaJgMgZGm0ShZsA5X3guZse+OIoXfucwk5rC9F5bUwCgbC7w58Of8Hz/KJGwAPD15gZaKdTbhwsX2XlWwjjH+cUFHh4e0G63cVbbXmpSrVTQarXQ6XbRaDYXGPdjkBwoK2CClOQIozHKpLJSOvgtQSsJKSWkkqtlca7thC4mn6zCPleRnKxaRBriiSEMQyitwTlHu91Co9Hc6fo9JUgpMRqPMB5PMHp+TsmNq6urjQgOd+xbn/zpJNXYFQI7phtobf9rkt9rA6tDNnaxTmkDGAWtBJQEjLCyPJP4EhZJXHBwpAfnHLVqFdVaDdVK5Wirc6twdXmJZrOB29s79Pt9RBOFatNDUP42zRHfSZzNQTSArGzdW96T/5KYVea8vBzarTA7kgPAwSMu3zLmz+e+x9NURZAx1zsE4miSmIuehu8GYJ+5lBHIOILHPZvQB4AYChIFMFzO+W6Ut77H81pWhIihDYe3J/UxIRSc2yQIl7wj4ql55jsWoY1JvR0AJIXv/gdySuh0cfE9KzYXcRynRDiBPUxCSoAS+Il5dRHCXkqZ+grlQSkFGLcomP+cdJ+TPVULqSk88S7CbldMdtztdDsIwxA///zzURIfx+Mx7u/uUGsF4D7dr3ojg718s/PzcwwGA9zf3+9cIF5dXaHf76Pb6eDDkR9MQNJHXFJASFKGPYwmKJUqR3WwPyaUkpBCQulFo6kpTBLlaj01ipiE5mFfRVEcKsiRh8l4DKU1GKVoNJto1OtHN7bdB8Iowng0wngyxmg0RhhOzYn8gKJa9zB+WnW+lsAd/+zoSgDCnKiZ7OwBbtlvOzlSCTFiSRMNY4glU5LfE1Wy8ZFKodfrodPtArAeKdVqBdVqDdVq5WQSbXzPxw/ff49mo4Gb21sM70OUKhy1lgfKv73Jx7vnyGYgcTYu0juYbHZTnELrkUthcRPN2YhLA4977/P7opg5n/vbrJqJ0yEHXV0WIoJUthjoDo7vu5HFxfklRuNnDPs9lIMgJTkAzPhueF6wc/uZa1mRQqTRpEpKGKXBt2xZyWK+IMoW1O/0Rj6yiTeU0IO1ulNK4AJAjNbAK1G9vhSktG0o1ozXKizcvWhJ3WI2BErrlNxwiqn5gdMPfMg54UVq2ptgvpVbK3WQ1JTsM9qMKhj0v+L6w4cFv8uXwpevX0AoQb1V2io1pSj2Rt2ct9u4vbtDfzBAq9ncejulIMDV1RXu7+/RbDVRKs16HxylVYUYIJAgkZURGmMQhmOUStVvwtzMmYQqpdIJRC5Sk9Ak/QTrC5pdC55V73ekRhiGibFPjEajgUajcVTJ6j4wHo/xPBphMh5jNB7b1QFYhQMPgFrLgxcweMH0+pw8y41nr+7YEnLAWLhku9oAfKbPMO/eUunfSvozojhGFEUIwxD9Xh/dbg+AHUcq1Spq1Soq1SoC/7iERz0h0u7u7nB7d4dwLFFreqg0TqNgfcfpgUpmE70SeKeU2HSAgtgVSpsWYJzz/DjZOHo3IC2IrBnsPgkrQoA4I7eex66rkg5KZnw3+o+IouP6buTNS6qVGjjz0O8+wPd9GKVm/MkY5atjkwvCKSJ935+2rCSxpHEYgXvbpawsw8y1AyAWEkiiL999cRJvh+T4AwBfYcy8LWwqy+x9q43ZUwDt24A2Zsbg1ZEdOmlNNwA8319bj2ijrWIJlrBwJAVJfqRS0EotkBmAHesIIQChueNetCI1ZZtx0o1DqSm4auPPhz9QqVbxw/ffb7HF3dEfDGya1GUFZA++Iquwt9Gn2WphMBzi/v5+J4IDsCqObreLTqeLz58/72kPdwQ1U+NR2IslCscIytU32eeWmoRKtTb5xPBEpZHjp7FusNh1NXf+/TLWkCMfk8kkKfojNOp1S2w0m6/yXEmlUiJjNBphPBqlkxjP8xD4PoI64PsM3F8+mScEq71RckCpM8Hcfv8Lf9aSc7OshSWkXZjAoO5foH52BsA+6MMoQhRFGA4G6PUs4RH4PirVKq6uro4a7Xt9fY1mq4XbmxsMBkNEY4Vqy4Nfyp+KvEXFw1v8TvsG0QARc4kKO6687hPbFMTGGBgYGGWSXn0NrQ20NshOzjn3tpLNut1wK2quuNVav5Mca0DszDtd8d/5HjUGGlZ5R0BgYNKecxBiV5e38IVYhji2hcHzc2h9N7777qiLGL/+9hsuzs9xljyXHIIgwOWHj+g+PFhjXMIgZGzVSKXdjMy1MXh+egLz/MTwU6FWrSUtxCo9t1LGMNhny8rUoDaOYmitAGNAD1y8vAZopaD0tEjlfHsFTTp+Giz4Q1BKF9ol3vU0s3DkRtYDJUtCeAV9N6wax8ahE0IWlIIsjcEmoBRJGxdNyI3l251tTTFQ3mLdtSkhPG9i3+10IITAX3/+eYOt7Bc3NzfwAoZaKzhYa4rDXunVi4tz/PnnFzx0Ori8uNh6O4xSXF1d4ebmBs/PT6jVZh8SR/HiAABqgJIEwmTiZDSiyQilcvVNTNi1VtZ9W8qZHrAFEA3DDAxT0EQf9LuvS5cwxkAJAz0OMJ6Mk8ltiLOzM3y4vka90QDf40TqJRDFMcbjMcajEUbjMSaTSfo3V6gHgQ9SGoNyCjvsFZisbNEimxYyZl9rbZsjj/jQmesiJN309yX/HL7vAxnCw6o8QgwHA/T7fQDA5eUl2u02ggKM/b4R+D5+/PFHNB+HuL29w+AuRKnKUG14YN7sA3a+FeC1jzNvPTVmX6Byej8zwgonKrwUpv3CYiYq1k3CtbKkhW0zWyQx5pE1RpRSJD4QxVVXVvZNIaVO2yCkEOk4wTl/9+VYA0pIery0MTYPZ8X9qY1OfZeKnmuaPIv3qRKJwjBZVRXo9gfWd+PTp71tf1N8/foVnYcHiDgEIZ9Qq822wDLKcHX9Ab2eLTYCv2STiAjZSdHy9PSE9sUlSkmE9Gj0ZOfPlSooYxCJmsP3vb22rFgQAFOVQhzb+NhvCfNEqjYGceK74fubeDuIxNNs6nOWvZ8oZWBzilQXEZsW7MYcOqzoVUElqopURcPtc8b9mzHr65ZcxkshpLAtLhkSfX6IZIxtbOq7mJqi8gXMc7u3aqyYSUwhBPHAw+PjPT5///3RvAbv7u4wen5G+1P14OQGsGeCo1Y7Q61Ww/39Pdrt9k6pB1eXl+j3euh0ugsExzFhqAEJJBDZQ2dJDqvkeI1zdaWkbT2R8epJB9XQTNsWFJK5cQ5U9K4rgLQwqVIjimMAIWrVKi4vr9Co10/SdHIZwijC8/MzRknLSZTI3ygh8IMAjXodQalkJ+6sD5tfEGLpCIh8UsDJ1DbBqRagy0iPkGbIDm3JDt/30wF9EoYYDgfodDp4eHgAoxTNVhOtVvvFU3Ma9QYa9UbathKNNaotD5Wz/GH5VM/FNtjmWvxWQBUF1PTe9k+pNSUDkhRkgHV9n5+IzyPtVV62PWSJDkCpCJ5fbFUNQNI7TSHlNF3FQUorE3/35VgBF/cJQCTtHp4fWLNoY2CgrWmeTvr7V65G5pxrQqCVQqm0vxQg67thn5ed/vF9NwbDIb58+YJms4FPH67x/PwEKSWazfbCa9vtCzw+DjB+fkZ1xznueDxB7ewsJTcAoFo9w+NwCCBJWfF9xELuLWUFcJcLAecUxhAwxqC1Sgt9j3uW9ErHBpJcQ29r7DfGxl5yztNjKTPkBgEtRNhab4d8xXSWTLZRo1MV3Myj1Jj0mfHuM5oxEU3gvDcoo5YE1wAr4ruhFFR2O0ka4D4w08Y315qyDebJDRbV8dD5A/VGAx8/HJ5YyEMYRfjy9QvKZx4qNd+GdxwYe1/SuLg4x6+//ob7+/udD+TV1RV+/+MPDAcDNObaXo6m4oCN7cmSHMooROEYpfLpx4oaAFraLG6hxOolfaahqYKhelUtfRDkFXNGGYjnAGEYJiaaE1QrFbTPz9FoNI7us7AJojjGcDDA8HGI8dje6Ywx+L6PZrOJUhDA931MSAeAAIhEvGJ7RVtvtjYZfQWYMWvKITsAoFwqoVyy45IzZu0l3h3lchmtVgutVutFVT/X19doNJu4vbnBsPeIeCRRafrwS8tvureggHjN+34wmNnWFM8LTjaxi1AKk2SLOof4lSSGM5akNJHvkqQfmaT3biwktM4kQMQRzAYtK5wzEBpAxPGMssTtm4gj66A/NzGVUh7FTf6UQBKJn2sl8QM/JTpyXrzRuSZkqt7YF+x1YvevP3hCHB/Xd0MIgV9//RWlUgkfr68BALVqDePxGA8Pd7i8vF54T73eBOceBoNeqrTY/HMlTLKtBcwbH3ocUtq2V3eP2Xt3mxhZ2xpBKYXnVRKFIQWl03hZrTWU0tBapcW2lApSaui0SH/9EFLAwF4DWhuA2O++ie+GTf9JvB3izNw8NXpP1FVa2TagZUhe/xrbsQ8BkbTu2HMxNXilhML3AyilpyomdzlmEgOBxHdDZH03FiNgt0UcRzNePDqnNcUhe0bz7pys54b7tzEGD50OCCH48ccf97LP2+D333+HUgr1duVF1BvAAQiOUqmMZqORqjh2KTpbrRa63S66ve4CwXFsGKZBfAXEdiBXWiIKJwh27KM8BKxJqCU1VpuEAmCW0NBUWb79gBL5ItvzZAuTyQTj8TglNcrlMj4kReEx/RQ2hRACg+EQj8MhnkcjALZdodlsolwuw0sGzJB2oRFjsub4bPoAIy4Ta6P3JAPlK5M7zh8bR3YYY1A2tn2uFAQoBQGarSZGozEm4zG+fv2Kr1+/pkTHS0n5SkGAn376Cf3BAHe3txjchSifcdQaXq4R07sC4m2CCZ6mdbkJ2KmCwJITM4WuMda3hzBQgnSyRQgtxJX6HodSZEZOv2nLCqMUJPAhYiv1ZpxBSQnP9yBigVgI8Ixc3KawvF2Fh5POCyFBKVm6Wk8oAdHTiXGeSd7M642x0nhCQEDA2PT/X+IYRqFdGHh+nuDxaXQCvhu/QsQxPv/4w8z3r1QqiOIIt7dfcXF+uZCEVKlUwTlHr/uAIAjgef5GutjxZISr68WWnMGgBy9n/s05ByEkNSbXG7SSEELSa4hzCmTOtSM4ZtspaDKHYOl8z/NM8nogimJIkZg9vtKWFmdWaRUxMZSaLVC55xdSoYmst4Mx9twl95MxGnEcr1XBObJ43x43rxXZcwMAXg7RxFjOuZnrFRPxNDGFUgp/T+a5i60ponBqSt4YkZduNukxjEcD/PSXvxytXrq9u8NwMEDzqoJfH1/OV/MgSxbnFxep4ej3O5qEXl9f47//9S90u12cn5/P/O2YKg4AMNyybiQhOaQSQIiTIDk2MgllGobNm4QuNp/se8U1V6VhDALdxnjsSI0vAGwM6PX1NRqNBsp7lLgeGlJKDB+HGAyGeH5+BpCQGo2GJTWSyU5Iu1BIJgkugDXn+OzKym/eopK8b6dPPT7S40YIQpNEyyaqDkoozmo1nNVqiOMYz6MRHodD9Pt9lEoltNvtnTyFNkGr2USr2cTN7S3u7+8RPUtU2z7KtcWh2pEcr1kJ8dr3f58gigBqOikNgtMe5wixMl1CCAhla03UioIxBkKtfHi2ZSWE5xcrFiihCIIA2tjVOUooYjGNkpVKQRsDzhikUmn7RKw1PN9/M6uftl/cOv1rpaAUoLSBx/nCueKMpco1IeyCCIElPgAKlipu1hvmbYKiPeVZxFHWd2OIRvP4vhuD/gAfP1yjXF68bwM/AKMMD/e3aJ6fo1yaVfv6foCrD9+h83APpcK0jWfd8RiNn9FothZWkyehJezrZ/mtLyRzD62bEtjx2STeApawYIxCKoXRaIRwPLFJdVpDyxhGxlDCpnoQSsF4AMJ9MO6BU4pytYJKxf4EgQ/GKLQ2ELFI1AmvZ7ahk8h6h9SDJDF0pZQVUoNKNVWuATbNg+adI2Ps7zNEov33fu/Jt4D5c8MLmojOw7bv61TZxveoFF9sTdmM5MvyMPNtKQCASQ297p84v7h4sTnsPJ5HI/zx+++o1ANUGz7QebnPPgjB4XkeLs7P0el2cd5uo7JDb/vZ2RmajQa6nQ5azebeZY47IyE5MENyEARHKMK1VpBKQgmxOi2D2BhXTdWMMvGYxUag2lapMRmjM/lqiQ7fx9WV9dTY5Rp6aSit8TgcWrXG4yMAe0806nWUy2VrgglgQjpQa0wX9znRJhkTuaI4peSGfcEd05B20+PuVB2+76Pt+zDNJsaTMUYjq+oYDgb48PEjatXqi+zjxw8f0Gw2cXt7i8fuI6KRRKWRn7byThK8DdBMawpn/sm2pjgcsqWDEgLf9yGFhNyhZcWNX4wxlBidaV2JY4FxFIFShlLZrmzFUYw4jm3CxSuPuHS+AABmDPbiKEas5EIRlQXn/GS/vxQxhJzz3fjpeNLrrO9Gq7lcQcI5R+3sDINuF7IucHY2+1pKCK6urtHvdzEaP6NaWa0ejOIIjPuoVmdJDGMMhr0eaivUh9l5hTOHzXuGOMUGpRSMMRitEEYxpIgQTiZ4fHrE0/AJk/EYsZTQIoQWEWQ8gTEEhHn2OvNKYJ4PjzGc1c9w1qijUa+D8wCeHyAoBWCMQggBKRS01ievUDQmiWdNTUQpCGEZ80pSqF1KaZ0kc1jkejsQgiAovRMYBZEd+3zftiRu/Lwyrp1KpeSG53l7m5PPtqbkp6YUxTy5kU1NCUol/PDDD7vs6k74/fffwThF67KMXzofX/SzD/YEO7+4sHLr+3v85aefdtrW1fU1BsMhHjodXF/P9jEeW8UBWCUHMQCEIzlikBDwX4DkUMqmnkglVj4QDFEw3ABULZVA7aNI2qTYKulzTMIQ49EID5MvMMak5Fi90XixYnIfMMZg+PiY+Go8whgDzjnOzs5QrVRSUiOkXbik66xGJnvMDrZ6SLb34Pit24Jiq6/nf7+623bPjgKa9P9rY2aTWPQ5CCGoVqqoVqp4Ho0wHA7xz3/+Exfn57j+8OFFPDrKpRL+8tNP6Pf7uL27xeAuQvmMo9rw0gi+105svKeqWFDBMB2YCbxX1Hp3SHCPg2qayrNdy4rWykr5N7heCCHgngcRCWuYCWscF5RLyVIYsVGXsYDSCkZoeNx/tUWFkBLGmJlYRGAa5xnHMRjLJzJO9TtrpRAlkbDOd+Pnv/0N/gaJO/uE893wfY5mvQKlJNgKYpISgnq9jufRM6SUaLXOF17Tap3j8XGIx6cnnNVqSwy1NaI4xsePiwrpXvfBqgfWnESStJf5vgcDs6DZdckSVsJvoKTAcPiIr19u8Ni7RTgaWgPRRA3ltDjObFiSAMYQIBqDxGMAQAiCUZ/ijlpVVa11hcsP3+HzD9+n5o8oG4STyPrxqN3MFg8JIacmotZo1U/b8YSI4RVIaLO+G5n2B0JyC/G3oih7KYgkicaNfduYgSqtbYQzABACRjdPR1mGxdYUuZ3PoTO2mfNpIYTg6d4gDEP87e9/P1qS5O9//JGkptTwS+9lyQ3ggAQHIQQXFxe4u7vD8HGIRn373shyqZQqQlrN5km6yhtP2RshITmEioEI8PctMzaW1JBSQulVpIYBkihXw/RMrOYhULRAcaTGZDxGZ/ynlQlzjna7hUajebT4om0xfBxiOHzE43AIpTUYY6hWq6hUKigFQeKn8ZSSGsvwEg8wAmztwVGkSeV/3y+aqM3jFEmQdeaktWoV1UoFg+EQnW4Xg+EQHz5c47y9ODk9BFqtljUhvb3Fw8MD4rFCpenltq28VjXHt+wpQjQBkdNzGfjB+4Q2A0opgqAEIbMtKx6iKCrcsgIkhodySm4AthWDUWs8xxiDELMKjyiO4HnbSZuPCRuLKDMxiAwAAaU2LtSRHEor6EjZlclX8B3jhNx4fg5T343WEf3ZnO/Gp+tzGGMQhmP4frA21rlWrWE8CfH/s/eezY3kiNbmAyANPSnKlpnqnu6ee99Pb+zG7v//DftlI/aObVWXkaPoTRoA+wHJpBElkRIlsrrqRExMSyVRyWQmEjg45urqkuPjkztjdq1Wx/d92rctyqXSnUXvYDDk4PDu82cw6KN1Srl0/+aQqx41LiQ4y71YyBkVApUFhTpVRUy726Z3c0Wv02bQHzCeRKSJQRGhceGNiojYuFwOX4IiRRvJxIAvDEJIjPCQOgE0Rvik7VuSeMKwe0O12aR+cEijfuCaR6QkiuK9JDmSjHyZ3l/zZKtSEinDtZ7DWieAyUNFt2l/+J4hhcAwswq5nCU9I9EewXLgqxRiq4q251pTppheY85ENvt6PEzodgacvXmzs1yiaZ5c9aBAsey9SmvKMl5Ug3hwcEC30+Hy8upZBAe4RpXW7S03rdYdr+U+qDggIzkskGYkRzqVrz2PkLHWOlIjcaTGvRAWKwx4Gqvsord1SxPm+4iM+15/GuoYxTHD4ZDW+Ataa5SU1BsNGvU6tVpt5e/uK/r9fp6robVGCkGpVKJYKlEsFLIF8oAJgwcXnC+9iFkmHMrxV+qF3dbE7jsJMv1MpoTgPNlx0DjMiY5Pnz7TaTvbymvUy0oheJs9rL5eXNBvDYiHjujww9nC5CVDgX/gZTDNcAJQ0sPb0W70PkMICHx/pWXFeB7+GjV/UkqkHyJE6mTkgY/ne1lgopsKBUGYTYZneR1JkmClwttTy8YyzLQWMbv33aR+dn6kDOZk9G4CHyfJ3tty4miCNjrL3ejsTe7GwXEFP/TyPYA4jjDaEITFB5UwpWKBOI64vPzC4eHxnRDdYrGEd+Jxc3NNIas7B1cJWyyVKISLWW9pmtDrth+caxtrna1iiUx2NpUsEDgLjFVKMhmP6HZuubz6SvvyK6NBD2MlRjjVgtN2CAwCgYfBPXeUkUihEdaSWA8pUhSQIlEosAYtJCIak0Z92q1rDvonTCYThDEUy1WCwOXETCYR1ti9IcDd5uKM3HDk6CI5uBa5kdkfptim/eF7h6uBVaRpOlevu/58KMkyZKY2F8/3l3NHn4wFa4p4uDXlIdyZ31m35rMGOpdjypXKszMwn4o0Tfn48SN+QVE7Kry6NWWKF3+aNQ8P+fLlC63b1rN2PH3f5/TkhIvLSxqNxt5mMtggU3JMSY5MhrQpybFuSKgVBpTFyBQrX3ZBs6n9JI5jhqMRtyNHagghqNdq1BsN6rXaN7X4mgZPdrpdkiRBCEGpWKRULlMsFLI61wET4dpRXiNT4z48RCJsmsEh8v9/vcnFPpAgy0QHZJkdoaV6IigNmnS7Xf75z39yfHTE6dnZq+zylkolfv3lF25vb7m4vKR9MaFc8ynVvSwMcIZv6f6Cb+94twGpFcLOCI59VCfuE6aWlWTOsqLTFKsNXuCvlRnkJr8SnY3j3hI54lomZK7miOOE1GhMbFzF7J5dp8ZabKYeBBeKRybPFkLeeX+uySJASrPwHrXR2D19j2mSLOZu+P5e5G6U6yHlAx9tYmTs5fdyqhP0WBOGhQctK0EQIqXi5vqCxsERxeLivNb3A87O3nJzfUUyGhMGPgZLo9G881qt1g2lB5QbMLPFLtuWjNF4no/vy5zkMsbw6fw/fPn8kXjYQ5sUiyKRBXybIHHyfUWMwCMWBTwZY03K2EhCaZBS4KsAZS2SmNBOiIzbXS/aiduUy16z224zGfS5+XrBr//9vzh9884pOYQkmsSk6SMNIq8ArfVScOXT6kKNNfn1HMfJVu0P24a17vrY1+N7CNN1B4BS3lrvwVkgM1WNIAtk3s54eMea4q/fmjKPZbJv/uvBtUGneqe5G+cfPxJHEScfKjsjN+AVCI5arUa30+Hq6urZku6piqN1c0Np6cPbFxUHTEkOAam7ctclOYzV6NRlaugHeq6t0AgPV+U613xyt/dku7iv9QRmIY1xHDMaj2mPL3L2s16rUa/XqTcaezdxegij0SivdY3iGCEExWIhDz11u/tDJgzvnPtXydSYwzqkAFnd2CaYpq2/JsGxDla935cgPZbtK9PP1atOaJZDxm3J9c2Ns62cntJs3p14vgSazSb1RoPLiwuub26YDFPKBz6F8uoh/XvPuNhHCAtiLljU991i5wcehpSSYIVlJY5iZydZYxIrhUQGIdVKZeU9MZWZJ0lCELhFiMnyBuQLhqs+BWmSZDWbFiHAmJn3fFUt4hTT95gu2XLiOMZ7JcXK/Jm/7wljrCZO9jB3o+BxcJoREhJMIUUmILLNLWvNWpYVz/OoVup02i3SJKG6pMAQQnCchY/2+n3O3txVrZX/R2gAACAASURBVHS7baSQedX8fXCFKDYnBz0vQCrh7gfp8h+SJKHfbXP15ROt6yvGgwGJlkgrEBg8HOEnkPhSkxiBxeLJBGk1YPGlBeFhkXg2RliNsYLEuuYPH4sQBk2Q/UyCTVMikzLRio//+ReTYZ+Tdz8RBAFB6GGsxujdVckaY5wyivngyseVY6uwnLuxz8qpJE1czoqxe32cy0iTBIH7rMS6ga/akGafMdbizZEi25gBx/EzW1OyOeh92WWDbkSvN+IvHz7sLMPw6vqa21aL+lHBKdv6OzkM4BUIDnCBox8/fuTy8vJOSOgmEEJwcnLC58+f6ff7VO+pwNoH2CBFWA/0jOQQgjsPOmPSXBL7aEioMgjPYsR+LDanNZtJktAb9xiPx0SZb61arXJ6ekK93thZwM1TMJ5M6Ha7dLtdJhM3qSoWixweNpHFMUIJYMzkEUPZaxE56xEbDvYJx5RP/vdEHvoQpufipdQdcqmFRkgoHRr8SoFhJ+aPT59odzq8ffOGYvHlq6KVlLx9+9blc3z9Su9mSDTUlBs+XnBXMrsvEt+H8D3ZamQyk7VLIZ9sZTSZLtUY42wYUrrrNPu8Teazn/7bnwG5ZSVNSfWcZSWJsdZbe+FReOA+zXfxsg9JSfWk3dqXRJqm+eer9cyWAk46/5iiRQiBH4SYKHLkd1ZDuU92nHg8wVqb5268fft2L3I3Tj7czQszfoqUGpH4YN1nkSQxnueUCPdBCKhVawxGQxc+umIz8ODgkEqlesfKMokmjIfDtefD+fgAS+SGRAjo9zpcfvnEx3//D0ZbjPBI8fCFRNgEYWKslVjAWIVx6eUoIkBihSQUmjSzrCiTIISLMdUWfAFqukBDLPyMMa5J5fLikvF4BMrj+OSMYqZMmUyinZIceagjWQ1pmmxMcrgAzKx2NAs+3lckc0GvWqdYu58Kr2VMx8Wc6A0fJ0OttZk1JSOe1OJ4/9x3bIxe2Lh+ijXlvqYjgDTWdK/H1A8anD1jnf0cjCcTzs/PKZQ9Kge7s6ZM8SpPsVKpRK1W4+rqimazuRaTdh+ODg+5vb2l1WrdGdD3ScUBYMMUEc1IDsfeucqtx5tPLEiD9QxWmumzcuf76FNSI9Wa3sjVg01JjUq5zNHxMfVa7Vmf8WtjEkV5+8l47IiLQqFAs9lElaakxgSngNid9WSKTUiNedhsIvJnx0sSHcvWFWstXiBonBYYDRJG7SF//8c/OD4+5uzs7FWui3KpxK+//spNq8XFxQW3X1fbVr4V4mBln/ufDFJL0DPi97Fa8WkwoLUWY2y+GL0z1Z9mL6y4z7+lMXldeJ6HlJI0SeZaVlLMBpaVVdDG2Te00bkypBDuz6If3BiUaj3X5EB+DtQGtYhp6hYuUzXMPi244niCtpokTml1OtTqdd69e7ez4/ny9avL3TgtExTuOU9W5uQGQBgUHyQ35lEplRmPJ1xdXnB0cnrn+bFMbgC0b2+olDewbE8TCXF+fRU4W4qUAmMMF3/8zpc//oM1mlQUsAjCzE6irWRiJIG0KClJRIhnY5R1dpVEBFjAx6CIsUbmdhVPGopCkIqQ9N6f0YR2QioCev0x//x//x989X9RKlcIAh9jnPpkF8GjTjkWurFmLrzSNeb5a4aKOpU24MgNpfaWLNA6W5DPjy9Z+5Kn9o/sncIYk4+LsB7RC9NaWXd9CWvXynXaBAsWK3V/m+V9WLX5M/9171ojpeTDX3ZbCSuloHlS3jm5Aa9EcIAjJnq9HldXV89+QJ2envD77+e0220ODg62dIQvAxumiIkHZkpyPNCnITJSQ2mM2p+F6Dyp0R8PGI9GTLIU4FKpyJvDN9TrdcJvKAE6iuNMqdFhNJqRGo1GA78SLZAaUywPMK/9YHoqsTGPTXfxv+UF5vz52jbZMf3s9dw1USx7FIseg27C9fU13W6Hs9OzVxujjg4PadTrXFxe0GrdEo01pbq3YFv5YVXZPQRL1hQvQMq7j+I4ccn60x1698uLn1uwZEGYBaotvVYUY4zlGxLTrQ0pJX4QkqRpvivqLCsRvh9s7B031uQJ+sPBAN/3EDj7pecHyD25ddJkZs+RUrody2ll5Zokhc52oafYp6DDNE3yHdVWp4vv+fz88887O55Ot8vnT59c7kZ99VxHmLu2M7XhQrBYLBDHMVcXn2kenuThoqtwe3tD6AcbWdtcNKgjCJyq2JEbw0Gfr58/0W5dE8caIwrOmmoNkRH4wiIz+4nCIK3FI0Ebg0HhC+3IjbDEwcEREqe46NzegvAwCJSI8EjRVhIZiS8MCoMv5cLPSFLIAmUvvnwCqXj7/gOB7zkyzuid7NXITHExX1s9bxl4CE4hMGdN2YCEfG0YY9yxZmOp53mkaZq3L6VZNbDv+XeCdKdKwl3AWvJz7MbF9YgYp/jQOcnrKn5XvD5PV3LMj7PG24ygWzVvn1+P9G/HjIYT/vrLLxR2lOP15csXet0uzTcV/tXZXfjzPF7t7grCkGazyU2rRfPwkOIjO1YPoV6rU61WabVaNBqNhcFl31QcALagERNykmPh3/KQUA0vQGpsKvleztQw1jAYDRmNRguWjbPTU+qNxs5upqcgSRK6vR7dTofB0IWBhkFAo17Hq8RITwAx9w1hQohvktTIIZxXdsNfybA/hNtT8FKqDjUn9xVCgIJqMyAsKUadhI9//JHVyp49a8xbF57n8f7dexqNg8y2MiIeGUp1Dy+Qe9+ysnx8f0aIxMt3eJ1FYPV1IRB3dtBWQyJllr2QLXBdGwIgBCZ7jU3v/W8JzrLikQpHxE93WDe1rADZ7rA7V5VymUkUERbcxD6JJvhBsHOrT5KkGGvz62JKaCRxkoekPgZrLel8FsAeBR0aa/LNoHZnQBS53I1dbaIkScL5+Tl+Qc1yN1ZAxrPjU9J7su0sCBwxd3NzSaPRvDc8NE1S5IaM22yIFUjpsliiOKLTvuXT7/9mMh6irUALiU+CsJrYCjwhkNLiWTKSzyJsikVgEUjpUS6WKTcOOTs7QkjJZNjHw9Ifp6RJjDUCkanPUuuseZ4gt7RoBGQNLAjQVnFzfY2QikbzkEKxmOWEaOyO6mPnicVVIb73YdrMEccuG2LbCoFtwUwrUrPnzvQ9SqVI4rn2pSgm1nphPHR2+/TJ4avPRZImWKbEv1wvd2Oe5LU2VwXeh4V2yjWPS2dKH/dLZiE78SE8lrlhrSWJUro3E46OjzlaUR39Guj3+3z+/JlSPaRY8dze8I7x3yeXr0dwgNth7HY6XF1e8tNPz0vAPj095Z///Ce3rRaHR0dbOsKXgsWGGclhpbvAlclIjRf6i0/YqZ0qNay1DMdDhsMZqVEoFDg9PaVeq71KvsC2kGpNt9uh2+3R77u0myDwadTryNIEL1BAwkND1TdNaixAYMxmi5yptG+/lsFPx0uoOlY1rgQFhX8qGQ9SBp0+f/97j5OTE96cnW3lbz6GSrnMb7/9xvXNDZcXF9yOJlQaPqX67IE/zeXYN5LjzwxhRB5CCBAEhZU7RVP1hvuZrJJRCKQSgEQIiZAsSG9XfZbWGqLILQSs2aF3/ZWQW1YyNcdURq61wV+7ZcVHCOUCRsMgVysGYbAXlarGmAUv97wEO9xgwyFNEyyZNcXaRwMqXxPxxOVuDIcTev3BXuRuuFaA+3MuVDxHXALBMwltpRTVSo1O+yYLOL9LrJycnnF7e8NwNFq7rlxKCVrnoaIAnU6bm5sr4nGfSeqeZdOWE6SlKESWo+FlLSoRAksiC3g2xpcWv1Dm3U8/cXr2lmrVhffGcczh4Sl//P5vWlcXpDEkBBghKDEhlffbVZSQJLIAaUK/3+bTlz94c/aWcqmK76udqDiWicWHQnznsdDMgVNK7etjN00TbE6qi1xBJIUkDEPSNJmpOebGQ+WpPKAzTdN7FR4vd9zpnIpteo4f/uPW2pyweklVzVRVAmC99Z/D92VuzG/+dK9SCoXCzlpTrLWcn5/j+YqDo+JeWFOmc/tXfaJJpTg8OnJZHM8MCS2XShwcHHB9c0O90Vi4KPdRxYGwUNCAxk5DQrcwON9HZGxS5zp9ndF4xDBTalhrCYOA4+NjGvX63tbyroKx1mVqdLt0ez3ADXbluk9YUlkAYwKovcjUmOLliI0ZNt4Vz8/Dn2/3d9uqjlVER6nqUyx5DDoJV1dXdDsdTs/OXm2yfnx0lNlWLrm9vWUyXLSt3LczsA/Yp2PZFkQ8Izc85d+7+5erN3JYgvDhBdPqyZDETVJdy8hcRt6fFlJKgiAgSRYtK1EUEaxpWVFKolSYT0z9IHS7l/OVqsnrTuCnSO80OWw+jUtTjc6ULu61VkuyXxPTPx/HEdqkpEnKze3+5G40TkoEhdXnWmq1kKkTBMUn57/MQwio1xq0bi45Pn1LuEIR0mwe0e22GQwHVMp3g09XvairCvaRUpAmMZ2bK9o3V8TWQ5KihGs5iY3EoFDSQ1nXJJSiURg84SwqxVKZRr3B0dkpBweHlKvVfOfcqYI8+OkXyuUK15cXDEdDkmiClFP7nQBpMfggBL7USFzWkPtbKfFoxPWncxrVKuVSNcvaMbM8i1eAMcYF+WZYN9vhTjPHIwqBXSJO0jkl4NSqsTgweJ6PkIokXqqYTtzCfV7hEWm9drPVc2Csdec4O1bleSj1+DlOp4GvGcnrPaIQW6f1adWxaTNHcMj1lEcPbT5Nv9++GhFNIv7rv/8LtaNr6uPHj4zHY47eV/jn7e7JjXm8OmXfbDbpdNpcXV09uwXl5OSEdrvNzc0NZ6+0M/oc2KX2k+VWho1f7wm7r1NCY4rxeMx4PGY0GjnG1fc5OjykVq/vrGboqehk7SfdbjcLfvIo1TzCkocfrrAH7ThTA16H1JjiKSGj0/OzbzWx28RLEB3TSllrLUIJqocBYVkx7CR8/PiRbqfD2Zs3r2Lx8n2fv7x/T6Ne5+vFBb2bsbOtNDw8P1Po7Hp1cw/+TAoTmSqEdRM9IQT+A4SFkAL0bLIIbqK8zqTtzmvN7fi4LoM/x/l8DNNsgSQLIPWzlhVj1MqwxtWv4XN4dISSEhkGeW0sTCtVo2yh+DqTy3hhB1ms/T7mYexi7oZS+7Pg0mlKkjjFzE27h+d5O83d6PZc7kbpwdwNgYgXM3W2HdR60Ghye3OFUv7K8NF6/QDP8+h22lSrtQfnMgKBUhLPU4Cl1+vTa7cY9nqkIsSXAolFZw0p2k5VYx7WpmBihLR4vqJcKFBrnnB08oY3795k9qi5OZV0u/5HJycUikWECui0Lhh2WkyiFMFMhWGRWCHwbIoUWS27ibES4jglvb2m1+5QrTUplUp4XoI1m6tSn4KFbIfQkaTrEIvGmgebOfYJ0xyK3PbmBfcumt146NQc8+Ph/PNqmteRJMmLV8wu5xGtY//R2pG8U2yaP7TuT6bZ5w+AXC9c9L6NyPl7azRIGHYi3rx9Q32pWvq10LptcXV1Re2wQFj0YLiTw1jA/Dx+J3faYfOQrxcXzw4JLYQhx8fHXF9fc9BoLCTR76WKYwWeQ3KsG2w0zdOYYhJFjIZDxuMx2hiUUhw0D/Jsk28JvV6PTrdLr9vN30ux6hEUJUHhYdZ4F5kaU7wmsZFDbF4VOrvG/rwExxTbtK/Mh5CCuw/9UHJwVmDUS+h3+nR7Pc5OT59Vnb0JqtUq1WqVq6srLi4vmYxSynWfcmM/vcB/JqwKH3xo7JFLiwT1DL+2lILpPM4aw58yafQeKKUQUpImca7A0FpjTLS2ZWU6yRfCybWnte7T3cs4SfC9bKf6BWGMwcxVwa4jwV6FdK4tQEq5M6vNMqy1RLEL/G53+kRRzG+//bbT3I3ffz/HDxUHJ6V7FS5yjtxQQj2qtNoU0ydvtVojjiOuLj5zeHRyh9wql6uEhSKXXz8jhaRcKaNWhI9KKVDKLQTH4zGf/vjMaDBECp23pVhUbj8JbQJWk4oAIwNKTBDSUiw3eP/Lf9M8PKZSqbh77Z6TJKWkUq3yy68l2s0Gl18/8+nf/x+B1GDdYnGd1pWbq2u8oMzPv/yMkgotDca8vIojSVOX7RAGwPq5G+kLN3NsC3nzSAbXkvL4/Nn3A4TQpGmcEyNKeQt5HXEUu4pZXlDxJiQImwe/RtHD4/sy8aReMH9Ip+vbU5YzN1b9G4DRlt7VhEq1wvt377d7wGsiTmI+nn8kKHrUDov843r3IoPleftOnmz1RoN2p8PV1dWzGwZOTk64vb3l+uaG9+9380E/F89VcqzCslIjimOGU1JDa6QQ1BsN6vXazti/p6I/GOS5GmmaoqQkKEnCsnevhHQe3xWpMQfL5tfZLGP0z09wzGNbqg4lJdqYhV30Us2nWHa2lYvLSzrdLqenpzTqr3Mfnpyc0DhocHFxSbvdJh5rSg2fsLifC98/g4pDzpEbSnqP77zPvV9jLMEzdtidTSXL4fjO7mNw430w37JCtrs4ifCDzVtWnNoh69qcWrvmFpIv0SKQ7yBndhulnjYhX8gCWEOS/ZqIFnI3hi53Y4cteefn51nuRu3eRZlKPOa3ZJ+bu/EYwiBEScX11SXNwyMKhcU8NE95vHv/E1EU0e12SJMBvh9SKAQLi71iqYDve/R7Ezo3XxhHCYYQJSJiI7GAJxOk1RgLiRUoafCVJAiKNI+OOTw+4+jkLA/+fAxSSmQgqTcOXBuJkrSurxj2uuh0kllUyC0q1iqM8JFu5oLA0h8MKHR7TqHrK6I4efTvPhfLygY/WI9YXL7X7mvm2DWMdQ1R4MZFKSXeBsowz1MI6epzp8ppIQSqEJIk8YJlJbEW7wWamgLfI02zgOmplfCBFq1kPlxZiCerah5rVTE6xdiM1BAWox4mOO67rpaf2+3rEWma8tOH52VZPgcfzz+Spimn72p7QW6sws6o++OjI/749Imr62tOjo+f/DqeUpwcH/P14oLhYEC5MvMgfisqDtgOybFMasRxzCizn6RpihCCeq3miI1a7ZtaNAyGQ3rdLt1eNx+UgqKk3AwXFmb7lKkxxa6JjRlmeQvrfvb5z31/6yJgO6qO6Q6wnru/F2wr7Zjz83O69TqnZ2evYlsJ/IAPf/lLblvpXk0olD0qDT9rE9oP7HNGyLqQWoKZ8+ev8flOx6tpUObzMEeWfIcExxSe5yGFcERHNgne1LICWcZHtjM5DdpLogg/DBE4S4zneflkfxuw00ly9vlprbE2ynZQ17snXFvAfIaAtzeVsC53IyFNNDft7l7kbrTb7Sx3YzWRJLWEucDgMChsVNe6DlbpJz3Po1qtctu6ptY4oFK+q7oNw5CTk1OMtYyGfUbDEWkaEwYhxUIR3w9cLeZkzHjQJtHKNaEw2wjxTJIFiwq0hUBJKqUi5VqDs7984PDohEKhsPGYHIYhqnlIWCyhvJAb6THsd9CJxRozs6gAKRJlU4RNQUI0GTMaDYiiiEKhgJKCcZK8mDLAWLuobPC8tbIOFnI3YK9zN5hmPU3VAcapG1zY8nonVUmJCsN8nTGFG58WQ0mTKHqRJqopsbI8vlvrL4zDyYrcjedcOw+1qsxfA1aup95Y/h4szoOG3ZhxL+bDhw87y0a8vHSbY43jUpZpuHssz8+NsbsjOMqVCpVKxQWONpt4z5AH5VkcrdYCwfGt4Skkx32kxng8zj2DtVqNRr1OrV7fWRDNUzAajfJa1yhjmAslRa0eUCh6K6nT6UCw64nb/pAad7Fpl7cU4k+dwbEunqvqmN57y20rwRvFqJfQ7XRdpewr2lZqtRq1Wo3Ly0suLi+JRinlhk+p5nar9oVYWE4O/1Yg7AprypqLoPn3bKx5cmihmK+R/AbP4TYxs6wk+SRYa401Ed6alhVwjQJSzvn/hXDkRup2MafPXmPMVnYsXXBqSJImeRODO/Z0Q7n8y7YFPAWLuRsdPKX2Jnej0lhNRjrL2ey8u9yNl1PDZHqhHFII6rU6g14XnabU66uVLlIIKpUalUoNbTTj0ZDUpIBlMBjQ7/ex1qKI878TSE26wipSrdY4fvOeDz/9RFgoPGhJeQxKKcrlMj/98gu1xgEfz88RrUuGw8Hc33WWmcgIUiQFtDvOuE+73abZbOIHHmIkiOPIkQ9bthkkU2VDHuj7+L12J3djj+61VZBKEUpFksRzYwtobfEDf6M1w6r36Xk+1lqXd2EtQsoXI3vc+K5Is/fiwmgdoeH7gcvdeCWS11pI0ln+hlbpvfPuh+Y28/dYGms612MaB41XmyMuYzga8fHjR4rVgHIj2KvWlHn0W/HuCA6Ao6NDfv/9nOvr62fXJ56cnPDxjz/odrvU56Te35KKAx4nOVZlaiRJkoeFTomASqXC6ekJ9XrjWeTRa2M8mdDruoXetKI2LCpqR06psTz/nGc9d01qwJ4TG/O74ZuEKYnl6dX3jecSHdN7fP7aLdV8CiWPQTvObStvzs6o1WpbO+6HcHp6Sr3R4PLigk67y2SYUjkIFnYvd20V2TXJ8hTIZFYdKYVbpK4LISVWTyte7ZMrxefHRfMdVMU+BpllaSy3rMRRhO8FqEe85+B2AY0x+e/7vo8xGqN1ru4AMol6nHnanzfdcsPwrDpYiA2yAOZ2LcUeVcJaC1HsnvPtzoAoTvjt193lbqRp6nI3CoqD4+K9PydiL38kvkTuxrqoVKq0O23KlSreIxkwSioq1RpKCoSE0XDEoN8HIDECcA0mhiC3iiA8DAIlIg6aTU5OTiiVy/fmBKyL6e8HQUg9U+voSZ/JsIcv5cLf9YREI0kpoGyC1inDUZ9qrUqxUKJYLDAcjkiSBG3M1hatSZJirc0VdOu+X2d/yHI3YG9zN+YhhGtSSpOU1MxsHkkcYb3g0TyOh6C1WQjzfGmyRwqnHEnSZMGSaEyUEwnbIp4ealXRc+SGFRrxwClc99rqXI/xlOKnn3ZoTfl4jvIkByelvSU3xkPNeJjuluAoFIo0Go08i+M50uyDgwNarRa3rdYCwfEtYhXJsazUSNKU8XjMZDxmErndj0q5zGFWC+lvOcX7JTGJopzUGI9dyFhYkFQPAwpFhVCrA3eAvVCk7DOpsYhFuf/6v/ZDwbEKz7GvSCFg6T6XnqB2HBKOU0admP/8/jsHBwecnp6+yoS/EIb89NNP1LtdR3RcRs62cuAjlZi1wnyDRMMuILRYqo7cbBE033byHPWK+7xEvvA21u4FGbxrLLesBIFPksYY+7BlReu5ekoh8KQCIfLdXlhsv4njhFRr11L2DCl9stCg4rIA1sGyXH5V9eOuEEdjrDVZ7saAN2/f7DR34/fff89yN6r3yhxd7sZmlrOXxEHjgIsvn3j/l58f/Vk3ErgmJdeeNwZrM1sKKCMx0j2bAhGjcUSDxKn96o36VnffhRCEhQJHJ8dcffkPQlg8azBi9nclFgtoJFJIUq0ZjoYufy1rgwmCICfwtkUoKiUxRiwovYx2Sq/75p0L9gemQcDPOoxXhed7yOw9zxQQMVj1ZIVSOqdmea1xRwgIfJ8EgdbpgtXzpYinO/aUZC4fxr/7/H5sLrX87/3bMdEo5ZdffyF4QbXYQ/j0+ROD/oDm2wpyxbpsH6BTQ+9mQrVa3S3BAXB0dEQnCxz98Je/POu1Tk9P+fd//sPt7S3NZjP//rem4gBoFj8wGi527qRa50qNqbqhVCry5uyMeqOxs12PpyBOYjod134yHI0AJ9evNB2p8VAOwHRxuEt8O6TGDPkQ++QmlR+4D09VdawiM8OiR1j0GHUT2u02nU6Hs9NTTk5Otna8D6FRr9Oo11faVnadifEtESzzwaJOGbDZ43ah/cQ+T3mxYKfYUMH1Z0ZuWYnjfBLsFjITvOBuTaKznyzJz33PhfRlShCRyQytNQghc0IijmJirfF8f2MpvdYpej7o0A/WstMsHG8U71UlbJJEpDohTdI8d2NXjQBA3uzncjdW36vLuRtBECJfuD1nHRTCIv1+l2r14c09ay3GgrSQaE2catcOMmdLCUjxpcmbTSBrOfG8F7HhTO1XUiq0lUyWjiGyEoOlmDW8pKmm1xsRx05hoZREeYo0MZkSK85zM55DcsxsYemCLcypGrw76qll+4O/z7kbD0BKRRBmNr5sTEy1Rm/QPDUP5SmXwbHQOrV9O9Eq5CR2OlPrAS8e+JokCdrOVCtGLoZ8P9SUMv33ecSTlO7NhOPjYw6bh3d+7zXQ6Xb5+uUrlYMCpYq/F8GiK60ptwkCwdu3b3dPcHiex9HhITetFoeHh5SfEZpSrVap12q0Wi0a9TryG7JmgCNi5lEqlxkM+ozHY4bDUU5qFAoFzjJJ+WsEEm4LSZK4TI1ul8FgAEAQSirNgLAgUf7qgXOfdhu/RWJjhixEasPFkhDih0NlTTyF6Jhe38tER6nuE5QUo07C14uL3LbyWlXOU9vKxdevdNs9opGm3PAJCuqbzcR4Lci5dgUhBP6G6o3p702RkxNPhFt0m+y1tt/y8S1DCkEQhsRLlpVV8mxHFizKz1cpKwSCOI4JggCt08WQvTRFG2cTWefRZqwlSZeCDtec26RpdrxRnNU67nzKB7h2gTh2ytNWu7dz2XWv1+PTH39Qqgf3524s5eko5eP7rzf/euhSKRQKDIaDRwkOhEAIRxJbHWPTCLALthSFwRhIrMIXbsxIrMIg7yWXB70On37/F8YYqrU6737+DSnlvd+/e1hOryax+NIihMLgoYjwhEUjiIzAFxarNXoyAp1m45rE93xMqt3cRohnNWMsnS4C30PrTOk1XfCnKUabPLdnVe7GayzgXwoP2vjuaSa5Dy6s1GV8TEmOJE0xxj5rPDI2uxYsYM29zVJTEjuJYyzOqvViuRs4YjvJ6q7dAeiFm/exDZpVc6v25YhisciHHY2R2hg+fvyIX1A0jvezEhZg2E+ZjFLev39HIQx3T3AAHB4d0el2uby85Je//vVZr3V6MVCrJQAAIABJREFUekr3H//gptVa2PHcVxXHMqkBjsXr9/v0er2cCCiEoVtw1GoUi/d7Q/cNqda5/aSf+T29QFCu+xTK6g6pMd2h/UFqvASmu++b/ZYUAn549zfC/1ydPs22wiLR4fnS2VZGmmEn4t//+Q/NZpOz09NXsaEVwpCff/6ZdqeT21aKFde2ItTrW1Z2rSBZB8IIxPwur1940m6RmNspey6ZNH+efvBSqxH4HlouL2Rm8uyF2kec/Nxi0WaefJjtcAaZFcTzfIRUJJnkG8gk4Brf9x8lm6ZS581zN1K0zo43ywnZB1gLUeQWAO1On0kU89tvv+1ssyZNU34/P8cPFQfH92+wyXiWpyOE2FnuxioI4Z4f49GI4gObhFIIZBY6bJMInURoLRZsKVhJagWpdblBAkjtw3scw+GAf//z71idcvrmHW9/+gWQjIYDzv/1P2idcnL2Pv/+KlgUCEkoNJH10dYdrxLZNWPBEwJrUnQ0wugUIVxN6SSKMXPWEG/L17pSCnkniNMt+D3PzzMm4jhB8m3kbqwDp4AgJzqCMHhS85RSEiGDO2OgjR8PYbbWkQbGGExGZuRzpPmHmZAIaTFa3yG3ZlXhyYuTvNFkPLtXhEEHM1XPpu2F1lq6NxOSSPPLf3/Y2bro/PycaDLh+C+Vvd3YSmJDvxXRqNdzlcteEBxCCI4OD/NwvcYzMjSKxSKHh01arVsajQbBHto2VpEaAP1+P/+ftZYwCDg+PqZerz9L2fLaMNbS7Xbpdjp0ez0APF9QqnkUyt7KWiFrrZMD79GC5c9DbCxi0wHqR8jo07BV20pJEZYUw07C7e0t3U6Hk9PTZ1Vsb4KDRoNGvc7F5SVXV1dEw5TSgU+x4u3ENrLPChIRz8gNT/lPnmxPT+l0Yvmc8yzkPFnyg6y8Dwsp/FNJcwDaTBauN08ppJREWf6Va1lY9P3Pf1ZKSlQhJElitNb5TmaqNcEDBMdTczeMNaTpzAPuSbU3qp0knmCszXI3hnuRuxFNJpx8qCw2Ds1Bpmqh6jkMinu1CQNOxdHv9x4kOBAuhBHIrvHoji0lEQFGCEpMSGWIwf23EvePt8ZKxlrhzcnyN0UqfFLh42MwJsEiQFlSEebHI6TFGksaDTHGVZJKCXr+Wlcvs0M/DeLUaersPXMtHUA+Xjy3dnTfoJSXjYnJoo3PRM5ut+a4IoUkDEPSNFm0rEQRwYraWGOtU13cY6kM5sbCOIqxRhNH6b3K/Wkux0siSSLMHOFt5siNpzy/x8OEQXvC27dvXy1wfhnXNze0bm6oHxUICt7eBov2b2M8z+Pt27f59/aC4ABoHBzkKo7nEBzgGlVub9u0bm54M/dmd6niuI/UGAz69Ht9BsMhWrsdncNmk3qjQaVcfuWjfB463S7drsvVMNaiPEdqhCUPP3zEfrInT4Q/K6nh8MRzLMRTf/MH2K5tpdzwCUuKUTfh69evdLsdzs7eUH2FemwhBG/OzmjU63y9uKB/2yceakqZbeUHgEQi5gII/WfuSgspsZl6ymbhgJvCTaymLyh+NKk8ApktZJLE5V7E87uOUYzMAgwXWxYeV0ikabKw0wsPh2RrrZfUIevlbsC0ySE73iwnZB+QJDFJGpMmKa09y93ww9XnSBh5p+p50zydbeGhinclFUanRHFEuNTWlKYpnuct/q41CGvwpVywhChSsJLYSpQ1KGGR0j448tTqdf73//F/Iq2mUinn6rNqrcH/+t//N9YYiuXZ91cePykKjcDiC4sGIq1Q0uBlx6Bx95qyUb57v5xn4AJ9nSLrJaA8D6FmC36YhQr7L1g7uktMLStxkuWRZOOes/H5G9mBnAJNkqbxQi6HJ9XCOCWzz9WySGZMIZBIJdDaLDRX7UqiqHVKktnuAGyQYoQBe3/mxjyWCRCTGrpXY2q1Gu/evXux434Ikyji48ePFMoe1eb+WlMGnZh4ovnw4cPCc3g/nnoZDg8P+fz5MzetFkeHTw9SCfyA05MTLi4vaRwcLFg6XpPkuI/UGA2H9DKlhtYapRT1LNjvtfz120Kv13O5Gp0O2hikFIQVRVjyCAr7n6kxxZ+b2HDI1LX5gmkT/GhReT6ealtZJjm8wNlWglHKsD3h3//+N4eHTc5Oz168gg2cSu6Xv/6VdrvNxWVmW6l6VOo+yNezjeybPUUYkHr2cPX9cONAtjuvKWZ33jpVscYarAFjNRjnpbfM7vfphPJbCmvdFXzfQ+pZywrZOfMzSbrW6dzCxn/0fOYT+3kvepKgjV25GNNa5wsJ1wqxHomYNzlkE/5ty/WfCmM0cVYJ2+r0kEruRe5GuR5Srq9W+gq7qMhS0tuo6vm1ERaKDPo9wsNFZd94NMQLfMql8owkkR7Kk0ijSfHQCDASKTTSGmIrkFa7n31kqCiXy/ztb3+78/1iucJPv/7XegdvNJgUJIu2FJsiMWjrrDRusegtyPiDIGQymSxZwB63PzwV8xkV05YOpV4nOHOXWJ1H4qx7rjFmvXPteQopw5w8juOE1GhM4p521piZYi57TaUUQkiElDn5AWBthDF21hK2AwLfWtcIlUNqtNI5ufH479+dX7evx+jU8OHDh20e6kY4Pz/HGE39uLYX5MYqxBPDoJNweNjkoNFY+Le9Ijiq1SrlUomrqysOm81nTcBOTk5o3d7Surnh/TPbWdbFfYQGwGg0YjAY0O/3SZIEKQT1RoN6vUa99m3V2vYHgzxXI01TR2qUFGE5uENq7FOd6zK+B1JjEU+riXUhoz8Ijm1gm2qOQsmjUPIYtmNarVs6nS5nZ2fPIoc3wcHBgQshvbjg+vqaaKgpZ7YV+LYaT7YBFyya/bdQW1kIbVoVa62TyS5jqhiYf63v6bN5KvKWlSRxNa8ZWZDMVQAq5aHWJB88TyFVeMeLHsXmTuuCVCqfrKfaoLzHPzNtFits92lHOZpMczcGTCYxv/766+5yN7TOczcax8V7z6vL3ZiFBQeF/c4/C3yPbq+LNholZ9dkqVLh8x8fEaenVCtlhATPD/D8Ikk8RNkYm7WohNLgSUNRCFIRkgI+L79ojDLVSAFNOmeTEdKizaxdJfAUfqGCVD7G2DyAOQxD0sQ1qOTKgDh+0cYO3/eQSqLTdG8CfF8auY0vXVSwRJHBX9E8dR+klIQZQTJNEphvOpmv2gZH+BYKd4lIKVVeHzwNcn7tKvSp7Q4AYTFBmhGDj6s2VmHQiRj3Yz58+LCzzMUvX7/S63Y5OCvjB/tB3C3Pmy2W3m1EIQx5+/auymXv7sjDoyM+fvzI1dUVp6dPX4AKITg5OeHz58/0+/0FZcQ2VRwPkRqTyZh+v8+gPyCK3UDQqNepZWqNb2mCORyNskyNbtZn7RZY5WZIWFx98e9Dnesyvj9SYwa79P/rQv7I4Ng6thVCClA+CAjLHqNOwufPn+l2Opyenb2KxU0Kwds3b2a2ldYgt63cZ0vbJvZloS61XPDoB1tauG1aFZvndmSKg+k3pHuxWYDzHpyzbwXT3VpH5kuSJF04f1qnroFizWDBe73osfMQe56HsdaFi2Z/x/PUWhLnJJ5vcljdKrALxNEEYw3DwYRef8DZmzc0m82dHc/5Grkb4hvI3ViFQlhg0O9Rr89yTZRUlCsVxsM+QeBRLIQIL0R4AcRDEiMwFnxpkViMESRWoqRBCvuogvO5LSoAnrB4wllhtDGAcKGRBNi5hhchfWRQRCgPsGit84Wi5wcIaUjiKK+MnW/smCqmtwklJfIF6nP3GTLLs0iFIE3nAkg3tKy4ZqcAIZK8aWrpL6EUCOHUG6ue99O/ZazZSRX61HY3hfFTrCDPDtn0KJJI07kacXBw8Kw18HPQHwz4/OkTpXpIuRbshXpjpTXlNiGNDR/++nbl2Lx3BEepVKJeq3F5dcVB84DgGQPH0eEhrVaLVqt1x/oxJSaeQnQ8RGrEUZQHhU6yALJarcbJyQn1RmMvlQz3YTwe08kyNabvpVBS1OoBYXH1hGtfJwDfM7Exw9MVHD+CCbePbYaQeoGkdhISDFOG7RH/+te/ODo85PTsDO8VFjmlUolff/mF1m2Li4tL2hcTilVFpREi5Mu2nsxfzzshO5bqI12N3nYerc+pinX1tAEC8YPP2AKmE2nf91BG5taVIPDRaYo1U0n8es/4O/WJUezqJ+eu502aU1zYYVZha10N7T4gzXM3NK2uy934y/vd5W5cXF5ye3tL46RMUFh9XoURTpGVYZe5G8uYHwVW3dZhGNLt9xcIDoBqtcag38FkhIDyPJTnMi2mCRuB1IstKmtaVLbRouILgyct2irA5KpRi8AK4awqwimbgmJpLkzSLIROKyURhUwlldkWtE7zJg5tDN6WlU3f6/g6PY/xkmXFWr1RhfJ0LDRWI4UCsbnqexdV6EbPbHcAVmmM1Nkzdz1j92LDmaV9NcL3/Z3a9z5+/IgfKBpH+5G7sQqTsWbYSzg5Obk32mE/RuwlHB4d0e31uLq6enYA1enpKefn53TabRorkrrnyYqHyI4HSY04ZjAY0Ov1mEzcxV6pVHh/fES9Vn8VX/y2MJ5McvvJ9L2EBUn1MKBQ8lg1d/tBanwreBrBgfixQHpJbNW2UnahvsNOzE2rRafb5ezsNK/NemkcNg+p1xtcXlxw02oRj8aUD3wKZW9vW0+eC5XM6iOlkATB9uojN62KnVWUOlXAvo7N3zqklHnt4KrayHWf+dP6xDRJ8t3L5eDCdTI0dKrRWbMDkPnhN35bW4cxmijP3egi5e5zN/74+JFSPaTSuH/zTMazz2/fczdWwVceg0GfSmU28Q+CECFnNihPefi+x4QpscHKFpV1LCrbaFEBVxWbyAKejVE2RgCKRftM0VPU6qW5RiEJLP7dqUoqSeI795UxhjiK8H1/LTWHsRaMQSj1I2x9BaRSBFI6JcfcWGh0hBes37KilETdQ36tg4XNgFeaasTRHLkhNNpP7myy3BcMvEqN0m9NiMcpv/76685qvc8/fmQ0HHL0vrJyvbcLLM+NjbH0WxGlUpE3Z/cTMHu58g6CIK96PWwePsuD1KjXaVUqtG5vqTcaD+7wLas6HiI10jSl3+/T6/UYj523tFwq8fbtW+r12rOUJ6+NSRTlpMb0vYQFReUwoFhUCLXIMO67CuUHsbEaeQ76MzI41lmE/zj/T8O2QkiFgMpBQFjyGHUTPn36TKfT5c3ZGaVXqJv2lOLdu3c0Dg64+PqV3s3Q5XM0fJS/XZXF8u7Ha0NqAXrOmrJFcgOeWhWbWcqsfU2l7neHae3gqtpIa022K/n4yXek2JxlZU6m7Xneo89bYw3JtCbTWpTy7q1KfG3E2SbJvuVuHBwX772X1FzuBkAQbveefg0UigWGg94CwQFQLJWIogmFQkipXKJcLtO/FRgbgBB5i4pEIKXNMmAEyIfH1m20qAAIa/BI0MZgUPhCY/CdBUxqJBblKUrFsrNymekxrj4+Z3/QrrEjU3PMB/xaa3My0lpylYexgNELz9ZQqicX0f3ZIYUg8P07zVPOshKsHZD8HIiFcfLl5wJxPEHPEXo2SO+MJ/NfWVho/lnGeJjQu51wena2M/teu93m6vKSarNAWPL55x6oN+6rhNWp5d3PD7fL7CXBAXB4eESn3eHy8pKff/75Wa91enrKv/71L1o3NxwdHz/68/cRGzojNfr9PsPRCCBnkOqNBmHw7ZAacRLT7br2k+l7CUJJpRlQKCqkt3gD7lud6zJ+LKrXh9nQbiKEoOgnvF9z8f3QIv3H5/Qwtqnm8ENJ/SRkMkgZtIf845//5Pj4mNPT01chKculEr/++is3rRYXFxfcfp1QqnmU6/69vvdvDslcJZnyX0TGLqXMwybXq4qdZeakaYry1A8lxwtiVhsZL6gvtLb4G+xgep7vwvuSBKWkC89b43fTZGZNkVLuTdhhHLkFwHC4b7kb1XsXqiJVC4RlGBRfRep+H5IkxWKzlp71f8/l7LgcuMJcMGohLNJuD6njmk8qtWo2WgjMXIuKENyxijyEbbSoGOvIek9ErtXFCvzs2BCCQMRgJUqFVMo1fM/HWhcy+tAhep5CyDBXSQnEoiXMmFnzxoqTPCVGnlrT/T1hat+L43iO8I3BKrwX3vSdf8Y9pSlwE+g0JUlmuRuuEna962PeTjWF0ZbO5YhypcKHVyrFWEaSJJyfnxMUPepHRf5+fbaXV/t4mDIepJydnj66YbcfT8IVkFJyeHTE1dXVnZDQTVEpl2k2m7Rub2k2mxvtbhit6WftJ4PBAIBCocDZ6Sn1RmNnuxFPQZqmdLpdut1u/l78QFI58CmUvPtJjT3GjwXz+rB5rdZmvyfX9BKug/sW7j8+x0VsS80BUKh4hCXFsJtwfX1Np9Ph7PT01RYbR4eHNOp1Li4vaLVuicaGcsOnUNrurs5r52/IVCHs7G++2E7vwsTt8apYKWE6v9M6RSq5t8T0nwUuiDS8ZwdzA8uKlKgN5hTTisapNHxfKmHTJHG5G6nmttOjVqvtR+7GcQk/XJ0fJgyLuRtesNPzOa0iRgji2Fkq5smWx57JhbBAr9dbIDgA/CDEWku5XKZaqSKEuGMDUULesYq8NOZbVKT0ssWiRuEWklP7jAjKHBwcEAQBcewIisfGfiUlMnBWMOl56GSWz2EymVsQPPJZ/5DDrQUpJUHoCKW8FSUAbSL8YP2Mok3hrgExV4X+Mh+XtYYoXqyENUo/Sm5Mtx1WKcfa1yN0anaeu5EkCSdvnr7W3jaW58A6NfRvYiqVyloBrHtLcAA0m026HafieA7BAXB0dMTt7S23t7ePqjistblSo9/vA1AIQ05OTmjU6zur7XkKtDFZ+0mPXq8HZKRGwycseSj/B6nxveDXoxbXn56WwfHSir8fxMddbFPNIaSgchAQFBXjbsofnz7R6TrbymuMZ57n8f7de+r1BhcXX+ldj4lLisqBj/S2N+F5rVYVYcRCsGgQFF7s70ohcge8C/t9mOGYHke+82iMYz1+4MWxegczwRi9UQDpOtDGkE4rYXHWsH14fpu5BUCr3QUh+OmZKtznoN/v57kb5UZw730q5nI3pJD4W7abbQJjbV5FvKplZx14ymOUjkmSGH9u97xSrjAejSmWivhhgXLjmHG/g51M8KVEW4Ex4MkEaTXGChLjvv+SmG9R8UjRVhIZiS8MQki08AnLVarVKp7no7W7/tcdd6ehywAqDInjaKm1QyClQEiJQCKkwOgUndVY/VkzpF4C0+apJEnROs3HQpd9ErxYu9O8OuKlFDdxFM2uBWHQQfrwLyxh+XodtCPGPVcJW34FC/EqXM4RwEHB4x97oN5YbU1JsMC7dw9bU6bYa4IDoHl4yNevX7nN1BdPRbFQoNFo0G63OTw6WjkoDgZ9er0+g34fYy1B4HN8fEy9Xt/ZhfcUWGvz9pNOtwuA50sqdZ+gpPCCxUnWPkyK1sH3vNh9Cu6yn9l/PCWDY0eYvofv+bPfJtERFBRBQTEepAzbA/7+j39wcnLC2enpq3zO1UqF6m9/4+r6mq9fv5JEhtKBTzELId2Hytd1IJPZBE1Jb2EBsW1smjPirA0ql9CuUvX8wMtBSkkYFlYGkG5zcj9fCSxgb8LM4yzHa5q78cuvv+w2d+P33/EDl7tx3/giEw9h56wphcJON+vTOJ5TFcic5Ei1y4XwPG+tsbJQKDDo9zlYCJkWJKnBSxLCsMjh6Xuu04Q4nuBZSHCLREUESDSS1L58qoEvDJ4waCOcTcZaEushRYoCUiTHtTqNRgMhyHI0YoyxTyIPgyAk1SkC6YiNFefTmt1mPH3r8H0PKQXJfJVsEpNxdwAbhTI/hoVadWNgy0RKkkSkenbwxk/XzmWxKyQl8SShcz2i2WzurBJ2PB7z8eNHitWAcmOxEva+gNSXxqq57rCfMhmlvHv3bu3nyX48ER9AvV6n0+lwdXX1bEn18dERnU6H29tbDg/dgD/M7Cf9fj+vj2o2m9TqdaqVyjbewquh2+vS6Thiw1iL8gSlmkdQ9AgKP0iN7wX3LYTjyD2gn5LBseuH+w+i4+m2Fbi7yC1WPApFxaCbcHV1RbfT4fT0lIMVTVMvgZPjY6rVKp8/faJ/MyKdGCrN7ZAEL02USC3BzAWLvvDibT48bZ2qWKXUwj3+0n7kH7iLaQBpmqakcwGkbkGmtkKIze9O7np8nmIavDcazXI3XqvBaRXOz8+ZZLkb9+X+SC1d9kaGICgg5eqpcZKkCCletHo7TlIM5JaJIPTRaZJ/HccJSRThrdECEvg+3V6Xum0uzPmCsEgUjalUyvz1r39l3Luh1+3csaXMN6oo8fLXmLaSSWaTkVLgqwBlLZKY0E44PT7g9MyR8ZNJRBTFeJ5y5KEXoDYMs/QerfOev8ee8IZ+AKUUQsrcsrKommGWf7IFuBBbnb2u3Sq/YXRKHEezr70Uq9a7KObH53nSoH01JgjDnVtTpJI0jlYreXdFcswjjQ39VkSjXufocP3nyd4THOA83H98+sTV1RUnJydPfp1SqUStVuO21SJNU3q9HlprlFLUGw0a9fqzrTCvjX6/n+dquPciCCuKsOR2aufxg9T4c+Ohxe+wn9JvOR/vsif3MRitkXsSCvm9Ex1PUXPAPW0rSlBturaVcTfh4x9/ZLWyZxQLLy/PLhYK/Pbbb1xcXnJ5eUkcaarN4M64tQmmxMZ0QrFtokPYRWuK74dI+bIJ8U9ZyOZ1sWGQqwh+4PXhea6Wc34HU2uN8syz7Sq5FemFPefrIk3djrrWmlZ7T3I3Wq1cdr2K+BSGhfvZU8G95FOeiWEExliCFwhz1VpjjM7JDN8PkEIi/RAhUtKM6IjjhCRNMcY+GiobhgUG/S61WiP/nlKKyVjnrT3V5iHV4YBep08612CiSCHLxvh0/jv9zu3W3/MUt+0eVnh5W4q0Bo+Y1BiCsMzBYYNKvYHneSRx4hpUtCY2xpGHaYzFw/O2l5uSXy9CZNYrp4rzff+bmU/vA+YtK3Gc5GxREAYvQHA42C1rjqK5SlikxvqPVyJPx5zpJuH8FdO5HpNMNH/7r193pr77/PkzvV6PgzdllC8X1BswIzbs0tcviftaUzzP4+3btxu91jdBcJQrFSqVilNxHB4+iz0/Pj6m13PtIbV6nUajTr1W3+LRvjz6gwG9bpdur0eSJCgpCcqKsORTKM7OjbH2mxqEv9dF63Pw2EJXp4ZBO2E8TGnU67x7927jwTROYpTar+voB9GxTduKJCiEjPopg3aPv/d6nJ6ecvZKksmz01PK5TJfvnyhczmhXPcpN543SX0p1ZFMFGRe9Gm950vDZaeJDati3WTPZkqOb+1Z8GeClJIwCIjndjDXiFJZCwKJzZoujNFoYwh2EIxprCGO3QKgddvbn9yNWkDlILx3LJCJN3c/i3uDgq3lbiZGpPGCYGv3lbGWZC5TRSlvQaHheR5CSpJ4VnWqjcbGBs8PuG8PohCG9Pr9BYIDwA8LjEZj6vUajeYR0WRM1O+hNUyFYsK6ayu1cH35ldvrLxgrkSK75qwAIRGAFBpjRN56sunPGBmAkHlbikXgEWGET1CqcPruA6VKBWssUWbLysMs87wbl5nh+8F22m+mn621i7vwL2B/+B7g+x5+tuyMoigfD419PuELMP8S21QuxtFkThVpnTVlAyyPP6NBwqAz4e3btzTqu1l/9no9vnz5QqVRoFwN7pAb85j1sr0sVs1nB92YaKL58OED/obPtm+C4ABnL/nP779zdXm5MYszj0q5zC+//EK5XP6mJnzD0Yhut0u323GeWyEIS4pys7BAaszjW3h/3+sC9blYh9gY9VKGPTcpe/PmDSdrVCSvQhTFhOX9DCn8QXRsz7ZSqnoUsraVy8tLZ1s5O3uVB3C1UuG//vY3Pn/5TKt1SzLRlA98/PD5ao5tQWqxUCH5Yq0pq/72nAJnHYIjjqOc3IAfE/J9wKISxwDbWICRaYgFSZLsLMMmnkyw1tLuDBhPop3mbmhjXO5GqDg4Lt17v8jEW7CahYXivQqYJE0WmjZmJIdTRW4jVyVN3M52EAYIIVdO5pWUyDAkTeMFy0ocTR48DqUUo9GAUmlmuw78kM5wgLVw2DzEpCnXXy8JbR+TRncsKkJaLB6JLODbCGs1EyORKsATBh9DbF0YqJLexj8TkOJLk/9dC/gYimHAYb3O+7dugZMkKTp1u+e5MiBTSE0/oziO8LwAb0PLyjKm18O8rSKO4r2xhH2rSJKMINj2M3qqXMxqgLeBNElJ0sVKWLvh0D0//qSJpnM5olatrR2WuW0Yazk/P8cPFfXj9RTdu3iyTMb/P3tv1txIsmaJHXePBftKgEwy97xZt+7tVrfUy2hmbDQmMz3o/+pBb3qQbCSbac20rJe7Vd2qSmYmmSQBEDsQEb7pwSMCARAksRJgJo9ZVlaSAMKBiHD4d/x850gM2hzVagXlUun+J8zg0RAcbmgS2mg2cVA7gLNGD+tj8dYYj8fohmoTzze9X6mMhVIpBTfDdt4XtQ6+1YJ0HSxSyCqpMepxDLqG2DioVnFQq8F1Vrtfoh0RtgU57ibxLRMd67StANNEB020rQzbPk5PT9EtFnF4dLT1goUQgucnz5HL5XF2dob2hY9c2UY6v5ih3rZBZiIk2b3925s8+HJtKtHnFS3y5Ew/sg4ba3f/qX47oJRARqaFS/og3QZCwnOZIL8eGkHgQyoR+24cHh3t1Hfjw4cP8DwPtRc5gM4nOokkU74bptVs/v0suIkijQgFy3JigiHwA3AhoEPjz1XBo2O4DgAC+47IUkII7LBlhS/YspJOpdDv96YIDgBw3TSGwyGymQwK+SLeffc9Pv/yA65bLUjYIGGrSKApbKWgoSEgwaDAoGFTDQoBaMBXFIQANjio1hBKQ2uy8GMIYVCwwOBDhoSsZadx/PxNgYWyAAAgAElEQVQlDo+fw7ZNcgrn/EZbg21ZoCHJN1FzBGBsvXQrAhJ7LGmljXEzIVjACukJtyCK0o7IvM2DAtiMclEKAT8YTX7AJBRbbO6+jVjtNMbQGni5S9+N0Juo9iIHQnCneuOhMNdYtB0g5bo4Pl6NCNrvqmUGlUoFnU4HzWYLx8+e7Xo4W4Hn++h2Ouh0u/A8I/nM5XIoFgjcNN0bL4RV8C0Wn5vAIoWr1sCwG2DUFVBao1KpoFarrV2URj2nbINRntvEt050LEtyAPP9OZwUhfMsjVFfoNs2aUxHh4cP4vRdClOrzs/P0Wl3wT0VxsnOd7q/C5syHGXcQrRtY+IGH3Z3evmo2InZGmOhkz0X0FpBax0bh9m2vRkp9xPuRdIsViq1kcVXMhIYiHaXH86LQwphkgWERDP03Xj54sXDHHwOLhO+G256PklAFED55HcWs29tNVNKQahJr71JfGCgzAUPeOxxI4T53rUte+nPXkoJqWR8Du0FE0GilhXBJySHUhJaWzfGQCkFtILne0gllGfpdAbt1hUcx4aTSuP5q9fwhj2MvACDMTdmo1oi0AQWISDQICowUyGhcImE1hpCEwgNpIgGoxpKC0SOAw6VYZvL3Y+RsKBAQAFQomE5DoqlIurHz1Gt1aG1RhAEk93/GcRmlomI5nWjQgkh8fMlSRa2T8bNq0ApZcgNICbz1lXZzIJSQCkAhKylXJRCwPMT5MYCkbD3eX/1r8fwBhyv37x5EJ+zeWi2Wmg0GihUU3Ek7KLYluHobb4bPFB48eZ4JZJqPB4/LoLDcRyUikU0m03Ua7W9iUVbF34QoNvpoNvrYjQyEWvZTAaFqgs3w8CYxkYadneEb7HYXBeLFqoawLDLMeoa061yuYxarbaxybPb7YISQ64BQCn1Ah3v00Zee5v4VomOTao5gLBtJW3aVi4uL0MT0sOt+xbZto1Xr14h22rh7OzMkBxV2yjXHljNQRSAqd3e9XYFVxrDsgqOqWJaQs6sx6Pd5yAw5l1fy3fpvkKI6YXxppQWhBBYlg0pZdyStG5Rtyi01vADs165bvdACNnprmS/38fHjx+RKbjIlW8nIJO+G+Q+341EXCujLL5PKKFwXRecB4jEkYEfIFBqKdIw9t0Ir4dZ3437IJU575GRsG3fTrCk3DQG/d4UwQEAzHbQ7w+Rz2fhOA4On78GKMNPf/wXKC0BqpEmBCRMUUkTAkFcCJgWEnFLG8ttaSy3PYbBbKYQAGnXQalcxqt371EolqA1YnJD3yGfoIQAlCCa8PQGK7JkkXXXGJ4wH9E5jO4nizFYW4hXp5TFCp9V59l55IZyFjPrvm1t4I85uk0PB7UaagcHK41rXfhBgI8fT5HK2ihU0yspNx4iVcUbSwx7HPV6feXgj7Ozs8dFcABAoVBAp9tFs9V6MBO8bSDgAbrdHnrdLgbDIQCTWZ6vukilKZhF8MgENlP41grLTWFxYkNj2BMYdQIoZXa96/U60unlElLuQ6/bRT6fRzk18b0ppaZ36PaZ8HgiOtZPW6EWQb7qwM0yDNo+Pnw4RalUwtHR0cqtT4vioFpFLpfD2efP6DWHSOcs5Mp2/A17H9GwiVQVEkx2exm1lza62gSWjYqlMzv7c15xsvss5cq7z09YHBHJEe8ub0BdFCVGmJ178zP9QBIOP/Ld6E58N3a1KymVMj3lDkO5br4D56amiOmIZ9dJ33oOuODQMGQgAYU15763bWeSbhLeTwHnpnhbgDQUkXHpHb4bt0FKCRkRZwSwGLuTWLEsC8PREEKIqbHl80U0GpcgICgUGVLpNOrPTmBbDBfnZ+h12pDCg4TZcWfEhwUBqSl8RcGogkU0KNUIFIUGYFEOqiU0WNzqYkHe+RiqORgDmOXi2fOXqB0do1QqgYWpKb7HobS6t7gioACJb4aFP8/7QAgB9P6kFj02JH1sCKFgG0y7SSKZpDK7llkEQnD4/jjxgobcWNR3I5mcEv9MaXQux0in0zuNhD09PYWUErVadqXnJy/3TREds2tUpTT6LR/pdBrPjlZrnbm4vMRwNHo8FXSv10Ov18NgMABg5Cebkh8/FIQQ6Pa66HS68ftIpVKmzzxrPZo2gLvwrRWSm8Iyheiwb4gNKTUKhQLq9TqymczGx/T57DP8IECtfrc5aZLw2Fey41smOjal5nBSDJVnaYx63CjOul0c1utbb1tJuS7evXuHy8tLXFxegntArmrBSS0+X66aqkI5BUmsbJzUbowTl42KNd+Lk3QIQgkIYSCUxOfX7D4njAoD/6llZUuIPtMk4aSU3lg6lVnUh7uWShmd9hbBuQ+puPHd6O2H78Z4PEb9ZQ6Ezr/XiSJTrSm27YLdQkIIIaDkpG3Esu1b15qWZYEQGt9PE9IQd0bJcm7aWsw9SJYiN7TWcaoL5xyU0IU8gYwXRxfl8uRcEUJwUKujeXUJZjGk0ynkCyUUiiWAWqDMwnDQxsjXkEIaa1wljR+HBiwtQImG1AwKxhSGwYfWBBIMklDjuQFx4zEAhSIWBCgyqTTSKRe5fBFHJy9QOahDKQkhVEgo3E9umPcz/TltFMn77JHVH7vEzftpPV+teZ+9EOKGUm5ZgmtdcgOYv4nSbozBA4l337/aWfjDRWgcXzrMwnLY3vpu9NscUmicvF7Nd6M/GODy8hLpnLXfBMd4PDbERrcLqRRcx8Hh4SFKpdLOHLqXhVQKva7pYe/1egDMgr12cADtDGE5FI+5/QT49orGTWHZwnPUFxj1OARXyOfzqNVqWzPMvbi8RKt1jXq9jlxucYnYvqs7vkWiY+NtKwUbqYyFQXvStvLs6AiFQmEzA74Fh4eHyOZyODs7Q+fSQ6ZgIVfenoKEKICISdHhOO5GouyWgdIaUMr8TchSu/+u6975GMdxIYTxD4hTITgHo2yuUeET1kDiPBBCwRjbXJIKZluYNvKSt0JKgSAwvhutTg/5fH5vfDds17o9NSWYXNOMWnf7bshp3w3G7j5PjFFQ6k6Thn6AQCtYtn2jqIl9N8LHLkssCh4A0OBhot6iLWaO46LX60EWSlOtMJRQVEOSQ0mFbC4Nx3Hw4tUbFCsVnH35jNbZJwx7HRAAvqZQADJU3dpyYh6jkdYeQDQ02NzWFQ0CV3solk9weHKC46PnsB0XhACeF2A8HoPRm74iszDtK9LQDxs23dVaQyk18XcwP8WTTfP9mHs/0cVrHqUVtNLh3ypUMBKkZjYbKKOASJxvrZdScAjO45Y7ACsrN2Yx7AUYdX2cPH++crvFuuj2uvj08SPSBQfZgr0RcmMbV/5oIDDucxwdHq68aXt+fg7LoSgcuPtHcHDO0ev10O/14Pk+KCEolcsolUqPJv1Eax2nn3R7PeiQpa9WK4A7hu1QAGNsanGzC3xLBeKmsWyhOR4KjLocPFDIZbOoP1+9L+0+CCHw+fNndHs9VKsVVCqVtV5vX9UdT0TH4ritbaVQc+COKYadAL98+IByuYyjo8O1Eq7uQy6bxa+/+w7n5+doNJuQHkWmQmG798+ly+4Y0URqCiUMtr19Ut0UPmYhN7fVIDwPSmuwBdtz7oJl2SCUGcPE0JdDKgnNFSzrZmH2hNUwq8DZtOfJFMGB7TEcWiPe4bxu96A18Or1660d7z70B4Mp343bigwWJEyCATh3tNIk41oppQufK0KIIQ15ABHuVkdRso7jxARG7LsRwrKW893ggkOq0HeDRL4bi9+n6XQarWYD9cPpIodRhupBHa1m+P2QNa+dyxdwQl+glCug32mj1WwB/R78IICkLpjmIFCwYMalwGATCYtoSFAIYt94jCY20o4N180hk8ujVikiVywiWyjCTaWN+kNpaELh+wGymfvPASGAnEnm0BtKK+I8uJHcYgiPx7uG3wZmP5PIGBbAUvdTlN533/kzpIc5zxPrbB3eGyQmOe76HlNKht97CY8NoiDtwPi5LIDbiDTuS7QvhyiWSjsLxpBK4ePpR9guQ6W+WaX3OhTf7DpUCoVBy0cul1tZFXx2dgbP81A6TGNvTB601uiFCofhyBi75HI5vKjVUCqXH80iq9vrots1xIbSGrZto1QqAa4HN0WBUJL3mPEtFYSbxCrpFt5IYtgxTsKZTBonx/Wtmjt2e12cnZ2Dc8Oglsrljb7+PpId3yrRsSk1h5u24KYtjLoc7XYb3U4Hh0dHqNfubmtaF8fHx8hkszg/P0f7wkOpWIRdDDYmGaZyulf/tt3eTYNQBhWaDt4ZobfBbXpGKajrxD4CAOLCzLbtpYqvJ8xHdFkGfrDxaESp1Kwuf6Ovn0Tgj6d8N9683Z3vhtIapx8+GN+NmvHdmKvckBSQyXs5fasSK+ACCpOEB3sFstayHRAqp1pWIl8OwJCYZhzGi8BawotASjXx3dAaFrPiuXnRs27bNpRSuLq8uEFyWJaFSrWGZvMKhBKklAazGIr5Mor5EoalKpiTRabTxGg0xFhSED6Glj6Y0vClFRIBEhZVoKCQzAElDBZVSDEGjjQsJ4VSPgM3nUOxWMGzk2ehzxAx5IYOW7ioBZ1IsbkLhJD4PjAqKQqyhFLgJrQhWRKeR5GZK7B9pdRjg4bZoCaUxn5OXMjYdwOgC91PUikIMfmck5958nvR88azT516nFFF3X3+g8AH5/70DyND0QXIjaTfxjySo9MYw2LWTn03Pn78CM/zUH+ZBwjw5+buE0jnp6ZwaBCcnKzWmtLtGW/ObNFGKgxF2CnBMRoOY28NpTVSroujw0MUH1ELSr/fj301pJRgjKFYKiGXzYJbbQABnkiNbxcrERtjiVGHI/ClMdp5WUO5VNrC6Cb4cnGBq6srpFIpnJwcI5XarFnpLPatleVbIzo2qeYAgEzRJJwMOxxfvnxBt9vB85PnGze9TaJULCKXzeLs/BydTgcpP4VsRd8ZJ7to3zRJqDds27m1V3/ToARIutcRQs3PKAUlDIRiK20yhJBpw8SwMONx/OVe7IU8ahBKjT8GzM7jps6jkiIumoEt+A6E4NyHkBzj0HejfniIg+rufTdqL3Igt3mZyGmTYNty5pqFAjC+GVPFtIaUciW1jYksdRH4fMqXI6qKYwLFWdZ3w+yGB34AuqCR6Ty4rgvt+2hcXaJWn/7Os23HKDkaV5C5LCzLhmNbcF0HuXweb99loPRreGMP150Oeu0OBsMBuBCw/DFkMIYMjArGogSuS0HtLNxMGvl8GulUDrlcHpVKGZRQUMbAGMN4PAahNigjIVtDwHkAQhdX0CSxFHGkTBuEhoKWYUvgPMpI6yk1zhMm4JybCHIpESgFxhjUTBvWIt+9kfFuRGxQAKAMlCTTqDQCP7hV4QhCQo+j+ceQQiAIPKgZhYi2BJS9GKE2fdib10qvOYY/4nj37t3WzdhvQ6PZRLPRQPFg+UjYRbGsimPemnPYF/BGAicnJyvV/kJKnJ+fw3Ep8om25QdftQRBgH5IavhBAEYpypUySqUyctnVnF0fGoPhMG4/4ZyDUYpcLodcPg9pdwAE4GHk1WPGt1LsbRqrkBpASGx0OQJPIpVK4eWLY5Q3rKK4cUzfx9nnzxgMh6hUKqjX61s93m3YF3XHt0h0bErNwWyKQs2FO5IYXHv44ccf8ezZs62qOSzLwquXL5HLZXF2do7gC1Aql8FyZndn3oIquRiZK2efjZG0H3aHmlIaf7YPbfppWRYIpZCcTxmQKilhO86jUVPuIwghccmkFda23op60yMEvllzaExxZBuBKQiM70ajbZK1Xr18ubkDLInLy0u0mk2Uamm4aXOdziMvk6aijLJbI2GBSQoJD4LY60YIY265ipKDEopUygXnfnwvJWHb9lIkFw99N4IlfTduQ8p14Xkems0rHBxMf+87toPKQQ2txhXy+Ty0UpDSFK2WxWDbDizLhmXbKOTy4JxDKAUtObTkRoUGQ+pRZoMwC8y2YTsWbMuG67hwXRdKKggh4PsBOp0uDg4Op3gFY3y82I2STM9YVM4ipYxJo1nMLaCfMBdSCCilJgpAPzBkRPj5Mcu618cGMN4yceyx1nBcd6JQ0obgiIgPDUN+EEqNigJRTLA5zrzvKq01At+HkDPnnEpIS6w8J8/OO+MhR+/aQ/3wcO0271Xh+T4+fvyIVM5GvrKdjaZNpKqIQKHf8lEqFlcmzM/PzxEEHJVn0+/zQQiOeS0o+Xw+Ngx9DE7Eo9HIGIV2u/ADI4XO5XKo1+sQdgcEEhKdXQ9zbXwrhd02sA6xMe5y+J5EynXx/Pn2HemV1mhcXeHi8hKMMRwfH2/dJHJRRGTHE9HxMNi0CambMYVE/9qoOYbDIY6Pj7e6i1GtVJHNGgPS6+trZL0MMhW99IKFKAKIpJw99fA+cmHvMGDi5R5aAMgoBXPnGJAGwcLxl0+4iWkfDgWdINHmITI21BrQUIBWUCoi6OZXcBEZpqGnjrcugsADYHw3ALIXvhvpvINc2RAW83ZQKbemE5DuIDfi5xAC23EmhVQoiVfKh+0sR0hEsG0XhIhQ4ZtMM1rCVFRwqMh3AxE5sv75TaVSGI89tFoNVKvTRLTruKgc1HDdvEI+XwAENx5BkkFIBsZMy0EqlYojVEEwFZFpzsv0OM31rDEeeyFZQyGlUYrNtgVIKeA6DgjuT8Ga6tLCYt4bJDzeVBtEAkn1AKUUhNAnzmMGSmtwmVQ9hBHkvmnRomHLyn2QUkJIeec1btu2ITRAlj4PnPvgPJi+joiGtiUkDQm5JebM29SgSmp0LkfI5nI7JYFPT0+htUIpjITddmrKIp/c/NaUAJZl4fj4eKXjXl9fo91uI19x4Mx4sZH/6z/9l611kg0HA9OC0u9Da41UKoVyqYRSubRVI7pNYTweG7PQbheeZ77gc7kc8vk8lNv7qvyTv4VCbltYldjwPYVxj8MbmSLi4KCG2sHBhkd3E1dXV2g0mxBCxDGz+1y07Lp9Bfi27o9Vrufb3MrHA4HBNQclBMfHxw+ymxHFyTLGUCmXgcww/t102sScHV/Pjosii9lwt9yqNQ9CCGNS6NiwLGspqfWmYXY4OWLjNiBesD62hf6uMw+iGMOkB0fkwWDM9ExCgNZ3kxjA7QWZvaRh5SLwPQ9CBuh0B+j2Bnjz9u3OWlOU1vj9734HIQPUXuQRcQQ37mNJp1pTHCe1tAojug/N8yOZvfPgnjRSqtgnIPCDcE7Y7Pf1aOyBWQyVys31h+eN0W41kM8X43s+upcoo7BtC5QyaG1ijxllsMIUJikVuOCwmG123CmFUmGyBpe4alygmM8j4AK2Y6NQKE7NK532NdLpFJTUkEpCybuJC9/3jam/68B1U/dunmqt4fteTGZZlvVEZCwBrUMD1jBIgVIKy7bBw1hfgNyb5gUYNVrgT65xyqw7I5aXgQpTn+SslwsLVRs0ei/3t69G5Mhdj2t9GWLcD/Dbv/iLlZNA1sX5ly84+/wZ5aMsMnl7b303Bp0Agw7Hy5cvV2rD94MAP/7wAyyHoHx0k8DeeFXje17oSxG2bzCGaqWCUrm8s5O9DDzfj9tPxmMjc85ls3h2dIR8oYBecAaNr4Pc+JaKtk1jVVIDAHigMOwYYsOyrK3L+CM0mk00Gg1wzpHL5VCtVrfqkbApPCk6HhabbFtJ5yzYLsWwzfEpbIU6OTkB22LbxeHhIXL5PM7OztBoNpHP51EulTAmzbvfg2CJHV8C29mNeSKlFAgLq1nn/mWhdKgAUBqAWposMV4CBGKmZWXTCoFvASS85pPKAK3VTZO7ELeRGACAKBmAUlAQEErC3ejNnhPOAwgZYDzy0N0z3w3KyNyihCiAJFpTLOasZhZqWSCEgHMet6yYHeCHIx2nfDcCvpbvxl3IpFMYjsZoX7dQnlGPplJplCoHaF83Y5Pz6BPXSiHwOQgR4ZwAgNDw9ybRwvN8CCVRqR6AGvkGAAINBUajcwgUi8UZAYdGNpsGYxYkVSDCpIDeNScmzR6jpCkdJmnM+86JlCdRgtQ+b/TsI7jgMbkBkDASmcINFYCGKLp/TuLhXBf4ASilGyM35pmIaiKhbQnNJmuVZXyLkuqk2fc2aPsY9wO8fPlyZ/Vur9fD2efPyJZSyOQfdnNkmU0E31MYdDgqlcrKHoPn5+dQWiFfnV/HbETBoZRCr9udIgWKhYKJdy1uL/VhU/CDAN1uF91uB6ORGX8mk0YhX0A+n0dffNnxCDeLb6FI2xbWJTZGXY7xUIAxhtrBAer1+tZbtFrXLTSuGvCDALlsFpVKBZlH4nczD0+KjofDJtUcoy7HoMPhOs6DtUSdf/mCRqMBx7FRLleM8m7O/UYUQP2JudUqO76bgtaAH/jxojF1R0qF1hoaOkFiyDtVAJTS0Ex0uTmH8wAyIR92LAsgBFIq2BtajG4bu1ZwqLD/G8CkDemO80C0NqQIIaCEgFISFo/Ly7NXGq+SGI+HkFLi/KKFTDaD33z/m+0f+BZcXV3i9PQjSrV03JoyD9SzQLRRWVBCkUrn1vq8lDbeAJNCDvFO9TYMf5MIAj9uTSEwaU6rvJe4beSe547HY1i2g0LxZsExHo/Q73Zuj6gPW0+SvjAROBfwAx+lShWuY+J8W60GbMYgpUC5WoVjG1VYrBLROuzU05BSQXABzgWUkrcmmAQBh5QijiRVysyBtuPOJTiMgsNHpFBzV/x8v0VwLiCnTERXUzdxwUOPn5u+G+uNL4hb6yJoW0BZZvPgPi+uebhLwTEecrTOBqhUKnj37t2qw14LscJNBai/LADQD6remL0to09p3jqydT4GhYX333230obXVaOBL1++oFB1kcnPX4OsRXAMBn30en30ej0AJl+7VCqhXCrBvsWpel8glcL19TV63S4GQyNhTqfTKBQKyOVyGMqLHY9ws/hWCrJtYB1SAwAkVxh0OcYDAUoIavU6arXaVnexAdOb1mg24XkeMpk0KpUKcrlbFiePFLsmO76V+2pTREfgKQzbJvq4Vqs9SDZ8t9eNTahKxSIKhQI82gIw2YVhvhXHwjJqIZXerdowaomMpNZR4aANkwGlNbS6v9d8fsQeCReji88/UinwYGJyGL0eEBV7ziKpejvFrgmOCEmig5BQfQEKSqMi1OyA77rQGo8GUFrhqtGGF3D8xW9/uzPFX384xB//8Hukcw6qz24n56lgUwlI6VQGlG1oN5gLKGl69ScpKM7WvscjD5yYVFzAcHjeNW5SSqgpGhe4qILAB7NsZDI3P2ff8+F5w/kpa9rMT0IqqFCBZq5vGpINEr7ngVAKpRUcyzEJTY6DXC6LMCwKlxfn+PTzTwCAw5PneP7yNZTSEJxDCJkgPuaNnZuWGGu60LbDmO9IyaaU8bNBYv40Kp0nI+VFELXbRRGwlmWvpH5JmrwGfgDLtuM45bXGxzn8IBEjSyWULaAT7SgRliH7b2tjCTyBxucBstksvv/19zvzlfzw4QMajQZqL/Jw09tJTbkL8wiO23w3hj2ON69fr7TRNR6P8cOPPyKVsVCq3566svQV6XseumEKihACtm2jVjMxlo9B7i6EwPmXL2i32wCMyVLt4AD5fB6O66LjfcJQDnY8ys3gWym+toWNEBs9gXHfLFDq9TpqBwdbl0G2Ox00Gg2Mx2Ok02mcnJzcvuvyyLHr9pVvpXVlU20rTorCeZbCoB2g0WhgMBjg5ORkq3LOYqGIbDaH8/NztNtteL4fk/Bj0gQRNCY3AMDZg4hyUxCYxbfve3c+9q5WBqI1CGMASNiLHEnt/aWk9oxSUNcF50FsOgqYQi8IOALfe4pPXALGH2DXo7gdgW8iFDu9Acaej9dv3uxsfae0xumHD7Bshkp9Mk/MFhtEkilyw3HcjZEbAODYFiQBuJTGQNF1wAMfesXi7i7IMF0kgkXZSvcWpRSWRY23BKGxqeZdcBwbUkooyW/MD+m0C8dhEEKYQnTG00grBUIEOMz/G/LTxMASYiGdnsytShlfjXQ6GxN6Sin8+Pt/xe//+R8BAC/evMPBQR1uOm3ac+4YfiSI0tp8dpFfR3Se5mGWANZK4dZs0ScAmJiBRuQGW7FtyrRfTSJhKbM2Qm5IIabIDU0kpMOn2pdWISBua2PRUqN9OYJl2Xjz5u3OyI1mq4VGo4FCNQU3vRtV5WyqyjyMhwLDHketVltZxXt2dgbGCPLVu1W2C30KSsobZpulYhGlcinuydtnjD0PvW4XF5eTBXo+n8dBtQo3lULH+4SRHmN09zry0eBrL7a2jbWJDaEw6pmbGABqBweo1WpbVzV1e11cXV1hNBoj5bp7lYyybewD0fG133frpK3MqjlyZQd2imFw7eHPf/4znh0dbTWi2GIML1+8QC6bxfn5OS4uL1Eul5HLVMHFhNC2bReU7n6BayIPzQL9Ti8GmEXFzag8dkMFoBid8hMQYbTfolJ7QggcxwUPpmMv45QVzsEou9GywrkAs6y9V3g8FPZ9h1jwAFwEGI89dLvGd+MhzK9vw+npKcajEQ6e50BYMp1jAqKnI2EtZsO2N09UMssCYcxEyYYkh4mSlRs+nnl/xnBxYtq5DEiY/MGYFZpnkoWLL8tiIWEwx4iZWvHvgcnvDcFBoTUgpYaiiMkV42cyfQylNFw63RIiOEe71YDSZu67blxBKgECAsbonaozM15i2lI4gdA8JolvnUNDkixK5njC3VBagYfEW2wquqIfzVTsMYxB8trjU9PkBoiCcsU0EboGuTHvua2LAbgv8f3375Ha0eaIiYQ9RSproxD6UTy0emMW89Qbkiv0m6ZVflX17sXlJYajEUr1FBi7+1zeeUX1+6b9pN/vAzC+FMfHxyiXSntvxjMcjdDtdNDudGIm3LZtlEolVKtVdLxPGKOB8ROp8QSsT2oA5gt72OExsXFQreKgVttqPCZgTIUajQYGwyFSrotnz56h+Ai8b7aBXRIdT2qO2zFPzeGmGbif9N8AACAASURBVJxnafSvA3y5uMAgjJPd5iKhUqkgm5vEyY5HIxRzqTiNITIkc5zdqjgoJZByYkiZXIRHhUvkzbD4a1JDUAg+UWCE5nq2bS/cP207LojgEELBduzYgDTwA0gloQMVt6wIISCl+bPMMR4TtEaoZt3vNdEiUErCDzxIKdFs95DL7zbq8PLyEs1GA8VaGm7GvrXQoNwGErG7i0TCrgoaEX0z99E6UbI3MJV5umoXuSE0TMSpMfz85//2/xpCZo5PxqoglMB2XPzlX/9N6PURtqZo025FqWm/CnwP/V731teRSqLdbE49xvfG+PDTj6ge1GHfsY5ynBTyxSIYMwSr1oYsASHxHGrmTBpHvi47fz4ETCy03tt5khIKShmUkjFRHvgBLMdeqlUrItfjSFjHWVvRprSC540n5CfRUA6fkhXcl6I2i+gxSfVHEteXQ3hDgTdv3+5UJf3x40dIKXFwkIHWD+u7cRt+Xb+80TLXawUglOL5ixcrvWZ/MMDl5SXSOQupzP33yI1vZN/z0Ol20e/3TaSZY6Ner6NUKiF9h9nZPiDgATptQ2p4ngdCCAr5PAqFArK5XFj0jNDxRrse6sbwtRdT28amiI1Rj2PUNVnulUoFtVpt62xufzBAo9FAv9+H6zg4OjxEqVze6jEfC56Iju1iU2oOQoHCgQM7RTG47uPHH37A8ckxqpXtJTW4joO3b97g6uoKXy4uEHCOYjYNN2V2ojj3IUUAx0mD7YjIJ5TCcZyNxxUSYnr5owjMVdMhLMsGZcoseB2zix3FnwYBh+97YIk2GwDgnEMp/VUQARGEMHO+khJaR2qY/SqalkEQKnRb1z0opfH61eudjWUwHOLjx49I5x3ky6lY8nwjNUUwQE6KK8dJb10mftt9FPj+RqJkp/iNJZ97w4cj/Eev28GffvdP6Pe7kFLOeeYyINBaxUVfsVjBi1dvUCiVwYWAlByEWCEhawbwx3/9Z/z5j7/DYNC/85XH40msd8AD/Lf//H/f+fh0Oo36s+f4j//L/xoXo4SYBCiLPpwp77owkavcpL7s8Tzp2BaEQOwP4zi2aQGy3YV8nUz71URRwyhbe87UGvDHoykSQtpBHAFrHjOtNloEdz2+fz3GqBvg5PnznSZLfbm4QLfTQfkoC8the0FuzEO3FcD3JF6/frXypu/5+Tksh6JwsFhtZQGmZ6nf76OTbEEJzUIfg8S93emg0+nEZqeZTBpHh4coFIuglKLjfULHa+94lJvD11w4PQQ2QWoAZiEx7AQxsVEqlVCv17dOBA5HI1xdXaHX68G27Sdi4w5ERAfw8GTHU9vKfMxTc6RzFlyXoX/t4/PnMwwGJk52Ez25t6FeryOXy+Hs/AzXvQGyIoVCLh2PzfNHsIQDx3UfvK92UUPAVWEk63NaVqSCteAudPQYQkiYzCIM0RG2rIw9H4xRZDLmM51WeDxuIgAwu62ROtRxHQR+EBa4j1OpEvgepJbo9oY7993QWuPDHN+NeZGwNOG7Ydvug6qL50XJaq0ArElwJCmKcJ40yUhqIS+OeeUbCVOPIt+DTWI8GkBrDUoZHDeFIBAYj/vIptNgFgFjDq5bDTQay5v3JwmP235PKIWUApRNCNrHdg9yIUwhTcjez5OMWdMeMRZbiNy44btB6UaIHN8bxW1NAKBdQ24kFV+RCiNOFFoAtz1+2AvQbXoPZpR+G/qDAT5/+oRM0UW24CwVd7tNROvB6FMbDSTGfY6jw8OVbS3Ozs7geR5Kh+mFm8msz58/YzAwPcjZTAYnJycolUpbXVhuAoPhEJ1OG512B1IpuI5jzEILBTiOg473Cb3g6zALjfC1F0vbxkaJjR7HqGN2JEvFImq1GjJbzr0ej8e4urpCp9sFYwyHh4coPxEbC2MXqo5vQc0BbKZthdoExcMURn2BznUHw+EQJyfHW/V5ymQyeP+r9/hycYGrqytwLlHIpmE75vtPyAByzGHb7s5iY7cFSilc10XAxUzLig/Lcm4kEdwHQinMkiYsyJSCm0mDECNRTyo8giCAbVmPrgiJEO22JhGRHDyUX+97klwSgvPYd6PT7ceG2LvCh9B3o/Zi4rsxb1FLgkRBS62dtJYZA02CIDBpEEnV0qqICqromvJ93xAIjMFZ1mw0rHkKxRL+9t/9Bwx6PchEcboKRqMhPvz0J4zHo+QhAJjPI1coIpsvAFrBthgIAd786jtQyjDo9+YPUytIIfDlfPr7+ej4RUgkzX/f6XQGtaNnsCwbG+y8eVAYU1cRz5FAOE/6fuxhsk/gYvJ9QUBhWYt9NwoRAAhjj7Ve2b8jCW88glST61k7AoqulpKSxG1kgTfiaF8MUSyV8Pr165Vee1M4PT2FZTOUDwwRvQ/qjdl1IA8Uek0PxUIBh4errYO7vS6arRayRRup9OLznxUE/qNpQfGDAJ12O1aaUEJQKBRQKBSQyWaNWaj6esxCga+/MNo2NkVqRBj2BUadAFJqFAoF1Ov1rSZAAMYkt9FooN1ug1GK2sEBKtXqztyaHzueiI7tYFNtK5m8BduhGLQDfPhwitrBAY6Pjzc61lk8OzpCLpvF2dkZmp0e8tkMctkwWlBrBIEHKQQcdz9MSDeJeZJjsxBdvGUFMOeRgEBH5U4oE498CQiREGKSwmKIAD3XgHDfwUUADSQKErPoilJlpFLQPDCtPHv+5pSS8Lnx3Wi1e8jmcnj16tXOxnN1dWV8Nw5ScNOT62+2Z54FFuLcR0Lg7HD9miy+1caq7ARZGM2P9+zQTqUYaG3ap5T5QynB++//YiMjGw36GPZ7+Hj6U3zceeuRiMDUGnj97ju8evt+7uvxIECnfY3Pp7/g4svnqeLy6NkJXr55h8pBDe68eFpMzEW1kiZCe092sheB0hoB5/HnZzELQorY30JI855sy74xT0opH5wkjvwzornPchb7jjB+TCr2RDHqlPXGEvjeNLlhCyg2ab+6ofhawHMjety8x4pAon0xRjqTwds3b9YZ+tqYNV/etakocHPtpwH0msaU/PmL5yu9ppAS5+fnsB2KfHm5TSbrN9//ZqWDPhSU1ui022h3OlNKk2dHRygUiyCEoON9QuBd73ikm8XXXAg9BDZNbIz6JhVFcoVcLod6vY58LrfRY8zC8300mw20WteghOCgWkWlUgF9pLue+4ZdER1f+729CTWH7VKUj1IYtjkazSb6YZxsLpvd+Hgj5PN5vP/uO5yfn+P6+hpcGjVH5NQtlcB4LGDb7s5NSDcNy7JAGYOYaVmRUi1snEgIge3a4OHzPc+D7Tjxcy2LgTI3/j1gdilVIMPH7TcREIFzQ8xMkmQI7NBkz8Tomp9GO7D73rIS+B6gNVrXPUil8XqH5MZgOMTp6anx3ahMitnZgpVKCsjJZ+raqc2Ye66IyFgzuneUVmuPJ5LUx8onP7iRRnUftFZQSkIIAhomLa0LxigyuQLsBQglrUPvVx1yMzPHV1LGSU7lSgX/9I//cONcn336gN/+1d/AddM31TF68pfxrpDQSk1I1kcAIUSYUGWDEGoKf8vMxVOqNz+cT0MFjwrbPaSUsanztqG0NhGxISxrMXNRqWZ8N9j66r0g8MFFEP9bWxLKmoxtlhBdxFQUmPbdmHq+0mhfmOO9e/t2p6qa1nULV40rFCoppDL7qxTsNnzwQOHt29ewVozsPj8/RxBwVI+Xb5fcL91TAv3BAJ1OB512G0pr04IS5ubato2O9wld/26zoseGr73weQhsnNgYCIy6AQTXyGWzqJ2snt28KPwgQLPRQLPVAmCSH6qVys4MD792PDTR8aTmuB2zao5s2YadphhcB/jpp59wdHi4ssxxETBK8eL5c6PmOD9H47qLYj6PdGqyGDMmpBy2425EYrsvoKGXRqTkACYpK5ZlL9SyQgmF7RiSo1qt3lj8UmLaYgTnk13KqGWFsb2f46SUkGp6gU8ZjYvZeV4kkVJlH00Dg8CDVNO+G9tutbwNWutYch35bsxNTZHTrSm25cDaYTuQ0gC0AqEUOizAN2DDERplmtYMzoO4XSW0aVhsbFKBg0ApYZJU1iQ4LEaNUovNbxnSWoWMRlgkIiI2wvekTdqFiZSVceoJDwL803/9L/jpT7+78ZqNqwv8w//zf+Lf/of/Gdl8wTxXTxJHtDEnmfrZ/NHtH2I1REiWRtcxJZPEKykmao5kFLcIW+SUUob8eAAilQcBEJJuJiL2/jlNaw0efp8EfrAR3w3OgzjxDADAJKTFl3fknYPb1D/dSwHf8/D+u+925k0EmPrg4+lHuGkb+Wpqr1JTkhj0OLyhwLNnz1beDL66ukK73Uau4sB2lieM9+ob1/P9mNTwgwCMMRRLJeTzeWQyGXS8TxjKEbCuAfQe4Wsuch4KmyY1NIxiY9QLILlGJpPG85P6Vr0AANPT3Wg20Wg0ABhio1Kp7F3/5deKJ6Jj89iECamTYigfUQw6AheXlxgMjQHpNlOKyuUysrkszs7O0en14PMUSoVsWLmYRbrvj6GkNLGpj0R9cB8IAWzbApUEXAgEvimshAigNVvIhyQiOe7awbZsGyBkaldvH/tUOBdgzERdKq3BI1NRx4bF2Ny52bIsEEpjpYppWZHQXO1Vy4oQHJwHGHv+3vhujIbDWHIdYW4kbAhG2FYjYe+DUgpB0oslnLOUlmBYT8GRVIkJQUPzUkBDT5uQ3jdGaVQNhJAbdb9JGKGIecjZl9WRuanZzVaEIBJiSDlpDaCUgTIKrTWGwyG4kEil0iAEMQEBmDEwxsyf0KC1eXWJf/7Hf8DPP/4hfr18vgilFIZDs4n55z/9DuPhAH/9d/8jnr96G5IsNGxL0VBQIESDhp85C0mnzbULbR5KqXvVELZlg5KJmmMyl+ipNpHAD7aeUsW5SCiKyMKeVJxPfDcArE1GGkPfhA8BlRD23ca567Ys9a80Bv0BXr16hVJxu3XAffj48RRCSlRrJpZ2H8kNb6wwuA5QLpdRr9VWes1+v48vFxdI52zkCqtdMzuvnKRSsVnoYGjcknO5HKoHBygUCqb9BC0EXmvHI90svuai5qGwaWJDKY1RX2Dc45DSKDaqxwdbn9CElGg2m7i6uoIO01iq1eqjMqn7mvDQyStPbSvzkSQ6CCXIV2zYLsHgeogffvgBx8fHW41nc2wHb16/xlWjgS9fviDwAxSLBaQcGi+YuAggJIdju7C+IhNSxhgIpVMtK1JKaOWD2ffLku+T5yttJMtKKUBr0A1IljcNqRSkFJCKwKIsduk3UnJy5/lmlIKGxFCyHScIAriOu3MuR2ll1BtSonnd3SvfjaTk+kYPfWCB6EQk7I594yLvDWfGh0BvwGh0+jgJ+40FJRyzfhzzijxCCRghIJSaSOrkc6LnSRWTHCCGWtFKmd38EIwxWMwKWy0cAAF44MN1HTi2BcomiUsAQRD4aFyc4/PpL/jT7/4Fg+HEeLRareOv/vbfQEqBH37/r7j48hkAcPb5FM2rS7z79W/x+t171OpHSGez4Xuj8UejlALCYlxrubd+HFyIiRqC3K6GMARrGMWdaH+LyA1CSKzukVJsJa46Uq5Fx7RteyFSP1KoRL4b9prjkkIgCMbxvzWRUK6ICb/b2lIWGes8tZjWGl7bQrfTxLPjZ6jX6yuPfRO4uLxEp91B+TAL22X4oXG0d1olKTX6TQ+pVAovnq/mu8E5x+ezz7AdiuLB6uuqnREc/X4/jnfVWiPluqjX6ygUCrAsK4x27e5qeFvB117EPAQ2TWoAgBQK49BjQ2ugUCjg4OBg6x4bSms0rq7QaDQglUKxUEClUoG752a/3xIeStXxpOa4Hcm2lVTWguMy9K8DnJ2dYTgY4Pj4eKtkYL1WQz6Xw9nZGa7bHeQyGRTyOWhtdo201vADD4ILOKmvx4SUhsXKbMqKCnzoFVJWIkSSZaUURqMxbGbBSe18r2UKUykpWkMoGRcjAGA79y+6CCGg1IaUfvz52XtiqBp4HnTou6Gk2qnvxnA0Cn037CnfjVlQSUGSvhtOauf3WiSKiEhA23GNumDDJ9kQKaGCY4MFOyUUzGJhzCe7SXAoDUElZNhmFQ4GUkoE/oTgsGzb7MyHD2GMwbFDg2FK0O1cwxuP0L5u4erLF1x+OUO3cz2lAgEI3v7q1/j7f/8fUaoY4vrFq7f4r//5P+GnH/4AITj8wMPv/+Uf8Yd//f9QKJRQf3aC+tExqgd1ZLIZFMsHIARQkkDuw412CzgX0EsYdc6L4gYQJqzYEDwAEmqOIAjg2PZCkcL3QanpaGFrwfSrKd8Nrdf23VBKwvcn5AaIgnKm04DWTUyZfb7op9BqXqBSreL5yWrF+qYwGA7x6eNHpPMOskVnL0xFgZvruV7Th5Qa796+WPl8fD47W9l3I4kHXVWMPc+0oHTaCAIOxhhKpRIKhQLS6TQ63icMxBBYL8Fq7/A1Fy0PhW0QGyJQGPYFxn0zCZfLZRxUqw/Sg3x1dYVGswkhBAqFAqpPxMZe4yGJjq99vli3bYVaBMW6G8bJduOWlW0qrdLpNH71q1/h4vISl5eX8DlHqViAzRBLx6UOTUgdF4799ZiQOrYFKUkoDU6mrLCF4wGTEIJDa4VutwdGKTSzEHBujE73pCiJzOuSsY0RbNtZyEBSaRXKsw0oZXuhUgkCH1IJdELfjVevX+/MdwMAPnz4EPpuTBsIJ3djiQIInyxXje/Gfiimkt4b0DqMS97wMRL3hVIam7iMDAFHwRg1BsA0UkGEsd2EQFOj/FCUAEojctcQUoDzSZsAs2xQyiaeGzP46Yc/4qc//g79fhecCyTNEggIypUq3r7/HofHz5FKpxMGqy6+++1folSu4sNPP6Bx+SX28Oh22+h22/jlpz8hncrg7fvv8Xf/7n8yPj77MY3MRezjE55T21psPgEiM2jT/kYIYg8oy3ZAiAQXE6+WIAg24sshpDApRZEJ6gK+U4bENnNfEHDQ0GtlVSit4HmjREKXNuRG4mObZyK6SGpKpPC4QRyOc7i8/IxCoYB3b9+uPPZN4ePHj1P+RMDkMtcz/34ozK7h+u0A/lji+fOTlX1KLi4v0ev1UKy5K/luJLF1gkNIGftqDEcmMzuXy6FWqyOfz6PjfYKPJvyvKNoVeCI1NoFtkBoAEPgKoy6HNzJM2kG1iurBwVZ7+iNEHhucc9OKVa3u1LDoCcvhIYiOb0HNAazethKpOTJ5C45r4mRPT08xrFZxfHy8VT+Mo8NDZLNZnJ+dodFsoVgoIJdNQ8lJIcsDH4pz2G4KbEXn8H1D3LISBLEaAQCkNCkhi+4UmmQW03eezWTg+T5SadcsyKXci8QRIaZTUizLggi9NxbdvQQQmgBqs8CHIYp2DSkEOPcxHnvodvuo1Wor90hvAh8+fMBoOET1ZNp340ZqCrdC88rQgHGHvhuzoIQgakjRm3AXTUAqk4KSxDIJIffZbUbpL4QQXJx9wg9/+B36vQ4oofjNX/8PeP32PQgNaY1IrkLMtZ1UcNiODWax+LxpBSiiDfFDGRzbwfV1c+rY6XQW1Vodb99/j1fv3iObzWE46OHTh5/w6fQUAHB49Awv3rzFs5OX+O1f/w0+n/6En3/4I64uzjHo96GhIThHn3chpYBlO5BSwnS+7V9rSlIZFpGnGstdM5FR8+z7YxYDqAseTEgOzjm01iv7uEVzYcRaaa0XiqY1xK6Z+wiwto+cPx5NvV9lcyiiplpTZrFIakoyMSUJFhRxfnEG13Xx5u1u42AB4OOnTxgOBvE8OavemARK7w7eSGLY5aaeqqzWOtzpdnF5eYlswUY6u/735da+cbu9LjrtDjpd02aSSqVweHiIQj4PFregdLZ1+J3hay9KHgLbIjb8scK4F8AbSzBKUa/XcfBAXhet6xYaVw34QYBcNotnz57tdNfsCevhiejYDNZVc1gORekwhWGHo9lqYTAc4vj4eKvtZflcLoyTPUOrdQ0/CFAqFkChoLUpRqRWkN4ItuV8NSaklBA4rouACyglYzVHEPiwFmxZiRa6Qgg4rgPPN0748YJcCEild9bKofRN4z9jGsoghVg4NSfuPQ+LQOsByPP7YFqpxlBSodXpI5vL4fXr1zsbz1WjgUbou5HO2vEYgemdVyosQCVaU/aI3ABgyL3wmrkRY7oBSDEjab6jcDfqAAXbsle6f05/+gGj8RCEEBydPMfrt+/j302yUcyufnJcjpMCIUbJQgBQSmIymmqNt7/+DUbDAYbDAfL5Ag7qh6jUDpEvFOPdc6UUUukMzj59xI9//BcAwLDfw9vvvgdgfB/evv8N3n33WwwHfbQaV2heXaLXM3XEf/c3fx/G4qowgcYYA2u5P6kEhABOmCKVjONWSoUtKIuftHmPNd4/rmlRCU1JhZTQMO1xy8KyLGgNyMR8z3kAra1b58LIWyn23VgzApxzP/Y/AgDlBNBMhwa40x4by5Jas/NNSpnC/OzqHFwI/Ob9ezg7Voq1rlu4vLhAvpxCKmPtZWuK5Aq9ho9sJoOTk5OVXs/zfXz+9AluiiFf2cxnvlGCYzwex74aPJScVioVFAp5pFKmBaUvBk8tKE+Yi20RG+ORxLjHEXgSjmPj2VEN1YODhfK718X19TUazSY8zzNpLPUT5HL5rR/3CQ+DhyI6vvY5Zl01R7Zkw05RDK59/Pzzzzg8PMTRFuNkKSF4fvIc2WwO5+fnuLi8QqlUQi6TghST+LqJCWlqp1GWm0TUshKEu7jLpqyYvnGjiqiGqR0iYZoXBByBL8zC+AHm6AhaI44zdBx7KgaRUQq24Pmb6j0H9qb1xvfG0Fqjed2FFHL3vhsfPiCdd274bkyRG5KA8Am54Tgu6L6pombaR7aBqFgEbi/ilNZGHUAIfN+D4zhLt8t4oceB1hrj8Sj+OYn+E75X3/NN60II014bJqxQYgptyuJzmUln8Jf//d9CSgXbseGmUiCEAdBTfI1WGoP+xHC03+tMvd/o/zPZHNKZLA6PT8B9H0op5ApFAASM0amCV4Tkyb4giuPmM3Hcvu9vRMEWJdUIoeJrZp35x7YtMEVnWhQFpDRmpsl1tJQqVrsB4dy35hwuEv4f2hbQTM8lQpfFbeTG5eUlxqMR3r17h1w2e+vzHwKD4RA///wL3IyFYi19J7nxkN8ws2u1bisAIQTPX7y45Rn34/OnT9DQKBxsbjNg7W8KznlMaozHZnIsFAo4PKwjlzMtKB58eF9ZCwrwRGxsAtsiNQBgNBAY9wR4IJFKpXBycrTV1IUk2p0OGo0GxuMx0uk0nj9/Ija+Zmw7eeVJzTEfSTWHk2KoPEujfx3g8vISg34fJ8+fI71Fb5tyqYRcNovz83N0Oh34fhqlUhFUKagpE9IxlJKwndRemEyuC8YY3ETKSmTAqaQPy7k/ZQWYli2zlAvOOaQUcbRqwDkYXa93exlwwe+OQVzwxAk+3Xu+DzHfAY98NwZ747vBLIpyfXoMyYKFaIAkImEtZsPaQ28bGkacRGSfVMooGShd6D7QWhulgdLQMM819bhKPgiUsXi+mxekEhWCyfvHsky6ycJIkA1TUbSETB3P98ZTJF4qnY6fTACQ0G/GqDMUNIB0dlpVp7Wa+bfGcNiHVtOEhueN4bhu3O6XJDxs25m5TzUopaBhN41SGkTuD7kRgRBDFAth2viT6gilLdgLKsXmwZAMk3OzrrknYFRKjuPeIGV44EOHKjetdew5FAR8iiBeFVKKhHpDQ1GjxpnrmRHiLtIjSWpEr6G1Rlobor3VaqHf7+PFy5eoVCprjX1dBDzAzz//DMuiqBxmFlJu3NeStg30rgMEnsSrV69WbvM/OzvDcDRC6TAFZm1uU2Plq6/T7aLTbqPbM2xrOp3G0eEhCsUiesEZBDpPLShPuBXbIjY0gGGPw+sLCK6QyaTx7KiGcqm0lePNotPtotG4wmg0DkmVE+TzT8TGt4RtqjqeiI75iNUcBMhXHTgZhn5zHMfJ1kKlwDZg2zZevXqFTLOJ8/Nz+J6HcqWMdCpUcyQiZaXkcJy0McJ75IhSVjgXRsIcFnjJRe8yiLw8OJ+QHFIKULZYobgOhBBQcvkYxJuvE0BrHZM++0BuSCHAAx/jsY9ud7A3vhu1F3lQdvtnTIOJ74aJwjRE5S4W8feBUhqrBHhgFFyWZQOJ6zZqwzDTgWmluEFkzCD2uwmvxduuJ85Nm0N0/Ub3j5ASSgM2W6/ly4g3SPyn121P/b5YqsTvUQNhkgzwy49/wE8//gnj4fDeY2hoBL6HVvMq/tlg0MP/8b//b3AcZ6HEnFQ6jfrRMf767/5tHGm7z4gUDkl1hBQmYWXZlhVg2tg4CHio5tjM3BmRMjcNpzmUlOFNuTnfDWBGvcFUbCq6Crkx+5joNSJyo9vtot1uo75l9eei+OXnX+D7Huov8vi5s1rbxzaQXJeNhxKjHsfh4eHKJu+t6xaarRZyJRup9Gb9t5a6AkejETqdDtqdDoQQsG0b1WoFxUIRjuui431CLxhsdID7gK+5mHhIbFOtoZTGqMcx6nIoDeTzeRycVFEoFLZ2zCR6vR4ajQYGwyFSrotnR0coPhCp8oT9xLaJjq99Xlq2bSWp5nDTDM5xCv1rjvPzcxMne3K81X7a2sEBcrkczs+MN0cum0WpXIIWAkoF8dg8fwRbuXCc/duNXgW2bYHOWfRqrWBZyxEFjDEorSAT8mpjVLg9gkNpfUNWvcqOp5QSQoT9/lobwmbHcp2J74ZEq9NDJpvdC9+NQjUFNz29/EyaAlLBpn03nDBZI3ps+PdDfbqcCzCL3Xo+kzGuEdGnlIQQGkqqsJVuflGWNO298bowKS0EBJTOP3aUyjEh55xYCaVhVNaBCtsJEuPXWkNICRsJtcBtboWEgGgSv/9eJ7l5SVAsleLd8CQ+nX7A5w8/IUikCS2L9nVj4ccy0Oa27AAAIABJREFUy8J4PMJf/e2/SRA6+01zTNQR/GbLiuMsRe5SYhJxhNieEi42nI6MZsOEFejJtbyJuU8pCSETBIcl1m5NmX1eRG4MR0M0Gg2UyiW8evlyxRFvDj//8gt6vR4qx1mc9peLp03egZu+8pPrMR4odBseCoXCyoTQeDzG589nSGUs5EqbX5vde8XPa0EpFgooFArI5nLoeJ8w0lcYPbWgPOEWbJPYkFxh1BcY9sxEWCoWUT04eLDeuf5ggKurKwwGA7iOg6PDQ5TK5Qc59hMeB7ZFdDypOeYjJjoYUKg5sPoE3eueiZM9PkZ5i/dnOpXCu3fvcHl5iYvLS2NAWirBsV2TtBKpObgPKQRcNwW6B9Gh62L+ohdhz/1yi3QCCoDExqNCCNOCtCUPExH6FsT/FgqEqqXGrCP/A5gCl25AFr4JBL4HrTVa7b7x3fj1652NJem7UahO+24kC2OqyHQkrO3uVPEUEQjSF7F/zCwoJZAS8bUPIFRoTNQZsY/GbHGmtSEvCAMloWkpMW0W90FpDZ4g56J2BOPBwMHDjUjOudnZT1yXXAjYsKCkAu65tUjovxEViJGxJwCk0ynk8sXwrUwSNwCT7EEZA/giO+vRx7N6WcbIfkQxLwujjjDeFlMtKyuo4SzLBqHMpKlESjgloQNDcm2CdI3Ue0IIiLBtJU6dYmwj3klJ9QaohCJ3kxuLpKYkHxuRG0EQ4PLyCtlcDm/fvltv0BvA2dkZWs0mSrWMMV8e73pEN6EB9Jo+HMfG8xVNRbXW+PjpE5hFUDiIEoU2S8rcetfMtqBkMtMtKBxtdLz2bU9/tPiai4WHxDZJDcCwh6O+wLhvJsFKpYKDg4Ot9tsnMRyNcHV1hV6vB8uycHh4uNXC6QmPH09Ex+pYp20lk7fhphj619zErY2GOD4+2eru+uHhIbK5HM7OzkxSRKGAQiEPxQMobQoSpSXG3hCOk1rInHPfsamWFctiUErEho2EENjWJG1gU4v0CI5jDP9kYqHOAx+w3YXl3abn3fgwmPHuvjWFcx9CcnR6A4zGHl69eoXsDn03Tk9Pje9GbUJuzN2RDRLeLNTaqdJJRbGe4fgM2WaUSclrkFBqTD0JRRD4kwjVKU8RbUw/CQWjUbsHXbl1xJjimuM4jg1C6FQinGn5YuCcw3FMcocMCZco8dWyrcXjJU2mLAghePPuOzDLBvc9VKo1FMvl6a3j8Lz+/b//j/j1b/9qyhNi6iWjhy/+tu8EYwyZTBaEECgVBeruOkBzcUy1rMQGzhxaSVhLtKxEaSpCcDjhV0sQcARBAHtFhdoi492U55DWGlxMVD/SMt+Zs+9/mdSU5GMjckMqhYvLSzBK8ebNmwcJHrgLV1dXOD8/R76cQq7sLp2Ykvx0Nn3VJ9devWYAHii8ffNq5RTKT58/w/M8lA/Tt6rT1sXUlTjbguI430YLCvB1FwcPiW0TG/5YYtwX8EYChBDUajVUq1W4zsMUCP1+H81WC71eD4wx1Ov1nZsRPeFxYVuGpE9tKzcRFyE2RenQxbAToNW6xnAQxslu0R8nl83iu/fvcX5+jmarBd/3USqVYDEHUk4Wb0HgQQoBJ5UCJbtdYP3/7L3pcyTJfSX4/IiIvE/cqKOrqqv6IFvNJofUiDpIHaMZaQ7N2sr2m/bD2Jqt7R+1tmb7dddmbbUjG2k1Q10jUVTzaJJ9sLurUEAVbmQCSOQVhx/zwSMiI4EEkJnIBFDFfLQiGonMSI8Ijwj35+/33iQQue77vt9fp63kUHXlccSqbyaWlm1D69CdnxD4vg8eDqQHLYiPA844VBinCBiSZXhyQ0KGq64gJPTvuHqbrgIlBXzfg+smfDcWFm6sPevr62i3Wqiu5kBPmcgl+wPzOaBp/Lp9TQsW50EEXk+CH8Kk/PQnXtBw8g8AlDJorWLygibfM0EEIoAG4rZZiTYSYkpaGKOwLA6lBKRtgQAQgZkscm6iVIfp5xEhEvmIPH7nq3jy7lchpTJEDUhMniAsJdJaw7JsVOcXYkNHr9uFDNNXLNtEaE8DSmlIKUOD01eH4ACMgseyDbGRLFlRnj+0gTMQEsOWDUIkhAjVHIkobntCJSuUUjiOgyAQE/McEglyQxMJTa92DgeRG4AhFHzPw1tvvXVti6Pn4bjRwMbGBtJ5+9LElGEwybtNcszVbgp0WwGWl5bGHj/tHxzg6OgI+YoNJ93fnyep4uDnpaAUZyUoM4yAaRMbblei0/DhuwqccywtLqI6Nwd+TXLE40YDtYMDtDsdcM6xsLCAcrl8JTnlDDNMWtUxU3MMRqTmyJZsWClu4mSfP8fCwgKWl6aXK08IwerqKrK5KE52D+VyGblsBjLwoLXxbJBKoNtpwbFT4K+DmoNSOE5qcF25ZZ87qTI+FomIVcZAQIy8Ppxo+n6AdqcFIRSymcxEohUDIRKTRQrGhluVUlr1BuNag00gFvGq0NrEfSqpUD+6Xb4b6Wz/ce2PhGWATETCWmcJv0mv+F+EIBBQGrG/ALescEU8nCgGwcCJ4nWk/kQkYExuWHZ8rCJjSUppqBIBAB4anGozWVamLCYiQoC+ypI+EIRlYwRQUkFrktguAbS5DrTWICAgNJFQEaooKKWQIsDzZ5/j6LAOAFhcXsUbDx+b0jYhDVkChMazVxxXaQ0hjZePnlJ07zRBCYEdRsnKK5esMFDmIDgVxe150iT9EDKRErBJ9vs+c1GuLhxnX5aakkxM6SM3Dg7QbrXwxoMH1+bVdx663S7W1p6ZJLiF4RJTrgvJcZbnKjTrZqFmXMK82WphZ2cH6ZyFbOHU8yDx35MgOvinn30G4JenBAV4vQf/14lpkxpA6NLbMHIox7axvFzF/NzctREL9cM6arU6XNdFynFmHhszTAXTIDpe9/vcuGoOO0VRWUmjeeiF/jlN3Fm9g3Q6fckWxkepWEQum8XW1haOjo7Q7XZRLpfBwPrUHJ7vQkoJ20nfuArgqji3rjzwoDU3KRMJmASA0MciETPoBwIKZqLZ6XQBKOTzZkDaW5FUsPh4ygkpJZSSfSvhwz5fhJ/w3aD0VpSm9Hw3TiCExJMb9N3oRL4bOeuM70YSRAHE7/fd4BdIn8/zwpwUpJTGqDMy7rTt2Gfm9ETR96Qpm7omYkspBSFlzEicNsWNJnSMJQkOxKRibzW79zdCCNzu4KQTxhmSC+iDLg0SOuf0SBINY8ehYjUHADx/+iVebjwDALSbTbzx8DEAEisuouufUTo2aanD/4s8UEYpY7htsDgHJSSO4x7XwJkSo7IQIugzINVSQhGjvrms9M9EGSsopWMCbRoIgqAXDUs0ND8/Zeiy/U/+PUluHB4d4aTRwOrq6lQT1oaBEALP1tYAaJSXsnh6uDyxbU9SDaGkxknNRSqVwt27dy//wAAIIbC1uQlu09h34zxMot18rmqSJjp6H0BrVoIyw6W4DmKj0xTonAQQgTIRxHeq11YKorRGrVbDYb0Oz/eRSqWwsrJy4yzvDK8/Jkl0zNQcgxGpOfIVB3ZKoHXo4osvv8Ty8vJU4zM558YHoV7H9vY29nZ3Ua6UkUmnQzWHGcgJGUB2BRw7BcanY6x5nRgUhRitQCdLVsyqnYkZpAAsbsXkQ4RisQjGGKRSEMGpiabvmUSXIeIkI6jIHDQRwzmsBFwIMxCPSlMumpBfF4LAh5A+GiftW+G7sb6xAc4pygtn29CXmpL03SDshn03QuPOZJ8IJ9uMUrCUgyDwDRE5paSK86AjTxAAtmOHJOBpVQxCdYb57+3NDfiua0iRcxD4LjY3NvpMUTc3nuPp55+O1D5GKSwnhdW792OFh1GpmWPZavbMSZuhUWnUXq01GGNh5K2E0gqM8hGMI6OYWg1oFXv4vOroM3CO1XChgfOI6jXOLRBQBCI4U3YV+H4cjx2VIimtAaV6QcaxZ870lGoykbij+fl9dhhT0dNRsABw0mzisF7H3Pw8VlZWrtjaq+PZ2hq6nQ7m7+aw3hgtMWUYXCVVpc93o+5DCo2Hb9wZu9xuc3MTnu+jupK+lmwjzvMuOvo1rD8J8ToP7q8T10FqKK3RbQp0GgGk1Mhls6iuzI2drzwqhBCo1euo1WqQUiKXzWJ+YR653PTq9GeYYRBmRMdoGJXoiNUcaYbKsjEg3dnZQbttvDmm6ekzV60iFxqQ1uuH8MI4WUgRqzm01nC9LiwpYTs3Wxs8CVwWhaiV7PluAODh8Y/IB9u2Ql+MxETTcUyZgExGIgowqsE5H0rNEfl6RCaNpyeL50Eq1Rcta10QIXpdUErC9124rofjRhNzN+y7sbGxgXarhbk7Z303kqvqLOCATpSmXGMtfKSGiBN6IuNOrWE79rl9wrJsUKoQBNNLqhjcXtk3YVFKQYhgQBtNmUf9YA9//Rd/hlbrZGQlw+HhAf7rf/5/R/oMIQTpVAa//Qf/Dqt374fRsRestIcvU8rgODaEkODc9AUpzbSaskgfchEMsSEloOXrQ25EOGPgHKvh/IFquItgkm0ogsCPCa2o7Mr3/cESHfS8XnzPP7ec6apQUkDqHqmh2fkEx2UY1N+73S729/ZQKBbx4AbL9iKsr6/jpNFAeSmLF63xVBHTQnIs1Tr24XYE7txZRWZMwnxvbw+NkxPkqw4sezhy7CoKFNVuXB4T+yridR7IXzeug9iQQhli48TEARYKBczNzSGfy039uwHA9Twc1us4qNUAGA+acrk8Vcn6DDMMg1Lq7qxsZQSMWrbCKIWEQn7OAm8TNA9P8OUXLaysrExVMZZyHDx6+DCOk3U9D+VSCY6TghReL05W+BAyQMpJg7JX+3HdV7IiRF/KSgxtyAlKCPygR4SYieZZ0skKSwNMUkRiohlcPtEUQkBJGatARlFgBMnSFMbAbsG58dwutEr4bty/f2NtOajVsL+/j0I1hVSmd1xPp6ZQSQHRIzccOzWSAucqiNQQWmv4WoceG6EXi2MDIH3GnadhZPpObOAImP4gggD2lAjSeDW/z8D3rBrqtkBDnX6hD1KqMNrWRNwaQ1Qd95NefwHIRQbMWhtfESIRREqOV7g05TxEBs7BqfNv4ritoU2qCSEmWUeIsOzKi2O57XP6PCE0VhlGPyeNIOm9wST0mUTl3v1jUF8//fek70YQBNjb20MqlcLDBw+m0v5RsL2zYxLW5lLIFmzgYPLfMYlUFbcr0ToOMFetolqpjrWNxkkDu3t7yBQsZPOjPSvHUaDowIXc+Pj1IThe94H7deI6SA0AEIFC+yRAt2lWwsrlMuaq1bEZwlHR7XZxUKvh6Mh4zZSKRZTLZTg37KY8wwxJzNQco2FUNUdUkpDOcjiOMSB9ubmJVruN1dXVqUbHLS4uIpfPY3NzEwe1GvL5PMqlImQQQKmemqPrdmBZzo1K9ycFzjkoY2aQHpIcAPpiBkchH8ykj8SDc9/zjbT6gogVpXWs3jBtGj6dIAh8ACoRCXvzpSm+50JphVrou/H4yf0bm+x2Oh2sr68jdY7vRtQuogASJHw3uH2tBruBMORGNLHzvf7EFBMFe3GfiKJegYT6aMqlSpQQWOepoSyrz8C3WCrjzbfeReP4qE9xNC0wzpDLF1Cd65X6mfN9ti+6XRdH9QMsLK30lTtE/3mWoLioP2vQsDyFKQWlyGtJcAChGi4ycA7jiE0fjgycRylZMdcfdVJGjRTebwmhYZkTBaE0Joo9z6j91RSOrQgMmR9BscH9dVjfjeT511pjb28PSms8fPRo7GjTSaFWr2NrcxPZooN85eqJKcNglKdBNHaSgcLJvotsJoPV1dWxvtfzfbx8uQnboShUruf+Lp5/Cnjuq09wvM4D9evGdREbga/QbgRw2+YGNletojo3h5RzPYP3ZquFeq2GxskJKCGoVCqoVCoTi7iaYYZpYNJqDuD1vn+OQ3QwGyguptBpBDg6OkInLFmZpv9ONpPBW0+eYHt7Gwe1GnzPQ6lchsUdU7ISqTkCD0pI2CkblL7a9yoariAmB+kRWaC07vMLuMwXQ2kVKirCAW04wFVKnVsnLkSv9MWoQ4Y7nsZ8shcJO2wpzDQhAh+BCH03OsZ3I5fN3lh71jc2wBhBZYDvRnJyQnyOaImWEXatpVgiCFNIwgldRHJEYJzHpRIXQcr+UqVIfTRtnG/g64MyEk5yNbhl41d/87fH+g7dfzmN+Fkdlj+Qc7fR7bbw8U9/BPz0R2O1LwIBRblSxQff+jVzvUeZtq8x4vNPyJnzP2rJitmeuR8rrS4h9Yi5VvxgYhHdACClgOcnrBKoBMYUcg2KhN3f34frunjzzTdv1JMIAJrNJp6vrSGVs1BauB5yYxQkx0uNugdCKO6MaSoKGN8NpSQqc6Mr4sdRoMiNT4C2WbR+JUdJr/Og/CZwXcSG21VwmwHcjgCjFAsLC5irVq+NTW2cNFCr1dFqtcAYw/z8PMqlUpxTP8MMtx2ztJXRMU7aSqZogTsM7SMfz9fXMT8/j5XlybmbD8LKygqyuawxIN3bQ6lYRD6fgwx8aG0mUVILdLsClu3Atl5tNUffIF2I0OAuLP+4xAMhiV5CgOjFePoBhDS+HqdLVYykX8czOB2mt1z2HDIpL71JMKXsyvG0V4VSEt4t9N2org723YhLUwIOkvDdsMZQJo1dm60UhOon0ITokR0mDefyMYnWOu4PydSf60SshvK8XslCEIASAkIcmPn+8KvtUfIJgNjH4rxygPO3EZEbGlLqc4kiIQSe/uKTobd7Hji3UPzGr155O68izPmnEH5wqmRFglv2yOrDYRRLcflQlJSj1JXug0oreF438SUS0hlPvTEIB7Uams0m7t27h/INJyC6nodna2uwUhyVxSye1qY7pjiNUTwtmoc+fFfh3r17Yy8+b+/soNVqobSQArOupoQdpt1y5ynU4W78O3e7Eqn0qzHBe90H4teJ6yI1AFPD1W0E8FwJy7KwvLSE6tzcVKXfSRweHqJWr6Pb7cKxbSwtLqJYKt26etUZZhgWMzXHaBjHhDSVZrBTKbSOAhwcHKDVamF1dXWqK0DFQhHZrDEgPT4+jr05GKV9cbKBH6k5UkPXXd9WRCkrxkvD+DDZjg1ogF/ggTBwO4yGHgg9TwTf98EZAwsnn5zzXkIAjBx7GJJdJCNsgdsRCeu6UFLh8OgE6Uzm1vhupLPnH08qCUjCd8O2nfjcTBt9KSS2FaeQMKZD00UNa8gyGUNu6BsvVaKE9EoW/KDPf4BbvN+gc6h8XQ0pe/GqUkoTA8vopeoUpU3cq9Y6vqaTU5NydR5HR/Wx9vM82LYDO/XL65dGCYXtOAgC42sUKdMC34Pm9lBKpKG/ixJE4jrfM95JkYfKONAa8LrdnuqCaCh7MLlxWWrKaX+flKriuNFA4/gYS8vLWFy82fGN0hpra2uQUmB+OYdnE4yDHQUXeVpE46NOS6B9EmBhYQHlUmms7zk6OsLBwQFyRQupzGT64EUEjaxtQu1uxL+nCnmQ//3/+D91dTUNSm/nZO91HnTfBK6T2Oi0BLonAQJfIZVKoVqtYq46nknNqNBao1avo16rxVGv5VIJxTEv1hlmuK2YFNER4XW/5456D1Raw+sKtA4DSKGxvLR0Lavk9cM6tre2oQFUwjhZFXhQOuksT+DYqVsRUXpVaCBefQSQ8EIYXXIdqTkAxD4FlBJwbkEKCalkvH3Ldi4l26Pt9TwP7BtPTfE9F4HwcVA/Rqfj4p13372x0pRut4uPP/kE6SxHdeWsOXg8+QAB8+y4NIUzC841Tk79IEh4uxA4jtM3aZJKDbXwEveHeEJ58/0hbpeUYcmBDUJCf5nIBDdq4hCiDilNQhEABIEAtPG7uYiMCnwfGr0UI8dJg3MGzimUFNh6uQHPnXxqYzafx8qd+xDClGsEQQAlp2OEeZshpexLngJM6SWfkAFtX78PYRKyxvNWcN0uZNJ3w/ah2eDOeRHBcZrcAADRTGF3ZweVSgWPHj0aq32TxNOnT3F0dITqag6bnZtJTLnI1SYaFwW+Qn27i3w+P7YZa9d18eWXX8JJUZQWJ1d6eB7BoZp1yKcfxb/b2Qxy1TlwKTWahwGKc9dn7jQMXvdB9nXiOkkNKRS6bYnuiYl6zWTSWF6cuzZpmJAS9VoNtXodQghkM5lZ1OsMrzUmqeYAXv+ylXHUHOmMBdtmaB0L7OzuohV6c0zTN6haqSKbzWF7exv1+iHcTAblShlUiNiAFNDw/C6klLBPTdZeNRAYVQSjZ1MChDApAcOq/gaqOfwgNpLsve/ybcowihNAX8rLTSIQAQLh4yT03bh3794N+26sgzGC0infjWhSEvVL5vV8N0ioPLguRGkjUSnKoNSRYfqXlLLXHwBwdvMRwREiNVTg+/BcN/RL8MBYAM5tkNMLmRcQHZQyaE2MrwelcdkXFWLgNRBFmNq2ZY6z7YQlL6aUgTIL9x68ee73mTnqOJkJ5nNKKROjq1TPQOSXDHHKThD0qTmk5490/zwP0fWSNIaOomZHhe+7feSGtoMz5MYwqSlJxVL8fjePvb0t5PI5PHz4cKz2TRIvXr7E0dERSguZGyM3gOE8LZp1H5Zl4e6dO2N/z8uXL0EpkK9Ollc4zc8SAHBbkOu9UjeecpCrGu8V8v/9p7/QO7u7KC2mkUrfrNT1dR5U3wSutwyl568BAMVCAZVKZarmfEl4vo96qNhQWiOXy6FSqVxbIssMM9wGzNQco2OU+6TSGt2WQPvQDMxWVlfGjk4bBfv7+9jZ3QVjDJVyGSnHhhReX1yfMe5MX5vcf5rQ2kzio8HzJNQcGkCQSB1gjMIawsfE81wTJRr6LNg3rJZRWqHbacF1PewdHGFufh4P3njjxtqz8eIF9vf2UF3NnSlN6fPdEKwvNSXlZK6tryql4Pu9Cd84/SiC55nrLkr9uen+MAgmJSiIfTTM9UNg2XZfysowSo7IayS6Fv3QI8ckthjp+WnlAA9LIwghoJTE5Srn8UBKqd4EVQOEjub7gdA7REgFEchYefLLjIhwAhCeE+vKHjFKKygpAdCQ5NMhET2agikIfPgJU1HNBSQXZ875ZWUpyffFbZQatU3j6fH2229fW3jBedjb28OLFy9QqKSQr6au3XdjGERjoEbdR7cZ4OGDB8jnx1sUfrm5icPDQ5QWU1O1v9AAiJIQX/wQutsCAFDOkF9YAAvv7eQH//QT/elnn4FZGqWF6XYEAgJKGShlMROzcViJ77G+AHyhxs7rvU2g5KwhjtIanFFYFGC0n01TGhAS8KS6Evl8naSGUhrdtkC3KSB8Bc55nEjiTCkH/jS6rot6vYZ6/RDALOp1hhlmJMfoGPW+KXyF5pEPrytRKpWwuroKPmXDyU6ng82tLXS73TBOtgQZ+Ak1h4HF7WtdGZ8mpJQQQQCdkFxTQsGs0VYjVWgkquPVxrPlCYMghB/L3o3xqXPjq/Vupw0hA2zv1WHZDt59990ba9NBrYb1589RqKRQuMAlnygC6vXGBJZlw7bP9lHf98+Ywl4VWgO+70Gj57sxbtxyEPhxig7RGraTuvEUnYsQlawAp0jCiJQZYaw5qOyLMQYrjHWOYpdt2+ojD6MVdkIGp25IqSGlgAhEvM0+EmZIaG3UVlopvK4RsaMiIp4MocuG9pcZBr7vhcRhANuyzk2sOtMmIeB6nd4LTEKe47txGU6Xpmitcbjlo9vp4O233x57kj4pHB4e4tmzZ8gUbFSWsrcuMQXojX3aTYFm3btSCe5BrYbt7W3kyhZyxenOATUAufYz6MZB/FphcQE8MfbhAFCpVLC3twcpLDB+tpOSK2QuRX67hFBwxk3WOeU4bJuON5/vva/jKbQ8oO1fbZJ/k7AYhcMBixGwhBxQQ0MpwOYEKU5x2vdHKsATGi0PaHmj7T+nBE8WopPc27DSALSCnjBlFPgKnaaA2zJRUblsFpXFyrU6FLfabdRrNRw3GgBMHy6VSmPXAs4ww+uCaSStAK830TFq2Qq3KYoLDjonAY6PjtFut7G6uoJioTi1NmYyGTx5/BjbOzs4ODiA57kolyuwuAMl/XiwFwgfUgo4TgqUvdpqjlhyLUSCZLChfA96hBXJKGlllEehKUXo+Z1YE554jwPfdyG1RP3oBEJIPH7yxo21qdvtYn19HamcNZDc6FNv+L3zxKg1kNwIwuhW3/NChcXl53aYVIBAiJjcANDzoxgRkT9MNLnnYerPbQbn3Fw/vg/f82E7dlyqY9n2SGP7eFtBL6lISgktJQgNx51Rwobqnf9k6cBpqFAJE5m1RudGSjnw/TOMBpIgHSI1z6RAKY1VPRdFcidhUp96iSmayHNNRS/DIN+No/0Ouh0fDx4+vHFyo9Vu49naGuw0v7XkxpNwvOO5Cs26h1KxODa50e50sL29jVSGT53cAAC19XkfuZGtVvvIDSAkOMrlMvb29tBti7hhhBAwykEIvXKktNIalBDsN+dQzjJkHYb5QmLyH153DW4eREICrnj1DIIYJcjYBKU0Q8oi4Ky3j8ZdGrA4gW1R2Iz0PRyF1Oj4Zp8DMdz+W4zi3eVjcGaBkrMDa6UFhDS1ulJd/YHRbUu4TZOGQggxao3y9ZaBnJycoFavo9lsglGK+Tnj7zGLep1hhn7MiI7RMUqkLCUEuaINy2FoHflYX9/A/NwcVlZWptrGleVl5LL9cbKFfN6oObSZfCmt0HU7r0WcLCUEtmXFq5E9b44ASkmwIXw0RoWR5SdSUyi98UhYIQIEgfHdaN8i343y/MXPf+ZzQJvzQwiBnTrbH6WUvTEKIRBSQmvAsq5O0DFKoKSO+00Q+FCaj5R6orTq891gtyAieFgwSkHCGOWeSa4F1/VgJ8pMht0WcxwEgQ/bNh4MUgNaBqCUwHZsUEINeTIE+xP4vTIHSulEzvcMPdCEbCZZzjgJkER6lxpiRVZrk/qUTExZrQCYAAAgAElEQVTR58TBmvefLU857cmRJM5O6l10Gj5W79y5tjCD8+AHPtbW1sA5RWUpcyvJjQhKaTTrHlKOgzt3x/MHkUph8+VLcIuicA1+nnL/BdT+ZpwKlS4V4Qx4FnIAcGwbxUIBrWYTuaK5MXFmw+Z2THKMC601dhpZBFIhZVFkHYZ8ioIRQITsH6cUGoBSDF5gJvqeBBxGYXMM1rVNGEpp+NKUyIwKAtPElEWQSzGUMgwZh8JiSRLHbJ8QwGYEFiNGTqdNOQssCkoAN1Bo+4B7Aan51sKeibbjFmyehc0dcHr2wSCUgE88k0uu9dA3OHP+LVjMAhRF4GsEroRDgFyFI5vJIp3NTGRQmTShughHx8eo1Q7Q6XRh2xYWFxdRmkW9zjDDpZiZkI6GUdUcTorBWkqhfRTgoFZDM4yTnebks1AoIJszBqSHh4e9OFnmQAovfp+JkxWwnRQofTUmZOehp+YIrqTmGAZCCEQTLwLcuM+C0gq+78J1PRw1mqjOzd1o7OHGixdoNVuorOTArLPjgGjiQSUDZDIS9myssVIKgTADnsi8EDDEkvbVlUtW4n6TMK6VQkCHRpjDIPATZBchI03ECSFnzT1hlNGxeeIp9z+lNbSSE1t1j0hCEQgIZVQoVkj2aD2aH0msZAlNLBuNBkqloin/GYLc6E1OJThnEAJwHMcoRBDt++TLTHo+IGePtxkjq6knr1zcBnOdayWvrGBPEg4EiPu90mpiseLJPq2HMBr13C5kIgFMWv658quLzn2yHCX67/aJj5O6i4WFBaws37zHxfO15/A8Fwt3c3h+vHrTzRmItxb2oAGc1H2IQOGNN++OPafbfPkSruehsjz9RFZ1tAe19WX8u5PPIX2Ocja+S1cqFTROTuB2JXI5Bxa3kbIy4IyPdUF4wtwwpQKqOYXjjpnIc0bACPBXP/gMP/5kA1oDTx4s4g+/+775GzWMe86hyNoUGcdM/KeNQACdQKHlmhuNzc96aFyGFCdIcyDtUGRsirWX+/Hf5kpZ5HIZKA0wAnzv+5/ii/VduF6AfNbBn/zRr4NTBk7IubLB5IA7IiFsZsPhjiGhThlQs3BAK5QPKgPIIW+ajHIQZYNoB4ww2A4Fz/I+U6mJgQBKEyg1mOSo1euo1+twXRepVArLS0uzqNcZZhgRMzXH6BiF6KCEIF+xYaUZmnUPz549w9Li4lQnoYxS3L1zB9lMBtvb29jd20O5XEY2k4EMfGhtJo1SSXS7bdh2aqI12DcBM1Gz45r/02oOMxm++gA+fvZrfStMW33XhZISh8dNpNNpvHGDpqK1eh37e3soVFPI5AabihJCQBRAEqUplmWfmUhrjVgpY9sWCKFgzJQk2bYF3/Ph+75J17nC2IMSAlAKJDxYhr0WhAiMqWhIqvERymApo2CUgTKC07M540lHYLpr/2KYUhpSEABioqUF3OKgiiIITJSqbVlxycqga6c3BjY/lZZQShpFU3hdpNMppEJVju04IEhuQ8c/tUZsOmq2y0JfCDPpJtSUtkglIYLJlqlQRsGZ+b6z58KUj0spIICpkRyUUnB+fhu0Cj0zBKAnsO99iVFx6ZBOVrGPBSlNH4gQlSuZ83teW1xIlYiDtXxoqs/MdQaVnZzGaWWH1xU42m2jWCrh/v374+zSRLH2/DlOTk5QWclho3lziSkXIfbdOPbhtgVWV1eRHVOJv7e3h+NGA4VqCrYz3aAS3WlAbfQSU6xUGtly5dz46/jpUygUkHIcuCcB8vmMmWxTDos54cU/2kVvEfP+jMPBKOD6CjLsvEprPN+sYWO7bt5rMQghQYhpjs0IKCeoZBnyaW4MO0f69tGgAPhCw+oKWJRAA0jbhogZpUaREMDmFBRAICS+/9FTfPTpC1RKWXznm2/h2x88gYa5qE9aXXz2dBsawOJ8Eb6QYNbZO895g2sS/Y8QEFBsbNXxN//0OZptF8V8Gr/+jSd4cKcaqksohjmCSmm4bQkqKXJZilQhhXTakCfTEkooHSlgenIzqVQc9RoEAdLpNFZXV2+8pm6GGV51TEPNAbz+RMewao5UmsFeSaN56GN3bw+tdhurq6tTdXKvVCr9ag43jUqlAi0plOwZkPq+mSRbTurGvSSuChMDy0wcYkJ2b/wBJnGsz5bQ3hR834NUAvWjEwSBwKM3H9+474aT5ShUzzcVBQDi98gMShhsO43TI9AgTLeJ/DGsUAVACDNlEI4N3/MRCAGpNOwxSxiklFBSJiJiraEWsIwPS09Oa4XmtoTScPzVe69JOTVK2WgyzxkD4xyM0YHfRweoO7Q2qhZoDaUogMn6UUQmq4EIo0SB+DgnF7GM2qC/FAEw+6SUguOESQUEcBwLhLJ4Ua1/f3RM0hieyYwnOednJsVaaRBpfmqtrkzuEBKV25vzYAiGs5MwpbRRu6vouy9WEJCw9KN/XqXDc3b2s9F+M8bALT6wDVppEBKpva92zqOWRddV/B1a4coMBwaTT1qrgWr/IPAQiN5zSHMBxc6fT152XSbnCoEvUd9uI53J3Io42M2tTdRrNZQWsob87V7+mZtCpynQOg4wV62OXdJzcnKC3b09pPMWMvkpK0SFB7nxSU8daFnIVCrmb+eYMfU9LcrlMnb39iCFBnEYKKUQUuPP/+Zn+Pz5bljmcHEbkoZCq4sl/P5vfBWVUgGMAlr2WtDs9CKCmu2epJbAKDhSFkE2xZC1zaXqB9OLfUrbFmymIRUDIwqMEWQdCk5Hs1dVQFxyIqXE5s4RPF9gZ7+BnYOTM++P02N8cWYUddmAOrpxm1+Aje06fvjxevz35bmSITjCm/BFN42kaSglFPPzBZRKRaRTDhqtDn7++SYODptDHIHhUSlm8eTBEpbne2qMIAiMYqNWg1QKuVwOy0tLyNxgnfEMM7xumLSaA5iVrSRBKUFxzoGVomgdtvHFF19gZWVlqnXBjm3jwRtvYP/gADs7O/C8XRMnm8pABK4ZuQMQMoDoCjhWqpek8IrCxOL21BzA5Iz0ks/LSZt0jwIpBILAw0mzE/tu5HO5G2vPxsYGCAUqC4OfyUlTUaJ7k51BqWaRciAmNywnVhAwRkGojcAPYlLC93z4SoKPGEmptDEajWbSfEg1SJS8E303Yzz+LOPMkBN9/cSMf6WQsfkipaFygJ8lOMyQT0NJiaPDOrTWyGQyyOYLAHqlDEb1QMNjMrkV0hQcaKXilBUWEhdKCjBugVICxuiF5pEqUeZz3vu01pBSxccEUGCMgxCCbruJdrsNAKjOzYNQBqLMd1LGQOgwS3MXgxACyki8P4BG6+QErmvmIPOLS4bICdU0hmQYvB1CKRilPRVKOL6Ozr1WClKqAeQMidsRkV2tkwa6XTMDnltYDL+fDixnGn2fzc9I4YZQVaOGKCW5CEniJypRCv8w0GhUCgHf783vwOTAONheuy9WbkQ/CSHQSuNotwNCCB49fDj1FLPLsL+/j53tHeTKKeRK9q313XhrYQ9uV+Kk7qFYKGB1dbwSGj/wsbm1BcuhKFanrwwVzz+Bds31QihFvlrtv48PuGYHEhxeRyCfeH49e3kQqy1GQbPj4V/+5nvGX0MPP1CgxJSqcEogpML//3c/x08/n2z0YRL/7ne+hq88vgNOCWxOkbII8g6F0hqeG1y+gRDZjGPyx6XZUzHizcThAuVcB47Vgn/p19JYwQH0k0QA0Oy6iERwBINXD7ptAbcp4LkSlBBUK1VUqlVkM2lEBHOz7eK/fP9T1I9aI+3LZcimHZSLWSzPlyCVwuHRMba2tiGERLFQQKlcRjp98QrRDDPMMD5mao7RMQrRkclZsGyK9rHA1tYW2q0WVlZWYE2RWFiYn0c+l8Pm1iYOajXkcjlUymVI4ffUHFrD87tQSsKyb3fM5TDgYUxllBIxyJxuZPSpxzX8IABnbOgoxElAh+fJdT0cHZ/cCt+NZrN5oe8GIQRUUpCE74Zjp0BPeYQppeJYUQCxyiGJKPlGiMCUrDg2fD84U7JyWZJKZA4alcAM6zfRZ4AZ+m5QysC5WYWPvRR6BwAqPAZSmNISM1Gn0Eph4/kzHNYOoLXC/PIKllfuwrJt/OTD7+Ozn38EEQRYWr2L3/rd30cmV4gXsSil4Jb53mn46NjhomT0z6TZyFjtQE4ROUmY68GcgUFvMdskMWEgpAiJL4La/h4+/Pu/wf7uNgDgm7/+W3j3V74eEgEUVsIgcxIwbSVY+/IX+PgnH+KoXgNlDN/5F3+I+w8eh4uB0ag54WFBzISKUgbGiCkxobTPwBMwPhRKK1ChoZQ8RepEbzXv39l8gR/94O9R29sBZRTf/PZ38c57XwuP82T2mRAS74XjWCN5Kca+fUoBMGSN2ZXEnCbqm+cQC4MSU6QVjHVvThIr0ecP9zrwXYHHT57c+FzhuNHAxsYG0nkbpfn0rSY3Al/hZN9DOp3GvSuU9GxubkGIANXl6R97ufEpdOso/j1XrYINUSrY99SxLAvlcglex+vrUCsLJezVTiC1ujRmrev2pEgEgM25ITf0SAlt8eeVUtjYrmHvoBG/Pmg7F10yp99PkvcvQrB3cIKvPI6UDghleQQ//vka/vbDL9B2/QuZT4tzVIpZ/NHvfYDl+TLi28qUFn4oZeCMgzELjDIoBbw4RUC92D5EIDQo5ea9ikMqicAL0GkJuC0BKTVSqRRWVhZRqVQGGswopVApZtFods78bVRI2VP3dFwfQklordBsnqDZbKJcLCFfLM6iXmeY4ZowLTUH8PoTHcOQHJbNUFpgaJ1QHB824pKVUnF6cbLpdBqP33yMnd1d7O/vw/M8VCoV2FYKQnjx8qSJkw1g2+lb4TNxFfRFFmoNdsWJUVIhEG83HNBfFzy3CyVNJOyt8d2onPXdSIIogAQJ3w1ug1s2koMhpTV836z+2rZl0jMuIB04N5Mzk9xh6v2jkpXI7DMezp36rBCivzTFHpbc8IzvRljCwR0n9o9gzHgpEEIQ+L3xrmU7INpMahUlZlUvhNYav/jkp3ix/gxaa3zjW7+B5ZVefX6nYxaQjg9rfe2IShs4Y6Ysa4r9T2sNEUgEkKGKwZQzSCHw4T/8baxmGRaWZeHhW29jYXEl5gGUVH3jzIP9bbiemQS3TozKOSJ1CCUDvUsmgf29XSglQUCMV8UFIJSBc2r8CBntI32icgnzk0JrDUoVlCIgQoVqnsGmoQe72/AD03/c7tXH12fbTWMvj8j77zL4vhcqTwZPXvwBK6+D+qTWGp7bHToxJfrMoNSU08cZAI4Puug2fdy/f3+qz9Jh0O12sbb2DHaKo7JwexNT3lrYg5IajQMXjHPcu3dv7FLHnd1dNJtNFOcdcHu6z0S5uwZ1uBP/nimXYZ1HaPVzkzgzqimVytjd3YbwJZStYTOK3/nnb+M733rrwkZ03QB7tQb+n7/8Mdpdc8MoFzLIZhwEkSv0iBN+DSNVLBdzSKf73bWF7GdY7XPq2oJAIDiVjOLYVp/TayGfwiB9yafPdoZWrhweN7FXa2BlvjzU+8e9Z0fkhs1s2MwGIxaevTzAy53+dm7uHuLL9V288+YyLGbDcwN4Jx4ax2Y1pFQsolKpDPS1iG5vBMBCtYjf/tW38f4745vlaKXhegKfPt3G802TW2xufMZc1LEdLC8uxSU+M8www/Vi0moOYFa2kkSuYMF2KFpHPjY2NtCuVrGysjLVFKjlpaW+ONlioYBioWDUHCqKk9VwvQ4sacN2zpYRvDIgFNHqolYauOKYK1mcGvkTDBOFOClEvhuHx00IIfHm4zduznfDdbG+vo5UlqMwN3hgGZsD+hzQYZkKoQP7VFJRMazZp0lCcUzJSkhS+H6AIFAhAXL22JxWiXA+nAGtEAJSqYS3S68khkSrYABaJw385MN/xO7WS5Tn5vErX/8mFpZWBq7Ca2g0TxrxceqeM6EdRCJE30kIQbt5gq3NDRwfHl66H6NgcWUF9x88BuMULABkgpxpnjTw9PNP4fv9C5+DoeNyMc4t5ApFLCyuIDoeprSj9+4gMWEOwn4R+2aERILWGkqOX6JOqUnRSbY9MsnU0Bde15RRcE6NYojzuDTlYG8Ha1/8AieNY4hAwEmncPeNh7j/8E3YtgOtKAiRIDABBhiQYBgkYoelmKzPCnDKP3DIe1dEbgwiMgCAaG3KpAgFO+PP0oPndqGifSaAsn0onK+sO69fJRNTIrSOPLSOXKysrGBhYWGo/ZoWhBB4trYGQKOynMXTw5tPcBmEaIzSqHkQgcajR/fG9gU7Oj7G/v4+sgUL6ex0F0ZkfRNq53n8e6qQR+oyL8YEyXGmdflcDnVuo9v2IQhHxtHI5y+v+ZyrmBuXTCgdvvpkFZxztLsSQg2vNtNxZBLAGcO//90P8C++/W7896cbe/i//vzDmLj44N37+GfvvYGl6lkm7/Pnu/iLv/sYx6ECYXmhiD/5o28jlWDyi4VMPKm/SHVRLp5fd8ooQSZ9eYdhRJmLdsSxEiHGjZszDps7sHkanFnQAP7uh1+g1elnoV0vwN98+Dke3psHIxwcNjKpHPKrJWQymaEGFVoDKdvCe29dzQk4Ou3ptIX1rYPEvVaDMQrbcSCEgpqga/YMM8wwGmZqjvEwrJrDdhgqS2mcHHqo1etotdtYWVmZqqdCPp/H4ydPsL29hXr9EJ7noVwug3EHUvqn1BwCTir9SsbJUpIUT0/ASC98aMWxpQlju2lDyp7vRqvdvXnfjfV1EAKUF8667CdXWGnAQXQiEnYAuWHKH3RCUXFxpGgSvZIVH0JIo+YIAviBD4sZ09leu0KyIFSJMEqHihGWUsUEDIBwUjt4EtduNbH25Wdw3S6OjmpYXFo2BMdQezMC4tIGM7H+x7/93rkEybhYvXMfC4srSKUzoIxDKgElQ7NUakwplJSXejgklwmTx7FHWjD0lbP0nfv4xfjlrZfrePqLz3BYPzjnC005iDHCH1zSks3mcPeNh3jnva+NtIBGKYnH3FEJ1WH9AJ/+9Cd4/uUv0Om2+97/7IvPsLS8inff/zrefOtd8NAwVENDyvPLfKaF5NcprcCGuCdSSmLvEFOCQ8ESfiPDkKye60KqHiGlLB+KDD7wyfvHeX9PotPycXzQQXVubmzviEni2doaup0O5m95HCxgyA2vK3Hv7t2xI+xdz8Pmy5dwUgz5ynSV9qpZh3rxefy7nc0gU7pEQHAqSXTgHT+Xz6NxdAhGXHQDC/wc0xtOKWyLIG2Zjv+zzzfheuamlkk7+MrjVQil4QemfmuAwGJg+4RS6AYUbVeBEoByC/mCISRsRtDxfHDOY2feXMbBO49WARBIZW6xkY/HY63wVz/o7WYuk8LiXAmMUQShCkRooOsqdDwjzUvpszcCx+b4rW++hXcfLcO2Bz8oq6V8/P2DQIga4QZLwocCBSWh+zK1wMNYWM5sUELx1z/4HB999mLgFj57uo3/+v3P8Ae/9R4KhTwKBdrzQ9HhzWNQe8K6yfiec4VxXVTLRwiQesVN7WaY4ZcBMzXH6BhFzVGoOLDTHK1DD2tra1hcXMTSFL0VKCG4s3oH2UwWW2GcbKlUQi6bgQoCKB2pOVQYJ+vAsqaX+jJpSCn7VmGvaqQXIUpq8T0vjiydNrTW8LwuPNe/Fb4bL16+RLPZRHUlNzDlLQKRBET0/m7ZDhjrHydJKSET8ZKc84FlsZeBcxuESARBAMuyTOSpFKBaww5JjEAE0DoiUgjYEGMPYypqzrHvB2HpzMWkSDSJPz0Ro4QAfDrpc263P5phEmUrPLHgRYhZWCTU7FehWMbv/9EfQwT+pSTfZz/7CM++/OzM64QQcE6RlFbpAaqGQdhY+zw24xwXy6t3Rnq/KZMxZrKMG8+No3od3/vPf4p6bX/gZ5SS2N56gf29HXTabbz3wTfBOQtJZDm1kvWL9iHRuDDNxhignudDk/wIC2N1R0EQeBCJ5C5lBVB0vPvx6b4WeAKH220UCgU8fPBgrG1OEuvr6zhpNFBeyuJF63bHwbaOfHRbAstLSyiXh6wyGIDNly8BAhTmpktuaLcNtfFp/Dt3HGQro5u0D7x7l8tl7O3tAY1jNFKVmJggJCQOiCkdSVsSFufgjGBr7xA/+OlavI1H9+axulhGJ9DoCgmph19TCaSGKwzZ4AsFSs0KDacUpSwz6otTDw5GKFq+QsdVUNCwOEHGoshn+yWVnDFYjKITaLS6CoEypEMgNTxh4mEH3cOzGQfvv3UHlXIeUg12a+/6ypTVXPhQu+yJR8Aoh801ongrSjkYtcBDPw2LWgiExp//w8f43vc/idtSKeWwWC2gdtTCweEJNID/8g8fw3UD/MF33jMKk/A8aILY/MkoV/SlCpZRYKLSTGRWxNC2uhfXOs4wwwy3AzM1x3gYluhIpRms5TRahz729vbQajaxeucO0gPSJiaFcrmMbC6L7a1tHB0dwfNclEplMFBI0bs3+74HKRRsx34l1BxSir7n8YT4jXgSQECh0fP3mGapiO+ZKN/aUQPpdBr3r2ACd1XU6nXs7e6iUEkhfY7vRqRGpQnfDc4s2JaDs2aNpO+VKEXFRLaONkk3JSvElKxYRskaBAF8X8VpIMlI2GFKU/pMRYELfUEiDBoHUkrBOEA1O1OSMQkkl9Dy+QLuvvEmsldU+CwsrSCTzUFK47OnocHCY0YIwfzCcL4Ch7VaH8Hh+2440daQibjdbreDg72dvtcGgXOOUmUewd72mb+JAZ810bb95zqTzY9cfkdCr5Xonwh8fPj9v+kjNzKZHOYWlpBKp3F8WMd+2EYhAvzkn/4bypUq7tx/AMYYtEYfuXcdSBIcUmlIz6TGnCYeAUPuaRWVnISlfiMq1oQI+hNTuIRiF+/zIM+N6PWk74YUCoc7XTipFB48vHlyY3tnBwcHByhUU8jkLeAWT206TYFWI8D83NyVSnq2trbQ7nRQWkyB8Sn6bmhl4mBDsplyhmy1OroCSp9DcDBKUSwWcHR4hKbOh/Wt5nXONHIORZoBWYch65jH/99++EVsREkIwdfeuQcNAi9Q6IY1ffYwLjcApAbankIgNVqMgBLA4QTlLKD1+QdWKo0TV0IDSFuG4DgPSgNdIXHUkVAKkNqoTPiAiz9CKmXDFxotT8ELzo6izOeBhQIw4M9DgREGi9mwmGUYZEJBiZHJUcJBCUW90caf/fVP8eHPerVJ6ZSN3//1d7E0X8Jho43/+Bc/RKvjQQiNv/6nX+DopI1//d33sbJQ6jfkIlHEVUR26LDe0xBaHdfD5u5RX+nRqNBaww8k1l4OZr5nmOE0OGOwbRu2bcGyLUOkhs75nJkIuSim77qln79ceIJATTbM/Vvhz5b36qgERse7yDnDjXqkUBCB8ahKpRw49nSPy1fffRue78F1vdC/ygJlLHTMP7USTenIk8/rhiHTEfpqTf6eoJUytfrqYjn1lb8nNKj0/QDvSYlcLj9UWcU0IJXEwkIFX/3KE9ip89oQpmeofs+JQROovk/pntn4JM6Z2Z5ZXNIJwsGQC4MT5M5uo7cgA+BMQgYQFolQEqenrK6uYGVlJSYcKpU5FErlMxNDQgiklPiT//C/xqaS+XwR5eocKKWolIr41q99GwDAKMPynbtgjEMrHfsYRNfh8tICHr75ZrztYqmMUrkykWs0arcKF/2i3dfaqBOUlJBSQkhpopmDwKhnggAyLC8WpzxEfNeDCAJ8+vOPsP708zOGm4P1zgkCp1DCt7/ze33HVENBS4XNF+v42Y9+EB/T1bv38d4H3zRlNgliNkplGQWE0NjclRCKn3/0Qzx/2pPL37v/CF//59/GwtIKKGXotNv47Oc/wU8+/D6ECNDtdvHh9/8O5UoVmVweVOkrjaHHQX+f0HHKFGDIIa1V2McGm4qOkritpIDnJcYJVEJa4sIF0/PSrpK+G3Fiym4bQig8fvwQ9hDl9dNErV7H1uYmskUH+UoKT2u313fD7ao4DnZlZWXsbdXqddTqdeRKFlLp6S56iPWPoTvN+PdctTq2Cfq5n6qUKzisH8KRbQi7CEZgylE4QTZFUUxz5BwCiwF/+fef4MefrMefffLGIr76eBWB0HADCS9Qoaph+AeYVBpdX8MjBDYjoPRynxytDfeotCEsLnuvVEAgNLoCEEKB0Yu9MSgMCeAJhZOuUZlEX3O3cgROOSzuADhbqzocTKmPzR2j3AjLUwihgAY2947w089e4sefvsDB4Un8qXTaxr/57vv49a8/7t0clMJ//Msfox16c/z0Fy/xYucQ7791F1//yn28sVo1ZkG6t86iCaAU6TtNHdfHX/7DJ/ji+W583EbbIwNDoswcRGc4C845MukUUukU0ikHjuNcKg2e4fpgUaOCmzTRkXO815rkiPbtMqKDcQrKNISv4boepJBIpVJTTUxwbAecc7hdF54fgDNlEibCyWIEpRQIdJ+/we1DTxcwFQLCREpMdpunEMnHhTCTyHQ6c2PkBgB0O2axynIuOe+6n9wYRvGTnMCYKNVobDAcGTF4exRaq9hDIEmcXIaIcInIjfO8HM4MX0N/hQhRmRQhBEqpOBlDKaNekFPyGCOETmRsFZUt97ZFQalZRT+s1aGkODM8ZhRgjoVuJ8Dx0SEch+Phm0+wu7OFTrvnUbG3s4ntrcGl1IPaYcrMKNKZLNKZs34B0er+z370g/i1fKGEew/eBAEZSJxExvaXIvSaoIyAUIJO+wRffPLz+M+lcgXf+s3vojq3AKU0hJBIpdP44FvfRrfbxccffQgA2N/dwov1p3jnva+DUDLC7GcyiLrw6dI6OcCwdbCp6JDGpFrBDdUh5osVVCIxZdRr+jTxcbjbhtcRePTo0djeEZNCs9nE87U1pHIWyou3OzEl8BUa+11kMleLg22cNLC1tYVUhiNXmi65JLc+hz7u+e1kKxXwK5ifn/sEzSUqvqoAACAASURBVGQyyOXzYEEXgV1CmhOkHYqsTZEJ/2kl8Z++93P87Q8/h+ebDr04V8S//u77cBwbza5Cx9fwhILNx7u8ldZQU7416At8MwZBScANJJq+xqOqkSIHwjiacD14wB4EEhrExCWFXiGnQdBj6jm1oBSwVz/Bi606Pn66hecvazhpdfseZpVSDn/4W+/hV99/CIBAhYTFr77/CNzi+LO/+in264YMOWq08df/9Av86JN1PLgzh/ffuYd7yxXMVwomgeYcI9gX2/WBUsxhcN6n7AvqeWd4vUEpQS6bRTabQSaTHtvNeYbrxTSIjmjy/8tOdBBCYDkmWjDwBUS7jXTKGcoMelwwypDNZuF6HjzPg/JULOfXiVU9Y5InTBrBrVdLDTmJuWXb10pCSWV8JWwbzg3eE7vdLoQQsFL8gvMdqjd0ktwYnqCIylVUTHKQUEVBYnJiFBBCwAiNCRPTnmHJjR6hdzFB1msXIeRM4kmkXtBaw+12cFivGVIgrP2dBkWmlSEkrjp91tB9PJ5RcJhzrJSE53bjEgs6ICWGc465+QXMzc/jq+9/HQBwdFgHAUUul8PC4gpqe3vodtu9cmgg9jw50xqtIIQKx6P930WpKRuxU6m+oxr1P6U0pJRnSB9G6eVELYneFynXCPa2t9Bo9FJr3vnqB6jOLUBKFZbHIY4Ofu+Db2Dj2RdoNhsAgJfr63j7qx8YNRGlVz5Po4JxHpfUmRKuc9JRANO+8LqklA6dCuF3u4lrSENavetg1NQUoJ8QOal10TnxcffePVQqlaHaMy24nodna2uwHIbqYvZWkxtSajQOPFiWhXv37o9dVtnudPBi4wWcFENxYbrPJLn/Amp/M/49XSrCuWLp3WCCg5hOtrg4j8bxMZDWSDkW0jZFyiKwGMVRo4m/+G8f4x8/Wos763ylgP/pD76J+6tzaHkaTVei4yt4wnhojAICwOEUNg8NiiiZ+LiCEoAzgoxjCIdRFGSr5UMEIhmbRS40TTppd7GxVUcmbaHR7KLjnjfYJeZ/hOBPv/dj/PjjjTgBJol0ysYH797Hd775BKuL5Th5Jnnb+Ma793FvqYK/+sFn+PDjdXS75mHSbLv42eeb+NnnmyjmM/jGV+/j3//e101pCi5erMqkHTy+P14dl0482LLpm5WZzXC94Iwhn8+Zf7mbZeFnuBosmp6KmgN4/YmOy9QcnFNQqiEChU7XhS2NmmOaA+OU44AzBtdz4Xk+LM5hWfzM5E8paRSFU1SWjIOkr0NSWj8JnB6IT3r7QFgCozX8IAClDJn0uArQq8MPfHieC24xs+hxBhHBE5WmGJgxy4j9IlwpN6U5UcmKKfWNUjdG3GCsOIh+vwy9sgw91Hcm3+N7/dey73uQUoAQCilFX4rItBAEPtqt5uVvPAckNLNPpTPhBBc9QkYPPhaUsqHIrJWVO0hnsiiUyvi3/8Mf4ze++zs4aTbRbDTgui48t4s//9P/+4yiQGtASpPakhRdRJNwzg2hIIXsK0mKFDJaqZh8iG4MhBIQbuFcgVH0HYSCcR0bbBJCsL3Z86HKZQt4+PgtaG1IFBHIsO+atJ1CsYx7Dx7hk5/9GABQ29tB6+QEuUIBI3AGE0OkhI2ODQUASkGjEINwQXXcdvmeC6l7yiRlBxeaLV6UmhJdi9F72icBTg5dLC4tTdWEexgorbG2tgYpBeZWb38cbLPmQwQKjx49gGOPN9cKggAvX7wAYdM3FVWNfaitL+Pf7VwW6cLZVNRhQBiPSgYGEBzEMLSUAsVC3pAAFodlGXPOk1Ybf//JBr7/0TPsHjTijxXzGfyP//IbePP+Etq+wklX4LgrQy8NhdQFfhgDmoC0TZFPGaUIowAjBA67+KbKGUHeIVAAnEtq7hgFMhYDzRo5WyAAN9DglxC8jiVQznXQOT1OvYSe//iLTaxv1kAZQSAkXLc/QivahNYKCuYif/PeAn7+eY/RopQgm0nh0Z05fPvrj/H2w2XDWIeLbVE6Cgm5IKKBuXIef/yvvolfefsevv+Tp/hyfQ/NthvfTGyL4/5qFZQQKNUjSc47ym+sVvFHv/sBquXcxRLqaJBx3vmKVwp0L9FlhtcOxULeJPgMETU9w6uDWdnKeBhGzUEpge0wiMD4MUQlK9MsWeCcI8uz8FxTsqK0gsWtUP6eIDm0ApEK5DapOaZYQpLc92SE4iS3r7SCHwhorZHNZm7suEol0el0QBkFty8eCJHTpSlXKGEyxEivTGQyJSuXQ4WeM73SlPPHMyT2JSPhZ42qIQkR+MbnwLZh2ylks/nQc8Lsm5eU8U8I3W7nypGxjDLMLy3D6ZOCn38M7VQKxVIZ9hBeQdHxYqHCozpnFsc6nTY2X2yc+y1aawipQl8gxIuuRghu+ppSMvYoAaJJPInvB0r2PEwscvm9k4bkiZn/GDYi8D3sbvcIjmK5jEwuH5bRaEipjPGwMv45jFEsLq/EBEe708LB/g5yhaLpXzd0bRNKkZqwgbXve3GSJQBoW0CzHkkxCpLvJ4Sg2w5wvNdGuVzGvbs3n1Cy9uwZ2q0Wqqs5bDRHS+S5LvTiYH24XYF79+5dqaTnxYsX8HwfleU0GKdTCwHS3QbE80/ie4GVTiE3RmIKAFA7F/rtEEgpThEcCXKDwFyLhXwWhBAcNtr44cfr+PEnG9g5OO570C9UC/i3v/M1vPtoFe3AkBuNrgrJjai2b/hGWowgxQnKGYZC2jhRR48eRgEvGGReo+FwApYxu0RCdUar2c8OSykhlIbNCfJpijwoFABPaLS7wsgap3QPanUGP+CSx0YpDSUENCd46+EK3n/7AD/9xSaW5gt459EK3n6whPlKPryJ9wiJ5DHuW8DQ5obx1oMlvPVgCXu1Bn7xfBefr+1g9+AE7791B195tNr7bF+7zp60xWoRC9UClNJ97Pm5uNQLRc/IjdcMtm2jXCqgVCqC3+ra/RmuipmaYzwMpeawKAjVkIFCu9OB49hIXaEe9TIQEKRSaTDG4bouXM+DbVlgnAFKx0kiGqak4jaqOYatG7/o8zreTMJfIfmsm5SM45TvRurGfTfMdXyx7wYxvhunSlOuijhhZWDJyuT7WFSC1Wcqel7bon+kp65tt9qxuWUEpTXarSZYqQzbcTC3YFadtVLwfQ+1/T2IAf4HN4lYGabNb7GXzQWfMUbfF5UvJcaOZ64V83omk8UbDx/hf/5f/jd89snP8dknP7tkO6EKI/ZVIWg1T/oioZuNY2gl+xUCkSrggvtCt92C1tqUptBIzWCOhed20W614vdGxrBGPWLIDWgVq7C01ihV5sAYD8tXFE6OjmJy7KYo4UknPxlz2d7zS4eJKUmFxqBx/aDUlNOJKYEncbTbQTaXw8NHjyba7nHw4uVLHB0dobyYxWbn5smWi2DiYAMsLy+jXCqNvZ2NFy/QardRWkjBdsI0pUk1MgEtfENuRGbKloXsmKVILJUHtdIg1AKgQZQ8q+CIV/8pcHjcxtrmPj5f28GXG/uoH7X63lvMZ/D+23fxG994jKW5ErqBQrMr0eiYNBMhTQfmdDTjL0YJUhZBPsWQd1i8wgEA7Y7Efv3kzMWzsV3DQqUAysI0EKXhB8DGTr3vfZ4vUDs8QTGXBgnrZrKODYdraM0gRfRAm+ykO522kUnZRikRPsSPGsaEKb4XS0D4GiIQIIQjY1P8m9/+Gn7v176CTNoOH/rhIyK8r8dcBhk85orIj7CcEovVIpbmivjOP3uCVsdDyrFgcWbUG+Yt8FwPQgZIOdMvIyEE4X4RaAVcb5DWDJNENpNGuVxCsZC/6abMcI2YppoDeH2JjmHUHIwRUMYgfQXP8/87e+/9JEt2Z/d97k1TWaa72pvnzcy8ATDwGGCxglsyyF1yGZSCSy21od+oCEXoB/0P/DsUkhghhYIUKRMhiVwu1xuCiyUWZoEZDAbzXM880+a1LZfuXv1wM7Oyqqu6THe96vdQJzDoV1VZmbfS3nvu+Z5DHEUJCTE54tBxHKykZCUIQywVmyhPeqk59Ej12pNENjDOBmn9/SPa3YfOf5+FzByTi+nsKRWjVNt3Y5peRMZ3Ixzdd0NcYMpOOjA9VbKiJmAe2zlj3O/8FbnPRdI5juOIk+O2etl13IzsaNRPKJXLuK6b9VGFlLgFzxiwXjDB4dgOhWJxqBjcs2A7ZlCQ4YxdbbxicjP3YMi6ZKCvlCZNBIqjmDAKcByXufn5U+dKsVTiC1/5Kl/4ylep1+p4nketVqcXzDkgk/Q0eLHbmcp3dLDP0eEB1cWlJO1GGNP8Adf182dPqOYSUqRtUSgU2bx6nTAMO0qN5quL5jdnBrOpApmMTCmVyxTcAo2mOdbNZu73XIL75Hmh4oggyD3rrRjldJcZnd7nvTw58obDZt2a/e06lrS4c+fORCO5h8H29nYWlV2uurA7+DvTwL21ber5ONjV1bHX9ez5cw4PD5lbLuCVJjtBGT9+D5L0HSEEleVl5IAUrl4QThHplrCcEiJRa2kV9DcZRUOt2eQ//PVHPPh4p2MGw7Eln3v7Ot9+921uXV0h0lALFPWWwo8UlgUVVxLrtrN0wZbGRyNt0Bl3UIHxx0jVFH/x1x/y/b95RCsI0RqOa01afvum890ffsRPfv4Jrns6t7ze8DuUE4+fvuB/+Fd/iiUllhQUPYff/M7nuXNjHSkEpWITx3KAEQf3CbvfDzc3l/iHf/uLVIoeByd1/vC772cER3sVkqJXxCrL7GFqW4JK2XR8OipLxWgdrW4OXQjBXNlrr1dAHEY0my1afivr5HZjd/+Y7b0jVhbnMoIov41RaCFTfyuQUiXpLZOTGs8wOVTKJZaXF6fucD3DdDEJNQfMylYEYLtGzRGFilq9PvE4WSklpWKJwApotlooZQzL7CRONiURNJpYxVOPk80/e9qy9rQ9w5MYZ5WgXHj0rNYEwavgu9HGKd+NCagrLrpkpc9WOOtcMH2spCwFk6aRkiwnR0dZuYkAKnPzHB3sE2szo3+4/wLLsih4xa6B3sX3bQpekcXF8WMUU6S+G8M0sVGv0Wo2sv5fOrhP45p7qSVcp0C5MsdZvOzmlassraxSq9XZ3d3j8LBNImXkRmLWGccxzz7pTGVp+U22nz1hYWm5rS4TZuburL754we/4PGDdv2/Vyjy1W98m82r13ualUJuN+WUz+l7UlodJVuTSs+ZBkxiSvsZr4VCuadJu27ioh+6FRwH23XCVsy9e29M3Xx+f3+fra0tSlWX+ZXipTYVbTUiTl74LFSr54qD3d3bY2dnh/K8Q3nu9D3losh9gHjrffRx27y3vLyCPYZfiLAcHG8e6ZQQsoDWScmkkKcJjrypz/L8HGEYZQ99r+Bw+9oK3/jyW7x1ex3XcQmVxo80QaSJtcKxTHQsPWSOriWTuFhYXijz0WMzQ7W2VEEK0Xv2Xmt+8XCbR0/2+v7AKFIcHA9fh7i33zZlEgI+eX7AGzfXqLg+sRru8EmRZqynsxgCS9p9zVTXVxa4vmHMQBerJX600J7lTu8Btm1lir44lVRcEHTfF+23bFvieQ5uwcGxnZ4u5L94vM3/+e//+tztKXouG6tVvvWVtygWXENsC4EQesZxvCIoFYusrCzNTENnyDBTc4yPQWUrlm3UHFGgXlqcrOu6WLZFq9kiCEJUEicrThmQKoRI1BzTEGIn49X2zP9p029TWjP44dKWqLcHuheJV9N3QyN057Gd5Hl3dslKp//H+dGj2y7ahEZWXiAEJ0eHnBwdZot5XpFSpUIURZycHCVmsQH7e7ssLq/iFc39cFJluJZtYdn2xa2/F+9jZsQ63lAqzlTE/b/Yhu3YuStKn7lsqVTi+vVrVKtVtre3adQbpn9tpUQTHLzY48XezqnvPvl4i7c+/VmkJbFiiZKyo4xlGKTKEzBlMflTI1PlpG+kZeCcXibF5Y7YHg0mMSX5fUKj3fZE8zi+G3ki5HCnSbMWcuv2bebn5y+szeOgVq9z/8EDCiWbpUuemBIGiqNd38TB3rgx9roOj454+vQpxbLD3FJ/ouEiSI54+yHqxbPsdWlxEbdUHH1FwsIuLSJtDyEdtILH7/0JaM31T/9nXQRHwr4qbTwvKuUC3/rqPX764SfcvLLC3RtrXNtcahstaeM8XbAFBVtQKZz9s9OHVqwUX/jUDW5fXUFKwdpKFWlJ+hGd6ytVlhcPci675v8iZRhn2zZEw0mtRRi1VzI/V8SSEq00URxjWVbiZJy209wsF+ZHG6AJDEvrOcXEt8RKCA8LKewzfTWzG2SfZYSA53uH/Ovf/T7RBZMcg/A7/+CrrC1Vk7rC3sv4QcT7Hz29kO0tzpd4951bFF9CKcwMFwfHcVhbXWahOt2H0AyXFzM1x3gYqOYQ4BQkIlJEQUStXsPzPNyXECfr+z6tNE7WdpCJmiN9WKTJAtNRc4isrFRzthIDJk9i9MUr57uRlKWk3hsJXkpZUt+SleEiYAesusOzLP9TUlJDdpVWHx8ecHiwnxlXWtJifmER23aYry6gVEwtSTTxA5/9vR2qi0t4XnFyXjUX3j9MZ9Pb+0RIiW3ZWP1+Q3KcpJAIy5SQIASWNOSLZVnYyf2ix9ayH9FN8s3NVahUyhweHLK39wIEWbLJk63HWZlMvkTo+ZMt9na2WVnbQFoSqeTA0VixWGJxaTUxJ4RKZZ7KnJmAtC0LS0hSjUKWnCNOk2xp86MoIo7bA3+vMMbA7RLCbzVPJaborlOiF1Gbf689/mkTG0IIagct6kc+V69eZXVlZQKtHx5BGPDgwQNsR7K4XrrU5EYcaw53W1kc7LhEeaPRYGtrC9ezqK7270uka9ddr0dBvP8U9fRB9tqbn8ObG6OsXYBdrCKsAsJyEdLm/l//Wz74i3+LUordx+/1UHDQVnFoDV/73B3efed2tsJmM+Co1sxJtLrusEPs4Mef7LJ3UMseWrZjc32z7ZpqWHtBFGsUgl//5mf5+hf7mM0kd+In24f8+fd/zs8fPM8++voX3uDtOxsszJ8t/1xeKCezKu26up6bSh72juUiRWpmKhJyI60PlEgkftDDUDSp1Rv0cK43A3b2Tzg8brwUA04pBXPlIs2WuY13c/F3b6zxwf1nySwdPTuveWIJwBkQR+N5Llc3lgYuN8PlwsryEmury1ObcZzh1cFMzTE+BhEdti2xpCYMFc1mK1NzTPK6LBQKRs3RauEHuTjZnAEpkD0nJjnD340OH4W0KD4hMV4qgTEAKklbCMMQx5my70ZrGN+NBKp9LFP16stCvmTlAtcKtJNxdHLOtIkIM4AVQhAGAUeH+9Rrtaz8QgrBwtIyxVLZ+MzZDovLKyilaDRM6XEQBtRrNWzbxplQOVkURQS+f+4SFSApSU7nZ9uTiZZlsXHlal8uJX999TuPshKYTht7ynPzBIGPQFDok/KxuLTI0vIi+/sHnJwcc3S4z89+8sPs8ztvfYoHH/6MIAw4OTnixz/4Hn/7N/6hKafTiihKt90bb3/mC3z+K1/FTQyc8wohr1iiWCrjB+Y+fLC/l/1OKQQCUwYjZfJvBPt7uzSb7WdeqVLJ7wTGGxZOF0FgfPlSaDdEy/Y+7Xdt9iM88kRH4yTgaK/FyurqucorLgoPHzzE91usXZ/j4eHVaTenJ9LElONdHxXB7bs3x46DDcKAra0tpAXVIeNgR7UjSKFOXqAe/yx77ZaKlBYWx1gTCKeEsOzkP4eDpx/x4Ed/mim2nn/0QQ8Pji4Vh/FnEFmn4dneEf/qd/8TJ7UmkVJ4jj1W5yGKTQReqVjADyM++9ZVSJqjAT/WtEKFYwssIfrW96fyweVqhSfPDzKCw7Yl77x1lZubK4RKY8n+5k5KR8RKEekoNw90Gn4QUi6WcSyLtppTJP8z5qFaG1lbrStHNr2gZb5usV013JEmUi66LFVL1BvNvqqWjnWj6aXCs4ac5bBti5XFMuXi6ZN7qVrm73/7s3znq2/3/G4YxeztH/P73/0ZRyemTKhULPAb33yHlaUKBee0L0qKUtFlvlJMTq1ZXcplRrlUZG1tlVJxcikOM7yemKSaA15/oqOvmiMfJxuGRHGE53k4dv977nlhWzaVciUjOZRSxoC0K05Wa4WaUpzsWaaR04Tx3VAEQYSUFsXSlH03WsP4bogu3w0Q8uVPSvRLZTjnWsmrj9J32tCgjWltFEU581qYX1hibr7a7rcJkNJmadmY+7WaDZTWFDwPa4LXY6N+0hE/O+7Aw/OKVBcWE7PR/LylQmuj1sl0z0IkZqJJqpIQiFTy0SWHERnxkbYuWatSRGGIZdkUvJRsOn0eZmoaIVldXaFanecP3/sxh4emdt+2bN781Dv4vs/Djz4A4PH9X3D/w5/xxr1PY1k26Ig4Vn15herSUuaXorVGxYAwyoKCV2RpZS3b3tHBPoHfwnELSMuUzcTK+H1ImZqfbmfrLhaLrKytm/VqPXXTzHEQhUGPxJTk2A9ITemFfGmK3wzZf1Znvlrl9q1bF972UfHg4UOOj49ZunL542APd338VszNmzcpn+NZsvV4iyBsx8EOi1HPZN08QT16L3ttFwqUxoyDNeePbk9maEVpcZ3Fjes8O36/vY2eDQFShWeumAPQHNVaPNs5yG6AzWbQYw3Dww8iHny82+H9ESmIohiJIIg08oz+ii0FRVdie70fupoYrX1aYXiGt4MmVopYRzhWfwbr6e4RB8cNk3+d3NxP6i32D2vsHtR4cVinWvH4R3/nSxwc1+lmrFPp3yCsLc3zX/ydLxOGwzluh2HMzx8+54/+sn1g//FvvMuVtYWhOpdCCGxbsrJoZELpOZPekK+u94/tEcBJY5n/9JNHGcExV/b4wtvXWaxWzoznSreVlcTMSI5LibW1FVaXx4tummEGmJyaA345ylbO8ubIx8k2Gk0KrlFzTBKe52VJKy3fx3FsnMQLICU6jOfFZY2Tfbno9N1QlMqVqQ12YhXTHNt34zIoLi+mn5COx9NJp86yJtMh1Whct0DB82i1mobgm5+nurCYnOvtySohTBrJyuo6jUadVrPBfLWKEKP7QAwLDR0pH+OiWY8pVSoZwZGuXSnQSVmCECayV2tNo16n2WrQ0XHPWjT8eZ2fye8eIGclMonHnSFWYj77uS/gN+v85X/4M65ev8XmlWu0mg2effyYlm9UST/6q//I6to61cVlwEYTnd0X1mbMkR4nS0qkZSGl4Or1mzxIyJOT40Ne7O6wcfVGYiaqEVJhWRJpSbRSPH/6Sbba6sIyi0vL2STeqzaRF0dRpxq9R2IK9J6g7JWaAm3SKwpi9p81KBaL3Ll9++IaPSaePHnCi709FlZLPGle7jjYk4OAVj1ic3OThWp17PU83tqi3miwsO7huJN7Rus4JH78Pjq5V0nbory8NLbKU6MRKkLHATp2UcKi4JV55zv/NVH4z9l9+BHQh+AguRhjkUqx2gysUnHHOHR1aQ7XsQe6b+ehlObZzgFx8kAJo/bN35aCsisJY3CspB1Jm/quT5+1gM7Y07MIDgBLWFjCTmoIO5fYP6zzz/+PP0vWla/f7HxwVUoe+0cNWq3RHzrt9glubo7AbAl4vtfpOL2yWOGNG2vEscple3P2zJZu/zGdU9BC931cpcagnut03MikNCUo6Q39rHt6nteQSYGtYmY0ehngeQU2N9YoFV+PGtIZpo+ZmmM8DCpZsSyBlRiQ+kGQqTnsMSLXhoXjOFnJijEj763muGxxsi8dPXw3JqmyGYRm05QYu319N1JMwXejF3KdgdRw9GKQ6h06dQ86GbSnCS5g4kHjKKYyP4+XS0dJFcT57wopqczNU67M5dZ3cSiVygSBj1bamG5eQMmDbXeXKZk+mFIqK0HJj0UajRr1eu3c2+1og+NQLBmldtsHRGSeHmEYmLQaFfPFd3+Fq9dvgmUjhOT2G/c42Nvj+9/7cwBevNjhz/7g3/GNv/XrLC6vAP298fKIY6M8U5ZJYBDCYv3qNRzHJQwDgjDgJz/8Pqsbm0YdginRs2xDwvzig/d48vGjbH3rm1exbIc4ilGxRohXp2OrlMIP8okpcc/ElG6zUCAjpLqXa/8V7G830Fpw584dnDOU3i8DOzs7PH36lMpigfKCC/0zLaaKNA62fhSyurp6rjjYp8+eteNgi+MR18PSmfHDn6Kb7ftFZXnlfMo2DcQxsQhANLNnRLGywPVPfZ3dh/cBfUZMbLIS40qRlGH0eLD8vW9/jrvXV6mUvJ6fd6wuubZfHJzw//3Jj/ibDz7p+FwIKDgSR0KsBdYQdZ7SMlGq/W7yAmN+ZAl74JEQiTGSEOZgl4udnWVDxJx9g3KTGZFByoWzcCZfk4dIK0VPI2PGhDREUts0pXMVOQlh6puU3ZcSpqNvU07zQLn15lYx4LcY2as5hkIA8YzkmDYWF6pc2VyfdjNmeA0xaTUHvN5Ex5lqDlciLE0UKOr1Bl6hQGGCPg9SJHGydkCr2cKPfRzXxMmqvAEplyNOdhq4dL4b4XC+G6ciYad03EwfQne9py9kYC+l7FRu5EstSP8Y5cLy6hrQ6R9wqq2JGvU8/b/+0BRL5aSc4uIVIbbtdO1nnZEbeXsbIcBxXGzbRp0zAlXlyas4VYqQ/E287RBEUcj+7i7NVvuZceeNeyyvrrG7u8fJyTGf+/JXebG3w8P7Pwfg6ZMt/vT3/y3f+Ft/l5W1jWQgPoBwSshIACkV2rJYXlnlxu03uP+hUUg/fvgRP/5P3+OLX/t6knxoBvjPPtniR9//XrZ+r+Bx+617ZpI2F639KkBrYyrakZhSiLqW6X0d9L0ucp+/eFYnaEa88eablKZYqgcmPeTx48cU5xyqK0U+2tucanv64d7aNq1m3I6D3Ry/nTu7u+zu7lKu9o6DHQWDSI546330ST4Odhn7Ap6BWitEHBAnE+1CvXfZ1gAAIABJREFUWmhps3rzHUoL8zQOjwYQHEOiOl/GD5PatQEQwMZKb0mNFCaRxXaFkYgN6yEhOk3OOrYnJI5VwLGGvbmIbOB+Za3KzSvL+GGEFMZYSgOubeE6Nm7BwXVsPNehUi6wslBhY3WBjdV56s3+ndD+MOoQIwvM/4be+yGOjdy14PY/jFprolideVMXwvicWLZEIhi2H5NQIwTBaVY3CCI818USnHJa7t1Q8ydONq6j+BV6HLxe2NxYY2lxYdrNmOE1x6xsZTwMjJO1BNJL4mR9nyiO8bwC1gTLC1zHNSUrrc44WXIlK2AG+1LwS1Oy0vbdCF8R3w3TXTXkRk69McWoy1RfcXHKjWS92eROezLllJ5Dt8uM0zKKVLXRajVp1GoorZBCMjdfxXZcNIr0lO9QePTwpji7gSQKmnb72ua9F3/9dJbcmAYIkf367P+FEJTn5ih0KztHqU5J1L17O887SI5syznT0jCJ3W22GtnnruMyv2D6KCsry7iuw4sX+3zlV7/J0eEB+y9MhOz28yf88e/9G979+je59cZbgClzGbQfYqWwEmJSCovPfelddp59wsnJMUrF/Oj7/5Hjo0Ou3bxFsVxh9/kzPnz/bzKvDoBPf+7LbGxeIwyjRL2lsF8RU32/1UTlE1OcMC/mGhq9UlOOdps0TwJu3LjB4sJ0+5nNZpMHD+7jejZLGxU+2ru8iSmBrzjaaVEulbh58+bY6zo8OuLZs2d4ZZu5xfOlr+XnwvOvU8TPPuqKg12g0MdPcxxoFSOiEC0DlOUiVEShNM/qjbd5fPg97CiOsc/58NIaWpGm1ozPZCldW1IudNZ05mEUFODYArTiFw+f9VyuF7b3jnj/oyfZ6yhSfPcHH/F855D5ueEl9p+6a1gxpTS/+qU3+OKnT59ItmUhrdRFueMHZDf59eXu2Jt2/V2nwShZSVD6WedD5jTjfHJyzMnJCVorFheruM7ZETtGati//k8KgbRlUk6pOTxq8OKonm37rIdxEEZ88vyAnf3j7L39wzrf/eF9rm0s4hWGkyHNlT3Wl6tIqVFxGg83ozheJmzb5uqVDSrl6TLqM/xyYVa2MjpGiZONg4h6LcIrvoQ42VIuTrZlSlYsy0LlBhVZyYrVvy/wOqDTd0NTKhdfAd8NELqL3Ji270ZHXyBRE4xm9TBoA/TSqaZSemO0KZLyApG1IQx8aidHKK2xEvLKTq4vnREjpjxYYEq64jBEQ99o4O6+VjqplrTowrpEbd+QzvKafu0AMgN+81tc7JzEPK/wGG77mjDw6bfv0/cbtROODg+yFBMAS0gWlpZx3UJGyszPz+M4DrZt8bVvfoe/+MPf4+TElG3vv9jhz//o9xCWYGPjKlE0eCZWa2XKu+MYKQRrG1d491e/xZ/+wb8jjiOiOOLDD37Chx/8pKd/yK07b/H5d7+WqLdioig29wN1+QmOIGgRq67ElK4J4lHUG/n36ocBJwctNjY3WV+frkI4iiLuP3gAaJY2y5ea3IgjxdFuC9dxuXHzxtjrqmdxsJKF1YvrF/W6itXuJ6jnj7PXJg52/sK2mcJcVzEyJeS0xquY7dj7+/vnquOB9vMniM8WYUkx+KkkMEqOH/5si//3j35Myw+Gnsnv9r34wXuP+NEHW0N91xKCQsHlv/3tb7G5WkWjkprizuW0BhVHRKGh6G3bzurHdFKPIYBy0TvXw6j7q3EUsb+/z8HBAa1Wi2LRY31jnXKpfGpmI22H7nqvX3u0IBN8CiH4/e++x3sfPcEPIobtRTRyZrN+EPEnf/XBUN8DcB2L65tL/NPf+lZSbzkjNl42ip7HtasbuGNGTc0ww3kwK1sZDwNLVpI42SjUNJstoijC8yY70O4fJ9uWaWs0cfw6l6x0+24Up++7oTVuYZBot8t3IzF4vEyY7PnS2Uc9ZXyZ+z+ldKY+iFWM7jISNeUciSJGShYWlwnLFRCCQsHLyogdx8VNPB7cQiErvREiVRNf7P5PVSipCqQdftI5TMl4JXW6Xx9HEcGZBMXZiOOYMAhQfUpthDB+GM1ms5PckBYLS8uUypWcx5shoIrFIpubm8ZPBPjLP/+TTMlRLJVYWFjC9YpDGRtqpYlFjIzMZJsjBG9+6rP4LZ+f/PD7HB8ftJfNnSOWtLh19y2+/q1fw3ULJpAg1onyxrr0c3Zh6BOG7b68dqIsMQXaE569SJ3uydDuzxu1kMPdBktLS1y/Nv2EkvsPHtBsNFi5VrnUcbAaONoLUDHcuHVj7EkKPwjY2nqMtKG6evEm5Pm7lDraJf7k59lrt1IaOw528HaTUrqMAxdEoeEC7IODg3MTHACuLVidP/vhKeg0KjoLKtbUG61kkD0eRvuueViFsVGhRHFEpELCOFmH1oQtRRgYlqhULFNKZrqjuPOhYA3xPOqt4sj/Zz5rNBoc7O+zv2+kb6Vymc3NTaoLVWzbGij1TfPdzUNgOGlkFCsOjhpdN6jRHrL1xvAlOnVgcf7iZEszjIZKpcz1q5tjOxrPMMNFYVJqDnh9y1YGkRxCCpyCQESKMIiI49oU4mRjbMc1M9K/BCUrKu723ZhevPa5fDcu0XHJm35eKPJj9B5zcO2+Wrt8OVt2EHJ9OdtxMoVHqsYQArxiEWmtZF/JlwNNglzqPcue/cu0Ltc/1YIkBra93OHBPvXacfYbLlqJpbXGsiysnNLFth0Wl5YpV+YycsMok80gRykz4bixsWnUZHPz/OCv/iP1kyM+/5Vfobq4bNbbRz1zqg0JQUkyoLeFxTtf/ArXbt7mw/d/wkc/f88Qh0phWRabV29w7zOf4+adN5CW8eaIY5Xsb5H8pstFFubRJq0SWDHKPp/HSnquBa2Ig+d1KnMV7ty5c651XgQePXrE8dERixtlPq5f7sSU492AIImDHdevRGvN1tZjwjA0cbATPA9V44j40U+z147nUVlaOeMb54VRluncvVmFJvnHbrVanJycMDd3dplDP6jY1JdWCsOzSjsvjoiis02Sbl9b4Wufv8vTncOzTYHOg9x6PddhbWWe1YU5tFZEKsKPWrSCJs2TCL9miI7qwgILCwvYlm1SRnKrE7kHQFui2M1ydpRi9kWq1mjU6wgpWVxcYL660GlQljHY4jRh0vcnd81InHI6hk/fvYofROztn/ReyQU/dKtzRe7d2sCSne77M0we1fk5rl29nKZKM/xyYqbmGB2DSA4wag4pjQHpS42TTdUcSZysbVn0TFmZos/DRaLtuxElvhvTS6EaznfD4DL5bpyNi6xP0d3zTEOsWXT86blEbtDf2Tc73UeTloVX7D9w2d/bNUqHlzj7X65U8Iplsj5s129VKs7UK1oztiLMlL0Y/bDVlfiktWa+WkUrRRgGVBcWE4PVPLmRTOAlJJVSZt+vra8hpGBxcZlGvUZlvpqZhw5LGpnSbkUcxYYDS0iX6uISX/3Gr/HOF75Ms9kgVjGuU6C6uJQpG4xyQyUlKuZ7l0wI1QEVx/h+2+OkX2IKdI4hulNTenluqFhz8LyB47jcvn1n6oqwp8+esbu7S3WlyFN//HKPSePe2jYn+wHNesiVK1fOFQe7tbVFo9GceBysilrEj94zFyIgHYfS8tLEtgem+kAKC4nM7t9+4tdja2Gzv78/NsHxow+2+OkvngxesAtbT1/0fN+1QwQWq0sVfuvXvzxWmwbhLL5ECohUSKwiTg4b7Dw/QivF0vIyKysrmSN99zBca41EdJSCFHowxdnNQeuOZ565KRrn++fbOxwdHlPwPNbWVpmvLmQPkPb3B9Q76tzN/4wFM2MppdCWBDSff/s6n37zyhkrN7jIG5UtzbZznl4zTBgL1XmuXrmcdYczzDBTc4yGQb4cYIwaXe8lx8naDlbZxm+1CMLQlH7aTjK0yZesGEJg2h3g88DEyCvCpOa+VK4gp1SCY3w3mkP5bpjDcIl8N7qQt+EYdpJoGJgu0iiTKmkHpX8D8sl054NAKUWr2SCKwslN9HVvVUgs26JYKuf6s2f4dQDFUhnXLZzrN5cqldz60wlDU5KSbqknuWGaZ1QcOi0HkayuriZlPjIjN0aFMRyN0RHZdi0pEVLhlcoUy5WO5ZXSGamR/k0hpbh01xWYfe37zXa3u0diilmu9/nXy4cjv+z+8zphEPP2p96aaoIUwN6LFzz55BPK1QJzSx7Pd6fanL7I4mCPQ9bW1lhdGV8B8fTpUw6Pjpg/RxzscNDED9+DJFpYCEFlefkUcXnREJZlyHjLQkiLoFWjtr8NgB3YcxweHbAZBmPV9vz0w9HJjX6wZGRYT1QmC7toDHpIxErR8kOODuocHTaYm5tjbW2NYpdj9KD1aDTLS2VqTT+RQJ5NNAAEQUCjYaL95q5fpzyMHClTceQIkx67reNz6Hj6GoLD1ESjJVKmhMNgXNwxMhLDWJnosJf1MP9lxYzcmOFVwEzNMTqGUnMkcbJx+LLiZE2NfIeaw3VOqfbUKx4lmxoKRlF0OXw3GOS7kXhE5KLOLqPvxrheD72gc6qNtJ+RDkTP/tlGLdsP6eDaGJKer43Z/tdmsN7dfZskjA9e+3wQ4nSyXx6O4zK/sHgh9492v69dwpP/THf0d7t85jCKi9RLREpYWVlFKc3x8UlCMPQ+MGfOFSqN0jGhVshYEyW7RkqBZVnZ/apNvqhkArvdj20rGkbfJ5OG32x0eKEoNzgzMeUsn43uZfa36/iNiDt37zBXqfRc9mXh+PiYhw8e4FUcFtdL/GL3cvZ/761t02xEJg52YYHNjfHbubO7y+7eHpWqQ+mccbCDED16D2qH5oWA8soK9qQ9/YQAaSGEg5AOQlocPLtPfc8wV7ZvVSiEBxzsHwzlarswV2JtucrB0QlRrLHHrOUxzKim6LncvbGSMfSRiolVhNLxhT5kBxIbkUZFGr8V4fshEsGVq9co5yJtBioh0GglUEDJc/kvf+NdWr5xzZ4vFzvYXI3GsiRxHFMo2EamJwTz8/MoLYhjdeZNV6TbS26iRc84SEexYq7kZfnc7TmyUw3OtQViDUQKbYHIkd1DG1xdxLHSppOg4hh1CR8Erwuq83MzcmOGVwqTVnPA60V0DENyWJaZUcziZCOTtDLpOFnbsmkmcbK2ZRkD0i5fDiH0pZztPAsqjhM5/cx3Y5LQuQmQ/r5R7Zn99Dvp+/0gBkyqGQ+Q/gPVZqMxcB3DwHFcnGRgIKSkurRszq2XNDqWUuLmzt22mqL/d4zxvjxn5ZBISjnaamWtUoUXCaGRqnxP92t1VoKSniNGFby6ukocxzQaZz0/OuOsT32qNTrWxFoRRRGWJbEdJylbsTFJO221S69jZT6PmUTE77gI/Baxbqs1tBuiezRvmNSUbpPR4xdNGkcB165fZzlT4UwHLd/nwYMHOAWL5fXypSY3wkBxvOtTKZe5eWP8EpqDw8MsDrZyzjjYQYiffog+2M5elxcXcUvFibOyQlpIaRv1hrAAyfbDHxEn9wJbS4dQFtk/2O9NcOTVeBpuXl3ht379y9kKLgJrSxW8gkMYBUQqoOnXCaLUofl86JfrEgeKwFcEzZigFaNi83uKpRJra2vMz7fjbHrfrHq8l/xVWqMVlLwCJa/daVZKZw+J29dX0Wh8P6Rc9igXC8l6FfEQDzOdyvWUBqm5trHA1z5/l5N6k+WFCkvVUltNSVqq0v6+6KTGUbFGCWEkFD0w7EP78s38zJBHpVKeeW7M8EpikmoOeP3KVoYhOdI4WRkpoiCmXqvjed5E05SklJRLpSxONlYK17GzmVdIa7cjxCtSsmJMvDV+YNo8Td+NcBTfDd0Z1ftqGE23paqp11lnd0nnluiEGnPmpD3A679MvX5Co14ba/0ppJQUyxWWlleyY1EsloYeKJz+5R2y3aHnoTKlhDL796yJriAMOHjxwpA/57hWLcumXKlQSso+tCY7vunr08c6117ICCjzN1WBCDY2Nnj+/Dm+3+q7fa0gHBAhG4aBiQW2JSqOEY6TnFODI3xNCd5kZ9FHQRj6hFE7MUU5Edrq7P/3IzbSz057+Jnl68cBxy9arK2tnUuBcBFQWvPgwQOiOGJ1s8JH+5ez/5vGwR7uJHGw5yA3avU6W1tbFDzrQuNgeyHefoza/jh7XaxWKVTGs7xI0VZw6g7FXfcywnKQlou0Cghp0zx5we7jdnqLDRDY8zjBNodHRz2NTPLjZMey+PTdtj+DUsoM6IeUlNri9ABaA7GKiFSEykXJnYf+6SY2jDojJmjGhC2VmZy6rku1ukClXKZcqeQiX4cjNZIPsj+xMCx/v2XDMESg+eybV/jsm1dIHzqmdjctzxisOFGApVNZnubK2iL/uMOzRBg1RPKQ6l5dz8zzTgak5/KDOpvDLjfDy0fR87g+IzdmeMUxU3MMj2F8OQAsWyItY0DabLWMN0cuynISKBQK2FmcbIhtWzh2W82hAf0KlKyksvQwitBaUZ6i74ZSxkB2aN8N3UVuTOG5rXUS83fGtvPmjZAfwJ7uJ3UqZXusK7etQdvtaGNuOaNoEJlJZnt755uyjFVM6PvJNpM15qUoA9uZtk93vGeanp+tHLSOpNxCm+90f7O7fxeEw6fmDUIp87Vol6KYV/3aq7v6s52kXXrsNjbWef78+anvp4awQpqEp8APsWzrlHFqGEYorXFdM0awEgXHMIiiKIm+1SRDDKSQxDpO2vByr7soCjsSU7Qdo/skpuQVNfl/55F/3axHHG43qC4scPPmzYtu+sh4cP8+9VqN5asVHp9MP562F7I42F0fncTBpmPRUWHiYLewHcn8hMkNtf8c9fSj7LVbKVNMOYQxb4XC8cw1LCzQMcQhWkWnZXNSmrIU20VIGyEtnv78e/i1OgBOwTUER2SXUaHD/v5+b4JDa5RKIl67thFGEfV6g0h6aPqzk3NFw5yGfZfQhJFPELeMF8Q5oDHlJkGQKDSaMVFoOk2O4zBXmadULlMplyl0ucgPTWz0ucAzciLvioWRLx4eHWFJydxciULBw7IsMnYaEh8MlThmDz47VKyIk5pPqTsfvuZz4yliSKNO5G+nPUmJ9pOy5+8chuiYkRyXB7Ztc+3qxisyQzfDDGfjZag54PUiOgarOQROwUKEijCMiCOj5hi3ozUMLMumXK7Q8lv4fpAYkNodjx1TsnJ51QUdvhvedH03Gk0T7+4OIjegw3dDiOmRSOnsu+DsfkV6/LvNG/shH306LJHRu3359I12CUqhUKAyP08U9k6bGAdSSrxi2ifNe04MbGVH38z4gHQqXFKfiIFrSn6vUrrdT+zad4WCRxgExHF8IWU5YMpxeinHBrVYKw3CkF5ntUVKydraGh+5LktLqxwevsCxXVzXy36ebdv4fkAQBNiWhZ0EBcRxTBxH2X6wbeMfNAzi2JStpcRIioWlZV7s7WBJC/clmm/GcYzv556bMkY5vc/hfgqNbqIjfe03Q/af1S5NHOzWxx9zcHDA4nqZTxqXOw72aMcn8BW3bo0fB6u0iYONo4jFTW+icbC6dkD8+L3stVssUukuRRrROkm6RaTtgeUghUQrhYqaqDhER4GRWaXrFTIhNhyEtGkc71E72EnOScHmW59vMxKBPcfJyT4t3z/tdKtBJf4S3bvLslyOj3fwdYvAPk2OXFk4AqAZnPqoC5ooTlQcenSCQ2uj0AibCr8VEfpmR1hSUpmbo1wuM1epnCI08t8/63XyZv/l8yy+JisJaTRq7O3uUavVKRU9FpeXsF2PWIPKyeFSYkQpNeRDCCKl0BEI2RnTld5slDLqjVgrTjH3+eV7/KZTqo4xiI6ZmuPy4OqVjYnKzmeYYRqYpJoDXq+ylWFIDgDbSdQcoaLRbFKIIwqeN7wf0xjwCibJpdVq4gchjm0n5RXpxIFCxcr4clyi54lSXb4bE47dPQutvO/GgMFXt+/GtMgjnSt1Tgfjg4gW0fl/ufcu/rxIyYW09MGQBuazglek4BVzy55uQp/u03DbVl2JIWe2U2XtbP9tT7qlKuEBW8zKLUw5dbvkRJD2Uc1bc9UFijl/uotCSijkhBtnt1irjNzIk0+9lzXExJff/RUs26Z+cgzA9Zu3gbaZq+M4+L5PFJsoXIEw5Abguk4H8TG4fZooNNO6YRjhJN9bWdvgq9/4Dkf7Jk3y7r1PnSrJmQSU1h1xsAhF3CcONo+eY4Ou10ErYv9Zg6JX5O7du9hTjpne3t5m+/lz5pc8ylUXLnFiysl+QKsRceXKFarz54iDffw4iYMtTjQOVrfqJg42geW6lJbOFwcr3CKWXUQ4HtIuABKlInNthy0UAqIA3cEPaNBmAqQ0t8ydL/9d5pav0GocsrB2u01w+PYcXrjP/v4+VzZ7yNh1m2nvhu04HOzucux5IAxL+cbqDgCt/pKNHutXjCLx81uKsBURthStprlIhRBUymWWFytUKpWOJJJeax5IbJzxeXdb84u2Wk12dnY4PDzCsW2WV1ZYXl7CtiWWtIzBm5A51jmdRTm9+fThZQw4jcJDxZpYKeJYEUeK/CHP2NWsvZ00Wndedf5XdJMdwxAdMzXH5cbmxhqV8niM8AwzXHbM1BzDY9iSFSkFbsEiChV+EBLFsSEhhuzYjwPbbqs5giBEaYltWdkjR2Mk/JelZCXz3Qgvh+9Gq9XCGui7oS+N70a3bwIkkzJaZQPWXnhpJqinSh86fS16DcDbyhLT58pPNnWuY4jND+HrYNrRRcLI3gPQQeggN/p+r90me0JKpdEG+WY/GwPY1OfurBQgTWVujs9+/ku8ePGia5tgOzZxHGVqiyBoD2DcggtIbHv4iaIwDNEYRZzrOAghUEpjOy43bt2FW3eT7Zu25UtyJoGg1Wyf0wKUG/atWsqPAQZ5cIRBzP6zBpbl8Mabb46VyHmR2N/fZ2tri+K8y9yyd6lNRS8yDvbo+DiJg50guRHHxI9/ik7K0oRlUVlZNlGtpxZO/oqu110Qjodlewm5UURaDgiBUA46ed4LIYkFiChAqxiUQqsIHYeoOEAIi8rCOnNf2gQNUeznakqERWBV+hMcZ2Bubp5nz55D0OTOlT0ALtCDtANRoGjWIponYZa0USwWWVtbYq5SoVypnLpez0tsDEtqaK0J/Ba7u3u0/CbV+XmufeZtKuUStj0em5kSHwAWQJ/1GIlsTJj8p/qV+Yj+/iB5smMUomNYNceM5Hj5WFyosrS4MO1mzDDDxDEjOobHKGoOIZM42UaDQqFwWuF5gRBCUPSK2JZFs+UTxCG2Y2N1DIIVUmjENFNWErVlGEZopShXLofvhjOwNEVwWXw3un0TUmJDqVRBMF31p0raJ6Xx2mhPDPXQXev28p29et25UPL+MD8rJS7OVF702I/jKK1SUqEfEZNuQ6mkTwrD2HmMDt2emBtmsJ8vlUhTbkyJTSfJkRII6TGZn5+n1fI5Pj7OfV+hlUmxQYTEUXSqrMRxnaF/dxRFKBVnJImQwpTfJ+V2HWXiSRtMP34yBEfgt4hVW62h+iSmwDBqnzZUpNh/VkdreOONNyb6fBgGtXqd+w8eUCg5LK2X+GjvcvrO3VvbptWIOXnhs7i4eL442J0dEwe7MPk42PjRT9GNtpny3MoS1iCyM730ekDYLpZdQFgewvaQtkPjeJ/HP/kz3nz3N7Edo+ZI6lJQSIh80AoVhwgZoAOM4ai00MpGWi6WdDpNMwK7guvX2N/fZ2kEuUnR87CkZK14AFw8c6fRNGsxfi3Cb5mB+9LSEnNzc1TK5cTLot93u15fALHRTWqAiYhrtRpYUnD3zg0KhZfLYNq2hW1bpAJZpRRBGBGGEUEYt6WgHXKNLiVHD1XHqETHrGTl8sDzClzZHBz9PMMMrxNmZSvDYViSw7IE0jJxsr7vE0cRnued+dw9LxzHxbJsWq2WIREso+ZIH0hKa0QcTa1k5dL5bqBx3cEd247SFCGm6rsBXb4JQqJzM/HDlqxMun0kBpT5z3qP/9olHinStud9Lcz7F+NbobrbOcY6ze9pz0jmS1O6l0v+lYUOTApZmfcQyxqz10ThnCM5tBY5JZBG6/Sv+d7Kygr1egPf9xOCo32cHNtJCMtOGmJo3w2liKK2+sOWFgJhJh/TuOEuhkNrTRxrlDqfB2EvdCemaDdCyx6BD2f00XupmXSs2X1aIwwUb9+716GYnwaCMODBgwfYjmR543KTG4FvElMq5TI3ro/vD3JwcMCz588pVmwqCxOOg/34Z+jjvex1eWkZu3AO5aIQiYeGi3QKSOkStJq89yf/koNnj/FP9nn7W/8Er1ju8ECKEeiohY4CYqWQdoR0iyjtYDkuCMmjH/9BJ8ERWyViWeDg4GAkggOMiiIM+kcwjYNMrVGLUErjeR5XrqyzuLg48EYzSLUxDLExiNSQUmBb5mZanisDF1+TOC6klHgFFy8hWoIgwg9CgmTGCejYSb3219BEx0zNcSmxubE27SbMMMNUMFNzDIdhSQ4BOK5ESkUUxtTqdTyvQMGd3O+XUlIqlfADn1bLxMk6tp1J8adVsqIS427ju+FcDt+Ngn2qNKEbhtzIqzemo4BJB5HtQbk5diIhEpRSpN27rGSlz6B7Mu0z5Ered2O4aXuReV/oxPcs6+f0JG/ON9nTuR/HXVe7LcOoZoYzPJ0ChEAK0xdvk0gmtcTcHzrJjRQrKys8evS45ypPl271Vz/nobUmDAKj6A5CLCGwbNu0S8XExH1P5Uns2ygKCHLxuMqOUTLqM0jCiLxOjY9y/xYk8cGw++yEoBnx5ptvUqlURlJ+TAIP7j+g1WyyfnMuiYO9fCfrvfVtolBztNOi4Lpcv3F97P1Wq9d5nMTBzq+42Zh1En5Z8fZD1N7T7HVpcYFCZYQxb4+fKIQFQoJlIYSJhP/gu/83z37xPgBb7/2AZv2Ez/6t36GysI60QQsBSJQUqKgFOkapCKEUlmMaT2fFAAAgAElEQVSDsGjVD3nwgz88HXsS2HPU6ns0Go3RnFyFuLBzqVGLTqk1FhcXqSSmRgMNl7pfn6XaGJLYyH/HtgSu6+DY068DHhaua2czPL4f0vIDwrz7d8ZknL6J9yM6zqvmmJEck8Pa2gql4vRqwmeY4TJgpuYYjGF9OSCNkzWTD62WTxzFeN6E42TdQmJA2iIII2xLYlvt0gpTsvJyvBnMzLBq+24UpzdjGYZh23djQF9E6CmRGz0mQM7yizBtkxlJkJWs6LN8IS66yZ2juVE3mapR8oOMfuQNWo993gohjUy7ozRjNFVO3ncjW+crDNP+dvqM8bxQCCl6lpCVSkXW1lbZ2bk4B8owDNFaEQQhArB7JcO8pHG3iiOCXGKKlqpvYgpwSlVy6v3cQGD/eR2/HnHn7l0WFqZfBv3g4UOOj49ZulLm0fHljIMFc+yPdn2Ughu3b4yt/mv5PltbWziupNoVB9tL+3Qe0iPe+wT19EH2ujBXwZubH31F+ao9AQgLIS2EsBHColU/4vn9v+n4yu6jX/DD3/2feOfX/isWN+8agkNICJPnfxyYe3TiiSVQeKV5bnzmV08THHFiEhpPykSjD+JI0TjurdbIu/GeRW6MpNoYmdjQFFwb12nPIL2qKBQcCgWHWClazYBG0yfLTR+B6DivmmNGckwG5VKR1eXzORrPMMPrgpmaYzgMreYQ4BQkIlKEQURUr1P0CqZ2fUKwLItyuUzL9/F9H6U1jm21TRy1QiSztROb6e/23ShXpmbQaXw3GoihfDeg23fjZREFOk9MjOAXIZJZOqOkuDjVwzBIy3WHN67ssY4+v6sXeaPV+AoVIdskh1k/yboHn5fdvhvyNemL5UtWtNIIKdBKo4QhOrqPzcrKMrVanUaj0XuFIyCOO303HMeZaPrUWdA6ppUjN5RUqMKQqQ/9yI3k3/vbDRrHAbdu3WL5nOkZF4EnT5/wYm+P6mqRJ80b025OX9xb3+ZwxyfwY27dukVxzElIEwe7RRxHLG0Ukfbgc6yb9Bj2vFTHe6iPf569dstFyosXccwFWBZSOkjLQkjJ0e4W/snp6/Dg2RN+8O/+Z9759m+zfufzpJo/EsVZHMegY3Tko4UEy+XNr/7maYLjZUMD9cOA2qG58BYXF1laWsrUGh3LjkBuDKPaGIbYEAIKjo3rWq/dYNySknLZo1gs0GwFNFt+bgckC51BdFyEmmNGclw81tZWp92EGWa4dHgZag54tYmOYUkOIEkE00QBNJot3NioOSYbJ1vAtixarRZ+EOHY7dQQjZ5oycop3w1n+r4bhVF9N0ac4T8PdHc/a0S/iDRdTikyoqFjlDUh9DeuvJh91yZvchG5nP9Xpft1WHJjGN+NVxa5khVjVorxKYw19CD41tdXefiwd6nKsIiTsrUUlmVNrQwMwG81IT3GQsOgONhepEYPHO01aRz5XL9xg9XV6fc1d3Z2ePrkKZXFAnMLHs/3Bn9nGri3nsTB1iOuXr1KdX4MBUSCra0tms0mixsedmG86zY/7u33zNbN4444WLvgUV4aMeklPzbMzZALy8ayHITtgHBASLbv/7DjvpRHff+AH//7/5W3v3nCjc98E5n4GCkhgabxrokCtABLa7Dc6RMcRzs+rUbE8vISa2trfeOFxiU3ziI2zHd1/qNTxEahMPVdNHFIKSiXCpRLBeoNn2bTJ9urXURH3ow0PXGHVXPMSI7JY2V5iVJxejXhM8xwmTFpNQe8+mUro5SsCClwPBChIAjCrGRl4nGylbIpWQlClFLYeTXHBEpW9OviuzFBY9g8Up+vVO3aVhgMPwhvf+/ll1CkJqDmuHerI4b15OiNXuTCuP2fUyU/Q61nNN+NVxlZyQpGzYE0x7S7ZKVYLLKyssze3ov+KzsDWmui0Jh4BkGIJeVUjYf9VrPDrDR2Q7ToP4YapNhIP68d+pzst9jY3GRjffoG9odHRzx+/JjSvMvCaunyxsGub1M/Cqkfhayvr7OyvDz2up48fcLR0RHzKwUKxYu5n/ckO6KA+NH7EBtiTDoW5eWl0ZRstgvSMuePjtGZ0a0xF5VWAWG7SMvmYPsRO48+yL5bnJ9D2jb1/YPsvVa9wU//6F8TNk64+5VfR8sC0knI2bCFjkOIIFYaqfV0CY6T/YBWI+LatassL/U/4JMgN/oRG1prCq5FwbWnJj+dJsqlAkXPodkMaDRbbY7iFN+RIzw4Q80xIzleGhzHYW11/BvnDDP8smCm5hiMkdQcWZysTuJkXbzC5EgAQRona/dUc2QlK1Z3EsLo0FqhMt8N+cr4bjAl3w2tTe8qX8qb//ewz/nLUEJhSkB0V8kK5yAFLpZcOFXyM8S69GvmuzEIPRU5SqNEnOwzs9zq6gqHh0cdKoxhoZLytcAPEUJg23ZPH4SXgdD3iaL2fVul5EaP5nRPTJqSsva/0+8IIaif+BzuNFheXubatWtTt+9sNps8eHAf17NZXCvzi511ehsVTBdvrW/TOImyONj19fWxW7m9vc3e7h7lBYdixeo5Nj7vOCo9b6OHP4VWPV0plaUVrBEmLqRbQtqeMRJFo3VMLG100DCGopZlSlSEA8Liyc+/R+PIxDYXq/O8853fxitXefSjP+Tj93+UrTcKQn72F/+GVuuEe7/yn2PbBcgiZAUq9hFaoVU8PYKj1YypHxs26yLIjfMSG7VaDYFicWGeovdyI14vG2RSulIoONQbZpasH9GRoZ+ao0vtMSM5Joe11eXZ/pthhiExU3MMxigkh2UJLEsQBeD7QRInW5xwnKyDZVm0fBMnq7TGtmRCvGviOEbKc5SXvsK+GyLvuzGih8S4OJ1A0hmTOvQg/BKVUJweIKd9nNH36ekJOUCrsdRGnSqZ4VQghnx6/Xw3BkEIgZDtKFkgKz0yJW3m9FpbW+HJk2cjrz/dj27BIfBHJ0guClHoE4adiSnaOns4nT9v8ud6/r1mI+TgeYP5+Xlu37lzwa0eHVEU8uD+fUCxuFHho73pq0l64a31bYKW4njXp1KpcP3G+P4gBwf7bD9/TrHiUFnsP0a9CNIjfvQeurafvZ5bXsEuDN+PEW4JaReRjoe0XXPfiUPAIkaCDhIizSisglYNrzgHGHLjM9/+x2y+8SVAM7d8Fac0x6Mf/AeUSuO2Fff/6k8Imyd86pu/TaFYISU5hBDEoY8WanoER+MwxPO8M2VO/ciNi1BtNJsNTk5qNOo1Wr7PzRvXWF+bxWrmYdsW1fkyLT+gVm+lT2NAZOqMfNnKsGqOQVnbs0H66CgViyxUx6/pm2GGX1bMklbOxigkB4DtmpnvKNQmTrZQoDBC52hUSCkpFUv4lomTVbEpWcnUHCo2A/wxBpGXzndDKwru4Dac8t14GaRMLxPR9FmexKS+qiUUaRmJUp2pJVqLkUpW0jQVM7A276VGo6OUqnSrZIYxvr9MpNFUIDqjZM1xlEmyjSE5FhaqHBwc0miM/jxI1wVJmdxLKgdLEUdRRxysthTaic/4Rud1le+X5/v0YRBx8LxOqVTi7t27k2n8iNjfP6DZbFKaL/Do8Oq0m9MTb61vo0LN0Y5PwStw4+b45Ebt5ISPtz7GLVrMr44+Ad/LR7Ef1NOPUAfPs9elhUWcYnHosZlwiti2h3A8o+CQDlKAEjYi8b/RKrk2dITWCsctcvOz38EqFCkUSlx58110HKC1wrJdPv2Nf0LBm+PD7/174lz659ZP/hq/UeOdX/sdyvPGD0YhsZDEYXM6BEftKEhcZPtH+Vw0udFqtTip1ajXa9ROakRxDGiubG7w6U+9hW1PzwzossMruLiOzUm9mUjwkg9yao6LLFmZkRyjY2Vl+k7WM8zwquJlJK286iQHDOfLAWDZAmlBHAhavk8cv6Q4Wdum1WwRRjFaa5PAJpKSFaXPKNPQSZdBJ//THeqN6ftutIb33ThVmvJyFCfqDBPRdGA/1HoucQlFmoKS9+UYp2SlHWeaS1M5Y+KnAz2IpGEIlstGGo0EfZEFHyIzrTXkhkiud7M/lpeXqdU+HmvNSulMOfYy969SCr9Vbx9jqdFOOFLFRq9ghiiM2X1SQ0qL23fuIHIkzjSxsrKCUjHbz7cpyic0Cmtocbn8EnUMB7sttIZr164jpTXWvvN9n8ePH2M5kuqqR5+hMTA8X9mt0Emhdj4m3n6cvfbm5/Dm5k59r9+5LWzHkBoJuSEtl9rhDnEUUF29jo4F2hEQS7Qy5IaKmggbbNfj1jvfREgbHYcoFaDjCGHHSOny5tf+AU5pjg/+/P8haLb7adv3f07Y+h/5zK/9DotrtxBCoqQAKbD+7m/903+Wb+DNhT1atYjFxUUKPfKb++Hg4AClIoqVs0+yOFIc7vgsLCywvtZbvXEuciP56wcBx8fH7O3t8ezpU7Z3djg5OUEpRalcZmlpkTfv3mF9bfmX0mtjVAgh8AouQogsAsuc432uqFzJSvr97s/o9dkQ78/QiUq5xNrqiM7GM8wwwylYwsESDkoPcJwfA64d49oxQXy5OmKjIIhtXPvsWcEUQgikLZDCJgojgjBASDHRkhUpJK7rIoAgjJLBXHuwrbUyjx9tZs2VVqRJC9l/uZ6GH5ia+nK5MrXnURiGNJsNLMfCdgbsOw1Ct/szk0qUObXZrnKJcY04e/puXLJ+QOesd9o8M60zGsmR/DbdJkiM74GJ1u33u/NEkjm3Bx9fM7DKEzOXuM97oWRGP4gOfwmRO3aFgkuj0cz6uUNDa2KlUCpGaU0Ux8SJmmyS0FoT+M1MnaMl4IYDL7+zyv/NvhDsP6sTBoo333yTUml63kO9UC5XKBQK1A5f4KgmsVW4NCTHvbUdDndbBM2YmzdvUq5UxlqPUjGPHj0kjEOW1rzecbADjvPQpMfBDvHHP8teF8rlgXGw3eM6yy1huUWkU0RaBerHu/z0j/8Fn7z/lxQqVeaWr5r7lRAIDSK9J+nIEOBaoFWMVgFx2IQ4IL1QBZKljTtUltY4eHaf0G9PtjRPjtl/8nPKi6tUljZN+YuUnQqOe2vb5BROF44F7zqffPIJUgg2N3u73Y5LbsRxTL12wkmtTq1Ww/cNc2bbFp7nUV1YoFwu4dg2lmUxP1eaqTbGQKlYwHVsjk8aCUudfGBkHH1LVmZKjslheXlx2k2YYYbXCpMsW3kd1ByjlKxIW+FISRxCs9kijmIKnjfR+v9CoYBlmzjZIIywLZk974edRbs0vhvNBkKO67vxEsgNrTrKJcQ5yI1XpYTCDIrzvhz5kpXh93m7ZOW0mkNwepIn3T9tlcxwkbCnSKNLhrMG29PA8vISJycnI31HJ0RX6qtiXk3+t/mtJlHcJuRjKxkUnrHZQeSG1poXz+o0GyF3796lXCplJOZlQnV+HufOHba2tpDNJ9SdVUK7PNU23Vvb4ehFQKsRcvXKVSqVytj77vHjxzSbTaprRaST8zIid2/MH8oel3b3oe51+evaEdHjdhys6xUpn+GN2V53e4wmHQ8hCwjpIoRNFAZ89Fe/y86DDwH4m9//3/Abx9z67LdNyYoU6KiFUAqUIvbrCMsGNDqO0JFPrCKkCpFOEvdMgY07X8Txyvz0j/8lR9vtUpraixf86Pf+Fz7z7X/E1be/jhQ5guPe2nbHj7+IgeWCd73j9dHREbVajc3NzZ5xsOOQG8dHR+wfHHB0dAiYh3qxWGR+dY1SqZhsp12uUig4zM9N9wJ41WHbFkuLcxyf1PET1+jshjojOV4qyqUilfLsfJ5hhovGJMtWXgeSA4YvWZFSIFyQkU0QhkRxhOd5E41StC2bSrlCq9XED0KU1jiWdUaphEg6jlwu3w2lKZQGz0zmI2Fflu/G6ZhS2Y4ZHG1NWef9lSmhSJVBWnWVrJgY0lH2g/mtskfJiqZt1Dp6JKzm8pJG5x/4n+/7mlS1JU6tq1IpUywWqdfrI60zjaxOEfihmQic0LUY+i3CsDMxRQkN/cbTXab/Hf3wtKxfwOFOg8axz82bN6lWq5lq6DLCKxa5desWnzz5BFXfBr1MaM8N/uIE8ObaDrXDiPpRwNraGguLi2Pvu6dPn3J8fMLcskuhKE6n8uTLTNJ7TfqWEH055nxzhADtt4gev5992XIcyktL3UO0vtBaI20XIV2k4yAsG508R5sn+ySjP/x6g/f/+P8iatW586XfQEoPZQuIfLQK0XGMikxfSyuFVoF5z7LRGixbo4RGaM3y1Tf50t/7b/jpH/8Ldh8/yNrSqtX5mz/43/EbNW5/4W9j/ff/3W/+s5Vy+yL2mzF+M2ZtbW2kLPu0RGVz5TaeXcWzq6eWefLkCUXP4/r166c+G4XcCIKAvb09njx5wou9PaI4ZnFhkZWVFdbXN5ibm8MrFBIpbLtesVQqMlcpDv2bZjgbhYILiCxWq/tiSB/A2d+u93t9aVauMhrW11bxJmjgN8MMv+yYZMnKq1yuAqOWrIC0wJIOWikjAdd6pH7GOLBtB0tKojgiio2Zo2WZZBWRlHCkKSNCCJQG329hO85UZdmtVosg8HEKdhJ32x/dvhuWtE49W9MSHLj456npDJuObHsMNfw2UoJAqUS5cJlLKLrQs2RFj1eyYiaG8iUrpyd50rKU4SNh86TRlPfrSOUnPZbs8+VsXDfc4qfQi1CTUnJ4eDTkGgwsy8KyrMzfI44jEMbcNDmYF/Zf6PsEQTO7rmM7NIkpmr7/aZIY2PS9ZCdl9wUEJ/tNTg5bXLlyhdW1tc7yvUv6n7QsFqoL+L5PXN9HaE0oixe9y8/8743VHZq1iOMXLZYWF9jY2Bz792xvb7O7u0NlwaU4134+pvdWje7vDpAnO7Lj3IfwUJrowY9NHKww993/n703D5Lsqu98P+fcLZeqytq3XqqlXiS1ttYKEmITBsmWm2ebZ2FgBh5gE4jBy8TzOMIxAyHPhCfM2DEOQ4QfQwwM2BYjGcMYZlgsC2EMQpZAqGkBra27q7uru7qqa6/K7W7n/XFzXyozq7K27vvpqOjMu57c7jnne3+/76+rfxBZo0+ud7kRmhGkpBiRXGqKiZQCKTX69lxLJnmJ5Znp4HS+z+y5V3GcJfp2X4MeOJKDCoQL33dRTgo8B6X83Jvrge8Hmp0CRHBtjcQTDIxdTzp5ieWZqeJL8jxmzr2MYy+jveu9Dz5c2tjlORvLirRcUWRmZgZdN+nqql3JYWF+nqWlJfbs2VPl7dGskru0tMTU1EXOT5xnZWWFSCRCf38/w8PDRGOx4kCpcLx8Ti10dcSIRcOJYLsxDR1NSrINfDmaFTlW67RDkaMc0zQZHdme5bFCQi4nNsqb40rz5QAQUiE1gUDDcRxc10FqckPTQDRNwzAMlPILBqRS05Ci+j57NpMFIejYEb4b+QlLY9+N8nFWeyIjy/1NVHGC34InRVUKxQ4SN/IUUlYoF3vy61o4UsH/IP8Z5UWOsnOJxu/tdvLdaG6Mrxo9rLt5K/jKD1IGVOnnU/1eRiIW8/MLuG7r13ylfDzPCwSOXNpSOyfTjuNg28XIQqW5QUnYBv+Ct634zy+J7lFKkVy0mZ9JMzAwyOjI6OapA+34A7q6uvB9RXZ5FuHbODJa/FFu4N+hgSmyGY/FqTTxeEdwE3+Nx5qfm2NycpJop0FHtwmlL1GBQhSfF16aKnyypV/lst5NUfye5/7zxn8GpeVg+1cvB1t1E1saCCOCZgTeG0KzEEIjtTyDGenAMC36916P566wePF84Xs2f+EcmeWL9O66BsOMgJA5o9+gccq3iy8w13ihguuZKJgWSQwrxuC+G3ELx1cl5zhbLnC4ts/ygs3AwCDxFu9cnL9wga7OTmJ1wuUvTk0RsSyGh8u9N1a78OXXLC8vMT5+OojWcFy6e3oYGh4OjFAti9I7E4VvQe7YCkh0xohEWi+tE9Icuq6ha5KMXSOSo4Z4EYoc7aG/r4dYLIxICgnZLMJojtq0LHIE4xN0aeB6HrbtIGBDozmEEBiGgZQCx3YKlQ5KJ35Z28bzXOKx+IZHltTD932SqSRCCMxIozYIhF9svxC1hSK/xAS0ctLcLqGj9HjNpsiU+m7khYEd28cX2q4KE5D8jfvgBmpr0RxlQ1qKn11+/Wrv03Yxa20sbKiqh6rO6uBpo+M1h6I6XafW++l5HktLy7Ry9z2Ydyhc18VzfSAoGdtIfGj2n++5ZDOpwqxXCQ/PcFufS/v51x38n046zE0l6enuZu/Y2GqBINv6Lx6PIzVJenkOzcvgSgtVEBw35i9hrLAwncY0LfaN7c1N2Fs/0vLKCufOncWK6nT1GeVz2/xWSgVBDIXllZF6wbZ5sUOhalx7BN7ES/hzFwuff6y3F7Ni3l/vmiVy0R7CiKDrUaQZmIpKTefUsSeYmXiJSDyBFe9GSo2BsesR0mPhwnjh9SxdusjSzBm6R64mEkuAkEFqnwCEBr5L+fXBR/kKJfxA5ECBkGi6ycDe65GaYn7ydCFqDSg3Gc2kgoFbd6I6vWQ1kqkUSimsOmXU7GyWTCYIeWqW0svY5IVJlILhkRG6ciVrCh95A3Gju6sD09y5A8edgmWZdAvJwtJK8AOs4csBNOXJEfpuNEd3d2u/05CQkPWzUQakV5ovhxCA7mFqAs+WZLLZgjeHVrec6/oxDRNNyxmQ2g6+5qEbBp7n4TrOlvtupNMplO9jRRu3IfDdyD2m9l36fN9brGyi6vo8rJXKKirNpZioYD+RT6HYweJGCcUSsHkDUoJBd5NpJZXIMs+YneG70bSwUSlqlM5nKH4nihVjyqNXNvr7smvXCJ7XYjWVnczhrW5Ae+jr6eDQgX2beMZh2L/+o/T1dLB39xBK+bi+h++5uL6L7drYbhbbzpJxMvi+m/P/CeZYIjflL/zOC9eM4AflixJzUsCfOoM/MwG5aJBodxdWjaCGvKBYKXQEP28NKTSEYYEWeG+c+smTnPzR46SXk8xNvML1b/x1ekcOIKTONXf9Cma0k5d+8H+w08EY4dL4Kxz75me54U3vpGf0QCBE5e5++AJ8J40qMdBFueD6eCUXDIWPlBaHXvPLGJE4L37/azhZG6A8gmNp1qajo5O+vsbuqaXMXLpEOp1mZGSk5gVnYXGRVCrF7t27ykrENeO7cXFyksXFRYaGh+nMldoJxY3tiaZJDF0nk/tyNYrQWGskx+UwCFovia5OuhO108FCQkI2lo1MWdnJkRywlmgOgdBAk0E5Wcd2NqecrFEsJ+u5Hq7rXLa+G2UmoDLIwa/yeQg2aLnN+fFWsYpKc0ajvq+K4kZuv8uFal+OtaWslE/wZdUEvxZb6ruhGsVYqLqiRl7QkJpE0yWGoWMYBroe+FpIKXPpV82l6LQDKSWO4xR85kJCNpq8x44mNXTdwDQsolaMjmgXiY4e+roG6IwmsMwIQkgc18VXXq4ryF3HVX4uXFiSOzj4s5P451/JnQsiHZ3EKoMaavy2yq/pOf8qPYKmW0jNwrWzXHz1eabHXwVypVsvvEw8MUCsaxAhoGdkP7GuXuYvnsTNzRMzK8vMXniRePcAHb2jCCSqRNRUAvBLxhP5yKW8AJqrRIXQ6OgdAeExe+4kUCJwZDM+qSWHocFBotHWwt7PTUwQj8fr+m9MT08TsSwG+gdK2thY3EilUpw7d45Ed4Lenp6y9aG4sT0JRY7NYXCgP2fyGhISslWEvhy1WUvKCkKh6yaBkbiD73tour6h13pd1zEMHd/zULBDfDfyY9kGvhslY6RSY0pRz+chf+wWXn+lcWnT5peVKRSXkbiRJ/9eB9EcxSDVYrDq6u9T+US+uc9ky3w3WhU2KkQNTZcYuoFhGgUxY7uM8YQQLVdTCQnZSHRNJ2LG6Iol6EsMELXiCKHheg6u51EQU/M75IQOtTyHN/7TwnHMWIxYb08u0L7G720VoUNIDaHpSE0HoaMbEcxInMXp02SSKwDY6TSXJk5gxeJ09I4gpaSzbxddA7tYunSabCoFgJPOMHvuBHokRvfwVUFfJgACsVxJASWRHEIAUkNKHaEZCM1ESo30ygKnf/yPpJcCc2DtXe998OHuyB6Si1my2Sx79+5t6cKytLTE7NwcAwP9mGZ1eK2dzXJpZob+gYGCr0ezFVPOnT2L53mM7tqFzKU25Pdv5LlhWVsXYnqlo2mywpOjRZGj4vsXihzl6JrGrtHhxhuGhIRsOKEvR21sT2+5ygrCR2oghYbjuIEBqZAbH81hmhiGsaGpMavRmu8GVSVhZY1258sT5tNGKie7pRPnglcEkBc9mqE0/SUvcDSzz2Xju9EIUSuao/het/d1F9NiYBN9N1YVN1SptlEmbGhaEKVh5kSN+uWbtxbDMFheXm4i7SYkZGswdZOOaCe9XQNEzAhKKbJ2lvw1AUBkkrinXgAVpAVqpklHX19BTMinuNT8FdYSOqQW/AkdoWmAJNbVR9/uA6zMnye1OA+AZzvMnH0JXdfo7NuFpuvEuwfpHtnPyuw50suBGOHaDnMTLyGEonc0SGsp+HKQi0Tx3eCaKk2kbgbeH0YUTTOxs2l++p1HmD79aqGN2kMf+n8fBpicnCSRSLTsvzE1PY3jOIyMjNRcXy89pRHLy0tMT00zODRINBItEzcK1BA3OuNRIpGdm8d8uaDrgUN91gkG/pUiR2UO5WoiRyhwlJNIdNHZ2bHVzQgJCckRpqzUZ00pKxIMzcT3PWxnc8rJyi0soZlKJfE8DzOiNejXVM5UtCQ1Rat+Xyp9N+rdyS+IC2tIWan03Wg2WiDftm1TunQTqCVy5AzK2jiOEeVRIhsdvdFI2KBENCsRNnRdy6We6DsmcieoWmJvdTNCQhpiGRG64t10xYK5fCqbBs/FPfUCygm8L6Sm09HXn4u+KIrcsIrQUTaHkwipIzQLqef+lxp2No3ULYb3HyGbnGEpV741KN36Cj42icG96EaESKyLgX3XkV6aYkIRilwAACAASURBVGXuUmG72YlXcd0kvbsOoWkmUgSplxICjw7fRegWmh4vmJv6vs+L3/87zv3sx4Um9u0aQ3v/B37r4ZWVZRYXFxkZHsZapURMJb5SnD17lkQiQUdH7QlXZXpKM9EbSikuXZohlUrhei7pVBrP8wptU/l4vwpxIx6NEIvVNjoN2XwMQwcFtltD5Ch5Lip+TKHIsTqDA/1VpZZDQkK2njBlpTZrSVlRwsfQg+ucvUnlZLeCUt8NrYHvBkoQDPUCpKwWRGr6bjToJ1tNWVmr74ZS26d06WZTFJNUIXIln77SrnFMfnytFGv2VGnyRM1FbVQIG6YZGPzuxHFbmKYSspPQNb3g2+HPXiA5dRoIIiE6+vrQzMosh9wVvHi3mdKnha2khtR0pB5BGBGkHkRQZDMpzr/8LEIIrFgXIwduxXOTLOTKtyqlmDt/BiezQNfAboxIHMOK0L/3Bjx7iYWpC0H7lGL+/BmyyUv07j6EbkXJhcIFLdQ0JBJpRpBaBKkZTJx4mtM//g5e7oZ618AAN731vYHAMTMzi+/77N69u6U3cGFhITAAHRqq6TpemZ7SrLgBkE6liESjCCHI2jYLiwusrCTRdR2z5Fz5jtYyDTo7t84cLKQ2pqnjuh6ul3PxrcgnLRUzQj+OxkgpwvSUkJBtTJiyUpu1ihz5crLeJpWT3Uwc1yGdas53A0CU+m4IWX2Xfo2eGPnta6esVEYgtC6glO631aVLt5r8e6UKQgdtFDlKIic2IvUnL6A0OnfuaT4VxTSDiI2dOlYzDIPFxcWtbkZISMtoMkgN6Rq+GieTRDdAjwaBAPWiNGrNxfKCqdAMpGGh6TE0M4rQTFzX4cQ/P8rZ40+TTc4R7ezDiiUYvuoIQioWJscLpcoXpy+QWpwkMbAbK5ZA0/RcGVmXhcnxQv+1OD3Jytw5uoevxop1ARKERAqB0PRcioyOkDq+a3Ph1efxHJdoopOb3vIe+kYPoL3v//ngw5OTk/T29NCZK8HaLJMXLyKAgcHBmuvXmp4CQS3jzs5OuhMJ+vr6sCIWqWSSufl5FBCLRQvihqZJerpba3vI5hGxTDJZu5ATXDDYKo3gCFNVmqKzo4NEV/hdDwnZzoQiR21a9eWAvDeHCqI5lMJ2HDzPDcwId3B6g+/7JJMphGBtvhs1xlTlvhu5/VroH/N9cX7iHTwOImaL0QdrMBXlCvLdaILaKSvtek/UxrzHDcSNynQURCAMGIZxWXzWtm2H1VRCdixGJE73rkNYHT1kk3Mo3y3MoQu/zhKhVVQ8BxmYihoW0oghdQupW6AkL/7gy5w5/iye46CUQ9+ug3QP7gGgf/ch9KjFwuRJPDfo91fmZ1i6NE5n3yjRzl6klPTvuRbdMpmfPIXvBdsl52dZnH6Vzv49xDr7AkFf5MuQF69v0cQAnQOjZFdmOPTaBxjadzO+l0V7xzsefHh5ZYXR0dGyyIhGOI7D+fPn6e3pqVtWbeLcOeLxOAP9Ay1Fb5QbiAbPLcuit68X13WZmZkhnckQjQURHt1dHY1DO0O2FEPXSGeyVfletQSMUOSoT29vN9FomIYVErLdCX056rM2kcNH1wyEFLhurpys2NhyshtJ4LvhYkYa39muKgmraWXPC9uVpD20WrWj+jgVKSslaQkt+26Uli5lE/whdgCiYlzTFkFCUEiBgWLUzLqP24K4EURtaDnz0Mvnc/Y8j3Q6vdXNCAlZF2Y0QUf/GJ6dwU4tFruFfD9RzE0siBwQ+HagR9D0KFKPoOkRhDA49eNv8eqz3wlEcCnZc/hO9t18b07QDvr4roE9+J7N7MSpQjvSy0vMTb5MvHeIaOcAQkDv6EGiiW7mJ1/FzRWpCMrNvkS8uz9XRlYUhHwV1IZBKUVHzzC7rrmLrv5d+J5NdnkR7ejRX3lYahojw62Fvc/OzbGyssLw8HDNAcbFixdJZzJcvX8/ep0BSC1xo2qbkuVKQUdHB4ZhMDs7w9LSEiPDQ6Hvxg5Ay+VO205FqZ/cg1p+HK2kqlwpAsfQYP9lE54dEnIlEPpy1KZVkQOClJVA6MiVk3Vy5WR3WF5/K74bAgGq+NpqloQt3b5GdIDyVcspC7VEjuD8eXGjXHSpx5Xsu9GI/Hyi0nR97ccTBUGjPBpnHcddRdwoH58Hjw1Dv2yiNkoRQrC8vLzVzQgJWTdCasS6R9HMCOmFi7mFFIxzRK6sSuHaJHWEHkEzomhWNPC+0E3Gf/rPvPT9/52LuBDsOXwL173hwVzlEx/wEUInvbLI+E+eJLW4UNYOO5Vm5tzPiXUliHcPIYSkq38PnQO7WJg+hZ0KBEU7nWZm4gRWrIPE4FXFxuYrcolclKHUUJ6NnVrGSS2i3feLDzzc39dX1yS0HhcmL6DrBn19fVXrkisrTE9P093dTV9vb0vllUqjN1SJSpO/gwAQiUTo6urCMg1GhgdaanfI1mEYOo7r4Xl+cBenogNc1Y8jjOJA13WGB8Pve0jITiNMWanN2lJWBAofQzNBEJSTdRyk3Nhysu2i6Lshm/Pd8Bv4btTap1LkkIWpdOsihxBlVVaC5a35bhTacYWnplQhREmERXvem+DtLopP6zIcXS1yo0LckFIUTEQvRzRNC8vFhlxWmLEeIokh7OQsnpPNRUTk+gqRE9c1iaZbSCOCNCIILYLUTKZOHuOn3/07vFx1od7d+7j2nl8jEusC5YPyEcLAdbL87Lv/k6mTL4EA3TDQTAM/l67i2g6XzpzAME06+kbRdIN4YpCe0atZmT1LenmpsN3M2ReRUhTKyApBEMHh50R0N4udXMZJLeGkltCOvv1XH961e3dLd4XTmQwXL07R19dHNBotW2fbNhMTE0QiEa6+6qq6F+xmUlOC7VTp00I+qG7oDA32hZ3lDsM0dNLpbIVDe3WoJiVLmxU5LvfvQkc8FvpvhITsUMKUlfqs1YBUlwaapuH7PrbjoJQfmBm2kI6xmfgq77sh2ua7UXffwh389VXtEBUT7+aNS4viRlASNhQ3yihJ+Sl6nqw/uqX8fVZrNxxtIG6owiYKTUpM07zso3Oy2WzowxFyWaGbUWK9e7BTC3jZZC4VMSe6CpkrBWshjCjSCCqmzF14hRee/CLZ5RUgENA7B0fYdehOdMMEFEiJQPLi01/h7PEfAmBGLa669Q1ce9dRXGeF5dlpIFce9tzLCOnR1b8bzbCIxBL0j11LaukiK3Mzhe3mJl7F9VL07TqEphm5oBMfpTzs5DKZxVmcTJLMwiW03/iN9zw8WMcktB6zs7Mkk0l2jY5W3U2YmJjAc12uuvpqDF2vqXY2m5pSWoiqcCcg938sYmE0cfcjZHshRBDams06FX4cokrACFNVykl0dxGPRRtvGBISsm0JRY7arDVlpbScrOO4uK6LlNuznGwqlSrx3YCyBGhKn9fw3ZDamu7C1/PlKNyha+k4zU+Ug5SUMDWlFqWRLXnaGcVRcqYyw9gWGpjbu/a6QNwI1mqahmmZl/XYK4/jOGQyma1uRkhIWxFSI963FzebJJtaCPoFIRCaiW5GgvQUM4aUBitzk7zw7S+yPDtTZk6aWZjH81N0jxxE100EGnY2SEFZnDqPYZmM3fw6Dr327cQ6+xkYO4znrrB48XxwCKWYnTiNZy/R2Z8rI2vG6N93I05mgcXpycJ28+fPkE3N0bP7EIZhAQIvm8FOpfDsLJmFS3QduAftAx/80MPxOiah9ZiYmCAajZLo7i5bfuHCBZLJJGNje+mIx9edmpJ7WiZuABiGRixqttTmkO2Doeu4joeXKxsEtf04wlSVcvr7ejDN8HsfErLTCX05arMWkUMI8AkMSKWUeH5QTha2VznZat+N0n6qIpIRoLQkbAPfjUbUrNqxZl+OxgRjuFDcqEc+YUjKUnPRNhmN5s8h8mPn4GRCNnncuuKGKuTl58fouh6YiV4pKKVYWVnZ6maEhGwIse5RfDdLNrmA0A00zUKaUTQzhtBM7NQSx5/8InPnzyEEmLEofs5XUSnF4tQEqaWLJIb3YkXiKOXTNbALMxKhe3QvB+88iiZ1fN9B000Gxg4XysjmrykLU+fJLE/RlSsjq2saA/tuQJFlYfJsSRnZ8yTnz9Ezuh/T6sDzFUp5+E6G6NA1WEPXov2bf/M7D7fS+awkk1yamaG/vx/LsoCg3NnEuXOs5Kqx9Pb01t1/rakppft0dESCGuohOxZd10ils4VIjTBVpTFDgwNo4UAxJOSyIExZqc1aS8kq4aMJHU3XQSkcx8F1nW0RzZH33dANA90obUtZkb4Ca/HdaES7fDmaISwJ24AK7428gNXe90mUjaGbOnaL4obRQuXFywEhBEtLS1vdjJCQDSOaGMH3HJxsEmnG0IwoQjPxHJuf//NjXHz1pUDciFqM3XQ3iYFhFqcv5KIRYGV2itnzLyN1SWffbjzXoXd0P4NjNyGlxPcd8D2U7yI1k/6912BEraA8bM6XY3nuEsuXztA1MEok3oOUkr7dh9FNnfnJ04UysitzMyxOnWTowC3opoXvu8hoN5GBQygh0Vu9w7GwMI8mJZ2dgRdAvlxsJpNh75499PT0APVTTxpRuV9laopl6ZfFJC+VSnHixAnGx8c5e/YsExMTzM/Ps7i4yOLiIgCJRIJEIkFfXx+jo6OMjY0xNjbG4cOHq7xPdhq6rhGLWqTS2ULMbHnILmsub9aWsmjbDF3TMLbR3ciQkJD2YMgojt/e8oMdVpaVrNXWY242K1mLDivb0j6+cFBKBWaHnobjOCRTKSzTxIpYW+LN4SufVCqNkBqmaeJTmcNfLnIEvhsla1VQCq+WENIqebHB9318PzCGVMpHqeZLvjZ5JvLT5MutL24/Ctj4MW3DcVHdMXtR3MgrH5p25YkbEESEaZqG57UWZRYSspPo3XMTQtPJppcBHd9TvPzDrzPx4nEEAk3XOXDHL3D1rW8DBZGOHl56+h9QnodSsDw9yU8ef4zJV5/n6lt/gUi8ByvaWbgGKakTRPi56NJg3433Ykbi/Oy7XyGzkgRg9vwZjv3D57n+Te+kb9e1SAn7b78fM9bBz7/392Rz2+mRGMrzwQDNjGLERgpFx8Qzzz7fkhLx05/9jM6ODoZHRshk0ly4cAHXcdm3b19B9IDaAkcz0Rt5743SqimqkMqg6OqK7djojWeeeYZnnnmGY8eOcfLkyXUd6+DBg9xyyy289rWv5bbbbmtTCzcX3/eZmSuq4cXPVRRCZ8MojoBYNMpV+/ZsdTNCQkI2iHaLHMCOFzmAlkUOCIYTGsEEzM75cgghiEWjm562kkwmcRybSDSGlksT8LBza0v7qaKIIZSgtDQsrN2Dox6BsBE8brX0ayN8v1gadqujZ7Yrfm5cK2VeXGrPZ6tK1IjSFO9VI2nKoqfLj1YqbiiCz9OyrtxU2cnJydCHI+SKYG7yJVw7y9Kls0z87CnOv3gMKSVX3/YGrrnrVxAiuK5IoXH6J0/y4g++jp9LD81fanTDoG/fQfpG99M/dgOdPUNomokQeZdNQWZlDt9XXDrzM079+AmWZ2dzayDa1cn1b/i/GT5wBCl1EILp08d56V/+D1LTOPzGd9LdvxfPtRGRPpQ08DADg9RWBI6FxUXOnDnD3j17UEpx4cIFNF1jbO8YsQofj7UIHKXGopXeG0opolGTiLWzVOPx8XEee+wx/umf/olUKrUh5+js7OQtb3kLDz74ILt27dqQc2wUyWSGlVS6OlWlYEAqahuOXmECR3eii12jw1vdjJCQkA1kI0QO2PlCx1pEDgjGEBomnu+TzWYBQaKrq72NW4VMJkMmk8Y0LQyjKKzUFjgqUCJnNFpkvV4cVaco8TwrihzrP36ZwCFEW4WZywXl+0UfDinbGF2k8P2ieKV8Vfia1fxsWxE3hLhiDEXrcenSpdCHI+SKwPc9Zs+/BL5HavkSZ37yHTQjwjV3HUXXTfCDfkxqFppm8OK/fI1XnvlHhMpH7xWPJaSGZugkBkaw4gl0U0cIDd+1yaZT+J7DTW99L56T5adP/k9mz58N9iNIh7nm7l9mz+HXoZsRQDE/NY6mGXT2juI5WbASICMoYeKLoK9tSeA4c+YMK8kkXV1dzM3NEYlEGBsbI2KVD55aETey2Swry8uFbfIdbnciEeSdFtRn6E7Em23qlnP+/Hn++3//7zz55JObdk4pJffddx+/+Zu/SX9//6add71MzywU7zBQLnKEURwBAwN9DPb3bXUzQkJCNoEwmqM264nmsB0Hx7ZJdHdvSqqK7/ssLS8hEFiRSCF6A1YTOKpTUUr9OGDjRA6Za5+U669OVypwhB4ctSl939fvv1HqWVcSuZETN/LZv1Xfm8qU8MpnKp9aH6yxrMu/FGwj5ufnWVhY2OpmhIRsCk42yez5l9A0g2w6iRWNBT5XvoPvZhACNCOC1CMo5fPCE3/FxImflMzXSo9W/xoX7+vhtvs/QNfAVWRTc/z0nx5l8pWfF/aIJRIcfO0DjN3wenzPBeUjhMRzbTA6EEYcHwNfFIMgmo7VdD2PhcVFhBDMzc3R19fL8PAIegt12StJp9OcfPVV/BJDquB/xczMDCMjI3TEA1EjEtkZIXG2bfP5z3+eRx99dNPz9Hzf55vf/CZPPPEE73//+3nXu961IzqjeDTCSqr2gF4VlMAre4AU+m+EhFw5hL4ctVmLL4cQ4Cmn0Bd6noeubfz1VEpJZ0cH6UyGbDaLaRpNjpfKRQ4l/ZwvR7DM932koC3GoxD0rUqpgidHPePTtRwTmkyRCCm7MVjvfSqmn5RuX+lbV76PqCVs1NiwXvRGXtwwDH1HjCc3mu1UmSkkZKMxrDhdfbtZmj2HEYkiAN+1UX4G3Awo8Aj6I6lZHLr7V1mZn2bh4iQC6Nm1F5QiuTCDZzt4bu15sURiRDuRmiDa2cvNb30/VvTvGD/+DAKBa9tEu3pA+fiejfI8fM9Di3QhjDgKvUzcANB+67c+/HAzL3J+YZ6lpWW6u7vZu3cvfb29NS92zUZvuK7LmTPj+L5i39699Pf309fbQ29vL/FYjFQyyfzCPD09PWhSEo9Z275zPHbsGP/u3/07nnrqqTWbrLYD3/d57rnn+N73vsf1119PX9/2vvOv6xrpdDboSAupKbmVYRQHAD093VhhidiQkCuGsJRsbdZaShahcB0PKbVNm6RIKdENA9/3cXLl9DRNosi3v7J/KvXAKBEaBAhV3F7lbq23S+QoNwRtlxBRXgkvmGhfHv1xOwneE1X4K3+PVEEgUsqnUPO1ZFTt+/mIjRo+oYVh0urv+2qpKXDlmorWwvM8ksnkVjcjJGTTMCJxnGwKN7OMUi6+k0W5Nr6XRfkOUoESAqFpWJEOIvEEF0+/gO/5ZFeWOfia+9l9ze0khveSGNpNrDuBGY1iRCPEE910D++me9fVDO67ESkEynfRDYv+fYfRDYP0yiWuuvke9h5+Ha6TxUmtYKcWkZEeZLQXhI4vq+dHTaeoTF68SGdnZyGioh7NChzjp0+ztLTE7j27iUZjFWajinQmy5nx0/T29jE2tod4bPveebJtm09/+tN8+ctfbmm/gwcPcscddzA4OEhfXx8f+9jHam73n/7Tf2J2dpapqSmeffbZlg1KP/CBD/C+972vpX02m6XlJOmMHXpx1OGqfXuJRSNb3YyQkJAtIExZqU0r0RwKsDMuyt9cH4486Uwa23bQNQ3TNHJpKq31T5Xmo4JcSsk6+7nydAmx7hSYwoQ8h++roF8PIwDK8H2/7LmU9T9H3199qF78ChTHTHWp67sRLMnrKConuFhXuO9GKdlslgsXLmx1M0JCNhXf95g69SN8Jw3KAc9F5G7ASMNC16NokTiaEUWh8fw/fIaLLwcpJonhEW5/+0eJxbuB4FrlKw/f9ZCaDMxDgeDa46I8G4SG1EyEkKRX5ol19uK6Nm56BSe5iIj2YfVdDQh8oeeLcZbRlMDhK9VU5ZJ6UQuqYv358+eZnZlhaGiIRHd3mZloQbEGpqenmZub53V33YGmbc+O8dy5c/zhH/4h586da7itaZrcfvvtvP71r+euu+4qlNTN88Y3vrHmft/97nfLns/MzPD000/z/e9/n3/5l39pqp3XXnstf/Inf1J1zu2C5/lcml0oEzJa9eKo1wFfDh3zwf37MMMIjpCQK5ZQ5KhNsyKHAnzPx067RKMxLGvzX3s2myWTzaJpEsMwUKJRhE4NT44aFVak1NZcUr30/3YajebOUChJGxx/e47jNgylVhWfSsfMeYFpNSEj8NIQVY9bblP+YfXKslRxAMMw0PX1+7JcLjiOw8TExFY3IyRk00kuTjN3/gVwbfCzoHykkIGBqBVDN2NoVgeabjF95mc8978/h+95SCm54d5fY+yGN4LyKPRrhctXTlH1PZTvoDwPJEg9ipQGCA3fdfDsFHZqEbQ4kaHDKKGhVrlJ0FSc5nrKslZeQCfOnWVubp7+gYFycaMGsWgM0au2rbgxPj7Ob//2b7O0tLTqdtFolF//9V/n3e9+N9FodN3n7e/v5+jRoxw9epTFxUW++MUv8uUvfxnHceru8+KLL/KRj3yET33qU9vSgFTTJJZpYDu1B3zNeHE0rPO+g5Hr8LoJCQnZ+YS+HLVpxZdD0yRSl6QzaQzD2PQJt2VZSClJpdMo38Y0TZRsTeRQQiGEghLzUd/31mQ+KoQoK1daPF+7yAsmjSMQLjuUwleq5GZNNfnl+fFN/j1qi5CxHvKpKVKG4kYFV5xIFxKSI54YJL00RHrhAsigiopCIZSP8myUq4Pu4EuNgb3X0bt7jJkzp/B9n9mJlxm74U3BnN/LopQflIot9As+yvcD81LfQ9M0fB986eB7PsrzcDMrKGEQrSNuVEZxbNovVSnF+Php5ucXGBwcoLe3t3IDSqM3lFKYlsXg4PabjAO88sorfPSjH20obhw9epRHH32UD37wg20RNypJJBI89NBDPProo7ztbW9bddsLFy7wkY98hIsXL7a9He0gGjGL+abkO/3qxNIrbJgErE9kDAkJuTwwZPv7kA4ru+YyrNuFVkQawwwmbKn0xpRtb3h+wyAej4EIIjrwNCp9FYpUenIUHynply3z/dwAcQ0UxY18esqV2Mu2F7/MZLXx5yKlLPwJKYtRq+3s+5uN3sit1Y2d69WzUVyuN9FCQpohMXg16BHQDIRmoYSGr3yU5+J6Dq5rB/2Q0BjYc13hQjM3OU46NV+4nvluBjebwneSePYyXnYFz07i2SmUm8Fz0rjpJZIzF8kszJBZmsF1fCIjN6Dk6pEbedomcKzmveG6DqdOnWR5aZnBoUF6enrr7lOKYegMbMPSmKdPn+Z3fud3WM6Vt63F9ddfz9/8zd/w+7//+3R3d294m/r7+/n3//7f89nPfpZ9+/bV3W5qaorf+73fY2ZmZsPb1CqRSGMj2cqQztyDmutXW7bTCDvVkJAQCESOjRI6djIrWaspoUNKgWFpuI6zZWaBuqYTj8XRNI2sbeO7zQzFqvsAJSsMJ5Vf5evQDKUpJIXU0I3gMuiLmyEvaEgpkFKgVM5vo87r35T+fVVxo7gwP17SNS2MVqhBOBYLuZIxrBid/WMILQqaidAMhNSD65vvgu+iPBflKzoH9yBzGRjZlSRz514OBHQpQQh8N4vnZPDdNL6TRrmZYF/PxbMzLE9fILs0Q3Z5BiedIjJyPb4wUKr+b7D057nhV69sNsupk6dIriQZHR2lO1E+2a/lvZG/i78dS8NOTEzwe7/3e6RS9e/+vOlNb+Iv/uIv2LNnzya2LODAgQN8+tOf5rbbbqu7zeTkJL/7u7/L4uLiJrasOSKrRHFcDkLFWgk71ZCQkFJCkaM2zYgcui4xLB3HsVlZWcbzN7ekOwRiQjwexzQNHMfFswUajSpVVPaBqiqSQykfv4US9eU9S/v72NKu60rowYPxS7lhaP6xv13HMUqVfzZKhdEbdQjHYiFXOp09w0jdQuoRhMwJHUJD+V7xD49YZz+6ZeXsNTyW5ycBiUKCCEQO5bso10MpPycMB1ei5OwsdmoZN5PETq0Q3X07wkqwmmxRWklKiA0WONLpNKdOncJ2HHbv2UNHR0fQiCb3j2wzU8V0Os0f/MEfsLCwUHebD37wg/zRH/3RlpbUikaj/Nf/+l85evRo3W0mJib4D//hP2xiq5qj2c+80rj2SrkzFBISEpInFDlq05TIYUjMiI7reSwvLZHJZLZk8hmNRIlYFq7nkbVtpGpV5MhFcojSO/QK33Ob6xc3SIAo+qtdQRPCCgFDiLwviiiIHM2mrLS7XYWHq26Wi97Q9XAiHxISUhNNt4h1DyO0CFK3ENICzQSpBwK774KvMGMJrHgw70eBnVwCocjXwxQyVyK74lKTmp/FzqRzN7l9Egdfj9E1WFjfbD/dFom21smWlpc4e+YsQkr27N5NJBKpSi+o3K900hqUptpedbf/43/8j5w/f77mOiEEf/AHf8Av/dIvbXKr6vP7v//79Pb28oUvfKHm+uPHj/OZz3yGD33oQ5vcsvpYloEQovAdqBwerdVs9HI2IA0JCblyyYsc7TQgzYscO9mANN/21QQbTZdENIFj+2QyaTKZDKZpohs6mqahyaLBYtGMs/33hSzLQkhBOp0hq7KYhomSDtXiQFlvWPZcCT+YTPuisNZrynw0N8isPuQ6qRWtcHkLHnnfjXw1mkLlt5yZa/6r4/uByCHb7bGxFvLRG8UBONplYizqOA4rKyskk0mSyWSVEX/ghxMnHo/T0dGxpTcmQ0J2EtF4N5nlORS5PtHXAqPRXNyEUgqp6WiGWbjqe26W0uu/7+XWKL9wHUwtzpMpSR3tGLsTs3dfy+1Tqk0CR9lBCXwepi5eJBKJMDo6uvpFoyQ9JXga/G9ts+iN//W//hc/+MEP6q7/+Mc/zr333ruJLWqOeb7KEAAAIABJREFUD3zgA1iWxWc+85ma6x955BHuuOMObrnllk1uWX0s0ySTzRZFDqWC775i6wcDISEhIduQsMpKbRpVWRFCYFoavi7xXB/HsbHtbOkGlM4AI5EokUik7e00DRMpJel0mmw2G5QF11ZLNakWPxQKpEL4RR+N/MS6tQor7RAigk67rHrKZaxvqLJqNNWldqWUheiNfDnYRlVW2tOw1Y1Fi4+Cx9oO996wbZvZ2VmWl5exbXvVbR3HYWFhoRCVbZomnZ2d9Pf3h2JHSMgqWNFOsullrGgXIBFaUC42yDzRQQg8z6F7+CpSS/M4yTQILXAcyF93RKm4rsisrJBZynlbCoiN3Ehk+Lqa52/mpnVbBY5LMzNcunQJx3Ho6elhcGiocHEtCBglj+uiFKa5ffL/5ubm+G//7b/VXb9dxY0873nPe/A8j89+9rM11//pn/4pX/ziFze5VfUxTZ1MJtO4frwIAp0KX/QGNedDQkJCLmdCkaM2K1mLeIPUG6kJpKZhWFow+fQVUun4vkf+brzv+2TtLApFNNL+9KC8+Wg6nSZr2xiGjtRXTSqgVlSHkgrhQ5nIIUDUmLiWDDEpChIKKVe7i19x1z8YtbLaVLqZSbzy/Zpt3G5UtjPvGZZPQxGy9msNqqJIlK8KpXPzPmOtlvhtuc2rLb8Mojd83+fSpUtcunRpzcfIiyOzs7MMDg4yODjYeKeQkCsUTRpcePVH7Dl0J74vQJNBP6MFQoaum+y/7X7691yL1DSiHT34+ORLwgoU+Wy9bCpFusT+IdJ/gPjeW9fVvraoCHPzc1yavkQmm6UjHmd0ZIRIg5KotdJTStNWLHP7qKd/+Zd/STpde9D4a7/2a7zlLW/Z5Ba1znvf+16ee+45jh07VrXu/PnzPPLII7znPe/ZgpZVk//sC98RIarSVMJ0k5CQkJBqQpGjNskGkRyl5KtfgI9ElPliOK6LbTv4nk80Gm373e68+WgqncJxXHSloa06HGpS5FA+wlNIrf4EtlZKiSqZ/Krc/42iMMqiNnIIaHjTQpETD4TYtn18aTtlLo22yndjlTdIIBCymLLi+2rjIltWvZmoqlQPIQTaKt+P7crS0hIXLlzAdd22HXN6epr5+Xl27dpV8A/cjvi+j+M4SCk31DvF8zy++tWvFp5fe+21HD58uO72y8vLZX6FpUUXMpkMf/Znf1Z4/uCDD3Lo0KE2t7gxf/7nf16opHXdddfxjne8Y9PbsJPZfe1rePZr/x9OJsVVN70BgcRXPiiBVD5KuRiRGP1j1wfpeBCksRTMSF0UCjdrk5ydA4IuwkiM0nn13YXzrHXOty6BY2FxkampKdLpNNFolN27d9PR0dG8UVdFekqhUZqGpm0PFf/ll1/mH//xH2uu2717Nw899NAmt2jtfPzjH+c973lPTbHmC1/4Ar/8y79MIpHYgpaVo2kSXdNwS8rdtZqmEvpwhISEXKmEvhy1aZSuUg9fOBgyiue5GLqOFIKs7ZBKJYlGo2ha+yNOY9EYGZklm82ilEQ3oXlPjlzErMx5j6q8L0dgPiqlVuxHc9GPxVKxQYqFX6+yjKgtYNTYrORBtZ9WGRWebM14bW0F+ZtwpSkmeaQUTQsz+WoB+fdxo6NWGn1a+ZDx1cSv7Yjv+5w/f75uRUApJR0dHSQSicBbR9cLAo7nebiuSzabZWlpiZWVlaoSy47jMD4+Tk9PD7t27drw17Ma+df68ssvMzExweTkJLOzs2VpOEII4vE4Q0NDDA8Pc+DAAQ4cOEBXV9e6z+95Ht/97ncLz+Px+KoCxwsvvMBjjz0GQCQS4ROf+ETZaymNtGmUSrRRzM3NsbS0BATzuZDW2XXNa3npB/8bJ73EgTt+EV03EQRVUXzXR4jg6u/m5l8CD9+18T07KAfr2qzMFL8LeqyHxME3NHXuRnO6NfXKy8vLTE9Ps5JMErEsRkdHm/oBNSV7KIW+jXLf/vqv/7ruuo9//ONBnmybKL14bAR9fX389m//Nv/lv/yXqnXZbJa///u/533ve9+GtqFZdMPAbZCmApd1Sm9ISEjIugijOappxny0Fo6fxtACkUPTNCxL4tg2yWSKaDS6ITn7EctC5sxHVVZgGgZK1rtLLSoe50SOXHUVURA58uajWtngMJ/lSW6rRiKGEOXnbBShsRrl5pybm7rRCqpC0KgUhZppa14kKYgbGyXiNHGjsTQ9RSmFvoMEDtd1GR8fD9KZK9B1naGhIRKJRN0IKyklhmEQjUbp7u7G930WFhaYnp6uigSZn5/Htm3GxsY23Z/EcRyeeeYZnnzySWZnZ1fdVinFysoKKysrnDx5kqeeegohBDfffDP33nsvY2Njm9Tq9nDixAkmJibWfZzu7m7uuOOOdR9nZWWlbJ52+PBhrrrqqnUd8/vf/35BoOvp6eHuu+9usMf2YuyGuznx1N9z8kf/jJtNcfA1/xeRWAyhfFAuyndzUR2glBNcQ30P5WVRnktqdjbnXySQeoTO/fcgtOp59VpuULckcCwvLzMzO8vS0hKGYTA8NESiu7v+DhX+G/nHjdJTzG1Sf/vixYt873vfq7nu/vvv55prrtnkFq2fBx54gK997Wu8+OKLVeu+9KUv8e53v3tbmCuZhk4ms3qaSrC4WHot9OEICQkJKScUOWqzlmiOMpFDCoRl4tgOqXQay/M2znxUVJqP5idglX1dqeRfsk6o4M8vTs78kgor+UlbUOKvJN0CCv3pegSM1VCqUiSg6WojmxmVmS/tmm9n8Li4vp7vRsVRykrEbl0qTjE9JR+9IYRAbpPI6Ub4vs+ZM2dqihuDg4P09/e3LERIKent7aW7u7uml0cymeTcuXObKhJcvHiRL3zhC1y4cKHmeiEEnZ2ddHZ2Yts2S0tLZLPl1zSlFMeOHePYsWP8wi/8Ag888MCOMZE9ceJEW278Hjx4sC0CRyqV4vHHHy88TyQS6xY4nnvuOU6dOgUE7dxpAsfw/puw4gmyyUXO/PRH6JEYYze8gVhHkA0gCMpkg4fyFcrJoJQDyiM5O4uTdXKXdkXXwdejRUs0hSbmc6v1AQ2VhOXlZRaXFllaWsZxHHRdZ3BwkN7e3sLB10Sd9BQAw9geKvKjjz5a9/XtpNSUSn73d3+3ZvuXl5d54okn+MVf/MUtaFU5tb4DYTWVkJCQkNYJU1Zqs16RQwqBZZk4jkvWtvFV4MuxmgfDWtB1nXg8TjqdImvbmIaB0OtVWKlMVSlGbiD96gorJeajIn8jYdNEg2LKBwQiQc46vGG1EaV8ivc/Nra9QTtLTERzwkS+Kkoj3408efHI94OxzGZEb6xqLlqy/U4yF52YmKhKtdY0jbGxMWKx2LqOLaVkaGiIjo4Ozpw5U5a2sry8zMWLF9d1/GaZmZnhU5/6FCsrK4Vlpmly5MgRbrjhBvbv3088Hq/6DjmOw+zsLCdOnOAnP/kJp0+fLqx74oknSKfTPPjgg3XP+4d/+IekUqmG7fvGN77BN77xjZrrPvzhDzfcP+TyYfTALZw+9k8gJXYqiRXrzE3TNBBa4FXku7nAQg/lOCTn5rBLfsNdB+7B6Bpe9TytCto1BY5KUUOTknhHB4ODg3R2dpadrFYD1oNSYGyDCA7Xdet6b7zrXe+ie7XIlW3O4cOHufPOO3n22Wer1n3jG9/YJgKHvu5gjNCHIyQkJKRIGM1RzVpFDgRFXw4jMPezHQffz/lyrFqFpHWklMTiQYUV23HqmI+u7snRyHx0s/vGeuac9auNUCIslKSJKLWhPhZV7RQl7UQ29b5V+W5sg9Sb8pSbrW9PM8zMzBR8E/JYlsXY2FhbU8bj8Tj79+9nfHwcx3HKzj8+Ps7111/ftnPV4u/+7u/KxI3Dhw/z7ne/u2wOVgvDMBgeHmZ4eJg3v/nNvPjii3z+858vCEJPPfUUR44c2RJTz1a59dZby8xJS5mdneWb3/xm4fltt93GddfVLim6nU1iLwcO3vlWJk89R0dPP1fdci9S6oAPaCAFQtMRSkN5Eh/wMhk8RxXmY/E9t2L2XV3oscrmaeuYCBaUBF8p5ufnmJqarhI1Ojo61t3xNTQ5UkEnpW8TFfn73/9+2cWllN/4jd/Y5Na0n3/9r/91TYHj+PHjTE5OMjIysgWtKkfXNTzPyymBq7ivE/pwhISEhDRDKHJU0w5fDl0PBALbtknlfDl0vb03awQiZz6aIZu1c+aj9Xq/2p4cQCByVJmPerkUhU2K3vDLUz4q+/h8tRGVqzYCFMSM0vFkXuTIVzVpd/RJw3Y2aXq+Kb4bledtckVQ4nb7CxyO4zA9PV22zDAM9u3b11Rq9fT0NHNzQbWGvr4+BgYGVt3esiyuuuoqTp48iecVI6b+9m//lj/6oz9awytojnwERp7+/n4+8IEPrCl9/Nprr+V973sfn/70pwvLnn766boCx+DgYN2qkc1iWe3pC/bt28e+fftqrhsfHy8TOHbt2tWWNJSQ1unfe5jDr38HHb2DRDv7cymcGmiSi6eOYZgWA2M3IDQBno9SGnq0A6U8rP79REbWJxbWu3GtT09PMzs3i20HCmXEshjMlUVa10W4jv9G1WYVy7eLwPHtb3+75vJ77713R0dv5LnpppvYtWsX58+fr1r35JNPbouSsXmBA3LfEVEdBFr6xQ59OEJCQkIas1EpKztZ5IA2+HJoEsuycBybZCpFNBrBNNp3VzlPxIoEvhyZDGQFmimqTD+rqYhmFEHaR5XIUVphZYPIl1otTU2ph5AyV2XFr2nsCWrVVJZ2tlM25bNRcYzN9t1oGEWdL/db3D7wPdn+AsfU1FRZyoiUkrGxsaYm/vmqI5XHGhoaWnU/0zQZGxtjfHy8cO6FhQUef/xx3va2t63xlaxOpf/HzTffvC5vvGuvvRbTNAvVSiYnJ+tu+2//7b9d83lK2ehUnnx51zzLy8sber6Q+phWlP6xw4GxKB4Q9CFzF17m9I+fIJtOsv+WS4zd/GaE1NHMKJqTQYuMEd1zW81j1hMtWonC1y9OTSGlpLOzk9HR0U3JZVzNf2M7XGSVUjWjG4ANu6BtBffddx+f+9znqpb/8Ic/3BYCR63vQqkPR6PIjpCQkJCQ+rQ7miP05XCRUmBaFrZtk05n8H2fiLUB5qOmiZSSVDqNn/UDIUWr9OWojG8sf66EQpSYjxYrrMgNTaGol5pSj3wqSF7kKCyXApTI+XhUp7K0u51riW5Rpb4bbWpXu9kO4+5GZLNZFhYWypYNDw83bexbuS8E1VEaCRwAsViM/v7+suiR73znO7z5zW/eEFP+ylSb9UZUOI5TVhmm1QgL27aZmppiZmaGubk5YrFYIQKmp6dnXW1bK5XGq6VeI6Vks9lC1E4lldVyWuXpp58uGISulc3ydNloNE3HzqygaTqaBkuzF3jxqa+xNBV8TgtT44ymV9AMEyF1pNWJNXyksH9euKgZkb/Gm9b6dqoEohTo28DF+ac//WlNd+ZIJMJrXvOaLWjRxnDPPffUFDiOHz+ObdttzWdcC7omw2CMkJCQkA0kTFmpZi0pK3lfDqkMBGCZJrbjks3a+L5PLLo+88NaBOajsaDCSsF81C/ZotKDo5q65qNyY3wi/AYpH/UIIh9kLoJDFYWRnFmnXyOVZT2+HGWpKWvMg63y3dhEIaGV9JTt4AfSiMoSqaZpFoodNMN6haX+/n7m5uYKk+JUKsUzzzzDPffcs67j1mJoaAhd1wvn+tGPfsSb3vSmpsSYWnz7298ui3ypl/ZRiW3bPP300zz++ON1U/aPHDnCfffdx+joaN3jZLNZ/vN//s+F5+v1agR46aWXyp6fOXOGhYWFqgj7c+fO8alPfWrd56vFxMREW8rYXg4YpomdCX5nmdQiL/3g71m8eAEhwIrHGb3mDnQrhpdNo5SP1X8Q2njdqRXZ0dar2rq+tLl9tW0gcBw/frzm8ltvvXVHKN3Nsn///prpNp7n8fOf/3wLWlRO4buwju9VOy6kISEhIZcz+ZSVdtJqFMR2ZC0ijS+KhoSmoWMYOo7jkkyulE0y2oUmNeLxOIauYzsOnlNrIlcZxVGNkqpsne/7hUl+u1i/Mb3IRZdUCyP55cHj4E6g7/trHz+IvNijQORL6PqoVcSiUrbEd2ONr3UtqTebie/7VREYrU72a0UatCKQSCnp7+8vW/b000+31IZmicfjvPGNbyw8t22bT37yk/zwhz8spJk0w9zcHI899hjf+ta3Css0TeP1r399w30zmQx//ud/zle+8pW64gbAsWPH+MQnPsGPf/zjutsopZiamir8VfqotMrU1BSvvPJK1TmeeuqpdR03ZO0YZhwhNOxslhef+iqXzpxCAbppce09R+nfcxjfyeI5abT4CBhF49d8H1DZF9TrG5rtM9bsgNVKp9SUwWiOzVS46zE+Pl5z+ZEjR2ou38ncfPPNNetMnzlzZstfb+l3oVHeVSs3WMJKKiEhISHlhL4ctVlLyoovnGKFFV1HColt2yRTQYUVXWuX+Whu8owgFouRyWTI2jYoiWYGa4pUOVhVLVutwko7KPXL8nMVUoLxX3OVSIrHqT1ODJY3LjHbbFvzjv5BW4Pc2OZKAG+y78YaKBVq2l3WuN0kk8kq741EItHSMYaGhpBSMjs7ixCCvr6+KsGiET09PWUpBRMTEzWjBtrBL/3SL3Hu3DlefvllAFZWVvibv/kbHnvsMa677joOHTpEZ2cn8XicaDSK53mkUimSySSXLl3ihRdeqPLYE0Lw3ve+t+HrVkrxyCOPFNJApJTcddddHDlyhJ6eHtLpNBMTEzzxxBOFyJpHHnmEgYGBulVP2skTTzxReCylLHw3nnzySW6//fYy8cuyLA4ePFjzOCdPnlyX6PyWt7yFW265Zc37A3zxi1+sSrfZiWhmBKU8Xv3h/+HiyZ8jACk1DrzmrYwcuAPPyeJmVpDRflSkp3jFqRGm3640lU2rx9qsIKJtA4HjzJkzNZc3G9a1VvIKZF6ZvOaaa7jrrrs2tGMcGxurufzs2bMbds5mafa7EAoWISEhIe0h9OWoZq0pK5Xmo7Zjk0y223y02PdFIhGEFGQyWVRWoJmVE/vSoWPtPrN2hRW3beaj+cm+8v2CcKCUj1KiLRGyeZ/x0udrHh9UHas5Hw5/i303GiQklTzNp85s7/FTZQRBo1Kp9RgYGGhYOWU1NC2Ilirl1Vdf5fbbb1/zMeuh6zof+tCH+Na3vsW3v/3twhzKcRyOHz9eN9K8Hr29vfyrf/Wv2L9/f8NtT506VXb897///dx0001l2+zdu5fbbruNv/iLv+D8+fO4rsvXv/51PvzhD1cdzzRNPvaxjxWep9PpspSVVnj55ZfLPBLf9a538Q//8A/MzMzgui5/9Vd/xUMPPVQoDbtnzx4++tGP1jzWxz72saqSw63Q29u7bkGnWQ+Z7Y6mm5x8/tucP/F8EPknBWO33M3YjW/Ed228bBLMLoiVRl5tbA3MDRU4GokalRVUFGpbhMrVU9PqiQHtYGFhgYcffpjnn3++bPktt9zCww8/vGGVW/bu3Vtz+XbIKwvCTIt3TOpVUiklFDtCQkJC1kfoy1GbVqM5Ks1HrRLzUeWrtpVTLMUyLaSUpNNp/KxCN2XJuKqWJ0cNp3qRm/gWRI72m4/mq6MUq6IEqQjrjXYoFRdgff4SlRVbmisJu0W+G03eRKy91fYeM1V64q1V4GgHlec+d+7chggcEJTAPXr0KHfffTdPPfUUzz33XE2z1HoIIbj66qu5++67OXLkSNNlq0uNM8fGxqrEjTyWZfHWt76Vz3/+80DgixF44ZRHZEkp6erqKjxfa/nsc+fO8T/+x/8oPB8ZGeH2228nEonw2c9+FgjmLp/85Cf5yEc+cllUvNwpKM/l7AtP47keQsCe627lwO2/iO95eJkUwoghOnYVt6+Yq7WjakrlthsjcDSRN1Nf/Nj6C202W3sA8853vrOl49RK/ajHH//xH1eJGwDPP/88f/zHf8yf/umfNn2s0ty9tTI/P7/uY6yfOneYapWGrd4odCcNCQkJWSNhykpt1iJyVJuPOmSyWXzfJxpdj/9J7T7O0A1kPBA5nKyPbooKf7NcKTKg7l00oYK/DTQfbVfKSp4qcWEdQ4B8ikle3GgmuiTvu5Fnu95sKeS8555v02YWqBQ41iIMTk9PV3k/DA4OMjg42NJxKs+9Xj+JZujr6+Ptb387R48eZWpqigsXLnDp0iUWFhbIZDLYto2UkkgkQjQaZWBggP7+fsbGxojFWjc3Lq3a0tfXt+q2pSKC7/s4jrMhwu2ZM2f4y7/8y7Lvwtvf/naklNx4443ceuutBR+QqakpPvnJT/Jbv/VbjIyMtL0tIdUIqeNkbSQwePUhDrzmAUDgZlMgNUTHXurO70vma6tWUynbpbHwsWkpKgVUuZFV2WK2h9nRRhiBrcbzzz9ftywtwLPPPsvPfvYzrr/++k1rUysq8UaR/y7U1ioKdWI3u1khISEhVwwbkbJypYkcUO7LYRoGQghsxymIHO02MNekRjwWD0QO20XoAmmsFrlRw5MDoNKXw/eRon2RCXmvC7/E62KtKStC5EvJkmtrzo8jyFNp+jiBUFEcgzQnVBR9N3xfbUPfjfoRHturndV4Xnn5Y61NnjBrobIsbGV1l41ECMHw8DDDw8Mbep5SQ9bTp08XojJqUZrSH4vFCuJGuwz+lVIcP36cRx55pOzm83333cfhw4eB4H1597vfzcLCQiH6ZHZ2lk984hPcdtttvPWtb93w9+xKxzCDz717ZBfX3PWr6HoEJ5MCBUZvkBZV+E40iMSvS4s3rrfe8GIbst7ayK3STMWSY8eObUJLimwHgSMkJCQkZOtpd5WVDiu746usrGStloUax0+j5QxGDV3HMk08zyOZSuJ6rY47Gk8ghAjMRy3TxHFdPLtyn9VTVQpbVVZYUT5+xaRzXYh8dZRAHMiXgm2lakme0jSavEDhV0RWNKI8CqO5aJKt9t3IcyXUjVtrikM7qBQ4FhcXt6glG8d1111XEDTm5+f50pe+hOM4VdudOnWKr3/964Xn7U7VOXHiBH/2Z3/G5z73uTJx48Ybb+T+++8v29YwDH7zN3+TQ4cOFZYppfjRj37En/zJn/DMM8+0tW0h5UipEe/p5ZrX/QpWLIFrZ1Ceh5a4itVDBjbuirV1V4lStlkpT8Mwav6YryQ2O4qlIWHKSUhISMiWEfpy1GY9vhyV5qOxaASjbeajRarNR0WuO6305Fhd5NhI81EorYJSkrLiK2hSZCgeR4CQqNwxgkgOBUo1jDzJl8ZtzXcjL8hssu9Gq9Qcam+v8XcthBBtiwhYL5Xfh3bNFb7yla9sWTWNN73pTdxwww2F5/39/bzjHe/gS1/6EgA/+MEP+PnPf87NN99Mb28v6XSaM2fOcOLEicI+Q0NDPPDAA21r05NPPslXv/rVquWve93r+NVf/dWaESXxeJyHHnqIxx9/nG9961uF70xnZyc33nhj29qW56tf/WqZwLMWKtOvdjLX3nWUzp5RPCeD72QxEntQ0qjbqzTrw7FWtofAsc2IRqObKnDkw6xWo57Jz0axlry9kJCQkJDLl9CXozbtMh9NpTNEmjIfbX2yVzAfTaXxs6CbVJiP5qM0VhE5RBCdQJX5qNa2gWm9lJVAbGheOBAIRG7fspQVv37KilJBvIiUAhRIrTlxo7Ik7KazTSb/G4WUsixNxXVdTLP9QmAzVM4N2lUF48KFC4UKipvNrbfeWrXsnnvuYXl5mccffxzf91lYWKjrKzg6OsoHP/jBtlYEueuuu/jud79biCbXdZ13vOMd3H333avuJ6Xk/vvv58iRIzz55JP88Ic/5J3vfOeGzGls28a27bYfdyfiK0XPyEE8N4OXTqF3DqP0zvriBvV7mnYJH9tK4FCKknrjW0c0Gl1X6aBWueWWW7jzzjvr+nDceeedG6I+rkZlKaytILjrEgZuhISEhGwnwlKy1bRaSnZV81HlE43USgtqHGmxGgXz0UzefNQvMR+tLCdb+zxKKIRQ4BfFBr/NFVYQAllSSpb/n703jZHtKu+9/2vtuap6OD33mW0f29gYCPgaGzBYEIdgpqBcYeMIPtybvIQgJJLwBYQUJREIoRDFyCFXEZEgAUQSpATeQCAxkxneaxswCAjEBx+fufucHqu7q2rPa70f9lB7V+0ae1d1dff6wXFXrT2tqtq1a63/fp7/A4QGpAyEEvSSwV2PCmGglAQpMLw5jaTJIJR2UxJ21H03umPUq8/JspwSOFzX3TOBozGF/SBX6njggQdw99134+tf/zrOnj2LtbW1+DtSKBRw7Ngx3HvvvXjhC1+Yu4eQYRh46KGH8KlPfQqvetWrcN9996UqsXRiYWEBv/M7v4M3vvGNPW0n6BcO5tnw7RrkwhSgzwStPJQyCABeTzhsut5kTPb6MRpNtuUmcOQXPjbYurjdMDExgevXrze1f+ITn0iFceXJBz/4wZZlYj/4wQ/2tK9eqrf85Cc/wXvf+96m9omJiZ6OORjyMyka5R9vgUAg2G+IlJVseo3mYMQF5UFef2w+6oTmo3qW+ejufsskSUIhNB/1HA9QGCQ5OkY0/kpWWWkmMB9lII0VVnI0HwXqpWRTKSs+B2j+KSvRGJZS0rVQMSq+G7tl1G8kaZqW8mBwHGfPbsI1Vlmcn5/PZb9vf/vb+/L/+8d//Mc48qNQKOB973tfz/solUotl01NTeHBBx8EEJi9bm1tQdf1jhERN9xwA9761rcC6N8U9vbbb8ef//mf76rSVDtx4y1veUv8nieNVVsxNzeHj3/8410dNzmvuv/++/GmN72pq+32K8zz4NpVSMo4uLGQITy0u8b0MO/v4WK15xEcjcJI9CO2lxw9ehRnz55tar906dLABI7JyUlWMAL4AAAgAElEQVT81V/9Fb7//e/HF6tbbrkFL3/5ywf6o5l0QE5y/PjxgR2zW6LBQ4QQKgQCgWB0ECkr2fQjckQVVhRZBg1FjlqtCsMwYmPSvKCEoFgowLJM2I4LMEBSk4PM7m4u8MYKK5yB+Bw0xyoXzaVko5SVHkWOFikrYKxpP91Eouwb342u2Psbi+3QdT0VVb29vd3VhHQQNEZ3nzhxIpf99hsJkkxnk2UZMzMzufQnC0mSMDU11dW6i4uLLUu0yrKMV7ziFfHzdjdUuxE3OOe4fv061tfXsba2hlqtBsdx4Ps+FEWBpmmYnJzE9PQ0FhYWYnHszjvv7Oq1CDrjuRZAdZCxYxgVX589Fzga8RmDjL0rAQW0nty3EgPyghCCe++9F/fee+9Aj5Pk/Pnzme15XbR3gz9qRqcCgUAgaKKbaI6vPhFM+M9dTVffuOlY/ff+5uPB4zPH93e6CrBb81EJmkbhOIH5qGEYYfWGfCehum6AEArLtsEdClmJ7o5158kBNIscgzEfDSIqopSVdCnZehRJd/tqTlnpNQJ5JHw3Mmj7KpoK6CSq4rQpAzoKNEZrVCqVPekzYwzVajXVdvPNNw+1D6NErVbDxYsXceXKFayvr6NcLsOyLDiOA0IIVFWFruuYnp7G9PQ0Tpw4gZMnT0JV1TgqZDdcvnwZ3//+9/Gzn/0MlUqlq20IITh16hTuvPNO3HXXXbuKDhHUcV0HdPxkvSFMR+mY5DfAG9cjJ3CMQvWOkydPZrYPu1TrMGj1mlq9B8NkFM4FgUAgEHSmlcjx1SdsfP3J1qbd56/Ur/PRejccp3jd3R7OHJf3tdCxG1+O2HzUdVAzTeiMdWE+2juaFpqPmiYcRqCoAGkSDdp7fzRXWMnffBSop6wkfTkYC3SUXlNWOA9EnMjzrfsYhrogEvhujI7A0ROExCLHqFQoaUWxWIQsy3E6AeccW1tbQ4/iKJfLqfdqampqYDcDn3jiCdRqNQBB+sSLX/zigRynH5555hl897vfxc9//vOezx1JknDnnXfiVa96Vd/vXaVSwT/90z/hpz/9ac/bcs5x4cIFXLhwAV/5ylfw4IMPikiOHPChgqMWPuvfIDRPwWPkBA4/z9rqfdIqDeWZZ56BaZoHRvErl8stIzhG4WI6CueCQCAQCLojKXJ0Ejbacf4Kw/+5YsVCx8Ls3pte74Z+fTkICc1HnU7mo7tDUQJBxTQtODaDohJQKYh06MaTAxiS+SiyUlaiCXrvvhyxAR5CkaQLiSMQVxKpKTm+tr1i1AUOIEjhWFtbi5+vrKwMVeBgjGFlZSXV9rKXvWxgx/vmN78ZewHedtttIzEmdxwHn//85/H000+3XIcQgmKxCMYYTNNsOrd838dTTz2FH/zgB3jNa16DN77xjT1F4lSrVTzyyCNYXV1NtR8/fhx33HEH5ubmUCgUUCgUIMsyLMtCtVpFpVLBc889h//6r/+KhSPLsvAP//AP2N7exqtf/eoe3glBI7bT+ree75HJz54LHI31rT1v7+/aHzt2DPPz801Go5xzfOc738Fv/uZv7lHP8uVb3/pWZvvp06dHwhm68VzYl3dJBAKB4BChUGNX4kaSSOi4/24fr3zx/nbC35X5qKqAeJH5KIdh6KA5T6wlSUahWIBpmnAdH3KT+WhnhmY+GqassIaUFXDS9XGCffSWDt3ou0H305iEpLJSUjT6nY0i09PTWF9fj+cLrutibW1toJ4TSdbX11MmoIqi4JWvfOVQjj0qfOYzn0lFTRiGgZe85CU4c+YMTp06hVKpBFVVUyKkbdvY2trChQsXcPbsWTz99NNgjIFzjm984xvgnOO3fuu3uu7Dv/7rv6bEjZtvvhkPP/wwpqenO2778pe/HIwx/OhHP8I///M/xyVev/jFL+LWW2/F0aNHu+6HII3jhNFVaI6EI4SAgzcJyL2Uiu2H3H5x8pp8jspd+3vuuSez/T//8z+H3JPB8R//8R+Z7XffffeQe5JNXueCEEYEAoFgODx7xcPXn3RjA9I8+PqTLr774+GVbh8UFVvrKeWGkbpIpMgyVFWB53moVWsDGStRQlEsFIPjuByeG91k6O03lNPIvyOAcQbGBtBfSkFIMEFnjAf+H4yBD8DkLtN3YxTGFjlEX+yHdGBFUZpuvK2srMCyrIEfu1arNUUM3HfffSMRzb2wsICbb74ZN998M06fPj2w4/zqV79KiRu33XYb/uRP/gQPPvggXvKSl2B6ehqapqXG24QQ6LqO+fl53H333XjHO96B973vfanKM9/61rdSkTntqNVq+OEPfxg/v+OOO/Dud7+7K3EjglKKu+66C+9973tTfX3iiSe63oegGTsUiwLaXJPapcW1uZb1E2W25xEcSQgBPG80BI7XvOY1+NKXvtTU/sMf/hCrq6uYnZ3dg17lx8WLF/HLX/4yc9mv//qvD7k32XiePxLjB4FAIBB0x9eerA908iwl+/UnXTxwTxABsZ99OYDeojmSkRyyJIFoFK7joFqtJsxH88XQDdDQfBSMQ1YRahw9OFU0+nJwDuYHKSt5/rDXTUMTKSuMA6S3lJVu2de+GyEEJCECkdDXZLSNRoGgJOvW1lYsyDDGcOHCBdx0000D+R4AQVrGxYsXUyJQsVjEa1/72oEcr1eGVX70ueeeSz1/+OGHO5aKzeL48eN4+OGH8cgjjwAIrgvnzp3rKhInGcEDAHfddVff5+zx48dx/PhxXL58GQBw7dq1zPU++clP4he/+AWA5oyDbvnGN76Bb37zmz1v95a3vAX33Xdfz9sNG9t2gmt7snpWRqntKFNlWBUxR+5q5o6IwPGiF72opYjxmc98Zsi9yZ9PfepTme0nT57ErbfeOuTeZDMq54JAIBAIOvPsFS9lGgoEIkde0RxRJZZeUj1GlV4jOaJoDokSqJoKSilqpgnbGcx7oWkaCoYBnzG4Nk+kMXQ/wOeEI1A5oi05fObn7vlACInTRaJ+cs7yjUxIjMf3gWVFb5D9EcUhy3Lq7j8AeJ6HCxcuwHXbp8TNzc3hjjvuSP2bm5tru41t27hw4UJTtNTb3va2gRj+jjK2Xb/ORD4b/TI+nk437DYKp/E977ZyShaMsdT2uq5nruf7fpgKx1KPO/1LwkMBsdd/+8EbBwBMs/HzGw3xdzQEjgYlx2ljVjIsCCF4/etfn7nsS1/6UtchVaPI+fPnW/pvvPGNbxxyb7JpOgf28d0SgUAgOAwkozcayUPkSPp6HDaRA6inrFBCoGkqZEmCZdmwrHyiZBpRFAXFYgGEIBA5fCBdQrYznHCApgf8jPmpdI9cIKQpZQU5pqx0Y0C630i+olFJD+/E9PR00wTZtm2cO3cOppnf96BareLcuXOxT0Py+C984QtzO85+YWFhIX7MOcd3v/vdvvbj+z4ee+yxVFu33hfT09MYGxuLnz/22GO4cuVKz31gjOGrX/0qNjc347Ybb7yx5/0IAmoJgSrvq+RurtwjlaICBMKC63pQ1cGEm/XCb//2b+Ozn/1s5oX/0UcfxZ/92Z/tQa92z8c+9rHMdsMwhhbu1gnX9fZ1CKhAIBAcJrKiNxrJI2Xl2StB+VggEDkOQroK0L1g02Q+6hLYofmobhi5G1/KkoxCoZgwHyWh+WgPkRzAUMxHgVYpK1Hp213vPSxNuz/urDbSrhbOfhE4gCC94Lnnnkvd+fc8D+fOncPc3BxmZmb6Tl1gjGF1dbXJcwMASqUSFhcXW1YfHBQbGxv43ve+l9v+KKV4+ctf3tM2v/Zrv4avfOUrKJfLAAJjzkuXLuHuu+/G6dOnW0ZARERVTL72ta/h6tWrcfupU6dw5syZrvogSRJe97rX4Qtf+AKAoBLkX/7lX+K1r30t7rjjDhw7dqzt5x6JVt/+9rdx7ty5uH18fBwvfelLM7f5/d///T2LpNgvc6BqtfVv+l6+huELHISEV1je3Bw22a6LIvbevGdychKvfe1r8dWvfrVp2be//W387Gc/wwte8II96Fn/PPbYY/j5z3+euezNb35zXzl1g8BOhBtmfz9GxOBLIBAIBF0TRXL0K3T86oofCxxAXRg4CEJHPyKHosggNKywUgt8OSTaW3WQTlBKUSwWYVomHMcF5wyyEk2Xu/8d5pSDMMTbMM5AGAfNub9ZpWTzJjnp2S8TkZgMpYPzQOSQpHw/i0FAKcXp06dx4cKFpvSGlZUVbG5uYn5+vqdqgIwxlMtlXL9+PVPsKRaLOHny5K773g/Xr1+PJ/V5oKpqzwKHqqp417vehb/+67+OUzuefvppPP300yCE4NixYxgbG4NhGLH5qmmaME0TGxsbTVUpgcBT5Xd/93d7+v7ce++9WFtbi6PQGWP42te+hq997WsoFApYXFyMy8QqioJarQbTNLGzs4OrV682iRXj4+P4gz/4g5ZzH5LhJSGoU62Z8CNvpRBC8ot3281+BiNwJNWKVHPdoKWdWYvreJnte8HDDz+cKXAAwIc//GH8/d//fW65eK3MZB5//PFc9l8ul/Hoo4+2XP7QQw/lcpw8aHcONLo0t1gp7y4JBAKBICfyNCAFDk40x27MR52k+ag8WPNRzjkUNYrk6OH3lgJIBPoMavJAwnFo3TmkuUxhP/vkDVUAgu7v0/FGYqxOsH8EDiDw47jxxhtx+fJl7OzspJa5rosrV65gaWkJ4+PjGB8fh6IokGUZiqKAMQbP8+D7flzGtHEfSaampkQJUQCLi4v4wAc+gH//93/Hk08+GZfN5Zz3lCpiGAZe9apX4f7774eqqj334y1veQtuueUWfPnLX05Fg9RqtVRkRjskScI999yDN7zhDbvyEznsVCpVEJBYCBolMWigERydHGeD34WE6BE6O7ueD99nkKS9twg5deoU3vSmN+Hf/u3fmpYtLy/jE5/4BP74j/94D3rWOx/60IewtbWVuewd73hHT6WWBonvM7ieH6qAaTGj01dnlL5cAoFAIGiNEDma6SVlhREXnAMSFEg08OVwHRe1mgldZ9DU/N8LTdNAKUHNtODaDLJCQWiiIkfHTtcfEkLDlJIBkbzZ1qMO0w5K64amUWWA/UJ2mkrQ6nk++phv7hmUUpw6dQrlchnLy8tNkRdRVEaUVtErqqri2LFjezIBvu+++1Cr1Qay792IWKVSCQ8++CDe8IY34Be/+AWeffZZXLp0CWtra01+JRG6rmNubg6nT5/GmTNn8LznPW/XN4Zvv/123Hbbbbhw4QL++7//G8888wyWl5dbGpYSQjA1NYVTp07hec97Hm6//faUn4egP3Z2qq0XNlwYCUFmdZVBMbQUlV7L61i2g2KhfU7XsHjnO9+Jb37zm6hWmz/IL33pS7jjjjtGpmRUKz772c/iBz/4Qeay+fl5vOMd7xhyj1pj2a2N6rIQooZAIBDsT3oVOW4+3n5wfthSVggBfO5CghKbjzqOA8uywRnvmBvfD4qiokhp4MthM8ga7SoNJOnBQYAhlyXdvcIRDDWCPnPOQCnZez+OFhHTHTdLlYpFWC2Ww/M8yPLI2fO1ZXJyEmNjY7h+/To2NjZ2vT9KKWZnZ1tWUhwGr3jFK/bs2N1QLBZx11134a677gIQnDu1Wg2u68aRHYqiQFXVOGUlbwghuOGGG3DDDTfggQceABB4fZimCdu2wRiDqqpQVRVjY2MDKyV8WNmpVOF6HqTUdZx05auUOW9rM5frZ57X91WsF8GinbFR476ia7U9QgLH+Pg43vOe9+CjH/1o5vIPf/jDIITgN37jN4bcs+743Oc+h09+8pMtl//RH/3RSJW8skOBI3k+dzq5ezn1hSAiEAgE+ZL0xeiV3fpyZHFQojm6FTkYkuajKojrwXYcMMZgGEbuv3uyJKMYmY/akflomwEqr4sbAHL33UgSjCd5at6fT6QFiffBeWJku1/CODIG441NnufvO4EDCKISjh49iunpaayvr2N7ezueaHeLpmkYGxvDzMzMvnwP9pLdlo7Ni1KphFKptNfdOBSUyzvB70qUnoLW86us+Pt2V8w8fq9y/Qb3GqXRsHE9F5AQmNZolYB7/etfj6eeeqpledUPf/jD8H0fr3vd64bcs/Z88pOfxGc/+9mWyx966CG87GUvG2KPOmNadvrk3sWJLsQMgUAgGA73362kSrn2SqtoDg7A9xhOL1KcnCFwrDCFUSKQJNLyJ+KgiBxA9ykre2I+appw3Mh8tPnuHQEATlLbDVYQqIsbNK6ekm+kRcqPA/vWhaMJ3/eDCjdDja7JD03TcPToURw9ehS2baNarcb/GgUPVVVRLBZRLBZRKpWEqCEQdIlt29ipVCBRKXOelfZKHGbP6ozUtzmVLhlGcWja6CQEvv/978fZs2dTpjYRnHN85CMfwerq6sike/zFX/wFvvzlL7dc/oIXvADvfve7h9ijzti2k7oZIvQJgUAg2B88cI+2K4EDaBY5fI/DcxnAgZuOyZCkYNjCGIPnMPgAJJVCbhE9cBBEDqD7aI6kL0dgPhqIHNVqDYahD8Z81DBAKIVt2wBnkNXoswj/svpkmQ7adyM+Lg/FDVL3e8vBaDSbfSxxxAPvetKK63ojNfbuF03ToGkapqam9rorAsGBYmNzKzQVDZ4Hj2mT2NHrTeY8b0oPXaKNwlmAbKOR5I+PaY5WFIeu6/jYxz7WtvTU3/3d3+FDH/rQntYUr1areO9739tW3Dh27Bg+9KEPDbFX3ZH8zDNDmsJzZ5hGNQKBQCDojvvv3v0EWqEGFGrA8wIRQ5Jk3HFrCW/99WkUjAIKRgGlYgmlYhGyLMNzGFyHtdxfSbNR7LI6ySjTrVBDCOAjEJokSqFpKigBajWzpRHgbtE1DYahw/c5XJvFN6sC343wcZf52XlCCEAobTItz2O/MXtswxHRUyIvqY+xSMMqnuvtvbeIQCAYSRzHxWYocEQXwqZrT5dztEHO4wb3SxO96A4lPdvl7FTNbDfcveTo0aN45JFH2uaaPfbYY/jDP/xDLC0tDbFnAc888wze9a534Sc/+UnLdRYXF/Hoo4/2VCN8WLT6zFtVUMk8v4TwIRAIBHvCA/douOH47ocWnu/BdzgUVUGxUMAbXl5oWkeSJBQKBeiaBt/jcGwG3mZi1m0J1lGmN5EjEDMoIVA1DbJEYVpWy0oDu0VVVBQLBQAErsXAvXRkw7DSHlLaw8Dm6cHNFkrJqOgb/ZMcR4X/cd3dRWIJBIKDyfrGZiAah1daGgnI4XWEjsgcbGhSelflPWNRJHjOGEetNnoixw033IBHHnmkbYmhn/70p3j44Yfx8Y9/HNvb2wPv07Vr1/Cnf/qneOc734lLly61XG9+fh6PPPLIyJSETVKrWWCMp8KeulEBR+OrJBAIBAIAeM//LOxa5HAcB1SiMHQD99+ttDUx1TQNBcMAZ4BjMfj+wRc5uhE6CCGxyEEQeA4osgzbcVAza+kqGjkhy4H5qCRROC6Lo1kH77uRYIDH4ZyBMQbGfKRCNwanpOROGyvYhiiO1lFRAoHg8GFaNjY3twDU5+opWpmMtr0k93C97uHavqsRSCdjkf72md7XKAocAHDLLbfg0UcfxcTERNv1/uVf/gVve9vb8LnPfS7IT82ZcrmMRx55BG9/+9tbGqBGLC4u4m/+5m+wsLCQez/yoFazcjWmGcT5KRAIBILOvOd/FvpOV/GZD+YHJf7uv1vBA/d0nswrioJisQBJkuDaLPDtaMFBEDmA7qI5CCFgpH43XlFkqIoC1/VQrVbhs/zTaSmlKBSLUBQZrsfgeT44Y3skAuR9zMDfg7H6v0EcZSiQzIcxjiOiOAQCQZ211Y36jedE9ZTIdqLxOkISqXDx+lkR+S0yPNrR0dz0O997clfX5ayqKTzpFJp4zsPH6eUcLGzjnAM8cL9Oti3OT0OWB1dSbDdcvHgRH/jABzKNRxsxDAMvfelLce+99+Kee+7B+Ph4avl9992Xud3jjz+een7t2jV897vfxRNPPIEf/vCHXfXz9ttvx0c+8pGRTEsBgtJky9fX45OfRlEciS8ETfhvAGj6ojSmqBwkgeP5t92y110QCASCnnn2ioevPRlEEZy/0t0dYcd18cpfY3jw/um+0hpMy4TjuJAkAlmlgY8isgdMB8GAtFvBhnMOCYF5pO8zOI4DQggMwxhYBQnLtmDbDiRKoCgyaAvX/byJog8oJeE51P8xOXhCwQjGpZGwEY9B9npswbsRWnj8J1ovOR7niYWcA4z50A0dipK/Me1+5vz583vdBYFg6JTL21haugYiSZDCiDxKKSRKY4PR+F+cthJ6LzXM59LztuZ5HYDmuV3wJPGw/RxvsFVUQnfmZDmt6OBJYST541Bfry72Vyo1TE62TgfZS06dOoVPf/rT+MQnPoEvfvGLbdc1TROPP/54LFjcfvvtuPPOOzE3N9fW5fnb3/42NjY2sLS0hCeffLJtCkoWv/d7vzcylV1aUanU4seNUTzZqmA6dUX4bwgEAsHocea4jPck0kuevZIu1firK+kIgpuPSzg5p8B23L49Gww9KIlqWhaY7UNRKIiU/dtwEKqsdFtKlhACn7uQoECSKDRNg+s6qNaCCiuqkn/lDF3TQSmFaVrgjgdF4ZAkaeCVVII4i4BAjAieZZ9TPBVckr5xly0ZUErilNr9Q/JdCVui8TkhIDyoMwPCwTkDB4dlWZBleZ+9ToFAkCe+z7Cyug7QeqUUSmn9xjOQiuzoht1WXOm4/4FGcARPUm2pKI4wgoOHynGynYWRHDxc5+jCbKKe+Wjyox/9CB/96Edx/fr1ve4KgCCN5v3vfz9uuummve5KWxjjWLq2ijjEiYQmNQ1qX2MFlXbRG6m2BPv1R1pEcAgEgsOC4zqwbQfj42O7qnzh+R4s04TPOBSVQmpRShY4GJEcQHfRHFEZWSAYkzmOA99n0DQVuqYPpF+e58E0TXDOoShSOGkenMgRjScbx43BMZOCRvYQOIr46VRNpPFmy56RGHd3jOLg6XUaozg452C+F6+jyDKMQrPJ72FFRHAIDhtXrl7D9vYOCKVBqe8wMi6Itqdpo9HkHI0kTEdbzekSy4D6PG23ERy7/nXZ1SQyfHGdysVynr7DP6rceeed+MxnPoO3vvWte/qDp2ka3v3ud+Nv//ZvR17cAILPNqmJdSoP2w0HSdwQCASCw0R0l933ducPIUty4AUhy3CdoORsKw6XL0e9jCwBoKkqZFmGbQfmo4NAlmUUigVQicJxfbiuG/hyDJgmrwzO4htnjV4ayX88sU0YXV1Pl40G94m7mfsNknqcvkHEGnxZXNcdWHlhgUAw2ly7toKtre0gJYXQ1LUwSk1pnJsl01PChtb+G93S47V2uAXJEzSFpiAr7aC+vFIdfYEDCMSF97znPfj0pz+NV77ylUM9tizLePOb34zPf/7zeOihh4ZWkm23JD/bbtNTBAKBQHAwkSUZhASRHLuFEopCoQBNU+F5HK7NMiNPgUDkOAhCR7ciR9J8VFXkwBTU9VCtVgZSQUOiEooJ81HHdZsm03lBSF2EiMgSMoAMASOxLaU0zCdPlkLc52OQjO5HI6348yBR3nxwHpimCc/zmjcUCAQHlu2dCn7ww6extLQUF8og0XUxXCcVedFPRFtGVEZm9EZqk87H2HWKCjCcNBXOOSbGihgfL+62u0Pl7Nmz+MIXvoDvfOc7A6s9Pzk5iVe/+tV4+OGHMT8/P5BjDIrt7Sq2dqrN4UwiPSWFSFERCASHCcdxYDtOrt4QruvANC2AALJKIbXw5QAOb8qK7zM4bsJ8VBqQ+ahlwXYC81FVUUClwRnJM8ZCr7f4P6NhDJo3XRmNhms0pKkgNBVlzK+3EwZOOMAAsMA4sFQq7euxVB6IFBXBYYAxhouXrmJjs4z1tXX4nofJqSOYmZlJpaeQUOzoPT0FSM7rgA4CR49zvL0XOOLlgaABhO7XGdVUCAGOLszsm8iERr7//e/jqaeewo9//GNcvHhxV/t63vOehxe/+MV42ctehhe96EU59XC4MMawdG0Ngb9Vc/WU6HPutXpKqi3Bfv5RFgKHQCA4bJimCc/3oesaNDUfwcFnPkzThO8zyCqBLLceTxxWkYMxDsd1wBgfmPkoEIhYpmWBUgJVliFJ0sETHYZJjz4cyfUCcaNeypcTDtDohmM8TIcsKSgW99eNxrwRAofgMHDl6jXUTCuYi3FgdXUVW9tb0HUdszMzKBSKwbJw7tYobnRVPQUYbYED6L1cbPS8XRQHZxwciSgOxlAqGTgyOd50rP3Gzs4OfvGLX+DixYu4dOkSrl69is3NTWxvb2N7extAEJkxMTGB6elpnDhxAidOnMDp06dx++23Q1UHM+AYJpvlbVQqZnM5Ido5egPI+AI0fEGS7GdxAxACh0AgOHwEVRxseJ4HVVVg6EZ++zUtOK4LSQ5LybZY93CJHPUysknzUV3ToGmDeR9czw2iajiHosiQ5cFXWDmw9CJwhH84AM5YnJrCAYDwQOBAYuweaSIMUGQVhUNsOioEDsFBZ/naCnZ2qqCSFN54DiK4qpUKVldX4boupqanMTMz2zJ6o9fysNHflD9Qxg3sVHubtuEIHMGTVFu3aSqNURycMSzMT0NVRV3u/YzjuLh2fT0hbqSjN0R6ShohcAgEgsNKlK4iSxS6EZSAzQPbtmHZNigNUlbaVWo7CEJHryIHADiuFwhMigLDyEdgaiQZVaPIFIqiCJGjX3pNU+EcPvNTkRuBuFHfS7AoEjk4wAhURRvY+TDqCIFDcJC5vrKGcnkHhJKgpDcC3w2JSvFUa2VlBZvlMnRNw8zsHIrFYltxA0DDnA7IMz0lq33Pf0Hq7qvpCW2j2WjyDdjaruxNZwW5sbVdSZ/0qfO4tbghEAgEgsOFqqowdB0+Y6hWq3Bdt/NGXaBpGoqFAgAC12LwvdbTwsNjPkrgw1JGHcwAACAASURBVI2rrETmo47rolqtDs58tBBWu/EYHGc4FVYOMt2MljjQkJYCgCbnEtEYLXwctVMO27VgmmaeXRYIBHtMUtyIjERJ0qyZEFBJwtGjR3Hy5CmAECwtXcXa2lpL8+5gs8aCEfnO57Lmh7kJHB3vmmekD3ScsCaUoHh9QmCaNqpVcWHdr1SrJkzTTit3CbWvHZnnzwGP3hAIBILDjizLKBgFUEpRM01Ydj6CgyzLKBaKkGQpKCXrHuxSst1WWAEAH0EVG0WWoakqfN9HtVaF5+dfTYMQElS7UVV4PoPtOkLkGDCcsSAiI4TQxOMGkaP+LByzUcDxLNRq+6PCoUAgaM/ytZWUuEHDtJRAnEjbBwDA+FgJZ86cwcz0NLbKm7h8+RKq1Wrb+VynqIzM2Vqfc7i9KxPb1NBbFEd5a2cgdxIEg4UxhvLWTs/RG0mEXCEQCASHD0opCkYBiiLDtm3UajUwvvtxAKUUxUIxmFy7USnZ7HUPQinZiq11FDqiMVcUySFJNPDh4EC1WoObQwnfLHRdh65r8H0Oy3HgD0BMOdB0ORlgjIFH3x1CAkPRlruKxmkk/H90cwlwfBuVaqXt3VuBQDC6MMZw+coytrer8XU/+Y8SGosbNKNiysLiIk6dOgVKCJaWlrC6uhL/fjbaCoSt9Uddppt0as9i4AJHp840ChkZK2RGcTDGsbG5nWdXBUNgY3M7qD3fY/RGx/MEIlJDIBAIDgO6pkPXNLieh1o1v4gCXddhGDp8n8OxfDBfpKwQgljkoJRA0zVIEkXNtGDnFEXTiKZqKBQMcM5hOy48z0U3rhKCNK1GRJGfXbwO4eA0uUGryUV9cX1MDnjMRaWyA88TYpRAsJ8wLRsXL15FrWYFkRuSFEdv1H0Pg3WzxI1IvBgrjeHMmZsxOzOD8tYWLl68iEolbSfRKnpjt7Sa++UqcHSTcpJcr98ojqitVrNQqYjwuP1CpVJDrWYBSCqE9eW9RG+0ctZtRIgeAoFAcPBQFAWF0OSwWq3BcfKJKFAVFaVikArj2MKXA0iLHASApqqQZQmWbcO0BpMurMhBOVJKKWzHg+O4aBlWI+gezuOKKUC9HGxGMHnw3yY/jnr0RlLk8OGjUt2BMyDRSyAQ5MuVK0t45uw5OK5X99wg9ZKvSaEj9uDowMLCAk6fOg1JlrC8tIyVldWG6K6MtJQGTSAvIWTPTUaB3qM46m0EG5vbwQ+fYKRxHBcbm9ux8heRV/SGQCAQCA4XkiTBKBQgyxJMy8ptsi1JgS+HoshwHQbXEb4cwSTWiX05VEUJzEcdF9Xa4MxHC7H5qA/bceppFYLWpMZYaWJxIxhUA7RBNGo71EpOSEiTyAEK1OwaarWaSFkRCEYU32c4+6vn8JOf/hyXLl7E5uZGStyITEWT4kbq5nND9AZJFoIgBKWxMZy56Qxm52axVd7EhfMXUKlU6x3ocz7X6zwwd4GjV7PRrqM4SP0i2ti2sbGV86sQ5E38GaVyu9Dchv6iN4S5qEAgEBw+CAgM3YCmKsFku1oNyl7udr+EoGAUoGsafI/DsRg4y560HRRfjk5Ev81RNEdgPqrA93zUatWB+GVQEpmPKoH5qC1Ejn5hzE8l+nDKU4PwzlEcXUAAx7Oxs72dW1SVQCDIh81yGc/86hwcx8XJEycwPj6OtfV1XLp0CbZlx6ai/YobSRbmF3DjTTdBVhRcXVrCtevXY8+sVtEbKbq48LSb541EBAfQrcdC/Y5/8s1xXA9r6+VhdFPQB2vr5SAEKvGZJT/LdojoDYFAIBB0QlW1sJSsH5pg5ldKNvCDAByLwT/Avhy9VViJzEclaJoGDuT6vjei60ZgPso4bNuB7+9exDrQNIybOGPpqArCWo+/MtqbU1XCx41RHGEzIwy1WhXVSkV4cwgEe4xp2bhw8QouX14G8xkoIZAVBfMLC1iYX4Dnerh46SLW19a6Ejdakb5RDRQKRZw5cwbz8/PY2trGhQsXsLPd2j8zD3PRCOl//e//50973qoD+URxJC+WjeF2BI0ZPa7rgQPQdbX/jgtyp7xVQaVSa/py0CiCo0P0RqMD72GN3pibnd7rLggEAsFIQymFLMvwmQ/HcUEQlIHdLRKVICsymF8vI0ul7N8YVfbh+Ls/5l7h+DIcX4YqtxYQop9XDh8UEgghkCQZjLNc3/dGZEmGRClc14Xv+yAEoFTK/TgHDs7T1YYIT9/e7CKKI6stdbMx/F99sAaABhUaHNsB4xySJB2IsVm5LG6oCvYHtu3g+soqrlxZhhveaKbBhTOeX2mahonJCTDGUd4qo1qtQTd0qKqaEitI6MPRKnojOadPZ14QlEoljI2VYJomyuUyXMdFoVCIjUsjWvkr9jPPG4jA0S+tXgCP/qbU5/g/AZzDsh3IMoWqKoPuqqALKtUaNss7wcme+DKlojdI3byGJuX/BqVQCBxC4BAIBIJOEEKgKAp4ONlmzIcky7v+TaCEQlVVgDO4rg/OApEja7f7XeQA0JXIQQgBi0UOQJYkcM7huC44Z1Dk/MdikiQFIpbvw/V8kLBNkAEh4ODplC2ClO9GsuRrcpW0rpGVqpIxBouiOZLR6uE9K99jsC0LjPMgv79L08JRRAgcglHHsmxcX1nD5StLsCw79tQglIKEQiMlURuBJEkYGytBU1TUalVsbGyAIBAmAHSVmtIY7RG1RX9VVcXU1BQICDY2N7C1vQ1ZlqFrWmrd6Hj1h/1FdQz1FzglUhACcB63EdSLgEWiRvSfaFksdoADnAQqdHxxDva3vrENSikKhj7MlyZooGZaWN/YTvmoZIkbzVE8aSUwuaxbcUMgEAgEhxtd00GpC9u2wfwqDMPIZSKs6wYoDUxNue1DVikobf4ditJVukn7GFUqttYx7YYQAp+H6SpQoKoKiEdCcYnDMHRQku9kVpIkFIoFmKYFx/XAGIOmqk13/Q49nIP5DX4ltNm/hCAQQjIWNFXnDYfaTSvE43sCEB7sL143ElUYgWPbsG0biqJA0zQoirghKRDkxdbWDjY2y9jZqQQiRsIsNC1SBMJGcn5GCcHY+DjGxsewtr6OtfU1VKoVLCwsoFQqZYsbIY2pKUg8TnouEhDMzc1hfHwcS8vLuLa8jFq1itnZ2fq1IKfr+MAiOPqdeDZvlzajrLcG/80qPlOtWdA1ZSAhkoLOWJaNlbVyZt5Wx9QUpJeh3npoozcAEcEhEAgEvSJJEmSJwvM9OI4T36nKZb+yBN/z4Lk8HEhm/+7s92iOTpEcQP0nOUpZkSgFoQSu68H3PEiSlPsde0II1DBSx/V8cO4fmBSIvAgq2yRGyVKHyiaNURzZDzpEcpB6JEdyXYIgLYYHSxhjcBwHruvGNz73S1SHiOAQjBKVahVr65u4fHUZm5tleF6QihJch2mQjhJXRqlHbUSRVHHaSljgg1KKYqkETdNQq9awsbkBABgrlWJxA2iY34V9aYroIPXrQP2aEERZTh05AipRrK+vY3tnB5IkQdf1XKI3AIB853tPDqyWU6syUan28HHUxpOPOQ+Xc3Be15cZYwDn4BzgCP9yHq8fbT83ewS6vn/vnuxHLMvGyuomgGZxozF6I/oxSwkcqS9E794b7dr3M8+/7Za97oJAIBDsSzhnsCwbnu9DU9VgEJUDjDNYpgXX8yDLBLLaeoK2nyM5gO4MVKOhnYTgTpzPeFBJg3MYhjGwu/W2bcOybUg0CIPeLxPlQcIYAw9TUzgQRFCQ9sN9Dt4UsVGPpk61BI/attf3FY3e4/UZqa/OeTgejNKcZEiyBEmSRjb16Pz583vdBcEhplpexc7mChw6hkrVguf79flUNG/KithovLkcCxtAJG6kBIpwydr6Ora3ytB1HQsLi3E0R2MUfjtxIzxCvCy5wLZtLC8toVKpoFQqYX5+HnL4WzGyAgeQLXJkCRzJ9kjkiNdrEDnSYoYQOUaFXsSNzOiNhi9Gk7gRPEk8PBzRG4AQOAQCgWC32I4Nx3EhyzIMXc9tImyFYfeSRCCrrV3m97vIAXQWOhpFDsY5XMeFzxh0XYOmDuY9cF0XpmmCEEBV1ZGdHA8DzhlYosoM70LciNdtEDl404P0k44iR+pPQuhIihwhwfcx/d2Jon+CfwSERH/3rsKeEDgEA4FzMObDdW2AcTDO4bk2HKuKWnkNO+vLKF+/BN+zMH7jKyEZ4wAS/oWNokMbYaO+XXp9pOZl9e1q1SpW11bhuh5mZ2awsLBQNx1NbIvEto2pKWjYb0TUtrq6imvLy6CShNnZWRw5ciTzber2ez9wgQPoXuRIChzR83oUR7CkW5GDMxbva3ZmUnhyDJiaaWE1TEsB0NZUVKSm9I4QOAQCgWD3uK4Ly7ZBKYGhG7mlskYTbBBAVimkFlVWgP0vdHQrcgAcEoLKdo7jhhE0CnTdGEi/fN+DaZrwGYemyPFdwMME5xzMr5dl5QSZvhstt28QJVIPdyNyhA+TXh+cIRA6EgRVFUjz4RIt0fF834dt24FgaRRavaTc+d73n2hqsx0bzz33HKgETC8WQQhwfm1maH3qBsNdg+zXcOzYMZRKY33tw/c9XL58Ba7nYGJWgyQPZ9zN1q6CrVyOn2vjJeiRAeYQIKAgsg6qFkAVHZSqAAis2hZq5RUohRJKEwvx3OfSz7+HCz/7LjzTAQAce/6LcfNdrwcBAfPdMGpJBkBw5b//L87/+HF4dr3Etj5Wws0vewCzx2+H79lwaxW45jbc6haMxRdAGZsPVkxEbsR97UrYCF5VSihsIW4k972+toZyGM0xP7+A8bGxpvWT/Ynmf419bBRDose2ZWFpaQk7OzsYGxvD3NwcFDVdHbXbud6eJYbGhkTBky4MR+tGRlFIG8L1Mk1HKY1FjtW1MqanxlEqDu8CeJioVGtY36jXNe5N3Ig2EsaiAoFAIBgsiqKAShS2ZaNaq+UWVRDt1zJNuDYDVwhkJTtCpKTZ+1rk6GQ+Gg3TAMCHAwlqYD7qEtih+ahuGImBdj5IkoxCoQjTMmG7HhjnQeWbw0J4Bzh+2qO4AaBuOJoYiMcPk4PzlMFoK+PR4HksdBCA8GjszkGigA2/vlvGGCgJPFwIwuF+9HoSvh6Rh4ckSYG4McRhIWn022EcV69eBTjH1FwRkkSz19tDdLcMhVuYX1zE2Ph43/u5dvUaHNfBxIwGRR1OlJS/eR187Ur8fqqFAoyx/gSa3UDgg3APnLkAoSBUglGaQGHsCDivn5vXzj2NS//1fXiWAxBg/qZbcdNLfjOIUPJdgNvB14FogKTi5PPvhaoX8OwPH4NdNQEAdqWCCz/+NjR9DOMzxwHdAPdsqMeeD3lsARykSRyI51phRzoJG9F2sdjQ+Dwxjwu3wtzcLEqlIlbX1nDp4kVMz0xjYWEx9vKI94nUtK3hjWz9vdB0HTfceCPW1tawvLyMyvnzmJ+fx+TkZGrf3TAUgSMlZnS5bnBdDB+TdFWV5LpRSyRyJNVhQinAGDiA9Y1teB7D5MTwFL/DQHmrgq3tCoDwy9EQ8pslbqBhjeaQKsSPu0WIHgKBQCDoBolKMAoGbMuGZdlgjMHIIapAohTFYhGmZcFxXHDGIGs0c+51GESOaHLrw4UEBYoig9CwwkotrGxD850kUUpRDEUOx3HBuQ1N27/vcy9E/nQAEFcu6YN8RA6gWeioqxWx0EE4IJHg/mSoxXDOAEbDm2WJ/UR75QhMgwmBYRSGLiQ0pj9dunIRlmVheqEIRQumVefXZzAqVjCqV4HGq5iemcH0dP+G9cvLyzAtCxMzBjRjOC+OV8vA9fOxibOs6SgdmRzKsTN6A3APxKfBDXUmgcgyCCiopAEgWL/yDM7/+BvwLBuUAFPHTuLWu98ITdfBfReMOSC+B4CDExKUGgdw7Jb/Aa0whrNPfgW1zcDE1ndqUPUCJImCEQJlbAZycR6cUgSOvQHRHCt43BxFkRQ2GtdB45yrjbgRHadQLOJ0qYS11TVsrK+jUqlicWEB4xMTTeJGN6kpjY8BYHZmBmNjY1heXsa1a9dQ2dnB/Pw81B6u5Xtq7Z0VxdF5nfD94Ukpow4lJLpGBuJIQuTY2q7Acz3MzOzVl+NgsbZWRtW0AKTFjWbzmjT16A3S8mRPbyCiNwQCgUCQHwQEuq6DOg5sxwHzfei5TLiD1BdKKSzLBrcObinZ7srIIiVyyJIEohG4jotqNRA5FDn/VBJDN0AJhWXb4JYFTVNBci5XO0pwxgJhIIJGYkL22LoTsciRautF5GhasX5TkgORJwjhJBwUhjcreXBDk4MDjIXjyvR3x3FsMMZRKBhxtMQwSfbm2rXr2NrexuRMEXohOI+fW58ZakRJOxSvCt3bxPj4OObm5vreT2A0uYXSpAq90HyN7OVGdrdwuwp+9VfxWympKopHJkH26s3lDPAdgPtgTIak6uA+QBQDhFDsrF/Fr576KpxKDYQDpZlZ3PKyN0EvjoN5DphvgzMHnNlRflYQyaQAnBHMHL8Vql7ExZ9+Gztryzjz0t/E2OQ8fM8ClRVI2gwgyQBJv/9JL6lmUQNoJWxES1qlmKTTSxLbhOvNzs2iWCphdXUVFy9dwvT0NBYXFiDJUrjv/sSN6Jmuabjh9Gmsra9jeXkZz4XRHK28ORoZmsDR6uTvJlWlflHkTSJHMlUlED0ajpHYHwBUaybcay6mjowfrtDFHHEcBxub23AcL3XCJz8PIAxB7HQhSn6GiWgdkniOxPnR8Rw6oGTLeQKBQCDohvRUq46iKoEYYVuoVqowDH2X3g3BUaJqHpZlwbF8KCoFlbMnY0XNRnUfixzFThVWwvGaDwcUwfuiqipc10GtVoOu6wMZj6maCkIJTNOEadnQDqj5KGcsnZpCA4mg32FDq/FGb14cLfbduE7yi0k5wJBKYwHzY5GDAHBcF77vQ9d3+z3tHxqeQ+vr61hbW8X4EQNjR4Lv73OrMxiVzBTKbRT8MoxiEcdPnOh7P+VyGevr6yiMqyhOtP6e5io8eB78pXMgzA8m1LKEsSNT8Xu/d3CAB+ck4QxUkUAlGZRKOPfUV+DZgQ+TMT6G217xZoxPLYIzFxRBagtnLgj3gy8CcwCfAISCyASEEkzOnYR2zxvAGUdhfBbMsYJIwMICGJHAiNwUoRGRfVM5e936koa2RARGO3Ej2r5YMFA6fQqrq2vY2NhAtVLBwuIiJicmWh+3zY3qrCUz09MYHx/H8tISrl+/jsrODubm5qB1qIY2FJPRiF7KxibbG01F60ZD3VdVAQI37+gYnHNMHZnA2Jjw5eiFnZ0aNja3UqFMSQff3rw3msOhwtaYLFOaRg5DVMfzbxcmowKBQNAvrQSOCM44LNuC7/vQNC23tAbOOEzLhOd5kGUKqU0p2f0qckR0FDoS4zsam486wXuuqh0HrP3i+z5M0wRjDJqqQB5AxMhesVtT0Zb7zTAbTT1tIXIEfWreW1NL9o7CAT+azEcJpfB9Btu2oarqwIxqu+GpHzyNSmUH5849B72oYGqhCAB4boRMRQnzUXSuQ1cITp461XeUVKVaweVLl6EaEsZnhnd98i/8PEhPCRmbnoE0QjeliSQHZqNKEZJigEoKNq9dwDP/9/+FpCg49YL7MHvq+WC+C+5bYK4F37MAz0mUbyagsgQi6ZBkFUTSAEkBITIIkcCYA89xIJcWwCGD0frrb1mMIdWKZjGkReRGtE5LgSN8QBOVU9LHJTAtC6srK7AdG0eOTGFhYQFKZOLdY/RG0/sdrre+sY7lpWX4jGFubg5TU1MtthiywAH0JnJ0Uza2aXkrkSPcLhJFoseFgo7pqQlRN70DjDGsb2yhVrNicSP+gmTkbLUSN6L1WokbQIsv7CEWNwAhcAgEAsFu6CRwRNi2Ddd1ocgKdF3PLb/ftmzYjg1JopBV0vI37TCKHK7rwfPC99wwWr01u4IzDtOswfN9KLJ8MCJ4OYfP/JTvBpd4lsLQ3+57EjnSDdld6FHoYDReyWcMjuNBVmQUChk3JuPQ36zj5sv3/r8n8OyzzwKEYfbYGAgFzq3NDv7APVC0r0FmDk6fPgXD6E8Msh0HFy5cAKUcE3M6hpXh5V/5FXh5JX5eODIJdYhVclKQ4NqRNdegigFJ1UFkA0TSQKkMx6rCrGxiYuYEOHfBPBvMM+E7VpCa4qfFRw4CIlFQSQUhKnwfoKoGQggY45CLs4BsgJPgdyF7ztMgEmRFeDTNwZCOwEc9LSXYY3b0Rrxeav/p+dz62hrWN9ahyAoWjy5icrKeUrIbcSPCcR0sLy2jvLWFQsHA3NxcpuA5dA+OrHSCtHCRbkuuGW+bSFNJGpJG6yerqgQnCRLLguPw8AOq1SzYloPJI2OiykoLKtUayps78BnLFDfinC8aKYO9iRtJhLghEAgEgr1C0zRQKsG2Lfg1H4ZuxDnFu9qvroFKFKZpgVk88OXIKCUbCQT7VeiodkpZiX63OQcLU1YURQYlBI7rgFUZjIKR+00nQgNzPNM04bouOOf73nw0L1PRVmSZjUaHavbiSDcks4uzlsct8emQ/C6Ex6QMYEHasuv5kCQJBaOQPREiDX8HyNUrV8GZj5lj45BlimdXZ0cmLQUIysEq3MXxkydQ7LOUqu/5WFpaBqHAxKwBeUjlYP3rF0C2V2Nh2RgfgzbEcrCZtLoUMRvcoyAkNMOlBEZxDHqhFERpcA9gLghzQbkXnPmZnjEchLmwdrZBJAWSqwGSDO3IKRC1BAa168l/1typG2Ejas6K2ojWyYqyr7+EYFLOOcfU9DRKYyVcv76Cy5cuo7ITpK0oiZSyfsUNAFAVFadOncLYxgaWlpdx4cJFzM7MYHomHUG1ZyajnTwTsnw4Yo+GeFvSUeTg4KCUxBfaLJGDcY719S1UayaOTIxDVQ9O+OJucBwXm1vbsEynfnJniButnHZbihup52j60gjhQiAQCAR7haLIkKgBy7ZRrVVz84hQFAUSDUQO1w7MR6UD6MvRUeQA4hlwJHJIsgSNaHAcJzYfleX8h6iGYcQCVmA+qu3LMQfLMBXlyUlJTlEcuxU5gMauRJ3MFjqC9Ul9VYnDNYOQ/kLB2PPSq2athmq1gumjY1C10ExxhM4fzS1D8auYX1jAROiD0A/LS0uwbQuTs3rLctd5w9aXwFevxGeIVipBH+u/pO0w4J4JTklknBDahgJgHphnA8wB9x2As7baW3VjDZ7jQZJVeJKM4vEXguhHwEFbeps0nXcZkfCp9doIG8E2zeJG53laet/RMk3TcerUKayvr2N9bQ2V0JsjyyC032/P1NQUxsbGsLS8jNW1NVSqVczP16M5hpai0jJqo3nFzHV4Q1vSW6NTukq4RpMvR5yuEh43WjY5OYbxsVKm6/lhgDGO7Z0KyuWdlLABoKW40RjO1FbcaPOlSbbVd9jMKP2gDAORoiIQCAT903zvuAs4h2XZ8HwvzPvPySOCA6YVRBIEKSu05Shvv4ocQBfpKkA8jovSVTjjQSQHYwMzHwUA13VhmmYwGFe1PanG0S+NpqKgCI1FG1fMb3jfMV0lY1nnlJXMjVI4lg/fYygUClCUZsFrmDn2tm3Dtiz85+P/ibGJ4Hv57Aj5bqheBbq7jpnpGczP918xZWl5GZubmxib1mAUhnMfnG+vwrv0y/i5ahgoHmntrzDw/qC3iTdRDFBZA6FyKDAyMN8B9ywwzwNpc6aa21uwKpVgPyAonf4f0GZuBHiLHmTMfxpbMiM5ehA2Mtdv2ne2uNF4fNuysLq6ilqthskjR3D06NF0NEf2q+xpnre5uYnla9fgum4czTGwM7fbCI2MBfGVMLlOZiRHcCB0jOQA4pSV6K2M9kUiYSMRmbC1VcH2dgUTE2OYGN/j0Kghs7VdwdbWDjhPlB5qiNoA6uFKkbjRqPgJcUMgEAgE+xpCoBs6HMeBkyglu+v0CdIQSWAHKStZd6cPUyQHAFCqQtOCSA7LssAZh6bn//oVRQElFKZphsaVykAiRvKGc96duJEzqUgOIFYWUk97juZI7iGx0xDP8eH7DLqhJyZEDZEfPb2K/nFcF7ZlQ1IkjB8JhM5nV2dbDVOHjsyqMLxNTExMYmFxoe/9rK6uolzeQmlSQ6E0nGh2XtsGu3o2LlggazpK01MY3qfbTM9H9q3g+xGXGecAcwHOEPxcZO/RqlTgVKvxazcW74A+c6bnTrSaO2V5XvQqbCS70qu4QQDouo4TJ05gc3MDq6trqOzsYGFxEVNTUy3nc73O844cOYKxsTEsX7uG1bU17FQq+QscvZTrHJbIEWzLm0SOaDkJ98ETE27OOcrlHWxvVyFJwPzc7L5S+HuBc47t7Qq2d2pBTicaxIzE80YzmmRKSr1diBsCgUAgOBhEJV9tyw7SJ3QDcsbd5F7RNBVS6MsRlJKVQDNy3fezL0fU546+HFG1uzBlJSgj68F2bDAW+HLkjSRLKBQLgcjhOOCcp+4sjhyN4gbpIG4k3tc8iEWO8Njdp6wAnYWO5LqBB4TrMqhqY0UjMtywDQCe78E0TVCZQtUkEDJa4gb1XRSddRgFA8dPHO97nFzeLGN1dRVGSUZpckjihmPDv/JM7OEgSRKKU0dAhuVomifMAWckcZKz1Hy0Ebtag7W9HS83Zm5E8dgLej9uw/5bGXm2FDYST7qbo3UvbiSZmppGsTSGlZUVXL1yBZVKBYuLi3GU3m6/TrIs48Tx44HQsbyUj8DRi6jRNTmKHIi2aTAfbfTliISNKJoDCPIcK5Uqnjn7LO54/m04MjkBOQfDsVHAdT1UqjVs71Trajypn7ik8XkiagNIixsp4QPJfeUnbggEAoFAsBfIsgxaCESOmlmDxnRo2u7TJ2RZRrFYgGVacB0PMqeQWuS8H+hojgyRo8l8NI/omQYopSiG5qOO6walZEfUfJQ1VEzpylR0r0QOoG+hgzEO1w6ql02ZewAAIABJREFU3RQMvVnPGOIQkTEGs2aCEgI1LPH87Gr/6R95Q8BQ8NagyDKOHz/R9/ejWqlgaekqNEPGxLDKwTIO7/IzII4VPCcExelpSPsgkqo98YSq5RquacEsb8ansjp5DMXTd/d8pLYmo4kuJH08uhE2gm0a99k8T2spprTop6aqOHH8ODY3N7GysoKdnR0sLi5ieno6EZCwOyYnJlAqlfoXOPISNVpGcQQL+xY5ED1vWCcWOYB0NEe0XnK7cKmu6/B9H9dX1uB6DJqmoGAYMPT9WWasVjOxU63BrNnNJ3WjQNEiaiNcNVPcyFL58hA3RPSGQCAQCPYKSimMghGUfLWtOGVltz9NlFIUigVYlgXHccAZWpaSPWwiR9p8tIaCkU9Vm0YMwwAlFLZjg1sWdE0bqZstjPnpsXLSVLQTQxY5gN6FDiDsIg/EDSpJYTlYkulfMKwgDtM0wTmDqssglKBqj5YpbcFehcxdnDhxA/Q+BVfLdnD16hIUNRA3Wpla5o13+ZcgZj2CoTQ1DXnPyjf36rrRP8zzUCtvxueRbExh7MZX9HxeZa2fmk41vJ761Kz7yItuojbabZ/ZT0JwZGoKhWIxjuaIhA49FJeT17p+vm+yJPUmcAwkUgMdRI4W67UUORAuQFi3OCorm1jU6MuRFc2R7I8kyaCUwnVdAIBtu7AsBxKlodihj3zlFctyUK3VUDNtMN9Hpy9yJ1WwHdHnkdXW+Fk1vtctj9LlOSIQCAQCQSN5/npougbqUNi2DcYCkUOSdj/p1nUdlFJYpgXGSFBKNuOGbFG1UHX2q8ihoqh2YT4K1H05JBWqpsF1gworujEY81FN10AogWVaMMMKK3lHjPQDZwyc1SumBGkpfOipGvHxkwfO8jZt+aRtIwDAsQMhp1AoJtIUSNM2mdpJzpg1E57nQdXkzJLOe43urEFhFo4dP45isdDXPhjnuHrlMnzfxZF5Y2jFFbylZ8G31+LnxsQEZCMnE+d+4GQo+gbzGaob6/H3mSg6xs68HETqLd6gm0iNZHvjk56FjRbbt9tHVj+T+9A0LfTm2MTqykqcsjIzPZ3apF+xo+07OswJZTd+HI3rZYociR+BNgdrr2ZHUQyJSA5VUeE6burNZZyjZtqomTYkSqGqMnRNg6oqe+7X4fk+LMuBaVqwbCcUNQCEyTjdRG5Ej1ulpSSXx3tuofZ1k5/V8sQdIbVcIBAIBAJFVQIxwrZRrQRlTZUcbnSoqgqJSkGVFcuHrFFIGZOrSCTYj0JH1dG6FjmAMJqDqtDU0HzUHJz5aOS3YppmIHKo6p6aj3KerpjCCcLo472jXQRH1ISoOWN5K3nCdXwwxlEoFCA3CYbZ40CSsZ88sG0brutAUaW4lHPVjrwC9n5MqnplaH4Vc/MLODIx2fd+rly5AsuyMTGnQ9aGk37PVi4BG0vx0F4fG4NeGhvKsbMI5pHDOZZZ3gyqqhAAIJi48V5IevelcPPuZ+MN6fQ8rH3URuPzXsSNJEeOHMFYqRREc1y92hTN0djftsdI0PKqvRd3y7sVOYD05SxVOjZeN7iqRlEckRCSXC8rXSXqQ7x+WFJWVVW4ngvamPISPmecw7QcmFZwx0GWKGRJhmnWMDU1CWPAyqTjuLAdN3Qed+B5XmJpa1EjWhq3ZwkXpH5BF+KGQCAQCAShSaVkwLYsmKYJn/m5lJKVZAnFQhGmZcGzXXCZBikrGRRV+/CIHESFqgU3m4LomcGYj8qyHLz/pgnbdsAYh6LIQ09N4Jwnbk6Fw1XaxU28IdAkcgCthY6W4Rb199Nzg3Kwuq5nG722nZLk+7k4blDBR5IlyEow6a86anKwnOvxekVhO9C9LUzPTGNudrbv/Vy7dg07OzsYm9GhDasc7OZ1sOsXEL2ZasGAMT4xlGO3YlifZnVzA55tx0ccv+kVUCZ693NpJ7A1nZrtBImMOVla8Ajn0tGcuZ3Q0XTY7sSNaF1FVXHs+HGUy2WsrKzg7NmzWFxYwGyH8zsrYyAi84zey1SAWOTI6ENjKgNv2CbetoXIEa5c31/0lAdCByFR6F2z0KGoKkzLrH/IyT4mJvBRH33G4fkOnjn7LCYmJzE9dQSKokBRZMiyHOQHKRSUSpAohSRREEKbzoHgMAy+z+CHtc89l8HzfXieB9f14LpuwwdMANT7lHxvo/6SjLboeTfCRrxu436EuCEQCASCQwIhBLphwLZtOLYDFpa13G1qA6EEhYIB2w6MTTkPUlayfhb3s8gBoKeUFQoViqqAUALXcQdnPirVzUdd1wXnDLIs1aNaQQY+RmmK3BhCOdheiEaA7aI5Us3Jtyuxnu8xuI4PVVWha1q2ltHurc7xbfF9P6iYIlEoYURDzdFa+8YNGcmvoeCsY3xiHEcXj/a9n9W1NaxvrKM0qaJQGpK4USmDXf7v+L1UdB3FqamhHHuvMbe24NbM+LUXT90JbepUX/tqe/q1ETSy2lqf1yS5AEB9Dp7KpCDNckuv4kaSyclJFItFrFy/jqXlZexUKji6uNj2xkErkUNuXGkv6XT8xgiPViIHEu1JM9vM6irJaA4A9VKywRGi/WqqAs4YPM+HosipCA+Chg8+0SdV0+B5Lgih8DyvIbKiu9edfP3Z7TRznSzzzm6FjfDV19+qFlEb9X1lCxtNj7t8TULcEAgEAsF+QdM0SFSCZVuoVmswDD2X1IZgv4lSsprUwpdjf4ocQG/RHJHIIctBhRXbcQdnPkoAo2CAWqHfCudQZKk+jiEEhFDQRPRrXjA/UTEFCMWN0RI4InqJ5ogXhQ3cD0xFZVlBwSgA4E3jxI6vOqe3njMO06wFY3ddBiEtSjPv0fCU+g6K7hoMo4ATx4/3fc5tl8tYWbkOo6QMrxysVYN/+ZdxnyVFQXFqek/FomFhVyqwK9X4tRcWb0dh/tbd7bQH0SCrrStho+E4rdJTkp6KuxE3IhRFiaM5VldW8EwYzTE31zraJTkHj5AbFw6Dro6VjLpINXcWOVKPE9Ec9aibuuqRjNQI9seDizVHSuhQFBWEEPielzYUTQorsVNpvX+aosCJIyzSKljyNfVDx5O4laiRXLZrYSPRIsQNgUAgEBxSZEVGgRZg2xZq1Ro0PadSsoqCYtKXQ6GQlObfycPiy5E0H9W0IJKjWs3PB6WRpPmoG4kc4ZiPcx8+IaBUym2yxhkD5xmmoiNMZjRH0JCxbriIB6aiNIxWSi+NaBY86kvypWbW4DMGrZ24AWBvFA6GorsORZZw8sQJ0B5NKSNqtRouX70KTR9eOVju+UHkhhcUaqASxdj0FOgeexUOA6dWhVneis8YffYGFE/82q732+lakzk/bLtOe2GinfdGcusmQ9CM7IlW/WskjuZYWcHytWuxCalhtE5LTAY6yMMSNvo6ThuRI7nPXkSOKGUliuZIenMguZ8GoSNw7CZwPRcGjCahJdnfZP8UTUXVrP3/7N15jCzZXS/47zmxZ1bVrVt337rv7cU2dpsGs7ndhmmBkc1DxoxZJRYJDfZ4JEYwiKcxSB4Qm/qNhTQjHiAkhGnJM9h6MDOvH7bc70HLfn62jEEGbOim3X1997637lK3tsyM/cwfkUtEZETknlVZ9/uxyn0zlhORUZlZcX75O7/Td/6TXvfK4EZFUCG9vvgNUP6iy063m34hZcdplaUxpaN8nfYKnwNnS+nHS0JENL70jcIMSSnhOA5cz4PnusksK7YzcZdISol6rQ7XbcH3g+6QlSJ108PuAgY5dn0LSyPU5YjgQ0vV5Wi1WojjGFZBcbpJmYYJKZLio14QwdC13owTSiGKQmhTCHIopRClhqZAKOx1UdFhqPyba8ApKwC+G0LFCrWlOqTIv5bLG5jF1XBbnRlTNEhN7LupmJe825DKx7mz52GO+foOAh/Xr12DbkgsH5nfdKzR1ZegWrvdx/W1NUh972aenFc3I/Q8NDbudx+bK6ewdOGpsdqq+lwpze4fatvJAhtDHycd+BhhOKFhGDhz5gy2OrU5Xn0VJ0+exIkhsjlmPvBq4gBKxSsx04HuHA+9CxsPM6PKMKeApAYHhIDv+ZDtdLxuZz8dsMh16k3T7D2Wsvtc8kGaoc9lQPpPadpRLqhRlLWRaa5s+762C4IqVSlNhc+qeFsiIqLFI2BbNnzpZ+pyaHIaU8k6kFKD67qI47h0KtmlByXIIXxoykwKwQft4qMqhmPPqPhovYZWy0UQhDAMA5rsdbijOIIUcux6IKrdRpdQ+67uRpnMMJVkQaLk9AMvQhwp1GpO/1CuvoIdmRVTz5/wPB+e35kxZfB7dN6zqDjhXeixizNnzmBpaWmsNhSA69euIwwDrJ1yoOvzyZ4Ib7wC7G50uwi1w2swplCIeVKz7m5EYYjG/fvd42i1w1h5/J0z6ecUDc8A0PelcmfbwnOYVWCj4Dhl51vl0OoqlpaXsb6+3i6Ou43Tp8+gVpHNMZMAx9SzQgqCHOlj5I9WlEFQlMXR3ri3Pt1G59Dtf0kIGLqOMAwAIboB9aS1XrAjL/kmQSCMQpgyCZKkt5vkxT5wyEdJkCK1aoLARmopgxtEREQZppFMOeq5XlKXo2yGiFHbNU1ITSZDJiqmku0EChYt0NE530GBjs4zjoUPqUwYRq/4qIpj2I5TkBkwGSk11Oq1XvFRXYOu690hJbGKoWKVDFkZse30jCnJwaZzzvPSN0wlWYj2wq4wiBEF7RlTzIJMgv5RKiUrJhcEAVzXha7L4hlTCszzftUKN2GFOzh+8gTWJijIee3aNbRaTawcd6Cbc5oOdv0ysHGz20WwD63CXqrP5dh7KY5jtDY2gDiZDlbqNg498jSkMfvP4bJXZvFrNrUs1xdO97GLArbjBjfS+oazDKBpGk6fPo2leh2379zBqwOyOaYW4JjJUJeKoEZaPvM0PzSiu283qNFtMTNcpb1D9pjdYygYpokgDJM208coCHZ09rVMC1IAYRDCMq3udlXPZ5BB0bfSGhhlQY3Ug7LARrat6sBG4ePCZ1K8LRER0UGgazpkLSlSmQyhiGBZk3+DqWs6avUaXNdF6IVQhoReUJcDeDCyOTpBDl3TISwB3/fRbDThOA40bbodOgGBmlODK134ng8IAV3TukGOzvSuUpNDf9sfxXE2MKDt/7obZaoCHVGQFBU1LbM7M0Lf8Jb+BquNeZmiOEKz1YTUBAwr6Q41/PkN3RjEiHZgBxtYWzuC48dGn06049b6LWxvbWJpzYbtzCm4ce8G4vVL3cfm0jKc5eW5HLtI1XSi09a8v4Ew8LuPlx95J7T66tTaH+ZZVD/XwRkc6TaKAhH57JBRgxt5owQ7Vg4dwtLSEm7fvo1bt25he3sbp0+fRr1Wy2w3cYBjaoGNIdqpql1RFORImh2UzZGKewwIdJimAbfl9oIBqW17Q2V62SaivY8QAlEUQkhZ/ksc9PzLxlhVBBYyI1RQvHyswEaukaqsjXxbg86fiIjoIJFCwrEdeL4Hz/MRxckQikn//kkhUXNq8KQLz/Oh4vKpZB+UIAcAaNKEZVrwA79XfHQKmTN5tmVDCgnXdaHiGIZh9IIcUIiiaKi6HHGuqOh+njFlFPlARxwBvhcmxXidWt926W1HPNDIlFJoNZsQAsl0sKKqqGj+eLO/b9XiFmrBXSwvr+D0mTNjt3Pv3l3cvXsX9VULtZU51b3Yvov4xqvo/GLMmoOl1cPzOXaJefU1Gvc3ELRcdJ778mPvgLl6cmbHG+55lWwzZL9ymONUBihGvPbDDGGRmoaTp06hvrSE9fV1vPbaazhx4gROnjjR3WbsAMdUAhtjtDEoyAEUZ3Nk9sns399W2VkZuoHtYGeU002+vdH07vSwpbU3RnwBjPMCLNihdFUv/FOyNJURUxhESp1P2fUUmGKA7MDjdSIiGts++Ai1zKRQped5aEQN2LYNbQpTyZqWDSGTISu+G8EwJWTJkJXdfVY8cRi7noUla/i6HLHwIaTRDXJ0io+OW5yximGaEFKg1XIRez4sy8wEKzp1OUoL6ymFOB3cWJCiolUKgxQKCLywHZRzBm8/Y81mC1EUw3J0CLm/iorKOEDduw3bsnHu3Lmx29ne2sLNmzfh1HXUV+eUmdLcRnjl5e5D3bRQXzsyn2MXKO7LzEZrexNeo9F9XD/3rbDXLsz0mKWTNWS3Sq+tzNYoMkoR0/w5jVJQtKydqnNbXl7GUr2O9fV1rK+vd7M5lur10QMcE3dIp9ChzXeki1osmoq1P4MDSIdF8nU50gVLAcAwDQgklYhN08plbmQOljm+ZZrwg7Aw02HiIqO9Q2Yf5156+Rob+bYy/y48VnlEbpxgC/M2iIjoQWMYOqSW1OVoNpvldQhGbteEJjW4bguBlxQf1fSCIEc7ULBogY5RgxxKBBAwYJomwlTxUXsmxUcN1OvJDCuu68GyzPZtZjtzQcUQ7bocubNEnCkqioUpKlqlaIiK70aIY4WlpXrfdcjfr8464OG2WgiDAIalQey3GVNUjFpwB5oEzj10DnLM4VVuq4Xr16/DsDQsH5nT8ws9RFdfBuLkC12pa6ivrc29KGvavI7s7u6gtd37Atw58SbUTr15Zscb7Qvt3LbpfmdJX1QIMXJgo/D8Co41qkGBDiFlN5vj9u3buHjxIo4fPz5agGPs4MYUghpFx65qtWzsUCbIkTm38kBHZ3vTtCAEEKTqafQKW+SyF1LnYlomPNeDFKLvg7uv6u2IiR1lHxxFw1DyxysKavSfU3Wq0TCVdvvObeAWREREB5MmJZyaA8914bouovZUspOSmoZarQ7XdduFNsunkl2yFi+bY+RMDgSQMKAbBiBkpviomEHx0Xqtnkwj6/kwTQOalN3sjHRdjs5dUBzF2TtCOZ2Z//aLzv2p70WIohg1pwZdG9ztmGXAw/d8eJ4P3ZTQDTnWe2CWox3q/l1osYeHzp8f+zMhDAJcu34dUhNYPWZDyPncdYdXXgb8Zvv6CCwfOQLNmPlkncXmmLoRNFtobW12XxfW2sNYPv/t8zl4nyGe9JDZGkVBj6HOoGy7CYMdg+qodLI5bt++jdu3bw8X4BgrsDFBUGPY4xUNSenbpmzYxJCBDqV6H62maUApIPA9oD6gEnAqS8Q0TOzu7FZvn9ptUsO2kX6xpD8Lsi+i3HWpqLRbNXyosz7dIg2P14yIaHwC++9z1LJtSD+A73vdqWTHnWK0S6Dbjue5iGNANwVkQSdnUYMcAAYGOhQAiCTIASRZFkIAgR8kM9o49tSLj0IATs2B67rwfR+6bsA09O7Ur526HFImBUkzHfcDEtzIByNCXyEMItiWDXOITKVZZm+EQYhWqwVNF9BNbewjzWpktRNsQIt2cfrUaSwtLY39pfLVa9fgey4On3QgNDGz802Lr7wEtXu/+3jpyBo0w9q7D905feCHvoedjbvdY+nLx7H86DtnMvy+v3M/QodxUFb9CENUip6ZGNBGnzGDHcNkc5w4eRL1paXqAMfIv6Axf6GTvhDyr+Oy9gqX9y0rGM/U/q+hJ2P1gvZwk0xRUqDvl9QNjFgmVPt/Ukzvw6b0NTFClkXf22XQG2jM2h8sJkpERJRlmAaklHA9t9vx1qdSl8OEpkm0ulPJasVTyS5gkAMYnM2Rvy+MRQBNMyAtmZphxU6yO6bMttsBJtdFrGJYppkZipIZlgIkw1IOyC1SenhKFCoEfgjTMLozpgy7f8e0Ah5xHGdmTBEYf5jWLG5nzXAbZriF48eO48jRo2O3c+P6NTQaDawed2DYc5ox5eZFqK317nVxDq3CzM1oMV/td/+M31NxGKJx/x7aCSvQnENYffx75tjfqapwmN+0YNsJgh6FZzPitK+pHYc+p/yxyo6ztLRUPMt2X1HOUU9wyJMb6zid/XM/6TbLlE6v2jckIzuMIz0WyTQtBGFQuE7kf9rrTNMCkARGIASEFN3Djv0jy1eK3E/VuRatK7oO/dep4pqOsQ0REdGDSNM11JwapBRoNZvJ1KNTaTeZSlbTdYRehDAozhJYsryRhn7sF4M6qPk7jxg+hBSwLAtSS2pmTOta55mmCadWQxzFcF0PQmjFQ4oPQFHRIioGAi+CrulwJujsigH/G+5kgGazCSiVBDfE/qpBY0QN2P49HF49hBMnx59xY/3WLWzc38TKmgWrNp/ghrpzHfHtq93H9vIy7D2cDjYx+/eTUgq7GxuIwyRYKTQTK488DWlMPgX4YH29zdxP1a6isD9X1Ccfpo9edsSx+/hjxhKK9H1NMMuTGbXtUV+iwxTuLNxm0KwqqfW6rsMb8Q+i1U7LC4KkwvZ+UxwJKxma0jHutSYiIpqz/f5XSEgBx3HgeR48z0UURbAde+ICfZ2pZF3PReD7iGMFw5SFXzwk2Rz77x6lyq5nYskqvydLD70FkiCHFCZM00TgB+1hPPHQGQaj0LUkwNRquXDdFizLghAyNcuKWuiioqXZFQrw3RACQK3mjPwanvYwlWariSiMYDo6pNxfwQ0Z+XD8u6jX6zhzdvwZUzbu3cPtO3dQP2TAWZlP3Qu1eRvR6692H5u1OpxDq3M59l5rbNxD5PeCwiuPPg29vjanow/z/mi/50b4grnsy+jhZmopN3JmR76ExJDHyLct8xuM0NpQwY1Rozj5rIxRdY6TPm7RT2qHXAv98ahsBoeBwPf7omCFWRPtH9M0IQBEYdT7BUyawlFwzLKMjaIMk7LnV3UdMuc9ALM2iIiIRmNZFkzLQhgmtSKiKBq80xBsy4ZtO1CRgu/GiKLiu6yqYMF+NUxQJn1PEiN5joZpQNcNBIGPZqs5ky9jNKmh3s6i8TwPURxDyiSbQ9f3T0d7HGVZFL6XzJji1GoFM8cM3+5Y2Ro5nYK7RnuI1n4Kboj2jCmmoePc2TNj3zfv7Ozgxuuvw6nrWDo8nwCl2t1CdOWl7mPdtlFfm1cHf281799H0Gp1Hy+dfzvM1TN7eEYdBb28Tl+97Geco6Rep6P22UeKCYx4jvk29aKFAw84xoFKtxv+yCO1PXT2QOcXVRjo6B6x26ZpmAijCHEc94qB5T+UcpEkIQQMQ4cf9Ia2TNM4U/kU71Oxx5DnzMAGERHR+AzDaNdw8NBsNmDbDowp1IrotOu6LkIvgjI06EZRJod/4DI5gOT+JJ3JAQC6YUIIgSDw0Wi2i4+O0SmvPC5EkkXjJlk0SjdgWiYgAF3YCGN3qsebt3TdjcCLEYUxHMeBoU+3vsmoQQ7f9+C5XnfGlIZvjfKlcPl5TOk2t+bdhqYCPHTuAkxrvAwiz23h+rVrMC0NK8em8/wGUZ6bTAcLABDQdANLR47s2f3/oNk1pqm1tQWv0UCnv7R09kk4xx+fy7GnZoRMjd4u5dPGdvfP7zPgNAbV0Uht2DmJAS1m29SHDm5MMbAxSqRnUqWBjtK2y4+plIKmawBUe7iJnV5ZeR6GbsD3Z/PNSNmbO31G+bXFKUNltXEx+PfP4SizxctKRDQ+gYX6HNWk1p5K1kPLbSVTyY7ZCcq0q2mo1WtwWy6CIIBSErrZf/9Qb9fkaOyjb7wH6QRl6lX1RHKvgxg+NM2EkFa3+Kjt2FPvnAOd4qMCruchVjFsy05uxIWNQLUGN7DPRUEyY4plWrDM8V830xiiEoYhms1kxhTD1KaauTGN21zHuwMtauHsuXNwavWx7p2jKMLVq9cQI8bqUWdq51YpVgivvAQE7derkFg6stYeerV3H7DzOLbXaKC1vdV9bB9/A5zTT2Df/2GZcErsqoSBquBEVR80s92MAh3DPesRhqKUrk/9DGpjnMIkIw1JqWy7vFCLEKId1BD9hakKhpCkmbaNMAhKh5VM+lP1LApzNSr2HbpYTfp5ExER0dQICNi2DdMwk853s4E4nnw6UYGk3odlWYjCGIEbQ5U0Wxks2KcGBmVytyyx8CGFhGVaEFIkxUdn9IWUaVpwHAdxFKHVanWnkDWEM5PjzUscKfheCMMw4DiTPZdJh6fEcYxmszdjyn5jBZswol2cOHECq6vj16y4fu0qWq6L1WM2tIJMrFmIrvwL0Ox18peOHIGcwUxE+03YctG8v9F9bKyew/L579zDMyqT7/2JwcNUCoatVPcRe4btt48SAxhoyPhA9Tt/yMBG5foJ9x9321JCjBDiTEL96eMahg5AwQ9yf/wGtGmZBra3w6lHGUuLwuS3y6+vjMSNcH2YsUFERPvdAv+pMk0TUgp4nodGswHHdqYylaxlWsmQlc5UsqaGotEZddNDw1+cTA4gCXLUzergTPolEQkfGkxYpgU/8OHOsPiooRuQtWQWl1arBduyoOtGN8gRxIuVzaFiwHcjaDKZDahwmzm+AZvNFpRSMO19OGNKuAMruI8ja2s4fvz42O28fuMGtnd2ceioBcOe7Bv6YUU3vg61faf7uHZ4DcYM3h/7Tez72Nm4132s14/h0OPv3MMz6phBUGtANv4wAY9B23a2KGtpqIyOIbI5yv9CDgpcTBDYGLo+x6Sd54H7D9d++iJLAFJqCNr1NFIbVR5b1w2oOEYURVO5MRlk2Jf9eOPWmLFBREQ0L7puQEoNrueh2WrCsiYbBtBh6Aa0ukTLdRH4EXRdFn4b3AkWLFKgo+FXBznyo5YiJEEO0zARigB+4CNWMRzbhpgwzTuvN1SoBdfzYMYKZnvGPUM6CxXk8L0QUECtXquoCZcuTDi7YEer2UQUhjBtHVLur6KiWtSC49/FyvISTp8Zvyjl7du3cW9jA8uHTdhL88lQidevQN290X1srxyCVa/P5dh7KY7DJLjRTnHTrCUcevy7IcR8puGtNo330WhZ+Pl+eeUQlQHBjqkFOkrWF39iTxDcqEpBGSb9ZOQhKhNVhx1hKEZnDyFgGkk9jcqLnhuyYtk2IATCIBz6WAPPpeKn6vyHTT0qPxoRERHNk5QSNceG0Z6Ro9VqTaWzKKXCgx5PAAAgAElEQVSGeq0OwzARhjECPy69hRqUFbHfDArIZO5qRJLJEQk/yagwTIRhiEazN5RkmqSQqNXqMAwDfuDD83rX1pCLMWTF9yLEkUKtVoOmDdfpm3RmlDKu68HvzJii76/ghohD1IO7cGwbZ889NHY7W5ubWF9fh7NsoHZoPkND1L2biG99o/vYqi3BWVmZy7H3WmNjA3HY7rcJDSuPfDekWZyltFhSn3wTzLAybJ+9apthhq4MaLxwsT7MRsMcpCqoMW6buQ2H225wQwMOM/g4uqHD9/zibUv2NwwdUAq+78N2ppPSNWwIJ7PPiNdx9GErNBu8/kRElEwlK6SE7/mI4giO7UBqk2cY2LYFTQq4rocgbg9ZKWi2bnr7qvM4yK5nYWlALRGB7O1b1Ck+KkwEfoBmowHbmc7QoDzbtiGFhJcpPgoY0kawj2dYCfwIUZDMmKIb+lyHoeT5vg/PdaEZEpohZ/r6HL07olD3b0MixtlzZyHleAU5W80mrl67CtPWsLxmzmeE+O4Gwmv/2n1o1BzUDh/eu1vSORaL3t24i6DV+9xYeeyd0JbWFnIyhaQvN2JAsex5DjkLS2HWRkVWR1VGx8BsjoIhK7JvZUnDo0ZeKvcZJuIzRiQpW8ak7KfaMJkNpmF0p3wtaKCw4GinIncQluw3BaNkcgxsa+QMDyIiIpoH0zBgOzZUrNBoNhBMKTvUMM1kqAEkAjdCFBbfNw0KGOw3u541sNObv+WJ4UNKDaZlQgiJVrOFYFbFRy0TtuMgCjvFR5OUeEPaMOT+q3MQBjFCP4ZlmcmUt3t5LmGIVrPVLiqq7buZf+r+HWixi3PnzmVnXxxBGPi4eu0adF3D6rE5vR5aO4iuvNx9qBsmltbW5nPsMnOKLTQ378Nv9oaJLZ3/DliHz87n4BOonohi8j5y0sxw/fNBff2ydRONBEmt0/MLihorXD7i9oPWjRbEmJ5xprXVDQNxFCIMkjTGYQghYBhm5U3IuEVdys5zVOmjLGKE8iDjb4OIaHwLNkvsUDStN5Ws22oijixY9uSdO03TUKvV4LouQj9AHEvoZn8qx2JOJWuNPI2sFAZMKxmu4rou4lhN5TrnGYYOKWtJ8dFmC5ZtdTNG9H2UzaEihcCLoBs67AlnTJlUHMdoNZsQUsC09X33WnT8DejRLk6fOo3l5eWx27l67TrCwMfhUw4g5/DlYxQguvYyVJgE9KSmoX7kCMSQk29Om8L8Bsi3drfh7u52H9dOPwHn+BvmdPTJDFPkc0ALFesGZE/0Dlx6XlVZHaNmdFRmcwgBOa3gxjhRmuEyNEaPLg2aMnbUOh/5jIhuNsaI35gYplkZ/R92CthpYmUNIiKixSSEgO3YMAwTvu+h1WxCxZOHcoQUcGoOTNNCHMYI3Ag4IFPJjjyNLALECGBZFgyzfZ1brSkOne7RNA31Wg2arsFzXQR+L+t3P2RyqDiZDlZqsnTGlHlqNVuIYwXT1vbdjawZbsOMNnH86DGsHTkydjvXr19Ds9nAyjEbujmf4pbRlZegWo3u4/raGrQ5TJBQZJ7BDa/ZQGuzNw2ufexR1M8+OaejT9e0+8JD98cr+vbjZnSUbV91DqWv1mkcpPTgAwMag80yw2BQy0a70rXn+yNNIWYYBhq7O3uaHVEWISMiIjqoDvrfOtMyIaSA73loNBqwHRu6NoWpZC0LUpNwXRe+F7brchTPstLw93aowiganom6OdpwkyByYZo2hGhf5yipPyGLCpVMQIgkeOC6Lfi+B6VimFYSlDGkjSDau0yOwIugYqC+3J4xZQ/fWK1WE2EYwrA1CCHQ8EzM5YSGqdUX78Lx72Dl0CqOnzgxdjBsfX0dm/fvY2nNhuVoMwmq5UXXX4ba6U2LWltbg25Ze1pjZR5HDlseGqnpYM1DZ7B04e0L8bdj0gBQVb+0/Iv2/D4F2xXUxkgfryyjY9hsjqpMjr5P5VEiKKXbDsrYKGy9PCI0brRpmNFG44xAMozkpsH3vZGyLSzTmNo42WHNMxuEiIiI9oZhGHCcGiAEWs0m/CnVizB0A/VaDVJoCL0IUVicyjFqwGCvjROQCSIXhmHAth3EKkaj2UAYzea+zrYdmJaFIAjgttzu/bOh2TC0+WdzBF7YmzFF7u00mZ6XzJiimxKaJvdVcE3GHur+XThODefOjl+34d7GPdy5cxvOioHa8rymg70EtXGr+9g5tAqrdvCngw2DIJkOtk2vrWH5se/ewzMazaz6u8AoffCKlkfM6JhGLELPb1R2ykUNDrOsvaJ4ecXlHSWIMU3DHlfTdfh+yUwqRe0iuUlQQDKNlTHdD6uy4AVraRwQ/DUSEY3vIBbhKNCZStb1PLieiziORso0rWy3ntTlCIIAKlaF6fKdIEfybfr+1/BM1K3RMzkMzYbjJPVPms0mHNuGYUx/2k7LNCGFQMt10WwlM6x0MkbmOctKGEQIwxiO7bTvX/fuzRQEAVpuC7ouoRta77XW9/XubI5ffV8doxbcga5JnD13dojti+3s7OD1G6/DqulYXjXnkrkR372B6Nbl7mN7aRnW0tKB70dEUYzGvQ2o9lTQ0rSx/MjTgNQW6rmP8yV21bOram1wrY+SnIsRMzrKsjmGqcuhp1cUyS+dPLAx4nCWgXtWbD/DF6ahG/C84f8oCgCGZUEgiRSa5nzmryYiIqIHiYBt2fBlAN/3EEUxHMeeeCiFAODYNjQp4XoelBdBN2XhDW7d8hcqyAFgpEBHEHeCHEkwqdUpPjqDGUUMw4CQEm6rhVarXXy0PfxoHkGOKIwR+BEs05zJ8xtFGEVoNlvQNAnD0rOvsbI89jmq+7chIx9nH34EpjHetfI8D9dv3IBpazh0bD5FU+Ptu4hef7X72Kw5cFYPzeXYxeYXkW5tbCAKeu/95Ue+G9JZmcuxp2mcPm9VUKSotaopXIvbTK9LLR8h0FG4rOJcOtvpRSdXdFpl25UORRnYWsX+lXsMv/8s6YYOz/VGevsZhg4FIAh8KLW3ladp0SxOFJmIaN95AD9CTUOHlAKe66HRaMK2behTyB41TBNSakmNCDeCbkhoelGQw9t3s1pUSbI5hi+YGkTJNJK2ZcMXAp7vJRkzM5hZpDOzTct14bouLNPqZgIb0ppZkCNuFxXV9WTGlL18Gyml0Go2AYH2dLAlAYSy3s+0zqPkKtSCe9CiFs6eOYNarTbWtYqjEFevXUWsQqwecSqONj2qtY3wykvdz0jDslA7fGQeSSPFBOaSsQIAjc0N+G7vvbPy2NPQl4/tq8yNWZYXGLX2xhBVNyrqaxREICsCHYOyOQYFOeSwc9Dmtysc81I4xqa/tapxPFVjg8apxTFKFdlRfkzDhOf7I70JDcOEwOizrxARERGNSte0biHMltuCP0LmaRVN11Cr1aFrOsIgRhiU1OU4aDOsFAhiF6ZpwjItBGGIZqMJFZdMOTMBISVqtVqSQex7yT1o2yxmWFEK8N2oPexp72dMaTabiOIYpqUVzUS5p+xwC0a4gxPHj+PQ4cNjt3Pt+g24roeVo3Zh0HDqQg/hlZeB9utV6jpqa2uzP26VOcUWWltb8Heb3cf1h94Gc+3h+Rx8BLPqx45z3L5tMFyfvXivzMZ9/emiffseVxy7L5Q/TL2N4bI2hh/KUlqhY9j6FnsQaet8C+IHPkzTGvocTNOEH4wWGCEiIiIah5QCjmPD8zx4voeoXZdj0m8GO1PJeq4HP/Ch4rg9ZCW7XSfIsSjZHA3PGiowk76L82MXpmFDdDJmmk04tgNNn34xTtuxITwJ3/cQx0ldDiF6QY5pZXMEXgilFOq1OkTBzDnz5LZayYwplgapicGvpZneYmcbN8JdWMEGDh9ew9Fj43/7f/Pm69jZ2cbKEQumJWbft1FAePllKC95vQiRTAcrNLmnM6bMg7fbQGtnp/vYOfkmOCfeuD/6ZnOK3o2avVG0Tz6joru8ZL/i4Su5jI5BmRtD1uWQ+Q3yjQ4MbpRmbVS309mq7JilwZAxolCZ85zSj6EbABR8b/hCo0ASGGEGBxEREc2TZVmwTAthO8sgCqPptGtbsG0bcawQeBHiqPieaJGyOYYJxojUD5AEFjoZM0IINFtNBEEwk/OzLBO2bSOKIrRaLUSpjJFpZHMEXoQoUqg5swnSjMLzfHi+D92Q0HW5rwJlWtRCLbiLpaUlnD59eux27t65g42NDdRXDNj1+Vzv6NrLUI2t7uP62hFoD0B9wKDporm52X1sHzmPpXPfuodnlDPl/mrfz1CnMFxfu2z9oKwO9G1d8Pxz+w1qJ9+qLFsx9JCUvuaHSydRuW1KgyDDBjOm8Asdhd6ulu0Ho6V7mqY1sz94RERERGUMQ4dj2wBU0gGf1lSyhoFarQYhJAI/RhQejCDHqJ3pIHbbGTMONE2D67rwvNk8Z8MwUHNqUFBJhkPUC1hNEuQIgxhhmGSGGOYeFxUNArhuC5ouYZjavgpuiChAzb8Hy7JxdoLpYLc3N7F+ex123UB9dT4BhujmRcSbd7qP66urMJz5Tz08b6HnYzc1Hay5cgLLjzy1h2e0B8bsLw8crlKwrqjP39k2t6R/q2GCGhVBDj2/oHCHgYGN/lbKMjYGbVO1vPr4g00zzqFrSYTV90atw2EgDAPESkHsZalnWij7IGmOiGhhPSCzxA5Fahpsx4HneXBdD1F7mMOkNJkUwvRcF4EfIo4FdKN/5paa6aHp75+O6iANz0LNHH7Iih8lKf+2bcP3/CTTN45h2zMsPtpy4bZcmJbZna5WlzaCaLThKqqdhWOYBizL2tM3TRQnM6ZIKfZXcEMl/1cL7kIXEc6ceRia1MbqZDSbTVy9fg2mrWF5zZjF97F94jvXEd++3n1sryzDqNdGykZfRHEYJsGN9vPUnBUsP/L0XK75fjHU6JeiC1JUcDS1XVFB0PxyhewwkvJhK9VFSAcNWem0ICcPbmSjLsOkqpRFYUqzNIaOLs01iQOGYSAYMYPDaqd/+T6zOIiIiGj+hBCwbRuGaSDwAzSbTcRq8sKYAgK27cC0LMRh0lkuuv+qmd5QQYP9YpyATBAlAQfTMhEEIRpTusZ5UkjUazXoht4NqHQYmg1DGxy86mwX+jGEFHteVFShPWMKFAxL23cBMce/Ay12cebM2XZG1OiCwMe169ehGxIrR+eTPaG21hHfvNh9bNVrsFcWb0rUUalYobFxH6ozLE83sfzoOyH0/fW6mrWx+8kDNiwdqlKS0VG1zbDZHJWPAYgXP/sFNewOxcGN6gNUtleyDAA0KaHpGnRNQtM0aFJAaho0mRSwmnQ+d6JFcuHChb0+BSIiIqIH2qVLl/b6FIjmJo5jKAVEcYw4ihDFClEUIYxiRGGUqf+TVlSoNL8sv0X/PiK/QXV7qcfdWVRmGdwYJrChaxp0XYdhaDAMHbqmQe5x1WYiIiIiIiKiB00noUDTJGBkJ1+NY4UwihAEIYIgQhiG3VpAhcNUcsuKhq0MHLIy5HCVvmli0yeQaTC7oHTbUYa86JoGyzJgGjoMw2BAg4iIiIiIiGgfk1LAlDrMduAjjhWCIIAfhPC8AGEUlQY60kEOoBfG6N9+tCBHh55uLP/vbkPZBaXbVmVtdB5LKWGZBkxTh2UaHGpCREREREREtKCkFLAsE5Zlol6L4fkBfD+E5weI20NZuoGNkbI5hg9ydP6tDx/cGH9IilIKmpSwbROWacI0CxNHiIiIiIiIiGhBSSnh2BYc22oHOXy4ro8ojiuzOaqDHOhtMSDIUR5pqJytJFsRtXSdUpBSouZYsCyzm8JCRERERERERAeXaerJyA3LhOf5aLk+4lSgY9CQlaIhKO2VpXPfFhcZHXJYyqCsDce2YFsmLMsoPjEiIiIiIiIiOrBMQ2//GHA9Hy3XG2rIyrDDVfqKjE47uKHrGmq2Bcd5sOYXJiIiIiIiIqJ+lmV0Jxlpuh7CMOquKxuyMmqQQ++ru5ExWnBDKQXHsVB3bOi6NvwzJSIiIiIiIqIDz3EsGIaORstFq+WVDlkZKsiR0l+Do6So6DDBDU3KJLhRs0d4akRERERERET0INF1DYeW69A1Da2Wh6g928rIQY5cPY5egGOC4IZh6Kg7NmttEBEREREREdFQ6jUbuqah0XIRBCGAyYIcY01rkg5uWJaJejvFhIiIiIiIiIhoWJZlQEqBRsuD5/kABsyiUkFv751aVJ29kV5m2yaW6w6klCMfmIiIiIiIiIjIMHSsaBI7AnDdbJBjlCwOOerQlI6aYzG4QUREREREREQTk1Jiue6gVjAba/ksrtkZYQujE4PqbtQcC/UagxtERERERERENB1SStRrvSDHMDVBM/unNqk8UKeBzkwpUo4+HoaIiIiIiIiIqIyUAvWaDacgyFGst17mF1TV3bAsE0s1m5kbRERERERERDQTUkos1WxYlgmgF5MYNFSlNFKRj5FYRjJbCoMbRERERERERDRLUkrUHQuWYWaWV+VzyLLsjfQyTdPg1ExOBUtEREREREREc2EYOpyaCU3TSuMVqUe9DI6qoSk1x4JlGjM5YSIiIiIiIiKiIpZp9BUdLRuqMnC8iWNbhdO0EBERERERERHNWs2x4NiD4xISKM/e0HWNwQ0iIiIiIiIi2lM1x4Kua5VZHJkMjvyIlpqdNEBEREREREREtFd0XUMtl8WRj2HIskIdtmV2550lIiIiIiIiItpLjmPBtszSgqOF06JIIYYa30JERHSQxHGMOI4L/2gS7TdCCEgpIeXAkmpEREQHhmNb8P2gcLrY3iwqnf8qBds2YZqcEpaIiB4MSimEYYgoihjcoIWhlEIURQjDkK9bIiJ6YJimDts2C2tx9IX8NSFgWea8zo2IiGjPMbBBi6wT6CAiInpQWJYJTYi+5cksKu0HSilYtgnTYPYGERE9GDgkhQ4CpRTiON7r0yAiIpoL09BhFWRxZDI4pBCwTGZvEBHRg4OdQjoo+FomIqIHiWWakLksjkyAwzQN1t4gIqIHCrM36KDga5mIiB4kpqnDNI3MMpkZnmIZ/XsREREREREREe0zlmVkhql0Mzh0TWPtDSIieuCIggJVRIuIr2UiInrQmIYOXdO6j7sBDtPUOY86ERE9cPi3jw4KvpaJiOhBI6XMlNlIZlFRitkbRET0QJJS8ptvWnhCCAY4iIjogWQaeneYigQATdNgGKy/QUREDyZN0xjkoIUlhICWSs8lIiJ6kBiG0f07KIEk4iElb+yIiOjBJISArusMdNBC6QQ2dF3n65aIiB5YUoruiBQdAHSdUX8iIiIpJdP8iYiIiBaMrmuAB0ilFAMcRERERERERLSQdF2DUgpSEwKGzgKjRERERERERLR4DF2HJgSkpuvgsE0iIiIiIiIiWkRCAJquQ+o6xxoTERERERER0eLSdQnJacWIiIiIiIiIaJFpmgapcXpYIiIiIiIiIlpgmhSQgtPhEREREREREdECE1JCagxwEBEREREREdEC06SE5AwqRERERERERLTIhACkYISDiIiIiIiIiBaYEIIBDiIiIiIiIiJabEIIsAAHERERERERES08BjiIiIiIiIiIaOExwEFEREREREREC48BDiIiIiIiIiJaeAxwEBEREREREdHCY4CDiIiIiIiIiBYeAxxEREREREREtPAY4CAiIiIiIiKihccABxEREREREREtPAY4iIiIiIiIiGjhMcBBRERERERERAuPAQ4iIiIiIiIiWngMcBARERERERHRwmOAg4iIiIiIiIgWHgMcRERERERERLTwGOAgIiIiIiIiooXHAAcRERERERERLTwGOIiIiIiIiIho4THAQUREREREREQLjwEOIiIiIiIiIlp4DHAQERERERER0cJjgIOIiIiIiIiIFh4DHERERERERES08BjgICIiIiIiIqKFxwAHERERERERES08BjiIiIiIiIiIaOExwEFEREREREREC48BDiIiIiIiIiJaeAxwEBEREREREdHCY4CDiIiIiIiIiBYeAxxEREREREREtPAY4CAiIiIiIiKihccABxEREREREREtPAY4iIiIiIiIiGjhMcBBRERERERERAuPAQ4iIiIiIiIiWngMcBARERERERHRwmOAg4iIiIiIiIgWHgMcRERERERERLTwGOAgIiIiIiIiooXHAAcRERERERERLTwGOIiIiIiIiIho4THAQUREREREREQLjwEOIiIiIiIiIlp4DHAQERERERER0cJjgIOIiIiIiIiIFh4DHERERERERES08BjgICIiIiIiIqKFxwAHERERERERES08BjiIiIiIiIiIaOExwEFEREREREREC48BDiIiIiIiIiJaeAxwEBEREREREdHCY4CDiIiIiIiIiBYeAxxEREREREREtPAY4CAiIiIiIiKihccABxEREREREREtPAY4iIiIiIiIiGjhMcBBRERERERERAuPAQ4iIiIiIiIiWnj6Xp8AzYZSgBDZx+1/7cXpTIVa3FOf2KI+9/RrkIiIiIiIaJYY4DiAlFJQSiGOgTjuPAYmC26ICfef7JgKQBBEiEKFuOg88hGd0pba/xC95ekmuiu7O6Qel+yvejunzqFztOn08IMwmko78yYEICCS/4ref2l0SgFNr/falwJwLF7LDqWAhpu6PhKo8foAAJquQpz62FxyeF2IiIjoYGKA4wDJBjZUN7DRWa4WNQ0ASefF8yJEcec5xcgED8YIcORDEUg1oaDajwUgxMBr19dWRYCjf9vB4rh/63zIqSgEVRRuqTpu1fqi8+5sn/9vZp1A+3orCCEgJRjoGEMUK7xypRfocizgm87zI7wjjBS+frV3feoO8MaHeH0A4PLNCK7fe/ytb9CZXUVEREQHEu/+DohOICOKgCiKEcdxt1Muhuigz9uo5xRFScChlyghssM2hMh2roUAlCrurKfjIsmu3fhIJk4iRDc7Y9D5FoUf+voPuTaGCXQIoPd7zG1btF8+wJA/VtF26ceDAib5NtLnkj9GN+Ch2r87ABAKSglIKbuBDiJ6cNy4E+Hu5nz+Hq3UBS6c1gZu5wUKnj9ws4noOjOKiIiI5oEBjgNCqRhBoBBFUV9HfL8FN4DRzkkpIIxihKkslOTb/4o2Ou23IxYKxUEVgaQZkVqQdMyzN6K9/bL5CZ3tirMX+tfnW8ifSz7A0H6ypcdIt1cUZOg/4/JzKGp7UFAlv64oqJLJ8FBArFQ3A0dKeWCCHDtNhYs3JhtKtFwDHj0z3Mfy/ntXj08pwPVTwT8B2OYBeWFQRqyAKJ7XsYZ7l2zuKNy4M9uTWqkDj53lLRcREdGs8a/tgusMPQkChTie013jnMWxSoZoVNyslnbUU8GBbJBCFGQr9LroKrVdd5t81kiujf5/i24L6UyM9DbpOE1vfW/8TFWWRtG6suBHWVtl8sGUMkVDUorOp+9xO9tIIYYmxYEYrqJUUvNmElJO9zpcej3K1O2YJV0bf0hIGCm8fLkXHLJN4M0X9s+fpyBUuHxrPnVwHjmtQxswv1kQKuw0R8iAy70u7+8M/0J1LMFaL0RERLQw9s8dJI0lHdxY9DobRZJOo0LUiW+kxpAUZiQIkSoO2qulkfT4h61Akc5fyG0hRDf7YNiyq1XbJL+v3HE6wY2CVZmAyRDHHuXcioaYjLL/qNt16sUICA5XaTOm/Insh7NPve+IB48EWFhKATuNeR2rLBerp+kpXL45fjRtlH1PHRVwrOn9co8flji8nF3megpX13vntFwDTh2tPuadzRj3t3ufLCePCKzUs5GhQYGiMoYOaBM+ZaUwt/ceERER9TDAscB6BUXjA529EcYxVKzaMYp2hkV3CEq7dgZSRStFMhSie+ub6itkhoyI1MpunYvckJK+4yXDThQUIGRfVolINSdyK/qDT7nBMELkAgEKBZU8CkMw+SEwRZkc+ZoZRQYVLs2HgMr2L1pfmOERK8QihlBy4bM4lhyBt1wYrVd0ZzPG7fu9q2Lqi30NiAaxDAHLyC6TuUCErouBM71s5wJOtjl4n2GdPS5xeHnM6Ehby8tmJREREdF8MMCxwOJYdQuKpu3HoqJ5w55jFCuEYS8zJdvZLhp+ktNL7egfxqLSG/SGkYj0tumaH5kCocXZHb31qrd772D5PfqfUzoDJdNef3CgKsgwaFlZsCM/3KRsiElZXY+ygEq+pkdm2xiIobrTyC4qKQFrxLoRXpC9wiv16V6AM8c0hFH2GH4AXL/d+8xYqiXfqlfZ2FbY3Om1c+qIgGNnz1Uu8i9vAF0TOHdisg5vmVv3YgThaPsYusDh5eGud6wUtnazy+rO8ME01kIhIiKiRcIAx4JKZkxRhdOH7vfgBjDcOUaxQhTHiONOJkM+vyGVxQHRDU60D9B/zNS/Szv8QmQ730pB5L9e7LSl2l11lQ6A9Kp5dBpOZzV0n7cQxUGevjodyZ6Dalt0lpUFLsq6KIMG7AzaJt925XCcsuXt6Yyrc0MOnjgGdpu9x6Yx/c5k8o12ts18TQ5DF1hdqu68N93sN9F1R049GLOfSQkcW51NgOPu5ugBjpo13OwgQFL8dms3+/tbXZY4MSCoRURERLSIeIezoKJItYeoHMyhKUDyHNPF8VRl5YlOxkRyXTpZAt2fzvLOlKWd2EQqM6TbcnrbdhAi32ZGupAp+qemzWQ4SNkNmBQFefLHGHfYxjDBjap9Cp/nCPsXPa7aR6lkdoUFiM1Nzb2tOPP6Xl16cAIGVG7aQ7Vu3+8fJnFvMx77vZb+LF30uk8H6bkQERFRghkcCyY9+2lR9sZBoRQQhTHisBOAyHe/s50AVbAsL91x6GQMZDoTnVEhncyKgo5Gb1hMvspF0fH6O+zpG+ii+hapU+nbalB9jPR+g0NBxVksVUGKqqyRfJtlx87XCentq6BiBWhFZ3bwRDGwfr8X3RACOL724Mab8++TA/zR1nAKddgAACAASURBVCf9VH/zN38Tx5fudItj/vAP/zDe/e53j9323a24b3gKALg+cPNehNMDCnnm3blzB7/0S7+UWfZbv/VbeOSRR8Y+x1E1m000Gg3cuRvhzr3k6h09enTkdtbX1/HLv/zLyb83Yty4E+N3fud3cP78+Wme7sR+/dd/Hbdv3+4+fv/734/v//7vn/pxlFJoNpvY3d2F7/sIwxBhGELTNOi6DsMw4DgOlpeXoU1agZWIiGiGGOBYQJ3MjU72Rm+og2h3qvt7B1U1L0at2TFujY/ulK1D7BuGMcJYIVb9GSr5bzg77XWeu+jOvZrfrtNWL22/MyNKslQgTp+bygdAFFR3BIzq1stIj05JD21R6Slm2//XHaHSa7R77Ezwon2NRep8ikI4meEvBeuyR0k/89GzPKoCGcMESyoDNCqpFaA9AMENALi2HsEPeo+PrYoHusBomHubRw9SbcbUm8L3fexsb3eLbkYTXIg7mzGup2YmkSKZVSRoN3nrngIQ4dQRbaFq33zlK1/BH/3RH+H1u1H7OQDPPfcc2tHRA8f3fWxvb3cfTytr8+7du/jGN76BS5cu4etf/zquX7+O3d2CaFiOpmk4e/YsLly4gEcffRSPPPIIHn744YUvEk1ERAcHAxwLp7/2Ri9goPq+CR2qxRF3GjeNd9j94jipv6EyzzEdIOku7ds3G3xRmWW9+y9V8F9RMLik4JxTs62o7owq7TZU799CJMGSdG2PqryKXpBC9RaUbl1smJoZZQGJUYaTDNqnKIuk8/yqslZGHhOzoNY3YmykprfUNeDkA5q98fnPfx6u62KnqfDqtWxnfv2SPlLHOwgVvnax10bdAa4+VP4n7ju/8ztx6NCh0vWNRgM7OzuZZSdPnhzqXHZ3dzOdRSEETpw4UbhtPltl0n6i5ytcux31zTJy7oSEZQq8ejXqvtVu3VPYaYY4d1xDzZ5PB3VrN8btzWwnPd9n320ovHq9uDDJq9dDvHo97JuC9dZGjHvb2YYOL0scPTT999bLL7+Mra2tym3ys6is1IG7Z/tfj48//jiOHDky9XMsopTCP/3TP+Fzn/scvvzlL4/VRhRFuHLlCq5cuYLPfvazAICHH34YzzzzDL7ne74Htm1P8YyJiIhGxwDHglEKiKJ4bkGJvRArhTBSiJWqDGYUDf/o7xzkh6X0tydSkQHVt67opr9TaaMdFCk4x6JZXzq1PbLZGr20j26NUojUv4uOnjVoRpRxDJsZUrUdUB3k6M8GWZzX6Lg6qfAdAsAjpzXoD2j2xgsvvIBLly7h9v04M7MLAHzpvIaaNfx1KQpwvLEiwPGmN72pMsDxta99Db//+7+fWfbxj398qG+qv/KVr+CP//iPu49Pnz6Nj370o4Xbpjv3QowX4FAqKSZ6byvG5k7yTrpx4wZeeeUVvPLKK5DhLehqE81mE4a9hk13FY89+hgee/xxvPnNb0ajZWKlDhw9JLGyJCFn+HIMQmCnMWCbCAhKttlpFO/veslPWt2ezWfKiy++iC9+8YuV2xQFOB4rCHB8+MMfnkuAY2trC8899xz+9m//duh9HMeB7/sDM4muXLmC5557Dn/913+Nn/u5n8M3fdM3TXq6REREY2OAY4EkwQ01Udpyx36dSrZTWySKitNws+fcfxeeLp2R/HuYrJZekdB8Nz0zM0vB+mGlzzsZvJKt/dHp+SvVe1b539GgYR/5s6yqw5HefpRhJ+m209sOOt4wQ2gOchc/joEr6xHub2evwpnjEku1g/zMh9Nw+185jZYaKcCxqNIBjoIJm/ooAL6v0PQUWu2fRgsI238WLl68iL/6q7/Cl7/8ZVgm8NAJDcu13vBAz7uJ0L+J//zCP+P//f+S+hU/+IM/iGeeeQbbDRNSxliuAUuORM0WsM1kpp0HybX1/oBb2tcuhvjaxeqpb/bTn9etrS383u/9Hi5evNi37s1vfjO+5Vu+BWfPnsWxY8ewtLQEx3Gg63r3b18URfA8D7u7u9jc3MTrr7+Of/3Xf8Xf/d3fwXXdbls3btzAs88+i1/5lV/BW9/61rk9PyIiojQGOBZI3J4ytV+2+zhM8GJ/BDfyXWaFKFYIwzgT4EieT/85JyUwesGCXmAj3d1OIgdF+3Zkgg8quz5dN0R0h5lk9xPdrIv2uYjOcwLKuu192Qqd46bbz+VtF/3GioaDlD0u2ndQ6GaYjJD+32Lx9mVBkbLzOyi2G8mQgXxK/eljEsc5VScAYLfZ/+rabsQzm5p1v+jMHtShDfF0r96KcG+r/3pFUYRPfepT+OQnPwkhgFNHBU6saX3ZGEIIOFaS3XJ3M8aNu3fx3HPP4Utf+hI+8IEP4NSpU9jaTYaSdCzVgDecm87twlJN4NyJ8X+v507Ivv3PnZDQ9f42xw2QhQO+QwhCjDy17156/vnn+4Ib3/Ed34Ef+ZEfwblz5wbur2kaarUaarUajh8/jje84Q145pln8DM/8zN48cUX8YlPfKK7bRiG+JM/+RM8++yzcBxn6s+FiIhoEAY4FoBSCi3Xx61bm1i/vQk/CJIilrGCUslwlTiJALT/3R7C0p36Ls6s78yRqtptq9Ry1a3jkVuu2gMzOkMvUlOuor1PjOwxuvsgfS7t7WPVO0bnmHGMRsvFzs4uojBVEFSkhoqIJAiQDjb0HncXQQjZ/m9vm95oEIHOXX+yvBcgEe2AiGgv6AQvIDrLukfsLYPoBUza5yXS+7bXd5vqHrN7sr11qv1ccsc7c+Z473qkiMwigf5/9W1UuV/3lJAlCrZJP+i0J6WEoWswDB260fsGsGNQ0OUgaboKN+5E2GlmlwsBPHxSYm3lYHfeh/Ebv/Eb2G0pfP1qf49SCOCtj2rQtewr5SMf+QiuXr2aWfarv/qrePSxN440RGUWM0FcXY8QRcCl1yNcvhnh/KnqYwRRNlChawAG1JA8uipxbyt7vZRS+MQnPoH/+tlP46ETEqvLInPdrq5HWDl0BIdWV3H58mU8fDJ5/x1dTV6HW40YN2+8gv/93/07fPhXf7WvXsiRKb5WbVPANsd/9x9blX2Br2OrxQGOWfnpn/5p/PiP//hI+3SGqORnoRnVF77whb7XPwA8+uij+N7v/d6+5Ts7O/jMZz6TWfbt3/7t+IVf+AXo+mS3gPV6He9973uxtraGP/zDP+wuv3v3Lv7xH/8RTz311ETtExERjYMBjgWgFLC762Lj/g7ubewgDKNkdhGVZHTk/63iuB0A6QQ2khlX4nawIx1sUOhsmw42JPt0siY6QZQkLhJntusEM+LMMgBx8XbJsiQbJR8I8X0fOztJcb44TgUnhOgLYgghe4GJTkCh86gTIOilYWT2F6loQ/JPmdoGqW1Eb3lnWTrgImRmOEk66NE9Rv4cuwGQzrpUMCW1vHesZL3rZr/+76sDkA7eZBdnoxnd/2QDFgV7lQdP0styAREpJaIoQhjFMOMYpmlASjmwIGn/mS+mWAGbOzHubMZotPrX2ybw0EkNS85BeLaT03Ud282otAbJTlPiWCrLpdlsFnbu7t69ize+6S2ZdnQdE3fgRrW1qxCEwP0dhc3d3qt7d3cXf/M3f9O3fcNVeOVKL1jRam7DGlCjsW4L1OxkqlfHSrIUvvD5F3HlX1/oy7J46qmn8J73vAcbraPQzSUAQBAEOH9sB1/72lfxl3/5l9je3sbhZYnDyxJhtIHn/8O/x7/98P+GKDbQ8pL36OHl+QQPnn/+efzzP/9z5Tabm5t9y5599lnIAeN7PvShD2Ftba1w3ZFDAqtLGt5yQcP588MEvorbqSIkpjJT0sWLFwuHmliWVbj9vXv3+pY988wzU31vvP3tb8fHPvYxtFq9D71bt25NrX0iIqJRMMCxz3VqUmxutdBo+t0hKt2pSXNEd2Vm0ErlPp0tSgetZHbs3KAVP86vHYXv+Qh8H3Gk0r3oiaVyJVDYjR77UO1BFt0ox+Cm5l5rYs796E7gKoqSoJomJYTRC0Dth4FR0xbHwP3dGFu7CtsN1TcjBJC8nE+sCZw80j9kYJbCUPXN0hEE2QVxrOAH1b+ZfNmfMFKZaW6B5DmOWqshCBU2UsMtlmpAGCaddyCZGePIIdmtTVHW+f37v/97PP3O/26kY8/T9vY2/vRP/7Rv+eZujG/c6L1gjq4KrNqDO9hvOKd3r8nGxgZe/M9/AcvoXft6vY5f/MVfxFve8hYAwEuXwu41NQwDx48fx7ve9S5813d9F/78z/8cn/vc5wAAuiawvXEVr3z1s/iBH/gBAEAUD1cbpMr9nRgtb/C7/5+/fgf/5XNfHbn91z9fHRQBgB/60QAl8Q3omoCuAZYpYE2QXbIfFQV+giAo2HJ8URT1tTnv4CIREVEH/wLtc0op+EGA7a0Gmi0fgGrHG9JddoHO3BwqWZDpdGeVByhE6ut4pbJzfSjR7p6WlAARKttq+tyS9qoiKwpxHKPVcuHle00j68xv0j80om/YReo6pZItcidX0UZREYsx74339Ja67LzHOinRHYbk+yF0PYSQErqudZvM195Y9KBHrBSur8coqosrRPLt8InDck86TlfWI2ztVm+T1FsYrXDx5Zv9T3bQkJAi6xtxJgBzbFUiioGrt5L2gxC4sxnjxJpEGIZ4/vnnC9v5h3/4B7z22muAuDDS8UfVbDYrMwVarRBBCHieV7pNWr6Ogz7kqJn0KXzpS19Co5GdVuTnf/7nu8GNKsvLy/jZn/1Z3LhxI7l+bZ/61Kfwrne9C4ZhDKwL0vQUXrsRwg+SbJLTx2RfpsLmruorsFvk1j2FW/dm84lwd3PA2J8FYZpm4VSsZQGF48ePw3GcTHbFZz7zGTzxxBOo1WpTOacXXngBYZh9MZ85c2YqbRMREY2KAY59zvcD3L6zjd2miyiMkO0SCgiRdBdVOrKRqpQpVCfoIdo9y/IgBQCgW6Oj/RC54pHd7VLnURb0QJKyX5hpkireqQCEQYAojkqKqBYr7i5WLR1Q+LMvcSTb8++LGYn+zcaLcfSGviyOspNNXwGFKAwRxzoAra9g6UI93Qq6JnB8TeDm3d4zNPQksHFsVT5wM1AMq+Up3NnMXrPVJQmlgNfvxN1Cj6/fjXFoSeBT/+k/4tKlS6XtfexjH8N7f+J/Rb1en9k5f/CDH6xc/7WLYTdoMUzWg+dnP+/SWRh5QVicHfTZz30x084zzzyDJ7/lOzLL8h+rXqB6n2fSwk/99M/h137t17rrb61v4KWXX8Ob3vSmvv3Sohh47VqEhx5OHruegutHeNPD491aPPTQQ/i+7/u+ym3W19czmTy2bePpp58e2LZpmmOdUxHXdacym9k4fvInfxLvfve7h97etm380A/9ED75yU92l73yyit49tln8f73vx9PPPHE2NkWN27cwAsvvNA3/Or8+fP45m/+5rHaJCIimhQDHPtYHMdougHW72zC88L+mTcysQ7RF7zIhkIm/6Y83x4ys7Wkv5vvP1LpzC4KiKMIrue3bxgn//Zu6O5kdbxjogOO1oGfYXd/kqancFpRrEqzdxY9cyPt+GENmzshVuoCq0sS9RnU2JBC4OzxXq95mBqZUghIOfyVznegRxmaMMrQG6WAyzejTPDz6KrolL3BscO9gJFSwMf/w3/F33zq/8kc4/3vfz9efPHFbk2Gy5cv48/+7M/wgQ98YKqd2Wk4ceIEPvKRj/Qtf/V6iJ1U8sV//MTv4d6da4VtXL8T92VBuK6L//Q3r2aW/ZsffRv+5VJ15/ulvvVn0cRDmQDSf/nCNUTW45mttnPFTVue6ptxpOkmgY905seyI4Z6ffzYf98f3NjcUZnsqNde+TvcvPYv3ccnTqzi3/4v/8PAttPZMX6g4PrJT1rRsiJ/+mf/V2FNlVFNUmx1FO95z3tw6dIlfPnLX+4uu3jxIj760Y9idXUV3/Zt34Zz587h2LFjWF5e7k4TK6VsDzmM4LouGo0GNjY28Prrr+OrX/0qLl++3HestbU1fOhDH+IQFSIi2jP8C7SPuV6Ira0mtrdaCDvfFg2IVAiIZDhJX82MZMdkvcpmYORaSGdzFNXUyMdVVDdrpH+simj/X7K6uAhIFMdwXTdJcVXD96qLt+xf2lsyXm7FVJU+vekHOWZ7mHZDA9pT7WK1B50mgW86P9uPUykx8rSyF06PNlNIOgNBCOBbHp/Nc7p+O0IrNYrD0IETh3vnemJNw/3tEC1P4TOf+Qw+/vGP49AS8MhpPZld5a1vxfve9z6cOnUKf/AHf9Dd74tf/CJc18UHP/hB1J3lmZz7ODRNw+HDh/uWOxsh9FQspuZo6C8JWS4/NAVAaSHNQc6dO5cJcNy/f3/gPqbe//bXtf7pbo+uShwd66yARitElKqx/PAJDQ+fTL1Wco+Hcf1OjFcuRX2BnpcuRWiqwZkZLxXsOypNAk/O6P2VZ5omPvShD+HMmTN4/vnnM9knm5ubUwnWAMDb3vY2/NRP/RROnjw5lfaIiIjGwQDHPra908K9jV2EYZwaH6J6w01y+kIW7SEq6X5opxSo6AYiRC8A0W2nXc2jG51AKnBRFPJoD+1QvRaKQyPtoSmql4sSK4UwDOG2XMSRKhgmUiz9fIYbLDFEv37ABp0YzaAd8scaKaNkijGO/vMdxjROYMwncsACIY2WwjduzC6N3bLQN2vGIrh5L8oMTQGAh07ITLaIFMCKtYX/4//8v/H5//bfACS1Qi7fjPD2t53FBz7wAei6jqeeegqXLl3Cpz/96e6+X/nKV/Dbv/3b+J/+x5/FGx96cqrn/uEPf7iyBkcnQPTVr34Vn/70X1W2FUYqU4ND19A3Je44Susdjbhf30xNBUxD4OwJCSmSYTC6Bpw/NdsZV/Lnma/9QMUsy8KP/uiP4h3veAe+8IUv4LOf/WzhjDTjeMc73oGnn34aTz755FCvGyIiollavLvjB0TLDbC766LR8NrDTzoxhk4mRuf/U5GFTikHJZK4herV0Bg4RiVdryN3lPSSkrhFYXulRUnRG7IShmEynrkzbWx5gyX/nkC+mQH98mw1joLwihir2dFHylTeQE4aJUntX9nMiOMRHkAKQDDDYfra3pQAGJtSwI27EW5vZF8Ph1cEDi31OsWNRgNf/OIX8Rd/8Rd47cpWZltn+RT+zfv/ZyytJFkKQgj8xE/8BDzPw2de+OvudtevX8fv/u7vYvPmu/Hud797agUPn3jiicoOXGwnAY6iqTnzohg4tJQUGg2CJGBV5cIpDRdOZZf5/mG87Y3ZP+MPH93qWzaIUgpHndcz+33f24/1tXPnTn+7x1YlLlzQEUQKhp4v7zy+WBXPArS51UCcmtllc3MTSqmRO9bd2cLTy1DxyVbyJ00AePLJJ/He9753pONrGvDNj+lzL8Z5+vRp/NiP/Rje97734dq1a7hy5QouX76M9fV13LhxozJzxzRNnDt3DidPnsTZs2dx4cIFPPzww1hZWZnjMyAiIqrGAMc+FCuFxq6HRsOH3/6K7/9n782D5Djr+//30z07M3vM3od2pV2tVrdlCWOHYIMcTsdgO1iBcJgQUiTOr+LiBxQ4JJVUxST1hfryjX8kVUmqSP0Kiss4Jk4A44BxEueXYBwjY4xsy7IOS1rtro69jzl6+nx+f/R09/P0NT27s4dWz8tlzXT3c3XP7G5/3v05wvQJpwqIZz86pTiDuTCcSis20QYnU4vFt98veMTjnz2qn67rKCtl0KrJRevl3hAS1OJE1yTp7nqzxIRnEBKpQVxVD7eSXPKk5xNmFQiuGVSdYuyKiXyJ359NA4O9dpz/xMQEXnjhBfz4xz/G0tISAKC/S4Zhmpiep7j55pvxu7/7u2htbcWroya2dBL0dshIpVL42Mc+hm2Dw7j/z7/KPdF/6qmn8NRTT+HNb34zbr31Vuzdu3fD5OfINBDs3LqyP8HpdBp79uzB6dOn3X0/+9nP8PrXv74mg//cuXO4cOECt68Ww5sQBCqn1AKltsfTYtFCqUyhqAjk9nA4+vIijp0xIEtAYxZozJiYnCmht7s5cR6YkQEZzXIKr/cJOK/fm8JwlVCzl896369URaR46809+PCRg8kmXyE/+tGP8Oyzzwb233DDDThy5EjicdLpNHbu3ImdO3dy+1VVha7rMAwDhmFAkiQ0NDQglUohm80KDw2BQCAQbHiEwLHBoBSwLIp8oYySosJys6uFShzcu1BZgvHkADwDO/Shuj+ew3XYsEWPSJkiRveIc+QwDAOaqkHV9Mr4tVjL1RWE1b0NW57gEhuCk/j0axik5niZ1RGRAgQ1uE0verTnCPo6V+a+f+rCVea2AeDKrInLs5T7nWOaJpYWp9EiT+LxY2P4+c9/HjCwHQZ7Zfz2hz+IG994O+RKZlXLAi7PULQ0UrQ0ERBC8La3vQ2f+9w2/MM//AMuXrzIjfHMM8/gmWeeQXNzM26++Wbs3r0bAwMD6O/vr1upzDhKpRJ+Wgm1iSOfzyceU9UplDLF/gO/iud+cRLZDEE2TfDMM8/g0KFDOHz4cKJxisUivvrVr3L7urq6MDIykngty4VSuwzw5JwVKJkbxczMDADbA6ZQAgolip8dm8TIjiH0dBD0dcg1JcdlURQlNK8JgFWtzlMLMzMz7jVgqdfnlclkkKnmTiQQCAQCwQZGCBwbDEotaJqBxXwJ5bIeFAaI7WVBiGMwOO/ZDBsV27ESrgJQ+73r7cGHttheG9wUvlwe3g7Xk8MtOws7tMXNCxJmsbIJPipeJpRCUcpQFLvcXq22LWGHJb7XWOLEkQTzkqgN364a9A/XLdpv9Cf1KlkG9chJUtt8IQIW9V6S+wZdvTTIQHN2k6s4IaQbghWUqKXiO9/43yjm43MAHD58GLfffjtGRkYwNW/h0ozlVnrp7yZoaeKv58jICB544AH893//N37yX08A4AWDYrHoenUAwB/+4R/i1ltvXdkJJmBhYQFf/vKX6zrmUpFifNJCz9CvYqbwXTSpeQx02wLQ1772NTQ1NuL1N94Y+8R9bm4O3/72twPi0nve855Vr4KhGxRnL5oolcOPS5KdiFOuJC0lBDBN4LUzJyBL4CqrjI+PY2hoCJdnKOaXDOzcKiOzjAoln//85yOPPfTQQ1eF90I+n8fc3Nx6LyNAOp1Gf39/9YYCgUAgEKwQIXBsMHTdwuxcESVFh2FZrgeFqykwAgVxhAtH5HATdThuGs6oIeZjpR+llAlpsTtRrwHj6sGrHL6KtEyT8IPOjSGldtlQ0zCgqio0TU98bQJGuf9es6rVHt2AExicWpWRIzCxQYzQA1R2OYlgE1MZr9JlLe6ho6fwfX8iGyZXcKjvle3vijuCTUtnq4SlIsVcpcRpZyvBtt4cfvPuu/DQQw8F2qdSKbzzne/E29/+di5MordDQlsLwfik7cXS1xVeOaOlpQV33nkn3nPXOzB/6Xn86Ec/Cnh0ALaXwhve8IZ6nOK60tbWhnvuuQeP/fP/6+4rl8v4f770Jbz+9a/HHXfcgS1btqC9vR2yLKNUKmFmZgYvvfQSvv/970NRFG683bt34y1vecuqrplSBMQNQmwvp44WguZGgoaQkJe5uTl0ZqfQuTsFw6AolikWChSnT5/Cm9/8ZvvcNeC1CRP7hlOBai4bBdM0USqVUCgUsLCwgJmZGUxPT+PKlSt45zvfiT179kT27e/vR09PT2B/V1cXAODll1/mKgttFA4cOIA/+7M/W+9lCAQCgeAaQAgcGwjLsqCUdczOFqBpBmABTngIrWoGur4VjB8H5V6JL5Eo15sEn7Jyw9iN4MWbeH4fYX4gcU/jKezcG7quw7SsmJbxY5AwGztpGRaGQHPnOhCyrECUmpOGxvSoV+aRWOo+QdiqQ7x5fNle6pee8NpG1Wlk/oJq+H8FFMvL96thvVWG+mRohoG+TgltzbbVefjwYXz/+99HoVBAX18fbrjhBuzevRv79u0LLakK2Hkrdm1LwaLVv7bZbBZvfetbcfjwYZw5cwavvfYaTpw4gVdeeQWmaeKuO+9ENpuN7D85Z+HsRTZuguDsRSP2KT573akFX//aGZtM9kHeeuutIMYUjj79A27/sWPHcOzYMQD29cjlcpieno4cZ2BgAJ/4xCfQ0NCw/EUnYKFgceJGQwrYtU1GYyb+Uz1+/Lj7PpUiaGshaGsB5i/9DIb2QaTSdhiJqgMzixb6aiyrvFzGxsbwwx/+EKZpglIKy7JgmqabRNv5v1QqYXZ2FleuXIkc6+DBg7ECx2233Ybbb799NU5DIBAIBIJNgRA4NhCqZiJfULGYV2CalIsksZ0jvDAQ25uDDzVxIJX/vLCUKJcLR7PwysJ6lVr85mcYYUkUqvShFKZpoly2E5lRn8ARp00kMn/X0IV4tdyVl6HR1DA4qlzItZ3Yn9R2TQSdTc6lGQvzSysP+KF0+Tk/CMAlcJSkYEnbXC6Hz372s8jlcujt7a3p5ylpMknA9gjZv38/9u/fj9/4jd9AqVTChQsXMDQ0FNuvpFIsFtg9FP/8vX9PtM4zZ86AAm7/vr4+/Pmf/3nVfn/1V3+FsbExdztfSvY5EkLwW7/1W9g30oGHH34Yuh70jHOM7CgOHTqE3/u933M9AVaTosKfV3+XVFXcAICnn346dD81VcxePo6+7W909xVKtQschw8fjhTX4jh37hzOnTtXc78wklTgEQgEAoFAEI0QODYIlALFoob5hSIMk8JiHqXaugbhH/THJckAPFGk0p9PNEoiKnfyAzs+IV6+D3tvoM5KWAQME5Lix7IsO/eGYfLz1RoOEeUkEEntpnNcD86xJeEM/nPkNt0QmQQD1RPu8jIbSdZQkyIR/C7whYkF1xq7du1a8zmbmpqwf//+ZfX9xje+sax+siwnMpydJKrLgRCC22+/Hfv378cPf/jDRElNAdtr44477sCtt9666nk3piMnOgAAIABJREFUHPy/CZKc9ujoKE6cOOFuDw8PY3R01N1+4okf4iP33uSew3KqU7/73e/G8PBw7R3rRH9//4o/g/379+OBBx6o04rqh0hcKhAIBIK1QggcGwRNM1Ao2qVhw/0y7BtYf3JRV24IddLw8jo4SocXikKYcfkKB4HoFsoP47bhdkTDeomYFoWm6VA1FaZp8QELkZ4LYU/+a8PxSeF6RhnnjMAQGgXjBAw56lGlEVtuNun6QpfA2PwrNvtrFoHqQcgk/u+X+2blngYCwWrQ3kKwpas+PzBbupKNtaWLQFny2nW31x5iMTQ0hPvuuw/vfe97cfr0aZw8eRKXL1/G7OwsFEVBd3c3urq6sGvXLuzatQt79uxZ9ZAUP7a3hvezf2XWQmuzFJsz4wc/4MNv3ve+9+EXv/gF/uu//guWBTz7i7PYffCom4ujaYMk9G1sbERLSwuamprQ1NSEjo4OtLe3I5fLIZfLoaOjAz09Pejs7ERjY+OK5+vo6FiWF4pAIBAIBJsFIXBsACiAYklFqaRB0/mY7xB/iRh80kiM/eglLA0ZIma6sIAYG/+T+LA1EDcmWdeNUO8OXuTgzX92K1IYSODoEY2jVIR39IYn3LtlEyewbHhWsEj3vCn//uo48WVjWnbliNVmsFfCtmAOwg1BtfwDK0E3KF4564XUNDcCRj7Zn7hMJhPwJunISW5VkpUy0C0nGmugW4aa99rVEmJRKlNMzXshfyTdg73X92Dv9W+O7TdfACoJn0LpbpdqCglKQmdOwuUZrzSsogKvjhro65DQngsmGH311Vdx9OhRd7u/vx8HDx5EU3MO//zYf2JqzkJZA77zne/gwIED6OxsR88yxKGkfPjDH8YHP/hBpGTg0C7vO0YqDxEIIZAkCalUCtJya9YKBAKBQCBYFkLgWGcoBSxqoVDQoZR1z+hnFIhwbw6nYkcljMTnyREs/eoJJU4fkEpS0sh4EzcpB0CDq2BvQaPNNrYfha5rKBVLsEyrBuEmAjakg9tHfM1CSpQmJExEiQqlWVfzPEofWBfdIMEVpxHvNzFzSxRzS8vM/lkDKXnjCkWnTp1atQoPukHxsk/g2DuU7E9cWIWHX/mVX8FXvvKVuqxtLcqLLhWBpeLykjbH0dlKINX5OyVJwM5tMs6MmzArH5mmA+NTFsangHQDkGkAZJlAUYr4/P/5Ci5NmTAtwLKAw+98B05PEJTpMFq7r8PYFTv56OzsLL797Yfw1//7k6FVWOqFk5w2JQPNzRv/NuqFF16Izb+yGtxyyy1XRVldgUAgEGw+Nv5f5k0OpRZ0naJQKqOsGhXhAUwlj8o/XIoNn3hRMfJdTcQx+i2nD2GkjerwEgdbK8UX8sKtwTFqqftg3j+iZZpQyyoURalR3KCVlXCb0YsPaWavTuIbBMYgzGt0WIwbokKkYLdaYMJgOOGE8sfW7RaxDpPXrF1sfkcOwVVCKpVas5wU1yJNGYLrhmVMTFlYyPN/ETTd/p9SC1/72iM4dnzCPdbR0YHrDt4MVbOFoyNHjrjVVVqbgcXLz+H/+/cf4MiRI2t8RqvDhz/8YS5p7JYtW2oe44c//CFOnjxZz2VV5ZZbblnT+QQCgUAgcBB3b+uMYQDzCyUoZQOGYXG2Mq38Q4gjaRBwhWADyUKZ6img9nG/1MCVeuV72nkkHC8QeyVuloxKN9cGjxA63Mau54f3UiwpUBSFS6DqEG7XRigH/t0rDU2hqFwzdjX2CPH29gqtcccFB4QfJlxfiSeB4FMzKwif8TdjU7qwbUJTcwgEgqqkU7ZBv9qs5lP4hhTBjgEZmk4xt2QhX6Iolm0vDQB47LHH8NRTT3F9PvrRjyKXy1XWBvzKjfvxf33sbvz0v/4V2bS91kcffRRNTU349V//9VVbey3k83nMzc1hdnYWpVIJqqpC0zQAdnhUOp1GS0sLuru70dnZiaamJrfvwYMH12vZAoFAIBBclQiBYx2xLApV0zE/r0DTgq7rrvMGa0c7VmEgYoRJQEqdhoRryJaW9d4HlI6I8WuBMp4mtHKuJsrlMlQtWL7QPdfap1m5vkBIhCEf3BkS/RJoUJstENO4Xp4MKxmnzt4U/q9TcHtzxaq0NBLcuFf8imW5/vrr8YUvfGFFY/zkJz/Bk08+yY15zz33wLSASzPe79FMA0FvwhwWa51ksx60tUhoa1n9/A6UUu935SqRbiDY0iVjS5f9e0HTLXz/sR/hF8/8C4b7JViVXw2/duthfODuNyKdktDQAKRT9t+y7b//XkxfPI4LFy64Y37jG9/A0tISjhw5UldPnP4ubz1Rl8SyLJw6dQrHjx/HsWPHuGovSbjuuutw6NAhvO51r6tazjgJ3d3d2L1794rHiaJQKODy5curNr5AIBAIBLUg7r7XEV23UChoyBdVmJYvdpqQEDcJwnh2MM3CcmjwL2ENI+CVjZXqHYQQWJYFXdOhqhoMw6jeySWhhc02ie0SkT00MN7yb+Rr0gSI+88KBqk3VSZOtDbhiyEIp7W1Fa2trSsa4+WXX+a2m5ub3dKeO0dWNHQivvCFL+DcuXPu9rve9S68//3vX/2J64hhGFBV1f2/XC6jVCphcXERCwsLmJ+fx+zsLKampnDx4kV87nOfW7PyqWq5jH/8x3/Ef/zHf6A95wk4HR0d+L//8CNoaw0ma81ms7j33nvxxS9+EcVi0d3/ve99D+Pj4/jIRz6Cnp76ZN6Nq2xDKcXPf/5zPP7449x3pFZOnDiBEydO4JFHHsGNN96Iu+++e0Ulle+7775l903CCy+8gC996UurOodAIBAIBEkRAsc6QSlFUdGwsFSGblgVLw1SCUmhISVfKxDipeioiBZ2WAph7Hdnf0guDUYhsbs443mJQP3zOfvdNbEJUJ2IF+8NNw6lFBalUJQydE2DZVorcw6pDO3mHUncKSQAhsQdrYQAJVzPSmz65USkXC0QIObDFgk3BFcflmVxCRvDqkGtNvl8Hj/4wQ/s368VcZx91TRbTNZ1HYZhQNM06LqOUqmEhYUFTgRIOt9acPLkSTzyyCM4c+YMt7+1tRWf+cxn0NbWFtl3ZGQEn/3sZ/Hggw9y5/f888/jpZdewnvf+17ccccdkOX6VMbxUy6X8fWvfx1PP/101bbpdBrNzc2glKJQKMQK/y+88AJeeOEFfOhDH8Jdd90lEncKBAKBQFAFIXCsE5pOUSzpKCleyEao4U8qmTVCHDCILyeHE3ri5HawE5YyISpOTokQ9YRUhI9gcImvEVfZhR3bJiy7hmEYKJZKdmnYmqSNiBs54jsaYSfzu2swpt28ITT0ZpL4JQlfkzg/Eb4MbkT7eioedcvB4b9+vqSzy1qDuFEXCJZDNpvFk08+CcMw1qZCy9LSqs/xyCOP4PHHHw/sb21txZ/8yZ8k8iDZvXs3/viP/xgPPvggCoWCu1/TNKiqumrihmEY+MpXvoJnn302cOymm27CDTfcgKGhIXR2diKXywVCojRNw9LSEqanpzE2NoajR4/i1KlTXJtHHnkEkiThzjvvXJVzEAgEAoFgsyAEjnWAUkBRNChlHYZhP3UjnKRQERkIYZ4OJvB7YJtUiSvxCxTJSdrHbkctCl3XUS6Xg2E4Yb0IAes1EmcEh4kF0f0IwpWDsLZM8s/Q0T0ZaEVsdAeG2PVVSUZSOS7Lsv2ZJg6PEgiuXR544AHOIyTKIG9oaMDQ0BDOnz9f9zVs374dg4OD6O/vR09PD7q7uzEwMFD3efzcfPPNeOKJJzhvhs7OTtx///01hcfs2rULDzzwAB566CG89NJLAOxEnXfffXe9l+xy9OjRgLjxhje8AR/84AfR399ftX86nUZ3dze6u7uxf/9+3H777Th9+jS+8Y1vcPk7Hn74Ydxwww3YunVrTev75je/iYmJieoNl8laefgIBAKBQJAEIXCsMZQCFqUoKjrKZQOWRT1xgxBX1Ai3CcPDLNiKspRtyuTg4MeLNiTdSJfQuWnIps93g/AhL4ZhoFwuQ9d10AQCR60EbfBqqkHc8XivhHqY36v/sHWlqkmN/UO1JLuajyRLaGhIQZZWPxGiQLAZSKfTidsODg6GChyyLKO5uRmNjY1obGx0q3Sk02k0NjYil8uhpaUFLS0taG5uRnNzM5qampDL5dDR0VHTGurJ8PAwfud3fgdf+9rXAAC33347jhw5sqycLVu3bsUf/dEf4X/+53/w2GOP4fd///dXNZEsm/QWsL02Pv7xj69ozj179uCP//iP8bnPfQ7T09Pu/meeeQYf+MAHahprenoar7zyyrLXIhAIBALB1YQQONYYSil03UKxqKFc1sE6aETm3XA9D9yMGVyyUVIJY+EFDM8nhBDipsbgU3WQkEoqTM4NJhaEfaoY0DaAwMKdNqqmIZ/PwzLN2PAUz06mniITZWg7javFqETMkBjCl4mlsD8jfkdw6MQRJgkabRyfhmSxKM53UU5JSDc0IJ1ugBQncCT27hAIBCz33nsv7r33XgBwf8au9vwMb3/72zE1NYWbbroJe/fuXdFYsizj1ltvxS233FLXKip+VFXF2bNnuX3vfve76yKotLW14bbbbsPDDz/s7mMrxQgEAoFAIAgiBI41xjQpFvNlKIoO06Jujg1eaKiIGISAUAJKbI8OJykoq4ZQppftAeLt91diYUNeqoa/hCTV4FdYCUFhj/oUGsMwUCqVUSwqsOppxJLlyBXB1sEQl8qGu1S+AfG91l198F/zqPFjjZiQBB+rYvN4AxPY3yciETSkUkilUkilZMiyDEmqMrkQNwSCZbFa+STWE0mS8OEPf7iuY66muAHY+TP8NDY21m385uZmbrvWBLFhvO1tb8ONN9644nEEAoFAINiICIFjDbEsirKmY25OgaqZQdvOthRrMvo8oSHckOSlC8LtYafjBY9gTydZabSXib8PgaIoKJcVWJaZ4DxseNGhinXuHo43osnqWPj1J+R0N2aaDttTQ5IkSBKBJMuQJQmSLCEly+5+9mmyyMAhEAg2Iy0tLWhtbeUSsZ44caIuZXUppXjxxRe5fbXm3whjcHBQCBwCgUAg2LSI4Pg1RNNNFIs68gUVphmej8L1Egix9rx9XhAE4Qx8x7uDMI3DzHvi6xM9Z/gKqzc0LQuKokBVy1XbroTwc1vN8aMbLdcXgaykc4DV8YgghECWJaRSMhoaZKTTaWQyaWQyGWQzlffptJ1zQ5aW5SovfDkEAsHVBiEEb33rW7l9jz76KJ5//vkVjWuaJh5//HE899xz3P6bbrppReMKBAKBQLDZER4ca4RdOUXHwmLZrpwSsP+ImzWDy43henTwQoS922mD0KSgbJ4OJp2GHeLBOVtEe404QQgUlruD9+JwBBTq5uWgFoWmaSiXy9A0HUkI91TwJ7vgjwRt6GAbvndUdZWQXSE5QNxkrfCuy0phRwicD1ktrwY+YYg/CMcRzdhXSZKQSqXQkJIhp2TIsgSJSBU9TfheCK5dzp8/j6eeemrVxt+5c2ddvAEEq8c73/lO/PSnP8Xc3BwAO2zlb/7mb/DGN74Rb3nLW7Bnz57EYSv5fB4nTpzAk08+GSgVe+DAARw6dKju6xcIBAKBYDMhBI41QtctlBQDRUUPt7FD9AU7B4dT2YNWBA24jStBIxWfCuoa4EBFhHDH9QxXtuIKX/GECV1xwlYAWHCkC1+CCGci6gkszgimZaFUKkIta7AiPFWiCDeWww3oYA6N6ICOMEGC7cv1dMrI+PJHVDPjl2Pmu/lSWeGEiSSioSJHXCxLzCqIJ0eFiRikUsVHIl7YiSxXxAxZglRR1rxpSIjItBKED4fg6uOll15yy5GuBvfee68QODY4XV1d+PSnP40HH3yQC1U5evQojh49CgDYu3cvtm7dio6ODmQyGTRUcoPohgFFUTA/P4/R0VGuLCzLyMgIPv7xj9clp8iTTz4Z8AxZDe677z50d3ev+jwCgUAgELAIgWON0A0DAEVjpgENKTlghlJQgFJQi4KCglILlNrSAqUU1KpsUzutKLUqbZzjTnsLoLDfo9LeHseCZVUSkDrtQW3Bg1qwm7P7Kqty5qsoI5TZ784BJ7EphWVZ0FQdzc3NaG1th6ZrFUcUf44P+BwJ+JAaQljLvmJIV8qPcj18hnqljAcIc5yA6cccZxp48zLtCGvAM+MT9ri7RHY/GKXJG5UwKoYj5BBmzd4lYee1Z2lszIRfON/yIo+zQoZzHoQXNgghbu4MQqSK54b3Pk484fLVhq1NIBAINjEjIyP4/Oc/j29/+9uuqMFy6tSpgEdGUt7znvfg7rvvRjabXekyAQCTk5OYnJysy1hxmGb1/FsCgUAgENQbIXCsMpTaHg2mSSGnZORyaVDLYkxjLwyFMqEfruDhtKFMdRTqeFVUjlP/qze5s98Z0xMo3IGYPhTMjN5AbhtGoHDbe+NRUBi6CUVR0dHZA03XYFm2BwdXwcUZg7N8WbWDzRviCBKBDt4+VxzwCwUAp1Cwgol/1pBFSaQSMuRbG7cCn4eFI1w4ji2s8iA516AiLDjJXfmTIqFrauLcm0PdOmIhvmvkiRxghA4psOZqBCKbQvLUUsLvih4s0ZQCgUCwIenq6sInP/lJjI6O4qc//SmOHj3qhq3UytatW/HmN78Zb3rTm9DT01PnlQoEAoFAsHkRAscq4eoHlELVTFgWkG6QkW6ILu1nP9y3jWoJxJUPghDEWYPLrbwR8xC+ah9QCsO0UFY0FEsq2jstZiTnzILr845QvupGIPwkGse7wF9LxhNVvPH5EB1mgIB3Scg+9xjbmcUTQ8I+gySfC6/5eKJQtjETKh6Ed0wK+ymEDVptxY44V+UwMwzr6VGXUxBcc2TSafT19bnb9SzJmYT7778/6I22iqTT6TWb61qjXh4RfoaHhzE8PIx77rkHly5dwsTEBGZmZjA9PY2lpSWoqgpFUUAIQTabRTabRXt7O3p7e9HT04PBwUH09vbWLb/RzTffjP3799dlrFpoampa8zkFAoFAICDHjh0Tz01XCdOi0DQT5bIBJ+rDETAcCIJmJOstQSohDgGxg1EAnH+5Nk4oRGUGmsS6XibUotB1E8VSGapqwLRMz4PBPokwVcMHYbwf/J4ejDjCpAsJS8oZZWwHQyyYgdw2EQKLX+zgkpkwljs7HIky3z0Lv4p0YIe1VFodfvPrgufjP4Ww01sR1c7Bv39lU0gEyGYbIEkrXrhAIFgFKKUol/nKWOl0GrIcLdwLBALBZuL8+fPrvQSBQFAF4cGxSpiWBU2n0HTTTtRJqStu+MUKnznPH418Uki80BHfmMQJraC++VZBynLFDUWFWtbdmNvAVD7HAL+nAmDnAAl2IV6eD/cAYV49IciyHA+OMNkobFW+z4FSPvEo9b/xuyHYoUOeeOLEgdDo2A1OROHb2J+bNyeNsfPZJUScTujnHTpk5DwJBozcHyWG+NoIeVUguGoghKy5x4xAIBAIBAJBLQiBo87QSi4NXafQNAOG6aoQoSEnnp0a/sjdnwsDCDGEnffsA3cKULK61qNpWtA0A+WyBqWsw3I9NyqCBed2AU7YsHdV5AgCd+G2EMQQ8IRw2oaH8HDXiwlZcSrQhAkYUfuCx8NDOVxvD9v1BtSiy3ItZj13vH2+HCAJiXJm8Tt7VJZc52ooSVhOAI9AIBAIBAKBQCAQRCMEjjpjixsmNM10xY1g9RB/yAM8SzN2cFQcGiLaOToCIyiEzpeEUAvZC3ehlEJVdZQUFeWyHliTU1nFnt7zfKDOepgFUotWEnoy/d2Qj2CZWTtBpi/mJXD9nFwYjkDgJFzl42TsdfIJIdjLFR6ZQt3knF51GcrNT7n1EBApKs+Hd8UCx53PexluDtV6BCQj/9Iq/4SJQMlXkCQIxy+5CAQCgUAgEAgEAsHyEAJHnXA9NwwLStmASW3DPaIxb/9FCAkBQh96V9pyFirh2/vnC6wnekp/Q6cqjFq2k4lqmg6LOv4nnqjAT0+9pYasxw4vsZOSEkJgVTwvOJGAekKJU2GGEMldmQWLm5M9H1cg4CIiHEHCETm8LpTaFU/clozYwabciEs0SAh7Uan7XWAvAe8lwofVeOEy62P4+/Ui3ksFvs8T4d+fqh5EvmskRA6B4JphcXExsoxoY2PjVRcKc/z4cRQKhdBjw8PD2LJlyxqvKBrTNN0KZ34IIUilln9reP78eSwsLIQe6+npwbZt25Y99mphWRZ0XQ89Jssydz2WlpZw9uzZ0LYtLS3YvXv3qqxRIBAIBMkRAkcdsMUNCk23oFY8NxJl2Y9swh/gqn/4PTgo9YWswDMsA4/pa1hLSAIISikMw4SqalDKGjTNgGn5hAI+vsTXnx/PXSaTUMJ970vP4Ake3g5/zg7bVHYUCLaKC7eKyCWyw1v+vBshjdjPJZzgwajvBXsNvH121paNQsDBhHO58d5yVyxM/OCEkY1zfgJBUiYnJzdcork9e/ags7NzvZeRmPHxcSwtLYUe27Fjx1UncACIFA3WsupOEi5evIiJiYnQY62trbj++uuXPbZpmlAUJfRY1PVZb5aWlnDixInQY4ODgxgcHHS3KaWR57daVXkEAoFAUBtC4KgDrrihmtBNq343M5yN7YRCRB1HmD1dh8m9OXWjkm9D0aDphu883XgKLxenX6jhPDzC843403b4glk4Fw3iEyEo4DOYvffMJeSjVEJXgsjoCerb4fdW4Y5FiCROZApXacY/fWXBlPFcuVpgz9r9TH35YbjGvPOKQHBVsFGNNYFAsLmxLAumaXL/E0IgyzJkWYYkSUilUlfdvYNAIBDUCyFwrBCLUugGRVk1YRgWLF9YCpunIXZf5ZWG+fpXwl+cvvYuzxPBm5NNbunNETZfLVBQmIaFYqkMRVFhGFYlhMJv+VOELd+JxaCsGwYJNnOH8ToGtRu3u3dN7KolAJH48+RK8hJib/uPW5U1s/kwCHMqbNJTLqaED6Gh7og2FnU+SVYA8cJhnPGsSnWdsOtGfHNcbSKAK+BwoheP7yshEAgqBH7HCgSCa5JyuYxCoYBSqYR8Po+lpaWq93SpVAptbW1obm5GU1MTcrkcGhoa1mjFAoFAsL4IgWMFUAoYOkWppMMwqWvUAoz3Ag2awE5OCjD7PS8ECxIkN6eEM48TrOCFZfjCP1wPD6ccreV5TFB2BQnTbTjjWnZYSqGooKxqMAwz+IfVzbERrlp46Sj40JpYCHHXyVYScc6ErdbieQZQTgsAcTwg7GMWd9AblwIAK0z5nFHcii+sxe6M605dETSY8CDKJKmgrpHPSB7u50Irjid83g83TwfAnAezxLDQj3CnkXXDL0xFHhcIBIJ15NKlS5E5NJJQKpUij01NTSGfzy977O7u7qsq/GitUBQFqqqGHmtoaEBzc/Mar6h+GIaBhYUFTE9PY35+fln9Z2dnMTs7C8C+P+vp6UF3dzdaW1shSVKVEQQCgeDqRQgcy8SyKHSdoqzptkdDZb8/LKPadth+VtzwjldauQ4J0bU1qNc64ngyLJNC05xKKZqdmMwxuqknnDghCJFPFAggEwmZbAopmfmjSj0PBcdRgYJZNwUM04Jpwk1Cyp2HP38DkzfErY4CTvfwLyvyGnnOKD4fkhAvCj4nCjO+z3OGUF8DZxHwPt/QA841CuhKhG3Jd4/7kDeI+OHnahc7yuUyisXisvs7yexSqZT7fjWe4K90nYCXiNBZZzqdXvZaLcta1g38apBOp5HL5dZt/o2Wq+FaolQqYWZmZlXGLhaLK/qZa21treNqNg9zc3O4cOFC6LH+/n7s2LFjjVe0cizLwtTUFMbGxmAYRt3GpZRiamoKU1NTaGpqwtDQkBDNBALBpkUIHMuAUsAwKFRdh6aanmfAMsdyiLcPaMABopo9EXavnMQGodT23CirKhRFg1JWYTolb1n3Bqd9jEsIAUAkIJNNob21CekGGYAdwuEkZ4UFWLD/AFuWrXpQSmFRQDdMaJqOskojwmLYTf6iBP1WeNs+0ruAjRgJi59w3Sd4kScgllAreJz4hov66kSEdPgmSNCGDZwBEPVZbQTR4yq37QqFAk6fPl238dLpNDo7O9Ha2opcLodMJlOXceu9TgDIZDJob29Ha2srOjo6aqrCYFkWTp06Vdf1LJeBgYFEAkdPT8+aGwemaeKFF15Y0zn9WJYFTdPqNlYUhmGgXC7XZR6R+FFwtbCwsIDR0dFYb6B6UCqVcPLkSXR0dGB4ePiqTOgrEAgEcQiBo0Ycw1vVdWiaVTHMV57nAqgetVFz+5DwhapTUNs7RdU1FItl23ODyyviVDoJCg1sfhBbJCBu6Eo2nUJzcxqN2QxALVgVMYNa9o2uRe38JRaloCaFSS1Qi0KW7fGUsg4ur4g9oTs/RUX8CCv1QdjlOqEu0VeCUOKTRbxz9PbzgosTGuQf2wsZgk9coIFrxpa9dUNeIleZBEdWca4Z+x0lTAuEFzMJC4ERrBmapuHKlSu4cuUKAPsp7rZt29De3r7OKwuiqiomJycxOTmJVCqFgYEB9PX1bdqYb0mS1tzFeyPk4ygUCjh+/PiqzzM+Po7x8fG6jHXzzTcLd3zBhmdycjKy/OxqMT8/j0KhgL179wovIYFAsKkQAkeNWBaFUjagqhYMk7oGNGVFgLjcCGHbCDnmz6dQLeQg7qk8ZY7HjEOp94RuMV+CpumVnB9e4lKmdWAif6iGY1ibpoVCSUFjNgUCCiJJFXHD8dSwQC1HPKqIHhXvB103oWkGn4OCeEk82USinvjh7GNUiUA5XRo02CsJLyjx5/wAJxI43QPnzHiQ8AlImb6V9s5VZfUO6g9Nishpkhzq22K/WLz3ByMbeXspCXwNA8NuwLwfmxWnlGFbWxu2bt26IYUOwH76PjY2hsnJSezatQttbW3rvaS6Y5omdF1f0znr6a4u2FzeIocBAAAgAElEQVScP3/ezbWQhLjvUj6fx/PPP594rC1btmDbtm2J2wuCjI2NRZbtDUOSJLS2tiKbzbqVUyilME0ThmGgVCqhWCwmeuim6zpeeeUV7NmzB11dXSs5DYFAINgwCIEjIZZF3bAUtWzCsDx3CGr5Qj/8f1Mitr18GiFtmTbcYV9oSlypUdDkYSqUUhi6AUXVUFLKUFW9kgzVNoZJrMriM/7Bh5JYFoWi6Lh0RYUkVdoRx62C8N4Yvm3LAkyL8jk/qKNZUJAQ1wPWg4Kw7wiYJK3B02HbUu7iMWEv7HyMI4uTr4Mdnzg5QNgOlI1wYaq4hKyH3Wefq7cWGvqZJFEY4m54wr6o3hz8d4m4+VbZlmHhPux1EqycxcVFLC4uYtu2bRgcHNwQT/bDUFUVr7zyCkZGRrBly5b1Xk5dWVxcxMmTJ9d7GYI60tTUhJ6enmX1nZ+frypAOdUslkO18LR6hg5RSmsaS5RLXhnT09OJxI1cLofu7m60t7cjm81W/b1vWRaKxaKbqDQu5ItSitOnT+PgwYNoaWmp+RwEAoFgoyEEjgTYyjiFphu2uGGGJXxcyfi1HQ9rzwoftY9HbdVfscvAqppWKSri805gJYCQP67+0AwW0wIUpQzTtJ96EomAEAkEBIRU3ksSCAEI7PcSAQiRQSD5xvfn2eAJ15ocVcTXi83Z4bll2OEisReSjflxPEN8HhNuBI197bh8KxUPF3c5PpHDjrbxjUfBxZKEawmsuFPNVag68alsfeMzoT2u6FXZ51XSQbSgExonI4hiYmICiqJg586dNeW8WGvOnTvn5hMRCDYqAwMDy+qXz+cxPT2dqO3IyAhkWV7WPILNh6IoOHfuXGyblpYWDA4Oor29vSYxW5Ik5HI55HI5bN26FdPT0xgfH48UryilOHv2LA4cOLCh/54IBAJBEkRgagxOEkzLolA1A+WKuBH2wCJcdPC5Y1SfMbQta+hGiRuA7SnBhk4kcU+0KuJGsVRGUSlD1TSYppMAlA3F4Md03rP/82fi/QcAEiGQJBmSJAdiHbwwDcfDgTLeJ/w4/MjB+Z0SvP7/QSrXB77jbH/ufCzvfch8nOsCDZmx4i3ieXTwx/l3XDdbB/Bde+bCsovntqmzzVwpv7DCD7RSgp85/x32hB/72jHLZpYa/q0XJGF2dhYnTpzY8OELp0+fhqIo672MDY2ooHL1USgUEifILRaLeO2112Ca5iqvSnC1MDY2Fvt96OnpwXXXXYeOjo4VeepJkoS+vj5cf/31sUmUi8Wim/NJIBAIrmaETBsDIQSWRVEuG1AUA4ZpZ04IPl2vPDtflsgRfMoe/vTee/TN5ncIn4/3SggmQPXyMBi6LW7kCyUYpum4CXChL34vAzdUhHgt7PZ2IyeSwhUdKmuV5UrCQcsniFBweS8ckYMQqeKZ4j9Xz4Bm9/nzYrDnbY/DG/temIc3qnNKlkU9547Q8SgkInkCRaV+rps01LK8pKfOZ8IkOqXw4pocQce9cMw1W5bNExA5vCXwXxvqlvx1zo/txVVfWRZhnxu/CH45GzPUYqNTKBRw/vx57Nq1q27hKrlcLjRBqBPnraoqVFVNPJ5lWbh48SJ27doVOEYIqTlPB6UUS0tLsW3S6XTN1QE2a1LUeiHLsvDEgf19npycxIULF2oK0ZidnUW5XMaOHTtEUsdrnHK5HJs3paOjo66/0wG7otC+ffvw8ssvR4asXLlyBQMDAyIxr0AguKoRAkcETliKquooKWxYSpjFyYsKtT2PDraNfpKXdFy+nZOQkz1uWhZUVYWilFFSVBimyYgjFZGD9S7ghvWSiro2uftEnoL6L0dlkxBAllMgEmAaJrjr5ooathBAwkJHuAHd2iSR5x0a4uH7rLiQDkcAqTQJC+VhsfxJQX2eLGxlFSdxCCchOMc54YN12/ASfMR98olvf0IFOG8Q7vwIf22i56n15iv6TK6F59e7d+8ONeYd4cA0TZTLZRQKBczPzyculTk9PY2Wlhb09/fXZZ2OS3QcmqZhfn4+1u2ZZWpqCv39/Whubub2y7KMAwcO1LQ+0zRx9OjR2Dbd3d0YHh6uadx6sX379jU3ENaiHGpzczP27du36vNsVHRdx9zcHC5durRsj6RisYjjx4+jq6sLfX19aG1tFcbkNcjMzEzkMUIIRkZGViW/UkNDA0ZGRnDixInQ45qmYWFhQQiZAoHgqkYIHBGYli1uKGUTupHkCU3oI/L4Hn4LuvLHjLDHSfxzdOo9fuf7hayO7aOqGkqlMkrlMgzDZBo5Vrjf4yN8NMoqAYwAQhjD2TlkaxcEBDJk2fGGYLxBKv875VJdzwZnKEI84YFSTqrgvVSCYpObjyI0E6bdwu9Vwh9lsok6TXg9wN/BPQdSUSic8Bif3wk/Pjcw96mFT8Acqfbti71ViteKonZ5ewl/Dk6GDpFdlKehoQHpdDq2TS6XQ09PD4aHhzE3N4eLFy+iUChUHXt0dBRtbW3LTmRYK+l0Gn19fejq6sL4+DguX75ctc/8/HxA4NiM9Pf3C6N1E2BZFhRFQbFYxPz8PObm5hKFEg0MDCCfzyOfz0e2mZ2dxezsLNLpNLq6utyf3UwmU7Nhu3PnToyMjNTUp16sZ5LjOO+ZjZ78NM4Dra+vr2pi2ZXQ1taG5uZmFIvF0OP5fF4IHAKB4KpGCBw+HBtf00womglNtxI8c/ZCPgIGXbWbISZGwA0nYfvRYJpHfxsKgLDtGGM/IE1QCtO0UCopKCq2uOGGxHAeGkGzmRuL+M3pCM8I1/6112wvS2Ju/inTnrjn5x+HgMCilq1RVM6P9eFwhATKxtZUjnDiB/XGd2YOT8bJZ8J0j/KOFV7oi6+3PQ9zDoz+xVZicdfCJt1gp3fmDCwvuF7fSuH/9OMkq2XBXjbXA8c55CvVy+wLk+yi9l/LEELQ1dWFjo4OXLhwoaqAQCnFlStX1tzQSaVS2L59OwqFQqxBB9gChygpee1BKYWiKNA0DaqqolwuwzAM12vJNE1IkgRZlt3XdDqNbDaLTCaDbDa7KuFDTriVswbDMNzwK0VRsLS0VHNulG3btmFoaAi6ruPkyZNVfyY0TcPly5fdn+90Oo2Wlhb33DOZjFsKVJblyAoaG7Wa0mpyNQscpVIp8thql9Z2/rZECRxJPQcFAoFgoyIEjhAM04KimtBUy01a6RD+lJwy5nC4Wz83hl/UYI77t0MJET0CnhysWML2oxZ0w4BSVmEYBp9rgmnHnZsTukEcKYC647sCAPXGYd87V4H3xqDwB81w4ojlM3gJ38Nyz5VRGyjjH1HxDHHCP1zxpuJlwOYG8Qxx5/I54ocV4pHAxeJwn5lfMiCE2Ouk3jYnelC2L0I+A8QTpqj4Ca1KYl8fL91F9cCTML+YqCkpjT7oCDvRlVkEYUiShB07diCVSmF8fDy2rRM/vRbhCizOGl966aXYdvl8Hrqub/pcF5cuXVoXg7Ozs7PmvCOrhWEYWFhYwNLSEubm5lZcxrS1tRUdHR1oa2urWylLXddx7NixuoyVSqUwMjKC7u5uALa31nXXXYfx8XFcunQp8TiapmFubi70WEtLCw4dOlSX9W4G4hJ0buRkroZhxP48VPPyqwdxHiJx4otAIBBcDQiBwwe1KFTVgKGbTMUM5jgrTsDzJgjx3QAAWLAriARzM3APvwHwYoi7L8QbIy5wgc0DEZZs0zAtlBQFumHCspx2TH/fJGzCU7/Y4xj2bi5NTsRghgzJZ0HgeFqEP813fTr8144JfHA9MCrjE6Z32NVxvED8ooZ/7qjjgX2El0C4tr6LyiY7DZ+44t3ghCn5rlnYd6Sq+RQ6F6POhIbrsN4t4cOtyGyL0zZEmdhYtm7dinw+j4WFhdh2k5OT2L59+xqtyqOpqSkkoXGQa0HgGBsbW5d5W1pa1l3gUFUV09PTuHTpUl2r+ywtLblu/W1tbejv719xdYlsNov29vaqP1PV2LJlC7Zu3RowGmVZxvDwMDo7OzE2NlY1MW41+vr6VtTfsiyUSiXk83kUCgWoqgpN02BZFjKZDNLpNJqbm9Ha2orm5uYNX9I27vu1UkFNIBAIBFcvQuAIgRCCdIMMWfbFUAcUBtbkCzP/WIHB33414c1f1ljWNAolJaGpMR2RvNN+sUwLmm7ANK2gOOELAWFTRriCD/UG4zwkmBXabgTUPRB2VYJGPvMvdTwy4DluMJOwl9wOJ/GkEy58hD8dt4PnFeOF2LifqeMJEbJmLtQiRkTgp+VFqcBH4+gS/gioyBETECWAcKVV2GPR4kcUBKikViFVDRHp2vOwrglJkjA8PFz1ifPU1BSGhobW3INAkiTkcrmqRtxGL2krWD4zMzM4e/bsqj89X1xcxOLiIjo6OjAyMrKifAW9vb3LEjhSqRS2bNmC7u7uqnlvWltbceDAASwsLGBqaiq2ekYUhJBl50UwTROzs7OYmJiIDD9wBAFnbQ0NDdi6dSt6eno2rCAZl+i1VCq5Yb+Andw1qqTvWnt7pFIpZDKZyEpUayHOxFXBuhbyJAkEgs2NEDh8EIkgnZaRbpCXV6Jzg1NWAcPIoDHbEOlOQKnt6ZEvKlAUFQaXZJWEemR4fdnSo57nScDE9z3pDcv0QRxxIJBXw+sVqPTif+8bk4loiYERMZw9rpgRLLtrhwJFXZDgMuLNTudKVF79YgNziNWHqlVYrcnUjUq2WtXDIvhJEyJBkglkQkCqKBik8t0SRNPU1ITOzs5IF3bA9pAolUrrcpOaxNDc6LHxawVrfF3tUEpx/vx5XLlyZU3nnZ+fx0svvYS9e/cuu+xqe3s7JElK9L10EoK2t7cjl8shlUp+C0UIQUdHBzo6OqCqKhYXF2tKXNrX17csoSGfz+PMmTM151XQdR2jo6OYmJjAzp070dXVVfPcqwmlNDaUwrIsGIbhXjNK6YbKLdHU1BQpMiwsLKzq9aaUxopsax3iKBAIBPVGCBw+CICGlBSaV2EzYFoyUikJMpXAGqNh99lSxSDNL1WeklQEB8tCRXQIz6PhahshMTWus4cvT4eTrNPzCPFd/xDRgjAGNxsu41+PG+4Cv/u8P2+GPY8zPSXUdcBwT9eX08Ob2xNEqBt+w6/by+9BvfEC5+WIGU71FcY9xlExqG/b2RfhSBQqMIXMuqyQF25w6lsDgSwTyLKUyJDbJLbeqtPX1xcrcABAoVBYF4EjSex2LUah4OpgYmJi2eKGkzzTKZVcqwCm6zpOnTqFAwcOLKuCUCqVQm9vL7d+QgiamprQ2NiIxsZGNDc3o7GxMTLBZ61kMhn09vait7cXpmlCURSUSiWUSiW3aov/Kb6T26MWLl++jPPnz69orYZh4NSpUxgYGMD27dtXdP6WZcV6S0hSsr8VgO3lUE0YKpfLG9b7pKWlBfPz86HHpqamsG3btlWrpLKwsBCZYBQQHhwCgeDqR9xpRrBZnqyFE0wCyh5ztjMNKWQaGrCEknuIDzHxlwL1Gbicc4XPfSHkviR4sxJulrN5QfztKWUn8JntAQ8E/nhwel8CUhBQK+4cguEunHeH777dYkQdZpHMUNWuh38+xsWDEehCr1TI1zvqVjH2JyF2SRQSIXzIjmDFJLn5XFpaWnG8fq2Yphl70+ywFgn0Vpumpibs3r17vZcRYD2evC4uLlZNfgvY5Y87OzvR3NyMbDaLVCoVKnY5T941TUO5XMbS0hJmZmZiQ5t0Xcdrr72GgwcPLutv97Zt29Db2+uKLalUas3K/MqyjJaWlkDiVLbKjGEYyOVyNY07NTW1YnGD5dKlS5AkCUNDQysaIy7h6s6dOxP/3koippZKpZqv21rR09MT+XNDKcXZs2exb9++un8PNU3DuXPnIo9nMhl0dHTUdU6BQCBYa4TAcQ3CFFxx9vhbuK/Of2EtbXPaZ6D7hiJMy0DTYNxK+DLYHWxYRoRF7oS2+M8zeN7OJGE3xH6lhnjVWyiCRjsJ2Pb8GwrvOrKiRoxI4r5LfL9OI17DmiY3AsKaJu1N3X+FyFEvnPKZce7WhUJhDVdkkySPASFkwz5RrYVsNivcuCtUK1+cy+UwPDyc2NCUJAnpdNotl9rd3Y3t27djamoKo6OjkU/tC4UCFhcX0d7eXnUOy7ICHhKO2BJ2bD1xroc/nCGTyUSKOUtLS3jttdfqvpaJiQk0Njaip6en7mPXSpLfcUkE1/Uim82ip6cH09PToccXFhZw5swZ7Ny5s25eb4qi4PTp07H5N/r7+9dM3BMIBILVQggcIVSPhr16odTv/UD8fgwAAMsCFFWHpulu1RenvduyIiREm64hiTkBL69EuOLg7md9J9yXqh+O79xiQ1L83huVdRKJCTtxGvOxH+HJSX1XyZ8+wyd6OJ4oUdE+bjWXVflCRsWbxDQNyfkR9ZE4oT1OGWIpKotstSUJQsnlcrECx1rHmquqGvtU0CGXy2047zjDMDAzM8Pta29vdwWMJPkRHMLarvf5+uev5xrjSpoCthv+/v37V2ygybKM/v5+ZDIZnDx5MrLd7OxsIoGjUCjg+PHjK1oTy3p87r/6q78ael0ppbhw4UJsX0mSsHXrVuRyOTQ2NkKSJDc05uLFi7ECz4ULF9DR0bHuoWZJKtLMz89v6Fw3AwMDmJ2djQzLmp2dhaIoGBoaWlHFINM0MT09jbGxsVhPqI0iXgkEAsFKEQKHDwqAWpvX0qKUuufHel+wZ2xRC6pmYHGpgGJRrfRzR3DbRUZquIkxeQHD0Qho5RghErPts3/ZHCisuEDDarJUpmSWaIsGlPPesNtQN2ep/6bUqwBjVm4kCDcmHxoTf9NEfTky7LPxwk+c4+5ofpGj0sa9xiFVTdhytvUJAwm41PD7/Dk/QnpwETYADNMEIAOyZYsccbNv0JvQjUg1Lwgnn8Fql3mklGJhYQHj4+PQdb1q+7UOm0lCPp/H/fffz+174IEHsHfvXkxNTdX0JPxP//RPuRKxH/3oR3H77be72+thbB04cABtbW0A7BLCn/nMZ7jjX/jCFzA8PFzTmLOzs7h06RIKhQJefvllEEJw/fXXB9oNDAwsyxC+fPkyJzql02ns3bsXnZ2daG1tjTRuk4QtrAb/+q//ikceecTdvvvuu/GBD3xgXdYyOzuLfD4feby9vR07duwIlBNuaGhAa2sruru7ceHCBUxNTYX21zQNV65cwbZt2+q67lrQNA2Li4tV26mqikKhgFwuh6amJtx0002h7ZaWlnDmzJl6L7Mqzc3N2LVrF06fPh3ZplQq4eTJk8jlcujp6UFbW1uiXDBOSWCnck810VuSJOzZs2dTeNgJBAKBEDh8mKaFhcUyDHP1RA62Coc/fCIxvENBlfm88UtFBVMzs3wSVS4xpP3etCwYhgnTorwXAXH/CRY38axxPiqhMrnzjML1XIDFiSSuAOJ2ZkNCEHKRPFUgrPAH6yQSvCjBY0FBIfoiU1cxYeSWsIvBeKlQsAk8wiqvOOfifDdIMBUHd57UvUyBsULDSmo1rMIuXtwXlQQumV2Rx4Rlhc/NijQSIWhIySLZaAKSCBeGYSxb4FBVNbIEo5MjQVEUzMzMJHqSCtgG1HLLXG4WNuqT5Fo5c+YM/u7v/g4LCws4ceIEWltb8eUvfznQbrn5Vp5//nlOMNi9ezf+4i/+AoD9lDnqOxdXNnS5PP/883j44Yfd7f379+MP/uAP6j5PvYgKeQDssIg9e/bEik4NDQ3YuXOnW+kljKmpKWzdunXdvs9RyTnDWFhYQC6XgyRJkUk719Oo7+7uhqIoVfPY5PN5V7hKpVLI5XJuLhsnpMTJ11IqlZDP52vyPtu9e7dILioQCDYNQuDwQS1AUXQYViC7RF0glf8teINz3ge+tpHzM0/849r4xy8qKvKFMnNQildX/EZ7wOKObOxN4W56/WjIOBYXBsL7aUTOyDt3MCElwbb8aTLhK9UupH8SZzzHrTQwF7tizzuFLy0bnMwTnSi/vjiimoTsp745CfPJsHtrn8zfhv9CU0phRs1BPPGMSk6+l81hBK4mSYSLuGoF1Th79uyy+0bR39+/6h4lgrWlmndGXKz/conz0vB7JdQDwzAwOTnpbtfq7bJSTNPEzMwMJicnUSwWoSiKm3zVCTHp7OzEli1bIMtyrPG/Y8eORB41hBDs2LEDL774YujfoXK5jGKxGEiMulb4Q8ricMSYjZxXYnBwEOl0GufPn09URcgwjJpEnjjS6TT27Nmz7DLLAoFAsBERAkcYlYf3oeZcXNKBwH43LsI/NN8qwm50d4d4WLj9wuZ19rm5LPhcE5RajOpguU/R+Sf8QUPVX4XEK4safiKc+Ux8/gNsfgqfbuIEbrghI4ELwAzuSwrBr8Xvs0B979hQGl9/H85RGvI5cFfNDb8JChSe00fUF4hdgePKXmeJzV2/b32E96bwiwzJJAfqe626CJ9gFqH0CQIkEb820g19e3s7+vv713sZ68pywlMuXryIY8eO4cqVK5ienkZjYyO6u7sxMjKCQ4cOrfsT12oeGhcvXkR7e3vdnpDPzMzEhl8sp0zsRiSfz+P48eP4+c9/juPHj4cmyzxz5kxArOjt7UU2m8WNN96IrVu3csdSqVSi/CQOTU1NaG1tjfTiKJVKNQsc/f39GBwcjDye5HeWk0w2KaqqYnZ2dsPnlujr60NLSwvOnDmzZqFWra2t2L1796qVoxUIBIL1QggcYbChB/aj9+pP+aNcMrzkDwh1uwgJMQg8WaeOAAFweRCcvlwOC59yAPY4cfezuSSoY5BHxEK4PgXUOxJqevuT2XEbfu8Nr01YmlJ7PkfoYJ/rU3eMwBr82kcgcMO9QpwQYTf1PTUhhHt1koGyYzlfDe9yezk/nOSabuEV6ogeVuU4IEn85xBm/NTiYloV7uNlv98IfAfhhL9wXSvnXFH/Vu6eLNSM5ZLEO2OjeEs4JVXXYz35fL6qN0pYNYbXXnsNiqLE5uAYGhpatZCbK1eu4Fvf+haOHTsW2SabzeLIkSN417vetW4u9ul0Gp2dnVhaWsLXv/710DYtLS0YHh6u6Qnx6Ogot20YBi5evMjlNwmjq6sr0fhNTU04dOhQoralUolre+jQoUDfCxcu4PHHH4+s2tHf35/IwF5cXMSPfvQj/PjHP3aTQe7cuTO0bdjP04kTJ3D69Gk88sgjOHDgAN73vvdh7969AJaX4Le5uTlSTEiScydszStNThpXZrahoSF0XZcuXUJ3d/eGDxFrbm5GX19fXcv7xtHV1SXEDYFAsCkRAkcItteAz4PBcw1A0LT2tp0/oGzyR7sKCQk+NXfHDRMGgq4C3r+uKhLsx1r+jBFLXYWCVox1v3dBmIFt77N8gglC/T2oPbxj9btr958XQ1QCEsKHjzDVWWPwRB7HJ0MK8VJgx/E+G9a459dEuP6+EBV4XiZOF78Iwp0eodzlYfuFnSEbxhPM1+H3uAj6qyQi7qL6j/m8T9jEp8619McI1bIiIXckJy4TvsNGEDhaWlrWNXHd9PQ0HnzwwZr7OTkXCoVCpMfAZz7zGezYsYPbt2PHDu6679ixI9CmGkePHsVXvvIVlMvlqn2PHj2KxcVFfOITn4h8Or/aBsyWLVswNzeHf//3f49t19zcjK6uLjQ1NSGbzaKhoQGyLIMQ4v3drCTHNU0TmqZBURTk83nMzc1VrQzS0tKC559/Hi+++OKyz2VkZAS/+Zu/GRiX9VTwbzv74n7enJK3UVBK8ZOf/AQPP/wwCoVC1RLEsiyHipzs74VXXnkFr7zyCm699VZ85CMfCXh0JCEu5Gc9SukWCoXI8JSuri60tLSEfk+KxSKmpqY2ZJJjgUAgENQfIXD4sHWBMKOSf8/7WAQtcNc2JRVBAY4RWGnARV2wyS19AxH/oMw+rm3gcXtg25nb8lWJ8XSGoInpiCGGrqNYLKBYyEMpFaAbOizLgiRJkOUUGhub0NTcjOaW1kg34WAATLjA4V1//0lUM5dZ342KbwrvRhLaPHDeUdOwOTQqITDRHhaOwU9c0Yla4MQb6vOCCH43GC+LsOUErlC8REDc4J/K2NRJSqbDNA2YpuV6mBBCIEmy+8RNTqUgIcJ9mPX+YMWakIgTT5SpT92Xa5VqGfEbGhrWNUQllUphaGgIvb29GypUplbCjFmH/v7+QNhNf38/9wQ5rE0cv/zlL/Hoo4+io6MjcZ/FxUU8+uijuP/++9clZKW9vR0DAwOxT9YB28iM8nAIC+ljqeb9IUmSW43ihRdeqL7oCLZs2bLsvsvFMAz8y7/8C37wgx8EjjU2NuJNb3oT9u/fj/7+fveJe0NDA0zThKqqyOfzuHLlCs6dO4fHHnssUK756aefxqVLl/C//tf/wvbt22taW5yXxloLqJTSWA+enp4eNDY2Rgpho6OjaG9vv6o9FtLpNNra2lAoFGIT6hJC0NzcjKampshqOAKBQLCZEQJHCKzzQ1wbB/fmzG+Ys5VKAFDL4ipjsKEjQTucFy7Y8AbWFcHzGAl0CV83l3OCMk/OnHNhlk6tyg3UAhbm5jAzM4nZ6UnMzc9CVcuwTBNEkpBJZ9Da1oHOzi509/ajp7cPLS05ZDKNSKVSIJKzRsbTBYQzpp1rFfAN4T4IdpGej4yD68/g2tredWV0Bk5AYEUF53MM05S8jqyR7lckeAmHsOunlRX6PEq4iinsYhhtxO3PiWKoGeeKUYvCNA3oug5NU6GpKjRNhW7obuJUIklIySk0NDQgnckik86gIZ2BLMuQJCmZq2/IzxB1k4pS37UFCBWSRxIsy6pauWQ1ki0mRZIkvO51r7uqDYn1YHJyEn/7t38b2P+Od7wDb3rTm9DT0wNN0zA6OoonnniCC705deoUvvnNb+K+++5byyW77Nq1C+9///u5ZJwr4dVXX03siZFKpbBnz5665N+wLAtzc3Pcvrm5OblA5tMAACAASURBVG6ff9vZFycGlEqlQB+HRx99FN///ve5fR0dHThy5AgOHz6Mnp6eUA+oVCqFVCqF5uZmbNmyBTfccAPe8pa34Lvf/S6+973v4dVXX3Xbnj17Fp/73Ofw3e9+t6a8GXG5INbaK+vy5ctYWFgIPZZOp9He3g5JktDe3h7azjRNnD9/Hnv27LlqRddsNovdu3cDgOvpZFmWm5jU+fvsvFJKhcAhEAiuSYTAEQFreFZrx3rmex4gbD/C2en+43z1jMAE3Hq8fZ4wwSeuZPJ9ONvwjGXqU2+CBndlv0Wh6youTlzAL3/xLE6fPI5SqQjLMpllBa9RU3MOAwPbcMNNt2DHyG60t3eCQGLSc3gikJNE0xaHvEvilWtlQ2KiPD48LwdHu3FEJEdQAiGVnBh2uI3nAMNkO2EEJ2cpbF4SQr11cbU+nESgbE4LsJ8m7+vDXGpw3wG3IovzQTH9ncvj+woEPWJ8hAgilFJomopCIY+52Wnouu4KTZT9h0kKSwhBOp1BS64Vba3tyGSzkGS5fiEx7gWvfbhrEUVRqmbaX2lGfLb0oB/7OxOtAFuWhXw+vyEEjm3btuGv//qvY9ssLi7iL//yL7l9n/70p2OTIZ45cwaEEM6IBGzDnH3K/Oqrr2JoaKjqOiml+Pu//3vOqE+lUvjkJz+Jm266iTNU2tvb8b73vQ8PPfQQnnrqKbf9/Pw8Dh8+jIMHD1adr940NTXhU5/6FC5fvoyxsbFElSCqkUTgyOVy2LlzpytutLW14cCBA4nnmJyc5EIeFhcXcfLkSa7NyZMnuX1tbW2hbeKeqE9PT4eWb3355ZfxxS9+kdt38OBB/PZv/zY6OjowOjqKXC6XWEzIZrM4cOAA9u3bh8cffxyPPvqoe+zMmTP4+te/jo9//OOJBGrn5ziKtfz5LhQKsSFKfX197u+rvr6+SCFkbm4Oo6Oj2LFjx4bPx1ENWZY3RBiiQCAQbESEwFEN1v2ewc6pYb9zLTRf8k4AXv4NZts3vC8HhN8fwPF+iAiL8b0NHnXmhe+VmY/xbqCUQtVUTIydx2unX8XYhbOYnZlCsZiHZVmRYSwOpWIBExMXUCwWMD52FiM792F4xy60tLSCVG5A7PuKYB6Q4Cl5STtBgbAH/J5uYl9/zyui4hHivPcJGN5FdkSWoGDA5iWxwOsF7Bq5PZRpx1ZBqayD97gJE7SYc6P8Dn/rqO2w2zZqUeiGjkJ+CcViAeVyCbquheZjcdbL7tU0FYuL81DLCpqbc2hqaUFjY1PlfPxyzTJwPjJBVaJu3llyudyK5tizZ09kTofx8XGMj4/H9h8bG0NHR8e634Cn0+mqcfdh+UwaGxtj+126dMkt18kyPz/PlW/0b0dx8uRJPPHEE9y+e++9FyMjI5H977rrLpw+fRovvfQSAKC7uxv/9E//hOuvv35djDdCCAYGBtDV1YWJiQlMTU3VN0kyQzabxbZt29Dd3c0Jcbfddhtuu+22xON89atfxX/+53+622sZ4kMp5QQIwE4o+qlPfWrZHlhOfpNyuYwjR45AkiR85zvfcY9/61vfwh133IGRkZGqY12+fDmyzC8hZM3KiiqKglOnTkV+l2RZ5n5WOzs70draGunlduXKFTeETiAQCASbEyFwhOA4FADh4oa7l/r2cH+Aia9H8J1/Btcbwz1CQnsGxIng8kJnioJddqGYx8TYKF595ZcYPX8W83MzMIzk2dIty4RSKqKsKCiViigsLaFUzGPXngNobWtHKhVXVjBmxXEn4/eiYDqRqL4hQk/cFK544EsiG6q6AI5aFByg2qcS8AAJrCC+f8hUlmVC01QU83nkC0tQy2WYppHY+HBEEEvTYBomDNOEYRqgFkVjYyOkihHrH81fdrbayqvlEBHYT1WvXLlStV2t5RtrYcuWLbh8+XJsotNyuYypqamrojRsmCEUFU5QK9/97nfx5JNPBvb/2q/9Go4cOeJu/+xnP+OO79u3D29961tjx25oaMA999zjChwAcO7cOZw/fz6RAbtaZDIZ7Ny5E0NDQ5ibm8Ps7CwWFxdXLHY4FVu6urrQ2tpaFxFnYmKC217Nnxs/Z8+eDVT4+djHPrai8DJCCLq7u93zuvPOO/HLX/4Sp0+fBgBMTU3hsccew6c//enYcfL5fGy+i87OzhVXQ0mCqqo4efJkpNACAIODg1y5YkIIhoaGcPz48cg+ExMT0DQNw8PDa3IeAoFAIFhbxG/2GOwn+IAXDsI/recqvkapDIgWScLnrN7GO0ZCnQBY69jL7cB6NPjyO1QoKUVcnBjDi788inNnT6FYLMBKUI4yeA4UlJqYn5tBWVFQKORBJBk7d+1De0cXJMl5qhs02tkcIIE1Vjbs8qrsVQh6xjjn7nYFb2LbHjHU3wGBvClsjgyAy6NCWBEjkCQv4ua7ik7h5O2gxBEIogaoMg+zfl3TUMznMb8wB11TV+Q+blkmyooC0zTsHCykC9lKyEpwpTSwFZZk1PXWETEqVZmZmYm92Qfs8JTVjI9vaGjA4OBg1VKG4+Pj6O7uXrcKKkk5c+ZMYN/x48dx6623rmhcSikKhUJoGVq2AkWpVMLTTz/NHb/zzjsTGfBDQ0O45ZZb8Oyzz7r7nnvuuTUXOIrFIr70pS9FHjdNE6VSCYqiQFVVqKqKubm5SJEsn8+jv78fmUwGmUwGr3vd63DTTTfV1TPFNM1AOdq18koA7LwpLAcOHKi54k4YfX19uHTpEizLgizLeMc73uEKHADw0EMP4a677sLg4GCgWouu67h8+XJA+PEzMDCw4nVWo1Ao4MyZM7GhP1GeVq2trejt7Y3NPzE1NYVSqYT9+/fXZb0CgUAg2DgIgSMMxm3fzTURGpqBoBUeVfp0VYiYg3Uc4Cp28AY4u00pMH5hFMd+8SxeOvbzurkWK0oRExOj0HQNjY1NaGxqQWPW94TKEQqYkrB2iASfP8TBXwUmPFFnpS0TZuKEr3j3yEylEze8JCxnBj+uF+oSohJRymkYgfeMKhZIkUHsUBJ3ekLBq2gAt7zAvT4NNLBME8ViAfMLc1DVcl2+l5Ra0FQV85oGEIL29k40NjVzETncWn0rdN5Rt1GNLkfXKIqiVBUVgLWpBNHb24vLly/HVnMxDAOXL1/e0K7gpmni6NGjgf3PPfccPvjBD6Kzs3PV1zA2NsZdx3Q6jX379iXu/4Y3vIETOI4dO4YPfehDdV1jNUzTrLl6ycmTJyPDCHbs4MvrNjY21j3sZnJykhOaZFnGtm3bAgJiNpvlhAD/dtI2forFIrLZrB0WqqrYs2fPSk7HJZPJYNu2ba4Hhv/nb25uDuPj45ienkZDQwNaWlogSRIKhUJV8RSwq5WsNAQuDkopJicncf78+ar3Idu3b48MgxsaGkI+n48VSDKZjPDgEAgEgk2I+M0egMJyBI4kBleIgRvmHVF/Qi1cXwsKqSIaOCVTvfSY3gIN08TU5CWcPvkSLoyei72pkCSpclOUgyzLME0T5XIZ5XIZlmWG9jUMAzNTV/DysecgSTL2XXeQSzxKLcp4QzDnxObMcHFEEFoRNPzXJLgdJk44R9kqMoQAFuW9G+LuqUloCIq3dlbQCC996+vuUzvsvCB8P06jcjpxmoYnFlBqIV9YRCG/CF1TY7+UTuZ1QqTKei2YphmdowPOE+olpOQUZFlGOpPlRZtQZxPq++oKVSMJ5XIZZ86cgVnFo6qxsXFNjHJZljE4OBjq/cBy8eJF9Pb2VjX21osXX3wx8BQfsD0s/u3f/u3/Z+/O49wq6/2Bf87JPpnMms7alXbaTlva0kJbWpYKVITCLbLorYgCKgher1oVfXnl/qq8hKvc6wUVxQ0UcK0ochFBFkEKCN3pQle6zJLZJzOZ7Gf5/ZHJcrLMJDPJJJn5vF+vgZzknJMnyTST55Pn+T4pg4K5c+cm/XexePFizTSHOXPmJP22e/HixZFimA6HQ1MYc9WqVTjvvPOS3u+xY8c0nXIAkVUVwlpaWjA4ODihoxGKUfz0kAULFiQtUBoIBLBixYrI9ooVKzTbQOj3PHaURLJ94r355pvo7u6GJEl4++23szo9pr6+HoODg3A6nUlXl/F4PDCbzQgGg2nViAkrKSnB7Nmzs9bOZAKBAFpaWkYNNxoaGkZ8rzMajViwYAEOHDiQdKSQwWCYFMVGiYgoEQOOOOpwx1BVxtPxShxJkBup70MdDgDCox2iNSOiHdZwh97v9+HMqRNoa2uBy5W8gKEoirDb7aivb0B9fQPKysqh0+kRCAYx5HKhp7cX7W0t6OtLHEKvKqH7OH36JCoq7airb0R5RRVERIvDRZ+u6GMS4kcvaDbUxGwpyboimgwiSY2OcCHR6EiXMbxuCUMXYm6K5A2J9UCSHhEpqhJNO0arE5IYeoRe12AgAM/QEHy+1KtuiKIIk9kMi9kCo8kE3fDScoqiQJIk+Hw++P0+SFLymh3BQBBerxtGkwkGgxGIKfiXkG/EDU4Z+YFQmNPpxPHjxxM6tsk0NjZO2BKI1dXVaG9vh9vtTrmPqqpoa2vD3LlzJ6RNmfD5fHjyySdT3v5///d/OPvss5N2elOFB+Xl5SgvL49sX3311bj88stHbMfAwIDmmLPPPluzHSvZt9WVlZUJ7Wlvb89pwNHQ0IAbb7wx7f0PHTqEPXv2RLZnzpyJZcuWjTiCI7Z+SzaWgI138OBBzfaiRYuyfh8jsdvtmu10igenS6fToampCe+++y7ee++9hNvGMgIjHBjkesqZyWTCggULcPDgwZR/j6urq9MaGVZSUoL58+fj3XffTTjX3LlzNbU7iIho8mDAkYQKbUc32dSHhKkCanTf0WocqJp6A9qKBNrb0m1v9JjQUqhKpB2x50Xc41JVQJEVeD1utJx+D86+HshJvunQ6/Ww2+1YuuwcLGpejPqG6dAbTFBUAbIkwe/3wensx9Ejh/Duuwdx+vR7oW+a454z16ATra2n0XDmJEptZRD1htAjj3t+4+uGxD/aaPujQQ3ip4sIQjSk0pwiWd2S8KibxA9T0dEi8bfE1MdQk98eOlKJ2187MSNh/ZH450FRRhxGkixaERB6Xd3uIXi9npTz3EVRhLW0FGW2MlitpdAbDKEaGWp4FJMSKhTrcsHtHkrawVZVBX6/Hz6vB6WlNoiCMOI3Ymrc/ym5YDCIoaEhOByOtDs+paWlqK6uznHLokRRxMyZMxOWSo3X2dmJ2traCS3gOBpVVfHb3/5WM3pj+fLlaGpq0qxs8fDDD+OrX/0qGhsb0z53pt8Ix7++NTU1GR0vCALmzJkDj8cTuS5Z3Y9smjlzZkZTj2RZ1gQc9fX1uOSSS9IOOLLN7XZj586dmusWL16MwcHBhPe5np4ezVKy8dvp7hNPEAT09PRERmXt27cPN9xwQ9ZWHjIYDFi0aBFeffVVzfUzZ87MOKSoqKjA3LlzJ2xp2LKyMsydOxfHjx9PuK20tBRz585NO8itqKhAc3OzJiSuq6ubkJFuRESUHww4kgh1rZNPawAQ6QRqDkixb/QYaDrEauzX+SpC2+FRBBmPmIxdiSUcZIQWNlXjupThaRnh/SRJhtvtRrujFUNDiWvei6IIq9WKCy+6CJdc8n5UV9eirb0H3b0D8Hh90Ol0qCizYvGimVi4YDGm1dTiT092wuVyQYmvh6Eo6Oxox6GDezC3qRl6vV4TzMR2f6OlTGJDjGj/XxCEmH5/kjAksqPm4UPzYkXOGRt6REdORJbPTTrlSI0LZqJTUQQh9pi4QCMyKCVc/yO8JcQ9AmH4NUR4WJG2IbHLzSa0DJBlKTQ1JRhM+jspiiL0ej0aGxphtZZCVlT4fAEEghKgqtDpRBhNJlRXW2E2WSCIIvr7epOP4ggG4PV6EQwGYRTF4Wkuib/Eo4UaEzLoKc/6+vqSzglXlNCUIEmS4Ha74XIl/lsciV6vR1NT04Qvy1pRUYGKiopRQ5iWlpaCKeanqiqefPJJvPDCC5rrP/ShD6G+vh47duyIBB99fX247777sGXLFk3hzkOHDiUNEXbs2IHTp09HthcuXIjKysoR2/Pyyy9rCk5eeOGFKTugqcLK0tJSTcARe3k027dvx6FDh5LedsUVV0zKIfy7d+/W/Ds0Go0oLy/HkSNHEgpT7t69WzP9pLKyUrMNAEePHtVcF7+djCAImn3OnDmDffv2jTq1JRN+vx/vvfcempqa0NraCq/Xi3PPPTft441GIxobG1FbWzthI8PCampq4PV60dbWFrmuoqIC8+bNy7huRkVFBc4++2ycOHECfr+/oOsCERHR+DHgiCMIAox6HRRJSTkSI35VlPhxBsm2Ey6r0Y5v7HZkxEDSYxJPHNvJTzL+IEUDonVChtyDOH3yKDxuFxQlcX6/3W7HOeeswNq1F0GBEafOdMI15IGiKjAY9BAEAV5fAO0dPbBazThrzgJcufFavPzyc+jr7UUwqP02TJKCcA8NYcDZD6PRAKPBjPB0k9jin+HGxn+2jg0+IrdFOv6q5thIfhC+RnMfod21xVfDxUhj62YImqAi9oyxbVAUVRPCxAcBakIgop1CExlhE7n7JKNXtPNtkIo8vCxsIBCIhiQxdDodrFYr6urqYDSZEQhKCAYlyLISqtkyPEsmGAhCkWXoDUaUl1WEprx43Al1IFRVhSxL8Pm8oY6ZKAJJ44yRq5BOwn5UgnSWeB2LefPmjWt5ybESBAHTp08fNeDo7++H0+lERUXFBLUsOZ/Ph9///vcJS7deffXVmDVrFgDg5ptvxj333BP5Pe/v78fWrVuxefNmbNiwAXq9PjKFK14wGNRcL0nSiMvpAqERHLH76HS6UY+JF//ajzRtKN5f//rXlLddccUVAFIH9+mKr+UzUm2f2H2yLfwe/NJLL2muDwQC2LJlC44fPz7iyhvZ1NjYiAsuuADbt2+PXPfII49EAoXxkiQJjz32GLq6ujBt2jRUV1djcHAQ1113HURRRDCYfPl3URRRWVmJyspKVFdXT3hoGmvGjBnw+Xzo7e3F9OnTMX369DEHLSaTCQsXLoTf75/wwqJ9fX1JR6MkM9IIYJfLhbfffjtbzcLp06fR0tKS1r5NTU2jhrVERIWCAUccnQiUWAyQJBmBgJLWt8pqXGdUjesMq0nDh/C+2mkKargIY7LzxZ9Es1/q+4gfYRKuOyEIgNfjRnvbGQT8/oQPlHq9HjNmzMCFF16MqqoaOAc98PpC9TUMej0M4d8eAZBkCYFAEJZSG5qaFuG9947B7/PD6ezTnFOWJXg9bvT39aC8vGI44BihwUgYtDDi9bGhQ6pwJNJoxAcm4ec55sSaQGKElqrxsdSIe494zlRHptv/V2QZwWAQcoqir0ajCTabDTZbOYKSDEmSI6vNxC6LDISCG51OhMlsQUVlFQKBABRFSTivLMvwetwosZZCl+phxa3iE/v4RUEYLnKa5oOkiDlz5uR1uHVZWRnsdvuoQ/JbWlpQXl6etxEBR48exWOPPZawEs0555yDa665JrLd1NSELVu24H//938jQYMsy3jiiSewfft2bNq0Katz9+M7W2NZxjk+dMxmB27//v34wx/+kLCsaSba29s1HakjR45oVn4Zi2nTpmHz5s1p779w4UJUVVVh3759oxbHnSgbN27Ezp07I6vo9Pf3495778VnPvOZca2qMjg4iEcffVTTGRZFEZ/4xCewevVqqKoKny9UWykcdOj1euj1ephMpryGGrFEUcTcuXNRU1OTlc61KIp5CYJVVc04tMzlecIUJfUXecnum4ioWDDgiCMIAqwlBvh8QQSDUmiaRdohR5QSmoSQ8lDthAwgoVMfty0MH6Eqw99CJampoTmNoD02OkJAu7/f50VXpwOSnPhH02q1YubMWTh76TL09g9BlhTo9brQh2dNuqCd/mIrK8ecs5rgaG/D4KBT8wdUkWX4/T4MOvs0ozuS9nli62gk3hSXPcTXSUmYmxKRMJID8VNkoodqa4NEHqVmH82J4+9eM+JD2/5U4qfLCIj9fYmZQhN/3PD/ZUWBJAVD9TviCIIAk8mIkpISiKIIRZEQWm1HHDFB0el0KLOVY8DZj2AwkDTg8Pm8Se8zxaPU/K4KogiDQTc1hnFkiV6vx/z58/M+KgIApk+fPmrA4XK50Nvbm1BcMZdkWcbx48fx/PPPJ10Otrm5GXfccUfCKi/Lly/Hli1b8N3vflfToTh16hQefPBBdHZ2YtmyZXjf+94XCZfG2gGIr02SzlKd8eKnPWWzKKfL5cJbb701roAjXl9fX9LXIxPJir+OJhgMamqs5NvMmTPxmc98Bv/zP/8Tua6npwff+MY3cOmll+Kyyy7DkiVL0j7fwMAA3nrrLfzpT39KqG+ybt06bNq0CUDo70A+OvpjodfrOXKAiIgywoAjjigKsJgNMJsN8AeDkHyh1SNSFv5MsYBGeNRGfJHPZCcYYexFwjmHL4x+TOyoDe0Gol1mwO/zoa+3C7KUOD2lsrIStbU1sJaUoKNrAKJOgNlkCIUBSVICVVWh0+mhQkB9XSNsZeXQ6w0IBPyafYLB8FSHcMdBW3IzMgojg/5CeFRK9EHGTvmJBiLhUQrh+4jcLgqJ+Uak/kdiYzRTZJL9Eqjh65KPvUh8aInTNSJlN5Ds9U6MwCLTXhQFsiRFlzvWnFeAwWCAwWBEcPg11wlC9O5j59nEvL6iKEAQdDCbLfD7/fD7fdrWqAoCweHRHQmPLfqgk/8rEqDXiTAa9BmW1526SktL0dTUVDCdlJKSEtTV1Y06BefMmTOorKyckG+IT548ie9///sp23TOOefgtttug9VqTXr7smXL8K1vfQtPPPEE9u/fr7mtu7sbr732WmQKR6ySkpLI61JdXT1q4deZM2dq2mgymTIuFqvT6TR1OzL5vdiyZQumT5+e9LbJVn/j1VdfTVgW+Oabb46sWpNsisqxY8fw7LPPoqKiAjabDTNmzMCMGTM0+8Rfl2yfVGbMmIHq6mo8+uijkZEcQLSOx44dO3D++edjxowZsNvtMJvNMBqNkSXanU4nHA4HDh8+nFA4NezCCy/Exz/+8YIZmUFERJRLDDjihDvBtlITBABDog9evwRZUoa7lOEOa+y0kWS98XCwkaqOR+yl0XvzCUVPkw1QSFX4Q3ObdtyIoirDhSgT21lWVo6y8tA3J3qdbnhY9sjtFCBClgCTyQyDXp/wATm0BGmoZoMiq3EjJOKXfo0fPREzjkGNfviOXeJVEIfDGzX+XNpgI3y+2EwkYaGcmNBDW0w09rUIHRxfiDQ83UVbv0P70LRPjfaFDB+nIlU9iyQnHP5/ZH57km+UheGpIOEPuqIoQBVG/9AbykBCxyabA62qanT0RrIhMsPXq4IQk6WEnn+DQQ+jUT8cokyuDlW2lZaWYvr06aisrCy456qxsRGdnZ0jjmTw+Xzo6urK6QoZYTNmzEBFRUVCwGE0GnHjjTfife9736gdvunTp+PLX/4yXnvtNWzbtk1Ta2Tz5s2wWCwJj3fatGmRVVcWLFiABQsWjHgfF1xwAQYGBiLb5eXlox4TS5KkULHnmJE8mUxZqq6uHrHmg81mw+rVqwtipFCsadOmZbT/mTNn8Ktf/Upz3YYNG7Bhw4bIdlVVVULAER6BWF5ejsbGxqwHHEDod+miiy7Co48+mrAqUUdHB/70pz+lfa5YFosFN998M9atW1dw7xdERES5woAjTrjjazLqIdgEGPQCzH4JsqwO1x4Y+XiXy4Xde3YjEAgm7WDmgqgT0dDQiIaGepSXlY+475CrH+8e3AtFlaGqwJlTJ1LOwRQEQBRC5zeZDMPhwShBjCogCHV4bqeadH+dKKDUakGNvRx1tTEfxONDG0F7WTPVZuTZINrzRB6PdrRM7Go44eJzseMtBDE0Rcbt9cDR7kBbW5tm+LgQ3964u052e1zmkqSN0f+Log5LlixBTU0NTEZD3IFRkhSEz+eDz+eDqqqRAqMjEQQBoigAaQQoajjEG85MUndgBRgNephMoy9BKAwvJysKAvR6ETq9jh/AUwgP0a6uri7IYCPMZDJh+vTpoxata2lpgd1uz3ipykzp9XrceOONuPvuuyPXXXzxxdi4cWNGy77qdDqsX78ea9euxYEDB/DGG29AFEWcd955WWln/IoO6RYjDOvs7EwoUlpXV5eVtgHA2WefjYaGhqxOUZloHo8Hjz/+uOZ9saKiAh/84Afz2CqtxsZG3Hjjjfj617+etXMuXrwYF1xwQdbOR0REVAwYcKQgigJMRh2MBgssQQWSogDK6JNJvJ5+7NrxOvr7+7NaDCoVQRBgNBqx/uKLMbPRjuqquOHWcZU4W854sP+dt+FxeyArCoZcg0hlcHAQg4ODEEUdSiwm6PW64dAiNVVVIUvB4WVDAwn7i6IIk8mIadOq0NhgR0OjPfI4EpbejQkIQuFK9D6SvhCxdUfC9TvirgsfH7kcukJ7/zHTVlQAXZ1dOHG0Fwf374Cz3wl5OBDSdDTD4UiS+9C0O/44aAOD8G06UYTNZsOKZc2Y0WiHxZyqqKEAr1dGMOjHgLMvNDpGkUM1OJIEEaEVT2TIsgyTWQdBSCwYmnhQ6ClRFBWSHEy62o4oijAMhxvmlG2NbXVMyMGRG8O1UUwwmUzDU4gMMJvNsNlskXopxaCurg4Oh2PE9z5JkuBwOCZkqcazzjoL119/PYxGI9asWZPx1I9YRqMRK1aswIoVK3DBBRfA4/Ek/XcuSVIkCA1N5xq5psa0adM0++zduxcOhyPtURh79+7VHL98+fKEmiLjFf47U4yCwSB+/etfo6OjQ1PLYfPmzZGpKekYGhpCd3d35CdW/HXJ9klHT09PwnErVqxAd3e3ZvpKvNLSUsyfPx/d3d1pr4pBE6e8vDyry//mQ64DaSKibGLAMYJwB8xkEmFK8xiD4g8MkwAAIABJREFUHujuasepU6fg8Xhy2j4g1LG0Wq1Ys3olTCYdSq0jt1SvU9Hf2wWHwzHqt/zt7e1oa2uDKAgwW4zQ6UUo8sid4aCkQFWAwUEnvD5vTJ2NEEEQYDabUV9Xg5ppVbBXpf8BM1/8Hhd0ggxH2xk4HI6EFQtywWQyYc6cOSixGGCvKofRmPrDRSAgQFVkeL0eyHLylVPCQjVQgggGA9DpxNAgkhEDjtCoF0VRAVVBIBCAlKReiyiKw3PDDTAapubbit1un9ACmmOVy3YaDAasWrUqJ+eOpdPpsHbt2rT2zcW39KlWKfnc5z6neX8wGo3YtWvXiOeSJAmtra3o7OyMXPfTn/4Ul1122ajtUBQF3/ve93D06NHIdbfeeuuox2WqqqpKE7j09fVNyPtgrEynpACh5/bRRx+F3+/XhBuXXHIJ1q1bl9G5ent70dvbi6qqqoRVWI4dO6a5Ln47XadOnUo47nOf+xyam5sxbdo0uN1u+P2hEXp6vR5GoxEWiwUVFRUQRRG/+MUvGHAUoPAKNURENDH4jptlFosFixYtQl9f34QEHDqdDmazGVVVVWkVlisrK0NzczP6+vpGDTiCwSBOnz6N119/DUuWLIXJaEw660ZAaNUYWVLh9brR09ON48ffxYDTmXTp2ZKSEtjt9qL5RtBisaChoQGlpaXQ6/UT8sHeYDBg1qxZCSssJBO7tF+yJVxjqaoKv9+PoSE3ystDH4pFUUxZskVVAUUBgsEABgcGhpcTTpzSpNPpimqkAVE2xI/eGMvUEL1ej4svvhi///3vI9c988wzWLdu3ajv6fv27dOEGwAm5Jvihx56CIcPH875/cR64oknMhrpFQwG8atf/QqvvPKK5volS5bgox/9aNGNGgst7W3LdzOIiIgKHgOOLLNYLFi8eDHeeeedUQvuZUN4fn59fX1aneGysjIsWrQIe/bswdDQ0IjtUxQF7e1teOWVv8NiKcHs2XNQWloKQRQiHdlw0VApKMMb8KGtrQ179+7EqVPvweNxJZzfZDKhqqoK9fX1WR9GnStmsxn19fUoLy+HwWAY0zKOmQiPylm0aBHKyspG3V+v18NsNkOv1yMYDI66fyAQwNCQC319fSgvL4fRaEKoNqugCTbU4YKlgUAA7qEhOJ39wwVpk6/MYrPZWKWfCt727dtx+vTpcZ3jwIEDCctwprJx48ZRC3SuXr0aTz75ZCQ87e7uxu9+9zt8/OMfT9kR7+/vxy9/+UvNdeeffz5qamrSatdkNjg4iJ/+9KfYvXu35vr6+nrccccdMJnSHZNJU0F4ZGkyDO2JiIoPA44sM5vNmD9/PmpqatDS0gKv15vT+yspKcHs2bNRW1uLkpKSUfe32WxoampCdXU1nE7nqJ31vr4+7NmzG+Xl5QhKMubNnYuKioro8rcqIEkyhtwenDx5Cnv27MTuXW+hp7sz6QiRsrIyzJo1C7W1tUUTcJhMJkybNg0zZ87EmTNnMDQ0lNP7MxqNsNvtWLhwYVpzxHU6HUwmEywWCwKBQMqisWGyLMPj8QzP9RZQVmaDyWSCqOlIDYcbfj9cQy4MDDjhdrtS1t8wmUywWq38MEgF77333sPzzz8/rnMcOHAAAwMDaY0CuPTSS0fdp66uDps2bcIf//jHyHUvvPACTCYTrrvuuoTRbg6HAz/84Q819Rr0ej2uu+66DB7F5NTS0oKHHnooYapGfX09vvCFLxTcajCUf5OhRgYREUUx4Mgyo9GIhoYGzJkzB6dPn87pfFhBEFBRUYHzzjsP1dXVac3xtFgsmD59OubMmYOenp6EJfHiSZKEnp4ePPfcX+EcGEAg8D4sX74CihIa4SHLCnxeP9ra2/C35/+CPXt2oLe3N+nIEEEQUFdXh2XLlhVVZ1in08Fms2HlypU4efIkOjo6cjoyx2azYdasWWmPcgkXAKyqqhou7jr6KA5JkjA4OABJCiIQsKOqqjryraY6vMSuoigYGBhAb28PhoZcKYOT8Dxws9lcNK8p0Xjo9XpYLJa0Ag6LxZLW9MFrr70W+/fvR2tra+S6l156CQcPHsT69etRW1uLQCCA48eP4+WXX4Ysy5rzbt68GWedddbYHlCGPvvZz+Z0qt6BAwfwk5/8JKNjJEnCyy+/jN/85jcJ4XpTUxM++9nPjqvILBERERUHBhxZJooiSktL0dzcHOkMp9PhHIvq6mo0Nzdj9erVsFqtox+A0AfziooKLFu2DK2trejr6xt1tRdFUeB2u/HWP9/EieMnUF9fj6oqO8xmC4JSEP19fWhra0F3d9eI015qa2uxZMkSLF26tOgqchsMBqxcuRKHDh3CyZMn0dvbm7P7aWhowPLly1FeXp52YTKdToeqqio4nU4EAoG0f+d8Ph+6urowMOAcXsEj9E2xJEnw+XzD5wqkfE1FUURJSQmnp1DRKC0txZw5c9LaV5IkTUitqipsNhuuuOKKtO9v5cqVaU8befzxx3Hvvfeip6dHc/2RI0c0y7QuXbpUc/uGDRvwsY99bMICxlyPgsi01kRHRwd+/vOf49ChQwm3rVixAp/+9KfT+ht51llnJQ2JduzYEbm8evVqrFmzRnN7d3c3Tp06Fdles2ZNwj7pqKurSzhuzZo1mgKpha62tjblCkCTYWqQxWLBwoULk97GQqJERIWB78ZZJggC9Ho9FixYgNbWVrS3h1ZUGW3aQKb3UVJSgiVLluD8889HbW1t2oFBeLWLJUuW4PTp0+jr60trlIksyxgYGMDQkBsdHQ6UlpbCYDBAlhV4vR64XKHpC8k6wuHQ57zzzsPKlStht9uLrsCbKIqoqqrCihUr0NXVhTfeeANDQ0NZfV2B0AfccAiU7jfE4faFR3GERmcMprVMsaIoCAT8CAYD8Hq9wyGFAEVRIkvNpgo3BEGAxWJBWVlZqDaLwOVeqfBde+21uPbaa9Pad+/evbj//vs111VUVOCb3/xmTsKE2tpa3HXXXfjpT3+a9iocmzZtwgc/+MEpPXrKZDIlDZ03bdqEa665Ju2C1smew3Ah5lTb6e6T7v2Pdu5CN9kLoYb/zhIRUeFiwJEDgiCgoaEBK1euxODgIFwuF5xOZ1ZGcoQDlHnz5mHNmjU455xzMv5WRK/XY9asWVizZg08nlA4MTg4mFZnXZYluN1DcLvTq0MRLpjZ3NyMtWvXorm5uWhWT4mn0+nQ3NwMt9uN/v5+HDp0CG63OyshhyiKKCsrw8qVK7FmzRrMmjULBoMho8BAEASUlZVBkiRIkpR2ABMOMRRFSft3VBRFGAwGVFZWory8HGazmeEGTSqqquK1115LuL61tRXvvvsuFi9enJP7bWxsxNe+9jW8+OKLePHFFzXLx8ZasWIFNm7cmPLb5Fx6/fXXMTAwkLPzt7W1ZbR/ZWUl7rzzTtxzzz2QJAkzZ87ELbfcgvnz5+eohURERFSoGHCMQTr1F8xmM5YtW4by8nJ0d3dj9+7d6O3tHXdnWK/Xo7y8HO973yVYtWo1amvroCiZ14OwWEqwevUamM0WdHd3Y+/evXC73VmvLWEwGFBXV48rr9yI5cvPQWVlVdZHPUwku30aVqxYCUmS0dfXjzNnTo97VZXwSIglS5bgiiuuxDnnnAO9XqcZPZHu62I2m1FZWQlFUeDz+SFJwaw/3+GQrby8HHV1dSgpKWG4QZPOzp078c9//jPpbU888QTuvvvutAo7j4XRaMSVV16J97///Thx4gR6enrQ398Pk8mEyspKzJw5M6+rpfzzn/9MWKEk3+bNm4dbb70VDocDmzZtSqvuCREREU0+DDiSCHUmheH/q5olM1V1+HZVHb4OocvDtw3vOVykUUVpaRmuvfZ6mMwW7N69Cx2ODkhS5iM5BEGAqNOjprYe55+/DmfNnQ9ZEdDW3oHo4p4ZPk6osJSU4rINH4A/qODY0aMYHOjLSoc41Ak2Yuass3D++WvROH0m3B4/Wts6ovef4yV0w/cR2/nOxn0Gg0E0NM7A6jXroELE6VMnh6dzZP68CaKIMlsZ5s6bj/Xv2wCT2Yq2mOcorL6+Ie1zKooKi8WK6upq9Pf3w+/3R36Xx0sQBJhMZlRUlKOmthZ6vT6m2KAQsx+i1wmaW+K2o+clKhRHjx7Fj3/8Y811Op0u8rt+5swZPPzww7jzzjtzuhpUeLrjggULcnYfk8nFF1+c7yak9Oabb+Kxxx4bcZ9kI+i+8pWvpF3fyOPxaLb37NmDO+64Y8RjdDodfvCDH6R1fiIiomLAgCOJ8HB9WVGgKAoUWYnZlqHIKmRFgSzLkBUF6vBqIuFVRRRVgSzJkBUVsiIBggGz5zTBH5BhtZ5Ed1cH3G4XAoHRO8XhYMNqLYO1tAzV9nooMOPwkTM4eTp+6HJ8B1YIXZfiagCQFQVerxcWSxXs0xog6vRwu10I+n1QVSXjQEAQROj1BlhKbLCWlsFWVoMhj4o9+45CjPmQNuJ5M7zPVOeKvVoQRj9tJo9VliUMDEkosdpRVe2H2z0Av8+ddtARmuJhhslcgrJKO/SGcpw804WO7iHoYuZbh9t01ty5GbVVVVXIigCDwQxVFSDLwdDvrjK2oEMURej1ehiNZpSUWFBSUgoBIvz+IARBGg4tBAjCcFghCNptIFqjYzjgiN0PUBlyUEF4++238bOf/UyzxPf69etx0UUX4d57743Uttm1axceeOABfPKTn4Tdbs9XcwvC0qVLMTfuPYq0VFXF4OBgxse53e4x36csy6PeZ7Es105ERJQuBhwpKIo6XGhRgiwpkGQ5dFmWIckyZEmGFJQgKQokSYasyJCDMmRZQVAKhvaT5OH/K6iomIamJgGlpeVob29FT3cXBged8LjdkSKP4U6rIIjQG/QwGMwwmswwmcwoK6+GzVYJS0kpnANeOAdOJrRZjem4Rvu/qTqzguY2RTCivLIWBqMFQy4nPO5B+HxeSEE/JFmCIstJO+7hTquoM8BoDK3CYTZbUVpWCautAkazDd09g+jqiZuvrcZvxIyygKptnZp4SCSwiOvoxx4TOk9Mp1kA1PB0nuGr1YR2pKCGnt3YPriqqtAbS1E9rRFmiw1e7yB83iEEAj7IUhCyHC3SKQgCBFEHvU4Pnd4Eo9EEs8WKEmsFLCU2BBU9Dh85nfR+AcA54Iq/IflmzMgJQQBEvQFGQYAi64dfRwmKokTCq5EKiAqCAFHUQafTQa83wGQywWyxhFZbMRoRCEoQhwMLcXj/5D8Y4XoAYvjFYchB+dPX14enn34aL7zwgub65uZm3HTTTTCbzbjtttvwwx/+MHLb/v378f/+3//D5s2bsWbNmim7isLy5ctx+eWX57sZRERERAw4UguNfIjvcCXvgCX7VlzQ3G4w6FFVPQ1lZZWYPXse+vv74GhvRVvbGfT29sA12A9/IAABgN5gRGlpGSqralBeaUeptQyCzgCooWkziqqM/CW8qp0SEA4+wp19Nea/YXq9HqWlFbBay1Ftb4DP68bgQC8GB/vgcbvg93kgK4khh04UoTeYYLGUoqzSDputChZLaWi50fA39inbmtAr12xpI5j4cAHadCJ+hEbcwSpUCKoQc5Lh4CHynMSGLEkaPDzqIHwfodMI0BsMKDVUwmqrhCJLcLsH4Hb1w+VyIuBzIxj0Q1HVyPNUUlIGa2ko/DEYzdDrDRAEMXnQoCY+NyMKP+aYQ0RBhM5ggmAMFaKVpCCkYACSHIQkSVAVJfHxCkLoOJ0OJpMZFosFJpMFBqMBOlEHQUy9Wkp8VJXQ/iSHCeEfZhuUB52dnXjjjTfwzDPPwOfzaW6bMWOGZhrKunXr0N3djW3btkX2cTqd+NGPfoQXX3wRV155JZYvX160hZQpdyorK7F+/fp8NyMBQ2UiIppsGHCkEB5KH9/x1HTZYr8tH7UjGvrGGgKg0+tRVlYBo8mM2vrpCPgDCAalUOdTDk2BwfC33iqESD0PWVajozTie/9x96NqpqbEduLD24knEMTwtAIBlhIbjCYLKu11UBUFyvDcczXpnYa+6Rd1euh1OgiCCEEUI7lPeCRF4rHxbQg/u3H7xj21ajjAEYW4GTjRS+EPbbGvX7K2a5+TzMROexEEDE8lKofFUopKe8PwqBc1GtiIAgQh9DzpRBEQxOF2hkfuCNrftxGbpA3QED5PQnGL8E/otTUYjDAajJH7ROxoCgxPGQmPyBhenlCn00WXKhzlaUqSsaTzYFIdRJR1Xq8XLS0tOHnyJA4ePIhdu3Yl3W/Dhg244YYbYLVaNddfc801mDlzJh555BH09/dHrj927BgefPBBVFVVYc2aNWhqasLs2bMxbdo0diIJzc3NaG5uzncziIiIJj0GHCkIw99i6/V6iIICUSdCr9cN19nQD9faUCHLsrZOh6xAVmQosgJZUSN1D0LbobodynCdjuh1oX3V8O3D9T7U2GMUNfQTHkExat0Jbbc/2RiJsRTcVOPOFh7RERqFkH6RTTVhuEW4pZEdhm9KNpdE0PxPjV9FJr4vEZ7iksbDTR7gjH6b5g6Stjnd51uI/FeJeT4rykuR9HlK8VoKMaGGIAzHb7HTRcLFPoevCwdjsSFH/D6R22LCuoRzRW4TInU2UtXgAAQIYvhE0cdClAu9vb342c9+hoMHD8YUxk1UVlaGW265BatWrUq5z4oVKzB79mz88pe/xM6dOzW39fX14dlnn41s19XV4ZJLLsHGjRvH/yAK1PPPP4+333475/dzxx13TPl6J0RERDQyBhxJhGoPAKKog6rqoOjD9QqGO/RquBBpaIiCokRXV1FVRbOKCoanlERvH/4BQquVhM8Vroegho8Jn1eN1H9QYkcjZGsFkglYyST13aYaPTHCXJMkneBRg4csGc9znumh8UVRq6oqRrmD2INjL8aGQTHjjCKZQuzYo0jyEI1ZYrKH+HommiMTpnLFtCDp5fj7JsqtqqoqAEgZbjQ0NOADH/gAVq9ejdLS0rTO9/nPfx6HDx/GSy+9hDfffDPpfh0dHZg2bdrYG14EOjs70dkZX/Q6+0YKpnLFYDCgoSG6ilX8iB4iIiIqLAw4koj91hkAdBBH2Jso98pso3e4iCg1QRBw5ZVX4p133olcZ7FYsHz5cqxduxZLly7NuEioIAiRqQfXXXcd/vGPf+Ctt97SdPZnzJiBFStWZO1x0MRauXIlVq5cme9mEBERUZoYcBAR0ZSwZMkSXHXVVairq8OcOXPQ2NgIg8GQlXPX19fjwx/+MD70oQ+hu7sbp0+fxokTJzBv3ryCWl0lG8uCrlmzJi/1JEpKSib8PtMhiqLmeWXNFSIiovwR9u7dm585CkSUtjlz5uS7CURERERT2smTJ/PdBCIaBedeEBEREREREVHRY8BBREREREREREWPAQcRERERERERFT0GHERERERERERU9BhwEBEREREREVHRY8BBREREREREREWPAQcRERERERERFT0GHERERERERERU9BhwEBEREREREVHRY8BBREREREREREWPAQcRERERERERFT0GHERERERERERU9BhwEBEREREREVHRY8BBREREREREREWPAQcRERERERERFT0GHERERERERERU9BhwEBEREREREVHRY8BBREREREREREWPAQcRERERERERFT0GHERERERERERU9BhwEBUBVVXz3QQiIiKiKYufxYiKAwMOoiLAP6pERERE+cPPYkTFgQEHURHgH1UiIiKi/OFnMaLiwICDqAgoipLvJhARERFNWfwsRlQcGHAQFQH+USUiIiLKH34WIyoODDiIioAsy/luAhEREdGUxc9iRMWBAQdREeAfVSIiIqL84WcxouLAgIOoCEiSlO8mEBEREU1Z/CxGVBwYcBAVAf5RJSIiIsoffhYjKg4MOIiKAP+oEhEREeUPP4sRFQcGHERFIBgM5rsJRERERFMWP4sRFQcGHERFQJZlfnNARERElAeSJLHIKFGRYMBBVCT4zQERERHRxONnMKLiwYCDqEj4/f58N4GIiIhoyuFnMKLioc93A0hLVdV8N4EKFP+4Eo0s/v1TEIQ8tYSIiCYTv9/Pz+iUEj9vFBYGHFnANzyaCD6fL99NICIiIppy+BmMRpLNviDDkvFjwJEhhhmUL7IsIxAIwGg05rspRAWLHwyIiCibAoEAC4zShEnW1+Rnm8ww4EiCIQYVKq/Xy4CDiIiIaIJ4vd58N4GmuJH6pgw/ErHIaAxVVRluUEHjEEmi1PhHnoiIso2fvaiQsf+aaMqP4OAvBBUTj8eT7yYQERERTRn87EXFILZPO9W/8JmSIzjCSRfDDSo2qqryDy1REnw/JyKibPN4PPz7QkVnqvd1p0zAMdVfaJo83G53vptARERENOnxMxcVu6nYB54SU1Ty8YJOpV8imlhutxt2uz3fzSAqOHzfJSKibHK73fzbQjkz0VNJVFWdEtNXJnXAkes3JL7hUT7IsgyPx4OSkpJ8N4WIiIhoUvJ4PFwelnIqH6ujhO9zMgcdk26KSq6G4cSed6oN86HCMzQ0lO8mEBEREU1a/KxF+ZTrvudk7tNOqoAjmy8QwwwqZENDQ/xWgYiIiCgHZFlmwEEFJ1f908nW150UAUe2XmQGGlRMXC5XvptARERENOnwMxYVg2z2XSdTH7joA47xvhAMNahY8Y8vERERUfbxMxYVm2z1aSdDn7hoA47xvoAMNajYBYNBLl9GRERElEVutxvBYDDfzSAas6neTy7KVVTG+4JNlGL+xaDiMDAwAKvVmu9mEBEREU0KAwMD/AxPOTcRq5iMd8WUYl1WtigDjrHI5RvVeM895FXR5QR6nEDvoIoBNzDoVjHkVeH1A/4AICmAogDg+y1puHDT1UNomsmQg4iIiGg8jp1x4/H/4/QUSiTqAL0ImIyAxQSUWgSUWQWUW4HqMgH2CqCmInR9OlL1H3MRKEyFpWFjFVXAMZYgIRdL6ozXqU4Vpx0qznSpaOtW4eT7KI3Dm/v6GXAQERERjdOb+/rz3QQqUIoMBGQgEARcbqALKpJ981xhAxqnCZhZI2BWvYDZtZmFCsn6mtkKJsYSdBRjOFI0AUe+wo1s3O+gW8XhM8CRVgXHW0L/MIiy5fgZD46edmP+LIYcRERERGNx9LQbx8948t0MKnJOF+B0qTj4Xqg/aDQATTMEzJ8uYOFMoMyqDQrSCQ7i+5bjDRvGMvWkmKarCHv37i34SQ+ZhgwTVT12pP38QRX7jgP7T6o43jLy+fQ6oLZaQE2FAHuFgEqbgHKrAJsFsFgEWAyAXi9AFIAi+b2iCWY2m1FfX5/vZhAREREVJYfDAZ/Pl+9mUAFSVUBRAUlS4Q0CXq8KlxcYcKvod6nocarocqro7FUhySOfa94MAWfPEbBsHmAypO7YpRsmjDd0yPT4Ygg5Jl3AMdZwI53j0tnnVKeKXUdU7D6qQknxC15ZDsytFzG7XsTMGgH19qJdzIYKiN1uh81my3cziIiIiIqKy+VCT09PvptBk4CjR8GZLhWnHApOOBT0DyTfT9QBK+YLWLkgvWks6QQLYw0fMjmOAcc4TcTIjZGOyWQkx/6TKv55UMXJ9uT7zJ0uoHmWiIWzRNRWMtCg7NPr9Zg+fXpRvPEQERERFQJVVdHa2gpJkvLdFJqEOvsVHD6t4N3TCk60Ju9bzmkA1iwOjezIxsiNsfQFJtNIjoINOHI9aiPVMaOdK/72d06oeG0/0NaVeFxjjYBzmkQsa9Khwlq4vwQ0eZSXl6OqqirfzSAiIiIqCn19fRgYSPE1O1EWOd0q9h2TseeYkrLveOHZwNK5mdXpSHV7roOOQg05CjLgyGW4MZZgI9ltx9qAv+9WccqReNu5C0WsWqTDnHqO1KCJ19DQAJPJlO9mEBERERU0v9+P9vYUw6+JcuikQ8Hbh2TsPKwk3Da7XsD7Vghoakw8biwjN3I5OqMQQ46iDjiyEW5kGnj0uVS8sBPYd0x7u14HXLBMh3VLOVqD8osFR4mIiIhGx8KilG9Ot4rX35GxfZ+cUKB0WZOADecCVbbMgotk1+cq5GDAkYZchBvpBhujhR1vHAD++nZi8dD1K3RYf44OVnPhvcA0NVVWVqKioiLfzSAiIiIqSE6nE/39/fluBhEAwO1T8coeGa/s1nY0RR1wxSoBa5eEtscbauRidEahhRwFFXDkK9wYbZ8uJ/DMmypOtGr3OXehiA2r9ClTNaJ8qq+vh9lszncziIiIiAqKz+eDw+HIdzOIEvS5VLzwtpQwdWXudOCq8wXUxHx/mU6AMRVDjoIJOCYi3BhL2LHziIA/v65oRm001gi4co0e82ewxgYVLqPRiMbGJJP3iIiIiKawtrY2BAKBfDeDKKWjLQqe/aekKUYq6oBN60Scu0DbXx1LqDGZQ46iCjjGE4KMFmQkO+ap14Edh7TXb1ilw/vP06fVDqJ8s9lssNvt+W4GERERUUHo6emBy+XKdzOI0vK3HRJeeFs7beW8RQKuWZe472ghxnhGc6SzHwOOGLkMN8YSbPS5VDz5qqBZIaXeLuCDF+m5MgoVnerqapSVleW7GURERER5NTg4iN7e3nw3gygjJx0K/vQPCY6eaN90dr2A6y5Wk5ZKyDTomGwhR94DjmxOTckkzEh126lO4HcvAy539LZVi0Vcf7EBBfB6EY1JXV0dLBZLvptBRERElBderxcdHR35bgbRmKgq8IdXg3j7YLQ2h80KfPgSYHZtaHuk4CIbIUexTFXJ63CEQgs3Dp4W8LNntOHGpgt1uGE9ww0qbt3d3QgGg/luBhEREdGECwaD6O7uzncziMZMEIAb1huw6UJd5DqXG/jZM6E+LDC2/m+q7WRyUTMzF/IWcBRCuKGqamR7zzEBv3lBBYZvNpuAW68y4IKlrLdBxU+WZXR3d0NRlNF3JiIiIpokFEVBd3c3ZFkefWeiAnfBUj1uvcoAs2nWJLTHAAAgAElEQVT4ChX4zQsq9hyLhhwj9X1jTdaQo6ALSmQz3Bjpxd55RMCTr0a37RXAndcY0DyroJ8eooz4/X5+e0FERERTSnd3N/x+f76bQZQ1zbNE3HmNAfaYJWOffFXFziPRKQepvtSfyJAjXyZVDz6dFzI+6Nh9FHjqteh2Y42A268xot4+qZ4aIgCAx+NBV1dXvptBRERElHNdXV3weDz5bgZR1tXbRdx+jRGNNdFQ46nXVOw+Gt0n1Rf8I33xPxnkpRefrWQonRdmpH0OnAL++I/o9sw6AZ+62oAKKwtu0OTldrs5koOIiIgmte7ubrjd7tF3JCpSFdZQ33VmXbTv+sd/hPq4scbbZx5t//HskwsFOUxhvOFGqpEbsU51Ar99KbrdWCPg1o0GWM0MN2jyGxoaYshBREREk1J3dzeGhoby3QyinLOaQ33Y2JEcv30p1NeNlWokx2j7jKRQR35MeMCRjSdipHOkE270u0JLwYYLitorgJuvZLhBU8vQ0BCnqxAREdGk0tXVxXCDphSrWcDNV8bU5FBDfd1+l3a/dEKOVPuPVT5CkAkNOHKRBI32QiU735P/ECJLwZpNwMcu57QUmprcbjc6Ozu5ugoREREVNUVR0NnZyWkpNCVVWAV87PLo6ioud6jPG28sfeeRFOJIj4KcojKSdJe9SXXdn18HTjmi139kg4EFRWlK83g86OjoQDAYzHdTiIiIiDIWDAbR0dHBgqI0pdXbRXxkgyGyfcqh4s+vJ+43Wr+52AuQFlTPfrQnMJOiKMn23XlEwI53o9ubLtRxKVgihJaQdTgc8Hq9+W4KERERUdq8Xi8cDgeXgiVCaAnZTRfqIts73oVm+diwTEZvjLWPni8T1rvP9gNPd8RGWFc/8PQb0dtXLRZxwVJ9VttEVMxkWUZHRwcGBwfz3RQiIiKiUQ0ODqKjowOyLOe7KUQF44KleqxaHO3mP/2Giq7+1Ptn2q8ei4kMQQpm+EImydBY5g795S1AGX7vq7cLuP5iQ8I+RAT09vaip6cn380gIiIiSqmnpwe9vb35bgZRQbr+YgPq7aGRG4oc6gvHy6RPXUyjOAom4MiWZE/uGweAE63R7Q9epIfAmqJEKblcLrS1tcHn8+W7KUREREQRPp8PbW1tcLlco+9MNEUJQqjPG3aiNdQnjldIwUS2TEjAMd7EJ5PRG/H6XCqe2xHd3rBKhzn1ky7XIcq6QCAAh8MBp9OZ76YQERERwel0wuFwIBAI5LspRAVvTr2IDaui9Tie2xHqG6eS61EcExWmFG1PP925Qi/tFiNTUxprBLz/PNbdIMpEf38/i3cRERFR3oSLoff3j1BIgIgSvP88PRprolNVXtqd2P2fiBocE6ngA450l4JNdtvxNmDfsej1V65huEE0Fj6fD+3t7ejr6yvqNzwiIiIqHqqqoq+vD+3t7Zw2SzRGsX3gfcdUHG9L3GekPnWxLRub84AjF0NV0jlGVVW8sjdaaOPchSLmzyj4PIeooA0MDKC1tZXzXomIiCinXC4XWltbMTAwkO+mEBW1+TNEnLsw2g9+Za+Qdn86U4UwTaVoevyZDp3Z/56AU47o7RtWcfQGUTZIkoSenh44HA54PJ58N4eIiIgmEY/HA4fDgZ6eHkiSlO/mEE0KsX3hUw4V+99LveJGsU9ZyWnAMd4nIt3j4/dTVRWvH4y+aOtX6FBl47IpRNnk8/nQ2dmJjo4OeL3efDeHiIiIipjX60VHRwc6Ozs5HYUoy6psAtaviBYcff1g4iiOsfa9M5XrsCSvIzjGM+xlpGMPnhLQ1hW6Xa8D1p+jS7kvEY1P+AOJw+GA2+3Od3OIiIioiLjdbjgcDn5hQpRj68/RQT/cLW7rUnHw1OijOHJVTiKXimLexkhPUrLk6a13oy/WBct0sJo5eoMo13w+H3w+HwwGA2w2G0pLS6HTMVwkIiIiLVmWMTQ0BJfLhWAwmO/mEE0JVrOAC5bp8Mru0BKjb70LLJ6tQhCifWVV1W7HGum2QlKwAcdYk58z3QJOtke31y1lB4toIgWDQfT19aGvrw9WqxWlpaUoKSnJd7OIiIgozzweD4aGhjjikyhP1i2NBhwn20N951k1mZ+nkMOOnAUcuRiaEj9UJtl97D4avXzuQhEV1sJ84ommArfbDbfbDZ1Oh5KSksgPERERTQ0ejyfyI8tyvptDNKVVWAWcu1DEzsMKgFDfOT7gCIcX8f/PplwGJHkbwZGLAMQXULDnWLSsyKpFHL1BVAhkWYbL5YLL5YIgCCgpKYHZbIbZbIbRaMx384iIiChLAoFAZNqqx+PJ+3x8ItJatUgXCTj2HAOuWKXAbMxuac58jvAo2CkqYZm8Ke4/KUIZDoYbawTMqS+aVXCJpgxVVSMjOwBAp9NFgg6TyQSDwQC9vuDfmoiIiKY8SZIQDAbh9/sjwQZHaRAVtjn1IhprQotyKHKoD33egvSOLeSpKWEF2YsYae3dkQKPAyejl89pYrhBVAxkWdYEHkAo9AgHHeEfnU4HnU4HURQhiiIEQYj8EBERUXaoqhr5URQFiqJAlmXIsgxJkiI/wWCQYQZRkTqnSURbV+jf74GTSBlwjDRNpVDDjoIMONIRH3S4PMCJ1uj2siZOTyEqVuEPUkRERERElF3LmnR45vXQZ+0TraG+tC2mTF6hhhfpmDTDHA63RC/PnS6wuCgRERERERFRnAqrgLnTo/3l2L50sctLwJFuXY1M6m8ca4tebp41aXIbIiIiIiIioqyK7TPH9qVHk4u+fDYVXBIw1ifieEzqtJABBxEREREREVFSsX3m42McwVGIqyTlJAnI9gONLzAaf/7TXUAgGLpcWQ7UVjLgICIiIiIiIkqmtlJEZXnociAY6lPHGq0PPl65CkcmRRJwpjN6eS6XhiUiIiIiIiIaUWzfObZPXcwmRRrQ0h29PJsBBxEREREREdGIYvvOsX3qYjYp0oD2mBdjZg1XTyEiIiIiIiIaSWzfuZ0BR26lOyfH4wOcrtBlvQ6otxfsQyIiIiIiIiIqCPV2EXpd6LLTFepbp6MQi4uGTXgakO0no2sgerm2mqM3iIiIiIiIiNIR24eO7VtnQz6CkKIf7tDtjF6uqWDAQURERERERJSO2D50bN+6WBVUwDFSwpNqeZp+V/QFsTPgICIiIiIiIkpLbB86tm8NpLdEbKFNVymogGMsBtzRy5U2BhxERERERERE6YjtQ8f2rYtVwQccoyVCg+7o7eVWBhxERERERERE6YjtQ8f2rZMptNEayRR8wDEad0ylV5slf+0gIiIiIiIiKiaxfWh3mquoFLKiDzi8/uhli4UjOIiIiIiIiIjSEduHju1bF6usBxwTPWzFH4hethgm9K6JiIiIiIiIilZsHzq2bz0RcpEdFP0IDkmJXtbrOYKDiIiIiIiIKB2xfeignMeGZEnRBxxKTMAhMt8gIiIiIiIiSktsH7oIaoiOqugDDsS8CAIDDiIiIiIiIqK0aPrQkyDg0Oe7AUSFSFEUDA4ORrYtFgtMJlMeW0REREREREQjYcBBlERPTw9uuOGGyPbdd9+Nyy67LI8tGr/du3fjZz/7WWT7y1/+MubMmZPHFqX2m9/8Bq+99lpk+4EHHoDRaMxji/LD4XDgnnvuiWx/+tOfxtKlS7N+P06nEy+99FJke+7cuVi+fHnW7ycXFEWBEjNXUa9P/LO2Y8cO/P73v49sf/Ob34TFkv91xX/+859j165dAACbzYZvf/vbeW5Ras8++yyeeeaZyHYh/puMb+P9998Pq9WaxxYl19vbi7vvvjuyfeutt+Lcc8/NY4u0iuH9N/61/ta3voXKyso8tqh48LMAEU12DDiI8sjv9yMQiJYrLi0thZDBXCuPxwNZDlUDEkVxxA/zPp8PBw8ejGwHg8ExtHhiDA4Oato6GW3fvh1PPvkkgFCn/P7770/YR5IkzfMQ+7uSTS6XC9/73vci27fddlvRBByvvvoqtm7dGtl+6aWXEkKOoaEhvP3225Ht2EAkn5xOZ+T1bWxszHNrRjY0NFTw/ybj25iv1/nZZ5/V/Ht69tlnIYrRGcGyLGva6fP5JrR9oymG99/41zr8d5BGx88CRDTZMeAgyqNnn30WDzzwgGY7k28cv/Od7+Dvf/87AGDx4sX44Q9/mPU2Um64XC7s3r0bAPI+mmBoaEiz7XQ689QSSoff78ezzz6btfMtX768YL/BLUaKosDr9ea7GURERFMSAw6a9NxuN3p6ejI6pre3V7Pd3d2N06dPZ3QOo9GI+vr6jI4hyoeWlhbN9rFjxybsvr1eLw4fPozOzk4MDAygpKQEVVVVWLBgAex2+4S1o5h4vV5NMDpeW7duZcARo6+vDz09PfD5fKiurkZ9fb1mBEahCQQCOHXqVGTbbrejqqpqQtvg9/shSVLWzqfX6wu67lV/fz+6urrgcrkgyzLKy8tht9vH/J7lcrngcDiy0rZZs2YV9HNHRJRrDDho0jtw4ADuuuuucZ3j4YcfxsMPP5zRMWvXrsV99903rvstBH/84x+z+sE11uLFi7F48eKcnJvSoygKXnjhBc11e/bswalTpzB79uyc3W9vby+2bduGp556KuW33RdccAFuuukmLFy4MGftiHX06FF4PJ6cnLu6uhozZszIybkL1XXXXQe3252Vc331q1/F+vXrs3KuVN555x1s27YN//jHPzTXz5s3D9deey0+8IEPQKfT5bQNY+F0OvGpT30qsv3lL38ZV1111YS24fHHH8fjjz+etfN95CMfwe23356182XD4OAgXnzxRbz88svYv39/0n0WLFiASy65BB/4wAdQUVGR9rmPHTuGL3zhC1lp52OPPYZZs2Zl5Vyx+FmAiIoFAw4iGtGvf/1rdHd35+Tcn//854vmQ81//ud/jmuu8pYtWzBt2rQstig73nzzTU19irDHH38cX//61zOqCZOuXbt2YevWrZqVipLZvn07tm/fjltvvRU33XRTzr9Ff+yxxzQF7bLppptuwic/+cmcnHvjxo0Z1UxxOp146KGHctKWWJIkZW2qhqrmbt06RVGwbdu2lFP8jh8/ju985zt44403cNddd6G8vDxnbaHCo6oq/va3v+EHP/jBqO9ZR44cwZEjR/DYY4/h9ttvx9VXX13Qo38ywc8CRFQsGHDQpFdZWYnrr78+o2POnDmj6fQ1Njbi/PPPz+gctbW1Ge1PhW3fvn3jqk3xxS9+MYutyY5jx47hv/7rvyLbZ511Ft577z0AwIsvvoizzjoLN954Y1bv86233sLXvvY1zTeBFRUVWLt2LaZNmwaPx4M9e/bg+PHjkdsfeeQRuFwufOYzn8lJ4FLsFi1ahPe///1p79/R0TEhAUexeOqpp9KqX7R9+3YoioKtW7dyCsAUIcsyvv/97+NPf/pTRse53W5897vfxaFDh/ClL30JBoMho+Obm5ths9kyOiYs0/siIppsCjLgyOU3NVORPyBh74HTePe4A929LjidoSHDFRVW1FTbsLCpASuWzILBUHhDb7Nh/vz5mD9/fkbHfP/739cEHB6PB7fddlvOP9S6XK6MKv/nalWNWLfddtuoFeq9Xi8efPDByPZFF12EtWvXjnruuXPnjrt9xaLQOkSHDh3CN77xjcg3ko2Njfjud7+LRx55BE8//TQA4Cc/+Ql0Oh1uuOGGrAzN7+jowH333acJN26++WZ85CMf0Tw/qqrizTffxP3334++vj4AwLZt27BgwQJs2LBh3O1IZfHixZqlJoeGhvDyyy9HttesWYOampqkx548eVIzbP1f/uVfNLfnYsh4ofvd73435mOPHj2Kz372s1lsTXKHDh3SvHeVlZXhlltuwcqVK2EymXD8+HE8/vjjOHz4MADgjTfewLZt2/DRj340520rZi+99NK4Ri4USpD56KOPJoQbVqsVV111FWbNmoXGxkYoioL29nacPHkSf/7znzUj/Z577jnYbDb827/9W0b3e+edd+ZkSfDx4GcBIoqnqmrBvF/HKsiAg7LjTFsvfvG77fjnzhOQpJH/KBkMeqxbNQ+3/OuFqK9Nf97oZNTS0oK//vWvmuv6+/vxt7/9DVdffXVO7/vDH/5wTs8/Ful8M+x0OjUfahYuXIgrrrgil82acJkWdXz11Vfx6KOPRraNRmO2mzQmkiTh6aefxkMPPRQJGmw2G77+9a+jsrISt99+O1paWrBnzx4AwI9+9CMcPnwY//7v/z7uwoW//e1v0d/fH9n+zne+g9WrVyfsJwgC1q5dix/96Ef4j//4j8hojh//+MdYu3ZtRisNZWLz5s2a7ZaWFk3AccMNN+Dcc89NeuzTTz+tCTgKccTORDObzXk5Nl2qquIXv/hFZLusrAz//d//jQULFkSuq6urw7Jly7B161bs3LkTQGgq06WXXsoi0iMQRbHop2YcOHAgoa7IZZddhk996lOoq6vTXL9ixQoAwPXXX48nnngCzzzzTOS2bdu24fzzz8fKlStz3+gc4mcBIioWDDgmoUBQxvd+/je88PcDSHcwTDAo4ZXXD+Mfbx7FVe9fhts/dgkM+uL+cDIW/f39uPfee5MWxnvwwQcxa9asgvtWZaweeOCBpB3Fyy+/HJdddlkeWlTYMl1lIraWQ1lZWd4DDlVVsWvXLvz85z/HoUOHItdXVlbinnvuwaJFiwAApaWl+MY3voF77rkHO3bsAAD8/e9/x65du3DzzTfjyiuvHNOytl1dXZpvQjdv3pw03IhVV1eHT3/60/jSl74EILSa0SuvvIKNGzdmfP9E8fbv34+33norsn3nnXdqwo0wm82GLVu24BOf+AS8Xi/8fj+ee+453HLLLRPZXJpgseEXAFxyySWj1iWqr6/HF7/4RQSDQTz//POR6x999NGiDziIiIoFA45Jpt/pxn/815M4/l7nmI5XFAVPP7cHR0504N6vXQ+bNfffohWKd999F/fdd19kOVi9Xo+tW7fi8ccfx5EjRxAMBrFlyxZs2bIFl19+eU6q6a9fvx56ffr/LPfv34/OzrG91gcPHkx6/Zo1a8Z0PtLq6uqKXF6wYEHehvC53W688cYbeOaZZ7B3717NbZdeeinuuOOOhOKn5eXluPfee/HUU0/hJz/5CYLBIAYHB/G9730Pv/vd77Bp0yZcfPHFmD59etrtOHDgQOSyzWbDv/7rv6Z13Lnnnov169fjlVdeARAqisqAg7Lh9ddfj1yeMWPGiMFuY2MjrrvuOjzxxBMAgL/85S+48cYb8x5cUm44HI5IwAuE6gTdcccdab2Pi6KIz33uczh8+HDk88T+/fvR0tIy5VZSIiLKBwYck8iAy4N///qv0Nk1MO5zHTnmwOe//it8796PwmoprNoB2dbS0oI//OEPeOqppzTXf+UrX8GFF16I2bNn46tf/SpaW1sRDAbx7W9/G88//zxuvvlmLFu2LKvDcO+6666Mht9v3bp1zAEH5VZra2vk8kR+qA0EAvj/7N15fJxloff/70wm62RPmqRZ26ZbShdaWpAWhAotFigoIP5k6yPiQeDgQxUPSBGlB8QFUQRxBREVEQRZZJH6syg9HKDYvUnpvpAmTdKsTbNNZp4/YiYzycxkJrPek8/79eLFvV731cyknes713Ls2DHV1NTogw8+0IYNG0b0SMrOztatt96q8847z+sH9qSkJF155ZVauHChfvSjH2nr1q2SpGPHjukXv/iFfvGLX2j+/Pn62Mc+prlz56q8vFzp6ele61VTU+PcnjNnjt9LKJpMJi1atMgt4Ojp6Ym5OU1gLP39/Vq/fr1zf+XKlaNOzrh06VJnwNHY2Khdu3bFRI++4fMijDZPAkbnGshKA703vM2/44nVatWFF16on/70p85ju3fvJuAAgAgg4IgTfX39uuvbfwpJuDHoSG2zvvX9P+u7d19p+LG0wzU0NGj79u3629/+pnfeecftXH5+vu68804tWrRI0kDj9Ec/+pG+853vOMdgb9myRbfddpumTJmilStXat68eZo0aVJYenWEy9133+1x4sNg51mQmCi4u7vbbT6GkpKSsD+zp6dHa9as0ZYtW7wuZ1tSUqJLLrlE559/vvLz8/0qd8qUKXrwwQedvUBcv9XcvHmzc64OaWAizdWrV2v+/PkjyhmcLFQKfLiPa6PAZrOpo6PDa8DxxBNPjPj76sCBAwE9D/Hv8OHDbuGwP0HFlClTVFhY6Lxv7969MRFwdHR0uO2fOHEiSjWJH01NTW77U6ZMCbiM4f++uv4dGEvee+89HT58eMTx8vLygCdoH268fxYAEB0EHHHiF797S3v2hf6b/K07jugPL76rqy8bfRbsWGO329Xc3KyGhgY1NDTo2LFjOnr0qGpqavThhx96vOfyyy/Xtdde67aSgiRNmDBB3/ve9/T666/r8ccfd35Q2b9/v3NCrcLCQs2bN0+lpaUqKipSYWGhJkyYoPz8/Jj8trmioiLoDy+Denp63Pa7u7tDUm4gmpub9d5776m7u1sLFy6M6jdlhw4dclsppLy8POzPTE5O1vTp090CiEFLly7VihUrNH/+/DF1qU9KStK5556rc889V/v27dPf//53vfzyy84VWAadPHlSM2fO9FiG67XDh8SMZngYc/LkSa/X/v73vw+obIxPR48eddv3pwFrNpu1aNEi5wSS1dXVuuyyy8JSv0AMDzSGBx4IXFlZmVatWuXcnz17dsBlDO9JE6tfgPzqV7/yePw//uM/Av6MEAufBQCAgCMONDS169V1W0e97tTZ5Zo5baKmTSmUJO3eV6+aPXXatvOIz/uefWmjLr3gNKVbY6+R7kt3d7c+//nPj2iEDTdx4kSdf/75WrFihc9v2hMSEnTxxRdr6dKlWr9+vd544w23b+mPHTumN998c8R93laKiCdtbe49h1xXyoiEI0eOaPXq1WpsbJQ00Nj/zne+45zZPtz6+vrU1dWlkydPqqurS++++67beU8TF4bDihUr9Nprr+m0007TrFmzVFlZqUmTJvk9HMQflZWVqqys1HXXXadDhw7pwIED+vDDD7V582ZddNFFXicgzcjIcG4fP348oGcOvz4tLS3wigMuamtrndtTp071O4R2/TdicH6FaBve2+DIEd//pmN0Z511ls4666ygynAdpigpoCEuRhXtzwIAIBFwxIWn//yuz2Vgc3PS9bVbPqnT5rp3Cz/7jIFG17v/2qcf/PR1tbV3eby/q6tXL7y2Udd9Jrh/7CMtLS1NF110kf7whz+MOHfqqadqyZIlOvXUU1VZWRnQNytWq1UXX3yxLr74Yh07dkxbt27Ve++9p7fffnvEtxclJSUeu+vHm+EfaiI9L8gzzzzjDDekgW+RHnvsMa/fTAVi/fr1OnHihE6cOKHOzk51dHSoo6ND7e3tamlpUVNTk1pbW73ev3DhQmVlZQVdD3+UlZXphRdeiMiQssEeI9OnT9cFF1wgaaDXlDeuvaICHTLi2hiV3MOS4dauXTvi93n79u165plnAnomgtfY2Djm+SBcf5/DwTU0C2Sy3MLCQuf2gQMHZLfboz6Ec9euXW77GzdujPo8NRs3bhxzj4U5c+bEZK/HQDgcDm3atMntWKwGHBdeeKHy8vJGHK+srAy4rGh/FgAAiYDD8Ppsdq3fUOP1fFlxrn5431XKTPe+rOPHTqvUzx/8vG6967dqbPLctfWN9TsMF3BI0rJly2S32zVx4kRNnDhRBQUFmjBhgs8GUiAKCwu1fPlyLV++XD09PWpqalJDQ4Pq6+t19OhRlZeXj4tZ9vfs2eO2v2XLFnV1dY1pOdGx8PSN5Z49e9Tb2xv0z/+5557zuuKMPyK9NGA0G1u+nu06dGXHjh3q6Ojw+/fQtaGwePFin42fJUuWjFiJyNucJLHEZrON+CZ+kNls9jk3TnV1dUDvc1+BXCh985vfDOp3J5xchzn5mhx3ONdJoPv6+vT444+P+Nl7GwIZLoNzQw3q6enRoUOHQjYEcSz+67/+a8z3PvfcczEbBvhr+BLEJSUlY5rHIxI+/elPh+y9Eu3PAgAgEXAY3r+2HlBXV6/HcyaTdO8dn/YZbgzKzbZqzW0rddvdT3s839TUoT0Hjmna5EKP52NVZWWlbr755og8Kzk5WSUlJUFNKHndddcFtJxopBoqo3GdaFIa+OC/Z8+eiE3AN2vWLOcqH4NOP/30kIRL06ZN89lIy8jIUFlZmTNA27Fjh9vQpTPPPHPUZ3R1demKK64Ycdx1Hg9vWltbtX///lGvi7Tc3FxNmjTJuX/KKac4t1tbW/Xcc8/p+uuvH7WcLVu2uA39itfhXseOHdPll1/u8VxFRYWeeuopr/e++uqrevXVV8NVtbjkurJQIL0Fhv+dMriqSrQcOXLE41CZjRs3RjXgGM/6+vr029/+1u3YFVdcEdAS8EYV7c8CACARcBjelp0jZ74edM6SmSqd6P+KGLOml2je7DJt3eF5/O7mHYcMEXB0dnZq37590a7GCDk5OaNOfOntG9xY1traOqIrriS9//77EftQ89nPftYtWCgtLQ1ZsHXqqafKZrMpPz9feXl5ys3NVXZ2tnJycpSVlSWr1eoMpTo6OnTdddc57128eLHfK4aMtUv+4cOHtXr16jHdG05XXXWVbrzxRud+cXGxLrzwQr322muSBiYDXbhwoc/3SEtLi372s58597Ozs/WJT3wifJVG2FitVreQK1CB9LLwh+twqkBC5WgPRxnun//8p8fjr7zyij7zmc9ErQfh1VdfPeafVUpKSohrE1lPP/203n//fed+aWmpPvnJT0a0Dq2traqrq9NHH32kpUuXRiRciYXPAgAgEXAYXlu799UEli6pCri8j58502vA0dDoe7LOWFFbW6tbb7012tUYYXiDL15s2LDBY0+DV155RZ/73OfcunSHS05OjjZOYJwAACAASURBVB566CHt2rVLvb29mjlzZsgaREuXLtXSpUv9uvbll192Wwrw4osvDkkd4sVVV12lf/zjH+rs7JTNZtPq1av1pS99SZdddtmI8fpbt27Vd7/7Xbf5N2644QZlZmZGutoR4211meG/Q6mpqfrWt74VsudG4pv+SZMm6fvf/37Yn+Mv159pb6/nXpCeDJ9n6fbbbx/xd82mTZv08ssvB1dBP/T19bn13PnMZz6jl19+WT09Paqrq9O//vUvv3qQhcMNN9wQc2FQJPzv//6vnnjiCbdjq1evDnhi5KamJufffQ6HQw6HQzabTX19fbLZbOrp6VFPT4+6u7vV0dGh5uZmNTc3q7GxUfv371ddXZ2zrDlz5qioqCj4P9woYuGzAABIBByG521iUEkqKcrxes6bGZXe/xFsaDJGwGEkl1xyiS666KJoV2PM7Ha7XnnlFef+9ddfr/Xr1+vAgQNqbW3V22+/HbFvrpKSkqL6LVFzc7PbEqWlpaVatGiRX/cmJyfr+eefH3G8trZ21FAsIyPDOclnLPHUW6msrEx33HGH7rnnHkkDQ3AeffRRvfjiizr77LOVm5urkydPavv27SPmFVi5cmVcB0YlJSV6+mnPQwSHS05O9jt0g2eucwL4WnZ4uOHLXi5fvnzEEBfX4S/htGHDBrcA8Morr5TZbNYf//hHSdJvf/tbLVq0aFwMjYgFu3bt0v333+927JprrtHChQsDLuvee+8NVbVUX18f9oAjlj4LAAD/6hlcQoL3rrUOhyPg8hITvb8lxlBcVOTm5urLX/5yUGW0t7frySefdO4vX77cbZLEsaioqBhxLCEhYcwzzQcqPz/fbZ6HUPRw2Lhxo9sM/itWrFBeXp7zm9onn3xSZ511Vsi7l8cah8Oh3/zmN24Nm5tvvtnv7uFms9njhJv+fOM1efJk3XXXXf5XNsrOOeccffvb39b999/v/Hl99NFHHlc7GnT11Vfr+uuvD2goAUJr8uTJuvbaa537Rv923nXp5KNHj/p9n+swwqKioqit9tHT06Nf//rXzv0LL7xQBQUFWrFihTPg2Llzp9avX69ly5ZFpY7jyeHDh7VmzRp1dAxN1L548WKtWrUqKvXJzMxUVVWVpkyZErJJ1X3hswCAWELAYXC52d7/sWhs7lBFaX5A5TU0tnk9l5drjH+Y8vPzvU7W56+Ghga3gOOMM87Q+eefH2TNomtwSc9Q6e3t1eOPP+7cv/jii1VQUKClS5fql7/8pXMM8HPPPafPf/7zIXtuLHrttdf04osvOvfPPfdcLV68OIo1im1LlizRk08+qWeffdbZpd6TxYsX66qrrtKcOXMiXEMMt2jRIr97JBmB62TQ+/btU39/v19hs2sY4jqJbqS99tprbpOLDvbimjx5ss4++2y9/fbbkqRf/epXOu2003yuwoPgNDQ06K677nILv6ZPn6477rjD75DbYrFo6tSpI46bTCaZzWYlJSUpISFBKSkpslqtSk1NVWpqqlJSUpSZmamcnBxlZ2crKytLubm5ys3NjVgIyWcBALGGgMPg8vO8hw7vb9qvhXP9m+Bw0DsfeJ+cc4KPZyE0IrkixrRp04L6ZufNN990Ww5xsPup1WrV5Zdf7vzA87vf/U6LFi3S7Nmzg6twjKqurtYPf/hD535ycrK++MUv0ttgFAUFBfrP//xPfeELX9CHH36ohoYGnThxQikpKcrKytKMGTOUnx9YQDveVVdXR+xZM2fONHQvjuLiYud2T0+Pjhw54ldgsWXLFuf2rFmzwlG1UR08eFA//elPnfszZ850G5732c9+1hlw1NfX6+GHH9Y999wTsd6C40lzc7PWrFnjtlR5UVGR7r33XrdeQqOZO3euW0hgJHwWABBrCDgMbt4p5fqt3vF47tV12/TpFadpYqF//8geONyodW/t8Hp+/pxJY6kiAhDJFTF++ctfjjngOHz4sB599FHn/umnn+72oeWSSy7RG2+8odraWtlsNt1333169NFH467B2tDQoPvuu099fX3OY6tXr1ZpaWkUazXQ0HWd7DTcMjMzxzz/SWpqqk499dQQ12h8uummmyL2rHXr1kVthY5QKC8vV2pqqrq6BuaxqqmpGTXgqK+v1969e537nr5xD7eenh49+OCDbr2ebrnlFrewac6cObr22mudS5W+9dZbmjlzpj73uc9FvL7xrK2tTffcc492797tPJaTk6Nvf/vbbgFaPOOzAIBYRMBhcLNnlCojI1UdHSMnG+3rs+nu7zyvH3/7GllTfY8Tbm0/qW987wXZbP0ez+flZqhq6sSQ1DkaNmzYENA46/Z29wlV33333YAajPn5+XG7nGVPT4++973vORsGycnJuvXWW916LGRnZ+trX/uabrvtNklSXV2d7r//fq1duzYi44Ej4eDBg7r77rvdJvm79tprtWLFiijWasDrr78ekVUcBi1dupRlAGEoqamp+vjHP66//vWvkgZ+Zz75yU/67Hm1YcMG53ZiYmLEv4nu7+/Xj3/8Y+dy2NJAbw1Pv3tXX3213n33Xe3Zs0eS9LOf/Uzp6elauXJlxOobzzo7O7V27Vq31yIjI0Pf+c53VFlZGcWaRQ6fBQDEKgIOgzObTVp+zmw9/5eNHs8fqW3W1+59RmvvuFz5OZ6HmNQda9Xd33leDQ3eV0lZfu4phu5y/9577wXV4Fu3bp3WrVvn9/VLly4dU8CRl5en66+/PuD7/HH48GH97W9/C6oMm82mH/zgB24f6m688UaVl5ePuHb+/Pm67rrr9NRTT0kaWDrxG9/4hu69915lZWUFVY9o27Fjh+6++261tLQ4jy1fvpzxxYiqq666Kmxl19TUaPPmzWErPxqWLFniDDi2bt2qzZs3a8GCBR6v7ejo0AsvvODcv+CCCyL695jD4dDPf/5z/eUvf3EeKykpcZv41VVqaqq++tWv6ktf+pLz2IMPPiiHw6GVK1ca+t/zaOvq6tJ9993nttJTamqqvv3tbwc9GblR8FkAQCwj4IgDn/3U6Xrlzc3q7R25/rgk7d3foGtv/rnOXDRVFyydo6ppE2Wz2VX9Ya3eWL9dGzfv97lCSmpqkj6z8vQw1R6uSkpKwjbr+jvvvBNUwGG32/XYY485GwSSNG/ePJ/fCF5zzTXavn27s2G0efNm3XHHHbrzzjujOkFfMDZs2KC1a9e6dRFfsmSJbrvttpgZ437eeedp3rx5YX3GH/7wB7fu+sGor6/Xc88959xftmyZ4RoK/f3uvd92796t9vZ2tbW1qa2tTc3NzWppadHMmTPD9i36aEsKB+PZZ5+NWsDR29urtrY2NTY2qrGxUfX19Tp69KiWLFmi008f+79NZ555pioqKpyTdT7yyCN66KGHlJPjvsR6f3+/fvWrX7n11opkT62enh499thjbhMZS9Jtt93m81vwqqoqrVmzxm3p0h/84Ac6cOCAbrzxRqWkpIStzsHo6upSU1OTGhoaVF9fr+LiYs2fPz/a1ZI01GvhnXeGhgYnJyfrgQceCHkvtt///vfO91xxcbGuueaakJY/VnwWABDrCDjiQHZmmj61Yr6efclzLw5J6u+3a8O7u7Xh3d1er/HmyksXKd0anaXwQmXVqlW68sorw/qM733ve9q2bVtYnxEtJ0+e1MMPP6w33njDeWzChAm6/fbbfY7DT05O1tq1a/Xf//3fev/99yUNfBP8pS99SbfddpuWLVsWM6HAaFpaWvTEE0+M6Al02WWX6aabboqp+QgiMaeF64fbYJ04cUJ/+tOfnPvRaMy8/PLLOnr0qPr7++VwOGS320cMVfvd736nl156Sd3d3erq6lJnZ6c6OzvV3NzsNg+LJH3xi1/0+JzExMSw/Rli2YkTJ7Rp0yb19fWpr69PNptNvb29I/7f19enEydOqLm5WU1NTaqrq9OxY8c8lllcXBxUwJGUlKRVq1Zp7dq1kqT9+/frzjvv1C233KLZs2fLbDbr6NGj+t3vfqdXX33Ved/y5csjNjylvr5e3/3ud7Vp0ya342vWrPHrz758+XKZTCbdd999zmMvvPCCdu3apS9+8YuaP39+WHpzDC4Z6vr71N/fr56eHvX29jp/h06ePOkMAAdf7/r6ereyrrrqqpgIOPr6+vTQQw/p73//u/NYYmKi7rvvvrDUr6amxjlZbKysysVnAQBGQMARJ/7P//dxbdlxRLv31Y9+cQDmzCrV5z71sZCWGQ2RmNAqVr8NC9aRI0dGhDc5OTl64IEHPHZHHS4zM1Pf+ta39MADDzg/rHV1demBBx7Qyy+/rBtuuMFrt/BY4HA49I9//EOPPPKI2zKAknTzzTfryiuvpLt3FJlMJqWmpgZdTl1dnf7whz/4vCYUPRhsNs897eLdoUOHQj6BckNDQ9BlfOITn9CmTZucQz927dqlW2+91bkM5/C5l0pLS8PaU2ZQV1eXXnrpJT355JPOOQ4G3X777Vq+fLnfZS1btkyS3EKO6upqrV69Wl/5yld06aWXhqbSLkI54e3wwCMa+vv79ZOf/MStYW+xWLR27dqgQjYjGe+fBQAYBwFHnLAkmHX/XZfrlq//1udcGoGoKMvT2jsuM/RSgEZjt9tHfJgNle7u7oCvf/bZZ/XUU0+5fTudkZGhBx54QNOmTfO7LKvVqm984xt65JFH9MorrziP79y5Ux0dHQHVK9J++MMf6qWXXnI7VlhYqP/7f/+vlixZEqVaYdC5556rc889N+hygl31IDMzUwUFBcrJyVFWVpby8vJUWFio/Px85efnKy8vTzk5OUpODl9vuM7OzrCV3dvbG7ay/ZGZmanKykpVVFSosLBQRUVFqqioCLpck8mkm2++WW1tbc5GlzTQ8Br+d/Hg8p+RCMwbGxv11FNPjajDrbfeOqYhTsuWLVNhYaEefvhh59CyuXPnBhSUREpiYqKmTZumSZMmqbi4WJMnB7bcfag5HA798pe/1J///Ge349/85jdjpmdFIKqqqvTII48490tKSnxez2cBAEZDwBFHsjLS9JMHrtXX7/+T9u733KXXX7Nmluj+Oy8fdfUVo2htbQ3rh38p8ADBkyNHjui6664LQW2Cl5CQoJqaGrcPNIWFhbrnnntUVVUVcHnJycm6/fbbtXTpUv30pz/Vnj17dOmll+qcc84JZbVDbuXKlfrb3/7mfP9cdtllWrVqlbKz/Vt+ORreffddffjhh2F9hut8BLGusrJSd955p3Pf0zCRBQsW6K677pLJZJLZbHb+l5CQIIvFosTERCUlJclischisSgpKUnJyclKTU1VWlpaTAxRWrVqlRobG6NdDafZs2dr4sSh1bcsFouSk5OVmJioxMRE5/7gz3Pw/6mpqcrMzFR6eroyMzOVkZGhtLS0sPWUslqt+uY3v6k//elPeuaZZ9Ta2jrimuXLl+vGG2+M2PKW5eXl+trXvqZvfetbkqQpU6Zo9erVQc3zMHfuXD366KN69tln9eKLL+rOO+8MSe8naSAgPP/88537g78/FotFCQkJzu2UlBSlpKQoOTnZuT34Grv+FyvDFRwOh5588skRvbvuueceffzjH49SrYKTk5MzYp4ZXxISErRr165x/1kAgHEQcMSZrIw0/ei/r9aPH39T69bv8Dl5qCcJCWZd+skFuuGac2RJiJ+eGy+88IJ+85vfRLsahpKYmKivfvWr2r9/v+rr67V48WKtXr1aBQUFQZV72mmn6Sc/+Ylef/11nXfeeSGqrbR3716tX79ePT09OvPMM3XaaaeFpNxp06ZpzZo1euKJJ3TrrbdGZH6LYFVXV/N+d1FeXj5qF+qSkpJRv8lEYG6++eZoV8FviYmJ+tznPqdLLrlE27Zt07Fjx9TT06P8/HzNmjXLLaiJlKVLl2rnzp1KTEzUNddcI6vVGnSZqampWrVqlS677LKQLtN54YUX6sILLwxZebHimWee0ZNPPul27K677grpv12xLjExUV/5yle0b98+Q3wWAAACjjiUlJig27+0QleuPF2//sM/9d6mA7LZ+n3ek5xs0VlnTNeqz56logks2xUrFi5cqMLCwrCU7c+H5fz8fK1Zs0YtLS06++yzQzZcKTk5WZ/61KdCUpY00L31y1/+snN+g+eee0533323c+x5sJYsWaJFixbFxLf0gD+mT5+uM844I2zlx+vQRavVqjPPPDPa1XC6+eabw/KzDmW4Ea/+/Oc/62c/+5nbsdtvv10XXHBBlGoUPUb5LAAAEgFHXCsvydM3b/+0enps2rTjoHbtqVNTywm1tg50tc/JsaogL0OzZpTo1FMq4qrHxmjuvvtuWSzhe/uHam33yy+/POpjfEO99F04PP/88yMmb/z1r3+t888/P2Td2o0cbjz//PMhf7+bTCY5/t1FbLyuDBLLZs2apRtuuCHa1UCQ4jVIinVvvvmmfvSjH404vnXrVm3fvn3M5X7hC18I25cW4WaEzwIAIBFwjAvJyRadedpUnXna1GhXJWYsXbo0rAEHImv4SgfSwAoLfX19hg4mQiU7O5v3OwD46bXXXvN4fN26dUGVe/XVVwd1PwBgdHw1AMDwFi5cOOLYOeecQ7gBAAgYgTAAGBd/gwMwvMsvv1yHDx/WX//6V0kDK2LcdNNNUa4Vxur48eNhX6UlNzc3ZCtIAIgvsbKKy6Curq6w/51YUFDAcEMAcYGAA+PS66+/HpFvaJYvXx7UB6VXX31VW7ZsCWGN3BUWFuryyy8PW/mRkpqaqq9//ev6whe+oL6+PhUXFzN23cUf//jHsC2x6eqzn/1sSBoGDz30UAhq49sPf/hDLViwIOzPiZYdO3boscceC+szTjvttLBOZApEy3e/+91oV8HN5s2bddVVV4X1GU8//TQrSQGICwQcGJcefPDBiDznvPPOC6rBt2HDhhDWZqTFixfHRcAhDUx6aaTJ2yZMmKCLLrpIksIePvziF78Ia/mDrrjiipj75nO82rt3r/bu3RvWZxQWFhJweFBcXKwrrrjCuR+JcBEAAAwg4ACAKFi4cKHHuUPGI4vFoqlTIzsJMmPsES4LFiyI695BiIzs7OyI/r1IOA0gXvAJD+PCsmXLovKBM9BG1IQJE/Twww+HqTYjpaWlRexZgSgsLNTZZ58d7WpEXVJSktvPwd/Xyyjv90GTJk3S448/HuLaxL7i4mLn6xuK38V77rlHdrs96HL8FWs9plJTUzVjxgznfqwOU0tMTHT7vc7IyIhibUZKT093+znGory8PLefYTwGlrfffnu0qxB1fBYAMBamLVu2OEJZoMPhuzhf5wfPuV4z/Njw++/+1dD2929JDqiuAAAAAACMZ1/7SY9z+74b3M8NDrUc/n9vx4YbbahmqIdyxubXGwAAAAAAAAEg4AAAAAAAAIZHwAEAAAAAAAyPgAMAAAAAABgeAQcAAAAAADA8Ag4AAAAAAGB4BBwAAAAAAMDwCDgAAAAAAIDhEXAAAAAAAADDI+AAAAAAAACGR8ABAAAAAAAMj4ADAAAAAAAYHgEHAAAAAAAwPAIOAAAAAABgeAQcAAAAAADA8Ag4AAAAAACA4RFwAAAAAAAAwyPgAAAAAAAAhkfAAQAAAAAADI+AAwAAAAAAGB4BBwAAAAAAMDwCDgAAAAAAYHgEHAAAAAAAwPAIOAAAAAAAgOERcAAAAAAAAMMj4AAAAAAAAIZHwAEAAAAAAAyPgAMAAAAAABgeAQcAAAAAADA8Ag4AAAAAAGB4BBwAAAAAAMDwCDgAAAAAAIDhEXAAAAAAAADDI+AAAAAAAACGR8ABAAAAAAAMj4ADAAAAAAAYHgEHAAAAAAAwPAIOAAAAAABgeAQcAAAAAADA8Ag4AAAAAACA4RFwAAAAAAAAwyPgAAAAAAAAhkfAAQAAAAAADI+AAwAAAAAAGB4BBwAAAAAAMDwCDgAAAAAAYHgEHAAAAAAAwPAIOAAAAAAAgOERcAAAAAAAAMMj4AAAAAAAAIZHwAEAAAAAAAyPgAMAAAAAABgeAQcAAAAAADA8Ag4AAAAAAGB4BBwAAAAAAMDwCDgAAAAAAIDhEXAAAAAAAADDI+AAAAAAAACGR8ABAAAAAAAMj4ADAAAAAAAYniXaFRjvWltbo10FAAZkMpnkcDiiXQ0AAAC4yM7OjnYVxjUCDgAwCJPJFO0qAAAAADGLISoAAAAAAMDw6MERZXRhAgAAAAAgePTgAAAAAAAAhkfAAQAAAAAADI+AAwAAAAAAGB4BBwAAAAAAMDwCDgAAAAAAYHgEHAAAAAAAwPAIOAAAAAAAgOERcAAAAAAAAMMj4AAAAAAAAIZHwAEAAAAAAAyPgAMAAAAAABgeAQcAAAAAADA8Ag4AAAAAAGB4BBwAAAAAAMDwCDgAAAAAAIDhEXAAAAAAAADDI+AAAAAAAACGR8ABAAAAAAAMj4ADAAAAAAAYHgEHAAAAAAAwPAIOAAAAAABgeAQcAAAAAADA8Ag4AAAAAACA4RFwAAAAAAAAwyPgAAAAAAAAhkfAAQAAAAAADI+AAwAAAAAAGB4BBwAAAAAAMDwCDgAAAAAAYHgEHAAAAAAAwPAIOAAAAAAAgOERcAAAAAAAAMMj4AAAAAAAAIZHwAEAAAAAAAyPgAMAAAAAABgeAQcAAAAAADA8Ag4AAAAAAGB4BBwAAAAAAMDwCDgAAAAAAIDhEXAAAAAAAADDI+AAAAAAAACGR8ABAAAAAAAMj4ADAAAAAAAYHgEHAAAAAAAwPAIOAAAAAABgeAQcAAAAAADA8Ag4AAAAAACA4RFwAAAAAAAAwyPgAAAAAAAAhkfAAQAAAAAADI+AAwAAAAAAGB4BBwAAAAAAMDwCDgAAAAAAYHgEHAAAAAAAwPAIOAAAAAAAgOERcAAAAAAAAMMj4AAAAAAAAIZHwAEAAAAAAAyPgAMAAAAAABgeAQcAAAAAADA8S7QrAMA3h8Phtm8ymaJUEwAAAACIXQQcQIzbvn27WltbJQ2EG2efffaYyqmvr9ehQ4ec+zNmzFB2dnZI6hhqu3fvVktLi3N/4cKFSkhIiGKNgldbW6u6ujrn/vTp05WZmRnROtjtdtlsNud+UlLSiGvq6upUW1vr3J83b54SExMjUj8AAAAgGAQcwDjR39+vnp4et/1YZbPZ3OoaD/r6+nTy5Ennvt1uj3gdamtrdeDAAef+WWedJbPZfaSizWZzq+fwHkQAAABArCLgADAudXd3hyzkSU1NHREUhFNXV5c6Ozud+7m5uRF9PgAAABCLCDgwLrS3t7sNeQg3s9mssrKyiD0PgduzZ0/I3hMLFy5UWlpaSMryx/Hjx7V//37n/umnn66UlJSIPR8AAACIRQQcGBfa2trc5p8IN4vFEjcBx969e8M2nCInJ0cTJkwIS9mRlJycHO0qAAAAAOMeAQcQJT09PdqzZ8+o17kORXA4HNqxY8eo95SVlSkrKyuo+g2qr68PW8BhNpujFnBYLBaPk2z6w2azOX8mZrPZ8BOgAgAAAPGAgAPjUl5eXli/dfdnPoT+/n41NzcHXLY/9xQUFARc7nhTVVU15nvfe+895ySo9N4AAAAAYgMBxzjg6O1T76596tt3RPa2djnaT0iSTJnpMmdnKnFKuZKqKmVKHD9vh6KiIuXl5UW7GoZQVlY2ag+O/v5+HT161LlvtVqVm5s7atmh6mUSSb29vW4rvBjxzwAAAADEo/HToh2HbHUN6nzpb7LXfCh5WS2iX1KfpJMJFplPqZL1U+fLUkDDPxKSk5M1a9asUa87dOiQc5iKxWLR9OnTR70nIyMj6PoNqqioGPWa7u5ut4AjPT1dkydPDlkdYsnwiUn9CXJCbfjSrdFYchYAAACINQQcccjRZ1PH719W/webJTlGvV6S1G+Tfdt2dWzfIcuZpyv9ygtlsjCvQDglJCQoPz9/1Os++ugjt31/7kH41NXVObfNZnNUAo6+vj6f+wAAAMB4RMARZ+ztJ9T+yG/kcGmEBcThkO2d99R2qFaZX14lszU1tBVEwHp7e53bg5Nb+jPHB0Kvo6ND7e3tzv28vDyZzWb19fX5NYwnVLq6utz2T548yVAZAAAAjHsEHHHEfqJT7d/7mRytrUGX5aj9SO3f/7ky77hJ5lQmUYwWu93uFnBI0okTJ5SZmRl02QcPHlRtbe2I43l5eSopKQm6/Hi0b98+57bJZNKkSZMkSTU1NWoNwe+dv1xDFklqbW3VxIkTAy7nnXfeGXFs+PAXAAAAwCj4GjhOOPpsav/xb0ISbjjLbGpS+09+KzG+P2paWlpG9Aw4fvx4SMru7OxUa2vriP+G9w7AgMOHD7sFC4WFhUpNjXwPp+PHj48YktLc3DymHiJ2u33EfwQcAAAAMCoCjjhx4k9vyOEyyWOoOA4e1IlX/xHycuGfxsbGEceOHTsWc5NKDm9ch3I4Rixobm7W4cOHnfuJiYl+Tb4aDnUehp8NX8UGAAAAGI8YohIH+o+3yvbuxlGvM02ZIsukUlnKB7qy2w4dle3AETkOHvR5X9/f35b9E2fKbE0JRXXhp+7ubo8BR29vr2pra1VWVhZU+UVFRR57IIxlBRbXZVOl+Jr0srW1VdXV1c5QyWQyacaMGUpOHhq6NXfu3FHLOXjwoFtIMta6NDc3O/etVqtzhZ3Dhw+rsLBQSUlJfpe3YMGCEfO51NXVeRy6BAAAAMQ6Ao440PnaW16XgZUkU0aGUq+5TMmnTHM/sXCOJKln6y6d/P0L0smTngvo69XJ//9/lH7JeSGqMfyxb98+53CBpKQkZWZmqqmpSdLA0rE5OTlKT08fc/l5eXnKywvNksDDA47h84YYVWNjoz788EO3HjPl5eVRWTnFbre7zQGSlpam2bNna+PGjbLb7erv71d1dbXmzp3r9yS0aWlpI64NJCABAAAAYglDVAzOYetX/6ZtXs+b8vKUuebWkeGGi+R5Xe49VwAAIABJREFUM5W15laZMr2vwmD7301B1ROBOXr0qNtcG+Xl5Zo6daoSEgaW7rXb7aqurh4RLERLR0eH2353d7ehe3E4HA7t27dPNTU1buFGUVFRVIamOBwO7dy509lbQ5LKysqUnJysoqIi57H29nbt2LEj5oYwAQAAAJFAwGFwvTv3SH3evi03Kf2ma2VOTxu1HHNWhtKuv9LreUdHm/oO0m09EpqamrR//37nflpamiZOnKikpCSVl5c7j3d3d2vbtm3q7u6ORjXdDF/Vw+FwqKWlJUq1CU5ra6s2bdo0YphGeXm5pk+fHpU67d692+3nmZ6eroKCAknS5MmT3YYaDR9SAwAAAIwXBBwG17trv9dz5nlzZCnK97uspKkVMv172ctAn4XQOHbsmHbt2uVsnJrNZk2dOlUmk0mSVFpaqvz8ode0q6tLmzZtcg5diYbu7m6d9DC8KZp1Gouuri7V1NRo27Ztbj0lBl+DST5+N8Jp//79OnbsmHM/ISFBVVVVzvdEQkKCZs2a5ezdIw1MivrBBx94nMMFAAAAiFfMwWFwjhOdXs+lLJoTcHlJC+eox8uko/bm0C1BG21tbW2y2WxhfUZWVpZSUvybmNVut2vv3r2qr693HjOZTJo2bZqys7PdjlVVVWn79u1q/feSwDabTdXV1crPz9ekSZOUljZ6j51Q8rSqhzTQyO7t7Y35OR3a2tpUW1ur48ePj1giNT09XTNmzJDVao14vXp7e7Vr1y7n6zxo6tSpIyaHtVqtqqqqUk1NjXMFm+7ubtXU1Ki2tlZTp04Nar4WAAAAwAgIOAzO0ellYlBJCYWBTyBpmVQib7M6xFPA8dFHH4X9GdOnT3ebH8ETh8Oh+vp6HTp0aMTEnJMmTVJhYeGIe0wmk2bPnq3q6mq3FTWampp0/Phx5ebmqrCwUHl5ec5v+cPF4XC49S6YMGGCWltb1dfXJ7vdrtraWk2ePDmsdRiLkydPqrGxUU1NTW69NQaZzWaVlZWpvLw87D/D4ex2uw4fPqza2lq35XZNJpOmTJni8T0hSbm5uTr11FO1Y8cOt7lZOjo6DD0fCgAAAOAvAg6j89X2cvg45604i6+3xBgKhEc2m02HDx9WQ0PDiGBjcEiEr3DEbDZr9uzZqqur0/79+50NYYfDoePHj6ujo0M5OTluwxbCoa6uzq3+5eXlSklJ0ZEjRyQNTJZaXFzstqRqtO3evdutp4wrs9msoqIi5wSe0dLY2OgWbpjNZk2fPt0574Y3VqtV8+fP1/79+9XY2CiHw6GJEycqJycn3FUGAAAAoo6Aw+BMmZlez/W3tMpS7LtBNJyvXhqmLO/PinWpqakBLe3Z39+vtrY2535aWprfw00G+bo+ISFBLS0tI8KNwaEG/g4zGWy87t+/X83Nzc65O6ZMmRL2cGOwp8GgrKwsWa1WlZSUqLa21rl06f79+1VVVRXWugSioKBgRMCRmJiooqIilZaWKjExMUo1G2A2mzVjxgxt3bpVDodD6enpmjp1qjJ9/K67SkpK0syZM1VWVqba2lpNmTIlzDUGAAAAYgMBh8GZczLV7+Vc7/bdSj4lsFUferbUeH9WtvdlZGNdfn6+2+Sco+ns7NS//vUv5/6ECRNCujyoyWTS9OnTtWXLFjkcDqWmpqqkpERFRUUymwOb+zclJUWzZs1Sb2+vamtr1d3dPeo3/aEwfFhNcXGxpIEGdn5+vhoaGiQN9EbIz8/XhAkTwl4nf2RnZysnJ0cdHR3Kzc1VQUGBcnJywj4UxWw2+x06ZWZmavLkybJYLKMOc/LGarVGbdUXAAAAIBoIOAwuceYU9b253uM52/9+INsnzpSlwL+5OPqO1Kv/g81ezyedMnVMdYRnGRkZmjJlipKTkwMKX7xJSkqK2HwXbW1tbvOYpKWluf0ZJk2apOPHjzuHWezevVtpaWlRmazTk5kzZyohISHgMCkY5eXlbsv8jqa0tDSMtQEAAADiDwGHwSVPnaSTKalSd9fIk/02nXjst8q84yaZU33PJ2Dv6FTnz34n/XuIw3CmjEwlTabBFWolJSURe5bVanXrDRDokJtBNptNu3btcq44Mrjai2sPiJSUFFVWVmr37t2SBob87Ny5U/PmzYuJ+Ti8DUNpbW0N++o6g7KysiI+HKa4uNitJ42ngCc3N9etXhaf8/IAAAAAsYNPrkZnNsly+gLZ/vk/Hk87mprU/tCvlHHLtUrI9jyGv7+xWR2PPiVHm/f5NyyL5ksRXk0CoZWdne225OxY2O32Eat0TJw4UVlZI4cvFRUVqaWlRY2NjZIGli3dunVrzIQcnuzdu1cnT3pfmSiU5s6dG/TrEaiEhIRRh8lYrdaY6WkDAAAABIKAIw5YV3xcbe+8L9k8LwXpqKtT+zcelPmUmUpZfJoSK8skW7969x5Wz/98IPvuvfK5QkpiktIuODs8lYeb48ePR+xZGRkZSkpK8vt6h8OhnTt3qr293XksJSXF5ySW06ZNU0dHh7q7uyUNhBxbtmzRjBkzIt64jxfeVoAJl4KCgogO5QEAAADGioAjDpgzrLIsOUO2f2zwfpHDLvuOap3cUR1w+YmfOFtm69iGM8B/gwFCpJxyyinKy/Nvfpbe3l5VV1e7hRuDq334avxaLBbNmzdP27ZtU1fXwDCqnp4ebd++XaWlpaqoqIjZxrPFYvF75RJ/dHd3h6R3yOCwn0jJzc0NKAgDAAAAooWAI06kX7ZcbXv2y3H0aEjLNU2apPSLzglpmTCWtrY27dq1y21Yitls1qxZszwOTRkuOTlZ8+bN0/bt29XZ2SlpIMw5cuSIGhoaVFFRMeaVQsIpLS1Ns2fPDll5R44c0YEDB0JWHgAAAAB3BBxxwpRgVuaXV6n9gZ/6nEsjoDInTFDmLddKMfoNezxKT08PW9l9fX1uIcVobDab9u7dq8bGRueEotLApKIzZ85Ubm6u32UlJSVp3rx5qq6uVmvr0Puzp6dHfX2eh1bBs5ycnLCW39XV5RxSBAAAABgJAUccMadblfn1m9T+8JNy1NUFVZapolyZt1w36uorCB2TyaQFCxaErfza2lrt27fP7+vNZrM6Ozvdwo3BYSljWdbWYrFo7ty5qq+v18GDB9Xb26vs7GyVlZUFXNZ4NmfOnLCWv3fvXh0NcU8wAAAAIBL4aj7OmNOtyvqvG5WwcIGkMax6YjLLcvZiZX3lBpnTmHdjPDObzaqqqnLOkZGWlqb58+e7LTM6FkVFRVq4cKFKSko0Y8aMUFQVAAAAAOjBEY9MiRZl/p/LZLvgLHX+eZ3suz6U7HbfN1kSlTBnlqyXnq+E/PB2gQ+3EydOBL3SxPBhEy0tLUEPpUhMTFRFRUVQZURaWlqapk+frp6eHpWWlsoUoqWCLRaLKisrQ1IWAAAAAEgEHHHNMrFAWTdfLUdPr3pr9qlv/0eyt7fL0X5CkmTKzJA5N0uJlWVKmjlVpoT46NBz8uTJkHexb29vd1tBZCxSUlIMF3BIA8uEAgAAAECsI+AYB0zJSUo+tUrJp1ZFuyoAAAAAAIQFAQfiTlpamoqLi6NdjRESExOjXQUAAAAAiFsEHIg76enpmjp1arSrAQAAAACIIAIOAPCgs7NTmzdvDll5vb29ISsLAAAAwEgEHADgQX9/vzo6OqJdDQAAAAB+io9lMwAAAAAAwLhGDw5gnEhISFBSUpJz32yO3XwzOTlZVqvVuW8ymSLy3OnTp8tut0fkWenp6RF5TqCG/+xj+X0CAAAAuCLgAMaJoqIiFRUVRbsafqmsrIzKczMzM6Py3FhSVlamsrKyaFcDAAAACJjxv5pz+WLX4YheNQAAAAAAMBK3NnRkOk2HleEDDtee63YCDgAAAAAA/OLaho6HkcmG/yMkuQyysdlIOAAAAAAA8IdrG9pi+HQgHgKOxKHtrr7o1QMAAAAAACNxbUMnJ3m/zigMH3CkJg9td3XRgwMAAAAAAH+4tqFd29ZGZfiAw5oytN3RFb16AAAAAABgJK5taNe2tVEZPuDItA7NMtrWSQ8OAAAAAAD84dqGdm1bG5XhA44s69B2SwcBBwAAAAAA/nBtQ7u2rY3K8AFHbsbQdlMrAQcAAAAAAP5wbUO7tq2NyvABR3720AvSQMABAAAAAIBfXNvQrm1rozJ8wFGQNbR97LjxXxAAAAAAACLBtQ3t2rY2KsMHHGkpUva/u9LY+qW6Jnt0KwQAAAAAQIyra7LL1j+wnZ0x0LY2OsMHHJJUPGFo+3ADvTgAAAAAAPDFte3s2qY2srgIOMpcXoyDdfTgAAAAAADAF9e2cxkBR+woLxza3kfAAQAAAACAT65tZ9c2tZHFZMBhMpkCur58gkNJiQPbLW3SsRZCDgAAAAAAPDnWYldL28B2UuJAmzoQgbbZIyUmA46xmFo2tL3rEAEHAAAAAACeuLaZXdvSRmf4gMPhGEiappUMHash4AAAAAAAwCPXNvNgW3qwbW1khg84Bs10SZ32feRQa6fxXxwAAAAAAEKptdOhfR8NtZdn0oMj9qSnOlRZOrS/dU9/9CoDAAAAAEAMcm0rV5YOtKXjRdwEHJI0e/LQ9uY9DFMBAAAAAMCVa1vZtQ0dD+Iq4Jgz2S5zwsB2bYNDB1gyFgAAAAAASdKBOrtqGwZ6bJgTBtrQ8SSuAo4kizR/2tD++9UMUwEAAAAAQHJvI8+fNtCGjidxEXC4rsG7YPrQ8Q922ZlsFAAAAAAw7rV2OvTBrqEeG65tZ9c2tZHFRcDhqizfrsnFQ/v/s41eHAAAAACA8c21bTy5eKDtHG/iLuCQpDOqhrY3bO1XZze9OAAAAAAA41Nnt0Mbtg4FHK5t5ngSVwHHYLeaWRV2lRQMbNv6pbc204sDAAAAADA+vbW5X7Z/N4tLCkyaVTHQeyNehqYMCnnAESs/oCWnDPXaeGtTv5o76MUBAAAAABhfmjscemvT0Jf+rm3laApHdhBXPThcnTKpXxUTh/bXvW+LXmUAAAAAAIgC17ZwxcSBtnK8ituAQ5LOnTe0/cEuu3Yfib9JVAAAAAAA8GT3EbvbyimubeR4FPMBRzDdVqZM7NfcqUP7r71LLw4AAAAAwPjg2gaeO3WgjTxWsTIdhS8xH3AE6xPz+2VOGNiubXDozY2EHAAAAACA+PbmRptqGwbm2zAnDLSN411MBRy+EqHBc4GmRtlWhy5YNLS/7v1+HahjqAoAAAAAID4dqLNr3ftDgcYFiwbaxoHwpw0ea706YirgGAt/fqBnzLSpsnRo/8//tMkRGxPHAgAAAAAQMg7HQJt3UGXpQJt4NLEWVoxFxAOOcPzQHH6kFZ9cNDRUpa7JoT/9oy/k9QAAAAAAIJr+9I8+1TUNDU355KLRh6b406YOVDQCk5jtwRHoD2P49cO700zIcmjlmUPn399p14ZtzMcBAAAAAIgPG7bZ9P7OoSkZVp450BaWvA85CbbtHUtiNuAYK18/7PlTbVpUNbT/0tv9qjnEfBwAAAAAAGOrOWTXS28P9dZYVDXQBvYmloOKsYq7gGM0F51hU8XEof2n1/WpromQAwAAAABgTHVNdj29bmgahoqJA23f8WbcBRyS9Omz+pVhHdju7pGe+mufWjuZdRQAAAAAYCytnQ499dc+dfcM7GdYB9q841FYAo5Qd3UZPlYo0DFDw89nWx264hy79O/DTa3Sk6/1qbObkAMAAAAAYAyd3Q49+Vqfmlr/fcAkXXGOfcSSsIG2mUdrgwcrXMNjYq4Hx1j/oA6HI6AXoXxCv648d2hoSm2DQ0+8SsgBAAAAAIh9nd0DbdjahqE27JXn2lU+wXvvDU9t5rGuoBKLc3hEJeDw9wcRzh+YyWRSVXm/PnX20It5uN6hX77CcBUAAAAAQOxq7Rxoux6uH2q7fupsh6rK+8Pejg7ldaEWcz04Im3eFJsuPWtov7bBoZ+/2MvEowAAAACAmFPXZNfPX+x167lx6VkDbdvxzrABh7/zcPgarjJ47NTKPreeHE2t0mMv9rGELAAAAAAgZtQcsuuxF13m3NBAz41TKwdWUPHV7h2tzext30hiMuAYy4sieZ6Hw1/zpth05dKhiUe7e6Qn/tKnDdtIwQAAAAAA0bVhm01P/GVotRSZpCuX2gPuueHv/Bv+dBaINTEZcLgK5Q9utBemqrxfn18xtISsJL30dr+ee6tPY5x3BQAAAACAMXM4pOfe6tNLbw9NHpphlT6/ol9V5UPHwh1ExGqo4cq0ZcuWsDTd/ZmJ1dc1rucGt739f/h9rkmUv/e4ajlh0kvvWHSobujYxHyTPv1xiyZPjPlMCAAAAAAQBw7U2fXnf9pU1zTUZq2YKF262Kac9NGXgvW20uhgmznQe3w9y59zgVwzFmELOKTRQ45AAw7XbW+BxWgBh7fnejr/+sYkbaxxv27Z6Qlavsji/Q8FAAAAAECQ3txo07r33Zd8XVQlrVjUK2n0wMHT+dECDn9DjWACjrCu8hKrAYfr+WACDn/u8VSfwe0t+xL1l3dNsru8r0oKTLrwYxZNL6M3BwAAAAAgdHYfseu1d21uq6SYE6SLP+Z5MlF/F9wYfs9YA45gA4xxH3C4bvvTIyMUvThc95vazfrrBxbt+8j9+oUzzVp2ukW5GbE/FgkAAAAAELuaOxxa975NH+xyX82zslS6YKFN+ZkDx/1Z9SSY3hve7vH1vNHqE8j5YEQ14BjtmlANU/HnHm/1cd1//8NEvfmBe28OSTp3QYLOnZ8gawpBBwAAAADAf53dDr21uV9vbXJvaJoTpOULHTp9Rp/zmL9Luoar94avZ452LpBrxiqsAYcUmWEqnsrx1ovD2/2j1WnwWGunWW9ttWjbXvfzlgTprHkJWjI3QdlWgg4AAAAAgHetnQ79z7Z+bdjaL9uwL9HnTpXOnWdTttVzrw1vx1yPe+uREWjvDW/HfD17rOeDZZiAw3Xbn7DC9UULdKiKt+Ouxw7UJeifOxLcVloZtHCmWafPSmDFFQAAAACAmwN1dr1f3T9iKIo0sELKx2f3a/LEsS3/6s8wE396b4x2zJu4Dzik6KymMnhstKEqgTzf07Hqwxa9s9Oso40j7y0pMGn+NLPmTaNXBwAAAACMV62dDm3d06/Ne+xuk4cOKp4gLT7FrlnlNuexQIKN4ecCGZri6XqjrZ7ifEasBxzDzwc65MSfoSqj1cGfXh67jli08UOzDhz1XEZlqUlVFWbNrDCrMIeeHQAAAAAQz4612LXrkF01h+za95HnNuXkYmnRDLtmlvkONnwdH34ukKEpw6/x55g/dRjL+VAwbMDhuu3PXBz+XB+KniYfHU/Q1n0J2rxHIyYjHZSTJVVONGvSRLPKC0yamE/gAQAAAABGVtdk1+EGhw7W2bWvzq6WNs/XmROk+dOkeZX9Ks0baDSGqmeEr5AimLk3Aq3HWM6HQkQCDilyIUegQ1V8bY+1rpLUY5OqD1q085BpxPKyw1kSpMI8kwqyTcrPNiknw6Qsq0kZqVJqqkmpiZLFYpLZJEXgPQEAAAAAkORwSHaHZLM51NUndXU51NEltXU61NLhUFOrQw2tDh077hgxUehwlaXSKRUOzZpkU7Jl9GcHuiKJr+1wDk0JxflQibuAw1tZoQ45ArnuRJdJe49atLtW2veR1Ns3+j0AAAAAAONKShwINaaXSFOLbUpP9a/96G8YEKpww3WbgMNPoegZEcmQw986j+XaI01mfdSYoCONUl2T1Nrh960AAAAAgBiUnSFNzJfKJkilE/pVlj9ylRRvAgkA/BlmMrgdC+GGv9eEQsQCDim0vThc9/2dcHTwuK+Qw599f/l738luk5o6zGpuN6ulQ2rtlDpOSp1dUlev1NMr2eze5/QAAAAAAISBSTKbJYtZSk6SUpMka6qUkSZlW6WcDCk30678DLvSUkLbQ2O0+0YLOryFG67XjhZ0+FPfWOm9IUl+jPyJnOHBg7/nXY+7vpC+rh1+j6QRZbje43o+kD+PP6ypkjXVrooC+5jDFAAAAABAZLm3+cLTkPe3B4br/ljDDX+eHcj5SIupgMMfnsKM4duervV03Few4SnUGGvQEYhYe4MAAAAAACJvtGBj+L6v1VL8LTOQoSmxKKLrk4ZjbM5Y1+r1FGYMbvvadz1mxBccAAAAABCbvLU1R2unBhpuBNJ29lXXUFwTShHvwTHaMJRgy/A2BMWfoS2SRt13PTb8uKfzAAAAAAAMN5bhH956cHhqt3q7z9tcG4HUzR/R6BAQk0NU/AlBfAUYgYYc0lDS5a0sT/cM3uetTE8IPwAAAABgfAhlrwhf4Ya/9/kzkWgs9szwV1QCjkADDH+uCWQCUn/KkkbvvTH8nKfznp4DAAAAAEAwvThG67Ux/FwgvTsCrdNYrgmHmOzBMVbeQorRJg91vd/1nK+JRgeNFnh4Qi8OAAAAAIhvY2nk+xNWBBpsuO776rkRD2I64BhLTw9fw1Uk70vBDi9z+LWDgu3B4emeSPLnlwEAAAAAEH6B9ODwty3n76ooYwk7Yr0dGbWAw9/JRkMZcnjalryHEv68mcbSg8PXM8Mt1t+QAAAAAGB0Y213eWtvelpZZbR7oxVuRLPNGdUeHLEQcgRS/qBQrKISqRd9tAlnAAAAAACRN1pb0p9Qw1tZ4zHckGJgiIq/IcdYyhot5JD8G4bi6TmuAl1JZbhw9uaI9hsMAAAAAMaDQNuAnkYDBFKGrwlIx7ofjFhoe0Y94JBCt6qKp+tGmzjU10Si/gYP3l7IsQQXsfCmAAAAAACMzrXNF0j7MZh2XyiCDW/H/H3eWMsKt5gIOPwVSMghjQwtAgk+vB0LtL4AAAAAgPgUyTbfWIINf68J5JmxLGYCjlDOx+Ht2rEEH67HBrHMKwAAAAAgnAJZBtbTsWB6bQRybSyFIDETcEiRCTk8HRst1AjF0rAAAAAAAHgT6Copvo6Px3BDirGAQwpfyCGNPvzEn5VSAp1QNNjwI9hhMgAAAACA2BBoIBBIqOHteKieGWy5kRBzAUcgAl2BxVtvDsl3L41gloUN1Ysei28eAAAAAEBojLUHh69z4Qo3YlVMBhzBDkEZ7XrJe6AxWg+NcPfgCOWyuQAAAACA2BHqwCFUwUag98RqEBKTAYcU/BCUsd4zljAj1D04YvXNAgAAAAAIj1AMDYlE+zOW26sxG3BIgQcXY+n94G/PDV/1COccHAAAAACA+BCuAGKsoUM89NpwFdMBx1iMdYjHaD03hl/j6zpf9wAAAAAA4E2kJvmMx7aqIQKOUM2zEej9o5Xh7Q1Brw0AAAAAgC/Rms4gnqdRMETAIY19+EmolmkdFMu9NghWAAAAACAwsdx4D3Xd4jnckAwUcEihnUw02Dq4ipVgwUhvPAAAAADAkHC25+I92BhkqIAjGKEOOjyVPVysBB8AAAAAgNgQyeDAiCFFMAwZcAQz9CScQYe3ZwEAAAAAECnjdQJSQwYcUugmEqWXBQAAAAAgHozXYGOQYQOOQcFOJOrviikAAAAAAMSaUIUSRg83pDgIOKTQ9cYg7AAAAAAAxLpQhhHxEGwMiouAY1AoloV1LcsVgQcAAAAAIBrCFULEU7ghxVnAIYWvF0YsLw8LAAAAAIgP4Q4d4i3UcBV3AYercE8k6uuNQfgBAAAAAPAkGiFDPAcbg+I64BgUyqErgTwTAAAAAIBoGy/t03ERcEhMIAoAAAAAGD/GS6jhatwEHK4IOwAAAAAA8WY8hhquxmXA4YqwAwAAAABgVOM91HA17gMOV+GelBQAAAAAgFAg2BiJgMMDVkcBAAAAAEQbIUZgCDgC5OkNRugBAAAAAAgGYUbwCDhCIJRvRMISAAAAADAGQonYQsARY/gFAQAAAAAgcOZoVwAAAAAAACBYBBwAAAAAAMDwCDgAAAAAAIDhEXAAAAAAAADDI+AAAAAAAPw/9u48PKry7v/4ZzKTjSxDQiCE1YCCCBWQPawVkOKGiFaEB5darFtrKbZQl2pdaNTHWvSxIov7vlCrqBXt4wIigj4EAQVBtgAJSQjZM8lkZn5/5JfTmSQkk2QmMwfer+vycs5k5pw7IZk58znf+3sDpkfAAQAAAAAATI+AAwAAAAAAmB4BBwAAAAAAMD0CDgAAAAAAYHoEHAAAAAAAwPQIOAAAAAAAgOkRcAAAAAAAANMj4AAAAAAAAKZHwAEAAAAAAEyPgAMAAAAAAJgeAQcAAAAAADA9Ag4AAAAAAGB6tlAP4KTlLpe75G25HTvlqamQPDVSRJSscUMUkXiJFBEX6hECAAAAAHDSIOAIAnfFV3IVviF5nPW+UC1X6Sa5yrfImnS5IjqMCs0AAQAAAAA4yRBwBJRb7qJX5Crd1MzDnHIde1mq3qOIjleKmUIAAAAAALQNAUeguItVU/CEPFVH/X6Kq3ST3NXZsqXcLEUkBHFwAAAAAACc3CgdCABP9Y+qyX2gReGG8dyqHNXk3i9P9Y9BGBkAAAAAAKcGAo42cpetVc3Rx+VxVbV6Hx6XQzVHH5e77KMAjgwAAAAAgFMHU1Ray+OUq3CF3BW7ArVDuY6vkadqt6zJ8yVLZID2e2r57rvvtHfvXkmS3W7X+PHjQzwiAAAAAEB7IOBoBU9NvlwFj8vjLA74vt0Vu+Rx3idryq9lsXUO+P5Pdlu2bNHy5cslSSNHjiTgAAAAAIBTBFNUWsjtyFJNbmZQwo06HmexanIz5XZkBe0YAAAAAACcTKjg8JtH7uI35SpZ306Hq5Er/xkpcZwi7JdJsrTPcYPgtttuU3V1dUD3OWHCBF122WUB3ScAAAAAwLwIOPzhLpfr2N/ldhxq90O7StbLU71f1k43SRFx7X78QNi9e7eKiooCus+zzz47oPsDAAAAAJgbAUczPNX75SpYJo+rMmRjcDsOyZN7n6wpN8gSdVrIxtFaCQkJioxsumlqUVGRnE6nJCk2NlYMY1baAAAgAElEQVTx8fFNPr65/QEAAAAATi0EHE1wl38mV+E/JHlCPRR5XJWqOfo3WZNnKiJuYqiH0yIvvvhis4/5/e9/r02bNkmSZs2apfnz5wd7WAAAAACAkwgBR2M8TrmKnpO7bFuoR1KPR67C1fJU75a149Un1VKyJSUlxu2KiooQjgQAAAAAYEasolKPx1WgmqNLwjDc+A932TbVHF0ij6sg1EMJCI/Ho+zsbGM7Ly8vhKMBAAAAAJgRAYcXd9V3qsl9UB5nYaiH0iyPs1A1uQ/KXfVdqIfSZkeOHFF5ebmxvWXLFjkcjhCOCAAAAABgNgQc/5+7YrNceU9J7sAuZxpU7mq58p6Su/KbUI+kTb799luf7fLycm3bFr4VNAAAAACA8EPAIUnuIrkKXwn1KFrNdexlyV0a6mG0isvl0ttvv93g/tdee00eT+ibuwIAAAAAzIGAQ5K79APJ4wr1MFrPUyN32dpQj6JV1q9fr507d0qSBgwYoM6dO0uSNm/erM8++yyUQwMAAAAAmAgBhyR3pfn7WLgrd4R6CC1WUFCgxx9/3Nj+5S9/qeuvv97Y/u///m8dPHgwFEMDAAAAAJgMAYckT0158w8Kcx5nSfMPCiOVlZV65JFHlJ+fL0nKyMjQsGHDNHnyZA0dOlSSVFpaqttvv12HDx8O5VABAAAAACZAwCGZe3pKHY8z1CPwW2VlpR544AFt2LBBkhQdHa3rrrtOFotFVqtVt956q5KSkiRJ2dnZ+v3vf0/TUQAAAABAkwg40K6ys7O1cOFCrVu3zrjv7rvv1umnn25sp6ena8mSJYqLi5MkHT58WLfccouef/55FRUVtfuYAQAAAADhj4AD7aKyslJvvPGGfvWrX2nHjv/0C/nd736nsWPHNnj8WWedpSVLligxMdG4b9WqVZo9e7ZWrFjBtBUAAAAAgA8CDgRVbm6uXn/9dV133XX6n//5H5WX1/Y7iY2N1e23366LL774hM8dMmSIli9frtGjRxv3VVZW6sUXX9ScOXP06aefBnv4AAAAAACTsIV6ADi5ffjhh3r66ad97hswYIAWLVqk9PT0Zp+flpamJUuW6J133tGLL76ogoICSVK/fv18gg8AAAAAwKmNgANBNXv2bH3xxRfatWuXevbsqSuuuEJTpkxRbGys3/uwWq2aOXOmfvazn2nDhg36xz/+oRtuuEExMTFBHDkAAAAAwEwsWVlZnlAPItSc2beGeggBEdlzaaiH0KgffvhBOTk5GjNmjKKiotq8P4/HI4vF0ujXNm7cqO3bt0uSOnXqpJkzZ7b5eAAAAACA8EfAoeAGHBEx3WTpMEaS5C7/Qp6q3KAdK1wDDgAAAAAAgo0pKkEUEdtD1pTf/2c7boJqjt4vT3V+CEcVHrKzs7V3715Jks1ma3QlldbYvXu3jhw5IkmKj4/XsGHDArJfAAAAAEB4I+AIIkuHiQ3ui4ifJFfhGyEYTXjZvn27MjMzJUmdO3cOWMCxadMmLV++XJI0cuRIAg4AAAAAOEWwTGwQWawdG95n6xKCkQAAAAAAcHIj4AAAAAAAAKZHwAEAAAAAAEyPHhwIuZKSEj3++OMB2df3338fkP0AAAAAAMyFgAMhV1VVpTfffDPUwwAAAAAAmBhTVAAAAAAAgOlRwYGQS0lJ0fPPPx+Qfb366qsB2xcAAAAAwDwIOBByFotFcXFxAdlXTExMQPYDAAAAADAXpqgAAAAAAADTI+AAAAAAAACmR8ABAAAAAABMjx4cQeRxHZelwX0FIRlLOCsqKtJ9990XkH3t378/IPsBAAAAAJgLAUcQeco/kTqM8rnPXfq/IRpN+HI6nfr4449DPQwAAAAAgIkRcASR25Ej5T+oiMSZ8qhG7uJ/ylOdH+phAQAAAABw0rFkZWV5Qj2IUKs5skgelyPUw2gTizVWtm6ZoR6G31wul1wuV9CPExUVFfRjAAAAAABCjwoOSZbonvJU7A71MNrEEnNaqIfQIlarVVarNdTDAAAAAACcJFhFRZIlbkKoh9BmEXHnhnoIAAAAAACEDAGHpIiYsxURd2aoh9FqEQlDZYnuF+phAAAAAAAQMgQc/581+VeK6HBGqIfRYhHxP5G14zWhHgYAAAAAACFFDw5DhKydbpEldqM8jix5qg/L4ywJ9aAaZYlMliW6hyyxIxQRc3aohwMAAAAAQMgRcNQT0WG01GF0qIcBAAAAAABagCkqAAAAAADA9Ag4AAAAAACA6RFwAAAAAAAA0yPgAAAAAAAApkfAAQAAAAAATI+AAwAAAAAAmB4BBwAAAAAAMD0CDgAAAAAAYHoEHAAAAAAAwPQIOAAAAAAAgOkRcAAAAAAAANMj4AAAAAAAAKZHwAEAAAAAAEyPgAMAAAAAAJgeAQcAAAAAADA9Ag4AAAAAAGB6BBwAAAAAAMD0CDgAAAAAAIDpEXAAAAAAAADTI+AAAAAAAACmR8ABAAAAAABMj4ADAAAAAACYHgEHAAAAAAAwPQIOAAAAAABgegQcAAAAAADA9Ag4AAAAAACA6RFwAAAAAAAA0yPgAAAAAAAApkfAAQAAAAAATI+AAwAAAAAAmB4BBwAAAAAAMD0CDgAAAAAAYHoEHAAAAAAAwPQIOAAAAAAAgOkRcAAAAAAAANMj4AAAAAAAAKZHwAEAAAAAAEyPgAMAAAAAAJgeAQcAAAAAADA9Ag4AAAAAAGB6tlAPoC2cTqeKiopCPQwAAAAAABBipq7gcLlcoR4CAAAAAAAIAwQcAAAAAADA9EwdcLjd7lAPAQAAAAAAhAFTBxxUcAAAAAAAAMnkAQcVHAAAAAAAQCLgAAAAAAAAJwHTBhxut1sejyfUwwAAAAAAAGHA1AEHAAAAAACARMABAAAAAABOAgQcAAAAAADA9EwbcLBELAAAAAAAqGPagIMGowAAAAAAoI5pAw4qOAAAAAAAQB3TBhxUcAAAAAAAgDqmDTio4AAAAAAAAHVMG3BQwQEAAAAAAOqYMuBwu90EHAAAAAAAwGDKgINwAwAAAAAAeDNlwOF2u0M9BAAAAAAAEEYIOAAAAAAAgOkRcAAAAAAAANMj4AAAAAAAAKZnyoCDJqMAAAAAAMCbKQMOKjgAAAAAAIA3Ag4AAAAAAGB6pgw4mKICAAAAAAC8mTLgoIIDAAAAAAB4M2XAQQUHAAAAAADwRsABAAAAAABMz3QBB9NTAAAAAABAfaYLOKjeAAAAAAAA9Zku4KCCAwAAAAAA1Ge6gIMKDgAAAAAAUB8BBwAAAAAAMD0CDgAAAAAAYHqmCzjowQEAAAAAAOozXcBBBQcAAAAAAKjPdAEHAAAAAABAfaYLOJiiAgAAAAAA6jNdwMEUFQAAAAAAUB8BBwAAAAAAMD0CDgAAAAAAYHq2UA8ACLT8/HxlZWUZ21OmTJHFYgnoMSorK1VUVGRsd+7cWTabuf+c9u3bp0OHDkmSkpKSNGjQoJCO5/vvvzfGY7fbNXLkyJCOpzG7du3SwYMHJdX+zIYPHx7iEf2H99gSExM1atSoEI/IV2Fhob755htj+9xzz5XVag3hiGpt27ZNubm5ksL737RDhw4aO3ZsiEeEU1V2drZ27twpSYqOjtaECRNava+qqipt3brV2D7jjDOUlJTUon388MMPOnDggCQpJiZG48ePb/V4gmXv3r368ccfJUk2m00//elPQzwitNXBgweN3zuLxaJx48aFeEQAJBMGHGao4HC5XHI4HHK5XHK5XKqpqZHL5fIZe3R0tKKjoxUbG6uICNMV0oSMy+XS2rVrje0xY8aoY8eOPo/Jy8vTk08+aWxPnjw54AHHjh07tGTJEmN72bJl6tKlS0CPEWgrV640fgcvvPBCpaWl+Xz9u+++06pVqyRJkyZNCnnAsXXrVr3++uuSpBEjRoRlwLF9+3a99NJLkqSxY8eG1Ydh77ENHTq03QMOh8OhV1991di+5JJLfP5WCwsLff5Ox48fHxYBx+bNm7VmzRpJ4f1v2r9/fwIOBEVlZaW+/vprY3vEiBGKiYnxecz+/fuNv98ePXq0KeAoLy9XZmamsX3fffe1OODYsWOHXnjhBUlS3759wzLg2LNnj5YtWyapNrQ/FQOOXbt26ZVXXjG277jjDkVGRoZwRG2zc+dOn39TAg4gPBBwBIjH41FxcbHKy8tVVVXV7OMrKyuN21FRUYqLi1NiYmJYnOCHuxUrVhi3Bw4c2CDgaA/1/42dTme7j6GlPvnkE+P3bvLkySEeTfCUlJQoJyenzfuxWCzq169fAEZ0aqqpqdE777xjbE+bNi0kf6sAWqa8vFyPPvqosb1y5coGAcepoLS0VGVlZaqqqlJiYqLi4+MVFRUV6mGZWnV1tb799tuQjsHpdBrnbBaLRbGxsSEdD4DAI+AIgNLSUhUWFsrlcrXq+dXV1aqurtbx48eVkJCg5ORkgo4wd+TIEZ/t3Nxcde/ePejHLS8vV05OjkpKShQREaHExET16NGDky4v+/bt05///Oc278dut+uZZ54JwIjMrbKyUqWlpUpMTAzrDzklJSXG7ZiYGP4mALRYTk6OPv/8c23evFl79+71+ZrNZtOIESOMisIOHTqEaJQtV1lZqfLyclVUVCg2NlYJCQlh/XoeTBs3bjQCvLS0ND3xxBMhHhGAQCPgaET9KozIyEglJCQ0eJzD4VB+fn5Ar96XlpaqtLRUHTt2VMeOHZm+EoacTqc2btzoc9/XX3+tYcOGBe2Ye/fu1bvvvqsNGzY0+H1LSEjQxIkTdcEFFyg1NTVoY6iTnZ0dlL/Dnj17BnwqUbjJyckJyMlUVFSU/vSnPwVgRI1zOp3asGGDPvjgA/3www/G/T/5yU80bdo0jR49Ouxem2699VYVFxcbtydOnNhux77jjjt8evK0RWZmZqPvNwCCp6KiQq+99prefffdEz6mpqZGX375pb788kulpaVp3rx5Gj16dDuOsmVycnK0ceNGffPNN/ruu+8afH3w4MEaMmSIJkyY0OIpQQAQzkwXcLSH8vJylZWVGdt1abe3Y8eOGSfTJ2KxWBQZGSmr1SqbzSar1SqXyyW32y232y2Hw3HCD4pFRUUqLS1Vamqq6VP2vLw8n7n4LREXF6frrrsuwCNqm88++0z79u3zue/DDz/U1KlT1adPn4Aey+VyafXq1T5zVusrLS3VmjVr9OGHH+rGG2/UpEmTAjqG+jIzMwMyBaS+N954IyiVS/Pnz/d7vz/++KM++uijgI+hjtPpbPREs6XsdnsARtO4oqIi/f3vf/eZg19n27Zt2rZtm8aPH6/rr79ecXFxQRuHmZSWlgbsbyIcqxQR/rKyslRdXd2q56anp6tz584BHlFtn5233nqr2cd5T9mVpDVr1mjDhg3NPm/q1Kk67bTTWjs8Q2FhoTIzM7Vnzx6f+2NjY9W/f3916tRJ+/bt86noyMnJ0UMPPaQrr7xSl112WViF82VlZXrzzTf1/vvvq6am5oSP27p1q9Hr6tJLL9XFF19s6n4YAFDHdAFHqE/+XC6XcnNzT9hnw2azKT4+XomJiX6tqlFRUaGKigqVlpY2+N5cLpeOHDmizp07m/qKnsPh0Kefftqq54ZbDwTvRpyS1KdPH+OkZ+nSpbr77ruVnJwckGN5PB49//zzDa4oDRgwQGeeeaZqamq0Y8cO4/hOp1OPPfaYKioqdP755wdkDCeD8847z++AY+PGjUENOMJddXW1/vrXv2r79u1NPm7dunVyuVy69dZbOSGuJz4+vk2hdDh9UIJ5vPTSS8YKHS119913ByXgqKqq0gcffNDi53311Vd+PS4Q1RMVFRX661//6hNujBgxQldccYV69+7t895RUVGhzZs36/nnn9fx48clSa+88op27dqlxMTEZo9Vf2prMOTk5Oivf/1ri34XKisr9dJLL2nPnj268cYb/fpePv30U+3evbvF4ysoKPDZXrVqVasubEybNk29evVq8fMAnBpMFXCEOtxwOBzKzc2V2+1u8LWYmBh17NixxXMyO3TooA4dOigpKUmFhYUqLS1t8Jj8/Hx5PB6/3nRONuE0x3XLli3629/+ZoRbU6ZM0VVXXaW77rpLBw4cUHZ2tjIzM/Xb3/5W3bp1a/Px1q9f7xNuDB06VL/61a8arNayb98+PfHEE0bQsXLlSvXt21f9+/dv8xgaM3nyZJ8rhdu2bdP3338vqbZ7/Ymm6uzYsUM7duyQVBtcDRkyJCjjC2e9evXS6tWrW/Xcjz76yGfVkWB48803fcKNiy66SFOmTFFycrLy8vK0Zs0affLJJ5KkDRs26KyzziJMq2fevHmaOnVqqIcB+C06OjrUQwiZDz74wKeq7sYbb9TkyZMbnYLXoUMHTZw4UYMHD9YTTzxhLHP9f//3f+023qYcP35cDzzwQIMgpV+/fpowYYJ69+6tuLg4VVZW6tChQ1q3bp3P6/1XX32lmpoaLVq0qNkLdPv3729VeFWf96p4LZGRkdHmY0tq9HwegPmZKuAIJafTqZycnEZDlqSkpDbPX7RarercubMSExOVl5fXoM9CQUGBLBaLKSs5unfvrmeffdbvx69du1Yvv/yyJIVFd+vKykr985//NJYslaQhQ4bo6quvVlxcnBYsWKD7779fBQUF2rNnjxYvXqz58+crIyOj1VMuqqurfab1TJ06VfPnz2/0pCM9PV1//vOf9eCDDxonK6+88oruvvvuoFwNvvTSS3223W63EXD069dPs2fPbvR5b7zxhk/AcaLHITTy8vL09ttvG9vz5s3TzJkzje309HTdfPPNSkhIMFZHefXVVzVmzBjmbwMhdvnll/u1gptU+5q9dOlSYztYDXm7dOnSovf+lmrr+UFxcbHefPNNY3v69Ol+hZMdO3bU9ddfr0WLFgWs905bud1uLVu2zCfcsNlsuvLKK3XhhRc2qLQbMGCAzj33XP373//WM888Y/zufPPNN/rnP/+pWbNmtev421N5eblxu6SkRB6Ph8o54CRjqoAjVBUcbrdbubm5DY5vtVoD3iMjOjpa3bt3V35+vs+LsFRbyWGz2cLiQ39LWK3WFlWfVFRUGLdDuaxkdXW1vvzyS73++us+8+szMjJ0ww03GP0HevXqpTvvvFNLly7Vvn37VFZWpkcffVRr167V7NmzNWDAgBY3ZMzKyjKOGR8fryuuuKLJKypxcXGaN2+eFi1aJEn69ttvtXv37rCb4oPw9fHHHxvztQcNGqSLL764wWMiIiI0e/ZsZWVl6eDBgyorK9PGjRs1ffr09h4uEFJ1q1GEywejkSNH+v3Y+v3DglUp2dL3/va2Y8cO44N9UlKS5syZ4/dzO3furKuvvtonKFqxYkWTU/Y++eQTPffcc60fcBOysrK0efNmY9tms+nee+/VmWeeecLnWK1WnXfeeTrzzDN15513Gr3nXnrpJY0bN67JpuWzZs3ShRdeGLhvoIXa8nvl/ftfWVmpioqKRvtJVVdX69ChQ03uKz8/v9XjABA8pgo4QqWxqyI2m03du3cPSlPEiIgIpaam6vjx48Y8zzp5eXnq0aPHSb2MrPcczbS0tHY9ttvt1qFDh7Rp0yatXbvWZywJCQm69tprNWHChAaBRa9evfTAAw9o9erVxhWhHTt26K677lLfvn113nnnaejQoUpJSfFrHHWVDpI0Y8YMv/p6nHHGGZowYYI+//xzSbX9Qgg44A+Xy6V169YZ2xdddNEJX2NiYmJ0wQUXGNNlPv74Y/3sZz8Lmw96QLBVVVXp3nvvVZcuXbRgwQLT/e57Vx3YbDZ16tQpJONwuVw6dOiQsrOzVVJSosrKSsXExCg+Pl7du3dXr169grrcs3efioyMjBY3TR46dKjPdnV1dZM/y2BenFqzZo3P9hVXXNFkuOGtV69euvbaa/X4448b933yySdNVlkmJCSYsqJYkg4cOOCznZOTo9NPP73B444dO6bbbrutvYYFIIAIOFohIiJC3bp1C3rIkJSUpOrqap9KDpfLpWPHjjXow3Ay8e5UHuzv0+FwKDs7W7m5udq7d682bdrU6GoIY8eO1VVXXdVkI7aYmBjNmTNH55xzjlauXGl8Hz/++KPxYbBfv34aPny4evToodTUVPXq1avR3yPvhme9e/f2+/vp16+fEXDUX+nFW01NjVwul8999bdx6jhw4ICOHj0qqfYk/Oyzz27y8cOHDzdu79u3T3l5ee2yRPGJuFwun9fJ1q4mATTH6XTqvvvu0w8//GAsoWy2kOPYsWPG7b59+7Z7o2CXy6XNmzfrjTfeaPJ9KiUlRZdddpnGjx8flHCgsLDQuN2aiymJiYlKSUkxLoTk5eW1+0UZqTawysrKMrbT09N10UUXtWgfEyZM0BdffGH0E3n//fd18cUXB7S6x+VyqaqqSk6nUy6XSzabTVFRUYqKimq3ZccdDoe2bNnic9/OnTsbDTgAmJepAo5QNxmt06VLF79WSKmzb98+n7EnJyf7PfWic+fOqq6u9unJUVZWpoSEBNNNVfFHYWGhzxxSfyseWqu4uNiY1lGf3W7X1KlTNW7cuBZ16z7zzDP14IMPaufOnfr000/12WefGaX/3ifFvXv31sMPP9zoPrxPQFsS8ng3N/U+eatv8eLFfu8TJ7+DBw8at4cOHdps08GkpCT1799fu3btklQbkIQy4KisrPRZDtF7mW8gkN566y2fppTr169XRESEbr31VtOEHN6VC+29EsXevXv1xBNPNBls1CkoKNCyZcv05ptvav78+RoxYkRAx+Id6rf23847HGpqSdZg2r9/v892RkZGiytfrFarJk6caAQcZWVlOnDggAYMGNCqMblcLh04cEA7d+7U7t27lZ2drYMHDzb6M4qLi1N6erp69uyp/v3764wzzghaUPT99983qMr+5JNPNH369AYXm2JjY/Xzn/+8yf39+OOPRrNZAOHDVAFHOLBYLCouLm4whzU+Pj4o5XoRERHq2rWrsrOzfe4/duyYevToEfDjhZr39xkbGxv07zE1NVVTp041lgbt2bOnBg0apIEDB+qcc85pdX8Vq9WqgQMHauDAgbryyiu1efNm7dy5U99++60x7WjGjBknDMq8O3u3JEzzfoOmOzj85R0qpqen+/Uc74AjOzu7RT0AAq3+6lMlJSUhGglOdpdffrl27dqlrVu3Gvd9/vnncrvdpqnk8F45oz2nMWZnZ+u+++7zOX8677zzNGbMGKWkpMhut6u0tFSFhYXavn273nnnHVVWVqqgoEB/+ctfdPvtt/tUj7WV99RP74sK/nI4HD4Vn6EKeeu/3vXs2bNV++nevbvP9t69e1sccFRVVWndunVas2aNT3DelPLycm3fvl3bt283VmYZOXKkpk+frsGDB7fo+M358MMPjduRkZFyOp3at2+ftmzZ0uB3q2PHjs02Q1+7di0BBxCGTBVwhEMFh8fjUWVlZYP7g7nMWmRkpBISEnxO4uumrrR0zmh7czqdqqyslMPhMP5fUVGhyspKlZeXq6Kiwvh/WVmZT8AxYsSIoM6/rXPJJZcoIyNDvXr1CspqEMnJyZo2bZqmTZsmt9uto0ePKjs7u8lpAMnJyT5lr/4uO+v9QbWpvh39+/dvUHp69OjRBsvL4dTQmqop78qipqqF2kP9aWV1VVJAoFmtVt155526//77fUKO9evXSwr/6SrFxcXatm2bsd3aK/Qt5fF4tGrVKiPcSE1N1R//+McGFSTx8fFKS0vTwIEDdd555+nRRx81Apnly5erX79+AWtc6j39c+PGjZo9e3aLLih4V/JIanIKazB5N2aXWn8+Wv+Czq5du3TBBRf4/fxDhw7pySefNFZV89a3b1917txZdrtdCQkJiomJUUVFhYqLi1VUVKQjR474vI5v2rRJmzZt0vTp0zV37tyATJXZtWuXNm3aJKn2/euaa67RQw89JEl68cUXddZZZwWt4S6A9mWqgONUlpyc3OhVynAOOCorKzV37txWP3/gwIEBHM2JpaWltdu82YiICL+O17t3b+ND2qFDhzRkyBC/9u9dqtrUVZz58+erT58+Pve99957WrVqlV/HMZOioiK/++UEe2pDSUmJVqxY0arn5ubmBng0/+H92uJvJZr347KzsxuUnDcWBAeLd88aqbYMuaSkJCQrOLzwwgt64403Wvy8jIwMXXPNNYEfEALOzCFH3RQEqXZKY3u99+3bt0/ffvutsb1w4cJmp8ckJSXpt7/9rW6//Xbl5eWpoKBAmzdv1uTJkwMypkGDBhm3jxw5YvSd8Ed5ebleeukln/t+/etfN/mcYL0m1j8PrL8Cn7/qVyYfPnzY7+fm5eXp/vvvV15ennHfqFGjdO655+rMM89s9n3F4/Ho6NGj2rp1q95//33jYtcHH3yg4uJi3XrrrW3qFeN0OvXMM88Y2zNmzNCoUaM0dOhQbdmyRQcPHtRrr72mq6++ut36gQAIHgIOk7BarQ2qOCorK+VyucJ2RZXY2Filp6f7Nde2U6dOstlsRqNDyffk40Tee+892e12n/u832BPxOVy+fQ1CbXo6GifE+JBgwYZ02bWrFmjSZMmKT4+vsl9HD58WP/+97+N7fYKiNrD7t279Ze//KXRr1166aXq37//CZ87f/78YA2rxWpqavTFF1+EehgNeAc7/lZNeV/t2759uxYuXBjwcfnL+4NTnd27d2vYsGHtPpaysrJWBWXh9HqE5tWFHJmZmT4l6uEecvzv//6vcXvcuHF+jfH5559vcHW/sWbcTfHu+3HWWWf53dQxOTlZo0eP1jvvvCOp9rUmUAFH586ddf755+v999+XVHsVv3///k2+n0i15w8vv/xyg3Mb71XX2lP9ytO9e/cqIyOjxfupX5HSksq85557zjj3ioyM1IIFCzRq1Ci//wYsFou6du2qrl27auLEiXr55ZeNlWE2bNigwYMHa9f4hQEAACAASURBVOrUqX6Px5vH49Frr71mXDTq2LGjJkyYIIvFossuu8xoOvruu+/KZrNpzpw5YXteDcA/pgo42muKSlxcXIvKFKXgLv9VJy4urkEVh8PhCOsqjtNPP10ul0upqalKSUlRcnKykpKSZLfbjf8SEhIUHR2tzMxMI+AYM2aMX1eW6kKAltq8ebNRmhgOli1b5lPyP3ToUNntdhUXFysvL09vv/225s6de8KThboTrroGXunp6c2epJlJUVGRNm/e3OjXzj///HYezcnHu+mavyek4XKV6+DBgw1OzCVp3bp1IQk4unXr5ncTaW/BmB6H4LJarVq8eLFpQo5du3b5LEE+YcIEv55XtzJXW3ifu/i7fGmd0047zbidn5/f7OOPHDmie+65p9GvLViwwOeiyKWXXqpvvvlGR48eVU1Nje666y7NmjVLF110UaPTFfbu3avnnnvOZ5pPamqqX1MbSkpKWtXroznp6emKiooyVo/67LPPdNFFFzW4+NOUwsJC/etf//K5r7i4WDU1Nc2eD+fk5OjLL780tn/5y19q9OjRLfgOfMXExOjqq69Wbm6uvv76a0m14cOUKVNa9ff04YcfavXq1cb2vHnzjPPmAQMGaPbs2Xr11VclSf/4xz9UU1Ojq666ipADMDFTBRztJS4uLixDgw4dOshisfgEPVVVVWE51jo33HCDX29I27dv9/kAG6grNGYVHx+vyy+/XCtXrpQkrV69WmVlZT5vzHUKCwv11FNP+fz8WjqX+GSSnJysK6+8ss37aY8P8H/84x91zjnnBP04zfE+Oa8/n/tEvB+XkpLS4OpaVVWVz0llsHz11VfG7ZEjR2rr1q2qqqrS559/rrlz57b7vPgZM2a0+kojzMcsIYfH49Gbb75pbI8bN87v3k6B4F0B0tJeT95Vmf5MO6usrGy0qktquBx6cnKy/vCHP+jee+81PtC/9tpr+vDDD3XmmWeqV69estvtysnJ0d69exuEqRMnTtSNN97oV+Xb2rVrtWzZsmYf11JxcXEaPXq0EUQdO3ZMr7zyim644Qa/nu/xePTcc881Gr44HI5mq0frT58MRMNpq9Wqn/70p0bAcejQIZWWlrZo2qHH49Hbb7+tF154wbhv2rRpmjRpks/jZs2apcOHD2vdunWSasMUh8OhefPmNfu9AwhPp+YnIBOLjY31+WBRf7mrcOPPiZ3b7faZs96jR48mG3B6++Mf/9ig0mPPnj167LHHmnxebGyshg4d6tcx2kNjYcS0adO0c+dO40R57dq1ysrK0uDBg9W3b1/V1NRoz549ysrKUlFRkfG8WbNmBXw5vVAbMmSIfve73zX6tfql0z179mx1F/n2ZrVaw+IqkfdJnL/zt72vyPbt21eXX365z9fLysqCHnCUlZVp7dq1xvbMmTOVmpqqd999V5L0r3/9S/PmzQvqGIC6kOORRx7Rxo0bjfvDKeTIysryCWCmTZvm93MfeeSRBhVGGzdu1PLly/3eh/cKHVu3blVRUZFflU7V1dU+fUPOOOMMv4/pr/T0dC1ZskRPPvmk0dC0qKhIGzdu9Pn39BYZGanLLrtMl1xySZt6QwTKhRde6FNps3btWvXt27fZqgen06nVq1cbH+7r8+f3tv55aKCa7td/b6+rUPFHUVGRXn75ZX388cfGff369dNVV13V4HuyWq2aP3++SktLlZWVJam2Ovjbb7/VVVddpeHDh4fFvzEA/xFwmExUVJRPwHEyzNtev369T7nnvHnz/K4+SE1NbbCUbP1GWY0ZPHhwwJcfCzSr1aqbb75ZsbGxxlScvLw8ffTRRyecmjN37lxdcskl7TnMdhEZGRmWV1J69eplNKUL1RKBgeB9Vczf/hHef2dNrdgTTB9++KFx1bFfv34644wzFBMTYwQc//jHPzRp0iTTBF4wL6vVqoULF4ZlyFFSUuLTQHrChAk666yz/H6+3W5vEEa0tHJ0wIAB6tu3r3788UdVVlZq6dKl+sMf/tDk9F6Xy6XnnnvO6J0QHx+vMWPGNHus9PR0PfDAA41+7UQfvtPS0nT33Xdry5Yt+uijj7RlyxZjyqe31NRUjR07VpMnT263Bq3+OP300zV9+nRjmVVJevLJJ40P6Y1Vsu3du1erVq0yVj3p2LGjunTp4rMKlT9hRf3w68CBAwGZIrtz506fcfgz5cbhcOjLL7/Uyy+/7FORMmDAAC1YsOCEv2/x8fFavHixnn/+eaMny9GjR/Xwww+rR48euuWWW9p1SWUAbUPAYTL1r/Y29gZsJvv27dNTTz1lbI8dOzag69ybXXR0tG644QaNHj1ab7/9tk8Q5G3s2LGaMWOG343bEBgjRow4KaplvAMAfwJCST5VQ6FYHjE/P19vv/22sT1t2jRFRESod+/eGjlypLEc4Isvvqg//OEPYVEpg9Dzt2y/LaKjo32uaocy5PB4PHrmmWeMaSFxcXGaM2dOu48jKipKN954oxYvXqyamhpt3bpVt912m2bMmKEhQ4aoY8eOioqKUk1NjUpKSvTDDz/o7bff9vmwPX/+fHXt2rXZY0VERDS4+u8Pq9Wq4cOHa/jw4SovL1dOTo7Ky8tVXV2t+Ph4JSYmqmvXrmH7WnLVVVcpJyfHqEKQpC+++EJfffWVhg0bptNOO00dOnRQaWmpvvvuO5/pNpGRkfr973+vbdu2GT9zf/vR9enTR6mpqUYPtRdeeEGLFy9u00WJnTt3Go1lJWnKlCnNVlEUFhZq8eLFDZq9TpgwQfPnz282lIuKitJ1112n3r1768UXXzSqFBMTE336wAAIfwQcIVBSUqKEhIRWvUk29mYTziupNKW0tFSPPfaYsXRadHR0SE68wp3FYtHQoUM1dOhQHTt2TIcPH1ZZWZkiIiKUkJCgnj17hmQ5TDPJzs72WaEnGOLj41vcPC9ceF+J3LVrV7OP93g8Rim3VHvFtD25XC6tWrXKmE7TqVMnn6Bp5syZRsCxefNmvffee34v/4iTmz+rbAVDqEKO9957T5999pmxPWfOHJ+G1u2pT58+WrBggZYvX67i4mLl5OT49KRISUlRUVFRgws3NptNV155pcaNG9duY42LizPdBYPo6Gj97ne/08qVK32mq9TU1Oirr77y6VfkzW6369e//rUGDBjg8xh/m5RGRkZqzpw5evTRRyXVrsZy1113ae7cuRoyZEiL+oGVlJTok08+0auvvmqEhHa73a9m4snJyZo0aZLRayY+Pl6zZs3ShRde6Pc5ssVi0dSpUzVq1CitXbtW77//vm666Sa/VxcDEB4IOBqRn5/vM788KiqqwTSItqipqdGRI0fUrVs3UwYTgeBwOLRs2TIdOHDAuO+mm24KWcmnw+HwmcsfTH379m31Eq6dOnVSp06dAjyik9+WLVv07LPPBvUYY8eONW3A4R1QbN++vdn58YcPH/ZZJrK9p4D861//MgIMSbrmmmt8rhb2799fl19+udHb59lnn1Xv3r3DfloaTm5Op1Nut7vd3vc/+ugjPf3008b2xIkTdd5557XLsU9kzJgx6t+/v1577bUGUy0bW2Z1yJAhuvrqq9W7d+/2GmLQ9OnTx1i2PFi/A/Hx8fr1r3+toUOH6vXXX292Od+xY8f6TGEpKSkxvtaSn/m4ceOUm5urV155RVLtNJUlS5YoLS1Nw4cPV58+fWS32xUfH6+4uDhFR0eroqJC5eXlKi0tVUFBgXbt2qWNGzf6VD8lJCTotttu8/vccObMmfrmm280bNgwTZ8+vdWrUyUmJuqyyy7ThRde2KpqIAChRcDRiPqrJ9Tvut1SycnJDbpTO53OVoUcjY3FbBUPJSUleuyxx3wah82dO1fjx48P2ZgcDkfQPwDXmTt3bqsDDiAY0tLS1K9fP6M0edOmTU1+EPJeEnD48OHt2oNj06ZNPv0ExowZo4yMjAaPmzlzpv7v//5PP/74oyTpoYce0p133qkBAwa021gRftqjeqG4uLhB48Vhw4bptttua7dw49NPP9WTTz5pbA8aNEjXX399WFxUSU5O1o033qh58+Zp//792rZtm0+j8YkTJ2rUqFE6/fTTlZKSEsKRBtbpp5/eLlUhVqtVEydO1OjRo/X9999r+/btys7OVkFBgWJiYpSammpM5asfHOzdu9e43ZKAw2Kx6PLLLzemdxw6dEhS7RKydT2RWmrUqFGaN29ei1b7iY2NVWZmZsCaghJuAOZEwNGIQAccdrtdFoulwdUJp9OpnJwcpaWl+X3SUb9002KxtMtyloGSn5+vhx9+WHv27DHumzJlyknZGDNY3G63cdtisZgu4DoRl8slh8MRlGWPhw8fHtAqrDrr16/Xp59+GvD9tpTH41FVVVWbTsYmTJhgBByrV6/WmDFjlJCQ0OBxeXl5PnOj2zOYzMrK0iOPPGJsx8XFNdoVX6o9Mb3hhht0++23y+l0qrKyUn/5y1/0m9/8hj4/p7BgLNNZx+VyaenSpcZ0lDrnnHOOFi1a1C7hQk1NjV5//XWfJWG7deum3/72t0029AyF+Ph4DRo0SN26dfMJOKZMmRKyiwBlZWXKzs4O+nEiIiIC0oizKdHR0RoyZIiGDBni1+PLysp08OBBY7s175kjR47U4MGD9c033+jLL7/UV1991aJecUlJSZowYYJGjRql/v37t+r8hhVPABBwNKKxF8e29rmo65FQP+Sorq5Wbm6u0tLS/Aoq6r9RmOmFfMeOHfr73//uUzI5bdo0XXvttSG/qpSYmOhTyhtoTz75pDZv3hyQff3pT38ymoNdc8017dpboK7E2uPxyOPxyO12+yzdVllZqfz8fDmdTlVXV6umpkbV1dVyOp06fPiw8bjdu3frxRdf1PHjx3X8+HHl5eUpLy9PaWlpWrp0acDH3a1btxZdBfLXvn37Ar7P+jwejyorK41S3rKyMpWUlOjYsWM6evSoDh8+rH379mn8+PFG+XNrTJw4UW+99Zbx77FixQrdfPPNPl30y8rK9Pe//93ofdGrVy+NGjWqzd9jczwejz7++GOtWLHC5zXwpptuanL1mr59++r222/XkiVL5HQ6VVZWpiVLlmju3Lm6+OKLQ/r66Xa7VVZWpqKiIhUVFen48eMqLCxUQUGB8vPzFR0drYULF4ZsfGgZl8vVYAUVqXbFrkWLFrWoD0FrFRcX66mnnvIZQ79+/bRw4cKQrXRkNtnZ2brjjjuCfhy73a5nnnkm6MdpCe+GrlLrpx5GR0crIyNDGRkZcjgcOnLkiI4ePaqioiLt3r3b56LA7NmzlZSUpKSkJHXv3l1dunQJyvlgfn6+vv76a2N7/PjxYbkyG4DAIOBoRGPNhMrLy9vcyDExMVEWi0X5+fk+91dVVRmVHM2FHN5LxJ5orOGmtLRUb7zxhtasWeNz/9y5czVz5sywqECJiIhosudAW5nh38kfmZmZ2rJlywm//umnn/pV0bBr165Gm1k2Ngf7ZPbuu+/q888/V3V1taqqquR0OuVwOFRdXS2Hw6GKigq/l21ta/PEuLg4zZs3T4899pik2uqUw4cP62c/+5mSk5OVl5en9957z1iNQar9Gw7273ZhYWGj8/V/85vf+LVk5ODBg3X77bcrMzPTmDbw0ksvacOGDZozZ46GDRsW0PGuX79e+/fvl8fjkcvlksfjMYK+iooK49/02LFjDaYxeAvm6xECq6lw48477wx6gO/xeLRx40Y988wzPq+ho0eP1k033XTSfpAza4P1QKu72OCtNT8X74swffr0CUjVY0xMjPr06aM+ffpIqq0K8T5HmDlzZrsEzQUFBVqxYoWxPWzYsJP27wKAyQKO9irFj4qKksVikcfjMe4LRMAh1TZMslgsDT6MVFVVKTc3V127dj3hB36Hw9HgTSzcSk69eTweff3113r66ad9VrCIjIzULbfcEtKeG6eiX/ziF8bvT2sbb/Xo0aPJgKOl7Ha7evXqpa5du6pLly7q1KmT3G53WIRe7WHr1q0B2U9KSkpATtYmTpyo3bt364MPPpBUW6HiPY/f25VXXhn0JXJ37NihzMxMo2Kkzvz58zVp0iS/91MXcjz++OPGB8B9+/Zp//79AQ84tm3bdsLlnFvC5XKpoqJCHTp0CMCoECwul0uZmZn65ptvfO5vr3CjpKREy5YtaxCuzJgxQ3PmzDFVlWed0tJS5eTkyOFwGEFvRUWFiouLdezYMRUUFOjIkSM6dOiQVq1aFdAPqqmpqVqwYEHA9uft22+/1b///e+A7/fYsWO6/vrrje0hQ4boT3/6U4v2kZeX5xM8TJgw4aSZ/grg1GOqgKM9xcXF+Vw5raysDNjVgro34/ohR92V2xPNo2/sSm44n/y63W5t2rTJJ9wYNmyYrrnmGnXv3j2EI2vI4/EoNzc3aPuvWwo3lCZPntzk16Ojo43VNBrrvSDVNh1LT0+X1Wo1/ouIiFBkZKSio6MVFRWl6OhoRUZGGrfj4uIUFxenDh06KDY2Vh06dFCHDh2UmJiouLi4djmJ2rFjR0A+dNb3/fffB3yfkoyfU3R0tKKjo2W329WxY0clJSUpISFBiYmJSk5OVqdOnZScnBywviUWi0W/+MUvZLfb9eqrrzb6GJvNpmuuuUbTpk0LyDGbcvrpp6t3797GlCy73a5f/OIXrQpHf/KTn+jhhx/WK6+8orVr12r06NEh6f1jt9sVFxcnu92upKQk2e122e12JSQkKCUlxVgpqa7iD+HrROHGsGHDtHjx4napLqh7fa3Tu3dvXXfddRo0aFDQj92cFStW6NChQ8aURqn2vMDpdBr/VVdXN3h/fOihh/w+RkVFRUADjuTk5KBdfKmsrAxKwJGSkqL09HRjymRWVpb279+v0047ze99rF692qgos9lsQQ+vTxaJiYnGz6o9pqEB8A9/jSdQP+CQaue3Bmoea/2Qw2KxqGvXricMN1wul8/StVLth6BwLs+0Wq267rrrdPToUWVnZ+vqq6/W+PHjw3LMbrdbN998c6iHEVJTpkzRlClTmnzMueeeq3PPPbedRhQ4Bw8e1Ouvvx7qYchut2v58uXGdkREhBEU2Ww24/+h/GBrtVr185//XGPGjNG6deu0Z88eFRQUqEuXLhowYIAyMjLabTnn6Oho3XzzzVq8eLEGDRqka6+9tk2rKtjtdt1www0aM2aMevfuHbDXonvuucenui4iIkIRERFGE+i6EDAyMjKsQ4vS0lIdPHhQdru92fJ0t9ut/fv3q6qqSunp6c02uC0sLNSRI0fUpUuXdlnJJNjCIdyQfN9nBw4cqBkzZoTNyg+xsbFBCZa7detmVP7xobLW1KlTfd5bnn/+eS1atMinh9KJfPTRR1q7dq2xffHFF7fba7zZjR49WqNHjw71MADUY6p3hvY8MYyLi5PVavVZQaW4uFh2uz1gJy51IUd+fr7S0tKaPCkpLCz0mTIjnfgqeziJiYnRb3/7W0miyRnCgs1mU9euXQO+X3+qqaxWq2mWPezZs6fmzJkT6mEoLS1NmZmZSk1NDdjUpcGDBwdkP3VOhte2nTt36pFHHjGWNL/00kv1X//1X40+1ul06m9/+5uxXHB6eroWLVp0wuBi48aNWrp0qaqqqmSz2fTLX/6yyWWIw53L5dL999/fYIpZe4cbdWJiYnTXXXeF3XSUXr16Nfl1m82m+Ph4xcbGKiYmRrGxsUpMTFRCQoISEhJ8qv+SkpKUnJyspKSksAlwwsm4ceO0Zs0ao0dSVlaWli9frmuuueaE54oul0vvvfeenn32WeM+u92uCy+8sD2GDABBY6qAo70lJibq+PHjxrbH41FhYaE6d+4csGPUvbk3dULkdDobVG9YrVbTNEgy48n/7Nmzg7aEm1k+4J6sevbs6bPUKMIfVxOD76mnnjLCDam2ZH3EiBGNvg6uX7/eCDek2n4mb731lm688cYGj62oqNATTzxhlL/X1NRo5cqVGjp0aEDfS9vLicKN0aNHa+HChSGrUAy3cEOSMjIydM455xgXp7yrmuoq1xAY8fHxWrhwoe68805jys8nn3yirKwszZo1S3379lXnzp1ls9lUXFysH374QR9//LFPs2+bzaYFCxY02eA4KyvLZwnilqrfT+mee+5p08XLefPmBX25XQDmY6qAo71LexMTE1VUVORTOVFaWqrY2NiAhgtNvcm7XC6fZVXrtLZJJPzTp0+fgF/lBYBw5HA4dODAgQb35+bmNvrhobH3pBMtmVxUVNTgQ01NTY3y8vJMGXC88cYbDcKNjIwMLViwgA/s9dRVaKB9pKen6ze/+Y0efPBB477jx49r5cqVfj3/lltu0dlnn93kYxwOh9ETKRDa2sfKe5l6AKhzaixV0EonKifPy8uTw+EI+vE9Ho/y8vJUU1Pjc39UVFRAVnQBACAmJkZnnXVWg/tPNMWgseaFjT1fkjp16tTgfTQuLi7sGk37a9asWT7f6+jRowk3EDZGjRql22+/vUWVor169dIDDzygCRMmBHFkANB+TFXBEQoJCQkqKytr0OU7Jyen2b4ZbXX06NFGV984GRq0ITDKysoarMYTKBaLxZRXWAG03K9+9Sv97W9/0759+2Sz2XTttdcaqyrVN2rUKF100UV69913JUlDhw7VzJkzG31sdHS0br31Vi1dulQFBQVKSEjQzTff3GQZfDiLjIzUXXfdpTvuuEPdunXTrbfeSriBsDJ8+HD1799f69at00cffdRodZYkDRgwQJMmTVJGRobfK3GNHj1aq1evDuRwQ8J7Ol4g2Ww2U07LBk42pgo4QtV9vkuXLjp48KDPVBWPx6MjR44oNTU1YEs01nG5XMrNzTXmLHvr1KmToqKiAno8NPTFF1+c8KQgEFJSUjRx4sQ27+fNN99s03zYpqSlpemJJ54Iyr5DqaCgQE8//XTQ9n/ppZea9sMbTl09e/ZUZmam8vPzjSaPJ2K1WnXttddqxowZqqqqUpcuXZr8kD9w4EA9/vjjys/PV3Jyclgvb+6P6Oho3XvvvYqNjQ3rVXFw6kpISND555+v888/X/n5+crLy1NZWZksFouxRPWpfLHsjjvuCMp+zz77bN1zzz1B2TcA/5kq4AgVq9WqtLQ0ozu1t6NHjyopKUl2uz0gHf4rKyuVn5/fYFqKVPuGZbfb23wMs7vsssuM24EOl+p89tlnQdlvnbFjxwYk4EDLlZaWas2aNUHb//Tp0wk4VHule+7cucZ2sP5WETiRkZHq1q2b349vyZXK6OjoZpeeNROzhzRNiYmJ8Xmf5aKKuXXu3JlqTACnFFMFHKG8UhITE6OuXbsqNze3wdeOHz+uoqIiJSUlKTExsVVBh8Ph0PHjxxudkiLVdsjmDao2bAqHpStD6ayzzmrRh5DWio6ODvoxcPKKjo7WrFmzQj0MAC0UHx9/yr/P4uQSFxenKVOmBP04nTp1CvoxADTPkpWV5Wn+YeGjoKDAZ6pIe6uoqGg05KhjsViM8t7mPiC6XC6VlZWptLS0yU7QCQkJhBstkJOTo82bNxvbF110kV/hWFFRUTCH5YPu8s3bunWrMU0oKSlJ48ePb/W+HA5HuzQGlmr/XsNhTv7XX3+tnTt3Sqr9+V1wwQUhHpGvgoICbdiwwdg+//zzZbOFPnNft26d8XvXpUsXnXfeeSEe0X/s2LFDP/74o6TaE/bJkyeHeEQ4Ve3du1fbt2+XVBtmTps2LaTj8f7biI2N1dSpU0M6nsbs2rXLWJbVarWG3WsyAJwsCDhaoaqqSkePHm10Gom3yMhI2Ww2Y713i8Uil8slt9stt9t9wmoNb506dWJaCgAAAAAAzQj95bIWslgsIQ846uYSHz9+XMXFxSd8nNPplNPpbNUxYmNjaSgKAAAAAICfTBlwhIOIiAijuqKwsFBlZWUB2W9kZKSSk5NpyAcAAAAAQAsQcLSRzWZTly5d1LFjR5WUlKi0tLRVFSZxcXGKj48n2AAAAAAAoBUIOAIkKipKKSkpSklJkcPhUFVVlaqrq1VTU2P85/F4ZLPZjN4cNptN0dHRiomJCcgSswAAAAAAnKpMF3CYQUxMjGJiYkI9DAAAAAAAThmmKxsI1woOAAAAAAAQOgQcAAAAAADA9Ag4AAAAAACA6Zku4KAZJwAAAAAAqI+0AAAAAAAAmJ7pAg6mqAAAAAAAgPpMF3AwRQUAAAAAANRnurSACg4AAAAAAFAfAQcAAAAAADA90wUcTFEBAAAAAAD1mS4toIIDAAAAAADUR8ABAAAAAABMz3QBB1NUAAAAAABAfaZMC6jiAAAAAAAA3gg4AAAAAACA6Zky4GCaCgAAAAAA8GbKpIAKDgAAAAAA4M2UAQcVHAAAAAAAwJspkwICDgAAAAAA4M2USQFTVAAAAAAAgDdTBhxUcAAAAAAAAG+mTAoIOAAAAAAAgDdTJgUEHAAAAAAAwJspkwICDgAAAAAA4M2USQFNRgEAAAAAgDdTBhwRERGEHAAAAAAAwGDKgEOiigMAAAAAAPyHaQMOq9Ua6iEAAAAAAIAwYdqAgwoOAAAAAABQx7QBBxUcAAAAAACgjmkDDio4AAAAAABAHdMGHFRwAAAAAACAOqYNOCIiTDt0AAAAAAAQYKZNCajgAAAAAAAAdUwbcNCDAwAAAAAA1DFtwBEREUHIAQAAAAAAJJk44JDowwEAAAAAAGqZOiEg4AAAAAAAAJLJAw4ajQIAAAAAAMnkAQcVHAAAAAAAQDJ5wGGz2UI9BAAAAAAAEAZMHXBQwQEAAAAAACSTBxz04AAAAAAAAJJk6jkeERER6ty5c6iHAQAAAAAAQszUFRwAAAAAAAASAQcAAAAAADgJEHAAAAAAAADTI+AAAAAAAACmR8ABAAAAAABMj4ADAAAAAACYHgEHAAAAAAAwPQIOAAAAAABgegQcAAAAAADA9Ag4AAAAAACA6RFwAAAA8fTdVwAAIABJREFUAAAA0yPgAAAAAAAApkfAAQAAAAAATI+AAwAAAAAAmB4BBwAAAAAAMD0CDgAAAAAAYHoEHAAAAAAAwPQIOAAAAAAAgOkRcAAAAAAAANMj4AAAAAAAAKZHwAEAAAAAAEyPgAMAAAAAAJgeAQcAAAAAADA9Ag4AAAAAAGB6BBwAAAAAAMD0CDgAAAAAAIDpEXAAAAAAAADTI+AAAAAAAACmR8ABAAAAAABMj4ADAAAAAACYHgEHAAAAAAAwPQIOAAAAAABgegQcAAAAAADA9Ag4AAAAAACA6RFwAAAAAAAA0yPgAAAAAAAApkfAAQAAAAAATI+AAwAAAAAAmB4BBwAAAAAAMD0CDgAAAAAAYHoEHAAAAAAAwPQIOAAAAAAAgOkRcAAAAOD/tXfnQW6Ud/7HP7qlmZFGM74PcIyxAcdA2ACb2A4GY5uEOxACWTCpQAADBSwspFjOXwIpsiEOkMPcISxhkyw3JBtIQoEBQ7AJGDAmGBtsfJ+jOTSjo6X+/THVHfVIMyONNUfb71cVVdNSt/TY2O3uT3+f7wMAgOv5B3sAe6JcLqdUKqVsNqtcLifDMJTL5ZTL5SRJHo9H4XBYkUhEkUhEXi85EwAAAAAAu4OAo0pM01QikVBra6tSqVSv+7e3t9s/h0IhRaNRxWIx+f38LwEAAAAAoFLcTVdBc3Ozdu7cKcMw+nR8Op1WOp3Wjh07FIvFNHz4cIKO3bB27VqtWLFCUmd4NHfu3D5/Vjqd1rJly+ztgw46SMOGDavoM1auXKlPPvlEkhSJRHTsscf2eTz9ZdWqVVq1apUkyefz6Wtf+9ogjwi769NPP9WaNWskSV6vV7Nnzx7kEQEAAAD9i7voEtra2hxVGIFAQPX19UX7dXR0aOvWrcpkMlX77paWFrW0tKixsVGNjY1MX+mivb1dr7/+ur09Y8YMRSIRxz6rV6/W7bffLkmaMGHCbgUcra2tuv766+3tu+66q+KAY/ny5br33nslSQcccMCQDDj+8Y9/aOHChZKkeDy+VwYcK1eu1P33329v/9d//ZeCweAgjmj3vP/++47/pwQcAAAA2NMRcJTQ1tamlpYWezsSiRQFHNu3b1dTU1OPn+P1ehUIBOT3++X3++Xz+ZTL5ZTP52UYhlKplEzTLHnsrl271NLSojFjxhTdwO/N2tradMstt9jbTzzxxF75+9Pc3GwHcfX19YpGowqFQoM9LFdLpVJ6++23B3UMmUxG2WxWUmevnpqamkEdDwAAAOAmBBwVMgxDmzZt6rbPRiAQUDQaVX19vQKBQK+fl0wmlUwm1dLSonw+X/Rd69ev16hRo0pWkGDvsmHDBv3lL3/R66+/bk8nsfj9fs2YMUMzZszQzJkzVVtbO0ijrFx7e7va2tqUTCbtMHFvDK0k6ZVXXrEDvHHjxul//ud/BnlEAAAAgHsQcFQglUpp48aN9moohSKRiBobGyu+saytrVVtba2GDx+ubdu2OSpHLFu3bpVpmorH430eO9wrmUzqoYce0mOPPdbtPoZhaPHixVq8eLHGjRuniy66SLNmzRrAUVZm48aNWrx4sd544w299957Re8ffvjhOvLIIzVnzpyKpwQBAAAA2DsRcJQpk8lo/fr1JaeUDBs2bLdvwrxer0aPHq2GhgZt3ry5qK/Htm3b5PF4XFnJsWzZMqXT6T4dO3nyZI0aNarKI5J27Nih3/zmN91OEbJ0dHQ4th977DG99NJLvX7+ySefrEmTJu3WGKXOcV5//fX6xz/+4Xg9Eolo2rRpGjFihFavXu2o6Ni4caNuuukmnXfeeTr33HPl8Xh2exzV0traqkceeURPPPFEj01533rrLb311lt66KGHdM455+ib3/ymq/thAAAAAOh/BBxlME1TmzZtKroZ9vv9Ve+REQqFtO+++2rr1q1qbW11vLd161YFAgHXzcu///779dFHH/Xp2IULF/ZLwNHR0aGnnnqq4uNee+21svarRvVEMpnU97//fUe4MX36dH3nO9/RpEmT5PP5HPsuWbJEd999t3bt2iVJ+tWvfqUPPvigrMqf9evX7/Z4y/mOW265paI/Cx0dHbr//vv14Ycf6pprrinr1/LCCy9o5cqVFY9v27Ztju2f//znZTf5tUIk0zR16qmnauLEiRV/PwAAAIDdQ8BRhlL9NgKBgPbdd1/HTWa1eL1ejRkzRsFgUDt37nS8t2XLFn3uc5/ba1ZX2ZsbZz799NOO6RtXX321TjjhhJL/72trazVv3jwdccQR+tGPfqS//e1vkqQ333xzwMbbk127duk///M/i4KUgw46SPPmzdN+++2naDSqZDKpdevW6cUXX9Q777xj7/faa6/JMAzdeuutvfa2WbNmjZ5++undHvOzzz7bp+OOOeaYPn9nYYjatScPAAAAgJ4RcPSBz+fT+PHj+yXcKDRs2DBlMhlHJYdhGNq2bZtGjx7dr99dTeeee263TVm7yufz+uEPf2hv91fAMXbsWD3zzDP98tmSdrvKJpFI6OGHH7a3Tz31VJ100km9HtfQ0KCrrrpKF110Ua+r/AyUfD6v22+/3RFu+P1+nX/++frGN75RNPXkkEMO0fHHH68//vGP+sUvfmFPb/rb3/6m3/3ud5o/f/6Ajn8gJZNJ++dEIiHTNIfUFCMAAABgKCPg6IPRo0eXtUKKZfXq1Y6nsSNGjFBDQ0NZx44aNUrpdNrRk6OlpUWxWMw1U1VmzpxZ9r6JRMKxXVdXV+3hSOoMqYZy09bly5fbN/aNjY264IILyj521KhRuuSSSxxB0eOPP97jn9nnn39ed999d98H3INly5bp9ddft7f9fr/uvPNOHXzwwd0e4/P5dPLJJ+vggw/WZZddZod8DzzwgObMmaMxY8Z0e+zZZ5+tb3zjG9X7BVRod/rkFP757+joUHt7e8nGxel0WuvWrevxs7Zu3drncQAAAABuRMBRIY/Ho127dtl9DiyxWKxfGoB6vV6NHTtWa9eudby+fft2TZgwoerfN9gKf1/9fr+GDx8+KOMwDEOfffaZ1q5dq0QioY6ODoXDYUWjUe27776aOHFiv06fKey7ccwxx1Qc9Bx55JGO7UwmoxEjRnS7f3+GZY8//rhj+7zzzusx3Cg0ceJEXXrppfrRj35kv/anP/1J5513XrfHuLERr2XNmjWO7fXr1+vAAw8s2m/btm0VhV4AAADA3oCAo0KmaRatrCGpqo1GuwoGg4rFYo4lZNPptNra2vqtwmGwbN++3f75gAMOGPCVMwzD0JIlS/TII4/o448/7na/UaNG6ZxzztGcOXP6JRwo7L0yfvz4io+Px+MaNWqU/RR/8+bNGjduXNXGV66mpiYtXbrU3t5///0rrq447rjj9NJLL9n9RJ588kmdeeaZFS/J3BPDMJROp5XNZmUYhvx+v0KhkEKh0ID1u0mlUkU9U1asWFEy4AAAAABQjIDDJUaMGOEIOCSpubl5jws4CisX9ttvvwH97lWrVunHP/5xj8GGZevWrVq4cKF+85vf6IorrtCMGTOqOpZcLmf/3NceDH7/P/9697Qka3/q+ns5e/bsiitfvF6v5s6da9/8t7a2as2aNTrkkEP6NCbDMPTJJ59oxYoV+vDDD7V27Vp98sknJX+PamtrNWXKFE2YMEHTpk3T1KlT+y0oevfdd4uWU/7Tn/6kr3/960X9furq6vTtb3+7x8/76KOP7GazAAAAwN6AgMMlfD6f6uvr1dzcbL+WTCaVz+f3qBVVClfOmDp16oB979q1a3XNNdc4eiCcfPLJmjVrlkaOHKl4PK7W1lbt2LFDb7/9tn7/+9+ro6NDW7du1XXXXafbbrtN06dPr9p4hg0bZv9cWNVSro6ODm3cuNHe7qlnRX/q2lOlr9Oquh738ccfVxxwpNNp/fWvf9Vjjz2mTz/9tKxjksmk3nnnHb3zzjv2yiwzZszQ6aefri9+8YsVfX9vCpveBgIBZbNZrV69Wm+++WbRn62GhoYep+lInavAEHAAAABgb0LAUUJdXZ3j6Xc5BqLhZ11dnSPgkDpvZKtZqj+YEomEI+Aot0/D7jJNU3fddZd9Mz5mzBjddtttmjhxomO/WCymcePG6dBDD9Upp5yiH/zgB/Z4f/rTn2rq1KlVa1w6adIk++dXXnlF3/nOdypqbFu4vKykQVt1p3BVEKnvU7m6HrdixQqdfvrpZR+/bt063X777Xr//feL3jvggAM0cuRINTY2KhaLKRKJqK2tTYlEQrt27dL69esdYdGSJUu0ZMkSnXrqqbrwwgur8vdvxYoVWrJkiaTO/1eXXHKJbrrpJknSfffdp0MPPXSP+XsOAAAA9BcCjhLq6uqG5NSP2tpaeTwemaZpv7YnBRxvvPGG/fM+++zTp94TffHxxx/r7bfftrf/3//7f0XhRleNjY264YYbdOmll2rLli3avn27Xn/9dR1//PFVGdMXvvAF++f169frqaee0je/+c2yjk0mk7rvvvscr5199tk9HtPe3l75IMsQi8Uc24VLHlei65K3hUvO9mbLli363ve+py1bttivzZw5U8cff7ymTZvWa1NS0zS1efNmLVu2TE888YS9esnTTz+tRCKh66+/frd6xWQyGf3iF7+wt8866ywdddRROvLII7V06VJ9+umneuihh3TJJZfsUdVaAAAAQLURcLhMbW2t2tra7O2uc/bd7Pnnn7d/nj17dlm9J+65556ip/uV3PxKnb03LIceemjZTR2HDx+uo446Sv/7v/8rqXN6TbUCjtGjR+u0007Tk08+KUm69957NXXqVE2bNq3H43K5nO6//36tXr3a8XpfprlUQ2Njo2P7o48+0tFHH13x53StvKjk17No0SI73AgEArrxxht11FFHld3bxOPxaOzYsTrllFM0b948PfDAA/bKMC+//LIOP/xwnXTSSWWPp5Bpmvr1r3+tDz/8UFLn1JO5c+fK4/Fo/vz5doPWxx57TH6/XxdeeCEhBwAAANANAg6X6fqkOJPJDNJIqmvlypVavny5vT137tyyjvvLX/6y299dOO3n85//fEXH7r///vbP1oolPfnss8905ZVXlnzv5ptvdkxxOfvss/XGG29o8+bNMgxDV1xxhebPn68zzjijZNXOqlWrtGjRIsc0nzFjxpRV4ZNIJLRjx45e96vU5MmT7X4SkvTnP/9ZZ555ZkVTeXbs2GEHPZZEIqFsNtvrtJ3169dr8eLF9vYVV1yhWbNmVfArcIpEIrr00ku1adMmvf7665I6w4cTTzyxT81gn3nmGT366KP29kUXXWRXjx1yyCE677zz9Ktf/UqS9Nvf/laGYejiiy8uajoKAAAAgIDDdbr2BrFuHN3MNE09/PDD9vaxxx6rffbZZ8C+v7ACZMOGDRUdWzjtobepDlLnlKLC6TCFuq7iMXz4cN1yyy26+uqrlUgkZBiGHnroIT399NOaNm2a9ttvPzU0NGjDhg1atWpVUd+NefPm6eqrry5r1ZJnn31WCxcu7HW/StXV1WnWrFn661//KqkzrHjwwQf1H//xH2Udb5qmFi1aVDJ86ejo6DXg2LRpk2P7K1/5Spkj757X69Vxxx1nBxzr1q1Tc3NzRaGNaZr67W9/q3vvvdd+7ZRTTtFXv/pVx37nnHOO1q1bpxdffFFSZ5iSSqV00UUXKRqN7vavBQAAANiTEHAMgkQioVgs1qensKVu6Ny+ksrSpUsdqz2cfPLJZR/74IMPOlYckaTFixfrjjvuKPszClfoWLZsmZqamtTQ0NDrcel02tE35KCDDir7O8s1efJkLVq0SLfffrtdmdHU1KRXX31Vr776asljgsGgzjnnHH3rW9/ard4Q1XLGGWfYAYfUGaZMmTKl16qHTCajRx991L6576qcvz9dp3BVukRtd7pOi6qkkqqpqUn333+//vjHP9qvTZ06VQsWLCj6/fD5fLryyivV2tpqT1d57rnn9NZbb2nBggWaPn36kPh/DAAAAAwFBBwlbN261TFtIRQK9Xl5y1Ky2azWr1+vfffdtyrBRGHTUbdJJBL62c9+Zm/PmTNHhx56aNnHx+PxojCi0gax06ZN0wEHHKCPPvpIHR0duvXWW3XLLbf0uDJOLpfTokWL7N4J0Wi0rN4SkydPdjSULNTdzfe4ceO0cOFCvfnmm3ruuee0dOnSomoPqXM6yuzZs/W1r31tQCtgenPggQfq61//up566in7tZ/85Cf6+9//rosvvlijRo0qOmbVqlX62c9+ZvfeaGho0OjRo+3fb6l4ulYpw4cPd2yvWbOm1z4m5VixYoX9cygUKqt6o6OjQy+//LIeeOABR0XKwQcfrJtuuqnbP2/RaFS33nqr7rnnHnuqzubNm3XzzTdrwoQJuvbaawd0SWUAAABgqCLgKKFr6JDL5Xbr84YPH65t27Y5XstkMvrss88qDjlKTUnpy9z/ocA0Tf3yl7+0p4XU1tbqggsuGPBfTygU0tVXX62LL75YhmHorbfe0ne/+12dddZZOvLII9XQ0KBQKKRsNqvm5mZ98MEH+t3vfqeVK1fan3HllVdq7NixvX6X1+tVOByueIw+n0/Tp0/X9OnTlUwmtX79erW1tSmdTisajSoej2vcuHFDtjfDxRdfrA0bNmjZsmX2ay+99JJeffVVfelLX9LkyZNVU1OjlpYWvffee3r33Xft/QKBgL0krxVw1NbWlrVs7v77768xY8Zo8+bNkjqbtf7whz8sWt2lEu+//75+//vf29snnnhir2HLjh07tGDBgqLmqHPmzNFVV13Va5+UUCikyy+/XJMmTdK9996rlpYWSZ0BX+GSwgAAAMDejICjhK43iaWellfCerpbKuRYv3699tlnn7JDjq5j8Xg8rp2e8vjjj+vPf/6zvX3BBRdo9OjRgzKWKVOm6MYbb9Qdd9yhRCKhjRs3OnpSjBgxQk1NTUW//36/X+eff75mz549YGOtra0te6WXoSIUCunmm2/WnXfe6ZiuYhiGXnvtNb322mslj4vH47ruuut0yCGHOPbpujpLd4LBoC644AL94Ac/kCS99957uuKKK3ThhRfq8MMPLysksSQSCb3wwgt68MEH7akv8Xhcp59+eq/HDh8+XF/96lf1yCOPSOqsypg/f75OP/30or463fF4PDrxxBM1c+ZMPfvss3ryySd1zTXXVG3aDQAAAOB2BBwllLrpMQyj7BuRUroLOdLptDZs2KDx48eXFVR0vcF26/z75557zjFVY968eRX13ugPRx99tKZNm6aHHnpIf/jDHxzvlVqW9Mgjj9TFF1+s/fbbb6CG2G+mTJmif//3f5dUXm+LvohGo7ruuuv0r//6r/r1r3+tjRs39rj/Mccc45jCkkgk7Pcq+T2fPXu2NmzYYK9G8sknn+jaa6/VuHHjNH36dE2ZMkXxeFyxWEx1dXUKh8NKJpNqbW1VS0uLtm3bpg8++ECLFy929PSIxWL6/ve/r3HjxpU1jn/7t3/TG2+8oS9/+cs67bTTyg5puorH4zr33HN1xhlnFPUCAQAAAPZmBBwllAoN2traKloloZR4PC6Px1O0nGgqlSo75Egmk45tNz69feGFF/STn/zE3j7ssMN05ZVXDonpFcOHD9c111yjBQsWaPXq1Xr77bf13//93/b78+bN01e+8hUdeOCBGjly5CCOtLoOPPDAAakK8fl8mjdvnmbNmqX33ntPb7/9ttauXatt27YpEolo7NixmjRpkmbMmKHx48c7jl21apX9cyXTMjwej7797W9r0qRJuu+++7Ru3TpJ0saNG/XYY4/16dcxc+ZMLViwoKJeJzU1Nbr77rurFkoSbgAAAABOBBwlhEIheb1e5fN5+7VqBBxS51KiHo/Hsbyo1BlybNy4UePGjes25Ojo6CjqB+Kmm5xsNquHH37YLtOXpH322Uc33HBDjw09B0M0GtVhhx2mffbZxxFwnHDCCfrCF74wKGNqbW3Vp59+2u/f4/V6q9KIsyehUEhHHHGEjjjiiLL27/pr70vT35kzZ+qII47QG2+8oZdfflmvvvpqRdPPGhsbNW/ePM2cOVPTpk3rU68Yt1ZcAQAAAG5AwNGNuro6u5GfJLW3t1dtOVarwWHXkKOjo0PpdLrb0KK1tbXotd6aEw4ViURCCxcu1CuvvGK/NnXqVN18881FK12gtE8//VSXXXZZv39PPB7XM8880+/fU4nChq6S9LnPfa5PnxMKhXT00Ufr6KOPViqV0meffaZNmzapqalJH374oV544QV73/POO0/Dhg3TsGHDtO+++2rMmDH90u9my5YtjuWG58yZo2g0WvXvAQAAAPZ0BBzdiEajjoBDknbt2lW1m/FYLCaPx2Ov7uDxeDRu3Lhuw41cLudYulbqrN7Ynb4gA8E0TS1evFiLFi1yTM056qij9L3vfW+PvZHL5XJDYsrNYDNN01F15PF4+vT7smTJEvvnKVOmVGXZ5nA4rClTpmjKlCmSOqtCCgOOb33rWwNScbFt2zbdeeed9vaXv/zlPfbvBQAAANCfhvbd8SCqra2V3+93lLA3NTWpoaGhajeu1k3Mli1bNH78+B6nm+zYsUOmaTpeq8aUmf5UqmpDks466yydf/75rizXb2lp0caNG9Xe3q6Ojg61t7erra1NiURC27dv19atW7VhwwatXbtWTz31VFVvVMeOHasbb7yxap9X6O9//7v+7//+r+qfu337dp1xxhn29hFHHOHov1KOLVu26Pnnn7e3586d69qlkQEAAAD0HwKOHsTjce3YscPeNk1TO3bssFd1qIZoNKra2toeS98zmUxR9Ybf7x/yT3mtVSks++23ny6//HIddthhgziqTnfeeafWrl0rSXZwlMvllM1mlclklMlklE6n1d7e7jiukoAhmUxW9f/R8OHDNWfOnKp9XqH29vZ+CThGjhyp/fffX6tXr5YkLVu2TGvWrKmoSeijjz5qr17i9/s1Y8aMqo9zT1RfX6/p06dLKr0yFAAAALCnIeDoQTwe165duxzNRpubm1VTU1PVG9eewo18Pl9yOc2+LjE5kLxery6//HJt3rxZhx56qM4666wh0xS1pqZG77zzTtU/d/z48Zo4caLGjx8/5KcPDZQTTzzRMQXjnnvu0a233lrWCkDPPfecnn32WXv7zDPPLHtZ1r3drFmzNGvWrMEeBgAAADBguAPrgdfr1YgRI4qWdd28ebP8fn+/36ybpqmNGzcqm806Xg+FQkN+eoolEonoxz/+8ZCbjjJx4sQe37cqZGpqahSJRFRTU6P6+nrF43G7MsWqvmlsbNSIESM0bNgwhcPhAfoVuMexxx6rJ554QuvXr5ckLV26VD/96U91ySWXqL6+vuQxhmHoySef1C9/+Uv7tXg87pjuAgAAAACFCDh6UV9fr5aWFnV0dDhe37hxo8aPH9+vN7SbN28u+l5JGj16dL99Z38YauGGJB199NH60pe+ZFfPeDweeTweeb1e+f1+GoRWUSwW080336zLLrvM/vP8/PPPa+nSpZo/f74OOOAAjRo1Sn6/X4lEQitXrtQf/vAHffDBB/Zn+P1+3XTTTWpoaOj2e5YtW+ZYgrhSXVcpuuqqq3Zr1ZQFCxZo6tSpfT4eAAAAQGUIOMowZswYrV271jFVJZ/P67PPPtPYsWMdfSaqIZ/Pa8OGDUqlUkXvjRw5sqzSfvQsEAjQl2AATZ48Wddff71uuOEG+7Vdu3bprrvuKuv4a6+9Vl/84hd73Ke9vV3vvvvubo2z0Pvvv79bx5f6+wsAAACg//T98eRexO/3dzvvf9OmTdq5c6cj/Ngd7e3tWrduXcmbI2uKBOBGX/nKV3TbbbdV1KR34sSJ+vnPf665c+f248gAAAAA7Amo4ChTJBLRuHHjSjb83Llzp5qamjRs2DDV19f3qay9o6NDO3bsKDklReos86/m6i3AYJg+fbo+//nP68UXX9Rzzz2nTz75pOR+Bx98sI477jjNnj1btbW1ZX32rFmztHjx4moOd1Bs27atXz7X7/dr+PDh/fLZAAAAwFBAwFGB2trabkOOfD6v7du3a+fOnYrFYqqvr+91Kkk+n1dLS4uam5vtZTBLicViruu7AXSnvr5ep512mk477TRt2bJFW7ZsUWtrqzwejxobG9XY2LhX/3m/7LLL+uVz/+Vf/kV33HFHv3w2AAAAMBQQcFSotrZWEyZM0KZNm4pWN5E6Q4tEIqFEIqFgMKhAICCfzyefzyePx6NcLqd8Pi/DMLqt1ig0cuRIpqUUCIfDmj9/vr1NPxJ3Gz169F4dZgAAAACoHgKOPgiFQpowYYI9NaU7mUxGmUymT98RiURoKFpCLBbTd7/73cEeBlA10WhUJ5xwQr9/z4gRI/r9OwAAAIDB5Fm+fLk52INws2w2q507d6qlpaUqnxcMBjVixIiy+w6g2KpVq7R8+XJJnWHUKaecMqjjWb58uVatWiWpM7g66aSTBnU8paxcuVIrVqyQJPl8Pp1++umDPCIAAAAAqAwBR5Wk02k1NzerpaWlTyuqRKNRxWIxgg0AAAAAAPqAgKMfpFIppVIppdNpGYahbDYrwzCUz+cVCAQUCATk9/sVCAQUDocViUT6tPIKAAAAAADoRA+OfhAOhxUOhwd7GAAAAAAA7DUoGwAAAAAAAK5HwAEAAAAAAFyPgAMAAAAAALgeAQcAAAAAAHA9Ag4AAAAAAOB6BBwAAAAAAMD1CDgAAAAAAIDrEXAAAAAAAADXI+AAAAAAAACuR8ABAAAAAABcj4ADAAAAAAC4HgEHAAAAAABwPQIOAAAAAADgegQcAAAAAADA9Qg4AAAAAACA6xFwAAAAAAAA1yPgAAAAAAAArkfAAQAAAAAAXI+AAwAAAAAAuB4BBwAAAAAAcD0CDgAAAAAA4HoEHAAAAAAAwPUIOAAAAAAAgOvSY1e0AAAWC0lEQVQRcAAAAAAAANcj4AAAAAAAAK5HwAEAAAAAAFyPgAMAAAAAALgeAQcAAAAAAHA9Ag4AAAAAAOB6BBwAAAAAAMD1CDgAAAAAAIDrEXAAAAAAAADXI+AAAAAAAACuR8ABAAAAAABcj4ADAAAAAAC4HgEHAAAAAABwPQIOAAAAAADgegQcAAAAAADA9Qg4AAAAAACA6xFwAAAAAAAA1yPgAAAAAAAArkfAAQAAAAAAXI+AAwAAAAAAuB4BBwAAAAAAcD0CDgAAAAAA4HoEHAAAAAAAwPUIOAAAAAAAgOsRcAAAAAAAANcj4AAAAAAAAK5HwAEAAAAAAFyPgAMAAAAAALgeAQcAAAAAAHA9Ag4AAAAAAOB6BBwAAAAAAMD1CDgAAAAAAIDrEXAAAAAAAADXI+AAAAAAAACuR8ABAAAAAABcj4ADAAAAAAC4HgEHAAAAAABwPQIOAAAAAADgegQcAAAAAADA9Qg4AAAAAACA6xFwAAAAAAAA1yPgAAAAAAAArkfAAQAAAAAAXI+AAwAAAAAAuB4BBwAAAAAAcD0CDgAAAAAA4HoEHAAAAAAAwPUIOAAAAAAAgOsRcAAAAAAAANcj4AAAAAAAAK5HwAEAAAAAAFyPgAMAAAAAALgeAQcAAAAAAHA9Ag4AAAAAAOB6BBwAAAAAAMD1CDgAAAAAAIDrEXAAAAAAAADXI+AAAAAAAACuR8ABAAAAAABcj4ADAAAAAAC4HgEHAAAAAABwPQIOAAAAAADgegQcAAAAAADA9Qg4AAAAAACA6xFwAAAAAAAA1yPgAAAAAAAArkfAAQAAAAAAXI+AAwAAAAAAuB4BBwAAAAAAcD0CDgAAAAAA4HoEHAAAAAAAwPUIOAAAAAAAgOsRcAAAAAAAANcj4AAAAAAAAK5HwAEAAAAAAFyPgAMAAAAAALgeAQcAAAAAAHA9Ag4AAAAAAOB6BBwAAAAAAMD1CDgAAAAAAIDrEXAAAAAAAADXI+AAAAAAAACuR8ABAAAAAABcj4ADAAAAAAC4HgEHAAAAAABwPQIOAAAAAADgegQcAAAAAADA9Qg4AAAAAACA6xFwAAAAAAAA1yPgAAAAAAAArkfAAQAAAAAAXI+AAwAAAAAAuB4BBwAAAAAAcD0CDgAAAAAA4HoEHAAAAAAAwPUIOAAAAAAAgOsRcAAAAAAAANcj4AAAAAAAAK5HwAEAAAAAAFyPgAMAAAAAALgeAQcAAAAAAHA9Ag4AAAAAAOB6BBwAAAAAAMD1CDgAAAAAAIDrEXAAAAAAAADXI+AAAAAAAACuR8ABAAAAAABcj4ADAAAAAAC4HgEHAAAAAABwPQIOAAAAAADgegQcAAAAAADA9Qg4AAAAAACA6xFwAAAAAAAA1yPgAAAAAAAArkfAAQAAAAAAXI+AAwAAAAAAuB4BBwAAAAAAcD0CDgAAAAAA4HoEHAAAAAAAwPUIOAAAAAAAgOsRcAAAAAAAANcj4AAAAAAAAK5HwAEAAAAAAFyPgAMAAAAAALgeAQcAAAAAAHA9Ag4AAAAAAOB6BBwAAAAAAMD1CDgAAAAAAIDrEXAAAAAAAADXI+AAAAAAAACuR8ABAAAAAABcj4ADAAAAAAC4HgEHAAAAAABwPQIOAAAAAADgegQcAAAAAADA9Qg4AAAAAACA6/kHewAAAMD98vm88vm8TNN0/Ff4filer7foZ4/HI4/HI6/X63gfAIY6wzBkGIakzvOez+eT3++Xz+cb5JEBewcCDmAAGYZhX+R7PB75/X55PJ4+fVY2m3XcPAQCgT59lmmaymaz9rbX65Xfz6kBQO8Mw1Aul5Npmt0GGL0pPK7UZ1ghB+cmAENdOp1WLpdzvJbL5ZTL5eT3+xUMBgdpZMDegysFYADkcjlls9mii/dsNqtgMFjRRbthGEXhhvUdwWCwoicE2WzWEW4UfkcoFOpz+AJgz2Waph1s9DXUqIRVGSJ1npusp6GcnwAMFaZpKp1O93hOtM5fVHIA/YuAA+hn+Xxe6XS62/czmYwklRVyGIZh79+V9Y9rOBwuq6S7u3DDGnMqlVI4HOYmAoAtm83KMIyigFWSQqGQgsGgvF6vfD6fTNOUx+Mp+2K+cFpLPp+3w9zC86cVdhiGoUAgQEUHgEFXKtyoq6tTOByWaZpqa2uzz2PZbJaAA+hnXBkA/azr9I/a2lp5PB51dHTY7xmGUXbAYQkEAnYA0d7ebr+XzWYVCoUq+qxgMKiamhrlcjklk0l7Hr11EwFg79bd08lQKKRIJFKV84TVd0OSfD6fAoGAIpGIpM7zWkdHh32TYJqmMpkM1WYABlWpCt36+np7KorH41EsFtP27dsldd+LCED1EHAA/axwLmZDQ4NdXREMBpVIJOy+HPl8vsfKi8I57l6vV/X19fZFfTAY1M6dO2Wapj0fvqcLfmsfqbNypL6+XpLsJ6JNTU2SRMABoGS44ff7VVdXN2Dnh0AgoEAgoGw2q9bWVvu8alXIEXIAGGhdq2p9Pp/q6+tLVmh4vV7CDWCA0Joc6EeFZdx+v98RYHg8HsfNQW//8HX9rMKLeathaV8+q+sNSuE4u66CAGDvYpqmUqmU45xSW1urhoaGQQk/A4GAGhoaVFtba79mhRycqwAMlEwm4wg3rIdFpcKNTCbjeEAFoH9RwQEMor7+Q1fqOJ/PZ095qeRJZql9eRIKwKrcKAwOCkuvyzm+0ieWXq+31/OPx+NRTU2NfD6fWlpaJFHJAWDgWNPjLIFAwFFVWyiXy6m1tdXepv8G0P8IOAAAQJGu01Li8XiPVRtW4+JcLud4Ylkpr9drrwjV07KKoVBI8XhciURCUmfIkclkyupBBAB90XUZ2FAopGg0WjLcSKVSjnDD6/Uy7RcYAAQcAADAoVTTvO4uzNvb25VKpRwX/bvDWsXJ4vP5FA6HVVNTU7RvIBBQLBazKzlyuVzZTZsBoFylehHV1taWPC9JUkdHh9ra2uxtr9dL+AoMEK4AAACAzVpByVJXV1eyisIwDLW2tjr2LWRNNyl3ykjhErGFrNWd0um06uvri6bohUIh1dTUqL29XdI/l2FkqgqAauja58fj8SgajZYMLEzTVGtrq2N5ayvc4JwEDAwCDgAAYDMMw7HKkrVUa6F0Om1XTVi8Xq98Pp98Pt9uN9LL5/PK5XLK5XJ24GEYhnbu3FlyqkxNTY1dOs4S1wCqxZpyVxhuxGKxkqGvaZpqbm62+6FJ/1wBCsDAoZUvAACQVFy9EY1Gi/bJ5/NF4UYwGFQ4HFYgEKjKKgHWXPVwOFx0I9HS0lI0HcZ6omrprqoEAMplLQNrhRs+n08NDQ0lw41cLqempibCDWAIIOAAAACSZFdASJ1TP0r1smhubrZ/9nq9ikQi/drzwqoisYKTUgGL5LyZ6BrUAEAlrGVgC6vZ4vF4yVVQcrmcEomEHbx6PB4Fg0HCDWCQEHAAAABJKlodoKuOjg47OPB4PAM2r7zrdxmG4WhEaimcTtPXVVwA7N1KLQPb0NBQsjotnU5r165d9vnG6rdBo2Ng8BBwAAAASb0HHIWN8wKBwIA2zfN4PI4nolZT0UKFpeNUcACohGmaSqVSjnNHOBxWfX19yf3b29sd1WRWuFGNaXoA+o6/gQAAoNdwI5PJ2PPLvV7voDyh9Pv99s2D1fyvUNcQhCoOAOXobhnYaDRaFORa0+SSyaT9GiulAEMHAQcAALDnmksqGV4UPtUczPLrwu8uVaVRWMVBwAGgN/l8XqlUynG+iMViqqmpKdrXWimlazVbOBwm3ACGCCaIAQAAx8V9qUZ6hdUSpd4fKIXl35lMpugmpHBshaENAHRlGIay2ax9rvB6vT02E21ubnZUu7FSCjD0EHAAAACHUhUahcsfDuaTysKAo1QFR+HYCDgAdCebzcowDMcysPF4vGQPjUwmo9bWVjsItqbD0UwUGHr4WwkAABwVHKXmnFuGQgM9r9erfD4v0zSVy+UcT1sLx8cUFQCllFopJRaLdbtSStdmosFgcEicCwEUI+AAAAAOXS/cCyshhvo8c246AHTHNE27csMSCoVKNhOVOldKoZko4C4EHAAAoMfpHIVzzoeCnm4uuPEAUEqplVIikYjq6uqK9s3n80omk0qlUvZrhBuAOxBwAACAHhVe0A+1i/t8Pk9jUQA9KhVuRKNRhcPhkvs2NzcXTWGhmSjgDgQcAACgx2BgqIUaPTUSpQcHgK6y2ax9PvB6vaqvr+92OeyWlhZWSgFcjIADAAD0iKoIAG7WtXKju5WiWlpaHPuGQqFBXRYbQOUIOAAAAADssQpDi1LhhmmaSiQSjteCwSDhBuBCtBoHAAAAsMcqnLpWqiLN4/EoHo879uu6lCwAdyDgAAAAALDHKgwumpubS64MFQgEFI/HHRUemUxG2Wx2QMYIoDoIOAAAAADssQqbhOZyOTU1NZWszvD5fKqvr3fsn81mlclkBmScAHYfAQcAABhyK6WUq+u4C8vP3fprAlBdHo9HoVDIruSwloJNp9NF+3q9XsXjcccSsoZhKJ1O03AZcAECDgAA4NDTRfxQu8DvKcQg4ABg8fl8jpAjn8+rpaVFHR0dJfePRqOKRCL2di6XI+QAXICAAwAA9BgGFM5fHwrcFMAAGDq6VnJIUltbm9ra2kqeO+rq6hSNRu3tfD5PyAEMcUPrigUAAAy6rhfvheHHULiwLxxD12Uch8L4AAxdVshReO7o6OhQS0tLyfNHOBxWLBZzVH6kUqmSjUoBDD4CDgAA0GOIUfi0M5/PD9iYumONwePxFFWeFI5vqFWeABgarJCj64opzc3NJc9xoVBI9fX19vnGNE2WkQWGKP7lBwAAjqCg1EV74aoCg1klUfjUtGv1huQMOOjBAaAnwWBQwWDQPldks1klEomS1Rl+v1+NjY12KGKFHKywAgwtBBwAAMBR7VDq4r7rMouDpTDACAaDRe8Xjo2AA0Bv/H6/AoGAfb7I5XJKJBIlgwtrhZXC86FhGIQcwBBCwAEAAHqt4AiFQj2+P1AKA4zCMVkKbzSYogKgHH6/X6FQyD4P5vP5bpeR9Xg8qq+vLzonltoXwMDjX34AAOCY7pFOp4vmofv9fnuffD4/KCGHYRj2uPx+v2P+vDWubDYrqTPcIOAAUC6v16twOOw4b3S3jKzH41EsFlNNTY39Wi6XUyqVotExMMj4lx8AAEhyhhylAoxIJOJ4fyAv5E3TdIypcCwWK9yQqN4AULnulpFtbW0teb6rra1VLBZzVH6kUqkh0YwZ2Fvxrz8wRDBXHMBgKww42tvbi96PRCL23PN8Pq90Oj0gIYdpmo6qkkAgoHA4XLRf4ZgJOAD0hcfjUTgcdlSIpVIpNTc3lzzfhUIhR8hhna9YYQUYHPzrDwwRlDQCGGx+v98OBrLZbMnGefX19fY+VsjRnxfy1tz2wqkpsVis5H7WODweT9H0FQCoRDAYdDQTtVZYKVWdEQwG1dDQYIfEpmkqm80ScgCDgIADAADYeqvisBrsFfbjyGQySqVSymazVSnNtnpppFIpZTIZ+zN9Pp+i0WhRdYZpmmpra7O3CTcAVEMgEHAsI2sYRrfLyPp8PsXjcZaRBQYZVwAAAMDm9/vt/hrZbFbt7e2ORnrWPrFYTG1tbXbfi3w+X9Tk0+PxlD39zjRNmabZbUDi9/sd1SOFrHBFonoDQHX5/X55PB5lMhmZpqlcLqempibFYrGipaq9Xq8aGhrU3NxsBxvW+bQwKAHQf7gCAAAANo/Ho0AgYF+cJ5NJBQIBR6m29M/AoaOjQ6lUquiJZrWa7Pl8PoXD4aKQxZLJZBzVG4FAgJsIAFVlnYes6XKmaaq5uVnRaLRkP6BYLKZkMmmvwJLL5ZROpx1L0QLoHwQcAADAwarisEKK1tZWx7QUi8fjUU1NjWpqauxS7Gosk+j1ehUMBhUOh4uClUK5XM4Rbni9Xqo3APQLa4WVwp5Ara2tyufzRQGsx+NRXV2dvF6vksmkpH/2LCLkAPoXVwEAAKBI4YV8LpdTc3NzyZDDEgwGFQwGVVdXZ09X6ctFvDW1pTeZTMa+ubCOC4VCFX8fAJTLWmElnU7bVWvJZFKGYSgajRadu2pqauTz+dTW1mafF3O5HEEs0I/42wUMkFJPNCsp4S48vlRzq1Kv9XVcPFkA0PVpZS6X065du1RbW9vtdBGL1+vtt2VaTdNUKpUqqtzgqSiAgRIKhZTJZOxVUqwlswuXiy3c1zRNtba2ShIBB9DPWEUF6Ecej8e+yM/lco4QwmrgZ+ntZqDwfespQOFnFX52bxf5hZ9VOAbrswuXWuSGAdh7WSFH4TkjmUyqqalpUFYGSKfTampqItwAMOi6LiObyWTU1NRU8oFTYZ+O3Z3CB6BnxIdAP/N6vXYY0dzcbJcrtre3O4KE3gIOa2UAwzCUy+XU0tKiSCQiqfOGo7BMu5yAwxqXYRj2uPL5vP2EQVK3pegA9h6l5p1b5w2/369wOKxwONxvAYPVnK9UI1Ofz8fKBAAGjdXU2Ap8rel8sVjMUaXR1ypbAJXzLF++nBgR6EdWOXVPiX0wGCyrXNG60O9JKBQqK5gwDKPXJ7CRSIQbBwA2wzCUzWZLns/8fr/8fr98Pp8dtBZOVenuvFTYr8OqRrPC11wuV1RlJv1zpRfKvAEMBfl8XplMxlFdG4vFFAqFlMvllEwm7eu3UqtSAagergyAfmY9/ez6D5/1XiUX6T6fz/6srjcY1meVW3VhfWepkMNawYBwA0AhK8CwwofCc5phGHZVWn/xer3y+Xzy+/2cnwAMGdZUucJKt5aWlpL7EswC/Yu/YcAA8Hq9CofDjief1pSTSi/SrbXYDcNwfFZfngYU3qxYn8UyiwB6Yp1vAoGAHXSYpllR0+RKWNUgVrABAENRqel8XfHwCOh/XCkAA6haJYl9DTT6+7MA7F2saSnSP6eamKbp+M/S3QV/Yf8hq7Gx9V9/rsYCANVmLSNrVbRZ50H6BQEDh4ADAADsNsIIAOhUGP4CGFhciQAAAAAAANcj4AAAAAAAAK5HwAEAAAAAAFyPgAMAAAAAALgeAQcAAAAAAHA9Ag4AAAAAAOB6BBwAAAAAAMD1CDgAAAAAAIDrEXAAAAAAAADXI+AAAAAAAACuR8ABAAAAAABcj4ADAAAAAAC4HgEHAAAAAABwPQIOAAAAAADgegQcAAAAAADA9Qg4AAAAAACA6xFwAAAAAAAA1yPgAAAAAAAArkfAAQAAAAAAXI+AAwAAAAAAuB4BBwAAAAAAcD0CDgAAAAAA4HoEHAAAAAAAwPUIOAAAAAAAgOsRcAAAAAAAANcj4AAAAAAAAK5HwAEAAAAAAFyPgAMAAAAAALgeAQcAAAAAAHA9Ag4AAAAAAOB6BBwAAAAAAMD1CDgAAAAAAIDrEXAAAAAAAADXI+AAAAAAAACuR8ABAAAAAABcj4ADAAAAAAC4HgEHAAAAAABwPQIOAAAAAADgegQcAAAAAADA9Qg4AAAAAACA6xFwAAAAAAAA1yPgAAAAAAAArvf/AXyxj5paTsXRAAAAAElFTkSuQmCC"} | headers=HTTPHeaderDict({'X-Powered-By': 'Express', 'Content-Type': 'application/json; charset=utf-8', 'Content-Length': '762816', 'ETag': 'W/"ba3c0-f0uvSolDEf04Ni8qltqvHlu/aCg"', 'Date': 'Sun, 19 Oct 2025 14:09:27 GMT', 'Connection': 'keep-alive', 'Keep-Alive': 'timeout=600'})
2025-10-19 23:09:27 [   DEBUG] [remote_connection.py:356] Finished Request
2025-10-19 23:09:30 [   DEBUG] [remote_connection.py:313] POST http://127.0.0.1:4724/session/01204353-4b2d-4aba-b7e4-d809d794c9f3/element {"using": "xpath", "value": "//*[contains(@text, '\ubd84 \ud6c4 \ud0d1\uc2b9')]"}
2025-10-19 23:09:31 [   DEBUG] [connectionpool.py:544] http://127.0.0.1:4724 "POST /session/01204353-4b2d-4aba-b7e4-d809d794c9f3/element HTTP/1.1" 200 0
2025-10-19 23:09:31 [   DEBUG] [remote_connection.py:329] Remote response: status=200 | data={"value":{"element-6066-11e4-a52e-4f735466cecf":"00000000-0000-0489-0000-09dc0000003c","ELEMENT":"00000000-0000-0489-0000-09dc0000003c"}} | headers=HTTPHeaderDict({'X-Powered-By': 'Express', 'Vary': 'X-HTTP-Method-Override', 'Content-Type': 'application/json; charset=utf-8', 'Content-Length': '137', 'ETag': 'W/"89-tzgC//M0/oTF8pDGDjcMPJ1oX8s"', 'Date': 'Sun, 19 Oct 2025 14:09:31 GMT', 'Connection': 'keep-alive', 'Keep-Alive': 'timeout=600'})
2025-10-19 23:09:31 [   DEBUG] [remote_connection.py:356] Finished Request
2025-10-19 23:09:31 [   DEBUG] [remote_connection.py:313] POST http://127.0.0.1:4724/session/01204353-4b2d-4aba-b7e4-d809d794c9f3/elements {"using": "xpath", "value": "//*[contains(@text, '\ubd84 \ud6c4 \ud0d1\uc2b9')]"}
2025-10-19 23:09:31 [   DEBUG] [connectionpool.py:544] http://127.0.0.1:4724 "POST /session/01204353-4b2d-4aba-b7e4-d809d794c9f3/elements HTTP/1.1" 200 0
2025-10-19 23:09:31 [   DEBUG] [remote_connection.py:329] Remote response: status=200 | data={"value":[{"element-6066-11e4-a52e-4f735466cecf":"00000000-0000-0489-0000-09dc0000003c","ELEMENT":"00000000-0000-0489-0000-09dc0000003c"}]} | headers=HTTPHeaderDict({'X-Powered-By': 'Express', 'Vary': 'X-HTTP-Method-Override', 'Content-Type': 'application/json; charset=utf-8', 'Content-Length': '139', 'ETag': 'W/"8b-OJNsrJZmeOK/ZwiOqAwkOjWNlTA"', 'Date': 'Sun, 19 Oct 2025 14:09:31 GMT', 'Connection': 'keep-alive', 'Keep-Alive': 'timeout=600'})
2025-10-19 23:09:31 [   DEBUG] [remote_connection.py:356] Finished Request
2025-10-19 23:09:31 [   DEBUG] [remote_connection.py:313] POST http://127.0.0.1:4724/session/01204353-4b2d-4aba-b7e4-d809d794c9f3/element {"using": "xpath", "value": "//*[contains(@text, '\ubd84 \ud6c4 \ud0d1\uc2b9')]"}
2025-10-19 23:09:31 [   DEBUG] [connectionpool.py:544] http://127.0.0.1:4724 "POST /session/01204353-4b2d-4aba-b7e4-d809d794c9f3/element HTTP/1.1" 200 0
2025-10-19 23:09:31 [   DEBUG] [remote_connection.py:329] Remote response: status=200 | data={"value":{"element-6066-11e4-a52e-4f735466cecf":"00000000-0000-0489-0000-09dc0000003c","ELEMENT":"00000000-0000-0489-0000-09dc0000003c"}} | headers=HTTPHeaderDict({'X-Powered-By': 'Express', 'Vary': 'X-HTTP-Method-Override', 'Content-Type': 'application/json; charset=utf-8', 'Content-Length': '137', 'ETag': 'W/"89-tzgC//M0/oTF8pDGDjcMPJ1oX8s"', 'Date': 'Sun, 19 Oct 2025 14:09:31 GMT', 'Connection': 'keep-alive', 'Keep-Alive': 'timeout=600'})
2025-10-19 23:09:31 [   DEBUG] [remote_connection.py:356] Finished Request
2025-10-19 23:09:31 [   DEBUG] [remote_connection.py:313] POST http://127.0.0.1:4724/session/01204353-4b2d-4aba-b7e4-d809d794c9f3/element {"using": "xpath", "value": "//*[contains(@text, '\ubaa9\uc801\uc9c0 \ub3c4\ucc29 \uc608\uc815')]"}
2025-10-19 23:09:31 [   DEBUG] [connectionpool.py:544] http://127.0.0.1:4724 "POST /session/01204353-4b2d-4aba-b7e4-d809d794c9f3/element HTTP/1.1" 200 0
2025-10-19 23:09:31 [   DEBUG] [remote_connection.py:329] Remote response: status=200 | data={"value":{"element-6066-11e4-a52e-4f735466cecf":"00000000-0000-0489-0000-09dd0000003c","ELEMENT":"00000000-0000-0489-0000-09dd0000003c"}} | headers=HTTPHeaderDict({'X-Powered-By': 'Express', 'Vary': 'X-HTTP-Method-Override', 'Content-Type': 'application/json; charset=utf-8', 'Content-Length': '137', 'ETag': 'W/"89-ZjxJVMyjdMX1LP5k3NuLUoDBWLQ"', 'Date': 'Sun, 19 Oct 2025 14:09:31 GMT', 'Connection': 'keep-alive', 'Keep-Alive': 'timeout=600'})
2025-10-19 23:09:31 [   DEBUG] [remote_connection.py:356] Finished Request
2025-10-19 23:09:31 [   DEBUG] [remote_connection.py:313] GET http://127.0.0.1:4724/session/01204353-4b2d-4aba-b7e4-d809d794c9f3/element/00000000-0000-0489-0000-09dc0000003c/text {}
2025-10-19 23:09:31 [   DEBUG] [connectionpool.py:544] http://127.0.0.1:4724 "GET /session/01204353-4b2d-4aba-b7e4-d809d794c9f3/element/00000000-0000-0489-0000-09dc0000003c/text HTTP/1.1" 200 0
2025-10-19 23:09:31 [   DEBUG] [remote_connection.py:329] Remote response: status=200 | data={"value":"13분 후 탑승"} | headers=HTTPHeaderDict({'X-Powered-By': 'Express', 'Content-Type': 'application/json; charset=utf-8', 'Content-Length': '28', 'ETag': 'W/"1c-zafQ/8D5U4YtukHrjwHNtiVXHpI"', 'Date': 'Sun, 19 Oct 2025 14:09:31 GMT', 'Connection': 'keep-alive', 'Keep-Alive': 'timeout=600'})
2025-10-19 23:09:31 [   DEBUG] [remote_connection.py:356] Finished Request
2025-10-19 23:09:31 [   DEBUG] [remote_connection.py:313] GET http://127.0.0.1:4724/session/01204353-4b2d-4aba-b7e4-d809d794c9f3/element/00000000-0000-0489-0000-09dd0000003c/text {}
2025-10-19 23:09:31 [   DEBUG] [connectionpool.py:544] http://127.0.0.1:4724 "GET /session/01204353-4b2d-4aba-b7e4-d809d794c9f3/element/00000000-0000-0489-0000-09dd0000003c/text HTTP/1.1" 200 0
2025-10-19 23:09:31 [   DEBUG] [remote_connection.py:329] Remote response: status=200 | data={"value":"오후 11:37~11:48 목적지 도착 예정"} | headers=HTTPHeaderDict({'X-Powered-By': 'Express', 'Content-Type': 'application/json; charset=utf-8', 'Content-Length': '54', 'ETag': 'W/"36-JCgIYg41WMAUgp5yZwIPWHOZd9Y"', 'Date': 'Sun, 19 Oct 2025 14:09:31 GMT', 'Connection': 'keep-alive', 'Keep-Alive': 'timeout=600'})
2025-10-19 23:09:31 [   DEBUG] [remote_connection.py:356] Finished Request
2025-10-19 23:09:31 [   DEBUG] [remote_connection.py:313] GET http://127.0.0.1:4724/session/01204353-4b2d-4aba-b7e4-d809d794c9f3/screenshot {}
2025-10-19 23:09:31 [   DEBUG] [connectionpool.py:544] http://127.0.0.1:4724 "GET /session/01204353-4b2d-4aba-b7e4-d809d794c9f3/screenshot HTTP/1.1" 200 0
2025-10-19 23:09:31 [   DEBUG] [remote_connection.py:329] Remote response: status=200 | data={"value":"iVBORw0KGgoAAAANSUhEUgAABDgAAAkkCAYAAAD508+vAAABK2lDQ1BTa2lhAAAokX2QP0vDQBjGf5aCf6iD6OiQsYtSFbqoSxWLTlIjWJ3SNEmFtoYkpQhufgE/hODsKEJnBwVBcBQ/gji4xicJki71Pd673z33cHfvC4UZFMUK9PpR0KjXjJPmqTH9yZRGGpYd+kwOuX7eM+/byj++STHbdkJb65eyHehxXWmKl7yMOwm3Mr5KeBj5kfgm4cBs7IhvxWVvjFtjbPtB4n8Wb/W6Azv/NyWnf3ykdU+5zC7nhPh0sbjE4JANzXXtegyIxEM5IjqikIZOaiKTQI6+FBdHTNK/7InrD9gexXH8mGsHI7ivwtxDrpU3YaEETy+5lvfUtwIrlYrKguvC9x3MN2HxVfec/TVyQm1GWludCw1PtTlS9vVfm1XROhXWqP4CIJRN+z20bgYAAAAEc0JJVAgICAh8CGSIAAAgAElEQVR4nOy9WYxcV5rn9zt3vzf2Jfc9SYqiREmkthalquqlurpKvRhjY8aDeWjMg4Hxk/1gwPYAA/jZC+AHPw9gw9MwpmaMqnZ1dy2t7q6lS6MqlapUqpJIUdwymSRzz4z9RsTd/BAZmZHJXCIik0lKPD8gQGbEOeeeG3Hjxj3/+33/T/i+H0VRRBiGhGFIGyEEiqIghEAIwT/++MfcvXNn+/Wp2Vm+9JWvEEURURTRK+0+7e14zSY/+O53KRYK221euHSJFy9doj2/fre1H175BuWb36W5UWbgpZehERDW3RMZey+V5QcUF++h5ceJXX4bYcUPbPvendwjmYNEIpFIJJJHw5WZNUCc8KhR72OGIcrmJ1BbQLdi2MlBNMPua+uN6ia1whKKomNk30BPnu9rHMnj53vX6we+9vZ56xRnIjlN6is/pFm+iZMaxErke+pbKy5TL69jpC5i5a88kvkFQcC1a9cQQvDSSy+haVrPY6yurnL9+nWGhoaYmJjout/Kz/4vvPXbDD57sedtAjTdGqvXP2bwyr/EGX2hrzGOw97vtPwe70Y5qYE6RZJOMWK/B7AtnAhx0hcE3aEnzpF69p9hjY2w8tEH+GETLXGw8HAc4kOjZKfPEKzfp/LTb+Kv3z+wbesiSSKRSCQSyeeF9+7kH9ENimjr0SWKQph7AXKX8JoepZU7NKobfW3ZjGVIDM6iaAbu6k+or/yIKGz2NZbk8fL2eevABdBh4ofk8401+PsYifPUiiu4pdWe+jqpIexknmbxY+qr7z6S+amqyvT0NK7rcvPmzb7GGBgYYGxsjOXlZdbX17vup6gmUceN/V5RFBWAKPD6HqNfjiNutNfeqtqav6IoaJqGruvouo6maaiquh2AoCgtqeCkAgxOixMTODrfiM7Ij/bjoNfaBMc4yPpFtUdJnvmnJJ+5yMaNT3CLm+jp5CPZlp3OkT/3HCJoUvlP/4HGwifsf9EiuDLT/RdUIpFIJBLJk8F7d3JbQsdJXAyKjkdvhM4o4dCXwB6murlEZX2BsI8LcU03SQxM4qQGaZZvULv3LbzKXM/jSJ4MpMjx9GENfgUj+RxuaRW3tNJTXzs5iJ0coFm6Sn3lJ49kfvF4nMnJSdbW1rh3715fY8zMzJBOp5mfn6dWq3XVR2gmHEvgaJ2XQ7/R9xini4Ct9bimadv/qqr60ENRlIefU1VOPkrx0dG/wLFPJEa3okanuNH+N/D94+9NHyh6Cmfsz8g8f4Xy8l1KD+5h5LMI5eQ/RMOJMfDMBcxECvfXf0v9s58d2FaKHBKJRCKRfD55705v4eDd0WM0h2YS5i8TpZ+n6ZYpLd+mUSsc3W8frESe5OA0Qvi4y+9QX32vr3EkEsnpYw28hZ58Hre0Rq241FNfOzmwJXBep77yw0cyv8HBQXK5HHNzc2xubvY1xtmzZ1FVlfn5+a7aK5pBGPa/9hTtCI5TFjh6id7oXI8bho6h6wA0AxfXL1MPKpSbZQruBpu1ZTZryxTcDcqNEm5QwfXLNIIaERG6pmEY+q41/ZNM78lOW9RqNaqVCk4s9tBORlFEFIb4YUgYBDSbTTzPw/M86q5LpVKhXm99QJdfeQVFUQiC4Hh7cgyEomMNfQ0Uh/Lt91j/7FPyz13EW98k9Pa/4+H7EY3iEm5xg3I/EZtWjOb8bynN//bAJmf6GLZN0xpnJfk69fgZhNL3xyyRSCQSiaQP2ikrO6mnx70g7OzfjT9H6/UoMQVWhrBwlerGA/xGDSc90vMFqmY4JAdncEvLuKWPCRpL2Pk3UayhnsaRPF7ePm/tG7Hxvet1mcf/BcYeeBMhVOrF3xBFEbH0SNd9rUQehKBWuEkUhdhDXz3x+XWmqly6dAl9azHe9Rwti7Nnz3Lt2jXm5+eZmpo6tL2imbu8J3tFqK0YgdA/vbS9bsWN9rm9HY0BrVQU13VZW1/nQf0TasE6YQgbVUHdL+JHrd8pTWQwlCzZeISmgqUkGbGeI58dIh6LoWkaQgiCIMB/TMEJ3dD3yndzY4NPPv4YXde3D5AgCGjU69uCRuD7BEGw/YiiqPXcVntVUZieniY3MPBEvEnWwFsoWozK/I9Z+ehXDLx4Gb9UJnR3H1CN8iary8s0fP3kcnxOGK2+xnj9W9SKo2wMfJ2GNfy4pySRSCQSyVNHO5rjZCMzBb2YkEZ6kmjgDZTiDRqlGy2RIzOMbvbuPWYnh1ANG7ewQuX+d7Cyr2JkLvc8juTxIUWOpxMr/zsoikp980OIImKZ0e77xnMIoVDdvI0gbN0YPkGEEExPT3P16lVu3LjBc8891/MYuVyOiYkJFhYWcByHgYGBg7enmwBEQYDY8qPoccYoikLoPTnpXXszJaIopOxuslS+Q7FeoFIvU61WKXpLeGGNKIJaE7ywThhVW2NQQlfWKDdDVEWgKSYr2iqxcpyEnSBhpRhNnSVhZrdNYU+6EMhJ0LfA4XseNz79dDtYsp/7EkEYtiI5nqA3xchcIqHFqC68w/KHvyD33AuoqkpQaX3wzcomSw8eEEag8PiiTo5CofWFcxoPMO7/FQsT/yWhkXrMs5JIJBKJ5Onk0UV0dH8lFqbOgZmBwjXKq3exk3ns5GDPWzasJPpgnGpxifrGBwT1RczcmyhGuuexJBLJ6WFkXwWhUt/4gCiKiGfHuu5rxjIgBNWNOaLw+1jDX0OIfsSB/XEch+npaebm5rh79y6Tk5M9jzE1NUW1WmV+fh7HcYjFYvu2891SSwhQ+p+/EApEp+Mh2U30RtsWIhJQa1apupuslOa5uf5LVirL1JrVI7cT4dIMXZodm1vhARTA1GwG4gM0vQbDqbPYRgLHcFBVdVeRkSeBrgUO5ZBQxl5/ohVVxbIsEskkqXQanrBcHj1xjsSMg+v8kLVPfk1m9jxGOkVjs8D9ew862o0z89I4Zqp7BfS0qCx+xsK12/huDS1aI1n8JYWBP3jc05JIJBKJ5KnmvTv5E66Y1o7m6BIrTzj8JcTGVdzSPH6jhp0eQtN7KycrFIV4ZpSm6VDdXMS/9y2s/BX05IXepi95LMgojqcXI3MZIVTc9Z9TISKeHe+6r+mkEUJQWV8gWvwe9vDXEUpv6SSHkc/nqdVq3L17l1gsRi7Xe3Wqs2fP8tFHHzE/P8+FCxf2XWM2N+bR7XjfOnMUhgSBj+acvqjb+f1sCwqqqm6njxTdIlcfXGV+8yM2qnN4QYPwBISYZlBnqfSA9er3STujjKUucXHsebJOFkVRWtkbYdiyxn7M6/quBQ5VVUllMjTqdaIo2gl/oXVsKIqC2FKONE3bdmZtl50xTBPLsojFYsTicRzHwbSsXWVqniRUewxn9E8R2j9QmLtOfHgKw9h5u+zkKGe//PpjnOHhxEeeYdLKsfCr9/HqLsnaTUrBW4Sq+binJpFIJBLJU83Jp630lrICgij7HMLO4heuUVq+g5Mewor3vpgwnDSa4VArLuOu/nQ7mkOocpH8pCNFjqcXPf0ikVCor71HJVognpvouq9hp4jnoLJ+H3fx+zgjfwTKya0vJicnqVar3Lx5k1gshmX1diwahsHZs2f55JNPmJubY2ZmZneDKKKxPk98oH//IL/Z8t5QT0HgOKzKkRAKitIq+xpFEbdX7nBr7TOWKp9Rcpdo+PtHbdRrAbWiRyJroJsKYRBSWm9iWCpOsiVYVYsefjMkkdVRVIUoivAjHz/0CSr3aXoetWaRmewzPDN8bntN34rkgMepcWjtnJn9QkraQgbAK6+9hud5+3pltB1aRbvkzNb/e3FZNc0nb+GtGGmckT/d8uX4LaVwR4TJzXavdj4u7FQaK5nCq7vo/gaCJvDkvc8SiUQikTyN7KStnJTQ0VvicGgPg5FF2bxKrbCIV6/ipIdRNaOnrSqaQTw3Qb2yTq1wC7+2iJm/gh6f7XH+EonktDBSFwGV+tpPKa/dJZGfoNtzh2GniOcFlbV7VB98F3v46yiac2Jzm56e5tq1a9y8eZOLFy/23D+TyWynuziOw9DQjphRX79DFIUYsUTf8/NqZQCM5KON4j8oNaW9bNe0VnBBw3NZqy7y6fJvuLnyKQErROxEbTTrLVsFw9qq/hKENBsBYRhtj+c3I1RtRw8I/Ai/2Rqj2QiIQjDtVv9mUGO9NkexVsVtVrH0iFxsGNuIt6I5HrO3ptKNKUgUReiGgROLkUylHnokksntqAzDMFC3QmTaffd77M3VaRuVPGkI1cAe/jqJ2TfwO2rIHyNl69RQFBXRjoyJIsQTkhclkUgkEolkh/fu5LbFjv4RHY8e2qsmYf4SUeYifqN6vHKy8RzJwWkUNcJd/nsaa+/RU/qM5NQ5KFLjsLvGki8ORuoC9uDv4tUrlFbvEoXd+wsaVpJEfoKgsU596fuEXvnE5mXbNlNTUxQKBebm5voaY3x8nHw+z8LCAuXyztwa663xjFjvJsttmpUKmplAT/TuYXQSCMF25Eaj0WBx/R7/cP0/cmPtXXyWd4kbAKW1JoXVnZK2VlxncMLG3BI8VE0hN2oRz+yI24msQXbEQlEVyutNCit1onD3+dxnjfnNn/ODa3/BwsptGo0GiqKgPubMDKUdfdGua9umU4joFCS6fRwkaOz3+ucBa+BLmOmZoxtKJBKJRCKR9MHxRY5OIroXFwRRfIJw6CtEZpbqxgMqG/eJ+sjbbpeTtZN5GsWPqd37NoH74OiOkseGFDmebvTEM9hDf4DfqLa8NcLu777rVoLEwARBcxN36XsEzf7E0f3I5XIMDQ1x7949VldX+xrj3Llz2LbN3NwcQdASbxobc+imjXKMm+vNagUjf3gp2uNyUPSGEGLbcyOKIu4WrvHLB+9Qqm8QhB77nffjGZ1EZscrRQhQVAUERIWA8LYH3lZaSVOg3DdQyhpCaWkDsZROMmvsk5kREUY+Na/Mr1d+zM31j4iiaFeJ2seBsrekzGEix1GPbgWPJ7GcTDeoTndhSO3awL08DqNYLHNvYZF7C4usLq8RBKfj2CuRSCQSieR0aYkcJ3F91BnN0c14gkiPEQ68BqlnaNaKFJdv0ayX+tq6nRwkMTBJFFSoPvgbmhu/7GscyekgPTeebvT4GZzhr+E1apTXFghD7+hO7b5mvPVd9yu4i98naJxcSeyJiQkSiQQ3b97Edd2e+6uqytmzZ2k0GtuRII21+WOlp4S+h9dwMbOPTuA4rGpKOzghiELuFx5wa/06C8XP8MJWhEYYhLhlD68Zgi8QRRVL17HjLYHDrQnq7o74EIUQBWznvQgBIlCgI1rDUgycDp8V3wuplTwCv7UmDaOQxdJtbm9cZWH9Hn7obftxPg60uuti2S3n7FbN3N0/gu2/T1qM6PT3+CIRhiH/7t/+v7i1+k6C1BEIoXDptYu88aWXdz1/+8Y8H/zsN9y9s0CpVAFaXiVjk8O8cOkCl169iKo+WeasEolEIpFI+udkK6y06cWEVBAmz4KRhcJVKmv3sJM57GTvhny6GSc5FKNWWKS++Sv8+iJm7gqqeZKRKpJHiTQcfXrQYtM4w1/HXX6HytoC8ewEitZdhRTNcIjlJ6it38dd+j728B+hmgMnMq/p6Wk++eQTbty4wYsvvthz/1QqxezsLLdv3+bB7Y8JmlWMeP8Go81qa01m5U4/sr8dvSGEoOpWeO/Wz1kq3dw9v0bE6j2X9KCFoevotx28KZco27qhXljTURSwxltGqUpWheyOEBHpEcHkboFFXTUQTQV/tgYCGrWAlbs1hqYcnOTOWvTu2gLl2j/yjRe+zmCi9fk/jvKx2mfXr/PCSy+d6ka/6AR+wPztez31mT672734g/c+4vt/9UMq5d3ut82Gx6cf3+Tm9TnWVjb4wz/+8mNTxyQSiUQikXxe2BvNcYTYYWVb5WQ3r+GW7uDVazjpITSjNyNBIQSxzCia6eAWlqnd/zZm9g2MdO/GgZJHi6yqItFikzjD38Bdfofy2jzx/ASq1l2BAt1wiOcnqKwtUHvwPWIjX0ex+hcS2pimyczMDLdu3eL27dvMzvZuXjw6Okq1WmXj1rvEOab/RrWCoqiYuem+xziMw6I32qxV17m5fJ1y4zYBxV2vGaYgP2ajWyqRCPFma+DsRP+n896uIINGw6TRMHCcKpoW4nshxZUGVlzDjAuqbg075WNqxvbPhumoDE46GPbuNWhAmao3x6eLv8UPLzCcOP7n3w/K8tISYShTHk6SXkUqIQSx2M4Fw8LdB/zgr3+0LW7ohsbzL53n8usvkM21yhH5ns9P/uFnXPvtjRObt0QikUgkksfLe3fyW4/cgY/j0Vv0bJS5QJR/hSCA0soc9XJ/ESamkyY5NItux6mvv4e7/HeEfq2vsSSPDilkSFRnDHv4G0ShoLK2gN/s3otF1S1i+UkUJaK2+P0T89/JZDKMjIzw4MEDlpeX+xrj7Nmz2H4BVTPQzP6P80aljJF7tP4bbfZLTYnCkM3KEnc2fkPNXyOiSRiEVIsezXqAoio4SR3dUPAJKEd1mtGOeexwaoDZ/Bmm0s9haTEQWwvXjp+Glm1F60mBACfEM3wqxSZeM0TTFWIpHb2uI6od6S54NIIN5jY/Ya18H2A74uQ00YZHRh6rCUgnlm1TLOyY0zyJpWOPQlEUXn/zMmeemTpQOPK9gJ/99Fe4tVYu2bkLs1x+/YXt13/9i48pb6WkGKbOn/yTP+TVK5dQVYX5O/f4y29+n8X7ywR+wEe/vMrzL53/Qqb7SCQSiUTytNBOTXnvTv7ItscvL9tLygpE9hChmUFsXqNWvI/XqGGnhtD03q7TFFUnnp2gYW5S3bxD4C5i5t5ET5zpfRckp4qM4ni6UO1h7JFvUF9+h8r6XWK5cfQuo7c03SSRn2xFcix+H2f4a6jOxNEdj2BsbIxarcbNmzeJx+PEYrGe+gshsPwC6jGiN6IoolmtkJp4ve8xDuMwY19FUdA0jZpbZr2ywFLp2vZrvh9RWKkTTxvbpWABvEbA+gOX3KiNYbSEhknnIlPpCySSMX449x9pBPOYRpMojIgigaYrZEd3vuuJLb+SetVj/UGd3KiNbigQgbKmEykRoVPfXosGocdq+TM2amN4wUV0zSCKom2T19NAm5md3dd747RRFIVsLkexUCAIAlRV7fnAfVJ48eULB762uVnkg/c+ou62DuB0JsnX/uQrxOOtk4bv+zy4t6NMTs2Mc+m1Ha+NqZlxLr36PIv3W22Wl1Zx3TqOYz+q3ZFIJBKJRPIE8t6d3DFEDug6XQWIFJ0o9xLCzOJtXsNv3MZJD2PGMj1v1YxlUA0bt7CMu/IPBPVFrPwVEDLl9klApqpIAFRrEGv469SX/47q2gLx/Dia0d3aTNEM4gOTVNbvUd0SObTY9LHnND09zdWrV7lx4waXLl3qqa/vlvCqazhj/YstXq0CAqz8dN9jHMRRxqIAQeRze/3XPCjvjuDXdYXcqI2q7w5aMG2VwUkb3VQxdYtcbICZ0VlG0xMIBUbTF2kGAaulOTaXGpiOSiK7UyrW81WqlTi2Xce0QwYn7R0BRUAw3KThN6iVq8SdOHpHZZql0m2uLr7LhZE30BVru9DIaaDFEzsuso9L5IiiCFXTePHSJc498wxhGKIoColk8rHM51FS2izz/rsfbpusvvHlV5iY3KnOIoRCp9u52FLrOslk09v/D4Ow55QYiUQikUgkTxbdRG7s36/faI6Hy/0dLnS0XoviE0RWFlG4RnVzEa9RI5YeRii9iROabpEYmMItr+IWr7VEjtwVVGe8p3Ekj4aDRA7J04Vq5rGHv4G79LeUVxdI5CfQzC5FDlVvRXKsL1Bbegd76Kvo8d79MzrRdZ3p6Wlu3LjBzZs3OXv2bNd93bVbAMeqoNKslAEws9N9j9EviqIQRh6LlXnWq7vTdIQisGJaK12kJoiSASitUrB2vCV6xIwUs+kXyadGiDkxgjBgJneeuldls1xANzZQtZ1FZVQOoQaqFSBEuGssrxniln3shIaig9bQ2JtMsFlbY6FwkzODlzE151QtMZT9yr2eJp3b0zSNRDJJKp3eFjc65/S4o0yOSxRFvP+ffrWdfjI2MczLv7PbDVhVFfKDO/m1i/eWuTt3f1ebjfXN7f8PDOWwLAOJRCKRSCRPL8f35oCuy9NqMaL8q0TJ8zRrRUrLt2m6fZaTTQyQHJhCRC7Vxe/R3PhFX+NITgcpejx9KEYae+RtFCNNaXWeZr3cdV+hqMRzE+hmDHf57wnq/flndJJKpRgbG2NpaYnFxcWu+7krtxFCwXD6T1FpVCuYqWGUHs2Wj+IoY1FFUVAUBc/32axtUGmUIYLADwk7yrmKkoayZhA0IqKO5xWhkTQHOJN5lZjeulGuKirT+Skm0s8QNyfJDCZwkjtVc6LNEHW9SdwpYxi7ywZ79YDCSh2/EaBrOolYHE3ViMKIwG/dfK81q2xU1/D85vaN/dNayythGNJ+PA5xox2uctDjcQkvj4I7N+9ydcsUVAjBlS+/QjL58JfshUsXMK1WXmu5VOG73/47bnx6B4DCZmnbWFTTVF5+/QVZRUUikUgkEkmHCWk/10yChyutHE6UOkM0dIVAdais36NWXOpju6CZMZKDZzDjGeqbv6Z6/zsEjdW+xpKcHAelo0iR4+lD0RM4I2+jmnkqaws9CZotkWMcVTOor717IvMZGRkhnU5z69YtyuXuBBd37Q7GMe0PvGoF44SjN7qpmiKEwHVdVlZXaDZb5V2DIGR9sU5lc0d8iPIe9XyN1aUatbK//XwuPsNI6llSqRS6vrv076AzwPO5Czj6btFGGVYR0xpCeziyz4qpDE3FMJ3da9BqyWf1vovXbPlt+L7P2toatVoNRVG2MhUePcrjEjfadIoc+0WTdD7/eSYMQz74+W9wa62DePrMBM+9dH7ftueeneG1KzulexfmH/DN//v/49vf/B5//72fcG9hEUVReOnV53n+gDEkEolEIpE8nbSrsPRP24T0aCIjQzj0JlFilnp5g+LyLfxm9eiO+2wylh4hnhsjaq5TvfeXNAu/6X0cyYkiPTckbYTqEBv9YzRrmMr6PZpu8ehO7b6Kip0eJGis09z41YnMZ2ZmBtM0uXHjxpHpD1Ho467NHas8rFd3CQIf8wT9N7oRN9rRG1WvwP3SdRp+6/wqRMtjQzd2BIhIjxCxCMtRUXUFgY5Glon0eaby59A07aHCFEknydTQFPlEHqtT5DAEWtwgZWeYzlxgMn0BZUugUFQF01FRywaitGOloOkCy1ZRlNY2/NBjpbZKudnKXmh7Sj5qnojyKYdFcnwRxA2A+wtLXP3N9e2/z56fxrb3/9EQQvB7f/QWr791efu5SrnKz3/6K37x3kdEYcjFS+f52p/87hNTAUcikUgkEsmTxU40R78RHXTZXxClzxPlXyOIVEor87il/iIwDDtFcngWw0lSX/859eV3CP1KX2NJTob9Fl0yiuMpRTFxRr6BZo9SWb9Po1Y4us8WhpXEjKWob/6SoLlx7KmoqsrU1NR2ZZXDcFdvt+ZwHP+N6qP13zhITGwLEvWgyErzBs2wVYVTURVSeRM7oRNFLV+MMGiVcE0PWViOiiYsksYMk+lnGE2N7Du+ZVnkM3kmMrNk7Oyu10zNZDw9zQtDV3h+4ApJI4embFkjRKCUNER5Zy1qxTTSgxbaltmpH/msN1dwg+pW6VlxKpU/5er4lLhz8y51twG0Uksmpw830bp76x4PFpZRVfWhFJQwjLj56RwfvPcRvn96JXckEolEIpF8vmhFc/RnYNqi+4vRyM4TjXyZyBnHLa1SXp0n8Bo9b1FRNOLZcWKZYbzqPLWFb+HtqRogefxIkeMpRdFxRr6B7oxT3XjQk8hhJ4dQFJXm+vsnMpVkMsn4+DgrKyvcv3//wHY7Akf/ERzNSgXVSqLHj3M+3aHz+3OQuNHtjX6/GbJ+36Va9Hc9nzCTXBp8iZx9eLUrQ7V4dugKI6ndJbsdI8mFwTcZy51hLDvN68N/Ss7eKo4hIBhuEA56+4zY3oGAIFwhjCqnWkVFChynQBAE3PpsbvvvbD7NyPjQge1v35jnr7/9DvcXFklnU/zpf/E1/uyf/hFTM2PbbWo1lx/+7bv84j/9uut5vDKxeXQjiUQikUgkXzh2+3P0GtHRmbJyUP+Wh0eESpR7gSj7Ir7nUVy+RaPa3/WHGcuSGJxFNXXclR9RX/kJUdjsayzJ8ZB+HJJdCBV75G302FRL5Kh2F5GhqBp2ahCvtoBX+vREpjI8PEw2m+XOnTsUi/unzbhrt9EtG0XV9n29G5rVCmZuuu/+nXQjbgC7Ih4anqBUE+x3b1tRwUnq6NbOTfGYEWMwOcTE4DiOdbgpqqKoxK0UQ/Yso9Z5dGGgEMNUh0g5A9hmDMdOMDF4huHUGAlzKxLGiGj4PpvLdbzmw+KFH0WU3IC6FyKEOLXMAylwnAIba5vcu7vj8js6Pkw8vv+BVqlU+du/+Qkb6y019KVXnuN3vnSZt373Nf78X/0zvvLVNzDMljlM4Af88J13ubfQvYPwlZk1rsysHWNvJBKJRCKRfF45XjTHUaVk2wii2BjB8FvgDFPdXKSysUAY+Ed33YOmmyRykzipQZrl69Tu/SV+db7ncSTHR/pxSPZiD/8RenyW6uYS9Up3parNWAbdilNffx/C3iO89mNqagrLsrhx4wa+//B5xl25gxHvPz0l9Jr4zTpmbuo40wS6FzegJXCoqooQAi8MKNbq+FtREFEEzXqA74WomkIyZ2B1mH7mYsOMZ2bIpDMYxtEVNxVFYTA2wdnMJWJmCl1xIDTx/IAwDNE1jXQqxVh6inx8dLtf4IXUqwFh8LDwHYYhZbdOc0uVkQLHF4ilB6vUqu723/nB7IFtr39yi7lbCwDEEzEuv/r89sEQj8f4xn/2+3z599/Ybl8qlHb/PxcAACAASURBVLn60WddzcNfW6B9h+XKTHcnIYlEIpFIJF8s+jMh7ayy0o0JqQDVJsxdJkpfoFkrU1q5TbPeXzlZK5EnMTCFoEFt6W+pr/2sr3EkJ4+M4ni6sYe+ipE4S62wjNdlCVk7NUgUNnBXT+Z7rKoq09PT1Ov1h/w4Gpv3CTwX8xjpKY1qywfIzs0ca569iBttWtVHBEFUxecBES1RKPBDNhbrVDb3j2qbyFzgmcFXUZTuq21m0llmp84ynpnEMgIqjXnm7t6kWNqJjJlIX2Aq/fz233ZcY2DCxrAe3k6Ej88SAUUZwfFFY3VlfVf+VCJxsIK49GCF9kVDKp0klUntel1RFF649CyxjgiQleW1rvKzah/+gMadnZQWKXJIJBKJRPL0crxKK9BdqosgSswQDb9FpCeorN2jWljsy/dUN2Mkh2axElmaxd9SvfeXBPXl3geS9I1MVZHshzX4+2hmFrfYnbmwplvYyQG8ymd4lbkTmUM8HmdycpK1tTUWFha2n3fXWv4bunMcg9EKiqpjZCf7HqMfcWM3IRE+7ZOnqgriGQMrroMnUBYNRFnFUmNMOy8xYE9iGTFEDz5KqqoSN5PMpF4kbQ/i+gWuF3/Oev3Btn+GbcYZjE1yJvYqjpZCKAJNVxAC3IrH5lId32unq0REBPRndN0/UuA4BTY3dlQvIQSJ5ME1mJvNHaMWt+bi1tyH2mj67vyxIOjOsMVMpnE//iG1T360/ZxMV5FIJBKJ5Ollx5ujVzojOo6+eI30JMHAFUieoVHZpLh8i2a9j3KygJMaJp4bB79A9f53aG5+1Nc4kv6QqSqS/TAyr+F7ddzSSlft7eQAmm7R3PzFic1hcHCQfD7P/Pw8m5st75/aym1U3UAzzb7HbVbLx0pPOY64sXMTW0XgILaW70IRxNM6lqO2zsYNBSMySdl5zuVeJucM91WxRFNMRlLnyDuTKIrBSnOOTXeFRqNBFEWoqkbaGeTZ/GskjSEEO+kvYQCeFxBtL00FAhsibc++PFqkwPGICcOIQofAoaoKidTBAkd+YCd9ZX1tk1+9/9tdjrNRFHH96q1dKS/ZXKqrAzgzOU1icITm7Q+pffAdCFpiihQ5JBKJRCJ5uulf6IDuUlYAIsLUeaKB1wmETmXtOOVkkySHZjFiKeob7+Mufp/Q299gUHI6yCiOpxstNomRfBa3tEbgPXyDdj/s9CBBs0DjhKqqAExPT+M4Djdu3KDZbFJfu4MZ7z89JYpCmrXqiRiM9iMOhmHYEhaIo4sx4OExIj0imKwTG3YYz05wdvocqWS6rzmqqko8HmcofYah5AUUoVGpVCiWdtIL47E4Z2bOkXSmUdlZuzpJnYExB93YEmHQMcQIqkjKKipfJBr1BsXCTj6apmtY1sEK4sVL5xkc3rnA+Pvv/5Rv/fvv8eH7v+U3v7rGX3/rHd757o+3FbBEMs7l1y52PZ/k6ATpiWmai7co//SbBKV12p4cMmVFIpFIJJKnm51KK73SGc1xcJUVgMjKEw19GWKTW+Vk57peEO0aUVGJZ8aIZUfx3fvU7n2bZvFkKjNIDkemqkj2w8y+hqJa1IrdRXHoZhwznqFR+Iig3l2fbpienqbZbHLz6q9pVtbQnWOUh93y3+hX4DjOdyIMQ4IgIIoiTF2QjSsYB1lqKJA2Rhi2nkVXzb6iN9oIIRhOjfLSyKu8PPg1ZgeeI5VMbo8phEBTNZ4duMBMdqajXyuypP1zoCqCdExg62wLHKcRxSEFjkdMo9mk2dgxf9F1Hd3QD2yfyab53a++SSLZ+iL6ns8H7/2ab/677/D//J/f5t0f/YK62zKXsWyTL/3+64xNjPQ0p1hukPzZ81ArUH33m3hLt7Zfk9EcEolEIpE8vRz/OqAzdeVgIgFh9iJR7hK+H1BcvkOjyyoMezGdNMmhWVTDpL72j7jLPyQ6oeoMkoORqSqSvQjVwsy+jlevdl061k4MoqgajY2Ti+JwHIfp6WkqKzcAMGPH89+A/gSO4/puCCG2BQFdjXDMkP18OhWhEjfzDMSmGYxPoCr9l8Ntk7KSTGSmeXboFYYzE9i2/dDcxjKjTGRmSJgDqMrDlVpUIXBMG107eO170lQqFY6/95JD8ZoemWwK160ThhFOzEZRD3ezfeWNF0mk4vz0hz/n7tz9bUGjfUfEMHVGx4Z56/de44XLF/qalxlPkT93gc35W1R/8R2s538Xa/Zl2tEcxzcek0gkEolEctrsCBQPiwx7f9v3j9zs/67fw3Teqds77lY0hzNKYGYRm1epFpbwGjWc9DCK2tsFsaoZJPKT1Mvr1Io3CepLWPkraLHpY+2B5HDePm89dIf6e9frUvx4itGT5/Fr89QKC+hWEkU9fLmpqCp2apDqxgOahd9ipF84kXnk83mqSg2hKOjOwfYAR9GsVgjNLCFaT5EBxzcVbdEuE3sYumIznLzIaP4c2ezB1Tp7QVEULMvCsg6eu+M4DGYmGau8zMLmB1Sbe35ThI6mDKCKOEKI7cdJRnGEYUixWKRYLFIoFPB9Xwocj5r8QJZ/8s/f3jYP1XWdeEcFlIN45sIss+cmWXqwwvyd+5S20lws22T6zCSj40OY5tE1jQ9DMy0Gzj3Hxvxt3E9+TFQrYV/8PQApckgkEolE8gXj9FNRuzQhVS2i/MtQuUtz8xP8xm2czDCGnTq83z5YiRyaaVMrLFNbegcjdRErf6X3qUuOhRQ5nm6MzKt41XlqxWXi2bEj25tOGs8t09z8JVp8BkXrP6Vk1zya63CM9BQAr1qh6cwwPz/PmTNnuupzUuIGtBbwiqIQ0/JMWJfYqBRxvdquNqZu8OzgeQYTA8faVj+kzCTn82dZq35MdU/FWhWFNBksYZ9oikqj0dgWNYrFlveSrutks1kymYwUOB41QgiGRvo72DRNY3xylPHJ0ROeVQdCkJ0+Q3HRoHLnQ0K3iHP5GwjN3LoQinjvTv7RbV8ikUgkEsmJ8d6d/BOYbto2IT38LmQUnwQzTVi4RmX9PmasipMeRojeMqo1wyE5OEOtuEy9+DG++wA7/xaqPdz/LkgOZL8oDsnTjWpmsbKvUt/4gKadwLCTR/axkoOUlm/R3Hgfa/APetqeEAJFUXZFCQhg8qv/DUJREPvldXRDBLPn/iles8560aXRaBCLHR4NMrcZ8MJoK51jOnNw1H57oX+U+WYYhoRhiGMkGEnPcL34PnR83ZJGjvHEOYaSo8TM/iNV+sU2HIaSw0wknsH3PQodXiqaqjOQHCBuxlv7eQxxo1KpbEdpuG7LsykWizE+Pk4mkyGV2hHEpcAhASA1MoFmmBQWblN595vELr+NkmwJM1dm1qTIIZFIJBLJ55T9IjIfj7F4FyKHniQaeB2leING6SZ+o4adHsKwes+hd1JD6KZDrbBM9cFfYWVexche7nPuksN4WlNVFEVB0zSUfhfQPRKGIb7vn1o1iuNgZC7j1+7iFlcwrOSR2W+abuKkBqkVb6E60+jx2UPbK4qy/dg3hSMKYUvs6JdoK/rMtBPEfKXl76BpmF2UnD1M3AB2GXYqikIURbseu+YRRViWxUA+j7Fo7krzGHSmeTbzBrqq4wWPR2jUdZ2z6ZdpNJrbAocQAtMwGRkeImHH8X2fKIzo9uMIgoByuUyhUNhOPQFIp9OMjIyQyWQe8gVpIwUOyTax3CCaabE5d5vKT7+Jfflt9JFWKJZMWfli86//t+897ikcyP/837/9uKcgkUgknyu6uSnR+Zveivg4/Kqz3f4wj4/D6Wx/lNAhCFPPgJmDwlUqawtYiTxOarDHbYJuJUgOxagVFqlvfkDQWMTIXUE1Mj2PJemdL7LIoSgKuq4fawHdzzY1TcPzvFOpRnFczOxrVB/8DbXSMk5q6Mj2ViJPs16hufE+emwKxMMiQVvUUI/wNIzCoPWf43w+UYRAIFSddDpNs9mkXC6j6/q+otbcZtD3pkSHGNNO5Wh/xm1hSwiFvDNAsbpKsb4JwIPKDUreKsaqcarH4l6azSaVRmH777iRYDA+hKpo21EoR02vXq9TKpX2TT1pp58c9bmDFDh6QlF23tDQ9x7jTLojDIPtL7fSZYl6M54kf+4ChflbVD/4DtZzX8E68wqATFmRfC4QAgxVoCoCVYhdKeB+GFH3Q/q5JlAEWLqCquycnVvhduAHEc3g9C80dFUwkTFIWSqmvrW/B+AFEe/PV09xdhKJ5PNCL7/rJ5MC003KSgRWlnD4yyibV6mX5/AbVez0MLqx/127A7cmFGKZMTQzhltYorrwLaz8FYzUc8fZCckenrZUlW7MHx8FnSLHk45qj2KkLlIvfoxhJ9CMo30IndQApZV56uvv7/LPEUKgqurBERt7icJjWyZHUYToWP9lMhlWVlYolUqk0+ldbY8jbuylLZ60hYH2XBRFZTLzLJVGeVvgqPklan4JnrBLvFx8hNncRUzVPNR7o516UiwWqdVa3iIHpZ50ixQ4esBJ7pRjXb8zR2Z85pDWjx+3WMAtlQAw9e7D5zTTJP/MBTbn71C7+hOiWhH7hXYunNgOa5URHZInDVURJC2FqaxJLqYSN1XaekQYwUrZ48N7LnWvt9BOAcQMlVcmHTJOh9AZQdENWKv6zK03qDVDwlPQORxD4eyAyZn80SGSbZr+k3+nRyKRfD5oCyLHS3PZa0C6f5UVgDBzAcwsfvEq5ZU7OOkhrHjv1yCmk0Y3Y9QKS9TX3iWoL2Ll30SovQkmkoN5mlJV9ruTfJSJYjsdYS/7GTC2IxX247RSYk4CK/caQXUOt7hCYmD6yPaaEcNKZKkXP0aPTaPaIwghek4FiqLwRAQo0RFFouutSI5CoUClUiEePxkz1INoizntY0MRGtO5Fyi6RW6tXScMm0RERBGEQYiiCMTWhW8YtG7oqVrrPYvCiCCIUNWdNoHfiqpQ1LagEhGFEaqqgIAoarXp7BMGrWvodp/tcTWF1n1FgaLoDCdmmc1fRlXVVnrK1rEdBMGuKI22UJfJZBgeHj409aRbpMDRA3pmCjszvvWTK5j7cI7Rc1mMeIquwiNOkc37Hkufvo9fb5mwaPE0oouQnh0EmalZVMOgPPcRgVskdvkbCH3ngJNpK5InCVURjCQ1nh+xcYyHfwAVAVlHI2OrLPYqcAjIxtRd4kZ7zIzTen44qfHhgst61T/WfhzFQFzjjZkYmtLbj7Z/GsqLRCJ5qnjvTu4EvDy6OZcJcIaIrCzK5lVqhQf4jRpOaghF662inKLqxHMT1Cvr1Aq3CdwlzPyVI/P9JcfjUYgcnSH9+/kWPA6CIDjUH6MdgdBJ21Nj7/xbIf2thf3ehfrjTEXoGaFh5F7HXf4H6pX1rsRJJzmE51aor79PYvI/3/c9OJRo6zM4jv/G1uex16A0FovheR7VahVN0w4to3oSdHp0eJ6Hpmkk7RFGUy+wUrpGI6jieyEbiy6xpE480zonltabBF5EdsRCKIJ6zWdjqUFuxMKKaURhxOZSA80UpAda+1AteNQqHrkRG01X8BoB64t1klmDWKpVuru42iSKIDvS6uNWfIprTbIjFqatoigGQ4kLpJ0JhBD4vo/rumxublIsFilt3XzvrHrSbepJt0iB4wjaB1X7ceYr/zV+o7xzEooi3FqdyuotykvXqK7Pc1D8u5UcJn/2re2/lz75AX6j0tN8crNvYKd3yi1VVm5QuPcbUqMXSQyf32moGAw/98et/yoKTjy+K8SqG6LQJwmopknh7h2q7/4HrEvfQEvv5ND1E80xmNAYTxvYusLN1QbL5eOF2CUtlclsK0x/qeRxa61xrPGeJHRV4D2G1IfPG0JA0lK4OGpj6woRrbSRvYv6uhdRbfZuzBUBlUZIrflw/qCmCHRVkDBVXp5w+MnNMo1HFC0xnNS5MtOfQ3atj/2WSCSSo2iJHEd7eHRH57nz4YiOSDEIci8hzCxe8RrF5VY5WdNJ0ytWPIdmOLjFZdzlvydwF7EG3txnuxLYuZMcBEeH4T/KVJW2QHDQYigIgiNFhkfJUULL3td83ycIglYqxD4eDG10XX80Ez5BOj+XvZ+BHj+DX52jVriDbiVQjxImhcBODdBwQ1QaCNHb/kdbAsexhKD2+79PFad0Oo3v+xSLRYIgOLKyynFpHxvt9zQXH+D84EtUG0WatfsoSgXL0dA6bvAZlkqgRdsij6op2DENRd15T0xHRdV2/tYMgWVr29e6QhHYMRVN3xlXt9Rda11VV7BiKooqEFjY6iBnBy4ynBrF930WFhZYWVkhDMPt1JNsNksyeXRlnX6RAschqKqKprXeom2nW83A0PYs5qMIM54jNfo8bnGRlWt/R720/NB4mpUgNf7i9t8rn/0IehA40hOXGHz2D1C0Vlh6vbjI8rW/A8BKDe8au03rC6H093sdNGks/YJYdgDNsNicu0Xt3f+Affnr6KPP7Gp6VDSHYyhMZQ1GUzpJa+dHKW4q/OBa7wJH23tgLK2Tc3a+iANxjbWqT9E9uTy402Q83dqnrKNiboV6eUFEqR5wv+BxZ71xKikQnzcMVTCdNbfFjboXMrfeZLXib5ekiiJwvbAv8SGKYL3q85ObFSx958ukKoJ8TGM2b2JqgpipMJMz+XT55C/sNFXw+tTRuasHsVp5tJElEonk6eVkUlbg4bSV/dtE8UkCM4dSuEp14wFevUIsPdLzjRzNsEkMTOOWVnBLVwkai5jZK2jO2NGdP0e0vSLaVQh6QQixy1DxqBSMNiedqtK+Jj9qwaqqKqqqEkXRtnhwmmzf9d+KvNhL5/zDMNwlbnTuX3v+URQRBMG+kR9PGnuFp70ik5l9Hb86j1tcJp6bOHI8MzaMnhhHqDrdVGDaRXQCAlcUHVqiOpPJUCqVqFQqNJtNlMgm7FGI6ZW2yJG20xiDBg8KyzS9OhVqpAZ2py07ttFyOxKtY9KwVLIjKjQFeCB0SGQN8COiegiGwI7rWDEIAoUwjNANhfSgBZ5AeBDpEfH07n00bRXTbn3utpZmKPEMZwbOkTSTbG5uEgQB09PTZLPZRx7t0kYKHAegadq+5kG7lNkoQFF1EALVcFANB91JY8bzLF/7O0oPPtnVVygKqr7zwYoevqjxgTMMP/91dLtltNKsbrD42+/iua0wH6Fqu8Y+CTp/wMx4goFnLrAxf4vqL/8G2y1hnnl1V/u9JqSDCY2BuE4+rpK2NfaLqHeMlmlj0MWqPWWrDCVa4+Vi2r4h+kK02n3eBI6UrXJpzCYbe/grqauCXEwjF9OYyRl8eO/Rp0F0w6d/8S960s2CIOS5f/nNRzIXVRHb6SN+EDG/0XwkIoPrhbh79Lj1qo+tK0znWj8kA3GNTx/WN4+FEPD75xK7DE57wQ+jL1Rkk0QieTLZieaA40VCdGFCqjuEA6+hlG7RLF4naLg4mSF0q/e7gnZyEM10cDeXqS1+FzN9GTP36tEdPwe0BQpoLUCbzWbXfferEtJZnvK0MAyj58V9pzBzmmacnQLHUSH3nWLRflEpbZGj3fZJFzj2Hid7UfQEZvY16us/o1krYBwWeSUMhDGOpg+17jJFAYjul61ReHz/jSgM4JC3XFVVMpkMlmVRLBYxgyK+6uCp/d+MOor2PgVBgKVbvDH7OoZe4df3Fh5qq6zpiIZCMFnftR/qkkGkRoRjrXNBuBESLQcoZzRwBEGgUColsewGjt2yOlBWdYSnEEzUD31PpvKT/M7Ul0lYCQI/IJvNMjAwcHJvQJdIgWMf2upv5xfjwJrTQXOXo6+i6tjpUabe+HOazeZDZkGdTP/ef9vVj8TeH5goikCPM37lv8Kv3sFd/iGGXaJZ+i2aYRH6PkGtxt5b/VpiHDU23PojCmgsf3jodqNot0igGiYD555jc/42tav/SFAt4rz41Yf6vTm7jqFOP+RXsB/NIOpK3Lg0bjOT685Q0e0jFN8xFBxdodoMcbvwZ1AEDCZ0bF1BEa3+MUNBUwV+EFFwAxY2m12lQwwldF6ddDC0o0/ECUvlykyMD+7WWCo9Pvfs63/xL3ruo6oKf/W//Al/9j/+zYnPp/0ZAARhdLoCUARrVZ/pXCvcMm6d/AVI3FSJmf2P+9lKQ6Y6SSSSU+Fkqqy0ObrSSpg8A2YWUbhKee0eVjyLkx7ueUu6GUcfcqgWl2kUPmxFc+TeRDU/315jndeyiqJgGEZXIoeu68fOiT+JKI5+xI1O2tfzvQg7/bKfh0Zn6sneBXdndMl+73XnWuRz5blxCEb6Bfxay3BUtxO7DDy3ESqKPojQBxFC2TLRDLaiKQ4/FqIoIvTqeKVFVMNCsxMItXtD9o6BqC5dx8pNoB5R+cW2bUzTpFQqUa1WUSOPXDoBnJynxMPTi4iCiJSdYjbzHI2Gy+2N37BZKOE1QhJZAxELiKxw+xTqBz5uvY7jgGbsSADCEZBXYGsdoigRlt1AU3fWGVE8IAp2xhJ1BbGuEeV8IitEVTRmMy9wJvsimVhLuNKMHn1TThApcOzDfiFih4XkdYaWtU/C7b+PqxrvZy7UKbZosRliYzHc5R9TWvw5djyPmcgi9AC/UCBs7JzQhR7bFjiiKMQr3Dpi6/vvb2ZqFs00KM3/hsgt4lx+G7Fdsk1g68ldaSiHUa4fHWlh6wrT2e5OTn6Pi9tcTOPiqEXWaX0VoghWKh4fLrgHCh2qgLfOxMntE23RZiSl88ygyZ31Jp8sugemlSStVmWObsSNNroqeGXC4R9vVSh18f6dNP2IG22eGUvyg//9z/j6f/dXJzijFp3BDaftM9Yp0h1WqrVfzuSNvu+FLpU8bq7K6A2JRHJ6nGyVFdhf6Oj428wQDL2FKFyjXr6D33SxU0PoZo93UoVCLD2CbjrUNpep3vsWZu4NzPQLfe7D4ycMQzzP2xXFcZjIIYTAMIwnYkHdmRpzHNplVftJ0emFznVCZ4pJ+71s30Ddr/1++9lNFMjnETP7OtX736FWXCW2jxgpFBuhD22LH0IIiASEPigHe3e03+/1j75DUFkjO32G0ExiDl4Cpbclbxj4rH7018z+6b/pqr2iKKTT6W2hY2Njg1gs9siqrLT9cBRFZSQ1g4pFPaxSK9yhVi8RhRAld68RwjCk6TUxU00QIX4tQjcFSlxBxFvHn++FhEGEbbkI0aqQ0myEaE64XY3FDwJEPcKqWAQpFUs3ycbyPDf0O4xlZrfSaKLj+Lsemyc71ukxsLe2cqf5z0G0Szt1Cg/t547D3rxHAM/zHsonVMxB7NE/RtFTVAsL1DYfoCghRjaJMBWioEEUNFrhXZ3z3nr+4MfBandieJzs1CzeyjyVd/89fmGpc+Zd72O1cfR7JET3Jsi9lOkciGu8ORPbFjfa2xpK6Lx2iNfBhWH7UHGjjaoIzg6YXJmJox4w/5fGbMw94oa3lWLxyaLLjdUGi0XvobvvhiZ4aez0y9odR9xoMz0YP5FxnhYEMJnprUpAm/Wqz68Wal1FSUkkEslJc3KV1topK4cREaUvEOVfxQ8iyqtz1Cv9RZIYdork0CyGk6Cx/jNqS+8Q+tW+xnoSCIJg1w23tsixF0VRME3zRMWN/aI1ujEg3SsGHJeeq3D0wV6Bo/0Iw3DfdcJB+L7/0OO0vUQeJao1hJl+kUZlg2Z97/dKQWgDiL1pHkorkoNof5Gq7WdSuvNzijd+iq43CNxVvOKdvlKqQr+BZsW2/D+6x7ZtBgYGiMViVKtVNjY2Hln0UNuPwzAMRnLj/OGz/5yXz32VweFJVHWflHdNJ51Mo2s6biVgZaFGs757HVYteKw/cPG3bvI2GyFr92q45Z33vebWqCplvFkXNZZhJvMGbz/350wOnMWyrK0CHQ9HLJ0G1WqVe/fuyQiOvexVUHsRKdonr7ZKfFyBY2+958NOcIoWwxn9M9zlv6deuU1EQCw9jJnN4utlvGLpWHPZDzuTJ6+bFOZud5iPnsf1yjhGEm1LZY0iKNYD7hWaXBiydvkIdJMOUmuGLGw2mehY5FWbIQ+KHoMJjVRHtEjd6/4k9tKYjXaA8pCLaYymdB4Ud0fgqAKmsr0tNgcTGi+MOfz6Xm3X8yNJnXx891ew6Ab8fL76kPDjGAqvT8V2pf3k4xojKZ3F4umkqnSKEg0v5Gv/5kdAtBUuseNN03au7vSribYioH72f/zZ9hh//b/+CX/6P5xcukoQgqq0LoEPysZQBeia0lc0RBhFeEG0r4AWdHxcJ12OVVNFz94bYQSLRY9f3K2eejSLRCKRdHJyVVb2GpDuH9ER2YNgfhlRuEqtcB+v3ionq+q9hakrqkY8O0HD2KBamKPmLmIOvIkeP3usvXhctK8fD4vkaP9uPwnRG/sZdO6lLRwA29UOjxrzUfpxtCNF9quI0r5Z2rrrrhz6Hu93rf+kRHPsrebRL2bud/Br89RLKxjWzM4LioEwhtj7/RYAQjkwVaUdnVO4+reYsQROtuX7oCUmED1GbwAQgZ2fObrdPrSjOQzDYHFxkbt375LP5xkZGdnVrl2ps18URdmqVtM6puJmkufHXyDuxLm7eY21yhyutwmA61pEiG1PDcNWSA+Yu6quAFgxDVVXaB9qmi5I5kwMe+fYs0wTU00wnDnHVOYCk9lZ4mZqJ3JDAeUUzyGbm5vbD9dt7Z8UOI6gV9Vvr0LbL3tzH7tVb+2hr4Li0Ch9TBQGxLNjaIkE4hGdFM14gvy2+eh3sWpFrLOvs169j6k5CKAZ1PnprRT5mPbQQq3eZUWLD+7WWNj0sHRBqR6wWWu9F3/yfGpXu2bQ3fs+mTFIdAgjy2WPhhcx2SFeDMS1hwSO0bTxUDpJFMFS2WOp5OH5EUlbZTprYHWUVJrKGsytNyh0mJ+O7XEh9oKIX9yt7RvVUmuGvD9f5avnE7vMVSczxqkIHHsjLt7+n37CXnFjaiTOv/rGzoXfv/63H+y6gxFF/z97Y9HW5wAAIABJREFU7x0k6X2fd37e/HbununJG7G72F3kBUAkkiIJBhEkaAUrnCRK5tnWqaSzy/ZdWXLZOvlc5/OdzZLOdecr62TpzrQlU6QkkCZBihEAAxgAEIGIi42zO7uTO03nN90f77w9b8fpnume3QXeT9XWzvS8qcP79vt7ft/v8zj86VPn+fh7bwLg2GycL3/yUT7yjx/f9fGZtuuDkY7IlOt2x9YdWRSYisscn9IJK+JApXO2A8WqxatLVdZLZpNo4AC5iknFsJEEgZWN4ZbADipuXFyv8+OrlaBqIyAg4LpheCkr0I9Q4ogKztidCOoYZu51CivnCSen0SKpgfemRceQtDCV3DKV5Scxy1fR0w/tbNB0jdlO5HAch3q9PvQWlUG9OLYTABzHwTCMtnvtTqaofiRJarQxjIJWEcI7Dm8gCt0nTltbWbzHvPWuB9HJ3zbvjXd2gzZ2H+Wlr1PdWEOPudcIUR5HEDpPJG61qljgEwY88Sj32lcxy1mSR0+4fxAl1PSt/ZeBeziAKKJP3LSTp9UgHA5z6NAhHMdhYWGBTCbDvn37GvGoXnVPp1CLfhEEAcu2YdOEdjoxRSwURZdDxPUIa6WLbFSzVCsyprX1fqmahKq1jw21sITmm0yVZNFNWgFEQUSTdSZic4yF9zMVO87RySOkwu511bZtBGH04oZhGGQymYao4YmG8XicyclJkslkIHC00nrR24lb9LArN7xM736PIzTxIJISpbr+AwqWSSQ5gxQOIyijcfWVVJWJYydd89HXn8Yu5gnf9UGqxlYE7oOH17mcbe+zG8T4cHmjfSCvtFRgGH1W8E3Etj76GzWL7513S+RiutSokvALFB6zifZStZeuVLiwvuVxcCVvMJ+p8+4j0YbxpSjA8SmdH17cKsVrTUy5sF7r6UlSrttkShaTvmNPR9x0mlGOZTu1k7hfap64AeBwaWmDycTWDFmTuGG7rUNOS4nxkZkYp//0lzj+8U/v6hhrhs1LCxXGIhK5ioXZ8rkSBVewesfByI7nEMciMg8ejvDUmWLb+1QzHb57rkgyJLFUGK7AUTNsvnF6Y9vlLNuhZvZn2hsQEBBwLRheyoqH/3rXvj0nuh9L34yTzS5i1sqEk9ODx8kqOrGJg1QKq1QKp7GrS+jpB5HC20ddXm90EzkMw2h8Z49C5BiEXpUK3vF1uie2bXvbY/eLDcPGf0zdEkVal9mqfu0tcFwP+AWcncYO+5Ejh1BjxyjnzyBrUWRVR1DS2x0EjmMjOBZsenRYloVZypB7/euEU2m0qCsgKMmjiEpk4ONyHAdRUginjwy8biuSJHH06FFSqRTz8/OcPXuWyclJ9u3b11jGsqy+KpY6IQhuJqfn+SLLMhEtwu37bueEeZyVjUu8dOUJRBbYqO2uzU6Tdabjs9w5+17mUseQZRVJ2PqsjjLlp1Qqkc1myWQyFApuV4KqqoyPjxOPx0kmmxN5AoGjhdYL5qjL2VppTXDxFNJBRRY1eTuCHKG68iQb65fcdpU+jT93ims+qlG4/Ap2pUD41IcR9a0Ly82TJaD5QrPbcv7W769+B3e6vHUS1n1VJP7qjE4T58lQ82t4NW80iRse5brN68tV7tm/JSpNxuSmSFy9pRKkn4Gx1fI5UGWBqfjo2lS6eWU4m5Ub3s2l49jYNvzt33/a/ZvjYDcJHN7Pnffzz3/9Pv7Ff3hmx8fpAFXT5mq+s7ioSAJHJrRd305LgsDxSY3nLpXb/las2RT78JQZFIf+zHhvdI5NauxLqg2D4sJmW9uZlcAgNSDgrcRoqjl6fPfLYez0vYiF89Tyb2DWyoRSU6g7ipOdQNZCVPIrlBa/gpa8E238vp0d+h7hDUpbBx/+AbVX+dAqcgzL5BMGq+Lotc/t7om9gZ4n4HTa9qhEA/9kpP817yZ8eBUlQOOY/a0tex3Hux3bxcDuBG38fszSJaobq0TTRxCk3uelu18BxzERBBHLclugc69/FYDY9BwAohJBSRwCYQefX8cGQSJXrpIe0tzw+Pg4Y2NjjQH6lStXiMfjxGIxwP3s7KQFqVU8M00T0XafsyKpTMb3cbf0fk5Ml9goFykU8qzVL1K1CzgObFQE6mYJizwAEjEUKUY05KBKUVQxQUpOEY8liEVihJUwqfAMiqQ1eT+PQgz1KjQymQzVqnvtiEajzM7OkkwmCYe7vzmBwNGC18/nXZS8D5vb4zT8wYsfSZKaTJB2Km54KNGbEOUI1eUnKa5fRo6cQNxBUtIgxKbnkDWNzPx5Sk9/htCpDyOPzW7+tcPsyi6u3a3VG7C9BZmHX1gZi8jcvT9MSHGjXj1aB6uaLBBq6VU7v9Z98HUpU+e2mS0TUVkUmInLLOQMJKG99aCfToRO6TQJXdozH44tnIbI4QkaDpteG2xVb9h2u9jRiV9+z5FdCRzbIQoCoQ4VOQMjuJGto0AShb4+A8PEsjt7iuwlEVXkvkORNvEwGZJIhkLsS6o8c7HUV+RyQEDAjYNbzTEMkQO2TEi7X0Tt+E2gj0HuNYprC2jRsY4JDtuhaFGUySjl/BLV3EtY1SW09ANI2uTOD39EDJKI0knk8NJXRjkz24lB/Sk6LdNN4Bh1VYp3fI7jNGbl/cfcKnB4ooh3z++15wwjrOBGQJBCaGP3Ull7GstSkPuYihIEERwb2yxhOxrVlbMU539EfHoWWXMHOoKsY5VXsWt5/5puoqSWhG5VXJv3s4gSV65coV6vMzs723nZAREEgfHxcSKRCPl8nkwmw+LiIqlUClmWiUajjXFg67/ttuuvBDIMg1Kp1DgPEtosU1EdM2GRD+VYrY1RtnM4jsBGRaBqFrFwvTok4qhignjYQZFi6GKKlDpGKp4kFNoKN+h1T79TerWeTE9Pk0gkup7X3uvgvVaBwNEBv4oKWznUXlSss81gbSd4xkStStxuL26SPkVo7lEqy09gVIsom2lFgiCgJOIjMx+d0HSyF89T+t5nCd31YdR9Jzq2wA1dnO5ze4Wq1Wg3EWg3DjVtp60yIx1pvuzWTYfVYu+qi42qheYzEk2GXYHDctx9+P00ZhJKz+3dPhtqEmA8WlNY9oYtcaNxLmx+KWydJzTaUxo/X8PB9LDuaUZxb5TQJR4+Hhv+hvugatpcytS5nDWuSexwJ3HDTzIkcd+hCE++uX2bTkBAwI3FcEUO6C1yOKAmsCcfQsi+Qa14HqteJpSYRNEGj3IMJ6aRtTDlzBKlhf+KPn4/avKOXR39sBk0OcTvydHarjIMkWNQL45WBrnvvhZmqZIkNSZK/R4V3r2852Hh4f3uTWZ6k6negNV7vteLweioUBK3YJbnMQ2HvudhBYFa4SyWLZF74xvIikZs2tf2UVnHqqy3rSOFp9Em70LUOleKOLaNgIAgKaRSKc6fP082m+XIkSPoen+f0+3QdR1d11FVlfPnzzM/Pw9AMpkklWr2CfIG7Z7w1elftVqlWq0iSRLFYpGNDfd+SdM00uk04XAYWZaRZRl9aooppnb9HPoRXvqhXC6TyWSaWk80TWN8fJxEIkEikdhmC3QUgwKBowP+NBR/+Z4oim0ChydC7Ebs6CRuwNYbtlshRZSjROY+BvWrTY975qP1THZX2++EGo6SPnqC7KXzlF/4a+xKgdAt728/tl2cG51mnvs91+YzdY6ktY5VILYDL1+ptFVwRFpm7vuZUa6a7VUgHsWa3TSwOzSmUqhYXMw0x0nNJRUOjWlN3ht+9tKp2MMfc9YQMbzfbd+50daicn2VW3bDFWocREHYkxzvcAfhaq/QZZGbJ3WOTeq8erXC2bXanglRxya1nuKGRzIkcWxSC9pVAgLegnhRsrsXOvwX605Ch28CKXUcQuMY2dcwVy8Rik8Qik8MvEdVj6NMhynllqiu/xC7uog6/iCiMnj7yyjYyQDEq/rw+1wMU+TYK66Ff4gnWHhChX+SUhTFjq1CnnDROonqreMNbt/KAgeAOnYforXu+mv001bi1LHrq+TPvUh19RKpA30YgnqiV5ftO5sTdeJmNOzMzAyCIHD58mVeeOEFDh8+zPT04FVf3UilUtxzzz0YhtEIqPBSeDyhy/sct1ZpNI5382fv85NOp9m3b19DQOmGXzzrhH//7rJuldwwzisvtjqXy7G2tkY+nycSiTA3N0cikSASifQ8tk7jCf+5AoHA0RWvnMwTNvwfMP8L7rWz7FTs8C6G/j49v6ji78/bHQJy+GDjt0aPYDiMKssYmQyOOdzZW0lVSR89Qe7SBUpvPE0tOgnHm0WO3Zwnnfw2+t1euW7z4yuVtqjYbNni9aVqR0PT1kqJeh8Gqa2H6K/YuJKrk/SVe0miwKn9YY5P6ZTrNrLktlVsV6Ex7FjSfvBXbdhNF9dOVRtuq4pjt1qMXp84jiteXc7WmUkoJHRpT0SOa40A3DYbwnbgXI/Wq2GyL9l/5PK+pBoIHAEBb2H2tmVFwNHTMPUuhNxrVAqXMWplwskpZGWwWVpBlImO7aOmZSnnLmNVl1DHHkCJH9/tk7hm9BI5dstuqjj6nfjrJcQMc6KlU5WIN2ZoHQ/0irH1hI/WgVuvFoUbZcKoXyRtHMnRG+3P2w6k7RKKrlC5urgZC7uNOSkgKlHk+KGuxqOOvSmu+NpXJiYmiMfjrK6uUigUEEWRVCrVs1ViUBRF2dX2IpFIW+XHdmyXUtRJXNmNuFGplaib7j1cWIshSRKRSARN0zh06FBbZZN3rrTus9N4u7XKpVwtBgJHL/x9ca3lQR7+i5UndvTr19HJ+MnrN/J7gLSqwMPBYWN1nnBqBklVEScmqGez2NXhDyCSBw4jaRrG8gVo+b4/MVXkan7nxiC201wFIg1w8l3K1lkrmUzFZBwHMmWrZ4l+a7WJ3YewoLZUiPgNTd9cqTGbUBupLR5hVRxoRn+QJJph0amSyXHYTEtxxQzwPG22Kjj6ec32EscB23EafiiO46bqPDtfZqNqcTlb5/5DEeIhaSh+/zcCt8+FyFYsMqXhpsF0opOnzDCWDQgIuDEZbspKqwFph4oOUcIeuw1BS2HlXqew7MbJ6tGxgfemRVJuy0pumcrqt7Gqi+jph0DcvShwLegmcuxFZYTfC68VRVEasbbd6JVIMUxhoFv6xU5aSgYt+R+VUaq/Yn2vE1wkLYXgmO7N2HavhagjqwkSR44hmtu/p4KkoqSOIMf2ddy247URSVtCg/d+6LrOwYMHqdfr2LaNZVlt7UajxrSMrm34DjaGOZgXnyAIhLTOQk+nz2E/n83nTn+XTGEVy7aIh5M8cOv73HYfQeCPvvhJLi2fA+DUzQ/y8Q/+VsODptWjxj/mbqW1yqn1fL64dIa/fOr/CwSO7WgtL+vUA+X/O2xFJ20nSniJKR6maTYMhvxOyl6Sy1DVWkHGqJUprV8mnJxB1sJo6TS1bBa71J4QsVtiU7OYTrvbrSCIPHh4reGqPiim7TSJCNKA1ZPlus2F9d5flB6tOkI/30Otg7KK0fyZ+OHFEg8c7u1B0Lp+q1lmrY8L+7Dxt6h4RqKNSo3Wn233Z9t22mJiryW243qkLBYMDqRUdEVko2rx7KVyI7WkXLd59lKZd94UGY5J6XVEvmrx5JsbJHSJu/eHSWx+BgXg8Ji6JwJHQEBAQCvDTVmB7YUSAScytxkn+zrl3BJWrUQ4NYMgDnabLMkasfQBqhtrlPNntqo5ood2fPTXkk4ixzDuRber4uglcHht3d2qm/1V0Z0Y5qDdX+29Vy0x3sTrqMQH7/UbRgv+jhAlHNvYaifpgiCGkcK3M3Hqdjf1ZBO7mqW2/DxWZc2/MHLsAErqeOeb982KY0GUuravCIJAOBzGdqBaL1GrVTDLJrFwAlXemYhZrVeomzUM02B8mxa5K2vzLKxcwLTbP/eFUo4nX/jSQPu+9/i7+fn3/bco0vAEWNMy+cwTf0ylVuaOI/dw74l3NbZvORZXVl2vkVPHHui6jdbKkQuLpxt/mxnfj6aEGtUk3T6bZxZeDQSOQfAqKfziRmvPDzRffHuJHH5xw69geRcuTxkcbquKiyCIRGYfpbLyBBtrl4iMz6LqcbRUClOWR2I+qobaKzXcPjuBBw+vN/pwB8GyHfAJHHIHT41hUW/x0+jk3+EnFZbaKjFaTUQrhs23z2xwYjrEwTG1aztKqWZzKVunULW4/1Cz4pot7/1AtKlqo9GS4okatAsb11kppe1ArmLy7HyZimGzVDA4NqHz2lKz94oDlGoWZ1Zq3DEX6r7BGxTHgVzF4pn5Eh88sdUzPptQ+NHl0e+/ULX6FveuhQFqQEDAtWP4BqTQPAUqNP8s6djjdyOoF6nlXnNbVlLTqKHtTe5a0WNpZC1MKbdMZfnrWJXb0Cce3PXRXws6iRyjpltlhIc3CPfHsnoTgtuV3g+7RcWffDIMvO10O85Rp6v4J2tHGanbCXfgKiIIEo5jgdBH9az/dXIc7FoBu5bzLSAgR2ZQJ+/sOjPpOO3VG7A1Truct0iFBXQcNFlkYeUCV9fmWVi9yP6pm3jPnY8M/P4XKwVeOvcM33zuiyRjY/zyB36TdKJ7ElOpskGpsoHltL/3q9klljNXO6zVjCtYueu/oj7H33jnL6GEOgscg5wnW/4xNqWKa3C6ll91hcrNyUHH/5nt47USBIFqvcznv/tnvHzuOdLJKX7qXb/CO2/7wLavdbVeCQSOneC/QPpbSvytJZ4o0c9FyLKstjjYvWhVkULThGc/RmXlCYprC0RS02iRMdd8VJapr2eGti8Axyi1PWZnlyDsKvY7ETkMyyHkux4pI8zZzFWaL/L6NjP6RyeaBZ1y3Wa9w6y45cCrixXeWKowFVdIhiQUScCwHWqGw0rRbFQUnNrfXAVjWE7bce0FfuNQ23H4V79+H//kD3/AS//h5wB44qVFHr5zpmmd4x//9J4fZyeczcqNZ+fLlDeNYrNld5DfjVaz2LcapRZD3VEKhX4WWnxotls2ICDg7cXwDEg9WttWWnFwYodAG8POvUpx/QpatEwkMT2waZishklMHqacX6ZaeAWrtoSefghJ332CwV4zCpGjVxWH1x7Rq82jl6dFN4Y5Uein1725d4z93L/7/fj6XectiSAjODbYNmzrp7L1eXSsGmbxCo6vykGKTKJN39u9GmtzTOeKG+453lRsLUjsS0pbvnsObFQKVGplZEnh6to8juNQLpfRNK3vtpVKvczp+ZdZWL3AwuoFKrXu96AA0VCcRGwcq0MFR7FS4Mhcd88fb9x6ZXWeSs2t0veEiFbK1SJPvvAlzl89TaXe/ZgEQUJTNO46ej/vvuMnR/JZNS2ThZULlKtFLi0VWVpf6HvdQOAYAp7w4FVu+EWJVuGi07qdlvEu7n4ltV/BZBBEJUZ49lGqy09Syl7AtkxC8UmkUAhtaoL6ehZnSF8IjlXHseoI/nKo0gal008ROfVhgIHbVeot7RnqCCNT14smhuU0Kjciqkg6KrPWIdp1KiYzm2hWRTsZl/qxHLiaN7ia777cRKT5lL1Ws9qur4ZrJGrbNo/cs4/f3vTX+MT/8W3+4z/6Cd7321/i4Xvm+J9+8S7e99uDlc6NEtN2OLtWa4gbAaOJvu2HMys19iXVbas4chUrMBgNCHgbM/xqjk4mpL6UFTWOM/kgYv5NaoWzmFW3mkPp0rPei3BiCkULU84tUbryBfSxe1FTp3b9DPrBfx+5W/a6kmPYlRGjbOvoxiC+Gq2BBt5jbyeRo+lzJcrbt6q0fA7tWh6rvNL4XQql0SZPIcjdDWy9WFgTGfp+qd0FFVl1LxuCgGlZWOXytukljS3YFheXzlCsFNCUENI25+n+qZvYN3m483NwbH7m3b/adV3HcbBsk09/84/46g8f67kfx7F56sWvcHnTL2M7UrE0P9HSyTBMTGswbxGPt1ZT+TWm08Wz1xtu23ZPb41W45VWz45hIQgSoekPoCZuo1JYo5i5AoCoqKgTE4jazk1AW3Gs5kGKlkhjLLxO6Xufxd5UE7cMxran1X+i1dSzHyRRYH9K5diExlxC6RpdazntIsUds6G2So7xiMyp/eGm7ZiWs+sB2v6USkTr3fKyV3jmobZt8y/+7jsA+L/+4bsAuLxc5PjHP82T/+ajrObc2RnjOqqAcByoGjaCQJ//hJEbjF7rBp6xFuGsNSJ5lDxzsdSzCilXsXjmYu+ZjYCAgLc+O2lj3Z5eV18HO3EzzuT92KLKxuo8lcJKj+W7o+gx4pM3oUUSVDPPUVn8MnY9t/2Ku8SrEB4WnsgxLNGhU3KKV9XhtX8MC8PY2UBpWPR6zboJOYMaj97oNI+H3FYVOrRktC8LOBbmxqXGOENU46jjtyCq3SObvVhYa0CvHW/XpmVQN6qIgkA8FiMSibS1TnWjWCmwsHpxU8ByULdJbxIQEAWx4z9JlJElpes/RVZRFR1dbfdC7IRpbo1X4pEk44nJpn/NARujEw0t28TybX8QsSOo4Bgygyit21V3eMv4L3yyLI/M9EdPP4gkR6is/5AN2yKSmkWUZLSJNPVcDqu4+0GGXS8iqrHG72oszfSp91PJ5hEXzqEcuBUicR46nOF7F7Z3Md+oWcBWj4omi0zGZFRJQBTdgWndcsiUzI5mnAfHVG6dCTV5X5RqNs9dKpPp4G1xZqXGTEJppLUkQhLvOxZlecOkatiEVJG5hNJI5fB4c7VGaZcVA4fHmxVhB7iSuzZf2I7PW+On7z/IrZ/4DK/+x18kW6y1tEO6v6yuFK/JcTaOg60vJEGAZEhG7POmQRAgEdq6VI4iCeZaJOFU6jaaLHAkrXF0slnEvLKH7SClus2Tb25wbFJjX1JtGPMWqhYLuXpQuREQENBgq2VljeGlrPT+u6ONY029EyHzOpXCvOvNkZhCVgfzZRJEiUhqDll1qznMhcfQ0w+ixE/u8Pj7w29g34lBJ8/2opLDa1Xx2lR2Ozs8dKP+IbJdlYpXxXG9Hv8waRtDeV4czmZ8q5/W6g2jhFlwzcMEWUcZP4EUmepZourYNg4ijjD4cNh2HNbyy+RLOa6szRPWooS0kHucDjiWg2nVMS13LOFOlrnHUjfrPH/mB1Trrph3YOoIqtx7MrlqVKnWSm2vkYN7HL2EBsdxqNarvHn55a7LdBuTfvTBX+COI+8gHhnDsk2WM1f4y6f+X05feqXn8e4G73yo1CvU6lttbIVyrmmZXkajgcDRgU5Z1P0yyDr9LOsp2F4+sj9VZRQoyTtADlNZfpKNtXkiqVlkNYSaTGJK0o7MR0UlghSeRNSTbQY+opYkecvPkGxZx3Ys3ntshafOtN9AKJJAOiITD0ltKSWCAO+8Kdq2juU4vL5UbRosHUipnNoXbrv2RTSRew+E+cbpAq1j2VzF4txqjZsnt5RWXRE5ONa9HO1K3uD0crXr3/thf0plvGWWPVsyR96iYlk2UodoGq+C4+//wp0AvPoffxGAtXyN/+UT93D3kTSm1b+g88/+0492faybVYKuyWnr8ToO+apFVBNRJIFbZ3or5d3wTDl77X8n+kdrus5eMB1X+Mit7eZ5huVwMbP3fhdnVmqBmBEQENAX37+QHpEBabfBkIgzditCaAwr8xqFlQuEk1Po0cGrStw42Qjl/DKV1e9iVRfRxh9CkHb2vdQv3SbgvMHzIJGXwxQ5Onlx+KnX66iqumORo7Ua+nrCX6HhN0uF5iSZt4vI4Y29tgQfAUGQcRwT2Hrc6XCjZWTP4tgGgiijpI6hxA50TURxt7GZBigqXZfpRaGU5cfnnqVu1PiDz/wuB6aOcMuhu9B8lRiFco5Xzz/PSm6xbf1ipYBtm+ybPMwdR96xbaXO/OIZLq2cx7atzWXd5Vdzizzx/ON9HbPnvwEgiu74yTAMstksALFYrGl5URQ5PHucwzPHG5+9ieQ03335ayMROForltZyS5R93iRL61cwrDrydu+ZEwgcTXiOwZIkNYSFQS8mrRfgYVyMWhVsLzd4VH15SvQoohRxE1ZW54mm51C02Jb5aCbbppy2Iogyavp25Ph+RDUxcJO/KEiE1TgPHl5seHIcHFM5NKaSCEltFRLbIQkCR9NaYwClSAK3zupdDyuiiRxIqR0Heq8uVlEksa2iohOXMnVeWNhd7K7aZUDeb7ztbrjlb32GL/7rj3LzXHOJn225X0IHJ6Mc/9VPgwOhsMLvfPxuqnWLb750lT97/A3uvG2Kp15uv7D7+f3Pv8xffu3NXR2nIGx6okRkMmWrTfgxTFfgmozKyKKwI88Jr7XllcX2GzEBSIYlUmGZK7n6wNG9FcOmatjbGteOGstx+P6FUuBPEhAQcN0zGl8Oj85ihx2agekxxOyrlHNLGNUSkdQMojTYIEmSVWLj+6kW1ynnzmGWF9EnHkKOdO6xHzXe/a43mdYPo67k8MfGGoaxo9YYrxX8esUvbrQKHF5ayrC9DTxPP6CvVoq9pi1BR5AQHMu9CROEzeFHi2+hVcfInXfjYOMHUFLHQOxRleSl/QkSTgcRpGbanFutUzFspuMK6ahEtJGK6HB17RJfe/ZzVOsVANZyy9w0c5xavYZhbN2bi4gcnrmZcq3EpeVzmJbhPQ1CWoRTNz/IsblbiIZibcfQSt2sYRhbk0CS5L5G80tnsaztW7kcHCRJQkDAdmwmktOAe+7Lsoyu62iaRqXWfr74P59iD9HIz07us/0ppYIg8PL5HzU9t/NXT3N55TyHp4+3Ldu8oUDgaEIQhLaL+yBCgv+iAcONo/KqOPytKqMsuZNCM27CyvITbKxeJpKaQYukkEIh1EkZY30dx+ysiItqjNDBDzS1ouwEM7MIuluKKggHmYrtTGX18HcBHBxT0eWtk/Tsao2qYXPLTKjhnZEKy11nsl9ccFtYjk1obVUkjgPZisnZ1dquW0gkAe47FCHUMvDNlE0uZfdmlv1jv/Mlvvrb+jO7AAAgAElEQVQHH+PQ5FZlTDIVZn2tyD/4g283HquUDf7nP/ph07ovvbLMb7yy3PhdU5pfq089cZY/+svdq8C6LHJqf5h0RKZYs/nWmY0tx2vcr8JizeI7Z4vcuS9ESBEHuvg6jtsy8fzlshtN3IKmiLznaAxBcA1mv39hsHYux4GFnNGWvLOX5CoWz10qNxJ7AgICAq53hp+y4tHjC0LSsNN3IxTnMXOvk18+Rzg5jRZurUXdHj06jqSGqOZXKC99Ay1xG1r6gd77HxHeYHc7g0RvQARbIketNtrqO8dxGiLHIOvU69d3+pZ/nNBcubD1d28MMqz7fUmSmgSEUSXL7JSOYy5RxjG997L93DAypwHbjYMdvxVhmxl+LyrVETovdzlrMJ+p8ZM364CNgINlSY12ojcu/bghbkRCUd576qMcnjnW0UcjnZrm0MwxKvUK1VoZ0zZRZRXDNLadLO50zACyrHB07iSCIBLVozx028N9b8djduIAEd0dp3njy2H6vQz6cW0VLErVAi+ff7ZpmUqtxPdfeZKbZk5sK/wFAoePVrVUkiQEQWhc9DsJFn7HY6/6w2OY5WSegal3UfL2NcoLk6jEicw9SmX5SUrZi5sJKxNIioI4OUk9k8Wuts9my4lDuxY3bLPK+kuPUzdLJO77OSbGdyduOA6cX9v6Ah4Lb330s2WLl6+6F6rZhNIwXNSV3if6pUydS5k6qbBETJdQJYGa6bBeMocyAy6LAu84GGYi2nya2g681qGKYJT85P/wRU7/6S81fv/O7z/KiV8dPPb11953tPHzJx97mT9+bDglbpIIyU2hSRIhHpLa0m0cB/JVi2+fHa4fiACkwlJDMEmFd3ZZvZip75nAUTHsRpVJoWIxn6mz1iHCOCAgIOBGYPjVHH68+7iWwWf0ILY2DtlXKWWuYtbLhOPTCAPOuCtqGGXiEJXCCpX8K5stKw8ghWaHdPz9Y9s2tVqtZ7WEN/HniQ3+So6d0q1NxV/F4VVj9FNlci3FjdaWk15/77dVfZj4B4bXo4Fpx4jgzYoLN1GlfR3bKCGFp1An7kBQtjHS9MZzgozTYWOKCMcnFI6kuvs7eIS0MA/f8zF+5t2/hq6GEOivQtgwDS6vXOD05ZcbrTLgnlvVapVarYZt242qitbPfESPsn/qCLIoc2j6GND8XvY67k4i2ihwHJtCOUdIC28bgeuNof0Cx/dffYrLy+cB0BSdmuFeH7714l9z17H7ufXQ3T1FmUDg8OG1pciy3HjRvJxtLwq2VWn1/Do8MaR1W8PEM4nyLk6e4ehII6QEmdD0BxHXvkcl/yq2bRBJziKIIlp6vKP5qGNWum/PsbGNMo5RwjEr2FbVXd4yXCMh28RxLKzyKnoYKvPLbPzwMdKP/E67wdAmVcOmbNjUDIeq6VA1bAzLwXIcLNv1XyhU7aaZacWXtuK9bYokENF8AlWf53y2bJEtD3fWe19S5eS0TlRrf87n1mrXJD3l+Mc/zeP/5qMcm40jCDQJHoMyTHHDw3sftzoT9w7//gbsnmqwUbUo123C6ujbVL51pnhNfD8CAgICRsXoRA4vUrYVB0eJwOT9CIUz1PJnNuNkp1C0wSd5QvFJZC1EObtM6eqX0FN3o47ds+ujHxRPHFAUpeMsqSAI2Lbd8MYAd9C8W5GjHyzLanjR9eJamYr6xwW9/g7DnQR9q+HFGwuCgGGDaBmbPmedb7DU8ZMgiH1NrrqCgoC9WeXRqTPYm0Tu9h5F9BiHpo8xM76PEwfuIKSG3QnyDp51nVBklXikveLL+2x7Ik+35+sa59vbimR+AaDTtvxtUcMWu2pGlWdee4pkbJx8MduUhtJ6jN7Y1juOC4un+a/f/VO3ygV43z2P8uzr32E9v0yhlOOzT/wJ//3PzjCRmO56vgUCRwueQizLcpOzsV9Y2I6d+nf0w163qnho6YcQpDDVzLM4pkl0fA4EyTUflSWM3Jb5qJE7jxzdhxSexDZK2LUcdjWLVVnDqqyD058YEEqOIWkauYvnWX/lK6ROPowjipiWgWnXMKwa3zsfbmpF6Bd/akUyJPGeo1E0WWxKU8n3iK4cJYfHNe7a19mdfWXD5LXFHgLSiHn0t7/Elz/5KEdmdl6h86knzg5d3Hir8O2zRT50Mr5jkaQflgpGIG4EBAS8JRluyoofT+QQWh5zseNHQR2D3OtsrF5Gj40TTkwNvBdFi5GYilDKLVHNPo9ZXUQbfxBJG0VEbnc8kaOXueewRY5+qjjAvQ9ubQn3YxjGaCf++qBbFcf1WDFxPfLV0xXmUhbHJ3U00ULA7lkZJWrthumd8GJhRUlhuyGd533YSQQ4ceAOJlMzhLUoqqz1/DwOgncO+VvAOn1mchvrfPO5L2CY9YZZ6E64/ci9HJw6OpLP5VpumT/7+h/2XMYvCHpj7sXMAn/1rU+xml0CYHJshg/e+zeI6BEe/95nqdUrnL70Mv/+8/8bv/yB3+DYvlsDgaNfvF4/Lzqrl/rlX8f73zTNkV1cvYoN70TyhJdBHaJ3IoioqbsQ5AiVlafIL18kMj6HrOjI0RiCJFPPZDZlRZvK5acG3n7HfYYipI+dJHvhe6z9+Mvox+5DP/HOxt/vOeBWj3hGpP2SLZvMJbdKvsZaEkoqhs2F9WuT6DCT6HxarhZNfnCxtKOUjmHykX/8+I6rN37/8y8PxXOjE7YD3mV+UBPa3SL79tfJo6NfKobNudUaxyZH06pSMx2emd+d6W1AQEDA9c5oUlagW7sKCKCPY0+/CyH7GtWNi1i1CnpyCmXAOFkEkUhqFkWPUM4uUb7yObSxB1CTtw3jCQyEV8nR6i/n0Unk6BXdOCwMw2iqhvAwTfOaJqb4U0BaB6f+Yx2mR9+g7CbtcdhJkR6dhK2lgkFMFbgpbiBIylAG4Y69GTfbpyjQTWBIRFPUN1smTMvEtq2BhYZqbbB7Ma+K3bIt3lx4ldfnX2z4gHSkVygUoKshqvUyB6eOdl9o1/hTgjqPi/3nyotnf8Bnn/wTzl85DYAoynz4vp9jLn2Ijz7wC9SNOl/6/mexbYvXL77Iv/2Lf87P/MSv8dCtDxPWXZ/AuumO3QKBowdetFRr6Uwr3oVqu3YRr+Rot7S2vvR70g9j/0rsGKIcobL8BMXVeSLjsyhaDCkUQpucoL6exRlya44oy4wfuZn8wjzFM89gl/KE7n6kKSbJu5HxZm+242KmzpEJrc28E9xB4I8ulQdOwhgWmZLVZKhq2Q7n1mq8vlS95uKGx/GPf5rf/Tv38avvO9L3Ov/sP/1o12kp3bAdKNZsUmEJWRRIR2WWN4y2quJhvHytZ5sowGRs61JaqO5O3HxlsUJYFZsEuGFQNx2ePlfclQATEBAQcKPQXM0Bu6/o6PNeK3UStDHs/Jts7CJOVg0lkNWwW82x/n2s6hL6xDsRpAEFk13iVQl3awvxRA5FUXbddtFvFYd3XH6vENu2rwvDTM/Lr2t7gc849Fpg23bj2DqNCfytEZ0Ejl6mp/5t9/scu0UE102H3BvfpHJ4jujsyb621YybuOIdpeMAgoyNgNBI5mhu4ej2ngmC0DgPWv0wNso5FjMLAx/dSm6xyX+jdX+tr68qazjAUmaB1y6+QKmyMfA+/RiijN1FdBgGydgY7zjxE6QTU5SqRd68/DJvzP+4aRnv9V7JLfLUC1/iiecfJ7eR8f7Kw/d8lA/c+zdwHIeQFuUX3vd3AIfHv/dZHMdmPb/Cf/7Kv+Pswqt87J2/zOz4foxNM9pA4OiDYflceJUh12o7w8oCl0KzhGcfpbLypJuwMjaLFk4iKirqxARGNoNdHX71Q2LfQSRVJX/1NHYlT/jUI4gtPWzejcx2FR2G5fDsfJlT+0PENn036qbD0obBG0tVStcwJvONZVfIGI9IVA2HC+s1cteoXaYX//JPnuFf/skz1/owAFcE2qhZrsAhCRweU5EEWN4wsTe/JGzbTQoxdzjAFwBZEkiFt1R6SRSYjMrMJtwvPAeG8l49d6mEKEaYiQ9H5KibDs9eKpEPElICAgLeZrjVHGvbLzgw3as5nPAUpj6GkH2Vcm4Ro1oinJxGkvtPAQG3lD42vp9aMUMpd2HTgPQhlFj/kwvDwF+Z3G1gO+oklVa8NhqvuuR6EDc8uokc11rcgOZ0yE7vpVcd0+nv/vFHp3W32/YgKLU14gtfoaLdTTi9D1GL97We4wjYjuAWMAhbaR6i4GA7QtNj4FXcuI+5Ea7tiZj+oIfW97RYLvDSmeYEwWHQKrikYmluOXSKieQ0Jw7euevtS6LEwemt68iw21QieoxfeN/fJhZOYlom//Yvfq/jcgurF/i/P/e/cuHq1gSoIIi8/55H+eX3/waKpDY+S7Kk8IsP/zqypPDNH32RQilHzagyv3xus1VIRN6M7A4EjoAdIapJIrOPUl19klJmHts0CMUnECURLZ3uaD46DKKTM8iaTnb+HMWnP0P41CPIEwd8S/Rf0bFeMvnGGxskQhK2w3UVj/nmyt6mpNzoGJbD/HqdqZiCJgvIksBNaY2b0lutHg5Qrtl870KRYm2wGwxBcL1a3nUk2tSO0kqlbjel9ewU24EfXChx51yIQ+Parjw5ynWbH1wsXTNPmYCAgIBrzWhaVvwX5nZ/DkdUcMZPIWjjmLk32Fg5j56YQo+kBt6TFh1D0sJU8stUVp7Aqi6ipx8EYfd9//2yVwPzQao4RmHoPyxaRY5+xI29al3Zbh+9/r6bdVvpVr0BMLH6TQBU3aa2/CPUiTuQ9LEtR/m2/Qo4CNiO70x0XGEDRBBEX/vyVmmHg7MpeHgPOA2fFw8vKchrM1Jk92fbcRAFEbHDMZnW1udSEEWklqAEB7AdG8exCYeafe06WSNMpKaZAA7NdGkp6aa39kBg++qVneKKDa6gK0vtwpDHvonDPHTb+7myOo9pGYwnJvnwfX+TD77jpxvihnfeiKKIJMr84sO/zq2H7+Ybz32Bl88/xyP3/xwTyWm30kxypY1A4AjYOaKCPvUhEJ+mUngN2zKIpNxYM9d8VMbI5Ye+Wz2RYvzYLeTmz1H8wV8RvuP9qAfv6LhsPxUdwcDvxsd2IFM2eWa+xF1zIaK61KlDGkUSiOvS4AIHkAhJXcUNx3ErN567VBqqgedLVypcWK/znqNRZGmwLx+3tanO60uV66a1KSAgIOBasdWyMsqkldbrtIMTPYClj6MXzlPOXsaqlwknphEG7NmXFZ1Y+qAbJ1t43RU5xh9ECu8b1pMIGDL+lo1+B/7XusJjr+glboQ3zpDIvUxseg5JUbHKK9Su/sAVOaIzCKJ/+Cpg2QKC4GBvChoOAqIgIIpS3wP3rTZ+pxFL625LbDMQ3T95mHR8EqtDi4dlmZSqG1xeudAoFUnF0ozF02hK5/YyXdGJ+EQO75hrRnVzgG9hWPWRil/JHm10ozLH9Z7PB+/9KVayi4T1KA/d+j4OTh9req5ey453PomiyK2H7ub4/ts5s/AqJw/e1VheEgOBI2BI6BPvRJTDVDPPYVsm0bE5BFFCjkYRZIn6etZfDzYU1FCY9NFbyF46R/nH38Qu59FPvrvDkjvz6Ai48bAdWCuafOdckSNpjcmYQlzfUtZtx2GlaOwoYtd2YLlgslo0SfsMaS3HIVu2WN4wOLdaG4mQUKhaPP5qnoQucdtsiIlo78t23XR4Y7nKfKa+43acgICAgLcqbpzssFNW8G2vw1SqHKE6djuCHKaWP70VJ6v3V3bvx42TDVPJLVNa/Gv01F2oY+/Y9dFfTwxSxXG9E0TBttNL3ACYXPkmsqoTn55rPGYbRWrLP0KpHUGO7UfUEjiI2HgC0uZAXBCRenigdMMf0ep5yTibGzZNA0HYEjrG45PQ49QtVvIsZa5gGG5F71z6APsnD+P6gjQb0frxf1ZMy+RbL36Zi0vnuHD1Derm9ulEpmVgOzYCArKsNCo0tkNRVP7ez/wu+yYOtxwPlCob1M066mZ7XblWpFofbpW5poT4xCP/AGlT9G0VN7xoav97I4puO8rJg3d13GYgcAQMBTV1ajNh5VtsrM4THptFVnQkPYQ6KWNmMtjGsM1HJcZv2jQfPfscVilP5J6PgNA9+6lfj46AG5ea6fDaUpXXloZ7Aa4YNt89VxzqNvvFqxD57rkiqiQQUkVUSUCTN121HYea4VA1bSqGPWw9MSAgIOAtxehSVmCrmqMVByd+BEdLIeXPsrG2gBYdI5KcHngPihZFmYxQyi9Rzb6IUXFbViRtYtdHHxAwSrYTNxKZZwhVFogdvKntb45Vw8i+iVVepaofQosfQNXcgbcgikgDVGx0w/Pg8Co6nM2Kjo2NAqqqEolE+tjGZhWxIGy2sEiA0DDklSSpIaZ0wnEcbMfi+TM/4NXzL2CYvVufBUHcbN+QkER5KxijT4EjHklgWkbj+UdDMWJhN3r32y99hZfOPYMsyViW5ca0zr+MIIhdk1EGwXsNREFsCD+Xls9ib15DI1qMydRMo4rDW94zw+1mEhsIHAFDQ4ndjCBFqK54CStzKFoUSVEQJyYwMlms6vC9JRL7DiJpGvkrZ9j47p8TPvUIUrRbj2tQ0RFwY1O3HOpBW1VAQEDArhh+yoqfTi0rmz9rKYzJdyDkTlPbOI9VKxNKTqFo2w+cmnchEEnOoOgRKtklSgufJ5R+ACVx+5Cew7WlVxVHv+sH3FgIjsnkylNo0TjhVOeJSMc2Wc6WWK8toGgFYsk0++ZmUJQQwzyHvYoO23aNU0UcsusZJElA18PbriuKErFwgkQkRWJzTCIIArre/XPpFzwUSeHEgTsIaxFK1Q6JKZ4wIIpEwwnG41MYZp2Z8f2MxSZIxsZQpO2N6gVBRJU1xhOuOKqpYT7xkX9E3dgSVRzHplqvsF5Y4eraJeYmDiIIkCtmB47HbX2+XkuWPy72lQvP87VnP4dpWZy6+QH+1k/+/YZ5KNC2jvc6eD9rih4IHAHDRQ7PEZp9lMryE2ysXmokrAiiiJoex8jnMTeGPwsenZhG1jSyF89TevozhE59GGXy0LbrBRUdLv/7P37kWh9CQEBAQEDAnjO6lBXo7Py3WVKfPA5aCid/xq18TUyixwa/F1H1OPJkiHJ+mcraD7CqS6jjDyLK0d0ffkDAENlOnEovP4FsFojP3NJ1meVKjMs5t7ogYq5x5OaTCJLcMAZ1B7nNM/v94FUPtOL6eIggijjA6so6U9Myqto9EclxHCRRQpU1Qlq4MTjv91i85/BT7/qVvlr8DcukUM7x+sUXmBnfz3h8klg4iSRJfVdxeIiiyL6JQ9j2ZvWK+4SoGjXikeRmXK2DZZsIgsj02O48gPwtO14LULFSYDlzFYAzC6+2xdn6hSCvXcUjpEU4cfDOQOAIGD6SmiI69zEqK09SylzCsczGl7aSSCBI0mjMR+MpJm4+SebieUo//BzhOx5G3TZKKajoCAgICAgIeDvjTXIMt21lu4GFgBOawtDH0fMXKeffxKiVCCWmkRVtm3WbESWF6Ng+alqWcm4es7yIln4QJXZs54d/HdCtiqMfbkS/jrcy272PSnWV9Nq3iYxPoEY6i3NlQ2YhH0eWLHTF4uCxe9E2KyJ6JdDYlo0obbb0WlZjIO0+3l6BYFkmktQ8RK7WKpx98wyKZHL14svced/DHasxHMdhLb/M49//DBPJaW45eBeTqVl01TUYNYw6pY0CjuOgaTrhaLu56NbGwPPt6IUiKaiSwnh8ionkNPFw0hVldoCAgKa0P6+wHiURSbFv4jB33/wgNaOOYW15c+yGbuJS12Ps4V0yFk/ztz/yDwOBI2BEiCqh6Z9EWP0O5fwbWJZBJDkDsGk+KlNfzwzdfFTWw67IMX+e8o+fwCrlCd3yE32vH1R0BAQEBAQEvD1xDUhH5c3RJcdRkKkmjyIoGlbuNBsr5wmnptHCO4iTjaSQtTCl3BKVlaewKoto6QcQxN0PQgICdko/ItWdtW9RFoQmY1E/DnAumyIVKlK3FA7efC+pVLLjspZpIslbQ1xP3ACaElE6iRvuMu3D41RqnHtPHuS51+cxbYlvPPUVrhpvti1nWgaFUo5SZYOpsTkkSaZYyRPRo8iSwhs/fp7H/vSPKJeKnLrvXfz8J34LSZYpV4us5pe4unaZWw/dRSycbIg2vQQOr2pFFEXCehhdDSEIIrVqhVxmHdPY3py0F4qmMTY+gayorseHGkJXQ0Rbqij2Au95tu7Pn7IiiwqJyFggcASMFn3i3YhShGr2R9imQXR8n+tErOtoUxPU17I4pjHUfQqixPjhY+SvXKJ47kfYpTzRez6C01efWFDRERAQEBAQ8HZl9Ckr0ClS1onsx9TS6IXzlDLzGNUSkeTMwHGykqwRTx+kUlilUjiNVV1CG78fOXJw90/hBiOo4rj29CNuvDd5keVXXiQ+sw9R6SzGLZci2EhkK1EOHJjpKm4ATeJGbzpFO7cs4VUXOKCm55iaq7F8ZYmUHuaH5y9zbu2V9v2LIrHw1vHVjVqjzaJcKvLmqy8BEInFN4/CoWZUWcsts5xZYN/kQWLhZJuxZit+3wk35UVBENzrxTPf+SZPfPkxsuurfb4WzRiGOzabnJ7lp37p73DXfe9svB7e/97PnRJhRsEg+wkEjoCRo47d7SasrH6bwspFImNzyIqGKCtok2mMbA6rUhn6fhNzB1zz0YWzFL7754RPfRgpNphgEVR0BAQEBAQEvL0YTcuKn04mpA7IOtWxWxHkMPX865jVMqHUNFpoJ3GyEyh6mFJ2mfLS19CSd6CN3z+sJxAQMDRyr30dWdOJTc12/LthCywUUgiCg6yozMztnVjnH1ALgsjBgwdYvrKEJFg8fPNPczl3BsOqt60jSdJmXK0IfQ7KJUliamxus8VkqzXF7zHR7fhEYTNFZvNxUZSYP/cmteruxle5TLs/USNG13d8oxI4LMtko5wnnZgaaB+BwBGwJyjx44hyhMrKk76ElYhrPjo+Njrz0fQUsuo3H30EZerw9is2CCo6AgICAgIC3o5sVXPA6Co62ltXnPghCI0hZM9QWl/AjKY242QHOwZZjZCYuolSbola7seYXpysPjWMJ3BDEFRxXDv6qd54l/I865l5UgePdF1mqRhHEGwk0eH2I1PISnM6SMNjo+VUchy7yYvCrcbwLeA+uunLIQMOjtPZDNR7TFU0Ttx6gjdefQNdrvNbH/nnRJOtny8BWVYIaWEieoywz2i0EwIC0XCCk5u+gaq8tb1OLRmtx+Sltvj3MTW7j1/9zf+R2g7TKz//X/6YjXyu7XF/28yg3hk7oVDK8di3P0U0lOgp9LQSCBwBe4YU3kd49qOuyLF2mWh6fyMWbbTmo0nSN58kN3+O0jOfJ3Tbe9EOn9rRtoKKjoCAgICAgLcPo01Zga1qjubHHCWOMXkPoY2r1HIvYVUrhMcmkdXB01EiyWkUPUwlu0zpyhfQx+5DTW1nwv7WIRA59p5+xI0PH5VY+Ouvo8XihFOdJxAdB7IVjYReRggfIDzRXr3heWzMLyygyDJ1w+TAvtm2AbE3GN8obvDSj18hf/m0u76ic/SOd3Ds6NG+ii3S42niyQTFfJZQVeT4/ju6Dr77FQAUSYEWEWSQJBhBcIUQ06ojywpHT97O0ZM7i4xeXV7km1/6S5/A0b/HxtTYLPlilrAWRhR3L34USjme+NHjA68XCBwBe4qojqFPfYjq0lcorS8QGd+Porl50lvmo1loiQTaLYoeYuLYLazPn6PyylPYlcKm+eigJ19Q0REQEBAQEPB24tq0rLg/V2KzCIqKk3+TwsolQvEJQvGJgfeg6nGUqQil3BLVzDNYtUW08YcQlcHbXwICetGPuPHIcZ3My49j1TYYO9A9FrZmqziCRL4a48iBse7tHg587bOf4sr6JVQ0/tHv/itC4WYxsJDL8vRTT/His98GHCzHBEBE4oXnvsfExBQPvf+j3HrHNpOggkAqlaCQy2NWc2xsbBCLxTosJnT82U+5VCSW6O4n0i+CIGDZJsVqERDQ1BDiDpNUorE4cpOPSX9jpeMHbudXPvhb5IoZktEUmhJqVHl4lTT9pLvoaoh4JMlGubCTwwcCgSPgGiApMVfkWP6qK3Kk96Gorsgh6TrqZBpjffjmo4iiaz569TLFc89jl/JE7n6kTTEdhKCiIyAgICAg4O3BaFNWoHPSioCjpzG1MbT8PJXCG5i1MqHEFLI6WFWCIEpEx+ao6hEq2StYlcdQxx5ATZwY2jO4XgmqOPaGfsWNemGZwptPERmf7BoLC3A5F8K0BWRFIZnsnSxUrVUICREMx0BoGZSbhsFf/ec/YmHpEhIKAhBaLlCfHqfuVImv1sgIMl9+7L9QKhS4713vaVq/NTp2ejzJpfnLCDhcnr/I8ZPNIo1niOklf3Qis7rE95/6GhNT0z2fVyuO4xqU3nTzSRRVa+xPFCVKlQKWZZISJTRFb2pv8USWcnGDtZUlBFEgnkiRaKmesS2Tet31FRFFEVXrHFvttCSppKJp7jv5E43f/X+fSE5z59F3YDsOqWj3yWHHcTg8e5zf/Ol/OshL0kYgcARcEyQ1QWjqg5QXv0JpbYHYxH4kxc2IlhQFaWqCeiaDVdlZ71gvErP7kVSV/MI5Nr77Gdd8NL5TgaK5ogOCqo6AgICAgIC3KnuTstL+N0cQqSZvIhKaobb+fQor54mkptEiYwPvSQ8nUdQwldwS1bXvYFUX0SceQhA7D2QCAoaFJzLlX/8agiASn+5sLOoikK/HCCk1RD2GpnWZkNwcRyuKQt2pISI1NVVYlsWXH/sLFpcWUdDQCyVm7jrF0Z+6C0ENU82t8vKPf0j96iqGUeLbT3yeAwfnmN5/tLGN1uhYSY+iyyY1U2JtNcPRm+1GcUlr5Ybfq8ITPRzHYXVpkT/7f/6gr9etldkDh8YNG5kAACAASURBVPjE3/snHL/tLgBkUWYqOYPtOAg0iyqtXhl//Vd/xte++BdIssyHPvbz/PSv/N2mbWcz62zkXcuASDTG+MRUYzt+/PGsnleItx9/wgrAr3zgN90kGcE91k7pMN7vtx++d0eviZ9A4Ai4ZohqitDMh6gsfpXi2gKR8QPIm0okgoA6Pk49l8Mqloa+b9d8VCc3f47i067IoUx3NzgahKB9JSAgICAg4K3L6FtWoHM1h0NJC8HUO9Hy5yhlL1LfjJMVpcFu6SVZJZo+QHVjjXL+LHZ1CS39AHJkECP2G4ugimO09FO9AVBZfp3SwkskZua6xsIC1C0BUbQwbYmjY3Lv9gbBbX+wsRFpjlZeWVrk4pk3sB0TE5u7Hn4vH3j0byL79n3Xvffz2T/+dywvLVOuVnnjpR82CRytiJJENJWmuuJeAyzLbGrr8JJFWqNNVVUjnhqjWqkgimKbcNKd5hY2XQ+1vwSCiOS7XLSKDB4bG3mKBddfo1opt20ns7JEpbQBwFh6kkSqWUT1b8+27UaqSjdzVk9s8VpmbNtuHJ/3z3tsWJGzgcARcE2R1HFC0x+isvgVSpnLRMb3IytbMwhqMokpyyMyH00wfuwWsvNnKT37BUK3vQft8N1D236nG59A9AgICAgICHhrsDcpK9DmzyGp1MZuIaxPU13/AYVamVByCi08eC+/HksjqWEq+WXKS99ATdyGnn5w10cf8Pai39YUgNyrX0VWdaJTcz2Xr9syti0hiBZWeKbzQo0iAAGjXkcVNGzHalrk8qULFCsF9GwFeXaK9z7ys03iBkA4GuVdH/lZvv6Fz1GjQq5Q2/b5jCVSFNZXqFsC9Xq9IXD4hY3WAfvx20/xD3/vk1imue32exGORNl3qLsA4x1HpwQWT0xo/dljefEKYxNTFDcKTEzPommhxvb82/WEiV6JKr3ECm9dcMUOy7K6LjsogcARcM2RtDShmQ9RvvoVimuXiU8cQJS3LjxyNIqoSNTWsm7j2RBRdJ2JY7eSnT9H5ZVvYZcKhG5771D34add9HCfT+DhERAQEBAQcOOxN9UcrSak7u/l8BiC8m7E/FlKmauYtYobJzvgDKiihVEmD1POL1PNv4JZuUoo/U6k0GDeADcCQRXH8BlE3Mi8+Dlq2QXGbzq27TqV+tbPiVgHn45GkZOvJQRh8+GtxxYvL2I4VYSxOAeO3oKud27FOnzkCP/N3/0NQECVth9vJBJxaqZCQi9hGM2+gZ3EDQA9FOboiZ2lm7TST2xq6/67Rc76uf3eB0iNT5DLrjG3/zCCbz+9BItu2+4mXPRzLDslEDgCrgskbZLwzE9utqtcJpo+gChv9dqJWghtSsbMZLHqwzUfFUSBscNHKVy9zMaFF7ArecKnHkGQu5fNDXHvQPcbo6DiIyAgICAg4Ppn9Aak3sCiuXXFUaLU03cRLk5Tzb6AWSsTTk2haIPHyYYTUyh6mHJ2mdLVL6KP3Yua2iZR4gYkEDn2Fu+1Li28QOHc08QmZ9DjvQ1DAQxHQxRtRMFBkrcfsnoeHFJjeLspBJYLri+HY3P7Td1FO0mSSCWT9KzGcpyGoKKEIoiiRcnQMepGk6moX9yo16pk1lexrUGqNlrP9+7LiZLE9Ox+AIx6vefSq8tXyGe3rlMbG3lWFhdIjU9uPj2HRDJF+NY7MIw6kiQ3bVNR3bFRt+qQVkYpYrTG6Pp9PQKBI+C6QdKnNj05vkIxc5nI2IGmC5ooK6iTE9TWM9gjMB+Nz+5H0jRyl8+z8d0/J3LqEaTE4FFsw6RTxUdQ7REQEBAQEHD9MXqRA9oHX5vJCNFpovpHqK1/n43VS4TiaULxyYG3rmgxEo042eewqouo4w8iqdsPSG8kApFjOGxXveG9xmY5S+b5z6FFYsQ3B+P9EFZq2E4HwaFD9UY3NN9YImeH+9hra2Rz5780PC5wOgobHl/8zKd4+sm/plap9LHv7Y6gBUFAD4X4p//6D8ln1/nzP/4/MYzeIsfVhfnGz+feeJl//8nf215HAWRF4Wd/5b/j5J339HNkI6Nb+4+/ZSYQOAKuKyR9Gn3qg1SWvkopc5loej+i2JzFrI2PY+TzmBvFoe8/Mj6JrGlkL56n9PRnCJ36MMpM7x63vUUIqj0CAgICAgKuU7zv4tELHa0IFGVg6gH0/DyVwmtuNUdyqpFS1/+mRCKpWRQ9Qim7iHH5MfT0g6iJW7Zf9wYiEDl2R7/iBkDmxcewjDLjRwZpz3Ao1kKIotWX8aRhGKiChun4KyUEqtUaiqBhOnVss91zwhUqnK4mpq0pKB6mUce2JWKhEqIodDUWBTeatbRR2P4pD4ggimibMa62bbO8uMDa8mLf61+Zv9D3svHkGLXa8CeYB6FVSPKn0niCk23bgcARcP0hh+cITX+Q8ma7SnziAAjNjshKIoEgyxjZ3ND3r0UTpI+d5P9n772DJMnuO7/PS5/lq31Pu/F+dmct1sEud+GWBBYgeCTvCEokL8SLO4VCEhWhCymk01+n0Ol0p7jgkQpRJIIXBI8gYQiQsFwAu8DurN+ZHbPjp2fau+ryJt3TH9VVU22nu6d7dgabn4iKmcp++fJldnbVe9/8/b6/zPAVSm9+B+vIR7B2v79q5XoITU1DQkJCQkLuDu5MNMdKCKrJncTsXqqzJ8hNXSOS6saKbXw+YNhJNN2uR3PMvlwvJ9vxBELdoGByG3z6gLXu6hybIRQ5NsdGfie58/9AeeI9UgO70Feo/rEaplKPRFCQlEplEol4/QerRG8IRSCRyyIf0p09XL92HoCxy2fhw08t3k8IQOD7PtMzc2iaShBIurvqUdxSBogl6xAApVp/0BpIgWEYzYX3Uj700Wdo6+ymUtr6B7OKopBIt5Fu60BVVT7yS88xMX5jy48D0NW9g97+oeb7htjQahS6nSkpjWMuFTkCWS9TGwRBc1socITclWiRASI9z1Ke/AGF2RFi7YOLTG4AtGgUoao4c5ktNx/VTIuuA4fJDF+lcvYlZCmPfexjbL1L+vaysqmpCIWPkJCQkJCQbWZ7q6ysTdEwoftxzPw1ytmruNUSkVQP6gb9xRTNIN4xSLUwRzl3Fb8yidnxOHps9zaNfDmhyHF3sRFT0erMZebPfp9IuoNo+8bSvm2jPrc3NZdCsXhT4IAV/5w0re7BoaEv2t6/s4/Tb6hYM3nOc4q5mWnaO5enbw1fucRffuUPUYVKd28Pv/Mv/iUAirJc3ACYLpQQQlKoRrAj9dSXd6++Qa6Y4YF9jxO14wgE/UO76R9a+e8lCAI818WpVanVKvieRyAlAoFQBKZpYZoWumHe0ock1dbBF3/795v9bpXY0FrqdSmN7UurqmwXjbEoikK+NM/PT/8D1yYu8IWP/jY96f5Q4Ai5+9Gig0R6nqE8+SOKmRFi7QPLwsdUy8Lo6sSf33rzURC07dxDfsKgMHwSv5wl+uCnEfq9/iUowzSXkJCQkJCQO8CdqbICS81HQYJqUksfJGr1Upk9QX7qKtF0D8amysm2o5n1crKVqRfwKxP1crKrhPXfa4Qix9bRuI7S98i88w000yY9sHPD/RiqjyICar6Bkx+FHb2LysIuRQYBCsvvx/6BPURjSeaDGgqSH3zzr/ncb36ZaOymYJKZvMo//N3fIgmQUmHfvkPcygmjUsygiABfqhiGgePV+O6JryGRdCR72Nd/BE1de6ktg4BSMc/M5Dgzk+OUinl830cI0HSDru4ddPb2kW7vXJfRaoP1VFi5XVqFj4bA0RrNsZ1IKRmfG+G7r36N2ewUhm7ye8/9QTOiJBQ4Qu5qtOhO7O6nqUy9QHFulHjHAEs/bFRdR+3sxMnM42/AwGe9JHoH6r4cN4apvPx1jPs/gZZepR73Xc/aT5DCNJeQkJCQkJCt585VWYGlC7OSnSA+8AWcuRMUM2OYtTKRVM+qngOroRk28c6d9XKy+XP4tQnMtsfRIn1bcwprsN1RHBCKHOthY74bX8cpTNOx9yBsYsGtiQCJxPNV5vMBg76PqqirGou6noshLFy52GQz3dbGkfuO8uaJE6ijk1wXl/iT//CvOfbIJ0im0kyODnP5zNvkyvPEZ2rouwbYe7SRmr6yyOF5LpMzFUzFB6GhaRqvn3mRd6+8yY6OASq1Un2sq1Aq5HjlJz/krRM/ZXpilHx2nlq1ShDcLKkqhEDTdWLxJO1dPew7fIyPffLz9O/cA4Af+ASBj1AUVKEuSo954e+/ztTYCJ5ff/grGlWX1uMmurCHIgTJdAfHP/QkAzv31iM0ZLDwr4/ve5RrZTRVJRFJN8d8J8QNIQSDXbtoT3Qym53inYsnuDR6hn19R8MIjpB7g3oYpKQy9WMKsyPEOwaXNxICo71t28xHI21dqIbF/PBVij//z7Td98sk9n2UrDPKvZa2spilT3yWs3hCFlZxCQkJCQkJubupl8e8+d0uKFCC9vuImL1U59/ErdVTVgwrvkY/K1MvJxulPD9FeeK7mKkHMNsf3soTWJE7IXKErM5GxI3CtdcoDL9BorcPM5bY9DE77BIz5QRIh1K5RGKNvhRFwcdfcUb7kU9+DqkovPbyi/i+i39jhlcL30YVGlVZQSCIZRwY7OSTz3+Rnh1ri3aFYgFk3fGjf3AQx3N46d3vEwQ+jlejM9WzSHAI5II/BIJTb7zCd/7qzzh/+p2mGFAXMbrQdKO5n+/7VCsVcvNzzM/NcPm905z46Y/41Od/nee+9GVURcX3PSqVAl7gEzGjWEbd42Ry9Drf+8ZXb1tsSLXVBQ6AqlNmfO4GE7Oj5EoZpucnuDh6hr19h/ndz/53i8xYt4vWSJGIFecj93+aaxOXyORnefHk99nffywUOELuHfTYHpABlemfUpyrp6us2G5bzUcTdB04QnZsmMy736GWuU7b8S+gLtSaXy52rLvI0/vI0vHdasw3q7iEkR0hISEhISHr5856crSkqrS8L8c6idu/TGX2ZYqzI1jxdiLJ7g33rpsxkt1RyrlJqtl36tEc7U+gmts7Nwj9ON4fNiJuOPkpsqe+iZVIEu++veiermiJmXIcQ5TIZ3Mk4slV20ajMbLVLDrWsj8vRVX56DO/TKStjzdf+HtyegZNagR+gKqoxPQU2gGN57/4X9I3OLSk5+Vz4+zcPFJK3EBn565dvHv1dd67dgqA3rZ+etr6m23L1QKaZmBoJtOTY3z9z/+IKxfOAYLuvgGOPfghHnj0w3R092LZEYSyIHB4HpnZaS6eOcnJN17m6sX3yM7N8J2v/Tkd3Tt4/GPPomk6qqfi+i6e7yCliRAK7V09HHngEQq5za2Hbly9hJSSaktkvETiuA6ZwjRXJy4yMTvC6PQwQ917NtT37UR5NHw+Gn08dOAJvv/61xmZusrr517ilx7+HDu794UCR8i9gx7fh5QB1ZmXKMyNEF9F5Giaj2bmIVheDup2UHSdtp37KM5MkBt9l9rcddoeeJ5I71FSRv+itllnbEuPfedYnzBTFzrCiI6QkJCQkJD1cuJaR4vIcSdY+n0uKKgeqYEvUp05QTV/ZqGcbA+asdFysoJIqhfNjFCen6Q0+g3M9scwUxspBXr3EYoci9mooJQ5+XWkhGTfzts+tqX52BRwfIPszCi9vb2omr5i20998depefVUGNNcfi8rqsqHHn2Eo0cOMjMxRq1SoZAvEI1HiSfb2dE/gKKunEoTBH7TbNT3XHLzUwB0dNT9bH7+7o+ouVV03eChA0+hL5j5ur6L4zmYRt2E9I2fvbAgbkDvwBC//wf/ir2HVv976ert5+CxB/n4Z77A1//T/8OPvv01SoUcP/vRd3j4iY+hGwaqqqN4DkEQ4AcBmqrw7K/8Iz7+6edveX2X4vs+V86f4Y/+zf9KLrP4c0pws2pJqVIgX8qCEBzb/ciidksrq6xUYrfxs9XatbZdWqWltSxsKtbO8b0fYmTqKuVaiRNnfsyunv0rOLGEhNzFGIkDWB1P4VYKFDMjq7ZTLQuzqxPFWPlD8HaJdfbSse8wCi7Tr3yF+dN/t6xNyuhrvuqiwVpq5a1+fqcQLH/qs3b7x3fNvU+l8EJCQkJCQu493v8HA4KsM0o1WTdzl4FKfvoa1cLmhBfDTpLo3o1hx6nNvUp58kcEXmmLx3xnCVNh1k+rGDR/5rtUZ66SGhxCM83b7rtWzKPlr1J2LLIFn4mp6VXb9uwYYmhwgKHBgTVNNqPRGDv3HuDAseM8/OSHOXTfg/QPDa0qbsBN007fcxkdn6BY8gDo7O5nOjfBpdGzALQnOjm+7zGgviDXVR1TN1EWFuxjI9eafR48dpzdB47U21L3t/ACD893CZY8oI0nUxx/9Kmm0ej4yDClYh4AU7cwNAPHc3HcSr1sqqpiWvaGX5FojP6de9D15esnXTdJxdqxjCgAnu/y+NGP8cihDzeFh0aFk6UvVVVX3d5a9lVV1WVtl75vXNvG68H9T2DoJr7vcfLya5Qq+VDgCLn3MJKHsDqexCkXKGZWj5JQNA2zsxM1sj312s1ojM4DR4l1dJO7+FMmX/xDnNz4im1TRv/CqyF4LKVVWNhiAhecHEplAiV/BSXzLsrcuyiZMyiFYURlGuGVVxnT+oWXUOQICQkJCQlZH3dHmqekqOtEBr6AHttLOTdNcfYGvufcetclKKpOrH2AaLoXrzRMefQbuIXL2zDmO0cocmwsNaU8cZbchR8T6+jGTt3+/S0DSX7kOimlgBASVfHJjF+gWCoAEPj+LXpY6Ecuncveer4d+CtHgBfLJUauXSdi1DBMg47ODi7eOE22mAFgZ+9+OpM9i1IwbDPWPGYy2dbcPjFyg/Eb1xZGJFCEgqZoaKq+TKCpVspcOneqec6xeALTqq9vhBDYVgw/cMkU5sgUZskW5/ADb9l1WFrtZCVUdWVzVE3RUBSFcrV+/fu7dvGFj/wX6OrN0tMNsWI1QWMt4WKtfVqFj0Z0R+Mcdu/YT3/XTgDGZ29wfepKmKIScm9iJA+DDKjOnaAkBNH0jpUbCoHR1oar5vEKhW0ZS7J/CCMaIzd6nYkX/j3p+z9HYs+Ta+7TKnJsRSqLkC64ZfBKdbHCW/i/X0F6i7+cVFUHIZAyICh5LRZkAvQIUosh1QjoUdCjCC2GVE3uDU+RkJCQkJCQe4M768mxlJvHy3kzkN5H1O6lNvcq+akrRNK9mJsoJ2tG02hGhHJ2ksr0T/Aq41gdTyCUe3PJ8UFOV9mIuBE4JTInv4lhR0j2L/Ww2By50WHcWoXuR36Ltng/p94+Sb6scmN4hMNHDqOsshBfymaML1eK5pDS58a1G3TGcswUk3zoiQdRFIVzw+/guHVRcH//kXoaR0sERmvKxYeffY7Xfv4CU2MjnD/9Nn/0b/4XHnz0w9z/6JN0dPdimhZCEUgJrlOjkMty+fwZ3nzlJ5x5+3WklBiGySc++6vYkejN8QoFIRTGZobRVL1eZaR7Dx3J7lVLty41Bb3VdfIDn/mFKC9N1fnY8U+zo32g2a8QglKlHlWiKCq2GW3+zAtcLtw4TSY/g6KodKZ62NmzD0Mzm2JO4/iOV+W966fIl7IoQqWvc5DB7j2oC58hS1NbTN1msGs3V8cu4Hku566fDAWOkHsXI3UUCKjOvYYEYquJHICeTCA0dVvMRwHsdDtGNEZ29DqZk9/EWTAgVfRbfymuHNGxXPgQgYN066KFcEvglRF+Cbwq0l8iYmg6imaiWjaKlkTVdIRioOrGorJwMvDxPIfAqxF4Lr5Xw3dzyNrMog9nReh18UON3hRB9AjoMRA3P0Ye3zV7F4TehoSEhISE3BvceU+OBq3mo/WIzZIVI97/PM7cCUqZEdxakWiyF7FGucuVUHWTeOcQlfwMlfwFguokVsfjqJGVvdPudj6IIsdGxA2AuXe+jlfO0rn/yJYcv5yZoZSZIXX4Wezu/QB0dnUyOzNNNT/G5Us6e/buWbXUse97qOpay9xGlDIL1VDWXuAHQcDw+bOUC3Pk/CR9A/3Ytk2+NM+FG6eRMkDXDPb2H1oxQqLR946BXfzql3+fb//nP2NqfITrly9y/fIFvvetvyQWj2OYFoqi1j0HKxUq5TLVcrFurKkoRONJPvHpz/PhZz7b7LshVAQy4Mr4BaT0kRJMw6JjwUA4CIJVozYaAsytBI7W1Jldvft55OBHFvU5m5viz3/wH5jMjHFs10N87IHP0N+5i3PX3+G7r/41Z66+Rc2p31eWaXNg8Bhf+tjvsrfvUPMczg6/zXde/ipnrr7TLHFrm1Hu2/sIv/Lkb7Bnx6EVz2VX7wF++s73ADh77e1Q4Ai5tzFS9wFQnXuNEqweyUHdfFTRNJxMBrlK6NntoBom7bv3U5gaI3/jbZzMddLHn8fuPrj+ToIavpMlcPNE3DyBl8N3CgRuDhnUFj3fUXUDVTUQto2iJtH0BVFDNVatEb4Uoajohg0rGIsFvkvg1fA9B891CDyHwJ3FrziLEmqEZiPVCFKrR3zEgCKhyBESEhISErIe6iLHnU7zXLnqW0EWSPV8CnX+FNXM6/jVCna6G8PaeKlPO9GJbkUozU9Rmvg+Zup+zPZHb3vk70e52A+SyLFRcSN/+SVKo++S6hvEaIkq2CxerUp25DqR7v2kDj3b3L5rz25mpmcoOxaViSmiiQi9LVVafM9tGpCuLW4sHMd10fR6VPPas2bJ2MQI4zNZIoaH62vs2r0LgKnsOLP5ui9IW6KTnnS94ECrIebSCIUnPv4p9h2+n5//6O9468RPmZ6cQMqAQi4PIn9z/yBAVVWsSIxYPM6eg0d5+jNf5MCxB5alaUgpqTlVLo2ewXVrIBR27di/aCyrpaY00j5aIzqSqTbm52ZItt1MqQkWUl40VeP+vY82jVQb+81kJ3n38htUnQqlSoGoHedn7/6QN8//jMnMOEFwM6WoWqtw6tLrzGan+L3n/oAd7QN897W/4c3zP2NibnRR20qtxGtnf8psdpL/5lf/t0UleBvnNNSzF13TcT2XsZnrocARcu9jpO6rp6tk3gChEE31rNpWMU2Mzk7cTIbAcbdlPPHuPoxonNzIdaZ+/iekDv0SqcOfav5c+hUCJ0fg5QmcuogRuAWkmycIaov6UjUTRdXRI1FUPY1QdVTNQFXNbY9mVVQdRdXRTGi1iRLIZtSH7zn4rkPgVQiqOfySx/3ae/X0FrsHafcijZuTorsj5zgkJCQkJOTuovH9+P74WTWeZtcfX2SdMYi2k4h8jsrsKxRnR7HibUSSq8+vVkMzoiS7d1PKTlLLnsKvTmJ2PIZqdt3WiN8PkeMXnc1cz1rmBplT38ZOthHt3Pj9sRLZkWsoqk7bA19ctF1VVR569BEuvfcObrXEyOWLOGWH/sHBukfDKtVVGkgp61PnhcWxphus5DPn+37Th0I6NYZHxpibGQMEihLw0H2dTdEik5vBXUhPaU92EbUTK1b9qB/25sS9s7uX5//JP+XZz/0jMrNTTI6NMDk2QqVUwPM8FEWg6QbdfYPs6B+io7uXRDKNaPHmaBUrhBDM5Sa5MXUV3/fqwgrKImFjaeTDalEblh3liY9/ioHde+nuHSCZams5n4Ad7UPs7j24bAwAgaw/QM7kZ3n3yhtcHDlLEPhoqk5nWzd+4DObnWq2H5u5ztd+8if0de7khTe/g5QBhm6SSnbheDWyhUyz7ZWx83z7la/ye5/975eVmu1t76ct0clUZpxStRgKHCG/GBjp43WRY/4tgLVFDk3D7OrCyWTwy5VV290OZixB58Ej5EdvkH3vH6hMnCQ6NIiiestEDE03UTQDJRJF09MoqoFQ9YUP3rvP80IiUDUTVTNZ+lUS+B5erUitUsDNX0Hkr6AYSQK7Bxnp5fG64B0KHSEhISEhISvw/gkdyyuo5YVLqu/z1OZeo5p9F7daJpruRjM2/pQ+mupBtyJU5qcojf4tdvuH0BeicDdLI5IgFDpun/Vew5VSU1TNID2wc0vGkZsYoVYs0PHIb6BFl88VDUNn9/5jnHzrbaJGlZEbo5TKFQ4fOXzLvtfrxdEQN3zf59x7F8nnsghKCBFlT7+DcGdAughhMT1/s7hAOt6BqqjNNI6VSqAuJRpPEI0nGNi1b11jW9pv47yCIODEmR9TrpaQMqAj1c2+gSOL9rmVB0cDwzT51Bd+c9l2fyGqojUyJAiCRUJJQ+CQMuD89XdJxdo4svshnjz6NLt691N1K3zn5b/kx2/drD753vAphicu0ZZo5749j/LksacZ6NpNoZzjb178Cq+e+UlL25MUyllidnLReSUiafo6h5jKjOP7XihwhPziYLQ9iJQ+texJhBBEFvLOVm/fhqvm8ArFbRmPEArJgZ0YsTjFuRmc6QkiO3qw0z11AUOrCxu/SCiqhhFJYURSyMDHqeRxynnc3AVE7gKYbUi7h8cHa5y4sXo6UUhISEhIyAeZu0PokPVojng/MaunbkA6fR070Ymd6Nxwz4aVQOuKUMlNUZl7Db86gdH+OIq+8fSXVsJojttjs+JG5tS3cLJjtO/ej9Buf0lZzWcpTk0Q3/0EscGHVm1n2zbHH3qQM6fPEjVyFLNTvPFmgb27BkkkO5ulVBsEvr+GIWmLF8cCnusxOzvL9OQlamUPKXUS8SgH9oCuteFUVaRXAs1iJjfZ3K89cTMqaWkUR+P/fuAxk5tCINA1vf5SDVRVQxELVURW8BVpFSdWSjO5Pn2Jk5dfRy4IDId3Hqcj2b2m90br+JZGdrQSyICqUyZbzBBIn3Ss/tm0tJTt0rFFrCifffzXeOaR5zFbPAm/9LHfYXT6GhdHzja3JaIpPvPYr/GJh55DU+qPTxORNL/x9H/F6PQwo9P1ajNTmXFGZ65zcPC+ZWNORFI0fp/ruhtXUneWhoasdfFCQu4UZvsjgKSaPQVwS5FDTyYRmrZt5qNQPYAueQAAIABJREFUNyCNdnWjp1IoW1AT/F5BKCpmNI0ZTRN4Dk61gFPO42XPIbLneCLeBVYXr80cxV8WCxISEhISEhLSGvF4Z8WOxXP/oq6S7P8CtdkTVPIX8GoV7FQ3mr6xeY2iakTb+lDNCJXsCH51EqPtMfTEgdsa7Z2I5vhF9OHYrLhRGn2H/OWfE+vqxUpsvNrOUgLPIzdyHSPZS/sDX7hle9u2eeDB47zx6utEjCrlksO5c1dQlGEOHj5AOn3TO+LW1Vbqi2IpJXOZDFcvXkCRDjVPJaJ7BLrG0X0SRRWg6Oh2HCk9pAzIluabvaRibSv23pqqki9lOXX5NQzNJGbHscwIpm5hGTZxO0nUji8SA5aKDyulmAgheOnkDyiUcwvbFR7a/+SKIsta41t0RRbW/r7vMVeYoVjJMTM/SSKaRlkSpbJadMr9ex9tihut1yAd7+DB/U8sEjiO7XmYpx/6ZVRFW9S2O72DB/c/3hQ4PN9lMjPKwcHl0V+G3qj4yMoCR/0cZbP2bOMEWuvRtl4Q3/ebP299v5myPCEht4vZ/mjdfTh3ul4bOrF2nqcWjaLoGrXZOQi2R6gLXI/azCx6MoEWj2/LMe5mFM3AirVjxdrxnCpurYBbzuHNT/OYdpbZYIBZOcic3MndmJYTEhISEhLyfvP++nRAzpsi1fURVLsXZ+4EhemrRFI9mNH0hvuyomk0w6aam6Yy8xJ+dQKz4wmEcnuRrWE0x/rZrLjhlefJvPnXmLE4yR1bUxknO3odz63R+8CvrnsfTdN4/KknmJqc4urlK+iKg6H6nH33LIkkJJMDRBNRdN3EMk10XUNZqAgU+D6O61KrOThulVKhxOzsJE7VwdIcyq5FOlais8uiux1a56a6GSVAgJRUa+Xm9ogZuaWYUHHKnLn2FrliBiklqqKiKBqaqmHoJrt69vHIoY8w1L13mXdGa0pK6+vUldd56dQPmsc4uvtBju1+GFg5QqOVxnbf95v9Ndb6Qgjeu3GS77/+DWpOFder8Vuf/Be37LNBIprGMmyCIGieQ0MrSC4Rg1KxdjRVX9S2kSoUtxdHeLme2xxr6xh09eZnxzKBo3liqoLSYoqykmDReK9pWvPnzcFTv3lWCl8JCdlurI7HAEkldwYQtwylVAwTs6sLN5slqNbWbHs7uLk8vuOgJ5MoWxDOdy+iGRaaYWHHO3FrFdxqnu7yBB3+DQJeYzYYYCYYIkv/+z3UkJCQkJCQu473R+ioz/mzzhiYNom+56nNnaA0fx23ViKS7EFZR+WKVjTdItYxSLU4Szl7Ca88itnxFHps522NNPTmuDWbvTZOYYapF/+QIHBJD97a92I9FGcmqWTnSB97DrN9aMP7d/d009HZycj1G0yMjxMxqhTyBk7pKuNjGlHTo+xGUBRByi6TrURJWiXmyzYxo0iuYhHTy1RrNkFlmrLdw+COgIEddnMtvBRF1QmkxPVuFizQ1pF23tcxxJc/+V9TrOSZnBvl+tQVro6f58rYecrVIm+df5mfvPNdfucz/y0PHVgchREEQVN4aPw7k5vkr378/1KqFACIRRJ87qnfxDaj6xYiWo/RECAa6/qfvPM93nzv5wD0d+2ip61v2X6rsVKqTQN9ybVaq46Npq0vSkzTjKYW0fwkaqg1DcVESkmpVKrX363W8IIA6bsLpSLrbrFCCBTdqJsiahqaomLZFpFIhEgkgiIEvl83JFlquBISst1YHY+DDKjkzyGEwIqvXbpU0TTMjg68fAE3n9+2cQWVKrWqg55OokUi23acVZES33dRb8P/Y6v+jptiR6ILp1rErRboLg/TKa7gYjMbDDIbDJJna5y5Q0JCQkJCflF45Wr9KeidEToa3/v1hUhOZkl1P4OaO01l9lXcaolIumdT5WTNaDuqblPOTlGe/CE4EfS2h7G7by9t5VP7zS0XOe71dcxGr8enD1jNc85feZn5U99GCOg8cBRF12/7erjVCtnRG0T7jpLY99FN96cogqFdQ/QN9JHLZpmeniE/O0qgaGRdD0WpYmkuk5mAiOExNR8QNV0msxrpSJmyHyNmlUmkPAZ2+uja4jKsTRYW/6qiEiiLq5CsNPal5UwBOpM9dCZ72NWznyeOPk3VKfPjt/+ev/npn1GuFpnLTfNXP/kTdnQO0ZPuWxRZ0Rq54fou33jxK1wdu9A83tMP/QpHdz28KPpjozT6ny/McnHkdHP73r4DRK3EooiSzWZrKEJZFoGxGqqyulCyuM+bY9GgJWpDCLwgwKlVqVYqzMzNMjczRy6bo+q6BLUSXrWEWy0QSImi6Bh2DNWKoBkRTEOnra2Njs4OOtrb0XQDVdPQNA3P85a5voaEbDdW55OApJx7r/7+FiIHgJaIo5gGznwW6XnbMzAZ4GbmCRwHI3X7uYvLu5cEfr2Ma7AgTPqeQ+C5+J6z0EosVHDRUXUDFB1V01FU85altrYDw4phWDFI9eJW89QqefTSRXqVC1SJMxsMMhcMUSSswBISEhISEtLgzkR0tC5k6iVls84YqeQxFKuX2uwJirOjmLH0QiW7jS18NCNComsXldwMlcIM1ekfkX33a6jxIaI7jmD3HkLRN/5QaKujOe5lH47NiBuwkJJy6ltUxs9hJtKkB3duWRRy9sY1VM2i7fitfTfWg6ZptHd00N7RgZQHqVQqlEplZmemKZXKqGqViqtgR3SsWIKju9uJRqOYpolfHqEydQm/aqLH1pprLogVUqKrN+fLjlNdMWqiVWhYKRvC1G0+89iXKFcL/M1PvwLAjckrvHb2J3z+w7/VXKc3IjgaQscPXv86L568mZpyaOf9fPbxLzWPt1Jqy7IzWaNs7LWJi8xmp5vvh3r2r7jfZtlqOSBo6VDTdR0hBL7nki0UGB0ZIzc7QSmfwXVdXNfF8zyCQIL0kYGPlAEeFlKqUCmi1Mo4ikJVCEpzY0wO6+i6TizdRXt3H0M7h9B1fVHZnUZkxweF7RZ1Qr+T1bE6n0IGPuXcRXzfxY53oKhrL+AV08Tq7sKZz+KXy2u2vR38YolazUFrS6Ju0KhLyoDAq+F5LnJByPBcB+k5+L67qK2imAgjiWLF0LQkQosRuDkCN4/n5XAqWaS8KeYIoaBoBqquL5SENervNQOhbH9qjW4l0K0EpCRONY9RyWOVz9KvnKUk08wGA8yxk4pMbvtYQkJCQkJC7gVOXGu/Q9EcjcoTdZEDIUn1/TK1udepZU/h1cpEUt3oZmzDPdvJTgwzTm1+FiuaoDg1xcwb9afIVudu7J5D2D0HMRIbi+z8oHtzbFbcKA6/xvzJbxMELon+QWIda5v3b4RqPodTLtH1+JdRra33pxNCNLMKOjtv/YBTiQ3hFXdRzV/HjKQQylrmpPX73zRuim4Vp7wowqIxhtYojtaqJq1tFUXh8aNP84PXv9k0C33n0gmee+LXUYS6zBvjR2/+LX/z0z8jWCjd2tc5xD9+5p8Rt1PLRJalnh1LAw5WMhgVQjA1P96syiKEQjKaXlfKy3oRYmtFjlIl3xybFgQ+2XyW3OwM87MzzEzPkM/ncaplFFwCqYJQUHDxA0EgQVdBIcCXUPECdOHW01GEjlKtIpD4QidSqlEuFnDLWRJt7cTT7aQSqUVCxy8a71d0ymrHDYWPOnb3R1H1ONX5t6gV59GtGLoZQbOiaLq98k5CYLSl8SwDN5NjaRmprSJwXZypWfRUEi22eDIgAx/PqyEDj8CtR2H4roP0HXx/cXSJotooRhI1EkfXkwg9gaLF6+XXlFuLJ4FXRDo5fDdH4OSQfgHfzeFWMs0POABFUeuCh74geGgGqmqgGatcx9tBCAw7iWEnkal62Vm9kidafZch3qUQdDLLILPBEA7RrT9+SEhISEjIPURd5Jhl+w27W8vJ1r05Uu2Potk7qM69QmHmBnai45ZG7yuhWhaRnj6c+Sxal0W8fQflzCzVzBTzp68yf/rvMRNdmD0HifQcxurcs65+P6jeHBs538Y1qs5epXDl55RGT2PFkyT7D6CZWxu5UpyZQjUiRHYc29J+bwcjfZxS6RqV/AyR1AoimgwAHyl9hIB0/GakR6Ywu6hpa0oJLC6rulJkhWVEMFr8JkrVIp7vYupas50Qghfe+jZ/8cP/SM2p/147Ut38k2f/OXv7Di9LH1n6WnQqSyI9ljI1P9b8v6qqi6rE3G6KylYjpWS+mGm+13K5LNdvXGXy2hVys5NIKXCFRYCOiUsgNHw0DOnjBgJPgiokiuIgA4VKoIEiMQS4wkRDIKSHK0zKpSJOaY6p0at09A/Rt3M3+qCKHYk0Q238IEAguEuuz4a529NtViv780HEaHsQLb4XN38erzJKOTcNOVAUDd2KoJlRNDO6zJtCi0RRDAN3PkdQ20YD0myO6twc5dwcTj6PnrDR2xYr2qoWQ+hJVDOJrsdRjCRiQcRoOI9vOn9Ri4EWQ6Vv2c+CBdGjHvVRQHo5PKdArTTTMjYT3Y5jRhKo+taHb7aWnfU9B7daRCvniTtvsUt5C6wOLpf2MCeH8PjglOMNCQkJCQlp5cS1+tPqOxfNASDJOqOgCVL9X6Q6e4JK/r2FaI6ejc8LWh4yyfkc8c5e4p29+E6NSj5LLZcjf/El8hdfQjGiRHoPYvcexO4+hHILU8IPktCxkXN8ZqBC7vzLlEffoZabQlEUkn0DxDrrC/2tfuLuV6tYvVtjVLpVqGYHRuII1fxZzFgaddm9JBdEjvq/XS0iyFz+5py4UXFUCAGibqLZauC5UspKvjTfNAuFelUQKRcX+/jx23/HX/zoj6g6FQAiVpRf+/jv8sC+xxbN/xcdn+XpJ422jXaNoINmtAmS6fnxZntDM5dVPrkbaJyX57vkFgQOIQTaqddfpZCbpVYuEUgVR1io+BiyihASTToIIXGEjaq6KIFL2VcxZYCqCDTNRBUOAgczKFELFAIJJmVUAgLqfc7PZnDKJebGxtl94DB9A4P1tJUgwPd9gkDeEyLH3S5o3IoPuuCh6AnM9kcxeZTAK+NXxvDK43i1CWrlCQBUzahHdpgRDDOGUFQUTcfs7MDN5/HyhVscZfOoqkY00YabK1C4MY5dHSR15Bm0aDeqkQCxOD1ktdrYW42iJxFaApUl5cBkQODm8GuzeKVrVPI3qORn0Qwbw46j24nbMjNddTyqgRltw4y24bk13EoBp5Jnj/Iae3gN7G4uFPeSkUNI1mdOFBISEhIS8ovEiattPLar8VT5Tsz3JCCZd8ZJdTyJYvZQmz1BdvIq0VQP5iYWSKodxdRNvFwOv1JF0U2i7d1E27shCKgUslRzWcqjpyhcfxOASM8BrO5DRHoOoUXXOOYm503fO1/hU3exD8f3NyLcSMmHo+9RGnmHkTPnATBjCVIDu7BT7QhFNC/TVk4zZRDgulWisa67bm1lpI/j5C9Qyc0SbVv60M8nCFxE4KIoPp3JXqAuQOQKc3iBhypuprZUnTIvn3mBmlPhmYc/j75Q6aN1/dV4/9aFl6m6leb29lQPpm42r8+LJ7/HV//hjylXS/Vx6ibPPfHrPHXs2WXpKK19N3jv+inePP8zhFB4+OBTHBy8jyAIVkyrqTkVMvmbESkRK0o8UjcQvtt+X1C/zrlSXeDQVA1tZmqcmhugBD4CiYrfDFXRVfAleIGPoiqo+AghCQRIoREIBR0PRfpIwA0AGaAKUIVPIDUCoaEQ4FZrFJwKxYqPUFW8WpmuHQNYdgRVVQmCbTJz3ALu1C/y/UgzWWou80FC0SIo8X3o8X0ABM48XmUMvzKBW5mgVpynBGi6jWrYqMLASqbr0RzZLNLbnhQrRdNp27WX4swkubEbOPm/puPBL2D3Lg4N22o21adQUIw0ipFGj+/DDmo4hct4pWHKuQnITaObUYxIHN1KbLiE3HrQdBNNN7ETHXhuBbeSxynPc0B9GSFeRdrdnMvvI7tUnAkJCQkJCfkF59VrHS0ix3azOJojFd+DFtlBZeZlStlhXKeEnejZsJG5omkY7e24hQJerqXKnaJgJ9uwk/X5kVMqUM1nqc7foDx5gcypb2Gk+oh0H8TuObSpEqR3KxsSMVbALl4jnn+XzuIZZtwqumER7+kjkupAM5dHwMggQKyzmsVaCAQSibeQXqHH7z7jeKHamOn7qWbewogmF3vJyLonZf0lSSfaMTSDmltjJjdJvjhPOt7RnFN/++Wv8sJb36FYKXJ+5DTPPvJ5Dg3ej9biBVh1yrx06gf8/Stfa24zNJNPPPBZhFCQMuCHb3yLr/34/6NcKwIQMWM8df8z9HXs5PL4WWJ2EmOVKKmORBfXpy7zp9/9d4xMXQXg9NU3+Wef/5cMde9dJm4AFCtFsi0pH8loGtu8u1LBW/1EZrKTFEp175KYnUBzHBdXWOgiQKWGJmtUAhUfBU2CGyj4QFRW659bAmzFw8XCR8WQFYQI8ANBNVAwFYmp+ghYSG+52SYIVGo1j2tXrpCfmwZFo7Onl0gkiqKsr1TMnWIrx3K7fa13/9sVKD7IYgeAYqQxjDQkjwLgV6fwy2N41XFqpXp0R/bGRYKKj2ZHsGNJNGP7UiFinT0Y0Ti5kWGmXvkKiX0fJX3sudvud1v/zhQTPXEYPXG4bmBaHMYpXsWZnwAmMKw4RiSBbsURa9TH3iyqZqHGLax4F55TolbO45YnOaSNIRSTwOrhXGEvOdm75ccOCQkJCQm5G2lUWXls551IWWkgma+NApJU99M42bPUMq/iVhbKydobNwnXYjEwNJxsBul4KGKxCaQejaFHY8R7+3GrVaqFeirL/PkXmD//ApqdxO45iN19ELvnIJ/cb/L9i5sTCu7UmmWz42tFSA+jNotem8WszZLMvYtRm0VRVMxUGrttCDN2s7yvbPGccyplkBIjEl20fbM0+nCrFaQENdJxV63/Guip4zj5i1Rys+hdrf54EomHkC7g0ds2QFdbHyNTV5kvzDE+d4N0vAMhBIEMCKTE9RyCwOeNcz/j9OU3ODh0H7t3HMRQDTLFWa6NX+Dq+EUCefPB6cMHn+K+PQ8D8Lc//wu+8eKf4/pO8+flWom3zr/CqUuv1/tn+UNXy7D56PFP8/yHv8yZq281xQ2AG1NXODd8kp09+1Zc85WqeSq1UvO9aURQFW1Dv6utuF9uRUOcGZ683EzbGezejeahY8gqivQIpKDsq+iKRBMCR0RQVRdDOiBkvXIKCjoVNOkgpULJVzAV0NWAGB6+YuJirNrGDEr4wiBbcjj79mscOf4QQ3sPous6QRDgbVdZznVyp8SI7WCt+sub7euDKHQ0UK1uVKsbgwdBenjlcYzkGLXMFUrDV8jfGCbW0U2yf/ueCBiRKJ0HjpAdHSZ38UWqc8O0H38eI7XcJ2MlNnM/btU9rOgJjPR9GOn78GtzeMVhvPJVipkxBALdimNEExhW4tadbQLNiKIZ0XrZ2VoBp5zHKY9wRL0Oio2M9HI6u58it3bWDgkJCQkJudd5dbj9josczXKyqSOodg+1uVcpZsYwIyUiqd4NzzM1w0Lr2kE5N0W1mEVxAU9g2IufLuuWhW71EO/sIfC8emRHPk/5xpsUrr2GoqhYPQdIsodi/AC+vj1zkfWyFUKG7mbRq7MYtVlMZwa9NofpzKG7uUXtzHiSaM8urFTbig+bfM+lMj9HJZPBiEa3bJ7bqL0D4NXqi1Ej3rklfW8HRuo4ldmXqJWziwW5wEMGNWTgYJsJDg4eY2z6Gr7vcXn0HIcHj4MQCARPHP0EI9NXeefia0gZUHWqnLz0OicvvbEQgRAsO+5jRz/Or378d1AVjbn8DC+89Z1F4kYdyVx+6pbnMJurt/GWFCaoe4EsP3aDRhpMA9u0V6zAshRFUWjUEBG3TItrvSNu1W5tLo2eaf7/6O6H0QQ+rh+gC4kANAGakKhC4uERSIkvBQoSiUA1IyTjSVRV4DgumUwOKRUCQFFcWNCQar6KLnw0fHyh1lNaAEW4KPj4bo1cNs/YyHU0M8KO/oFm+ZtWl9k7xWYXde/nAnI9Xwq367kRCh0LCA0tOogWHcTqeJzkfpg/83fkLvyUWqlIamAII7Lxcmi3onH9k31DC9Ec15l44d+TPv45EnueWnOf9fZ9J1DNdlSzHbP9IfzKFG7pGn7pGsW5URShoi/4dRjW1l9DAN2Mo5txogtlZ51yHqd4lfu0qwg9gbS6eCd7gIpMb8vxQ0JCQkJC7gbqIsedrLJSJ+uMghCkdnwWJ/M21ezbeLUKdqp7U9/9kWQ3mhmhkp3G92vkpocJKgFWIomZSC5KiVU0jUhbB5G2+gONWiFPNTdPdfYqvc454DtU7T7ysf2UkweoWjtuefzvX6zyqf0b9+G4XSFD8cuYtTmM2gyGM4dem8VyZtFr8wh5cxGrqhqKYaLHbFRzB7ppo1oWumEh1JUjaCu5DE6hgO/5BJ6Doutb+hAv8Os2BQBe1UGLpBDq1vu0bRV6Yj9Ooe7FsUjgkB5Il2DBh+Pw0AO8dPL71NwqF0fPLQgH9Ws80Lmbf/75/4nX3nuRF9/5HsOTl6i5VUAi5c2/EVVR6Wnv48PHnuXZR5/HNqMLZqQ+ruegKTqBrFtI1M1Kb2H6KsDUDayFMraHdt5PX+cQYzPXAdjZu48Dg8dWrOYC9bSZtkQn05kJdE2nPdHZTC9aC0MzCYIAax2VFevnIYjZa5cI1lUNVa1Hj7Qllj+ULFeLXBm/AIBpWBwauh/xlf/4b2XJ17CUAFP16xdbUD8FKaj6Kj4Q0yTSiGEn29m5qw9N16kUC0xeuUihJnE9iSFLgMQLFMp+a7qKXJbSIgApBboVpXvHAA89/hTRaP0DznGWqlTbw3aKE+93uNV6BYnNCBcfeLGjhfLEGTLvfBOvkiPVN0C0c2tSH1a7f3ynRnb0BtV8lujAcdof+AKKbt/yftvo/Xin7l+vPIpXvIZXvk4Q1FA1Dc2MY9gJdDNy6w5ug8D365EdlQJutZ7TiJFEWj3IaC+vjqwvSiYkJCQkJORe47GdmVs32lIa8wpBytiBX5mkOvcyvpMlGu/GTGyuQoMMAiq5SarlHH7JoTQyjl+tYcYTmIkUViKNZq6+iHYqFWr5eWq5HE65PhdwjDSF+D6qZn1O1/rkupX7elfu992J21/HqIFDrHARRTo4ehrDyWA6GVS/vKidZliolo1mmmi2jWZaaKaFqq3P88yplKlk5vCqZSJtHdjp7fPE8F0XVa97T8xePIcS30H3k/902463FfjlEUqTPySS7MKKLVwboSLUJELvQNHamSsW+dd/8QdMzNygPdXN//Ab/zv97f0I5ebvQAhBqZLn+tQVrk9dYXTmGq7noCgKMTvJoYH72TdwmGSsbZllwMXRM/U0FBlsaA2mKTodqW66UvX7+PyNU7x98VUUReHB/Y+zv/9os0ys7/vNQANFUajUikzOj1GqFtEUnfZkF12p3mbbhl+noiioqloXK5BcuHEaP/BQFY3+ziHikVRzH6DZv+s5XBg9DdRFkYGuXdhGXdRZ2rbmVrg0dg4A24gw0LULQ7Oa1+fUldf5P776P+L7Hnv7D/E/f/nfIf7TH/+fMggaZVoVHGGh4yKkjyMsFOmhKwGmFWHH0B56B3fS3t6Gqio4tRrZuVmuX7vG1MQ4fi2PKw0CFJSghlR0WEhpQQo8FKoemEqApggcYWEoAclkjF2Hj9HXP0QqkcJ13W1dYG3HYu/9Ej62UsjYqHARCh11AqfE3DtfpzT6LlYyTXpgJ8oGDbQarPf+KExPkBsfQY+2kb7/80R6Dm2qr9u5H7f6XnaL1/DK1/CKw0gkqmYumJPG0bah7Gwrge/hVgvUynk8Z2HyYLUj7R6k1cNrIyvUQg8JCQkJCbnH+VAzZeVOzukkKaMPkGRO/jFGwsY229CTCRR9c0/0nUqecnYSKQOCWoLy2AhOfhIA3YpgJpJYiRRGdPVokcB1qORzOPkc1UL2fXtYuTRwX9MNVNNCM836v5aFZtgrmoGuB991qGQzVOczKLpGpL0bK7HEE2WLa8JK36unwywYlU6deYfo4COkj39+y46xXVSmX8Ar3yDVvRehLPi+qHEUrQPVaAc1zp9+9//mhTe/japqfPGjv82vPPEbAEhulnhdrWQr3JxTLxU31lprbWQdtlKZ2NaStUsFjpX6bm3fKnCstQ+wYvutaNs4rz/97v/FD1//Frqm86WP/w6/8uQ/Rqv59bAPVbpIwAvq0RuGqFdUsWybZDJJV08v3Tv6ae/swrIshBD4VgTTtBGKSsS2mZ4cp1iqUKtV0ZQAR0o8KdEFSKEgpYomfBTBzWMFHrVSgfHhKySisYX0FxXf99/3ShFrtd3qJ+abZb2VV9aTqrLRdJTGH+wHHcWI0vmhL2O0v8T8qW8zXSqRHBjCTq4/3WFj9yXEOnsxInGyo9eYfuVPSR34JVJHPnlb9+xmxnK7tB5Li+5Ei+5Etrt4peF62dncKJXcLIpuYS6Yk25H2VmhaBiRNEYkjefW8JwCTimPnzmL4CyPxbrA7kLaPbx6vWvLjx8SEhISEvJ+8Oq1tjvsy1EnWxsFwOr5KLlzX0f2ScxKDT2VQIutHbK+ErqVINZhU85PIoMcyaP3odpfojZ9jcrUeQpTlyhMjaNpOmYiVY/uiCdBaSmpqek3U1mkxHfvTET5SghVvWXluTXna0GA61Txq1U8p4pXreLVqvi1Kr7vE0l3kOgfQrcjy/pyq2V0a2ujaMuZOSIdXSAlgevieS5q7P0zGN3I+sVIHsctDlMpzhFJLMwBpQuyiu9XUYTFE0ef5sSZn1CqFnjz/M/5pYc+h6WpoJhNYWBppZJWGj9fre1q493og+6lIkdDUGi8b2xbS+BoTWu51T5AU7DYqratYs3E3Ainr74FQFuyi8eOfAIpJeonP/PZf4VqLaSkBDh+gCYCdA0sXSXd3s2uUnM3AAAgAElEQVSOoT0cPHyUdFsbhmE0O1UUBcMwSCRTRBMpHA8Ct4J0igQywPUkgQwwFIkvDAKhYQoXRQkIJNT8utcH0qVSyJJKdZBs78QwjC2/4bdicXc3Cx63usE3qwBuZ6rLLxpW2xCR3kPUMjcoTgxDEGDG13YJ36iw0YpqGEQ7uvA9l/yNM9TmrmKmB1AXyllt17283Qihoprt6LE9GIlDCD2C9Ks4xWlqpXlcp4wkQFWNbanEoqgamhHBjKbRrTiKphLUclCaRBSHGYjN0J+q0t+pMpq9dY5hSEhISEjI3cxoNkJ/qrLh/V4dbmM0a29q30ZpRt82se1+5k+/hBa1UKSC9FyEbmy4LKmiqJh2EkVTqeXHCGqjWB2HSex9mvjepzBSvYBCNTNOOTNFcWYCt1xCBgGKpqOoLVVZhEBRtTv+UlUNoWrrPnevVsUpl6nls1Tm5yhNT1GYGCM/OUp5boZKbp5asYBEx60UiaQ7aNu5l0hbRzNdpEF1PkN+coxIun1LSsK2UpqdxGqU861WqGRmie99Ej169xu9C9Wuz0PzN9CsBIqiAQESBSEMhDBIJXq4PnWZsenr5MtZdu04wI62PoLAA5RFkQmti3hg2fbVRIfWPm61fTUhYulxWtu0slpfq7Xf6D6bbQs3BQ4hBC+d+j6vvfciQSB5+qHneOzwx+sCx68998y/0vCQQiUQGobw0JSAWCzB0IH72Ll3Pzv6+rAsa9UwESEEuq6TSqeIxhOoukkhO4cIfDQhEYpEkQFSBlT8uqeqpkp0IUE1CDBQ8EDRkYpOKpVaMB5Z/SKul+0SNjazQNyuheNmVL3Vfo8bPcZm2/2iotpJ4rsew3dKFEbPUcvn0CPRZV8ityNsNLcvBDBaiRSaYVKcGKZ49XUUO4aRXOwfsdl78v0WOxAaqtmJHtuHGtuDokYInCJOcYZqYQ7XqSAJUBQDtuHeq4sdUaxoG5pl10MNq/PI0hiieIOB2Cz9aYe+dkKxIyQkJCTknmU0a68pVjTEjNZX676bEznqBJEIkcgO5s69jNAVNM3GK5VBUzaV8qvqNpodw3cqOPmLBH4FPTqInujF3nGUxP6PYbTvRNFt3GKW0sw4xZkpavkcvusgFBVlG6JF16Ixg1lp1hX4Pm65RK2Qq4sYs9MUJsfJjY1Qmp2iMj9HtZAj8AX/P3vnHSdFff//55Stt9ePO4r0qoLGRrGCiMkPJRq7xq4hsaFRRL8xhmgk9hpIFRWj0ZggilESlVhBwIoYBJEOUu+4u927rTPz+2PZYXdv6+3e3d7d5/l47GNnZqd8dndmPvN+fd5FLqrEVjWQooMOp3jwOEqHT6TisB/i2foZkqFRMXAoUpRniKHrNNXuZN+WTTTV7qG0T1/UPHhv6Pt/R4DmfXvQQxq24jIAAp4GvA31lB08CdnSOZ6dFFsFwYav0fUgVnux+XAuSSrIVmTZitVSxCdrPkDTNLx+N8ccMh7F0EBSzbwV8YJE/Hw0qUSKZMtSLU8kbiQiW2Ej221yWTeiRUiSRL2nluff+iP7GvdSU9Gbi075KcXOMgzDQJUlg6BuIMk6qqJgtVgpK6+gR8/eHNR/EKVlZdjtqePfIwKHxWJBURRUi4pk6NTu3omnsZ6QFkAzZJAOhKhgyBiyZf8FHVap9tXXY9u9hwEDB6AoSk7Gcq7CRjaiRr4EkGyJ/D6J9pcoIVK8W1Kq/SQLcUn3n2S6Xlen8ns/wl41kLrPF7Bn7VeUHdSfoqqanIWNZNmLHeWVWJwuGrZtpvbTf+Lbu4mK7/0oJsFRLsJbhwsdgKwWI5eOwlI6Klx2tmkTWtMmmmq/o4kdWJzF4TAWW/aurZmgqE6cJU4oqSHo9xDwNhJs2g6erciKg7FlPTEc1WAtZ/mm1iVLEwgEAoGgI1m2MVl4berngGUbyxmTQ+LSUK/e2PzH07D6Q7RAiJKagwjU7kMr8mMpLcnaY1NRbLgq++J178HX8DWadwe2yjEojvAAkL1qMPaqwTAS3lm1mWL3N7iavsWxcwuNO78Le1Lk2YshEY6yCpyVPVCscfk0DANvfR1NtbsINB9ILKooFpSiSiyVB1FU3APVVYXF1QO1qAo5SeWKuv8twt+wk8qBQ8P/omGgBf001+6hae8edD2c1NFV3ROrqzTnZz5dCyGrFnM/TXt24Sg/EI4SbPYiySqKo7wgni8zQnZgKTscf92nBJylWKxFoAfQtWYkqQlZsjFy4BEcPeJ4vtn6FQEtxL7GOqqKSzFCXsDSwkZKZKcls8US2VfZrJuMzmi3RQSOfe69SLKEJMmMGzmRg3oMNIUbs4qKQ5Vw2S04issZOHQ4B/UfSHFxMXIrLu5QKITb7WbjujVs27wRn3sfXk0hpGNWUTEMBb9chGoEUA0fkgRB7FT07MeEk8dT5HKhazqBYAC5laVNW7NOpmJFIpUtm3bkekHn6p2RqQdHLjFfneliaSs0bwO1X7xM83f/w1leSUnv/siqknKbTIWNludg+N29cxvuXTuwFldTetgZOHoMTrpNuuWZft6R6P7dhDwbCTZtRNe8yLKCxe7C4izBYitq8+MHvG5C3kb8Xg9ggFoEjp4Yzp4Yavj4yzcXvgumQCAQCAT5YEz/1uT0CD9n+L9dgfebFbiqaijp0xcI56NQy0pQ7a0b7Q/6m/HW70IL+bGVHYa1/KgW67y5zg+AEnJT5P4Gu28HshFs1fESoYSasQVqsfjDIpCrqpqiqp4ocRVeDF2nac8umvbsRtOCKKoNW48hlAwah1pchWJPHfocj2/PBnYt+QuuqmpK+vQzl+9dt4ZAsyccWr17PYrdRtWQ4bl/USDQ3IzVGfYC8Tc2ULtxHZWDhmErLgGgbuN6dCz0OvnneTlee9K89R/Iso6rx/7fUnIiq2VIliokpZiNuzayacc6elb2ZXjfQ5H0ACFfPVh7pMw9kc4Gy8Vu60pe+IqimE4QQS3Il+tXsHnnt5xy9A8pcZab3jBmFRVXWQ+qe/VhwKDBlJWXY3c4UTMsMRSPYYRLvDR5PNTu2c3GDevZt2cXbncDfi1cRcWiGBiGjF8Ph6I4lHCMUklFNaOOGUd1dQ12u51gKJRxFt98ChvpBIuuJHC0VhBJ145s1unq1K9ZzL6vFmGx2ijp2z+c2CqOXIWN6M/8bjcN2zYRCvgoO/hUSoafnHT7ZMsy+azQCDVvRWvavL/sbABZsYRLzjpcqNa2LTtrGBpBr5tAs5ugP1xqTrKUojtqwNkTQw0/mC3f1HYl2AQCgUAgKATG5JC41Pv1EgIbP6e4uhfFPaNCbl027KWt7EMNaG7Yib9pH4qtGlvVGBRr7OBDROTIJ/bmbZTXLaO08X8AuKpqKKqqQbHGCht6KERT7W6a9uxG10M4eo6geNBx2KMGqVrDjneeQPfuo+bgUeYy9+7vcO/8jqqjL6Bp62f4dq+jaughWFopIKWiduM6/O4GqoePMqu+7Pp6FdYeQ+hxzI/zfry2JuT+Bu/eJRSV98LqLAuXjJWLkdQKZLUcZGfY88cIgREkFHDjb9wMljIUR/9W2VzZzme6TiIK3WZLVLUlOjmrKXDM++MThkyQvgNH0G/ICHr36YPFYmmV50Y8hmHQ1NTEd9u2sembr9i1fQt+PVwrV5VBJkhQk9BQUBUFxQhSUlrCgEO/R9++/SkrLUfTNLMebrpjtWaddEJFqvlst42oTvF/TuSV7DdPlVAm0e+TzYXQFhdRIgr9gmlLIueBb+9G6r6YT6BhFyU9e1Hc86D9nyfYppXCRvRyQ9dp3L4ZT91enDXDKD/8TFRnS3fAyLyqqjH1rCPnY/x5KhAIBAKBQCAQCID9hTowIjkjtPBL92NoXpobtuB3f4elajyQ2yBzNjZcpuuk26aQiLaZ4+2S6PwiahALNoJUVJbTq3fPmCop+WiE0+Ggb7++1O3cwu4dBnZJIyhZCCJjI4hF0ZENmaBkRSLs+eFpchMIBDI2qFrjXt9aISPT9SJihqqq5ntryURsCoVCaJpmvicThRLl5kj0WXx8WLL5ZMviMYzuV1I2/ne2Vw2k98RbqP18Po0bl+P3NFHSpz+WqBw32QgbaQUPSaLkoAGoziL2bV2Ld+/jVHzvDJx9Do85L3M9PwUCgUAgEAgEgu6JhCQpIEWSxUaeqZ1AOVZnb+gFYBAKaTH2WigUSuuVH21nZWPDQUv7K1ObLd06HUWkbZqmtRh8jYgbhmGgWg0fkmSgqlasVnvev4wky9hsdhRVRdclmjUFixzEKhtIkoFPU9AMsNGMgk4wpFK/z4PPF4j5Iqm+ZCry5aGRblqWZSwWC6qq5s0DJhtUVUVVVWz73b90XScYDBIKhQiFQma5oWiSXTS5CB2d9YLJN0nPTUmi8shzsFUNoO6LV9i77itK+/THWdGjhbiRibCRzIsDDogljvIqbCWVaEYRDoeDkiIbajvkphAIBAKBQCAQCAQAUkp7LRgMJrTXIHEC0ni7LZ82WyET+T6JvoPplQ46fk1Bl+SkRrm3ycN3WzYSCoVwOJ307j8IVbUkXR6NJElI+5OBSIAqgSTJGBLh8o4YGEiE9LDgYWgagWYPejCYUrHK1WsjE2EjU1HDarVisWRfxqotkWUZm81mXkDBYJBAIJBU7EhEpkKH8OaIJZNzs6jvUVjL+7Pvy1eo27IWv8dN6UH9kfaXR45dv+V+k4anREQSAyTVhr1sILbyAVhLDsrtSwkEAoFAIBAIBIK8kcxey1TsSGQj58tm6wwD08lsLlUzZHy6jGYkb7y7sYEvPl6K1+uhpqYPPXodhKpacLsbWPnxErzeJqqjlidGQpLBIYcI4CCAgt0IYlEMJN2gWZORZLAYGpqvGV0Lh6goitLiD85W3MjWSyPdsoioYbW2b43sXIiU8QUIBALmxRNPsgsl1UXSWm+OQr5gWks256bFVUWPcVdh+fot6r9+i4DHQ3Hf/thdxfvXbblNImEjWtQAsJb2w14xBHvFoBy/jUAgEAgEAoFAIGgPou01v99vCh7p7KZ0Qkd388BXddmGEz8WKfmovoaER1PQtdaHXYQkK0EcWPCiaSFChgYKhLChyzJO/ChSOHFm0OdGDwYS/pDZhqxkE2aSbpndbsdms7V7+Em+iYgzuq7j9/vx+XwpRY1Ey9KJHpH56M/j6UoiRy6iW9nBk7CW96d+5SvUfbuG4p59cNX0jlkvrbAhqzh6HIyjx3BUe1mO30YgEAgEAoFAIBB0FBHPDk3T8Pv9+P3+hGEqycJVsrXZ0tlkncluU2V0VFlHTtFgp7OI4QePhJCP8tJS00vD6XQx5ODDCAT8FJeUpfDeAAkdibCIoqAB4RKxsmwgS+E26IaCZsgYWmx4SnT5l2S0xmsjE2FDkiRsNht2e/7zk3Q0sizjcDiw2+34fL4WFw6kFjryoQx2poslGfnwKHLUDMV28jTqvniFxi2f4vd4KD2oH7LF1mK7aGFDVh04qg/FUX0oslJYYVICgUAgEAgEAoGg9SiKgtPpxOFwmPZautyKiZa1JldHPJ3FblNV/EgJKjdEU1paytixY1ssd5WUctgxx2Z0IMUIoRo+JAksCmZYip0QFkUDQ0KTLOiSgt3QIM5Abq24ka2nRryw4XDkvyZ0oSFJEg6HA4fDgdfrTSl0tCaEJdF8NJ3lYklELuJG/LSkWKk48lwsFf2oX7mQ3WtWU9a3H7bSivA60fk1FCvOmsMo6nl4zLUiEAgEAoFAIBAIuhaJ7LVUQkcmnh2QvTdHZ7Db1EjYSFvj1yW8mopDCRGS4sNSDlRXsVt0rPZiZNViChttIW6keo94NRT6n9cWRHt0eL3Jz4v4CyWZN0d3EDmS0dpz09V/NNbyftStfJXazRsoqmik5KD+Zo4NR/Uoinp9D1k94N0hEAgEAoFAIBAIuj4Re83r9eLz+VKum2+bLZPPOxo1EjaSilyqqESQMJAlAyTQDYOQYeCUdHQUNElBlTRUSUeRFVS7E1m1YhgGoVAoabtak18j1bvVasXhcKAoStrfpCsTUQitViter5dAIJDVttnEfEVT6BdLPJkKb8mEjlShUpbiGmqOn8q+//2bhm/exdfkoWbUeMoHHY/qrMzbdxAIBAKBQCAQCASdC0mScDqd2Gw2mpubY4pHpPK8T7QOZB+yUsh2W0YhKvmoomKVDeyKhmFI6JqGQTjJqC6p6CjYlCCSpCPJCorDFePBEU++vTaiTxDBARRFweVy4ff78Xq95v+RSAnMRhlMdcEU8sUSTWvEjdacm6UHn4qtaiAOi0z5oGPy1HqBQCAQCAQCgUDQ2VEUheLiYvx+P83NzQltlHS2W2Qd6Boe+BmFqOSjigqAbigEJDuKEsJqBEAyUI0AhiHTpMnYZHCoCmXlLqw2S0yC0Qi5iBvJvDacTmenr4zSlthsNiwWC83NzUm9OfLp/lSoF0uEthQ34pdZrVbKhh4jzk+BQCAQCAQCgUCQkHT2WmsHphPNR1OIdpsa1A0sadqUjyoqEA5TUdDQDQPNkJAx0JFhf4iKLIGiqLiKXNis1hY5ODIRNzJ5j0w7nU7sdnvaH0kQrrjicrnw+Xw0Nzeby1O5PkV/3lVEjmTfNRvhLVOBo6ioSJyfAoFAIBAIBAKBIC3R9lpTUxOQ3laLrANdR+RQDT0IaVJO5KOKCkiAjgUfzbpKCAWLYZghKnY1rDRJskJxUQlWiw3DMMzssLmKG9HTiqJQVFSEqqoZtl0QwW63o6oqTU1NaJoW81lrQlcSzadb3lGkuzkkWq814oY4PwUCgUAgEAgEAkFrSGavZRuiko0tVkh2m+yQNZAyM9xyIVJFxTDCXhqqYgVANQJYDR8SBkHDCrYSKqt64HQ69xt9+RU3rFYrpaWlwnjMAVVVKS0txbrfywbSG+/R7/HTiebTLW9vcglLSeaJFL088hLnp0AgEAgEAoFAIMiFeHst/gXpbZVU04WMKkkQ0BRCbdze6CoqKjoS4NcULPtDU4KGFavDhau4DLvdgSzL+xWn1okbiabtdjtOp7Ntv2g3wuVy0dzcnLQ8UVfx5MhV3Ej2Hn+eOhyODj8/I15T0e+R5dHvAoGg6xK530a/y7Ic8y4QCMKIflMgEBRyv+lyuZBlGa/Xa7Yt2msjW+/7eI+PaDraZougaoaMT5fRjLZtjFU2sCkaGBKyFMDQZby6CrKBBYOgbKOitIIeVRUoioyu62Z4SoR0BmQqI9LlcokqKW2A0+lEURQ8Ho+5LFGsV6YiRzI66oLJt7iRbLqj8m1ErrPISzyICQSCRIZZvIurLMsxL4GguyD6TYFAEE+h95uRghqRvByJyHZgupBRddmGEz8WSU+/do7oukSzpmCTdRRZQlVtyPiRCGDTm+hdU0G/Af1RVRVN02IEjmzEjfjp4uJirFZrm3+/7orNZkOSJNxud4vP0qmEkHmsV3tfWO0lbrT3+alpmnl9iQczgUCQLYZhmPcROPDgpigKipImqZdA0AkR/aZAIMiFQug37XY7sizjdrsT2mfR07nYbIUghKgSOpohsfO77cht2Jja2jo0yWpWS5ExsEpBNM3AsNgoLy+joqoSl8uV1M0vejoTwxGgpKQEiyV1dRdB7litVkpKSnC73TEXBORX5CgE8iFuRL5je52fhmEQCoXQNE08nAkEgrwS/eAmSRKKoqCqakHfxwWCdIh+UyAQtBUd1W/G22sRuprIoUp6EL8us3HDer7b/A2GIYULnmBAJGxFCufQMGD/Mml/YtLM1wlKdnRJNaulAKiGl5BhQbIXUzNwCK7yCiRJIhAI5EXcKC4uFuJGO2KxWCguLm5TkaO9LphkDzP5FDdcLlebn5+Rm2d8xRuBQCBoCyJGYSgUMkemhFeHoDMh+k2BQNCetHe/GW+vRehKIocZoqJIOrqhEJDsWAiCHqRZU5AVCxZJwoIXvyYTNBRU1YqVQFbrWOQgVtlAkgyC2NGN8PpOu4XKijIG9h9EaUlpQqEiejrTsBThudExRC6axsZGIPHFEj1diBdMJuJGquXpxI32OD81TSMUCrXIYyMQCATtRcRIlGUZVVWF0CEoaES/KRAIOpr26jej7bWuKHLIkRAVwwADCOkQ0g0kQJVAlXRAx68pGAaokoGCRkiHoCGjZLiOJMkYkoKBhKbrhJBRLA5qeh3EwEFDKC0pRVHUhB1LtuKG8NzoWCIXTbr/KTId/R5PtstzpTUiRvSyjhY3dF3H7/cTCATEQ5pAICgIdF0nEAjg9/vFfUlQcIh+UyAQFBrt0W/G22vpbLUI2dpgHRHiJ8u6H78uETJkDENH08LhIZIMDjWEVQoQDmORkCVwKEEshg9d1wkZEg5Fy2gdWZYJEjbqDF1HlqGouIz+g4cycMgwVNViqufRP0YqQzjRH1FUVCQSihYAVquVoqKipBdLZD7Ve3uT6XETrZepuOFyudrs/AwGg8KAEAgEBUvEkAwGgx3dFIEAEP2mQCAobNq637RarWb+y3iRAxI7F0STaN1EtLdtpyqygYsQkgSSFJ7WZBtBrFjwEsKGLsstwlgUJYTVCIBkEMKedh3VCKAgATpOu53iikqGDBtBZY8aJEkiGAyaHUw6xSiZyuRwODqk1KYgMXa7HV3XE9Zdjp6Pdl1K5wIVTXu5PSW7eNOpnPHnqdPpbJPzU9M0gsFghwlDAoFAkA2RxI0Wi0WErQg6BNFvCgSCzkRb9pvR9lr8PTE+PCV+GRRmoQjZotpQFDBQ0LEiy6AQHXJiIKOjyjq6IRHQJWR0FDRkSULDFt5RmnUMJGRJR90fljJk6HB69j6IIpcLXdfNLNXZjI5Hz1utVpxOZ7v8aILMcTqdWK3WpP9b/HQ0maiC+Xo4yWQ/qbxP4pfFixttdX4GAoGYpLwCgUDQGTAMw7x/CQTtieg3BQJBZ6Qt+82IvRY5TiJnguh2xC/LhPa858rO0kqsFjuGajNDSGQCSHoAvy5h6CEs+MCAoC4TMsBi+JClEBoyQcmGhJFkHQ1dUglKNlDtWO1OXGVVDBgyjCHDD6a0tBRFUdD1lgZuqh80Mh15KYpCcXFxO/xcgtZQXFyMoigpXZ+ipwvpoSOV8JIuJCVCW5yfEZc1keVdIBB0ZjRNEyECgnZB9JsCgaAr0Fb9ZsRei5AsYiIyneg9frqjkLZs3mBs27aZ3du20lhXiyxp+DSFkAE22UCRDEAmINmRjRCKEUCWDfyagmZI2JSwx4eB1GKdEHZ0FFSCVFT3oOdBfTmozwBKSsuw2mzhHB37c25A6pwMyUbHDcOgtLRUJBUtcILBIA0NDUiS1OIFtJhO9B4/HU0u7lCZeIdkEpqSbD7f56emaWLUUyAQdDmsVqsIWRG0CaLfFAgEXZF895vx9hqQsd2Wajqa9ghhUatreiNbLBQXuajfu4e62joMtwfD7wdZASOIRLgqim4YaIaEjIGMgRGpjBK3ji4pWC0WrLZibM5iaipclFRWUVFdQ1VFD2RZNmOJ4uN64knmtRFZ7nK5hLjRCbBYLLhcLpqamhLGd0FmuTYKNe9GsvM03+dnKBQSCfoEAkGXJBAIYLFYUFW1o5si6EKIflMgEHRV8t1vRuw1j8cDxIoR8Tk4oqcLLQeHFAgEjEhDGhsb+fabb6nbtQV3wz58OJBDXmTdC4ZBc0gmZBgUySEkyUA3VIKqC9UIYiGALEv4DAuoNipLiigqLqOyRw1Dhg7FZreZXzhSLSVVeEImo+NWq1WEpnQy3G43gUAgqTIYPR+Zjn6Pn46mNRdUNt4b2XoWWa1WSkpKsm5TMoLBYIzHk0AgEHRFVFUVAxeCvCD6TYFA0B3Id7/Z2NgYY68Vkud9Jkh+v98IBALIsozFYsHr9RIK+GhubqZ2XyP1dbU0uRvxB4OEAj5Cfi96wAOGjixbkG3FKDY7doed4pIibI4iXEWlVFdVYrHasFit2O12fD4fiqKYXyg6biidAZloXpIkysrKkGW5TX8gQX7RdZ36+nrzP0wndCR6j59OtSwdqXJsJJtOJ2xEvlt5eXnezs9AICDihgUCQbdBURRR8l2QE6LfFAgE3Yl89pu6rrNv374W9lq2oSodJnB4vV4DwoZaU1MTqqqG6+ECHrcbj9tDc3MzQU1DD/oxQn5CAT+GoSPLCorVhqzaUW02HEV27FY7DoeTYpcLWZYxDAO3282WLVsIBAL07t07ZlQ7lQGZyoh0uVyiJGwnxefz4fF40l4srYntyuaCSee9ka24Eb0sn+enGIESCATdESFyCFqLEDcEAkF3JJ/9Zry9Bpnn4+hoLw5T4IgcyO12o2kaJSUl2Gy2jEagk8Xb6LpBZLHH4+Hbb7/F4/HQs2dP+vTpY24b/55K2IBwfFA+Xf8F7U9jY6MZE9sa96f46WgyvWAy9d7oyNAUIW4IBILujAhXEWSL6DcFAkF3Jp/9ZluGqrS5wBHfOJ/fz766OgAqKytxOp0xLirxRAy7iBiSbGQcYP369dTW1lJeXk5NTQ1WqzWr0BTDMMzysoLOi6Zp7Nu3LysPjnxeMG0VmmIYBuXl5XlJ9iMSowkEAgEi8aggY0S/KRAIBPnrN0OhUEJ7rdBDVSSv12vIsowsyy0O4vV6CQaDWPfn0chGVEjl/t/Y2Ijb7UZRFFwuFzabzfwsnQFptVpxOByt/LqCQqKpqQmv15v1BZMPL45cvTeSnacOh4OioqL0Xz4NoqSdQCAQHECUkBWkQ/SbAoFAcIB89ZvJ7DVoaacViheH5PP5TIEjUTiKYRhmQtDoJKHpSGdARiqp6LqOoigx3h/xRmTk+JHcBm2dmETQPhiGQd1+TyHAPAeSXUCJ3uOnUy2LPm6q5a3NCyNJEhUVFTmfn7qu4/f7c9qHQCAQdDUyDZsVdD9EvykQCAQtyUe/GbHXkiUcheRCR2Q++j2etrDr1eiGSJLEzu+2smP7tpx3bBgGqhYmIGEAACAASURBVKpSUVVNn779W3wuyzIYBk3uRkKhIGG7MbUBWV5RKcSNLoQkSTgcDpqbm5Gk2DrKEFtvua1JJchFCxvR84m8N/LRVuFeKxAIBC0JBoOmx6dAEI3oNwUCgaAl+eg3JUnCbrfT3Nyc9HOIzcmZKD9nspydbUGL4JwVS97n8xVLctppxBSUZYXvHT2WPn37JxwVX/bBO6xe+SmNjfWRDzASvks4ior4+R2/yaldhcoDDzzAjBkzOroZHYLT6cTr9SYUGOLFjmgRpLUXUar8MOk+T/WZLMt5CU0JBAIxJZQFAoFAEEbXdQKBgKisIohB9JsCgUCQmHz1m0VFRfh8vpRe8MnssnTCRlsIHy0EDm+cOmOxZP+DRL66xWpBUVInOGlqcuP1esEAI7JlZNpcZnDCxFO7nGtqIBDg4osvZvHixXzyySc899xz3fLBLeLFkYj28OLIl/dGrmiaJsraCQQCQQoi90mRj0MAot8UCASCdOSr3+xMXhwt1AdNO1Bay+FwcuTYEygpLc1YXIg2BlXVQo+evZPmNOg/eCjBQID6+rr9hiJEwlRMDw4D/N4mxp04sVVfsFCJFjcAFi9ezMUXX9wtRQ6Hw9EuXhxt6b3hdDpT7jsThIutQCAQpCcYDAqBQwCIflMgEAgyIR/9ptPp7DReHCndK3r26cdx40/B4Uzseh89uh3J4ZEuuWg0/QYMom//gQmTN+q6br77vM1Yu1Dcbby4EaG7ihySJGGz2fD5fAk/b0svjnx4b9jt9pzbFgwG0wowAoFAIAjfi4PBIBaLpaObIuhARL8pEAgEmZGPfjNir3m93qSfR47V0V4cad0yrDZbUsMODmSu9nq9actzxVepiO+Y4vcdKVNbUVGZ/TcrYBKJGxEWL17M7373u3ZuUcfjcDhSnmcR0p1D8WS6Xib7SPZZruEpuq4TCoXSrygQCAQCALMKm6B7IvpNgUAgyI589JvR9loiEkVtJJtPtW2upBQ4goEAdXv3oOt60pckSVitVmw2G5Ikoe+P89E0LeUPEP1lkq3jcDiw2WyoXWSUJhAIcN555yUVNwAmTpzIDTfc0I6tKgwURUnptZLpuZQNyUKnEh0vmfhis9lydvkSLrYCgUCQPeLe2X0R/71AIBBkT673TkVRzKosqQalUwkdyZblk5QhKtu3buL1l1/MeGfRjbXa7FTX9ObY8RMThrik8t6Id//vCiQLS4lm4sSJ3S48JRqbzZbUCyibOK542tJ7I9fSS5qmiVFIgUAgaAW6rouEo90Q0W8KBAJB68hHv2mz2fD7/UltsfZKJJqKlAKHYehs3rAuox0lMgN3bd/GUWOPw+EsShgqYBjGfk8PPanA0RVibIW4kRl2ux2Px5NynURxXbnGeqVzoUp2bsqynLMAJ1xsBQKBoPWEQiEhcHQzRL8pEAgErSfXfjNiryUbBE41KN1eyUZTChyKqtKrT7+MdmRE1PT9jZJlmdKyClRVTfoDrP7yM77+6ksa6/fFloU1wtVTDj38CE465f9l8XUKDyFuZEeqZKOQv0Sj6dylMvH6EN4bAoFA0LEIL47uheg3BQKBIDfy5cWRyl6Djk02mlLgqKysZvypp9Gn7wBkOXUDEhmEkiwjSTJNTU0xo92RdRsbGlnz1RfomhYWNth/jLDWwaTTzsz+GxUQQtzInkwuGEhdMjYXEuXdiJ6Oz7+RC5qm5bS9QCAQCBACRzdC9JsCgUCQO/kQOKKrqcTbZJFlHUVKgaOouIS+/QdhSWN8pxoNj7zX1dWhqirV1dVRyw10/UBn5XAWYbOGq7bYHQ6Gjjgkqy9TSGQibpxwwglC3IjDarWmFC4yuWiyUQmThU4lWicaWZZz+t8i4VkCgUAgyI1IUvOOjvnNNx6vgcvRtb5TLoh+UyAQCPJDrv2m1WpFluUYOyrZgHNHhKmkFDgApDSeG2m3lySzpMyePXvYuXMnVVVVyPL+Ai77w1JcrhJ+eP4lVPWoAcBm67zJRTMVN/7+978LcSMBVqsVv9/fQgmE7NXA1mbuTVX+yDCMnP83EUMsEAgE+SMUCnWJnF0Rvtmm8bP7GrnrJ0WccLh4TgDRbwoEAkE+ybXftFgs+P1+ILF9Fj8o3Z5hKikFDm9zE9u3bKa8shIpEj4iSZDBCHe0olNSVo7D4aBHjx7U19fT0NBAWVlZzPqSLFNWVoGzyIWu6522eko24kauIQ5dFYvFgs/nyygxaFuEqcQfI1H5o1wFDjEKJRAIBPlD07QuI3Bs3KFxzf2NeJrh9jlN/G66xJHDusZ3ywXRbwoEAkH+yLXfjAxIAy0GozvaqzKlwLHzu628/PxTaXeSeLDbQLVYGTh0BKdO+RGKomKz2aisrMTv97fsqIxwUtPID6SqaZ1LCg4hbuSHiNtThFSuTeneo0mmGqaKGUt0geq6npPAEXEL60688cYbLFq0CMMw+OlPf8qoUaPyst/33nuP7777DoDjjz+evn375mW/+cDtdgPhmuFOpzPms6effprVq1cD8Mtf/pLS0tJ2a9eKFSv461//CsD3v/99Tj/99HY7diL+9re/8dFHHwEwbdo0hg4d2uHtuPbaazn44IPb9Hi6rpv16BVFienz3nrrLRYuXIhhGFxxxRUcddRRbdqWrkAkfKGz5+LYskvjJ/e6cTeF54MhmDHbw9tPlHdswzqY7thvFhrR98ibbrqJwYMHZ72PF154gTVr1gBwxRVXMGDAgIy2W7lyJU8++SQAxx13HBdccEHWx84nr776Km+//TYAF110EePGjevQ9rQFe/bsoakpfCPq1atXp7Bb3njjDd555x0AzjnnHMaMGdPBLSpscu03rVZrxiEpkN2gdK4CSQsVwWZ3xMy73Q0pd5BY2ziw1L7dSTAQQHGED6UoCkVFRQdGxSMZRaOQZTnGwO0MCHEjfyiKgsViiRHBEoWpSJIU84r+LDId/0AUvSzRe6qkorqum6WLc3mI7oqjUI2NjZxxxhkAjB8/npkzZ8Z8vnPnThYsWADAhRdemLfjvvrqq7z00ksAvPjiiwUjcPj9ftNA/tGPfsTvfve7mM9Xr17NCy+8AMBtt93Wrm2rr683/4t8CU25sHnzZrM9V199dUG045JLLmnz461atYrTTjsNgF/96ldMnTrV/GzXrl1mW848s3Mn225POrvAsbNO45oHPTR6DvRbFhXuu9bVga0qDLpiv1lobN26lZ///OcATJo0iZ/+9Kcxn0ffI6PvV9mwcuVKnnvuOQDOOuusjLdraGgwj10I/fz27dvN9px66qkd3Jq24bHHHmPevHkALF68mOHDh3dwi9KzadMm89nqxBNP7ODWdA5y6TcjgzOR+3NrBYm28PZoIXD0PqgfoWAAXdeROGA4kuS4qRV1CUVRkGWlxbrJBAzDMDqd94YQN/JP5IJJJFJA+CKSZTmtwJGIdBdRvNIYf8xcw1O6Yok7wzBYt24dAEcffXS7HXfz5s3m9K5du9r0WIZh0NzcjNPp7HLJDNMxY8YM1q9f3+rv/eKLL3a6+7qg89GZ7617G3Sm3udhT92B76DIcO+1RRw9QoSndOb/trMQDAZZtmwZQEKvsVzyoXU0oVCIzz//nE8++YSNGzeyd+9eSktL6dmzJ0ceeSRjxoyhpKSko5vZ7Zk1a5aZpuDWW2/t6OZ0C3K9t0YPSCfTBDrifqHGj2iPO/Fkxp4wIapRyUJQMLdJtizZyHh4v1GuKxhousZ327bQu29/bLYyOgtC3GgbVFUlEAiY88nUvUTiRiYiRzyZJr6JeHC0logXiCB39u7dy2effWbOr1ixgrPPPjuvx3C73bz66qssWrSIFStW4PV6cblcjBs3jsmTJzNlypQ2yRekaRrNzc152ZcsyxQVFeW0jy1btrB8+fJWb5+vc/7VV19l48aNrd7+hhtuyPsI/6pVq1i4cCFff/01gUCA4cOHM3nyZMaOHdvpjIDOTsTTrrN5gDY26Uy9z83OvbEPmjOvdnLi90SCUdFvCnLh3Xff5cEHH2TlypVJ1ykuLmb69OlcdNFFOByOpOu1J7W1tSxZsoSlS5eyadMmduzYgcvlol+/fowZM4Zjjz2WYcOGdXQz88pf//pXPB4PAwYMEAJHO5Frv2mxWPB6vRk972RbTSUX1IiBmLxqRO4HiRY4ojOpGsaB8JQmTyPv/Ps1bHYH5158JdU9e+V+4DZGiBttRyrhLP5i2LZ1K3t278azP+dBphdZovfIdLwoZ7Pbqa6upk/fvjkZSIU6CvXSSy+xfv36rLaZMmUKI0eObKMWpefJJ580cxgAPP/881x22WUcckh+ykuvWLGCm266iS1btsQs93g8vPXWW7z11lv88Y9/5PHHH8/777BhwwYmTJiQfsUMGD9+vOkSnA9uvvnmjESdp556ip07d6ZdLxvD5cMPPzTdT1vDddddlzeBIxgM8vjjj/PYY4/FLF+6dClPP/00F198MXfeeWfO4pIgOzqbwOHxGky93822XbF9w00XOvjBWPHcAIXbbxYS+/btM/M6ZYosy1nljkj3bLVy5Uoz/0EyvvzyS3P6b3/7W8r1VVXl+uuvz7h98RiGwWOPPcbDDz8cs7xfv34cdthhbN++nc8//xwID2bMnDmT//73v8yePZvy8tQ5b9pSvPb5fDz11FPMmTOHhoaWaQJWrlzJa6+9BoRDfm+55RZ69uzZZu3pTIhBhdaRS78Z8c5NZqNFiBYz2iMBqRpx849uQKakK8GZyL0/1f737tmFYRhUVddk3IaOQogbbYvdbqe5uTmjC8Dn9bJ1yxaaogSOZBdafEJR48AHCUUOAN0wkGUZRVHo07dvTq72hfqg9vHHH2dtOB5//PFt1Jr0LFiwgNmzZwMwbtw4PvvsM/x+P9OmTeP555+npia3e8jKlSu58MILzezQw4cP57jjjmPQoEGsW7eODz74gA0bNrB27VrOPfdcFi5c2GHJMdubq666KqOkqP/6178yEjiy6eSqqqqyTrj55Zdfxghhych2hPjRRx/liSeeMOeLi4uxWq3U1tYC8NxzzxEIBHjggQdEeE47Uqj32ET4AgbXPexmw7bYNtdUyTQ26fzxlfx4ccUzuI/CpGM6z3NJZ/pPO4qNGzdy/vnnZ7XNIYccwptvvpnXNjz00EMZr//888+n/LyysjIngWPevHkx4sa0adO4/PLLqa6uNpc1Nzfz5ptvcs8997Bz507ee+89zj333LT9eSQkN9/U1tZy44038u6772a0/gsvvMBHH33EH//4x5QDLW63m7vvvjurtnzyySfm9IMPPphW9Inm+OOPN/OytSfC06t15HKPjfdqTxTKlomgkW/Ro4XAkQ2ZChzxJTajp/v0HYC7oQEkCUmGyqrqgh99CYVCQtxoBxRFyThzeibu/Jne+BKFVOmahtfrzXn0t1Af1Pr06cP48ePTrrdlyxY2bNgA0CGlnDVN47nnnuPXv/41EG737Nmz+fe//80dd9zBmjVruPzyy3n00UcZMWJEq44RCAS4++67TXFj+vTpXHPNNTHXstfr5ZFHHuEPf/gDbrebWbNmMXfu3Lx5B9TU1PDUUwcqWH3wwQc8/fTTAFx//fUceeSRLbb53e9+Z45GzZkzx3Szdbm6ToLC1iRkPfzww03RIRXZ9INLly41xY2qqioeeeQRTjzxRBRF4eOPP2b69Ols2LCBl156iZNOOqlDHvS6K4V6j43HH4TrH3Hz9YaWyTN37dV5aqG/zY494WiLEDgEea/eVVpamtFzRKbkku9sy5YtzJo1CwgbYC+88AJjx45tsZ7T6eTMM8/khBNO4MILL2T16tWsWbPGrPTSnvh8vhbiRt++fbnmmmsYMWIEgwYNQtM0NmzYwPz583nxxReBcGLNn/zkJ7zyyitJB3eCwWBO3o///ve/s1q/T58+WR/DMAxzMEIkFW5fcr3HRicajSadV0c6chE9VICVny4jGEg/wpXowOmWRRuKkiRxxOhjzfmjx53AIYcdQSgUNI1Ke4HEviUjFApx2WWXCXGjHYgIHJD8IjEMg+KSEoYNH87ePXtafJ6qTFFkWbwXR+Szvbt3xzZovydHa4kX+gqJm266KaP17r//frMiSHvGqRqGweeff87vf/97s6Pt2bMnzzzzDDU1NVx66aXs2bOHxx57jFWrVnHmmWcybdo0zj//fCorK7M61j//+U8z38Qtt9yS8LdxOBzccccd+P1+nnrqKd5++21ee+21vFW8KCkpicnMXl9fb04feeSRCbO2R6rJQDgDfnxpWkF+MAzD9B4C+POf/8zo0aPN+dGjRzN37lwmT56M1+vlwQcf5Ac/+IHoD9qJyH220F2Vv9ka5MtvOuYhvsB/mhgKud8sJEaOHMkXX3yRdr1AIGDer4qLi/PahgkTJuQttDJX5s+fj9frBcLCeCJxI5rKykoefPBBzjzzTNPI/vGPfxzjfRf97PjVV1/x6aef5rXNTz/9dIy4ceGFF3L77be3eIapqalh3LhxTJo0iTvuuIOdO3eydetW/u///o+5c+cmvPdZLJa8VrBLx8CBA7PexuPxmANLO3fuJBQKCe/HdiLXflNRFEKhUKvycLQVasO+Wj7871t4GhvCCk4Wx0xVItaIm5ckGYfTybBDRuFwFoWrtEgSziJXTM6DXBI4tjURcSOVkinEjfwR6UzivX8i507kIqmurqaqRw9zm/h9RG8bvd/IsvjpUCiE1+tlyfvvU19XF7NtLgJHVxiF2r59uzndHjGfmqaxZMkS/vznP8d0/JMmTeKuu+6iX79+QPg/veWWWxg6dCgzZ85k7969/Pa3v+WJJ57gqquu4oILLsi4tFzEbbZfv35py5Zef/31zJ8/n4aGBl544QVR0rMb8PXXX/P+++8DcN5558WIGxGGDh3K1KlTefzxx9m0aRPLli3jpJNOau+mdlt0XS/4crGjBlm491ond/yhGb2d7ffOpBd0hX6zPbBarVRVVaVd77vvvjOnO6LcaiAQYO/evTgcDsrKytrM0Fm0aJE5fcEFF2S0zeGHH87JJ5/Mf/7zHwBuvPFGevfunXDd3//+93kVOOrq6mKE85NPPpl77703pYH//e9/H4fDwUUXXQTAm2++yWeffZYwjLO4uJgHH3wwb+1tC/bu3WtOB4NBamtrW3ikuN1ufvGLXwAtB9QlSeKbb75p+4Z2UXLpNyPbZZOHo61RJSkcouLzZR/rmY3AYUgSRUWu/YsM01CNFjd0XS9YYUCIG+2PLMummBFPTCLQ/fldIDuBIzofR/S01WpFkqQD7pGRm6gk5fTQ3BVGoSJxp8XFxVRUVOR9/8FgkI0bN/L111+zcuVK3n///RhX0eLiYn71q19x3nnntfgvJEnijDPOYPTo0dxzzz28+uqreDweHn/8cX7/+98zfvx4jjnmGEaOHMmIESNi4nAj1NbWmpnWJ0yYkHaEq7q6mhNPPJHXXnuNJUuW0NDQkHe3X0FhsWTJEnP6+9//ftL1Jk6cyOOPPw6EQ4yEwNF+dJZ77cSjbdRfYnD/s96Y5TWVMr+83ElbaTQVJYUdBhxNZ/kvOwu7ozxTBw0a1C7H/Prrr3nuuef44osvWL16tekhUV1dzSGHHMKpp57KWWedlbdwykAgYCZcHTlyJGVlmVdmPOKII0yBY/PmzUkFjnyzdOlSM6Gow+Hgrrvuysh74cQTT+TKK680Q1qfe+65rPNUFQpfffVVzPyXX37JpEmTYpYFg0EWLFjQns3qNuRyr41/Hs8m50ZbiR5qSVk5k047k+YmT9ZKebJwlETLZFnG7izCWeQyhQ1d12OmC9WtVIgbHUMkKa2RIDQkWhRL51WRKKwlnnj3LFVVURQFPXalnENUOjMNDQ2sWrUKgMMOO6xNcuXceeedCSt+DBs2jEsvvZTTTjuNHvu9dZLRq1cvZs+ezZVXXsnLL7/Miy++iN/vNyufRJg/fz5jxoyJ2TY6FCTTh7/hw4ebGc337dvXQuBYsmQJF198ccyyjojvFeSHFStWAGGX3/jzJ5pRo0bRp08ftm/fztdff91ezRPQuUb9zx5vp96j86eXD+Tc2FWr8893/dx/rQu58B6J2pXO9F92BqLvRREPyETk43kl4kkZHT4Zze7du9m9ezfvvvsuc+bM4fbbb+dHP/pRzseNhDlA+HkgG6IHbtz7E9e3B5F+BcIJOrMJ8TjjjDNMgWPhwoX89re/zTqE2O1288UXX7Bq1So2b97M5s2bcbvdeDwebDYbLpeLiooKBg8ezKBBgzjiiCMYMmRIXp8D33vvvZj5//znPy0EDovFwjnnnJN0H2vXrjWfUwXZkavAEW/DJ/Kab89EoyrAkBGHZr1haxKMRo+6Rwsc0Z4chSZwCHGj44i+cSY6NyLiRuQBKFLyOEJkOn55oosw+iVJknlOQjhqy0jShmzo7ALH2rVrzelEbvn54LzzzjMFjmOOOYYxY8ZwwgknMGbMmKxiMSVJ4qijjuKoo47i5z//OW+99RYff/wxH3zwATt27OCYY47hmGOOabFddJKkTK/n6GSriap1RB7iBJ0fwzDMOPcjjzwy5cigxWLh2GOP5R//+AefffaZiCduRzrbvfaq053UNRr84+2Auey9T4Pc9ZSHu67qOkmCW0Nn+y8Lnc8++8ycHj58eJsdx+12c9lll5kekYMGDWLq1KmMGDGCmpoavF4vO3bs4M0332TevHls376dG264gZKSEiZOnJjTsV0uFy6XC4/HwyeffJLVvTd68OGggw7KqR3ZEB3+m23Z+SFDhpjTfr+fb775hsMPPzyjbTdu3Mizzz7Ls88+GyMMZcKoUaO4+uqrmTJlSk4JYSH8/SNJUyP/3Ysvvsh1110XI/YUFxe3KM0eze9//3shcLSSXO61qaqldJRtr7ZWHc9W4Iiej4gaiSikCipC3OhY4oWJRCQSxiLz8ds2NjRQt7+aQpHLRXFJSdL/TdM0fF5vTEoaZ1FRl/PgcLvdMUq9x+PB7XbT2NiI2+2mvr6ehoYG6urq2Lp1q7ldInEgHxxxxBEsXLiQIUOGUFJSkpd9VlVVceGFF3LhhRdiGAZbt25N6vkTfcxNmzZltP9vv/3WnE5URm3o0KEtkoIuXrxYeHF0ALl2so2NjezYsQMgYYhTPJF13G43O3fubNcHZkHn4taLivB4DRYtOSCSLloSpLKkmWnnioTBgtzx+XymF+MRRxyRMvwi13vl3LlzTXHj7LPP5v77729ReW3YsGGcdNJJXHDBBVxwwQU0NDQwbdo0Xn/9dQYMGNDqY0uSxIQJE3jttdfYt28f69at4+CDD067nd/vZ+nSpTH7ic5ZEk2+vTui95dt+K/dbsdms5kCxerVqzMSOF555RVuv/12PB6Puaxv376cfPLJ9OjRg/LyckpLSwkEAuzbt4/6+nrWrFljnkOrVq3ixhtvZMGCBTz88MNJK7hkwpNPPmlOP/XUU1x11VW43W7uu+8+/vCHPxSUbdhVycVGSTcg3RG0qcCRzIsjPiwleptC+FFAiBuFQKKwFEjd8SY6nyRJIhAI8PGKFezasQPdMCgpKWH4iBEMS1JKNOD3t1CzXcXFXc6D49tvv2XKlClZb3fYYYcl/UzTtBYCZqb3GUmSEpZAzReSJKV0y62urqZfv35s2bKF5cuXpx358fl8LFu2DAg/rCWq2DJy5Ej+7//+L2ZZXV1dQQgc9fX1McJVhOrq6qT3tUWLFlFUVJTRvvPNvffey5w5c/K+30yJLkedSXWeaMFr7ty5MUn9tm3blt/GCUwK8V6bCTOvdFHvcfPRypC57LlFfqrKZC6a1P5luQuBzvpfFiIffvihmcgxUSWuaLxer5kTInpZJgSDwZhk3bNmzUpZVn7UqFHcc8893HDDDTQ0NLBo0SKuueaajI6VjB/84Adm6OhvfvMbnnnmmbReBnPnzo3pl+PDI9qSaME820SZmzZtinle3bNnT9pt3nnnHa6//npz/uqrr+ass87ikEMOSevtUltby9KlS3nsscdYu3Yt7777Ltdffz3z5s1rVfW25cuX85e//AUIV6459thjue6667jvvvt4/fXX+fOf/8zPfvazrPcryI58eHBE7yudrdbW9r7a2lrDqQSORO+JRI5EFIJKl4m4AeHEce2VgKg9mTFjBrfddltHNyOjLLzJLpL45bqu4/f5wDCQAI/b3UJgiz5mU1MTgf0dhmEYSIqCy+UqGAEuXyQy9quqqhgyZAh9+vShd+/e1NTUsH79ep5++mkgHEaSyjX/pZdeShpzm4yPPvqI9evXZ9f4PDF58mRzxESWZc4880yeeOIJPv/8cxYuXMhZZ52VdNsXXnjB9PQ466yzOt358cQTT/DEE0+0WL548eKk7svTp09v62a1GbkaS9EP+Im8deKJXifyACcQJEOW4PEbi7nmoUY+XX3g2eyf//V3W4FDkD9efvllczpdGMhTTz1l5nXIlrq6OtPT7aSTTsooeWh0PqN04v+2bdv46KOPEu4jYkNMnjyZI444gs8//5z333+fu+66i+nTpye8b4dCIebPn89vf/vbtO1sK6LDTFasWIGmaRkntY8OO4Kwp2EqQqEQ9957rzn/+OOPc/bZZ2fc1srKSqZMmWImOF2+fDkfffQRr7/+Oueee27G+4FwYtGf/vSn5vzll18OwMUXX8z8+fNZt24d99xzD5qmce2113a6Z6zuQja2e7biRmvFkHYPCI4WOuKXQ+5ucbmSqbghaHsy8dRItk6LEBUjXP41ej6VsdPk8aAbhllBxWa14nQ6u5wHR2VlJc8++ywVFRXmK/5hRNd1swwZkHUHlgkffPBBQkO7PRgzZkyMS+jVV1/N/Pnz2b59O/fccw9VVVWceOKJLbb7z3/+wwMPPACEw1Auu+yydmtze1NeXs7QoUM7uhkxXHvtINv2ZQAAIABJREFUtYwaNSqrbXItHRrdicfcT5IQvU6vXr1iri2fz5fQe0aQO4V4r82GR6cVM/V+N2s2avSokPnz7amrOXVlOvt/WSisXLmShQsXAnDKKadwyCGHtNmxou+zmSa7jPYYTHeffvnll2PEmgjr168392OxWHjsscc4//zz2blzJ/PmzePtt99m6tSpDB06lD59+tDQ0MCGDRv45z//yYcffmju56677krbt7zyyis8++yzGX23TDj22GPN6bVr17JgwYKUyTQj7Nixg/vvvz9mWTrvyU2bNplVZsaNG5dyECcVpaWl3HzzzZx//vlA2Cskm+fD1atXc+mll5peRffcc48ZSlRWVsbs2bM555xzcLvd3HvvvQQCAW644QaRy6qNyKcHRyEgzpIohLhRuMQnDE32il8/ExKpgx6PB6fTicftBknCbrdj7aKhSCeffHLKz9977z2z8x81alTaBKPjxo3jxz/+ccyyd955h/nz5yfdRpKkvJWIy5WKigp++ctfcs0117B7924uuugiLr/8csaOHUufPn3YsmULH374IS+88IK5zcyZM9OWlC1ELrnkEk4//fQWy+M90/7whz+0V5MyZvTo0Zxyyinteszoh/W6urq06+/bt8+cnjNnTsy1s3LlSk477bT8NlDQJbBbJebc4uLGxzz8ZmoRVaUd79kq6LwYhhGTmPHSSy9Nu83pp59uGq4R/v73v/Ovf/0r7bZVVVUMGDCATZs28f7772eU5PPLL780pzNNkJmOwYMH87e//Y1bbrmFzz//nO3btzNz5syk61dWVnLPPfdkFLb7ySef5KWNEY488khGjx5tVlP5zW9+w/e+970Yz454Ghoa+OUvf2kKBBECgUCSLQ5sF2HYsGE5GafReaWiE6WmwjAM3nvvPaZPn24mYD/77LO55JJLYtY79NBDeeKJJ5g6dSrBYJCHH36Yd999l5///OecdNJJBWlUCw7Q0aViC0LgEAq9IBnRJ7wsy8iynJHAEVk/2+NEzsWD+valqKiIhoYG/H4/PXr06JaqcVNTEw899JA5P2PGjLSjKwMGDODMM8+MWVZXV5dS4Lj11lu59dZbc2tsHjn99NPZvXu3+TD0zDPP8Mwzz7RYz2KxcP/99zN+/Pj2bWCeGDhwIMcdd1yHtmHo0KFmGd1CF4miRbhM4pxr9yc1huwTxwm6N8VOmad+0bpEy9v3atw1t4mHb3BR7BTiSHfnlVdeMRNDTpgwgZNOOintNv3792fChAkxyyL5pjLh9NNPZ/bs2axZs4aHHnqI2267LakBs337du68804g3KeOHTs25b4vvfRSpk6d2mJ5ohwbw4YN46WXXuL111/n+eef5+OPP26xzuDBgznjjDO45JJL0pahbytUVeW2224zQ0Vqa2s5/fTT+dWvfsW5556LxWIx1zUMg6VLl/KLX/zCDO2NhONA+n40Okzniy++yCocJp5169aZ06nym0X48ssvefTRR83zEcL5Un7zm98kbMOkSZP4+9//znXXXceOHTv49NNPufjiiznppJOYM2dOynBpQceTrAhEe9Aqiy1ZdYtEOQ06E6qqMm/ePOHFUWBIkmQKGxHRIpnQEb9dpvuPxjAMysrLKSktbVHWuDthGAazZs0yM6GfeeaZndaQzxZJkrjqqqsYO3YsTz/9NP/6179iMo2Xl5fzwx/+kCuvvJLBgwd3YEs7P+ecc05GrriFQFFREcOHD2ft2rUZJQmNzsCfS4Z5gSBT9jboTL3Pw546nese9vDn24qxW8VIZ3dlw4YN/OIXvwDC4sGdd96Zc6heJlx33XW88847/O9//2P27Nl89tlnXHnllQwZMoTKykr8fj979uzhvffe4y9/+YspBs+cOTNt+dqysrKsqqw4HA6zn9mzZw87duwwvXTLysro169fQeT/GzNmDPfee6+ZlNzj8TBjxgxmzZrF6NGjOfjgg2lubmbZsmV89dVX5nazZs3C5XJlLHAMHDjQFERWrlzJ3Llz+clPfpK14fndd9+ZYbqQPinrBx98wIUXXhizbOrUqdx2220pizWMHj2al19+mV//+tf85z//AWDEiBFC3ChACqpMbDYrJzMkozEMg9YmLo1s35FuR0LkKBzi82xEv/t8vowFDm9zM7t378bb3ExEfjOA2r17+W7bNsr3V0MwhQxNwzAMgsEgoVAITdOQJAnVYsnp/Iy4YXUWXnjhBTPGtLS0lBkzZnQ7l8BDDz2Uhx56iLvvvptdu3bR1NSEy+WiV69e3bp60htvvJF1pvdMOPvss2MqjRQihx9+OGvXrmX16tVs3ryZ/v37J1zP7Xbz3//+FwiXVS5075SuRHe7T0Xzk3vd7KkLi/FrNmpMn+1h9s2d99zrbP1mIVFbW8uNN95oliCdPn06w4YNa5djFxcX86c//Ylf/epX/Pe//2Xp0qUxJVjjcTgczJgxw/Tmayt69OjRYV4amXDJJZeYz1uRQZWGhgbeeuutGK8HCP9mv/71r7noooti8oGkC/eVJIk77rjDHFi4++67+eKLLzj//PM56qijUm5vGAYbNmww86ZFQkxOOeUUvv/976c87rHHHsukSZN46623GDZsGLfccguTJ0/O6H7dt29fnnzySZYtW8bLL7/MzTffnHYbQXa0ZY7BjsizqWZzsOiR9HgMw0CWZXRdz6lD0nW9XdTlVGQqcogysW1LKBhk04YNHNS3L3aHwxQxtm7ezOqvvjLFimSiW/SyUDCIFpcUsHbvXurr6xNW/YkkGDUMI3yc/cvOPvfcjJNmdWbeeOMN7rjjDnN+zpw5Gbkf5osrrriCXbt2pVyntfeZxx57LOuHPKfTycCBA7M+Vldl+fLlzJ07N+/7nTBhQsELHMcee6xZJWjJkiVJBY7ly5ebVVeOP/74dmufoHsz5XgLf3z5QMnIFV+FuHWOh/uvdSF3X92n29HQ0MDPfvYzc1T/rLPOiqlW0R4MGDCAp59+mjfeeIPFixfzzjvvxITtARxyyCGcfPLJnHfeeQwaNKhd25cLF1xwAZMnTwYyKxmeDT/84Q85+uijefbZZ3nppZdMESFCcXEx5557LpdccomZ/Dt6nUyeVcaOHcu8efOYNm0aDQ0NLFy4kIULF+JwOBg/fjy9evWisrKSsrIyAoEAdXV17N27l1WrVsV4jwCcdtpp3H///WltIUVRmDlzJqeeeio/+tGPUpYOToQkSYwbN45x48ZltZ2g7SlED3c1W7esiMgRcdmPCBvR4kZ0wpDIdLKXrust9lcIZCJyfPDBB5x//vlC5GgjmpqaWLtmDcUlJdgdjphkNF6vl4DfH+vdEe/BkWb/nqYmpLhqKjHnZ3hBzLzf52u1wNFZRqLmzZsXI27cd9997R6asn37djPLd77JpPqFIDX9+vXjBz/4QV72tWbNGrPUbmcgOtv9ggULOO+88xLm53n11VfN6XSuu4L80p09OK483Ulto8E/3j6QaPC9T4Pc9ZSHu64qjETO2dBZ+s1CYvv27dx0001mKdVx48Yxa9asDskjpigKU6ZMYcqUKQSDQW6++WYWLFgAwF//+tcWeT46C5Gqc21F7969uf3227n55ptZv349tbW1aJpGjx496Nu3bwuPwOjnpUzDdyZOnMjixYt55plneP7559m3bx9er5dFixZltP3YsWOZOnUqEydOzHhgesCAAVmFFwnaj3x5cHR0JEaErASOaIXm27Wr+Wz5UjzuBmp69eGkSZMpchWbokZkv+kEDqDFdKEgRI6Oxefz0dzUhN/ni1lutVqxWCwE/P4kWybH9PogvQCSrE2tpRAu+FT4/X4ef/zxmHKtt956a4uKKO3BrbfemtNvHc9LL73EO++80+rtfT4fDz74IBAO15k2bVq+mtZqImFUgUCAQCAQ83stW7YMr9dLbW0te/fuZe/evfy///f/OOGEE/Jy7KuuuoqrrroqL/u69957mTNnTl72lQjDMPB4PNTX17Nnzx62b9/Otm3b2LJlC7fddlvWcby9e/fm0ksv5dlnn+Wjjz5i3rx5LX6LhQsXmg/xxx9/PCNHjszb9xEI0nHrRUV4vAaLlgTNZYuWBHE5mrj1oqIObJmgrfnkk0+44YYbzBLUY8eOZfbs2QURImexWCgqOnD+tWfi5WXLljF9+vQ22fedd96ZNjyjtVitVrN0ajKam5vN6isWiyWpV2Eievbsye233860adNYtWoVW7duZfPmzWzYsIElS5aYFVqOOuooRo4cycCBA+nfvz+DBw/Om8dNbW2t6bFbVVVFdXV1XvYryI5cbJRO7cER7ZEB0Oxxs27NV2haCG9TE8dNiB2hig5lyUbgKLQfSYgcHUcgEKC8ogJ7nMdEeUUFIw45BK/Xa+Z7yTTJaLyAFn3uRc9HzkNzfn/ISi6JqApZ4Pjyyy+ZOXOmmWHcYrHw4IMPdljyx3yPeH/yySc5CRzBYJA//elPQDgHQ1sKHLquc8kllxAMBtF1HV3XY9xPb7/9dm6//Xb27dtHMBhMuI9EZQAPPfTQNmtzR/Cvf/2Lr776yhR4/H5/zKt5f+6dTZs2xSSIjeaKK65oVaKyqVOnsmDBAtxuNzNnzmTr1q1MnjwZVVV59913eeSRR8x1Z8yYURAJ7LoThXyvbS9mXumi3uPmo5UHPNb+8XaAyhKJK093dmDLskP8l5nR1NTE3LlzefTRR81+4YwzzuC+++4rCHGjo9E0rc08BdOVZW1rVqxYYZZ+nTJlStocHIlwOp2MGTOGMWPGmMvuuOMO5s2bB8ADDzyQNvlra3n33Xe58cYbgXA+kCuvvLJNjiNITZcTOL74+KOUKziLXAwaNgJVtcR8eV3X0bRwx+n1NUOUkRif+DEUCqYQOfSYaV1vfYLStkKIHB1DWVkZR48eTUlpqbnMMAxsdjtD9tfuzraKSiqBIz50KlE4VfToQ7YU4oOax+PhT3/6E48++qi5rLq6mjlz5og4xyRk4mWmKIrp8ZFt9QxZlvH5fCxfvjzh5/HxuMkYNGgQQ4YMoX///vTu3ZvDDz88q3YUOv/85z9bvW1lZSWHHnpoq8OVBgwYwCOPPMJPfvITAJ588kmefPLJFuvNmjWLI488stXtFLSOziQobfhOo66xbR4OL5hoY/1Wnd11B/b/x5f9lLpkzh6fXfx7RyHLck6J67sDX/9/9t48SJK7vPv85p11d/Ux09PH3DOa0THikgTCAoEkJIElJMBgWGGb3XcjFjuMCC8EvG8QawdEbBCxL3g5XrPB67AhwDLmEALJGAxICAkkhEYwoxkhjWY0PdP3UfeRVXnuHzVZk11dR1Zl1tHdzye6ovL4ZeYvu36Zv3y++TzP7w9/wP33378uTOEjH/kIPvrRj9YdOrUf2AMQOH/LhYUFcByHZDKJVCqFVCpV9ThcXl7GwsIC3vGOd/jyQmHfvn348pe/7Hk/Nj/72c/w0EMP+ba/733ve/j0pz8NAJicnMQPf/hDVyFFlmXhm9/8ZnXer9BRYvvhxUYZxHs0/8Pv/kvTAtHoEN7+rvfh8NFr2tqxbXDOnDuDJx/9TxiGCWB9bgPDNGGZBkzLAgMWYIBXvfZ63PjmWzo+oW5BIkfvYTkO4UtvHpwxXbUGZi+FAy8X8SAKHJZl4cknn6zOv//978fHP/7xvrsIHj9+HIVCwbf9uRnS0094nt8wHJqTq6++upotvt4D6Dvf+U4cOXIELMuC4zhwHAdBECCKIiRJgizLEEURsiwjHA4jEokgEokgHA4jHA4jFou1ncCrHb71rW/h6aef9mVfzz//vOuykiRV43dZlkUgEIAsy5BlGZIkVf839nQ8Hsfo6CiGhoYQj8cxNjaG8fFxxONxz9fjnXfeiQceeACf+MQnqu7gNvF4HJ/5zGdwzz33eDoG0RmDeK9txP/3kIJfPFvfE6tb/D/fUDAUZnDL6wb/OWUz/Zb9YmpqqvrW/pprrsGnP/1pXHfddT2tg2VZuOOOO5DL5arPaLquV0KNi0WU64QU2wJxM173utf5Ur+JiQlf78cLCwu+Chw33nhjNQFrIpHAU0895Sqk9NFHH63aJJOTk76FoW5Wrrzyyqog1svE+FsBvwSOQbln8zzHo9n7SLdvQhqdUCaVxPlzZ2CZJixYqPw5vmG/Oa98RyKRgRQ4gMsixwc+8AH8/Oc/r1uGRA7/MAyj6vbkTCZab7oZnSQpa7SNFzesQXyrGIlE8MUvfhH3338/7r//frz5zW/ud5UAAH//93+PX/ziF/2uRtf48z//86br64WYDBLnz5/35EHRKX/zN38zUMPDvelNb8Jjjz2GJ598EjMzM9A0DXv27MFNN93UE7fwixcv4pFHHoEoirj33nsbZvM/c+YMfvKTnyAWi+Hee+9tWLeTJ0/i0Ucfxfj4OO65556uimTdZBDvtY3ox8gmpgX8138o4n/+NxbXHhR6X4E22Ey/Zb+w+/GHH34Yf/EXf9GXkd4YhsG+ffvwyCOPdLyPWCyGq666Cvv378f09DQmJyero4RsdXbt2oW3vvWt1aHFP/WpT+Hb3/52Uw/Q06dP46Mf/Wh1/mMf+9i2D0e6+eabe54Uf6vg5V7b6uVvP0QP/i233wWxiSEeDIWw/+CRtnbqPJHY8Ah279mPQj4HXdfXiRup5Nq67eLDIxsSSg4aPM/jm9/8Ju677z4SObqMHUdqj84DXBY1nBmbX3zhBZTL5Q3iQ6MLyjkaS6McHM48HEBlvPGheBw7x8c7Ph/nqEKDxPT0NL73ve8NjOpay/XXX++rmy1dk/7ykY98BAcOHPBlXxMTE77sp5fIsoxbb72158ddWVnBPffcUw1Z+u53v4sHH3wQweD6/Arnzp3D3XffXc1D8pOf/ARf//rXN7g/P/fcc7j77rur87/61a/wpS99qctn4T9uhe9BwexTd3DsMIcjewZb3AAGt98cNKampvDhD3+4r3V4z3veg8OO8GHbA1EUxXWfWs/DSCSCUCiEcDi8qa5dv/nYxz6Gp556Coqi4Ny5c/izP/szfPKTn8TNN9+87v+Sy+Xw8MMP49Of/nT1vv7mN7953f3byZkzZ7C6utp2fRYWFqrTzz33XDXhaDscPnwYY2NjbW9H9Bav/WazcN91o132EP7Gm29Bq/EknEZfqwrWnsiefQfxng/+bxvyGSTWVvDYjx/BxZmzAIC9+w/hplvvQGyod1mVO0UURRI5eoCmaesURfsBp7YNZjIZXJyZ2aAgMqiMmsLWPBxZjnVoIHA4p+28H8de9SrPQ4wOajzxID9UfOUrX2k7jwXRO26++WZcf/31/a7GtuPpp59el4/l1KlTOH369AbX9CeeeGJdktXHH38cMzMzOHjw4LpytX3Z97//ffzt3/4tRkdHu1D77rHZ3vjfdp2A/RPdq/O//0rDcmK9+H90P4cv/00E0uDrGwAGt98k1nPrrbf2RezdKhw7dgyf//znq0LV6dOn8cEPfhB79+7FsWPHMDo6isXFRTz55JPI5XLV7a666ip84QtfaGhrPPTQQ+tGx+uEj3/84x1t98ADD5DAsQnw2m/quj5wdgQPMC3d7msNvkYn4VzOMJf3GwiGNggcE1N7IIr2xchADoSwa3I3TNOErut9Ga+7HUjk6C6290bt6D31MAwDhq4Ddcr4dbmVS6VqDKmmaRCEzp4M6UGN2ArQ29T+U2+IRTfLBEFAPB7fUK72ITQej3eUjb/fbD6BQ8JtXUqX8MBPSxvEjf1TLP7H/xmBLA7Ww2gzqN8ktgt33XUXVFXFZz/7WSwuLgIAZmZmGo4Ac+edd+Izn/nMphOiicHCS7/pHM2v1WAPvRRBqiqCPWpEJ5TLZZw4/gziI6MQJQmiKGN8cqoqYNhDHa5/A2+t67AMU68ao5qmDbzAAZDI0U10XXd9wcXjcVimuSEpJcswFW+NWg8OZ4jK5YUbvDeSNe549oWp67ongYPY3Oi6Xh2z3S9GRkY2xT3PZtCU+u3IjTfeiA996EP453/+ZwCVIf3qhQrdfvvteNe73oUHH3wQkiThs5/9bN1cHe9+97vx6KOP4tFHH0UkEsHnP//5TZmDg+6xFX74ZAn/778q65ZN7WTx1U9EEA5sruuXflNiO/Hud78bt956K772ta/hn/7pn6rJR53cdttteM973oM77rhjXch2PT784Q/jQx/6UM/7bcuyEI1G29omk8n4+ny12Z6t+oWXe2yjYZLd5kh0W7ZdeGC9K36zSjR6k27oGp587D/BAGBZDkPxYbzt7vdg974D1VwGtckiLQvQjcvu/qZuVI1NTdP6kiSpE0jk6A6aplVFiFYeQ1ccPbpuvnZ9M4HDnnd+SoqCTDqN3zz1FIrF9UMg23XrtH2yLEvxxG3yxS9+0fc3ye9///uro3G0ywsvvIDXvva1vtbn+PHjmzYM5ytf+QoefPBB3/b39re/HW9605t8299WhWVZfOYzn8Ff/dVfQRCEhglGJUnCF77wBXziE5+ojrBTj0gkgq997WuYn5/H0NDQpkxWZ8f9b3d++XsV//c/rxc3xkdZfPWTEURDm+//Q/0msd2IxWK4//778Zd/+Zc4f/48EokEVFXFyMgIdu7c2VbYh53nZDPwuc99Dp/73Od829+vfvUr7Nmzx7f9bUW89puNBI5+wwPrkzjVMybdKCy6rlUNwXQqCdOseGc4Ezba/0CGYWCZJtTy5YSiZbVUTSbpNc9BryGRw38Mw2ip6DnDV2rFt3rTTkGjmcARDIXA8TwESQKKxXVlGYZZ547VCVvR3VaWZXz1q18FAN9dJb/+9a/7uj+gYkQT/vDTn/7U1/1de+21vu5vUNm9eze+8Y1vVKc7ZdxF4mOGYTA5OdmyHMuymJ6e7rgu/YbEDeDZFzX8138orEteOjbM4qufDGM0tnn/P1ux3xw0xsbGqv24m/sF0X0EQcDhw4f7XQ1iC+O136xnEzWz39r11ujUu6Pqt1M7MkU7cTMMy+Kmm28Hw1VUdlkOQA4E6xqZ9nc6lUAunayuTyfWkMukER2KV3IqGEZLt6tBgkQO/9B1vSpy1YoLTrGintdRs7c8TkGj9rt2XxzLgm3Q5r22T47jttyDmiRJvooGN9xwA6ampnzbXy3tvs2QZblqjHaDRm/VB5VDhw7hvvvu68q+t8uDdTwex1ve8pZ+V2NLsZmeGbrFJ/8hD83xjigaZvCVj4cxPry5/zdbsd8cNCKRCIn/RM+5/vrru/Z8RblJWuOl3zQMo62UAjZucnl6hbEqtDyIpqnIZzOIj1Tcop77za/ww+/+CwBAloP4X/7LX2Jyem+1vJ1zwzYG7bfmtqvhieNP4+HvPAAL1iXHDwvveNef4spjr4VhGAiFQpsmTMWJqqpNRQ4AuOmmm0jkaEI2m60m9ASwoe04hyBzih6NQqjcenA496GqKn72k58glUxW83Nc+5rX4ODhwzBNE5FIxFP7LJVK28rdtuRI0hoMBjvOYUJ4p1wuo3RpOG5JkjZlnoVukEwmq3l8xsbG+vp/cV4vgUDA12GStyqVlyvUlp87o+Gv/3tF5IiEgH/8b1Hs27W5xQ2b7dZvDhrFYrH6tjYUCvU0t4GqqlCUStiVIAgbhsPuNc57tCzL9DxPbEq89pvFYhGZTGadHVZrqzX62OXrfdfWsRP4c2deBC/wsEwLgIVyuYRSsQilWESppKCkKMhlMygWcggEw7jnfR+EKEnrDshyLMLhSMMhNu0KOre58Mo5R+Ur0S0zZ8/iqmtfB2Bz5eFwQp4c3nEjuNWWcxOf22o42FqPo2ZeTOVy2VP75Dhu04VieUGWZTI+BgRJkui+U4fh4eG6o5D0A7pe2oe8Nyq85rCAz/5VCP/XVwv4yie2jrgBbL9+c9Dop6ggiuJACb10jya2Al77TftlmU0jgaIfien5737jH2FZJkzLAoOKu4lpWbBME8B6g3FkdAdKShGCWP/tqz00rO29YefesNfZn1wmjfkL52u3xuzMK0iurWBoeHRgk5a4oR2R49vf/vZA3bQHAedv3yzJqBu8XlSV8X427s/pYdIJPM/TgxpBEIRPUKb8y9x0rYiH/7uw6UZLaQX1mwRBEP7htd902kL1Xgo3yo3YC9hSqYhyuQRNLUNVyzBMAwxTOWlBlCDLQUSiQxifmMbeg0fA8TwMvXkcpC1s1Hpv2J/f/fYpJBIrAIBYbATRWBwAkM0m8dtfP1E1areCyHHLLbc0LPPEE0/gvvvu29Tn6Teqqroa1ccL9Vyhml54dS5a0zQ9iRy1OW8IgiCIzuA4joYurmGriRsA9ZsEQRB+4bXfLJfLDe20doaI7Rb8Na++HgDAchw4jkcgEIAcCCAQDEIOBCHJMkLhKKKxIQSCQbCsu87FOcKFHY8DACtLC/j9b58GAwYWCxy+8hqAAZ59+pcwDQOnTzyLvQcO4tDRa6Cq6qb2bnDjyfHzn/8c9913H775zW9u6nP1C1s0aDaiT7Mhi/3E6cbPsOy6JDoMw0BRFE+u/pQ0jSAIwjtk9G4fqN8kCILwjtd+086J09agJD7m2GgF/8fveT8AgGM5sDVqTq0y085bddsYdA4Na+g6nnr858jl0gCAHWPjOPba14FleawuLeL8uRehaRqeevwxDA2PYmznLs8n2G9I5GgPO4mY0/vH/m51YTjLtuP9Ua88wzAIRyJgLrXf4CXhz4miKBgaGnJ9nFo4jgPLstUwLoIgCKI9WJYlgWMbQf0mQRCEN/zoN4vFYsvchfXolbclK4oSRFECe+lE7RwajT5uDEfba8P5AYBfP/4znD5xvFruVde9AeMT0xjbOY7r3ngTJLliQC4vzeInP/ge5mcveM51MAi4CVexRY7tHK6iKAp0Xd+QPLTVxeD2YmnnouJ5HtccO4Y33nQT3vhHf4TXv/GN2DUxsUEAtBXMTqG4cYIgiM6he+joajfhAAAgAElEQVT2g35zgiCIzvF6D621fRrl3/Dqbe9lW/Y3TzyGpx7/OZYX56s7Mk2zkmz0kqjhHOp13YHr7fBSOIotbFTyFRh44uc/xi8f/XF1H/sPHcHVr35d9W39gcNX4oY3vhUsVxFDFuYv4McPfQcXZ17p+OQGCVvkuOmmmxqW2e4iR7FYXDfv9aLoxBXKuV4OBDC1ezemdu/GyOgoOI5bF3pVr87tYr+NIgiCINqDvDe2J9RvEgRBdIZf3huN6DQMxW/PDm5qJPh3cxdmEAiGsPfAoXUJQp2joNgHtz8ry4s4d+ZFGIaBofgwrnnN9ZAveWA4827ksmk8+eh/4teP//TSyCzAyMgO3P7O9yA+MrouHGHX1BSUgoLF+VkAgFIs4MVTv8fr3nATRHHzD2vIcRzuvfdeHD9+HDMzM3XLnD9/HpIk4cYbb+xt5fqMruvIZrNNx0x2jq0MYIM62Gwc5Voala03lKxzWa0nk6ZpCAaDnh62WJalmGKCIIg2EUWRkotuU6jfJAiCaB+v/aamlZHJZNfl16y10Rp97LKN0gvU4smDAwDKZQVKjRrjNOzqhaXE4sO45tXX4fCRq3HkqmshiRvHg86kknj0x4/gmacer4oboXAEb7njjzE5vWeDASkIIt5825247sY3V9WlYqGA40//quMTHDQkScIDDzzQ0JPj5ptvxkc+8pEe16r/FAqFussbuTi5uUDauTDssraoZ4sYtSFa9bbL5/Ouj1MPlmXJ5ZYgCKINeJ6nt/jbGOo3CYIg2sOPfjO98mJHuTfsss3m/aTaO9Q7RrMD791/CHv2HVw32kVtjo5gOFwJcbk0bvnY2DjeeufdOHT06g0GpP0PkgMBvOX2P8bw6Ch+98xTyGbSECSp4agamxFJkvBv//ZveN/73ocnnniiuvzmm2/Gt771LQiC0Mfa9R7LslAoFJoqfI1ot024TUDqFN+c3kz1Eu0Wi0XEYjFP7VMQhLphYARBEMR6GIbZdv0ksRHqNwmCINzhR79pmhpSF3+GwK47wUvxusdo5LnRa+rK37arSb3ltqHnrLD9ZrvWvV8QRNzwRzdjeX4Wu6Z247o3vhm7JqfrJix1ihwsy+LV192IPfsOYeaVMzh89BooioJgMOjbifebWpFju4obADZ4QLQaHtYN3RiKyOnl4Zw3TRP5fB6RSMTT/gVB2Lb5VwiCINyyHftJoj7UbxIEQbTGj36zkDkL09Cg516CIL+huryVfdbKu74bIgh3843X/R0ATO3Zh4NXXFk9kJs4mnrUKunR2BDGJ6fw2hveiGhsaJ244Xwr7tze/siBIHbumoJlWdB1fUsJHEDFVejee+8Fy7L40pe+tG2TpSWTSQAb212zeC5neXu63reTRq5R7eTuaISqqp4FDpZl2xqKmSAIYrvBcRwJHEQV6jcJgiCa40+/aSGz/AwsS4eWn4cQ3geWD7jSDFrlS2xkf3nOwQGgOjyn07hs9GlUced6Z4cztXsfOJ7f4O7vzGlQGwJQL9mp1xErBhFJkvDJT36y39XoG7lcbsPIJG48NVpdLH7gRthzenXkcjnPxxRFkeLKCYIg6sCyLERR7Hc1iAGD+k2CIIj6+NVv5lNnYJplSKE4wABa9g/r1ncamtINcQNwhKjMX5zBb554DJIsg2mzo7CFjCuPvRqCIG7IXWDjTNZY6+Zv76feNjbFYhGSJG1bT4etRj1RoFHi0E7juOrl3GiVh6M2FKVR/WrbcDabRTgc9nxRCoKAcrnsaR8EQRBbDfLcIBpB/SZBEMRG/Og3LVNDIf0SAIDjBcihOMq5M5DjV4MRGucgrLXdepmPoypwLM5fxNLiXEc74VgO4cgQxnaMY2J6D4DKSRiGsc5YdObqqGdEOg1Pp9hh/4Msy8LiwhymLh2D2NxkMhlYlrVuqCGgvndGvXWNaCe+y25Xtd+12zUSO2qXZzIZDA0NNa1fK2y1leKKCYIgKtBbeqIZ1G8SBEGsx69+M5f8AyxLr9pEUngEqpKGmnkB8ujGXByd2GntrHfDurO2TLOjj65r0DUNRs0wms4wk3rihlucb8pXlpewtNCZEEMMDpqmIZ/PNxQ2WtHt8JTafTZzvXLO5/N5aJrm+dgUZ04QBFFBEATy3CRaQv0mQRBEBb/6Ta2cQSFzFoBt7wAcz0MOx6HlzsAy8nXtt355btjwd97zXn/2ZAFD8Y1DxgD1337buElYWvtG/3fPPoM7757yUFmi32QymZZeGp3Gc7mhVehKqzAWZ71rQ1UymQxGR0c915G/lLdGvzTMMkEQxHaD53nwfN0B3whiA9RvEgSx3fGz38wlT4NhNgoWcngEaiEDLX0a3Ngb6m7bSuTopvDBWD6mnnZ6a9QbCrY2/MQ53exTa+AqShFDsSGEPY5aQfSHQqGAVCrVNGFtK5GjURhLOxdLo7Zpf7dqp84kuHYZe1k8HkcoFPLwX7qMqqowDMOXfREEQWwWOI6jpKJER1C/SRDEdsTPflPJzSC98hwYBpdstvUvocu5FZQLaYR3vwecEK1rpzXzuO9WglEAYJ1ihF8fN0N2uX1rX4tlWZAkGaVyeV0CUmJzYBhGR94btWXawcsF1KxMs3CVTCbj28OVKIrknk0QxLaCxA3CC9RvEgSx3eB53rd+0zRKyCVO1fXesENVpPAwAEBLn163rReBwi+vDt6PfAE2tW/BAW8jVtSur/1ks1nPCR2J3pJOpxsOC+tGTGiG1wuqNtkosDH8xEm9EBd7uWmaSKfTGBkZ6bhOTkRRhKZp5HZLEMSWh+d5yqVAeIb6TYIgtgt+95uJ+adhGKrDa2OjLcTxIgKRYZTzL0KKXwNWjFbXdeq94ResmxARtx/AXb6Ndt/e1wsJME0ThUIBhUKhS/8awm/y+TwURQFQX7Box3ujURuqpVU5L14cjeppzyuKgnw+33L/bhEEgR76CYLY0tB9jvATak8EQWx1/L7PpVf+gNT88XWixnqb5/JyKVTx4lAzp6rlBoGBGHPNzdt7m9rwl1Qq5cuoFUR30TQN6XS6oRjg1XvDTxopjG4FGOcnlUr5Omydn+5nBEEQg4QoipRQlPAd6jcJgtiq+N1vqqqKVCoFw1ChKpmqoOHEaedwggA5Mgw99yJMLV9d7yxbSzdzb9j4LnC0OpFOvTiaGcWJRMLv0yB8xv6NWv2enXpvuLmA2g1xcetKVVvf2u2SyWTT47YLx3GQJMmXsa0JgiD6DcuykCSJciYQXYP6TYIgthLd6jeTySSE0G7wgXGU8ylHiMpl741abC8OLXs5F0e7NpjfDMyd3m2OhXpGrq7rJHIMMIlEArqu1/3t2vnNu0UzcaQdMaZRuW60TzIICILYCpDhSfQK6jcJgtgKdKvfdNprYuQILEODWswAWJ+HY12oChjwvAgxHIeWfQGWkW/oxNBoWbPlndKVJ4puenHUihz2R1EUZDKZbpwO4YFMJgNFUZr+dr3w3mi13M16Nxdfo/MrFotIp9Mtt28XURQhimLPlVGCIAgvMAxTvX8RRC+hfpMgiM1IN/vNdDqNYrF4+TiRveADO1EupFzdKwPhyqAKaub0hnX9uNcO1CsTN4ZtvfL2umw262tSR8Ib+Xwe2WwWQPNcG62Erl7gVpRz1suNAOfcJpfLdaV9chwHWZYpdp0giE0Bz/OQZZnepBN9g/pNgiA2E93sN/P5PHK53AYbRopdBdNQoSnZht4bdnmOFyFFKl4cpp5vaVe5We6Fngocbr04GhmKrbw4GKaS1NEeqYPoH4qiIJVKufrN7GW162za9d5oRbteHLV1cy5343nSq/YpCAK5ehMEMbDYIQI0qgUxKFC/SRDEINPtfrOZvcaHdkMIjKNcSNYVN2zsZbI9okr61Lp1/aBrd/ROT6iVgdjImHQuW1tbQ6lU8lR/onNKpRLW1tZa/k5uxIFO8HO7ZgJcs/00EnPs9tktkcO+EYqiSA9sBEEMBCzLQhRFMiSJgYT6TYIgBo1e9JuKomyw12ptHDF6FIamVnNxOKktywsSpNAQtNxpmHp+Q9l6dEsA6fmdvF0vjmbb15YlkaP/1BM3Ovkta8v45b3hdls3F2IrsaaZyJFIJLraPu0ERKIokhs4QRB9geO46gMa3YeIQYf6TYIg+k2v+k3bXgOaR0jwob3gAzugVr041oemVMpe3q8cvuzF0S/vDaDLAkc7J+Y2DKCdZaurqyRy9JBSqYTV1VUA3n4353J72i1eL6ZOxRW3IoeNZVlYXV3tejiVfaO0Y437ebMhCGLrwzBMNVaYDEViM0L9JkEQvaTX/aaiKFhZWake2/5uZJtJsath6CrKxfWDJdSzi3hBhhSMQ8uehqkXNpRrtL3fdN2Do9Wb+2Yn3c7b8toy9nwvjEiicrGsrq42/S1a/X7OcvVo1W7avVDaueBaCXDNjtGoHQMVEc7OWtxNGIaBIAjrbp700EYQhB8wDLPOKBQEge4vxKaH+k2CILpFv/rNYrFYtdca2WG18KE94KQd0PLpqvfGZbto44tgOWJ7cTzf7dNpCKMoitXtg1hW/UM4l9vTzu/a6XrztR/netM0q8vi8TjC4XB3TnCbk8/nkUqlAFQaN8uyrsWN2vXOeXva+V077aSTG0OnbdP+dtMm3ZSLx+OIRCJt198rpmmu+zT6fxAEQdjY93nnhyC2C9RvEgTRLoPQb+ZyuboJRd3YbIZyAaXlxxAamYAUGLq0/PK51X4X0oso51OI7P0AWD60oS7dFnN6Mj4WwzCuOwC7rH3izml73lm2Fud6lmWrnU8qlYKu6xgaGur0NIg6pNNp5HI5AJcvXifNvDVq1zvn7Wm3dHqhdNo27W1qp5tR25adpFIpGIbR8/ZZe5N1CoPOB7fab4Igti71HlZs4dr+JojtCvWbBEHUMuj9ZjqdRjab7UjcYBgGQmgfNPkFlHMpyMF4db+NbDY5PAy1kEI5dQKBsRt7d6KX6OsA4I0MxWZlnDQq71zvFDlyuRx0Xcfo6Kifp7FtcY4G4hQ3GokZNu24RdUu79UNopmI0UiAcyN0NBM5stls39un7TJHEARBEERrqN8kCGKQWVtbQ7FY7FjcsBGHrkJ55RcoK2nIwaGmXvYcL0EKxVHOnoYUv3adF0cvbLme+ce0Y7zW+3bzA9Tuy553hkwoioKlpSWoqur/SW4TVFXF0tISFEWp/l9rxQ0bN79XPa+NZhdNLV4vFC/CSqM255xv50ZSLBaxuLhI7ZMgCIIgCIIgiI5QVRWLi4sdixs2Ti8OVhqDmk/VPd76bS6PqFJOneziWdZnYANnWxm47RrOTgNc0zQsLS1VQysI9+RyOSwtLUHTtLr/206EqNrpXnlpuMGLAOfcrp0biq7r1D4JgiAIgiAIgmibXC6HxcXFqr3Wji1iU6+sNHQNdK0EVclUl9ViL+IECVJoCFr2FEy92LB8N+ipwNHpm/JGooVz3s0P5/TkYBgGqVQKq6urMAzDz9PckhiGgdXV1Q3JaWr/p4A7N6dmv6mzTL3pRmW80O5+mglwbm4Ubv5X1D4JgiAIgiAIgnCD016rtdHcihuNlgGAEN4HPrAD5XzKlZ0mhUcAAGr6ZE9fYPfcg6MdkaO2bKO35M2MxFYfRVGwuLiIfD7fjdPdEuTzeSwuLq4LSenkA9T/7Zw0Ew5q6dWF0qgu9QQat+Kb2/arKAoWFhaofRIEQRAEQRAEUZdcLoeFhYWW9hrQOF9ioxe0znVi9BoYegnlYnrd+sr0+jrxl7w49OzpqhdHL9g0ISrNDEjndDPVqVEZy7KQTCaxsrJCuQ8cqKqKlZUVJJPJanLMTv/HznU2bn7jXtLsuK1EDud0K0Gn2f+mntpqWRYSiQS1T4IgCIIgCIIgqjSz19r1tG9ktzmnxch+cNIOlHLJpuKGjRwZhQULarp3uTgYRVH6Mn5Vo2GznMvrTTu/m007P63K1C6LRqOIxWJ9GaN4EDBNE5lMZsNwQkDzMIt661tdJI2Eq3rTTropgjQb0q1Vm6z9rte+auedy5uts6cjkQiGhoa2bfskCIIgCIIgiO2MaZpIp9PI5XKubLV661q9kK3d1v7W8q+gtPIYwsMTEINDl5bXryfDMCikFqAWswjv+QAYLtCF/0bNMfslcAC9Ezlql9XbR711Q0NDiEaj/pzsJiGbzSKdXu9y5PZCaVZ2s4gbNn60TfvbD5Gjdl8AEIvFEIvFPJ8rQRAEQRAEQRCbg0wmg0wmU51vZYvVW96puGFTnP8hGCuH6I79TcUNANC1ErLLr0CMXQN59PV+/Aua0leBA+iNyFE7344hyTAMotEootFoTwzrfmBZFrLZLLLZ7LrzbvdCqV3WaD/2tPO72bSTXv4G3RQ5nNOtxLfass55lmW3fPskCIIgCIIgiO2MaahIJxdQKHEwTbMjkcIvcaPixXEOyvJjiIxOQgzUf+Hq3KaQXkI5n0Ro8i5w8rg//5QGDKzAUbvOi8jhnO7EkLQJh8OIRCIQBMHDGQ8OmqYhl8utS2Dp14XSatr53Wy6ll4b8b0WOeqtd7M9wzBbrn0SBEEQBEEQxHZGU3MoZF7BysyTUItpBMbeCDFyAEBzm8y5vFGZTsUNm+L8D8BYeUR37NtQ71qbzbJMZJfOgRFHEJy4y8N/pDV9FziA7ogczmWt5p37dGNoBgIBhMNhBINBD2fdP4rFIvL5fDXLLuAuQWar9fXm623j/G42XUu/PBT8FDnsb7feRs59uhVAZFlGJBLZtO2TIAiCIAiCILYzSm4O+ewMyoVFAJdyWSTnoasFBMb+CEJ4f0OBwjnv1cu+mc2m5c5BWXl0XS6O2nJO1GIa+eQC5JEbIA4d8/Dfac5ACByAOyOydt7L2/J66+rto9l6lmURDAYRDAYRCHQ/YYoXFEVBsVhEsVisujUB9Rtxq0berQul3nyr5b2iXvvstG3a3+220UbrG+2XYRiEQqFN0T4JgiAIgiAIYjtTKixByc9Dyc3BNCsjJ66zrcAgn5qDUS5CvuTJUU/YqJZvw25r9t1sujD3fTBWoerF0cpmyydmoZUKCE2/F6wQaev/45aBETgA/0UO+9uLIVlvut43y7KQZRmBQACyLIPn+fb/AT6i6zpKpRIURUGpVIJpmgCaN+BWCqBzulNRYzOKG4B/Xka13+1ON9u+2TfDMNW2GQgE+t4+CYIgCIIgCGI7o6sFlJVVlIvLKBWW6ooa678r2xVS8zDKRQTGboIQ2b+hbLvTzb6bTQOAljsLZeUxhIYnIIfiLc/Z0MvILJ2DGN4PeectLct3wkAJHEB/RI560859uzUindvxPA9ZliGKIiRJgiiKbv8FHaGqKsrlMlRVRalUgq7r1XVuG3ArBbCd6WbftdP15lst7wfdEjns73amm23b7NueFgShp+2TIAiCIAiCILYrlmWimJiDVkpBLaxByS5CLSTByjyE2BBYTmgpbFTtLctCITUPrVxAcMebIYT3ebbV3Aoa9Wyz4sK/A9oaouMHwDBsy/9FKZ9AMb2MwM5bIIT3tyzfLgMncADdEzns73aMy2b7b1au3rQgCBAEATzPVz8sy4LjOLAsC5ZlNzQay7JgmiZM04RhGDBNE7quVz+apkHTNFeN0k0Db1auldeHm+/a6XrzrZb3C7cCR+18J4JZp22znWuitpzdNp1t1G6fDMNUvwmCIAiCIAiCqGBZFgzDqH477TVN06DrOrKzzyN18mFYehmxqd2QYxVvB4YBLJaBFI+Ck0IbRI3KNLNxOWOhkFiArhYQ3HEzhPC+OmW7L24AgKWuIT/3EKRwHKGhXa7+Z9mVGVgWh9D0ewEXokg7DKTAAXgTOZzT7QgbzZY126+berRzTo1wIwS4ETfqfTda52VZqzq5PadBotVv1U478EPg6LRtNmuX7Qg5BGGTPv0fyM38FkIghNjkNHipu3lflHQSucVZgOEwdPWdCE29qqvH6xWWqcHUi4BRhKHlAaMAyyjCMoow9QJMvQjLMtdtw7I8OJ4HwwlgOB4cL4BhOLC8CE6QfK+joZZQyiehlfJQrSAWrSuwYh2orn/rAf+P6YWMunRpygLg7FvqzcOxzGowXeH4bGtXXIIgWrPn/D8ihAJGDh5B7XXWLoZaRuLci8gG9mBx+r3+VJDoO6+dTgIAYqI747nXNLNbnOu0Qgrp53+AcuICQmM7ER2fXFeGjciQIvF1yxp6cQBVTw69XERw583gQ3s7findbNrNOZYTz6CcPoHI2G4IUrhh2er/olxAbvUCxNjVkEff0LJ8OwyswAF0R+Ro9N2p0NFsv43OwS8jsV5DcyNquCnXDW+NzS5u2PRK5LC/222bbvbbbBs35+i2DLG9KC6eQurkj2DqJUR3TSE4PNrV4xlqGZmFWaiFPMK7X434VW8HWK6rx+w/VkXkMAowtTwsvSJ+WHoeplGEpRdhmlq1NMcL4KQgRDkMXgz5WhNdLaCcT0ErF6FYUSyYVyCJPQAGUeRY7Mp+j88Od2W/BLFdGFn+KYZTzyG+5wCksPeEg6mLr6Ccy+P8vv8VujTiQw2JQWHQRA439koj2yd16kfIzzwDORJDbGo3OF6orueiAYiRy94dzu3qix4WCol56GoRwZ1vqYoczbdrbLvVzrc6T+f6wuy3wUCtO2xsPYqZJZRySYQm7wInj7vaxg0DLXAA7t8m+2FINvp2a0y2Orbb83JDM3GjXYHBi4jRibjhVuUcZNrxcnArPjRa106bdNM22/XeaKetkuhBGEoaqVM/grLyMgKxYUR2TYHluis65JcXkF9bhhAeQ/zqt0Ma2dvV4w06llGGpedhqCkYpQUYyiJMUwPDsBDkMHgpCEEOw02crBvUUh5qPgldK6FgDWPBOII0Km+l3npwcISO5iLHRg+N+h4dG+ePXyQjiiA6IVh4BZNz30ZoZAcil95ke6GQXEVucQ4rO25BJn6dDzUkBo3X7k4CsBATJ3p+bLc2SqsX0PZ8fuY3SD7/IwiihOjUHsgOgU8YCoEPRVsIG5dtt0p+j3loagHB8VsghPbW3a7+vvwRNwBAL8yguPRTBGM7IEdav+SyLAuZpZfBCCMITd7dsrxbBl7gADo3Jv0WOpp9u6mDm/lWtPKCaNUo/RIwuuXetJno1JOj0bput003gmCz8yLxgmiH7Mu/RPqlR8ELEmKTUxDD0a4eT81nkZmfg66VMXTkFkQP3tTV420uLOjFOejFBZjKPAyjAADgpRAEKQQxEAXjg+eLpmRQyiVhGCoy5k4sWkeQtXYAAG45KHvev19k1AXHnNt+xymA1AodFZ69SCErBNEOe1/5nwiigNHDRz3vSy+rWDv7B+RDe7EwRaEpW5nX7bY9OXovcjTDrWe6c76cvIDUiYeg5ROITe5GaGSsul6IRcCHI3VFjXrfgIn86iwMTUGgicjhh83WbH1p5RdQcy8juvMAeBdhsqqSQT4xj8Do6yHErmlZ3g2bQuAAuiNy1FvWifHYTOxoVT8vtBvy4Ua960TI2I7ihk07IkftfLfbZquQEy/iG4kdhBtKazNIn3oEam4VkZ3jCO/o7sOIZRjILMxBSScQGL8C8aveAT4Y6+oxNyNmeRV6cQG6MgdDTYIBCzkShxQegXuDvzFqIYVyPgXD1JAwp7BkHkEBFeN/UISO+iJHPS8OJ/VEjvXbP3uRQlYIwg0jKz/FcOJZjOw76IsAnpo5h1Iuj/P7/wt0ia7Drc6giBztiACN7CJDLSJ14gdQll5AeHgM0ak9lfUA+FgEQiSyrnxDbw5UPDkKyblKTo7xW8GH9tTdxm3dOjlvUy+iOPsdcKKIyOjupvuxySdmoZWKCE3/CVjBe6japhE4AH/CApzTnRiVbte1qq+b9Y3o9GJqR6xo16WpHc+Sds9n0PEictTOe2mbbsW3doULClEhPGEaSD7/MPIXfwc5HEFkYhq82N2whWJqDdmFWbB8AEPH3o7QxLGuHm8zY5STUDOnoRdmwHI85EgcYtAPTwQL5XwKpVwSlmVi1dqLBfMKlFAxZG4dAKGj/ZAV5zqbjeLIb8mTgyCaEsyfxdTsdxAa3YnouHcDtZBcRXZhDss7b0Nm+HU+1JDYDFy3OwWgNzk52rFV3ISo1FuXefFnyL78OKRgGEO794IXK/2kEIuCj4SbChvO5ZZpIJ+cg6EqVZHDL5vNzXoAUDOnUVr7NULDE5CCQy3LG7qKzNJZCOH9COy8pWX5VmwqgQPwZpz5+fa8k+lW9e8EtyEq7YoenXpqdHpRb3Y6EbP8bptu19Wrj9t2SQIG0Sn52ePInPwRTFNHbHIagXh3E5Bq5SIy87PQCnlE9r8e8avf0dXjbXbM0grUzGloxVkwnIBAdARiwLv3i2UaKBeSKOUqb9uWzEOYN49ARwC3HhoEkWOhdaEO+e0FeotMEBuxsOeVryKEAsYOX+l5b7paxtqZ08iFD2Bh6n0+1I/YLFy3J1mdHnRPjkZla6eLCyeReu77YBgLsendCMQq/YgwFAMfDl8qd6k8mthnloFcYg66WkRo/Hbwoem69eyGuGGjLP4IRnkZsZ0HwbCtc36V8gkU08sI7rwFfHi/6+PUY9MJHEB33pg7p70sc3N8N+fQCjdCgltRo5NlrY7XqI7trN9suPlNvXhztLPeTQhVL9opQTjRcqtIn34EysorCA6PIDoxDb8SXTYitzSP/OoyxNguxI/dDSk+1dXjbXb0whzU7GnopSXwQmW4OlH27j5u6DrKhSTKhRQYhsOscRiL5lGYEHBbn4WOjDp/aapZ+Ek7XN7+mQuUgJQgnIwu/xgjyeMY3n8QUsj7vSVx/hzUQgGv7P/foYkkKm43rt+TqE7HRO+Jav2kU1tNzy0j8bsHoabnEN01iciOCYABhFgMfDjUXNjAZQEElonc2ix0TUF419vABXfXLd+orm7OpxlGeRWFuYcgheMIDRvor7gAACAASURBVLnzssmtzsA0OYSm3wt4eD7clAIH4O8b80brOn3D7ma+1fJGdJLAxjnfiVdHq/2367XhZv1mxk8Bzjnv1eOj2XSzendL5CDxZPuSffHnyLz8C/BiANHJaV+GBmxGKZdGdm4Ohl7G0FV3ILL/jV093lbAKFxAKf08TC0JQQpCDg+Dl7wPM6trZZTzSahKFiwnYUa7AotmJcHgrX0ecSWr1Yas2Pcot/1VbVhLZXsSOQiiQiD3MnbP/RtCo+OI7vJh1JS1FWQXZ7G08w4KTdnGOEWOqODek6Mbtkg7XutN7TDLQuJ330Nh9jkEhkYQ37MPDBgIQ1EIjmemesKGc5llGsgnZmFoJQTH3wYuON3TF9LlxDMop08gPLobohxuWV5XC8iuXIAYuxry6Bs6Pu6mFTgA/9+Y1877Nd1OnWvXd9roOg1VaTbdyXw7dd5q9FPoaFS+k/lWywmiE0qrLyN98mGohSQi45OIjPk3/nk9TF1DZmEWSiaF0MTViB+7C6zo3WDf6ui5s1Azz8PQshDkEOTICHgx6H2/qoJSPgFNyUO1gpi3jmLZOgQAuK2PQkdmnchRK1i0w/ptn6FwFWKbw8DCvle+giCKGDvkT2jK6pnTyIUPYn76T32oIbGZud4ZriJ0PydHLe3aa25trdzZXyJ1+scQ5QCGD1wBjhfqiBzN92MaGvKJOZiaisD4bdVwlU7q3QmF2e+AQQnRHe7CTgrpJZTzSYQm7gIX6OzZcFMLHDZevTlazbfr+dHOcb3iJVSl2bpOhIzt7LXRCL/bph9t0Y92SmIH4QemXkbq5A9RmDsBORJDbGIaXJcTkObXlpFdnAMvRRC/9i4Exr0/aG8H9MwLUDOnYBgKxFAUUnDYl2SxWrmAci4JrVyEYsUwZx5FwtoLALjtUL+FjloPjlaCRyuPDwvPzJA3B7E92bH8H4gnn8XI/sOQQt699pIzZ6Hk8zi///+g0BQCAHD93gTs+2+vRI5ObJ92bCyGYaCsvITk8e/BKOcweuQoRCkEIR6DEAo33KZ2f6ahI5+4CEPTEKwROTo9N7fohRkUl36KYGwH5Ejr/GuWZSK7dA4QhhGavLujY24JgQPozJuj3rJOhQ838+3U1Q1ew1XaLdvomOS10ZxetM1BbackhBBuyM/8BqmTj4BlWUQnpxEY6u7DqlosIjN/AZpSRPTgH2Hoqju7erwtg2VCyzwPNXMKpqlBCg1BCg+D40XPu1aVHMr5JHRVQcEawZxxJVKYGgCRox6dhK7YMHhmhowxYnsRyJ3B7tlvITS6E7EJ73mQ8okVZOdnsTR+BzLD1/tQQ2KrUBE5KsTaCFeph1fbxU87zShmkPz9d6CsnMXw4UOQA0MQhmIQwvVFjnrLKp4cszB1DcHx28EFG4eJ+W23lVYeh5o7g9jOA+CE1v26qmSQT8xDHrkB4lD7I+FtGYED6NyQrLfcSw4PN/XpRpLRZuu85tBwe5F2Wmar4/b37qRd+RGCQmEpRL/RsotInnwY5cQMQiM7EJt0N3a6FzILsyisLUMa2YP4NXdBjPU3C/umwVShpk+gnDkFAJDDI5AjI2BYzvOu1WIapVwChq4ibe7CgnklMtiJt/VV6LBHWnF6cLgJX6ktb8PgN+TJQWwXLBP7z/0PBBkFO664yvPu9HIJq2dOIxs6iPndH/ChgsRW44a9a9XpmNCfxKPt2E3tCB6pkz9E7tyvMHRgPwKRYYixIQiRjR5R9Y9zSeRYm4Wh6wjuuh1cYKLldn5g6gqUue+AE0WER1p7jwBAPjELVSkgvPu9YIX2vL62lMBh46fQ4XbZZhY42l3W6vjtlNlu+OXN4WaZl/20s54g/CR9+j+QefmXEAJBDE3thRD0nu+hGeV0CqnZC7AsA/FjdyGyr/OkVtsNU89DS5+EmnsJDFhIkWEEIiOXA4I9UM6nUM4lYZga1sxpLJhXooCRvgkdlZFWasWKds5z4za/oeSjxDZgbOkRDCeexeiBwxDD3kdNSZ5/GUq2gPOH/pJCU4iG3LBudJXevrxo10art7zZfP7CM0gc/y6i+6cRjI1BHhoFHwo13H/tIkPXUEjYIscd4AK7emKzqZnTKK39GqHhCUjBoZblDV1FZukshPB+BHbe0taxtqTAAXT+xrzZcj/KtlO3VngVOfwq66XcdqRXbdOvUBQSOIheU1w8jdSJH0Av5RDbNYVQlxOQGpqKzNwFlHIZhKauRfzae8AJ/R26dDNhqElo6ZPQ8q+A4wRI0RFIwbgPe7ZQyidRyiZgWQaWzX2YN69CGVG87XB/fp+MuuCY6zRUZb1QQt4cxFalEpryr4iMjSOyy3toSmFtBZmFi1ja9XZk4tf5UENi68Lghr39ETn8GCCiUTl7WTlxAcnffQfiMI/Q0CgC8fGqyHG5bOM6VESOi7BMC4Hx28EFepOzRFn8EYzSMmLjB8GwrYeBLeUTKKaXEdj5VgjhA66Ps2UFDhuvxmSjdZ0IGN0yFDsRI9rNpUHChr+00xbabU9+eW64LUMQ3cAoF5A6+RAKc89DjsUxNLkHrCB09ZiF1UVkFuYghEYqCUh3Hunq8bYaRmkFWvYktPxFcLwIMTIM2QehwzINlAoJlLKVh9VF8wrMmVdCQwC390HoqHhz2LQTsmKzURh5mvJyEFsNy8T+s19GiC1hzIfQFK1UwtqZU8iED2Nh9/t9qCCxHXj9OpGjd+EqfokczcpaRhmJ498ByycgDIURiu+CFIq7dqI0dQ2F5CxMwxY5uvsyCQCM8ioKcw9BCscRGnInqmRXzsMyeYR2/wnAuAuF3fICh023hA63+++2oehlBBMSNvpHN4UOv7chiH6QPfsEUs8/Ao4XEZveAzna2q3RC2ohj8zcDLSSgqErbkHsyrd19XhbEb04BzVzAoayDE6UIUVGIMneXdMNXUOpsAY1nwYYFrPGUcybV+K2w95HZOiEy0JHJ/0fiRzE1mbH0iMYTvwWIweOQAr7MGrKKy+jmM/j/MG/hiZ2tx8gthb9Ejls/AhZabautHoOWu53ANJVkcNtnQxdRWFtFqZpIbDrdnBy90WOcuJZlNO/Q2RsNwQp3LK8Vi4gt3oBYuxqyKPuwoi3jcBh44dB6WY//TYSuyV4eClLNKYX7bIXHhv9bvfE1qScmkXqxEMop+YQ3rELUR9cnVuRmbuAQmIFgR0HED92L4TIWNePudXQCzMop0/ALCfAS0HI0REIYuuHmZb71Uoo5RPQilkwrIjz+lEsmFf1yZtjoXWhhtRPWkpCB7HZCeVexPTFf/Xtfl1YW0Zm/iIWJ/6YQlOIjnj93uSlKatjkcOLzeM1d6GbdcrSf0IrXGiZ46J2X4auIr82C8vEJZFjZ8u6eqU4913AUhDdsd9d+cwSSrkkQpN3uRJhtp3AAbRvhPlpGPptAPrpYdHuhUvihv/42Ta7KWiQkEH0g9TJHyJ77lcQg2HEpvdCkANdPZ6SWkNm7iIAFvFXvRPhPfRg3Qlq9iWomZMwtSwEOYJAZAS86P2301UFpXwCqpKDaoUwZ16JZetwX4SOtLqA9sJUgPo5OSrTvyGRg9isWAb2n/0ywlwJo4f9CU1ZfekUspHDWKBRUwgP3OAQOYZ88uTo1Bbywy6rt94WOYLxXZBrPDma7a8iclyEZTI9ETm0/AyU5Z8iEB1DIOriBZJlIbN0FowwguDkXS2Lb0uBw6YTI61fQka7dDO0hISN7tNPEa6T4xNErygsnEDq+PdhaEXEpvciNNJdzwq9rCIzdx7lXBbhvddh5FX3Aizf1WNuVbTMKZTTJ2EaCsRgFHJoBLzoXYxQS3mU80lo5QKKZhRz5tVYwz7c0WOhI606h5MFOgtdubz905R8lNiE7Fx4GMPJ32Lk4FFIYe8eW4lzZ1DKF3HuEIWmEN5xhqv4JXK0otcvo5Wln0ArXER4eAJicMj18asih8UiMP62roscpZXHoebOILpzP3gXid3LSgaFxDzkkRsgDh1rWnZbCxxOevkmuxejqPi5jZftCG90u12SkEFsRgwlg8SJB1Fc+AOC8RHEpnaD5borOmSX5pBbWoQYGcPwq94Fecx9Nm/iMpZlQEs/DzV9AqalQQ7FIYVHwPGi532rpSxK2QR0TUHeGsWseTVS1lQfhA47N0cnHh3MuvmnZ0Z9qxdBdJtw9gVMXfwWIjvHEd017Xl/+dUlZOZnsThxFzLD5EFH+MPr965Vp4fE7oe81qPbOQ6VpZ9AL85WRQ636FoZ+cQsYLGVxKPyjo6O7wbLKCF/8dvgJRGREXf3i3xiDlopj9D0e8EKjXP7cJ/61Kf+zqd6bmoYhulYMHB+Otmm00+36ldve6I/+NEu3Zaj35rYLLCCjNDUq8FwPHIXT6KUSoEPSOCl7hmyUjgKKRyGklpF9pXfgGFZyKPuYkeJyzAMCy4wDiF6BLAslPMXUC4kYVkmBCkAMK2HjWsEx0uQQnFwvABOS2EE5xDBKl5IiJge6d2bX5mLomRkL80xcO/RsV7cABhMDSmYGlIwlw76XU2C8BdLx/TsA5BFFsN7D3renVYqIXn+ZeSjR7A6focPFSSICnPpIKaGigAYlIwsZM57EuxmtPus7fWZnGEYCJGDMNU1lLJzlT7RhYcEALAcD0EOQVMy0PLnwQd2geFDrTfspJ4sD5YVUc6eBcsLrrw4OFFGKZ+AZRQhhBs/g5HAUYNXI6+fBqOfxyZjd7DweqPrlQBHEL1EHtkHeewASokZ5JcuApYJKRLr2vF4UUZ4ZAyGpiF38XmoqYuQhveC9SGfxHaDYXnwwSkIkUOAaaKcv4hyPgXLsiCIQbge564OnCBDDg+DYTkI+hrGmLOYT6zh9JqM3SPdfZC1kbmoQ+iwz6Wdc7KFkco2JHIQg8744r8jlD+H4X0HwIuS5/2lLrwCXTMxu/c+mFzv8+oQW5uKwAG0Ejm6/UK6m7abED4Is7yCUna+PZGD5cFLIWjFVEXkCE6A4brT/3DyGMzyCtT80qUhbpu/5GBZDmAYlHNzYMUhcGL9fFUUouKCXrnxNzpOrwxHMlA3D91qkxSyQmxKLBOJ330fuZmnIYejiE7uhSB394G4sLaCzMIFMJyEkVffi9D0a7p6vK2OoSagpU9CzZ0Dy/GQI6OQw34k2rRQyiWgZBOwLAPL5gHMm1fi5iu6nyXeJq3OOea8DSn79HnKy0EMHuHsaUzNfguRnbsQHfcpNGXhIhYn7qZRU4iu8fp9dj4Oq+uhKt20sZrv24Ky+GNoxTmERyYhBty/BDK0UmV0FQiVxKNSd0ImjfIaCnPfhxQeQmhowtU22ZUZmCaH8O4/ARhuw3ry4HBBr95Q9+OtOL1935x0q52QdwaxKWEYBHddCT44jPzcKRTWlsAJAoRAd9wqAUAMhiDHhqEVc8jOHIdZLiIwfqRrx9vqsFwQfGgf+OAkLL2Icm4eajEDhmVdua02hqkMURuuZJOXtXnsYs9gJlHEibUw9o923/tmvTdHpU7twcD26JiKFzEVJ28OYnBgTA1Ts/8CWeQwvMd7aIpeVpA4fxbZ6FGs7aTQFKJ7zKWDmIor8CtUpRfP0O3vm4EQPnDZk0MQ2wpX4aUQVCUFvTADLjABlve/72H5YCVkNTsDTgy4ysnF8gLK+RVYpgY+uFFUJQ8Oj2y2N95kqG4PNlu7JAi/0PJrSP7+e1CWzyI0PIrY1B4wbOd5HdyQXZhFbmUJYmwXRl/zbojDe7p6vO2AUZxFOf176MoSeDEAOTLc1punRpiGCiWXRDmfBMNwuGAcxbx5DW6/wvtoD26oJCD1OsoKAFh46jwlICX6z/jCDxBPPouxQ0cghhon/XPL2rkzUAoKzh38a+g0agrRA96wz046yvRsZBW3+Ga3WUZldJXifIeeHBdhMVIl8ajUHU/Cwuz3wFhFRHe6y29WSC+hnE8iNHEXuMD4unXkweGRQX/LPej1I7oD/ebEdoUTgwjvfh0AC7nZUyil0+ADsi8x4Y2QIjGIwSBKiWVkzj0FVhAhjezt2vG2A6wQgxC5AqwYh15KoJxfhlYuguV5TyOuMCwHUQ5DCERgmQbC+iwm2JfxckLDzhF3rrFeuOzNkfO4JwbT8SJ5chB9JZw9jZ1L/4nIznEEh70P2Z1fXURhbRWLu94OJUwjVRG9YS4dxHS8kpOjZOS6nnS0FV15hmdY8KF9lzw5Fjrw5AhCLSZhFC+AC0yC5fz3fmT5EMrZl8AwAC+19sAVpRDUYga6moQYvWLdOhI4fKZf7v0UVkA0gtoEsR2Rxw5CGtmD0uoryC3NgmEqI6F0C14KIDg8DEPVkLtwAmp2AfLoAbB894SV7QAnxiHGjoLlQzCUVZRyKzC0EhhOAMcLHe+X5XiIgSgEOQyYZUSNC8gmX8KZNRO7RsZb78Aj6xOQdurRwWCawlWIPsGaGqYufBMBifdp1BQFyfNnkYkexRqNmkL0mIrIoQCwejKyipNePaczDAshvB9GaRml7AJYQQIvuHtGYTkBvBSEVkxCy18EH5wE47PIwYpDsPQCStmLEANRsBzffAOGAcvzKOcWwbACOPlybi0KUSEIYh0U3kJsJUy9jMTvHkTh4nOQozHEJveAl7orOuRXl5GZvwhejmL41e9EcOJYV4+3ndAyp1BO/R6moUAKxSCFRzzm6KiglvIo5xLQygUUrSHMGlfhuiuu9KHGrbkcttLug+16YeQpSkBK9BA7NGX00BFIfoWm5BWcO0ShKUT/eMO+BOx7q1+JRwfu5aKpobj0Y+jKEsKjUxBl92KOrirIJ2bBsAEExm8HK8Z9rZpllFCY/Q54UUB4xF3C4nxyFppSQGj6vWCFyr2IBA6CIAhiy5M7/xRSv38IDANEJ/ciONxdY1BVisjMnodaLCB66E0YPnZ3V4+3rbAMqKkTKKdPwLJ0SOE45PCIp9AVm7KSRTmXgK4qyFmjmDOuxg1XHPKh0s2pjLTiLScHAMrLQfSEcPY0pi/+a2XUlF0+jZoyfxELE3cjM3y9DzUkiM4Z5JwcvmFqKCz+B4zSctsih6YqKKxdBLgQAuNvA+ezyKFl/wBl9UkEhycgB1uLnYauIrN0DkJoLwLjtwKgEBWCIAhiGyDFpxGYuBpqdhH5xVdg6jrkaPfeEnKCgNDIDliGgdzsaSgrL0EamgTXxkME0QCGBRfYBTF6FLAsqLkLKOeTsCwTvBgAw3SeVJYXJEihODheAK+nMYJzWE4s4nRCxPRI99qL99wcFXGE8nIQ3YY1VUxf+CZk2c/QlJeRiV5JoSnEQDBoOTm6AsNBCO+FeSlchRdlcC5DarlL4SpqYQ1GcQ58YBIM592Tsrp/aQxmeQVafglSaKhln86yHBiWRTk3B1YcAicOk8BBEARBbA84OYLwnutgmRpys6dQzqQgBIPgBO9v/hshR2MQAgEoy3PInvs1GDEAmUZZ8QWG5cEHpyBEDgOWjnJuFuV8qpKgTAwAHtyCOUGGHB4Gy3IQ9QTG8DLmE2s4tRbAntHuPez6MZws5eUgusmOhR8iXDiPkX0HwbmM329GauYVaDowt+eDMH00kgjCC/3MydErGIYHH94Lo7RUETkk9yIHywngxIrIoRdnwQenfBU5WDEONfMCLNOAGGgdAseLQWjlAozCIsTYURI4CIIgiO1FYMdhSPFJFJdeRn55FgzL+hJD3ghBDiA4PAJdLSN/4ffQ8iuQxw6C5TpPkklchuEk8KE94EN7YZkllHNzUItpgGEqQocH7CFqGYaFqC1hJ3sGFxMZDEXiYLtkjPkx0sp0XCFvDsJ3ItlT2Ln8U0R2TvgzasrKIgqJFSxO/DGUkLuhIQmiV1wWObClRQ7BIXJw7Xhy8Jc9OfTCLPjgNBjOnxxnLB8EA6CcPe9aeGF5AaX8CixTI4GDIAiC2H4IkR0I73kt9GIK+fkz0JQi5HAEDMd15XgMxyEYHwHLssjNn0Fx7vcQImMQwt6NBKICywchhPeDD07C1Iso5+ahFjNgWNZjIlIGvBSEHI4DYCBr89CyL2AmUcTI0A4wbHeEqssiB42yQvQfOzQl4HtoylVYG7/dhxoShP9cDldhtmy4CsPwEEJ7YChLKOcW2wpXqXhyBKAWVqEX58CHdoNh/RE5uMAE9MIM9FIGUrh1ng+OF2FZJsrZCyRwEARBENsThhMRmroWjCAjf/EElGQCvCyDl/0f391GDEUgR2NQ0wlkzz8DWDrkHd1PYrmdYPkwhPDBShyvlkM5twi1lAfLcp5c6hmGhSCHIIVisAAEtFlomdN4ea2Esfg4GMZ/ceyyyNF5uA2JHIQf7Fj4AcKFGQzvPQRO9B7Wl5o5B1VnMLfnPgpNIQaabSFysDzE8D7opQWUsotthatwvAhODKCcX63k5AjtAcP6E/rLCWGUMy8BAAQp1LK8IIdQLmRI4CAIgiC2N/LIHgR3HUU5PYvc4nlYhgE5Guva8ThBRGhkB0xDQ+7iKZTWzkKM7wYnhbt2zO0IK8YgRA6DFeMwygmUc8vQykUwHOf6wa0eDMtBlMMQA1GYpo6wPgsl/Qe8nNCwc2TCxzOocDkvhy1ytO/RQSIH4YVw5nmML/8M0fEJBIe9j9STW1lEMbGKJQpNITYJzpwcW1HgAAAwPITQXhjK4iWRI+B6dDKOF8FLAZTzyzDLqxAiV/hSJVaIwdILKOcuQpDDLkJ7GTA8v/mHibUsC5qmQdM0GIYBXddhWVb1Q/QehmGqH57nwXEcBEGAIAiDNxY0QRCEg+SJh5A9+yTEYAix6X0QA901CpXUGjJzFwCwiL/qHoT33tDV421n1MyL0DInYWgZiIEIpPAIBMn776urCpTcGjQlh7IVwpx5FV59+FofarweP4aSpWFkiXZhzRL2v/wlhAQdY4ev8rw/rVTEyounkIldjYXpP/WhhgTRO96wLwHAwpA41e+qdA3LUFBc/DGMcgLh0WmIsvuXL6qSQT4xDzFyEPKOt/hUnxIKF78NThQQGd3taptN6cFhixr5fB75fB6lUqkqcJCwMRjYv4NhGNA0DeVyGYqiQNM0sCwLlmVJ7CAIYuAIjB+BENuB4sJLyC///+y9eXBk13Wn+b395Z4JJPZCVaE2sopLcadoUeYiSiIlS7Il2xrTalvdHk+4LbXd0dMxMT0xERMxHY5eYiJm3BbdtmY6xq2RKLctarMkSpRFkaIkUlyKLG7FWlAFoAprArmvb50/EkBhSQAJZKIKhbpfBKTCe/fdcwEkM9/73XN+5xKyqqAHty+zQgsEMeOdWJUShZETOOUMgZ4bkOTt8QK5nlHMJHrsJiRZwy5NUivO4jo1FFVHVtQtzysrGkYwhqIHULwKMW+ETPo8hmagGB1tW3/rnhyILA7BpumZ+A6h0giJocOobeg4lR09T82RuLjvs/htMiQUCK4UC+Uqu9V0FECStbonR3kcqzi9uUwOzUSSZar5i+C7qMGBNqxHRVIMavlzyIralHn4NSdwVKtVcrkc1WoV13Wv9nIEm8R13UWxQ5ZlVHXrN5UCgUCwHejRXsKDt+OUZimOn8OpVjDCUSR5/V7sW0VWVYIdSSSgMP4elfE3USM9aKHObYl3vaOYPXWhAxmreIlqcQ7Pc1BUE7kFYUlRdYxQHFkzUN0CVv4ss+kxAnoARY+3Ze2tenKIziqCzRDOvUnP9D8S6e0nlGhPaUppboap/o9TCQ21YYUCwZXnuhE5wvtwKuPUCpsTOVQ9iOe51PIjyGoQxWjdTF0xknjWLFZxCiMUR5LWvx+7ZkpULMuiUCjged6qc7IsEwgE0HUdRVGQZRlFUcTD81XCcRxc18XzPFzXxbIsKpXKmn+7SCSC3gbDKoFAIGg3+TM/If3W91A1g9jgPsxoex5U16JayJG/OIptVUkc+wixox/a1njXO75bpZp+HTv/NgBmpJNAJNmWDBqrnKWSn8V1LLJeHwN77kQJ9LU8LyyUq8BWhY4XLwjxTLA+ildj6MyfE9I9uo4ca3m+hdKUbPRmJveK0hTBtc19Q7MsvP/G9dazFHYqnlOiMvkDPDtDODmItgmvsMLcRexKgVDfoyjBwZbX4lpzlC5+AyMUJ5RY3+9qxwscnueRy+VwHGfZcUVRCAQCBINBDEOkuF0L1Go1yuUylUplVfaNqqrEYjHkbdohFQgEgq1Smxsh/fpT1HKTRHr6iPa1/kG9Lp5H5tIo5XSKYO8NdNz2adRQ+0odBKvx7AJW9g2s/HtIkkwgmsSMtMevolZMUy3M4bo2KW8vQ3vvQG7DjpYQOQTbSe/4UyQyr9N15FhbyvRmz71HuWJz/vCf4KiRNqxQILi6XD8iR3Fe5MgR6RpE1TfuZgLg+x75mVF8zyfY/2vI+satXjeiln6NWuYEkeQgmrn2+8iOFjhs2yaXyy3z1JAkiVgsRjgcFh4O1yi+71MsFtf822raRg65AoFAcIXxfdJvfIP8+RcxQhFig/vRtrGdLEBpLkXu0iiyotNxx6cIDd6xrfEE4NZmsXNvYhWGURQVM5LECLdDXPKpFmap5NP4vsu0d5AD++5ouXQla41v+VohcAjWIpx7k8GLf0ekt59ob+tmioXpSfKTF5kY+A1yiTvbsEKBYGdQFznq7GbjUc8pUpn6AZ6VI5zc27RBt2vXKKRGkLQ4of6Pg9z6M17p0jeQvBLRnrU7MO1YD45qtUqhUFh8AJYkiUgkQldXF4ZhCHHjGkaSJAzDIBKJLBrGLlCr1YQ3h0Ag2HlIEoG+Y2jhTkqX3qaUmkTWNPRgczsZW0EPhjDjCexykfyFV3FrBYJ9raeKC9ZGVoOooSHU4ACeU6ZaGMcq55FkGVUzW5hZQjVCmOEEIGHa49j5d8GzUYxOpC3e9F325IC6+ehmWscKPw7BamS3wt7RrxIwdRL7DrY8n1Upkxk5Ry52C7M9ouROsLtY8OMAdrknh44SGMQtSxX0MAAAIABJREFUj2GX0+jBaFOlnLKiougm1fwUnp1BC7f+nqKoYWq59wDQjMb3YDtS4CiVSpRKpcXvZVmmq6tLZG3sMiRJwjRNDMOgUqksilmWZQEIXw6BQLDj0GP9BPfchlOYpjAxjGfVMMIxJHl7PpsUVSPYkQTfp3DpFOWJt9Bj/ajB7fUCud6R1TBa+BCK2YVn56gVJrGqRWRZQdG2XhYrSTKaGcIIxfCBWmEUO/cOeA6q2Q3S5r0/6iJHnuXiRjNih8RgoiJEDsEyeia+Tag8RmLoUFu6pmRGhrE8mYt7f1d0TRHsSi6LHBJVt7BrRQ5ZMVDMLqz8GVyrghFq7j5koVNZNX8JPAu1RT8OWYvhO2VqhTE0M9KwC9qOEziq1eoycUPXdbq7u0XZwi5GVVVCoRC1Wm3Rm8O2bWEUKxAIdiSKHiS0906QoDD2FpVcBi0QQNW37+bdiETRgyGqc1Pkz7+IrGoYnaILwXYjazG0yA3IegK3NketMI1TqyApMoragtAhK+hmGD0QxfMcrMIopewpFAmUQO+m51ueyQGby+QQIoegTiR3kp6ZZ4n2DhBsR9eU6QnK6RRTA5+gEtrf+gIFgh1KXeSoAOxukUMNIWsxarnTuE4NPdDcz1lv7epTzY8gyxqK2dPSOpRAL07hNK5TwQjGVp/fSQKHbdsUCpc/oE3TpKurSxhPXgfIskwoFMKyrEVDWdu20TQNRWndzV4gEAjajdl1EKNziFpqmMLUGEhghLfvpkY1TIKdSTzbIj96Eis3jpk8iNxCRoGgORQ9gR49iqSGcCoz1IopXLuKrGrIytY3YGRFRQ9E0cwweDWswgXy6dNoioJibs6IdLXI0TxC4BDIbpm9o09itqk0xa6USYvSFMF1xPVSrqLoCSRZp5YfBvw1y0RWohkhXMeilh9G1hMoLZiOSpKKJJvU8meRFXVeQFmyxp0icHieRzabXSxT0HWdrq4uUZJyHSFJEsFgkGq1upjJUavVME1TvA4EAsGORAt3Eh66F7eSo3jpNFapiB6KIG9T9pkkywTiHciqSnH8LKWx19DCHWiR1nZDBM2hGEn02M3Iio5dmqBanMV1aospuFtFVjSMYAxFD6B4FazCMJn0eQzNQDGaNzndqsghsjgEPRPfIlQeo2PoMEo7SlNGz2E5Cpf2fxZPFiKs4PrguhE5zB5816KWH2koMKyFHohi10rY+XOogQFkdesdmhQjiWfNYhWnMEJxJOlyQsSOETiy2Sye5wH13fzu7m6RuXEdIkkSgUCAUqm0KHbZtk0gsL3dCgQCgWCrSLJCsP9mlECU0sU3Kc/NoOo6WmD7Hhj1YBgzlsAuZsmffwXPrhDovXHb4gmWo5g9aLGbkZBwSuNUi3N4noOqmU0Zr605r6pjhOLImoHiFrDyZ3Eq40iy0XTHlcaeHBsjTEevXyLZemlKpHeAYKL17jqFmQnKc7NM9ovSFMH1x+Vyld3tyaGGBvHsNNX8JVTdbLpsUzND2JUCTnkcNTS0ZZNtAEXvoJZ7B8+x0JeUquwIgcOyLCqVet2SJEl0dXUJz43rGFmWMQyDcrmugHqeJ0pVBALBjsdI7CEwcAtWbpLC5Hk828aMxdjsg2azKJpGsLML3/MoXHyHyswZAl2HkJvcSRG0hiTJqIF+9NhRfN/FKoxRLaYBD1ULLNtN2iyqZmCGEiiqhlNJYxXO4tVm5uufIxte3ziTY2PjUSFwXH/Ibpl9Y18lEDBI7Fu77WKz2NUy6QuiNEVwfbPUk2O3ChwAWmgfTvkStVIKfQ3Dz5VIsoKqm1QL03jWLFrkyJbjS0oAWQlQy5/D82x0s/75uCMEjqWlKZFIhHB46+kqgt2Bqqp4nrfYUcW2bYJBceMlEAh2NooRJrz/bnzPoXDxbarZLFow0FLnjY0wIzE0M0BpaoTy+En0+B7UUPNlDYIWkVTU4CBq5DCS71HLj1ErZpCkeWO1FkosFc3EDHcgywp2OUUt/x6ulUHRIkjq+nXPphJdks0BG3dZEV1Vrkd6Jr5FsHyRzqEjKG3YXMyMDGO5Chf3fRZflKYIrmMWylV2c6kKkowa6MPJn8OuFTCC0abEfVnRkDWdWn4C3ymgtpDppZhdSJJKLTeM61rogShSpVLxtzxjG6hWq4vGopIkMTAwsCW/hVQtQ8qea3guIBsMrdGSZqaWZtZONzwX16L0G90bxs45RcarU+uMkDjWoO/vWGWSoltqMB569C469dWusADnyqNYnt3w3GCgj4gSouLVuFC+uOHaV7L0Zx6tTFByy+uODytBYlqUsBJEaWG3qhG+7zM+Pr5M/DJNs60xBAKBYLuoTL3L3OvfwClnifbtIdLTv63xrEqJzIVhHKtK8u7fIbz3zm2NJ2iMW5vFyp7ELp5HUVTMaBKjLYKTT7UwSyWfxvdd9MgR9MRtyFrje4WlZK1LbCaT6MULrZcpCHY+kewb7Ln0daJ9A0R6BlqerzA9QX7yEuMDnyKfuKMNKxQIrn3uG5oFIK7vucor2T7c8iVKk0+jmREiyebbwFYLc5Rz05iJ29E77mppDVb2Tapzv0QPXmWBw/d95ubmFh9g4/E4kcjGqZeN+LvJ7/Ht8/+l8UlJ4t/d/kX2BvpWnfrypaf44ehXG152T/+v8adD/2zD2H858mV+Pv6tdcf8uzueWBX/m1M/5OvDf91w/Pv6f41/0SC25dn8s5d+F993Gq/l3i8TU8NcKF/kf339Tzdc+0ru7vso//LAfw/A/3LqzxhNv9bchZJEIrSfh3s+xKNdDxJU2iNEFAoFstnsfAiJzs5OYTgqEAiuGTy7zOyJpyhfOokZTZAY3IfcBgO/NeM5NumRYWrFPImbHiV24yPbFkuwPm51qi50lMZQVAMz2okRbM5HYz18z6VSmKNaqN80G7Fb0BPHkZSNS5Oy1njTcYTIsbtRnBKHzv0FpiHRdfhoy/NZlTKp02+Ti93CxOBn2rBCgWD3cN9QfRM+rrcuJO5U7PxpKqmfYoQThOKrn7nXopydolpMY3Z9AD3ampeYlX2L6txLXFUXT9u2F8UNRVG2rzTF9/m/hv8CD6/tUzu+wy+nf7ThuOfmfrHq2P2Je9Yc/2b65YbHz5cvrilu7E3cTqwFN9qW8H0yxQs8Nfwl/vi1P+K90vm2TBsOhxe9N3zfx7YbZ64IBALBTkTWgnTf+09IHP8k1XyGmffeoZptnDXYlniqRvLQjYQ6usi88wPmXvv7bYslWB/F7CXQ+xGCvR9B0hKU0hPkZy5Qq+Q3vngdJFkhGOsm3ncYI5yglnuL4ujXqM29Cmtkdy6wm2+uBZuje+p7yE6R2J69bZkvf2kUVwky3fextswnEOwmFgTjzYjM1xpa9AbMxB3UihmqxcZVFY0IxnvRAhGqqRdwypdaWoMevwUz+StXV+BYMBYFCAQC27ozP517j2dnX2z7vG8Vz+A4jctMlvL81A9WCSxdRoLuWGOlqlydYc7KrTp+snBqzRgf3iFmTrad58/e/DdcrEy2PNdCV5UFlr5mBAKB4FohdugD9H/wX6LG+pgbOUdufGxb48X3DhHtHaAw8kumf/YlPGvjzynB9qCG9hLs/ziBng/iEaA0d4lCahS7VmxpXlnRCMX7iPUcRAuEqWVfpzj6Nezsm+teF9cHmhI6FtKqBbuPaPZ14tk3ifbtQQ+s7+XSDIXpcWqlAlN9j+FerY02gWCHUxc5/PmSwd2J3nEneuQw5ew0tcrq59i1CCcGUDWT6sxPcK1Ma2uI3XT1BI6Vu/FXwkDy/xv+KwpreF5slWemn2tqXLU2x9nS6KrjH+7+8JrXnCqeW3XsRPrVxoMlmbvjtza1liuB59n8p/N/1Za5lr42lmb9CAQCwbWEHt9D30N/QuTQ/RRTU6TOvINd3j7hIdI7QGLvASrTZ5h67gmszO69qboW0MIHCA9+mkDXB/A8hUJqjMLsGI61vtfVRiiaQbhjgGj3flRDpzL3S4qjX8PKvbvudatFjtWfrULk2H0oTpHeyR+gh8Jt8QWyK2Xyk+Nk47eSj9/ehhUKBLuXFy8kAXa1yGF2P4ga6KOcnsCuNff5JskywUQ/+BbVmedgjWqFZrlqAsfSB9WFtqDbjeOU+NLoV9o2X9Wr8Xbq+abH/zj1wqpj93WsbcJ0Indy2feWZzOee7vh2MOd7yOs7Czn84nsW8xa2ZbnMQwDWa6/VEWZikAguNbpPP7rdL3vn+C6MjNn3qGYWs+kujWCHUmSh47iVTJMP/+XVCbf2rZYgubQojcS2vsZzM57cW2X/MwIxfQ4jlVraV5VDxLuHCSc3Iui+FRnf0750lPYhdWbJQtczuZY2VVl4XtpsXZcsDvomfo+ilsivmd/W+bLXhrBVUPM9H60LfMJBLudusgh7epyFbP7YWQ1Sjkzgec299ym6iahzgHc2iyVmZ+0FH/jZrXbxNKH1KUlCNvNickfcqr7QxwNt97r+9Xs23gb1Lsu5ZfTP+J/2Pc4qnT51x5Xowwmbudi5vVV499MvwxLjEaHyxfxfbfh3B/qfnjZ9+vlONzS/TCP9TY2nutQN3ZjD5o9/Mdb/wO2Z3O+fJEvDX+RWq1xTfnZ0gWSeuuKfiAQoFSq73Tato2ub59Jn0AgEGw3oYHjmJ1DzL3xDXLjb2OVisT37EdW2/+xbIQjdB4+Rmb0HNO/+K90HP8E0UO/2vY4gs2hx29Fj92ElXmDWvZNrHIOI5wgEEkiK1tv16mbYXQzjFXJUy3MUZn5CVb+XYz4cdTQvobXxPU9K262l5cM3zc0J0xHdwGR7OvE5ktTtEDrm2LF6QmsUpHJgU+L0hSBYAtkrfFd6Y0kq0HM7gcojX+XUnqCSFfjz56VaEaEUKKPUmYESXkRM3nf1uJv6ao24LqXH9Sv9MPqfzr35zgtpr4APJP6x4bHBxO3N+x77zgl3iqeWXX8Q92NxYZKdYa5JRkQJ/ON000lWeXO2E3Lj625atgb2svxyI0NvwYbdJpZiaJoJLQo3UYn70vcxu8N/eGaY9N26xkcsPw1svS1IxAIBNcqihml+32fI3HLx6hk06ROv0013573zJWohkHX4WME4h2kT36HuZPrd/4SXCEkBb3jTsL7fgc9dgu1Yobs5FnKuWl8r7XPOj0QJdo9RLijH5wM5alnqEw+jbuGP9bybA5RrrLbUJwCfZNPY4QibSlNsSolcpOXyMZvpZAQpSkCwWZYKhjv1kwOxewh0PMQdq1EMd18SY4RShCIJrFyb2PntpZ1etUEDse5LDAsdMm4UuRLF/n2dGNxouk5nCLDc680PPdoz4dIhg81PPfM9OqUm3sTx0Fq/Kd4d4kPx4lMY/+Nm5IfwJSbL/EpOkUydr7h11Y6zXTpHWuek9eVWppn6Wtk6WtHIBAIrnViRx6i78EvIAc7mTt/hvzkxe0JJEl07D9EpLuPwrmfMfPSf8X3xPvpTkBSTMzk+wjv/Qx65EaqhTlyU2frrWBb9J3Sg3FivYcIxXtxa1OUJr5LdfalNcfH9T3E9T0NzwmR49qlZ/L7KG6Z6J7mdlI3In9pDFcNM9MruqYIBFthucixOz05tPABzM57scp5KvmZpq8LRLvRgzEqsy/hlC5sOu5VNRldXIR85ZfxrQv/L6kWXFpfzLwOfmMx4MbwIY4nGntrvJ36KVVveZ1tWAlyqLNxy9gTubobes2zmMi903DMh3seanbZADx/8et84eXPNfwqu9VNzeXh8+zsam+RBbrNrk3NtxZLXyPCZFQgEOw2jM799D/yPxI9+CsUpieZPXsKu7o9XaOi/YPEBvZRHn+LqeeewC6ktiWOYPPIWhSz+wOE9nwKJbifcm6G7NRZqsXWWwsb4Q7ifYcxI51Yubeopn627vjVadPCk+NaJZo5QSz31nzXlNZLUxa6pkz2Poqrtt6FRSC4XlnorAK7V+TQ47dixG6mkp+lVm4+SzXcMYCqB6lM/wS32rw4AjtE4FC3oeZ4IzzP5i8ufGldr4r1eGb6mYbHtfnSjeMrSkaWxn01uzrd5pGuhxuMhrfSvwTW9t9QFINbwjc0u+y2UKll+L/HvsYTI3/Dn5z817w08d3GAyWJ/WbjXaDNsvQ1IgQOgUCwW+m47VN03fM4ds0mdfptSnOb+1BvlnBXD50HjmDnJph67gmqM2e3JY5gayhGJ4GeDxLq/ziq2U85O0VuanhTN4eNkQjGegjGurHyp7Dz7607enlL2culK0LkuHZQnAK9U09jhKPtKU0pl+a7phynEL+tDSsUCK5vFjqr7GaM5H1ooX2U0hObapEe7hxAlmWqM8/hu81v+uwIgWO7MziCZk/D48Ozv+TnM89uer5ULcPUGtkURxJ3IiNxOLh/zet/OPPjVcfujN2MJK8WeirVFLNWljfX8N+4vfthdHnrZmRbwXFKPHfx7/nF+HfIFNdOG7q560E69Y1NS5tBZHAIBILrhdDgHfQ/8q8I9Bwhe3GE7MWRbYljRuMkjxxFll2mXvhriiO/3JY4gq2jBHoxez9CqO8joMYppSfIz1zAquRamteMJNHMMLX0a9CEWXpd5JC47PDli3KVa4R6aUqF6MDetsyXHx/FUcJM94nSFIGgXVwfnVUeQtY7KM2N49jNVQzIilbvrGLnqEw3/8x+1QQOaYkJp+dt3vdhMxyK3cz9A7/e8FxpDbOt9Xghs/ZN4B3xWwGIqmGiocGGY86nXybvLFevgorJseT9DcefKp7jtTX8Nz7Y9UAzS77iBM1u/mj/77dtvqXGolIDA1eBQCDYTaihDrrf/4fEjz5CaW6GueHTeNvgP6SZQZKHj2JGY8y+9vdk3/1h22MIWkcJ7iU08AmCPR/EJ0hxbpxCanRTO2ErCUSTeG6Zarrx/cVKlmdz1D+Hhcixs4lm50tT+ttVmjJBrVRksu8xPKX1+QQCwWUWPDl2q8ghyRrBnocBlXJmAr/J5/96C/QBnMoE1ZmfNnXNjhA4roRp5O8P/ha6Hm/LXD+aenrNc0fDhxf/fUv8zsaDfJ8XMydWHf5Q94ON46V+zGRudQaHpoW5KXxw/cVeBY4kf4V/f8u/J6FF2zanEDgEAsH1SPzYoyTv/C2qhRypbfLlkBWVzgM3EOrsJnvqR8y++rdtjyFoD2r4AKHBTxHo+gCep1JIjVGcu4hjlTc/lx7ECHdg5d7eVH3z5U4rC54cQuTYiSh2nt7J+dKU7naVplwiEz9OMX68DSsUCAQrWfDk2K1+HLKeINDzEI5VpZRpXsjRA7F6aWXhNFZ69TP0Sq68+cU8VzKDAyCoBPiDg5/nP5/6s5bmGatMki+t7XD/UvZ1Xps3Bk3V1r5heGb6GT7S9avLjh2PHEVWDDx3uQnp8GzjjJF7ux9BkTbfgeb+gV/n02ukFgYVc9PzLWUwcTv/2w3/uqU5GrH0NSIEDoFAcD0R3n8vSiDB7MtPMnvmHRL7DmLGEm2PEx/cj6Lr5EdfxSln6LrnsyhmpO1xBK2jRW9Ei96IlX0TK3OSfGUEPRTDDCVR9ea7qoVi3diVPFbmVQJ9H236uoUuK/WdxrrIcT3UkV9L9EzVS1NiA+3ZCMuNj+KqEWb6fq0t8wkEgvXJWpfW7Gh1LaMEBzGT76c6+3PKuSmCsd6mrjMjSVzXppp5DUkNoUXX9qC8ahkcS00jl+7Obyfv77iTvS326n5u7hfrnv/O+f/CU8Nf4qnhL3Fmdu2xU7l3maktd0XXZY3bu5vviPJQV+OSlo2I6XG6jc6GX3KTLwlNa3zTezHzOi80me66GZa+Rq6GKa1AIBBcTQI9R+h58I/RYv3MXThLMTW1LXEiPf107DtINTXM1HNfpJYe25Y4gvagx28lvP9xzMQd2OUS+ZlhStlJXGdjXw0AJBkz1oVdHsfOn9l0/MvZHKJcZScRy7xGLPc2sf49aG3qmmKVikz2PYqnBNqwQoFAsBYLfhy72ZNDjx3DiN9GtZCmWmzetDoU70Mzw1RSP8Utr/27uWoCh6JczjywLOuKxJSAPz34z5GkrT0ge3g8P/WDtq3nhczLq459cEVWx1oYRgdHQvu3FHesNMbJwqmGX6eKw03N8fsH//ma5/6fs39Oxs5vaW1rsfQ1svS1IxAIBNcLeqSb3ge+QGjPreTGx8iPb4/4EEh00nX4GL5VZPr5JyiNv7EtcQRtQlLQO+4kvO930KI3UytmyE2dpZybbupyM5hANULUMq9Cg25tGxHX9yzuMgqR4+qj2Hl65ktTwm0rTRknE7+NQkyUpggEV4IFPw7YvZ4cRufd6JFDlLPT1CrNPzeGOwZQNZPKzHO4dmPD7au2Fa5plzt/VCrtrylei14jyUf3f5bvXfibTV97tjRKtda+1mj/OPU0n+59dNmxm8KHUNUQjlNa99r7ez7UdLbFSt6aeZa31ugeEw7289e3f3HDOe6J38oLXe/ndOrnq845Ton/Y/iL/Nsb/w0y7SknWfoaWfraEQgEgusJSVHpuvf3UALfIX/2pzi2RWLvQSS5vaV7eihM8vCNpEfOk3rpK7i3ZokefrCtMQTtRVJMAl33YcRvwsqcpFp4D0UzMIIb+48FY13kZ0aozr2CmXzfluLH9T1krXHuG5pbdnMuuLL0TD2N4lWJDhzeeHAT5C+N4qhRZkTXFIHgivLihc5F0Xi3lquY3Q/hOUXK6XHkLg1N3zhDTJIVgh39FFMjVKd/gtb9GKVSmVKphG3bOI5z9TI4NE1b9FLwPI9arbbBFe3jN3sfIxTo2/R1P0690NZ15EsXGatMLDumSir39Dyy4bUPdv5KW9eyWSQkPr//D5DXaFE7MvcqP2rT76tWqy16cEiSJAQOgUBw3dNx6yfoOP5JKtk0qbPv4NSaa7m2GRTdoOvIUYKJTtJvfpf0G99sewxB+5G1KGb3B9CCA1SyM/j+xj5nlw1H38KrbT0LY6HTyn1D7dsM2ghJAnnJ18L3hioRNmSipkzMlIkF6v8OaBLbZeWlKhIhvR5r8cuUiZgymrL9/mHR9KvzXVMG0QOtl5Lkp8aplYtM9X1ElKYIBFeZ3Wo8anY/jKSEKKcn8LzmGo+omoke62d6ZpZTr3+fM2fOcObMGU6fPs3p06evrsmopmmLpQflchnDaN4YqxV0WeMLh/+U//Dm/9z0NY7v8MvpH615Phbay8f6P7nqeM4prJst8uzcz/ncnt9aduzh5P38Yvzba14TNHvYH7z6Kl6nHuc3hv4pTw1/qeH5r5z7S26P3kS30dpOTrl82R1+qTAmEAgE1zPRQx9ADcaZe+VvmT17isT+gxjh9nWvWiCx7yCyrpMf/jluJUvHXb+DorVmSC3YfvTEnZTGv0MlP9OUiVsw2oVdzlFLv0qg79ENx69HXeSop1VvVzaHptQFjKAmL7svcD0fWYKwKWMoEooss5Dg5PlQsV3mSi7psovr+W1bT1CT6YqoRAwZQ728f+jPx81XXOZKNrnq9hjrq3aO3qkfzHdN2fwm3kqscpHC1DiZ+O2iNEUguEq8eCE5n8VRfxPLWuNL2nXvDmQ1RKDnYcrj/0ApPUEkuXfDa3J5m6mUz0Q2RCaTwZeqSGpo8fxVdWsMBAKLAkelUiEej1+xh9dbI0e4qfsh3pn5SVPj3yqeWbds5P7uh/lYA4NQD59nLj2FbRcaXvfTqR/ye3s+vazc5EhoCMNIUKtlGl7zYO+jbSv9aJVP9DzCM1Pfp1BarSp6nsV/OPt/8h9v+t9RpK0lC/m+v6w8JdCGHQmBQCDYLQT7b0F7oIPUK08ye+49EnuHCHZ0tT1OrG8QVTfIXnwH+7kvkrz3s+jR5pzPBVcHxexBj91MNfc2eiCGukHqryQrBGLdlDIXUQtn0SKtlTgs3ITfNzS+psihKRKaIq26o7FcH8fz8X1QZNAVCXn+/lCaz9LoCKp0BFWigeV3RM68fhDQJHRFXhwP4PtQdRR0xcbxfDLl9pjca4pER0hlIK4RNVW0FVZhng9RU0aWoepY1Jz2CSsLdE/WS1Nie9pTmpK7NIajRUn1i9IUgeBqUhc5LmfF7UaRQzF7CPQ8RHn6WUqZCUKJtf2D0tkaFyfKTEyXqdbA9WWK+WmmZwqMXJxmenr66gocC7vxvu/jui7FYpFI5Mq1pPv80Of4F+mXcJ2NPUCemV5fCLkteqzhcRmJGxJ38fYaQkqtluZMaYQbQwcWjymSzPt7PsSzY3/X8JoHO7dWH7sdqJLKnxz6E/7s5P/U8PxU7l2+Nf3MKq+RZikWi4sdVER5ikAgEKxGiw/Q88DnmXvlSTJj7+FYNaK97c/yC3V2o+gGmZFhpp97guS9jxPoOdr2OIL2YXbchVMcppJPNbUrZoQSWJUcVuY1tPBB2OLmxFLq2Rz1TZCFVrISEA3IdAZVArrM0uoNHyjVfAo1l1LNIxFUiJgy+ooSj0hAJWIoq47X5/BZkE1cz8N1fWS5ns0R1BQSIZ9MxaNU85BlWtoy8mGxLCVqquiKhO/Xu7/5gKrIKJJE1FQo1TzmdJmac1lYUWSImgpBTUbdYhlLoDxCoiuCefhjmNHGniu+W8Wzini1HGxQtpSfuoRVLjI5+Nu4ssjWEgiuNnU/jqUix+7z5FDDBzHtItX0y8iqRiCyerNmLlNjbLzExckSjuNRq5U5ceINTp58k1Ixj+vpeKhIlUql/TLyJqhWqxQK9ewGSZIYGBjYUhZHqpYhZTeu+YypEQbMnobnxqvT5JzG2RVxLUq/0Q3AmdIIjr92XdDh4H40ubFetN7aALr1JEl9+QdS3ilyqdqoDaDEsfDGPc0rXo0L5YsbjluJLmscCu4DYLQyQcktNxx3Q2gIRbq8RXG2NIK9xu9HRubG8IGG59bD933Gx8fx/fpLNBKJYJrig1YgEAjWYu7E1ylceIlQR5L43s2/7zaDXa2QHR3GqpTpvP1TRA5cXU8Pmjb6AAAgAElEQVQowfrY+feopF4g1NHflOGoXStRSI1ixI9jdN7T1rVkrUu8eCFJ2JAZjOv0xlQCmoK8QuAoWy7ZssdcyWEgoRE1lIYeFrIkMZVKk82XcN36Q/uRA3vQ1Pr9ydj4NF9+6lls16O3K879dx/jlhuGKFkuUzmbmus3zCDZDL4PjucT1GUGEzqyJPH9517h5DvnqdQs9vQm+f3ffARdV0kVHc7OVJkrufPrh2RYoz+mETW3JnDIvodWm0WWJVR97Xskzynj1bI4+VHccmrNcbVyidkz75BJ3M7UwKc3vR6BQLA9LPc2qj8b7TaRA6Ca+jlW/t1Vn1mFos3oeJELY0Uc12dudoZv/8PTZNJz1GpVPMfC931kLXp1MzgATNOkVCrheR6+75PL5YjHN/4AXkmXkaDLSGz6ugGzhwEaix9L2WpLVtja2qJqmGPhQ1uOGZCNlq4H2Bdovr3Y4RZ+P2uRy+UWxQ1ZloW4IRAIBBvQecdvooYSZN5+GqdWo2P/QWRNb2sMzQyQPHyM9Mgwc69/A6ecJXHzR9saQ9A+tOiN2MVhKtkZdDOKJK+flaEZIYxwglr2JGr4IEqLPlpLiet7eOwGqHhzVJ1uwoZCI3khbNQFCtuVic1nRaxFKp3n69//GeNTs/T1dPJPP/0IB/bVPShyxQoXJ1OUylXGp1LcfEN9A0eRIBZUMNS6X0YrTYg8H4o1F2/+fsX3fUYuTvPOmVEALNvBsmwMfXUGqqnKJIIyXWGFwMq6liaRfB9J70TaINtG1sN4qolnFXBrOXCthuPyl0ZwtBgzvaI0RSDYSSztqtJa3tnOxux6P75bpJQeQ1ZUNCNMteYyM1dlfLKM6/mk56Z46pvfJZvJ4Dg2ALKi4ToWnlO8+gIH1Hfmc7l6H9tisUggELhihqOCnUmtVqNYLC5+fyVLlwQCgeBaJnbDB1GCCeZe+Rqps+8R338AIxhuawxJluk8cJjcpVFyp5/FKaXpuvezbY0haB9Gx111w9FCimBs402dYKwbu5zHyrxKoPcjbV9PWOsmbLhIaOQLJb7/k1fI5kuEgwFuOLSHu289gqEqGKqHptRFg+8++zLTMxmQJPp6EnzsoXp2ie/7XBibwvM8Ri9Ok8rkFgUOqAsMANXq5Qd6WZYJ6WxZVFhJLKBQtb2614cPxeLl0udK5XInuJXoqkRYVzC1ujhxfnSSVCbXdFwJH99318181jSVzmiYocEeJC2IrEeQFR2vgcCRnxrHKpeYHPxtPEVsKgkEO43LpqN1dqMfB4DZ9QC+87266WjXfipVmEpVqNke5VKBb3zradJzs8vfWyUJWdXwHGtnCBy6rqOqKo7j4Ps+s7Oz9Pb2oijt+eARXFu4rsvs7Oxi9oaqquh6e3cgBQKBYDcTHrwDNZBg7pUnmTt7isS+AwTi7e9mEduzr95h5dIbuNUcybsfRw1uPptSsL0oZg/GouFodGPDUUkhEOuilBlDLQ7X/TjavSZJR5ZhNpPl+V++RaFYQVFkDuxbbV7ruh5vvzfKO2dGAHjovta6ekjUvTEApmczfO/HL29pnr17erj/rmOYho66xTSQhatsx+WZF17nZ6+8vaV51kLTVB594HaGBnvnoy18LWexa0riDoqxW9u6BoFA0D6uB9NRSTExuh6kMvFdMtPjpGsdFEs2nuvw7E9+SiY911A4liQZWdF2hsABEIvFSKfT+L6P53nMzs7S3d0tWoJeZywIXAsvWkmSiMViV3lVAoFAcO1hJofoffALzLz8FdIjw0T7LCI9rbePXEmkuw9V18mMnmfq+SdI3v27mMmhtscRtIaeuKNeqtK04WgHtXKeWvrVbRE4FnBcj2qtnmLsuh4LxnALrV6hXm1eqdUWr1nIymiFhbvLsYkUvzhxajHDY6P7zoXNF4DDQwPcftMBTENv+X7V931m5rLL19iGe2BFkbGt+u9LWvK/K8ldGsXWYsz0iXIzgWCncz2YjipGJ2b3g6RGnmF6Zo6apZFK1buk2HbjEjuodwTbMQKHLMvEYrFF3wXLspidnSWZTAqR4zphQdxYaB28IG7IG9QLCwQCgaAxSiBG3wOfJ/XKk+THTuDaFvE9+9oeJxDvRNVN0iPDTD3/BF33PE5o8I62xxFsHUkx0BN3Up39GbVytinD0WAsSX5mjNrcKxidd1+BVV4WEFRZIjLv0WHbDksfzJeKDK1SKFWWla9sZu6pVBrPXb8jCXC5T+0GLBVuJAmOHtqLoWsoysr7IB8Jn2bq8ENBgwP7egB//mfzgOU/Y37yEla5xNTgZ/BE1xSB4Jpgof12vWRF2p2ZHOYe3MAtlMvvUq04nD17nlRqdsPrdozAAfW2seFweLGrSrVaZWZmhmQyKcpVdjkLZSkL4gZAOBwWbWEFAoGgDXTd/ThasIPse/+Ia9Xo2HcQqc2fq1owRNeRo6RHhkm9/CROKUPsxg+2NYagNfTYUZzSMNVcCiMQ2/DBW9XDmKE41ewbaJGDyHrHtq/RcT0yuQLRSAhZqosbo+MzeBu0Nm0XH3z/bXR3xQkFVz/ol8pVfvbKu1wcn9n2dXR1xPmDz3yYzo4o6rL/Vn3k+a51zW8A1s1BfM/Bd2v43uU2tVapQGF6Yr405Za2rV8gEFwZlpas7DaRw/M8an4XrhTFqk4wm5rBb+KzYEcJHFDvquK6LuVyvT2pZVlMTU2RTCaF8egupVarLStLAQgGg6JrikAgELSR+E2PogTjzJ34Oqmz75LYfxDNDLY1hqxqJA/dSHbsPJl3nsYpZ+i84zfbGkPQGkbH3ZTGv0M5nyIY695wvBntmi9VeY1A74e2fX3feeYlnvvFmwSMy95bc7kCUzPppq6fSmUoV2poqsr49NzGF6zgwL4+7r/rpgZZE1AsVRgemdq8wLEiK2Tei3RdzIBBLBpGVRR8/MUpZLeG57vIisJmOil4Tg2vOodXTeO7l8t9spfG5ktTRNcUgeBaZWnJym4SOTzPo1qt4kohKlWXVGoGz3OA9bP7d5zAARAKhVAUhWKxuOjJkUqlCIfDxGIxUbKyS1hoC7zwd4b6bkQ4HBbihkAgEGwDkaH3oQYTzL78JLNnTpHYfxAzuvnW7BsR33sAWdcpXHgJt5oleffjyFp7xRTB1lDMHvToTVTz76AHIhsajsqKRjDeTSkzglo8jxY+0PY1LS0LmZnNMDOb2dI8nudx4u3h+ftEn5PvjuA47obXLUVVFBRFxvN9ak5940WWJTRZIhxa/3fVDLIkocgSjtdcKYyPT67iUqh6qJUpgqVhjHAUzQxtKq7vlvFqOdzyLMzvgBYmL2FXFkpTxCaiQHAts1zk2D2eHI7j4HkelhegWKrhOTayosE6rbF3pMAB9UwORVEWPTl836dQKFAsFonFYoTDYSF0XKP4vk+xWFz82y6w4LkhylIEAoFg+wj03EDvg59n9pUnmTt/htiefYSTG7cO3SzR3j2oukFm7D2mnnuC5N2Po8d3x67StY7ReSdOcZhqYZZw5+DG40Md1Eo5rPSrDQWOp09Xl33/2A1b36RIxFa3NLYdh5rlzHtxrM/wyATDIxNbjr+A5fqMZ21czydqKvREW783kSUIGzKSJGG7HroiN5WEUXN8ZtIZOs/9N3xdwth7ELu8udi+Z+O7Nvh1wccqFclPT5DpuFOUpggEu4S6yLG7PDlc160LHJaN7en4SLiujaLqrPUGumMFDqh7cnR0dJDL5XCc+oea7/tks1kKhQKBQIBgMChKV64RarUa5XKZSqWC6y7fUVFVVRiKCgQCwRVCi3TT+8DnSb3yVXKX3sazLKL9Gz/obpZgRxeyppMdOc/0c0/Qee/jBPtubnscweaQZAO9406qsz/HquTQAxt3KwvEuiikxrBy76LHji0eXylurDzWjNixdMPq1qNDHD+2n44lHdTOjU7wzPMnVnUZ2U5cz6diezgeGKq3YUnJMtbYgAvpMv1xDdcD1wXb89DVjRUO1/MJTT6PX8kR6TuEt6TEZFXo+f9ftV7fW8zcAMiN17umTPeIrikCwW7ixQtJAO4bmtsVIofneYvJDr4vIasRPDtXz+RQ9YbX7GiBA+rdVRKJBJZlUSgUFn0aXNelWCxSLBaRZZlAIICu6yiKgizLqKoqjEmvEq7rLqYTua6LZVlUKpWG/YplWSYSiaDrjV+gAoFAINgeJEWj+32fI33y2+TPvYBj1UjsO9j27EgzEiN55CiZkWFmfvE3dBz/JNFDH2hrDMHm0WPHcErDVLIz6GZ0Q8NRzQij6gG86jjMCxyNxI2VbFbsOHZ4L++7/UY87/J69u3p4RevndpQ4JAkiYG+JAf29CDLMmOTs1wYm2xr15WmWBLP932s+U06U5MxtcsbOZbjN1WqYjhpItYkwcGDaKHmSspW/TV9Bw8bPJvC1HzXlL3/Hb4iNgkFgt3IQjbHbipXAUBSkdUwnlPEc+fLVVaw4wWOBXRdp7Ozk2q1usyzAerKTqlUolQqXcUVCjaD8NoQCASCnUHH8U+ihhKkT34Hz7KI7zuI2ubMSNUwSR45RmZkmPTJb+NUsnTc8vG2xhBsnrrh6D9Qzs8QjG1cpqSZISr5Mcxuj6fPWBuOX8mC2LEnrnHnYGM/C1kCCQlZ8rDdul/FZnj/XUf5yK/eharI/OSlNxm9NIXrXmGBYwmW7XDm/ASe6xMM1P+7kiSJYMDAUCVkd+OfL0KFwJH3Y4QjW1+IW8Wzi1Rnz5OfmiCduJNiVGRTCQTXA7tO5JANJMXDd8v4koQkL5c0rhmBYwHTNDEMA9u2qVQq2LZ95ZV5wZaQJAlN0wgEAmiaJjxUBAKBYIcQPfSr8+ajX2P27CkS+w9ghKNtjSFJEh1Dh8iNj5E/8zxOKUP3vZ9d1yhMsL0oZi969BjV/LvowRiqtv6mg6IHAI+fnpkEOrdlTe5CRoMkoangeZAvlFY2IlnBZaPy7s44ula/ve3ujCPLMq57ZVrMNqJYqvCVb/6Y4JINncNDA3zs4bvY29+NJK1/Dyv7Lka8D7OjfxM9U1bjeQ5eLYc9PYUX7hNdUwSCXcqCB0edNYvWrnkkJQC+h+dWkZGQ5MuVG9ecwAH1DzBd19F1Hd/3sW0b27YXSyMu1+nsvj/mtYAkSYtfC6VCmqYJUUMgEAh2MMH+W+h7sIPUK08ye+49EnsPEOxItj1ObGAviq6TG3+Tyee+SPLux9HC7Y8jaA6j8y6c4jCV3AyR5N51xy58hstsbPa5VdK5Am+fGSUWCeLj43kS58emqFn2tsXcbgrFCoVi5fL3pTIf/sDt615jWTa1WgVD0edbwq71iLIgEK4t4kiShKwoSGYHemwP+b2H8GVRGiwQ7F58Vhaq7bosDkBSQ+C49VIVSUKa3zC5JgWOpSwVOwQCgUAgEGwdLT5AzwN/zNwrT5IZO41rVYn0tv+GKNzVi2oYZEaGmXruCbru+V3M7kNtjyPYGEk2UAI9YM9uPHbh5lFy27ohuHRD6qnv/3zeT+3yzbltu6vMyVesjKuzQ9ncpo1haItZJQCH92/839TUTJq/+JvvYuitecqZhs5Abwef+OBdKJKME+zF8jqgtLn2uQKB4Fpj6Xti/b1qN5iOrkRSI/jzpqOKqoMkXfsCh0AgEAgEgvah6CG63/+HzJ34OvkLL+FaNvG9Q22PY0YTdV+OC8NMvfBXJO/6DOF9d7c9jqAJJBXPb+KBd17gkPz2ZXDIkoyqKDhOPb7rehuWlKjqTjGR31hU0TWVxx68m8ND/USCdd+RSDhAsiOGj7+s9MbQlt+Wnz4/vjriiuzkelLN2kKLqirMpnt48N6bSERDWME+KK7dhUUgEFzbvHghOV+m0pjdJ3Is6azi1jurCIFDIBAIBALBKjrv+E3UUILM20/Pd1g5gKK1N1tSM4MkD99IevQ8s6/+N5xyhvjRD7c1hmBjJElhA5OL+XHtKVFZGikY0OlINO/3Eg0FiEWCS9a0fgOYrZYrL8zZamFtJBzkQ/ffRiwaXnXO8Xwcz0NV6sJRR3y5iWgza68PWXuc47goiowiS3iSAojMDYFgt1MXOebmv1v9/rDrylUkZb6zSgHPtYXAIRAIBAKBoDGxGz5YNx995Ulmz75Hx9BBtECorTFkVSN58AayF0fIvvsMbjlD552faWsMwQZIKn4T7UoXSlRaFTiWJmgM9nXxb//V7647fsGLA0CWJTT18u2rJEkETYNCqdLQ50vTVBzHRddXtxLcCFWWUCRQFblloQOg6nhYjofng+dDzfbQNRlDrWd6fPyRe7ntpgPg139BK3+cQqnKiyfe49zI5OKxD99/nIH+JAGjsfioqgodsSCRcBgPqRkdSyAQ7ALqbWLnWEum3XUih6wjKSF8tyQEDoFAIBAIBGsTGrwDJZBg7pUnSZ05RWLfEIF4+ztoxAf3o+g6+ZFXcMoZkvd8FsVYvest2AYkhfVMKheHzQsciuw2M3xNypaL53mLhuQL7VPXYqnAsZJENMx9dxzl/MVp4tEQ+wa6F8/1diW47ehBRidm2NffRV9Xx4Zr8+d3O3VFpjtav002VBlJairJZV1KlkeqYFOxfWzXx/N9OkMqQU0ioCnsHehmX38HEt7i73optu2SzRcXBQ5Jkrjz1kPccmTvmibuC1kgniRjOT6lmkvNESqHQHB9sNqHY+m/d1u5iqSYgCcEDoFAIBAIBOtjJofoffDzpF7+KumRYaL9FpHuvrbHifT0o+o66dFzTM93WNE71u/sIWgdSVLxvE0IHC1mcJQsbzHewoP50g5sm6EzEeVTj71/8ftwKLD472Qixm9//P76Nz5EwhtnH3nzmSyqLNEZXJ714bhuSx36XM9nruSQr3o4rr/on2GoMrGAj+FXUZ0CiqohL2apSCDJSLKKpjXOQpEkCc+1wHPqP+j8Q41r23iug63FqPkSxZpHuuxSsYXAIRBcDyz341jdWQV2o8gRFAKHQCAQCASCjVECcXof+Dypl58kf/EEnmUR27Ov7XECiSRJzSA7Osz0T/8zHXf/DqGBW9seR3AZSVYBf6373yUDFzw4WkjfoF6i4nkevu8vihqKoiyKG9OzWeayhcXxPj5+gwyOaq3G9GwWd4k4EwkFCQYMFFkiVyiTL5YAUFWVA3t6ufHQ4Lpry+QKvHfuIvHYajFkbCJFOlfc0s+8FMet54nIEhSqDmOuR0Qq059+Ds00CHX1Xh4sKShmAjW8wQOIZ+EULuI5VfBdnFqF4vQU5dB+cvHjOG6Niu0JcUMguM5Y7scB10MLWSFwCAQCgUAgaJquex5HCyXIvvdjHLtGYu9B5BbaWDbCCEdIHj5KemSY1Etfxrv9N4gceP/GFwq2hOdUkGWlSUdNiZbqU5bg+z6+7yPLl8sxMrkiTz39c945M0bNsuvj2JrZp+t5eJ6P5/n09XQQCQW4kfUFjh8+/xo/fP61Nc8XipUtrGQ5siwR0CQUGRRJQpIgkn4V1yoT7urEd63FsZKs4nv1zJF1fwe+j+/Z4Fn4nkt5ZgILjXT4Jny3LirJkoSpgiaD40lU7LofiEAgEOwmkUMIHAKBQCAQCDZF/KbHUIJx5k48xezZUyT2H0QzAxtfuAkU3aDryDHSF84x9/o3QZKJDN3X1hiCOq6VQtU3/vv5ngv4OLS3m85SPM/jrdOjZNuQKbGUi+MzTY3LF8pNz7nZchqoe3v0RmU6gwqqIqNIoFuzmGo3WnAIzWjwd1DNjWPJKoqZBN/FqpYwuwN4oSF6VXPVUNcHy/GYKbqkSw6OUDkEgl3NZcNRaCwXX7ueHJIkrSodFAKHQCAQCASCTRMZug812MHsy08yd/YU8f0HMCPxtsfpGDrE3IWzzJ14CklSCO+/p+0xrmt8D6+aQo9ubBzr2PXshbLf/r/zArIs85EH7uDM8DjlSu3yiS2YfI5NzFCtWuuO2dffzfGjB5jLFbCt1d4iCzfOKwWGYMjk2MFBNG1zt9JhQyYeUEiGNRS5XqYie50gJRsaiy5byzrnZDWAHA7g4xMIefiSQlBqnFnl+2C7PopsY7sembJoHSsQ7HaWixxr58VdiyLHSoTAIRAIBAKBYEsEem6g98HPM/vKV5kbPkN8z35Cye6NL9wknUOHmTt/htnX/g5kmfDeu9oe43rFraXw8ZvK4HCtKgAFP9n2dSyUqyRiYT75yPtwH3aRltyAr9dJZSWO65IvlvnOMy/xkxdPNhzjej6qLHFwXx9/9NmPrh7QRNsUw9DRNRXP93E9D01ZX6CQJAhoEpGAgqbUf5ZqtYyEhzzfycZfp/xnbDzFxYnLtfS+7zM8Nk1HLEJnIrx4DMCXYK1SItPQMVSJWEAhVFKEwCEQXCfURY5ZLosbC+9xu8uTQwgcAoFAIBAItowW6ab3gS+QevmrZC+9jWPViPWv73OwFToPHGF2+DSzr/wtSDLhwTvaHuN6xK3WSzcUfXUpw0ocq0LZj+GyflvXZnj6dJXHbqjHXBA3lmZLqCt8XXzfQ5HB9TcWOQxFo6sjxv69vdBA4PB8n5rrIUsSqgLh8NbLq3x8yraH7fqYjZucLEORZfR5IeSbP/wZr7xxtmmDEd/3mZ7NLTv27C/e5Bcn3kOWpMVnFX+DcpbP/NoHuO3YQXRVQmuvfY5AILimkFg/N+zaRAgcAoFAIBAIWkJSNLrv+xzpk98if+5nuJZFx76DW3OGXIfOA0eYGz7N7MtPIkkyoT23tTfAdYhnpVBUHVne+OncsSoU/cttex+7weTp09WW1+D7Pu58C9alhqNLsby6N8ZMYX1xJajLRE0FVZaQ5cYvQNfzyZY90p6Locps1SPX98HzoOa4GKqCb27mJe/jOA6pTJ7K0lKcTTKbzm9qfChoUq5uPZ5AILi2Wd1VpbEnx7VcqiIEDoFAIBAIBG2h4/ivo4YSpE/+AymrRsf+gyh667v9C0iStChypH75FSRZJtgvWsi2gludbSp7w3UsPNeh4C/36ljIwmhV6PB9H8/z8LzGZRVlOwtAWIc3xmOrzsuShKZIdIVVTE1ClddWLXzq7VlTRXfRB2Nra67/f0CX6QqtX56yEsl3GejpoCsRZcJOb20Bm0RRFJKdMTqiEWDzniYCgWB3sNyPY22uVZFDCBwCgUAgEAjaRvTQA6jBBLMvf43UmVMkhg5ihCJtm1+S5Xq5yvnTzLz4Zbrv+xzB/pvbNv/1hO9Wce0cRqhnw7HuvMFowe/avvWs88QdUrvIWuOAz019M7x4YbUPiK5IRMzm0jE8H0qWh9uGDiIRz6cr1ER9yjySW0WSVY4fPUBfVwLXba3trj+fYu4jA2sLLZIkIUsSe/f0zI8XIodAIIBrzXR0o65SQuAQCAQCgUDQVoL9t9L3YAepl5+st5Hde4BgR/uMKSVFoXPoCHPnT5N68W/ovv8PCPQcbdv81wtudRoARWvGf6OKj0aJjbutbBdxfWBe5GiMB1flib3ZkL7//7P3nt9xpfl95+fmWzkhESAYQIKhyW42yZ7pJns0o4lSSxpZ0si2wpF3Z8bW2V3vnrMv9g/Y/2C9frHnrCXPeO21ZK1sWZYtjTRJ0z0dpoedmJrdTCCIXAUUKtfNd19cVLEQiFgEQfJ+zqkDoMJznyoAVc/9Pt/f9wdWs4pjzqL2jpCM6SRj+7pwfA8fCf8hXVPWwvV8Kk2XmhUGjIaEPIusdnGsJ3I8WaGjocAREhISEhIS0nWU9H4GfvGfU/j5v2fx/k1c2yTR371dIFGWH5SrvP1v6L34bSL9x7o2/rNAK2BUUaMb39dqUvEyXT1+Z9Do5gnUhAuH51e5ONYSGkRRxPM8pA06nHQTVX3g5pBlOWifsoQ0+y516mjRGJ6iI2xBlFgLu9nARcSMDLDZsEDXA8vxyVcdqsbO3CMhISFPLu+MBYL1xkLHk5XJEQocISEhISEhIY8EUY3R/7k/ZOGDP6cy9i6uZZEePty98WVlqbvKTQpvf5e+V7+N3ne0a+M/7XhWIWgPu4HdF5YCRjm4C7Nan7S6n5I1uan7SpJIRFexHZd9/bvnPMmm4iQTUSzbIR7TkZaCUxWriLz4KWIygl2+hSDKIGxfeGkszGNUFpnv/QKmbm36cZ4PtudRMTwsJ6xRCQl51lkudAirbmsJIE+KyBEKHCEhISEhISGPlNy5f4gczbB4/W9xLIvswRFEefOZBeshKiq5kVEW7tyk8LPAyaH3dE9EeZpxjXmU6MbuDdtq4Ps+Vf+BY2LrzovuEYgcU1w4vNBemLdw/cChAPDq+efY1xO4TmIxnb5sOriP5+N662d+bAXfB9fz8HyQRYHf+KULfP7l09iOSzIRJR6L4Psean0COxJDj+u4tZkdHdOsVZi//QkLuc+ST/aCaXfluYSEhDy7BGLG/NJPworrnxyRY/f8eiEhISEhISHPLKkTX6HnM7+LWS0zf+sTrGaja2NLqkZ25BiCAIW3v4O5MN61sZ9WXLOI55mBg2Oj+9pBW9Ga370clZ3SWmB3Wqs938ewfZq2h+f7SKLI6OEhRg8PMdiXQ5YlXM+nYfkYjt+1uA7L9WksHdfHJ5mIcWh4gNHDQ/QvCSxOs4xdXySaXd0BZjuUJ8extB7yA7/alfFCQkJCIGgjG5T/+csE5HfGcu2fN+uie1yEAkdISEhISEjIrhA/cJ6Bz/9P+KJK8c5NbKPZtbFlrSVyeOTf/i7W4kTXxn4aKS+MAWxO4LCaWEQxiT/qaW2JQOTwuXB4nguH5/F9qBgOs2WbuYpDseFQNh5cig2H2YrNbMWmajibTKzYGNv1Wag7zFVsCrXlxyw1HSqleRoT7yO6ZUScHR+vMj2BbTSZHfhl2GGGR0hISMharNWpKrg+RyuT43Hj+/6aTrxQ4AgJCQkJCQnZNfTeEfoufBOkQORwTKNrYyu6TnbkGPh2IHKUHv8CbC9SKpWoLd5HFCUkWWbwaFcAACAASURBVNvw/q7ZpOo9mgyL7326s99/Wt3fTve/cHiepu0zU7G5u2Bwp2ByO//gcqdgMrZgMluxadrdzZ4oGy73Fy1uF4xlx7w3nad+5T9i5m8gyxb4O+taYtYqVPMzLORepp440aXZh4SEhGyeB06Ox/cZu16JYShwhISEhISEhOwqamY//Re/hYfIwp2bOKbZtbEVPULuyDF8xyD/9newyjvLOngamZqaIqYZSJtwb/iei+OYNLzulFY8KgKRQ+DC4QVMx2eh7jJTsZkqP7jMVGyKDRfL7X6wpu9DzfSYr7nLjulf/zMaMx8TSerg7dy9UZq8H5amhISE7Bn2gpNjJaHAERISEhISErLrqNkD9F38Fr7nU7x7E9fqrsiRPTKKbzUovPNvsKr5ro39pFMqlTCMOopQ21R5imM3EQSRYfkah8T3EFkdZrlTF0a36MzleBCU9/jIzP+UeP0OyaEDSOrGTpmNqExP4BgNZgde21H3lZCQkJCdsjLgeS8RvjuGhISEhISEPBb0nsP0XvwWru2wcPcWntO9ThBqJEbmyCieUWb+ne9i1xY2ftAzQLVaJaYEgoSkbtwJRdHipAaOosUzDIk3eEn6SwaETx71NLdNWh1aEjqEZQGku41qzjEw+3foqQyxXN+OxzOrS6UpPS9TTxzvwgxDQkJCdkYgcvh7LnQ0FDhCQkJCQkJCHht67xF6L34TxzRYuHMT3925jb+FFo2THTmGU1+g8M53cBqLXRv7ScUwDCK6DICwyYBKUZKJpfeR7DtENCJzRLpEfeq/4DYmtuXeeO24/sjbzK7VZWU36Z/+a0RRJL3/YFfGK0+NY2m95Pt/rSvjhYSEhHSDVhjpXhI5QoEjJCQkJCQk5LES6T9G38VvYjXrzN+5ie/uLIixEzUWJ3vkGHa1QOHt7+Aala6N/SRiGAaq0hI2vC09VlajJHoOEMsOglumPvO3HBN/ik55R3N6VCUuK7us7BaZwk+J1+8GpSmKuuPxKlP3sY0mM/2/DILQhRmGhISEdI9A5NgbnVUgFDhCQkJCQkJC9gCRgZP0XfjvsRo1Fu7exPe2dvK9HlosSW5kFKsyy9xbf4xr1ro29pOGaZrI0X0IgoRjbq9NrxZNk+o/QiTVS580znn5rzggfoCwCcHkUTs3VrKyy8qjRjNmGZj7O/RUtnulKYVZFnKv0EiGpSkhISF7m90QOdbroAKhwBESEvIYEQQBURQfehEEAeEJ261qzflJm3dIyF4gOnia3lf+ALNeDUSODRYxW0FLpMgeHsUqTZN/+zu4Vr1rYz8pGEbglNAiafTUEYzqAo61PZEDIJLoDfI5YmmGxeu8JP9n+oSb3ZpuV+nssvIo6Zv5G0RRIj003JXxypNLpSn7wtKUkJCQvUsrj2MvZHKEAkdISMhjYT1hYy+LHJ0CxnrzXev2UPwICdmY2NAZej/7e5i1Cgt3u3uyrCfT5EZGMYv3yb/9XTx7b3T/2C3MpXa8kUiEaO8rSEqMenEKeweOFlFSiGUGSfQeJKYJjErvclr8W1LCxu15d9/NEQSQPqouK9nCGw9KU7rQNaU8dR/bbAZdU0JCQkL2OK08Dni8mRyyUx9Djh1+bBMICQl59ug80V/vZF8QBHzfx/O8ru7kbpXOeXbOdztCRet5POxrSEgIxIbP4fse85f+Awt3b5IbOda1sfVkhuyhUYr3bpF/5zv0v/rPECSla+PvZVoODl3XkRSF5P5foTrz91QL99ETWSKJXgRxc8GjK1G0GEpvDLNRQqoUSDk/JO8fZsJ9EYM4sPuCxsNIq0OUrEkuHF7oWqtDrTlD/9z3l0pTenc8nlktUyvMspC7QD3Rvb//kCcfSRSIKAKaLCCJy/eqPd+jafkYjofbUTGmSAJRRUCVxWVrF9/3cTwfw/YwHJ9uLkVUSSCiCqjS6mPabjBHs8vHDHn8vDPW03bKlaypduDzbiL9r//k+P/uNKcRJR1RTe/6BEJCQp491nJnLBaLNBsNms0miqoiSQ8W2Y/r5H+lC6P180qBZq3rVgo4m7k9JCTkAWpqECmaonrvA+xmg2imOyeiAIoeQdF1qtN3sYrjxIfPgvD0m1oXFxcxTZODB4POHqISQ0+OgufQLN/DrC0iiAKyGt32MWRFR48HvyvNmmJI/BQfj4o/wGiPvOr+txec9te1bn9U6FISw60wnGkyWdr+820xNPn/EfFq5A6PIkrbE4k6Kd69RVPOMHnwD3Y8VsjTgyRCUpfIxWSyUZlURCahS8FFk4hrIqIg4C0JF74fiBupiEhPTCEbk0m27q9LJDUJXRGRRAHXA9sN1luiEOTZbveiK8KDea5xTE0RkAQB1wXbCxWOp43JUpThTFD+qEvJbY/jui75fJ5qtUqpVOLGjRu4mwghl2PZQczqAo3Z76NE96OkzyBHBrc9kZCQkM2zV09qH6WgsPI51+t1rnz4IdeuXGkfd2h4mPMvvcTA4GD7MbspcmxGhPB9H9u2adTr1Go1LNPE8zy8jmBEWZaRJIl4IkE0GkXTdcSl3ZbWc2p9Xfn8QkdHSAgkDr0MnsfCh/+JxfHbZA4e7drYkXSO7EEojt9m7u1/Tf/n/hmwN9+Tu0Wz2SQSiSy7TpA04vs+j545QaNwiUbpLla9TCTVi6Intn2sSLIXLZqiUS1woH6Vw9o4duUsSnLvuBEehI8GVupOe/VWyBZeJ1YfI3ngMJK6864p5emgNGXu4D/c8VghTw+iELgi4ppENiqTjEho8gNhtiVqiIKL4wUuCQufiCKQ0mVycZmEJi5zfXi+T9P2kEQwHQ/bFVAkAV1prXu2O1eRlC4Gx9QlpI6BPN+nYYlIgoPpeJguy9wmIU8H74zluHB4npI12X6v3S1kLZpGi6YxakXM2hyN6b9GiR1CTZ9B0nee/hwSErI2ezWPoXXS7W2yg8F2HAidz922LKanprCWasMBZqamqB4/zkDH/UVR3NJJ/1qiwWZYKytDEARc16W0uMhisUixWGRhfp5SsUi9Xg/EDd9fdWrkLz1WURQi0SjJZJJMNkuup4dsNksml0PX9fYxWnN+GspWqtUqtVoN13VRFAVZlonH42jazuvSQ54tEiMX8H2X4kd/iSDcIX3gSNfGjmRyZPEpjt8k//Z36Lv47a6NvRcxTZNkcu3dNFnvIzn8q2iV29QLl6jOT6BEEkSTvUjK9kpLRFklnhnCjqZoVuZpFl7Hrt1Cy55H0oN3+NeO64+sTexmSav7l0pW5rcscmjNafrnfkAknSWa3XlpilEtU8vPMt8TlqY8ywhC4LxQJaEtMoiAIgvoskBUE4mpIuVKjVrTxHN9+nJJopqKoXnELBHLFVEcn6gqEVEEoqpIVJUolWuUqk18fA7s60FUJQzLQ1dEfB+iqkRSFwMXxzbnb7o+EUUipopEFZFiqUqlZiBKAsP9OQRVpGGJqJKIKHi4PLnrnZCN6abIsZlNz7YXUI9n0eNZjNo8zcoEdv0eauIoSuoFJK17ttCQkJAHJ+x7VeDodBasR+t5tL7fDi3hoBPTMGg0GquOtZVjdIoFmxUK1io1cRyH8bExrl+9yuzsLJZprvmB/9DrfB/bsrAti0qpxOT9+8GxJIlUOs3JU6cYPX6ceDzefp6t3JHW83iSKJVKTE1N0Ww2EQQBWZaxbbt9u67rJBIJkskkiUQCWd49S3rIk0vyyOfA9yhe/itAJH2ge9lhkUwPac+nNHGD/Dvfpe/CN7s29l7C931M01zl4FiJljyKljxKc/4D6oVLlOfuoidyS/kc2yvjUbQ4Sm8co76IWSlQn/qvqMkTqJnziPLOy0O6wXZFjv6Z7y11TTnQhVn4VCbvY2i9FAZ+tQvjhTyJCALEVJGEJhFVRSRx+W2qKCCLgaPju3/xJlc/ncLzPC6eO8r/8LtfCvI2VBFBePD5qkgisigwX6zwx//xDa7dnEIUBf7573+Zl54fQZIENElE1gQyUZl0VEIWt5k1BtQMF0EAWRKYmJnnu//pTW7em0PXFP6XP/gyp44dQBYFRPFp98092wR5HEGg8246OVatLPV4D1osi1FbwKjcwareRk2eRE2/gKhsv4YmJCTkAZsN2XycbCRw7FSkEQQBfJ/iwkI72b+Thfl5LMtC3abdt+VC2axA0Jmn0WLy/n2ufPQRU5OTbYdJt35bnuuyuLDAOz/9KZ98/DHPnT7NsRMn2icfoig+cSLH1NQUMzMzpFIphoeHSSaT6LqO4ziYpkm5XKZcLlMsFikUCgBEl5wtiUSCRCKx7PUPCekkefTz4LkUr/41CALp4UNdGzsIhfQpTVwn/7N/S98r/6RrY+8VOjuobIZIzzm09EnGb/w1VGew6qWg7CSe3fYc9FgGLZrCqM7TrHyCXb2NljkLnNj2mN1kqyUr2fxPiDXGSB04jKh0oTRlamKpNOUf7XiskCcXVRJI6RK5mEQiIqGIy1ceggDqkupRb1oslKoAOEt1Hposko2B70vLHtPi1r085WqwiVStPWgTLYqBaySui8Q1Ecuyqde35q6SJImIrpLQJeyOupOb9+YoVxtUagKNpr3OCCFPG50ix26x5taZIIhEEr3osQzN6gJG5QZW5QZq6jRa5kUEaXMfjiEhIRvjOA7vX7qEY9vLdrp3E0VRUDWN0ePHSaeDsOHWCf9mXByCIGDbNs0Vrov1sCyLcqnE1OQk/hrlMPOFAndv3yaVThOLxbb0fJKpVNuFshUnSkuo8X2fn739Nh9fvYppPPzDXZLl4BhiEOolSdKDMQDf83Bdt+0isW17dRmL71Ocn+fNn/yEu7dv8/lf/EVyvb3tebXus9cpFArMzMwwNDTEwYMHlwkVsiwjyzKxWIzBpVyVSqXSFjzm5uaYnZ0FaAsdrUtISCfJY1/E91wWr/9tIHLsP9i1sWO5Pnzfozx5hcK7/47el5+ucMfODiqbRZQjTFf24esH6NMmSZemMBtlIsmebedzCIJIJNmHGk3RrBQwipf4fPQWHzdP871PD++JTisP3BxBJ4C1Oq1ozSn68z/sbmlKYZb5nos0EqM7Hi/kyaXlwEhGZFK6hCyt3lpxXY+xycKycuKFUo35YoVMKkZEWX2K5/k+sw0Dy3YejNPxeAGCtcxSacpf/fgj3nr/FsVyfXPzliWG92X51jc+x0B/D51bQq1j+r6P6y9f80kiCB5hN5WnmFZnld3qqrKuN1gQZaKp/iVHxzxm+Rp25WPU1POomTMIYlhLHRKyEwRBYGpigisffohtWY/1RFZWFFzX5ZWLFzd1/07nhu/7vH/pElMTExiGges4Gzz6AcZDBITC3Bw/f+edTY8jiCKapqFHIvzil75EMpVaNteN3Cidl8sffsiH77330E9bTdcZGBzk8MgIsViMSDSKoigoqorYsU1iL4lWRrNJo9FgenqaifFxquXymuNOT07y0zfe4GuvvUY0Gl2WAbKXRY5ms8nk5CS5XI7DhzdXOpBMJkkmkwwPD+P7PuVymVKpRLlcZnp6Ggh2guLxeNvhEY3uDSt7yOMldeIr+J5L6cYPEASBVFdKAwLiPQPgQXnyMogSvZ/5va6N/bixLAvYvIMDgvdn3/epeL0U3GP0CHc5YF3FmZ9AiybREr3IyvbWgpKsEc/ux4pWMSrzHJfepN8fwzNfQtQefwZcy81RsqbWbCcblKbI3SlN8VkqTemjMPArOx8v5IlGFgVkUUCVBSQR/vx7P2d8ep5G01p2v1rDZDpfav98/dYU/9ef/HjVePGYzkvPH+Izp0doGtaq2x/GvckCEzML2M7GXStaVOvNjjQNn/V8r4IAkiAQUUREwcdy/XYXl5CnjyB0dHdEjk0VP0uyQiy9Dy2WxazNY5YuY1duoKZfQE2feSZaq4WEPEq2UkrxqHB24B5xXZe52VlmZ2a6KsFXK5UtP0bVNCqVyjKBYz1WihvTU1MPFTeyuRwjo6OMHDlCrqdnmUvhYb+/zvKd4ydPUq1WmRgf586tW0xNTq4Sg6aWymJeuXjxiRE4CoUCrutuWtxYiSAIpNPptnvIcZy2u6NcLjMxMQEETpDO/I6t7ESHPF2kn/slfM+l/OmPQRBIDQ53bex43wA+PpX7HyAIIj0v/U7Xxn6cGIbRDvzdymMAPCkov5j3R5h3RtgvXuFg4xpmo0Ik2YOe6EHY5lpQ1ROoegKjVkSszFGb/C+oqVNomXMI0uP/H0+rQ6vcHD1zPyDWuEfqwEh3SlPaXVPC0pSQ5Tiuy8+v3OWTuzMb3rdpWFy6OrbmbZVak5dOHd70Ek0A9g9keeHE+oKI5/nUGia37gUuTEWWiWgKnu8//FhL1wsCRBQBXZGxXZ+65VM1HJr23l3vhOyMVmeVR82W0t1kRUPODKHHs0HpSvE9rPL1JaHjhUc1x5CQpxpVVZFleUcCw+PGdRwatdqe8BdalrWlUplOJ4rneVz+4AMa9dV2zGMnT/LyhQtt4WSz3U5at7WOEY/Hee70aY4eO8anN27w1htvrBI5rl+5wsFDh9jX0SZ3r4octm2Tz+fZt29f1wQHWZbJ5XLkcsGOaWd+R7lcZnEplFbTNJLJJPF4nEQise28lpAnk8zpX8H3XCq3XkcQILmveyJHom8f+D6V8fcQRIncuSe/XadhGFv+H202g/p8R1j+vzXpvUDeO8qweJmBym2segk92YsWy2x7fno8ixZN06zmMcrXcaq3UDNn98T6stPNcV5+g0bhdWK5PqLZ7bWV7cSohKUpIQ9HFESyqRhHD/RjrLVO9MG0HARBQJJEpDXKWSKawunRjcMdPT8ILnW84PJ7X7+w4bpjbr68zDVy9GAfPZkkDcdnPTOGuBSkqssKAIbjU264uJ5H0968YyTkyeRRB45uK75eUiLEs/tx4g2M6gLGwrtY5Y8DoSP1XLfnGBLy1OL7Pn0DA7x4/jz5uTmK8/OPvFGWbduBGNFFVE1j9MQJbn36KeVSCWcTJSpbCevczGsiiiLRaJRcTw8D+/ZtYfQHNJtNFhYWVl0fiUY58+KL7WyPlcLGZoSHle10VVXl5KlT3B8f596dO8vuazSbLBaLbYFjL5PP5wHa2RqPAk3T6Ovro68vsK03m812SUupVFoWWNqZ3yFJ0nrDhjwFZF/4Ovgelds/RRAEEgPdWzAl+gcBn8rYuwiCRPbsb3Vt7MeBaZqkNulsa9FsNvEFCV9UVt1mEeWOd4G8N8IB7wrpxRnMehk92YOqx7c1R0EUiaYGUKPpIJ9j4d2grWzmPHLs0LbG7CZ6xaT00ffREqnuhNz6PpWp+xh6WJoS8gDP93H9pXINReR//N0vtm9zfR/DsCmW6xSKFRZKdVwvaFMf0RXSySi92QSpeISo/kCYjMcjSJKErq3+X4ZAcNBlAUUScX2fhu2Cvfa+VdDCVkSVgi4o+YVq+7aXTh9CEAVMx8PreHCnm3V6bpFqtUEqGeSr+YDmeLguVE0PCAWOp5ndyOPYUX8+WY0Sz0WxjBpWrYgx/1aQ0ZF+ASXs3R0SsikkSeKFM2eCD4Jd2KE3TZP3L13ixvXra4Z7bgdBEDhy9Ci9vb2bbsvqui6O4zA9NcWNa9dW3Z5Mpzn/mc8gyzKKsvYH8so5sBQWGt9GOKUgCNQqFWrV6qrbRo4epW9goP3cVnY32UyIaaeToxVqKssyz506xb27d1f97hfmdzdxeju4rks+n6e3t3dLdf07JRKJEIlEGBgYAKBWq7XdHYVCgbm5OQBisVi7nCWZDLuAPa1kz/yDQOS48xYI4pIw0R0S/UP4nkfl7tsgCGRf/M2ujb2btFrEbtXBYRgG7hriRidV+rnufZVe/w4Hras48/dRoykiyR4keXv5HLKik8gNYzUrNCvzNGZ/gBI7hJo5i6Tt3DWxHVyjwvylP0VWdbJdalNcnmqVpvzjrowX8nTguGDYPnXTQxJAjUSQxKBdrCiAmBLQNZlK3aBSm8e0nKBkVogyFNUY7E2TSsZwvaBMxPXB8Xx8fGKR1U5HQQg6r2RiAmLQ4A7D8WmaS0LHErIYZIKokkhCB12W+dlHd5meKwKQTcV56flD2C4Ylkdn85fOddLfv/sJN+7MIIoCuqbwhc8e56XnR1AVUMJ9iWeCR53HITcrBfR4btu9zQFUPY6qx7GMKkZlgWb+dazydbTMi8ix7vWqDwl5WlgpAsibOIHvBoIgoOk6ff39fHrjxrL07K3Seg6tk/dMNksmu7n2gb7vU6vVmLx/n/ml3feVVCsVKpVKO+9iK7vxrbltxWHh+z6yoiBJ0qqSkbnZWRr1OtGlbi6iKG6pXGSle6NzJ2NmenpNYUvV9n6Icyt741G6NzZDPB4nHo8zNBR8SHaWs8zMzDAzMxPs7i8JHa37hzw9ZF/8zUDkuBsEE3dT5EjuG8YHKnfewhcEcmd+o2tj7xZbbRHbotls4goPRJHXjut879OHBEP7Ryg4RxgWL3OgcRWrUSaS6iUS7912f201kkSNJDFqRZrl+9j1e6jJ02jZcwjS7r5Hzl/6E5zGIj2jJ7uSu2FUStTm55jveZVG4mgXZhjytGC6HhUjEBaalogsQU9cJqZK1OtN/vx77/GzK3eZK5SWuSQARFGgL5fiqxdP8fUvnUFRVRqmi+sHJSGyvHot5XkeSV0Kur/5Po4LFdOl6TjMVh6UxcQ1iZQuEdcFIopEfqHEX79+pe2yPXvqAIN9WSqGg+F4KFLr3HL5G8DkbJHJ2WL756H+DC89P7Lj1y3kyeJR5nHIzUoBs7aInsyix3emireCoqxmGaNSpDH7Q+TIAGrqDHKseynnISFPOitPvjtPeB81giCQzmy/TrpFp5thK/kQLQdDLBaj0Wg81Kngex6FfJ7nTp1CkqRNO0M62Wp4q6ppqJqGtXQy0KK4sMDdO3c49fzzq4I/N/v7W0vkWCwWGb93b83776YjYrvk83kymcyea+eaSqXaVnzP89piR6lUYnJyEgicU53lLGGHlief7Nlv4HsOlXuXEASBeN/2StXWIrVvGHyo3n4TUZTJPP9rXRt7N2iFhW71fcUwDFxluRi4nsgBMOGdIe8d4YB0mb7yXax6iUiyFzWa3vrElwjyOZI0KgXMyjWc2i3U7DnU1Oltj7kVFj74c5r522QOjKDFuvN+V5mawND7KQy81pXxQp4eXA9qZuCA0GSBhC6jyxLlSo1/+e9+yPvX7gEgyxKZeARFkfE8H8O0qTcNZgsl/v1/fZuZQok//MdfIKIomM7ShtaKJdF//sEHXL89TVQPBMMvvnKC0UMDCIDnBbkcmiygyyKpiEQ6KpHSZXzP4T/93fvMLHVxScYjfOEzx3E9n6bt43g+ykP2znVNIRGLIIoCUV1lsH9rpXMhTw9BuUr38zjk2NCvY5Uu0yiNY1YX0RM5tPjmdmEfhhpJoUZSmI0SZnWBxuzfocSGUVMvIEX2fk15SMhu0BIGgF0RODrDNFVV7coxNxJpVl7X+XNxfp5PPv4Yz314reXEvXuM37vH82fOtB+/UrBYS8DonNdGAkenSJFIJDgyOsrl999fdh/PdXnv3XdxHIfRY8eIdez+b/V1FAQB13WZvH+fK5cvU1xD4Mn19jJy5MgyJ8peCxidn5/HsixGR/d2KJ4oimQyGTJLop5t22t2aFEUpV3OEovFkCSpfQl5csid/8d4nkv5/gcgiMR7+7s2dmpwGHyf8s2fIIgi6VNPTmZCy8GxlRKVVovYlQGjsLHIYRLnlvsqeQ5zwL+GW5xGaVSIJHPIamzrTwAQRJlYeh9qNI1RKWDMv4NdvY2WOYscO7itMTdD+dMfUx17l2T/YFdCRQHKU+NBacqhsDQlZG1azgxZFIhpQcvYv/zhh3xwfRwATVX43EujfO3V02RTUVzPZ2puke+/eY13L9/F83x+9M51Dg3l+PqXz+GzttownS+RX3jQsS6TinLs8D5EARRJIKZKJDSRmCaSjEgkNAnHtvm3f/kWP3rn+tL6CX7pF57nxZMHqVseDdNluUF4+frlqxdP8wufGaUnE186ZhzXo30JefboduioLOn9RAa+htqcwlz8iHppGrO+iBrPou8gDRtAi6bRommMehGzOkt9egIlfhg19TyS3r1FR0jIk8pWSih2QuskvNtukc55r+wW0hIjHuZcePuttygVi6yH7/tcevdd4vE4h0ZGls39YSUoD/t+M89FEATOnj9PYW6O6aWd/hb1Wo233niDTz/+mMNHjjB88CC9fX1IkrSp19T3faqVCpMTE9y5fZvpyck1O+coqspnX3mFeCKxZ8UNCNwbiUSiLRw8KSiKQk9PDz09wYmKYRjLBI+VIbNBMr2ELMvLRA9Zlts5Kp3XrbyfuIPyz5Dt0fuZ3wPPpTx5GUGAWE8XRY6hA+D7lD75MQgS6ed+qWtjP0pM09xyi9hWB5VWi9jXji8XRzYSOQDKDHLVHaRPuMlB4xq2MY4WSxFJ9iFK2yvNVNQISs8BrGZ5KZ/j+yjxEbTMOUS1u+9H9anLLF77G6KZHIl93Vl8B11T5pjPvUojHpamhKyNKAqoskhEEdFkidnCIm99cKu9VvnNr57jd371ZXxEHC9YIwz0Znj+2DD/6s9+wg/fvo7vw+uXbvKVi6fQNA3bW3tDaGklFRxXEBB8kCWBhC4FIocmElNFNFmkWq3znb94k5/87EZbtvjKxVP8zq98FssNnCc1a/11y3PHBjkxMoTpevg+WB5YjkvT8rDWa70S8lQSuDi6W6rS/qSTIkNEI0M49XuYpSs0FmewaovoyRxqZGfWIT2WRY9lMWoLQQ1lbQw1cRQl9QKSltvxkwgJCdkaruuu+eGz093qtcSMlYLH+NgY71+6xMzU1KbGbNbrvP7jH1MsFjl1+jR6JLJMOOnMAVlrPpt1cLS+j8VivHLxIt//27+lVqmsvDPzhQKFQoGrly+TzmSIQwQgKQAAIABJREFUxWJEYzE0XW+3/G2NZZlm0La22cQwDBaLRaqVykNdK6Ik8dLLLzNy9OieFjcWFxdpNBocO/bkh0nruo6u6/T3ByfBjUaDZrOJ4zjtSysQt3UxTZNGo9G+bT1EUVwljKwllChL+S8rhZPdLF97muh9+Q/wfY/S5FUQRGK53q6Nndp/EN/3Kd34AQgi6ZNf7drYj4rttIhtlbWs5eBosRmRAyDvH6PgBG1lh+vXMOsVoqle9MT2HREtt7BRnadZGcOu3UVNvYCWPY8g7ihDHwCrNMXCpT9DjcbIHhzpSocz3/cpT91HSvZy9OJnOcoC74yF6+CQ1QgEgaKSCJIAM4Uy84tBCHoyHuELnz2O64ssNh1Me6mLiiaS0hW+fOEkb1z6BMt2yS9UKFUbDOhrZ9b81tfO8/KZI7Q+avb1pGApdFQUIKGL6LKI57m889Et/vL77/Pp2Gz78a+cOcI3f+sXECSZUtNhseFQbjpEHlafsoTnByGqVSNYj5pu8HPNDDuoPIsEIsfmAkc3sy5e9Qkgxw4hxw5h1+5gLl6mtjCFrC6iJ7KokZ2l0OvxHFosi1mbp1m5i1W9jRI7iBw/ihIPw2VCQnYLx7bbnUA6UdXNBaetFC46r3/YdcWFBa5evsynN25gW9aqMXv7+4NMD9dlYWFhWSRVvVbjZ2++ycT4OGfOnuXg4cPtnfFOoaPza+v7zqyMh7HysfuGhvjSV77CRx9+yP1791aFgAoErVxnl3Y4u0Eqk+GFF1/k+TNnVpWm7DWRI5/PE4lE2m1bN0u9XgeC7iZ7lWg0uqU8Dt/31xVD1rresqz2z2v9H3bScoG0BI+VAkg0GiUej2+q09CzRt8r/x2Fd75LaeI6giB0rbwACFqE+j6lj/8OPIf0qb2do9DtFrGdbFbk8BG5752l4B/h5dQ1GuU7mPUSerIHbSf5HImepbayeczyFZzabbTsOZTkyW2P6TkGC+/9KQI+mYNH8LebkrqCytR9HLNJ4tyvtq+7cLjlGvN5Z+zxdIgJ2fu0OqK0vg86pwRlJL4fdEKRxeCrYTm4S24N1/Px1nButBjsS/Pc0SFs10cUHmwMySIoooTjOrx39S5/8/oVLt8Yb48rAJ89M8If/s4XiER0SobLYt2lbHg4ro+/gcboA7brUzFcGraPaXuYjofp7K31TsjuEYSOdqerykP//JT4EZT4Eezqp9ilK9QWJlH0OFo8u+3+5hD84+iJXvR4FqNWxKzP0KyPYy28i5IYRYqPIqlh2ExIyMNYb0d3syfCpmmu2SJW6+jc8bCxWuJG5+VhczQNg4X5eaampvjk44+plEprjtnT18crr74KgOs4fHz9Ovfu3Fl1v6mJCfL5PEdHRzl46BB9AwPE4/H2PFaW4HQKF+sFjq4ljgwfPEj/vn3cu3uXa1euMD011aUl7nJi8ThHjx/nuVOnyOZyq/JD9pq4Ua1WqVarjIxsXZSenp5mbm4OVVXbQaDpdHrLO8t7CUEQUBRl2wKD53kbCiTriSatv49kMsng4GDYHWYFvRe+if/WH7N4/xMEQSCS6d5uefrAYRAESp/8CHNxgtzZ30aO7SzD7FHQahG7rYDRDcSNFpsVOQCafpKflC7yteFRjMUPqRensRoV9EQPira9sF9RkollBlGjS46OwpvtfA4puvXSkvlLf4pZnqVn5Diy1p33p1bXlNSxXyQz+AoAJavTySh0iB0Bobvj2cUnyKNwvKDN676eJKlElFKlTr3R5Gcf3eHQUA9JTcJRlvI6JAHB9/jZR3dwl8Is+rIJsqkY62gcS8GgQaiprojIosBCscJ71+7x1ge3+OTuDIb5oKS2L5fitc8/z2uffx5N16gaLg3Tw/F8JAF0NShtETdYNPk+WK5PzXBp2t66cwx5NghEjp3ncWzo4VMSx1ESx7HK1wOhY/4+ip4gksxuOygKAEEKhI5EL7ZZxaiVMBY/hMUPUWIHkOOjoasjJKSD9QQF2Nit0PlYaw0HBdA+SdsoG0QQhFUOCgDHcahWKuTn5piemmJ2eppSqfTQkgxBFDl85AivXLy4rMXsvqEhLr37Lh9fvboqp8I2TW5cu8aN69eJx+P09vUxNDzMwL59pNNptIecLK9XrrLSBdL5ehw7cYJDIyOM3bnDvbExSsUilUoleA23IT7IikI0FiOdyTCwbx+jx461u9qs5drYSoea3WBubg5FUbbcGtYwDObm5ujv78dxHMrlMoWlFsG6rpNOp9uix2adRE8Doiiiquq2n3NlqZ1yPp/nzp07DA4O0tvbvXKMp4G+i99i7s0/ojh+i5wgoKe7J0Kkhw+hRGOUJ28x86N/QfbcbxHb/2LXxu8G2wkYhVaL2ED0Xpm/0Q2+P9HLa8d/Hbv8Mebih1QL99DiGSLJHsRNCisrUbQYihYL8jnKBeoz30OJH0XNnkNSNrd5VrzyVzSmr5MePoSW7M6Gm20YlMbvomX2kzn9IJy2c6dyudgR0Cl4hGLHs4Xn+They9XgMjSQ43PnR/lvf/8Rvg//+QfvU6kZ/PLnTxOPaLiex3S+zN+/e4M337vZHucLnz1ONKJjOOu7BV3fx3RAlaBhmvyf/+6HXL4xvmyZE41ofPHlE/zaF8+wfyCH6QQOjKrhIQBJXSKpS+AH4ynyg/XhsjyqFUsa2/VDcSOkzTtjPbx2fGdjbLpIUU2dQk2dwipdwVr8iEp+HDWaRI/nkNWdtTNUtASKlsBzbcx6CbMxi12/j7nwM5T4KHLiWOjqCHmmaQkKGwkcra8btUdt1VavOAjKJk6yVpan3Lh+nXK5TK1apbS4SKlUwtxE6Yaiqrxw9ixnz59H07Rl89V1nVd/4RfI5XJ88N57lBcXVw/g+9SqVWrVKmN37iArCvFEgmwuRyKRIJ5IcOr0aRRVXfVabOSCaYlFrfspisLxkyc5duIElmW1n+vi4iLlcplqpYJtWate91b+QjyRIJlKkclkSGcyJJNJ9Eik/YG/Mgdko/k+LsGj2WxSKpU4cGDrbb9nZmYA6O/vb5/MN5vNtiNkfn6e2dmgrjcWi7XFjlQqtaVgxGeNZDJJMpkkl8sxPj7O+Pg4kiSRze49J8FjQxDpu/htZt/8v1m4d5vc4VH0VPfCKGO5XtRYnNL9MQrv/r+YxftkX/j1ro2/U7bbIrbZbOKom3cEbcXF0eJ7nxq8dvw5lMQo5uIHmKUrWPUykVQvenz7J/QP8jkKNMq3sWu30dJn0XLnYR0vXvXu21RuvUG8d4BYbmsleA/D93xK43dAVMi99DsgrJ1N0BI7SlYr4Hr5PEOx49nC86Fp+0FXEssnovj81tfOUShWuXTlLqbl8DevX+YnP/8ERZbwPJ9G08RdcueqiszFc0f50isnMV0P2/VQpIfnYngeWI5Pw3ZJ6ipfeuUEt+7NYRgmyXiUE0f28fUvvsjzx/bjeGDYHj4QVUViapDf1vkX67bWUgj4wFB/mjvjc6iqgq6Gn+kh67PTripb/gtT0y+gpp4LhI7SVSqNMbR4Cj3egySvHWCzWURJIZLsJZLsxTIqWPUyZukjzNJHoasj5Jlmo5KQTtYL3WzR2tHrpLWTvBGdAgAEGQHTk5PMTE9vytEgKwr7Dxzg0OHD9HTsNK98Xq7r0j8wwMsXLjAzPc3YnTvUqtWHjuvYNqVikVKxSCqd5tjJk0iyvKZYsN7ruFZ+SOfPmqahaRqZbJYDjoNt25im2S4XWClwCILQ3qFXVHVVV42V3Wda3691fYuNBKxHxdzcHIIgbNm94TgO09PT9PT0LPsbi0Qiy7I86vU6tVqNSqXC7Ows09PTACQSiWUOjzB4czWRSIQTJ05w9epV8vk8mUwmfJ06ECSZ/lf/Kfk3/4iFsVvkRo6hJ7ef+7ASRY/Qe+w5ylP3qdx6A6s0Se7sb6MkunOSvBO22yIWwBW3tq7bvsiho+VeRo4HQkejNIZZKxFJ9ewo6F5P9KJElvI5Sh/i1G+jZs6hJFYHJDfnPmHhw79AT2aCbjldYvH+Haxmnf6L30RNDmx4/9aifi1HR4uwlOXZwHR8aqZL1RDRZIFsOsn//Ptf4k9SMX5+5S6VWhPHCUoYfR8EUUAWRPp6UnzlwnN8/UsvIisKpaaL6/ko6+TIBw4OF98XUWWRV88do1iqo8gSL5wY5sC+HhCCchlBAFUWEAUBw7SYW6hg2Q62E6yDJEmiL5sgGY8iSQKSKPKbXz1PqVJHkSROHhnE84KgUd9fZegICVkKHZ0kwvYcqduT0AQ5+IBIPodVuoxVuopZKwfWwkTPtlt/daLqSVQ9iefaWI0yZn2W5jJXxyiS2r3FSUjIXmXlie/c7CzlUolarYbjOAAMDAxw4NChTYkbEARkrqTVyWGrJ86xeJxSqbS+uCEIpNJphg8c4MjoKIODg4iShOe6GKbJ3MwMxWKxLRAkEgnSmQypdJpcTw+jx4/z/Jkz3L51i/v37pGfm3to2QtAuVxuhzN2lny0hI2W8LATRFFEXBItojsIzVz5+1orqLUT3/cRRXHXRQ7Lspifn2dwcHDLjorp6Wl8398wlDQWixGLxdodTVrujkqlwsTEBBMTEwiCsMzdkUzuLPz6aWPfvn188skn5PP59usYEiDKGn2vfpu5N/8VC3dv0nPkOFqiu+7Q1NABlGiU8sQ4sz/6F2TPfYPYgfNdPcZWMQxj+y1it1EqshORQ9KyRAe+glMfxyx+QG1hCiVSIZLo2bZbWJIV4tkh7FgKo7pAM/86dvUmWuY8UmQfAHZtnvlLf4aiRcgc6N5GWmVmgmapSPbMrxPZd2pLj11evjLJes6T0N3xdOJ6Pg3Lo2y47QDRRCLGN7/xOb504SRjEwXGphYwTAtBEMilYoweHuD4oX6y6QSm47PYcKgaLrIowjoap+8HgortuuiWQDoi841f+gye77ezQIIgU4FCscR71+7xyd1ZpudKLFYauK6L5wUtZ0VBIBbV6M3GObAvx7GRYE6ZVAJFEvGAuuVhOR6OR1ieErIm74z18KVD23vsjjxCghQo7krqNFbpMmb5OmZtET2RQ4/nEKWdW5BESUFP9KAnerCMKla9FLo6Qp45Oh0HszMz3Lh+nflCIWgjJknsHx4mm8sRTyQ2ddK7loOj1aFhM3Q6FXp6exkcGuLOzZvL7iMrColkkt6+Pgb27ePAwYOk0ulljxclCddxuHXzJh9fu9Yec3BoiHMvvURyKfXf930y2Syfefllnj9zhunJSaYmJ8nPzbG4uIjRbC5b+mWyWYYfUkaxVuta3/c3dJ881s/fNVwnu53Nkc/nAbbs3oCgPCWTyWypOwkEzo1EIsHg4CCe51GpVNqix/j4OBD83Xa6O/Zyh5bdoKenh2g02j5BDVmOqETov/htZt/8VyzcvUXuyDG0eHdFsmimBzUapzQxRuHSn2IuTpA98xtdPcZW2G7AKGzdwdFiJyIHgBw7iBw7GGygLX5IpTmGnsgQSfRuuwWsosVRtDhmo4RRLlCf/m+oiWOo2fPMv/cf8O0G6dGTiPLO2qW3aBQLVOdmSB55leTRz+9orJVW7c25O4LPh7Azy5ON4fgsNlwkQUCTfXTZR9c0TowMcmJk+eex7weuCMv1KTcdGlYgcLieT0LfeFPHdsHxfOSGi4CALILtBdJaKhKs1/76jWv81Y8vM5Nfo3S4g2K5xsTMAh9cH0cSRc6cPMCvf/lFzj13KMjuaAYdVxqWi7eHcsZC9hZla3pbj+tKEZQox9B7LgYZHYtXMKqfYNaK6IkeIoncQ+sNt4qqJ1D1BJ7rYDVLmLW5JVfHOyjxUZTEMcTQ1RHyDFDsaKPquS75uTkajQbxRGLDx/q+v2abVnmLO3wtR4Smabxy8SLRaBTTMIgtlRPkenpIdXTIWJkz0TpZt22b8bGxZXOauH+fo8eOMcTqTApN0xg5epSRo0dxl8IqiwsLFBcWqDcaNOp1Xjx7lr6ltrMrAztbCILAlY8+YnJiot22s+u0erftAIGl340k8eWvfQ1V21kp4HZwXZd8Pk9fX9+Wgwqnp6exbXvLLWVXIooi6XSa9JJI5jhOW+yoVqssLASL+s4OLalUassndk8D0Wh07ZydEABELU7/xW+Tf+uPWLhzk9zR42ixjd87t4Ks6fQcPUlleoLK7Tcxi/fJnf1t1PTWBcKdYhhG+/9mszSbTTxBwhO2v0zcjsixEjX9PEryGGbxA4zyNax6BT0ZdOLbLlo0jRZJ0awWaFZusnj9Dcximezho6iR7XVxWYlZq7J4f4zowAmyL/5mV8bsZGUbxbUdHsHPobvjySbYf/ERBJCkoC3szXvT3Lo3R6VmkIzrvPb5Mzi+QN1ysV0fw/IxHI+m7VE1XCKKSHwTIoLj+VQNB9uVMB0fXRGIaRIJTUTA51//+Rv84K1rOEsdWmJRnb5sgoHeFNlkjIgelKA2DIup/CKzhTKlSh3Tcvjg+j3Gpxb4p//o81w8N0pME6mbIjVZoGkLuKHIEbIGl+5nSbv3tvy4rqa8iEoKve8XUFInsUpXaFbuLAkdOfRE9xRkUZLR4z3o8R5so4rZKGOWLmOWLiNHBpC0PiS9D0nvR5C682EVErKXWNni1TTNNUWLNR+71DJwJaqqIm/Q6vJh+RXpTIbPvvIKnu+jqiqSJK3ZrnXl9xCcPNdqteVz9Dwajcaqea/sdiLJMtlcjmwuh+u62LaNZZokVpQtdDo22sKKZXH9yhUWOsSiPY0gMDkxwZHR0V3P38jn83iet233RsuJ0U1kWSaTyZBZ6kBjmmY7v+NZ79CiaVpQNhbyUKRIit4L3yL/1h9TvHOT3NETqNHuu3+Sg8MosRjl+/eY+fG/IHfuG8QPvdz14zwM3/exLGtbAaOeuPP/la2KHJ0ujhaCqKH3XEBNHsNa/IBG6R5Wo0Qk2YOib9N9IwhEkn3IWhwrX0MbTBBJdSeY17VMFu/dQU30kfvM73ZlzI3YrMNjeXaHH7o7niAEQBSCPZMPr9/nL37wPqZlc2iohy9fOIUnSlSaLhXDxXR8LNfDcYM2rJ3ZG4IoMDLcy8e3LWIRjXRq+fueYfuYjoPnywiCSCoioCsir//8Bt9/81o7xPTMyQN8/Ysvcnp0iFhUx+fB2kwUBFzXI79Q5t3Ld/mvf3+Z/EKZhVKVP/ubn3P8UD/JVJKY5qGbIrLp4a7f5CXkGWaqHEXxi1t6zCOJsZW0HiL9X2p3XWmU72HWFtHiGdRoqisZHS0UPYGiJ/BSQVaH1axgluZoWfMkJYWo9SJpvcjRAUQ1fDMPeTpZecq7Mqiy0zGxlsChaVrbwfGwTh7rdXLR11lAbxSauR5r3X+t6yRJQpKkVQ6D1nwfdvwnQtx4zBQKBbLZLPH45jsqQCCMNJtNjh49+ohm9oBW+GsuF+xQtjq0VCqVZ65Di+eFK8XNIMey9F74Jvm3/ojinZtkjx5DjXRf5IiksqjHYyxO3GP+/T/HKk6QPffbXT/OWrScPFt1XhmGgSs8HjFwLZEDQFRz6P1fRYqNYS1+QHV+EjWaIJLoRVK218ZW0aL0HD+Fvdg9QbA4fhd8j56XfgdJfTwlc5t1eITujieXphFsalm2217fuJ5P1XSxnAdtV0UhuEBQvpKIRfi9r7+CYdoAHBrqCUpbPNqBn5bjE3E9FElCVwQs0+Z7r19tixvPHx/mf/vWL5OIR7Fcn4rhLMvSkASQJYFsNs0/+Op5+ntT/B/f/TuahsW9yQI/ePtjfvfXLqApIqokIIkCYdRoSDd5pCs7Se8nMvBV1OY0VvkyjfIkjXIeJZJAj6dRtO7t6HVmdQDYZgPXMnDsBm5zHLt2GxZAEBQkvRdZ70PUWi6P7vd3DwnZq9iWhbmGfT0Sja7q8NHJVjq5POzxK3Ech2ajseYJWbPRwDAMdF3fdiDoWl1QWk4QUZLQIxF8ngyRQ5IktC2epHSDQqGAZVnbdm9Eo9Et2+O7wVodWlrlLA/r0BKNRp8Kh4frukhSd3IEnnaURO+Sk+OPKN65RfbIcdRHUNYkqRo9R45TmZmkMvYzjMWgZEXLdq9bx1q0xOydtIhdS2zYCjvN41iJEj+MEj+MXb6KWfyAcuMueiJLNNm35ZJozzK7Km6U7o9h1av0vvz7qI/4d7sVNuPwCMWOJ4eHSQGKJJKNyqsixQQhWP80LI+EJjFy4EE3H8+HmuViLAklkiBgs1QSIwRujLphMrdQaT/mM6cPkUxEKTddyk0Xw26FhS5tLgsCiiwQU0VSEYnzpw5xaKiHG3eCz91CsdIeXxKEtgATEvIw6paM7W3+c2RXtq6kyCCRyCCaXcGp3sSu3aJamECSVbRYuuuuDghUeUWLAoHl0HNtHKuBbTZxrRLG4oPQEklNI6q9yJH+QPTQwjf2kKcTQRCoVatrOjha7TfXKn9YKRT4vs+tTz/FMAwa9fq2ciYsy6Jeq7FQKKzZEeXq5cssLi4Si8W23aVE0zQikQjDBw+uCp+UJIlXXn2VqYkJyuXyns0skCQpKPFIJhnav3/Xy1MKhQLJZHLLIkWxWKRarXLo0KFHM7Et0urQMjAQLOzW6tDSohW4u9FlrfutJxLuFp7n7Yl5PCmoqQH6Ln6b/Ft/zOLdm2SPHEPRH012S3LffrRYnMX795j5+39J9sXfIHnkc4/kWPDAwbEVgaMVULvdgNG16LbIAaCkng/ayhbfx6h8jNWoEEn2oMU2V2riuS7WwvpBiVuhOjdFvVggc+qXie0/27VxHwUbOTzCNrRPHqokko76JPS13/tFgcApIazuWiKLAnFdwnLBcDxsr1UOHKz3VFlGUx+cp03OLSISlK64PqiSgO0tL1FRZYGIIqDJIvPFEqXqg+DrWCQoafGWHCNh/EbIZig3VVzP3tR9d9WbKypJ1OxLqNmXcOpj2NVbNMrjj8zVsezYkoIaST3op+772FYT124Gbo/GGHbtFgCSpCHqvUhqkOUh6n0IXfygDwnZTVa6LiqVCu5Se9lO0ktZBpsZ5+Ynn/Cj739/3VatO8VzXe6Pje14HEEUOTI6yi/9yq+sCjndNzjIviVnwm4LB1vhYXkmj5pisUij0eDEiRNbfuzMzAyaptHTszfLAjs7tLiuS71exzAMHMfBdV1c18VxHBzHwbZtbNvG87wNw2hFUdxQBFlPKOkGocCxddT0IH0Xv8ncm39M8e4tsiNHUfRHk+GlJdP0nTjF4v17FD/6S6zFSXJnv4HQ5Y0eCBwciqJsydHTEkW6kcHRyaMQOQRJR+99FSUxirX4AfXFCax6GS3Zg6qvv550iov4XfoMM0pFKjNTxA++ROrEV7oy5m6ykcNjpeAR8GRkeFw4PN/+/kmY71axHZep/CIj+/tI6tvsMCSJyJKA4wbtWxu2h+cHHVQczycRj3BiZKDdOeXtD+9w5uQwr549hhqR8HQJd6lFLCy1kxWC0pNytc5f/egj5uYDp5QsS5w+NoTn+ThLl7CLSki3eWzFx3LsMHLsMJpdxa58irMLro5lCELb5aHHA2XadSwcq4FjNXGsBez65IP5atkld0cgeEjq+ieDISF7lbXCBwVRJLkUzLmy88ha2La9pwWBTjzPWzbftTq5wAMRwbIsbMvCMs32h3U0FkPTtK62Zm0dz7FtqtVqe1xFUVBUdc3uM50/78brn8/niUajWxYpKpUKi4uL7N+/f+M77wEkSSKZTLb/B9bD9/22+NH62+oURFZ+b5omjUajff+Nfm9rCSCxWIzh4eFNPx/XdUOBYxuomWH6Ln6Lws/+H+ZvfkL6wCEi6e4ET65ElBVy/z97bxYjWZaf9/3OuXvskftS+9brdE9v09MiZ0iRw+aMhgRoWZLt8QLJgA3Lhh9s2IbhBwN+8LsAGYIBw5YsixzaHA0tj6QZchayqdl6eqleq7ura19yicjMyNjvfv1wIyIj94ysyKWq7q/RyKyIe2+ciIy4cc53v//3P3eR+uIctdtv4yzdZPTlfwdzbLht723b3ld5CoA/ZIEDhtNZZSsUcwJr+uuojeu4lXdpLN1FT+Uws+Oo2uYLVG6lQrCFk3E/uK0mK7evY46fY+zlf3coxzxq9pPhsZGjdH3EokZ3vN2fEa+dXXokRI7+v0Sz7fLt7/2STHp/pWRSCn7txYu8/IVz6GqIpggkAi+IcP2QtheR0iL+5usvceXaHItLVRrNNv/wn/6IX16+zkvPnGF2qkgxl0JTY6HDdlyWKg0+u7HAOx/f4rMb87351FdevsSXnjtH2w9puyGOH+EnsVEJe6TpKaiRgyJ21giOPF1NalmM0ZcxRg/f1bERRdVjgSUVW7GjMMT32rHg4bTwm9dwa5/G41bMtRwPo+vyOEBBJiFhSKxWNltyDcMgm8s9NKLFg7KTyFFZWWFleZlyqdTb7tTp05w6c6Z3FfRBQxz7u7rUajU+/uijnhsmk80yMjLC6bNn1wkq/T8PQ+Co1Wo0Go19BYTOz8+jKMoDt4Y9jgghHsht0RU6thJE+kWTMAzxfZ/V1dVN5VW7kTg49o8xeprJ3/j7LL39x6zcukZ2YprczN7FpUHJTs6gp7Os3r7Bwhv/iMLTv0vhqd8Z2vEdx+l1Gtortm0TCoXoAVrE7sQwOqtsh5Y5j5Y5j1t5D6fybq9sxcyNIYg/E369TtBs7XKkvRH6Hqu3rqOYOcZf/tZQjnkc2WuXln4OU/zod2k8bjSabd76cP9uV1VVGC/mePkL68VV24uoOQFWW2KqgtOz4/zn3/ot/uQHb/Hp9Tlsx+PfvH2Vf/P2VVRFkrJMVEUSRhF+ENJs2evmKZm0xZefP8e3fv9VgkjQcOKOLw0nwN9YM5OQsAtB5O0ochy5wNHPkbs6NiCkRDPSaEYaOhqL7zmE3bIWr4zbvNPbXjFGUYzJuEWtMY7UDz9YLyFhK/oX8bl8HlXT8L21OrbZEyepcynXAAAgAElEQVTI7NLGs7uoFkJw5uxZ7l+6RLPRoNlsHtsCSsM0SafTPPXssz2xYKNAsLGEp1Gvc/XTT7l39y5SShRFIYoiZmZnDyS4calc5vPPPsN1HIIgIJvNcumppzh95kwv22TjmA/LvaHrei+zYq+0Wi3K5TLT09PJInsLBhFGwjDk3XffHfh1DMPwkewOc1homXGmf/O/ZPm9P6V+/We4zQb5k2fRDijk18hkmXjqC1Tu3GD1yp/RnvuQia/8fRT9wXJAwjDEdd2BO6gMq0XsThykyAGgF7+IlruEs/IO7dqnNBbm0I0CmYlJvGpt9wPskcrtG3iuzeRX/i5K6vGZ8+3N4dHP+jjvncQP2JsAsv4Yuz322javnV1+6DNF8lmL07NjlJYf/L08PpJjcnTz/M8PI5pOSFUN0dUQRQZ88enTnDs5zp//9CP+6u2rlJZreJ5PFEW0bacvjk2gKAIpFCzT4MyJUb7x1ef48vPniRDUnDictO4E2F50XKeQCceUpquS1v0dRY5jOQM6Tq6OjaiaAZqB3nN5BHhum9CzY6dH4zPc2pX4eShWHFyqT6CY47HL44CuiCQkbMVWHU9OnTqFqqrcv3sXOq1fn3rmGVRV3dYd0O90iKKIdCbDb7/+OkEQHOuWlFJKFClROs+ty8bn2P8aua7L3P37EEWEQUAYBNy7exfbcXpdTPbb1WWrxystLtJuNnv/rtdqrCyvn/xFUXSor3Oz2WR1dXVfAaHz8/MAj6R747Dp/s0HFTiSEpXhMPrFfwtz9DQrl7/L0tWPyJ84Q2rkYOztQkpGzlzArlVYvvE59//V/0Tuid+k8PTX933MB+qgIg4+d+ygRQ6hpDDHvwIUKX34z1CNEppUH/j83aVVq2DXq+TOXkBNPd5zu90dHv1tQHd//XcTQGJ264HWvf/hb0HaDeQMO+1cX33+HM9emt11v70yPpIn7GRhhH1ZGo4ft4BVZXwdy7Ui0qkUf/tvvMrv/9YXubdY4dbdMjfuLdFqOwRhiBACTVWYGitwamaE0zOjjI1kkVLB9kMaTkC9HbDaCmg6YeLeSNgXXZFjO479GXnN1dHpwFLvd3Xk0VOFQ3V1bERIBd3MgJnp3eZ7NoFnE7htfGcBt3Grd59ijKOak0hjPA4w1Xav+U5IeFC6AkUURcycOMHMiRO89MorBEGA57pYqdSeXAH9x5FS9hZRe50wHlUJzMbyjp3wfX9TeGq9VmNlaanXaWYYCCFwHIfFhYVN93Vr4Pc65mFTKpWQUjI9PT3Qfq7rMj8/z8TEBJqWlOw9KF2BY1DnUFKiMjzSJ19EL55i5fJ3qNy5htdqkj9x+sAez8wVmXn2RSp3b7L6yY9o3fuAsVe+hV4cPM/Gdd34mAM6OGzbJtCP59xkUJEjClxW3v9zBFA4dX5o528lk2b0xCyp6Uk8p0578Yf4jbPoxReSTnzsx+GxE9sJI2LDNrsdf22bh83FEYSx2NByAgxVkEqnSWX2111uK6IImm5Ay41wg6gnOoQRNN2ICB83iGh7kpwZkjYkqqJyanaScycn+ZoUm179MIoIo9gJ4gQRthPQsOOylLoTixu2n4gbCQ/Gdi6OYy9wdNnYgcVvXKNVvUWrWkY3MyiGhapbqJqFkMO3kQ+Cqpmomgnrsjw64aVOG7d2hSjqXJlT0yjGRKesJf45aB/3hIePQSZZ+52QbQzE3GqRrCgKimVtKn3YqmtH92d30dWfI9EVPhzbxnacXvmLoihkstmeO2S7cRwGW5Wn7JUwCLh+7RqmaZLL53tOjv36Kv0goFmvs7CwsMmtcdTYts3y8jInTpwYeGGduDeGS7djy35KVIa1kEsALTPG5Ff+Myof/Wuqn/0Ep9WgcPIsunUwXVaEqjJy9iJOvUrl1nXm/+IfkDn9CoVnv4liZHY/QIeuULq/FrEHW6LS5SA6q/RTfuvbuNU5Rs9dGlqJkbRM9E7bbKs4jsU4dmOJdvU2XvMmRuE5jOKLkOSy9dhbhsd2IoXY5X52uH2ji2MvQsjxww8iGk6AqoAXgK5uduc+CFEUixo1O6RmB3jB2twmCCMaToTrxwJH041I6QJDEWiqRFcFmhILHEJ0Wst29vMDcIMILwhxvIimG9JwA9pehB8k4kbCg7FTqcpDI3D003V16CM1/Po1vNYd3Gp57X7NRDVMFD2FqlkoWyRoHyZxlkcGzcj0sjyCbkmL2yZw57CbcUCQQHS6tIyjWHGeh1T3PqFJOL7s94rqxjKTvSzO+0WHve6zcbt+AaN7X//CqX9cQgh83+funTssLizQaDQQQmBaFhcvXWJyagohxJ66SBwEuwk9e+Hm9etUq9Wh5o3Yto07pCT/YVEqlQAGdm+EYcjc3BwjIyMDXzFO2Jrue3VQoSkIggPJi3ncKT77NzBGTrJy+buUP/uIwskzpEcPTswzsnmmnv0i1bl7NG69Revu++SfeZ3cxd/c0/6O46Dr+kDvhZ7AsUtC/TA5KJFj5cN/Sev+h+RnT2HmhpOPIVQNY2RzaKuZGUO3CrRrZZzVD/Dqn6MXX0TPPz2Ux33U2J/DY6+Ojd0cH/H9D1NHlYi4fWvTDbmPt+v2Q3/8KHaQeEFA2wsxbIGqCHRFoikCXRH06y1RBH60JnD4QYgbRB2xI8ncSBge24kcD6XA0SV2dbyIPvIiRAGBXSJ0Svj2Im67TNiI22FKqaAaKVTdQmommn70Lg9FM1E0EyMdf1FGYRC7PJw2vtPAb5Rxax8BINUsijmO2m1Ra04e5dAT9oGUcpMgsB/24j7YKndjr2y130bnxsbH799nYWGBj95/n8CP6+KkomBZFpOTk7BBpHnYOra4jsPC/d2T4x9mgiCgXC4zNTWFYQwmDM/PzxMEQeLeGCL7yeDofrYSgeNgSM18AaN4muX3vsPq3St4zSaFU2c4sKvCQpKfPU16bILq3F1WPviXNG+/Tf7p10nNPLfjrrZt76s8BSBUDlekHHb72PrNX1K7+pdkxifJjA8WlLwdQgi00eK2LlupqKSL0xjpPHZtCXvpZ3iNzzEKL6KmD64Tz6PA4F1adsr02C5zY+P2j07b2MMijOLuKrYXv5ZSBAghkFuc/qIoLlOJOLY59AmPMA+1wLEOoaBY0yjWNF39JvSqfaJHCbda6m2uaiaKYaHpFlKztuyTfpgIqaAZ2XXhqUGnRa3ntgnse7QbN+JthYwzPIyJOMTUmESqB2OVTXhwuoLDoHkVW9FqtfYkcBwEUsp1DoytxrE4P98TNyAu7bh35w4vvvzy2pTiIRQ3HhcWFxeJomhg9wbA3Nwc+XyeTCZxnA2L/ZSo7LesJWHvKFaOidf+Y6qf/ojKxz/AbTUonj6PdkAlKxChGiajZy9iVyvUF+Yo/eKfkpp5msKTv4Ne3HrxvJ8Wse12m0iqhOLwBbJhhY7apWssv/sdzFye/Ozw8lLUkSLKHrKFVD1FZuwUbmuVdm2J1sIP0DLnMEZeRmr5oY3nUWZ3h8dupSY7lbr075/MRR6EsKNeBLtumZBwcGzl4nh0BI4tkFo+/jLJXsQAotAjdEod0aOM117EaVTibRUVRTN7To84y+NoJ4iKZqFoFkYnRygMfQK3hee0Cdw6Xq2EW/0QiN0sijGOYq61qU04fnRzKlZWVmi3Wnje3q2Gnudx/969LUMpozDkp2+8wQsvvTSUcUopMU0TwzSZmJzcsyCxVaePYENg58ZskITjQ6lUYmxsjHR6sPCyhYUFHMfh1KlTBzSyx5P9lKhszMhJODjyT34NvXiSpbf+mNJnHzFy+jxW8WCDC818ETNfpFFeoD5/lbm5K+Qu/DqFp34Hqa99brstYvvzN1ql6zTuXo6PM36O3KkXNx3ftu1DLU/ZyIOKHH6zwtLb30YzLEZOnR/auLR8HnXAbjR6qoCeKmDXl2hVb+I1bmAWv4hefCnJWhuQrR0emx0Z6/+9E11xQzx0gaMJCQmb2ShyPNICx0aE1FCsWRRrTRkO3QqBUyKwy4ROiXa/y0O3UHQzFjz0FIp6OKFb2yGlijRzaOZaurnvtgg8G89pEbTv4DWuAyCEGpe1mJNIYwLVmgJ5tC6VhJhf/vzn3Lh2Lb5SNsTWn8vlMj/6wQ+GdjxV00hnMvz+H/wB+UJhz9kfe+FhFDlOnDrFhUuXhnrMWrXK5XfeGer7YL+USiV839+Xe2N+fp50Ok0+n1ydHCb7cWPst7Vswv6wJp9g9vX/ltIv/jErt6+TaTbIzZxCbOXZHhYCMuNTpEfGqC3MUb/2U5o33yT/7NfJXfgNYK1FrGmaRKFP+d0/ZeWzN1AUDamqrHz6l7jP3mfs+d9fd+iNLWIH6VgyLB5E5Fh659sEdo2xS08j1OFMcQMirOz+nWlmdgzNymE3lrAr7+HVr6EXX0DLPTmU8T2ObO3w6LJXoSMRgRMSHlUeK4FjK6ReROpFtOwTAEShQ2iX8NslQreE1yqvuTykGpe1GCkULS5v4Yivkql6ClVPYaRHAAgDD9/tZHl4q9iV+d62ipbvOTykMZG0MjsCgiCgXCrRajaPeii74nsetWqVeq1GvjCkgLZD/rwMS0QRUnLpySd54qmnhrZwjKKI6uoqt27eZGVpaSjHfBBKpRKFQmFgkWJpaYlms8nZs2cPaGSPL/tpE9sVRZIMjsND6immfuO/YOXyd6nd+DlOvUrx7PC6dmyic1oTikZ+5hSp0XFqc3dZef971K/9nOJzv4djxVe8o8o1bv7sB7iNJTLjU2QnZyAKqZcWWP74h2TPfgkjF+d6RVHUaRGb3e6Rjy3f/8zmlfq/wC7fYOTMeXRrOC00nUaNpWufkl8tUbj4JJqxvzIkRdVJF2YwUnna1WXa5X8T53MUX0KxZoYy1seZjQ4P2K6sBbYSNhIXR0LCw0+/i+OxFzg2IqSBkjqJklqraQ3dZfx2p7TFLdFaXezdp+qp2OVhWGh6CqkcbVswqWjoVh7d6ixSogjPaxG4Nr7TImjdwK1fBUBRjF6Wh2LG5S2JyyPhQdhrPshBCx39OR/DEDmEEORyOaSUwxNNhCCTzZJKpVgZyhH3z/LyMrZt70ukmJ+fxzRNRkeTyeGw6b7X9uPgSEpUDp+RF/4mqZMvsPTzf0zp0w8onDxLevQgy0UjEKCZFqPnLmHXV6ndv0vpF/8nMjNFLlBYvn0fzUoxduEpjMyacJEem6RRXqBx932MZ14H1gJG+x0cR8WgLo7R0l/QKL1FbvoEVmE456LAdajcuoGayqMUctTLtzAyRazsOFLZ3/RZ1dNkx9NxPke1THPuX6FnL6GPvIhUHz5h6Tizuayl6/IYpJQlISHhYaIrciQCxx6Q+ii6Pgr5pwCIApvAXiSwSwRO1+URL1EURUMxLFQtFj72q/YPDSHQ9DSanoZM/KUf+G6c5eG2Cdxl7NaatU81RpB6LHjE7WpHjmrkjySKojBz4gR2u02z0cAPjmc0kwAM0ySTzVLYY0jddlMF13Gw223Smcy61rUHSbcEZrvOLwnrKZVKZDKZgUWK1dVVqtVqkr1xQCQlKg8f5thZZr/5P7L48/+N1bvXsWsVRk6dRxyCo8bMFTCzeVorZar37qKHAbmpWbJTs5u2VQ0DPZWhce99RjsCR7dFbKQevcABexc5stX3mSj9mPTIeOxQGRIrt29AFDHx5b+Lnp/CXnkHp/ohbnMVKz+Omdl/9404nyNPu7ZEu3a1121FH9mci5IwHLYWPNbmI6+dXe79nrg5EhIebhKBYx8IxURNn0ZNr6VzB85SXNpiLxI4ZdxWHAQphEDRLFSj87+W2rfyPywUVUdRdfRUXHYQRWGc5eHaeG4bv3kNt/4pAFIaCC2LomVAppBqCqGmEUr8u1TTietjQF559VUuPfEEjm3j93UcOU4IITBME13XyWSzOwoEXdFiuy3q9Tq3b91ibHycfD5/KNZ5tZN0P6ysjzAMKZVKTExOounDyeIJw5CV5WXq9fpQjrdfqtUqzWaTixcvDrzv/Pw8qqomrWEPiDAMey2m90rSReXoEYrK1Ff+PtXP36DywfdY/ORDRs5eQE8fcIehCECQGpnAKo5DEGzKobBrFcxcLFqbhSK1uds4tUWM3GSfg+No88b62U3kMFr3OHHvTzHSWQqnhlcmt3rnJm6zzvir/0GvS4059mW07CXcyru0Vm/iNKtYuXF0K7fL0bZDxPunctj1JezKO3iNTj5HdvDzccJg9Ase24kdidCRkPDw0XTVROAYFooxhmKMoeWfBiAK2gT2In57kdAt4TTK2PX4hKmoepzloVlI3UTTj9blIYREMzJoRoZuxbDvOb02tWHgELoNwsAnDDYvyKXUED2xw0J2BRAtg1BiQSRuY5tMuKMoQtM0xsYfni43D9qW1vc8PvrggwN3bkgpUTUNXdf5+je/OdyDRxG3btwY+qKxXqtRr9WGesxBKZfLmKbJ5OTkQPs1Gg2Wl5eZnd18dThhOARBMPB7bj+5HQkHQ/7ib2CNnaP85v9F+fMrZCdnyE1vzgo4CIQQ0BE3BGA3atTu30HR9J7AYeVHqM3d7ZWptNttQqESHUGL2J3YTuQQfosT9/85iiIpnj43tMerLdynuVKm+Ow3SJ/44rr7FGMEa+praM1bOJXLNJbvoZlZrNwo6j7ncopqkC7Orjk6Sn+J3/gcvfgiijk1jKf0yHBQLtCu2BF3Z1ljzdUR8Yub+3fsJCQkHC6JwHFACMVCTZ9BTZ/p3RbYpbi0xSkROEu4zY7LA7nm8NBNFD2FlEf7p1E1A1UzMFIbwiWjiMD3CEOfKPSIAp8g8Ds/q0TuMn7gEUWbu0JIJQWKhbqFG6QrkAjl8BPbD5r+UomHsXsIrGVa7Hfs5cXF3TcaAlJROHHy5IFMgubu3WPu3r3dN3yIaDabrK6u7jt7QwjB+EMk1j1sRFE0sMCRODiOF3rxJLNf/x8ov/VH1O+8i9dqUDx1DqkdnksiIs7pMDI56uUFQt9HqmqvTKV+Ny5TabfbBPJoc8S2YyuR48T976A7ZYoXnkTRh+MkbVeWqS/cJ3vmS+Sf+O1tt+vO79zVD3Erl6mVbmFkRkjlxhFyfwKRZmTQxjM4zQrt6iLN+99Dzz2FMfIiQjnicucDoj9nSEq5TqDt/w7vzqN6jtEHmI/sRLc7y+aAUsFrZ5cAkbg6EhIeAhKB4xBRzAkUc83KHfrNTpZHXNZi18s9YUDVjJ67Q9VNFG2w/usHhhAomo7CzpOzKAwIfI8o8uOfgU8Y+oS+Q+i1iAIfN/A27Sel1hM8hGIhlHQsfKhpFDUNndIYjtkVpt3ofjk/zMF/BzWhGCZhEOAHwaFlfTzslEolVFUduDWsbdssLi4yOTmJOqRWjAmbCYJgYCdGksFxPBl/5VtYExdZefc7lD79kPzJs1iFw8u4kqpGbvYU6fEpAs9GqnG5jFUoUu2Uqdi2TSCO70WGfpFjYv57ZOpXKZw8g5HZb4nIetxWk5XbN7AmzjP60t/Z0z564QtouUs4y+/i1D7Ca1Wx8uO9znb7wUgX0a087XoZu/ZJ7OYovIhefH7fxzyuCCmRQiKl6IkcwKbSvH5ho3t7GIYEQYgQw8/Z2s7RAVHH1RE/XuLqSEg4niQz0yNEqmlk5hxapmutjOJOLfYivlPGt0u4zbjNqxAS1YjFjtjpkUIc40W+kAqqHo9P2+7CShS3tQ0CjyjsukDi3wO/RugtEwb+Nm4Qq8/1ke78u98Nkjl2bpCHQSB4UKZmZiiXSkTh5r/ZYaAbBoViEUVR9v1a67qOlUrRbrWGPLq9UxhSW96dsG2b5eVlTp48OfBieH4+Pi8l2RsHSzeDY9B9IBE4jiOZ06+gF0+x/NYfsXLrGpnxKfKzhxvQq+h9FygiMPMj1ObuMf/T/wM79xUCfThiwUHxjSdMfvHznzC6/CbZyWnSo8M5B4WeR+XWdVQrz9jL3xpoXyENzPHX0PNxPkezcquTzzGKZu7v9RRSkspPYqQLtGsl7JVf4TWuohdf6pszPpwIIRAiFjRUVcX3fbzAwfXjkNswhCCECJeIEBAIdFQp6J7WdGGgShPTNPB9v3feC4c899jJ0QH0xI5E6EhIOF4kAsexQqCYkyjmJF2TaOjVCZwSoV3GdxZp10q9rVXNQNGtWPjQTBTteC3od0XEV5WkurMlNnaD+ESRFwseHSEk9B0ir0Vgz22TDaL2HB9Cif9XtEznttgNoqgpEMnHYFjMzMygaxr1en1dac5hoCgK6UyGTObBgvx0XefchQvcu3MndoOEIXQmYwfhCem33QopGRkZYXTs4CdLpVJ8LhnUveH7PvPz84yOjmIYScDwQRJF0cAOjqRE5Xij5yaZ/u3/ipUPvkft8zdwOyUrqnEE398i7qaSnZqhtnCf0dV/jhh7ldbk1w9/LHuktXCF6fl/jVUYITd9cmjHXblzA9+1mfrq30Ox8vs6htRHMSd/BzVzE7dymfrSPfRUDis7jrLtlZ6dUVSDzMhJvFQ9zudY/DF+/SrGyEtI4+EqD+wKG13XX9eJsVqtsli7xbx9BYCWA6utEC+cIxIORCqamCGf0smY8YWLCeMCU5nzjI2Noapq74KG53kHcjFpa0fHWrvZxNWRkHC8SFZ2xxypZZFaFjLnMQCiIHZ5OGV8exHPKeE0V+NtpYKqx1keih53bBGPwCR3zQ2ywwQhighDv1cWE/pxIGoUegR+nciv4Pse7lZuEGkitY77Q0kjlE5QqppCaunYyisfMvHoEOkuzlVV5fzFi5zfRzeOgxjTINv2T4jOnj/PydOnYwfHEZS56JqGputIKQ/M8eN5HqVSienpafQBu8LMz88ThuHAoaQJgxOG4b5KVBJx4/gz8tzvY4yeZPntTsnKiTOkR49mwZqdmsUsjFC5c4vR8k8pVt5jYeK3qI586UjGsx1evcTyW3+MZqYYOTU8F8Pqvds49SpjL/8dzPHzD3w8NX0WNX0Wd/UDvNXLVFvXMbOjWLlxhNjfZ1Mzs2hmFqexQrs2R+PeXYz8MxgjLx1JJ7tIRIhob9+PXbdGLGhE+L7HYv0m5eZ9ak6VZqtFw6nQ8JYA8PwI24sIaRDhI5BIbFqeRG/Fj7mkLnOn+jmpSoqcmWc8PcOJ4hM992YURT2xd5hs7+iIWO/qSDqwJCQcJYnA8bAhFBRrGsWa7nN5VAnsMqETt6l1q+Xe5qpuouoWimZ2RI9HdKEuBFLRkMoe3CB9JTFhJyQ1DFwiv0XozBNs4QYRQumVvyhqGmQKRUuvc4NINYU4pgFtB0V3InHcFlX9osVeRYL+Gl9FUchkswc8yt3Hc1BlTft1b0AscBQKBVKpRzP07jgRBAGaNtg55WHP+nmcSM9+EbN4muXL32H17md4rSaFk6fhQLxiO6OZFhOXnsJtNancvsHM3P/HePkNmunfI33ihUMfzybCgKW3vw2BQ/Hc0zCk75tGaZ7m0iKFJ3+bzOnhCjp64Tm07CWclXewa1dwW3FbWSNd3PcxjcwImpXHbixhVz/Gb1xDL3wRrfDcEEe+M5HofCdtfJtu8VXVzdVQFIW216ZhV6k3l7lZ+YD71c9Zbi5t22J+7bAhAVVaPrQ607NVVoDrsAxFa5TZwlkiFFJGgZSeIWNkkFLi+/4BhZGe2ODmiMWbtd/phJImjo6EhKMgETgeAaSWR2p5yF7AAKLQI3TKsdPDLeG2FwkblXhbqcQlLUYsejwqLo+9IqSCulvCeQRh6K1zg0ShRxgEBH6D0Fkl2NYNYqxzg0g11RNB4q4xGYRyTAJjh0R38nCY5Sh7YVBxA47X4nA/Is1eCMOQUqnE+Pj4wCLF/Pw8ruty5syZoY0nYXv24+DYTzBpwtGhpIpM/Np/wuqVH7D6yY9wm3Wy07NY+cMLIO1HT6WZfOoLuI06lXu3KL/5h6x+9GcUnv3dIxU6ym99G2flLqPnLqKZw/kOtasVqnN3SZ/8IoVnvjGUY25EKCbm+K+hZS/gVi7TrNyN8znyo2jG/kR0qShxPkcqR6u2RHv5TdzGNYziC6jpwTti7ZeICNGvcvT9GkVR7Lzo5GwA3K/c59PF97m3+h6e3yKIgl3Fjb1QtSvUF2t8Xr7CbOF5Lo0/zzOzz/TcHF2RY9jf7evdHLD2AmwUOpZ7+ySujoSEwyEROB5BhNRQrBkUa6Z3W+iuxu1p7RKhU6K12pflYVgoqoVqdNwe6mNeVy/Yoxsk7LhBvD43iEcYeOCvEDiLW3aKEUKuZYBoBRRzHGmMoxgPp8rfXYAfF2Ggy37KVLo1wseB7viHffWpXC4TBMG+3Btzc3Nks1lyueMdRPiosN+Q0ePkpkrYG4Wnv44xcorKR99n5eY19FSG/OxJ9PTROMn0TJbJJ7+AU6tSnbtD+c0/pHrlh+Se+hqZky8e6lhWP/4+zXvvkZ89iZnbv/uhH89uU7l9g7Y1y5lXBgsV3Q+KOYk1/XXUxnXcyrvUy3fRU3nM7BjqfvM5NIvs6Elcu0a7Wqa18CO09Bn04guHNp/YJHIAUQSKVJBSQQiotqp8dP8K8/WrrDTv0PbqW4bHRxHUlhwUVZApxqWT7bpHuxmQG9VRNYnnhtSXXaysgpWJ52hhFBJGIX7osVj/HNe3Waqv8MzsUxSsAqqqEgQhEVH8IENmcz7H1kIHDFa+0i+M7HWfhISEmETgeEyQegGpF9Cyl+IbQpfALsUBpk4Jr13Caa7E2ypqJ8sjhVRUhFRRFA2hqPuuH30UEVKiSoMds0GgJ3wQenFYaugTBh5h0MBvLuHWPwNASh3FHEcxxhH6OKo1dew6wezEo9Ah5nHodFMqlSgWiwOLFOVymXa7zfnzD16jnrA39iNWBEFwbES6hMGwpp7Gmnqaxq03Wf34zyh//gl6KkPx9BGFkAJGLs9E7gvYqyvUFu6z9Ks/ov7ZT8he+utkTr104AVjWp0AACAASURBVI/fuP0rVj/9MZmxSTLjg4uyWxKGrN6+jid07p/4W9y66gJxh5aDRsucR8ucx628h1N5t1O2MoaVHd935pNu5tDNHO36Mk79Ls3mLfT8s5gjL4EcLGNpELrCRtRZyAu6bVzjkpQwDFlplbizcoMrc5dpegsE1Hv7B36I0wrQLQVVi89zYRCtc4KEYbxd72s5IhYrQoUwiPfXzLX9m84SbbfNUr2CprqcHbvAaGoaVVXw/YAwOjiX5l4dHUBfKKngFzdHO+UsyXk7IWFYiHa7/WjP5hP2TOiuENgl/PYioVsicFc3bSOlErsbVA3R/V1RO0KIhqLGgkjC3gl8h8Bt47k2gdvGd9u9+xQ9j2JMIPUxFHMCxUzacibsn6WlJW7dusXTTz/NyMhgFvj3338f3/d55plnDmh0CRu5fPky09PTA5UEffTRRwRBwBNPPHFwA0s4FGpX/4LqJz8i8B0yE9PkpmaPvKS0XVmmXlrAazfR89PkLv4GmdMvH8hj2Us3WHjjH2Fk84ydH977eeXmNdrVFW6f+g9p5dYf9zBEji5R0MJZeQe39imKomHmxzFSD9YiPAoDWrUSTqOCVEz04ovo+eGes7sZHP3OjZ6TI4o7mkkpqdVqvHP/R3y4+NP44sGGgpRWzWPxTouJkynS+diNEXX1jT5tIGK99hNF8b/ths/inRaj02bP8bGGQArBxdEXee3k75HL5RBCEATBoV3E2K7jys63seH+9dsneR4Jjxuh79C8/yludYGr127yvX/xz3Ecd9f9EoEjYVuiwCb0mxC0CP0Wkd8kDFpEQYvQb3b+3d60nxASqSjrBA+hrP0eu0G05CrjNkRRiO+2O6JHm9C1YwcIcetboY+hGOMdwWMyLndJSNgDV65cQVEUnn/++YH2q1QqfPzxx5w+fZrx8YerNeHDzNtvv82pU6c4derUnvf54IMPEEJw8Rh0M0oYDuVf/SHNu5dRFJXC6XOYuQdbBA8De3WZWmkBr9VEz02Ru/TVoYZ0Bu0a83/5DyFoM3bhSRRtOE6E2txd6qV5Fqa/SWX0tS23OUyRAyBoL+CuvoPXmkM1UljZMTTzwdqde24bu76E166jGOOdfI7TDz7YHaZtAoGiKAghaDhV3rzxZ9ypXKXqLG25ve+F2M0AM73mwFi7MyK8H4AlkBNxppCoqIiWJJz0QI0I/Hh/3VLQ9K2Fv4xeYDZ/nlfPvs5IOu78FQTBoWaGrXd09C+59ip2rL8vKVVJeJzYr8CRXGpP2BahmCiKCYyybWRdFBL6LQhaBH4jFj38FoSxCOJ7LaKgQRhufjNK2XF+dBwg8f9aryxGqhryMXSDCCHRjDSakaY7zQp8l8Br4zltQq+GW12AanyfomVjwcMYR5oTKMYEJKVECRtYXV2l1Wpx6dKlgfedm5tD1/VE3DhEuhPw/YSMDtp5JeF4M/6lf5/8pb/O0q/+GSs3r5IqjpM/cfpI3RxmYRSzMBqXrizOs/T2/0Pt6hvkLn6VzJlXH/j4S2//EUG7wujFZ4YmbjSXS9RL8yyNfXlbcQPg+5/ZwOEJHYo1hWV9E7V2FXf1PepLd9BTeazcOIq6v+eu6Rba6EmcdhW7ukRr4c8xiy+hjxxMfkp/K9hKq8Lt5evcqnxC3an0tnHaAWEQYqY1ZFuihpJMIX4P+56g3RKk0hGK2icC7CCoKJFCJtKICOmKAHbTByEwU/F5s+GucqtyhdHMWc6jMp4dP9AOZVuxPqNjY9lKl43ix/b3vXZ2ORE5EhJ24fFbPSYMFyGRWga0DJLtyyei0OmIH02ioE3kN2MnSNAi9JoETpPQ31wSAwJF1WLnh6qC1JCK0ndb/PNRzwZRVB1F1dGtfHxDBJ7bIvDa+E6LwL6H27gBdCYa+jiqOYk04tIWqSWhkI87pVIJy7KYmBiszKler1OpVDhx4sQBjSxhK7oCRxIyenhs5yo8Drk8emGGmdf/O1av/Bmrn/wQp1Ejf/I0Ria/NzekkCBVhNgomEVEoQ/h5vboe8EsjGAWRrCrK9QXF1h650+oXX2D7IVfJ3vur609/BZj3O51XXn3O7RL1xg5fR4jNRyHotOosnr3FvXsE5Snfm9P+3z/M/tQ3Rxa7hJa7hLuyrt9+RzjWLn9C8uGlcew8jRX57Er74BQ0IuDOfj2ghACVVHxA5+b5Zu8efPnuFFz3TbNiofjBExaCnLJRPgCP90GAe2WoDRnMH3SIZWJQBWIU+r60pSCT1joK1dxBNodC2/WJhqN37/VZQcpBWZfhzDXd3n71tsEocZYdgxVVYmiiCAIhv467MTmjI6NJSj03c6G+9Zvl4gcCQk7kwgcCYeCkAZCN5D6TnX/UccNEgshgdeAoB2XyYQtfL8FQYMgcDbt2c0GiZ0fa04QqaoI8Qi6QQRoRgrNSEEm/pILAw/fa+M7bQKviVv9qFfzKpVUXNLSKW2RxjhCJld5Hxfq9Tq1Wo1z584NvO/c3ByKoiTujUPmQQSOpE3sYPRffd7IQbVr3i+Fp38Xc/wiK+//KcvXrpKdmCI3e2rbpRKAUE2kkUfqWYTav2CPu0qEbp3QqRG6ddiiu8X6gwk2WeujCDM/gpkfwa5WqJcWWL78Xeqfv0H+qa+RPf0yUtn8/bvVa1v97CfUbv6S3NQsVnE4CzjfcajcuoljjDN34m8PtO9hixwA+siLqNmLuJV3aNc+j4WO/PjaBY59kC5MQxRhr/wKJTWDYgzvfC46//mhz7Xyde5Vr+JGC0Ss7yKXGdFIhxpCSsIJN36rdd5KVipi+qSDYcbvvzAUNJsZFNUnZcWl0I1VF6cVUJg0cHybIAjJngHMtc9lYXzz3yoixIsWma9d5eO5HBcmzqOiIoQ4ks/0mqPjHpvFjO4neatxrf+Uv3Z2KcnkSEjYhkdoxZfw8CPiPAk1jTS2f3NGgbOWA9LvBuk4RAKnRehX2fgFEU9iO3kgigpKnAciVbUvMFV7aN0gUtHQFQ3dXHNr+F6bwGnjezaBO4/dvLW2vT66zuWh6MNpv5dw/CiVSmiaNnBr2Ha7TblcZmpqKlk0HzIPUqKSODg2Owa2W8h0W0NvJ3BA/LcIw3BdK+md3B671fcPeoyN21kT55n9nf+G1Ss/oH7zV/h37pCdOoHeczusLZCEVBBqCiU1hmKMIvQ+R0QUZz4JZxWEAqFP6K2/6t5DakjNirdb9x0ZQeATBjYELma+iJkvYterOA0Hp3wDVdVITVxEsfLr9u0KG93Xtnn/fSof/WtSI2Nkp2Y3vmpILYU0iwgtjdjQxj0KAyKvSeisErqNdUJN5c51iOD+ib9FuI/OZIddsgIgtSzmxG+iZS/hVN6hsXwfzahi5UdR9f25WlL5Sbx2HbdyGWvq9eENVnRCP902dyufstS8RUQLAKcV4HshqayKbq6dy9q+SxRFWMR/x4yZppidwjQtmn6Fxfp9hAyQcu1zK6RAUQVCgBSSSI+IzACnGRA5EVZWw7AUcARyWSXM+qBHxBGobVZad7i1bHKiOEPOiMWiw3Zx9LNZ6NjNibW5K0vi5EhI2JpE4Eh46BCKgVAM5C4L8jgYtRGLH16DaIMbJHKaOOF2bpC4K4zU1DgrRO1kg4iOQ+QhcT+omoWqWb1GtmHgEfg2nt0m9Nr4jU8Ja90rxQaqNYnUx+N2teYEyJ1b4CYcf9rtNpVKhVOnTg0c7Ds3NwfA5OTkQQwtYQcexMHxuAY494sG2wkcW4kPXXGj+3932+7vUsqeuNHddqu/S78TYTuRY5Bj9AsqWzHy7N8gc+I5GnfexWk3EaaFlYs9/N1OE51niGKMIK0xpJZad2yikFAqENixg8Nvb3ZxKDqKkUeaIwjVWH8RIIoIfRvh1gjtFSI//k41cyOkJ0cQ5gRKagrVzPTWZ0LGLpCuuCGEwKvNs/LW/42ezlI8tdlpJhQdaRZR0tOxG0VZn00RBm48fiE6Qk28wK7cvoHbbDDx2n/EyZnzPbECQJWCjCHJGBJdkbt2ab26HPHUxN6mzZ+U/N62exG9tkOxZkhZM3i1T3Eql6mVbmNmipjZ8S1dMTshpIKZG6O1ehuteRM1fXZfY1p3TCFQVRXfd6m1llmsf0rNXujd3254tBsBRkpBlWsvcLPqEYQRVkZDSklRn+SZ/FcZLY5zp3GF5dYi2XQ7FheD+DOYzmvQ6bZiSJMoEggRrTsWAkRLQZkzCE77oEW9z0/DKbNQC2g6r5DR0yiK1hPXjpL1QgfEH5SuSLnVmzLJ5EhI2I1E4Eh4ZJFqCtTUjttEoUsUtHodYSKvmxPScYTYLUK/1gmx6kegdAJSFTV2hXRDUoVU1/JBjpkbpOtS0Yxs77bAs/Hddqe8ZRG3ead3n2qMdASPidjpYSR2yIeNUqmEEGJg94bruszPzzM+Pp6EVh4B3SuLgzo4HucMjr04MaSUOy42v/9XH/Czd68B8M3ffJ7Xvnh+neDR/xhbiSjdBft29ve9HqNfVNlJ5LBGT2MWT+Cs3CH0WijpLKJ/4RsFsStDMZCKzuVP7/HGrz6l3rS5eHqSP/jai+hS6+RzbPG+EQKppZHWGGpqas3F0Tt+HDQetHWiwCUKvFggEQKEgqKnUa0cdTvk+3/1PldvLaBrKn/7G69wdmakM0SX5ff+FCHYUtyAWOAQegZp5FGtUZAaay9vhBoFBFKNv8udGnhtagv3aFWWKH7hm6RmngNiF8b3P7MRAlK6oJhSGEmpmLpE7kEXrLowYu38+Vpph8wUNCoO2G5IpeWz1PSpOyH9b4lBHCFa7snYzbHyDvbqezjNVazcOGZ2sO9kMzOK06xir1wmM6jAsUNcxHJ7nk9Kv6Dl1NbdnS7oWNkIRV3/muXGjPjzIaBojXBy7DTnZy+gqTpt9RQzjeco1T9jubxCs+4xMmWt65TSaqcIfIVstr7uWABRNsA726QR1JG2IG2tOV4cv83Hcz8lmvoSJ0ae7J0PjlrkgK2Eji5JJkdCwqAkAkfCY42QOkLqoBW27xQDHfdHoxeU2s0GiYImftAmtJtE27lBpIZQlZ7zQyoaUtVQNQshj972r2gmimZiEDtiwiAg8Dttap02fvMabv0zIHZ5KOZYT/RQzAmEYh3l8BN2wHVdyuUyMzMzA4sU8/PzAAOHkiYMh/04OPYrijwK9AsBO71mXQGiX7ToEoQR7165zeUrtxHAhdOTvPbF81s+FsBP3/mcT2/En5Ovf/VZZieK2zpINt4mhCCMIn78s4+5M79CIZfiuSdPcvHURG98Owkh65CS1MR5Qi9euPe6q0QQRQHYFaRigBDcXVjmL375CWEYUam2+MZXv4Cu79T7U4kdk1oGaWSRehbHWxOIDE2CpxP5baRqEYraegdIJ7Oj0bJ5463PuDO3jK4p/LUXL3B6IoVbLdGYu4JXK1E8fQ7V2MY1KCRCxO3nkSp/9c41/uKXnwDw6nPn+N1ffxoh4wsMCEl7dZn6wn2yZ14lf+mvrzvUN54w+eHnDqamkDUk+ZRCWpfIAZ1PWwkiYQQjKdn5PaKlCvwwouFGtNwIv28h3e8m2YpNAoiQGKOvdPI53qVVvY7TrGLlxwbK5zBzYzSX7+GufoReeHbP+20mbgsrhaRhV7hTuYbtr39Omi7BE8hlhTAVQip+b2jG2md0InOG2dwFMun4wstYdpInJ1+g5dapag6GWaf3lnYjopUAqXuIzsvTf6xWLc79sHIqqi03nQv80OX+6g2m8+c4QXyuPMoyla3YunRl90yOhISENRKBIyFhDwjFQlEs2CmYK/QIu26QXuvcDW6QYIWob/KnagaKbqHqFopuompHLxZIRUEqGTQjg9kxegS+g+90XB7uMl7rfm97RS8g9U6Ohzket6lNOBaUy2WAgd0bYRgyPz/PyMgIlnX078nHkf0IHN19HvcSFSEE1++WmSvFnbkunBpnerywu1AArNbiQMMIqDe3X4DWGjbf+4v3+OjqPRRFMj6S5cRvj+xaVtIdJ0Cz5fDdH77LvYVlDF1DCsGl05ObHCOuF/DTd6/Sarv4/t4XY6dmRnn+iZO9shQAzwvxg/h9slpv7eEoIs7xkCpInVtzFf7kB28xt7jK+EiWf+/3XuXMdDa+UNDJsgqJYvF+Q8eW5dUmURThuD6O4yOExLeruPVF8rMnMbLZbceAkNB5PcIIfv7u5/zqg7hzWLPt8tUvPYkpBCDxbZvVO7ewJi4w+tLWoaKvXzKRUrLYiDBVyY07i7z90W2WK409vCa7M1bM8Orz5zgxPYahSDS5Jog8aJaHohewJn8LPXsRe+XdOJ/DrGLlxlD1nV2rAIaVwzUzuKuX0XOXQO63DW+EqqoEQUDDabDSWgIgDEKCAFQtLvsRgUCu6ASBQ6CFqFp8TpNCokiD6cwFJjJrbpJiqoipmtwp36dVaNLO9IWV+hGUQoxJGzmyPsQUoF33QUAqp2GZqe4w8f2wJ5JU2is0nDpBEMRisBBEx7C0b3tHR5f1mRxJ6GhCwhqJwJGQMCykhpR50PI9N8hW18yjoE3orhDYZQKnjGeXcJrxRFwIiWakUHQzFjz01LHo/qKoBopqYFCIb4jCuE2ta+O5bcL2bbxGbOsWQkUxx1CMuFuLYk7G4bEJh0oYhpRKJSYmJgYWKebn5/F9P3FvHCH7CRl9nB0c/YRhxP/7w3f4SecK/1devsR//59+c+iPU1quAxAEIUGwJlzvXZQSuJ5PFIHteATblM4sLFX5X7/9l7Tam12CO3Hh1CT/83/9b2OEHlIdzveI6wX88r3r2I7HtTuLfPVLT3Bmek2YEHq29/23MQh0I1JKzFwBpmYRwWovv2PzhkqnHXwccBqGsFJdE2eWKnU8z8fUJRHQWCqjZccYe+Vbuz6f6ZxCEEG50uBPvv8mrjecq/mGrnJieoQTM2sLzq9dNIdaCqGkTpJOncStfoxbuUytdAsrN4aV2/28bWbHqJdvYa+8izn25X09ftdpVFldpVZbK01pVn2aNY/RaQvNkER6SHDaprbSxl0MGJ02kYrEVPNM5Z9lLH+CVGq9MKNJjSdGLxH4S1yrrl1QwRSIiyqoW4sRuXFjU5ZKEISsLNgYpkJ+PHYI1RsNVlZWGB0dRQpBeMzEjX7WCx07Z3IkIkdCQszRr5wSEh4zhGKhWLMo1lpKfOhVCewyoVPGt0u4tVLvPlUzkJqJZqSQmoG2hys0B46QaEbH5dG5KfBdAq8d53k4VZzVtaAxRcshjTFUcwJpxO1qOWb5JI8apVKJIAgGdm9ALHDk83kymcwBjCxhLzyIg+NxzeDop9ZoH+rjLa82qdRa5DN7ExMd16e8UtuTI0NRBJah7ZofAtBuOz0zu1QEqiIJXY8w8JHa1kJzz1UoJEJqRKG3Y7vYMNxikS4EijVGvNBSesfb7jF7XV6EQDUtgo7Iv/m4Mu6eYuSQeh6hWtyeX+bewkpvk+XVBp/cmOPLz54gCDTU1Ci5J15H6esothNaZ7hPnZ/tuX72g+P61JttoijCdf11970wq+87aHQ39Pwz6NlL2Es/w65fw0iP7BpAqhkpjEwRp/oheu6JXUPbNyKEQJEKERFLrVusOvN9x5ZYGZVeBa6EyAjRMxLpxS4chSwF6zTPTr9AITOy6ZwlFYWp4iQr7gxlt0jDqRGEQRxQawlSepq8OcqodZL7tWtU2ovxY+sS2hK5pBKOeqBHSCmw0iqqtiYONLwGS+0lClGhl3dzHHI4dqKgn2DVvc9umRxJHkdCQiJwJCQcC6SWR2p5yF6IO55EQUfwKOHbJQJ3CbcVTyCEkJ2yFhPVsFC11MBp6geBouooqt5XCxzhOS0Cz8F3WwTtu7QbNzr3ibikxehkeRgTSG07e3LCoDiOw/379xkbGyO7re17axYXF7Ftm9nZjW0aEw6TROB4MDx/+8Vkf8bFsPjRL65w8155oH0832d5dfeSiJnxAn/vb/36rttdvVniJ7/8hEYzFnfGi1kMXcFtR3Eex7adXSSgEEYq0iwQ+U6nzNLtbgHEC9OgL5AxivrEDiGRRhGpmtDfZUwoSKniuPsQnKSG1NNIs4g0x5BGHqEYvPGrd6j2ldf4fsBPfvEJLz51CtUqUrj0G0ir2Fu0brVw3Xj7K8+e5ezsKM4+HRzNlsMHn93lu3/+Dm3b7S1BNQlTud2FqQdGaujFF3Hrn9Oul0gXZnbdxcqO4TZXcatXMMd/bcdtIxEhNroHBESErHr3qftrF2XMtIqZjuckvhcShhGarmBl194XKXWMyfR5zk+cR25xsUMKQTabZdqdpWKf5frypwTh2t+8mBrnXPFZzhVfQCJxvDYtP3aRCE+i1FSinE+kRwgpyI6sL8NpBjUqXpkwOosilW1DgY8bBX12g8jRz1omRyJyJDzuHP2qKCEhYTNCQbGmUKypXplL6DcI7RK+vUjoLuE0ytj1ZaAjLugmqpZCNTpZHkduuRRoRhrNSANxWn4YeLHDw20TeA3cagmqHwEg1TTSGI9dHp1WteIhacd73Lh79y4AZ86cGXjf+fl50uk0xeJgV/QShsuDlKgkAsfudF+jYYkcjWab9z+9s/uGA9IVYn7zlSe33aa7OJuZKPLm+9dpNNsI4ImzU4goRBASBjsssDsuCT03DUQEdg3h1QnaS51uKKLnuLNtt1dKE0UR7baDQMZChp5DahbVhovndx0MAY7rcONeGdfdnJmw1ViQKlI1EVoaqWdRzFEUcwSpp7lyY4Ef/+LKpt3efP86b7x1la+99mSnjCXcJCpsJ3SstgNSusLYaGH38W2DFDCST/Evfvzevo/xoEgth55/Dqf6AUaqiKrv7CaSioZm5QjsucEfLGLrNfYGmqse7abP2KzVy94AOJ0/xYXiuc2iyQam8mcRQuN+9S62tyZwzGTP88TES6RTBZ50X0UJDd4r/5iIiCjj458LiJTtBxiGdYJwmYjwoXBv9BOLHFvlciSZHAkJXRKBIyHhIUGqGWQmg5pZa6MXdASPyC0T2Eu4rW5ZiEAzTKRmoRkWimahqPsNEhseUtHQLQ3dWrMOe26LsJPlEThz2M1bvfuUbllLt1Wtvv8J6OPC8vIyq6urnDt3DtMcLMxueXmZRqPB2bMDtg9MGDr97UYH2QcSgWMntuqyMgyRwzJ1Jkb2VhLRJQhD7i+usN3aai/vgf4rz3fuL7NciXNBctkUL33hDGHgIvAIg+0cK3GIqDRHkGYBIpB6jaBdIrCrSCkQiolQDIRQWKo01pWolCuNXmmLkAqllSb/yx/+mFv3lgj7nlgQRLiev8XjEwssaopIsRCKFj+eno7b02oZpFFAammu3Czxv//JX7FaawJQyKXRNZXSchU/CPn2v3oTw9D46suXet1n+l0c/QvZ7s+rZY/RjIoWPFjIpK4c9QWFGGPkBbz6Z9j1JTKjJ3fdXjPTuCtzhF4NqQ3w/hWdz00U0bAlLWfr52+kFBRV9AI+NUUjZ+SZHplhtDC262uuKQYFc4wz6S9wO7jCqruEQoGUPk7ayqMqKmP5CVr+Ke7ZE9Taqzi+Qygi6isuUhFkCpsvlNhuRN3uiGAKD42Do0tcrpJkciQkbEcicCQkPMR0W7V2iYIWgV2K/3fKeK0lnEZcq6woGooRuzwU3UDVUx1r8tGi6SnQU3SbA4aBT+C1Ok4PG7f2KVEUX7GTihk/567gYYwjlG3aCj6GBEHAvXv3KBQKzMzsblHeyPz8PIZhMDqaWFuPmjAMBw4LfZwFjv6FUhhFvU4hAH6wVlaxUxtZx3G3vH0vfOm5c/zN11/as8jRth1u3l/mH/yTP6fe3Fy+0b8g324R2N81pmW7/OgXV3rP+4tPneT01AiRUyHyGyhKZq19bIdW2+XDz+9zZnaElKGjaToZS0MCoddEdhwAUrPi86xU+fja/XXH+OCzezjfeBlNNQCB4/lUqi0qtWZcFrPbC9HJ6YikGoskih6LKVoGqaUQigmKzhtvf84/+e7PKC1XAcikLf7gay+QsYz/n703i44kPc/0nvhjzxVIILEvte9LdxebvbG5qZviIpGiKNHWMhppNLKP5srH9vGNjy984zuf4zOW58gej+zRaB1JY0mUxBHZLZLNpdncutnd1dW1o6oAFPbcM2MPXwQykdgTKFShqjqec1AoJCL+WDIzkP8b3/e+/MU//ojZhRKzCyV+749eZXahxOd/5kk0RV4ncjTP7Rt3bFQhkU8pJDRBQhVYtttJUcKGLJYbvHXpDmvVKjdgywj6vUYSGnr3E1iLb+BYZbRtfEhkJRLBA2dpRwKHkASSiKKOa46N5ay8dzw3wHdDNENErSptNiyGkmA8d5y+7iGSie39xCRJQlcTHOo+hx3UaJRqBL6B70s4rossK5imSW9XPwfrJ7jqvYvt2RCGuLa/qmqkHct1qVgNgjBEluVHStxosj5lJfbkiIlpEgscMTGPEZKcQEkeQEkeaD0WOIt4jdlI9HAWcOqzrd8142lVPYFQDBR1/8UCISsIOYPa9sHMc6yWganvzGLVVkrBZT2HrPUh9OWoWv2D+4d8cnIS13V31ZpSKpUoFouMjm5/1y/m/hMEwY6FirhFJZoQOY5Ltb4S8VqpWfhBiJBWRIHIw2HlTifAu9emWSrVdrXdI2N9HB7dIkZ8DZmUgWnoJBP6hgIHsKHA0fx/u7gB8Orr73HpetRqIITEc08eJfQdAs8i9B2Euf4udqXW4N/++TcB0DSF8aEefunTH+LoUAaQEIoJQkFSUkiKQaFi8d61u6vGuDW1wJWbs5w9HB17T1eKC6fHSZhaa64fhiHVusXt6cX1BynJCDWFpHcjqSaS0EFWEbKKF8pcmZjlm29c5rUfXm6dJ9PQ+LXPP8NnXzyLLCS6upL8/p98g4VChVrd4k//7vtcuzXHJ587ybnjo5i6ukrcmC755EwZPwBVSKhCcPHaFH/3h+uNWgAAIABJREFUjbe4fXfziprtqNSsVa+7/ULrOodbuUKjvLitwNF8/YRbmMpuvGIkcgShj8ccHoXWr2oll2rBIT+aQDNWyzspo4vzI58kY3beAqmqKmMjB6grM5SDu8yWZ5lduEGP6OXg+GFkWSZj9HJ24OPMVWcpNBaRhET3gLFpA4xPCY9ZQvwdV8o9bKxUc6xlxZMjJuaDRixwxMQ85gitB03rgeyp6IHAxmvMEthRTK1Tn8OuRh9OhKwgLye2yJqBrJiIhyByUtEMFM1AT0YfisLAx3Pqy8KHhVu7Slh5HwAh68h6HqEtCx5Gf3QX8DGnWCwyPz/P2NjYrtJPpqenURQljoZ9SNiNwPFBruCAlcnaYrFKYVWMaJVKzaIrHVUk3L67yP/6B/+I6/qEa+7ZNysEdsqm7RdbruNunEiyhvbqk+Z3IUSrDeOdK5P89StvtqJqjx0Y4IkTo/h2FbzGllUgC8stLQALSxU+/8knCAMfq1LBq9QwckNRgoli8JOLV7g7X1i1frVu8U/fv8Txg/1oIiShCX79C88t73j0j+MFTEwt8D//3t+2DFCbSEKGZiuKmsD2Q5aKNd69cpM3fnqDi9fuUq6uPJfZdIJf+/ln+exHzxB6Fr7r8OyZMfiVT/B//8VrzMwXsR2P7/z4Cj94+wbHDw3ywlNHeOrUOD1dKVRVpTsJISENZ3VbyutvXt80qnentI87Uw7oe8CBVELrIrA78NZY3s+3phsshBafOd7Z38rV3hkB7UKhmVKQFYGiSkhFGakhE+Rd8slRxs1zJPUMsuh8+iEhIcsyvclxxtIlFqsLzFjXMSoaw94IumSgyAopM8to4gxW3WXGuo4Q0T4GfkB5wUE1ZJLZptAXErI3kcCPAnEVR8wHjVjgiIn5oCF0lOQYJMdaD/n20rLgEbW21EsrjuiyqqNoJoqeQFFN5IegykMSMqqRRjVWEkJ8z8ZfNjB17UXc+sodDVnNtlpamuktjxuTk5OkUinGxsa2X3gNhUKBxcVFhoeHH+k7WY8Tu2lRaVZwfNCew7XVDNduz62aFC8slbk1tUDXiVEkScKyXeYWK6uWuVcuXZ/mGz94n650ZzHetuMxt1imbm3fFtN+fE1xo/n/N96+wf/1599idiESZkYGcvzOlz9GylSpzy3hVqaR5RBlk7TW00ejtCRFlhnIZzF0lUBNonePRGkqmCAnmJqv8B+/+sOWIHPswADXbs8SBCGvfu8iJw8N8qkXThJ4NsK3aU14JYGp6KQTm/3dWDYxFQrluse/+ZNXee/a9Lp0GUNXuXD6AL/w8lOcOtRP4NYJrAKEAYEU8uzZUUYHv8DfvPIW3/nxVcrVOo7r8c7lO7xz+Q7d2SRHxvv4nV/+GL09XchCiub2m7xVRgd76Mps/VyuFY7CMGyJTLns6hP+5rTD+YEH+ZFb6sgEtLn/gs2FnVDawJyVlZYfKTSR0AiJXsuaIa9UbgQSsq9gaCrDmcOM506iyOqurlFZo5fB7FFuFC+zVL/Lgn2HWr2CklJRVRVFFYx2H6Vm15izZglptESMwA8J/JXjkFARJJAQj2R7ysZsVLERV3HEfDCJBY6YmJiozUPPoXI8eiBw8K1I8AicBdzGLHatCIAkBKqWiKJq9WaVx/5fSmRFR1Z0tERkRBoGftTW4tpRXG39Jk7lKgCSpCAbeYSWRzH7EHofYrMZwCPAnTt3sCyLM2fO7Gr9iYkJTNNkcHBwj/csZrf4vr/rCg5F2f/344Omvbrh/eur2yg8P+D9G3d54mQk/uVzGT5y4ShTcwXcNbGgl65P72rC86N3J/jxxVtb7+Py97Dt52CLba0VNtq/whC+/t13+Q9/+zpLy2JAT1eK3/7lj3LiUPQ+Vow01TtzhGGIkh5BNldPYjOpBP/FZz/MsQMD6LqKvOyrYHshRroPNdULgYftS/zHr36XyZnIz6m/N8vnPn6OV1+/xNuX7+AHIX/69z8gm0nwzNnxaKrsNQh8O2pBkRRkeePXchgG4Lvg26STWTKpRKsVRZIkEqbOsQP9/MzzJ3nhyaNowse3SwRWkcBeIgzDSFAxPIZ70vyrX/kYz5w/xD9+5x0uXp2mXI0qWCrVBoam0tOdwvUDbDfA9cHc4PRrqsIXPvkEzz5xmFRyfUVDJ68OiSgBqe74OEGIH8DXrlq8fOTB3CCQJBm2EC3algTgXL/MKzPbLNrGiqeJhEIemRwe6wcIuz1EXqEvO8T44CGG8yO7FmANw6A7m2e460lc38d1XZaWCuhqElWNKjMG+gYpBxUuLtzAZZIwrCFkQW5wdaKMTBZVGoRlgeNRFzmiNpWmP077FYY1j8XEfDD44H0KiomJ2R6hISeGkRPDrYcCp4hvzxPY83jWHE55vvU7RdURzdYW1dg2nu5BIAkZRU+h6CmMVFSaGXgOrlPHdy08q4jTuIuzXJEulDSykUcx+luVHo/CnY9qtcrs7CxDQ0N0de08ZebWrVvUajWOHj16H/YuZrcEQbBjoaKZuvFBYu3Ev9awubRG4AB46/07/OKnLqCpCt2ZBP/1f/nxdcvcnS/yr//wFd5bY6S5GT1dyVUtLdtNktb+tv1nRZGR2wSttcfV/tilG9N89bV3eP3N69QbNgCphMFv/MLzfPjsSgKS3jVI/9NfpnzrR/ius27/TEPlyFg/uq7hBuARItoWEUKmXHf44698n2++EbUAKrLg5z9xnhc/dIxMymRmocTcYpm5xRL/xx/9E9MvP8VnP3YWTRMIT4ZguzaAkDD0CXwLOTB56fmTTM8VUGTBqSNDfOjsQUYHulFFQOBZ+HaN0KkRelXCwIUwJPTqBLYgDDyEmuRDJwe5cGqU2zMF3nzvNu9enaJUafAzz59ClhWqlo8XhK32JH3N20yS4PjhQbqzyU2fU6uDjiTXDaLthCES8GAbx+QdVXBcnLN3NHoYhtH1RkAmAalqSHGjISRQhcGQcYaM1n/P16eEmuDkwAlyWpLA8+jvG8RsSwuTJIneVJ5nRj/MO3NlClattR/tmBp0JUJkIT0WAsdqVnsLNR+LE1ViPkjEAkdMTExHCK0rimlNH40ST0Ifz5ojtOfxrFl8ewGnHk0sJEkst7UYyKqJoiUeiioPoWjozbjcLBAGuC0D0zq+NUmjeqO59LLgMYiSGEE2H87qhjt37mAYxq6iXSuVCnfu3CGfz5PNZu/D3sXslt2ajH4Q/TfaWzZ+fPEWt6YXAOjryTC/VCEMQy5dm+IH79zkI08dje76bzDPGsxvLhCun5iFfOTCUS6cObAnx6DIAl1buUY2j6l92zcm5/n6dy7yrR9eXjZJjejryfJLP3uBl54/veHYmfEPbbHlEMcPabgBspAwVRlFRNu8MjHDH/3t6/z43YnW0h86e5BPfeQsSujw9Jkx7F/6KL//p9+gWK6xWKzwB3/1Gpdv3uVzHz/P6cNDSKFDGGymBkgIoRBICvg2odvg2Hgf/+Pv/jyaIpClkDBwCb0qnlePllkWTCQ5gSyvbiEJ3Tq+1yCQo4j0sb4kY/1n+Pwnz2M5HoYqY9t1HE9BFhInetYbr7bG2mbCayhQd7efFMtCwlAFpirQFIn/fNni0x36XNwTkujMOLT5GtuFH0VI1KJjqCGaBmwgcOhKmlxylMGuI6T0e495V2WVfCpPUiTxfJ9MKrPuvZkx0hzuO8ysdZWGV8Pyyuv3S9VI6Ik2k9VHX+Do0obbqjjWX+BicSPmg8T+zzhiYmIeTSQZxRwEc5Dmx8TAq+Bb83iNGQJnAas8T0jknC8rWltii4mqG+x7hYQkUPUEqp4Alqs8fDeq8nAsfKeCXZzFLr6FEDpyYhjFHEZOjCCUB+watwEzMzPUajVOnDixqztjExMTqKrKyMjIfdi7mHthtyajHySBY60fRa1h8w/fehvPiyZrp48Oc/nmDNOzBTw/4KvfepunTo5jGtEVq9nSs12KQnM7Tc+FMAzJpEx+4aWn9vyY2n0dJEnC8wO+/9Nr/OTiLX7w9g0KbSkvqaTJM+cP8oVPPsnhsXszBw5CECEoAmq1Bv/f13/Caz+6sqpC5emzB/mdL3+MhKESBjKBa/GRJw/i+z5/8JffZrFYJQhCvv2jK2RSJscORMajmyJJIOsI2YhaWYQMYYCpLb+GQ5CEgqQKJMVg7V3prSN0BUgCiLw2ErpCGIRoiiCPBZoEoYS0gdllGMJb790mDEPSG7SodIqpa6SSJn4AhiqhyRJ1Cb56uXMzz10jdeYt0TQLlTtqZ1m9nliOmZcQSJvUp2TNIUZz5+nPD2Cq917ZKUmR4Wg6nd50GVVVyWa6GMicoGLXmC69s24ZIdLIUk9rv5vv68eLFf+N2GA05oNGLHDExMTsGUJJI1Jp1NSh5UfCKJ7WmsO35/DsBZx6s09XalV5KJqJrJjIqrZfu95CyCq6mQUzqmgIAx/XruJaNTzrTqvCQ9Z7kY0h1OQosjn0wPez0WgwOTlJX18fvb07vzMzNTVFqVTi4MGDOzazjLn/7MZk9IMkcKwVNyRJ4rs/vsq7VyJzYVWR+ejTx+ntTvM3r/wEx/V49+oU3/rB+3zmY+dWiRVbTZTbt7dRXOv9PD6Aas3iuz++wnd+fHVV4srJw0N88VMXeObcwT2RiYMQ/DDyigiBmYUS80vRnW8hJJ5/8gj/4ksv0teTic4ZgGKAJPj408foziT5s394g/euTSMkiaPjfeiKROBtUxkgKQihYAcSE3cWH8gkc6S/G1P4uMVphJ5CTa6OLHVcjz/+yuv81dd+vOttpBI6p44O89tfehFF1ZBFq1hiV3z18s7iZ8dFwMhW4lKT1k5tsqy0NjGluXRIEAbIyPQZR1lQC8yyvjWsP9PH0b4jaPKD/dsuJMFY1wiVxuSGAocZmmTIIpAfqxaVqIqjPTI2jCs3Yj6QxAJHTEzMfURCNvqRjf7WI4FXi3w8GrMEzjxObQGrEpnXCVlZSWzRovYWSdrfCZskZDQzi7YseHiOhedUcRo1nNLbOKW3EcueJYo5jGyOINTN7y7tFZOTkyiKsqvWlEajwcTEBN3d3fT0xHd2HhdUVcV13f3ejftOu7jRjEu9fmeer3zjp62JyhOnxnjy5BjD/V1MzSzxvTev4Xk+f/NPbzE61MOZo8OtCo5OJzeeH3D55kyUfHIf50OKIshlkxwY7qUrk6CnK00QhGiqwthQD88/eYRPPHOCfC6N67p7Imr5fojjgSJ8MimTFy4c5e3Ld+jpSvHS86f41EfOkDC01mSwec6aotq54yMcGs3z7R9doW45/MyzpwjcKgQObBrTvSwaSYJXvnuRv371TRqN7VNlALwgaFXqqErUctIJqirziWdO8huffxpf1fGtCmK5bdE0NKr1SEiwHQ/b2Xn0b5NSpY4sCzw/QN2gE6bTKo6dChtNAmQ6f5FKW6aobEQYhvhBgCIr5FKDdCXzsLTye0Vo9CXGGEkfojvR/cC9gSRJojvZzXDmAHPlE8zXb2H7KxHFmUSGfCaPLGQ8339s/YvWihvPHVxs+ynccJmYmMeBWOCIiYl5oAgliVCSKMkDrcd8ex7fmluOqp3HKc62fqdqCYSmL7e2GCj7HFOraAaKZmCkeqPqDqe2XN0xRaN6E1hOpTGGURIjKIm9b/+Ym5ujVCpx5MiRlnv8TpiYmECSpLg15SFGlmU8b2cTrHQ6zdTUFPV6nUSis7jSR4nNolLvzCzxf/7ZN7hxJ4q3NnSVT71wFlWRGe7r5nMfP8/bV6ao1hrcubvI//4fXuF3f/UTPHFirOO7t01Piv/t33+dmfli1Mdwn9A0hXMnxvif/tXPIwvBL778FLIQnD85yvGDgyTNaELenJTtRQWW44dYXkAQQrcp8+KFo5SrdZ46Nc5QX/eq89Rs14FmNKpPaFcwwoDPvHACSZYJfRvfKUFI1ILSAcVyvWWauhMadCaKAG0+JxKKriMUgbQsEL38wmkWChX8IGgZvrY/zT99/04r4SWXTXHqyOaVe4oiGMx3oSqbPzdbiRy7ETbax3IKOtYSdBITKklSZx4c61xyo8qnbCZDppJGFjJBEBASogmDQ5kn6dIHaHi1DYd7EGTNPMe6nqZiL2L7jai1Rgi6Mln68tHE3nW9x1LciIxFF1vtKc8dXGD9a0FqEz3iao+Yx4dY4IiJidl3ZD2PrOdbP4e+hW/NtgQPtz6PXS1Ey8pKFFGrma3klv2q8pCEjGZk0IwM0KzuiAQPp/QOTukdhFBREsPIxlDk3aHem5mn4zhMTU2Ry+UYGBjY8fqzs7MsLi4yOjqKru+vWBSzOYZhUKvtbGKQSkW+MNVq9bEVONorNyRJ4vbdRf7Nn3yDi1enWst86oUzPHv+0Eo1x8kxvvjSk/zR336PMITJmSX+9R++ym//8os898ThlcnNNqKF4/r4foChqx2JIo7rrWorMfTOxEhVVWhYTmt3cl0pfutLHwGgYbv84O0beH5ACJw8OECua+ci51qCIKTuhLi+RxDICCH4uY8/saqFx3a91iRXUxWiBJQQe/EWtamfYvaOYeaGkIRC6DsEdhFJ7sx34YmTY3zZcphfqm66TPOcO57HGz+9QaUaiQ1dmSQvPNVZClR3JsHT5w42B4TQRwpdzh7p5+yRwZWATUki6s9YMXidL1S4fCPa5thwD7/2+WcZG1xfAdf2lOMHIWXLx/HDyOdEkjaNBt5O1NiRb4ckLx/i9u1XwOYVHNu8zB3HQVEUElqK/vQgi9V5bN/G8mu8s/ANLpdf39fYat/3cRybmhfF3MtCpjeVJ6WnW0kwG4aOPMJEkbErbSrrqzbWxsdKbcvGSSsxjwexwBETE/PQIckGSnIckuOtx3xnkcBarvRwFqiX5lq/U1QDWTeXI2oT+1blsVLd0UMYBrhWFc+u41rTONUJAGStC9kYQUlEFR7sUJyZnJzE9/1dtaa4rsvExASZTIb+/v7tV4jZN5LJJIVCAdd1O67SMQwDXdep1+vbL/yI0i5uvP7T6/z5373B1VsrFV/njo/wy5/+EJK0Ojb3F156ijszS62409mFIv/+P32HIAh58cLRlcnOJoRhyNHxfj7/ySfwg2BDgaPpVRASUijVefPSLW5PR5MLXVP4+DMnyXenkOXt3/P9vVkUeXWlhCRJ+H7AX7/yEy5enSKdSvClTz3FF1++0OHZA0WWWt4jzUqQaJ/B8gLqTrgSAdpmdlqpWfzhX3+P23cX6c4kePmF0zx1ahyvukBl4gfgV1GkHF51MhI4Ag9CHyG28l6IImIJYDif4pd/tjPT1qWyRbVm8f23rgPRc/7PvvAc6USHQk8YEgZelDISBgRuDUIfkAiBwHMJvOj3QjVRjBRjgz2kEysCQyZpMNKfW/X8NCnbQfumsNwoJlZXBK4aCUlNEaTTSo2dm5I2jVqDbf/GCCGDv7MWlSZNAaw70cexvgu86XwHu2EThD4lZ4EdFNc8EDTF4HDveXqTwyvv+cfEf6PJag+OdjYXNh4rhScmhljgiImJeUSQtR5krQc1cwKAMLDxrXkCa47Amcetz2EHUZWHEHJU5aGbKGpkYrqRW/79RJIEmplBM6PqDt+z8awqrl3HrVzEKb+LJMmoqUOomVPIxvYpCEtLSywtLXHw4EFMc+eO9BMTE7iuy9Gjnd3tjNk/kskkEEX55nK5jtdLpVI7rvx4VGi/E/3+zRn+3V98m7tzhdZjh8f6+K0vvUiuKxWVyi9PvoSIIlh/+0svosiCV19/jzCEu/NF7kwvwoXm+2HrO91JU+OLL3c2CbddD/MftJbAMdTfza9//jm6M51X1rT7XMDK8S8Uanh+QKFUpVhubLr+RnRnU5w7MUq50uDYwUFkWW5NbXw/pO4Eq8SNpphUa9h858dXKVfrCEniwukDEHg45bsouoaZ6CawlsAugxAQBAg9DctasyRJmLpKtdZAkiTU5QoQfJcgqEdCRyetFEKlO726Ck4IiXRCw7cWCYOArSZrklCQJAWEvFydIUUVg/7q1hghgedauFaZwLXQsutjwoWQWq+zdtKaxFRpdcuHqcqoIkpSAY+q3bmgsJvElWZVYxiG25vQSlEFx70ku3SZ/RzrM7m+eJmqXcYPIi+gwA8IApAVgSRBGIR4Xogsg1gW+nwvOheyIlrr+D4o6vI6IXhusG6dMIyWgeVx3RBFlZCW/Vg8N4iCepbHFZJCQuviUO8T9KYGCYJgS1Hz8WZ9q0oscsQ8TsQCR0xMzCOJJPSoAqLN48J3CpHoYc/j23M0SvOt38mqHiW2qInlSo97j6zbCbKiI6d09FQPhCGOXcGz69jVGziVq6jJcbTMKeRNPDt83+fOnTtkMhmGh4d3vP3FxUVmZ2cZGhrauH0h8AncBoFrEfrLRpWyhmKkkBSNDScfy3dCA9ci8GwUM4sk33u5fAyt56hare5I4Ein0ywuLuL7/mOXjtNucHni4AC/8rkP8/t/9k183+f4oUH+qy9/jIMj+dbEpTlRbxphdmeT/O6vfJL+3iyvfO8SF06P8wsvP9WaoG5Vyd9p2ko0joSurv94pWvKjhIb7ke6w0eeOsoz5w9Fk0NZICSJsu3jh9H0xvFXqjfWH+uy4NIUXnwHWdNJ5fvwa7NRtUDoQrg8K21+EZIwdP75F59nfqmKYagcGuklDAMC3yKwy4RupXWsjcIiQlHQkikksfIaFoqBklwvNKzsXkjQmCPwNq+KEFoWoWcQchqhJkFNbrrsyjMoUd/AcNR2PDRV3vA10Z9ZXTURhOD4AbLwcf2wI4HjnqJkl1tUOpuz7txktEkYhniehxACVdEZSJ2kbtss1iI/qkrBxap79AyaKKrAsQIW7zbI9uoks9E5Ks7ZSJJEbjA63nrFp7xk0zNoopsynhutk0ipZHqiiqDKkoPrBPQMmQghYdU9Fu9a9AwYmGmVMAgpztrIqkR3fzRuxhhkKHsWQ4sE0J16HD0KFJ0pthMKV1jvzxK3p8Q8LsQCR0xMzGODrHUja93AMQDCwCWwF/CtOTx7FtdawK5GUXZCCGR1ucpjObFFPKjJuSS1vDsSmT6s2hJ2ZZpa7Ray0Y+ePYPSitqNmJycxHVdTp06tatNTkxMkEgkGBoaak0AQt8jbBc01uI7eLXIGl+SFYSWIAwCAs8G32Ptp2evuoDQksjLVSsxu0eWZRKJBNXq5p4EG9Huw5HN3pvfy8NGu8ARhiGfePYkU7NFcl0Jnn/yKN2ZxKrKjbWiRLOS41d/7lmef/IIuWwKs81PYzPxolnK3qkZabPqYS0rxpVhx+JFc//3ygRRCAldREJLvV7HlxQqtoTrRXf6m9tZJ+Zs1JIjCTQzid+oIsz1XhSSkgBCArdGxuziE08faRsvag0J7DJBfR7fLkDgUV2Yoza3EjdqduVI9ORRUzmkRJ6QrSsSQt8msBYJ3Y0qWySkjARaEiEUKlbIxNTC1idsmeu357h9dyUm5MbkAl/77rscGO5sQnhguJeEoVPXAlR5++fynsQNaAkcQRiwXUNUZDK6+0qG5utYlTUO9x3H8mqUaiV8SuiGvPyeiJYVikQio6BoK3tlJFdPRVRdkEyryEp0nmQZEikVzVhZRzfl5QqPaBlFlUllVOTlig4kCSMpI+SoSkcmS3/6EMf7TmMo5mMTC7s12xvMdrZM7M0R8+gRCxwxMTGPLZJQkc1BZHOQZid44JZbqS2+PU+jPEdzoi4r2nJbi4miJ5EfhJeHJDBSvRipXuxaAbtaoD77KnLhJ6iZU2jZU5RKJebn5xkdHSWd3nkE7c2bN2k0Ghw7Fgk/fq2wzRrrCX0Pv1HedrnAqRG4DdRMH53fSdpHAh/fqS+LPBvfsZZkFVkz4QG3OSUSCUql0o7WaQoc9Xr9sRQ42kvKhRD82uefRV5O9WgXItYKEu1tHkIIxod6WmN2UpmxnUdHc+ydHEenAsdmgsm94Lpu9CUUCKNJpKYIVHmTY9xg+0LIBLKO0HsQ+sZx05KQIQwIPYtwlRdESODbEPqEgUPo1qkv3aVw8xqpsafoOvVpyle+Sfnm96lM3yA9fJjsoUxHH1pDz1r21VhzLJJE6C9H/EqCr333bb762jvU6hadlOg3E1QApmaW+JOvfL+DvYGEqfPZj57lCy9fQBYS21mw3LO4ASu+Gx1WcEhSBykqWxCGIUISDHcNU2lUmSsvsVh/DyPlY6RWllNlQVcqAWrY2rlkVgVPgoYEWoBuyuiGTGgFhEGI0AWZHg3fF3iehCz7mGkVfMASoIaouqCrf+W8SRKkuqO/+kJS6UkcYKTrGGM9UXLS4xinHVVv7ITOPDii9JVY5Ih5tIgFjpiYmA8UQs0g1Axq6nD0QBjg2/ME9hyeNYdnL2DXZqJlZQ3VTKIZKRQt2YoTvF/oyW70ZDdOo4xVLWAtfBe3+BblRg+p5CDj4+PbD7KGcrnM1NQUfX19ZDIZ3NLd7Ve6V8IAtzSDnMwhlIczqcWvFwjczgz+Qs8msKtIio6S7OZBCTeJRIKFhQUsy8IwOpv0KIpCMpl8bH041lZnCElaVbXR/v/2dWDFdLRd0NiuemPttrdjJ0LETu8i+/4Gk9BdvhSFECSSKUJJJhWC6QgEHo7X2Z385r7Legb03VVsCUlEbW6+hVNdonjrBnrPOL1P/2pkvpn4LPKJj9E9/zpy7Sby/Cxychitk0vKWnFjAzzPZ36pjOftfHIfhiHlamf+J9W6RaXeWfztnogbrHhw0EFlhiQJBlL3dk1rtqooisKBnnEMRebVK7coNlYbHkuWQLlt4g3YhN0rLSJSTaBMGrjjFqR8Qi8kmPCQUgJpNJqqWJaB42hkMmVkOYjGumXiDa4eay26ovHhA08zljuyEmv8gajg2AlSK052K2KRI+ZRIRY4YmJiPthIAtnoRzb6aSa4Bm4Fvz6JZ03h1qdaEbWakUIxEqh6Cll8NYUnAAAgAElEQVTdmw+iG9E0J3XtGlZ1iax3my5pmuqMQ6LnPELtvIrj5s2b6LrOyMgIvlW5b/u8EX5tiVA1kBPdD3S7mxF4Dn59adeu+aFn45ZmEHoK2dh5Jc1OaTca7VTggKiKY2lpafsFH1HahYx2oWKr1o/2So21LR97XR1xP1i547xaZH3/xl1eff090kmjo3SWtUiSxPnjYwSqQFMklA7HuDm5wHffNjC03X+MfOrkKCL08SWN6vwsQk2Sb4oby/hykoWBl3D0kA9n5zvRLTrmwplx/CBkqbizNrCd0pVJ8Mz5Zsvh5teevRI3ACSpc/+dUAKCe6/gCIIgSn2SVfoy/Zwb+ChXF37CnaXrVJYczKSCoal4vTaYK09kw2oAgmSfQNKj+GNJBqlXBn3lvamqDkIOEGI5uUYN8fKrxxKLKqEUEuYiwSOfHOZoz1MMZEdQZQ3P8zqunnqUiJJTNrqOtR/nzq9zUcSstO6xTsSQmJj9JBY4YmJiYtYg1DQiexI1exIAvzGNW7uDb03hFOeAOYSiohpJFD2FZqTa7pjtHaqeRNWTeE4Dq1agvvgm9cU3MbtOY/acRTHyW64/OTlJpVLh0KFDCCFwnQcfHxr4LvttdRkJG4WO7up2NJ5dJbCr971CJZlMIkkS1WqVfH7r57qddDrN7Owstm2j6w9nBc29sFasaH9sJ+sCe+pvcb8ol8vYtk1PT89yO8nKtebdK5NcuTmzq3E1VaGvJ8P/8C8/TW9vDiFJ66dAYYhvrRcAvvra2/znb7+zq+0KIXHswAAHhnvpTsjYlTK+63J94Bd5Z3K96ednjhu4rku1mialpdB2W7YShoS+Q+g3CDybIyM5jozu7d3osGWsCiARSiL6CkMcL8R2Qlz/AUyuWwJHJ9e8vUnQaH9v6UqCE30XCAmwHYfK7Ay+50EqJMyvrrbwAx9UnyDr4jR8pEBC1QUiHx1DGIQ4VoBQAkwjWte1A4IgRO8NYTkS2vM9NEtFFipIOrlkN4dyZznV/wxJLUlIVLXzkL/dHxqarSkbCSOxyBHzsBMLHDExMTHbIJtDyOYQAIFbxW9M4jea1R1FaiyLEUb0Jat7m9CiaCYpzcRPRz4dVuk9GsWLGJkjmLmzqMn1ySv1ep2JiQlyuVyUwhEGezbB3wnSPt8pCz0Hv7Z4X8b2a0v4QkZNbx/xu1uSyeSujUZrtdpjKXA0uZeUkc1aU7S29BNVuTdprn39jVJVOmF2dpZiscjQ0BC6rhPYLpnU6jv9jru7NAjH9VAUedO2lNB3qc9exegeRRYq6ZTZastwd9HW0U61bkd3/V0Xz3WY63+JerD6OtasaKjVakxOTtLd3Y1pmkiStOp50lSFMAzwXWfb4qzQrRHYRSShEgh1xatijwk8D99xCAOfUJJxlBQNkaFkRVG89522mNhtF5Ukwj362xCGkYig6zLJZJLzY8/TlzlIEHyDsnOTgOK6dZJmJGqFQUhhzkJRBT1DK39DPS+MUlTSCl190WuisuTg2D59oyZCFrieS6lSJpMLSep5DHmUZ8Y/znjPGLpqtnw3Hldxo0sb2cCDozOPDWATsWLt+o/pyYt5LIkFjpiYmJgdINQUQj2BmjkBgG/N4NXu4FlT1EtzUAJZVlDNFLKeRNNXRx3eC7Kikcj2YzaFjuoEVvkaWnIEM3cWPbOSUjAxMYEsy4yMRJMG394fT4YwDAicOkLbIJr2ASApGnKiC7++/oP1nhD4uKW7SIqO0BIIVWcvPwgmk0nm5+e3X7CNVCqFEIJarbYuYrZplNlumhkEAZqmPfSVDA+C0YEc12/PIUmQ705tv8IWZNMG3ZkkfhAwPLDzNq1bt26xsLDA2NhYq4JHU2SeOXeI00eG2MbzdFtkWULXVHLZlaqJD42oBEGA79Qov/8KerafRP4gSdngMy+eodZw8Dr06dgMISQSpkYyoRO6NtXMSRr1BFQj0aS9VaNarXLt2jXS6TSDg4MoSpQAM5jvIp2MIkL7ejKAhGfb1GYmCRqzGAkNsYFA5TuVyGzUs+A+ChwQXQUCq45dreDUa5GhsdSHpR0DsTvfkvb2na1I4XFe6dznJQzvTbBq0ryEOI6DLMsoQqU/O8BHT3yUW0v9TBWvsFS/RRD6uK5CvZ7ATNTR1Eiky+Q0JLH6OiTLkO3VVyWvJLIqhie3fLEURSGdTNGXPcRo7gQHcycZ6h5CEVFbiu8HhGHwWF/jurThXRiNbsz66o2NqjhiP46Yhxep0Wg8Xo1oMTExMftE4NXxG5N49ajCI/CjD6PN6g5FT6Joe1vdESWvLOG5NqqRx8idpWT3cO3aNcbHx1sTI6+2SOg5e7rtnaBmB/dt2xC1lTwwDxJJIFQToZlI9xg9vLS0xI0bN3jyySdbnhyd8M4771AulxHLE4BO+s5VVSWdTpPNZslkMqjqA4pN3kckSUKWZYQQCCEoVxssLHsyDPRmWzGyvu9vbPK5ZiwhBLIcRWPars/MfJEgDOntSpFJmQRBsOprI3zf58aNG5RKJcbGxhgbG9uz4w2CyOOgPWw1CKDm+MxVPA52C9xqgbk3/l8kSSJ/+kX03CFkPYMk9u71EIYBvmNTcSXu1mWO5OR156NarXL16lVUVeXMmTOrfGiqdZu5pSjVaaA3S8LQ8J0a1dtvsXjx63j1JZK9/aTy/QhVY79x6jVq87PUC9HEcan7AoXcMzjLlYF7TZIlnlD+nlTPCNo2sd3VxTsEgUpi5Et7vh+yLLfeX5NLk9xausZ87SrF2iyFWp3FokwyWUXTdleFBKArOgktTTaRJ588ymj3UQ72HmhVbaz163ncifw4YCdC+9oKjkjgaK6/tY9H3KoScz8JPJva1Ps4pRmuXLvJV/7mr7Dt7T/LxgJHTExMzH3Cb8xGgkdjCs+aBUDICnqyCz2ZQ8h7V0TnNEpYlQKeU8cLdBoMM3zkYyBF2/CtCoF9f830tkKoJnKia9+2D+A3SgQP2IdEqEZ0lzgMCcOAMPCjjvcwIJpmSggtidATG95NbjQaXLx4kSNHjjAwMNDxdhcWFiiVSi2PiWbU6Gb/t20by7IoFAo4TvThIZlMtsSOZtvL40bzHDS/1tKeztKJwNEUTDbz9mgXNzYSnOr1+qpY576+vWt/sm2bRqOBJxsEbSaUfgANJ2A0K3AqC8x+59/iVhfIn3gSs+8QsplHaOk2X4fdE/o+rlUnCAU1rY/ebGrD89Gs3FBVlVOnTmGanQvDdmGSpUuvUrr5QwCSPX0k8wOoOzDqvV94tkVtfpba4ixhCKXMaQq5Z2mkDt7TuGsNSgOnQPXOX5LqHUEzthM4JvF9ieTol+9pHzai+X6QZRmklbSVd6e/xeW5nzBdmuJe/T/60gMczZ/jyZGXUZWoAkRCWiVufNDY3HR0PRuLG7Bxi8vGY8YiR8z9YrcCR9yiEhMTE3OfkM1+ZLMfjQuEvrVc2XGbRvk6jfICeiqHnuxC2YNEFs3MoplZXKuCVS2gWDeoTkyhZU+iZs8g7aGYshsCt4HkaPvWqgIgm9moJ97rLLJxL9goijZc9f8Q367g2xUQMqLdvyXwUFwbWRY79uHo7e2lt3d35cOVSoVisUihUGB6eprp6WkURSGTyZDNZslmsyjK4/HxYW287FpRov33nYwFK3G0GwkcWyW9FItFbty4gaqqnD17lmw2u8uj2pg7d+5Qc6GmDwIrYk0QRsaX+WCR2e/+AYFVpvfIcVRdxq/OENhlJMW4ZyNlt1GnPDOFrCbInnyZ7qTZiuxsPx+VSoVr166haRqnT5/eUYIQgN49wuDz/5zc6Z+leOVbFK58m9riHInuXlJ9/ahm55VQe42iG2RHxkkPDEXJMfOXyZYvUk0eYqnnGWqZ01uu32nSShBKOL7GYkHQ8DwsO3q/ChGQMEO6MjKmFqKqUtRXcp9EgGb1U/P9I0kSiqxwMH+OfHqUhlunWC6zVLvLknMLAMuRqFg+PguEuEgoyORI6hoJQ0ZIXXSp3XQZObqyGUw1QdrIoqoavhdFzDa3/UEUNyDy5AC2aVlZf242Sk2J6FzsiIl5GIgrOGJiYmIeML5TwC29h1N+DwA9mUVP5va0fcW1G9i1JZx6KdpG9hSSPIgk9rZFZqfIRhqh7281gFddIPTd7RfcZ4IwZKlU5+5CiUQyyRNPPPHA98HzPAqFAoVCgWKx2KruSKVSZDKZx6a6Y6s0lZ1OlHY6lmVZFItFJicnyWQyHD9+fM/NYRcXF7l06RJlYwRbXV9J9cneWeZe/3/At+k5fBzV3Fsh0q6UWLxxFTXVS/6539zUmLdcLnP9+nV0XefUqVM7Fjc2wqsXWbr8TUqXX8P3HYx0F6m+fvT03gpIuyEMA2rzc9QW5vAci4Y5xOjpF0mNP73DcaLKiFq1yt2pmxSLFhmjTtUxSGkWVdvAUOq4gYkXSBiKixcoIEFXqk5GL9N7+EsbVjFtR6ev98jMNGxVdDTXK5XLFOp3WbRvIUkSXqBhOwKfwrLAISPTha4INCVAkrJk1W6yRhddyyJgczue57V+3ivaE5e2O8aHkRWRY61RaLTP7T4akcCxGe3rrzcdjas4Yu4HcYtKTExMzCNG4NXxyhdxy5fwfRvVSKGnutGM9J5tw3Nt7NoSdrUAgJY6iCQPIdSdmx7uFUJPIe/hMe4Gtzy7L6kyneC4PoulGgulKkEQks1mGRgY2FFU7P2ivbqjXI48EBRFaVV2ZDKZx6a6435Sr9cplUoUCgXq9ahtKp/Pc/z48fuyvYsXL7JQqrKUXD9+onqdQ1N/iiRB7tBRVGNvRVCrVGDx5lX0riH6nvsXm7aqVSoVrl69imEYeyZutBO4FoUrr1G4/C28Rgk9mSKZ78fsejgmZvWlBarzM7iNOlqql9Sh58gceXFbI9R6vcGtmxNUKmVUqYEXyCiSj+WpJDWLmmMiSQF+ACndQREBDVdDSCGOH71XZcnHTCbJdvcxMjrSsV9Fe5vbRmxUAdXeyrXRujvxy2hvH7sfQkN7K1/z5422//CLHBv5cuxU4Fi93voKjjA2HY3Zc2KBIyYmJuYRpVIusHD7dbrNRQQWqp5AT3ah7aFnReC7y4akBYLARzEGENoosta/Z9vYCUJLIJv7ewfVLc1wr/3fe0mt4bBYrlEor0x4BwYG9rxVYa9wXbcldjzO1R17Rb1ep1gsUiwWW6JGNpulp6eHXC635xP6JtVqlbfeeouq1k9DXy2SJcqXOHDnT1F0ndzBYyh7XDnSKCyydOs6es84fc/9FvIm1Vvlcplr165hmianTp267/HGxavfpnjlNaziXVTdJNnXT7Ln/sU97wSrXKA6N4tdLSOrCdJHXiBz+IV1lW+e53F74gazM/OYqkXDNVGUkP5uQd1VyfQMk0qlSCVNVFXD81zCUMJxHCrVGg2rSqNUoG5ZCL9C1TbIGC4NV+X0uSdJpbcWoZuT/aZ/zVbtXRt5YTSFDEkSCLFaRFhbFdLe/tX8HgQBQbM6pMNzu1W1Sfs+ty+/mRDTXH470+CHhfUix8aCxO5FjvWCSUzMvRILHDExMTGPIK7r8t5776FpGufPn8cuvkej8DaetYis6BiZbvREbvuBOiUMsZYrOnzPQVa7kY1xZH1k77bRIZKioyT38Nh2gVu6u6/bByhVG8wXq9QaUbTiwMAAAwMDOzJWfBioVCotsaNZ3aGqakvseJy8O7bD930ajQaWZbVaUCwr8mPp7u4ml8vR09ODpt3/hI9r164xMzPLQuoEYZtRaKr0DqN3/hw1kaTnwFHkPd6X+tI8hds3MfuOkH/utxDKxqJFuVzm6tWrJBKJByJurNr2xA8pXvk29fkbyIpGsq+fVG/fnkV73wt2tUJtYZZGcQkhBOlDz5M6/AJqKs/S4hLXr10Bv4IXJDBVCy0zzIGxAcxEdrkFZKNRVz8YBAGWbVEtFbh16w5qWKbhaiAJMtkUJ08/ERmEbkFz8u8HPtVGiTAMSZppNEVvTfybFRYbEYbhKqPfTsSErXxzttvXrcZvH7d9+WZLTaVepG43UGSZXLoXkFrH97ALHE1WhI6NxYiNTUa3YrXYEbeqxOwlscARExMT8why5coVKpUK58+fX3W32y5fo7H0U5zaNLKsoKdyaIluxDYfNneCXS9iVwt4TgOhpFCMcWTjAA/SPEySNZTU/n4g2g+RIwxDlsoNFooVLMfDMAwGBgYYHBzcdkLxKLBVdUezlWUnsbcPK81kkub3pqDR9AKAaJLU1dXVqtR4kPG7ruvyxhtv0FBzVI2VSNJM8ScMT/4ntGSKnkPH9jTRCaC6MEtp8hbJoVP0PvubmxqUlkolrl69SiqV4tSpUw9E8NmI6vRFildeozp1EUkSpPL9JHv791z02Q1Oo0F9fpba0hySJFEb+hlcoVF3DJKGg6z3cvDwQdLptWkpG3283/za7nsud2dmKc1dp1ARJDQLT8ry1Iee2lR0agoMQgi+/qO/4Ws//CtkoXLh+PN8/oVfR1O0jls42ttdphdvMTFzDQlBLtPDQG6ErlTPqnHav68dv/lzezXI2gSp9mWbrG13aYobQggm5yf483/6t1yfeh9N1fmXP/ffcebghW2TkR5GmiLHvQkcm3tyxCJHzF4Rp6jExMTEPGLcuXOHcrnMsWPH1pXy65kj6JkjONXbNJbeoV66QaM8v5y80o2s3PsHbz3RhZ7owrXKWNUCTvUion4tqugwDiKJ+z8RC30Hr7a0r5UcamYAtzzzQLbleD5LpToLxSp+EJDJZBg7MLCncaAPA6qqks/nW74h7dUdU1NTTE1Ntao7mv4dD6uw4/t+S7iwLGuVoNGOpmmYpklvby+JRALTNDFN8761nnTC3buReGe1ee5kF99g6O5X0NNZeg4eRdqFseRWVObuUp6+Q3LkHPlnfmPT5R4WcQMgNXSa1NBprIUJli5/k/LEj6jM3V2OmO3fc1+SnaCZJtrYAVIDg9xaMij7KZQwoCth0zt2hr58HtFRxcnWE1ZZURkZGSGX60aauIVVmsZ1Glz86Y84fvqJdYKkEGLVhL5YWaTWqJHv6oeQdS0nndBcztSS1BoVutO9pBNdJJc9m9rH2krggNVpRhv5aDiuTUgYtWwqKopQW8u1p76s7JtgYuYqhcoikiRRt/Yvdv3hoF3cWM1zBxdjkSNmX4kFjpiYmJh9YH5+ntnZWUZGRrac3GqpMbTUGF5jjsbS2zSKl7Aqi+jJLoxUDnkPImZVI4NqZHDtGnatgFO/gte4imwcQDEOIMn390576Nn7K3JIEmq6D7cyd9820bBd5ovVlr9Gb28vAwMDdHXtnc/Kw0w6nSadTjM2Nobrui2xo1AosLgY9Xzvd3VHU8CwbXuVoOG6K4k7kiSRSCRIJpP09va2RAzTNB+69hvbtpmcnMSSM3hyNEHvXvguAzNfxch203Pw6J5vszI7TfnuJMmxp8g//aubLlcsFrl27RqpVIrTp08/0KqWrTB6DzDU+5v0nv0MS5e/RfHKa9QW5zC7ciTz/ejJ/TFHDkO46/TjqDKhIyFUk1MnjiDuofotJNywyMM0E5w8fpSbVyWshSUqVZdLb32db93+EbYfiXonxs/x6Q9/qSU8AHiBR39uiJH8QQZ6RhHS+laQToUOQzcZzo+TMjP0ZPKoGwj67ekmm/l7tFeYrN22oqj4gY/r2biWQybZ3Rqvfezm/1VFxdQT6KqO7dr4gc+jSpc2sqpVpZ3Xb/a2VXF0wsZVHM8dXIj9OGL2jYfrr3FMTEzMB4BqtcqtW7fI5XIcOHCgo3UUs4/08Esk8k9TX/wpjaV3sGtFVDONkcqh6vc+IVT1JKqexEtby8krN/EaN5GNEWT9APIG8ZJ7RejZ+PUCcmKf0l2EjJLqwat2YrC2M2YWK8wulRFCMDQ0xMDAAInE3sZwPkqoqkpfX19L2NuoukPTtFXeHXtV3eF53ioBo1mNYVnWqklSsxqjp6cH0zRbFRn7WY2xUyYmJvD9gFoyMhLOzX+T/tlXMLt7yI0f3vPtle/eoTJ7l/TBZ+l56pc2Xa4pbqTTaU6dOrVn4sb169dbppCKoqz6Lssymqah63pHk2wt08/A01+m98xnKF75JoXLr9EoXkJPZ0jnB9AzD1aYnG2kqDoKQSihairnzp1CmOkVgaL52pVa/+B5LooSndsgCJYrGNqOPQRo+kasOSdC5sCxYyS6Z7h5/RYSOuOpU/z1W/+OIPSpWRWeOfnxVQKHkCT6u4cY7TvEcH4cIW2WPLK1V0UYhiiyynDvOJIkoauROOc6No5tI2QZM5FsLRuGIQFBVIkhKwhp9bVis+dbSAIhC4SewnLqq5ZvVqe0V4Bois5w7zi+7zNf3H/vpr3g/ogQj0abTszjTSxwxMTExDxAfN/n5s2bGIbBsWPHdry+rGWR0k9x42ZIf7pM2pmhMn8L1UhipLpRjbV92DtHUQ2UriHMdB6rWsCuTuNbk8haP7JxAFm7P3GlgWtBvbhpjOT9RpI15EQXfr24J+PVbZfp+SK1hsPAwADj4+MPzZ3qh4mtqjsWFqI7iTut7mj3xtiqGqMpXvT09KxqK3nYqjF2ys2bN5mfn6dmDBDIOr2zr5Cf/ybJXJ6usYN7vr3S1G2q8zOkD79AzxNf3HS5dnHj9OnTe3aer169yuzsLLIsb+mFMD4+zujoaMfjKmaa3vM/T8+Zz1BYFjoWblxBTSRJ9faTyN3/O9S2LzNdzkTihqpy4UMXUJrXkXa9IgiRkIAQJFriBrBK3PBcB0VtVkSstCf5vossN9eJJvf9+QHq5RrT0z7j3RL/7Nn/nn+88sf0ZtenbwlJojfbz0DPMD2Z/KbCwmZ+LCu/B03IqEmNIIzaTKx6jT/7g9/j0ts/IpFM86u/899w9NQ5gjDAcS0sp0GlUUJTDQa6h1dVYLR/v/T2j7n45g+wrQaDowd58aXPoWoa8nKLz9qqkPZj0FWdsf7D2K5NqVbY8hgeBbaq4ohYXZHRGc11ovdfXMURs1882n/BY2JiYh4xbt68iW3bnDt3blcf7oMg4OrVq0iyQe+Bp1BVBaf4Lm75EpWFSWTVRE91YSTvvRJCyCqJbB9mumc5YnYJpzyLmjiEkjjJ/TAjDdwGNKR9i5AVqokv18B3t194C2aXKswsltE0jRMnTtDbG3/I64S11R3lcrkldmxU3WEYRsvcc7NqDFVVWyJGe0vJo5ZS0ynN81RXe2lovTxjf43y/GukevvJjozv+faKdyaoLc6RPf4Jus98bvPllsWNTCbDqVOn9lzc6O3tJZeL2tza0zsWFxepVqs7FjfakWSF3MmXyJ18idL171G48hqF2zeozEyTzPeTyvdxX66HIVxayCOLACE0Tp46uiJurCEMQyQhRXPLjVI8l2mKG+tbNrTWOC0kwcGDB7Acj6WFRXoTDf7bX/xfyPfmMfXkamNPSSJppEgaKQwt0RrLtursBsNMIrdVY9y4cpHJiRtouo63LFRKREJOSlZJGKlW1chGxwfg2jZ//5d/hOvYnH7yaV58KXq9qm0JP2tFkSaKojHYM0a5VuTWzLV1YzcrPToxVH1Y6NJGAGvd41Gbyk6rGdee7+jn2I8jZj+IBY6YmJiYB8TU1BTFYpEjR46Qyeyu0uLKlSvUajWOHTvWqgbQus6idZ3FrVzFKV2kXriLXVlET3VjJHNskhfYMZKQMdK9GOleGuU5GuUbBF4FLf0hkPbeGDJw6oCEbN57NcpuUMwsXnUnPcgrWI7H1HyRat0mn89z6NChuGrjHmgKGVtVd8D6aoz2tpJHvRpjJ8zPz3Pz5k16enr4/9l78+BG0/vO7/MewIsbIEEAvNkkm81udvfcl0bXSLKkGUnWeC3Jli1bkm15N/auq7KpSjapSirHP0lVUtmUs7WVjb0+di1fkS1pZF2jczQzGo1GmqMPskl28z4AECDu68V75A8QaPC+QHb36P1UsbrRfN4DaODF+3yf7+/7e2TwDOtvfpnsrZfxhLvwdx9tcr8XqfkZiqkEbWMfxn/hg7uPS6W4detWy8WNqakp4vE4oVCItrbbom69vWcikTi2uLEV//CT+IefJLf4BqnJH5FZniYfW8HVEcbTEUaUW/d5X8wFqPkyTHo6RHyB3SeKorQxud81+/HgK/LN5S2CbOfc6DneKL5OvgiFG7foe/9moaxediIIEqIoNYSGWzeu8Tf/8Y8p5rMcZs4/fP4iv/KbXyAUud35R61UNs5NawgIgiAi75D1sRuGaaKqFTBNSoU8hXyWQHtHw8GxF7Io0eZtJ+Bp35QJ0hxgulOr2budg7ss9lDNtlF3cVgih8Wd4RfnW9/CwsLiDpJMJlldXW1kMByFhYUFEokEfX19OwokNu8INu8IWmGeanacYnqJcnYNxRNE8bQhise/5Dt9YSSbQj65jJp9DbvvERBa/1ViqAUQBCTH6Yf6CZKNZpvtQUmkCyyvpZEkiZGRESKR7TZui6Ozk7tD07S3tRvjMGQyGSYnJ/F6vQwODpL8+d+Rm3sNX2c33s7elh9vfe4mpfQ67fd9DN/IU7uOq4sbfr+fsbGxluWpTE5Osra2Rjgc3jGsd3V1lVwu11Jxoxlv34N4+x6kEJ0kPfUjcotvkY+t4O6otZiVd2mtelA0QyRddqLIVRw2Nz3Dj20bY5rGjiUfhm7cFjx2Qdc1pF3aA8tbRBpZlunt7ePW1E1EweDa9auEe25PihOZKOncOl7n5v+HTGqdxdlbVNUKzddTQzfQtJoLQxTFba4Uh8NJLpPeJHDUaZ5eNwsbt25co5DL7vp8C4U8U9ffbOSVrMWivPz9b9K3Rx6NIIqMXLiMw+VGEEQcdieK3YkkSmh6dZvbo7mjy70icOzm4tjOVuXsoAsn98brYPH2whI4LCwsLE6YYrHI3NwcgUCAoaGhI+0jkUiwsLBAOIH54QAAACAASURBVBzed+IsuweQ3QPYy1HUzHVK2eYWswHkY3ZesTv9eIIC+eQSavZVbN5HEcTWt3g0KrU2fHdC5JAcHvRy7kBjVU1neS1NNl8mGAwyODh4T4VR3qsc1QX1dqRcLjM5OYnD4WBoaIi1V/+KwtKb+Lp68e4wSTwWJiRnpylnU7Td/yy+s+/edej6+jozMzMtFzdu3LhBIpHYVdyIRqMnKm404+4cxd05SmV9kfXJH5KZeZX8WhR3ewfuUCc259EChVNlBc0Q0QwnfUNDOwoWgiBucgvUu4VsHatrGpIsU9VUDE2jPjk1DBNZltB1rVGishlzYx1eIBzqYPbWLIpUZi0a599/+3+mqlc29lPLyugLD4JpbmwFPQODPPm+D2/aY6lYZGFmkoWZaQBCnd2MXn4IRbl9zQxFumjvOHjrbK2q8td/8n8RXV5stHjdCV2/3fkkl0nxT3//n/bcr+Jw8KnP/SHv/MAzAIiC1ChFiadWmFq6hmsj4NvnCuDdyI86qKPk3uQwz+12JoeVx2FxmlgCh4WFhcUJYhgGc3Nz2Gw2RkaO1paxWCwyPT2Nx+Ohv7//wNtJjk6cjk6UtgdRM+NUshNU8uvYXX4cnjZk+9E7edidPjwdveQTS5jZn6D4HgOx9ZN6o5Kv3bArnpbvey9E5WACx3q2yPJaGsMwGRoaoru7xZNJC4t9MAyDGzduoGka58+fJ/Wzv6K4ch1/7wCejta6iExDJzkzTSWfpePhT+E58/iuY+viRiAQYGxsrGHjPy4TExMkk8k9xY1sNnsq4kYzSnsfXe/4bTouf4TU5A9JT71IYT2Bw9+GJxRB8RxOkFvJ+rBLGqLdR6B99xbaL373W8QTMdBFLj50P2MXH9g2plgs8forL7G4tEBqfRnJqE3SlUA7w2eGGHv4CULBEJsDPDbYmKNKso3RC+eYuDaBRynhln2sFOYawxx2J7quUdWrDZGhs6efz/+rf7Npd5Vyib/50z9uCBxPvOeD/Opn/8U218jWU9gLE0AQKBbyaFV1z7HN78N8tjlQenttjyR3IO4iyv3jj/4TX3/l7xFFCbtN4dfe93u878GP3jPOjWaeGXXwzcnNLo5XZoMHzOHYzdGx/bFVqmJxWlgCh4WFhcUJMjc3R7FY5OLFiyhHtCxPT9duBAcHj9b9QLS34wi9C6X9oUYgabaYwebwoHjasB/RIWF3+PCG+sknFm87OaTWtz/VyzkQBET78VvhHgZBVjC1yo6/03SDlUSGVLbYcOb8Ird+tbhzTE5Oks/nGRkeJP/GFylGJwn0ncEdPPgK+EEwNY3k7DSVQo7QY7+Ju++hXccmk0lmZ2dbLm6Mj4+zvr5OJBLB798eRFwvSzlz5gy9vccry8lmsyQSiUO77myeIOGHP0Hw8tOkp35E6saPSNy8geLx4u6I4AzsLlbUyVXtIIoYpklb0Ltnjs/K/BQzs7ewCQqhno5tAkexkOPP/93/RiqfxCY4kAwBVahgYGBPp4nPz3L1Zz/nk5//ApGunh2OcNvFEQi0YXfaKJTg8eH3c2P95wBU1BLr2QTZYpp0bp12bwiHfeeyMbvioFS8HTyaz2e3iRt1kUKSZTAhEdu7LavNZufz//K/IZ/NYhj6nmMPg2yzMzC088KEYRiUKrXnUSwXyBZa033r3uNwmRyWyGFxGlgCh4WFhcUJsbq6yvr6OoODg5sC8A7D9PQ0uVyOs2fPHlkgqSNILpTgYw1Hh5q9Tj6xiGx34fC2YT9C5xKb4sEb6ie3Vhc5HkGUW19SopeygIB4DNfJYZGdPqq5tW3/nsmXWF7LUNX0lkykLCyOgmmaTE5Okkwm6e+JULr6d5TXZmjrH2p5+1JdVVmfnUItFQm/43O4ui/vOrYubrS1tTE2NtYyu/5+4sbKygr5fL4lTqpsNsuVK1cAKBQKnD179tA5L5LdTfDSMwQvPVMrXZl6kfW5m9gcLtyhCO7g7u22M2U7ull73Xq69nahVCoVREGiaqpIbHYbJNfW+Ls///fk8lm8aYNKG0ScfoyuEEa1xPrcAiCQzEf50hf/hM98/vMEOgaoT1p1Q6sFcNZdHKJI0OdjtZSkL9DLJz7yGUxM0vl1nn/ty8RTK7gdXjxOH+2+EKIgNgWC1vZZLORYmLnROMfZqXGKhTwud82lZ5omL37361z52SuNgOx8Ns3y/My2526atZa4AgJ9g9uFiEq5RCa9TjadIrOeJJ1KoG+ElIqihMPppC0YIhAM4Q+04fEFdn2/mqZBsZKnVCmg6Rq94TOEAl2NgNK+8NHKT99+bHV0bHW03HsOF4t7D0vgsLCwsDgB0uk0y8vLdHZ20tOz06rY/iwvLxOLxejt7d3Rin1kRBv2tvuxt91PNTtBNTtOPrmMZEvg8LSjHLLFrGx34+nop5BcQsv9FNn7CKLc+javeilTc3LYTilQUpRBEGGjQ4AJrKylSaQLeL1exoaG8HpPPx/EwiKTyTA7O0s+n6evsx194h+opJYIDp7F4d/fIXAYtEqZ5K0pDE0j8q7fwxm5sOvYRCLB3NxcS8UN0zQZHx8nlUrR2dm5Y/bK8vIyxWKR4eFhurq6jnW8RCLBjRs3sNvtBINBYrEYb731FmfPnj1yu+f20adoH32KzOxPSU/9iPTiLPnoCu5wTegQtnTxKKkKhiHi9Dn2FVbKlRIyNgpkkbbc1r/52qsUMnlMTHIBkQ/90tM88dTTjf+X5cV5vvyf/xx5coqcoPC1/+85fvsP/qixvSTK1MtWTLMmUvg8AqsxEIxaW2aHw0HQVxNrEpkosiTjVNyM9l/ecXF/ZnKc6PJi4/HS/CzT41e4/9EngVr46bU3XuONV19iUzDpDtkapmmgGwayKG97r5mmwY2rb3DtjVeZvznJWnyFSqncEE1M00SWZTxeLz0Dw5wbu59H3vkU7buUdWmGzno2QSqXpKpV+KWHf5n3PfRR3I7a+/FeaxF7EA5eptLMbqUq9fInwcrjsDhxLIHDwsLCosWUy2VmZ2fx+XycPXv2SPtIpVKNdo9H7bpyEGy+C9h8F6jmZ6hmr1NIrVLKrjWEjq033rvuR3HhDfWRTyxSzdZEDsl2NNfKXujFNLgExGMGpR4USXGjl3NkCxVWEmkqqkZfXx8DAwP7b2xh0WLK5TKLi4vEYjFsNhtDPUHK175ENRenY/gcireFQihQLZdYvzWFYQqE3/X7OEK7d5yoixvt7e2MjY215PiGYTA+Pk46naarq2uboGiaJisrKxQKhZZ0Lkomk9y4cQNFURqfcUVRiMVi3Lhxg/7+/kPlIG3FP/gY/sHHyC9fJX7tO2SWZ8itLuMOhfF0dCLabJimgGpKOGSV9gO0ynYoTlKksaGgo2363fiV1zBSawgBLx/4wLO8433PbPp9T98A7336I3yrkKdqFijkUqwnVgmGaqK8idmkMdREDtEVARJUdRv5fL4RqGyaJpquUawUKJSyjaBRuO3eMAyDV154vtHyFUCtlHnh21/lwn0PYVcciIJI38AQseX5xphyuczq4ty2526YJtVqBVM2sMu3HY6rS/N87e//kjdffYl8Nt0IF60HhAqCgGGamIbB+lqMhZmb/PzlH/Ly97/J+z/yq7z7gx9DFGvuk/q5q9UyK8kF1tKrVKoVgv4IHqd/W+eUt5vIcfiuKTUC9p0XdtLqEnCY9rQWFofHEjgsLCwsWszc3ByCIBw5VLRSqTA1NYXL5eLMmTOtPbldsHmGsHmG0ItLtRazmXkqhQzuYC+y7WClMZLNiTs4QCFVEzkE36OIttauJgPoxRS4/Ii2ky9XERU3i0tLrKXyuFwuLp0731o3jYXFAVlYWGBhYQGArq4uOtwCiZ/8BXopQ3B49NAhlvuhFgusz0whyA4iT3weJbi7qHcS4oau64yPj5PJZOju7sbj2Rw0bBgGKysrFItFzp0712gffFSSySQTExM4nc5N4aR2u52+vj7i8TgLCwsNMUWWj34L7em5jKfnMqnFcZbf/AZGbI5cbLWW0RHsRNUERFHE5dvfCacoCrqpYxcUdG7nT0zdnCWXTSMHgrT7vDz0+Lu2bWuaJhcfeJiF6DoADpuB3XZb1BYQMAUarVXBJOCo/b6qS6yurDRcLaIoMhAZois4QF94CHGjfW2zs+JHz3+NV37wLQD6h0ZIryfJptf56YvfZ3j0Ih/91GcRBIGPfuq3eeYTn2m4IlYW5/gP/8f/xOLszS3nb6Dp1U3tbkuFPF/8f/8tb/zkRaCWo3Hx8kNcfvgJuvsGcbhciIJIVVVJra9xa/I6b732MonYKjcnrrJwawqA93744wDoho4kSpTUEiuJBWLrK6jVcuP1M02z4S55OwocAXtvQ5Q4+Da7u1ZrbWlrQoclclicFJbAYWFhYdFC5ubmyOfzXLhw4dA123WmpqbQdZ1z586ders5ydWL5OrFVlqlFP0OheTihshxMMeEbFfwBPsoJJdQsz/F7nsc8UScHBkMqYTsObmwslwux8LCAqVSie7u7iO3+LWwOA6xWIzFxUXK5Vob4q6uLoRinPjLfwHVEu3Doyju1nYZKuezpGamkZx+Op74HEpg9wnL2toa8/PzBINBLlzYvXzlMGiaxvj4ONlslq6urm3ihq7rLC8vUy6XOX/+/JFLR+qkUikmJiZwOBy7dl4Jh8PY7Xbi8XhD5NgpC+QwtPWN0dY3xvSVn1CYfQUSt8gl19FDZ5AlA1He/zukXC4jCTKqWUFuuq1fXdqYlAoCzjYXNtvtNrBmk2AhCAIfeeZDbIRZIGxZqb8tctTGsxH2bJc0yqVSY5woivSFh+mLDNHZ3rvtu2viys/5yl//KWqlgiCIvP8jv8rywiw//NZXqaoVnvvbv8CuOHjy/U/j3iLWhTt3z1QRRbGRgwHw3X/6B9567ccAhDq7+MRn/4DH3/NL2O07C/Xv/fDHWYut8OUv/gk/+vbXUNUK3/iHv+L85QeJdPchbrwesiihGzqlShG9qVzm7e3eOAxmQ7w4CDXhZNkKHbU4EVoTa21hYWFhQTweJ5FIMDAwQDB4tC/sW7dukclkOHPmzJEFklYgObtwdT+NaUoUEotU1eL+G9W3lRU8Hf2Ikkg1/yaYrUu1b8bUVaqZVYxDnNtBWV1dZXJyEtM0uXDhgiVuWJw66XSaq1evMj09jc1m49y5c7VOSrkV4i/9CYJWof3sCYgb2Qzrt6aQ3UHC7/z9PcWNeDx+IuLG9evXyWazdHd3bytL0TSNpaUlyuUyY2NjxxY30uk0169fx+Fw7Ft+EggE6O/vR9d1rl69ysrKyrGOXWfkvicIP/rrrPd8HLXtAggSqi7v2Tq1jqpWkJDQUBGabuuF4iw2wU7JzOFUgtAkAmwXzgWEHcSNOppa2dhGwMSgw51DljQK+dvXXkmQCLd1E2nroc0TbOzLMAxeeP5r/D//+//IWrT2ej30jnfzng/9Mh/71Gd5z4c+hizbyOcy/NV/+Lf87X/8v4kuL2w6frNDY8tpI0t2ZKn2Opmmyez0OMZGScqDj7+Hd//SR7HbFQxDR9+lw0oo0s1HP/HbBDbCeaPLi43OLcKGE0WSbud87CRivJ3FjYMIF4cRN25vc7R8MguL/bAcHBYWFhYtIJvNsrCwQCgU2nUFcD9WV1dZXV2lu7ub9vbWl3YcFlEJ4+p6hmL0OxQSi3g6+pAP2MVElGy427vJxueoFsexuXfvunBc9FK2pd1V6hkHkUiEoaEhJOlgOSR3mmq1SjKZJBaLYRgGkiQhimLjp/nxQX63ddXc4nQolUosLi4Sj8ex2+2cOXOmMYkvxW6w9uO/RLLJtA+NIiutzaIpZ1IkZ6exB7qJPPl7SHt0VqqXbLRS3KhWq1y/fp18Pk9PTw9u9+bW0KqqsrKygqZpXLx48cjdqepkMhmuXbuG3W4/cLaGw+FgYGCAWCzGzMxMw81xXLq7u3G73UxPt+MsrFHRZQTUfSMQHA4nSVLYcWA0lagYtm403sCGA43qjtsbhoEoSvs6BW322vtMEAQkSSJR8CJLtWOpmVXsvgiCIOJx+vA6vdjkmltkdnqCH37rK7zwreeobrR+HT5/kU9+7g9QHE4Uh5NP/+4foes6L3z7ObSqyg++8WUWZqb55Gf/Cy4//MSe5yUKYq2VbPO/NV2vDUNv5GiI++RJ1cc2ELY7WW7/6nSdlXc7xxEqAvYe3jG4ZJWqWLQUS+CwsLCwOCaqqjI7O4vb7T7yjW4mk+HWrVsEAoFjtzhsJaISxNn1NOXY8+TW5vF09GNT3PtvCMh2F05fB6XsPKItgmQ/Xo387phUM6uIigfJcbyuJqurq43ONaeVf3JcisViQxwDkCQJu92OJElomtYI2NN1HcMwGj/7YbfbaW9vb/xYnCyGYbC4uMjiYq3DRHd396ZrQWn1KrEf/yU2p4vg4AjSLpb7o1JKJVmfv4USPEPkyd9BtO/+Oa+LGx0dHZw/f74lx1dVlfHxcQqFwq7ixvLyMoZhcPHixWOXh+RyOa5evYrdbj90aLAoinR1dWG324nFYg2RY+s5Hxa/38+lS5d45eUfI4s6akWtCRP1BhR1mubXNpsN0zSQBdsmgcOmODBNA0mQKJUKNVdDkyOkLlbsppzoWhVpBweJodeuHboh4nAIYFTB0BEAWZYbQkIiHuXLf/2nvPXqy2haFYDzlx/kt/7Ff0V/U0tXl8fLb/3zf43L7eGH3/oqxXyOpblbrCfi+75eorBZnBEEgbPnL/Gzl35Atary5k9f4qXvfp3H3v0BFMfujsh4dJlv/ONfk0nXskg6e/oId212JJiY6LqGYepvW6fGYWmVAyNg77VEDouWYgkcFhYWFsdkfn6+saIoioev/KtWq0xPT+NwOGoW9LsMyR7A2fkMpdjz5BMLuIO92A8oJDh9YdRSDq144wQFjhpGJY9RySM6/UhHcHQkEolGa997QdzIZDKsrq6SSCSAWkZAKBQ6cGlTs9hhGAamaTZEEE3TSKfTrK2tEY1GkSRpk9hxr7ha7hWi0SgLCwuoqkpHRwfd3d3Y7bczE/KLr5P46V9jd3kIDo4g2vYvXTgMheQa6cVZnJERQk/8DqJs33VsPROkleJGpVJpiBu9vb24XK5tv19eXkYQBC5dunTs9sz5fJ6rV69is9no6+s78op8MBjE4XAQi8V48803GRkZOXbYqc1mQ1EU1EqJiqpTz8aguaNJk6ujlsEhoZoVJG6/L4ZHR3nx2yJGLk0+6aCQz6EoCpsFDQHD0Hnhu9/GBHRT57HHnsTfFtxR3ADQyrWyFJuk4Xc5kBQ7gihiYlJWS1SqZRS7k45wJxcuPcTVn72C1x3gnR94hg89+2kiXdtLGZxuD5/5/f+S+x9+kh98+yv09A3yzvc/ve9rtdP/27s+8BGu/PwnvPXTl0nEovzZH/+vvPS9bzB2/yP09A/icLoQxFrIaHo9wczUOFd//grx1WUA7HaFD3381wlFNrcbrnWJqR5IHL4XeWbUwTcnywce3+rykprIsWzlcVi0BEvgsLCwsDgGi4uLZDIZzp07d2RL//T0NOVymQsXLty1E0fR5q2JHNHnyScW8XT0YnccrGuDyx8ml1hEK04iu0ZP+EzBKGUwKzkkVxuCtPtErZlMJtPoAnHU1r6nRSKRYHV1lUwmgyRJdHV1EYlEDt3VoV6Ssht110Y6nW78rK2tNX7X3t5OMBjE1uLJ9i8SqVSKhYUFcrkcPp+PoaGhbdeR9MTzpMefR/H4CA6dQziCiLoX+USUzNIC7u4xQu/43T3H1sWNUCjE6GhrPsvlcpnx8XHK5fKO4ka5XGZ5eRlJkhgbGzt26VSxWOTatWu1UMy+vmNfc91uN/39/cRiMaampigUCscSqkVRRFEcVMplMrkitwsedxY6NE1DRMKgtKmMojMSIhzpZb0K+WKWF77xj/yz3/7ntY2axk1OTPLaC9+jYpZo83XywEOPb2qP2jjQBkYlB4AkGAR9tkaHFVmykUzH8LkCOOxuFJvC+z/yz8hmUtz/6JOMXnpwbyFJELj08ONcfOjRjYcihmk0urHsRrObQhAEPL4An/9X/4av/s2f8dpLP6CYz3Lt9Ve59vqrjde3/ozMJrFCkiR6Bgb50LO/wVMbHVTq+xcEAd3Q8Th9BLxBKtWDCwFvN04yN6NWrmKJHBbHxxI4LCwsLI7I2tpao5zhqKt2c3NzrK+vc+bMmWPbm08aUXbh7n6GYvR58oklPMEe7HvU6NexObwonjYq+WlEWwTRdvJtVk3DQMsnESQbsrsNhN0nMaVSiZmZGdxud8smbSdBvQylWCzidDrp7+8/9mrxQQgEAo3WuLlcjlQqRSaTYX19nZs3bxIIBBqCh8PR2kyItyOmaZJIJEgkEiSTSRwOB0NDQ9vKgNTUIsm3vkIlOY87GCLQe2ZbLsBxycVXya4s4u69j9Djn91z7EmIG6VSifHxcSqVCj09PdvcR/XyK5vNxtjY2Dbx47CUy2WuX7+OaZr09fUdq9VrM7Is09PTw9raGsvLy42SlZpj4nAIgoCi2HHZK6i5FQzj/Jb8iM1Ch8PhQCOJTXCgo23a14X7HuR7sTlkFabGb/CNr/4dDz/2XpxuD6paIbF8i+9+/atUtDx2FDq62gm27X1NT5RqooCqy7gd9fejyUBkmFQuSVktoetVsCkoThe//rv/atP2VbXS+LtthzKreqinYRqU1SIuZW9Bq95KtplwZw+/+0f/HU+854Ncf+NVpieukohHqVarZNZrjjdRlGgPdyLJMgND5zh/+UEeeuI9m0pTmvfrUlw8MvouvE4/PpefUKBzz/N6+3G4LinHOY7VPtbiuFgCh4WFhcURyOfzje4BRy1niMViLC0tEYlEjt0J4NQQFZydT1OOfYd8chl3u4ni2l+wcPnCaKUcWnECu/8dp3CiNUy9SjUbR7Q5GvkchqEjyrUba03TmJmZQRRFRkdH7zoHTbVabQgb1WoVr9fL8PDwscMVj4rX622UBxQKBdLpNJlMhpmZGWZmZvB6vQ2x424X7E6DcrlMsVikUChs+hNqE9Oenh66urq2bZeZ+A6p8W8jyTaCZ4ZxBFq/opmLLpONLuMZeISORz6959ipqSlyuRzhcJhz58615PilUonr16+jququ4sby8jJOp/NYbbfrqKrK9evXqVar9Pb2bioBahWhUAhFUYhGo42SlaPk1/gCftbia3iUEsViaRfXSk3okCQJTANRkDHZXD7xwGOPM3HlVWIrq4iCwOs/fZHxaz/HY2+jqOUwylVUrYogiLi8bp75+G8gSLs7skzTpJirl6gYyJIAho5paFweeqR2VoKwq1NjdnqCb/zDF0klYlx68HF+5TNf2HGcbmjkS9nagw0NxLkhbonS9lDUnY4nyTKXH36Cyw8/gapWWJ6f4bUXv8dX//bPAQgEO/jU5/+Qiw88SnswtK946LC7eOT8u3jw3JNomopDaV2w9b3A6Ygb9faxS5bIYXEsLIHDwsLC4pBomsbs7CxOp/PIoaK5XI7p6Wn8fv+Ru67cKQTRhrPrGYzFr1DKxLE7vQh7OCRq20g4AxHyyWW00k1k5+mWgRjVMkaTrVgXZWyeDmZnZymVSly6dOnYq8OtZGtwaCAQIBwO4/MdrCzoNHC73bjdbnp6eiiXyw2xY35+nvn5eVwuV0PsuJvO+yTQNG2biFEsFtG02yvqDocDh8OB3+/H7/fvOGlVU4usX3mOcmIWV1sHgZ5+hBa5DJrJrCySj6/iHXyC4EOf3HPs1atXqVQqDA4O0tPTGnt6sVhkfHy8ITZsdf4UCgWWl5dxu92MjY0dyQnRjKZpm8pgTtJp5PP5UBSFWCzG+Pg4AwMDh77GB4NBbnGTsmZncWmeC+fH2C0MtJbBIVMxy8jYNlWgOF1uPvuH/zX/+MU/Y3r6Go4imNUqa/IiBgaK4EJOpAhduo9nPvFr+AK7Cae1HWpalVR6HZ+jiNcbQJAdGNU8lAREmwtEGVOQa2VUggSCWPvZ2H55fpbXXvo+VbWC4nTVxGZRQtUqlCqFRomNpmtki2kCnpo4JNlsjF58gGIhj9vjw92UwWJuOFnMpjKarWUtdrvC4MgFMql1EP4CTJO29iAPPPpOvP7dBfqtwokkykgi2Jra0r6d28PeKWoixzLvGExa5SoWR8ISOCwsLCwOyfz8PJVKhfvuu+9IFmdd15menm60gLw3EbB5LlJef4FiOoa7bf/OL3anH7srR7U4iWTvQpDu4Aq/oTEzPUEmW2RkZKRRgnGn2RocGgqFCIVCd5X4shMOh4POzk46OztRVbUhdiwtLbG0tISiKI3MjrvltT4qOwkZ5fJt8UySJFwuVyOA0uVy4XA49nUHZW58j9T1byJJNtoHhnG2ncyNfWZ5gfxaFN/Zd9N+/7O7jquLAqqqcv/99x872LNOoVBgfHwcTdPo7e3dJl7k83lWVlbwer2MjY0dO+PFMAzGx8cbrWeP6wQ5CIqiNHI55ufnGyUrB3WIud1uPF4PpUKGfKZIuVzZVZR54MFRZmNnERBp6+zepoPIssyzn/4ca6srXHnrNZIrC6wsreL0KHRG+rn0G0/QPzBcEw32majH1xJoqo7oNIh09yK5aqGloihvCBkA5kb72fqJCLfdEQJo1VpHlXpnFROTXDHLcmJuU4CnU3HVcjJME5vNzq985vd59je/gCgIyLbb7hthw8ki7CIANWMYt7vMmKa56fFRqbWgFRtBzRatIWDvsUQOiyNjCRwWFhYWhyCdTpNKpRgaGjryqvT09DTFYpFz587d0wGNoq0dm/sclcIUNqfnQKGjLl+ETClPtTiO3fvoKZzlziTSBdazRQYGBohEInfsPBrnk0gQjUZJp9ON4NBwOHxPvj/sdjvhcJhwOIyu643PTCwWa+QpNHdkOWoHi5OmUqlsc++X2QAAIABJREFUEzIKhcKmSYzT6cTtdtPR0YHT6cTpdB669KGaXibx1leobLg2/D39iCfg2gBIL85RSMbxj76Ptksf3XVcLpdjdna25eJGPp9nfHwc0zR3FDey2SzRaBS/38+FCxdakpExPj5ONpulu7v71MumIpEIiqIQj8cbIsdBvzeGR0a4ee3HlFXIpGI4unZuZfvwez7Jw41HO0+wFUWhs7eX3jO18FPTNAChkXdR23L7tppWRd7oplIpl5i7eRNF1shUfHjbuvcIKW4WNfb5fJvgtDsYiAxv3oMgIIkSqlbGLis4nK4tm5kICJimwYvf+foOwaibUStloisLDREntZ7khW8/R6B9/zKInoEhhkcvbjq3+p81ocRolOZYIkfrqIkcVrmKxeGxBA4LCwuLQ1BfWezu3t+xsBMLCwskEgn6+vruedu+IErIznMYlSil9Br2zv2fjyjbcPnDFNJRdPsiknL65TmabhBNZmlvb7/j5UHRaJTV1VUKhQIOh4O+vj7C4fBdO+k/LJIkEQwGCQaDmKZJJpMhlUqRTCaJxWKIorhJ7GhV6ONh0HV9RyGjurHSDDXRxul0EolEGo6MVrhqMlM/IHX160iSTPvAEM62k7uJT83PUEwlaBv7MP4LH9x1XDweZ2FhAZfLxfnz51smbuRyuYa40dPTs03cyGQyxGIxAoEAY2NjR2q5vZWJiQnS6TRdXV3H7r5yVAKBQCOX48qVKwwPD++Yu7J9Oz+iI4KzEmNuLkpHqHvX1q0HQW7aVtinMwnUHA6SJNcm7KbJyvIqPqVIpuwmoc/xn797ZcftJFHG7fAw2D3KA2cfZzfR5fa5CLgO2HZ803Ybjo1iPscLzz/H1LW3DuXISCXi/N2f/bt9x7k8Xj70y59iePQipmlSKGd5beJFFuIzPD72FOf773vbXK/vRqxMDoujYAkcFhYWFgfEMAyKxSL9/f1H2j6RSLCwsEAoFLorXAPHRqx9hcjuMSqZn1DMxHD5939eiqcdtZxHK9xAskVAbH3Y316spfLohsHAwM4roqeBqqpMT0+TTqfxeDx3NDj0tBAEYVNHlkwm0/ipl+S0tbXR3t5OIBA4kVKCUqm0TcgolUqN38uyjKIoBAKBhojhcrlaHj6rZlZIXfkqpfgtnIEggd5+xGNMXvdjfe4mpfQ6bZc/iv/c+3YdNz8/z9raGsFgkJGRkZYJTtlslvHxcYAdAz7T6TTxeJy2tjYuXry40y4OzeTkJMlkkkgk0jKR5qjUux7F43Fu3bpFoVDYtx21KIp093QzOZHFbc9wY/oGF86NIQoCBgZiPfdoazfXpse6ru/z3t28Qc19YG4TQPLFAonECmrFxUrmGs9d+dKuxgxBEIm0d+HztO14To1j6Qbzt6bo7O47Uncgp8vdOJ7icCLbbOh664UGh9OF3VG7FpmYFMoFfjb1MtdnXqfDH+F8/30tP6bFTghWuYrFgbEEDgsLC4sDUp8IHWUlsFgsMjU1hcfjuaMT61YibKywirYOZOcg5dwsNocHm7K/DdzlD5OJzVAtTmDz3H/Sp9rABJLZAqFQ6I51+cjlciwuLqJp2qb8j7q1+RfF4lwP24Ra6UJd7Lh16xawsbLrcuF2u3E6nSiKgt1ub/zsNfmuVqvbhIxisYiu317hdTgcOJ1O2tracLlcjWOcNKfp2gBIzkxRzqZpf+BX8A2/a8cx5XKZ+fl5crkcfX19Lb1GZTIZJiYmahP27u5t4kYqlWJtbY2Ojg7Onz/fkmPevHmTtbU1QqFQ4z12p6mXntntdqLRaKNkZS8nUHdPN0uLixTyIOViRGNBuru6EGkSLZovF1vm94cR5gTYyNHYfP0xywUmx2+gqRq6AT+efXnPz54oCHhdAdyKZ2Nf9f3VyzpqVSIrS/P8yf/5v2xpgbs/kiQR6url9//1f4/icOLyePn4r3+eZ3/9dw61n8MQjNQcN6ZpYpgGgiDicwfwOO9tF+a9Qj10FLBEDosDYQkcFhYWFgek3hHhKO0Fp6amEEWRwcHBVp/WnaOpc4rNdQFTjVPOxLGF93+Oks2Byx+imFlEtIWRlP0t260gkcqj68aBLOInQSqVIpFI4PF4CAaDm95LzfXbvygiRx2Px4PH46Gnp4dSqUSxWKRSqWAYBpIkoWlao1NJHUEQkCSpUQNfrVZRVbWxbR1Zlhuhn3Uhw+l0tqQE4jComVXSV5+jGJuuuTZ6+hFPMGPF1HWSs9NU8lmCD38K75nHdxyXTqeZnZ3FNE1GR0cJhUItO4dMJsP4+DiSJNHT07MtU2Z9fZ1EIkEoFGJ0dLQlx5yZmSEajdLR0XFXuqKCwWCjy8qbb77J0NAQnZ2du45/+JGHeen73yVfkSnPTOL1ujccKTXBoDl7Yn/HxpbxmtZU9iJsGCluqyS6pnHj5jy6mkcWTWSXi3/5yf92z/0LgoAs2wh6wzUlwzQAaSOWQ0S22VArFVKJOKlEfM997YamVdGbOhSdv/zQkfZzWARBoM3Tzq+973fJF7P0HeC77l7hm5Pl/QfdQeqho2CJHBb7YwkcFhYWFgeknvB+2InR1NQU+Xyes2fPnsoK8WkhNK+8CSKy+zyV7M8p5xM4PPuvSju8IdRSHq14A0npZLc2iK0kmS0QCASOlH+yX4jdfkSjUUqlEm1tbfj9/m3vo2ZRYyeBoznY7jQ57TaIdQGiHtonimJD/NF1vfFjGAaapjUEkWKxCNTEknA43CgxuRuCWjPTL5C68jVEUaKtfxBXe+tEhJ0wtCrJmWnUYp6Ox34TT9/OE8DV1VWWl5fxeDyMjIy03NW0traGruv4fL5dxY1IJHLkdttbmZ+fZ2VlpZHpcrfi8XhQFIW1tTVu3rxJLBYjEonsKHRIskyoco016QEMASYnxhkdGcTbVisHNA0TQapdE3YTN5qFj+brmLSHE0PXNWbmb5JOp7EJEOjo5vzo8MGvP4IIRrVWobLRKrZ/cJgPP/tp8vnMwfaxA6Io0dYewnYHvktFQcRhd9EXGmr8W717yr0sSt/t4kadzSKHlclhsTuWwGFhYXHPs98NV6tuPI4icJTLZeLxOL29vfd8e8ytbK3TFu1dSI5eiuklZMWDbNu5rWEzTn+I3NoC1cI4Nndrau93I50rUVE1hoYP797QNO3IeQS6rjM7O0u1WiUSieD3+9F1nXw+j7FRMuHz+xvv4/oEpPl9W5/sn7bIsZ/octLn0rxvrVoll8s1nFQdoRCiKOL3++/aSUY1G2P9ylcpxaZwBto3XBsnmzmjqRVSM9Oo5SLhd3wOV/flbWMMw2B+fp5kMkk4HGZkZORE/h/Pnj2LIAisrq4CNNwhiUSC9fV1Ojs7982iOCiLi4ssLi4SCATo6GjNxOflVTvv7FJbsq+t2Gw2uru7yWazpNNpbt68yfz8fKPdcrMYHu4/T/nWzzA6LpIrSVy5OsW58xLBjnZEaf/vo2bhY7fvL12rNtwclVKR6YlxCsUcNsGkww8D3Q70wsrBnpwoI4gKomQHyV77rhBE+gZH+PQXWiNmQc0gUtEN7OJth+VWmq+drXiPb73G1K87d+P15yDsJW48M7r/d/hpU++sYmVyWOyFJXBYWFjcc9TS3aXGzUrdxi6KYuPmrb7a29y+zTCMxuOjcBSBo77N28m50UCUbhdUb2BzXcBQ45Qycbwd+4ex2hQPDm+Qcm4Wyd6JaDu5m5VEJo/b7SYYPNwxjiNuFAoFpqam0HWdwcFBfD4fpmly7coV5jfacAI8/OijDA7X2iTu1mqwlTfpB6W5DSKwo+hS/3ur2KlMxzRNrl29yszNm7XuJqbJAw8/zPmxsU3neTeRufkj0le+hiCIBPoGcQdP1rUBUC2XSM3eRK9qRN71BZyR7ZkWxWKRubk5isUiZ86cobe390TPaXh4GEmSWFpaaoh3qVSK7u5uhoaG9t/BAVhZWWF+fh6/3084HG7JPl9etW/6EzgRscPn8+Hz+SgWi6TT6YZQEw6H6ezsxOfz0XH/xzB0ldXFKXDfjyKVmJ68QT7XTv/ACJK04Y5pDhjVtD0dGrepfW4kWcY0DdYScZYXFqmUCoiYODwy/b0q2vrrqKra6F6yF4JkR3QEkJwdSI4OcLQhysJGxsdxrxX16wNUDShXDRZzGtdXyzx9F07I7yYO49S4G8WNOlYmh8V+WAKHhYXFPUF9AlW3qzfb1uurU83CQ31M/d/qY+vCx1FWW44jcJx2vf9pIXs60HJrjceCqGBzn0fNXaFSTKG49q+Bd/nCVEs5tMIE9sDOIYjHJVesUCipnD17+A44WyfamqY1WojuFXaZSCSYmppCkiTOnj27qSwml8uRy2Ybj5uzJXZiq5CQz+eplMsnNqkXRRH3ho2+ftytxzpJwWWn51XI5yk3dTypl6Tcbai5eC1rY/UGTn8b/t4BpBN2bQAUknEyS/OINhfhd30BR2h425hkMsn8/DySJDE2NnZqZRxnzpxBFEXm5+cRBIHe3l7OnDnTkn1Ho1FmZmbwer0t6U7VLGjs9ruTEDrqHXtUVW10ForH4/j9fjo7Owk/9KuEH4KVpQVuTs9gGAYry0nK6UWCfQ8SDAY3OTUOJm7UME2TYqHA6soyhfUFChUnIBLwi1w8ayKKdmyhDkzTQM8X0fIFTH1nxwSAqVcxKzl0E0y9gljNIkhOBFGmFaWI1UqZaimHUSkhe0Ikyr2Y3J7A382T89PguCUn98Lr11yuYmGxFUvgsLCwuOuphwlCbeKl6zrZXJasFkPVS5imSakqUtULGNQmQCJObKIbp73m2LCJDny2CG6nG1mWG90U6tb2g1AXKw6TTF/f5rRzE04LQZQRbU6M6u2Jp6T0I1WiFFMxZLunKcRut50IOP0h8slltNI0srN1FuY6yUweu92+Z5jfTqiquikIdHlpifnZWdbW1pAkiXAkwuX779/WCWFpaYm5uTm8Xi+Dg4PbHDzNE3WolTLtR/09FI/FGL9+neTa2j5bHI7mz4LdbqdvYIAHHnxwY2V3u7hR/7P5vX0cwWXrZ2TrvppfIxM2BYneLWRuvkjm6j8BJoG+M7iDrXET7IWuVkgvL1DOpHB1nSf44KeQnNs7hywtLRGNRvH7/YyMjOBwnO4kpr+/v3H9blWXlng8zs2bN/F4PC0JDt5L3NhtXKvFDrvdTigUoqOjg0wmQzqdZnJykvn5+Y2cji46Qp28+cbrlIs5ylWJ+enrrC634/V76OzsxqEoBypdqapVkukkqbUUaiFOpWogCSKSaHJuWCHYJiFQBbMm6AqCiOz1IHs9aIUCer6AsSH2bsLUMaoFqBbQC9GWvj519EqFXHSJYipJp7+T0YtP80K2Vu70zclySybpW4Xlu60MpZXZGfeCqGFhcVAsgcPCwuKupT55kiQREwNVL6NpGvlCnkRyjeXSNYr6OroBqbxAWUujkQRAph1FbqPdYyKJ4JICdDkvEWoP4/V4kUQZRXIgi3Kjdne/G5fmcpeD8nZ3cABIrgBGZvOE3eYeo5z6IaVsDE/7/hZ4u9OP4s5TKUwiymFEW+taO5YqVTL58pEmVTt1zFlaXETdmFxr1SoXNsok6sTjcebm5ujo6Nhzlbq5eeJhb5oz6fQ2kaSVVFWVdCq155jmz8HSwgKxWIxMOn2k49nsdrq6uhjcKGfY7fUwqb1ed5tcWM0nSF99jsLKOA5/G/7ufuRTKEsrJNfILi9gmibt9z+L7+y7t43RNI25uTnS6TRdXV0MD293dpwWrSyHSSaTTE1N4XK56O7uPvb+Dipu7LZdq4UOQRAIBAIEAgHy+TzZbJb5+flGTsfYpUukUynmZuepaipqLotWSrCyuIrdKeP1BfD7/Ph9HhTFUWvYaujk80VSmQz5Qobceh4An6NAruxCECQcXpmHLvYiyyKYKqZRxjTKYJQbQgeA7HYju91opVJN6DhlwVFWFNoGhnG2tZNdWSb+47/gkd4HaLv0Eb6z5DqWyLFbbkdd4Kh/r98JWiVqvB0Ejdt5HBYWm7EEDgsLi7uOumOjfnOha1XW8stMJV5jLR8jX86haVVUo4SJjmmCZoCJ3tiHToaSViCWq8VECERZyswjJ2y4HR5C7ggXOp8g5OlrpPvXMzp2u3kxDOPQQsUvgsABIHuCaPlk47EgebB7LqDmJ1BdWeyO/buWOH0RqqU8WmkSu+2xlp1bMlNAEIRDuzd2+/+u52ZAzVVQdwNBLVB0fn4er9d7IAv+USbqdrsdt9tNvqnE5SQ4iKukzsrKCksLC5SOUTZSLBTo6u7G7fEAO7ue7jZhAyA38zKpt74G6AR6B3B3HL9MYj90VSWzskApvY6rc5S2+57F5t3uFsnlcszNzVGpVBgeHr5j7ZFbTSqVYmJiAqfTSU9Pz7H3d1RxY6d9nET5Sr2NcqVSIZ1OE41GiUajtLW1MXphFEM3iC1NkUwL6KUYhtTBemyefNJOVNQpqhIuu0ZRlTf+tOG0qYhCTfjIV+x0dwp0d4VxeTuQpNpn0DRVMEoIRglTz2NqyW3nJjudyE4nRqVMNVfAOMR1oxU4fG04fG3kYitkl96kuPwWT158Gv/oB44kcjSXwDb/NIsbdyrz5zjixttB0NiJgL0XuDe6wFicHpbAYWFhcVchCAKyLCOKIuVqiZVMlGRunkRhnnhunlwli6rvfwNpomOio96ee1KmCCrkKnYK5TQVTSXoHqDd1UdXoBOnzbnpRmYrRxE46pPft7vAIUh2BFnB1G6v4knOs0hqnFIqhq3Ts63rylZEScbhD1NMraKXZ5Ecg8c+r6qmk8wU6OrqOnS70KP8n62urlKtVg8UnnjUybrT6WTs4kWGz55t6U32xPXrm1wbArddJgehWfg5CsV9ckjuNrTCOutXvkJxZRyHN4C/d+DUXBu5lQV0Xaf9vl/GN/LeHcfF43EWFhZwOp1cvnwZv791rqg7STabZWJiAkVR6O7uPnb5XyvEjd3212qxQ1EUIpFIo3wlk8mQSqVwuVxEuoY4O9bGzesvk86DIDpRDRF0Gw5ZpVxVUGQdVVcQRAHVcOJwmHRHBMJBB7LShiAHEGUviM6aW8p0IohuTLMCkrsWEmrunL0hybUhpqahl8vo5SZHh2lgGhroVRBEBNmBICsIog0EqWmMiqlVMLUSplbGNKpgHswt4Y104wwEya0ukbr2TYqLb/Dei0/zzcmzh5rcb21PLQgCqqZil+2bXJynLXAcRdx4u4oaFhb7YQkcFhYWdwV163n9pqJQKRDNRrkRu8JKepxcJbbjdrpmoGsmNruIIAq1ZHVVR5IEJLk2QdWqBqYBNrsIAlR1lfVigvViAq8yR5f/IoZ5mU5/Fx7FgyiKaFpNmGi+dzZN03Jw7IHsbscoZ0FWaoKHICDa30lh+TmKmRjuwP6rxw53G1o5TzV/A9HeiSA6j3VO69mao6BVK9faRgePOoZhNEqcSqUS6+vrdHV14Xa7W3K8Os2im+Jw0N3izhfVapXo6uq2spSDTh17+/qQZZn15PYV3t1IJhK113ODZifM3U5u9hVSbz2HoWv4evrxhg7nDjoKRlUlvbxIKZ3EGRmh7b5nsft2Pu7CwgLxeJxgMMjIyMiRuwDtxtraGul0mpGR1ufl7EU+n2d8fBxZlunu7j5UHtJOtFrc2Gn/J+HokCSJ9vZ22tvbyeVypNNpZmdna+UrkT4ibdOYpQVExQuyG0FyIkoGoighiiZ2m4AkmojixidcciKILgTRBYLCS1e/z9LaLL2hMzw08g5cihtBsGEg7Cpw1BFsIDrBZhgYVa2W0WGagIFpVGrXFNGBKCkgKU1fsiboKoZWwqgWMKt5DLX2g7FDzscOyIpC25lhnNl2sitLjbKV5699kA9dOpizqlncKJRz/Oitb3Nt9md86qnf40znCKIo7tjK+6R4u3Q+sbA4TSyBw8LC4q5AEsVGq1dd17m+PM611dcpVufRjN2zBko5jUxSpaPHieKU0KoGyZUyLq+Mv6O2mppbV1ErOqEe57bgtYK6zlzyNeLZOGOdD/HomYeRZRlJktA0DV3XGyuEuq5bAsc+iFtKUSRHBCVwP5X0W9idXmyKZ999OHxh1NItqoUJ7N6HjnwupmmSSOfp6OjYFgJ6VLa6FAzDoLrxb6lUCofDcWJlACd5M22z2XBueY32O1r9Jh+gu7ubrgPmINTFmqkbN3j9tdeOcrp3DK2YYv3KVykuXztV10ZxPUF2eQFd12i/72P4Rp7acVylUmFubo5cLkdfX1/LwjybWVhYYGFhAahdE8+f396K9iQolUpMTEwAtffbYR1ZWzlpcWPrcU5C6ADwer14vV5KpRLZbJZobB3DaKPDUcZt5lCkFUyoFXBKMsgKFdmGLNsRZDuyzY0k2UF0IYhOcqU833r1S6wkFugJ9XOu7xIuhxuwI0ptHMbXJdoBBEzDwNRVTL0CCAiSgiDZtnRVMTENDVGvYFSLGGoeQU6BIGJUsgcWOWB72coFeYKXCr/Mux5/4sD7AIillvnWq18inlrFJiv80a/+D0ii3BA5Tlrg2E/csASN1gatWrx9sAQOCwuLO0rtBkFAkmW0apV0Mcl08nXmkjPkyjF0CjTfUOXWVQQBPG21m0abQ8LbZkeSazdJkgTegA1Zub2y53BL2BQJQRTJp6uYhom3vba9YeqoehFdX+RmQkUzY4wEH6LNHUKWbY3OEvWJ3GFXDN/uXVQOghJ8DK24QDEdwx/ZX+CQbQouf5hiZgXdHkFSjlZjv54toulGSwWHta2dS0yTWCyGLxDAMAzC4fCJrOzV99f8XtyJ/Vq3Nu+nvq+dxh5U3DjK86yLfTsFuN7N5GZ/QvrK19C1Cv6efjyn4NrQtSrZ5QWKqSTO8Nmaa8O/8/s5nU4zNzeHYRiMjo4SCoVaei6GYTA1NUUikSAQCGC324nH41y/fp2xsbETvcZVKhXGx8epVqv09vYe+71zWuLGTsc8KaHD6XTidDqJRCKoqoph9G+0ii2CngM9h27k0bUclPKoRrqWd6W0Y3e7UHxhBFnmlevf4ubSOJIoM9h1jnCgC1VTWUuvHum8bJKdcFsngmQDs9Z+VjU0bi1PMrs6RSqXAEw8Th/n+i4z3D2K3eXGsLkxxNvTFKOSAWNv98hWvJFuHP52Mktz9C59iVeradZDT+0pDDRfG/vCw/SEBoinVhmffYMrt17jwZF3bMvmOAl2mrhbgsZmLHHDYjcsgcPCwuKOIopibcJjmqSKa9yKXeet6EuUtZ3r8TXV2OSbV5wSinNDdFBNBBU8PhtIAuggVEScdjt4zI3tdYxtTngTnRzxfI5MaQlBlxkOXyYS6Gm0lDVN81gOjuNaqe91lPbHKEa/TSkbx+nbv3Wmw9tBtVxAK0wg2SIgHv7rKpHO4/f7W5Y9UKlUdmzNGl1dJdzZidvtxu12n9jKXrM40UzzxHLrJHOrg6g5Y2arWKJr2qYuJfWg3107mhyzJay8zwr8fmLOaaGXMiTf+grF5asoXj/BnlFsp9BitZRKkFmquTbaLn8U/7n37To2Go2ytLSEx+NhZGSk5SVS+Xye6elpCoUCoVCItrY2oPa+ikajXLt2jQsXLrS8FAZqXWAmJiYol8v09vYeq73tnRA2djuHkxI6YKt46AN5e8izgA5GoZadobiQbAGKaomXr34HAJfTzVMPfgSAH77xDZ5/7R9Yzx68BA1qn/MzXSP81gf/gMGucximyOtTP+Z7rz/H1OJ1ymqpaREBnIqLwe5R3nv/07znvg+BIGxMVEwwdAw1s6lE8CDYHA46zp4nvTBDJPZd7NUs3+Tju4oFzUGiNsnGUw98hIn5t8gVM/zwzW9y/9nHEQXxRAWOrRN3S9iwsDgclsBhYWFxx6h3S5EkCV3XmVm/ws9Xv4+2R4ioP6zsmgtgJHTMuIE4KiM4BVBF5DkneriC0VFb+fF3KHuuTqt6hddXvg+yTsjX1Zjk6f8/e+8VHFmanuk9x6Z3SCCR8AVUAVWFqurumnbTPT1NjrccenIpUuRyKWljV2YVul2GpGspVhG6lGK1G+KKQZHUkGPJGQ7J8eyZ9mVRhTLwNjOR3h2ri0QmEkACyITrRtV5IhDoShybffLP/3v/73s/08SyrI4n8PWJ0tOO7BtGDV6mnJtCcQeQ1YO9NTyhHnLrsxjlKWTftY7Oly2UqWgG58aOL3sjnUqRa9G5ZH1tjVKxuC174zRN6Orn2fmcLS0ucufWLQD8m11d6t4dO6/Ptm0KhcK2z5Y/EEDcp2Vr874n8Yx/GD43hdk3Sd/4BqZRITQwhL/n5LuQ2KZBZnGeUjqJJ3ae8NWv4Iq0zmKybZvZ2VlSqRSxWIzx8fFjf98SiQTT09PIsszg4OC2cq9gsBY4r66ucufOHS5fvnysmTmWZXH37l0KhQIDAwN4PIf35PkwiBvNnJQ/R7vYSEhKBMnlQlJVBFnh3anv8Xj5PgCXhp/hXO8EAKncOovrc4c6z4OFO9hAprDBX/7gP/CjG99F13fft21DqVLkzuN3mVm+T7la4nMv/gp4QLR0bL2EbZaxzeYsDrtmQiqIIEg1I2thU6K1LWzbqnmG2Dbh4TFEVUVYexvVKvJ94df45MVw0/m3Z7fVx7Vnzr/IUGyUBwt3ufHg50zNvc+Vcx85sSwOR9xoDyd7w2E/HIHDwcHhA6MuHhQrBW4t3eVx6jG6ueW8rlVN8kkNX1jBLapI6yr0aOC1sG3IpiREGYLhTUPQsAiqgKBsTvAVG6OvCp4tF3YprYIFVk+tnrdSMimmNQJRFdUtYWOjW1VmkjOIvM0zQ1fxqb7GBOYwGRxPi//GQbi6XsQozlHOrhPoOdgbQFa9eIJRyrk5BKUXST0486NOIlPE6/XS3d19lEvexvz8PPaOFsKGYaBpGon1dcbOn98V7H8QrQTr512YnyexVjPnTSYnug5OAAAgAElEQVQSqKq6zZy0fp2CIKDrOsUdXUzqwWv9eHuxX0nMWcWs5Nm48TWKizdw+UNEBydOJWujlE6RX5rHMHQiV79I6OIn9962VGJ2dpZSqcS5c+cYPGbjWYC5uTkWFhbwer3E4/GWAm8wGESSJJaWlrhz5w7PPvvssY15U1NT5HI5+vv7j5SV8mETN+qcRjbHXtTNNOs/pmXwk1t/h27ouFQPH538ROP/Y3eol8HYOdL5gzM4LMukXN1qF31p5Bn8niD/17f/N96a+nHj9WiolwuDl4mF+zAtg1uP32FxfQbbtilVivz5P/57YpF+ro9dR1QD4OkCQdjWqQu75u2BpNSMrSUVYbMri22bNd8Po1LrymIZhAbO4w4P4s3miJZ+zL3FV5kc7tnc3m4pcnhcPl64+HEeLNxFMzT+6fbfc3X0+RMROBxxoz0cccPhIByBw8HB4QOh7lJeMSqsZFeYXr9BurSjxtcGw7SwrVr6qmAICPaWP4BpiiBsBZymS8ZSZBRJQwAswaSqaMiihGSBbuiomojUNPTZloVhWLuyXlOFNQzzfWLBKH3hfjyyB1VVOy41aTYpfdoRJBeu6MuU179PpZDC7Y8euI8n2LtVqtKmwFEoaxTLVc6fP3/US26wvrbG3MzMttds20bX9Vpwt7DA+tgYsd72nPpPA626FQjYlrXt3zupVipUytvNfJsFjlY0T/CfpGe8MPcW6RvfxNRLBPuHCMROPmvDMg2ym1kb7u4xYs/+Mmp4b++ZjY0NZmdnkSSJyclJurq6jvV6TNNkenqaVCpFJBI50M+jUCggCAKDg4PHKm6k02n6+vrw+w/27tmLD6u40cwHIXTsFDhm1x4wt/IQgHh0gGvnn28E7r/w3BeYPHd93+NVtCKPl6d54873uTvzHmATCUT5pVd/B78ngM/t2zynxMuTv8CXXvktxvomalljgkAql+KrP/yPfP/db2+KHAW+/963eO78izWBAxCVAJbZLHAYWHpx07TUiyi7a21nBWolLWYV2yhiVbPYRgVBcuGPBPENutCqOl3iBumcm2i4VsZYL5eB7SLH9YmP8s1/+jMKpRw3H73NRj5BxN99rOOeI260hyNuOLSDI3A4ODicOs0rx+v5BPfW75DXZjHJb9tOdUvEhnwIAthYGGPlhv+GIEA0tt1VvVpxUy57CYXTKLKJrtkkF8sEu114QgLZQo5AxMLj2kpz9vgV3D6FnfMUkxxFbY67KzcRBInR6Dm6uroolUp0gpPBsR0lcAGjNEcp8xjZ5UdWDu5A4Qn2kE8uYJTuIXsP7tiQyhZQFOXYzEV1XefWjRvbBACf308um8W2bWRZplwqcfP99/nY66/vSqM/jtW9dibSO7fZ2XbV3JF90rxPsViseWJs3qMoSfhaBJXNJTj1fwuCgKZplEslqvuIKHUs08QwDB7cv3/gtqeJWS3UsjYW3sflDxI9fxXFfTzdd/ajkkmRWZjHNHUiVz5P6NKn991+cXGR1dVVQqEQ4+PjR/KkaEWhUGB6eppSqUQsFiMcDu+7/cbGBtlsluHh4WM1Ng0EAqRSKcrlMoFA4FDHOAviRjOnWbbSLHAIgsDU7A0Kldp38PjgFQKecGPskgSJ+B5lUs1jgWVZfOOnfwrUxojPv/wbXBt7AbD5ldf/gKquMdw7xpdf/W0UUQCrhG3rCIJINBDin33yv2Q5Oc+9uZsA3J19n8XkPIPRAUSXCGoQEZtaaQo1gaOaA9mNKHsRZBWB2vetjYVo6jUBRPZhG8Vau1xXCFH14xIVbBt8m/5aiqI0xre6d1H9/vujI4zEL3Dn8buksgkeLd3jhYuvNe77OLM4HGGjNY6w4dAJjsDh4ODwgSBJEoausVGYZyV7C92sBVa6ZpFdr+INyniDW8JDtWySSVQIdbtxeyUERAa9l+n2DeByy9xJvIFh5JAVE0mqTU4UVSDa70FxSUgShPwBZEmpHStZIdztxuWVEGwQV1VQrIZXB4BulVnJ3WEgHMPuGiEYDO4KGg/Csqyn3mB0J67oSxjFeSr5dfxdQwdur7gDuPwRqoWHiEovohLZc9uqbpDJlxkeHj62652+d4/lxcXGvwVBoG9gAFlVSa6vNwSstZUV7ty6xUdeeGGXqHWYyW+nmRGdriY2b18pl/F6vRi6jmEYuN3uRknAzrKbVue5ffMmy4uL5PO1AKmdK9n5Wfogs0AK8+/UvDa0IsH+QQKx9lreHgXLMMktz1PcSODuHqX3ma+gRvb+PJimyczMDJlMhr6+vmPNUKqzvr6+p99GKwqFAslkklgsdqyfOYDBwUFM02RhYQFRFDsuNztr4kad08rmaBY4bNvm7tz7GEbt+2984ApAw3vKaiGO1hFFsWbGbRt87Sd/SiK9CsDkuet85sVfrrWGtS3i4V7+6Ev/Az6PH8HSsM08tlkEW8NGQpBtgt4gz114uSFwFEo5ZlamGeoZro0PgkSmmG6cN+gJgyAhym40y+b2o3fZyCVAEOgJ9zLWd5GApwtLcmEZZUTZg6j4KBsGN6d/Tq6UrY3n0UHO91/GrXp2mTnbto0syZyLj3Pn8bvYtsXd2fd48dLHjy17rR68O+LGbhxhw+EwOAKHg4PDqVKfVCHYJIqLJAqz5KuJHdvQMkISBAEBkEUZnxrgXNclBsPjyC6RtfIKmvmQspajkjeQVRHVLeEN1gJNyxKxbS82GqDvnpQIYFgmulZBkVVEUcSyTQrVBMniLInCEN2Bzk3unAyO3YhyAFf0RSrJN6i60rh8ewsWdXyhXoxyAb00hSv06p7bJdIFAOLxo7fwtG2b6Xv3uPn++9te7x8cpDceJxAM4vf5WJyfb/zt/tQUhmFw7dlnGwLBzqyHdtiZIdEJ+60m7vU8joyO0j8wQKVSQdd1ZFnG23T9zb/3OnYmk2lL2NgL1XVwNs9xY2lFUu9/jeLCe7j8AbpGr6J6Tj5ro5zZqHVIMTQik58jdPkz+25fKBSYmZmhWq2VXh1n6+M6s7OzLC4u4vP56O3tPdBQuVqtsrq6SiAQYGJi4tivB2BkZATLslhaWkIQBKLRg8va4OyKG82cpNCxM3sjkV3l0dIUYOPzBDg/cLHROcwwjIbwsfMY9awHURR5f/pn3Hz4cwBUxcUXPvobeFQfpqHXxAU9j0dyYes5bLsKVq4mcmAhih5s24+ARU94+7Nd1SvUezttFDb499/6X1lJLnBx+BqfefFXGI1PcGv2Pf7mZ3/BrcfvYBi1zE5JkhntG+c3P/FHPDv2PILsAVHh5sy7fPOf/ow7M+9hbbZUkyWFi8PX+NXXf4+roy+0NGEe7ZvYvA6bO7PvUdFKuBRP4734oPyWnkQcUcPhqDgCh4ODw6lSD/QMS+NR6n1W89t9DRRVJDrgoZ6FWo+YXB6J2FAt8PAoPgbCQ4wOjtETGEAzqgyEr1HWKxSKd0mvVfCFFFT3ZuaEDbomkssFCQRzeLwWsfrKpA22AFZco1opUSiUCAdD24LAlcxj3LJKyPuljtPBHYGjNWroKmZpnnJ2DcUdQJQO+DoSRDzhGIXUEra5ghK61nDMN6tFLL2MaRikskXi8fiROznous7tmzeZunMHs2ly7/X5GBkdxevzEe/ro7u7m3w+TzZdW1XEtnk4PU02k+GZZ5+lb2BvH4WDOIq/ha5puzw3dE2jVCziDwRaHlNRVZQW71urbVtN5o+0jikIhCORE2kzuhfFhXfZeP8bmFqBYN8ggd6Tz9qwTZPsUi1rw9U1Qu+zv4zatX/mQyKRYG5uDrfbzbVr146t7XEdwzB48OBB234bUPv/v7a2hiiKJyZu1BkdHcWyLFZWVhAE4UC/kSdB3GjmpISO5vFlJTVPtlAbw3oicbpDvY3MDV3XG63Sm/eTZbnRCU03df7h3W+gb4oL1yde4fr4KzWBxLQwLRcCEoKeAz2JoeUQhSqKS0GUXdiCZ3P8sHd9X8pN3w35Upp7c7coVQrkyzm6w3F+cvN7vP/gZ6ynVzGtrbHaNA0eLk7xf37jf+EPv/jfMz44ybff+Eveuf8TVjeWGuIGgGHq3Jl5l3Q+yX/3G/8TI70XaoscjRa2AsO9Y3jdPkqVAuvpFRKZVQZ7Ro+cweFkb2zhCBsOx4UjcDg4OJwq9VUjzbRIFdfIV3a33QQQUzJURKw+DXZUeARdUcYjr+DbLFWQJYWJ3gtU9TyJTJru/jVEeWvyYq0aiGWTUF8GWdm+ElUu6uRSGuGYG9XlIiTJSDuC7Vw1S6KYwLRMPC4Pts0uz469cASOvVG7XqK4+NeUc+v4IgcHl6onhOrNU0m/g+wfQ1Br3gCSO4DkDpBYXgY48up2Jp3mxvvvMzczsy1oV10unr1+HZ/fj9vtxuVy0ROL8dLLL/Pzn/2M7GYGgwAk19f56Y9/zOj584yOjdWCskOs8tVXBjvxq6hWq1QqFTKZzLbXs5kMd27dIhyJ7Or0Uq87bw5kFEXZVV41celSW6uVkixzaXKScOTg7BwASRTxBwK4mgTEk2o/a+klNm58ncLcO6i+ANHRqyinkLVRyW6QXVzA0KtEJj9L6PJnD9xnYWGBtbU1urq6GB8fR1GUY72mfD7P9PQ05XKZ3t7etsWT1dVVKpUKk5OTR2rd2i7nz5/HsqyGqNLKF+RJEzZ2cpz+HDsNglPZRK2lKtAdiuNWvei63gjwm0tU6r5D9Rbvoijy5t0fcevROwB4XD4+/9KvIyBgWuY2gUQQAtgo2EYJqzhNGRt3sA9POIIgyIBUKzHZRBQlIoHopnpazyCrXUuhlOP243d4uDSFaRooskpf9xCmpbOaWmqMUansOn/+j/+eyXPP8fdvfwPTNHG73PRFh6hoJZKZtcb5lpPzfP0nf8p//at/jCiI28afWLiPnkicuZWHVLUyyewagz2jjffT4fA4wobDceMIHA4ODqeGbddWZwzTJJ/PU6gW0UwNy7Qo5U0Ul4jLs9niTQITi1JaQw1IqK7a635XN93+UeKhc430UFEQiXgj9AdGWA8mWJHzaFZTy0tZQHLZKK4qiNsnIrX6YRFBAEmUkMTaeaplE71q4Q1I6OgUq3nyhTxqwIMkSW0HX5ZlHXtQ8qQgubpxR56nkn4HxeNHde/ftQPAG+rFqBSobryJJ749QEwkEkSj0UO3k7Rtm5lHj7hz6xaZdHqbuCHJMteff56u7m40TcPr9TYm0LF4nBdffpk333iDfG5LsKtWKszNzKCqKl6vF3eHgWD9+cpmMty/d49yqdQyVXzP+9lRN18sFnn08GFH11BHlmXcHg8Dg4MN89H9nv9AMMjExYuNMpdOOMlU7+Lie2zc+CZmJUcgPkAwfvgMm3axTYvs8jzF1DquruFah5Su/dskV6tV5ubmyOVyDA4Ocu7cuWO/rrW1NR48eICiKAwNDbUtVKRSKfL5PGN14e6UGB8fxzRN1tfXEQTh2DNZzgLHlc2xMztsLb3U+Fs02LOtg8jOz2O9JKUucGhGhX9895voRu2aXpr8OJdGnsE0auUtplkTObaQsF3jIPchVh9j6gW0soZLkanqGm/d22olO9Azwvn+y2BvjWVW0/Xcm7tJ0BfmuQsv8bFnPsOFgctUtCrfffOv+OZP/6whhiysPWZtY4mwP8KzF17mtWufYbRvnFwpx7fe+H/53ptfaxxzeuE26UISvyuCS1Ua74Fb9TIcG2Nu5VEtgym9fGQPjqc9sH/a79/h5HAEDgcHh1OjXu9bKhVYT62g6bUJkWlCLlXFF1S2BI6IgaYapBcrRCQ3qktGQKTHf56+0HjLtoExXw+Xey6SXZ7G0MpYm5MbsUdCYHNSJijY2OibreZcXgmX1wMmtZ/NBetK0aCY1VE9HlQJDN0gkUrgkf0dCRaWZTmrO/ugdn0EvTRPObOOGg9wUKGDKCl4QjGK6Tnk3D2UYK2rSiKRQNf1I2Vv5HM5pu7cIVMvN9lEUVWevX6dweFhstksPp9vVxZDvK+Pl155hds3b7K6stK4C13XcbvdHYsbzdi2ja5p6NoRgxp2ix7tomsaoii2bbJbF0Sgc8GiVVB1VCy9Qvrm18nPvoXL66dr4gqq93BCWCc0Z22EL3+a8OTnD9wnm80yOzuLYRhMTEwQi7XXHrkTmv024vF420bIuVyOVCpFX18f/f0nX9Kzk0uXLnH37t1GJkdzd5V60P+kZ3LA8QgdzSJHMruVxRANbpUo7Sdw1L/P7y/c5t7cDaCWcfH8xGtg08gIa84K23YcOYDo+giSbCPKJoKocm/m/U0vkBrPjL1AwBsEW4fN7ijN3xBu1cOXX/1tPvfSr+ESRSxTw+v186sf/z0W1h/x3vTPGtuG/BG+/Mo/41PPfxkJC9vUiAW6+I1f+OcsrD1uGJtu5JLMrT7kuXPPkciZdAe2vIGC3nCtq5vNtsyPw9Ac3D9N5SmOqOFwGjgCh4ODw6lRn0wVzCRL5ZtoZi3LQpZr3U4keXtwq7pFYkM+ZFVAwI0i9HK++wrnus+1PL7X66W3J05/uR8zXSFf3VpNV2UXUV8PQ4FJNFPn/ZXvY7M56bJAWnZhqxZWb22lyRdScPtkFKU2qdIsjdXqKlGrlxChtkUL0zSdEpUDcEdforj8bUrZdbyh3gO3d/m60MoFqqk3EV3dSK5uEokEwWDwwJaW+xEMhYj397ORSjVei/b0NLw0EokEoiji8XhaTtjjfX1Eurp49OABD6an0TWN/sFBhkdqq/WHDdq9Ph99/f0k1tcpN7WqPU28Ph/R7m48B3TVqLOzBKb5d7ufneMSBotLN0jf+AZGOUswPkDgNLI2LIvc0jyF1DquyBDdz3wFd/fogfutrq42hIcrV660FHKPgmEYTE9Ps7Gx0bbfRp1KpcLq6irhcPhEOri0y+XLl7lz507Dk2Pne+QIHQfTLG6Ylkm2uCXqhny1rJy9xqu6uFEXOG48fLPhvREN9XBhcHKbuLFXB5Z69xVJUZBVFUuAH934buNYquLi+YsfA9us/bQYDyZHn+PTz/8yCjZGOYWtFxHUIB5PF8+Nv7JN4Lg0/AyfuP5FREvHrGSwjSKiK0LIE+H6+EcbAodtW6xtLCGOPY9HX2cp28dguBYuKYqL+tuSKWx9TziLGAfjCBsOp4kjcDg4OJwa9UmAYVYomVksu7YaLIhCI3PDNCyKWaOWWeGRcG3GU17Zz5D/MjF/HJ+r9cqrLMsEvUHOdz9HWd8ucHgUPxeizzEQmkDTNQrlLMvFhxT1LAhge0xseWtCJysiclOihmnrlMwEmlnr0tFJiYojcOyP5OlHDV2lkr2N4vaj7PH/txlPKEYxuUB59e8wfK9QKpW4ePHika/l8uQkqysrqKpKpKuLS5OT+P1+0uk01WqVnp6efTMMXC4Xk1evMjwy0jD0dLndhxI36s+Yy+Xi8pUrXL5ypfF6W9SfzyNmQzQ/552WWzWLG+0KHc1p30cJHCyjSvrG18nPvonq9dFzalkbGbJL8xhahfClTxG+8oUD97Ftm7m5OZLJJD09PYyPjx/7uJHL5Xjw4AHlcpl4PE4weHBJWB3LslhdXcXtdh+bqahhGIcylRUEgcuXL3P79m1WVlYYGBho2c72Y33aUyFywNH8OSzLRNNrwacgCLhV74HlKfWfilZiam6ry9T5/stE/NFt7WVbjVf1EhdZlpFlGVEU+cmt7/HW1FZ5yvMXP8b44CS2qYFgIQi7s4z8niBetxerksIsr2NpeRRRwbZNwr7Itky7oDeMKskYpQ3M8hqWXkSR3GCH8O0oj9QNDUGUkMwKbm0RwucAUKSt8a+slQ4tWj9Nwf7TdK8OHx4cgcPBweHUaJgZ2rWylFZTA9OwKWQ0BEFtiB6SKBHxRrjWe5WQe/8VekXyMNb9LMlCgqX0PLpVBkS8aoTx7o/g94bQdYPrxqeprpSo5AuYlonVbWCZFqZWEzd2xVW2iWakMa3al7VlWW2ldTslKu3hjr682VVlHSV28Eq3rLjxRYcophYg+2NC3osdrUbvhdfn4+VXXsEfCDQ65lQqFUqlEuFwGFVVG8LDzoC9GX8ggH8zfb7+3B/mOajv165Z50mzs3XiQffU/PdW2+63f/PfOvEeASgt32Tj/W9glDME4v0E44Md7X8oLJvs0hyF1DpquI/4R38Vd8/YgbuVy2VmZ2cpFouMjIwwNDR07Jd2WL+NOslkEk3TuHbt2pE7FAE8evSIQqHA1atX2y6PaUaSJCYnJ7l9+zbLy8sMDg627HDlZHMcTK1ks+6RIaDI29+r5s/8zvKUubVHLK7PNv4+ee46wL7iRr3zSl3ckCSJ+fVHfPWH/7Hh4xENxfjKx34HSRAwtDzYFrJr7zFQkGVERcGqmDW/DtvevI9aW9fWN15v1WajyLuFW0EQkBUXruIKRimM6u9CkZVjbwn7pJanOMKGwweJI3A4ODicCvVJjSiKVHWBjYKI3iJmUVSR7kEPkrQV3ITdEfojA/T29raciLQ6T9x9nvPeLI9Kb2NZPlSxD7fbiyTJiKJEbyxGf6WfopEgVUwCUMqb5Dc0ov3urRazm+gmbBQEKrrQmOS1g5PB0SaCiNr1IuW1f6CST+AOHCxWyKobX/cgheQCcc8DjMoksvvoIkf3DqEkm82iqmojFb4eeO804qsH/DuD9uaV0HZFjv2EhNMUzHZO5NsVOOop6vVnv9OMjLrvSL1trdmmwGGbGumb3yD3+GeoXh/d45dx+QIH73hEqvksmYU5DK1CcOITdF37Ulv7bWxsMDc318hKiEajx35tMzMzLC0tdey3UadarZLJZBgaGjoWY8/FxUVWVlYAuHv3LlevXj3UM60oSqNcZWlpicHBQVwuV8ttHaFjb2wbhIazhd0w5mxFfXyrCxx3Zt5F0zf9rBQ3FwYvN7qutBI46u1lFUVBURRkWaZcLfCX3/8PrKaWNrcR+eJHf5Nz8YlaJgheoIxt7T8GSG4XtuVpyBmCIDb8Mlrc9bZ/7fUdLblciKqKlltB8YURW2SRdMqTHvg/6ffncDZwBA4HB4dToz4p0q0yFSOJTW3VyDIt8mkdl1vC7ZcbHVPq9EcuMBq9gqqqTROxvREEge5wL2PmRbLrC2RLRap6mtX1VWLRXrweH6qqMhS5SLFaaAgciiriDciI0u5z2BhUjRSGWWqc4yDqga0jcLSH4h/DLM1Tyj5AdgeQlYNXtmTFg797iEJygez8twgNf/lYRI46uVyu5qDvdlPZ9L8QBAHV5Wqs5NV/N2d0NAf0h13tq2f/NB9LEARM02xcy0khiCIul6vRMahVyvp+nwFN00inUkSi0W1lCMZmy0jDMDBME9MwqFaraNUqmqZRqVTI5XJo1Sq6rvPa66/j9fnayuAor90j9e5X0YsbBHr7CfadQtaGbZNdmqeQXEP199D78j/HE7vQ1q5LS0usrKwQDAYZHx8/9naruq7z4MEDNjY26Orqoru7+1DHqfu+9PYe7I9zEIlEgtnZWcLhMIFAgIWFBaamppicnDzU8dxud6NcZXl5mYGBgX0zTJyyld1IotgovbBtG20zi6LVGNacwWFjc2/+ZuM4kWCU3kjfngJHK3HDxuZrP/lT3rn/08Z2L15+jU89/xUsy8IwDCxbQhSDIB4cskhuD4JwvP9/Xb4AumaCqWNaWybL9TayJ9n16azgiBoOHzYcgcPBweHUaKx8U8Zgo/G6ZUGlZNTqf70gaCK2bCMpEm7Jx2Bggr7QhbbEjTpBfxDkYZLV82jmXfKVJR4u30Z1qXjcXgRBIO4fJRfI8Thxn4pZwOWtdVWBmheIadgoLqm2CoSBwQaW0H5gWTdXcwSO9nFFX8YoLVDOrhPoHm5rn7rIUUwukp37FqGR4xE56qUptmVx68YNNlIpqtUqsd5exicm6InFWoob9d87J7/NgsDOVfS9xIJW+y/MzfHo4UOy2ey25clOs0Rancu2bWRZxuP1MnHxIqNNZpKdZKLks1neeftt3B4P1mbnFdu2qVartdaRhoFhGLVjWlat9aO9aftbvydBIJFIMOLz7d+9xbbIz/ycjdvfQcCgZ3wS1Xe85pyt0EpFMnOP0atlghO/SNe1L7e1n2EYzM7OkslkiMfjXLjQniDSCblcjunpaSqVCr29vUfKvKhUKrVOQC1KQA5zTT6fj4GBmtFrf38/y8vL3Lt3j0uXLh3quF6vd1u5ysDAwL5eMU42x3ZEUcKlbolr5WqxZcbVztaylWqRVG698feQL4KquFsKoq3EDVEU+Osf/yf+5md/2dhufGiS3/n0v0SVXTURdFPYFEURhD2+R3cKDLKMcFzfuYKAKMo17x5BoFDOUc/+8Lo79/PZKQSc9fIUR9hw+LDiCBwODg4fOJIsEu3zIIo1cUOec2N263h7Q0z4XibqHjiUSOCW/JyPvMhGcYNHxZvcK/yUeLWXXqsPSZJQVBcx3zCX/R9nuvgGOT3Z2LeYrbWJ7R7woLgON1mqB2WOB0f7CJIHV9eLlBM/plrcwLXp6H8QsuJpeHLk5r9NcPhLRxY50uk0sixjWBazjx+j6zoCsFitMt6G0eJ+2Q47g8VOnpF8Ps/qysquib3NQU1226MKFAsFIl1d2wSOTtlIbn2eDnVttk25VGqsCLfCKKYprU1RXruPr6cXf9fhu+i0j1Dz2kisInlC9H789/HExtvas1gsMjMzQ6VSYWxs7ERara6urvLw4UNUVWV4ePjIwoSmaUfOLtE0jenpaRRFYXBwK7MmEolg2zYrKytMT08f2sDU7/dv664yMDBwYCnO0yx0bCurQ6ArsJXdk87XPrc7BY2dr2WKGbKFre4rAV8EWVQawmXzPjvFDWFT3PjqD/5vzM3Sk6HeMX7/c/8t8chgQ9yoZ0Ae9P1vaGUsrYik2LVx5ti+cwUQRERZRRAkMoVU4956wlstyZ+2LA5H2HD4sOMIHA4ODpKazosAACAASURBVKdGI+UeLzLdmGSx0RGEmrEngG3ZNXEj7KE/MsCF3ssE/ZFDiQSyJBMJdBMLnidVTpMpL5Av5SgWiwSDQQRBIOgLc2HwMitzSxR1DZNa5xWXp5a5IW2OkgIKEiFEu702mfX7BSeDo1OU4CWM8iLF9AyS4kJW21spa/bkOKrIsb6+TrVaJRQKkd7YwDTNRoC+bzZBGwiCwNiFCyiq2kj/P9+0in/QZNnr9RIIBMjnctteP24ZTdf1gzdqPr8oYjcJEY1aeNq8ts30d7fbjdfnwx8IMDg83NrzxrYx8gnKa/fANgjEB5DsIpZe6uiaO0WvlEnPPESvlgmce4no87/V9r6JRIK5uTncbjdXr149UkvjvWj22+jr6zuWsUfXdbq62hMa9+L+/ftUq1XOnTu3q3NKV1cXlmWxtraGJEmHbkEbCoV2iRztfG88jULH64PmtgyL7nC8sU09K6OVn1CzwJHKrVHRtjIaw/6t9rLN5ZmSJO3I3BD5xk//lL/60Z80xI1wIMrvfOpfcmFgslHaUi9prXt37ZnlhgiCC6NapJLP4ouG26lmaR9BQhAlLBsyha3M055QfN+OWjt5EkSBs3oPOzNlzup9OLSPI3A4ODicCvVVWFEUUSU3HjlCySxi2juCKMXGiuoEgwP0Bc/R29OHIh1u4lkPluKhcxS1ChI2Ci6MpgDV7fYQ6+kjnj5PUc+RqWwKHF6pUa4CIAgSHimMInka93PQ5NkROA6Pu/tjWFqafGKeQM9w+yLHMXhylMtlVldX6e3t3TItPOYVut54nN54/OANWxCORJi8evXYrqU+Sb8/NUUumz3UMSRJom9ggGKh0HituUSnHqQoioKiqo2AR1EUVFVFVVVcm2UQHq+34f9RpzkotowqZiWPURFRvKMoLhWznMQqFw/5DrRHIbFKdmkeWfXR+9p/hae3/WyDhYUF1tbW6Orq4sKFC8fSiaQZXdeZnp4mnU4fyW+j1XFN0zxSBsf09DTZbJbBwcGW7VwBuru7sSyLlZUVRFFkdPTgTkqtiEQiXL58mampqYbxaLs8Tf4cP1+VeW1oKzjvjWxlEm3k1qnLk608gOo/ifQqprnljdMdjG07R12cqAsbdXHjb372F/zVj/4Ew6h99/u9QX75td/lufGXt40X9c9/K6FlF3IQ2zOOYM1gaFUk9Wgi9NY9iNiiCIKEZlabsltEoqHYAXvvz1kpTzkrYkAn72d927Nybw6d4wgcDg4Op0a9q4JLsYkGbbQcmHt4B0aUQXpdF4/Ftbw/1E9QCTLkOkdPtJdQYHs9uixKXO2dxLYyvLvysOUxFAm6AjZutba6ZJrmrpXInTgCx+ERJA/u+GeprP4d+cQC/u4hFFdnIkcxuUhu/lsEOxQ55ufnEUVxu2/B3nb8m39uz3S2nW12rgru9POIdncTPaYAtk6pWGRhfv7QAsez169jmua2DI7m90zYXIFtK1jZpLl+vy4ImJU8pl5CEAQUtxfF4wers7aYnWJUNTYe30evlvH2XyH2yh+2va+maczOzpLL5RgcHOTcuXPHfn3ZbJYHDx5QqVSIx+MEg8FjO3Y9i+ewAsfGxgbr6+tt+YDEYjFs22ZpaQlRFBkZGTnUOaPRKBMTE0xPT7O8vNxRGdDTks1h2XA3JfFcX22siYZiiKKMZRkkMmuUKgXcqm+XqNH8+U1m17YdsyvYsyt7oy5sKIqCaRn89Y/+hK/96P/B2GxL2xXs4bVnPktPOM79+Vt43T4UuXUnnP7oAe2TRQ+29yKCKmAfU4mKIIjYggyiQiq7TjqfAmr+G80Cx5NYonJWgv+jCEWO0PHk4ggcDg4Op0ZjgkQt9mk1BVFEN12+Efq7LtAVjiLuZSzWAbIkE/QFUSQVt8u1S3AQBIGgP0g8fI7e4mU2irPo5k4zURlFiiKJvrbbxNYFjk7bMjrUkJRQQ+QoJBcI9Ax1lMmx5cnRvsixvr7OxsYGY2Nj+wpYzc9up+VTrbJ/dpqUttrnpBAEAa/Ph2eP1fW9rmdndwVJkmCfZ/2ge9y5Xf24tm1jawW0zBKmXqq1epYVxAMExuOgkkmRmn2EJLvoefl38Q1eb3vfbDbL3Nwcuq4zMTFBLHa0Fd9WHLffxk40rRbw75V5cRD1Eqx2y3F6e3uxbZuFhQUkSeooA6OZWCyGZVk8fPiQlZUV+vr6Dt6piSdd6LBsG92yWMpLnOuyGew+RyzSy2pqiWRmjZWNRcb6LjX8L3ZmcQBkCqnG8QRBwK3WnpHmltn1EhVBFPiz7/0ffOfnX93mp7ORS/Kj9/+Wn9z8LtXNdrM78XsCfPr5r9D/sf+srXuzBRWE/dvJt8em/4akIIoSsysPKZZrGWrDvWN0B2IYpSyC62BD47MUQJ+Faz3u7BdH6HjycASOPTBMm3JVIFey2MjZzK9ZJLM22YJNrgjZImQLFoWySK5gUaqAcTwZcQ4OTwEDwO+3sV118+c42c9XYAj4nTaOkT54kwZXNn/XJvqSCB43BH0iQZ9NyC8Q8EHIKxDyC0SDMBST6IlAwCPgcYEiP70mpZISwhP/HOXV73ZerrLNk+NgkcM0TWZmZggEAkQikX2PbTZN0jvJStiLnS0Zd7ZY3Ou/j0qrbgnt0qot7mH2P4hq8jF6fh2wkBXX8XVI2AfbMNiYf0wll8HTPUrv6/+6I+PCtbU1FhYW8Pl8TE5O4vcff1eXx48fs7y8jN/vJx6Pn0immKZpyLJ86JKacrncWMVvl3g8jmVZzM7OIorioY1Y68d5/PhxrWvWIUrCntSyFcsG3bCpGDa5qk3E38XFoWusbaxQ1Ss8XJrifP/lXQJHHUEQMIytzClZUnCpuzMv6mPjcnKeH9/8XguzYHubr0UriuU82WJm2zEPRtjxu7Fz660FcXPbHWOSINb2EWWmF283/n5l9CPIokgpv46VXUWNdlZS9WEsTzkLwf1+71tGW+r4eGF1YNfxz8L74HAwjsDRhG5AuWqTL9uspmxuz5i8N20xPW9RKO01oLZ2dndwcHBohWlBoQSFksVyAnZNqACv22BsUOAjF0WeGZPo7xYIeEU8LlCfwlFbVIKHFzl2eHIE+z+N4m+d6jwzM4Ou640WlnthW1aju8dJdchptFTeIWwcl7hxFGFj5/XsbId72GPtpJqao7I2heLxo/gjKG4vgniyJqIA1UKO5MN7iKJM5OoXCV38ZEf7z87Okkwm6enpYXx8/NiFh3pHkkwmc6x+G63Qdf1I/hulUulQ4kh/f39DnBBF8VDiRP04pmkyNzeHKIqHyqJ5ErM5bBt0E6qbIodu2kyeu84/3flHdF3jweJdPv/SrzeyMOrP8Na4ZOF2eZGlWqbESPx8I4Oj9fksTNNAkdWOxwqv24eqbL33kiSjyCqq4tq3dbwggCiIiJKIz+NviButBFJJlJE3HcXDga7afQqAIIEgUjU0Hi3da5z/8sizYBtgVck9fgufZePuPpxvzAfNWQjo9xI2DiNqNNtf1/dvFjockePJ4CmcKm/HBsoVm428xeK6za3HFu9OW8ws25QaGepP7+qpg4PD6VOqwO2HNrcfmrhdJsNxeP6ixDPnRYZ7RSIBAa9bQHyKhiZRCeKOf5bc/LcP7clR2lgmPfc1/LFX8Pa8sG2bTCbD6uoqfX19BwZ0tm2zvrZGPp/vaGX6IILBIANDNfHlOESD/ThOceYkrnPj5jeprNzG13cRT3gYsU1B6yjYlkVuZZFCYhU1ECP+yX+DuIcfQCvK5TKzs7MUi0VGRkYYGjrAM+AQZLNZpqenqVarx+630QpN0w7MZtqPcrl86OyVwcHBRpmJJEn09ByuI9LQ0BCWZbGwsIAoiocWhJ40oUOzbKqGTVW30S2bi8PXCPu7SKRXebR0l9X0Ej3BeMMgeHtWmcBXXvs9XnvmswD43AH6uoZaeggBDPaM8m9//99h2VbH44UsKYT9UQCGYxf4t//5v8OwDCRRoidUE752HtO2ba6OvsD/+If/OwCKpNIb6QMsBFmqKTy2iW2ZWJbJC5debWyryi7iXQO1YwoioiTzaP4Oc6s1f67+7hHOxS9gmzqKS0KwNTbe/Qt6X//XSO5AR/f2QXFWAvidwsbhBI2d7P7ey2hLjsjxhPHUChy2DRXNZj1j8+59k797y+DBPGiddcVzcHBwOFEqVZieg+k5k68qJuf64VMvyLx8WSLeJeBxCZ1kzp9pKprMXHaYsa7FQ3lyBGJjlDLLFNbfwKgmCPR9AkGqTaBmZmbweDwHZm/UeXD//qHvoxUer5eR0dGGwPG0Ul57QObWN6hmVwmPXCTUP4SoulvkOR0veqVM6sE9LFMnOPYqXdd/raP90+k0s7OzCILA5cuXiUajx36NKysrPHr06MT8NnZiWdaRMjh0XUfX9a1ORIdgeHiY2dlZ7t+/jyiKh35fR0ZGsCyrYWB6lLa3T0rZimXZVA2LimGhGRY94QEmR57jh+nvkMyu8+79f+ILL/9Gw0ejXjpnmiaCINDl76bLvyUW1c23LctqlKKYptloqz0av3joa20WfEd6x3eds/m8dTNzSZK40D8Jtgm2VgtrrQpQQXSJmOUqtlHE0vJIio/x+Pltx7VNfTOTQ+ad6X9CNzREUealy6/hU70Y5RS2UcYbiZBfuEvqnT8n9rH/Yte1f5gC5Q/TtexHs7CR0RY3/+tkJzoZbZGwuuX544gcZ5unUuCoaDapnM3NRyZ/84bB3ce18hQHBweHDzOaXhM7Hi8afP9dky+8LPHCJYnuUE3oeNJJJBLYgo/wyFcoLP1Nx+UqgiDgiwwgq16K6YcY5XUCfZ9gZQOKxSIXLlxovR8tq7OPlXKpRKXywU6mdj5BJ1V+sxfp298ie/8HyKqb6NgE3u7+E0+gtG0oJVfJLM0juQL0vf6vULuGOzrGo0ePSKfTBINBLly4cGhDzv04Db+NndQNRg8rcNQNRo8icEBN5Jibm2NqaoorV64cOqNkdHQU0zRZXV1FEIQjZaY8Cdkclg2aYVPWLMq6jVeFjz/7Od6+/1OK5Txv3fsRn3r+l5AlBUmSGkKCruuNlu/N1AWQ+t8BDKM2uZYk6dDjSXP3lvo5ms9ZP49hGFiW1ThnXYgBQM9hGykU1YUoagiygegWMSsbYFvYsgfYvB9BQpBdiLIHFA+J7Do3H70JQCTQxatXP4NlaqAXsfQisiISGhwms3CPjVvfpOvaL+17Px+E/8ZZCdQ/CGFji90lK47IcXZ5qgQOzYB03uLOjMV337R4f9qk7Dy3Dg4OZwzDhHszNjOLBpfHakLHs+MSXQEBt/pkCh3VapVkMsng4CCqp4vQ8C+Rnf9mxyIHgMsXQZRdlDOrpOe+TrHcT3f3lT07PXh9PobPnSOVTFKtHrfpbY1gKHQiXTY6wetreg8F4UQC9VZUEo9I3/w61cwy/u5eggPDLYMhn3d7YOA5YgaDqetszD5EK+Tx9U/S8+q/6Gj/arXKnTt3sCyLeDy+p0B2FE7Tb2Mn9Raxh30OSqWaX8phDUrriKK4S+Q4qOXsXly4cAHLslhfX0cQhLa7u+zFWRc6KoZNQTMpVkR8qsjF4We4OHyVd++/waOle9ybv8m10ReQJAlJktB1vZE10YrmLA6gITocVZBr3n+3USmNc9q23RBYto8hHoTSBlpuA28ogiBayB4JPVvAKJQQJJV6IC2oASR3BGQPgiDz7oM3WE4uIAgiL176OAPRQazKBpZRwNaL2KaGLxrDqFTITf8QNdiHf+SFXdf4QXAWgvPdZSinLWzsprlkxRE5zh4i5tMhcNg2FMo2tx+bfOdNkzfvmBTLT2YQ4ODg8PRQ1eH9+zbT8ybPXrD44isSz16QCPn3s147myQSCYCG2aCkhggNf5ns/Lc69uQAUFxelNgohcwKUZaRXQq2GW+UrDQTCAa5/sILGPrJ1jAedaX7qMRiMbpjMUzTxO1203tIY8dOSN/+Ntn730dW3XSPTeAKbg84N/u0IAgCsZ4ohWKZSqUmMnVHw01bdWbAWs1l2Jh9CAhEX/xtAiMvdnTd+Xye6elpbNvmpZdeOnIQ34pMJsP09DS6rtPX10cgcLr1/ceRwSEIwrG8N5IkMTQ0xOzsLFNTU1y9evXQ3h4TExPbRI7DiiXNnFWhw7RsKrpNQbPw6xYeReYXn/sSNx+9jWEa/N1bX2Py3PWGwAFbWRnt0FyuclrseU5xAKF4B8tIE+iuZWnJARUtkcAsbd2THBwGdwQklWw5x49u/C2madAd7uX15z6PbVaxtAJWNY+tl2olMEBoYBi9XCL1zl+ghuKo4cO1OD4qZyUY356tsUSz+Wd7dLp9ZzRnczgix9nCRfHJFzhMC1I5i79/2+RrPzRZTdk4pqEODg5PEqWyzRu3bKbnLb7wqsWXX5XpDYtszkfPPPVgJBaLbfMdkNRwQ+QoJDsXORAE/JF+qqqHYnqO0uJf4+55Dck7tM0oTzjFbIZmk76TNBltPl99pbNvYIDevr7Ga82rpsd9LZXkYzZufB0ts4SvO0aof3h3dwPbAsuoBRCCzLlzAwwN9VGf2NYMXm1s26ytZLRVRGSTWZijmFrHFe6n++XfR/F3lhWRTqd59OgRiqLw4osvnki5SLPfxtDQ0In7bbRC0zQ8Hs+hSwvK5fKxinaKouzK5Djs5/LSpUvcuXOHtbU1RFE8NvHoLPpzVA2bkmZTqlr4VIvrE6/wkYlXmFt7hCRKFMo5PK6uY2mH/YEiBbB919ELb1HJJ3EHuhFEESUSobqeaGwmSCqC5EYUZQrlJKrsBgRevfopxuLjWJU0lp7H0gtY5vaMvsjwKMnpuyTf/nP6Pvlv+M6D7WLQSZannJUAfLew0Uwnz9fpPIs7DUgdPtyolJEEA+mP//iP/+cP+mJOCt2AhXWLr/7A4K9/aLKRO75jyxK4XeBxC/i9AkGfSCQo0BUSiIZEQoHa616PgFsFRREawcYpi9kODg5PCeUqPFyy2cjb9HWL+D0gS2d4QrrJ2toa2WyWCxcu7AqYRMmN6h9BK8xRza8juzxIcmcBhqx6UDx+jEqOavYeAgKSp29bq9bT+mk+32mwM2Cpt4RsNvXb+fuoZO78Lcl3/gLB1IicG8Pf09cycLIFAUFUQJQRNq9JFEEUBURx0xXF1rH1mlGgbZRrosge6JUyqUf3qeQyBCd+kdhH/wBpn9aWrVhZWWFubo5gMMj169dPRNx49OgR8/PzBAIBBgcHURTl2M/RDul0Gq/Xe+juJXNzc7hcrmPt9CLLMj6fj42NDdLpNF1dXYfuZNTT00MulyOZTOJ2u48tC2c4YDIcMFkonA2F2abWQVWRRFRZwKPIxCK9jPSe56XLrxPvGkQ3bZJFGwXt1MamE0GJgFVCLy6huL2IkoogSQiShLXpgSR5IohqEEHx4vdEiEcHiUf7+dxLv4pLFLCqacxyCquygW1sFxVESUZ2eymszmIUUyy7J7f9fbz7+NeV//Z+hYepD7+R4BcuuhnvlsloS1TMPBUzv2OLg+YqH9wCdcXMMxQpsZg5nYUOhy1sy0TPJzGrBVIbGabvT+1ZIiej4xKKCKL05GZwlKs29+Zt/uqHOj+9YWG0fi/aRhTApdYEDZ9HoCciMNIn0RsRiAZFoiGR7rBId0jC564FGsmsSTJjkcpaJLMWiQwsrJksJy1KFZtyxaaiOYKHg4PD8VEqwz+8aZHKaPzWJ2WujYn4PCdvSHiSJBIJIpHInqustXKVmidHITmPN9KHy9tZbb2seAj2jlFML1NJv4Olp3D3fBxBOvwK9mE4bjGh3fPt9e/6a8dxPZXkLOlbX6e6sYAvGiM00CJroxlLx9YLWIKIbVYQxJ0BqIVtmbU6eL1Yy/ZogYBAPrlCdnEeSfESe/UP8fZd6fj6Z2dnSSaTxGIxJiYmOt7/IKrVKg8ePPhA/DZaoWnaobuWWJZFpVI5kbIat9vN0NBQI5Pj6tWrhxKB6h1v7ty5w/LyMgMDA8eaqXVWylZsGyq6Ta5i4lEE3LLAWP8VxvqvYFqQr1oUqxbZismNDRndlBr3dibxP4+gJylurBLqHQNBQPb5sA0dI18TS83qRq1FrOLn0uBFLg9fBcvArGaxqpnaj9E6Y8IdDBHsGyS38B7Rahep2CdO5DbOWsbG0Vq8fjiy718ZTfLGzAc7Lju0RsBGFUoIgogoKU+ewFH32/jZHZP/7wcGU4/tQ38mBAE8Lgj6RcIBgdF+kWcvyDxzQWYoJuPa5/vU44KuoMzEjo5/ugHLSYMbDw1uPjJ4tGixkbPJFy1K5ZqrtYODg8NRMEx4e8omlTP49V+QeP054cz6cqRSKarVKufPn993u5rI8RUKqz+guDGHoZXxhfs6Pp8v0o+seiimZzEqCdzdryH7OuuqcZaoixf7iTjHIW5k7n6HzNTfIysuoqPjuENtdLCwbSyjjGCZCJICws4VcRtsq9bRwGwdcFmWRWZ+hnImhbf/CtGP/CaSqzPvhkqlwuzsLIVCgZGREYZOoJXvB+23sZO6UeMH3UFlL2RZJh6Ps7Kywt27d7l69WrDI6LT4zSLHENDQ8d+zWehbEU3bUqaRbZioUgWxubCW1W3KWomxapFvmpimLWx4Kcr6tkVOQQJ2/88ZvYHFLOrje8JJRTG0g2sag4QsY0qohpAVPwIshvbMrCqWcxKGksr7CmoAgR6+zEqFWLr/0DF00sxMHls5SlnSdjIaEtkjuUx+TDMXmrX8MpoCrAdoeNDhosiIuamYTAI5XL5iQmpW/ttdI4ggFuFWJfI9YsSv/gRlclzCmH/8X/A8iWb+/MGP7qh89Ydg9WUSamyWU7s4ODgcESiIfjCq9KZ9eWYmppCEASee+65tvcprf+MQuItZNWDNxxHVjsP0gytTCmziqGVcUc+gtr1fMfHcABtY56Nm1+nkprDF+2peW2c0kNYzefILMxiaBUi175EaKLzldRsNsvMzAyWZTExMXEiWRXLy8s8fvy4Zuza2/uBm81CrW3y0tISzzzzzKFKTJLJJPfu3eP8+fPH7h+iaVqjLWilUiGRSBAOh7ly5cqhs60qlQo3btxAluUTEbDqfJiFDlEAn0sk5JbxKAK2DVXTpqSZVHSbimFj7liFO7MiByAUb2OX7uDr6m9k/FmGiZZIYCMhym4ExYeoeBFkTy1bTCtgVbNYemHfcjioCcOJ6TtUNJg9/6/41LXOBfc6py1qHNZUcytbY5G9RYmDzEFP1jz0YNo9f207R+g4WSyjSnHpHlp2lemHM3zz61+lWt0+7ihUcQlFRElGEGu5G09UBkcya/PVHxh866cmhVLn+wvUylCiYZHnJiS+8pqLq+cVlBOciwW8Ai9cUnhuXGH6ZYNv/bTKm3cNEmmLSqU9yzQHBweHvUhl4a9+YJLO2/zuZxQGe85OuUo2m6VYLDI+Pt7Rft7YR1lOVPBX72EmZg9XsqJ6CMZGKWaWqaTfxdSSuLo/jig7Nbjtkp36Hum730VWVLrOnccTPly5QydsOnOQW10iv7qE6o8R/+i/wN0z1vGx1tbWWFhYwOfzMTExgc/XgYFtmzx8+JDV1VUCgQDxePxDY+JYbxF72AyOeovY4xZr6sJGvZNHIBBAlmVWVlaYmppicnLygCO0xu12MzIywsOHDymVSidmKvxhLluxbChWLQxTRxJrz6Fp2WimjblHLH+WMzls31UEI0kpvYqsepFkFVGWULvCVBOpWmaYXsaWFBBVwMI2qtiW1tYqpCAIhIfHSE7fJb74Vbj233R8jacpbBwlw2R3tsZ+49hBY9xpjYF7lb10ZnRay+iAN2ZO/vvNYTciZs13Q5Aa4gbw5JiMlio2P3jP4Js/sUgfwkzUpUJPl8iLV2T+4ItufvOTboZiEtIpxQKiCD1hkRcuq1wakdANm3wZDMM+sn+Ig4PD041uQCpr41bh/ICAqnw4gqiDWFxcxLbtjv0O8vk8j2YTeLsu41NNKrlFLMtAdXee9q+6A4iyTCW3hJGfRlTDiGpnYsnThrYxT+Ln/4nC/Dv4unroGp1A9R6/ONAKU9PIzD+ikEwQOPcCsdf+CMXf+cRzfn6elZUVuru7uXLlyrEH6pVKhampKf5/9t7zOZL0vvP8pM/yBrbRANqjx3JmmhxDNyRFikOKlERKohwl3d7G6e706i7i/o67iDOK3Rd3odvdWGmXJy8a0Ug0YziOM5zpcY3uRqPR8EChfKXP514kCq5hqgqmgZ76RGCmUVWZlVWorHye7/P9fX+FQoGenh76+/uPjbgBUKlUCIKA0dHOyrPm5+fxfb/jDI/tEELgui6SJBGGIaqqomkahmGgqirLy8s0Go2OXTaJRIKZmRlkWT4UMWsjxzWEVAB+CG4QCRt+uPdc/k5N4U5NYTR1AgerWg+SPUHg2xjxqF2wpEahxqHtgAgRoYcIbETgrLWEbRVF01ANnWD5FqFTI3bqwZa2O8rg0Gb451Yu9ap7HsOXL5v0peexgwq7CwPHI0NjMwd1PNF+RnKNbhDpIbBXyKhJDVkSKKoWlWCscl84OBxP8NoHId9+yWdhpb1tJSCZgMfGVH7jUzpPP6QTM+7dSWhocGVM48EzKm9c8/jHF1zeuOZTqYlu2UqXLl06ZqUMP3xN0JsN+PxHJYxjLnI0Gg1KpRJnz55te9v5+XlkWaZvYBRFOYe88otVF4bdUcmKEc+hqCaN0jyN+R8QNFTUxBhG70X09EDbx3c/U/7gXyi++z0U9ehcG02s8gqVO7cJAp/eK79F6vwn2t6H53lMTk5SLpcZGRnhzJkzh3CksLi4SLlcJpPJHKgIcFA0W8R2imVZB9aVpInrRsvDnuchy/KmYNFMJkMYhiwtLXH9+vW2XV+w3g66+TyHzXF2c3TCiXRzKClE8gm86mvYtWXM1ZbRajJJ4HqEjQ7s4FuI5XpJi2SkdAAAIABJREFUWhaViZfQMoO7fi8dN8fGTqUqTddC5NjYrdSked9RjDeOurRl4/Osv9aPn1sGuqUrR0GzJaysbBY34D4QOPwA3rsV8g8v+Fyfam9bSYJsSuKLz2j8/hdMTvceHzU9Zkh88iM6l0ZU/u5nNv/wM49CKeyKHF26dOmY23Mh335J0JuWuHJZRT0+X3l3sbi4iCzLDA4OtrWdbdssLCwwMDCwFjqo5z+KbPRiL71AZfEWidwpjEQLIZcbaJas2KUlbGkFt/QaxXf+CUVLofeeJ9Z/EbP3Amoi39Z+7xfc4jQrV/8Re2mCRL6X9NAocoftO9tidVxZmZ2itjiPnh9h4InfQcuebntX1WqVW7du4bouY2Nj9Pf3H/zxrjI6Okq9XqdQKJBKpQ6tJKJTXNfdV9Bpo9Egl2vvHNsN3/cJw3CtdGa71rC5XA4hBAsLC8iyvGcw8XY03SFHyf0kdJxIkcM8D94yjdItFC2GZkTuHSOfww18Amf/ryczNIJvWxTf/ifiQ4+gmOu5NsdN1Nhum+YxNoWNvbkXjo17uWgjbfm32PRedctXDh4VD12ykGQFSb57MHuiBY5QwO2FgH980eON99ub+csS9ORkfv1TGt/4FZOe9PGsS+/Pyfze503ihsS3/sVluRjuWAvZpUuXLnvx3k3B3/7MJ5uWuTAkH1kZXju4rsvy8jJDQ0PbTmR2Y35+HoC+vr5Nt6uJMyTMfuyl56kXb+N7dkddVsxsH6qewBEFYqkeGsvLWLNvU5/6BQB6qh+z7wJG33livReROyiLOWmUr/0rxXe+i6pq5M9cIJY7usGc71qU7kzi1KqkL36K/GNf62g/S0tL3L59m1gsxmOPPXYkXUwuXbqEZVnMz88zMjLSUavTwyAMQ3zf79jBYds2YRgeWFmPEGJN2IBI3NipY0o+n0cIwdzcHLIsc+7cubaey7btYyc2nTROpMix2jrWKi2g9Z9bWw1WslmCxaUDSf5PD42w+MFVSu99n54r3zj2wsbW7fdu87rRQSFx78NC7yWbX/PHzxW6IscBErWEra+1hN2OEytwCAFLpZDv/jzghV+KttqrKjL098h8/TM6v/1Zk1T8eJ982aTM1541MXWJ//Ijh9nFrsjRpUuXzggF/OIDQSbp8Sdf0hjqkbc6++45S0tLAJw61Z4AEYYhc3Nz5PP5bTs3SEqM2OAXUVbewC7+ImolmzuFqrU3kVPjcWRdw1spofYbpPtP49kNnEoFp16hfvs1KhM/B0BPD2L0XYgcHn0Xkdt8ruOMW5ph+bW/xK0sEM/1kj09inQUro1VGitLlKcnkWSDvqf+kMTIlY72Mz09zfz8PPl8nkuXLh2Z0KCqKmNjY7z11lssLCwwPDx8JM+7F80SjU4n+gfdItbzPIQQ+L5/V2nKdvT09BCGITMzMyiK0nKOSLFYxPO8rsBxADTdKCdG6JAUSH0Uv7S5dayiaej5HG6hzfr3bdDMGMm+Qaq3XuFN7ZOgH67b76Da0rbO1oHEfgYWxzGzYy+2HvPm3z9+brlbtnJARC1hw7WWsNtxYgWOhh3y4zdCfvBKgOPt/fgmkgSDvTK/9wWd3/iUSdw8GSdQKi7x1U8amAb8h+85TM+FbYk6Xbp06dLEceH5X4bkUj7f/KJO6hjNuYUQLC4u0tfX1/YK8tzcHEEQ7FlaoOevoJi9WEsvUlnorGRFVjWM/j7cUomgVkcz42hmnCRRSY1br+HUyjjVGrWJl6jefBEAIz0AqoGiGaCaUStCVUfV40iagaSayJqJpBooWhxJ1VG0WLRNB+1uDwNr/j3K7/0Qu3gHWVbJn71ILHu0pTmlO5PUC4vEBi7R88TvoCbaXx3zfZ/JyUlKpRJDQ0OcP99+p5X9kkwmGRsb49q1a0xOTqLr+qYfTdN2dCscFk2Bo1MHR1PgOIgMjiAINnVNaVV86uvrQwjB1NQUsiy3JB5NTU2hadqRuHc+LJwkN4fQBpDiD+PU3kUz4uixKHRUicVQ0yn8SnXfz5HoHaC2NE+u8BKLp7667/1tx9EJG1sdGu2KErs5PE7G3GwzG9+H7emKHPtHwwHJjVrCSjtbkE+kwCEEvDcp+OmbPuVae9vm0hJf/ZR2osSNJjFD4gsfM3Bd+IvvOCyudG0cXbp06YxaA15+N+TyiM9nnlCRj8nX4eLiIkEQtO3egEjgSKfTJJPJPR+rxEdJjgxgLf6MenEycnNkh9oeV+nZLJ6m4xeLm29PJNETSVKrGaROrYJTreA7FqFr49s+IggJgwARBoRha+n8qmaCaqyLIHoMSTWQVRNWxRBZjyGrBpJmIikGqh5fFVVMJM1EVttfWbcWPqAxc5X6nbcJfQtZVsiOnCWe7911kHHQeI06pTu3cK0G2Qc+T/bhL3e0n3q9zuTkJJZlceHChY4+bwdFX18ftm1Tq9WwLItisYjYYIlXVXVN7NgqfhwGzU4l+2kRq6pq2+Vl2+H7/lp3GUVRkOXWP2v9/f0IIZicnATYVeS4du0a1WqVoaGhfR1vl7s5USJH4hHwlmgU51C0GIoaiXRaOo3wfIJV8a5TVMMgke+Dwmss932OUD24bj2HKWyU3Gl2FyI6cVwck0HHgbOxPOckOlGOLwoeOhbelpaw23EiBY6aJXjrZsD4VHsWhngMfuVJjV9vU9wIBTiuwHZ37gXeCbIMpi5h6lLLk4uYIfG5j+ksV0K+9SOXar1r4+jSpUtnTM0JXrsWcOWySuZounjuyfLyMtlslnQ6vfeDN7C4uIht25w+3Ua4pGwQG/xVlOKb2CuvE7g2sdwptDadEloijqwr2KUCOD4yd6+4G8k0RnK31yQQQUAYrooeQUAYBCB8Aj8kDHxYu99HBB6ha+HbhVWhxEeEYUtCiSRJkXNEi0SPpjtEUtaFExD49WWC2gq+VSHwLCRJIZbNYeaGiaUPLkByN0I/QF5Nw/Udh6Xr76GYaQY++W+JDT7U0T5XVla4desWuq7zyCOPkM3e+7a/IyMjm363LItGo4FlWWs/9Xqdcrm89hhJkjAM4y7hQ9f1fbWcPS4dVLYGi7Yi6AghNr32gYGBNZGjXC4zODhIJpNBVVVc12VlZYWZmRksy6K/v78lcbRL+5yokpXURxHFH9AozZPqXS9v0nI5hO8Revtr35roG6C+skSu8DKFgc/va19HX4ayE91J/Ga2vh8bu6x08zg6JSaVQQJZ2Vu+OHECRyjg/cmAX3wQ0s53jKHBxx/V+PqzJv3Z1lcALEcwsxzy/qTHzZmQmnVwCkfckDl3Suah8yojfUrLoks+JfPlZwwK5ZB//rmH7RzYIXXp0uVDRNSFSvDGtePh4miuYG+d7LXC3Nwcvmx01LlBzz2BYvRhL79AdfEWidwgRpvdUBTNINE3RL00j1UrghUibB8tlkTbJg/kbiQkRUVRYIfMrNYQTaFk9ScIEYEPYUCwKpqIVddIJIw4hG4D11pG8ldvFwHBqpovyzJGOkcse5p4Nk/I6gTyCLR1q7SyqfSlMncHkBh49s/Qkp3ZfGdnZ5mdnSWTyTA2NnZgORFNwjBECLHvspJYLLatyOB53l3CR6PRoFrdbJ/fKHpomrYmhLTiqvA8b18TfcuySCT2r5g2y1IgyvNoCjfN97f5A9H7HgTRZ7wpcHieRygEAwMDmKZJsVjk/fffv+t5YrEYw8PD9yR7437onNIOJ0LoUNKM+09ySbyMXV3GTEXfNZIsoeayuIvL+9q9FotjZnL0rLxMof9z0IED7t4KG9uVpmz8vUvEzm1yuyJH++g0UIlKU4JwbwHgxAkclbrgF+NhW+4NTYWHLyr85qcNLg23PuhwfXj9A4+/+I7NOzdasw93wsVRmX/zayafvWKgt/gXGR1Q+PVPGSyVBK++47cl9nTp0qVLk+Pk4mhO0toVKYrFItVqFcvo3F6uxIdJDH8da/F56sVb+K5NItf+/hLZQVTdpFGcA12hPDVJ0HAwUin0ZApZVZFkFVmR1/4vK0pHg9xtkSQkVUVB3cZHsgstlFOHgMThixuebVOZuU16aF3oskoFrNIKuUe/0rG4MTExwcrKCoODg1y8ePGgDneNRqPB+Pg4uq7z0EOduUv2QtM0MpkMmUxm0+1CiE3CR/PflUqFIFgfvyiKsknw2Oj6aLIfB4fv+7iuSz6/v0yWprghRCRAxOPxNUEjDENkWb5L4GiKHE0Xh6qqUX5HENDT00M+n197X8IwRFEUTNPcNpD4sPiwCRo7sfF9OI5ix6K4RCZcpL88gaKvt45VdAMtl8Urlva1/2TfAHb5A3KFlyj2fqqlbe69W6N5UTjIMNH7me0yObqho51gShVCLGRFQ5IU4D4TOEIB794KeO399twbI4MyX3vW4KmH2lsWm1oI+O7P3UMVNwBuTIV8+0WXkQGZB8+0foyPnNP4+rOCpaLg+u3gKBbUurSAroFpRF9irie6Dpsux5qmi+MXH0QujnvZNrZWq5FIJNrOFpifn0fIGp97dJ/187JBbPALKMW3sFdeJXAdkvnTyFp7kxIjnkXVYjRKcyTOyfgNhcbUHeorO6/8ybIEkoqsKKvihxI5OtRICEGOhBBJUaLHrN4vKTKyrKzdt1sexsbKYBCRWNG8rYUx61EMY2tLC1Rmb5PsO4UWi1bUhQipzExj5EfJjH2uo/3OzMywsrLCuXPn2itjapFCocD4+DhCCGq1GhMTE0caWipJEolEYlvnhOM4dwkflmVtKneBKBRUVVWEEB27GRqNBrC/DiqSJCHLMolEglgshqqqUevaQBAKAZKCH4DnBwjhNzdCItquaTDSDZNYLLrNsiw8z1vLFhEH0PazVbqixu4cV1fHzfBp+rWlqHXswPq5rCYSCN/Hr7YZAriBZslifuWVPQWOey1sRPkb0BUyOmXnTI6uyLE3Ch4paZ4VSY7C2VtBiJMlcFTqgrduhNyaaf3CFDfh449ofPojelv261DAtds+Vw9Z3GgyPhXwiw98Lo9otJqhJUnw5IMak/MBs0sBtcbhHmOX1hgekHn4fLSqdHM65L2Jo/kMdenSKVNzglfeD3j0okJf5t4NYmq1GgMDA21vUygUqOt9B3Yceu4xQk/gLL9ExfNJ5k6hJtqz7CuaQarvLPXSPLBC/omPoSYfgVAh9GxC3yZ0bQLPAt8l8CyE7xJ6FiJwosd4NoFjE7hVCFyE8Fmfl4lVu/76c0qSjGaaqGYcxTDQzBiKbqBoGoqmITYNUKU9RXFBdJ05CvXcd2zKM1PYlRKqbm5yb5Rnp/E9h95HvtLRvguFAnNzc5w+ffpQxI3p6WkmJycxTZPBwUEqlQqzs7PEYrF7Gl7axDAMDMO4K2skCIJtsz72EzDa7KDSSQBqJE5IaJq25tCQZRnP86jX6yyuWNSsKI/DagTYtofnRZPiyJliEIvLaFo0iBrIx8hlItGnWeISBAGO4+B53prb47DoChvtcdxcHSEqJB7Fr7yEa1fQzfUMJS2TIbQdQq+NNo5bSPYN4Ny6TnrldSr5j911/70UNkruDHd/8XcDM/fH9i1ku+Uqu3NWfoMV3LbC0cPAP1kCx3uTPq9/ELQc9ClJcPmswqcf10jE2jspy/WQ8elgU6cSVQHTAF3b/wnu+QLLjlZPAVbKgmt3AgrVkL5M60uoMUPiyQc13roR8MKbHke4KNGlS5f7BD+AdyYEb4wHfPFjKvvIJ+yYWq1GEAQdhYsiSdj6wQ4QzP7H8eo17MKrKCgYroeezdLum5PIDqIZMRrFOVxnGaPvU5jZ3csjKjdfoDHzNqHTwLc2W6FlWUU1DRTdQDUMVMNE1g00PbqtU8LAJ3BdAsfGc2xkVSWWySGph9OpYyO15QUqM1NAdO3LnF4XN5x6lfrSPOkLn8Tsu9DR/mdmZsjlcpw7d+4gDncTN27cYH5+nnQ6zeBg1CK4t7cX13W5efMmpml2lAtzFCiKQjKZ3DZvo9OJv2VZUW5LGw4OSZJQFAVVVSORA7C9gHKhjmW52LaL7TiUqw6OFw2aHCfA8wKC1VKWSBCxMAwFRY3O0UatwWKsFpWhxDTSSYN8Nrn22n3fj3I6VnNTDpKuuLE/7qWrY9PfzhhBUpI49fImgQNASSUJV4p0ipnJoccS9BRfWRM47r1bY2aPR3RFjs7ovmedMCiP0yumqBgJpHpr24jQR4jg5AgcjieYmIXJ2da3ScTgo5dVHj3f/gDtxp2Ad25uroMZ6pf51GMqw33770k/vxLy0lWPm1PhmkY6MR3y7k2Pz15pb5B6cVjl4w+rvH3do7z/Nt2HjqpAKiGRjK+f8I4L5VqIs89rmaaCoYMsrVuvXU/se79dutzvzC0J3psM+MxjCqZ+9BfjWi2y+27NFtiLSqWCqyQQ0sFfzlLnPoW7Mktl9iaZIQXheqi5TNtCgh7LoKgmjdI81sK/EthLmL3P3PU4a+EDim//E25lAT2RQo8ZxLPDaEbU5UTRNeR9CA5h4BP6fjQpDH3C1VDRIAiichU5svObmXyLwaj7I/BcSncmsSslYv0XsZduEs/1YmbWBYHK7B0UM03u0c7cGwsLC7iuy9jY2EEdNhCVfYyPj1Mul+nt7b0rc2JwcJDp6WnGx8f5yEc+sq+uJPeCTruwNBqNttwbkiStZYDIsoIfBDTqDZZXqtyeq1AqNrDtvS/gUQaHy8YF9XJp3daazSU4NZBBVRQMQ0M3DOLxOI1GY83RcVB0xY2D41i4OoxzeI2r+K6Nqq9/L6rxOH6lgvA7d+km+gZwpyb4TOo68aFHD+JoO2JnYWN710GXTuiGjrZDnCLnpVchlkTVY8DeZQpCRB3lfIyTI3DMrwgmZkNa/R6RZXjkgsonPqKhtfkqPV8wfsfnxtT6kxkafOYJlT/7egJ1//oGQQg9GYt/99c2zWv39ELAO7cCPvERWg4bBdAUeGJM48mHfP71VY/wEFwcqgKq2tlXWxCC77N2XJmUxNc+o/Pc0+uThHcmPL71I5cPJvdXzjEyKPPUQ+qaY8fz4a0bPm9d65aJdGkfXYN0Uia2YT5btwTlausto2UJkgmJTHKDoOdBpRYeq3wWP4DZJbizGLYVxnxQVKvVtvM3fN+nVqvh6f2HtvLV89FvMPuj/43i5E16zlwiXFxGy2VR2+wSEZWsnKFRXsAuXyV0lzH7Po2sZSAMWHn7H6ncfBHNiNFzYQwz1VnrUt+x8R0HJIFmRCUqQkTf3bKiIisquzs9j6YmxSqtULw9gSRJ9DzxW9iL15EkifSp9RKS2tI8br1G75N/gKS0P2kUQjA3N0c+nz/QVrClUonx8XFc12VoaGhbB4QsywwMDHDnzh2uX7/ORz7ykQN7/uOMZVktuTeEEMiKgr4aeCrLMvWGw/xSkZm5EqWyjev6+PuYPG6kVrWYtD3m5ssMDaY5NZBhsC+HaZrIq3XB+xU5usLG4XIvXB0vzuloXOYp9SquVULVBzfdr6aSeMXyDlvvTTzfS3VhlurNF45c4NjbrbEdGyfpXcGjfXZ+/7p5HJu5oLyGosjo6X6Yb231XgQeIQqOiJ8cgWN6MeDWXOuDrmxK4qmHtLZCO5vMFUKuTQVYGyYfg30yl0bUAxE3ABQ56oRyZkjm2mQ0U7IcuDEdcHs+aHuCcfaUwjMPq7x5zadQOvjB6ak+mQfPKm2LRQCLKyHXbgdUVu1FqiLRm5E5O7j+GgvlkIPo1jc2qvAnX47Tu5ojYLuC//A9674QOAwdEjEJRTnYC4oQ0LBCGvbOj0nGIZuS19z5nh9N0HfbZjtMPRIMDH39uauNSDA4jpzqk/mdzxk8+eD698hP33T4yx+4LR+zocNzz2j89mfXJ+DjUz7/348drl4/Xp/L+YLg9rzg0vDRP3etVqO/v7+tbZohia5ymKvjEj1XvsHcj/8PikyQP3sRr1gidFy0XGbXUM/tiGcGUHWT+socjem/B2WE8nuv4NULpPoGSZ8e3XV7EQR4rkPg2PiuTeBEZSW+4+B7DkYqTap/CCO17oTZazFeiI2POdxzMQoMvUNteQEjP0rvk9/ELd6mPnOVzOnRNXdM4DpUZu8QP/0IydGPdvRcCwsL+L5/oLkbc3Nz3Lx5E13XGR0d3bUDh2EYDA4OMjs7y/j4+IG7SI4bQggsyyKVSu352Ka4oWkakiQxu1BhqVChsFKhVLaw7YNzVAD4fojvu1iWCwgs26dS9RnsSxGPqasOGwnf9zoqV+mKG0fHUb/XHjEWwgucqt8ilupH2hCUp8aT+OUqImxxxWMbEr0DlGduYi1eJ9Z/6SAOeVdaFza2u3BsNznvtoltjZ3cMOvvX9fJEXFGfoO0tEA8d5pQbm3iGQbRd7cr4gikkyFwBCHMFQRzy61fdC6fVXjqofY7AggBN6Z93t/iJBgdkBkbOdi3a3RA4eKwwvjkepnK5GzIuxMeF08rbZV6KzI8ekHjygM+P3z5YAcGAE9cVvmffzdOss0sE4AX33b5d39vU6kf7mROVSAZk4lvEEo0VSIVl9E1cA/+bTlSzp1WeO4ZjVP5g11dr9shP3nD5/k3d36DPvGYxp98yYw6PRAJjn/7E4eXr7bXn/jCiMI3Pm8yNhK9hiAUfPtFl//6g4OxMjRzcmKmjB41ngAi95DngeWEm7Jv9kLXJAbyMueH1t/zd2/JbX2vSDLkUtKmfdSskJhx/AYDSyXB7YWQIORIu6nU63WCIOioPEUI8NX2AkDbxciP0vPE1ym8+XdU52dIDZ4maDQIXRctn0bR2xNY9FgGZSDK5fCcm8R6YmROPYCR3Fzj3VhZJnBtfMddc2aEgUcUECqDJCFkDcIQLZEgc/os8UwWSdp8rXSqZcRqzsDa/0WACAWqbmAk00jq4Q8HQs9j6cYH+I5F6sIn6Xn864jAZ+H572IkUiT71ldHy7PTCCHIdRgsGoYhc3Nz9PT0tP252olbt24xMzNDMplkYGBgrUXpbiSTSXp7e1lcXCQIAi5duoR6BO/1vaAZMLqx5exWhBBIskwiHl8tSQmpVy1u3S4wt1DCdQ/f1lYqNahWHeYX6iAGGRrMEIsZyIqC1bBwnPaU+664cf8zH15iILyJa5UwEhvK0SRQUwm8fdSHJ3sHqK+6OA5T4OjMsbGV7Vwbx28sc/yRtvx7/Zr9YRc5ctIdhuV3MZJ59FgG29l7wC7CqNzWFTF8ogXJE3GVLVYF00sSDau1xysy9OckBjuYCFpOyPXpgOn5dTVW1+DMoMxI/8FOLE/1RAKHoXtrZSrzyyHvTvp8/mMhqXh7M4z+rMxov4yqtD6Bu5/o75G5PCoTN9e/OBQZzg8pXBxVeO/myX5TejMyzzykc+H0wX4Oy7Wo/Gs3MgmZC6fXBUNZYlOGSqvEDBjpl7i4+hr8AHrS+1eeFDlytwwPyjxxSeGR8yqDPQqJWNQIs2YLFldC3pnweeOaz535kJol6GTRxdQksqnWX3vclI6lmLEdDQumFgSLpZBT+aNTOKrVaHDYbsBopVLB0xIcxQArdf6TOCvTVG6/hhZPYKazCN/HWVpGySQwkvm9d7IBRdVJ9Z3BKRcI2Tyhchs1KjNTOPUakiShxvOomVFstR9bzqLJdYo1lZjmUAuyJHQL29PRPJ9U1cH2dHTFI+7OES7dJPTWL55SczAlSaRPjxDLtnfcnWKXVihM3kBRNHqf/ibJ4ScAKL7zbfxGidzYQ+uPLa9glQrkHvk1tGRn3XHm5+cJguBA3Bu+7zM+Ps7Kygq5XI6+vvaOKZ/PoygKCwsLNBoNenp6yOfzJJPJtfKI+4FmicduJSqyLKNpGqqqYruC2YUKH4xPY1kenteeYL4fwjDEcWzeG5+lWGnwwNgwMUPBMKJOK77f2nWpK258OKjRR1kMolSLmwUOQEkk9yVwIEG8b4DK7Lu4xTvouZG9t2mD/ZeiNNnqOGhlmy47083k2IpGg0vKq6h6jER2cO8NAIQgDDwCoeGyvth0IgSO2eWQiZnWL3yZlMS5UwrpRPsn2sRcwLu3NndqOdUrc2lY7ag8YzdUBc4MKowMylyfip4wFHBrNuSD2wFPPtjewCcRkxgdVMhnZRYLndvlWiEIwXYEtre3q6baEATB4dqeDR0eH1O4cvnukqRLI5GbZ3ImaLukosvxx9Cj1rzPPq7xxacNzg4q27oPHj4Lzz6uc3s+4HsvO/z0DY/ZpbBtZ8/FEZU//KJBq2NxRYZLo0efadEp04shEzPBkQoctVqNeDy+68rvVnzfp1qt4ul9R5Y83/vRb+CVpilNTdJ/+WFkTUMSMm6pjOc2SGSHNtmXW8HI9BAYNu5KEcKQRnmJ4q1bqLEMvU99Eyl/manbt6mWlolJLnVHApKRMB4mUeSAig2GKvBClaW6TsJwWLGTVJXzuPmLDOQMerMxrIkXsRavY6aypE+PHkmQqPA9VqZu4VRKmPkR+j/9PyCr0fPay7eo3HiBZN8genzVhSOgPDONnhsmc/lXOnrOIAhYWFigt7e3bdFsK9VqlfHxcSzLYmBgoGM3SCaTQdM0yuUyMzMzTE9PA2CaJrFYbNNPu+fCcaEZTLqTwNEMFNU0DSEEM3MFpmZWKJVajMffgmFopFLRc7muT6XS+gU+cjEJ6nWb+YUKsjzH+dEeMimDeDxGoyF2bSPbFTY+fMyHF8n4L+DaVXRzvQxLkmXUVBK/Wut434nefqrzs1RuvEDvk3+w72MtudMcntjQdBxsJ2h0RY726GZybOSi8ioaDeLZ1jueNV2tDvFNt58IgePOYsjt+dYff7pf5uLp9l9aEMLN6YDrU5tX+kcGZcZGD+etOjOocGlEWRM4AG7Phbw36XPlsta2TXxkQOb86cMXOGpWyMvveLx1c+9Z3vxySKF0eMdj6vD4Aypf+bixrcumJy3zq08aLKyE/PQNr2Un0HFHCCjVQor7zK+oWSHl2uF+Xg4LXYvcGuhBAAAgAElEQVTKp/7oOZMrl7U9M3Kajp4//Y04j110+Y/fs3nnRtCW4+ncKYVzp06OYNEuCwXBxKzgmYePrkylUqkwMDDQ9jYAnhLf45EHiCSTf+J3mPvJ/0lxepKec6t2YifEpULg2sRzp9CMNgNITROjv49GaQ4JndyDjyEPfZU7M3M4s69gecba3yIMbbK5HjLpFGYsjW6YBL6HpkUdLCo1B8uqghtNGtOmxWwhwLGLWE6GM0NnSbeZddIpdqVEYWIcWZbJPvoVMmOf23R/6d3voGoG6aH1FcvK3B1812bg6a92/LwH5d5YWlpifHwcRVEYGRnZdyeUeDxOPB4nDEPq9Tqu6+J5HpZlUalUCIL1LyJFUYjH43eJH7FY7Ni6PprHv10Hlo3dUoSQqNZspqaXmZsv3fXYVonFNM6MRKvpxZLVlsCxkVqtwfj1Bqm4SszsIR4zCcMQ27bx/bvHOF1x48PJsjjHOd7EqZc2CRwASiKxL4FDVlQSfQPUpn5B5sFfRUt2NrFdd2vcC5Gh23GlPba+Xx9uhuW3yUt3SOQGV7um7E3UEjbEEQlCNo/LT4TAMb0ExTItnSuyBCP9Muc7sPGvVKJw0Y0hnboGZwdlRgcOZ0Jzqkfh4oiCrnlrK8nlqmD8TsBSKWi7zGa4T+HiaYVX3/E7st+3iu3Cu7cCvvviHmnWIsq+2GsCaRoSQ70y5dXrQxAISlVBtb7zSa/IUXeKK5dVfvfzBk+MRe4NIaBhC4JQkIzLyBJcGlb44+di6Co8/0ufSk2c+DIe14fvveLyV9/fX81yuBoy2g6aGpXMjAy2WUaVl9G1g7noyRKMnVH4vS8YPPmQtunrIQyj1tKuL0BIGHqUp7EaIYKuwtMP69QswUrFZmqu9dcvVv/T6uVozYB4Qq71lbrEnUVBzYJMe/P0jmg0GoRh2FF5Chx+/sZWjJ4zJEavYM++s3abqhmsXL9B6sI5qku3iWcHMJPt2UtlVSXZO0K9tMR4QcH/4E2cQEfCR9Nj9OcNMv0fIZNKoWyX4SAgnYFBAEnCdWwWC0sszy+SitWouTG01CDj3ijn7SXy5uFlHYS+T3HqFk61iJ4eoP+Tf4oa39zFpHLzBezlSfJnL6xNiN1GjeriHOkLnyTWf7Gj5/Z9n4WFBfr6+loKu9yJqakppqamiMfjDAwMtNXdZy9kWd722Hzfx/M8HMdZEz+KxSKLi4ubHtd0fWwVQO6166NcLu/YXlaSJAzDQAjB8kqN964vUirtb7UhETMYPR2VC6lykYlbS/va383bRfxA4pEHTmGakcix1cXRFTc+3MwFFzhjvY3v2ajaugNOVlWUeJygsXcry51I9vZTW5yjdvMFco99ra1tD9ax0c5keychQ9rlvi478+F0cWSlWc7Ib2EkM3eVgO3EWktYYeBxt2vwRAgcK5Ww5XMkFpMY6ZfpzbS/wnFj2ufdic2z3sFemYuHUJ7SRFWisNGRQZmbd9YnWTenA67e9NsWOLJJmdEBmWRcolI7PEXQ1CQePqfgB7tf7GuW4P3JgNt7ZDyMDav8L7+fwF992GIx4K9+aPO9F++uH9C1KP9hsEfm2SdUvvSMwVDPxgBHwY/fcChWBV96xqA/G3X/uDis8Gdfj/PgWZfvv+JGOQwNgeOeXO201ghZOGS3znb05xS++ZzJb322vdY3hiaRayO/YjeScXj6YZWPXt4sbtiuYHop5IPbHjNLIULAyIDCI+dUhnrXOwFpClwZ03j64YCZBafltq+lashcIcRvsexKliX6sjIDueO56rodlXr0vZtJHP4xd5q/US6X8ZQEX7p8mB1UtsfIjVCfegPfcVANA2QJKZSwFhzSly7TKN3Ad622S1ZqlmBqMUvd0zCUSIAYPXORdG6AVDKBJG9z7mz8GEpr/0E3DIZPDXNqYJBqpUqxMEdhIbJCzlaTFK0Y57JlZKmNbz9JBllFkmQkSdlWtfMaDQq3JpEkhfxjXyN98dPb7spbuU3m3BVSw+fWru9WbZrMuafJP/YbSLK8VkbQDvPz84RhyPBw562AZmdnmZqaIpvNtt3ZZz+oqoqqqnc5RYQQuK679uN5HrZtUy6XCTesZDS33VruEovFdhQeDpK5ublthSBJklBVFUVRKFXqFIpVCoUKQdBe5kY6bRKP6Zh6dL3vzaeIm9EYJJuJcXYkB4AfhNhuQLXq4Dit1yBWaw2WChqLhTiZVBxVVZFlmTAMeWH24ASuLieXBTHGGd7GbZRQM5szApRUYl8Ch6IbJHr6qNx8icwDX0A29hbvD9ax0U43lFZKU7pdVlpn5/fzfs/jUHC5oLyKohokMkMtb7fWEpbtXbwnQuBoJzchl5Lo76B23PUE16cDJqY3CxxDvTLnhg53kH+6T+HckLJJ4JhZCHl/0ufZx3WMNle882mZvpxMpXZ4FoVMUuK5pw2ee3r3Ce6dxYD/59vWngKHpkYdT5o4noSurd8Xj0VBjYYeTVY//ojKUw9qDPev5y0IAXVb8JM3Hf7yBw7VOni+4OufMcmlIidHPi3z9WdNPvGoxusfeLx01WdiOmoJbLuCuiVOfLeVo8DQuOcT9tFTCo9d1DD19c+N58Ob4x7/73dt3h5fz9IxNPjEYyr/5ivmptbRvVmZS8MyqQSUWswIe+Ftlz//a5uVcmsTr3gM/uhLBv/drx9hKcU+sT1B3T4a2a9arRKPx3cNJtxKEARr+Rv3AiMXtXL1rHokcABaPIG9MkNs4H9EMXqxCy/juzaJFktWGrbgl+9JIFRkKUSJ93Dl8hixeGLnUucmG4SN6L71OxVFJZvLkc3liKfzTN6cwvFCbF8mKClcyq0gtSLxSgqyFkPSkshaHEk1QbpbgFcz0BMfwm/UMfPD23YaEaFPcvhRYrkh1FgKJBkRBGSzj6AYSSQ1WulvrqC3iud5zM/PMzAwQCLRuf1odnaWeDx+pOLGbjTdD9udI67rUq/XEULgeR6+72/r+tiu1CUejx+YMyUIAoIgoKfn7oG4LMuoqooIQwrFKkuFCp63h/tzG3p7UpzqT5BORO/DRsdKOmny4KXo72W7AZW6y81by20JHIHvU63VmZopcH5UIZWI3vOf3g44ucsgXQ6SZsvYwdotYun+TW3CFU1HjsUIrc6dSYm+AeqFJSo3XyD70Je2fUzk1oDDEQwOa5/d82dvPpyhoxfkVzCpEs+dbdnq3GwJ66y2hN2O+07gMA1ImO2foDPLUXnK1mthEAqKFcHUwuGJBYVSyNYxnOPBjZmQybmAy23mf8QMifjRZO4dGEKwaQU9CNbH6H15mc9/TONjD6gM9yv05xSMLWMyP4DlcsALb3n87U8dJqajnf3j8x5+AF9+xuBUr4KuRufPYF7hq59QeO5pWC4FTC+GXL3p8cPXvE1CU5ftaf692lxcRZKi0qKDWExMJSSScYm6tX4QM8sB3/25y5sfbD6hHA9eecfn3JDHpRENdUM3mJ6MRG9OplRt7e+uyBKGLhEzWnvxpi6hKidr5cJ2oGEdzYCkVqvR29ueBbNZnuIeZf7GBozcMJIk4Tbqa11I9ESCemERtzKPnn0UxezHXn4hKlnJ9GOmdn6NdVtw42aACDUUOWRstJf00Nj65HNXcWPLnRtPyi13DfQPkkpmmLnxHgtFi7qrc6eaYihZQ5V2+/xLyKqJpKdRzAySlkZW4yBH4kXo+0iyvOZWScYH8G2LwHcJ7TJqPLdpb4HvYaQH0JI9SIoRHagmogra1QlDJ+6NhYUFZFneV/bGwsICtm0zNNT6StK9RFEUTNNE0zRkWV4TQaIuIc6a68NxHCzLolQq3eX62Fjq0tvbi9lB+GzTiRWPbz4nJUlaPTYJ27ZYWKywXOgsVLQvn2KwP4e6uqqx0ZWiadqaCywZCrJZwfx8lVKpvRX1RsNl6k6RvnyadNJENeIk9TqlICDsztG6sNoyVr6JWy/d1T1LSyVw9iFwaGacWCZP9caLZB74ApK8Pv6/t/ka27HzhPxuuiUre7Ndl5r7u1zllPQeffIk8ewAmtHaeG5jS9iAnQX6EyFwtLOSGDMkErH2V5ZnlwNuz989wHv7esDMotVRS8xWqVti2xDO+eWQW50IHGbUUeUwCcJoxdFydv/bFCrhWgvc3ag0BHcWAyr16H0oVgVLq1koQRBlNzz5oH5XiKQXQN0Kub0Q8L2fu/zLay4bu3XNL4f8lx84TMyEfO1ZnctnVFIxed0dokQ5KP05hWojRIiufaMVGk4k+i21GR6bTUqcGVTJdNDhaCuFUshLb7u8M7F+vs8uh7x/e3sx0rKjz6PjCNQN54ckSW0JLoM9Mp/4iIbttPbaVTXK8TlJ2C40nMMfiDQaDXzf76g8BcBTjiAkZDtkBT07jNcor92kxaNjcYvT6OlBFHMANfkU1ty3UNGRPRktm72rZMVy4K13IRTR9/zFcwP0DD+w+/MLEalzW0PKNjmBBWEgkLckxcbjMc4//DjBzWsUFoosN5J4vsqFXJHdVtkkLYZspJH1HLKZQVLjSJJCGAQoWvNtWVcvlRiEQRB1pEWsCRcAsqwimWkkxdwg0Nz9eVMUZfX83PuzGIYhvb29DA0N3TXJbof5+XlM0ySZPNpsl07ZKFZsfJ9kWV4TLbbieR6u62Lb9pr4USgU8H2fVCrVkcBhrU7qtrpMFEVBURQcN2RhqUy5YuO6nbWD1TQV09i+LLZZBtNEB5QOUpKDIMSyXJZWasRiOv09aXJxFcsLsVroGtfl/idqGTuAuo3AIesGsmEQOp1nHCX7B1i6/j6Vmy+QufTZQ3ZsbGS/+29FwOiKHHuz0fFy/2ZypKRFziu/QI+nW84sEyLYtiXsdpwIgcNyWrc3JWIS6Q7GvEEgCPy7n8NxYXbp3qzo+0FUYtEuCVMmdYiCDEClHvLTN11ev7b7QKVhCyamw7Uykp1yDm5M+/z7v7d469rdk9OFQsjr7/s881DA6ICCF4DjCup2yJ2FkFff9/jZmx63ZrbfecOGn/zC4/3JgE8+pvKJRzTOn1ZIx2UMXUJToVgNeeNasOb86LI7Cysh/+mfbX70SnuC0MceUviz34rx6Pn926LHb4eM3259EJGIQ39WxjTWz40whEI5ZLnY+t/9ypjGlbH7ux7bcSVqVggcbreY5qpvu603K5UKnhLnyw/cu7IfPTdCfXJ27XfNjCPLCm7xDpz5GACld76Hs7RIOjtE0LAIXQ81l0LdsFIxPgGa7OOFCqPnztN7eu/siBCBTHPyJqKkYEkiCH0UpXlZl5BXnUNhEG4SOhRFYezCZa6H16kU5qh5OlOVNKPpMtsiSUiKiazGkPQkspaMnBeSjLLLKGKb6hQAZNUgCH2QJIQI+dkPv8PND64iSRK/8fv/lp6+ASRJQgix1jGkFZEjlUptWxLTKqVSCcuyjk1pSru02l1F0zQ0TdtUxrOyssLc3FzHnWIsy1orRWkiSdKawFGv2EzOlGlY7V0zZFlCUeTVDI/11xeKSIxoljDJsoyiyMgbBGtdVzEMnSDwCYL2HEELSxUMQ6O/J01vUqVk+VjeCU8m73JgzIcXyXgv4jlVNGNzYLCaSuDuQ+DQEymMVJrKjecRZy5xvAWBduYo3S4rrXN/t9+VCLkgvYyi6iSyp1reLvBcBDLOHuIGnBCBo96GVTphSqSPIBjvOBMzIHHIJSqeD7fmQl6+GgkckhT9yM0fRUJVohBVQ4eHLijULbFnFsdO3LgT8LO3XJ58QGN+JWRqIeC9WwFvXfc3db3ZjYVCyN/+q8sPX3F5+LzKY5cURvtVTvXJTM0HvDPR2apSl+OLJK1nuDz9sMqnH9c3tT5dqYZcnw4oVu7dMR5HLEfQOLwmG2tUq1VisVhb+RthGFKpVHC1e7uKYeSHqU68hGdbaGZ0sdVicZziHSDqEmItjJMdOYvULOXwXCprJSs9vP2Bj+eE2L7B+TM5hkZGtn0uz3XRNuQNRBPZjY4NCSQ2iBub2eriiG5TGDs7ymulCp7jstRIkNYtsuYOljtZAVmPLNOSApKM1ajjex5CtP69ns7mV8tZovfEtW1e/sn3ufrGK8TiCT7+2efo6VtvGdxqOOZBtE4tl8snyr0BrE3ahRD7ChJ1XRdVVTvuxGJZ1rbnsWEYUTmX67NSqOG32b4slYrR05NioD9PLrsuyNhuQLFcZ36xCEAyEWOwP0fcUNfyvM6dGSCWMFlYLFEuN3Ds1sWVWtWiVo1cKb0JlYWKwnLNP5Kw1i7Hn2VxnnP8ErtWukvgUMwYsq4R7iPQLdk3QGHiOu7UVfTRR/d7uC1wUBPoVvfTLVnZm+1LgO6HPI4L8ssk5DKx7OjaWGAvwsCLSlOIE7YgrJ0QgaP1x8YMSJofdoFDJtlBmU57zyHxxJhK3IwyFVQlckIYmkRMh2RcJpeWyCZlskmZuCnxvZdt/vyv2+tTLxGN3eeWQv7jd23+6vvOXeGO2zUW2I16A159x+fVd3zAIZmIjrtcE8hS9JXSbrbEvSJhyvRm93+BsFxBwzo5r3s3TB1ymegzp6nQn5O4clnj049pjPRHX6RCRGU2L7/j8tp7OwtbQQDVRkihcrDOnnJNdOTOOiocd+/ys4OgVqttG0q4G83yFF+9R+Upq+jZSIzwGvV1gSORpLE8g1dfoXT1O5jpLImedTdA8fYEckoHBLWaR7l6Cl3xSRoWvUNP7fhc2naTzu3LdPck8P21NrOSGefhRx/h6tW3UYMGs9UMaWN5h84qMoHjIGQX3YiuL8//8Nu89ON/plop7bw6LsTaKvu5sYf4wz/9n+gfPL1JkCitLCPCELtR3xQqunEyWSwsUVpZbv2F7sHg0AixxLqQ0cyraNdNdK/ZqUSlXRzH6ag0pYlt23eJI5IkR+UpjoNjd1aaks2YnOpL0t+bAuFTLNeo1V1KFZtSxaJciXrLm0aDSsUmmzZJp3RScZ1kQueUlELGw7HdtgQO3w9xHI9Go4FhGMR1CUWWCe+Hi2SXA2EuvMgZ6627WsYCKMkk4Uqx432b6Rx6PIFz660jEjg6YbcuKa2IF90uK3uzUx7HyRU5BuVxBuSbxLP96GZriwmBZyMCH5skPhqwd/bBiRA4HLf1C4quSZss6B9GohySw32OVFzis0/ofPaJ1ld7skmJfEai2mK+mCxDT1amL7f579l/SOd032opZbkqWFwJ8Y65oUOR4ckHVTIHYNd59X2ff3nVa/k1qwrk0xJD/e0JaT1ZeVO3nMPg3LDCf/sVk2ce1lBkCVVdvyyEYdQtZ6Ua8up7Hn/zE2fH0iaAlXLIj173dsz16JSVcsjs0vEdKLtelA1xmDTzNzopTwHw1Hu7yq5nTqGoBl69BvnITaLH49TCgJU3vkUYeKSHRtcebxULWKUVcsO/htk7yM0bE0iSwAtVHn/imfZXzjs8jRR182U/kYgzcnqYWxOTJA2LkmOQNzcL0WHg49TKGNksqmGudQ4QQnDj/astW/9939/RZbL7dh5/85/+PW++8uLabSIM8X0PBGi7OIBcx0aSZFRN2yQA/Npvf5Ov/M4fr/1uWRaqqpJKpTaJBsedje/9fh0cnYo7QggsyyKVWl/JjjIxIkG53rCp1dtb3GiSTerkMyZxU2F5ucJiocLccoNSsYG9IeCrTIOFhRLZXILefJxTvQl6e3KkEzoEcebnK+xQgLUjrutRLFfJ52QSukLSkKg5ohs22gWAhfAiZ+S3tm0Zq8bj+JUKok3H0kaSfQOs3J7Amx1HGxrb7+Huwn4/0PvtktLtstIaJ9/xkqTABfkV9FgKM9maCzf0PTy7ToCGLVrPazsRAoeqRnkUrRAKQRie/A/BfhAimsjd62MIwtWfQOCHIETU6rVab7H7hAFf/4x25O01//llhz//G5uFwvEe5KoKjI2ojI3s/zRuOBY/ed2j1fWtvqzMb3/W5ItPtfcexU2ZgQ7aOLeDLIGusal9bBPHE1yb8vmXX7j8/KrP3JZ8HUmKHCDGhm3fnwh4f+Jwaq+zqeh5PF9gOztn1Bw1khwJjIdJrRatvHYSMOqrcb50+ZBV3BbQ88O4tfm137VYEkkCa/EG6aERtNUVcREElGfuYPScJXP5V3Acl5JVIqY55HID6MbdImUYhtuWXWzN0wiC4K7ciY3bbnRs7ERvfz937sxgez63Sj1kBuZQNnRVkRUVNZlB0Y1NbRElSeK3/uhPCfydldGF+Rl+/pMfgBCY25QjtTqsXV6Yp7xSWN9uQ1mMVN/5w7rpcRuOfeO+wjDEdd19hZPeC5rihqqqLYex7rQf13X3lb8Bm9u2bszjWClbFMqdd5Zocnu6xJ3ZIp4f7FjqUqta2JbL4mKVjz5m0pPr/G9qOQHTCzVisQQx3SQfV6m73v1hdeyybzziLITnGaxN3tUyFkBNJvFK7cpq68RyvWjzc7iTvzwkgeMwP8ftfhd1S1buZidHTPR3O4mBoxfkV5AVlXgbuRv18gIhEjYJoLDn45ucCIHDNKK2ha1gO1HXldiH2MVhOWFbrXVboWELFooh1Q0d18SGfwgiUaUpbNhuSLUO1YagXA8p10Juz4csN/MyxOYxQne8cLKIGRLnTikcdghlxzQ/X9LmS4SpS5wfUpFlyCQknv+lz+25YM2tYGjw+GWVjz14tCGiN6Z9fn7Vp1Q5HieCoYqO2m23Q7VaxTTNtmzxa/kb+vG4qOvZESpLE9GHTZJQDQNZ0ZAVlVT/+gW8MneHwHfpe+QrANy4Pk5Ct2h4cXqHz267b1mWmZmZpVZvEIQhfT15+vp678rTUBSFIPB5/c3Xmb72Pr4dBbdmRx/mmaeeJJ1Obbf7TRiGzui5M0yM34iO11HJbc3iEMHqjx/9SDpf/M3f23W/vufyd//5/177gn/0ytMk09nV36PbWvmUqarGN/6bP+PTX/jq2m3/9S/+LwqLkbj07HNf5YFHP4qyoZbXatS4+sYrvP7ijwE4P/YgX/r6N9fuP3/5wfXj9KNsBdM0cd0W2n4dEw7SvQEcqMCxaf9eiOftX71t2B6O6xOL6WTTOvGYQTweHbPn+dQbdSwnxLYDKlUbz9/fcwahwHZ8glCgyWCqB9PivMv9w4IYY0BMbNsyVk0k8CoV9mP5iff1U56+jb90G7XvzH4P9xDZ7sToRLDoihzbI23598kTOc7Lr5KUC8Rzw8gtOjkb5UUCp0FJjCBob2J7IgSOhClTarEG3naiyTgHWEarKpBOSqQSEkJAqSqo1TuzKUoSJGKQS8soMtQaYrUe/+CO13IENftgl4Kv3gj437/VQJXXMyrEqrAhQvACgetFK+T1hqBYETta3HsyErOFkHcn1/0Ck3NB9HfbiIjaVZZqR7us3bDFPXfAbEfDCZlZCnbsTABRyG4uJa+10w1CKNdCKo292vnu/nkWrDZq2OUxzbyUTdttyEHcdr+Clu3trWI5gtsLIemkh6qAqcnEDEjFZWKGRCYp8dhFjYfOanz0AY///H2bV97xcT3QdbhyWeWPnzvklN4t/PgNh/duBcdG4DANmXjruZ8dUavVyOfzez9wA83yFPdetYfdgp4fjla/rQb6aptYLZ7YdPG2KyVqy4ukxz6L2XuOwPeplMqoio4R10klEzuO6d58/vu8ffUtFGTOPfIAv/sH//2m+4Mg4KUf/4DXX34ez3LwhMfaGXfzBldf+j4XH3iMz3zhOXI9uw+CBvr7mJq8hSYsVqwkWWMFSYqCUT3XxXXnUewQ3ROoCYFqppBVbfsDX13J9FyX8ffeAiAWT3Dlmc8Am10VrXLhgUe48MAjANhWnX/5zl9TWJxHkiQefuwpPvn5L296fBiGlIsrawLHmYuXeeYzv3qXm6XpXtC0k9cZqVlKsx/3BkT5G7B/gWOnsOBQ7GuOt4auq6TTMfL5BLmUQj6bpHc1w6fRaLBcKFCsBhTLDisr9Y7axG5EiKjVshACRQJFEt2pV5dNVEUf5XD7lrFIEmoqiV+udrz/ZO8AtflZnMlfHpLAcZw+0d0uK7uzfejoSaBPusEp+RqxdC+62Zpr17Ur2NVlFsQlGiIGzO+5zUZOhMBhGq1fGS1XdNbesNkGZAuqAueHFb72rM6nH9dxPcF3fu7w7Rc8FtssYZCIJvdffFrnN581SMVlfv6Ow9/+xOXaZHB3GU6Hn1/b5cAdHAuFcK1kI25CZsMkOgyhWhdUWiw9KdcE337B5SdvrAsctguVLUKG58PbN3z+Uj7gF7MHN2dCGgcsEB0EH9wK+F//ykLb5az9xKMa33zOZCAXDeyqDcE/PG/znZd2Lz75/9l7ryDJrvvM83euv2mrKstXtXdAwxMeJEgCJEhQNENSK86spNVOaJxGu7M7L7MR+7KP+zRrHjYkzYxiZiLEETnSUBS9SJGgAQhLAG1g2lR3V3dXdXmT/vqzD7e8zcwyXdWdvwhEo6oy772ZefPec77z/39foRyxkeH3dD7ig2v+hqtXLSmF7pyKMXd8QQjjsyGTs+u/l1EEo9PbO6m/OhTx//zl3IBbh/ZWhVOHVJ55QOOJ0zpdrepCusojJ3QcVzKZlzvWhrIfsUywd7CCo1qt4vt+Q+0pAL66N1oJzJbYY8OrlJYIHAnkkl6jwIsnjy0n4sl9uVIBBEGocs/xk4gNLvSzxVl0dCqyiMXy1xxFET/41l/wwdmzSCSedMiOueS7TBRUrMBALRQ54/6KwtQUf/DH/8uy53uus6w1RlVVDnfmGBgax9YcQs+lPDFKaXIMIQRGpgu7E4SRQTE9Aqe4IFSomo6ixQkrQlEXBI43fvVTLr1/DoADR45x6r6H4p3J2r5r8+Lnysm7YVgoS5Ree43WEkVRlrX4GKa1ZquO7/t4nodhGAQbtNrsRZaKw4qiNJyksh0VHLquL3u/hRALPzvVEKe69evrkUNd9PeFZFIGmrro8QFgWRZdnZ3kcuC4AW7Q5WoAACAASURBVPmyP5e60vi9PAgiSqWAIIjjig1dA/bXOdJk5xmV60fGqokUQaG0pTLlZEcnhZGrBDMjaK21l/bvDRoVKpotK2uzslVF7HnDUZtZTqhvYVgp7ExtEexR6FOZHqUo2xmMHgEu1L3ffSFw1OOhWHVlY5P7da49nW0Kv/O8wT94dvEgfu8FGynh6z9066q8MAx4/jGdf/JFm3QiPkG/+FGLhCn4k79xuDm64kbc4PWw4sq6kmfq5cGTGr/3gkXH3CS6VI0n0d/7VW0ODtm04MufMHjh8cXVnvev+fzVz2KhZx4/gDMXQ85c3HxgpIjYq0XXQFXE/Ph6rmVGEgTg+9uzinS7qDhsKrycPBgtc3mPJMwU4cbI1gSbl97yeemtjT/fTz+p869+x6anLR50FiqSb/69yzd/sgt5o+vg+jA8HjE8HvH2hYAvfyLi9z5j05KKv39CwAPHdJ44HXBxMETOVbwMTdQ+GNdUyCTi1JZ5Ko5kthzVXAk0lY/P0b2CaUhSO1jEUizGK1qNGIz6qs3n7tkbFRxasg3VTBNUFp2TjUQKv7r4s5z7YBUjnoSXiiVAYlkirt6AtSPvAdu0CAnRMAhWuIZfuzLA1QsDuNLBLgYcPnWKh778MeyWdmTgcXPgIu+f/w3W8DA3ucwPv/nv+a1/tFgBspbvh5pKIcQYJd9m+PoFNOmSPvo0id77MVv60OzMQrWAEILIdwgrM7iVPJqdQU9kEUpcCTF8/Sp//72/IvDj437iY5/GtBMgI2RUe9ymlHLZxF0I0dCtUa5x8ZdSLpyLURQRRdG2V5TtJEuPNQiCBYFGUZRln9PSn9fCdV1M01zl5VIr1Wp1VXuKoigL2/M8H8+vPcFEVTUsSyObVkmn7YXqmmwmFmBMfY3YY0XBNE1MwLQMbDvCMBRkGGCaJu1tCYIgpFAKCYKgpiqiKIyoVl3CMMJQBS0Jte7UtiZ3PguRscWZVQKHoipoqSRBsdTw9pPtXZTGRvCundlmgWO7T+aVgsRWKzKaKSvLWfl+Lv67l1tVjqtvoCoSu6V78wfPUZ4ZIYoiBsInG97vvhA44olDbYOOihOvWtePXFNh7W4XHOpZftNPJwRHe1RyLQqjk7VPHDMphYPd6oK4MU9vh8qhHnW1wNEgpYqkUN65CoSkJTjQrdCbm5vIliUtqdpLQTVV0J5VONq7+L7OFCOsOkri580gUwkFy4RUQtDdJuhsU0jaAlOP10VdPxZ7xmdCRqclxXJs5liqRDhe0/tjv6LMVWCsHI8HYSyMrfW55ouSdy4GPH5PwBOnF8vR0wlBX7tCKgGVKvz0rYBzAzVG/QDd7QpfeMbkqfsWt3l2IE5omS3WXtU0ObN3qoaStlh1ndpOSqVS3f4bUspY4NDqa2vZSWQUIv0qYmnLjJQo6uK5EIUhqmaBoi6kTeSSJXStJU4UWUfcQIChW0REqEIjWLFy/ParL1NwpjGERe5EO7//L//1soSSU/eepqU1y89/+EMCXC58cIWnRq/Q1n1s3ddjWEmEouEFAv3g0/Te8zR6Kl4ZWjlpBlANG81MMH//FHMr9tevXOTr/+7/ZnDgIgAPPPoUT33yM/HLC/24gkNsPvyQUhJF0TJxYzsJgoBSqYRt2yiKsm8FDn+JeKDr+kLrysoKmLVED0VRtmQwCrHAkUotTzVaWkEThsGGRrSLz4mrMmw7Qa7FpK/bpLUluSCerCVsrIWmCDRrLhJcaCQSCfp6suiaytCYS6VSxfNcgk08OmLRyyOKInRV0GJrTYGjyZqMRsc56KwTGZvcmsChqBrJ9i6KwxcwTz6Fmmrd6uHuM5opK6tZ/Z7sRZHjsPo2GTFOorUPVastKa5amMB3SgyET1KhDWhskXSfCBy1P3a2EDE6HW5bYZPrQXWFN0QwFzXpB/V94fxAUnUlQQhLKivxfInrbc/kRkqYKSwx89wFFAXasgpH+2tb/eloEWSTjX86lgEdbQr3HVV55n6dU4c0enLKmqkZS3E8yeh0xMUbAa+/73P2Utw+UauBbZO9Q8KGU4dUDnYvH/AOjUe8fzWksk4FU9Wdb2FbTktakMsqFEoRo5MRo5Px7zU1FlIWzNFlLKAsrdwqO5Lyim0Wy5LLNyJG6hBA9xK2IUjYOzeSLxaLtLbWN0jL5/NIKW97POxSquOXiKIAM71YieIWCxipxVW8KPBRzLh6QwhBpVymVE7R3bNG9cqKhSrHq6Ki4EsfjUXRpFAoceniGZKFkKBV8PEXvrwqflUIuO/Rpzl/7n0CAnRFp1wNWFMemtuvZWioqoIhqoRtpxfEjfljX6sSIP7/RTff98+8xdf/7P/ixtXLAJx+6FH+4I//Da25DpCSKPQQkQfK5sOPpW0OWxU3xBozUyEEyeTiBHq+WmS/iByapi2IGfPijL9BpYSu6wuvLQwXq9Rc1204IjYIAnzfX9d/ox4SCYPurgy9XW1kMwlMXaBp2pppQrUihEBVVVqyWZKJNL29ISNjM9wam2VsrLDlY27SBOYEjnUiYxVNQ00mCMuVdZ69Ocn2LorjI3jX3sV+4PmtHi471/6x9Nq5XjVHIzRbVtZmZZXL3iHHIH3iA6xUG4Zd2/3Fd4tUCxOMRscZk1tLDtoXAkc9K4nTecn10QjXk5tOeJexjgfH0HjE2xcDjvdrZFMKUsL10YC3LwZM1SkiFIqS81cCLg8FHOlRURVBsRJx5nLAwM01SuIb+B5XPcn1sbBuf5CtkLQEv/OcxVc+XtsARxBXcTRCwoLHTuv8zvMmD5/QMevwhbMMweFulcPdKp98xOTcgM9/+7nLG+/7606Im+xNErbCpx7T+e3n7GVfk3cu+fz771Q5cyFc1Y6kKnG8becaMbVhuHYUdWdO4YFjCulE/BzPl1y4HnHp+p3t12GbkN6hFNZ5/41G2lNg7/hvADhjFxFCYKYXvUScQh6rZVG8CYMAxVj8e6VSAgSGkVh9jV/xs+d7KCiE+KhLbteDV6+hCg0vq6EnTDK5tftaEwmb3//nf7Tws77SdHHFWFQ3rLlKBoFbXW6Mt1YFx1KuX73Er37yXV77+U/Iz8RRbsdOneYP/qf/jd4DhwGJDB1kUEUSolLb57jW/rZriKsoCslkEiEEYRgSRdGyif9eR1XVVW0l8wLNvOCx9Oe1xI8wDAnDsK5qqqWsl6Ay3/ITt6poqKpGGG5cxRGG4LgRpqGRTprbVrEjhEDXdTRNYlmSW2OCoIYFKiGUBYHFDyUVP9rXba5Ndo6DYpKxMI6MTWQ6l6yKxGip1JYEDtUwSOY6KQ+exTzxBIq1d4T+2tkOgaIpcqxNLADtlSoOkxLH9TfRjQSJGltTZBRQmR6lIlu5Gj215WPYFwJHRzZeSV0n9nwZkYRbkxHXR0NOHazj5a1z08oXJd/9lcd0IeITDxu4vuQnb3q8dq7+hvlIwmvnAlyvyuefMUkn4NX3fH76psfMWgsJDdxIR6fiONbdvAkLAYYGhrazFx1dg6ce0PmnX7I53rc4qAvCOBq36sUT0DCKzSuRcXWJqsbHZptgGQq6FptPPn6vTmtGQdPgF7/xtzXJZrtQldVtGBs+fsVjxdzvjDqEoGju/VPV5ZVGm2Foq/V6XYsny7USRhAEm3ulFIoRw5OrhcwT/RrPfcRguuAyNRvhztkWWIagu13w8Yd1TvQvfzO8AMZnJNP51aLg8QMq/+SLNoe74zciX5L85x9V72iBQ1Mhl4G2zNYSCNZj3vOgXoPRQqFAoNq8uEf8NwDc8cuYqezCRMx3qgSeg1hSTSGDAC0ZT+bd/AhRCEnTQYjN31/btAkJ0TEJl3hwVMvTKAhCGZCxEmST63/JjPXSQea+Y2EULlR/CEXF1gMKnkp+dnVJ9UqxIQh8rl36kF+/9EPOvPkKU+NjRFGEqmmcfugx/tEf/s8cOHwcpERGLjJw4ojZOlhrkutUK8taHuYn2ctfn1zms+A6DoHvoy15PxRFwTCMBTFg/vXtlwqOtVjagrKSeaFjadXHdkXErqzgmN+Xoijouoauby5weF7A1FSVUo9LNm1hmrWVNNdKFEkczyOfdykWN48DVtXY10NRFLxQkq+sFs6b3L0cEzeAWGhMpbIkDZNo+iruGokqiq6j2jbhWteqGkl2dFGeGscbPIt1z0cb2MJOn7xreUTs5PbvdqFjreqNvWE6elx5A0162NmjNT+nPDNCGPoMRE+xHXlV+0LgONSl0N0eMTRW2xfm1kTEwHCdAsc6HhwQx8J+/2Wf779cu0nWevgBvPFewBvv7cxs+tZkyPXR3Z18SRl7Xbh+bZ+PIgSGLuqqvgDo71J4/lF9mbhRcSSXhwLevRRw5VbI6FREsRwbzUoZV3ykk4KuNoUT/SoPHNO456BGcq78/livyqceNbh0I+T6rb3VTqCp0NupcKi79onmyQMqprb4eE2Fw90KT95f+3dhqiAZHgvpzCmcPFC7wnHfEW1Zj7SuwYl+lecfr/2DHp+OuHg9pLCJBYbjwcBQxNVbAfce0heKr9IJwZc+ZnKsT+X1930GR+LvwrF+ladO65w+srzqRwIjkyEfXg8aNuYNwtiHZnxJWkyhEgtt+5HWLBzsUhbScLabUqmEaZp1T6jy+fye8t/wS5O4hTGyfQcXfucW45SXpavqURgi9ARhdZapN/6CRMtjVDwTU9u8N05TNSIkilAIWbyum1YKiQSh4BERyDrNIRfGhgJVWXyuEAIv1IiigJWDx5VCw8s//QFvvvwzrl76gNmpiYXfHzp2kud/66s89cnPkJpr3ZGRR+Q7CBnOJa1o1DIYXrrPwYELjN0aWqiwmJnbp5SSKxffA2IPh/nbuOtUGRsZXnj+8PUrvPnKS0D8+Rw8dpKevoPL0ke22+NjrzHfrrH0/HSc2JV9qwLHWhUcYRiiaRqWHf/nbGIAH0URruswMV3AtlV6Orf3+15xPEbGp8kXSxu28syjaQqptIamifjY/GBfi19Nts68qKFpGqlUC6lUisSSFKdKtQe3PLM6MhbQ06ktCRy6ZWO35HCvncU8/gRC23/R1tsnTNzZ1+r6WOrHcfuFnwPKGVqUWyTbetGM2lY4ndIUXrXI1ehxinJ7KlD2hcDR2yE43ANDY7U9fmI6ruBY6XVxpxNGcfXK8PjuzqxcX3L2csC5K7UJQLal8PAJlfuP1Hdx7u1QOdq3ZGVUwtsXff7sb6tcvr7Zaw75e3yO9Cn8ky9YvPCEudCVdLBb5VifuucEDsOAF5/S+adfbLwkP50Q/INnrWUpQJvx8lmPv/g7hydOa1vad8oWvPiUyYtP1V7C8fJZjz/9tkOhvLlId2Ew5Bfv+vS2q8tMbm1T8Ng9Oo/ds/n5Va5KXn/f550aknrWYzof8aPXPc5cXhQtb01GlCp763yqlf4OwbG+nanegFjgaGlpqes58/4bnrZ3qjec8dhAc6X/BsQ91/NEgY+qW4y/9p/xS5NUEjog8KPNz0/Hc1BR8aWLxuIE0qlWUFAIpIsaaYRrqGlhEKwZiwogkXPxtHJZa2YUBoSRQFOjTT0yCjNTvPPaLxd+7uzp49lPf55Pfu4rtLXPtcxICTJECAVFT8wJCKsHYKq6+Xvxw2/9F177+d8tVB8s5cff/samz7/8wXkuf3AeAEVV+erv/TO+8vv/DNh+89L9hO/7CCG2JHCsFDdWoirxf5sx304zOVXC1FWyKWtL6S5LcV2X2dkiN4dmqFTcmlJUhCLQNIGiCEIJoWTu+9IUOe4mNhM1lqKn76E6/nN8p4huLU9UEYaBME2k27jxW7Kjk+rsFN71s5jHHmtwK7frerdTFRjNlJWVr/12taq0iiEOKucxU62YidrGeYFXpjI7xkR0hJHonm07lv0hcOQUjvYqvHYurGlVtOrG3hmT+ZDutrtH4ZgpRtwYjXbdT8Lz4c0Pff7ih7VdtLtyCrZh1i1w6BrLVpUjCSNTEbfqEHTGpiOujcTn0bz4ZWiwzZWwTXaBfFHys7d82tKCTz9u0pJSahY0gwiK5YhXz/t87xVvS541xfJcnDH7v21FUWJBuZ6qoXqoVqt4ntdQewqAr+4dgaM6dgnNsNCteGIopcQp5GOvivmqCCmJopDq6AX8ygxtR04xUQ3xpYrrbl7FF4YBAkFEiMLiyd3RexAQSCRetUKlOEM2u3wwPS9u3BoZJQwjPD+gqyNHKpVcYTe1ZHAYeAgZoiCxk8sH8EujWgGe/PgLvP7Ln9DZe5CTpx/kocefoav3wHKxQIiFtJT1hp5B4PPsC1/g2D33k0imyHV0rfm4XEcX7V09CxUcQRDgOVUQgkQy7kefGh+d262graMLGUVUKmVUVUU3FifKqqaRad071UC3E9/3t5ygsp7B6Hy1g6oqqLUoHHPMzlYwNIXu9gQtLat9Rho7ToeZmSKjdRiLxmldCoqYq1QNxXqFvk3uQI6JG+i6TirVSiqVqul7oqePMzv+BkZ5dpXAEf89hbcFgcNMprHSWbxrjQocuyUC7KbY0BQdY5aKRmLXRQ6dKsfVN9AMm2RLbXHGUkZUZkapkmEgajwSdi32hcCRtAUHuxTasiETM7U9Z3gi4vLNkK5WdS3v0DsOCVwfDbk0tPtGEooC2ZSgv6u2AUx7iyDVQEJDoRwxU4w42DU3SFXgoRMazz+u8/aFENeT+EHcZzu/yCcUUBUR+24YggeOq3z0IX3ZRHi2FDGV34MXRwmu32jsceM4c0k/jgf50u5WIVQcSVRHk/PN0Yiv/9hjeFLy3Ed0jvSopBIK+jrj4SCEUjXi5njIr874vPQbv654ZlWBXB2JQeshgXwxYnqPnXeZFBzqVsjsUERsqRT7OtQrcOTzeQLV2lP+G87YZRJLkmDi9pQVEbFzPhFBZYa2w8ews1mSUUjelfje5rGB1pwHhyZMgiUeHMeOHkJLGug3CpQpcfGDc/T0H1z1/EK+wNf/v3+LLz2kIvmHv/svOHH6ftYefEocPyCIIkDQusK4dGm6iBCC9q4e/tf/49+Sa+/E9z1mpia5evH9TV/TSm5cG6AwM0UimdrQ/+JzX/1dHnvmk8t/OXdz9xyHyx+e46//858SRSHJVIYvfu0fc/jEKZR1vE56Dx5Z9truVjzPWxXxWg/VanXNRKSlXh+5rEW5aDE+Xru44AURMyWXRCqiMfvT5ZQdn5JT3/jItjT6u9LYls6MI5kq+Xf1uXKnc0zc4IpcvI4eOHCgIfFvLDqBWT1LGLio2nLxT7UsFEMn8hpveU92djF15RLe9XMYhx5seDu3l+0eY9wFE71NWe3JsZsixzH1DQwqJFqPbP7gOcqzIwS+y5XwWSK2t+VqXwgcAD05wYEuwcRMbTeXweGQ31wIeOSk3tBker9RdeKEltthfmgZgs89ZfLU/bWdnJoiaE3Xv0J8YyTi3UsBJ/o1Elb8mZ46oPGvv5bk2kjAtVshY9MRZQccL0LKOO4ymRB0tigc6VM50q2RWRJRW3Yk564EXLqx9xxGgxA+HAz59q92N8f22kjAVF7y3pWAb/x0k6bpbebGWMRssb4B5PhUxH/9icsrZ3yee1Tn8Xs1unMqphGLWwBhJHG9uILnnUs+P3/bb6glKWnPJQY9u7VIxDCCb/60yp9/Z29lFPe1C4727Fx7SrFYxDTNdct716NQKOCp9bW17CTVsUtEobcsPcUtFmIfhyWrzfOmiq2Hj2G3xKZfluqBFVItbn7NiSfncm59avn5+tRHX+Cl0rdQhOA3r/6STLaNjzz5zOK+A5df/vCvqcoSGgZCkRw60L/h/rzAjyelkVg16V0pcAC0d8bu6IZpceH8u/ztX/4HZqYmSCTTKHWsunuuSxgEtHd18+jTn1i2z/l9ZVrayLSsX3VhWBbf/i9/jueGpLJZPvL0x9etBln5uua5G3w4VuJ5XsMVHK7rEkXRmhUcUkqCOYEvlbRIp+qTKaSU+EG0bYJCEMo1W7k2wtA1cq1pDF2jUggoec0UlTuNj/Z4BEHA5GScDX+PMcIFL159bvR7MR8Z65RmSbasvgapqRTRdI2rtWtgpVswEinca2frFDh2+9q2WRvKdvtFNFtVYna/oqVfOU9O3CTZ2o2m1/a9ccvTeOU816NHyMvaKj7qYR8JHCqHuiPOXAxqusFUXXj3UsA7F32efchouIojYccrtmY9kbN14geS6bykWG7shJQSLtwIblvcqabG8ZsdLTs3MQKYnJX89C2PjlaFjz2gk0ooqErsM/HgMZ0Hj9Wu/oURlCpxi8KPX/eZrX1hadfwfHjzvYA3d8iQdjNGJuCdC/un7WJ4POLrP3L5q5+6dLcr9HUoC2aypapkZDJuZ9pKWo4QcQKPqW/tehCEYGxxG9uNALrbBYe6d+64SqVSQ/GwURQRmHsnFq+6lv9GIY+i2csm9jIMaD92atnjbN1jdLYDVQmpVivY9vpij+NVUVDxpIPK8j66e+9/gA/eeZ3p4VFk1eEH3/8LLn74Hr0HjlEuFxm99iG3xm5hShPLlTzz21/DSG8sEpWKZaJQkjBcbGv5/pYKHCuFDoDpiRHG50w9897UhvtZj1s3ruE4y29iK1tjVv5t/jhWpoZYNUxOgiBYtg1VVVEUZV9FxW4F348rErbbYHSeMIwFCsuyMC0bTVMIQ1mjaCHmWr22KypWQayRLLMeiiIwDJ1kMkkQSSq+RxByV1QE3+l8tGd5go62xKuoFvPZzfj0qTYGLh+lqzxIItuxKjFLSyQICkVk0PhgJNXRxfT1K/jDF9H7Tm31kO8Qmikriyy+9p2u4siKEQ4pZzCTWcxkba2fgVehPDPKVHSQoej+HTmufSNwtGXgWC8kbUmxUttJe3Uo5NX3fB48rtOSauxEf+iExh9/1eLUwZ1zK74+GvLn36/y41cbu7CWqpK3PvR578ruDMqkjPPqtzMlIgzXDbFZxqXrEX/+HYehsZCPPWzQ3aaQMONUls1afMMojpGtuJLR6ZBfn4vFjXpaFJrsfTw/rva5MbL1zzUMJVVXUnG2Vw0PI/CCvbUUmLDhYJfYMaHScRw8z6tb4Mjn42QST23c8Ha7cccvYaYyCxOmwHXw3SqamUZZ4myvWTaKuvw2mzTi67SUgpvDNzh5fH1TLSljM9BFU9BFWnPtfOm//wO++R//lHxpFsPRGD57hoFLZwEwhIUxW0K2tfLIi8/x+DMf2/R1TU5PkbEq+JGgdPXrmNmHsLsfWziW+YlpFEULosNa4sMnXvwS9z7wKGoNLv9hGPDjb3+Da5c/XPW3na6mmBdFhBALr2k7Jjj7hfnXalmNNYGsFxG7iMRxHAzDwDQ12nJp8vkKrrP5e6xoGoadXmbYuxU000Yzahdy0mmbdDp+/EQpoOCGTXFjn7JS0FgLy7IWEoW2g0l5iE55ldB31zzvtFQSfzbf8Pbt1hz66C3cwTM1Chy3a8K/21Uc8zS/rIvv7c75caj4HFfeQNVNEtnaqzAqM6N4JLiyzb4bS9k3Aoci4NQhlfuPh7xxXtZUxeH5cPZywFsfenzqMRNlg/NdEbGXxKrfK6DVYY7VCMo6DuOKslhivx6RhHNXfF49H+Bufg3fFmaKEe9dDRnZgjHjSi4PhZSrtU34hscj/uP3XH7yps/jpzXuPaTS16GSTSlYRvy+zb9tkYQoir0s8qWI4YmQDwdD3vow2JYJcJM7m/HpiFfOenyY2d5rQCTh8s29c/4J4PgBwSPHtQ2vk1uhUf+NQqGAr1i8eM/eqOAIKzO4syNkeg8s/M6Zi4eN/ApKajF/fqW4AWCqIarwMTTJxMg0hw96666Ad3V0MD45S5JW1MRqsaCzu4//8Y//Db/4ux8weus6lUoBKgU0VSdhJbF7unjoI8/w6JPPrFpFXEm5XKI0W0JTTQ50hxiKiV9+F+fceZL9n8JoO7ggAiwVBtbCspN87NO/tek+AcqlAj//4d9s+ri1WLp/uSJdxalWSKY2PteWVn0sjYu9W/C8eNCwlQoOVVWXrYAvZV4w0jSNhG1w5ECOS16wrsBhmjrptEnS1mltzZBrsTHXM1Sqk3TCoKcjjRJ0UHY8SmWXQmH9CW1ne5rO9tgkcqoUUHH3liDdZGNqETWWYtv2gsCxtE2lUXwZi4ZSrl2loaVSBMUicgsrhcnOLmZvDuKPD6J3Hm54OzvPeq0ju1FxsfR7e/dc21ezM6/9uPo6liiSaDlUc4VcefYWge8wED6Hvy0OS2uzbwQOgGO9Ck+dVnn/qk+hVNuHdf1WxCvnfO4/ptGzQaJKS0ahu11l8FZcwi4EWAZ0tSm0NOAXUQ/phEJXq0LCiltrpIwTQ7raBJ2tG+97uhDxxvs+lwZ3r6T23Qsh714o79r+1kLK2GDy5mh8E1MVyKYFXW2CVEKga/F6pxdIShXJ+IxktiC3tepkPVwP8qX4oup4zUHRfubyjYjLN/aWT8ZOkLTh4ROC00d21n/DMIy6/Tdig9G95L8Rt6dYmdXxsELTSbZ3rvm8eQSSgy15RksZkBGFqSHae46u+dinnn+RB575LIL12wCy2Syf/+3/jnKlglMuUa1UURQw7QTZ1nYsa+3V9cD30fRYNInCiIFLV7F1Fz/SaGvTSJiHcWYmqDJF4cpfw9Vusqc+hZntXRACZOAgNBOEsqoCT8z5h8gwRCjqXCznCgFBqFjWxufDubdeXfAyWQ/Hcbhx5SL+3IQ9Pz3Fy3//Aw4cPo6yiWKXbWvn6MnTC/4bd5PAMS8+bBbzuh6bRcRKKYmiiDAMSVg6h/tzjE8UKBarBMHqm7Ft6xw60EauJUEqYaJqCsiIIJRoKzxdpJREctFXQ1HEho8xNejO2XS0dDM5U2Z4tLimwKEoAk1T6WxPk2tN4YeSmWqAs8bxNtlb1CtqLMU0TRRFIYqihcqmH110+NypxiZgAfF1d6XwuhQtmcIvNN4fncx1UhqZ2HRtyAAAIABJREFUq+LYUOC4m8ehq4037y4WhaPtruLoUT6kXQySaOlCN2szgHcrs7ilWW5EDzIjN/YE2yr7SuDQVHjwuMKj96j86p2opslqEMKb7wcc6nL52qfsdQ1Hj/VqfOHpuF90dEqiq3CkV+GFxw1ymZ0d8LSkBB9/RGeqEDFwM8IL4qSRzz5hcN+R9T+iiiN56W2Pl94OdmXivpcJI5jOyz2RSjE8HjFcR3Rtkya3E0XAvUcUnrpPWxbDvN2USqWGqjeiKMI39k56SnX8Eppuoi+ZmHvFPKn2LjJ9B2uaILdZDkP5FlQlZGi0SK47WrPawU62Ym/00ucud5puks2aZLNL0iyk3HDRZl7cAJidncGt5vF8k2QCEla8YautE82wUTHw3TwTr/87kn1PYnccARlhZnsw0h0bl+4L4hUDKVf3IQqQGww8fc/l23/554yPDBMEPputQsUiClQrZX70N3+54WMBDNPkxOkH+Vf/+/9Zlz/DncJWDEZh44jYeaSU+L6PEALDMOhoT1FxPMbWiGtN2iYH+zpQhaTieEyNTQCxSWl3x/KkliiKKFUcJqYKNT8mmTDpas/S1WHieXD12sSqY0gkDLq7MqRTFl4Ik0WXohM2zUX3KFsRNVZi2zbl8vYs3vlzAke0gZ+PmkriF4u19WevQ6Kjk8LINcKZW6itvSv+ertNN1dWaNT62J3g7hGuF1ldIfP0kSleu5Zb7wk1k2KCo8pvMBJprFRt2wt8h/L0CDOyl5vRQ1s+hs3YVwIHwOFulSfujTh3WdYc7Tk1K/m7N3zaWxReeNzENlef6LYpeO5Rk+ce3Vo6QqPcd1jnvsO1+3y4Prx63uc7L3uMb2OrSJMmTe4uUkl45KTCPQe3pxR8LVzXxXVd+vvrU+wLc6tbvrY3BI4o8KiOXsLOLgo1XqVI6+HjWJnaq0wE0JMuMlpKE1SmuDp4hWNHTgAQhiFqDQkkYeCjqvr6rofzosKSP0dhhLJGP+TwrWFkFJKyAu47abD0SVoqTdIw8GdmMI5lqc5cp3wzT+rA/Wi6sY6gIxeqPIQSDzPm/12J5zjrmk4KRcFOpigXC3MCx8YsPZZycfP+9sC30WrwCblT8TxvzYjXWpAy9teoRbQMw5AwDBFC0JHL4Dgh09POnMnr4vjF9QKmpktUKi7FkkO+WAHAsnSmp6tYto4+l/He6GNmZhwsW6dQWl29oaoa6VSCQ/05kgmLaSfkxqyHf3d4zu4btlPUWIppmgsCxwl1iMth4yvMIQZSKkQbVJ8JRUFLJQmKm0eGr0eqo4vS2AjutTMkVgkcsL8m9jvtE3K7BZ/byVLT0a2JHALJCfV1VE0nteY5tzaV2VECaXAleGpXPoJ9J3CoCjxwVOWxeyN++mbtLQeDwxHf+oVHJqnwzAPGjq5U7jRBCOev+PzNLx0u34ZY2CZNmtwZqArcd1ThidPKpia9W6FYLAL1+2/E7Skmn90D/huhV2b81f9EFFSx0osDX91ONdTW0JGoMFzI4EmD8aFbtGRy5HJtNYkbSDYWN+aZT4ube9gqcUNGDF6/iVOYIohUetqMNdN9VMNE6ehCyRfQjVYUM4eeyi6LxF16KIHv89ovfoy6hgfJSnzfI/DXnrBoms5vffX3+PTnf3sri5zrIhRBtqXtrqzemK+s2KkElZX7CoKAKIrIphM4uYjhTJlisYjnLQ7iSmWXS9fGmJ2p4DjLz4lBpmhpTWJZsSC11ceshW2btLWk6e5oxQ8ls1WHmWptnm9NdpadEjWWYhgGmqYtnKvQeJvK505ZTF0xkdHGY3Q1ldqSwCEUlURHJ6Xhi5gnnkRNb311fmfYC6LC3Z6ysj2v+ZjyGgkxi91yEERtC2Pl2VECt8JA9HFcsTsLVvtymn+gU+GJ0ypnLkvGpmq/81y4FvI3v3DJZQWnD+s7OqDfKSIJg6Mhf/uyy9sfNsWNJk2aNE42LfjISYUTfTtXvQFxe4phGCST9d3YYoPR+lJXdoKwmmf8tf+ENzNE2+ETWC2LUWiNejYIJPd1TnJurAtNiRgevEAm/Rj6OhPGeKVbLKapbLLfMPDnUkzkuuOaidExhm8MYWoSKRX6e9ZfMRCKwGhtIXQkMtj4fPnZ97/Fz77/rQ0fUyv3f2TnXNaXMp8SU1uE6f5nOwxGYaMEleVEUbSQqNLWYvPYg72cef8mY+OLlTae5zM9VSII1h7blIpVKuXYE2mrj1mLY4dyHOyPJ4gjeZ+JYkDYVDduC7shaKyFbdsLgvxW8aWxqcChqCqREChbuO6kcnEVh3ftDPaDn2p4O3uD3RIe7jZxY56ttap0i0t0KVdIZDswrNoWnrxqHrc0zVB0mil5qO59Nsq+FDiEgPuOKDzzoMqPfh3WbOQoJbz9YUBL2uWffUmhv0PdV7FfUsL4TMh3Xnb5xW/8HVnRatKkyd2BoQseOSV46r6dvw4Wi8W6qzeKxSJhGOLrt7c9xS9NMvHKv8evzNB29GRdrSibYSg+h1umGJzN4ZVDzn94nvtP3Ysx5+/he96C4CGEsnaFrZQLYseiqMFiROuC/8Xy55VKBa7dvEGLVaTgJXnioWjT1C4ANWEDSWQk5vwz4oPKdfbQ2dPH9OQEumGgKLWLZmEYIKWkq6cP267PhHZelGjUIHTeCDOKortK4NiuiNhaDUrnK0bmn9PakuBAXw6JYHx8FoAoknje+iX9sTHpxmW7tT9mkWTSprMjS1dnBt3UmCp5XJ92yG9zPHiTjbldosZSTNNcEDiOiRtckQcb3pYvDSJZ2fRxiqVDtfHXrhoGyVwn5evnsE4+iViYeO61Cc5m4sXtqLC4m1JWlr+/9ZqOJsU0x9Q30a0UVrqjpueEgUd5eoS87OZ69Gidx7s19qXAAdCbU3j+EcmN0ZAzF6m5VcUP4NdnAzJJl3/4KZOuNnVftKv4AYzPhnz3FZe/e83F27wduUmTJk3WRFHg+AH49KMqh7p2tpRt3n+jr6+vrufl8/HKrq/VN+HdTrz8COO/+hOiwKP9xL0Y9va3yuSsKuVkmbKvUpkVfPj+eY6dup9UMomurzd5XByoRDJCmSsTVdfxk4iiKI5EnRszTgwPcXVoGCWo4Ksa9x4H06h1cCcRqopimssMQh/76HP09G9tdUYIwcGjJxf3JCXhBiZ9EPs7jI+P09bWVneF0Pw+Z2ZmKBQKtLS03DUCx3ZUcOi6vixqdzOWJlTYtk1/Xw6hqJRKVTwvIAyjXX3/Y+NTnfZcmtP39GMZGkUvYHjaZaYSEd4dp8JtZS+IGkuZTxWa/35shUCYyHDzahDVsiiNjmJn2zZ97HokO7opT43jXHsX+95nG97O3cfdmrIy379aO8eUN1BUlWRr7RHK5dkRQqkwED5R5/FtnX0wtV+f+4+qfPEZycRMwNBY7X2SxbLk2z93uTkW8XufMXngmLam8ehewfXh4g2f//ozl1++7TfFjSZNmjSMADpbBZ95XOXJ0zt/C5hfDctm62s1KRQKBIrJZ+9J78RhbUpp8A2m3/0bEIKOU/ej1ViKXy9CwKHMDDeKLVQ8CL0CZ95+l3vuO0murWN1VYJYbqxRS6WEoqqAJAxCbg4NM3zjOm12iRHH5GjHBKbUgO4ajnb+JhuBDFE1BSlDhFBJJFOcOP1g7S98sz3NVVYEwcYRsQA3b94kDMOGBA6AVCrFxYsXKRaL9PTUPnjbz3ieh2matXm+rMFmEbHrEYYhUoKu6xiaQn9PlmzqKBcGJhkbz+Ov48ey3aiqiq6b3HOig97uLClbo+AG3Jz2uDET3nXTnd1kr4kaK7Esa5nA0agPRyBNZLT59Us1DMoTY1sSOHTLItnWQXngNxj996GmW9nfFQm7fez7+b1qlNpbVY4qb5IWkyRa+lHU2oy5q4VxAqfM5fCjOOx+q/G+FjhUBZ48rTKRl3zj78O6IkL9AF4/55MvRfzuZ0yevl8nlVD23ClerkreueTzzZ86/Ob95k23SZMmWyOdkrzwpMoLT+hoO2u9AcT+G7quN+a/odbX1rJdTL39VxQH30RPpGg/egplF96ovuQMbrFA3usAJNcuX6DaMUxr90lSqQTLqjbCaE60qI0oDJktFBgfHmByykFTI6YqaQ5F75J0JE7RJPAcki09qPomQo4MkdJHSI8oclEUFRktKScWKmId4zEZOIBYMPWUUiKjCKGZy4Scev0wLMuiUtm8FHyj5x86dIjBwUFSqRTp9O0R1XaT7YiIXe99+sWNjcvQBREZq8pTBzQCodPelubwAUnC1pmeLVAsurjuzq3kZDIW2UySXEuavu4spm2Qr/pcmfSZKPvNcdYOsNdFjaVYlrWQ4LWVNpUDrUn8wubl5apu4paKuKUCZqrxe166u4/KzBTupddIPPpbDW9nZ6mn9WS3jUDvNuPR2vw4OsQVepSL2Jl2DLu289NzClQLk4xEp5iUR7fpeOtjXwscAElb8PxHNKYLku/8KqSyOvlrXSTwwdWQP/u2w8hUxAuPG+SyKuYeSI3zA5guhLx81uevX3K5NtyMgm3SpMnWsE149iGVzz+tkW58blMXpVKpbv+NUqlEEAT41u76b7izw0z/5hu4+VFSHd1k+xrvv64Hp5RnauAiSaGQPPRJRtw2NFHhxq0S14ffpae/l/6+XgzDRAhqFDckUSSpVkpcGbiKHtxiqpwCBLbucSQ3jTPuUhi8Rd9n/xh38tcUxq+SaO3BTGzgMyIDiFykqCJQiYgQQgdUotAnCkOEaqDoGWB5+4JXmEAIiWbGq6FRGBA4LkZLD0JdXg1Qj8CRyWQYHR0lCAI0rbFhTX9/P1NTU0xOTpJKNZaMs5/wfb/hiNggCPB9v6EKDgCJYLYa8fpNnwMtcKDNpr+vldYWi1tjGsO3ZpnNC4IgIAy3xxdFUQSapqJpKl2dWfp7svR25fBDyXTFZ2TGY7QY1Nzu3GRz9pOosRRFUbAsC8epY0Kx1nY0GykjpIxiD6UN0OwEpfGxLQkcqmGQ7u6lcOsSet896N3HGt7WzrCyHWSvXWPvtpSVxc9jPT8OizzH1TfRrSR2prOmrUahT2VmlKJs52q0+60p8+x7gQOgo0Xw6cc1Rqcjfn1W1t3CMTQW8Z++7/De1ZAvfszgviMa2aSyK6ubKwkjKFYiLt4I+eFrLq+c8SmWd/84mjRpcmeha/DwKYUvfkyjN7c7EVKu6+I4Dr29tWelwxL/DXX3/Dfyl3/BzLnvo6o6uaMnsDKNTf7qQYYhs0PXqcxMYmS66Hr2j1CtNN2uy8C7v8TUFPxQZXR4mMmxYTLZFiw7SSKVxrYsbNta9OmQEtfzqFSrOG6Vcr5IsVxCOlP4oUYhTKPLEm1ilN4WG1VI3DmhRE8dRbU68SZfoTx9k9B3SGTXa1mREDlI6SNFAXwVhML8YCmoFqkWJ1FVG6P1EVSra+GZM5deJnKnaTlwBAC/WmX2xhVyD38FM3d4cQ91TmhzuRyjo6NMTExsqcXk0KFDvPfee0xOTtLRUZuJ2n4kDEPCMNzWiNh5o9daEQIKruTKlI8bQl+LTsY2OdjXQUdbhqmZEteHZ8jnK7jO1qs50mmbrs4sB3tbsG0Ta24layTvc33aYboSNeNgt8h+FTTWYqXA0UibilDi74eMQsQmsY1WZ47S9ZsErrMgADdCuquX6vQUzuXX96DAMU89/g+3S2i408WNpaz/eRxX3kAVEYmWOnw3ZkaQUciV2+C7sZQ7QuAAONGn8MVndCbzPh9ckXWr8JUq/PJtn/euBDz3qM6LTxkc7lZJJRRqMJbfMlJCxYm4Phby0ts+P37DZ2yyuZTQpEmTraMocKhX8LknNU4f2j3ltlQqAdRdwRH7bxh89t6dbxXwihPkz3+X8siH2C1ttPQfRmmwCqAe3GKeySsXURSV7KnnaL3/8wt/M02TnqTLzLXXmWr/FK12ielKmqnJWTLWCOXJiNlqbHiqqSGKiAgjBU2J8CMFQwlxQw1TC6h6OvhFNDNLbvwluu+5D1XEgxmvVERPxqWpipbC6n4RMfUWzuwZAtch0dqNpq812JZxJYdc3V+uGyDSSSozIxRv/i1W22MYrY8AEHgV3PFBMu1z54Pn4kzfxM2Porc2Xi1j2zapVIpbt25tSeBoaWmhu7ub0dFRMplMzRGo+42diIi9desWnZ2dc+JUbe+blOAEkqFZn4IjySVV2pMKiaSNYehomkal4uE4Hq7rUqx4eF48LvL8kMCPCMP4HBRCQdM0dEPB0BU0TcEyVCxDxzANEgmTbMaivS1N2YsYLQRMVz2mKwElt3YPtybLuZNEjaVYloUQAillw20qQp2vVAs39S1IdLRhqvaWxI150j19TA8O4Fx9B+voR7a8vdvH7a6ouBuqOOYRq6o4DqtvkxVjJNv6ULXaqvWc4gS+U2IgeIIy9cfQbid3jMAB8PAJld8uSypVnxujcZtHvUzNSr71ksebHwR84aMGzz6k09mqkLAUNhFgGyKKoOpKJvIRb7zv8b1XPC7fiJoRsE2aNNkWdA162gVffEblow/sblnazMwMuq6TStWXPpLP5/GVnfffKF59ldlz3yOKQloOHCaZq60Ec2tIqvkZpq8NoCgabY9+jdTB1YNQRTNR/QIPdw3hhRpZM2Lw5gQFjuOHIWnTQyJwAwVbD/AiA10JCEILhRBQMVNt9La10daeY/KVP0Xa1oJZahQGOIVZMic+vmy/Zu5xVKsDZ+JliuPXNm9ZWQPNsMl0HqU8ewtn+jeE3iRW+8dQrQxRsDghUuaqT0K3VOd7uJre3l4uXbrE4OAghw8fbng7hw8fZmpqiomJCfr7+7d8XHuRpUkmjaAoCu3t7QsVHGEYksvl8H2f6elp4EDN25ISqr7ECXwKTkDVVenMGmQTBgf62tEUQRgGOI7DbNHF8ULCMCKfd5nJVxfEFlVVMQyTZFIlYeskbI1M0iCTisWvIJL4IZT8iLG8z0jRJ+9AuELZ0BRBwhBYuoqhLj/OSIITRJTdCO8ujli5U0WNlViWtXB+NcK8wCHXEIJXous2emZ7BFW7pQ0r04p38XXM/nsRxi71o9bFfhEO9mo7zc4wL3LkxHX6xAeYqTYMuzaDUN8tUclPMBYdZ4xTO3ykm3NHCRyaCs8+rGGZ8M2fBVy6DpUGcsylhBsjEf/hbx1+8Y7P84/pPHhMo6NVIZMQ2ObW2lfCOVGjWImYzEe8fy3kF+94vDcQNhNSmjRpsm1YBhzrF3zlExqffERD38UrfrlcZnZ2lkOH6osO3Q3/jdApMH32bykPncNKt5DtP7gtK2e1IbCzbXScvJf8zetMvvWXeDM3aHvoy8sfNbdiIsMQUxWYahGhD1EdO0/qkX+EZ/UwOTmJWyhR9W2EoqCnWjnZ1UU6ncayFl+PX5rEnb5Bpndx4unkZwFI9D6w6gi15GESZgfu5MuUp28SeFWSdZSozr1Mkq29aIZNeWaQsDqBameJoggZBghVQwiBqmpETqG+ba9BJpOhs7OToaEh2tra6q4amkfTNA4dOsTAwAD5fL7u9J/9gOd5qKq67BypB9M06ejowLKshejXKIqYmppiIKpd3FiKlOD4kuuzATOupCcd0ZXRSJkquqaRTCax7UTszQIEQRRXccyl7CiKgiIEqqogFBF7bsz9CzBdCZgshcxWQqp+SBAJTBVQ479HSARg6QqttkraUjE1ZdnxRVJSdENUJd7W3cTdImosZaXAUW+bilBiwUJGm58rimISEe/Lq5QwEluLJE/39DJx8X2ci69jP/Dclra1N2i2qew88es1KMe+G2aCZEst6WrxOV6ZGaEiWxiIntzJg6yZO0rgANBVePo+jVxW4a9fCnj1fEC5KhqqiPCD2IT0g6sh6aTgnsMKj9+rc/9Rje6cgmUIdBVUVaAqoCoCVQVFxEp/GEEYxu0yYSQJQnA8ycRsxPtXQ9760OeDqyGzxbt3JaBJkybbjxCQsAQPnxR87TmNh0+o7LZn4tjYGKqq1u2/Me9eH+yQ/0bpxm+YOfMdQr9Ktu8AqY6djwWNgoD88HUSbR2Y6XjibSTSdJy6n/ytmxQGXsGdGKD1wS9jdR6P/56OvSu8cnHBD6Tt8HEmL39I6d1v0P3xf0nvg7XFslZunQfAzi76ilTz0+jJHFb7kTWfo2hJ7O4XUaffxpl5h9BzSLb2oK7ZsrI+ZrIVVbcoz44gwlskutsJ/ABdjYcfZqaF4tXXyJx6HtXaWtVOX18fs7OzDA4O8mCN781adHd3Mzk5uWA42miU6l5EURQURSGXa7x82LZtbNtGCBELVlLi+z6KoqBJgaGJLbX2agpELFZNBJFEIBCKiLvFpUTVFCxNw9Ti83G+QkNKSSQlAVDyIjwvwg0DvDAiiiBpCGxj9dA3jCCKYh+RloRGS0LF1peU7UoIJeiawA8lU6U41U6InZ8G3c72mbtR2JhnPkY5DMOG2lSEGldOyGjzdvP55KnAdZkauEDX6Ye31Cpp2ElSHd2UBs9g9N+L2lrbRHVvc7tbRm73/neHx9OvQNXFzq49NliL8uwtwsBnIHyKlebit4s7TuCA+IZz6oDCH35Boy0j+cmbknyxfl+OpRTLkrfeD3nr/ZCEDcf6VY71q7SmBemEIG0LMglBOqlgGuD5UCxHFCuSYlVSqEhmSzB4K+DyjbBpHNqkSZMdQRGQTsLHHxH8znM6h7t3/2ZTrVaZnp7mwIEDdU8O8/k8gWLwmW3234j8ClNnvkP5xtuYqQxtR49h2DtvYurkp5m6NoAQUJmZIt3Zs6ySItt7ADOdIX/zOqMv/xkt936altMvYnffi5k7zOz1QXInLHQrHiy3HT7OxMAFJt74Ot0f/yP0TNd6uyb0HfLv/YDC1dcwEqmFKhUZBjj51e0pa2G0PYpituNMvkJ+7CqJtl6sBlpWsh1HqcyOQDdI1wfiY0l19VKZmSR/4We0PfyVura7ElVV6e/v5+rVqwwNDW2pxeTw4cOcOXOGyclJurrWf4/3C/PChqqqJJPJumOb57k2eIORkTEAHrj/XpLJBJqmoWkauVyOyaISV10oom5RVcLCYpQm4sUjXRUMDFzh1tw+H37oflLpNE4Q4fgRhiYQQqDMPV+IuQQeBKoQGLpA0yTJTQbdQQhVP6TsRli6IKErTE9OcmNoGN/z6e/vpb+/D0uLj8nUBUlDIWmo6OrOTXoiKSl7kpITUvWjXYuwvZuFjaVYlkW53NiAfT4ZqqYKDjVuLCyODhNFEcXRYbL99VU/riTT3Ut1epLq5ddIPbG1a+vOsN8Eg72eArN1lPwlqI6TbOtFM2pbzKgWJ/EqRa5Gj1Jk75hz35ECxzy9OYXffcEgl/X5zssRo5NxFcVWqVTh/OWQ85fvrhLFJk2a7G1UBTraBC8+qfClj+m0Z2/PDXhsbAwhRN3VGwCzs7P46va2BZSHzzJz9rsE1Tzp7j4y3X3buv21iAKf6cEB3FIRs/UAXc/8IbMX/p7ClVdxSgWy/Ycw58qQrXQW8577yQ/fYPbDn1IdHyD30Jdpf/RrjP7yT5kZHKDj+L0ITUPRdVoPH2N64EMm3vwLMiefQzVTc/+lUa0UCIXy0LtMn/0eoVMg3dVDpmdRVKlu0J6yFlryEAmzA2/qFSrT1wkbbFlJtPagGhaVmVHiKahAtyxS7V0Urvya1NGnMTJbW2lsa2tbqOLI5XIN+0ykUin6+/sZGhoinU6TSOxeos92o6oqmqYt/JvJZBp6PdWqw3e++0PeefccpmnyD7/2FT713LNx5YamxZUhkUZbUkNXRUPD/0hCxYsII4kqoFgo8O3v/IDz5z/EMHR876s89/wnqPoRI3mfiifJ2godaY2MqTXcPuyHUHQFju+jzrW2/Pq1N/jhj35KFEV85JEH+Rf//B+jKAJdEaRMhVxSI2tpcyJLY/vdCCkhlJJCNUQAgZR4wc5JHE1RYzUrBY762lSUuPUkqsEQUBGEBDjFWcy2g5Qmb5DIdaBvQYQXqkaqp4/80CD+8AX0vnsa3tbeYS+IIrd7/zuDqE5AYQAz1Vqz71bglanmx5mURxiJTu/wEdbHHS1wALSkBP/gYzrt2ZD/9ouA6yMRVUc0s86bNGlyx6AIsC3o7xJ8/mmVzz6hYZu35ybsOA6Tk5P09vai6xs7x69kbGyMMAxxje2p3pBRwPTZ71C8+hqGnaTj5Okt9zbXQnV2munBORPRh75E5nhcKdH28FcxO44xc/a7TF76YJnYIhSFlgOHMdMZCkPXufXS/0vbg1+g48n/gdFf/QlTgwO0H48HqIadoPXwcSavXGTyrW+s2r9qpgjdErqdpO3EvRjJ5e9nZWoCI925bnvKWihaAqvrMwj9bdy5lpVESzdanQZ2ccuKjTs7iZibT6W7eihPjf//7L13kCTZnd/3eekqs3y1990z0z1+Z3fWYHcHa4DFYgEcFneHYxzBM0Kc7nRHBkOhEEOUQiEx9I8YlBiKkMSggiEqKB6pk0SdgdkD9mDuAOwBWAesG7Pje9r77vK+MvPpj6yqru5pU+1mZnf7OzEx011pXmZVvXzv+76/75fUjR/T/sRv7+h4G6Gvr49kMsnY2BinT+9+0FUzHJ2dnWV4eHjP7bofUFUVXdfRdR1VVVEUBV3XKZcrrMSTOI6NZVlEI2EUZXu118zsPJWKTaVik8vl17ymKApRS6PFr6EqoOxi1u9KiaEJ8mW3Hjs7MzOH4zgUCg7ZhsmmlCCERFMEPk1ByAo//OHPyGYzOz7vr//alzE1ZQ0xk8lk69e4uLhc31ZVBEFDJebXiFlVMueACA5XSlQhKNuSfEVQseW+qzgOiY3NUfvuVCqV3aWpqD7cJhQcKCouFTR/kI4Lv8/s9/9H0nPTtB49vruGVxFs6/RUHDfeeEAJjsZP83ZfovudqrIeD0Ib9gfCLaMkrqDqZtOLF1K65BKvaHPBAAAgAElEQVTzFGWI286D4bvRiI89wQFgGoLPPqpxtEfhh7+0eetDh4VlyBfvb23jIQ5xiEPsBYoA04SOFsGjxwVfekpnuPdgEp+aQaFQYHx8HGBX6o3Z2VkqqkVF2zvBUVi4RvyDV6hkl+9SMBwUXNsmMXmHYjqJr3WQjqd+D9Vcey2B3oexOkaIf/AKmcl3KVfVHLrprdRZ0RZ8gRCp2Unil76Lv/skLY/8GvEPXiExcYfY4FEAfKEI3WcfxbFtXKeCW6l4/5YrOLaNEgsT7lpbolHKpklNT1ApFmh74uVdXaOv5TFUXxvFpddJL44RiHXjC8S237EBmmGidfRRTiZwsnkU3SDU3Ut68j1CRy5gtg3tqm01GIZBX18fk5OTzM/P09W1e1XImTNneOedd7h16xYDAwMfqejYmrKi8W++UOAXv3iPn/78TWZn53FsB3/A4sjQIJ974TnOnjnZFNGxETzTWE9Jdv3aDf72p6/vaH9VVfn6734NTfOt8fBo9FDb0k9NwsVLl7l06eqOznv+/DmEUOolMrVTyIaTracVar5rmgq3bt3m56+/uaNzNoOHzp7hiSceRVO8vn6/u/VDYqM5mKZZTx7aKYTiQzrbJ7HUyDyhqqi+IOHTnydx6TsUkitY0b3FbYa6+1gZvUHx5luYx5/a07EOsR4fj3IVEb+CdAr4W5tf9Mgn53AqJW67z+Kws8Wse4FPBMEB3sPhSLfCf/Kywecec/nhL2x+cU2ysOJSOCQ6DnGIQ3yEIPAUG20xwfnjCl98UuVEv7qndKe9IpFIMD4+jhCC06dP7zihYWlpiVwuR8Hs35FT/UZYufgKmds/Qzct2oZP4gsefORsMZUgMTGKlBB7+CtEhp/fdFtF99P2xG9hdgyTuPgKi9evEOkdINjeVX1dJzZ4DCMYJj1zk/zcdVQjSD6xjKrrdQ8PRdOqRnTb36/07BSZxTmMUAedj/02VtcpAMrpBezsAuXUApX0PJXMInZmGSEEWqQTPdSFEelED3dhhLtRrQhaYJCA2UFx+efkEuNeykps54SWEY1RMXzY8QShjm7KxRzpmz/CbPuDHR9rPTo6OtaUquxUTVSDaZo88cQTvPvuu0xMTNDS0kJbW9ue23fQ8MgGdQ25cXt0nL/45l9y7drNNRO2XD7P0tIKV6/d4NlnnuLv/MZXCOyihGUio9Ie8gb6V6/d4J13P6innGwFu1o7HAoGefnLX6Clo3PXioiAP+D5/ki55ZzDaZDxVioVFCGQ0sWVm6worxsjCjwjVSEEH169xk9/9tbqplLiOE6dINnqs2fbdn27mkdKDblcnscee9gzMhXsyxzqkNTYOUzTJJNZVQVVKpWm+xNF9SHt7WOwlerDW1RXJyIjz5ObfJfM3OyeCQ4zFMEfa6Vw8y2MvlMo/gclGWq9p8Vu9r2feBDasHeI9B0ozBPYgSKzlItTyqWYcB8hJQ/eqH03+MQQHDWoCgz3Kgz9qsGLT7h8780K71yXLCehUJSHRMchDnGIBxaKAJ8BrVHBw8OeYuPUkIJ+n0Me5ubmmJmZIRQKcfz48V35HszOzmKrPkr67gdfhaVREhe/TTk1R7C9i0hvPwc9CJGuQ2JyjEIyji/WT9unfgc92NwEODj4BGb7CPFL3yY1c4VSJk2kdxCtqhIItLbjC4YpZpKUMxnKjk5mcQ6hKgQ7uhFi+zVdT7UxSaWYx+o+hS/aT2biHZJX/opKZnGNfFozTDTTxN/WBlJSKaYozCyQnVidFCm6hRHpwgh3ooU6Ua0jlHJjOJUi/lg3mr6z9173+1F1jUoiRXRgkPTCDIX5q1hde6/n7evr4+rVq4yNjXH8+O6l3j6fj6eeeorR0VEWFhbI5/P09/fXV10fRKxXb6RSaf70z7/Fhx9er28TDAYwDIN0OoNt22SzOX74169hGAZf+81f39X11Sbr0UiEQMBPPrf56rVE1skNgErDZL/583kLVFJKdJ/BF156gRc/tzm5aNs2yytxvvmt77CykgCgtSWGUBRc6a4bA27dFim9TQzDh9ZATJTK5bXqD+miaRrrXUnWX6/ruvgMo/6zruvVffZelnJIbOweqqri8/kolUoA/M0dhy+daJIwVXxNmYzKal8uGuSX0VMvsfjmvyO7OEuwY+cEciNCXb3kEysUb7yJ//wX93Ss/Yf3Gd85HrQSkQetPdtDlFYQqesY/gi+YEtT+9iVArnEPCtuP9Nucz5e9wOfOIKjBk2F430KR77q48aUw1+/43Lljk0qq5AruJRK7Ish6SEOcYhD7AWKkFimQsAvCAckJ/oFn3tM49ywygZph/ccY2NjrKys0NnZycjIyK6OEY/HyWQyFMzdm38mr36f5LW/QdN9tB45jhnZWdLHblBMJ0hOjOE4Ni3nvkJ4xJtYleMTFJbHcIpphKJ6RIQQXhSgECAUb/KoKEgEZvswQqjkZy6zdOMK4d5+Aq0dAGg+H0FfJ7RVY2MLBcq5FMnJMSrFAkKC0HRUXUPRdBRdQ9V0FE2nlEmTXZqvt7cwd43C3LUGIqMDw7LQTD+6z4RNShNcu0KlVMQu5KkUi1QKy+QSUziOtzpvhAIEBrpJl8fwx7owA80NlGpQdANfRzsiqeOnTGnl5/jaBlC0vfml+P1+ent7mZmZobW1dU/RqIqiMDIyQktLC9euXWN0dJTu7u5dp5EcJGrqjdpfKSXfeuXVOrnhMwyef/4CL37ueSzLYmZmnu/94G+4ePEKjuPw/R/8iKHBAZ568rEdnVfK1b/PPfs0p08dX6eIWItyucwHFy/zjW9+d1fXKfHiYcu2S6EiURWHoaNHt9xHETA/N1cnVhRF4fHHzuO4noFnrf3bzbdk9Y8rJZ95/gIPnztTf+3KlWv8v//fN3AcByEEf+c3vsLD587elSh1/cYtvv3tV0kkU4B3z778Ky/VXw+HQwhFQUoXau3aIQ6Jjf2BaZqUSqUd+3AI1WouRUW5m+Dw95zF3/sQ6dkrWNFWVGP35XGazyTU2UNm+hpG3ym09gE+apPxBx8fsZQV6SASV1A1H4FY8yqMXGKOCn5G3QfPd6MRD8Dw+P5C1+DsEZUzQyqpnMbVcYcPbgmuTjgsJwTZvEuhJKg0YYJ8iEMc4hD7ASFsFJFHUXIM9kQ5fzzC+RGV00OCWFAeiKHdTlEsFhkbGyOXyzE0NLSnSM7Z2VlsRaeox3ZcnlJOTLFy8RVKK+MEWtuJ9A4glAOWtEiXxNQE+fgSRqSb2MhzOIUUCz//Pygvj+M43qTCG7RKXLe2srP9DEVKSE6NU8pkiPYOoKyTQhuWhWFZUBWJVIp5SpkM5WyGQmIFx14tPdAMEzMcRTOtpoiMzaBoOj5Nx7fOrNQpl7HLBSqFAuXFDHrET4GlaspKDzv9oBrRKMJQySamyY3/OWbXZ9CDzdcEb4Tu7m4SiQRjY2O0tLTsWXXR2trKE088weXLl5mZmSESiTxwMbJCiHosrKIo3B4d5xe/eA/wPpMvfO45futrv4GueUPAttYWurs6+N/+1b/h1u07lEplfvSTn/Lo+YcwGhQF26HsSHIlB58mMDSd1s7NB82KAE0RLC2tVKNdd3ettgPpkoOaFRTKCpqy8ftrGgp+Q8GvK7z//iVSqTQA/X09nDhxjJIjKTWZUOJKSaEiyRZddMXBMPy0d3lEl65CMpVCURQcx0FRFAYH+ukf6MdxV8uhNQU0VeXVv/oh4L1n3d2d9PX11tshpSRTcsgWXfIVScVpTslxSGrsP0zTJJ1O1xU3xWKxqTJML0XFYdvV/RoBjk128h2CA48DnoojP3OZzPws0YG99YXhrl4K8RWKN98k2L5Ds9QDx2775QdRNfGgtWdjqPEryEoOf/tgU2pQqPpulIvccj5Lhd0llN0rfOIJjhqE8BJXLpzVuHAWCiXJnTmX9244XLkDCwlJxYaKLXEc79+KLXGlgm1LbNsLvTvEIQ5xiK0hEcJBiAo+Q8ena+iagqp6hKsQFRLpS2jaZaLhMf7p3/+vONLlx3VdHMepTpbvL2reBgCnTp3a08p4MpkkmUxS8O28jjN148ckrvwVqqrTMnRsz7XKzaCUTpKcmsCulND8MezMIsvv/CngpZtYLS34giGMQBBFWydjllWxeXWJWEqJqL6dsuF33s/gug6y7KIoKlIIFPVu4kY3/Z5BaXvn6nGqxxA7JDLcSplKqUilUEAoCrploRlWvT58PVTDQDUMfMG1ZUUy55Iuj2NFO9F9O/Ny0P0hwvpRcslZCgt/g1t6GF/rp3Z0jPXo7+/nxo0bjI2NcXSbFf5m4PP5eOyxx5icnGRqaopCoUBfXx+a9mAMqYQQdZJDCMHlK1dJpT0PgZ7uTn7lC5+rkxs1dHS08aUvvsjov/o3uK7L7dt3mJicYWS4cVK1dd8jANuFfFlStJ0t+S2fKggYKj5f8wTKemiKQNfAcSFVdEgX3bo5qaJ4rxuqwKcJfLoX77q4sMhPXvt5/Rjnz5/DHwiSyNuUbHf1Crdou+tCtuSgKYKKI9FVgSIEpiGIWRqWb+3E17JMbAcyJYdSRaKqEDZVQqG1CiWfz8SVkmzJoVhxqTgeOZopu2SKDmVn6/t/SGwcHIQQ+Hw+isUiAD+ZgC+daGJHxVNduI6Dom7dP+iKhe7zk7j0Kv7uM9VywG4ixz9D6uZrWC2te/OTEoJQdy+JyTuUJi7hG3x498d6IPCgpaqsx4PYJg8iM4HMz+CPdqD7mlMhlvJJitkEU+45EnL3C1r3Cg/G0/gBhOUTnBnylB2uhHzRZSUFiYxkJS1ZTrnE05J4RpJIK6RyLrb9YH6QD+GhVCrhui6maW44UdgIsj6pdOsTzBpqMuDaKpmDQiorqS4M3YWAXxANe9F593+K2gDhGabZTplEaglXuqiKSkukA1XVVidlq5t7qw1AJp8gl4sDLiBpjXTht8I7rqP2Dul9f7L5JIn0Yv1sHS19+BqMj3L5FPH0IrXBthAKLZFO/GborvMKIajYJRZWpjyZL2D6ArTHepCurK6a3P29LZZyLCVm6j+HAy1EQt6SeaVc9t57TUMIQa6QIp5aqG8bCbUTrqZK1NpTO0c6FyeVmUdVMqhagvMnTvPI8DFawoK2sEJbVGF65Zf8q2/9U5AO/Z3H6Glde6z7jfn5eaanp/fkt9GI2dlZXKFRNFqbVm+U0/MkLr5CYfEWVrR1Q6XDvkNKUrOTZJcW6kMWlQpmm+eTYQSC2w5ga9+12sxPrH1pu129z6v0ZPSb7SDE6vE3g6e8KFIp5LGLRSrFAk6xiONsnBSg6T40y0I3LTTT8v7vMzdVyggUtIpOfmkGM9radG1vDaruI9x+hFxynlLyInZ+FrPrc6j67tJ1QqEQnZ2dzM7O0traSiSyd5M9IQSDg4NEo1EuX77M2NgYHR0d+3LsvaJRveG6Lteu36z3H4899gitrRu/H+cfeYihwX7ujE1QLJa4fuPWOoJjc6iqStCnYOme2bEEnC2U+U6Ve9ttryaEwNQFqqLhulX1SNkhW3IRVXVI0Kdi6oKQqRIyVVTh8oO//gnzC97zJRgI8KknHsV2JMWyS6nSXGskkC+7OK5NtiTQVAVDFXSENOQWXVi+7JItORiqIOi7m3wUeNyk7UriOYdc2cWRLsWKpxhp8EVdg0Ni497ANE2KxeKOylSE5n0gpOvANs8HoShYwRZSpQkSl75L62O/CUD09BfITb5HZn4W3/DeDLP9LW3k48sUb7yF0XsKoe2eYNx/PLiEwO7x4F2TKCcRyQ8xrBBmk35hdrlIPjEHZju97X1Mjh1wI/cBhwRHE1AEBC2FoAWDu0+bO8R9xMLCAlNTU9XV5p1FGjbCdV2y2Wz1b4ZsNks+nydh+yjYKm9fb+Nn7208CD9/WuFrX9AwTWXLuuR7CaVByuy4Bn/ygz9mcv4moPD3Xvz7nBp8uEoMSKgSBKqq1lcHv/nTb/Du1R+BLCMrK/znv/nf8dSp5+qEkOu6aybmm8nDa+7xiqLww1/+mH/76v9cPZfGP/n6/8LJgXP1/f/kB/8Xr775Z2v2/53P/wO+8unfxnXdumt/7XhXJ0b5Z3/yj+t+AY+euMA//to/o1QqbTo5v3TnBv/Dn/yXdVLkV5/5HX77xb9PuVxmenqZtrY2AoEAiqLw2gc/41+/8s/r+/7uS/+Qly/8vTXXX2vLd17/Lv/PX//v9W1f/vR/zfMPn/FW8qtky9vXL4P0ZgZnj5zHNDz1Btx/kmM//DYasbS0RDweJ280L/FP3f4pyUvfQQiFaP8RAq3te27HdijlMqQmxxGaSrCjGzPkERrblsK43oqwRzrAngc6sko11g6zjba/sYTEIzLyVSJjteZSNQJo4Q78HZ1o4Q6McDdGqBPXqVDJzFFJL1JOzVFJz5NfWVqzr+Yz0XwWmt/C8FlY0RjUzPIQGPipJJPYld2VrASiXeiGSTY+R37yG5idz6EHd6fA6OvrIx6PMz4+zsMP79/KZSQS4cknn+TatWssLCyQy+V2FZG8n2hUb8zPLzI5MV3//ZGhwU33M00fAwN93BmbALwklC9/6cWG2NjN+29d1+mKKOjKakz1Vr2VABRFUCyWdnh1VXJDqxIKEhwJxbJLIi+w3QqmpuI3BCGfQsjSCPtUhLT5xjdf5cc/+Wm9zS+88CyDgwNkSg75ikvJkRhqc59RV3qERdEW+DRJxNzfsjhHeoRNsSJxaqRmAw5JjXsP0zTrpCFALpfb1oNHqSk4XIdtPyGKgqrqhLt6SI+/jb/nNFb3GYSqEzn9eVbe+wb5+BL+lr0988LdfSzdukrx5ltYp5/jI+MZsSUexLY/mAoTEb+Cquo78t0opOZB6LixswA8fWSFN8cOXjG7FxwSHIf4RGBlZYVIJLInKT14g6JwOEw4vMqijydswrkc8WQRfXSTJRY8BUm+6GAYvh0P9A8KEm/SLAFN1RnqPs7M4h0c12Zy6Q4nBh5GSk+t4bp3l+4rigChg1AJhI+C4sd2obbZ+gn5RhP0jUgPRdFwXZuAdbfJYG/7EKqq1Sdali9Ad+uAdx3rFBMAhVIO07DIFTyJdtgfQQixbcybrumUKyUaH0qlUgmfz3cXMSKEZwSnKFt3qYqiUvNi8BmrS3219jquze3pq/Vjnh48X7+u+0lu7KffRg2ZTIabN29S0sIUfO3bqjfsXJz4pVfIz36IGYkR7R3Yk+lasyhm0ggB7SfOIjap76/BKZco57KUshnKuQyV4t0JEqKa9+gRWlD7fK0qL7zXaqQXAEr1d54EpLZHgwJJeG0TAjMcxa1UyC3N30Vk6JFOzM4utHAHerATI9KFam5MyKqAHmyFdWOgcnqBSmaeSsr7104vkJ2fRSCJTwjahk9gBiP1IbOKDzfnkilPYMU60IydlawY/igRw08+MUth4Ue4pSV8rTs3NxNCMDAwwOjoaFMTk51A13XOnTvH7Owsd+7c4c6dO/T09Ow4Knm/UCNLhRAkkinyhTwAlmnS1dWxpQ9JT093/fMXjycolcpY1sbXsbS0TCqdIRoJ40po7K3TmcyaxJaNUCqXuXLl6o78N5aXV0gmEsSinolwbde85l2vCwQNQcBU8esKlq5QzOf4s794hb/96Rv1eNznn7vAV3/ty5RsSa7kki25FCsuepPqTgBVXS2BUXdWDbYtFAE+zXufyjZ1/41DYuP+wrIscrkcAD+dVrctUxFqVcEhtzfyqxmMhrr6KCQTJC6/itXtmdeGjjztqTjmZrFirU17JmwEIxAk0NpBbvRdjN5TqJF2dq+lepDw4JAId6PmwXV/26fEL0Mljb+9H7HNeLWGfHKeSimPbD0P2urY9+kjywC8OfZgxqYfEhyH+NjDcRzy+TxHjuzNoGk94kVJqihxUQgEQqh6iGi0BBQ33D6fzzM5mWTBkJimiWmaBIPBB8KFv0ZyDHWN8M6118gXs8wsjlFxKmiKhuNKkALH8QwuayX5/R3HWEp4KQ297YNYwX6SJUnEYMeucbVJ/GDXMR4ZeYJCKU9v+xAdsZ412zx5+nluTV/h7as/xTQsnjn3ec4Nb16jHwnGePL0c8ytTBOwwpwe8kiDrerl26PdnBt+gnwxR8AMMtJ3Gikltm0TDK4lXfo6hjg56EVltYTaOdJzvMFHoTEqUHKk+zinhjw1Smesh/6OtZ/J+fg0Ewu3AWiNtDPcd+qu+3OvkUwmGRsbQwixZ7+NGmrkRkUYZJpITsmMvUXy0ndwnRKRvgGCbQcvpfNqplXM0OaSYLtUopzzDD5LuSx2ySM0VN3C1zZEsPUIdV8N1wXpIqt/kS5Iiai9Ll2k61Tf59rrNQVU47bedrXXpCvBtXErBZximlI6iRACLdhO5OjTGKEujEgXim9viSQ1GOFOjHAnNL5t0qWcnmfpjX/L8u0bRPoGCbatqnIUFJSKQmFxHj0axdxpyYpmEGofIp+ap5i8hF1cwOr4DIq+M7l2LBZDVVXef/99nnnmmR3t2wx6enqIRCJ8+OGHTE5O7jm5ZTdYT14UCgWcam2D328RDm39OWhpiaIoXl9fKBSpVCqbEhzvvX+JQmGVxOvs7ODCU0/Q29fDW2+/w5//xSvk8wUMXa+W9O3x4oB337tY9xMB6Ovt5oXPPktLaxtYoGsalq5gagpCuly58iE/+OufcOnSh/WV92c+/SS//ff+DmgGqYJNIm+TLTnYroTt19kBMDSvzCRgqBiqR3DoqtjyGnXVU56oirKp5bAQHrkRMDzDVEdCruRyIlJcUyJ7iPsD0zTJ5XLNl6nUCA5388WvOpTVT0Skb4Dl2zeIX/4uLQ+9DHiGo/M/+9dk5mcId/fvqv01hLt6KSSWKd16C//jX+F+T7xX0fiteFDatF+4vykrIjsFuSmsSDu6r7lyz3IhRTEbR4aOIv3rFR9e+58+svxAkhyHBMchPvYol70VD59v/1Z757OSvH23bHQrRKJR+vtDSCdPoVgknUqRSCTQdZ1wKEQ4EtnXNjaDGrFR62a7WwcIB1rIF7MsJWaZXrzDUNdxqK7oSelJc20XNCSPDD/F+eGn68dTFIVMSVIoS9qt3XXfJ/of4r/42j+r/6wq6prJvd8X5Otf+M946YmvIoG+9iPoqr5G6dA4yD/afZKjXz655pq3Q3dLH//oN//7NW2oRf75/WtXoEd6z/BPvv6/btre2jmFEJweOr/htuBNTC7e/gXZfBohFE4MnCMabL2v6o399tsAWFxc5ObNmziKTsYcQAp1U/WGU8oSv/htclMf4AuFifSeQL9Hq+Ib+fRUikXKuTTlbJZyNoNd8eT1qhHA136McOsRzLajGLG9DT4/chAKRqSH3i/9Exbe+D9JT1/DrVQId69V+mj4cJJZcuUy/mjHjk1Q/ZEuNN0kl5gnO/kNrM7nd1yycuzYMW7evMn09PS+KJHWIxAI8Pjjj3Pz5k2Wl5fJ5XL09vbeFRF6kBBi1VvIbsi7V1RlW/8pXdOp9dyO42w5qU4kkrzx5i/rP5umj8cfewSASrlCLucpR0rlMpT3R3mQTmd4772L9Z9v3LjF889eQFUEVlWx4boOly9d5id/+3MuXfqQcnnVW+bRRx/mP/qdv4tu+kkVbRI5m3jeplCp2sQ30dUqAoI+hfaATsTvERw1cddWBEfAp2DpokpiCDa7sz5N0BbUCOqySqxLKhUNKWWdpDnE/YGu62vKVLZLUxHVEpVmomKdBoLDF4wQbOskffM1/N1nMNuOYHaMEBh4jMzku1ix9j09CxVdJ9jVS3r2NvrcbfTuYR4EhcHe8VG4huYS1fb1jJUMSvIKmhXECjVX4uTYZfKJeYTZghs9ucWW4oEkOQ4JjkN87FGrH96v1Y/pzMZxcg3hBRtCVVUi4QCWuWpCl0qnSSaTrMTjrMTjWJZVJzvu1YBYglfbLwSmYXHm6OPMr0xRKOa5Ov4+R7pP1A0OvcGWt7KN9EpUGgd0tYd+xXVZdCRhH1jb9DKNxESdoGh4QNV8LGqTfEVRMA3LI14ajtHoeVH767ruGrKjVCohpbyLpNgIaoO/guM4ZDKZunS78ZxCiLva23hd66+xcdtG4qJYzvPujTcA8JsBPvPIl+66R/cS4+PjLC8v09HRwfHjx7ffocljTk9PU9KCZHy9SEXflNzITb9P/INXcEpZwj19hDruj69BMRUnn4hTzmZxbG+SplkRjI4ThNuPYbYdwYjcX8+FBwmdF/6A+AffIj36OlK6RHrWrnIqqJB3yFdmMKKtO05ZMfxRVN1PLjlHYeFHOMVFzLanmt4/HA4TjUYZHx/HMAw6Ojp2dP5moCgKJ0+eZGlpqZ7e0t3dfc/Ueo39haap9X7LdVzcbZ6DtmPXH2Sapm5JiKiqukYRMjjYQOw19LuWZXLh6U/R3785oaSpCpbfT2dnO5UtnqWqqhBpKBEdHvYILoFkYX6Ba9dv8u57F/nwyjUqVT8mIQTdXR1cuPApXvzcZzD9QVJFh3jWIZF3qdgeuaEpNDU3UoRHpgR9KlFLw9BWvXAq5XLdxLSGpaUVhoYGCRl63TfHcR1GJ6bWbre8TDGfJxJY/U7U3scawX6I+w/DMJpOUxGKjhAa0m2iREURVGQRTXjPxHBPP8VUksSVV+n+zH8KQOz0F8hPvUdmfoaWoWN7uo5QRzeF+DKFG29UCY77qzC427Nir/s/yN+Xe1uyIhJXEEIhEG3edyOfnPc8jqJnmznDA0dyHBIch/jYw+fzoaoqmUyGzs7mzQw3wlRaUtkgplPiKRt2muAZCYeJhMP09vTU4zIXFhdZWFwkFAoRCYcJhnaXHLAT1KIlJXB66Dwf3HyDldQ8t6c+JPHQMtFAK7K6KuhKiXRdKq5HcKiKqMtqa8eSsqpwwVN7hLYx6q6RBevVF2va1/Bv4zbryZHG4zWuZJZKJVZWVojFdm4ym5CyQh4AACAASURBVEgkyGazdHd318+x/vjr29vYno2urfb/2jE+HHu/Xp5yYuAsp6oRbvfag6NYLDI+Pk42m903vw3Hcbh58yYrKyvk9RZypkcIbERuuHaJxMVXyIz/AiMQomXoLIa1s0nwXiFtm2x8kfzyMna5iOaPYfac9VbRWo+ih/fWj3zc0fLIVxGaQfrGT5COS7R/6K6hnFJRKC0t40aDu0hZMQi3D5JPLVBMXcYpLWJ1PI+iN5dgMjw8zPXr17l58yaqqh5YGUl7ezuhUIjr168zMzNDJBLZ8zNoO6zvJ8LhEKqqYts2uXyeVCpDLBbddP/lpZW6CXY4FMKsxrhupBw4deo4X/j8C7S2xEBAwO+nvf3ue9ne1spLn/8svX2928ZcuxIKZYeyLZEbCBrPnjnF51/8LJ0d3kDa8lu0tsSYnpnjG9/8DpcufUi+oWwmEPDz7DNP88Jnn6G3t5eSLUmXHPIlF0dKDE1UlXSgKgJdWeVmtlIYqUKgaaCrMHp7lB/9+KcUiyVcKZmbna97fTiOw6t/9UPe+sW7nmdVw7cgvhJncdGrY5dS8vPX32ZxaQUA02fwyCMP8emnP7XGU+UQ9x+6ru8oTUWovm2JRQChqFRECYoSzbQQikK4t4/4+CipGz8mcuIFtEALkZOfJ3nthxTTbZjhvaU2hbv7WBm7RfH2LzGHn6i1hI+HJ8dHAQdPcojENSglsFr7UNTm0uYK6UUqxSyy5WHQmy9vfZBIjkOC4xCfCESjURYXFxkaGtrSe2ErTKa8Sf161IgNx939JFTTNNra2mhrayNfKNTJjkwmg6ZpdVXHQZjW1ctUqiqOllA7xwfP8ealeTL5BNcmLnLhzOfqKg5v9cm7EY4LNt7AUFG8VbQ1Bp+2d28kEN6C5NjJBH69KqO2/3bHm5ycJJvN0t+/s/KBQqHArVu36OzsvKvspFlstG0tOcYjjVze+PDH5AoZfLrJs+e+iKbqGybRHCQOym/j1q1b5PN5Mr4eioY3md2I3MjPXiF+8RXsfIJQZ89dJQ4HgoaxXDmfI7+8SC6+BIDVOUJs6EkCfY8cfDs+Zoid/TKKapC4+gOk6xAbvHu1UUXFTRYolBcxY207Ns7zRzrRDJN8Yp789DfxtT2HHmpuVfPkyZNcu3aN0dFRQqEQhnEwcYmmafLII48wNjbGzMwMhUKBnp6eAzsfrCVF21pbiUbCLK/EKRZLTE3PMDS0eR84OTVd72+6ujrq7dyoDzp75hSPPXoOKSUlR6ApXqLJRpqPjvY2ihWXXNmtEyjrh/VCeM+LYll622xwzuPHhzl//pynulA8Yt2VEAmHWF5erpMbgYCfRx4+y2eef4YTJ4ZBqBQqnpFosex5SYV9KuENSBRN8XR2VvV5qygK0VhkU1XJzVt3+NnP39q0n56YnGZicnrjnRuQTmd45533q/dCUCgWefrJxw/JjQcM2xmUr4dQfEh34wjutdt535zM8hyxPk+ZZEVbsaJJElf+Cqv7DEa4k+jpl6oqjuk9ExxmJIYViVG88Ta+vlMIszaZvd+mmHs970fh+3LwihORn0VkxzBDrfis5jyrKsUMhfQyMjiIDGzvkdZwtt018oBwSHAc4hOBzs5OVlZWGB0d5cSJbWyv1yFTliSLsL4qRQLSlTgSpBT7Ngn1WxZ+y6Knu5t0JkMymSSeSBBPJDBNk0g4vO8lLLU0lZqK4+FjT/HhnXfJ5pK8d+PnnBp8uK7i2GhfRwKOJ7FUWFuHXHLALW1NcOy4vTu819lslpWVFfr7+3c8UJybm8NxHNrb9zeOtHHQevnOO7x343WklIz0n+H8yFMbKlMOEo1+GyMjI02V8WyHNX4b/iEqqjd4upvckMQ/+Dbp0dfRTYu24VP4ggevXAKPsMsnlsktLVLOZ72YvmMXCA49iRHdycP9EOsROfV5hGYQv/QdXNel9cgm0cL5CoXyHEZLbOcpK1YETbfIJeYpLP4Yp7SI2fb09jsCg4ODXL9+natXr3L69OkDJR2OHDlCLBbj+vXrjI+P09nZSSSyt8nJZmgkRltaYhw9OsTyShwpJWMTkzz7zMYlPdlsjqmpmfrPp0+dqPdRW/VBK3mPOLAMBb+uYOob97GOK0nlbcpOtdxQVCNtqwpARXiKQE0R6Nrmk3pXeioM25X4NIGlqwSCQV76/At0dl7h2LGjnDwxzEB/H1KIOjFhqAJdUQluY3XleXFIjh09wu//x7+NEAo93V0om7SntSVGd1fHavy7pB5ZrqoqatWVe35+tXQlHA7ht0xcV1Kxba8cSCj1pCZFKPT1Hpa+PYgwDGNNuer3bhS3TAETqg/pbh+HrFQJDrtYILu8UDdqjvb2U0onSF75Lh0X/gCA8KnPs/zL/0B2eX7PptvBrj4KqcsUbryF/+EX1736oJd6bIWPUtsPgFCq5FDiV9B8AfyR5pSDrmuTT8yBL4KMndnVaR+UCNlDguMQnwj4/X76+/uZmvJqXo8ePdoUC5+tSNJl6gOyGmqLSy6iKrk9mAloOBQiHAodeAnLehVHZ6yHx048w/TiGF1tvfj0rc0lpZSeksMFNiA5Ki5MpiQDkfvzsJmYmMDn89Hbu7MJq23bzM3N0d7evuNVm2YhhKAj1sMTp57lzuwNvvz01zAN6y7vkYPEQfhtTExMMDU1RVkLkjH7cIX3uFk/ECws3CRx6RXK6QWCHd1Eeg7eoFMikY5LdmmO/PIyjl3GCHfScu6zBI88iaLdn3jPjyPCI88jNIOV977B8uh12o4cr+dNS9lQDmBDZTGOEynhC+2sjEzRDELtA9WSlSu45WV8bc+gGlsfx+/3Mzw8zO3bt7l8+TIjIyNrIsD3G9FotG5AurCwQC6Xo6urq+4TtV9o9CRSVcmJEyP88p33kVLy9tvv8pnnPs1A/9194Ztv/5Kp6VkAQqEgx46tpjxtZW7pSEm66FBxJKrwEkY2gqoIIn4V1wWEV+Yh6uSG1xdqikAVq6adudLG5qSulKTyDqoCYUsSNjUufPopPn3hSVzAdWzmFxaIx5PN3bR1WFmJMz0zW79u0+ej0ZLbrQYj2Q48+anHOD6ykXLI67vzhQLXb9ziT/7vP6NS8bwYPv3pJ3nqU4975T2bIBwOegq/e/gsOERz0HWdcrncVJmKUE2kHd/2mDUFh6+tn8zkTaxwFNXwoegGoZ5+UtPXyNx5k9DRpwkOPEZu8l0yc3cIxNoQ6u6nc4ZlEeroJjN5GaPvFFprrW/4KHlafBywvx4oSvIK4GJFmyfA8ok5HMdGtjXju7E5HoRSlUOC4xCfGNRqn6empuqTuVAoRDAYvCv6EyBvQ7YExcrG5IYjJffK0LxWJ97a2kqhUCBZTWDJZDJoqkooHCayxxKW9SqOJ09/lnPDnyLkj6IKdXV1ags4Ei/RUsi6N0cNrhBMpiUD4Xv7kJycnKRQKHD69OkdlyfNzc0hpdx39UYNtUFrd0sfv/8r/4jl1AJ97UfWmKQeJBr9NgYHB3dcvrMRGv02CkYrWZ9narXRClf88ndJ33wNzWfReuwEZuhgVrTXtK9SJrswS3Z50ZOh95whdORJrK7TB37uTypCR55GqAbLv/wPLI1ep/XICIqmb5A4IXBTeYq2jS/SuouUlcaSlW9jtj+LHhrecp9wOMzIyAgTExNcunSJY8eO0d3dvBHbTqFpGqdPn2ZmZoaxsTHGx8fp6uraF8VUDetNl8+dPUV7WyuLS8vE4wn+8jvf4/e+/lsEg6ump6N3xvne939Un0SfOX2Svt7uNcfcCiVbInApOxu/Z8lUmrb2NozqREwIEDQ8I6TEdmyy2RzJZApd1+np6Vnjp7EeBdszCC07EleCqQnP+BoIGBrvvneJ73//b0ilM/h8xo77f8dxKJVK+P1+bNvhyScfqzWWsiPJlRwMTeDTxKZ9lyIELS0xhFDwGb46wXF8+Bgjw0e2JS4cx6m/l4d4cFAjOJqBUHw4TaSoKIr3+Qz0nyEzfp3U7HTdSDTY1ukZjl5+FX/PWVQzRPTUF5h77V+Snp8l0ttEZO0WCHX1ko8vU7zxOoHHv4Iw1i9q3Q9yYz9IlY8iMbN3DxSRvAHFFQKtvWh6c+mMxcwy5UIG2fIQ0tjrWOz+m44eEhyH+EShs7OTUCjE4uIiKysrLCwsAN7KUSPZYfqDFIRFblNyg3tGbqw9v8SyLCzLoruri1Q6TapKdiSqJSzhcJhwKIRWVRxsZty50bEbVRyG5sPQvI7RrZVKNOEH4UiJ4u20huSQ0iM5ZrLQ27xn0Z6QSCRYXFykt7eXlpadGRmCR3DEYrF9nXzU0EhgCCHw6Ra9bUMbJsIcBGp+G8AB+W10UzS8Y64nN4rL48QvfptycppAWyeR3oEDrzGXUpJdmCU9P4OiKAQGHiV68kX00P6naBzibgQHHkPVDRbe+Pcs375B69ERVGN14OWUy6g1v4dcmVJpETUW3nnKihVB1S0vZWXxJzilpW1LVkKhEKdOnWJsbIzR0VGy2SwjI5uU0+wTent7iUaj3Lhxg+np6TqBvR9o7ENc16W3t5sXXniOP/2zbyGl5I03f0k2l+fFF57D7/czPjHFj370GnNz3vOwrbWFlz7/2TXKErcmu9gCzibpJ6VymTfe/AXtba1UbJtKxaZUKpEv5MmksxQKBYqlMsVikVQqTTabo6uznf/2v/nHFArFLa4TMiWHou1iu+BTBaauEDIVhBBMTU2TSKYAtjzOdshksoyNTTT8RlBxXNJFgSttDFXZ8NZ0+Z1qpKiGtkFJqZdKZm+b8Gbb9ppnxaGS4/7DMAxyuVxT2wrFbComtqbgEJqP2NlfIXHlr8gnIvhj3iQx0jvA4vXLxC/9Je2f+h18rYOEj14gfecNrJa2PZlxC0Uh0jdAfHyU7Bt/gf/xl1GD69VFHzWy4KOsQNl9yYrILyAyo5ihGIbVHFFRLmbJpxYh0IcMfDxi7g8JjkN84uD3+xkaGgK8Fex8Pk8ulyOfz7OwsMDM7Cwpx4ctDPx+P6ZlEfD7sSw/um5UyY2DH2A0EhN3mVtWB5KhQIhQMEhPTw/JeIJUOsXiwgKLCwuEQiHC4TChUGjD9JENz4k3kFVg1W+j0QuiybbXb88GJEfZgbkcdB9wYmKlUmFiYoJQKMSRI0e232Ed5ufnKZfL9c/KfsN13erg9+40loP23qj5bQSDQY4fP76/fhtC29JvI3nthySv/hBNN2gZGsGK7jzVZqco5dKkJsaplIv4u0/T/vTv7djQ8hB7h9X9EJ3P/CHLb3okR8vREXTTWylUDYNSNo0v6JWISNvBXkogo2WM4OapHxtB1QzCbYNrSlbMtmdQtihZUVWV4eFh5ubmmJmZIZfLMTIycqDRroFAgPPnzzM6Osr8/Dz5fJ6urq49l8PVCA7btlEUb7L/pS+8wMzMLD9//W2klFy8eIVLlz5EUQSOs8rWh8MhvvrrX+bUyVWCx7btponyjbCwsMSf/8UrO9rHNH2UisVtV8krjiRfkZTsCn5DJWpJQubd3+2eni4ef+wRDKO5e+s4LhOT07z33sU1v1cE+H0KbUENQxWeL8e629Ll359I+ho0TaubUtu2XX8/DnH/0PgdPSYm+d6NgU19OITqqy4QOXUSYzMoigpumciJF8jPXSU9M40ViSEUFd20CHf3kZ56n0DvWfy9DxM9/VK1VGWa1qN7Ky+1oq20HdOIj90m9+Y38D/+ZbTYejXbvSYKPmrExH5jZ9cvnBJK8kNUw48/0pwSUboOheQ86CHc2N5KU9bjfqo4DgmOQ3yiYZompmnWV/dtF+YSBdRMgVKpTD6fJ5vNsuhKJAJV1TAtv6ei8PuxTPPgvBnYIB3EBYREumsjUwWCWKyFWKyFYqlIMpEkmUqRSs1gmiYdHW0EAgGv5l0Ra4vfG49f/X1jUkkjsbGTQZUrPQmyK9nQeDRehJYDtDqYnJzEtm2OHdtdVvzc3BzBYPBAa/Ib73MjyXGQ5Ma98ttYP9grJ2eIX3qF4tId/C1tRHoHUPZQN9wsUtMTZJcXUH1Bup7/h5htRw/8nIfYHFbnCdqf+SOW3vp3rFRJDsPvkQi+YJh8fAkjEEbzeeoOJ5mjVHYwotFtJwfr4ZWsWOQTc+RnvoWv7Vn00NbKjO7ubk/VMD7OBx98wPDw8IFGuwohGB4eJhKJcOvWrboB6V77nUaCAzwC57e+9hsEAgFef+NtMpksUkqcBn+pnp4ufuWLL/LZzzyz5li2be/4/Jbpw++3yOcL9fOvPgNWa82FECiKgqEbGIZOJBKmo6Ods2dOYllWU4SE7UjyrvQSVTYgNwC6ujr50hdfbNqzynVsvvPd799FcKiKgqWDT9PR1NWHWkBr7K9X21C7vo1KFIQQqKralAdLY/R5TflxiPsHRVHQNK2p90Eo3rPQdR3UbfowoahI1/vOtDz0FeZe+5ekZqeI9g0BEOrsoZBMEL/0XazuMyi+IOFTL5K4/CqF5ApWdG8qMF8oQuvwSRJjt8m/+Q2sx7+M3lFbILrXioj99KT4KJIku7jfictIp4h/B+OcXHIOxy7jdjwK+7rw47X3fpmOHhIchzhEFY70Yk2FYRGLrdYfSinJF4rk80VyhSLFQoFUOl1/3WcYWH4/qmZRLu9txt5IWrjSIzIa4TZMfNdPgmuTY103aGtvp62jnXQqzcryMpMTU8RisepAvboS10Bc3KUe8P6zp2sBr1yFuvFooyIFsmVJi3kwD53FxUUSiQRHjhzZ0F9lOywvL5PL5Th69OAnw43v50GiVCoxNjZ2cH4begtZ03P9X09upG69RuLSd1FVjZbBo1ixg2f0S9k0qekJKsUC4ZHnaDn3qwd+zkM0B7NtiM5n/pClN/8d8dHrxI4cr6fm+FvayS7MIjSNQKtXPuTmi5TKy+ixMKpva8Pj9TCsMKpuUUjOUVh8Dae4hNl+Yct9IpEIp06dYmJiglu3bt2TvqC9vZ1wOMytW7eYn5+nUCjsiVjxyAunvuIvhCAajfD13/27PPmpx/j5628xOTWNXbEJhUMcOzrE889doLPjbr+hRqJkPRr9t2vPDik9D4+vvPzFNdsKIdB1HV1XMQyPAAkGAliWt9DgMwz8fhNNN/BCxyWBJtVltbj2rRAOhciUXcq2ZCs9oqEKgr6Nh8eKAJ8m0FUF6TpIuRqZvhmKuTxTU7NU7NWo0JnZOZaWVohEmyOyDH01Nny/TWkPsTsYhtEcwaF6ZG1zZSpaPXHF1zpI+PhnSN98DTMSq/u8RPsGWLp1jcSl79DyyFeJHP8sucn3SM/N7pngADD8AVqHTxIfu0Xu7W/jP/9FjL5T61u65/M0j717Unj4KKtBti9ZUdK3oLBIINaNpjc3Fylm45TzaWTkFPh2Xsb9IOOQ4DjExwZS4hmMNdSo1lbF16+M1wYJte1cV+K4kC55iR9rjovAMExU3aTmI+ZWzceKxSKFQoF8LkeukCKZiAA7k1PffR0S15VIV64x9qzV4DqOWx+cOdUEF0UoKFVSxLtW73eBQJBAIMjCwjzL8Ti5fJ7uri5M06wPkg5aqe9IEC5IVazpmh0pmMlA7z6ngebzeSYnJ2ltbd1xagp4939iYoJgMLgr344HEQfht5HNZrl586ancjJ7KOjevWokNyrZJRIXXyE/fx0r0kKkd6Dus3CQSM9NkVmYwwi20/nM72B1njzwcx5iZzCivbQ/80esvP3vWRm9TsuREcyw13cGO3vILM4RH79NpMf7zEjbprwUR4uF0QM76zRUTSfYNkAhvUgh/SFOeRmz7dOovs2/B4ZhMDIywvT0NLOzs/WSlb0YOW8Hn8/H2bNnmZycrJsjd3Z2Ylk7I3VqqK30l0olXNclFAqhKAonTwxz8sQwlUoFV0o0VUNVN38Q2LaNz7e9UZ0joWxLSrZLa3s7L68jOLw2rf2/xCMmpJS4QNGVuEUHCfg0hUhkfxV0ritZylS2JCQ6I5sPjQVeGgyuwz//n/4FhfzmJqiNkFJSakiEee1vX+fddz9ottn84R98ncHBvrvKGQ9x/9Co3j0XXOF7N1o3LFMRqvc7KZshQ1Rce9UvpuWhlynOXSU9M4l58iEAjECIUHsX6dHXsbrPYHUeJ3r6JRbf/PdkFucIdezdJFnz+WgbPkl8/Db5978Pdglj6JF1W32UCYOPIjZXtIjiEqRu4QtE8QWaK/utlHLkk/MIfw9ueOdl3DvB/VBxHBIch/hYoEZuKIqyxtegVn/cSHCs9zxwXRcHwVLepXwXueGZibrrGGRFVb0SFb+fWleSK9jcmNm8XjidSjE7l6CrI1Kv617vrSFdT6XhOE71NYHjOjhrDN5WZcWium3tWl0pvZpgQFGVOuHR0dGJZfmZm5vj9p07dLS3097W5t0H6XlkCHUtMbSfcKCq5KAe/wdQkZL5nKBrH8vcJycn0XV916Upd+7coVAo7Fv5xv3GwsICU1NT++63cevWLWyhkbYGsTVvwtk4uMvceYPExb9ESpdo/1B9Nf4gUc7nSE2PU87nCB+9QOzhX9txWcMh7h2MUDsdn/4jFt/6Y1bu3KRlaBgr6hFloY5ucssLLN64QrRvoK76sRNp3GIFIxbZ8XtrhTtQDZN8fI78zLcx255BD5/Ycp++vj4CgcCakpW2toNVIA0MDNRLVqampmhra9s12eq6LtlsFsdx7lr5b7a80rZtTNPcVtSXL7sIbKQEn+5uVAVZP4asGnVLKT1fK+kR+jXiwdQVjMB+T54EqiLoCOtbXstmMbcC0JXq4oIjsSsVJqem13iYNIvl5RWWl1ea2jYSCVMql3Z8jkMcLBq/P8Xi5ia2QqkpOLb/nCiKgmOvfa9j515m4fV/S3puinC3p7wM9/ZTSCVJXnkVq/M4/p6H8PeeJTt3lUCsFUXf+0KComm0jXhKjvzln+CWi5jHn1q31UeN5PiotXcjrJ2PCLeMSFxB000C0SbJLSnJJ+dB8+PGzhxMM9fhXvtxHBIch/jIojYJVxSl/qCpTdDXD+QaiYQaCVI/jqpRdiRCc6BsN+xTTUuRzZUPaKqKYRjAxiy9EIJEIkE2s4xpmsSiUSKRCJq62nbHdT2FhpQ40vWUHI6L7ThQJSscx8VxXWzbQVWVquGpRAilOqCsEhZVEkcRAmno+Cw/A4NDLC8tsbCwSL5QoKurE5/uA1xU1LqaYy+GchuhNohFeCqOVdNRQdmRJEuCaHNJVltienqabDbLiRMnqu/FzrC0tMTc3Bw9PT0H6r1xrzAxMcHS0hIdHR2MjIzsy3ta89soqQGyVh+u0NcQG04hxcrFb5OfuYwZjhLpHaz7KRwksouzpGanUc0wHU9/HX/PuQM/5yH2DtUK0/nMH7H45h8TH79NbOAI/havTCLQ1omiqsQn7hDIpAn3DKBoGm6hQKlSRotF0HZasmKGUTu8KNnC0k9xyyv42rYuWYnFYliWxcTEBNevX6e/v5/BwcFdX3MziEQiPProo9y+fZvFxcW6mmOnUacAuVxuT15RtRKX7Z6D+bJLyXYp2RJtXUx4DTXVhqypNmStvGRVsWhqCp69xf6Rk1JKEokE0ZYYzfDp5WJxy/IDTdM4efI4rivJZLL71s71UDWV/r4eWmIHb8Z8iJ2hZv7quu6WSTh1Bcc2aTlQTVJx1qazWF2nCR15kszY25iRlqpnkSDS28/K2C2SV39A9PQXiJ56idmZK6TnZ4n2D+3l0lYhoWVohOTUOLkbbyIrJawzz9dau3bDAyUO9uPYH+VUlfVYLVkRiQ/BLmC1D23orbcRsslZnEoJ2f4ppHIwPoIb4V6SHIcExyE+khBC1Ad6tUlbuhqZmk6mKFVsbLuELBexywWcau2rblgoholiWOiaht+yCESiFLUwUtHrx5RSUrEdqA689gP+QICjR8NUyhmymQyzc7PMzMwRCAYJh0KEQmGP4HBdb3XLcSiVynVSw3VdKhXnLgPQiu3US3NElUBYVa54/1fLFVRFQdNV2js70XSDhYV5srkc3Z1dRKMRpOOgSIGqKgfS7XtqGIlY58fhSEHBBp8K1h56pFQqxfz8PN3d3bS3311Hvh1KpRKjo6OEQiF6enp235AHAAflt3Hr1i2Wl5c39dvITr1H/P1v4VYKRHoHCLZ37fm826FSyJOamaSUTRMYeJTWR76Kou9O0n+I+wNFt+h69h+w+OYfk5i8hus6BNu8z44Va6NVUVgZu00xkybSO4gVjSFth8pSHCJhtCaNI2tQNYNQe7VkJfUhdmmpWrKy+cDLNE1OnDjB5OQkU1NT5HI5hoeHd0WkNgtFUTh+/DjhcJjbt2/XDUhDO7zecrm8Ky8iWDUrbQaOK8mXJYWyRNk4OXWV3Fj3L0ikrJZ/mLCf5AbA3Nw8r3znezvaZ3ZufsvXf/UrX+TlX3lpL81qGsFg4MCjwz9uqJEO6gYRvfsFwzDq6o0LXSW+d+NuD6qaB4fbRImKomi4bon1E/DYQy9TmLtGemaSthHPD8OMxAi0tJO89tf4u89gxPoIjzxP+tbf4m9pxdhhKd9WiPYPoagqmTvv4ZYLBM6vLz/bfazpIXYPkR79/9l70+DKssO+73fuft/+HnaggW40gF5nhsMZbkOKsiyaUkiKlhfJTuIl5bjKlSpXKuVKJR9SSlW+uJKqfFLifLGsJTIVifKYkkyOKFILaZEccsjhrN3T0wt24GF5wNuXu598uMBrAI1GA2hgpofEv+pVzzTu9h763XvO//wXaK+QyA0eulLdaZXxWjXIXkJa70/DyXuBM4LjDB8YPJCnEUVxvWuriee0ugRHo1bH9X1C3yPyXUKvTRCEREJD13U0w0TRTQxNx7ASkOlBt3NYdgLNtEkmk6iajkSwJTo4sQGFoijkslmymSyu61Kt1alUKlTKVSIk6VSadCqNputbpIbE9+OHoucHhH4YkwQiNI12CAAAIABJREFUJgucLQJE09W4sWRLAmno2g6Fi8CyzZgE8QSa5pNMJhkZOcfm5gZLS8u0Wm36+/vQtHggoAgFiBAH+LKPg0iCsk8ehxNARwNDBfUYz8cwDFlYWCCZTB7bmjI9PU0Yhqe+MnvaqFarzM3NIaXkypUrJyKn35m30TCHcYwH8zZq7/4FlZt/hpnKkJ2YQLce3wrzyOsqrVJbXkDVLHo/8g9Jnf/oqZ/zDKcEodD/yX/O+g9+l9rSW8goIt0fk2hWtkDPxGUqM3coz90l2dtPdmQMIRT8Wp3I89FyWZQjTmTsTD+aYdGqrNJe/hOs3k+hZw7OaxkbG+u2rLz55ptMTk6SP+XV9cHBwS7JsbKyQqfTob//cJavbYLiuDkerhvL5beznR55PgleKLd8icfAKVWwr66us7q6/tjH2Vnhbb0HyrRthGHYfUWHsDr8tMJxHKrVKu12u0vMCSFIJpNkMpljE30Pg67rXYIj/nO/fxMCRbWIDmFl2m4WC93yrowgRbfJP/0FSj/6fZrrK6S2cjYyw6M4tQqVG19j4NP/3VZt7GvUV5bpnTzZ7KnM8ChCU6kv3aLpO6Q+8kXYZRM8ydaT/XCSBMpPABHjVhC125jJLFbqcBbGwOvQrqwi7QFkZvKUL3Av3ttWlTOC4wwfCGzXqW0rLILAx+20mZ+bZ3l+hsr63IH+xkgYuCKB9DtEfiz/6wABOh11nVCo6GaKTM8QY+cvkO/pQREqihYHd0bhdg7G40FGEVEktuwlGpl0BttO0Gq2qNcblEqbrKysIYSKadlxKJxQ6HTcrqojDGP5bxBEGIZKGIS0HR9dV+PceQm+5xMBbGWTuJ6Poets+0Nsy8AwNIaGhtnY2KC0sUGr3WJoaJBUMomqxMSOgkQch3E4AHEeR6zk2KmmqzlgH1PFsbCwgOu6x87NWFpaolwuc/78+VMNETxtnHbeRsO+gK/FA8Sd5Mbm61+hMfMyyZ4+cqOnG1YFELguteV5nHqVxMhTFJ75O2iJxwv3PcOTgf5P/FM2Xv0y9fkfIcOIzNA5AKx0lsLkFSozd2ltrOM2GmTPjWGls4SdDpHnYRTyKEecdOpWhky/Tau6Sqf0HUJ3A6vvZw7cp7e3l0QiwezsLDdv3uTChQucO3fu2O/5MEgkEjzzzDPMzc2xtLSE4zj09/c/8n7l+7F68WQIDujr62VpqYhlmVjWezPB7+/vZXOzjK7rJJOHv6ddvDjOvXuzVKo1dF1DPWL7SCQlnueRSae5fOV+vfB2O817HfZ5RnAcjHK5zMbGBoqi0NvbSzKZRFEUOp0O5XKZYrFIKpViaGjoxH53O61fnU4HyO67nVAtZOTv+7OdUI3YQPX2wgLPTu2eBCbHnqdVvEFt+W2sbAHNNFE0jfTwKNXFe9Tv/TWZyZ8ld+2zbL7+FerFBTLDY8d/c/sg3T+MompUF2dpfv8/kHz+iwhrr+nrpFpPThsfYMWJDFEqN1A1g8RhczdgK3fDQr5HuRsPw3tBcpwRHGf4AEB0CQ6A9dIa66tLbCwv0qw3aLZdHGmj44GM8IWFjoeMAjqRgqVIVOFj0sYLJQEqphoSYNFQMyAkISZRIGmUV5nu1Elmc6QKA/QUerAtG6EoiBOQhsYkRTw48YIAz/OJwghNN0mlFRTNpF5v0Kg3qayus7K0hlA1evNZLMvEdUNG+lNoqoplqFtBbZJs1iQMJY4X4AcRUQiO69F0fKQUdJounu4jFIGmqXGuR6CjaQGZTBbLtqlsbjI3t0BPT4H+vj5UVUGV8n42xwkNCOIqQUEkH1RrVBzQE6AdYRy6sbHB5uYm58+fJ5vdf3BxEBqNBnNzc/T09BzL2vKkYDtvo6+vj0uXLp1o3oanJWlYD+ZtyDCg9KMv0V6+QXpguDsZPU20NkvUlxcAKDz7d8lMfOrUz3mG9xa9H/mHKJpBffp7yCgiOxIP0s1kmp7JK2xO3yH0HDanb5PuGyQzMoYMQ9zSBvoxLCuKqpPuGd1qWblF6Kxj9f/sgZaVRCLBtWvXmJubY25urmtZOU05PMCFCxdIp9NMT0+zsLBAf38/udzDyT3Pi4OvH4fg2M5ksm2Lz/zNT3N+LP6eP3396laWxn27yUlgu108kpBOp/nFz/48l6ZiZd7TT12Lf77POaWMbTJBJAkjyc/97Ce5uoOYeBwU8jlUVSUIAnzfp91un8hx94Prumiadur/ln6SsE1u9Pf3Mz4+/kDmzMWLF1leXmZ2dpZisXishrX9sNOi5nkevzCp8/XbzgM2FdXsI2jNPvJ4qqaj6SZZd23fnxee/iLOyi1qxQV6xuN/28mePpxalerbf0pi6CnSFz9J0CpTu/NtFN04catosqcfVdPYnL1H8/svknj+l1Azeyerp0Uc7PzGf0DJiROAUr4BfpNk33nEIasQW9UVAq+D7Hke1A/uQt5hcUZwnOGJhZQSocT1p6qq0mm3qZQ3WFlZpLSyTGW9SBgKQqEDarx9vCchKnHviCTYuh9qwkOiE6JiyhBfMYiEGgd5CiAMcAKXdqdDrdUh5ziErkMu30Mmm0NVlK18jGMO46QkirasJjIi8EPCIMRxPcIootPx8FwfRejYdgpDN/Ecl1xaJ2FqaJrkI1eHSSYsVFUhmzIJI4mpa4RRiKaqBGGEH0YgJY4bslZu4DgBnhdSrndoOSGtloOn+YiOgm2amLYRJ8sPDFGvVSiVNuh0HIaGBkjYNiKKUBAnquQIt0awQtBtfYF4cOqEgtQhCQ7HcVhYWCCfzx87Z2J6ehrTNBkbO9mVjvcKp5230dbytOx4MLhz0Ba0ypR++CXc8gK5cxdI9p5uS0oU+FSXFuhUN7EHLpF/5pcxMgOnes4zvH8oPPt3EZpB7fa3kFHUDc3T7QR9l65SXZzDbdRolFZxm3UyI2OYqQx+rU7oxmoOccQV+/stK6u0lv4Iu+9n0DNXH7q9EILx8XESiQSLi4s0m02mpqZOPaC4p6eHbDb7QADp3nBtuN/u8DgEx3bAaBRFPPfhZ3juw88QbhEMXijxA0ko5SNbVg4DSfx8CEKJH0r8CJ57/lmeez6uqNw+ZxDGJMZOR0sQSbwwzgBp6xG6ajAw/GjS1VQffeHb7/9+w9nJol6v02636XQ6+L7fVaxalkUulztUTe9PKzqdDhsbGwwODjI5+XDZ/cjICJqmcffuXcrl8onVwBuG0SUSYxXHg1Mr1RrCa9wlDFxU7eDfpWokyPrr+xIlWrJA9qnPU3nrP9Eul7qBzNmRUdbffZvKja/R9/F/Sv7pXyJw6tQWXkOGIenBkyF0tmFlC/ROXqEye4/WKy+SeO6LaD17s8s+CAqJD8I17oZozEN7mUS2H808XAWh16riNiuQmUQmnoxx02kHjp4RHGd4YrHdjhKHbIZsbpR47ZWXcZoVAj8etPkigURg0kaIeNBh0sYlgVRUEkqbdqDiR4KUEqGqOgoCKWMLh4wiOqGKpQRoakiEwJcGnhMSFJepbZTpHRzm8tWn0E0TfauKNQhCkNGRVA1RJPGDAKlFeK6H5wVEUUSr5eC6AUEY4jkeQRCSSRrYqQRD/QP05lKYukJvPoVtabhegKFrGHq8urOdRK+I+5YPP4jzO4b60gRBRLXZoVp3cPyAd2c2CKO4jq/Z6hBFEbqhIYFsLo9hWmxulLh7b4bhoUH6ensABUVER54wHASJ2Aodvf8xBlLgBLFN5TB8yuLiIhCvzhwHMzMz3UnJB3G17PTzNoZwjHhlZudAy9mYY+NHXyJyGvSMT2FlTzeDoFPZpLa0QBj65J/6PNnLP3+q5zvDk4H8U19AqAbVd76BjCLy5+PvuWqY9Excpr66RGO1SOB6bNx7l/TAEJmhUSLHwV1bR8/nUI9oOTOsDPpgglZlhU7pu4Tu5iMtKwMDA91cjrfeeouJiQmGhg4vGz4O4haPKxSLxW61dX9//66MgSAIqFQqDyU/DoNms4lpmvi+3w24rrjbSwng+ZKaE9JyI/zw8Sf+UoLjSxpuhNEOcAPJziio7XPWnZCWFxHsOKcfShpOiCoEfhihPSzpdAuDiTgoxD1chioQf6aHDV09DOr1OtVqFcdxsCyLnp4e0uk0nufheR4bGxs0Gg1yudyp1xN/UFGpVDAM41DjgIGBASqVCuVymVwud+zvxU7out4lOGJC8cGcD9WOVRSB234kwaFbCbRWhRSbwIPERHbqZ3FW36G+PIeVyaNoGpppkRk+R23pLeyhV0mNfYS+j/7XKKpBffYHRGHYVcKdFMxU5r5t8Acvknj+C+iDOzPQTjqTY+/xHhcfvFYV4dUQ1ZsYdhorfbj7QRi4tKorYPURZY9n4z4diFO1qqi/9mu/9r+dypHPcIbHgJQSVdO6QaL33nmTmds3aNXKuKFCKFUUAhQZEckIJxQoxIOjdqiiItEJUESEikQoKqGwUYjQpE8kNJoigS9VTDVCVSRSqPhYKEQoMkARkkCqOF5Ao7IOQsEwTXRNI5IPemDDEKYXJXfn9vfHjgxIJkdDwsDH8wLCMFZTtNsejuPheT6aEEyN5hnsTTI2mGNytIeR/gzZtI1laqiqgqHHf25juwp2J9eiKgJNVVAVga4ppBMmpq5SyNiMDGSRUYihqwRBSLPlxCtTQdzgYhgGhUKeKAzZLJfx/TiUVFXUOHAVTsT+ICFWhii7eSIvBEOVGI9gOFZWViiVSkxOTh4o0X4YNjY2mJ2dZXBw8NCBfU8S1tbWmJubI5FIcP369WPZc/aiVCrxzjvv4IZQs8fw9Phz3UlutItvUXr5txBIChcvYaZPcbU6iqguzVFfWcIojDHwwn9D8tyzp3e+MzxxsPomELpBY/4N/HYLK5VGbJGRZiqDkUzhNepEUYjXauLWa+iJJKqqEbY7IEA94uq3EApGIosQ4NTn8et30ewBhPbw1TLTNOnp6cF1XYrFIq7r0tNz+kFq6XSafD5Po9Fgc3MTKWU3e6dcLtPpdLh8+fKxa2JnZmYwDAPbtrsKhvlaTEA0nIi6G1J3QppexCEyFA+FSEIYQRBC249oeVF8PjeiuXXO2j7nlMQkRxBJOn5Ey5Pd/Xa+xpIutuLvCu486utx0Wg0WF1dpVarYVkW4+PjTE1NUSgUSKVSZLNZCoVCV2Wwvh4HpJ5ErtJPEqSU3fa0w4b9mqbJ6uoqQogT+zy3lVIAz1/s4eu3HaZ6768hC9XCb9wFfAz74GemUDSc5iYd0ry+Udh1nG0YmUHqMy8jg6C7wGAk03iNOu2Vu6TGP46i6iSGriEjn8bCDSLPPfHFCFXXsXN5vGYdZ/4GSiKDmt07nhJ7/nxcnPTx9h73yYVSehVVRKR6Rg+94NjcXEJGgqj3I/AeVsIeFqP5DkvVh38PZRTiNzYI3Sab5Sp3bt861D34TMFxhicOQgiULWtKs9lgaW6axdl7lDdKREIj2nETimTUlcWGW7VyAolKiAKEGCgiQCfCRxJFIYKIQDUJZdw0oqgqQgb3fcRRhIIEEX+xnHaLtXYdttKtB4aHUbe6z6Po8CqOOM0+Igp9giCg03Zpdzxc1yMMIvJpk6sXe8llbDJJg2w6gamfnKognTTjNPGExDJUag2X9UqDueUazU6AE3lxPkYYIRSb/v5+7IbN+sY6nU6bkeFhspkMiiq6nuzHRQT7Bo7WXYGlPjyLo9FosLy8zMDAAAMDR5fb+b7P9PQ0qVTq1MMBTwPvR94GQH36O5Tf+BOMRIrChUnUU6zIdOpVaksLBJ5D7srfInd9by3dGX5akJ36OVTNYuO1F1l/9yb58xcwM/FA3UpnMS9fp7w4h1MrE7oepds3yAydIz0wTFBrID0fPZfrEiOHhZXuQ9Vt2pUizaU/xur9FEb22kO31zSNiYkJVlZWWF5eptVqMTU1RTJ5OBnxcZFOp3n22WeZmZmhWCziOA49PT1d9cZxJ3HbdgkhRHeF+nsrBsevSDkcpIS2F9H2js6YRBKabkTThf2u81NDHltv5X1Bq9XqEk+JRIJLly4dSLAnEgkuXryIEILl5WV0XT91C9QHCdshuEepTk6n0/T19bG5uUkul3ts9ebeoNFms8n+NpUBgvbcI4+nqBqabnHJ2KRY238bI3+O3NXPUr3151jZXJe4yJ4bY/32Tapvf42e534ViJVwipGg8vZLhH5AYXzyRNW4saLuCuW5e7Tf+CaR72JdfG7PVk86efCkXx+I8g3w6yT6RrttO49Cu7ZG4LaRPc+Cdjyb4gcVZwqOMzxx0LS4zjWKIkorS/z4+9+m3aoTCR1XJNDw0XERQCfUCKUgpYeEwkIKDVvxUIXc2j6JIiSqCNBEgBsKHKkjNSuuTVVVPGnFbSFEKIR4kSCQCpoiUeIpOL6w6TQqyNCjt38QVddRFCXOit5iWB6l4Bjsjbgw5BEGHu22R6vt4LoeURBxfjjLpz48Ri5tx6+MjX7CFa3d2lghsAydbMoik7RQVUEUgZQRrZYLCkShJAgjEskEqWQK13WpVCpEMiKVSKEo4kRCRx+m4lAFmBro+3wEUkqmp6dRVZVr164dS2J69+7drjXluCub7wdc1+XevXtUq1XOnz/fHfg+DsIw5M6dO6yurtLRCzTsMaRQHyA3Kjdeonrzz7CzBXonLqFop8eP15YXqC3Po6X66Pv4PyF14WOndq4zfDBg5M+RGLqGU1mgsTKHlBFWOlYtCUUhkS8gFAWnXkHVLJx6Ga/ZiBVGkSTotFF0/cj/blXNwEjkCEMPr36PoLGEkb104P0vnU6TTCbZ3NykWCximuaJ11Puh3w+TyKRoFQqUa1WAbh06dKuIMSjoFgsUq/XGRwc7N5nF5sPnwwKAYYqsA0F2xBYevwyNYGuCrK2Ss5WydoaGUslY6mkTAVTFyAFwQlWxJqaIGerFJIaOVvjo0OSi3nRDe/czhU5SaiqGlfRb41hNE3rvrbtJqVSCU3TuHDhwpHIr22VTrVa3aVUUBSle7695zwJ+8WTDt/3u/9Gj9KAZlkWKysrJ6LiEEIQRVG3sch1XTbC1IPKi8jDb81iJDIoysH3oSBwCDoVFsLr3NsM9lVxWH2TtIs3cMprpHr7QQhU3UDKiObSu5iFc+ipOKPD6hlHtbM05l/DbTawM0cnfA+CUBQShV4Cx8FZvAUyQuvda4l50mten1ybimgtIup3sTO9mMnDZcd4nRrt6hoyfRGZHudJfn8HqTiOq+A4IzjO8ERBVVVUVSWKImbv3WHm7h2a9TK+NIlQ0PHxw4hQClRFoiLRFFCFfMCuIoRCKAx6+3vpGxwiU+hFBj5OIOiosfxYyBBVRPiBJJACRYBCTAKEwkQQkxwKIQpxrkW77WxV5NmwY5D0KIJjoCdguMfBdRycjrtFbkienuznEx8aJWEZpBImCVt/6KR1tVTjlden+ea3b/LSn7/Jl//kFX77y9/lSy9+j2/81du8/KN7vHVrkYViGUUopFMWmvbgQ0xs8ROmoWGbGralkbQ1Wm2fZtsjlBFEoKhxDko+n0MIhWqlQqvZxDItdF07mWaVLXuNsuNQoQTtIZWxi4uLVKtVLl++fKyBSbFYZHl5mbGxsWNZW94v1Go17t27h+d5XL58+UQ8/s1mk3feeYdarUbTHKJtxmqYveTGxqu/T2P6ZVJ9g+THxk+sUWcv3Gad8swdnHqVzNSn6X/hn6Ed8mF+hp98qHaG9PgnCN0mzaVbeM0GRjLdJS3MZBozlcFt1IjCABlENNaLaKaBbiZiywrHsKwoCmYiixAKXmcdZ+MtNKsPxXj4SrplWRQKBRzHoVgsEgTBoSX0j4NEIkFfXx+O45BOpx/rPjE9PU06nSadTiOE4JV1E0UR+740RWDrCllbI5/QyNoqaTN+JU2VpKGST6jkbY1sQr1PcBgK5haT7UeSINpqMz/mC8DQBFlLpS+lc7lXYSClPDDx3578n1Tl6nYoqGEYu4gGIQRBEHTDWoeHh5mcnDwW4WUYBqurqyiKgm3b3Zyy/ciN7fe5TeScRjDqkwApJdVqlWw2e6TP1DAMHMdhY2PjRLI4dF3vNuuEYchUr/bA+EQoBl7tJppuoRmPWk2XuK0KV0cvMF2z9iU4ALRkD43ZV5BSdglfK53FqVVwSnOkd7SMmflzGLkhGrOv4tSqWLk8yglnj9m5AlEQ0Fm6g/Q66AM7a+NPOpPjNPDkXZPwGygbP0a3kiTze4Nc90cYeLQ2l5BGPlZvxEfiSW6hGc239yU5ziwqZ/jAQ4i4DtYPfOr1GqvLi2ysreAGAgQIIVFwEag79lGIv6T3BykCEKpGIpGiJz/I0MgAuVw8EDXMBEGpjleXMSNBBFtVczGVIVCUECElAXEQpwKoSkgkFRzXpbS6TCqTxrAS2JYVh5XCIwcQUSRxPY/Q83B9nzCM+MSHznH1Qh8J20AI0PZRbdybXeMvvnOTV348zcJymUbTwXF9fD/E22pikRJUTUHTVAxdRdc1bEunrzfNtUsjfPZvXONjz06QSj44sM+mbVRVxTZ1TF3jtXfXaHsBSLYGr/EgKZ/Pk0ol2SitMzc3R39/H739j1+rGkmJIsUublkIaHuQ1MDY8fwtl8usr68zOjp6rMlCs9lkZmaGQqHwgcrdWFtbY3FxkVQqdWKS91KpxJ07dwhQadjn8bX0A8RG5LUp/fDf01m7S2b4HOn+wz1cj4NacZHm+gp6qpeBT/1X2IMPtwKc4acbPR/+e5iFUcqvfYWNOzfJjV7AysVEmJlK03/5GtXFeTqVTVQrQ2V+lk6lSv78OEG9QeT5GPnjWFZ60AyLZrlIe/XrKNp5Uud/4aHbG4bB1NQUS0tLFIvFrmXlKCvNx4Fpmly7dq27onwcrK2tYVkWfX19GIbBrbJG3yNuO4qAfEIlY6uY2v3Bs5QQRDHxYKjKLuthEEHHD4kiSRBpaEqIIo439I6AIJRYukLGUrlYULokw67ttlbbY9to0B17HAfbz/1tgkPX9a7lQUrZVXUkEoljK2m2kcvlKBQKuwIyd6pFdr6H7XNvqwuix2mAe4JhGAaapnXtWEfByMgI6+vrVCqVxw5wVRSFdDpNvV4HYHNzkx9uJHc9UxU9g6Kl8d0WZvLg8YtmxBO9sLMKZPdtVAGwBy6RmfgU9envYWdzGMnYqpMZHGFz9i6d1Xd2PUsTw0/T/zP/gtLLv0Xp9k36Ll0/catp7tx5FFWlMfcm0nNIPP/5PVvsnWg/SXjyVA6iciO2l+cOT1a3q6ux5T7/1N6jbf35pH7+J4czBccZnhiIrTrYVrvJ/MIspeICjXqNVqChiwBD8RGApkg0Ja6E9YRNKDRUAnxhIYWOrbjYdoq+oRGeefbDjJ4bpa+3n3yugJXppY1Nq1GD0COSAg8bTUQoIm5lUQhRRYi6x64SCINIKhA6CE1F0QzS6UxMr2zV2h2k4OjJegzlmwSBhy4EP/PhUSZHe0kmjG4g6E5sVpr8zpe/w6//uz/nL79zi7sza5Q26jSaDh1nO6g0ItpanQnDCN8PcVyfdtulVu+wvl7j7swa333lDu9OF+nrzdBbSD9ApBi6iqIITFOjJ2Mxv1Qj2EpvE0g0XUPKeOCc7ykQhSHlchnH6ZCw7cf2sIqtB56ya5ApsTTQ1Pinnudx7949UqkUly9fPtZ5bt26BcDU1NQHRr47Pz/PysoKfX19XL9+/bEHydvHnJmZwdNS1O3zhKr9wODJq61Q+v5v4WwukB+7SKr3dKrFvHaLytw9OtUy6fFP0P/Jf4aeGTyVc53hJwdGbgR75Cnc6jKN4gwyDLEyW5YVoWDn8ghNpVNeR9UTBE6LVmkVLZlAUzSCdhuhaShHtKgpmoGZzEEY4rtrOKtvo6cvohzQjJDJZLAsi/X19S5x8F6ERT7qvrxcXOW1199ibn4R0zRIb62Ae57H5uYmvb29pNPpWA2gaqQt9cBXyozJjaylYWmxXSW2rGjoW/+tEPKDH/yIhYVF2u02g309SGKiQ1MgYcTHSFlHfyUNFV0VPN0b0ZMQ6FtW0nvTs7z62lvMzMyTSadJpZLd2legSxBsK0iP8tpWSuz8uzCMePf2Pd69fY/FxWVGzg1jntAk0jAM1tbWUFWVVCrVVWuA4M7daW6+c5ticZWeQh7DMLrBsD+pBAfEhNXm5iaFQuFIz0fDMGI7ycYG2Wz2RFQcvu93V5fH0iHfLeq71BeRt0HolLDSBwcQC6HgdxpIGXH1wpWH2lQArL4pmrM/IHA6JPLxcSMZ0d4skTz3NHp697NbTxawB6/Smn+V5voKyb7+E83kADDTGRRVpV2cIayuYAxNgrLzfnQSJMJJkxE7dWBPCNFRuYXorJAsDKOZh3tmtGvreO0qsvA00noYcbdNMj0B77ELsa9V5cyicoYPNLbJDSkjyqU17t18g0bTiVd9CNBFRCQF7VAlFBYIDYUAL4RQRhhKiCKjrQn4IOOXrnDh4iTZfL47yJGAGwoixSSdzSFUHd8PCL0OyHgFyZegyBCBwBcmmpD3yY8oJjI0ERH4PqoQ5Hv7UBQVRQg8P+LufMi9+f0HET1Zl75Mg4yl8uGrgwz1p0knLXRViTMtduCr33ydf/3rX+Ub37rJ0nKZVtslPEZEvZTg+yGNpsP80ibffvldSpsNpi4OkE7tntAauoqmqSQsnXTKYG6pGrfFbK1uaZq69XvSyOaymKZBpVyhVq+hqurjrUpunUNw3/0gESgIklvzj9nZWdrtNteuXTvWJH92dpaNjQ3Gx8c/EEn0rusyPT1NpVJhbGyMiYmJx87biKKI27dvs7q6imP0ULdG983b6KzdofTybxM6DXomprCzp2MTaawVqcxPI1SLnud/lezln0coH7y63jO8P1DNFOkLHyMKHBqLN3EbdYxkGnXLsmIkUliZHF6zSuh7aMkCrdUloijATKaJOs7WcY7esqLbaRSh4Qdlu+VHAAAgAElEQVQ13NIbBK0mRn78ofvYtk0ul6PValEsFpFSvq8WOQn88Z+8xB/90Uu8+dYNNE3lqetXgbi61LIsstksmqYRCY2UqR7qZagKhib46te+wVdf+jPeeOMGqqYyMjwEAhbmFvnN3/4S3335FVZWVrl6ZYpEKkUowdCUbk7Ho8iU/V5DaYVeO37+xs8sjSAI+YM//Arf+OZf8faNWxQKeaYmx7sT/m2FxX4Wj8O+YlIjxPd9dF1ncbHIl37vD/n2f/4et969w9UrU/T2PjihbbXbNBtNGs0WqqpsERUHw7IsgiCg1WqRz+e711Da2OTf/95/4Ft/9R1u3nyX8+dHGR4e7BIcYRj+xBIclmVRrVYJguDISgzbtllZWUFKeSLKSFVV6XRiK5zneVTI7iImZOjiNWcx7MwjgyKDwMVvlzHzzx5IcHiVRerT3yUzOIxux2ObdnkDt1mn8PQXUfQHx2aqlSYx8gzN2VdwqmWSff2c9GTXSKbQDINWcQ6/tIDefwGh77zXnoRV5TQn6O/v5F+0iyi1d7HSPVipwzVy+W6DdmUVmTyPzE4e9kzHv8hTwF6S48yicoYPLER3Aq2xubHB5vo6jcomXqjFig01REqVQCqILTOJRBBiIojQtpLSs9ks2d4BegZGGR4ZIZff7asMI3AiDSuRxLQTCKGi6gbVzRKNWg3HcVGkjyK2Wc1YGbH91VeItmwsGp7j0KzVqJYrZDJZDGvrpn3A+CEMI5KmxtWJHH2FJEnLwNTVXXEGrhvwb3/vW7z4n15lYWkTPzi5tPpOx2Npuczvf+UHzMyv8z/9y89zZWJoF7liaDFZMz6co3Xd57V3VnAcD0VVuiSHDEN8H9KpDMmJJGurq6yurOA4Dv19fcfydEopIRJIdfet1gnBCaBeXqdarTIxMXGsQUi5XGZ5eZnBwcEPRO5GrVZjbm6OMAy5cuXKY8tnIbbn3L17l1arRdMcomPED8y95EZz/lU2Xv0DdMsmf+kqunXyydu+06G2NI/brJMc/TCFD/0dVPN0mybO8JOLwjN/G7MwxuaPX6R0+22y5y6Q7Intc0YiSd/lp6guztHaXMdI99NaX8PZLFOYugRA5HnouTzKPnlFB8FM59ENi1ZlFT+4R/mNWdKTv4z+kMGobdtcuXKFhYUFFhcXabVaTE5OHluVJaWkUq1Rrzfiz6GQI3OENomV1XXcrUqR9fUNgG5WRDKZRNM0Zmbm6TgOj5Y0x3bGy5enQMLq6hpvvHGje13Pffh+vXOr3SaKIorF1a09YyuiqivYuoKCjNvRjjDu3qmA3Js5USyudu061Vocvrrd1rY99jju6r2UEt/3abfbCCG6DScLi8v4ftyY5jjuvvv+wZe/ws2bt+l0Oly6NMn/8N//i0Ndx8jICKurq3ieh7mDnFtcWML1PFzP6+ZB/DRAURTy+TylUonh4eEjNaokEgkGBwdZXV0lv7Ug9jgwDINEItH9/K+aq3z99mD3Oavasc0g8Nqo+sHEqmElcZtl/MYdPnf50kNtKu2V+HtmZu6PbZxqBat3HDXx8PGOnu6j7xP/iLWXf4fK/Cz5sYsnPtdNFPpQNI3y7D2aL79I8iO/hJrdtjbvVuwe7+SnlSnxPk/6gzaifBPNTJLIHk49G4UB7fIKwsgSFa4fYo+T+PxPBy+Mb/L92cerWT8jOM7wRGB7ZXp9bZ2V4ipSRujc7xX3hIkUgoTSRhAQYuCKBIbaQSOusRsYG+f85FUG+vv3XemOZBxeuU2oDAwOkM5m2cj3sXD3Fr6/hi23VRISA5eOVJBSwVZCDEUSAr6w0KVDp9NhYX6B8YsX44eiFMgDBoECyCR1sqm4KSWzR0FRqbX49d/4Jl/95ptsbDQITyj8bC/qjQ5//f07VGst/ud/+Xme/9BFjK06WiFA1xQEOlfHe2i0PKYXK7iujyoU/ISJFoQYQiC1+GE+Pj5OqVRirbRGu9ViYHDwWCREhETI3ebrQEranQ4LCwv09vYeKzAvCAKmp6dJJpMfiErY9ytvA6B+568ov/2nmOkshQsTh64iOwqcepXK3D2EotP7/D84a0g5w4kgee5ZzPwY5ddfpLp4B7/dIjd6ofvz3OgF9ESS2tIcim6jWmlK794kOzZGMj9A5K1jFPKoR1SiKaZNqv88TqVEh01qt/5f9NxzZKd+7qH7jI2NkUgkmJub44033mBqaurImUJz84v81bf+mrdv3KJcjiftvb0Fnrp+hb/x6U9x8eL5Ix1vG0EQdFWPvh/w1Ze+wY2bt+h0nAP3Mwydn/30C1y+NInk6OGdQghURaAK+N3f+0PWdpAvh8EzT1/j8//FZx9QQz7qnNuBo//5r1+mXKnguoc/Zy6X5UNPX6e3t0AqlSKRSByJKPE8n5XVNYAjvVfTNBkYGCAIgm72RnQMhedPEvL5PNVqleXlZa5cuXKkfbcJo0qlciLZXKlUCsdxiKKoW6+8jaPkcOhWGs2w8Gq30NOXHrpdp3gTK5PrPq8D18HrtMhP7Z7keo11wtYmfqtM0NokaFcIW2VU1aBd2UA1dDJDo8d81w+HlcnTO3mF8sw9Wj/YIjl69p7nyZlc38f7N+lXKjdQREgyf3i7bru6QhgGRL17czcOgyfv839hfIPvzx5/ce+M4DjD+45tewpAu7ZBrbKJI210PGQU0IkUdMVHFxIhJE6oEiEx1DaGrpMr9HNu7AL9Q+fIZrP7khtSQiuQD9TQaZpONptldHySRCpDaa2I7zmEQUQgDHQlQMgQAYTocZOLdOI6Wd+jUq0y7HoIoaCoCtEBNXeqIhjqy9BfSJLdQ25sVhr87//XS/zZX71NvdE58DgnAdf1eePGIr/2f3yF//V//GVeeH4S07h/OxCKwNA1rk/2Ums4bNYdQiOk3XZQla22GU1FAKqi0N/fTzqTYrlYZHFxkZ5Cgb4jDhTktj5H7rCpSMGd+WUShsHExMSx3uv09DSu6x57//cS8/PzlEol+vr6TiwnZH5+nsXFRTwtRcMcIVL0fcmN8pt/TP3ed0nke8mfv/jY590Prc11qotzmLkRej72jzHSjx9Se4YzbENLFuj/mX9B9ebXqb77l/itJrmxcfRETBIme/owkkmqC3N4jXWs3gvUFubolMvkL0zARoSeSaNlHt6Osh+EomD3DKA2LDqs4zs32fjhPTKXv4CR3Z+U7e3tJZFIMDs7y82bN7lw4cKhCdhvffu7vPiVr1IuV3b9fbG4ysrKGm+9dZNf+ZW/w6de+OiR3oeUspsnAbEls1avEwQhD1NwbFsnO51wi2gRWy1dxxsw+0HAnTv3mJ1dAOiqLB6lIFEUhZ//uU+TTB7PfnjznXd5+fs/IooidF17aPBoFMlupkU+lyWXyzE0NHAsFc5OEugwkuud+2y3tcQtLSHFldWt31OMn0wzysOxreLY2NigXq93lTSHgW3bDA0NsbKyciIqDkVRSKVS3cDRCbHA12+PdZ+7mj1I2J491LHMZJ5WZYWws8znLo88oOLwq8t4jfVdZG6nFt8XEkPxRLf6zjdozv2QoFPbdY2qbqKaFnYhj2paaIZB6HknHjoKYCTT9F66SnnmLs3v/0fs576AMTy1Z6ujEgp7FQg/GVBqt8HZwC4Mox6Q7bQTTmMDr9OIQ0WN7GOc/UlqWRG8ML7J9+4er2L9jOA4w/sKKWW3xqzVatFu1fGdJgizKzEVCKSMYnXE1vdNU1VSSZtCbz99QyOcOz9OMpl8+INJQBDGKo775wZFVbFMi3xPH5puoCgqteomzWaL0A+RkdzzFZdEURhPwMMQt92k027hui6P+jqlkgbjI2l6crtX5F034N/85l/yzW/foFZv817ZZH0/5N7MOv/nv/lT/vX/8is8c3W0u/qlKgJNVdBUhUvn87zx7jqu46MqKm1Vif3CYUSoCMIoQgiBbdtcmpxkuVhkY3OTTqfDwODgLgntQZBSIiNgR/r+2toa7XaHa9cnjjXoWFlZoVQqMTo6+kTnbniex+zsLI1Gg7GxMcbG9vbHHx1RFHHnzh02Njbo6AWaVtyAspfckFFI6Ye/R3v5LdIDQ6eyggNQX12isVokOXyN3o/9Y4R68oOoM5wBIHf9c5iFMTZe+4+s37lJ9tz5bkiubiXou3SN2vICzdIcZn4EGQas3XiTwuRkTGZ7Hnou162fPSyMdBbNsOhU1vGsJuU3fxt74BNkL//8vtsnEgmuXbvG/Pw8c3NzNJtNpqamDgwHfevtd/ijP36pS24IIejtKaCqKmvrJaSUrK6V+N3f/X0URfDCxz+y73HCh9gfNU3rPns1TePDzz7DxfEH1SBBGOJ0HN54421qWxaZRMI+8TGxEIJEwn4k2dvbUzjw+f8o7Awd9f0AfStYey+CIOh+PpVqrXuNp41ms8U3/+JbzM4t4jj7q2k6D/n7nxbk8/muHfUoBAfEKo6VlZUTU3EkEglc190aG8KH0mW+frvA5y5bqPYIXuMuvttGf0RwpJnM06mV8OrvYtsjD/y8VYztKXbmvhrErVUxC2P4jTVK3/8dvPoqyUIvmf4JVNNE080jhyufBDTTomfiMuW5e7R//DUI/hbG2NN7tnqyrBLv9fWI9irUpzFTecwD7EU74btN2rV1SJxDph537Pjktax8dKzCt5ePvt8ZwXGG9xXbElHXdVkvleh0HBQRYtLuBhonlYBWoOFHgpQSYakhViJFfmCMqStXGBwafGQ4VxiBv2c8t7Pa1TRNjN4+cvkCS4tLrC4vIitF2lJ0LSoqPjISdEIVUwkwVIkhPDqtBs1mE91KbR1v/5uhbWoPKDeklPzG//dtvvbnb1KtvXfkxjbCKOKd20V+/d9+g1/7V7/MxIX7D3ZDV0nZBumkxYWRDLfnK4RRSBRGhGGEjCKQahxiJgTaVpDr8PAwqVSKpeVlZmdnGRwYIHdo+bXoKjjqjQabm5sM9A2Syx/di9dqtZieniafzx+5Pu69RL1eZ3Z29n3J24i8Nmsv/ybu5vyuSeBJo7Y4R3NznfT4J+h57ldO5RxnOMNO2EPXGf7MGJuv/wdqS+8QtFtkz13otgVkR8Ziy8riHEKoJIauUr53C6e/l8zQGJHno+dzaPbRMmgU0yTRfw69WkYd0WmXX2f1r29ReOqLGIUHB59CCC5cuIBt291cjqmpqX0naJubFV78yn+itLEJwOBgP7/8tz/Phz/0FKqm8sorP+ZrL32T1bV16o0mL730TVLJJOfH7itDtp951Vp93+vfXnCoOJCx4HOf++xWy9Xe7aDVbDI/v9glOC5NTexS4D2wzzEmCp984aN84fO/8EhlhqHr2HYcwPkAjvhcvXJ5ir//979IYp/f/czMHH/44p/QaDSPdtDHRBhFfPe7r3QtLWd4EEIICoUCGxsb1Go1stnDr2RblsXw8DDFYpFcLncibWXJZLJLcDSbTSAO69aTF3AVHbdVeSTBAWCmcnTqM5iFj/C5y7srY9vFG5ipTJewCD0Xt9XA0DOsv/zb6JZNz/glrOzxssdOutBVNYzYrjJ3j/abf0HkOViT20qzJy0T4r29HhG6iNo7aIZ96EpYGYW0K6sII01YOI415aFXc4LHenyMZDvM1h693U6cERxneF+xLT/1XI+N9RKO4xBGgk6kYClxbagvLHQ1QMoIjyQ6HolkgonJcXK5w1V7+RE4wZ7btOQBQkFVVfKFPIHbolFdxRARkRD4WGj4qCImWBA6vgQNH9d3aHVaJNWDB8LmVhXrTvz1K7f52jffYL1UP3VbysPgByHfeeUef/KNH/NPf/Vn6C3cD+hK2gbppIdpaiRtjbYXYOghruvH3mVNQ9lScEipdAe22WyWRCJBcWWF1bU1Wu02g4ODj6wtjKREkYIwCllbXSWRSDA6eg4/kuiKeOjAeT9MT0+j6/qJqCFOC9t5G8lkkkuXLp1o3kYoNOoH5G2EXov17/0mbnmBnvEprOzRMgAOgygMqMzN4DSq5K//Itkrnz3xc5zhDA+DaqXpf+G/pXb7L6nc+Dpeq0VubBwjGUteE/kejESK6tIc7ZVbJIavEzRKlN69Qf7iBEQRMp1CP8JECbYsfoUeFMNESA0vWaf0w98gOfpJctc/t+8+AwMDJJNJZmdneeutt5iYmHggc+gHP/wxd+/OAJBMJvgn/+gf8tyH76+Afubnf5ZEIsFv/taXaLXbTM/M8X//P7+BZT2oogvDsJvdsRNSSooNcIMAP5TEuau7b7yWJkgYCmvrJVbX1rvXMzU1sRUBvnv7xaUit269C8Bbb988+MPbg1wuy+joOZCPrjkNgmCXwuK4yGbTXLk0hRD3rSPbQaTaVjXsew1FETz99FV0Q6fVau27zeZmZd+//2lCoVDoZnEcheCAWMVRLBYpl8sMDj5+VblhGCSTye7va2fgqJa+jFe7QZTtR1EPVlOYyTyd+gZe7RZW7ye6f+/VVvBqK2TP3VdYbdtTvMoy6cEDFJlS4rsuoecS+i6h4+B7blfmrCdsMkPniOTJK5SEotBz8RKV+Rnat74LvoN19dN7tzrqUU/q8t6n4wOVGxA4JPof3sa1F63KCmHgEfU9B+Jkq35PpuXm5JA09iGvD8AZwXGG9xXbq0V+EFCvN/C9OOlcIAgkCBQQEpUQIST+VrOJaRj09vVh2YcL9QqlRIjdhMbeIdD2TTyZTNBOpfYM0u43qmzbapSt47mOi+M62ImDQ75MU99FcHQcjy//8Q+5O7N+aoGih4XjePz+H/2QTzw/ST6XRN3xmeYzCfIph4TZoNVx8cMA1VcxTZ3A91EUHVVRkJFE7vBe67rO+bExkokEy8Ui7VaLoaEhUgcknMut1+rKCr7vMz4+TijBDenWxR4Gc3Nz1Ot1JiaOZ215L7CwsMD6+vqJ5m0sLCywsLCApyZpWCNEirE/ueE2Wf/ev8OtLNFz8RJW5uSbZXynQ2VuGt9p0/v8r5K68PETP8cZznAYZC9/BiM3Svn1FyndfYfs8Cip/pg80EyT3onL1FcWaRRvYhbGsLJX2bj1Jpnz50gy0FVzHNWyoqVSJAwdvWyhTyaoF1+n+Be3yD/zRez+vf7zOJzw6tWrzM/PMz09jed5nD8fT17CMOSNN9/ubvvJFz66i9zYxsc/9hw/fu0NvvfyDwFoNJpbq8dwGPlx2/FxfcF6K6DpRqhbtyVNEeiqwNQUDDVu23rlhz/uNoSMjp5jYKB/3/aTt99+h5mZOQBc1+s2mhwGmqYikIRbdacPw/ZYYvv5/DiTsrj6Vemuvu+sQE+l3p+2p3QqxX/5D/7evjYU1/W4ffsuv/O7f9C95p9mbDeqVKvVI7WmmabJyMgIy8vL5PP5Q9trD0IymaTdbiOl7AaOfv22wy+OX8Wr3cBtVbAzB1tiFFXHTGbxG7eh5yN87rLF1287fFLGZKG9sz2lVsVKZ0kPj2LYu9UhzdIqnWqZ0PMI/d3hp6pqoCbzCFUj8h2ctRUUTSfV9/hEz8OQP38RRdNo3nuVyHNJfOhv7dniSVBxvDdQavegs0YyP4RmHE416DTLeJ06MnsVrMIpXNWTpqiBrO2R1EMOc5s7IzjO8L4iiiJUNbY5dDyPIApRFdm1pUSRJKW0uyv329YVoaiYlv1QRcCuFRwBbrDbkiLl9v8/uK+m6WiajgA8GVsmbMVFCAgigRNp2MLvVtm12y5WyyOX2w5c2/+a9o63vvrnb/D62/N43tFYydPC2lqN//i1HzM20sO5ofs3S01VGBnIUG11qNQ9fDfE1COiSOJ5PrqhA4JISkQkEOruN9rb20simWSlWGRpa+BwkGWkWqlSq9UZHhkmkUh0f1eRhMME5FcqFZaWlhgYGDhyM8F7Ac/zugTMe523ARA6jZjcqC7Tc/EyVuZxAqn2h9usU5mdBkVj4FP/HHvw6omf4wxnOArsgUsMfuZfUX7tRWpLb+JttaxsNw9khkZjNcfiHF5lkfT4C7TX3sWp3yU7Oobr17DyvRj20b4vqmGi9A8gKga5EZ1OrUTpe79B6uInKTzzyw88GDRNY2JigpWVFWq1Gpubm7HsfrPM0lIRiMnjT76wf/uQoii88ImP8vL3f9R93g0ODGBaRkxEbz3zgiBgubjSDQndhpABulOj3dToGEmEiO+7pqaQs1UytsDWFVZXVvnBD17t7nf92mUUVSWMHnwCSilpNvdXHTwKhxVjbBMb22OCbZIjih5OikRRrArZT5EhhNhFbLwXkDIOMH3YuMa2LWx7n3t6GBKGIYaunREcxARHpVJheXn5yLXw2yqOarV6ItZWRVFIp9O7Aken5RiKkUNPjuO2Fh9JcAAYiTxuq4ZXu4WRi4nNdvEmRjKFasRETOT72PkCyZ7dx/PaTerLi7itBmbvOHZPAS1ZQEv1oCd70RIFVHu3JW7lW79ObXmBRK6na3/ZT531uMiOjKGoCvWFt8F3SHzkl/ZscZSJ9WlPwk/n+MLZgPodzGT2kc062/DdNu3qKthDyMzhFR/Hx/tPbuxE0ghoeQdTGGcExxneV3Qf5FGAdJoQBkRS7dpSFOkjACeMtzPVEDdUcSLlQGPg3ZtvslpcBGDq+odQc6NICQszd9ksrSGB0fFLZAsHP1gMIR+wqNhqSBSBJ+I8TBl6yMCNg1APORorrlX4ykuvsrpWO5acdnAgy4eujfL0tXNcuzRCwjaYX9rk5u1lXn97nrvTazju4VfJILaH/OlfvMnf/NQVegtpLPO+8iFh6eRSNj05i9VKG8/X8P0Aw9CQYUSohqjbS337PAQStt0dtK+XSnTabQYGBrD3BH/6nsfq6irZbIaBHUFfXgAcYjElDEOmp6e3rC2nE5b5ONiZt3H58mX6+h6/RWS/vI39iA2AsFNn/eV/h1tdoWfiMlb65MkNp15lc+YOZmaAno/9I4zs8Imf4wxnOA5U3abv4/8EozBG5a2vxlWyYxcwU/H3wMrm6U8kqSzO0Zj9Pqmx5xGKRm32DvZQniBysTMOduZoEx+hCMyeAmrTQEXFuJamNvc6xdXb5J75QrftYCeGhobI5/PdSe+9e7NUt0Itewp5hgYffg0jI0NkMmlqWzkbn/nM3+CTn/jorhyLhcUlfvdLX+5aXmA70DOBUa+TbEzjJIaRiV4sXSVrKeQTGllLRSHk69/4SzY2ywD09/fysY8+RxjtDvLeRl9fD5em4har1dV1ZucWDl0j6wcBEBMXj7I47ofGPsSKlJJOp4Pv++j6/8/eewVJlt1nfr9zbd70pnyWa9/T3TMYy4Eh7IAkZjgEAcLRrShuxFKMlWIlKjakfdmIfdCDniRKYoSW0gJLGe4uKRDLpQFAEgM7M/Azg7Htqru8y6r05mZec/RwM7Oq2lVmddV0D5C/iJ6azszKezvNued85///Pv1Qdur75XbX/f3mA5KgarRWq5PJBIuhTuvMgB3S6TSbm5sUCoW+NjoMwyCbzbK8vEwymTyUz0Y4HMa27W4FR8dw9BenH6BWu06zVtg/MtYMo5sR7O2XQSb5aDbEyutLJLI78xyhqnvEDSl9yqvLVHPraGasr1j20Z//L1j8q39JeX2lm9By2OJGh9jYJELTKC1fwf9uECMr9BD3YwXBYaeMCN9BKbyOqoeIpHqdK0kapTXQwshD9d3Y/7h7XVnu7fuxn8gxEDgG3FM6Hhy+5+LaVVquiyN32lIUAR5GkKACeGhI9p8YbWxucn3uKpriMzF9jPb8lVJhm43VBSSCoZGJ2wocEoEvVBTFAylpSgUhQVNAEUrQ8iKDR7qOjec0+zII/cYLF7m+sIVzGyf726GpCh976gL/6DPv49j0MGHLxGrvzD1yYYZf+tAFqjWbv33uVf7vP3uB1fViXwJKpWrz1W+8xkPnppjO7hh7SgkhQ8M0NUwtEDcgqFhxPQ/FD6pwFBE4w3Z2025kfHycaDTKysoKC4uLDA0N7THVXF9fR1HVm+ISe63gmJubw7ZtHnjg/qsY2NzcZHFx8Wj8NlApW7M4WvT24ka9yOaLn6dVXmfoxGnMIxA3mtUK29cuYySyjH7g91CMe1POPWDAnUic+iBmaob8y/8fW1cvERvLEh8LEgoU3SBz/DSVjVXKiz/GTIyReey3MDOz2Fvfo1F6DafZIJIa7znCr4MWjaIYOkpBRz1pUc2tsPninxA79m6SDz6Lqu/97kYika4R92Zuq3v70HBmb6vEDc6eqWSCTCbVFThUVSWV2vt9n56avOUYpGkaExMT2LZNpVJCVVTM8DDxsEY8pBLSBP/pr/+O51/4Xvscw/zqrzxNNpulbLvoquDGGo4zp0/yO//Zr4OEH/zoZf7fP/1zGo2bWy1CquTGLpTLl67yn/7qyzeJ4bs5dfIY0UiEWr3O1blrNNvivu95rG9ssLp2szGnYRiYptmNWn27sG0b13Vveu2rlSqXLs8xNjqMqqo0Wy1su0mj0aBarVEuVyhXquRyOUrlKlbI5B//579FKGQG538/rP3uI5LJZDdRpd9Kzk4VR6FQOBQvDgjaz/L5QBDsGI6qVhYtNEKzVuxp596MpnCay2y/9AVapXZyUXJnniZ2tbnaxW1KK8u4TpP4icD7R9F7N0xW9BDRmcepL71EIjuD2D35OmznUSA6NIaq6uQX5qi++BeEH38WNbJ7zLpfqjgOF6XwOtKtYw3P0ut51wqruK0mcvjnkMrb3YJ9o8hxb7mTyDEQOAbcMzolpB2Bo9Uo02hJfEm3LcXDoCnCGGoDgaQpLAy1gaX4dxwLWlLFlipRAZ5UcPzOMYP/CAQ3BsDuRgqNlrBQ8JDSw/Na6KqPj4IjLDTFRpEeUoLnOLTsBo7j0quVxvdfmmO70J8L+/BQjH/y2x/kmY88RHY8ja7vnURqmkkkbDKUjvHbn3ovD52b5I/+zdf44SvzfbXB/ODl62wXansEDkURDKcjzC3lg0o9engAACAASURBVJ03odJqV3DQbfu5tahxI7FYjFOnT7O6ssLW1hZ2o8HIyAjlSoVavc7s9DS6ttfBvOlJHF+g3cGmYn19nc3NTSYnbz1xv5d0/DaGhoY4ffr0ofptOFqUsjlxW78NALdWIPfdz+NUNkgfP4MZ6y9CrxfcZpOtq29hxEaY+OgfHPrzDxhwmISGZhl/6r9l+6UvUln4IU69RmpqFkUPxp7Y6ARGOEJxcZ61b/4R6Xf9CvGTH0QNjdDMPU954zrh1FjPUX4dFMPEHBmBYpEE05jRBIUrP6Cx/haph54lMvnInscLfBShUq/Xu7cl4jFUAXZ+kfLCSzQ2rwIw9NAzRMbPYRgGsV1eRzseHDsErYW3OUdF4eTJk5RKJRqNBlbEJxRSURX46t9/nb/98j90vTfe+54n+MD730fD8ag2fWKhYGzbLawnEnEsK4JEMjM1edPxDBU0ceuFycLiEssrq3fcQPjwh97H7OwMGxsb/MPXvnVTm8aNnh+Korzt7Se+71OtVmk0Gre8Pi0sLvPH/+efoAgFX/pBWpnv47lB+4nrefie141lT8RjbG3nmcz2lrbws0iniiOfz5NO9+5RoOs62WyWpaUlksnkoXxWbmc4+tHxszRy38ZpVtDN2/uTARhWnLCWRJ80qembhDPD3fGqg9tsUlpdwi7lMdNTZM4/c0u/n16IzjxGdeGH1AtbRDJBtan0PYRyNNVCVipDRlMpXL9K/btfxHr8WbTkrSrV9qsgOKoKgxsrSu4OpXwdWV8jnBzrKU0HoFkr0KyVIH4aGbr7xL3+ELf5//uTgcAx4L4ipHi4aN20FEU6mNRpeUENh6HWUeX+i/UHH3yQ47MzqMInkh6n1K6bnT5+muGxLJ4PscTto0eFdDFkAx8PBIRUD18KPB90pYEiAiHGwQSayLYfRy/VEstreeaXtru7TL2gaQq//zsf4pPPPM5QKnZTGsuNJGIWTz5ykth/bfEv/oc/542Lqz1Xcmxulpib3+CRCzveEEKAoamMD0e5eD2PYQnclktLd4mEQ3QG+2DypSKUOwseqqIwNTVFJBpldWWF6/PzSCnJpNMkUzcvGPaTAxqNBnNzcySTyUPbcTkMjtpvo66lqFnBzvPtxY08uRc/j1PNBeJG9PDFDSkl+fmrqFqI8acG4saAdwZCURl6/HOY6Sm2X/4SmxffIDUzixkPdlPNWILhs+cpLs2T/8lf09xeIvPop7EmP0Ez9x1q+VXclk0k2eeYIwRmKoXb7m0fffBhSquL5L7/p9SWXsGzK3iNMuHREyROvI/w8CzuDaUNgRwgMaMxDGMWu7BFbf0yocwsim6haTuLEM+7+ZrZy/Q0kUh0hZLNzS3+6m++ygsv/qBban/m9Al+9ePP4EpBpelRb/mEjcN18m+1HODO10rbbrb9NnxqtXrP7S9vJ57n4fs+lmV12x52Xx+llGxubt3u17sIIQiZJoZp0Gg0jux8fxpIJpPdRJV+BA7YW8VxY5rRQbmV4ejX1mZ4fyhCs1rcV+AA0KJxpCtJZG+eS1Q3VymtriCEIHXhGRJnPnJX5xsaPomZGKeR3yVwoOA1bTTzaATCUCxJ+sTZHZHjsWfRR2ZueNT9UEFwlwv8Zh5Kb2FYcULR3j6bbqtBrbAG4TH8xMm7O/6hcH+0qtyOgcAx4J7SdTxXFFTNRPN9hOfjIHF8UBFoooVAJVjm9vZFGhkZgbaHQ9ODStXHk5BIZUikMvg+uL68465QYEBG22RNwfdBSA8F8KWC6weDrBAqmqa3Hdz3P7dXXl9kO1/pq6XlmY8+xFPvP89QOtZuA9kfQ1e5cCbLb3zySf7oC19nbf3mSMBb4Xo+L726wKeffWLP7XbLRfoeqaig3PS75++4Hrpp4PuS3W3AvVRzpFMpIpEIqysrtByHbDZLMG3fK5D4Mni/bvf+z83NoSjKfRUJexR+G7VajcuXL/fktwHgVLfa4sY2mROnj0TcAKhsrOI2agy9+7cR+0TeDRhwvxE7/l7M1DRbL3+RrWtXiI3uxCsqqkZ69iSV3Brl5VdoFZZIP/IpwhO/jL31fZqlV/EdGys5jqb337IiDB0nXyKVPU4okaKydA3FMDAtnVA8iWaaIATGrjQox3ERQqCFwoQSKby6g25ZNCo+nl1F0S3cXe2PtzLR7FUE8DyPF7/3I/72b/+OpV0mpw89dI5f/+yvEU8kKdkeVdvD33VRO6y2j7NnT/G+9z5566q89vEmJsYwDYPs+FgQK95OY5NAuVzhr//6q1RvE636dqEoCpZl7dloCIVCnDg+201GUYRAUVV0XcM0TcJhi1g0QiQSIRy2iMdiDA1lyGTSJJNxoje8Jm9nq807hVQqxcbGBtvb22Qyt9/UuhFN08hmsywuLpJMJrGs3ts7bsetDEev+VlsJjAaV3AdG02/s3CgRcI4xTI7i0uJ9CWl1SVqWxtEJh8ief4Z9Ojh7O5HZh4j/+rf4DTq6FYYRRFU8zlCyQyGFT4SqcGMRBk6dZb89SvUvv8lwg//IsbU+RsedavP+uFWWBwZ0kcpvIGqGURSvYtn9eI6Qg3hJc4d4cn1w42pXPfX+DMQOAbcMzqRblJKFFXDCMfxPBfp25jUqfkaLakQVXxCqoeHGrSo9Pjcwc9gcdwxPuvcvt/UzpPQ8FR06aIIBUeE0ZUGKsFXueWD50NIbSFUAynM9lxr/0H1yvUNqrXenc6nJzP8+ieeZGZyqGdxo4OmqXzi6cd5+bVFvvzca9TrvR33yvX1m24zDQ3D1PE8l+2tIro+SjRmtU3wfFQl8N7wfR9VKD2PdaZhcOzYMVqO0436C3551+4Wgf/GrSSOxcVFisUix48fxzB6+XQcPbv9Nk6dOkU0Gr3r58zlcly5cgVXKpStGRwtdmdxo5Ij9+Ln8RpFhk6exYjc/TnspuOo7jTqVNZXiEw/SiT78KEeY8CAtwsjNcnER/4b8q98ifLci7RqNZJTxwKBAYgNj2OGoxQX59l4/v8gdf5jJM5+FM0awd78DpXNa0TS4xhWfy0rqmGijg7TKhSwAOuBnV58LZ5E1TQEkNqVBlEoFAPvI0VDKDpCCZKshK4gVA3bblIo7AjakXAE224SCu0IMNv5wr5xrT/80ct8/ZvP88YbF7uPTcRjPPXUB3jm6V/AMC0qTY9S3aXe8tHUw5/gHjs2w4c/+L7u3zu+Xbfj+PG9u71b23lefPH791zg6Jxz5xoppeTXP/sJgG4rSr1hIwBVU9FUFUVR0HUdRVVQFRVVVVAU9aZENgg2YZ544hGuXL1OOBxmdGToQAbmP20kEoluslo/AgfsTVQ5DIEDAsPRZrOJbds0m02GnYss1UKcSEKzVkTbrxpMKGixCG4laDtrVspszV1CIIgdew+ZRz91KOfZITr9OPlX/4Z6fqtbNRKKJ8lfvUj6+CmMSOxGC6BDQTNDDJ08S35+jvorf4+bX7sPY2QPdnwl/zo4Fayh6Z7bfWrFddxWAzn0GGhvb3vd/ty792BgMjrgvsV13cDkS9FQQhGoV/CaTRq+giYkpiK7KSo+sucWld0pKlNnH0HEJ5AEKSpbm0GKyuSx06QytzYZVQVYqof0gp0ujxYqPkIouBjoiosmXUAiNKPdByl7mlDkC7W+PDGeev85Th0fQ9cO1veYiFn8wgfP88NX5lnoUeAoFOs33aapCkOJKJlUnOvLeZZWVhFCYkwEPZK7HbZlO4O3nx2l3TuUt3oVvVuoUsVikcXFRUZGRvouQT0qjtJvo6VFqJpZvDv4bQC0yhvkXvwCvl0idfzUoYsbsPN+l1YXUXWL9IO/cujHGDDg7Sb98K9hpKbIv/Qlti6/QXJqllAyGFuMSIzhM0HLSuGNr9IsLJF55NOEJz9Jc+s7VLdXCMVswon+W1aMdBrXrOIUSju3Sx+ki5QeExNjqIqC5/ts5rYoFMpkkiFQTCQa9cI2emIaLRRjbWWDra3t7tMsLC7xp//+izeNx53Y2VtRrdb4xrde4JVXXuveNjM9yad+7eM89uhDuK5L3W5Saym0PACBrojuQqdzrN3H7OgfnTQUXd9/Choyja7wfZAUldghiMu7uVvJoJOKI4TAMIw9XmSxWBT/VjE0BAtI35f4/s1zB9dz2drOc+H8Oc6eOY2qqSQTh28i/U6lU8WxtbW1x9R8P1RVJZvNsrCwcGhVHFJKHMehWq0ipWRkZIRsNotf9GkU3yAcH9530atFI7QqJSpbq9RW1vH0GJfP/Pd3nBMcFMWMEpl8mMbaG12Bw4jEUA2TrasXSR87RSgeiK+HXc2haDpDJ89SXlumsvga3vYS1sMfQ0t3qh7uVEHwdi26+0tVEdUFqC8TToxghHobm1qNEs1qHhk7gbTuPrr46Li/UlYGAseAe0pn4iIUFd2wUJTgIykQaMJH3ZWi0p4u9fS8u1NU0pMnibQr87spKkIhPZoldRtBXyDRhMRpm5Eq0kURO19eKXdW25quo3YnavufX7Fcp+X0np5yfGao7XNxcGanhomEe69uKFVu7u0VIojsE0JldHSIQqlMbmsbicvM9BSmHusKPOJw27CREly599X1fZ+5uTksy7ovWlMcx+H69etH5rfR0NNUQ0GM2J3FjfW2uFEmdeIMZvhwDVel73fd2qtbGzQrZYYe+wxqaP/+4QED3glEZ57ATE2z/fIX2Z6/SnR4rDu5F4pCauY4RjRCcekNWvkl0o/8GuGJZ1C2f4hdfAW3aRNJjd2UirIfWiRIWWkW8nitJm4lhycShNQYU5MTZDJpNnNblMsVVlbXGE6fRkqdeqkOioU1fBKh6iwtr1Kv74zh3/zWC/2/BtEIz3zso1y9eo10OsXjjz3Mz7/3ScbGgk0B3/fBbRJVVUIRA59gka63VQzLCjE5OdGt/AiunwHhsIXv+2Qne4tFPAyR+LC4myl7R9zwfT9IHVOUbpVGtVbjD//XP8ZzbxYwOvsmt9sv8P3geTteYKZh8OlPfZyRkbfbhPD+JJFIUCwWWV5e7kvggJ0qjnw+326hPRhSSvL5PMViEc/zGB4eJpvNdqs7XeU8jeIbNOsFQvu0lwhVQ4YFejJCpfE4D7z/01y+6vCVS/aRiBzRmceoLb9Co7CN1Z40W+kMzkqN7WuXSc2eIJzMBC1q4vDjZOPjkxiRGMXF61Rf+A8YE6eJPPI0sjsu3A+eHPsjWiVE4Q0MK0Yo1tvn0HWa1PKrYGaQyTNHfIaHwf2TsjIQOAbcUzo7F6qiEDIM6qqCqkgiSjuG9KYUlTAGN1cX3MjuFJUgtrRzvLao0uP5uUIHIQjRRATTB3Sa2L6C5yuYiodlmYTDobYEs/8zVyoNvD7iYcdGklihu/M1GBuJE+rjOUrlm19jKSWmoXcjW1PpNIoqqdWrXL06x/TMJKMjI0faB7y7IHBubo5Go8GZM/d+0Pc8j6tXr1Kv14/Eb6NijGGbQ/tOXlqlNTZf+Dx+q8bQyTPo1uGKG616DaMtmLjNJuWVJcIT54nOPnmoxxkw4F6jx0cZ++B/Sf7Vv6J85du06lWSU8fQQ8EubiQzih6OUVy8xuZ3/4TEmY+QuvAMamgYO/cdypvXCSfHMSN9pqzoJtbwGNXiKr7Twpc1vFaNZGKCEydm2cxtIaXkH577JufOnkYJJYhNPYyZGAWhUKvXee4b3955PkW5yauhQ7lSueO5XDh/ln/6+/+YmekpotEwrut1F+ahUAjTNNteHgLZHvcVIWg5Ld7z7p/jwQvncV2XVCoRmKRKiMWj/OZvfBrXcYnHY4yO3v1Y+U7C930cx8HzPDRNQ29XLraaDpubOUqlCt6NWbk90tlg0DSNaq0+aFHZRSqVYn19nVwu19f1WVEUstks8/Pz1Ot1wneIK74d+XyeQqGA53kMDQ0xOTl5U9uqZo1iRmdoVtf2FTgAjHCSVr2CmU7i3kIUO0yssQcwosPU8ltdgSOcGqK8sohmJSjMzyGn/K4R6VEQiicYPfcQ5Y0VqquXcdauok+ew5h5EC01xq2lx6NuYenP80MpvI5QNMLJ3n03GsV1EBoy/eABzu/t5u2toLlTewoMBI4B95jOZMkwDYZHh6kV1qiWVRwR2pOiokgXVwpc2UQT+1/8d6eoaIkxmkpQ7Tt9/DRDo1l8CZE7pKh00KSDJwUNqWCKIJ7NFTstKkKAphpomglSUqs3gTsbzbnejkFnL/Ro7XFH9utbvhHPu/mAvgzOPZO0uL5aQtdUIhGToXSSWq3C2uo6TqvF9NQUinq4Q4sQOz4qEHhcbGxskM1m98Qh3ivm5uao1WqcP3+eVGr/PPv96NdvA6BVXGHzxS+AUydz8vShixu17dyeCUyp3QKWuvDsoR5nwID7ifRDH8fMTLP9oy+Su/Q6yalZwunge2BYYUbOXKC4vEDp0tdpFZdIP9xuWcl9h1phGdc5WMpKNJWl1agjJaiagpAeP/fEY/zghy/jeR6vvPI6f/e1b/LMxz6CHgnGW8dx+PJXvsalS0FsrGHoPP2xj/LYozd748wvLPDlr3yN9fXNO57Kw++60P3/Wq3O8y9+n2Kx4+/Rm6i/sAiv/OS1m25XVLVtTr3j33TjxLjZbAUeT+rtqziklLiui91soQhBJNL/InQ3DdumWCqTiMf2XDc932d5Ze2unht2DF53G71aVogHzp5mfWOzG8Hb6/pM+kHbw2YuSGFxXZdWq7XrNR0Qj8e7iSr9bkDsTlTpVeCQUlIoFPYIG/vNV0Kpc5SWFmjVixj7xE8boRiaYZHwttA0jafPqHzlkn1kVRyR6UcpvPl3uO0EFUXTsFJDNKs1whPnKC69ie+7xIaPLrZYKAqJ8SliQ6NU1lepLb9Ba+l19PQ4+uR5jKlzcEQRtj2c3R3vVQpvIFslosO9z4/rpQ2cZg2Zfhip3d2Ydm+4tx4pA4FjwD0luABLDNNkeHiYjYXOwLw3RcVHxUdBlS0Usf8Fu5OiIiVUHYldDyZhiVSGeDKDJyV32iSRCFzZTklBIoWBj4PauVd6CAVcX8EMhbFCJi0H5q5vAndOqohGTFRNwWv1NvFYXs1Tt1sk9IP3f66sF2g0Wj0/Pha5+QKpKgJNVWg0XVRFoLSrbzRdZ2JinFqtSr6Qx7YbTE1Okkgebg+wKoKh0rZt5ubmSCQShxbfdjesra1RLpc5e/bsoYgbXb8NNULV2t9vA9rixgufR7oN0ifOYFiHezEsLS9gxnfez3p+C7uUJ/XQs+ixn60d2AE/e0SyD2Mmg5aVwuLltgHpbPf+5OQMRjhCcWmOtef+ZzKPfYrI5NMo2z+kWXwFr2UTTo3tm5BwI0Y4iiSK9G18r8Vjjz7Ie979OC+8+AN83+cvvvTXrK2t88TjjwLw/Avf5Uc/fqW7qH38sYf5+LMfQ9PUoFKybVwJMDU5wUsvv7avwLGbre08f/bn/5Fabf8qyl6YnsoyM5VlZGSIZrOJpmkoNyxQ1jc2+fbz3+22tXTSYZxWi0q1xvZ2nkKxRLVSwfN8zp8/y+c+84m7Oq+V5TX+w599qVtdsYNkazuP3bD7fs4bqyl2jNCDn+GwxWc//YkDCRKe71MsFvnD/+VfU6nuNVNttVqDdJU2qVSKtbU1Njc3gzlijwghyGazXL9+vacqjt0VG5lMhmw2Szy+f4KZGT+JZqZp1kr7ChwAZjSF21qF5hqEJ7u3H4XIEZl5nMKbf0c9v0V8PDhWOJ2hXtgiPPEQQjUpL70Mvk9s9OCtPL2g6AaJqVni2Wlq+RyN/Bb1V7+G/fq30KYewJg6167quD8QtWWoLhCKDfUUBQzQbJSwK9vI6DFkpLdWvvuPe5uyMhA4BtxzfN/HNA2Gh4cJhSwU4d2UouIIEykEYaXebhXpjc51/caKCbHPztOeFBVFQRU6ivQILEab+IAnFVzFIhxNEIlEaBbsIKVkHwE5EQ+ja2rPRqPzi1vU6jaJ2MEFjmsLuXZ1SW8kEzcfq5OW4rg+QtA1SguqKySJZJJoLMrWZo75hXmG6sNkJw5nYO64dEuCagnf9+8L341Go8HKygojIyN99/beiO/7XLlyhVwuR11LUbOCScK+4kZhmY0XPo/wmkcjbizNU93eRN/l5dGqVVH1MIlTHzrUYw0YcL+iRdKM/vzvUXzjKxQvPtdtWem0bIXTQ+jhKKWl6+S+/6eUr3wHoaiolg6pBuWN60TS45g9LFy6SB+huiiqi3TLaEaKT33yV8jltrh0eY5ms8k3vvl812Nj9yL6zOmTfOZTv4pmhCjVW/itKngO8Xgcy7IwjP7bHlVFZXgogyKUbopSv9jNZteXo1AMDFV930dVVUzTxHH2XhdfeulVXnrp1Z6fP5NJdytDD8rGZo6NzdyBf/9W3Kpd5EaRwzD0A7WVuJ6HuIXxlaIoR96+8E4iFot1E1X6EThgrxfH7QSOTsWG67p9CRu7sVIXqKx/G6dZQzfvXIVphpM0Spu0ym9hhSd5+kyIr1zqX3zrBS2cwho/R2NrritwmLEEumnRWH2N4ff8LopmUr7+PaTvd2O2jxKhKESHRokOjdKqV6lv56gvvkZr4VW09DjG1DmMyfNvY1XHLSoWnCpK4Q20UJRworfPnO86NArrYKaQqQcO/zTfdu6NwDoQOAbccyRBeammaUQSQ0STY9RKG4QUD0cq1FwNXXHQhUQIie2p2L7Sc9uGEEHE6I3m5DuRpDezO0VF4KPLBo4ncQFDBQ8NYVgkwzFMU6dStXnljUUcx0PsM5Ym4xa63vuA+53vXeJTzz7O+EjyQDsxrufz7e9eYmu72vPvJBI3X8CFEDQdh2bLCcqKhdKNrVXaQkfYsjh2bJbcdo7trS3qtRrZyUnCfbuP771QiHb1BlJimiZSShYWFpiZmcE079wSdJQsLS2haRrHjh27q+fZ7bdRNcdoGPv7bQA084tsvvB5hHTJnDyDFjqcKLsOxaV5atubKELBtXdMC7VQCG97E8+uDMxFB/xMkTz/NGZ6mu2X/oJcO2Ul0k7j0kMhhk49QHllkZZdCswk6z5uQcEaG6Iu1/FbNlY/LSu+jRQ1hGbg+zVGR5L8o9/6HH/xl3/Da6+9ieu6e65jpmlw/vwDfO7Tv0pmeJiy7VFoSEq2Sdit4zjbDA0NYYb63+Gdms7ye//kdw5cweF5Hi9+9wd85/nvBdWb7WgsVVVvG/Gt3ZAeJhBdc05JYHqsqCpWyGR0bIR3PXT+QOKGaRokkwlqtXq7pfPWjwui7QNRZnys90SDjsHorRBC4DgOf/Plv2dzc4tms/fNCAgqOOq1+k3VG53W1Gq1eiDviJ9GOlUcGxsbjI72l0iRzWa5du0atVqNyC5fm0KhQLFYxHEc0uk02WyWxAFTbKz0Beq579OsFfcVOADMSIpGeR6jlUc1dpLkjqKKIzrzKLm1N2lWy5jRQLjRrDBONWiNyjz6aYRmUr7yLXzX21PldqSIoNrNCEdJZGeo5XPY+S3qP3mOxmvfRu9WdbwdFb97U1XU4uvB3LiPMb9WXAvGmdSF/R/8juLtbVkZCBwD7jmCnR2M9PAIlXKJejnXXtQqCClR8VDYSVTpFQloyt5qDdFD23AnRaUlg+oBVfFwhIqPBrgIIQiZJuPjo4RCIa4vF3jz0gqel9r3SzU9OUTYMiiWepskLq3k+Y9f+THjo0kmRvszrAP4ytdf5YcvX6feR4vKdPbmyNWW2+mPFghVQdfVPRF30Jn8SUZHRohGIqxvbHDlyhXGx8cZ6aPv9cadQSkDkQoEJ0+eJB6PMzc3xxtvvMH09PRdV08chI2NDcrlMqdOnbpFKXPvbG1tcfnyZTxUSj36bQA0txfYfPHzKPikTpw+MnEjde4Xqa28imPv7Ax1jBadyuZA4BjwM4c1fp7xp4KWleLSG7SqVZLTs91d9Hj2DtVlVQ+7uYmZTiF6GTeki/Tr4GkITQNf4/ixcf7gn/0eP375NV555TU2NoI2k8nJLA9eOMeDFx5AM0wqTY9i3aXQ8CjbHnU1gY6D4zgYBxCGNVXl2Oz+lXO700I6YgQEC/lWq8XzL3x/jyizO/7VMHTe/eQTPPyum031FEXBMAyskIllWYSsEFYoRCRsEYvHiEWjPVWmdKI6O0KCZVl8+EPv58Mfev++v3sjoyO9X9dardZtxZdqrc6LL/6AfCHwN1FV9cCtJbqudV8Hy7LI5XLd1+5nnVgs1k1U6VfgmJiY6FZxRCKRPRUbqVSKycnJAwsbXYSKmTxHfftl/Pgwinbn98yMJGmUc7jly6hD795TxXHYIkdt6SeoutEVNwBa1QqhsZ0qg/RDv4KimRTf+nuk75OaOR78szQNeVTVRLvm80LcUNWxtbVT1TE8jXX+Q6ix/f33DgNRfAtp54lksqj7vI8dGpUcjl1Fph5E6j+Nc6vDa1eJGO4djUYHAseAe05nUez7PuMTE3hOg+Vrr+P6+p62lN2JKiHF7/7efjiehHZ82p7j+reXSmRbRmlJgZQCS/HaEbYC8NAUl3hEY3Iyi4/CdnGJ+aUtfH9/AeJd56ZIJsKsrhf3fSwEFRh/+eWXePLR46Tef6GvRJW1zSJ/9pffY3Flu6/S14fO3VxeKH2J7biUq018KfeIG0IRKGKXkakQRKJRjlkWGxsbrK2tUa/VmJycRNPuPOx0nmP33E4RgQdIZ0wcGRnpihzz8/NUq1Wmp6fftjjBZrPJ8vIymUym70nSbnb7bVRCWfwe/DYAmtvzQeWGkKSOn0Y/wG7snSguXqeWz5E690skHvgFWuV1Wrkr3ftVMzieU9kgNHziUI89YMA7ATUUY+Q9v0vp0nMUXv8KTr1GYnoWM7L/pFQ6DvbGJlo6uaf167b4TSRVhNCQ0kfgoaLx5GMXePcTj+C2KyE0TcPxJC1Pkq+7lBoexXogbtiuDKK+VQtXPdqSbSFEkORRrVKv19F1vZu6Ms4HPAAAIABJREFU0gsff/aXDuU8bnfNk1Ji2zbNZrNbPTI7M7VHrL/d73meh6qqe0SZXui0i/QqWpw8cSwQJA6wDjAMnVTbAysUCqGqKsVise+2jJ9WUqkUq6urrK+vMzbWn1dDNptlbm6Oa9eudYWNbDZLMtn/5tPtsNIPUt9+mWa9iBW/83umqDpmJIFTuYiZfhSUoxGxfKdBfeU1YiM7VRB2uYjntohO7zUxDk++i8b6m3iUackGlpXCyKRxGw2cfOFIzq/Lru+LEY5iTEdJTE5TL+SorK1R+/a/J/y+T6P1a/zc58FFfRVRuY4Vz2BYvYlejl2lUcpBeAoZPfoWn7efw6/euJPIMRA4BtwXdFzQFUUhHIszfvwMudU1SqUyNV8lpPioIkhUaXmS1Y0tXvz6VxA9LGhbUqVCCNffmZD4Enx5ezcP227RlDq64gSGouxNVMlkkiSGhtE0g/mlHJeurFGt2ChGDa+1DQSL8qGhKMm4hRCC8YyKosDp42OMjyS4MreB02NcbLFU53//k69jhQze98TpnkSO1Y0C/9u/+Rovvxa0zvRKLBrigVO39s5Yz1WwWy5+u9+nG7vbnkgKQFFF1zRDUVVGRkepVqs4jrOvuAGAvE1v9w23h0Ihzp8/z9LSEgsLC12Ro9+e14OwtLSEEOLArSm7/TYaWpqqNdHzTksjd42t734BISBz4jSaeUTixoWnSZx5CgA9NkJt+dXu+6oZJoqi4lR6NygcMOCnkcSZpzBT02y/9EW2rrxFfCyLHol2hV8hFBCdCgalfZtAaCpOvoBstTCSPZgT+za+W0AoTfBtUMP4TgNfCoTQULQI2zVoeRLbkdSaHiXbp2p72G7HuLIzfiocxWTzRqLRKK7rsrW1RTKZ7G38PyCd5JBms9mtzIjH46i3SCwQQmCaJqqq4vs+nuf1vAFQr9fxfb/vqsFORUav7SKnT5/gU598dk/VhWxvLPTCzkaBYHh4mGvXrtFoNLD6bhf96SMajWJZFsvLy30LHOPj46yurmKaJtls9lCMxW9ENRKEEqdoVq5hxYb37vbcAiMSGJO2yhcxkg8dSRVHbekVAELJnereRiGPooexxoNqK79Vo/jWP1C++jxmOklyehbDTGBkMiBAC4cRikJrK89dRwP2gVAUIplRzGiS7atv0XjpK0Tf91lEDy1AB8JtoBTeRDXDWPHeNsB8z6NeWANh4mfeCZGwh8HRtqwMBI4B9wWdagxVVYlEY0wdO4lTb9CoVXFbncW56H4d7EaNpYWrSKkiEajCxfUFPgqKoqJKN/D28AVS0alqCRQh8aTAlwpCUUH6SB9cGbRECAGq8PHazyMVDQUfRQEPFUX4qAKkMIinh0hmRlB1lYtzq1yb38TzWniNi7RqbyJ9n+F0mPOjM/xXv/0BZrKpXRMTjQfPTfLy64vkC7VbvyC34K1La/zL//FLfObjT/Cbn3wPYyO3VoWllDz3/Jt84d99m5dfW6Ra66+f99yZCYYzN4sEEmg2XSSgKkqQpKLs+HAAN7WrCCFYX1/H832yk5M3PectudXFXHLbid3U1BSJRIK5uTkuX77M+Pg42ezRuXhvbW1RLBY5fvw4oQNUThzUbwPAzs2x9eIXUFSF9PHTaIfsP1JcvEYtv0XqwjMkznyke7sWC3aRnKbdbU9RQyHcgcAxYAChkVOMP/UHbL/8JcpLL/X8e+HRIULjGbRWkXByDM240+JTBn4c0kX6NsJvIJQQeBKn2UB6DrY/zIYzhu1KbMej3pLtCsZ910hHRjKZxDRNbNs+9Ao73/dZX1+nVCrhum7geeL7RKPRrqByO92iI8x32kZ6FQ4cx2F7exshBJlMf6Xu4XC42y6yn9Cg6zrNAyagSIKKEb0tKCUSCSzLIp/PH+m18Z1EOp1mZWWFtbW1vtPYLly4cOTeX446je9foVkvYEZubhnejW5Y6KEoTlvguJHDEDlqy69ghMJdU2UpJY1inuixdwNQuvQc5beew/NaJGdmCKeGUUNhzLa40UENhTBHhmhub4N3hBHGncVCx6Ee0EyT1OxJclfepPbSV4i+59NHcmil8DpIh0iq9yqMWnEVz3OQo+89knO6PzmclJXbVXEMBI4B9xVSSsJWhGMzJ8ivb1DY3kbIEsigRaXVblHRCFzYW8JEIlDwaPoqrjDQhIlJHek51DwNVQkhUZD4tDwFT+ioGKg08aWH7amoqoEmfBSa7bYUsJRmkBaCiiPC6LKBrgksI8RoZphMKoPvSeymR26rDAKkT9cR05dBe8m1pS0mxhIYu8zSnnr/eb769df7Ejgc12N5Nc8X/t13+P6Pr/HEo7M89MA0589kMXSNxdVt3rqyyo9euc6Pf7LA8mrhJkf6XvjoB84zMrS3zFpKyBWqNGyXet0hEg9jhozAwFVtt6goewcnIQTb29tUKhUm+zAaFYHNxx40VaDfYW4cj8d55JFHmJubY21trVvNcdi7VY7jsLS0RDKZZOIACTH5fJ6LFy/iSoVyH34bAPbmVXIvfgFxROJGYeEa9cIWqQd/mcTpD++5z4gGAodrN7oCh25atCqHmzQwYMA7FUUPMfxzv0n6wV/GrReRvof0XaR0wffafw9uw3fxPQ+kh3QruHKb8uZ1IqlxzMg+O8LSDXw5ZAvp1xBCRTcFzcoWVu0qSTfDVfddNHxrj7F2LwUKHW+Kw/ZqsCzr0MfiQqHAwsICtm2TSARJZqZpYhgGmqZhGAaKouDdYRG12yukVxRFwXEc5ufnDyRwqKrak9DwxhtvsbGxeaCqFyEEqVSCj3z4AwxlgsXxyMgIb775Zk8xpz8LRCIRwuEwy8vLfQscRylu5PN5VlZWKJVKzMRjaLXivgIHgBlNUt1axqleQ48eP9REFae6jZ3bSU8BsIvbSOmjR1KsPvc/0SquYiUzJCYmUQ0TxQoF4sYtUAwDc3gYp1DAb/buDdcXnTmkEPhOC0UPxjQjEiU9c4L8whz1l79K+JGPHephldJlsHOE0xOoWm+fE7uSx2lUkPEzSOPwWp3eOfRgjLgPtxI5BgLHgPuKIOc+SFQ5duIUmgJv/uQHND0dicCUDVqej4uKqXp4noOPwFQlIcXDp4kiXVqeREqFiOoiZA3fV6jJEKqQQduJ8Gi6QZtKSPUQ2Eg/aD/RhB+4mhNCw0H6Ph4tDF0nmUqSnTlOItUeuAUkYmGQImifEIHXh0CQz9fY2KpRKNso7F2dnz+d5ed/7hRrG0VK5cYtXolbI2XQrvKDl6/x+sUVwtYPsSwdRQiaLRfbdqjWmzSbTreNpB8eOj/Fux87EfybOscESpUGxYpNqWqjGSq6rqIoAl3T0TQNTVFR27tg0g8cQeu1Grlcjkw6TSa9/wW6w602rFTR2w7kiRMn9hiQzszMMNyHuel+LC8v43negVtT5ufnaaFTDs/g9dEra29eYfOFL6DqGpkTp1GNoxI3niVx+kM33a9aQUWP29yZMGkhk3phBd9t7WuENmDAzwqqlUDtsee6g/Qa2LnnqRXm8VoNwsmJ/Tez2kJHBzMcAkJE81c4L5a5Kn+OPP1Hadu2TalUIpPJvG2eRv1y/fp1VlZWCIVCjI+P7xFPDhKz2u/vJJNJlpaWWFlZ6bsiIpPJsLm5SaPRIBa7vV/LpctzXLo819dz7yYSCXP2zOmuwJFOpzFN844xpz9rpFIpVlZWDvQ+Hja7hY1OhY8tspiti7TsMkbozq23RiiOqps45bfQo4Gx52G1qtSXg/YUK7kjWNQLeVQtRP61v0UzQqRnT2K121eU0O3FjQ6KpmEOD+OWSzjl3hP+DoKiG/iug6K1jXdTGeJOk/LyWyhWjNDZ9x3KcURjA8pXMaPpnuPA3WaDemkdT8QQiZ9lP7OOyHF4pYYDgWPAfUVnJ8V1XeLJFONTMxS2c2xuFajXaig0EexUQij47foNE1U47TqN9n1Coqs+vlRQfA8hJJoSGK0F8xmJIkBTJFIKPBl8tVRACIlL0DajKAJdCGKJJKnhcYZGxlBUFUTgCPH4w7N89es/YXl5a+cfIgBF4eKVDa6dy3F1Mcfp2eFulYNhaHzuE0/yvZfmKFdW+55gOY5HyalTKh8sru9WCCH47K8+wcljo3uqMUT7vlqjRbHaDNp7CFpRNF3t+nDseqJu6XDYspjstTVl97nc8Pd+Xp3h4eFuy8rCwgKVSoXp6em77v/O5/Nsb28zMzOzJyKuV+bn56nX61StHXGjlwlHY+MiuRf/BNXQyZw4g6ofrpiQn5+jUdxGNSK0tq+Rf62GmRxHj41hJMaQUpL7/v+DEAIjujMhV/VAZPFb9YHAMWDAXSBUC2vsF1ALL2Pnf4TTsomkx9H0/qoezHASVQ/RKKzxAN9iyb/Aov/IbR8/PJTummUmU0kkAl8xqFa3WVpa6iZWHSbB4i1ErVZndKw/8blSqXDt2jUqlQrJZLJn08zx8VFWVtcBSMTu/t9jWRbRaJTl5WUmJiZu2UYyNjrM8soapmnsSdlKp9Pouk6hUNgjcBi6zuzsNEIRtFpOt73kICiKwvDIMNEbrlO3izn9WSUSiRCJRO6pwFEoFFhZWaFYLKLrOqOjo+i6TrlcpiFHicp5mtXivgIHBJGx9eIqnr2BGgq8Hw5D5Kgvv4IZjXerRn3XwS4HJvmx0XHi4zutGHeq3LgVWjyB5/n4lSocoaAqNB3fc1HanjyxkQn8lkP1yg8Q4Rjm9M2tPX3hNVGKb6IYFpFeDUylT62wgu8JlJn3vo2uJPczB29XubGKYyBwDLjv8P0gIUXTNJLpYS48/j5e/9ELrNbzSAkhdccwM6R6eKg0hYVB4NLRvKGNxRUGQmiEFC9oORE6LRlCU1uouEgJjtBBCEI0204fEoMmCFA0HcsIMTExwcjYBJqmBWWtUqJpOqlElN/9jQ/wh3/8d5TLNZASSaCiuL7PqxfXODU7zEg6Qjq5M6k4eWyUp95/jtX1Yl+tKkfFk48f54mHjxMN770Aep6kUG7w5lwOx5NYIQ1FCRz7NU1FVZWu94aiBoPS+to6juMwOzvb1zkIcbO9qBBgatDPpc8wDB544AFWVla4fv06tVqNqampAzud+77P8vIy8Xicqan+3a1LpRLLy8s09DSOFkxqexI31t8i991/i2aGyBw/3S2zPCx8xyGcymBYFq1Gg1Z+Hmf1LToXGSEEenSYVmWTzLFTexIiGqUCWiiO1uNOxYABA+6MkXoE1RzC3nqB8sZ1wqkxQj2Up+9G00PERo5RK64xVX2dGNtc9d9DkwiyHXvut3++9z1PEo0G16THHnkYX0pcoVHXUlTsTV599VVOnDjRdwn/nTh16jjP/nKQkjI+NsrISG9mncvLy8zPz6NpGhMTE0Sj0ds+dveGgWkafPSpDzEzE1SzPPLw4Rj4pVKpbhXHjSL++MQoH/+Vp1ldW0MIwcz0zv1CCLLZLAsLCzSbTQzDQEpJJBLmt3/rs/h+74bg+5Gd2Pu+dWJOt7a2BgJHm1QqxfLyMsvLywfajDkonaja3cLG7ohZ27ZptVo05BiqPY/bauzj0dOOjC1t4pTf6gocwF21qzTzizRLaySnZru31QvbmNE48YmpricHgGpZGJn+xiu3WsWv1UFRkJ6LuIUp8GEgAKFq+L6HogSibmJyBtdp0vjJcyhmDH30YJW5AKLwOtJtEBnp/TnqhQ08t4XMPALiaJOt3hnsnv0frJpjt8gxEDgG3Jd0nM1VVSUej/PAQ4+RTA8xd/kSjl3DcT0cEUKnhSJ30lUkYKh1VOkGiSe+gq446KqPJEyTMFIKDNEE6eL5AttX0IWLIiRCSDyCdhiVFqpmkkylyc4cJ55IBpMRwPMlSB/f9xBCcPbkOP/8nz7NX371x7z11gr1ho0UkpbjsrFVZXmtxGa+RjwWRmuLALqm8lufeg+Xrq7zjRcu0mw69+z1Hh1O8Luf+3lOzIzsaQXxfUm+VGN+NY8QoOkqpqERCplomtoWJERX5AAO5LuxG8/z8KTX7QOXEkz1YCZ52Wy227Jy9epVxsbGDjSJWVpaotVqcfbs2f5PgqB6w1N0aqHeFwqN9TfZeOEL6FakLW70Hg/cC1JKFF0nlEhCYrdIIXFsG89u0GrUcGyb5NQxQokdb4DS8gJ2qUD64U8c6jkNGPCzjhqeIpz9BI3cd6gX5nFbNtHkeN8DYCQ5jmZYiMIaDytf5qr3JLac7cbItjzJyVMnOHlqpyza8YJY9RYGhfBJxuwrzM3NUa1WOXny5IEML28kHovxiY8/3fPjbdvm2rVr5PN54vE4IyMjPbXOdKLnfd/n3AOnOffA6e59ndsP0s7SoVPF0dn93/3ahC2Ln3/fk7f93cnJSVZXVykWi0QiETwvEDVGhnvb+e54h2ia1ndc7ezsLBcvXmRra6vvJJifNorFIoVCEFtarR5tm8TuY66srFAoFNA0jZGRkVtuvESjUfL5PHU5QZQFmvXivgKHEApmNIVduYKRfgJF2xEfOiJHv1UctW57yo5woRkmQyf3zoVE2MTooxUZwK1UcErlnec4InFjN4qigu8HyVYC0jMn2bx6mcpPvoF6PoSvhMjn60jXwWkKNMVFDwk00yIcjxAK6xghI5jztiudlfIcNDaCqrt93qMOrWoJu15AUbL4scMTkH96OHjLSkfkUB/7zD//V6eGBjrHgPsLIYI6CmQQr2ZFooTC0cAdXFXwJLQcDyFdQOL5QZuJIiS64iJRcFGREnTho0qfugjhCR1FgEoLKRQ8qeJLERiMKuCjIlFRdZ1IJEIyM0RmZILR8Sx6uzzP8/3ATVQIfCnbBpsKyUSYC2ezhMMmzZbD6HCceDSMFdJ55PwU2bE4pqFh6mp3MhQJh3jg9ASXr62xtlE6kG/G3ZKIW/x3/+yX+egHzhOxjD0TNSlhfavKaq5CteGAUIhELELtAV7TFHRNRdc0hBDUG3XW1tdJp1J9x68BKIpgaXGetdVVNF0nbFnoqiBm3tlk9E6YpsnY2Bie57G2tka5XCYSiewpG74TpVKJpaUlpqamGB3tLfJrN4uLi+RyOaqhSVwlmFjsN8Gor77O5ov/FiMcYejE4YsbbrOJetsSaIGq6WghCzOWCCo8du3SlNeXqW6ukzz7VDdGdsCAAYeHUDT06AmEUGmWr+HY1cC4T+1vHND0EIYVB7dG2r+KlIKKGEURAs+XND1Jw/G7f6q2R8n2iNhrRN1tEokEoVCIXC5HPp8nGo0eeXrEbjY3N7vGmKOjowwNDR1IZOkIGp0/nufhum43eeWgaJpGoVDobsT0y+bmJpFIBFVVu4KM53n7/vF9n0qlQqPR6LsSIxwOUy6XKRQKfZuk/rRQLBZZW1ujUqkQj8c5ceLEgSoz+6FUKnHt2jUWFhZwXZdMJsPExMRtk9g6n4mW46GIFoqTw4ykEPuIe0LVadYKCKGihfe23Vzddrs/e133bf/4zzEjEcLpthgmJVrohkW8pWFlemsX6+BW94obbysi8MtruDor1QQF/QTNSJZCSaFWaRDXytSbOimrRtlWEFKhaftUizZueYt6IU9us4XjuISUCmrxNcxIEive22vgO03K2wvIpkr89GexvQo3L+aPNkL1nUHw7/c8j3yuSK3aoFAscPGti11R+HY4noL6ud//F/+qnw/7gAFvJ74fXPQ1TSMciTAxOY0SMnE8h0ZhA4GH6wtqnoah+G3DUGgJCyk0LKWFKiSuVKj5BkIEFR0CcKWJL1SMdvWGRMVRwmg4RCyTockppo+dZHR0PLjYtCcfQHc3TUqJ9H2QIEXQ+zozleHxd81y7nSW2akhzpwYo2H7JOMhrJCOoWtoqtJ+GkEyEebUsTEuzq2xmSvj38WuUr9EIyH+4Pd/iY//4rtIxsM3TR7zpToLa3mW1is4LkRjFoahYZoGhhEYjOq61p4w+yyvLGOaJsdmZw80Ec1tbpLPb2MaBvl8nlarxVAyTsJUUO5yrE+lUkQiEba2tlhfX0dV1TuWOXeYm5vDNM0DVW9Uq1UuXbqEraeoG0G/+f7ixmtsfvf/wghHyBw/0zXGOiy2r12htDJPdWOFerGAU6vgNhtILxDtlDv0fldz65TXlomfeC+phz5+qOc1YMCAvajWGGpoFKe+gl3ZRFHUnncIOyiqhhlJIqWH1bqO6RfJe8PUXI1a06fS+WP7lG2fWHONZrNJJBIhFot1E1BKpRJra2sYhtHTuHk3eJ7H3Nwci4uLWJZFNpvtayHfiZ0HbikauK7b/Xk36LpOq9Uin8/f1ovjdsTjcVZXV2k2m0Sj0Z6EDc/zsG2b7e1tisUi9XqdaDTas1jfIZ1Os7y8TKvVuqPR6U8bhUKhK2wkEglOnjx5JGlru9ktbDiOw9DQ0E3GuLdD13Xq9Tq+NAgrayiaimbc2SBWUTU818atb2Ik37XnvlNDWl8iR2PjItVr3yU2nu2mp+2uJPNwIKwRzvRXgeCWy9jF4v/P3psGSZbd132/+/bcl9qz9q7unu6enn2AITAAiQFIgiBIgeIqkxRJE2Q4GAqHZYflDw4FPzgc/mA7HLaDYYdshSSLEmlSAkUSAAmAWAhwAA6AwezTS3VXde1LZuW+v9UfXmZW1l5ZXdUzpvJ0ZFRX1nv33XyZ7+a9553/OZj1ErXsDs1KCSFJvr9YO0avK971vFG3FZaLcVZLSVygaWvYrmAoXEbRwzhykmAojKQniEc0hBIgGoSAZlM2dRwbbMuFRoF02kMIhYHhQWT5FP31PKo769jNOqGpn6FEoeuPYt//+yQHgOO4PRMcmuz6BAf0xuj10cejQnt8a99lkSQJVdWIReOMpiZQtBCO4+E2qyCruChI2Eiei+u5NByBBMjCAyFjy0FcoSDh+KSG69F0/Tb1QIhwOMb45BQTU9MkB4YIGkGEJPmTpEPu9HSUJni4ttvptOe4SLKErEh+XbPtkC1UGR+OENBVZFnqGHlKQjCYDPPk9UlWN7JsbBePjbY7L4wMxfgn/+gn+MxPPEsiFj4Q85orVHmwluPeUo5KwyYQMggEdHRdRZZlNE1BkWVkyVekbKe3aDQazM7Oop1BcVCpVFhfXyWZSPj10kKQ3dmhUsiRDOsEAg+X4w7+3avh4WGazSZbW1vU63Wi0eiRkufV1VUKhQKPPfbYkXdajsP8/Dy1pk0pOI3XchE5bpzdJTfCLXLjfMfk7OI8jVKByOwHMYYfQ8gKZrVCPZ+mXshS3dmmltmiXsxj1WrYZgPP8wm8Wn6H4voKoYmnGXz+l861X3300cfhkNQoauQKG7k8anMd1zFRjXDPBLJqhJFVDam+RtS+x3bNYLMeoVB3Oo+h5gMsyyIaje5J2lBVlWg0imVZbG1tYZomyR7l6L2gVquxvr7eudN9ltSPdhlHW6nR/eg1GvY4KIpCoVBAkqQ9Hgqnxfb2NrquI8vyscRGpVJhe3ubjY0NqtUqAwMDzM7Onul7SZIkCoUClUrl77yKw/O8jmKjUqkQj8eZm5tjamrqTOfutCiVSiwuLvrJaabJ4ODgsYqNwyCErw6uNz00UUHYRYzIye+XkBSalSySHEQ29hr59kJybP/174Hnkpi+tOd5z3WxRAMpqBNO9mbO2iznqJW2qGbTFB8sY1bKWJUy1WwGSZbRguH2i8dq1HGajXNLjfOQWMpHyJsBslWFRLCJ60no0SiXZmcYHp9jcHiS0dQoIyMjDA0PMzA4yuDwMInBMWLJFINDA0SiESr1Kopbx3I1qmaAarlJ3RTEo8crbBqFHRqNApJ6iWZ8/3t5wIGu0/PD//4fB3yCo9gTwQHsEhzQJzn6eP/D8zxURSUYDBFLDCDLGpquEwkbaKEYih5EkSRkRUWSFVwkZOEiCxcFD1sNIxQDVVEwDINAMIgajJJIDpIcHCSeSDI8Okos4Ueq+bGnh5MbbQghfAWH5+G4Dm5rQoLn4TgezYYvZWuYFqVSg5nxRIsYkDoEjixJDCbDPPvkDKVynZX1LKb5cHeXjsNjl0f5b//xT/PJl54kHg0eIDdKlQZb2SqL63lKNQtJUTAMDV1X0TT/p6r6JqOSJMjncxSKBSbGx4mdQapr2zbLSw/QNI3paV8qGgoGiYZDuPUi6c01BJxpArkfsiwzODiIoihsbm6SzWYxDOPAxKNcLrO8vEwqlTqTyd76+jpbW1uU9TFs2Z+gH6feqK6/SeaVf40WCvtlKedKbnhkF+/RKBUYfO4XiF//JIHhK4QmnyF65aNErvwwobHHMZJTyMEEngdmuUg9n6GW26G6s02zXCQ89RxDH/yVc+xXH330cRK+NG+T9WbwkAnbS1j1Mopm9FyyIqsGaiCCZ9VIegtI2BS9FABzYgVZlhkYGOj4H3VDkiQikQj1ep18Pk+j0SCRSJyLL8d+aJrG4OAgtVqNnZ0dPM9730abPqyKY3t7G9M0jyxxqdfrZDIZdnZ2cByHiYkJrl+/TjKZ7Nl/oxuBQIDt7e3W9/mjKzt6VPA8r6PYaBMbly9fZnJy8kKJjXK5zIMHD3jw4AGmaXZKUc6qElFVFcuysB3Q2UJWNWT1+P7LiobdrGKbRbTo9QN/Pw3J0cwuU1p4mcEr1/ckt7m2hSk1UMPhnsmNeilNrZTGrrqgTBJM3USNjiDpYbxmhXohi6QoHZJDVlQkVaOyvYmq64iH+Lw3LJl3syN4QlCoeQxEdYQxzOyVG8xMzxAKRVBUA0VWkFr+HCB8VaskIUkSiqKg6zqhcJSxsTGM8BBms4JjWzQtgdmwWE/bDA/KB+bUAFa1QrW0iVWRiF/7+VZpSjeOGjtaqpYuRYdAIISEJPyfhz0kSUYS0oGHaKUgeu2WhPCfP2ofdoMEELvbS0L2z80R27eTJh8WZ1FwAIg/eSN/qB7+rHnJffRxWhw1ETjq+bbstH2hqaq6Z9vMzg7p7TSZ7TSm7ZedKJ6NY9X/hqv8AAAgAElEQVRxLBMHibo2gCV0bKGgB1RCwRCGESYSje8xxHS6ylFOa0TmOa07Ro6LaVk4tkuzaVGp1qlW6tQbJpZpMTcxwItPTxAMaChdSg7/WJDOFvnrb9/hX/+7b3Pr7gaWdX6u6ol4iM/8xDP87Kef5/qVMQLG3oms50G52iBfbrCZKXJ3KUfddNENjXA4QDCgYxgamq4iSxKKItNsNllbWyGZTJ65jnV5eZlyqcjc3Mye90GRYCQIW+srpNNpYrEYc3Nz5zbZrVarLCwsUCqVGB4eZmpqqvO327dv4zgOzz777KlM7bpRr9d57bXXaEgRSkG/zWPJjbU3yHz336CHIyRnr/oxxOeItnJj8PlfJDz9wVPv5zTKmMVNHLOCGhxAH5g+13710Ucfx2N/+kFMbHJZ/i4GZYLxUYzw2ZQU1cIWzUqOojeG6U4ha1Hi8fiRY53jOKTTacrlMqOjo1y+fPlMx+0VCwsLbG5uEolEGB0dvRBC5WHRaDRYWVlhampqz3fIabCxscHi4qJvyt31vdYmkiqVSic5JpVKPXTceTdee+01PM+7cP+JR4k2sZHP53Ecp0MwnMfNkeNgWRYLCwvs7OwgyzKJROLcCMA2gTYo/wBDc4kOz5y8T7VAJb9BaOyTyMHDP5PdY8v++cnW1/9XrEqakRtPdV6D5zo0pRpaKEookerpNdRL29RLWZo7Bapr253nZVlGVnVkXUfWDexmE0VViU3snWuU0xvIikow2Vu0NEChGeBBPoGQPGxHJjkYYGrqMULhIEIcMt7tEUwc9f75G9m2Q7lUZGlpnmrZRpFsNF3h+mWXoLG7r2tZlLeXaJaKRK78KlWtvq9tD4F0YlmOT3VIyJKCLKmth4zokCC7W8qSfEj/PVzXwfZsTLuK6znIkoYqaciShixJB/bxPA/Xc7BdC8e1/FJJSUMWyiHnz8PzXGzXxnab2E4T27VxvbOvY8ymxb1bS6S3siw+WOA/fO5PaZrNE/c7cqQ8a15yH32chDZBcRzBsf9vbXKjbcTleR6WZXWYVUmSiEYi6JrGyPAwQhL+wCn5tXye5yswyrbMTl348lThm1oKoSAktXUR+54abVKjF5d1IYHkSShC+H3FRnYlgkHdj+dD4LkeC2s5IiGVJ66MEDA0NNVnYf3XDiODMX7qx57mA0/P8qVvvM0f/ul3WVnZ8ZNbzgjDUPnxjz3OL/3MC9y4Mk4iHur4gLThuh6m7VBvWqSzZW4vZKlbDrqhoxsqhqGi6yqK6qtPZFnC81y201sEgsEzR6xtp9MUSyXGx0YJdJlXCeGnp8gSTE1NEYlEWFpa4vXXX2dubu5MJqb7EQqFePLJJ1laWmJtbY1KpcL09DTFYpFqtcr169d7JjfAT01xEVSNk/tYXXudzHf/LXo4wsClqwjp/MgNz3PJLs7TLJcYfP4fEJ5+vqf9ZSNCwPiPp0a7jz7eTzgs2rHojfGG/ZNclr/LYMGPjwzFx040H9yPUHwUVTMQ+S2QsnjB50A6nCyp1Wpsb29jWda5x8aehLm5OQKBAIuLi5imyejo6PtOcWAYBpFIpJOo0ouyIpVKsb6+Ti6XIxgMUqvVyOfzVKtVFEVhenqaVCr1UGqN4459//59KpXKhfuqXDQOIzbaKWqPAm2/DEVRmJ2dPVciTtM0/7NRH0Mx72E1K6j68e+XFoojlzKYpTsEjiA4uuNju9d8xbtfp5FfIzk910VueDSkCno4TijeK7mRwSwVcUsWsqOSnJ5D1nUUTT/SY8ysVVFUX8EBEBlO0SjmKa4tEU1NnXq8KzQNHhTiGGqTpmNwaXaU1NQJ5GxbLNFOOjjwXu7OxRVFJpFMEo48x/27dzErm7iOxdt3DZ6+AXrr5TXyGWy7gRJ9qkVudB9OIMSucuJkCGRJRZV1FElFCHkf0eArPSTRIj66Kl08PCThIlwJT7axXQtF0lBkHVlSdvfZ05pPcIjWXyRJ8QkOSWmRMt2nxcPFbX1uPFzP7VgGdJ+3R4E9JSr70S9Z6eO80SYvuomJ9qP9fPfP7u33o5v0cBwXSRLouk4wGCQYDGIYBnrnEUA3AqiagSdryKqGrumoioosK7itel2fmDiZ2Oj0q6uPHvixUR4d2ZaQJDwPFKVVjuL5EbNbmQqGoaApvnmprqt7hhRNVYjHgjx2eYyP/tBjTIwn/MjWfLUnRcfs9CA/+Ymn+M9/60f52U9/gGuXU0TDxgH5nNfqV71usrpd5Htvb9B0XIyWYiMY0NE031hUkiUUWUaRZba3tmg06szMzBwqaz4J5XKZ1bU1BhIJRkaG9hiJCgFxwyc5wJfUDgwMYJomGxsbNBqNY+849oJ4PE44HCabzfplJeUyIyMjZyJttra2WF9fp6KPYik+OXAUWVxdfY3M9/4APRxlYO6x8yU33Ba5USkx9MFfJjz13Lm13UcffVwsDiM32vCQyXrTOMhE7SWsRtm/C6r0NgbLqoEWjODYNdzaA8AGbS8p2/YvMAyD69evvyfRopFIhEgkws7ODoVCAVVV33ckh6qqZ/biEEKQTqepVqvkcjnAJ/WvXbt2bt9xhyEcDpPJZGg2m4+MCDhvdJeitL1Jrly5wvj4+CP/jAgh2NnZwTCMM82HjoMsy5RqEmFpA3D8dKQT4dIsb6CEZpCUw1Wv7VIV8EtXzNI2mVf+HwLxAaJjuyUolqijh2M9kxtWsYhbriOjoelB9HAENRBEVrUj5zseoKjagZIUxQhgROOd0vGTSKRC02Axn0SSQJZcLl29ychoyr8beRIO2GHsruId2z5wTcqyzGAygS0McoU6ju2RL3oMJQVOKU+9nsUqSYgrL0CX2kIgkCUFRVZbpIF6ioeCLKst1UX7ua4SlC6yRAhB5197vYJASALh+eUtspCRJRVFUn2Co2tdI1olMN0lMrKQUWRtd9v97bfWQ23lh+vZeLuMUc84a4nKsQQH9EmOPk7GwYvh+MdhxMb+h+s4ZHcylEtFmo06ofDeu8jdBEQ30dHuj+u6nbZdx6HZbGDbFooiU7MFlrOr0vA9M1xfYXEKYkNqPw7pu9SKnxLCVzh0LnZvN/bLbZEo61slDE34hqNCYOjqgWMZuspgMsK1yyleevEan/rEk1y+NMTwUJREPIShaziOiywLhgajXJoZ5umbk/zoR2/wO7/xcX7jlz7Cxz9ynccuj5GIBQ+oNgBsx8N1PGoNkzvLO3zn9VU8WULXVAxDIxwJYOi6Hwer+saiqqKQLxQoFPOkUqlDc9xPguM4PHjwAFXTmJqcQJbEHqJckSCs+j/bkGWZZDKJJElsbm6SyWQ6Lv8Pi0AgwOjoKKZpYpomN27c6HliaZomt2/fpiEFqRr+ROAocqOy8io73/9D9HCMwbnHDpdKnhWuS3bxLs1KmaEP/jKhyWfPr+0++ujjQnEcudGNsjdMyRsm4m7j1tIISToxZWE/JElBD8bxXAe7ugZWGk8ZREg629vb5HI5hoaGuHHjxoWmTZyEQCDA4OAg5XKZbDaLEOI97c9+KIqCZVlks1lSqVRP3x2RSIR0Oo3rukxOTnL9+nVisdgjKcdpkysXsSi/SLiu27kh8V4TG220CaNGo3HuJTGSJGFZNq7dQLYzaMEoknT82kxSdBqVLAIJJXR4GdJ+P47k8udwajkGZq8gyX77DiZyOEgo3ptyyyoWscuVozcQgOfi2jZ4bkttcLJvg185sne+uB+mI3EvN4iQIKxbTFx6moGhoRPJDcdxOteuZZnISotk8bwO6dF9bbfL5gGEJBOJRkGGUqEArksm6xIWm9QzO8Sv/SKWstfPT2qRBYqko8g6qnxKkkPISJLSVSYiOo/2P4CtjVXuvv0G6Y01VF0jGAq3SAmgRW74vhsyolXqsr2xyvL9u6Q31ghFImi64QfbQJdPh09uVCsl5t95g8X525hmk8TAEAKB1ypVcV0b17MfSsFxVoLjVMxFv1ylj8NwUqnJSfvYlsXdW2/RqNfRNI2rN57ECATwPI83Xn2FV/7mG9SqZeKJAX7tP/sv0E7xpdWdtgLQaNR5+WtfZmH+NkIInv/QR7nyzIepmXTKXfztAReOumTaA8J+ox3Ya/3jeR6KELjCxXMFQhPUa1UW5+9QKZdxkRganUTXVUwBf/bFb/HCs5cYGxlkenyYseHEAXWFJAlikQCxSICJsSTPPnF+PghN08GyHUzL4bVbm7y7kEZSfHIjHAmgqQqq4kfbyorUIjdkavU6mcw2yYEBhoZ6r4kEWFtfx7QsLk1MtEqF9v49qIJ2hKBhdHSUSCTC8vIyt27dYmJigpmZmTP1oxuyLHP16lXq9fqZap2XlpawbZtKcAQ4htxY/j47r/4ReiTG4KWr5xqH5jkOO4vzmNUyQy/8CqGJZ86t7T766ONicVpyo42iN8brzk9yWXqFocISjlknmEj1TJgG46MomkE1v4Uo/BU5a45iOcDMzMyZyw/PG4Zh8OSTTzI/P086ncayLEZGRt7rbnUQj8cplUqsra0xPd3b9/T169d7isI9L4yNjbG+vk4+n39Pjt8rHMfplKJ4nsfQ0BDj4+PvmxKbVCrFwsIC1Wr13M9nMBikZI4TYpVmtUAwdvxnX5IV9HACs3wHY+A5kA6fQ7dLVWK571HbvE18YrqTXOLhIoUDBOO9lQR3kxuuZeI4Nrj+zT1JVlA0FZBASEhqb2NVe5nstUUB+6ZPrgf3cgNoigXAwPhNBgYPT59p3wxto7sUTG0Tfu3U2kNTW/c+KYRgIjUB1SrLm1nAZj0XIjX4AlXjYHCAJKROuYlfIqL0sKYSnXH+tb/9Jgt330XTDZ790A8zOeOX4fzNVz7P1774OSRZ4ad/4df41M/9SqufErIQ4MndrQHwzS/9GV/94ufQjQB//5d/i49/+md9pYmQQcjtFwrAyuI9/vX/+T9TyO1w7cln+Z1/8t8RCIZ2KZZjfUwuFqeewbe/dPtERx+wG191VPnIadBsNvjet7/J6tIC8cQAA8OjjE/uTgp20psAhCOnZ8L3ky62ZXH33bfYyWwBsL66wvXnXsRQBHWrra7wkITAazMVh7WJT5oISepcqkIIHNfFdR1kWdmVZbXJEEDgoakKKw/uktvJoao6I6Mp9GAYWZGpNep87Zs/YHpylNozjyMrKoOJUFfpS8+n9VRwXY9KrUmlbmI5Lq+9u8HKVglZldB1jUBAx9A1VFVGbsXdKqqCLPuRuentbQKBwJknvulMhkKhwOjICAFDZ/9HSMJDlwWHGFF3EAqFuHHjBisrK6ytrVEqlZibmzuXScVZ7gxmMhlfZqyP4MhH719Z+h47P/hjjEiMgUuPnevY79oO2cV5zFqZ4R/6hwTHnzq/xvvoo48LRa/kRhsuKvPuR6kwwGztB9hmk1ByFEXrbSzUgnEkNUCtsEXCu0M8dYWR9wm50Y2rV68SCARYXl6m2WwyNjaGeoZo8vOGYRhEo9GOF0cvJPl7SS6kUikWFxcvZFF+Xni/ExttXCRhpOs6Qg7RcIcRlR0C0eETF8N6ME6zkscq3UGNHz0f+PEpk+VbX8aIxgkN7hInUiSAEeutLM0sZjErJZyGDR5ogWDHS+MkuLaF1ahj1qrY9RpCktCjcQKxxKHbe65zoJSl0NBpOiquLUhNjjOWOpqcOe36pV1+fuD5Q4hkISTGLl0hX7eoFAvUxBD1kSkOo5eEECjtspNWichZsLwwz5/94b9A1XR0I9AhOADKxcLhr6mlmNmPUqlAtVyiWi6Rba3D2q/rADw/BMCxbbbXV87U94tCz7co+2qOPtrY75XRCzzPo1Gv+TIuoFatYlnmURufuj/7H/fvvNshNwAW529Ty2+jB4doOgKQWioODyFAEj77u6dN9pIbruuyvbnB6tJ9spk0ju0QCAUZHZtg5vIVwpEYQpJwhYdw/Tglx7aQFQG4GLpCOBpEVOooqkQ6U6RpmgglhGaEyJcbxMM6w8kIsixwXe/QyKmzwPOgadrkSzUqNZNcscbtB1nKVRNVldENjYChEQwZyLKMpil+JKyioCoKkhBsbW1h2SbTs1c65qi9oFKpsLm5STweb5WbHFzjB1VB8JSjU9uAdGVlhddff51Lly6RSvVWJ/qwcByHpaUlLDlITfMVLYeNk5Wl77Lzg3+HEY0zcOnqufbBdewWuVFh+EO/RjD15Lm230cffVwczkpudGPDvUHFG+Ayr+CklwnGRzDCh9+5PAqKqhMdmqZW3KZRvkdhqUZk7CVk/fAFxnuFyclJAoEA8/PzLC8vMzY29r5YnLdVHOvr6z2rON4rpFIp1tbWKBQK74tz2I02sdH2JhkeHmZ8fPzC+1kul1lfXycWi/VsqnuRhFEwGKRWSmGINGY1j35CipKiBVCNMM3i7WMJjtzbn0dym0RTu/MSKRJAj/WW0mQWCjiVBjIasnE8qeGYJnajhlmvYtVrWLU6trk7DspqADyXajaDLCuER1KEh/eSFUKWcR0bx7JQjQCWK1gsDKHJNrIWZHL8HA2Rj5vu7jMkVRSFmUszvPXaWwhhs3o3zdwT4z5RsqfJvTGv4JvDm82TU0IA9C5jfs/zsC3rVPvZlsni/O29L8HzqFZKe57b2lznnR98F21ftLIeCGAEgkev294HOJO5Rp/k6KNTntH6+carr5De3DixLiociTI9d4WpmUtYlonrtrfvvTarm1Tp9vdo/79UyPO973xrzz6FQpbvvvxNPvHTP0/V8r0xJElqeW+0bHDcXY+P/eRGvVHn+y9/k/WVBzSbjV3PDiFYW17i9rtv8tRzH+Tq9ScQngeSX2IiSQJZAoSHosgYuobremia4ketNhoUyjUW10oUyiZBQ6ZUNRlOhHA9j3jEaL22058fr8v82XU9PA8K5RqbmTK5Yp1602JxrYiLh2aoqKpKIKASDO4lNxTZ996QJYl8MU+5UvInGGeIanUch7W1NQxd99NuWsRS9zeHJDwMpTf1SiKR6JSsLC4udtQcj+qu3oMHD2g2m1SDs8Dh5Eb5wd+Sfe1zGLE4A7PnS254jk12oU1u/DrB1BPn2n4fffRxcTgPcqONkjfCG/anWyUrD7DNOsHYWM/R08HYCIpmUMtvkl/8I8JjL2HEHzu3fp4HBgcHCQaD3L17l/X1dYaHh8/kB3WeeBgVx3uJVCrF0tIStVrt3GLYHwb7FRsjIyOkUqkLJzZKpRIbGxvs7OwAfpT8WQiOiyKMAoEA5XIcixjNUxAcAEY4TnlnDat8HzVyMEGkuvY61dXXiaUmUFsLZjkYQDsTuVE99G92s+mTGPVKh8xw7N3FsRYeRBu6SiQxgRYfQ4tNILcS3OrbdygvfJvixm3q+R2iqUn0LmW3JCtIskKzUmK5PoEqO7gIHp9MoOp71bSObSMfck06jnOqpKKj9j+sFCMajjI5M83q0jJCWNQqTULRg3PDtua7XSLytS98jpe/9hc0G/UD23bj+lPP83O/+tuEus7FaZMfM9ub/PG//D3u3Xp7z/Ney0S1jVf++su8+vLX92wjyTJXbz7FL/za75z6BvR7gTOPvH2So482mo06r73ybVaXF07cVkgSL7z4MaZmLh2/3TGL2+6ymKOMTMulIi9/46/YXFvu2s+PNX3j1b9lcCTF7JMvUHS72/FNhITwU1k6BEpLxWGaTb738jdYnL/TaVOWFWRZwTQbuJ5DuVjgey9/C4HgyvWbuK7ruxXTlsIJZMX3sQgGdAxdQVHAdQW6rmADO4U64LG4VuDa7CCRsEaxajAYCyFJErLsEya6KuNbiHgtE9NWnJfnYdoupmlj6Aq1usV2rtJRbqxvlWlYDtWGjaLIBAwVQ1dbzvQKsiz7qg1NRZVbJSqSRL1ZYyeTIZFMntlJf219naZpMjM97ZurSgfLUDRJYMi9V24oisLc3BzpdJqVlZUOyTEw0NsdzF6Ry+V8ozN1EEs+fDJTXvwO2df/BCOWYGD2yrke37UtdhbuYtVrDH/4NwiO3TzX9vvoo4+Lw3mSG224KMy7H6HMAJdqr+KYDYKJ0ROjJfdDC8RQ1ADV/Bal9a9g17cJj/3wqfZdX18nEAiQTPa2SOoVwWCQp556irt375JOpzFNk+Hh4Qs95klIJBIdL47z8IbqBcVikWw2y6VLx8+x9mN8fLxTWvFeEhy2bVMoFPYQG+Pj4xfep7bqJpvNIkkSg4ODKIrC1tYWW1tbPcfSXxRh1DbXrdZTqNZtzEYJzTg+UUU1oiiqjlW+fYDgcG2T/FtfQAuGCQ/7ylfJ0NF6vG6tLnLDatSxajXsehWzUceqVXGd3UWzHhvFSM2hx8fR4uOosRTyMebIgZFrBEauUV17g+LbXyS7cBcjPkBsYgq5K2ZWCcVoVAMoso0aGiYwPHegLVlRcF2XnWweRZFxXZfBgeQBcqNtHlquVFhZXaOR85XgkqYzPnOFocEBfA+M48/LyMgQ6a1thF0ily4dSnDsx+rSfdaWFjoegXv75WJbFm6rPP6nfuEf7iE4Totmo45lmrs+I11wFRWz2WitN5QDhI4kyaiq1kmePA2OcAC4UChtkuIsX7J9X44+2ghFIsTiA3hHXZC2Rb1eO/TvveCwcpj9z92/e4tvffVLrC7d9/sWjjBz+TEEgnff/AGW2eTLf/5HXFtd4/oLP0ogluwMZkK0FRlK58Jt+2HM33qbpfv3AFAVjUtXrzF75RrBUIjtzTXm332HTHoT02zwxquvMDQ6RiyexHEsRKsMQ5KFn0aiqUiyjKbKKIqE43johkokHKBaa+I4Drbj8fZ8mlhEIxrSMTQFXZcZHYwQDmg4gK5IaKqC7Ti+wsS0MVSFfNlXl9TqJqvbJYSAesMhW6jhCZ+BDQQNVFVG1RQ0VUHTdskNTVeREH5ZiiTwhEt6axtd1x/ad2NkeBgjEGgl0ezdRsIjoLbULmfE8PAw4XCYlZUVbt++zfj4OLOzs2dv8AQsLS1hywY1w58A7R8PSwsvk3vjTwnEkiRnT8hf7xGOZZJ7cM8nN178TYKjN861/T766OPicBHkRjc23etUvAGe0b5HObNCMDaMEemNnJYUjcjQFLVimlruTaxGmsjYSyjG4cSxZVncu3evk3RyXgbQx/ZRkrh+/TpLS0usra1hmiZjY2OnuiN73rBtm2KxCPgkz+Tk5CPpR6FQYGNjo1PKEYlEejIAF0KQSqVYXl5+T1Qctm13FBvgG4mPj49feFJOsVhkY2ODbDaLLMsMDAyQTCY7c8r2ee2V4GgTRoVC4dzPZTAYZKc2jMMSZqVwIsEBoIeTVPObOPVN5MCuIqXwzhew60WGHnscAEnVeiY3zHyeRjVLI5ujsr7VpcyWqQdGGZ66hhpLoccn0OIphHw2ZW1o4mlCE09TvPM1Crf+knohSzQ1QWQoBQIsT8PyFExLMDM+dqS/Rr1a4XP/4vfYLm6goPJP/4ffO7CN49h851vf5pWvfcF/jV4DBxtVGEgIZq5e4Sc+858Qjx9fumfoBrFYhEy6BuUilplE1Y7XFjzx7A9hmgdLVFzHpZDLcOet13FdF9NsIstn0ymkJmf56V/6T/c812zUqVZKVMpFbNMEBJquE4pECUWiaJpO+9ZjYmCQgeFRVhbvHXuc3fhY2ZfHP0J0zkzbRfcs6Ks5/uOF53kYgSA/9umfodFocBhHl9na5JW/+Qb1eg2AQMC/yy0dkYHtt3v48/tLY9r/r1UrrC0/4O6td3j3zVc70q5wJMZHPv5Jbjz5DEIIZEXh1luvYZlNbr36LZbWt5i89ixTs5cYHBpGlhUUPHA9XHf3GKbZZPHe3c7A/fjTz/DUBz6E1KqZiyeSDI+mePlrXyaT3qJSKbO0eJ+nn3uBZrPpX+CS39e2n4UQDrIsUBV/oa+pMqFwACOgU601MFUZ07SpmR75UomAoSCABxtFIgENRZHQVD/vOmDI5Ip15FY5TL1h4XqwmaliGD5J0bQcdM1XZiiKjKLIyLLAMHYjYCVZQlFlFElqkRsSQoLNzTRNy+Ly3NzD+W7EYiSSSeSWger+lnRFENU41lz0NAgGg1y7do21tTXW19cpFovMzc0RiURO3rkHtO/QVAJ+rfX+cbB4/1vk3/zzCyE3XMskuziP3Wgw/OJnCY5eP9f2++ijj4vDRZMbbZS9YUITf59G5m+oFe+11BxjiGO+fw9DMDaMrBnU85vkF/+Y8NjHCCT2jjmFQoF79+7RbDYZHR2l2WyeuwH0cZiZmSEQCHDv3r2OL8ejipJ1XZdcLtdRHoyOjjIxMXHh5EY+n2djY4N8Po+iKJ0o3fX19Z4TzlKp1IUtyo+CZVnk83kKLT+2R0lsrK+vk8vlUBSFoaEhEomDi9VEIsHm5ibpdLonZVA3YVSv18/19SiKgq7r1M0x5MYitllH0Y5vXw/GqBfTWOXbHYKjvn2H0sJ3iKTG0QIhkCS0wSSih+AAM5+jXs1S2dhkpxyimXieuj5GMzBGMzAOwBKADZ8aOJ91YuzaJwhNPUv29X9PaeMutZ0MidnLrDdiaLKN0CKEo5G9EYdd8DwP27bR0A9VFTi2zZ/+wb/k7p23aReQqJUmaiSK6TVQC3WW5u/zh//3/8Gnfu4fMHNprrvxVpzqrgJ8dDhBejuD5wmaBRl1uH3Uluqadom8h0Dw/Isv8fyLLx3ol+e5rCze57//r38b27aIxQf8CNczQNN1nn/xYwfOSzGfZX3lAaWCP44NDI2QmpwmcoTJ6/rKg2OPI1opMSBwXbv1Wh8N9lA/fZKjj7PA8zwSA4d/kQohGBwa4dW//ZvOc7FEwo9TPWNtaluxkdneZHtznZUHC2ysLpPNpGk0/PIOgMGhUT72yU/z+FPPddQYP/kzv0gsluC7L3+dZrNBZXOBN0sV7rzzOsnBYUZTEwyPjBFNDBIIRf0SEyHYSafJZ/2azEgszrUnnkESkj8seR4CSOMUXMAAACAASURBVCQHuXbzKTJf38JzXTZXl7n++FNYpgWtbQSCRr0KnoPrWOA6yDIgBKoqEQwaNJsmoCMEaJqK5/keGY16E8/1EJ5H02rgWK4fryoJTNtBFgJZFti266tCPDACGpIsgRBEDANNlRGy8IkO1Scw1BbZIclSx29DavuZSP6ktVgqkTqjiZvjuru+GyMjPrEhHSQxNBli+rkmpjIxMdFRc7z55pvMzs4yPj5+Lm0Xi0XW1taoq0ks5SBxUmqTG/EBkjMHpZIPA8c0yS3O45hNhj78mwRHr51r+3300cfF4VGRGx0IGWP4Y0j6II2dv8W2GwTjvZes6IEoimpQK2xR3vgqTiPTKVlZX1/nwYMH6LrO1NQURsuULhgMsr29zeuvv87c3FzPfga9YmRkhFAoxJ07d1hdXWV0dJRo9OQ73GeF53kdE0zXdRkeHmZiYuLCCYJcLsfGxgaFQgFVVRkaGiIej/upDK3Sip2dnZ7KSWVZJpVKsbKyQqPR6LyHF4H9xMbY2Bjj4+MXekzw5zPtUpzjiI02IpFIh0TqtfSpTRjl8/lzJ2yCwSDF5hhhlmlW8ycSHAgJLRSnUV5AS3wASY2Qf+sLqJpBdNifE2mDyQOJJMehmctSr2epbmyxoLxIce6Dx25/nutEJZhg5MXfpr49z86r/y+Zu++SH3mMeKCCpw2itf3XDiE5hBAosoxFE5m9ahLP8/iL//DvuXvnHVSho+0U8MaGufbjP4akhyisLXBv8Q1kx6FY2OEv//xf8uuf/a8IRpLtxv1DddbxHqFoEvBo2ipbG1s8P/E8BXOtczzXdXCFgxASkpA7Xhz7IYREpVzs3MAdn57dYzLa/fp6xf077/Ctr3yed157hZ30VseHQ1E1hkbHuPHUB/jxz/wiE9N757LHHUsIGVXSkIWCLSxMp/5I61QOrDAftmSlT3L83Ue318Vp6q+azSbVip+HragqA8N+BJWi7B1YerkkK6UiX/n8n3D/7rsH/jYwOMLNp5/jqedfIDEwhOd5nX6qmsZLP/FTXHrsGq9+529YuPsuTqNIHYm1lQesrTxAVTUee/xJXvjoj9KuqMllMx31xvDIGMGgb/7pua7ftuSTHSOpCXTdoNlsUMjnqNWqfv53Bx7zd95mc30Fy7RoNOsIAYoMuqag6Vrr3Mhoqopp+TIxx3ExdBXb3pV4WZbtR9xKEprnYdsOnusSjgWQJamV7+17fuiaf65lWSDLCqqqoCoyQhI+sdEyZ1UUGblFbAgB9Xqdre1tEolEz3eD2ljv8t0QkoSET26IPV84YMg+yXHeybjxeLyTsvLgwYPO3UTtkNrDXrC0tIQjqVQNf8LePfaV7n+T3JufvyByo0l2cR7HtBj68GcJjJyvYWkfffRxcXjU5Eb3uKTFbqIYwzQyL/slK2dIWZEVjcjgFPXSbslKzrzEZqZGNBptkdi7o3g4HMYwDNLpNAsLC53x9yLNN8PhME8//TR37txha2sL0zTP7Bt1HNolFbZtMzg42CHULxK5XK6jSlQU5VBj1Wg02iFAen3d3YvyiyCj3i/ERi+GtPF4nK2tLTKZTE/zoIskjHRdR1IMqs4oVNcJRIeRTihX0EMJGuUsVuk2tc0dzNIWI4/7huTaYBJZOyzI9HA08zvUajtUNzLMBz5JNXK68tjzXicGRq4y+enfJf36nyHXHYqNIFdTgb2Rpu3hqEV0eHg4roPCwTngxtoad998HfCwvCaPffzDfOozv9xJEfG8l1h5sMhf/P6/oFArks9UeHD3bR5//kf2NtQmVjyQFZVkXKVcbuA4Mq7jEtcmKJjruHjYnoVw/RABT7iwj+IQQu6oxW+/+QMcxydDJqYvH1qGc1pfjDa+840v8bnf/2ekN9YRkiA5ONzyKnFo1Opsr6+yubrM4t13+LV/9N9w9cZuGs9RBEdbueEhI3luK5FSvHcKjm6cVc3RJzn+7qNt8rn/wjrsg95sNli4e4tK2a9JDYeiRGPxI7c/zbEBwtEYl65cY3VpAUmSCQRDDI2OMTt3las3niAxMNhiRn1CYP8FPzUzx+T0JVaXFrl95zYLK1tkynVs2yYaizE9exkJD0nyy2Vsezd6aT8x01ZwAMiK3HGr91zngAmP69psrq2wyW6qlNwiR2TZ99MQ+I7OquaiWjK25WDZNooi4Xl0XpPrai3yxh+wXddFkeUW+UQrIUagqgqe55Mmnucnt7TVG+AfX1H8/aR2KY0k4bkuW1tbGLp+ZtVDJpMhn88zOjKCEQggt3w3DhqL+uoN+bzZjRZkWWZ2draj5miXrJyVtFldXaVcLlM1pvAQe8a84vw3yL/9RYKJQRLTvRm9nQS72SS3OI9rOwy9+FkCw+drWNpHH31cHB65cuMQSPowO+5ziOarUNjGatYIJ8YQUm+EQyDql6zUcptE3G3kgRsEBw73KVAUhVQqRS6XI5PJdEiOizQgVRSFmzdvsrCwwObmJo1Gg/Hx8TPNO/ajWCySy+WwLItEIsHExASxWO9Gf70gm82ysbFBsVjsKDaOUx4kEgm2t7fJZrM9GW2336vV1VWSySS6fvpF73EwTZN8Pt/xJ0mlUoyPj59b+0chn893ym5Oo9g4DNFotKPiOEvZz9ra2oUQRn5k7Cgh1jFreYzI8X2TFQ0tGMUq3aY0/zaJuTkUNYCaiCMfogQ4Cs1CllotQ2mrxHz452kEd33ZDlv/7R/3LmKdqM3+CM47t/xfjPihpSlt0sHzPGzHRhUatmfv2WR+/g08z0XNFmFwmB//e7+8JyJVCMH0pTme/vgneflLX6DuVXj3nfsHCY6u4+F5BOMpzPo8NVvH9VwkJOKaPx7VnB1swMPdo+DwFR0ScovcsMwmd97+gf96dZ2JI+aX2fQm+WwGTdMol4rHnrd8NsPn/+hfsbW2gqpqPPH8h/jET/4sQ2PjOI7N0v27fOvLf8btt17jwb07/Mnv/1/849/9HzECh6u5bcsEQh3vDd9Zz8UTh70hF4tjv9EehuRo79/H3z10TxAss8nayhKFfBaz0aTZaNBsNqjXa5hN//f01nonKzk+MEggEDzQDkC5WMBxHCRJolE/GI+0XzFy7eaTuK5LKBwmGk8QTwwQjkT21KQd5tnRhiRJTM3OMTQyyuVskfVMmVKlihEIMjQyBgIUScJ2vT2kRqNR39OP7rYb9Qa25Q+YQlaQZenQYwshtbjMVjseKC2CQxIC2xG4rSQXVVXQHBXHdnzVSGvAbJfHtH93W1G3QghkWUaSfBme18qLbaeWCEkgC6nTN7krWldIdKQV29vbNE2Ty3NzyD3UZLZRrVbZaPluxBOJDnmyn9xQhEdU7y0W9qwYGhpCCMHS0hKlUulMBIfneSwvL2PLQZrqXulz8e7Xyb/zF4SSg8SnLojccBwGP/ybBIbP19Ojjz76uDi8H8gN8MnZdDrD1NRHiYQKlLe+SclsEEyOouq9eRRpRhRlJEA1v0mw8Q5UmhB+9sjtk8kkgUCAdDrNrVu3HokBadv74/79+ywtLZFKpc68qC6VSuRyOUzTJBaLMTEx0fNiuVfs7OywsbFBqVRC07RTKw9isVhnUd5rkli3iqNXc8392E9sjI+PP9R7cFocVsLzMO9VPB5ne3u757KfNmG0trZ2roQRtCNjIzS9QaTKyQQHgBFOUKotE5mZIBhNokajKD2UHjfLeaqVbcpZi1uxX+HHbo6cuM/D2B+cFu3PV0A1ibRVVHutLjr/FwgUWaHqVfa04Xke2c08Fa9IYHCAqzefJhA4fB37xLPPMTDq3/iLGseYZ7ZIjuFIgLUlg5Bex7asjoLN8zyC8iBVO4Pj2kgttYYkZGRJRUhKR42yurTA2rLveRFPDpCamjlwOM9zeeVbX2VzfcXf58H9o/sGvP2D73a2ufHMB/jt//KfEo3vEs9Ts1e4cuNJ/tn/9Lvcu/U29269xfw7b/HkBz50oK1qpcK9W28xc+U6kiQRDIXRdKND1DxqnEjZ9305+jgO87ff5Zt/9UWyO+ndRf8x8qihkTFUTT+gqLBtm7u33sGybVzXYXV58dD9hRB4rotpmoTCET7w4Y8e2MZs9vZ5VRSFqZEBgrEBqk0P2/NHQ9uyUFUNWRJEopEOwZLPZanVKgSDYdoSjzZBkN5cw7J89+NwOIoRCFKr7uaCy5LCtZtPMjyWwjRN7r77FjuZbXD9UhOpVSYCHrbnobXSXFQFLMUGzydmHMfB90L1kITAdV3/tAtfCeJ5fmJLu89C+KSGJEkdIsGPf23XW3oIWXTUKPlcjkKx+NC+G7qmdSTLkgBZ2vddI3xjUUO+OPVGNzzPY2tri2Aw2HOMXhvb29sAFAJTwC6RW7zzNfLv/iXBCyE3GmQX5vFcj6EXfwtj8Hzb76OPPi4O7xW5sX/+tbq6yvb2NpOTk0xNTQFTKMERyhtfp5xZPVvKiqx2SlbqpXtg5SDyHCiHLyYDgQDT09Ok0+lHZkA6OjpKKBTi1q1brKysMDo62pPhdKVSIZfL0Wg0iEQiXLp06UJKXrqRyWTY2NigXC6jtb5He1WJxONx0uk0uVyuJ7WMqqqdRXkikTjTovwwYmN8fPyhS0NPQncJj6qqPZWiHIduwuhhyn4eljDqRjsytlYfQ3d2aNYK6MHjX6uihVD1EFJMRg5FUHq4DsxqkWpxE6cuk3r+Nxnvwaj4okmORq2OpthYju8l15Exw6EeHLIkY2Me8OCoVP0wBMdzePHpmSOPFw6FuHrllOXHwo+wBag2VcxGFaPLk8XzPELKEGVrG084IKnIkoIsyXsUHa//7beotBQZN57+AMnBw8mlXGabXGb7VF3bXH2A53nIisKzP/TDHXKjffNVIBgbn+LmMy9w79bbmGaTrY0VnuQgwVHIZviDf/6/d37/4Ec+zs//+u+01OKPVr0BpyA4oO/L0cdedJMT8WTSN9t0Xb/mSlHQNA1V0dB0HcexyWUzAMiywuyVw/0CXNfhnTe+zztvfP/g8fb9/o2vfJHFe3ewmgdjlE7sO8dfZhU1gSNUEH480vMvfISxyRkmJqaJJwfJZzOUCjluv/UGz3zgQ0idkhBBIZ9n/vauJ8jk7CyBQPDAF/rEzAypiRlc12FpYb5FkLSMNyUBXktVoaqdWF3HdRFC3RNd678er1XXBq7nIgvpgNJFVqSWAsPXjMiSzzJIbSmFEJ2zIoSgUa+znU4Tj8cfynej0WwyPTXV8t3wfPXIvu00CQYCj4bcADq1sDdv3jyTVLnZbHL//n0sKYgnlAPkRig5RHzqfCNprUaD3OI8nicYevGzGIMXF3nbRx99nC/eT8qNNrkxPT3deV4NjJCc+weU179OrXAL26oTjI2dWM+/H4HoMLJqUM1vQuGreKHnIHA0ETs8PEwwGGRra+uRGJBGIhGeffZZbt++zebmJs1m88SFarVaJZfLUa/XCQaDXL16tWejyV5RLpdZWFigUqmgt4y5z1r+Eo/HO4vyXsuBuksrelmUN5tN8vk8pVKpExOcSqUunNjIZrOsr693lC4Pc96OwlnLfjRN65AcyWTyXM+FHxmbxCZCs5I/keAA0MNxLLmGFj/9+bHqFSr5dTxbJ3Hz1x6myxcCr1XzLUtdCY2iXZPCnsm/X6LioLCfuPPQRBMdAw+PtJPkZH3KkT3CF0+35uqujSo7qLJF+pV/hXTz44Qn96rdotoodaeAIqvIkoYkdtUb92+/zdf/8j/geS6RWJyPffIzR85hxyZnGBjye14u5lheODrKdbd/Htn0VueGaPds3fNc8rlM5/ej4nc9z2Nzdanz+9L9O0ce91Ggp2+wvi9HH/sxODTCCx99iWI+RygcIRKLEwqHkRWVbHqL7337W9AiOKZm55i7cv1IA5w2QQLguW6XOefe7fPZHXKZ9KE50Q+PNLXACJ6koOsGtVoNSYAR0Lny2HV+8N08jmNz+503aTYazFx+jFA4QmZ7gzvvvEm2xZrGEgNMz1721Rf7jJsURW2VkSgHBighCSTA80RLoeH/XZYk5NaY0i456TZP9Z/fLYfpbndveYlAyFKLEjlI+LR9N3RNY+IhfTdGhocJBIMokkAI73DfDcM70jH6vNGu/56cnDzTHR3btvn+97+Pi0QhtDtxL9z+CoVbXyE0MEx8cuYcewxWo05uYR4PmeEXP4s+MH3yTn300cf7Au83cmNiYmIPubELQWT8EyiBYcqbf41j1gkmxnovWQlEUbQgtcImZuX74OQh/NyR24fDYaanp8lkMo/EgFRVVZ588knm5+dJp9M0m81D/aXq9Tq5XI5qtYphGFy+fPlc77wfBsdxuHfvHjs7O8iyfG4L9EQiQTqdJp/P91Si0V6Ub2xsnErFcRixMT4+jqqqx+73sNhPbFxkas55lf2MjJx92bwf7cjYmjmGYs5jNipoxvFGt1oghhY4/WfLtUyq2Q08UxC79qsP2+ULg+X444a0JwlGtMpEvM5SomMyKlQcz96dCHtgmh6K0DC9w9cXruMiJHGKG2R7y65tx8FyZKJ6DVmR2fneH1DfukPyqc+g6OHOjdKQmsTFRJJUn+BAYJpNvvjvf59Czk9y/MBHPs7ctZuHH1VIPP+hH+anf+k3UDWDf/PP/pdjCY6nf+ijfOXP/5h6rcrX/+JPGBod58WP/0QnnaVaLvLNL3+eV7/9TQCGRlM8/szhaTmarvPST/5s5/fL124eSYY8CvT8LfKwvhztNvr4/zfai2sjEOTZF148dBvLNCnks/4vQvDMBz+Mph8sTwGfcb187XFmLl1BlmUW7t1h/tZbrYPt3Xb28lUcx6FWrRxo57xQUAYIhaMkW3d4JAHXb95kJ7PF4r15LLPJ/J13WLx/F1lWsMxmh5AxAkGeeOY5EsnBnuNwu0tK8DyELIHnIjw/2cTzPDx3V3nRPpfdg22Hge0eVzyfPPHzuemQ2vsH6e10mkazydylS8g9xIW1Ua3V2NjcJBqJkEgmkVtpKdJ+IkeAoYAhiwPEx0XAsixWV1eJRqNHTPBPxq1btwBBPuwbe37qMYPCrS9TuP1XF0tuCIWRFz+Llpw61/b76KOPi8N7TW6051nd5MZJfheB5BOowRHKG99olawMnaquvxuSrBAemKRezlAv3u8qWTlcQdAuh8jn84/MgPTq1atEo1Hu37/PgwcPmJiYQFVVbNsmk8l0ykLOM1b8KBSLRRYWFqjVfGl8LBY71wVwPB7v+FH06kExPj7e8bE4qk+NRoNCoUCpVEKSJCYnJxkfH7/QlBzwvUnW19cfqoTnLGiX/fRKGOm63iGMksnkuRI/wWCQfHOMCEuYtcKxBIeH56uuT5m04do2zUwGp1lH6I/DQ3gpdK8fzz1NJRQgnxME1CbVavVgyVvXxLftwVHxSv4NNrG7TSiawNy4j0Bi9d4tnri5Nx1Gat1ptB2HSqXql30DkYh/zh3HOXTuLFql6zVLY25qGisnKK28hlXcYPCZnyM4cqVDcsgi0PEKAfjaFz7HD77z1wBEYgle+tTf99cKtAMO9k6i4wPDhCL+tRCJHn9NXLn2BD/6Uz/PX/zJv6VSKvKH//x/45VvfoWB4VEc22Zz9QGbays06jVUTefHfuoXGJs4fA6dHBrlx//eLzI6vneu6nX7DR6Kw8xSHh5nGoEepmTlLPv1CZH3F9rkRndKSTfaZQ6vf+87VCslAKam57h6/YnOfvsX1oqi8KEf+QQzl6502mgTHPu3ffaFF3n6+R/qxLSeCt0xUSdtKglyTUGx4Uux2l8EgUCQD330JWzbYWNlBduxsMwmFrtMbySW4KnnPtB5rXC0nOvEfrQGZK/FBHv46SY+9+F7bsiy1Bqzd8+p57aYY0l0zEgR7OZzs+//LRRa0W1jY2NnirpzPY+1tTU0VWVkdHRPYsp+sjugQDLw6KryVldXsSyLxx9//Ez7Ly8vUyqVKBmTuEJtkRtfonD7q4QGR4gfMeCfFWa9Rn5xHiSdkRd/Ey0xea7t99FHHxeHiyQ3ernJtL6+zvb2NuPj46c281SMYRKXfonK5jeo5d7BNhuEzpKyEhlCVg1q+U3c/Fd9JUfg6Jr1RCLRiZN9FAakbV+Ot99+m6WlJUZGRshms1iWxfT0/8fee31Hkp53mk+YjPQWmYmEL1ShfHWz2WxDdnNINjmkaEQ2SYmUNOJIK4qai52LnbPXOnv2dv+A3aM158yco9nZ1Y4kUtKQPBKbtptstmXbqi4DUwAS6b0PuxdpkPCZQAKFZuMh0ZVARsT3RWRkxPf94n1/7xzT09MjqbiyF7lcjrW1NarVKoIg4PV6jy1FJxAIkM1mKRaLQ0Uv2u12JiYmSCQSOyblzWaTQqFApVJBkqQHImzY7fZjjdjYjaMIRl2Bo1gsHjr9dze652ndnECo38fwtZDk3SNuBGvwUp2WaaLlC+hGk8ryBhOf/uOR9XnU+Hw+NoijSDqNZnMPT5+umNGuBGmgI/VNgwVBYGwiiP22Eylf5PXXf8qnv/BlHI6dx3LpvXf5h+/+NYpoJzoe4Y/+/H8A2PPBYK7SFjA1Q0YSTRzRCRy+AI2KippfQbbZcYRmOqainbG8ZfHP3/t/+bu//t87pWEFPvOlr3P+Ukd0sSysXcbyg9AVRwRR5Ov/9t8hSRI//9F/o1zM897br2PonWIJoogsyYxPzfCZL/4en/vqH+65TVmW8Af6heluMQQTa1u1mq1sn6CN5rp7pCvRSTjjwln0x2lju7DRq8DR+dHUFs/94B946/WXOguIfPiJj2F3ODpmmDsFju2Ie1wkehELoogsCCTiawf2dZhBiiAIjEWiRFwypmVRVc0+z1QLj8fD5770LBvrq6wsLZJNpzBNE5fbTWximrkLC3h9gbaQw2i+pr20k94f2v8Re6JHp750N3JjS3TeYBe/ZrNJMpUiEAgQPeSNd319nWazydzsLIost8UNcecxcMsQdJycuJHJZMjn870yscNSLBZZW1ujIYdo2dpqeOGdH1C6/RM84XH8IxY3tGad/NIdBMlB9KlvowSnD17pjDPOOBWcJnEjkUgwNTXF/Pzwvj2eiWeQ7BEqiZ+id1JWFMewVVa8yOMOavkEWvVV0PPgfXzP5U/agNTr9fLYY4/x7rvvkkwmkSSJhx9++FgnzIVCgfX1dUql0olN0IPBYC+1Ytj0zMnJSRKJBIVCgWg0ukPYmJ2dZWpq6lARn8OQyWSIx+M9b5KTFjb6CQaDZDKZoQUjh8NBLBYjmUwSDAZHLgbVrEnc3KdVK+Dy75FSNcTAS83nMVWVSnwDyT2BNERay0njcrkQBZNyy0Wwmod9U4gsDEPHhn2H2HPx0sO8/vMXaASdiIbACz/6Ps988dkt53elmOLF559Ha2i0rCaPPfmJA/tn1VI4ZA3dlJA6JVNtDheO8AUE1zlExYVlaj3vI9Mw+P7f/mf+/j//H6itJoIg8NmvfJNn/+jbnT2weh58h6U7Z1DsDr7xZ/+ej336C7zx0vP88ic/ZHWpndYyPXeeT33+WT785L9ifHKXB23btbLOfMW0jLawgYVlGeimPoCwtiVhnqPOEo787TopkeOM00e/eNAVN3Rd47kf/AOvv/wCnTf40KNPcOPDj+3wjNhvu3v9vT8CRBAEMqkEb732MqVifiT7dOnqQ3zys18AIOK00HVoGhZmzyzIQhIFZmbPMTkzR73WwMRCEiXsnfQbs28/j+sJ0A7R4yhtWRbJROJIvhvZbLY9AIpE8Lhdm5Eb25ZzyeCxg+2E0vKazSarq6uEQqFDhRpblsXS0hKGZKfmbD9d+6j2Y0q3f4onEsM/Ndq0Ea1RJ7d4G2Qn0af/HCVwvOHRZ5xxxug4bnFjUB725EgkEkxOTh5K3Ogiey+TWS3gM+5iZtdw+iI4fUOmrIjdKisZGuUlBKOI5dk7ZQXaBqROp5NUKnXsBqSKovDII49w9+5dQqHQsU2aS6VSz7TTZrOdWEoFtMcGwWCQbDZLuVweah+dTmdvUq5pGrVaDVmWmZubY3Jy8tiFjXQ6zcbGBtVqtScQPChho8tRBaNkMkmhUBhpFAeAiYImTSFUEzh90Z5B5WFQ8wXMZgtDU6lnswQfenIkfTyuOaOi2LEQsCwolWpMHfBw07RMREHEtIwtf5+amWVqboq1lTXsqxu8Jv2SZPI+Dz/5WVweL8n797j1+oskcwk8yQq2hQtcur67H0YXQ9dZy6o4ZQNMAVHYnOMIkoLdO4ageBHEdoRUtVzin/7mP/HD7/4XDF1HEASe+eLX+IM/+/co9rYBqmkamwEph6CdmrN17em580zOzBFfXe4JHB9+4uP8zlf/aM9jaZrGrn8HMEwdw9IxLQPD1PetsLlbDzfVk2HW22Qk8uGZyPHBoj9ao112tP3a0HV+9s/f57WXftk7ka899Cif/d2vIUnynukpw7B9G7VKhbWVxdEZjlrw8Wc+h01ptzXutlgvmximhYmwtcyqAC6XE9PaKspYlkXHPnk0fTpmkqnUkX034hsb+LxeopFwx3Nj5+7bJXArbZHjpFhbW0MUxUOXhO3mRlec57AQ+Kj6HKU7PzsWcUOt18gv3kGwu9uRG/7JkW7/jDPOOD5Oi7jhaqVJVNJMTEwc+roHbVPlmzdvUqkKhC9+CUV9h0b5JobWxBWIIUrDeQg4fREkpZ2yYhV+hOB5DGuflBWv14vT6SSdTh+7AakgCFy6tHuFt6NSqVSIx+Nks1lkWSYSiQyd2jAK+iuqDCsQdCflrVaLubk5pqamjt08MJ1OE4/HqdVqvVSZYUr7HiemaeLxeMjn85RKpaGEKpfLxfj4ONlslrGxsZEcx/6I6pYwg82K06oVcHjaUQzDPgtXSzmMevt61ug8PHRN7j+JPwyj9OEQBPAHQxTzBSSrhqZpe1arEYS2B4dmqYhsPf6iKPKNP/vv+f/+41+xePUCZAAAIABJREFUZDURDI3UO/f4x+UlFMFOy2pgYuBoiJizMT76qU8SHt9ffK3UqlimSVO3EXWWtvZFlEFUEIT2de3mG6/y3f/yf3Lzzdd686hPfeGr/PG/+w84nO1INtM0MC0NAXmkodCmaZJJJXrFHgBqtQqJ9fu4PV50XaNeq1IuFtBaLWSbrZfKsjsWhqmjmy1MUz+ETCFs+3c4RnanOKovxxnvH7rCRr+4USmXePmFn/Hi8z/u+WJcvv4hPv+V38Pl9uzp1zEsu0V3PPL4U2iauutyg4gpG2v3SSXWATC2qZGWZTHhttiogmr2R49APp/llV8+j4mAaVo8/OgTRGPvr0lp13cjFosdKn3D6vhu2BWFyYlYLyWl/7ALAsgC+OzgOV5D9S0kEglKpRIXL17E4Rj+JprJZEgmk9RsYTTZw5Otf6F09xd4IzF8xyZueDrixvGVSzzjjDNGy2kRN5ytFG41w8TEBBcu7C0eHERP3KhUWFhY6Ezgnkayh2lmX6CcXsYVjKE4hpsoKw4vtnEntUICtfoqGHnwPMZeA1hZlk/cgHRU1Ot11tfXSafTSJJEJBIhEAgcq6/Hfoii2PPiqFQqQ4kFLpeL69ev4/f7j13YSKVSbGxs9CrYnDZhI5/Pk8+3J/3j4+OHMgsNhUKkUimazSYul+tIfdI0jWKx2PtdUMLYlCla1Wxb4BjyWVuzksWsNBA6E/9msYA9MIXNM9pok+MgGo1QzBdoNetUK2VCY3uVgW6ndpjtx5Y73pVlG8/+4Z/y4x//lFuv/IK6rY6Eu5di4RBcKCGZL3/jT7hw+fr+32nLIp1MAwKWJTLp23avsPpftOdTpUIeURCwO118+otf52vf+oueuGFZFgIipmV2Ul0Ox603X+OVX/6EVqsBgKZq6JpKvVZhdeleb7kXfvxD7rz7Jq1mA7XVQtd1LNMkFInykY9+goWrD+/bjoWJaRqdudXh+3sYRi6Fn0Vz/PbTH8GBZfH2b17hxV/8hER8tbfMpasP84Vnv4HH5++JG6Zpbq53RLqRHI8/9Yl2jpfZ+eL0RzUNQKNe49UXn+8JHHv1bNID6bpAXd/cuNZSSSXXaTQaKDY72kOP7NnOxNQ0qWQCh8OJYj8dPjI93w2/n/Fo9FDbWFtfR221mJ2dRlHkXSuiSFhMe092UNctHReLxQ7lSK+qKktLS2iSi7ojRiT5fcrZF/FGJ/Dtlod4BNRaldziHSSnj+hTf47NNzoH/TPOOON4OUlxY7+2XK00bjVDLBY7krhhGAY3b96kXC6zsLCwJQTf5ruM2BE5qtl1nL4wTt9w9w5BbFdZaVYy1EtLnSorj++bstI1IM1kMidiQHoUms0m6+vrJJNJBEEgFAoRCoUeaLnELv1RHJcvXx5q3eOOOkmlUsTjcer1Ok6nk8nJyUM9dDkOTNOkUCiQz+exLItoNMrU1NShvWF8Ph+CINBoNI4kcFiWRblc7v3erSbTyvow9Di62kBWnANvr1Uv0irlUehECmgqrVqF4LWPHbqPu3Fc88RAMIhNUWhoBplUnGAotEuajoXD6eBTX/4qdXVvBwu318dXvvosH//kx7n9xqvUKlWKhSKBMT/j0xe59tCNfSKeN2NmWqpKvVpAECzGnBVEtj7otUwNjBbICggKVz/0Ef7Vv/4Sayv3eOqZL/Chx5/qzbXahp3tuY8sOBCPkIK0ePtdXvjxD2k16p0eW71um0ZfRFCjzvrKEv0GoDabDUVR8AXHBp7PmRz9AfewHEuw+JnI8cGhVCxw8+03SW50BAJR5OqNR/jc734dXyC4RdwYtCzVMBimQaNWRVXbERzdMquDUq1UKBYG8+/wKBayJFLrRGRZlonaaiFgoekqotA21ewFgXTSVFxuD4997BM0m+0LSTAU7rxtEQiGyGXSCIKIYtu/zvyoSSaTKDbbocvg5XI5ysUi4+Nh/D7PjhuFIIBNgKkTFjcqlQrLy8sEg0EWFhYOtY2lpSU0TaPqmiWa+CfGci8dk7hR6YgbQaJP/zm2IUsynnHGGQ+O0xO5kcGtponFYoe+5sH+4kYXyT6Ge+pZWtlf0Si9i662U1Ykefdw8L1weDspK/kkRuFH4H4UXBf3XN7pdDI7O3tiBqTDoqoq8XiceDwOtMWEUCh07FVFhkGSJAKBAJlMhqmpqVMhICSTSeLxOI1G49QJG5Zlkc/nKRQKmKZJJBIZyXGz2Wy4XC4MY2//gkEol8tomtb7fXx8HLOxila5heL0DiVuqM0KtfwGoipB56vcKLcjQxwTh6s+d9KIoojH66FcaJDPFcgXCoyF+s1G23MDSbZz7caHB9pmKBDiY8/8TnvtgVPs28sYuk46naFeb2FZIiHHzlR6y1AxtSqIMqJNBFHmS9/4E7RWE7vT1VlGw2hV0dUGkt0Hsr0nmB7WZHT+4hVm5y9QyGcBkCQZm82GTVFwOF1Isg2ny41NsaModjweLx5/kFA4SmR8gsBYGJtNYeXe7UO1fxIc25X3LGXlg4EvEMQfCGK3O3C63Dz21Cf4yJNPo3QNN49J3OhGgrz9+su8/tKvqJRLSJKEKEpDW1/UqtXea0na+yvhksEmgSRBRWWb4a+JiIXcKW1imPQqqWBZuD1e3J52mGV/+syFy9eZmm3nSdtstmMRgXajGx55fn7+UAOwer3OxsY6Ab+PaDi86yW2LW4cva/D0Gq1WFpawuVyDf2EqksikSCbzVKzTxBK/4ix3Mt4xyfwTYxW3GjVKuQX7yC7x4g89W1snr3CKc8444zTxmkSNzxqivHx8SOJG6ZpcuvWLUqlEhcuXDjQPNEefgpRaUdzVNLLuEITQ6es2OxevFEntWICrfY6WFVw7z/x6BqQptPpYzcgHQTDMFhfX2d9fR3LsvD7/TtKqp4m+g0yj8t3ZBD6hQ2Xy3XqhI1uxMYohY0umqbRarVwOgcXILZTq9VoNBq938fHx7ELZWqpnyArLjyhwauvCUCzlAbTQjQ3x4PNUhHFG8X+PjE7FwSBCwsLvPFKGguB+Mo9fF4vNpvSEScO3sYOEaPv9V7ixl7CR7PVZHV5CYesYQrgUXYTOFqYahkEGQQJ0eZEFKW2uGFZYKpYehOzVaaZvY9azuIYv4R74urBO7MP1z/8BPMXr2JZ7cgKsTN/kiQJUZJ7JWQPQpZP53UOjlHg6HImdPz20e+lIYoin/jXXyAcjTJzboHxicleCFW/uHGcVUX6U2PsdgeiOLxRpmxTsEyTscj+6QF2Cew2AVEUyOwIWWhfCyUJsCxMgXZFlT22JcKOHMFuCNpxUiwWKRQKxGKxQ+W2CgIkEnHsio3JidiOm4YgtEvBRo6WWjo03Yonpmly6dKlQws3i4uLqLIPV/61jrgxiW9itKVaW7VyW9zwRIh87NvYPPuVNDvjjDNOE6dR3Lh4ce/oh4OwLIubN29SLBY5f/78wOkINt8lJEeYRubwKSuiJOMdm6FRTtMo30HQy1jeJ0Hc+zicpAHpXnT9p+LxOLqu4/V6CYVC2O0nG4k5LJIkEQwGSafTR0qzOCyJRIJ4PE6z2cTpdD6QPuzFdmEjHA4zNTU1cg+QZrOJruuHPl9VVaVSqfR+DwQCeF1Qjz+HJMt4xqaGMt6wBHD6I9SyCWwdvzLTMGiWi/gvP3OoPg7KKI1GAWw2mdnzl1i6t0S93iAe3+iksx2h7OhmdsbAGIbB0tIKHnuTumrncjC9awo3RguzVWoLHN2ojM6DVss0sLQ6plYDo4JiB9WoUVt9DVGScEUXEIY0e+7H5RnmvO6by3Si04WjlHE5AU7sbjBMLukZp5v+cq2WZeF0uXjsY5/oiRr9AsegpWEP35fN17Js45Of/RL+QBBRPlzpsmAojNPt3jcUTRIg7BRIygay2ULd9jUSBQFBFrFoR3JggTHgIRCgfWMSBIR9xJHD0mq1SCaTh/LdEAQQRYH4+iqtRp3ZudktN2hBAAELv10g8ADGeMvLy9RqNa5evXroJy2Li4uYiEi1NSLZX+CJjI9e3KiWyS3eweaNEH3qO8juk3fUP+OMMw7HgxI3trfrVLN41BTRaHSk4sawBp6iEsI99RWa2RdplN7BUJs4D5Gy4vRFkWSFan4DofgclucJUPa+Rz1IA9KNjQ3W19dRVRWPx0MoFDqUkfWDQNf1XkrvxsbGkc6dYdjY2GBjY6NnrHkaIzYKhQKGYTA2Nsb09PSxmZsmEglkWT7UOWOaJqXSZiUOp9NJJOynvvF9sFq4QnNDVzjCApvDh93VhHo75aVVLgDgmhh99RQ4XiuDSDRKYiOB2qySjS/idrmIRPeOkLUss+fVsWPcb217LewUSravY1kW2ZVFKsUcpuki5CjjUnZPRzINDaFVhq6fhqFB9/MzdUytjqVVMNUK6A3c4SC6JmE0SmjVHHbfeE/MUux2ZNug193OHG7bLKPnxdG381v+25kbSchDVoo8WYNROEGBYzv9N/LuST5KFe+M46W/Koooij0Ro1/UOG5xYzsut4crNx7G7fENFFo1CN1UmN32wyubyGoFU3SgSw6q5RKWZfWqy0C7XKpltaM1TNMarAy0ZWEdk9N6IpEY2nejK2yIQDaXpZDPEx2P4u0bnAhYyIJw4maiXdbX18nn85w/f56xscNFQ6yurlIqlbC0OuPJH+IMhPBPzY20n61KmfzybRR/jOjH/hzJtX8Y+BlnnHF6ODWRG2oWTytJJBI5cprBzZs3KRQKzM/PH0kccIQ/hmQP08r+sp2yEoyhOAcvnwmguAL4ZDv1fAK99FPwPArO/SfgJ21AurGxwdLSEqIoMjMzc6Q0g5NEVVWy2SzVTkru9PQ0s7OjrQa2GxsbG8TjcVqtFi6Xi+np6SNXDhklXWFD13XGxsaYmpoauozuMORyOdLpNOFweM8ypvtRKpV63h2iKDI+Pk4z9RxGK4c3MotsO/w8yu4L0WqkwbJolIrIriD2sdGOgU4CURS5dOUyb77+BgIWS4tLKA4bfl93vGVhmlbPx8Lar9JM5++GYSCJEpidv+2xvGVZJJIbrMST2GUdA4u5QGX3hQEso+3BAVimjqXXEERb3+8NTK2GpdWxTB1BtGH3BBAdARBFLMtAEGQuXnuYr/3xX9Cs17lyY2vBg/Z8ZKcIo5salrWtcmT3v9Z2eaMThY+AJG4tT+twuqnXKrjc+wmCQ1aAGAGnwv3oTNh4/7Fd0OiKAMMKG10h4LCnff9FSdc1kok4Tldx7xUOQBREPF4fwbHwlmoxu+2PAEimiqLWwR5k9d47pBLxXbdrWe3CVO1SUbvtr4Aky1y6doNINNbZN4HBFJHBGNZ3o1/YEERo1OtsxNfxer1EwptquCxYKJLA+AOKMk2n0ySTSaamppicPFyZ3lKpxOrqKobeZDzxAxSXh9Dc4SsR7EazUiK/dAebL0b0qe8gDTn4P+OMMx4cp0bc0PI9ceOwPkNduuLGuXPnDi0M92PzXuyVkq3m4jh9raFTVmTFiTd6jlpxA7X6OpiVtgHpPuxmQLqwsHAsE+nJyUmcTifvvvsuiUSCiYmJUy1yNJtNCoVCL6VhamqK6enpY/cI6RquqqqK2+0mEomcKmGjWCySz+fRdZ1QKMTU1FSnHPLxsbq6yurqKi6X60CPm92oVqu0Wps+DrFYDLP4S7R6HM/YFDb74BExuw0vRVnG5vehFUtITjumcLhI6NOAy+Xi0vkAiXicuiawdPNVLlx5DK/fjyC008y77FbhyDCMLVVSeq+7k45OIMeWaG+zbSq6trKMaQnopszVcGr/cq6W2TYatSoIpoal1UDsjM9NA6vjwWEZWjuyW5TAMkEQkG1y70O88eiT3Hj0yR2bD4QiPPqxTyDLNnzBsU7X2/8zTA3NVPs70/m/1fvd6u5r5282yd6O3ujgdLp47OlPkk0luXTt4T08OU4+egNOicBxxvuT7qS/f/I/bMRGZHyCWrVyKCV7O/Valf/61//XoV2Foe3hceWhR/jd3/tDBkkuk2UJ09BQ1AKpe29jyC5MSdnzxmD1trkpdnTbkSSZmXPzh+77fvR8N8bH9w27bBsLdcQNhPbrznvr6+vYbLYthm4uGzhkAf/RP75DUSwWWV1dJRwOMz9/uGNnGAaLi4tgtgilf4pskwnNLwwZfrc/zXKJ3NIdlMAEsaf/AtFxwu6rZ5xxxqE47nTa4SI3cnhaCcLh8JHFjVu3bpHP5zl37hzh8OgMjkUliGvyy72UFU1t4A5MDJWyIogintA0DTlDo3wXQS9hep5EkPafIHcNSFOpFK+//vqxGZAGg0Fu3LjBvXv3WFtbIxQKjfQYjoJarUaxWKRWqyHLMjMzM0xPT+9T2nI09AsbHo+H8fHxUyUA9QsbwWCQ6enpYxc2crkc6+vrVCoVAoEA0SHTg6EtVFX7DPHHxsaQGm+hVu7hCgwfLbXXUF32eDAbDVzhMTLvvIupNRGPEBXyoDC1EkrzJUL+EM2cHdMUeOedm8zMzTIzc3Da8YHfk15AQlvp0HWdlbt3SWczCFYDWbRzZSyLIg1QHtUysYwWlqmDKPXmMBZWuyxjL8pCwDINTENDNJqYWgNRVNpD1S1zDqE3fv3sV77BZ37394A+IccC0zLRTRVNb/SttzMlpSt4CIKAKMidOZ7VczQ5d/Eq3/kPfwlsPhCG/iILB+/+PgfmKCufCRxnHI3DpKB01/H6Azzz+S9TyGUAmJnbOkFVFDuq2kI84ELj8fqpVsuAgCwNmxe2FUmS2v0bwI/I4/UyM3ee+Opy+8ssANTRBAFTFtEE+z6uy91XAhYCkmzD7fZiO4ZSsV3fDb/Px/j4ThPVtuWH0PPQEIT25bW/62tra9TrdWZm274bggABe9t01fmAriL1ep3l5WW8Xu+RBvu3b9+mUavgyf4au1EldPEq0sB5jAfTLBfJLd3BHpwm+vR3EId4ynLGGWc8OE6LuPHD200car4nbly5cuVI7d66dYtcLsfc3NyxTczbKSsRWt0qK4dIWXH6Ikg2pV2+svgceJ/AUmL7rrObAenCwsLIJ/aBQIBHH32U5eVlEokE9XqdSCTywCfz5XKZUqlEo9HAbrczPz/P5OTksRi8d7EsqydsaJqG2+0+lcJGoVBA0zSCwSBTU1OHiqIYhlwuRzwep1wuoygKsVjsUOkvuq5v8d3weDx4xTWaxXdx+sI4PKP1nZH9PqRWHedEhFZuGWfsaBU7DmLURqMAzcwLgMnUlA+7R+KdOyYRT4Xs+i2K5RyXLlxCsTt2fC+2RG5sn97sUljAMqBWr3Dn3i2kVgnTdGIT7cw5VhE1A6QhvgOWAYax97TesrBMDUuvtz05RFu7T6YTBBnL0DF0vR3d4fD2hKntESqmZWCaOrqpovdFcFjbX/V1RBBEBFHsrGsiCAZCR9TYXtjBtMz2cr0f85DR6Ee7Zp0JHGecKNujPianZ5mcnt3xfjQ2ySOPP0WtVsHj8e2I8OimwcSmZvjcl79Oqzm6gWgkNoEoST2Pkb1EnFA4yue+/PUdf7csMBAoawKqIdA6oNR5b/OCiMfrR5QEMNpVWEZBIpHA1ue70b2e94QNrK6v6a7RL9lcjlwuRyQaJeTzIAoQcoJNbBuuPgh0XWd5eRlJkrh8+fKhB2+Li4vk83mc+ddxNBIEz1/C5hxdGG2zVCC3fBd7aJboU99GOhM3zjjjfcFpETcAHGoeb2uDsbGxI4sb7733HrlcjtnZWSKRyJG2dRA27wKiPUwr+zzVXByHt4nLv3+lsu0oTj9S1E4tv4Fe+nm7jKxrf9+R3QxIL126NPIn9aIo9krqLi8vP9BojmKxSLFY7KWELCwsEIvtLwYdle3CRjdi47SlonSFjUAgwNTU1MBVgg5LPp8nHo9TKpWw2WyMj48Pfe41m82eCWmpVOqNQ202G2OuEs3cKzg8gaFSwIxmE2kAY1NRsWPz+HFQQ83fPnaBY9S0ci+jNzbwjE0hyQrRkMXjD8m8eUvBaVMp58q8U3sLjzfAzNzMlvN1XyG0r5qKZVmUyxUS6yuUSmUEU8cSRRyyyuWxDDZRwVBbtKol7J4RXncso+3LoXb6aWqYkqOdugJgWuhqC71RQvFEkOyuzZSXXvdFdFPFNPW2+DBQu23RwrB0dEtDMAUQLQRre3qPhWmZGKaOYWqYlr6rmelJcCZwnHHidIWD3Sal3RCnmXPnmTl3vvf3vXw9pmbOMT072rSO/rZ2a7P7viAIRMb3Dn+dAJo61HSLhgYt/eAvuNUJB7MECwQLWdwe7dHpU18Y2HZ6x9WySKVSqK0m8+fO4bDbOqWdutVaOikp+4gD9Xqd9bVVPB4vF6bC2CVw2x58Zajl5WUajQYPPfTQod3r19fX26arxXdwVxcJzJzD4RvdE51GqUB++S720BzjH/8Oou30PM0644wz9uY0iRuZTKYnbly9erSJxu3bt8lms8zOzh4qTP4wSEqgk7Lya5qltzG1Fq7gxFCVHiSbA9/4PNV8HLX2GzDK4H3swPW6BqSpVIq333772AxIx8bGCAaDLC0tkUwmTyyawzAMSqUSxWIRXdfx+/2cP3/+xAQWwzBYXV09lYarpVKJQqGAqqonJmwUCgXW19ePJGxA22ujWq3i8XgwTRNN03rvjQd0WrkXUJxeXIHBPce0ZgUtW8TmD2AboDqMzedDauTRyQzd/weJVl2mVXwThzfUixgTBAGfBz7+mMXbd2RaFQtTq6NX87z+Sgb/mIvpqXk8bjeCKCJ2fvoxLQvTNNB1jWq1zsr9RZpVFa+jjqa58CsVGvkM54NlbGJbWJQUO5Jip1kp4fD4RpP2bFlYhorRKmPpTYxmoW1KKmz2VxAl1KZKNf42WBbO8Ss4xy91Vm/PGWScuGUHqrE+WLNYGJaBZbQwTR1NbCIKEm2Xvq2YmB3xxMA021EcD4IzgeOME6XfnBR2Tq77jT13W7dfXOguP+pKLf3ixnZhpb96zG79344igqKAU4KmZlFVQT1IMLWsdr1sAQRR6KjFvbfoCh2dHmwN/errT6lYolwqMDkxTjDob7+1n1v0LqTjq/gUgUcvTWK3gTya4jRH4v79+5RKpSM9kctkMqysrGCrLuIrvYM3Nol7bHQD/kYxT37lHo7wPJGnvn0mbpxxxvuE0yRuZLNZ7t+/TygUGom4kclkmJmZOTFxox9H+KNI9jCN9M8wMiu4ghNDmSKCgCc0TdOWoV5a7IgcT4K0v7u10+nk3LlzJJPJngHplStXRuL71Y8oiiwsLPSEjrW1NcbGxkZi3rodTdN6ERuWZTE2NsbExMSxp1xsp+vtcf/+/RNtdz/6hQ2/38/CwsKxlw4uFArE43GKxSKKohCNRg/9WVQqFWq1GsAWzw2A8ZCMWfwFsuLCExq8Ep6uNqjl49gsF3q5guxyIRyQsiWIIi5/mIqxjlp6F8V/ffid2YfjuM6aeo1W5gVkxYXLvzN6SRDg4csCpSqsrMkUax5skk6rVORe6Q1M2YnbLiHKbmRZxudUqaoOnFKNQlVCtsoUagJ2oYaqK1itHBUiRNwVXKXbuGoblGqgVqsEp+cQOoabDq+fVrWMIIoorhFE8VomGCqmoe65iAjYJYNyfJXCzR9j88cIffgbOMLntiwXUNrnUVHdvUDClmYtE8MyMdDgwWgWQyE0Go0HY296xhkMLnBsr9CynxAyKo6j1G3LAM2Emgotox20ZfXMRoft3z7ttJo9f4rz58/vveAuKJKAKEB2Y5l8OsmVixcIBk5HxY9EIkE8Hmdubo6ZmZlDbaNSqfDWW28h1dYIZF7AHYoSmD03sj5uihvniT79bUT5/WfQdcYZH0ROk7iRy+VYXl4mGAxy/frRJhd37twhnU4zMzOzqw/TSWK2MjQzv0Bv5XEHYtgP4R+gNkrU8gnAhuV9AuyDPcmuVCokk0ksy+LatWvHNvE1DIPl5WWSySQOh4OxsTHc7qOXGWu1WhSLxZ4fw/j4OBMTE3g8Dzb18ZVXXkGSJKanDzZvPC76hQ2fz8fU1NSxiEv9FItF4vE4hUIBm81GMBg8tLBhWRbFYnFLlZR+Al4bLvXXCKh4I3MDR0CZhkYls4JWryPrduwuL5LLhRIaLJqlkl1Fb6l45v4AQRrdWGb7tXYUHhyN5D+j1dbwReeRlYO3V65ZLC2pVFsSZrOCYA8hCVUMy4NLaZKtWES8kKlAxCeQLguM+0yqLQeiqeKWisxHjJ6RaG75Ls1SAQBJVgjMzOHwbx7n9K23cYXDeCKjNz7ej2a5SGn1PobRwjP3BGMf+eauyw0icjwI1JbG3ZsrpJM5lpYX+e7ffY+Wuvv3pB/pL//yL//n4+/eGWcMRldQ6Jaf3f77bsse58+okUVQJHDawGUTsMkCpgmi0C6vDYNHWPR8M3b5WVtbw7Iszp8/f6C5mgBIIsiCgNcuEHAK1Atp0uv3mZmaIHrMedqDksvlWF1dJRaLHbpiiqqq3Lx5E6obBNI/x+ELEDo3unKwjWKO/Moijsj5dlqKPHrT2DM+mHSvSYZhYBgGuq6j6+381uOujPBB4LdV3Lh79+6pETcABNmN7LmIpZdpltcwDR3FOVxVKcnmQHF60dUqZn0RQZDBdnBaht1ux+/302g0SCQS6LpOIBAY+YMSURQJhUK4XC4KhQKFQoF8Pk+r1cIwDERRHOo7W6/XyWQyZDIZVFVlcnKSy5cvMz4+PvJIlMMgSRKpVApFUbDbT/aeVyqVSKVSlEol3G4358+fZ35+/lh9QEqlEouLi6yurqLrOuFwmImJiUOny+q63vNP6eL3+3tih9Nhw8+bWHoZT2QGacBxhWVZVLOrmJpOZXENWXGgON1YmoagSIgDVDaSZIVWLQeGiuyeO9T+7ca9nN57PQpxQ82/jlp+D3doEsUxmOAnqTXcQhxHdZnp65+jdfefcbrcWKJIS5fxOQXqmoM0Dh8kAAAgAElEQVSgT0ZyhJmciDEWnWFmdhb7xo+R0m/i9vuQOt9Bpz9Iq1LCMiwkZ4Bqeg3F7UG2t/dPa9SopJPozQZ2jw9hl/K0x4Gs2HFHoliGQXXjDpXFXyG7/Si+rUKLQ/LhkHw0jcqJ9GtQDMMknylSqzYoFAu8d+s9DOPgEJKzFJURsF8kwXFNlA9q97ja7m+zv+3taR1HbWO/dndj1Pt63O1JAkhSW+zwyO2oDtUUMKy2KWlTb6epmFZ/espg7SWTSRqNBvPz83vWuu96e7gVAVFsV0ORRQGHBNVqjZXFu/j9fiYn934ydpKfSaVSYXl5mUAgwMLCwqG3c/v2bbRSgkDmlyhOF6Fzh9/WdpqVUkfcuMD4099BGCLH/IzfLmq1GtVqtSfMdm/G3d9N0+yluhmGsSX1rX+Z7cvuhSzLOJ1O/H4/oVDoVEx63k+cRnEjEAhw7dq1I7V79+5dUqnUqRE3ugiiDef4Z5BsAZqF1zF1FVdwEkkexpfDji86T60Qp1V7E8wyeJ44cD1ZlpmdnSWdTrOxsUEulzuSl9N+hMNhQqFQz+iyWCySTqcBUBQFt9uN2+3eMRlvNpu0Wi1arRbNZpNms4nNZmN2dpbJyUlk+XQN3WOxGMlkknw+v28Z+lFSLpcpFos0m028Xi/z8/PH7j1SKpWIx+Pk83lkWSYSiRzZ10NVVYrF4pZrfPe8cTgcZDIZQvJ7GI0MnvAM8hDprrX8OrrawDn+GXJv3MTUNgWUVqmE7Dg4qkhWnDh9YRrl97B55pFcDy5KZy/02irNwmvYPUHsrsEiaIxWi2YxSyOfwxN7Et/YOG41js8C73g7baOSjFNOxZn72v+yaeLZQXn835D8+f9KfmWRyMUrSIodQRQJzi2QvXcLrLaAo9VrOLztCGi5Y2DfKObRajX8s+d67x0rnbG6f2YOVzhKfukOmZf+b8p3n2f843+xI4U6oExRVNd58G57R+N0XSXfh7RL5Ij7+kZsH6CO6mlBf9u7tbtX5MNR2jvuNrvb777e7f3d2j2o4slh+nDQZzqStmhHXDhkAZcottNVENAt0E2LltGpymJAQ2uXZ7JoCx+dznY61d5YvlAkn88xHosRCPh7Iokita2AbFJb3LBJoIgCUqcSimm1o0gAFhfvYbPZ9jVjO4lzoUur1WJpaQmn03mkcrB37tyhnEvhzb+MLFoEz10cmYKuNeoUlu9hD0wRferbZ+LGB5BSqUQmk6FYLO54T+wzLut+b/pfS5K0698HeW0YBvV6nVqtxvr6Ouvr6wQCgZ7x4Rn7c5rEjXw+3xM3rl+/fqSxwr1790ilUkxPT58qcaMfJfQRRCVII/1zKpll3KHJIX05wB2cQpLt1EvLoFfA+wRIB0+yo9EoHo+HRCLBq6++ypUrV45lgtyN5uimw9Tr9Z7Y0Y3uEEURl8uFruu0Wq1NI0BZxuPxMDk5ycTExLGm5PajadqeD0f2YmZmhlu3blEsFo/VC6RSqVAoFGg2m3g8nmP73Popl8vE43FyudzIhA2ARqOxpfwrsKWUrN/vR268hlFb70QmDC4e1QobqI0Kjsi/wuY5j2T3YKibZqWWpqFVKgMZjjp9UdR6mWb+FdynTeAwW7Syv0K2OXAHBkz9sCz0YglVraJWRcKPfxwAUXZg9kUGCB0h0dQaOyrgSU4/kSe+ReoXf0Vu+R7RS1dBEJHtdoLnLpC9ewtJUlBrmz4qiru9jeCNL1Bb+w25xdt4Y5P4Yid0TC2wOZyMX/sQ9WKWwsoSa//0P+Ge/Qjhj/zBlvDxgNLu02lNWxmEM4HjCGyf5O1282nXC94a9XBSAke37X5TzlG0N2ib29ft/3e7cecg2+9ff3u7wJ4hSwdFGey2/EHHtvvvKI+tIAhInTa7z187ugWmZaHqoOntv2qGhdVRVw2r/aO2WlTTq0yP+bi+MIlptlNPJFFAEtplXY2OkLG9x11xY21tDcMwuHDhwr5PgY9yLgyDZVk9A7MrV64MPejqcv/+fdLpNJ7CKyhqgdDFq8gjCqU1dY3CyiKi4ib85LfO0lI+QJimSSaTIZfLUa/XURSFmZkZvF4vXq8XWZZPbFICW0PZFxcXkWW5Z3R4mko3nhZOm7ixtLSE3+/n2rVrRxY3kskkU1NTx14q9KjInvO4bH6amV9Qyazi8sdweIfzxnB4w4g2hXo+AcUfY3oeA/vBkwaXy8WFCxdYXV3lvffeY3JycmjPqmFxuVy4XC6mpqYwTXOL2OFwOAiHw7jdbjwez4lXJSkUCty5cwdBEHj88ceHOge7gmo+n8fv94/8urdd2Lh8+fKxlzmuVCqsr6+Ty+WQJKkXWXFUdF2n0Wj0zEShLWbFYrEt1+lW7mWM2iKuQHTgyASARjlNq1bEEXocxdcuKy05vBha3/VOM9BLZSSnA3GAyCmHP0ott45aeAMl+MjAfTluGunnMfQKvui5gddRC0VUrUp1NU7g4U0/CsnuwtQ3U2ckqT1FNlq1HQIHgBKaZeyJf0P6xf9EbmWRsfmLANjdXsbmF8gt30Oob45/FWc7YsZQG0x+5n8k9/rfUll5Ga1WIzBzDkk5ubGjKxDG+VCQUnKd6v1Xqa+/hf/GF/EvfHzLcpsmpO+/iI4PrMAxCqGh3+hSEATq1QqlUhFNVfH6fITC0R1mmPuJIYOym9FmLpOiWmnnTc3MzSP0tTPK/OzuNi3LIpNKUK2U2+ZSs/NIncF8/75tP0a77cdey+62PEA6uUGz2UCWbUzNzG1ZfzdhZa+IkN38Nra3r7ZaFAs5mo0GDqeT8YlN52pRFEcmcPS3rbaaFAt5mo0GTpeLaGwCEQGbCKIEpgk2WUAQNstyi4LAejbHTNjLhQsXsNmEXS9F0j5d7YbUnzt3rvcEYTe2HyvLNMllM9RrVWyKQmxiqnf+9S93GFKpFLIsc+3atV1N2gq5DOXOE5Cp2TnkXW7UyWSStbU1nLnXcNTjjJ27gOIeXRhtfuUeWqtB7BP/HTbP6fArOeN4aTQaZLNZstkshmHg8/m4dOnSA6lO0Y/L5WJubo65uTny+TyZTIZUKkUqlcLtdjM2NkYoFDp1Ie4PgtMkbhQKhS3ixvYShcOwuLjYEzcmJk7WzO6wSPYx3FPP0sz8nHrpHobewh0cru+Kw4cUtVPLJzDLvwTXQ+AeLMVndnaWZDLJxsYGqVSKxx577NBi+jCIonhslVaGoVwus7S0RLVaRZZlNE1jbW2N2dnZobYzMzPDW2+9RT6fH9k+VSoVisUijUYDt9t9ItfZSqVCPB4nm80iSVLvunnUsV6z2aTRaOwwEnU4HExMTGw559TiW7SKb+L0jeHwDB6h0qzmaJSzKL4bKMFH+OHtJl+47EB2+tBL5d5ypmEh2UArlrGHD/6s7E4fmstHM/8qsmce0fbgjee14ltotWXcwRiyMpiAr9dq6PUa5UQc2TePa+JG7z1RcWEamxEXYuc+aWmNPbfnmrzB2Ie/Ru4336W4fp/AdHtO4vCH8E/PUlpfRW812z4cgoDidKMW1kAQGfvIN7GPzZH/zd+Tuf0u/plzOAPHW/GnH0GSCEzN4QnHKK6tUHjze1Tv/hz/9c/jmf3IlmUDyvT7LprjAznK6RcZRjk5fePVX/P6S7+kUa8zOTPHN//kL7B1noKPWuDoT3lJbqzzL//09yTW7yPLNp79wz/hwqWrW9odlajSJRFf41/+8e9IbqyjKApf/aM/5fzFK1vWGSTCZXt6SU8sqlV56fmf0mw28AdCXLx6g8h4jER8lR/8/d+QSSUIhML8/re+TTga2zOd5aAog4PSKG7ffItf/ew5ysUCgdAY3/yTv8AfDO04rkc9j7rRDgB333uXF37yL5SLBcYiUb72R39KcCzS1+bm/gmdf3Vdx2aTicXGUZThB2bdzyAajQ5kEtZ//m2sr/Kj73+PbHoDp9PDV775LWbOtZ+CiaKIaZr7RuXsRa1WQ1EUzp07t+vT50q5xL/8t++xcu82sizzO8/+PjceeWzLMsVikXv37uEovoO7ehf/1CyOwOgGk4X7i7SqFSJP/jGOyOjMSs84nRSLRbLZbC8NJRqNbgkpPk10w+IvXLhAOp0mk8mwurrK6upq772TLit5WjhN4kaxWGRxcRGfz8e1a9eO9EBiaWmJRCLRS2l4XyGIOKLPINoCNPOvYuot3MHJgYwQu0iyHV/0XMeX420wK+1SsgMQi8Vwu90kk0leeuklotEoCwsLRxKbTjuNRoOVlZVe6sXExARer7f3UCAWiw3l5+Pz+YhGo2QyGQKBwJHO5Wq1SqFQoNFo4HK5uHjx4rGnWlWrVeLxOJlMphexEQwGjzS+03WdZrNJvV7f1UvJ4/HsSD/SKndp5l5Ccflx+gbfZ7VRol5MYfNcwBH52Jb3JIePVnYzRUWS25+N2Wyi1+vIA0T4OX1RtEaFVv5VnOOfGbhf2xnF9ddoJGjkXkJx+7G7BxMFTE1FKxRpNco0UlkmP/2tLe+LihOjUuj93k1RMdQa++E9/zRGo0LxveeQZBlvrP0g1BOOYWoaWr3WMxpV3B7qhU2hwHPuSZTgLPnf/B35lXt4ohP4Jw9XIfCwyHY74YXLtKplShtrZF/5f6gsvUjg8jM4JzZNrrdGc8Bpj+j4wAkc/ZPuUd+4TNMin8sAUK2U2Xy+vtl2998ffu+/Yhj69k3si93uYPb8Apeu3tjxXmL9Ps1mA2jSam6qjftFRAxKV3jYfnFOJtZR1WbnZ6sivV1c6P60xQSzF/q117Zr1QqvvfQC9VqVQDDMxb59TqcSaGqLWrXMQRwUEdKfQrSXyJFKxsGyEIrCljSYURzbXfuMQCrRvoDkMmkMY+ux2avdYDA4dBh6/z67XK4D96N7nLa3nVi/j6apNJtNNG1rbe6D0o52wzRNHA4Hbrd730FSMr5Gs1kHBBr1rTehRqPB7du3USr38JTewRudwBMZXbh2aWONeiFH6ENfwT394ZFt94zThWmavWiNer2O3W5ndnZ26MH/g0KWZSYnJ5mcnKRarZLJZEin0+Tzeex2e0/sOOlw+AfFaRI3CoUCi4uLeL3ekYgbGxsbvc/6/YoS/DCiEqCZ/gXl9DLusUls9uEi7tzBKSSbg3pxBfQygu9JLOlgEbKbWpZIJEin05TLZS5cuPBb52VjGAb3799nY2MDQRB2eEqEQiHK5TJra2tcuDCccD8zM9O7vhwmheRBCxuiKBIOhwkEAkeeI2iaRqFQ2FXY8Hq9+P3+HWM2o75GI/0zbA4PntDUjvX2Qm1Wqebi2FzTOMc/veN9yeHH0DfHZv1pKd1UFUHYf38lWcHpj1IvLmFzzyN7RpPO1Y0yGRhLp5l9AUm24/YPLuRqhSKmZVC8t4jvwtMowa1pbKLNhaZvjvFFsT1P0copmNi/mlXg+ucxmmXKKy8j2hTcY+1z3zcxg9bcds8xNVLP/9WWMbEo25BdAarpBGqtQmD6HDbnyaaV2j0+opeuU89nqaQSpH71H3HFruC7/Gkc4c3Puh3Nsb7Plk4HHziBA7ZOEHOZFPV6Dcsc3idAEEVcLjdjkXa43BZfiX1c7y3LopjPcufW2/1b22vp3iubTSE0Ft51org5CbZ2vZgKgsCdm2+TSSVpNup79m074eg4l649hGOXL1r/ZH/78dtuqlerlHn7jde4/e6bGLpBKBzh0rUbXLr2EJIk9570dzFNE61jiKRpm+KJZW0e24MqC2w/Tm+99hLvvfsWAE9+/FPMnb842KS787mahsl20arbznvvvMnK4h00Tdvx/n7MzM3z0KOPI4rSprdHXxvtfdyZxiNuSwGx2+2987nZaGCaJjZFYWJqbyX4xZ//mPXVlR3i1F74/EEefvRx5s4v7Dhu5j6fSU8MsSxSyQ3UPeq8D0JscgrFvnkj3BQJrS3noGVZ3L59G6G0iC//Kq5gGN8IVfFqOkE1ncB36ZP4Fj4xsu2ecXpoNBo9f43TlIZyFDweDx6Ph/n5ebLZLJlMhkQiQSKRwOv19kKxf1ufWp8mcaMbueH1erl+/fqR0oaWl5fZ2NhgYmLifS1udJHd87imAh3z0TVcgXEcnuEi7xyeMSRZoZbfwCo8B97HwT7YPWBiYoJAIEAqleLdd99lZmaGubnRlch8kMTjcdbW1tA0jWAwyNjY2A5hTVEUgsEgiUSiF9kyKE6nk6mpKeLxOD6fb+CysbVajXw+T6PRwOl0srCwcOz+MbVajXg8TjqdRhCEno/IKK5/qqpSKBS2zAtkWcbv97fNQ3f5vptqjmb6p8iKE8/Y4MaThtakno8j2cdw7CJuAEjOtsBnaiqirS3MW6aBIEpYhkGjnMHlP1hIcnjGUOtlWvlXkd3n4ABRZFCGETmamecx1CK+6NzARvFqsYipalQzCSxE/Fc/u2MZUXFj9T14lu123KEIhXd+gNEsE/rQV/dtY+wj38RolimuvYekKL0KKba+Ck2SYsfmcmHUkjvbF9oRHgJQXF/B4QvgDoV7n9dJ4QqFcYXCVDNJqslFksn3cE9/CP/lT6ME2qLb+8GE9AMpcHSxTJMXf/FTbr/7JqZpYOg6uqEjihKSKCL2XfRNw0Q3dEzTwGZTkCQJWbZx9aFH+J2v/P6Rn+BLsoy4y4XCMPWeq+/2J+PDcvOtN7h3+11arb3zyaAT2WC0Iy3CkRiBUJjZ+cFV/O3pG6vLi/zkh//I6v3Fnjixdn+Rd958jRsf+gi/85Xfw+F0DXxTGVaKEgQB0zB4543XuPveOwDEJmeYO39xyC3t0R/L4ubbv+Ht11/uNrjrZ7kbuUyai1dv4HJ7BjqHtqf8CIKAoeukkhu89/YbvPHqr2k26ih2BwtXrvPVP/i3u25H13Vuvf0b1u4vdbYrtg1N9+mCy+XBHwgyd/5wpVVTyTjf//u/oVTI74heMg0DtXN+S6LUS+3q32+Hw8nTz3yODz/x1IFtJRIJWtlF/JlfYff4CM6NzjiuUchR2ljDPfNhQg99eWTbPeN08H5KQzkK4XCYcDhMq9XqGZOurKywtrbG+Pg44+PjI/VvetCcJnGjVCpx7949PB4P165dO5K4sbKyQjweJxaLMTU1+BPf046oBHFPf5VG6mfUi3cxtHbKyjDYHF680XnqxQRa+VcIrhtY7v2fxHZxOp2cO3eOdDrN2tpaL5rj/WrWm81mWVtbo1ar4fF4mJqa2ld86Ja3XVtb48qVK3sutxszMzO9srEHpUr1CxsOh+NEhI16vU48HieVSiEIQi+KbVTC7nZxQxAEYrHYviV0Tb1GPfkcYOAdmzkwmqK3nqFTya2DYMc5/hkEcffPtCtw6LqG0hU4LKv3aLVVKWBzeLDZDxaznP4Ilcwqrfwr2McGSwHbi6EiNwC1+DZq5R6uwDiyMpjwptbKGNV2hK+lmQiCuKtpqD04SWVJR63XUFztbQdm5xFtMuV7L2A0K0Se3H1M3SX85LdI/fx/o7B8j/DFqzuiMDzRGJ7o6TZ+7uKJxHCPjVNJx6nG36a2/ibe+Y/iv/wZZHc74mszbeV4hQ5B7DzcFUREabDvxgdb4ABq1TLVytYyTQY6+z2HbxmbAkGjXj+yuHHp6kM8/vQncbk9Wy6whqGTTiZ48WfPkUknjtQGgGJXMHQNXT8gNaZPce6m3OzGXnvdL3CUiwV+8N2/6aVc9GPoGm++9mvsDieff/b3900TGQX1vnJNR4ki2I1Gnxs2ljVwapogMNRNtT+CY3VlkdvvvEUivkY6GadWrfSW0zQV46DPuQ/ZZsNms+17U3W5D+fq3j0fVFUlnYgfGDFiGsauYl6tWqFUKOyyxlbq9Tr1UhZv9iVkxUHo3Oi8MVrVCvn7izijF4g88ccj2+4ZD550Ov2+TUM5Cna7nenpaaanpymXyyQSCTY2NsjlcszMzPxW+HScVnHj+vXrRzKzXFlZYX19nVgsxvT0KSvfOCKc459CUoI08y9jai1coUmkISpVSbKCNzxHrZCgVXsHwSxjeZ8EBrvvRqNRHA4H6XSaN954gwsXLpzasru7UalUWF1dpVAoYLfbmZycxOM5uBSvJEmEQqGe2DvMdUCWZWZmZlhZWdk1DQPa9+l8Pk+9XsfhcHDhwoVj941pNBqsr69vETaCweBIhdxWq0WxWOyNZUVRZHJycn9hzDJopH6MpVfwhOcQpQHvOZZFNb+OZRi4Jj+/r/GnbO9EcOh9sxvTgs6uW7pBo5zFFjlYNLDZPdjdQVrFt5Dd80iO449qtIwmzewv0apLKC7fwBFdutakVcwi075miDYbht6k8M4PCN744pZlXVMfQrnzCwrLdwnOL6C42t8T38QMok2htP4mRqtC9KN/iriHuCLKDnyXnyH/2t+SufMuofmLOHyjuYd2AqFPFEEU8MWm8YTHqaQSVJZ/TWX51/gvfwrfpU8jdcxdA8rUMYocFpIkIooCNsWGoig0m80D54sfaIFDFEUuXLpKIDiGYRi8++Zr1GvtSWI4EmO+zzTz7nvvUMxngXao/uXrH0KWJcb+f/be9Duu+07v/Nz91r5iJwASAAkS1L5QuyVLsuXd7jidnk48nWTm5M38BfN+/obkxWyZnJNkMiftTtKO7XZbUmtfLUuyZJIgNmJHFVD7XnebF4UqFoACUFUAKMjEc06RAOre3/3dpW7d3/N7vs/T0/qLrpNr0O31NUxBmyEIAv5AiPfffLWD1vbHY089x9SDjxw68J2bvsH7b73GwXvR+r1mskcQBD5+760GuaHrLh5/5gVcbg9z09eZm7kBjsOnH73LhYuXuHz1wUMv2GO0ujgxDA6f51s/+LO2lvX5Ao3yn04TWTZWlnnvzVfpXNOyF2MTl3nyGy8SCu//pSGKIh6fr+143N3v+/1Bnv/W98nnsntItpXFedZXlwCQZIVHrj2zqy3QNBcXpw6efXMch3KpiJafw3aqhMcutxWB1g6McpnU7VlUXy89T/zVsbR5hq8ehmE0BgB/CmUoR4Hf78fv99Pf38/8/Dyzs7Nf+8HzaSI3stkss7OzuN1upqamjkRuLC4usrKyQl9f39f6/LQDNfTgti/Hm2RjC3gjgyh6Z4oqT2gASdEoppfAzILvGsjteWv4/X5cLhfxeJyZmZmGmuM0l3JVq1WWlpbY2NhAkqQ9PhvtIBKJkMlkWF5e7pjoPHfuHOvr6ySTycbg3rZtyuUyqVSKQqGApmmMjY2deFlVqVRidXWVjY1aWUAoFCIcDh+7Qq1cLjeUf1AjiQYHBw+dGCrFXscqx/BFz6Fo7SuE8skVzEoRd//LSPrBpJu4rViwm8qom5+3K1tpkAUqhWRbpp3uQM1wtJr6Ha6B7x26fCu0e+80C4tUtt7DMvN4Qv1tm4oCFFMbYJmwrWzx9Q5gGwaZ6dfJz7+P7I0ge6IoviiyJ0rgyktkrv89WzM3CJ2fwBWofWa80T4kWSF5e5bYm/+GyLWfoTb5fxjZGIWVzyiufE41Vyt5cgXDO8iNYrI2YSxrrtokaDdshSAgySrSXZ54EWWFwNAInmgvudg6mek3yM9/gH/yRQKTtbKok1JzCEItDVQQBdwuNz6fj2z2cA/Ge5LgaHgdOA6PPfUcAInNGCuLCw2CY3xyiue/9T1cbjelYgHTNPn0o3cACEd7efr5lwhuDwZbDfY6GYeLotRQL9Q9DOrtaZpG68DP9lEfkPb0Hc6OC4KAYVT58N1/aJTG7LPkgcPquh/E9T/8HgBRknjmm6/wzDe/hSAI3PfgI/ztf/4PzE7/EcOocv3zT7k89UBnO3ZKEe3pY/TCOJ1cBc0pKu3C5fbQ09dPqVjEti2q1Spml2VMvkCg1uc2+rA7VrcVdhNdAMFwhKdfeHnPsqVigTf+/lcNgiMYDPPYU8/S29/5Q49t28jVFLKRI3RhHEU/HjmxY1ukF2dBkIk+8bN92fszfL1QKBSYmZnBsqy7MoP4dUEgEODhhx9uGFfmcjlGRkY6qsU/DTht5MbMzEyD3DiKMmhxcbFRSjQ8fHcd978qyJ5RXNtRsrmtFdyBXnRf+/GZALo3jCirlFLrWKlXawkrentRqIqiMDQ0RDKZJBaLNUiO06hwWl5eZnl5Gdu2Gz4b3ZIx0WiUjY0NNjc3OzYNHR4eZnZ2lsXFRYBGPKqqqneF2CiXy6yurrK+XlNAh0IhQqHQicRk7yY3ZFk+tAwIoLz5DkbhNp5wZ6RdIb1GtZTD1fMssufCocvblZqCuXnCp5ngMLIFlGCIUmYTxeVvGGzuB0GUcAV7KSRXkTLXUQPtRTJ3ikriIyrpz5FVF/6+C8hK+yriYmYDs1okv7iOv2cIzVsrEQoMjSCpKlalglnNU4lvUVjZ+V0hCCLJhRmCw6N4IjXyyBUM03NxitTCDBtv/hsij/4Us5iluPo5lUTtGtf9QUIjY7iC4R3+IOVchtTSwhGPhkB9QlN1ewkMjaB6DldjHSdkTSc0cgFvTx/Z9VVSX/6K3Ny7+CdfxD9em5isqTlWOK6UFUEU0XQVWZZxuVyEwyHW1tbOFBy70RwN2uxj4N+VPRwIhnC53TiOg8vtwe/fKf3yB0Ntz2R32rc6jqPdenudDKBVtX3550FYWVwgua166es/x6NPPtPok9cf4NozzzM/O41tmSzfniObSeML7PewcDSVwu5oXds+iLw5GkRJQhDEQ01Q6+j0OqovP3n1fobPj+E4DsVigeXb87z6q/9yqEKnWq22eNgRELaNXg+6aTSTgzv62/RjJpXEqFZRVHXHMs3rNlYTBHSXe8dMpihJ+APdudYLjoVol3BHehA7Cyk6EMmFWaqlIn3P/ivUwNffxO8MNYn07OwssizzwAMPfG1r608SY2Nj+P1+5ufnuXHjBufOnTvx+vjjwkmSG53WjedyOWZnZ3G5XExNTbVtvNgKS0tL9xy5UYekBvAM/Yhy/C2KmWkss94q3uYAACAASURBVIInONiRtFPVvUg95ymm1jFy7yNYWRzP3mS6/VBPHIrFYnz55ZeMjIwwMtIeSXLSqEdBl0qlhmnwUUvs/H5/w4ujU4Kjv7+fjY0NDMPA6/XS39+P1+s98VSaVsRGMBg8kmLqIJRKJTKZO6XuiqIwODh46Oe8mvwd1ewN3IFeNHf7RFkpu0kln0YPP4bi36v+bgXLqIULiE3kjijfUbBYVQO74sbWixQzMbyhw/18NHewYTiq+sYbKomD0O592a6mKG+9i1laR/OG8QQ7+96plDKUc0lU/xRYSZLz04THJhskx95EPQezUsGsljHL5Rr5USmTj8WwDQNff00lp3q8RC5eIbUwy+YH/x5BAMXlITA0gjsYbmkI6jgOufUVVG+Unqf/J8xiurHNzlC7z5XjNyksfsLmzHVUtxdf/+CxlcG0C8XlJjJ2kUo+Q25jneRn/4X8/Pv4L7+Id/iRYzUhFQUBt8eFosq15LdIBFEQsTl4jHXPERywNx70IJnaQQPPejt3TB9bt7HbdPMgnKQPxeHlH8fEtm3v59rKckOCdfm+B3G5PTsUKhcmJhkYHGZ1eYF0OsnayhKTgeA+/Tha30zTxKjeUTeUd0XpnhTaOZd1wqIdkqO+jOM4KKpGYJuMCkWi29ehuGd5y6qpO/L5PKZpEggEDvzi3U0GtcKeftZ303H48rPfsbQwB9vXwf0PP8bYdrmXbds7rgHLslAUZUfJSk051OVnwLGQVRey14+R3t8/phOklxYo5zJEHv0nuPomj6XNM3y1KBaLzMzMIIoiU1NTZ+TGAYhGowQCAebn51lZWSGfzzM8PHykQfpJ4zSRG/l8npmZGXRdPzK5sby8zNLSEr29vfccudEMvfcbtZKVxIdYRhV3cABZbf+8SLKCr2eEQnqDSv6PCHYOx/s4CO09ErtcLkZHR4nH4ywtLZHL5RgfH0fXO7s2jgv1MpJ0Oo3L5WrbZ6NdhMNh1tbWGjHEneChhx46tn4chkqlwurqKmtrawAEg0FCodCJERtQ+y5plsurqsrg4OChxFI1/SXl1Kdo3nBHSqRKIUkpu4kauIoaaj+e3qrUfOJEqXkyqXa9O7aDZVYR9ShaMEIl/SmGy4+iHx7P7PL3kI0vUE58jN7zbNv9OQhGdpry1rsggDcyhOra31ukFWyzSjG5DpZCcW0LLTqGtVbYQ3LshICs6ciaDnvedrBNo6F+kTWd6KUpKrk0kuZC0VurSoxSkVIqQSmVxDQq9D3zFyi+XhTf0UpgXX2XCN3/I/KLH5H+429IzN9C9wXwD43uSGy5G9C8AbSJAKV0klxsna2P/mON6Lj0Au6Bq01qDuh2HCdKIrpba6g4JibGuXnjZqPkbD/cswRHHSc5uG3eRrvkxnH3p95eu/LEo26/vr5pmmysLde2LUmEo9E9ChVZUQiGI6wuL4DjsBXf4PJ9Dx5p+/v1p1wqUGqKx00nEzsG8cd93OtERDvttqv0qLfbTM7B4X0vFoskEgkKhQK9vb1dP2C3KjtphYXZ6ablRM4Nj8LFy3vUU9VqFdM0UVV1R7yubVuHlEcd1EcRWdcxjxY41EB2fYVCcpPQ1e/iO3/teBo9w1eKunJDEIQzcqNNKIrC5OQkgUCAubk5crkcw8PDRKOdlQjcDZw2cmN2dhZN05iamjrSAHh5eZnFxUV6enpOjWLgq4QafABRCVLefIv81m1coQG0DgdCnmA/sqJRSC0hmBkc3zWQ26vvFwSBvr6+hprjk08+YXBwsK2Z++NCuVxmeXmZWCyGoij09fURCHR2DNqB1+vF4/GwvLxMf3//qfMeqVarrK6usrpamy0OBoOEw+ETKUVpxm5yo27iehihYuTnKCfeR3X7O1ImVEsZCqkNVO8YevTwNLlmWPUSlRYTuua28bvsCaFFHsMs3a6VqrRBcMiqC5c/Sil7A8VzHsl9BD8gx6K8+Q7V3C0U3YsnONCVh1ohvQGWTW5uEatcARxs2wEctmZvoPuDyJqOpGkouo6s6kgHKteFPf0QRBE9sPdeYVUrFNMJSskkRrk25nAPXqXn0otokeONmpZdISRXALOUga/4M+kKhnEFwxQSmxRi68Tf+7e4By7jv/QSwWithOooag5VlQkEfeSzRaKRKP39/SQTyUb6YivckwQHdG7o2F6bd342TYN0KklP38CeL4Pds/q5TJrN2PqeFBXTMFhbWcLqcrBXR30/08ktctnsgXGz1WqF2RvXsa3tQbdAV6RbtVwml6nJsBRZwR+8I0lsPvaR6B0mM7a+RiqxiSCKLM7N4DjtD/x3Yze5ENtY25GiktiMk89l8Pn3U4x0j7Xl29z44jNUVT0wozsS7SUYjnSk2tmt9GiOjW0FQRBwu93Isowoio3/21FotGqzHVJFEERkWUEURXSXC63JYKvef8MwSKfThMNhHMchm7mTjlIsFMjnc7hbsuwHQxCP71wWtmLkYmv4x58hcPmlY2v3DF8dSqUSc3NzOI7D1atXT6WnhOM4mKZZU50ZRuNnTdNOZPDSCepxufPz89y+fbuh5jgtcbKnjdyYmZlBUZQjkxsrKysNcmN09Hgfkr/OkD0juNWaL0chsYrtr+Lyd1ZGoXlCSIpCPrEO6ddqSg79fNvr+/1+dF0nnU43Btler5dAINB4Hffno1AoNGJfoaawOGmyMRwON7w9Tss1aBgGKysrDWIjEAgQDodPVLFRR7Va3UFu6LrO0NDQoefaKq1Rir2OonvxhtsnA4xKnnxiFdk1iN7X/vNI/b7lVAu158UWpI+9PSaQXbUBuxZ6jOLGbynnNtF9h3+eXP5eqsUc5eTv8HRJcFilNcpb72JV07iDveje7q5nI5NFLkvIYgD90u7vSwdnm+hwtp+BHdvGcWom8rIiI0hy7XnctqiH6DaTQg57h0S2aVHOJikmE1Ty2Vo6ouxGC51DDQ4je0IY+TiWUUDWfIiaD1n3wiE+J/vBNoqkv/w12fn3kRWN0Mg47l0BAZm1ZbzR3kOIm+OHJ9KDJ9JDbnODwsYsG+s38Qw/RGDyJYKBuglp54oORVUIhv2kEhmMqsELLzzP+voGm5vxfccz9yzBcdLIZTN89O5bDSZfkmR6+/u57+HH9yy7vrrEX//7/7vljdGoVnfEf3YLQRB4783XufnFp1SqFURh/0GxYRrUSwREQeyqWsAwqo04UFlRcbtbDyR8TQ/sSwuz/H//7v9AFCWKhTymeVBY7+FoVs4szc/tIExyuTQba6v4tuvWjrM0KL6xxn//6/9w6HL3PXyN7/zopx1Hw3Tq2SGKIqqqHkhqNJuGtpqd2WOi23S8nB0XiMA3X/kBw+fH0V0uHMfBHwjuUO84jkM8HsftdqPrOoVclq3YnRjkSqXE+upyVyajx4VSJkV6ZRHPufsJP9ReIs4ZTjcqlQpzc3NYlsXVq1ePVcJ9EGzbplAo7CAr6uSFYRhYlrXnvf2gKArhcLjxuhsKxN1wu93cd999DUVBLpfj/Pnz+HydE5LHidNEbhQKBWZnZ1EUhatXr3YVr13HysoKt2/fpiSHTs3A8jRBVHy4B39AefNdStnrWEYZT+hcR2S3rHoJ9J0nn1zHyH247cvRvum5qqr09vYSDofJZDKN1I76wNvv9+8gPDr93BYKBbLZLLlcjmw2S7lcbrQbiUTuyoDe5XLh9/sbKo6vskTNMIzG8XUch0AgQCgUuquR3s2q03pZ0GHkhl1NUoq9hqzoeMOHe1zUYRplColVJDWEqwNyoxlWpdgoSYGacbog1vrbrOCo/X8e1TdBMTOLrPuRlcPPtSvQQz6xQjX1GWro8LKk5ntqNfUp5eTvkBUNX88Iitbdd7ORzWLmDhovCY37Qn3fWy4lCCDJLYff4nZWa/2p16xWMMtlbNtC9XiRNR3LqGKbJlZhk3y6do3W22p+WpYUN5LuRdS9iKoX2eVHUj1Iug9R8yBpPiTdh6B6kJTa8cotvE/6y7/Dqhbw9Q7g6995r3Nsm8zKEoVknHx8HW/vAL7egZbE1knC19OPN9xLLr5KfuVzCsuf4Rt7iuDkSwTd55pIjvahuzQivSGKhRIej5cf/+SH/M3P/yuZdHp73LoTZwTHCcEwqnzywVs7/vbMC99uSXDkcxnyucyev+/GQWqAdmBZJvn84dE6zXB7untotSyroQI5zOekjmwmtWMm/yhoVhpYpsnq8u0d7zu2zeLcDJeu3LeDCDkukqO5HGY/NCtKusFxq5CqlQqqpu1p07ZtzO2BWKVSIptOsxXf4OqDj6Bq+s5yEgF6BwY5P35xx7FsJjdWVlawbZtwOIwoiqyvrZDZdd5np2/w4KNP7NvXo6qaDkK1mCd1exYtMkrPtf/xxLZzhruHSqXC7OwshmFw9erVuzIYz+fzxGIxYrFYS3JRkiRkWW68NE1DlmUkSdrznizLFAoFMpkMW1tbxGIxRFFsxB3erVnLZgwPD+P3+5mdnWV6eprx8fETNw/cD6eN3JiZmUGSJKampo5Ebqyurm6TG0HyrvYHRPci9J5nEJUA5cT72OYC7tAAstr+sRdEBV+07stxA6ztKFmh/UGzLMtEInfS9UqlEsVikVKp1FA/CIKwg+zw+3cmZ9i2vYPMyOVyDdJTURR0XScQCOD1eu+6cioSiZDNZlleXmZiYuKubhtqpc+rq6usrKx8ZcRGc1/qaOdcOFaJUuw1BEzc4ZEDB9jNsC2DYnINBBVX30sIUudKsF9Pl3m0WtgxyHVsh7plW4PgcN8puVDDj2PkFyhl4/gih/v9qC4/qttPJfk7JM8FJPVwtaFt5qlsvYtRWEL1BPEEB7p6pnVMk2oqjV2pYFsmtmkhitvP9IgI4sGERkfb2jVGkFUNWdWAQE3dsS3xEBAak3+2bWEbJra5TXyYBrZhYJnbfytsUs2sUTYNbNtq+WwvyRqi5sUoJNC8fsLnr6LumjguJrfIra9gGlX8F5/DrpbIL/6O4lYcb98Avr4BjivZpB0Ikoh/YBhvtI9cbJ3c/Pvk5t/Hf+mbBC6/iKS4OipbUTWFUCRApVRhdTlONNLDP/rpT/jF3/6SVCrZIH7rOCM4ThCKeifiVVVVNK12Y6obbIqSTKnY/iA3HO0l3NO7w2jyzrZUDKNy4PrNy6uazkOPPYlyCDMb6emhp69z13xRvMOUOo6NZR1ebiJKEj5vAFlRKBZybZEErbDb82RtZYmN1b1s4a0bX/DEc9/E5w8cK8Hh8wd59MnDzZaGz48hSlJHHhwnhZXFeX7zi5+j665GwkylXKFcLlEuFamUS1QrFcqlIuVyiWhvP/1DwwwMDe+94cvKDuNUuKM6icViFItFLly40HgoWZybacgF61hdnCeTShAI7ZTdQW2wunv544JlVEktzCG7Q/Q+8VcgnK5a4zN0jmq1ytzcHJVKhatXr+4ZUBw3Njc3icVijcjAaDTaiCasv7oZmGiaRjhcewDNZDJks1nS6TSJRAK4U3ceCoWONKjuBIFAgAceeICbN28yNzfH8PAwfX19d2XbdZwmcqNuXlsnN47i77K2tsbCwgJlOUjeda7jvtyLUIP3Iakhyptvko3fxhMe6CidApp9OVYRzFdxfE+Asvd76DDUy0Pr14Bt2zsIj/r9oa6wrKP5IV3XdXw+H7qu43K5TtxT4jAoikIoFGJjY6ORiHI3UCc2VldXsW0bv99PKBT6SlUk1SbT+nbut6XYa1jVDL6eEWSl/c9yIbmGZVRwD34fUe2cQK7fH+1qYYeCo3n8bFerKO7Qjj+Kshc98jilrQ+oljJtGX3WS1WqyY9x9b984LJGfo7K5rs4TnX7c9odOW4WCxjJdC1NMB0nvR1J3BrCtlXFtoJdEGrG/PXxggCuQAhEEVnVkFQNSVEQJBnhgFLwO63T4A+alc2iKCFqEuga2BzIMTi2tU2CmNimgW0a24SIiWUYuM+dxxvdaVJaLRXJra9QzqbRoheITn0XvWcMAP/4M6RvvkZ27UuKm5t4B/obsbd3C6KiEjg3ijvaRz62RvbWP1BY+AD/5DcJTr7YEcnh8bqI9oUxTYvY2hbRSA9/+Zd/wUcff8z1P96gXC5hVA1MyzwjOE4KLpeHp194mWA4gqpqSLJMKHynpuzasy/w+DPPY1m1dI92B2xqE0lShyTJjI5NsHJ7Hs3lJhA8/EbR0zvAcy99B6/v8If93eag7UCSFeRtt2bLtKhWWz+EVpq+zCcmr/Lci6+gqCoLs7d4/e/+FqN6MGmzG3WiQhTFhjfF5598SKVSS03x+mr1sJl0kq34Bp9//AHPvfydto1g28HIhQmefv5llDZmFY47Mafb3m/FN9iKb9RuyvUiQ6d2k3YcwLFrX37b/bUss1FCtN8+1A1F6+8nEglisRijo6ONQWYuk2bmxpe1vou1cijHsUklt/jj55/y9As7vyQNwyCVShHyasDxkg+O7ZBcmMWxHXqu/QypQ8O6M5w+GIbB7OwspVKJq1evnpiHRblcbqg1qtUqLpeL4eFhIpHIiQxK6rO/w8PDFAoF0uk06XSa+fl5oDajWFd2nPQgRFEU7r//fqanp1leXsY0TYaG7o7a4DSSG/VknqP4u6ytrTE/P09ZDpJzHcG07x6E5B7CNfRjKptvUkiuYptVXP7OUgs0TwhR1iim1rDSr4LvcdDHjtQvURTxeDyN68KyrAbh0QyPx9MgNE6bmSfUVBz11JYrV9qLKO0WlmU1iA3Lsk4FsQE1sqpZRXqYv04p9hpmaR1v9ByK1v59IZ9cxqgUcPe/jOQa6Lq/3x6psPzl/K5o1DtPi2a1jOTZ+xlRAvdTzS9QysRRdf+h5dSSrOIO9lBML6AUFpA9F1ouNyZ+RCk2jaJ7cAWGOiJ86nBsByOTxioUMatFUrcXqBYL+CeeRQ2dq3lo2Ba2bSJs/+zYZs1zwzbBsXEsE8e2wKm9V95aIL8Zr43HhL3jHlGSkTUNSdVRXLX0FFHVkBVlWx1zyBN4KwOPXRBECUmRdnhnODiNyfLdyK4vk4utI4oK/rGn8U48i+K5Q8iqoWF6n/oXlGK3yN56jfTyHIXNOL6+QVwtJhBPEoquExodw9PTR25jldSXvyI3/z6ByW/iG3u6baIjEPLVVDKiwOZGEoBvPPccjz76SK109vYSm/HNM4LjpODzB7j2zPOomr7nQ9KcsCGKKmqXJjDNCSnXnn2Ba8++AEC093DFhazIuNyetsmLTn0fFEWpmUtmUximQS6TYWBoZ78BMulk4+dwpIdzoxca2+vG+2O36ebcrRt8+enHjfdHxyZQNReffvQOAL/74G3GL08xMDR8bA8TiqqiHOJ5UcdJRQIfBlEQUDUdWVYwLRPLbir52L4Ji6KEIimo2/ujKCpuj5dgOEJv/yDBYLjtayeTybC0tMTAwAA9PXdMqz754B024zX/jf6Bc4iSxOrSAgAfv/cmFy5OMjA03GgnHo+jVOIInnPA8cpSU4tzVIt5ep/652jhs5SCrztM02R2dpZiscjVq1cJBo8/Jz6VShGLxdja2gJqKoqRkZET2dZ+qA+ahoaGKJfLZDIZ0uk0S0tLLC0toet6g+w4yX5NTk6iKApra2uYpnnifhGnidwolUo7knmOQm6sr6/XyA0pcEZudAlR9uAa+B7i1vuUMl9iGhW84aE9MeoHQdHc+HvPk0+tY+Q+RrByOJ7jS3mTJAmv13vXVBDHBVEUiUQibG5uEo/H6e09WuRlK9i23SA2TNPE5/MRCoW+shje3djtv3EQKlvvYeTn8YQGaiRBmyimN6gWc+jRp/clCg5D/R6ZW/gAAHfkzrkStlWEjm1jlor4Blp7nunhxyis/ZJiNo47cPjMv+6N1gxHEx/h9ZyneUT/9vQKD0kf4hGSuPzRjonHOqxqBSOZxjar5FMxsovL6D1jDFz7HlrkfFdttoJtlKimV6mkVzFym9jFBGYpW9u/TGpPEIIkq0iqhqxryKpaS2pRNSRFQ+qkjErY/Wt9xlFovFctFShublIt5LaDAwyy8++RnX8PoOad4o0gu0PI7jCyN0zg8rdxD8XIL3xIcnEOdSuGr28I3X93J/NUt4fI2CXKuQz5jTUSn/5NLVp28pt4hh9pi+gIBH1I2+q3VCJNNlPA4/ZyefIKlydrxOs9SXAc12x9O23sluo3/70+EM9l0nz68fuUip2XZDiOQyGfw7Lu1AM+99J3cO1j6nlQH3ejlbFkO/srCAKa7qKnb4DN2BqWZZJKbO0oA6n9b5NKbDXWjfYeTTZVJyjqx7VSLvPh2/9ApVK7yfcPDvPwtadxud0s3LpBOp0gm0nx4Ttv8P0/+ycoqtZIGDkub4uDCKTdsavHsc126RJRkvjWD/6MbCa949qB2s1UkmVUTUNVNTRNR9P1mrxeURvHub5f8iExXvX642g0yvDwnVrO9dVlPvnw3cbv9z30WK3UqlolvrFKOpXgvTde5Ud//s9QVJVCoYBc3kQ2UojSedjfi7FjZFYWKWWSRB7+R7gH7z++hs/wlaBObhQKBaampo7VG8I0zYZao1gsoigKAwMDRKPRr3xmUdd1dF2nr68PwzAaZMf6+jpra2sNiXmd8DjuGeKxsTFUVeX27dtUq1XGx8dPZBb6tJEbMzMzjWSeowxYNzY2auVUcoCc68698qw8pTto0acQlADlrXfJxhdwhwZROvLlkPFFhill45SyN2vmo95rIH61n/OvGqFQiEKhwMLCAqIoHluCS92j67QSG3U0P6sdZApdSX5CJfNHXP4eNE/730Gl3CblfBI99Ahq4GpXfazfI787qbPyyw/RAyGU7ePYPFmZj69j2zauodbkneQaRPVPUc5eR9F9KNrhZXe6v4f81hKVxEdokZqXWjX9BQ/KHyBKCp7wMIrWnQ+WmcthZLJUzSKZ2/OYZZvwQz/BP354WXinEBUXes8Eek9rvxmrnMXIJ7FKScxCkmouhplPUCmkKKUSO579BUFoEB014kPdVoPUPDwOj8MVdhAfqsuDOnJnnGebBkalglXdflUqmOUE5ewaZrVK8+hAEEQk1YNZqpCYn0b3B/H1DaJ67i7ZqvsC6L4ApXSCfGydzY/+I9n59wlMvkg17OMwuYvX78Hl0fH63WRSOQr5EqVCGaNa8wy85wiO5vKF+u+HLd8KRrWKqmltPbzVpfr1n+vt1m8yicQmv3vvbUqlQtc1BuY2o6xpLh56/Cn6B9uf+dk90D7o/Tp2D4pbrTN4boTrf/gEHIeFuVtce/aFHW0lNuOsrdTq5TTdxdDIaNeKhmZTUUEQME2TN3/7K2anrwO1Af0jTzxd8z4RRR56/CnefO1XOLbNF59+jKbpvPTdH7V9TrvpW7u/nySaCbfe/kF6+wf3eI/U+9PqXDRfy/VlD+q/ZVlsbGzg9XoZHR1tLFsuFXn71b9rmOtGe/q5/+EawYHj8Jtf/BzLMrn+xacEQxFeeOV7qLKI4NERhG1HaPN4fDjysTXyWzGCl1/GN9ZZtvwZTh8sy2Jubo58Ps+VK1cavhVHRS6XaxAbjuPg8/m4cOFCw1TwtEFRFKLRKNFoFNu2G2RHMpkkHo8jyzLj4+M7FFXHgXPnzqEoCjMzM0xPTzM2NnasxM9pJDds2z4WcmN2dpaK5CfrOtzU7wztQQ1MIakhSvE3ycUX8IYHUTv05XD5exElhUJqDcxXwXsN1OP93Hzd0NPTw+bmJjdv3qSnp4fh4eGuPWccx2koNgzDOLXERh2qqjYmwwzDoFKp7LnHGZnrVFK/R/OGOoourhRSlDKbaIEp1PCjR+rndyd18osfY5azBIYmG38XBQEHcCyTfHwD99AD6NH9VSJa5DHMwgKl7CZKz+HKPFX3ontDlNN/QHYNYeSmqebnUd2+mpFoF/GotmlhptNUy3mK6U1yi6t4Rx+j7+p3kfSvJsFL0v1Iuh843/J9s1AjPsxiounnFJVCEjMR37GsKIo1AkSrER6SpiKpNQWIrGiI8sG+XaKsoMkK7ENSWNUKplHFLJexqmWsqoFZFbAqApVsmnI2jTsUwds3iKLfHQ+vOlzBCK5ghEIiTn5jjfi7/xfugSsEJl+i5DuY+JEkiWhviGDYTzFfolQsYxgmlnkPEhx1cmP3ILZaLu34vVgoYJoGsqxQrVQoFO5ED5VLtRjLoeFRyqUioiRRLu1cvxnNg8rm8pQ6ZFlB1TRM09gledqWJR0IAbOJbKhUSlTK+/elDsu0MKpV9G15XTNBsLvvlmVSKZUoFPKEwlEUVW0QKvvtL8DQ6Hk0zUWlUmJ5YY6F2WnGL11pbOcPn3zcSBLpGzjXVmnNfmjuv2mavP7rv+XDd99oHM/zY5e4/+FrjcH8o089y8LcNIvzMzi2xcfvv4Vlmrz8/R+ju9x32uyCcDFNs6ECOYwwqh9fqHmpnCSaDT9bqVRqxIWDuO02vdskdDfaUZ1kMhlUVWVoaKjhRVAul/jtL/8bN778tN4Sjz31HL5A7aHzgUefYG7mJtN//BzbMnnvrd9iGFVeeOV76OFhBMcChGMxGi0mN8msr+A7/wTBq985cntn+Gph2zZzc3PkcjkuX758bOTD7du3WVlZQRRFenp6iEajRzKQvNuoJ67UlSzZbJa1tTWmp6fJ5/NcuNCdBHo/9PX1oSgK09PTjYSVo5Rt1HGayI1yuczs7GyD3DhKMk8sFquRG7KfrGtnedyZeuPokFwDeM79mHL8TfLJZXSj0pbcvhl1X45Seh0z8zp4HwPX+An1+PRD0zTOnTtHMplka2uLzc1NBgcHGR4ebivRqVwuk8/nSafTbG5uYlkWXq+X/v7+u2aSfBRomkZp+7m/UCjsIDjMwgKlrXfR3H48wfa9M6qlDIXUOor3Alr0ma771nyfzC98gOJyo/vulCHUn+Zy8XVs2yI4+c29falWqVQqVCoVTNNEUSZRyp9RKUWO4gAAIABJREFUKabaMgR1B3qpFHIUN36L45i4g33o3u6+j61yiWoyiWEVyaysgOWh5+l/ibv/ZD1gjgrZE0b2hIG9ChDHNjHyCcxiEquYxMgnMYtJzEKCYiaFbewcx0mSjKSq2wRITQHSIEBU9dCUTWnbNFVrkYzpODZWtYpVqVDN5zArZTSP765Hy3oivXgiveRi6xTiM6yv38A78gjChSkkf5SDFACyLOEPevEH7xA89xzBAXcGZqnEJhtrtXQN2945gFtdvs3H776FZVmYhsHK4kLjvXRykzd/+0vKxSKFQp6xi5cZuXD4F91+g8VoTx//9H/+XxrpFZ3Ath2SiTi/+M//oaPY0XK5xOLCDJIk1waytk2xkKdcKlGplClvExqVUpFSsUg2k8KyLB5/+nmee+kVrANkeXUMDo0wcmGCmZtfUCoVeOvVX6NqGl6vn/mZm3zy4duNZScmp5BlpavykGZyo5DL8s4//JYP3nm9QU4EQxGe//b30F2uhvrA4/Xx8vd+wn/5f/8fkolNcGx+/9E7GKbBY089y8j52vnsRlFSzOeIra8gCCKWZWGZNYa/WilTKW+/KmUK+Tz5XJZKucTI+XFeeOX7Xe13J2gmN5r9Sv77z/8TqcQmpmHQPzTMd378j3csv7uNZp+T/VB3gx8aGmp8+RcLeX77y//KZx+/11hu8uoDPPjYk43fNV3nm6/8gGw6xfrqErZl8eE7r1Ms5Hnq+ZcYGBzCsSrYdmcGtLtRyaZJLS3gHrhC5NE/P1JbZ/jq4TgOc3NzZLNZJicnj002XSc3+vv7GRgYuOvRjCcBv9+P3+9neXmZ1dVV8vk84+Pjx0rahMNh7r//fm7evMnNmzcZHx8/kgfIaSI36rHDpmkemdyIx+PMzMxQkX17yI0zHB8EyYVr4DsIWx9QznyBbVbxhAcRhPY/z4rmRoqep5Bew8j/DuwseB4+wV6ffoTDYQKBAIlEgrW1tUbCSjgcbnwuDMMgn8+Tz+cpFArk8/mGj4UgCI370deB2KhDVdUdBEddKWiVNyjFXkfRPHjC7SupzWqBfGIVSe/H1XdwAslBaC5NKcVnKScWCQ6f37OcbRjk4xso/VdJVhQqi4sNQqNSafVsJXDO60NMx1A0345ElpYQJNzBHsqFNO7gcEelYc0wMhkq+STFXIriSgzfxIsEJl/sqq3TBEGUUf19qP7WRKtVLWEVa+UvRr6u/khiFVMUEwksq7pjeUlWamSH1lwGozXSYA7siyAiazqypnMaiu98fQN4or3k42vkln4PS7/HP/4MXLiC6Gr/u/aeJDjqiG2s8fe/+BvSqSS7lRILszdZmL3Zcr1yucTt+ZlaTZUkkc/nDlRwtMLOyFYNUdr2ftjTk0PasW1y2XRH2wbYiq/z//27//1OP5zGP/tCEETSqQSmaRxooFlvU1FVnvzGN1m+PUu5XGJpYZb/+H/+a2RZIV/INQiIsYnLPPrkM0c23Jydvs4bv/nvrC7fbvxN03S+8fJ3GTk/viPRA+Dc6AW+/aOf8pv/9tekkjUvkC9+/yG6rjMwNIyiqN34nDI/c4N/+69raQaOY2PbNrZjH6AGEdA0HcuyDh087VZNdEJyiKK4g2TbWUdqMD9zAwDd7d7T191lKbvPVe/AEFvxDTweL4pSM1g1TZNAINAgNxZmp/nw7TeYvv55Y72h4fO8/L0fN5REdfQNDPHKj37KL//mP7EZq5mQfvHpRyQ2Y3z3J/+Ec8NDVDtM2GlGtVQktTiHFhwieu1nXbdzhtOD2dlZMpkMk5OTx1Z20UxunDv3p2f4ODw8jNfr5fbt23z22WdMTEwcq2mg1+ttkByzs7OMjo52dW5OI7lhGAZTU1NHih2Ox+PcunWLiuwl69or/T5Tbxw/9OiTSGqQ0ubbWLEFPOFBZLV9Yk+UpCZfjlsIZhbbew1B+voMzo8bkiTR29tLIBAglUqxsbHB2tpay2XrCTH1EhRN0+5qme5xoVmxUSqVME0T0clTir2GJCt4wu0nSZlGpUZuqEHch8SrdoL8wvuIkownvPeem4uv14zbhWGslRVUVUXXdfx+f8PLqX5+VFXFNE0yiV7s5G8oZeN4Qq1NSZuheUIdeY80wzENysktKtUcxVgcQRqg7/n/AcV7b5SGSaoLSR2C4BCt7ixWJY9VSGIUtjALKaxijQAx8klK6dgeA1RZqZW9yKqOqNb+l7Wa+kNU9jdArWUOtBH/cswQJQn/wDCeSB+5+DrZuXcR5t/Hf+kFhPErICmH9umeJDjq0ntZkhuz2bXx/a4BaOOmKyBJIpIoIQgiqqbh9njx+YMEw2HOj1/C4/WytDDfVX+MaoU/fv57ym2UluyGbVnEN9YpFgqHLiuK0o6oz5rEf/8LRBBFZElGUVV8vgChaA+TV+9HFPafvW8uxZEkibGLl3nmm6/w9mu/plqtbO/jnf2M9vbz/Le/h9vjbSt15CAIgrDjOLg9Xl767o94+NrTjT7Vt1Ef7E9OPYCuu3n1l/+14QfSNzCEsv2Bb/eLt17WUodp3SnhuUMGNJkEOQ6CKKIqGoFgiHOjF9ry/mgmOPYrK9pvnYO8NZphVKsHvr8bvf2DfOv7PyGTTqHpOv2D57YljUqjhtY0DRZmppm7df3Oen2DfOsHf9ayNMlxHIbPj/Pjv/grXvvVf2uQjaIk4fZ4cBy765IeyzRI355DUDxEn/gZonwaOOszHAV1cuPSpUtn5EaHCIVCuFwulpaWuHXrFvl8nrGxo0ViNkPTNB544AFu3rzJ4uIihmEwOHj4w3Edp4ncqFartVKSSuXIscObm5s1ckPynJEbdxmK/zKiGqIcf5Ns/Dae8CBaF74ckqyST64hpl/F8V0D9WhG6V93aJpGf39/zfy+UNhhwPl1JjNaQdxOcKhuPy8V8ymk/FtgV3H3jByucKjDsSgmV8CR0PteOhJR1qzeMAsJCiuf4+sd2BPvalUr5Dc3cA8/yujjL6G14T2nqio9A5coiAkKW79DdftRtJMxpTQLeYqpDQyjSHmriO/CK7iHHjqRbX1dIWleJM2Luk/in1lMYRZSDf8Po5DALKSoFJOYyc0dy4qigKRsl73UDVC3lR+KpoEkt+eYcAKQVJXgudGaoiO2Rmb6dcT599EvP4l6/uBr4p4jOJoHd0Mj53n86W/seF8QarPpsqIgKwqapiPJciMmU5blO6kSTYkStmV1TXDEN9b5+1/8vCYLE0ASu5FAO/UdaHgo7MbA0BBPf+PlRqpIHaIo1WJddRfa9peQprtQNQ3d5cLj8eH2eFC1Ow9c8iE1lnUyQRRFnnnhZUKRCB+/9zbLi3M4toPL7ebCxGWeePYFhs+P7VBXdFt6MX7pCvc//Djvv/0avf2DPPfSK0xOPdDoS30buw01R8cm+Mc/+5dc/8NnZNKpBiHSbl8EQeD8xEVUVdtjvipK28dWq10vqqZtH18dl9uD1+fH4/Wh6XpbREW9NKSVUallmjvoqnrpEdvr7fh7h2qZVturt6OoKufHLzXeM00TyzR3yN1lWSEc7akRX7LCyPlxvv3Df7SvGW46nUYXKvT39fDTf/ov+PCdN1hZus0Tz71AOBzGNsuoXRoXpm7PYVRK9H/jX94zswF/ypidnSWdTnPx4sVjUx8sLCywurr6J09u1KHrOpcuXWJ1dZW1tTVyuRwTExPH4psBtfvFlStXmJ2dbcTIjowcXo5x2siNmZkZKpUKU1NTRyI3tra2mJ6epip7yblGuduzY2cASe/Dc+7HlOJvUkguYnXhy6G6gwQUjXxyDSvzBngfAdfFk+nw1wiCIHzt4m+7gaZpDYLDTr8DVhJ/zyiy0v69Jbe1gmlU8Ax+H0k9uiH2dyd10uk0qS//DoGd0bB15OMbAPQ//H3UDsuCPH1PUcnNUspsovTuPcdHGQc7tk05tUW5lKSSyiC7LtL3zA/2EDRnOBy1eNgQ0GKywrYwCnc8P4xCzQfELCQpZ1NY1Z0T5qIo3fHw8PrQA0Fk7e4S8IruIjQ6jqenj9zGGsUv/gEhEUe69Biir/Xn5p4jOODOAE93uXn2xVf2XaadduoKEPEIddm2Y2OYJrWcY/D5O69Ttm0Lx7aRZKVlRKzjODz21DdarLkX++17sz/GQYPLVqaqVx98lInJq2ysLdfiv/wBoj19CNtO1M2ESKdoLrt46vkXESWRBx65RigSbUlu7FZy2LaNPxjmqedfwqhWOyZYHMfh0See5dEnOuvv7r+1c83VyQ3btshl0tQfjA2jSjq5taMNyzKZn50mGIo0Sl/cHi+KqrZNcAi7yJGD+m3bNrlcrlFTuxsPPPoE66srhCJR7nvoUby+1tLupaUl7MRNHF1C6r+Iyxvlxe/8gFQyQSgcxja7L01JLc5RyWfpeeKfofcc3yz1Gb4axGIx0uk0ExMT9PUdz+zp7du37ylyoxlDQ0N4PJ4dJSvHdVwBJiYmUFWVpaUlDMNgfHx/76rTRG4YhsHMzAzlcpmrV68eyUtka2uLmzdvUpU8ZF0jOC3IjTP1xl2CqOHq/zbC1oeUM3/ANiq4QwOI0uEmmXVIigt/7wUKqVWq+d+DlasRHWf4k4emaeRyOfz8EdHawhMZQtbaJ4XzyRWMSgFX34tIrvZVba3w6h+38JpZPv00g2WZRDev4wpGkHenu5TL5LdihC59A9XX3YSAu+dJsit/Rzm3he7b6XXVLblhlUsUUhuYVgkzJ+Af/3PU0Fma1IlAlFB8PSi+1hN8tlnBzCcwt+NvzXwCq5Smkl6lsr5CZm0J1ePDP3iupWnpSUJ1e4mMXSK/tUFu7Qb22h/RrzyDPnFtz7L3HMHRavC933KHtVNHO4aLhzTWVB4j8PC1pxmfvNK14VIocuei3S+55eDutB6AQ7OK4GAiok4iNBtSqprGyIWJfZc7Curra7qL57/1vR3tNv9/UP8EQUBWlLbVG/Vj2+xt0Ulfd//e7nUkCAK352Z48+9/STKx2Vi/Wq1imndKY25++RkLs9NIkoQoiCiaxis//CmTVx9o6aPRajvN/x+2XLVaRdM0XC5XS1JEFEVe+dFPDyRMVlZW2Lr+KsHKIvbIFRwjjF20QfUR8LuxK1kc20CQO/9sZNaWKaYShB74IZ5z97Yx3J8CisUiy8vL9Pb20t/ffQJTM+6VspSDEAwGmZqaYnFxkZmZmYaa47gwMjKCoijMzc01YmR3py6cJnLDNE1mZmYolUpHJjcSiQQ3b97EkD1k9FFg773wjNy4+9CjTyBpIcrxt8jFb+MOD3QkvxcEEW94mJIcp5SdATOD43sCQfr6JC2doTu4rJu41S08oX40V/uqrmJmnWoxix55CsXbXRpPoVAglUqxFk8QtI1aZGY0irswT86u4GkR/VqI1zzNwlPf6mqbAHrgItXcHMXMDIrLjyTv7+HQDirZBIVsDLtsILsvE37o628i+nWGKGuowUHUYGvSLTPzJrnpN9iauYHuD+LtH0Rz313FljfajysQJru2TPHGuzixJdTLTyBF7pBi9yTBUR/YHmXAX8dx1BM2ty5JEkMjo/T09SPL7c8i7O5Tff+ayZyu+rarnKOTY9Z8jFute9S+HbTN3WqNg0ibVpGu7ShJ2iHKmrdz0HvN56wdbMVjrK0uHZpmsyMyOM+2oe7BKJdLJLbihCI9bStqHMdpq772oPY2NzdZv/4mvsTvkcNRdLeIVdjAMYuIhh9B0mqEkqR2THDk4+vk4+v4Lz1P4OLzHa17htOJeDyOIAjHFnF6Rm7cgaqqXLx4kbW1NdbW1sjn80xMTByb7HxgYABVVRsJKxMTEw1C/7SRG7du3aJYLHL16tVGzG43SCQS3LhxA0P2kNZH4JBJgjPcXSi+S0hqiFL8TXKbS3jCA23FYTbD5e9FVDSKyTWE9Kvgu4ajHg/5eobTBcdxKG5+TECN4fJH0Tztl5eUc1uUcyn00MOowfs62m6pVCKVSpFOpykWiwD0RqNEt18At3/9c1S3B827UyVrlIsUkpuEr7yI0qX5J4Bt5LDN2ratagFJUroqI7EMg2JmHaOcB0PHf+lniMq9a9b7dUHgYu05OjvzBpnrr7J16zruUBRv3yCKfvcIeklRCY2O4wqEyKwtk3vvr/GPP4M4+QhI8r1HcMDewXc7y7dCJwP+dmHbNtl0ipkbf0QUu2tbVlRGL0ygqOp2OUN3Cond63RbPtJc2rLb6PIghYmwvf/7eYrs3s5usqQdAqXV9tslG46LPOrmOtJ1HbfLu0Ox0Q48bQxQ0oktfvOLv0HuKgNbQJZlHn3yWc6Pt1+LnM1mmfvD2wQ330fz+giNjOGYZSzbxDFL2JUcgqQiyBpo4RbznvujlEqQWVvGO/II4ft/2PkuneHUoVwus7W1xdDQ0J7Z/25wRm60xuDgIG63m8XFRT777DPGx8cZGBg4lrYjkcieGNl31482E3gQulVuFItFpqamjkRuJJPJGrkhucnoI7BPNOmZeuOrhaj14Bmq+3IsbPtydEZQaK4AUq9KMbmOmXkTwfswjuvS4Sue4WuF/Obn+OUlNG8Ql7/9Uo9KIUUxE0f1X0YNP9bWOtVqlVQqRTKZpLBtpB8KhRgaGiIaje5I3yusX6ecXCE0cof4r2dg5GPriKJyJPVGOTNDfv0NbKuCOzyA2iEJ2NinQoZCeg1sB8UzhWvgma77dIavBv6LL+C98BTZ6dfJ3nqDYmoLb7QPX9/Agcksxw09GEbzh8iuL5Odexd57UvUy0/dmwRHHcelHDhOOI7N3/7nf3+kNvoGzvHDP/9nDJ67Y+L2Ve5rOyTAbkJBUZTtyFGFoRYZ3q2wm8jptGyk01KeTrdxXHAch/sfucbw+XF2R0EdhkAo3Pp8NP1aKhWYvfll1/2TZJnRsfG2CY5KpcKtLz7Gv/k+iuYifL5JDm+b2NU8GCUESUHUQ4ha+zMllXyO5OIcrt5xoo//00535QynFPF4HKCjNI79cEZuHIxgMNiIkp2bm2uoOY6D3Pf7/Y2ElVu3bqHp56go3ZeA7IduyY1CocCVK1cIh7s3/0ulUly/fh1TcpFxjeKckRunG6KCq/9lxMTHlNOfYRlV3MEBpA4UtfK2L0c+tUo1/ymClcXxtjeYPcPpRz4xjU+YRnH58Owj42+FajlLIbWO7BlF73nuwGUrlQqxWIxcLkepVFPi+v1+xsbGiEajqGrrAWR69l0kWcHdFA0rANVigWIqQfS+V5D17nwTcutvUkr+AUXz4I1e6MhMtQHHoZBep1JIAx68oz9AVLqP2j7DVwtR1ghe/S6+sWfI3nqdzOw75Ldi+PoG8fUNIHQVmtE5BFEgMDSCHgyRXV2m+Onf3dsEx3FDFEVkRcE0zVriSJsPgKqqEenpY2tzA8e2UdWjPeiIonho6cJxIBAIkkxsIsvKoakqnSLS08dP/vKf4zgOfn+AQOjOA6bfHySV3ETT9krZToJw0HUX5UoZTXcd6j1yPBBwuT2USkU8Xu+eBBSoqT5Ckeh+DRyIVscoEAoR7emnWMx31+VtiIJIIBwhEIq0vc70jS/RV/8B2akSPH8FsdWDpGPh2ALsInRC4Si5bBpFrSXTNMOslEndnkX19dLzxF91tT9nOH0wDIN4PM7AwABal0k6dZyRG+1BlmUmJiZYX19ndXWVfD7P+Ph4SzPhTqHrekPJQWqFgmNSVLu7t7VCN+TG7Oxsg9yIRNq/l+1GM7mRPoDcOMPpgxZ5vBYlu/kW+c3OfTkQBLzhc5SVTYqZuW2S4xpIf/rpIn+qME2TSn4Vj/UHZN2NL9z+d4ZRKZLfWkV29ePue7nlMpZlkU6nWVtbq6UqAh6Ph9HRUaLR6KG+fJXMBrmlz/H17SVd8vE1JMXVlXrDKMXIr7+BUYrj8kc7Uqw0w6wWKaTWsYwKincKV9+ZauNPBZLLT+jBn+DZVnTklj6huLWJp6+/FlV8l6B5fPRcmiIXXz8jOI4LjuPQP3SOa0+/QD6fo7dvoG0PjWhPHy9+54dUK8dXe9w3MHRsbbWCPxDkocefZn11GVmW6ek9Hqf9ZnXB8OjelItgKMKjTz5LOpVAd7kJBLuXDbeDSE8fjz75HMnEFv5AEI/35B2Dw9EeHn/qG6TTKULhCJ7tOsrmcp+jzJ7u9lVxHIeHHnuShx578sh9r8Pf5nmZnp6GuV8jG2lC45OorgNM2Rx724zXBsfG7Xbz4GNPEO2r3TyHRs7XFC2Og+NYJBdmcJCIXvsZono8cZdn+OqxsVGLuDuqeuOM3OgcAwMDeDweFhcX+cMf/sDY2NixqGgkSeLq1avMzMwQi20g2AYF/egPRZ2SG7ZtMzs7Sz6f5/Lly0ciN9LpNNevX8cQNdL6CI6w/+PWmXrjdELxTSCpQcqbb9V8OYL9aN7O1Dy6rwdR0Sgkmn05jv6ZOcPdRT6fp5TfIiJ+hqzIeMNDbU9iWmaFYnIVw1ZRg8/u8d9JpVKNl+M46LrOlStXCAaDO8pPDkN69h0APJGd6RjVQo5SOkXPgz9A7FB1UUp8Rm7jbSRJwRs9h6p3R2pXSmkKiTVE0YV74LvI7rPv3D9FqP4+oo//Jb6xp8ncep3s2h8pbm3i6+/HHe6OGOsGvt4BhFKpdPrqNL4mqCeK1F+tBp31iNL6q47D1jsONEekNm+7W9T7K0lSyz7Xt2dZVlfbqw/c9zsmdSVD83vNRqLHsZ/tnFPHcRr7eBzHtdPr6LjQfKyPcg3ato1hGKiq2pFPy+LiIqnPfo6enyc0cmGHpLJ1h0VEPYTiH0b2DCGqXhCbBg2Og22WsYtxUrMfkZh+h75n/xWuvsku9+wMpw2mafL555/T29vLxYvte7zsxhm5cTRYlsXi4iLJZJLe3l7Gx8c7ehA/CPVzU5GDZF3dn5tuyI16aszly5cbhn3doE5uVAWVjGsUW9h/suOM3PgawLEox9+gmp9H84bwBDsn3yyzQiG5hlktIXgexHFfPoGOnuG4US6XyefzWGaZsPg5mlTE13MeqU2iwLFtspu3sU2b25kL9AxcQpIkbNtuGIZaloWiKPT09BCJRAgE2k9jaWzHMpj96/8VzecjtGtyMDE/jVV1GPuz/63tkgHHKpNbf4NyZgbV7cMdGECUupgTdxyK2RjlXJKM08/w2HdAPF7F9xlOL0qxm2SmX6e8OY+qu/H2D+AKdj9x0AnOFBxHwO6kjv0Gpq08Dw5b77j7d5zt7dfno0a+NqeaNKN5W63iTY9zP9s5pyd5XKF1Mk/zNo9ruwcl3HQCx3FIp9Pout52hOLGxgaJL36JOz+Pf+Dc4eQG1BQcZgmrnAJRQzTL0Pxl7dg4Zpn8xgyFzUWij/3FGbnxJ4b/n703C44jv+88P3nWfQMonARAEgDZJFstqQ91tw7bLVmWNJI99mi0Y8sez0bMxsbuy8bGxr6MH/ZxZ5+9sfuwEd6dnR1bsmc8Y1uWZOvoltRSq9U32SDYxH0UUPd95bkPRYC4UVUokCCZnwgQYCHzn1mFrMr8f/P7+/5SqRS2bZ/KNeCIG6dHkiQuXryI1+tlfX19p5VsNxfm+5mYmEBRFJaWlgjVDUrusY5LO04jbszMzJxK3CgWi9y+fbslbriPFzccHhEECXf8FUQlQiP/NqbexBcZ6SiXQ5JdBAcmqeY3aFbfR7DK2P7nznCnHU6DYRiUy+WdUpGoeBtFqOCNjrUtbgBUc+uYegPd8yLNXIP19fWd30mSRCwWo6+v71Q5PwD5+Z9hGk18/XvFjWa5SKNUZOATv9O2uKGVlyhvvoapl/GGB3F36FraGadeopbfxLZMNq0ZFq3nGXPEjScKT/wKnvgVquvvUZz7IbnlBVz+FIH4CK7A2WavOALHKTmubOC4SWmvyg1O2rdeT8TbnYSfZhv712/n9TmNsHLYWNvbPQsh56htiqJ4ZuLRYWw7UXpBpVJhfn6e69evnyhy5PN51t/9Lv7iLP7YwKH1okdhGQ1o5MG2sGQ37LF929Qzm5Q27uId+zj+cefi8XHCsiySySR9fX34fN2VHJXLZUfc6CGDg4M7JSs3b95kenqagYHT21BHRkZQVZU7d+4Qqi1S9lzAFNvLW+lU3LBtm/n5+R1xo7+/DbH1CEqlErOzszRtmZL3ZHHDcW88WqjRTyCoYZrpn1JOLeGLDqF0GNjYEkZc1IqLYJSw/c8hyE7I4nmiXC7vdCsBCItzqEIOf3QYtYO/dyW3gdaoEBz5AoY8yjMDLVFj2wl9lBu6G0rzP8flC6B69+5fObmJ4o0QvXp47ge0XCr1ep1Go4FVfhdFX0BWW0G5stpd29ZaMUmjnEVUwryrvUSVB3PX3uF84ht9Bt/oM1SW3qB450dkFuZwh6IEB4dQPGdTQu4IHKfktG1Cz2Mnl+Po5aS4k20CD3S7vSwFOc/b7BUjIyOUSiXm5ua4cuXKkSJHPp9n8Z1/xJ97G3coQqjNDjk72BZWs4SllQFxTw1sLZOkuL6Mf/JTBC9/tvsn43AuSaVSmKZ5KvdGIpFAkqSe5EY4tAgEAly9epXFxUU++ugjms0mY2Njpx63v78fRVG4c+cOUm2JonsUQz4+oLFbcaNUKjE9Pd0jcUOi5BnHdMSNxxLFfxFRuZfLkVnDG47j9nc2eXMH+pAUlWpuE7vwQ+zAc+ByBNeHTb1ep1qtYuwK6Q8IC7iFJN5wHNXbfoenWmELrVYkMPhp3OGzLUeqrH9Ao7BJdF9pSqOUp1kpMfDs1/c8rus6mUyGTCZDsVgEQBY1hnyreOQyLn8UX7iz9sjbmHqdWn4LXaujhm7g7vsU1Tu9yxd0eLTxT34K/+SnKN19leLtH5G68yHeSB/++DCKu7fnROlP/uRP/peejujg4PDEIQgCgUCAYrFIIpFA07SduxSWZVEul1lbW2N97i2CyZ/i8nmJXZw+5d0L+17wqEW9kCW/Mo+bdFcAAAAgAElEQVR35Dp9z/5XPXteDueHhYUFwuFw186LarXKwsICg4ODPSmlcLiPKIrEYjF0XSeRSKDr+qkt19DqsBKNRikV88j1NKbowpQOvwjqtltKqVRiamqKeLz7oOxyudwSNyyxJW604TaZ6nPuLz2qiLIHNTiDbZRolNawTB3V05mTQ5JdyO4All7Dqi1iGBaCa+DMHL0OR2MYBsVikWq1uudGU0RN4mERTzCGJ9C++NmoZKiXMvj6Pom3//mz2OU9pN75T1iNEuELewWO/OoSsifM8Ev/EtM0SafTrKysMD8/Tz6fRxRF+vr66A9L9Cm3UcUq/tgInkB3JXrNao5yZh1Q8MR/DTV8A4D5bEswckRdh21csQn8F19EAGqJOSrpLWzTRPV4EHqU5+WcYR0cHHrCdvL3xsYGyWRyp9vFNqLZIJj9JZIsERm/1LOWu1qtQmFlHldsnP7n/7AnYzqcL1KpFLqun8p5sbm5iSAIp5rIOhzP+Pg4iqLstDmcmZk5dfio1+vl6aefbrWRLaxRsQ3q6t475p1eODebTRYWFqjVaqcuS6lUKszOziJJEkVXe6U0zoX+44CAe+DXW7kcuV9hGhq+8BCS0n7rallxEeifoFZI0KjcppHO0XQ9g8vlxt3ju5kOB7Ftm2q1SqVS2fO4LMvEfGWEyhyqL4wn2P45o1krUCuk8ISv4ou/1OtdPri9/DqVjQ8J7uucWM/n0KoV/Nd+nbm5OTKZDAAul4vBwUGi0SherxejlqCe/AWiYOHrH0dWj+lkdwS2ZVEtbqJVi8i+Cdx9LyPKnY/j8GQhKW4i179M8NLLFO/8iNLC61QzSQLxIfzxkVOLvY7A4eDg0DNEUWRsbIyRkRF+fDuLZOut/BBBZnj1z1GMCpGpq0hq+xeBx2FqTfJLC0ieCAMv/NGB9msOjwfJZJJwONx2iO1+Go0GW1tbxONxZNk57Z0lw8PDqKrK8vIyN2/eZGZmBo+nuzrubWRZ5vr166220ulNRNug6mpNOjoVC7adPKZpcu3aNSKR7luNb4sbgiCwKY+1nRPi8PigRp5BVMM0Uj+hnF6+l8vRWaaGNzyMILmgmETWfk6hMUOpFMDlcuF2u3G5nOOqVxiGgaZpaJqGrusHSp/D4TARb5168k0UTwB/pH1RXWuUqeYSuAITBEaOzrzoJYX5nwPg69srwlRSCUw1zHLFh6qVGBgYIBqN4vffL/MzqkvUtn6ILKt4YxeQOxDnttEaZWqFLSxDxx17ATX89OmekMMTh+QJEX3mn+K/+CLFuR9RWnuHWi5HcGQUT6h7J6hzpefg4NBzvn9XA/m+ZXd49T/gqa8TmZxC9fYmUMi2bXLLC9iWxcALf4jkccoOHkfS6TTNZpNLly51PUYikQDoSQCmw8n09fWhqioLCwu8//77x+bydMLMzMyOQ0SwDD7zTGfHRLFYZGlpCUmSuH79OoFAZ2UFu6lWq8zOzgKQVC5giu0JLY574/FD9k3gHdnO5VjHGxrA3aHN3xOIIasq1ewmfbxLwZqhXu+nXq8jiiJud8vVoarqGT2Lx5OTBI1tfD4fsVgMVahQ3fgxsurBHxk5dNlDt6PVqWbXUbyDBEe/1KvdPxZLr1Oc/xm+aP+eFq61XAatXkO++GmmL00TDB4U3PTSHerpnyCrXvyx0a5awNZLKeqlDJIrij/+aUT3QafLd538DYc2UYOD9D//+wQmXyB/6zvklubxhGOEhseQuvjcczI4HBwcesr+E1o88TdECu8RGh3HF+2+/eJ+8ssLNCtF+l/8I9z9Uz0b1+F8sbKygsfjYWJioqv1NU1jbm6O/v5+YjEnyf1B4XK5uFnwIOplsslN3G53191vdhOJRBBFkWpui1qtRjgcbsvKmsvlWFhYwOPx8NRTT51qX7bFDdu2mZqaYqncXutDR9x4fBEkN0pwBtuo0iitYpkaqqczJ4cku1A8ASy9gWolEAQBzQ5j2za6rlOv16nX61iWhWEYO1+maWJZ1k6ntd3h9U9apoeu6zQaDWq1GqVSiWq1SrPZxDCMQ0P9FUVhYGCA/v5+RBqUN/4eUbLwx8banvSbhkY1s4Yo+wlf+CqifDrHWrsk3v8ezfQ80YnLiLucifnlBeRAP2Mv/eGh7h+9eIt65nUUt59A3xhim+1jtzH0JtVCgma1gCv4FJ6h30Q4IgB6O38DnNwhh/aQfVECky8gSDLl1Q+oZVMIkoTqPT5k/MA4Z7R/Dg4OTyD7xY1o+lWiuTdbNXV9vcs+KK6vUC/miH38d/EOXe/ZuA7ni1wut5OT0C2Oe+Ph8N07DRDdFL0XCTTWetphZXR0FEVRuHv3LnNzc1y+fPnYO9upVIrV1VVCoRBXrlxBUdoTJA6jVqtx+/ZtTNNkenqa19acsjiH+7gHPoukhqlnf4ml63ijQ0hy+9Z/SVYJ9I9TLWxCZRlFrpMzpoHWcWaa5p4Wpu2y3fZeEAREUUQUxT2PbX/tX7adr4eJrut7HBondaOTJAmPx7PztZN1YpuU1r+HZNfxR8eR5PbuGNu2STWXwLYhNPpFRKV7V1g7aJpGIpEgk8ngu/sq7kAI2XVfOK3lMhhanf5PfP3w9XNv08i/g+oN4Y+271DZWb9WoFbYwrYlPAO/hhJwbi45nA2hmd/AM3ydwq2/o7g+SyOfJzgy1rYL3BE4HBwczoRQ/m3iyR/gi/YTHDr9pGabcjJBJZMkfOXzBC6efYiXw8MjmUzi8/m6DoE0TZPNzU1isdipcyAc2me30GkLEiXPBP76BisrK2iadqpyo23i8TiqqjI3N8fc3ByXLl061JWxubnJxsYGsViMK1eunGpCVq/XmZ2dxTCMjsUNx73x5KCEn0ZQwjRSr1JKLuOLDaF2mMvhCw+1MhHyWwx7dOryDUo16cgSi5PY7ezodoyTOEwo2f1dFMVDH9///bixACzL2hE1DnNl7EaW5R0hw+v1Hplnkl/5DpKZx98/hqy2f66oZDcwtBrhC19F9pxdgHW1WmVzc3MnvD1ipxGsJsHBvZ+l5a0EamgI7/DBLIxm5g2axZu4fFF8kU7bwNpUC1s0K3kU7wiuvpcRFacs2OFsUQMDDLz4X1NZ+RX5m39P+qMPCcSH2ppTOAKHg4NDT9g9qfGVP2J4469xB8OEL0z2bBu1XJrS5jqBiecJX/utno3rcP4oFApUq1Wmprq/Q5RIJDBN03FvPECOqrmueEawmvJOG+mZmZmdCU+3RCIRbty4sUfk2J31sba2RjKZJB6Pn+o4glZQ7ezsLLquMz09jdfrBdqrL3fEjScP2XcB7+jvUE+9SqXLXA6XL4ooq1SzCdz6zwgPfI6mMEy9Xt8RLEzT3Pl5d5nK7u8Piv3lMQ8DRVFwu907Do2TAlrNZobS5s+QzDT+6DCKq30HRjW/gd6oEBh+BTUwcco9P0ihUCCTyZDNZtF1HUEQiEQiTExMsPWP/xu26kb13bft1wtZDK1B9NmD10aN1Kto5bt4gn14gp2dD/VmjXphC0Nv4I58AjX6yY6fi/MZ6HAa/OPP4Rm6TuHWdygvvUGjUCA4Moo7eHRIuCNwODg4nJrdkxpXfZPR9b9EcXuJXDj9ndptmqUC+dUlvENXiX3yn/dsXIfzSTKZxOPxdN3W1bZtEokEkUikJ9kPDidzUqBczRXHFBSEbIIPPvigJx1W/H7/ThvZ+fl5xsfH6e/vZ3l5mUwmw+joaNf5Lds0Gg0+/PBDNE1jamoKn8/nhOc5nIioBPGNfI1G+qfUinOYegNfZAQ6cBEpLj/B+EUq+Q3qqR/hjnwcf/+zba+/LTq0K4bszvHYv8xRyz1MFEXZU3LSSQhrM/c2zfw7KKKMJzqM6m0/CLleStGsFvHHX8YTeaqbXT+UUqlENpslk8nQbDYRRZFQKMRKI8hvXGs5GRupu+jVLNHJ3aKtTWl9DTUYxzt0bdfjFo3kD9Eqy3jDcdz+znKotEaJSmYDSQngG/o1JG/v3LgODp0gqR5in/hneEeuU7j5HbKLd/HF+gkOjiIeUnbqCBwODg6nYveFvmhUGV3/NgoGkYmriHJn4VVHodXr5FcWcIVH6Hv+mz0Z0+H8UiqVKJfLp+6couu64954QLQ74W+qUQqiglVd5+bNm0xPT5+6w4qqqjtOjpWVFZLJJI1Gg4mJCUZHR0819rZzQ9M0Ll++jN/v70jccO5cOrj7P4OohGlk38DUNbyRoY7KIERJJtg3TrWwRSP/LqZewNP/ORBPzpLZXeYhSb05H+9nv9CxW/zYfnzbSbL78f3L7F52/+92Py4Iwo6g0U2ejllbp5F7E7OZxeUL4w0NIIjtT4calSz1UgZv7ON4+z7R2bbvBcLu/r4diprNZqnVakCrXe3IyAjhcBhRFPlo12dO5q1vtV6D4P3PzUapiGFoxJ/+7fsbs5rUtv4Ro76JLzqMqwMBB1p5G5VcAtkdxx3/PKLs7Wh9B4ezwBO/gid+hcLs9ync/kcahTyB4TF8sb2lzI7A4eDg0DX7L/RH1r6F2kwTmbqC4u7Nhb1p6BSW5xEUH30vfBOxg8A2h0eTVCqFy+ViaGio6zE2NzcJBoOnagXq0B6duhl0OUDBO0mgvsatW7eYnp4+tRAlCAJXr15lYWGBzc1NLl++zOBgp3Xme6lUKszNze04Nzo9lhxxw2EbNXwDSY1QT71GOb2MLzqM2mFrc194EFlxUc0vYekF3P2fRXI9fAF3f9joaUvPzgrb0mhmf4VWmkVSXAT6xzoqSQFo1grUCkk84Sv4Bz8NtMKwM5nMnm42hwkZx5ULCYJAIBBgfHycSCSCvKsrynfvNHY+S7T8Oka9QN+lK3ucQIWVRVR/P574NACWXqSR/CFGM4s/NtpxR59mNUc1v4XiG8M98ApCG2LafhyXm8NZEn7qi62ylQ+/Q2HtIxrFHKHhMWR3S4hzBA4HB4eu2H/yGlr/Nv7qItHxS7h8nZ1Mj6OwPI+hNYh/5o9R/N2FTTo8OlQqFQqFApOT3We3bG1t0Wg0etKxw+F4ur2INbc7rNRXuXv3LpqmndptAXDp0iWGhobuZWR0T6FQ4Pbt20iSxMzMzE6Zk3PR7tAtkncU33YuR3YDT7DZcR6CyxdBlFVquQS19b/BPfA5p5NFG+jluzSzb2KZta5yKAD0ZplqLoErME5g5AsALC8vs76+jiRJuFyunS41siwjCAKSJO10rNn98+7fq6qK2+1uKwC58OF3AHDtElu1WhXTNIhe/xIAZjNNY+uHWGaVQP8FFFdn7TXrpTT1UhrFfxFP/JWO1nVweJC4IiPEP/3fUF78Ofmbf09y7hbBoREC8RFH4HBwcOic/Rf5/ZvfJVz4gODwGJ5IZzWex5FfWaBRKdP/wh/g7u9dnofD+SWZTCLLMsPDw12PkUgkCAQChEJOyvtZctrJvi1IlLyTWPUNlpeXaTabPemwclpxI51Oc+fOHbxeL5cuXdoJKnRKUxxOiyD78A5/hUb6deqlWUyjiS8ygiC073pQXD4CA5NU8wnqqVcxm3ncfc+f4V4/uphaES33Jnp1Gdnlwx+b7Kg8aGccvU4ls4HiGSA02hIStt1ig4ODPRFn26GZW8MdigD3xZD88gKipOIbeRqztkEj9UPAwt9/AUXt7LOwVtyiUc6hBp/C3f9yb3feweGMCFx8Cd/I02Q/+FtKq29TL+QdgcPBwaEz9l/kR9I/oy/7Ov7+QQID3ZcU7KeYWKOWzxL92NfwjX68Z+M6nF9qtRr5fJ4LFy503c4zlUpRq9V6MlF2OJpeOhm2O6xsbm72rMNKtyQSCRYXFwkGg1y8eHGPVbxdHHHD4STc/a02m43sLzD1JXyR4Y5zOQJ9F1oT0uL72EYR98BnEUSnhHMbvfABjdybgIAvPIjLH+1qHMvUqWQ3EGUfwdHfAlFhfn6era0thoeHTyXGn8Tuz9ny4s8x9QaR/omdxyrpLUytQejalzCqS9S2foCsuPHFxpHk9gNXodUVplkt4gp/DFfMEcwcHi1El5/+5/4FvtEbFG5+xxE4HBwcuidQ+oDB5PfwhGOERi70bNxKapNKapPg9OcIXv5sz8Z1ON8kk0lEUTy1e8Pr9RKJHN0+zOF0nEWZRs0V56khLysrK3zwwQdcuXIFd49yfNpldXWV1dVVIpHIAYHMKU1x6DVq+DqiGqGZ/gml1BL+Djt5AHhDg0iyi2p+GWs9j3vgc0ju7jpPPS6Y9S2a+V9h1LdQPUG84Tii1HmGBIBtmVSyG1imRXjit5DUEB999BGpVIqRkZFT5UR1SnnhdVy+AC7//RLgSnILNTKCb3ikJW64fPijI4hSB9M726aSW0erl3HHXkANP30Ge+/g8GDwDl3HO3Sd85kE5ODgcC7ZfZHvqS4xuvptXP4A0Yne3S2v57MUE2v4LnyC6I2v9mxch/NNvV4nm80yPDzc1V1zgGw2S6VScTqnnCFnNdH/0oyb/v5+Ll++TK1W49atW1QqlTPZ1mEsLCywurpKf3//qcQNx73h0AmydwTPyG+jeEep5BLUS6mOx3D5IgQHJsCuU934G/TSnd7v6COBTSPzC6qJv8XWc/j7RvHHRrsWN/RmlXJ6GUOrERr7Iop3kLm5OVKpFGNjYw9M3PjSjJvq+ntopSS+/vviVTWbwjQ0gtNPU0//FMXtJ9h3oSNxw7ZMypkVtHoZT/9nzkTccD4THR4GjsDh4ODQFrsv8pVmltG1v0R2eYiM907caFbK5FYW8Axcpv+53+/ZuA7nn1SqdWF/WveG2+2mr6+vV7vlsIuzFDe2CYfDTE9PY5omt27dolgsnsk2d3Pnzh02NzcZGhpifHy863GcC3mHbhBlL56hL6EGr1MvZahk17Ats6MxZNVLcGACxe2nnv4JjcwbZ7S35xOjukR19dtoxVu4/FFCg5dQ3V2Gnds29VKScnoFUIlM/C5q4CKzs7NkMhkuXLhAPP7gXDLfvdOgvPBzFLcHT/h+mU01nSQweRmzuYjLFyLQd2FPZ5WTMI0m5fQKerOGd/DzKMErZ7H7Dg4PBUfgcHBwOJHdExvR0hhd/wtUq0p08hKS0lmd51EYzQb55XlcwTh9z3+zJ2M6PBo0m03S6TTDw8OoanfHUz6fp1gsPtALzyeJByFubOP3+5mZmUFRFG7evEk2mz2TbRuGwa1bt0in04yNjTEyMnJgGac0xeFB4e5/EXffp9HqZUqpZQyt3tH6gtjK5XAHYmjFm9S3vodtPt7Hr23WaKR+TG3rB4iCTqB/HF94kN0hnJ2gNUoUkgvUS1m80Y8RmfomkmeIW7dukcvlmJiYeGAOwe3PHm95nkZmcY97o17MocSCKCEJlz+KL3Lws+s4DL1OJb2KaVr4hr+C7Ou+a5mDw3nEyeBwcHA4lv0X+MNrf4G7vknk4jSK+3TdCraxLZPc0l0QZGLPfxOpw7ZmDo82vXJvqKpKf7/TSrjXPEhxYxu328309DQLCwvcvn2bqampnopXjUaDubk5KpUKFy9eJBo9GEDolKY4PGjU0FUkNUIj/Rql1BK+6DCujnM54siKi0puDUv7L7j7P4vkaa+cwrIsatUq1VqVTDpDrVrB0C0EwcbrcxMMhgmGIwT8AWRF7joMuhdoxQ/Rcm9hWRre0ADuQPfOPcs0qBWTaLUiiidOaPQlFN8ohmEwO3uLUql05OfEWRPJvYEkq/hi94UVWzRx94fxBPvxBDs75+nNCpXMOqLswxt/BcnV+3OmIww7PGwcgcPBweFI9p+kBhN/TaD8EeGxSdzBzi66jiO3tIDeqBP/9L9GDT240C6Hh4+u6ySTSQYHB7sOlSyVSuTz+QfWqu9J4mGIG9soisL09DSLi4vcvXsXwzAOdVl0Q7FYpFKp4PV6CQa7tLI7OJwBkmcQ78hv00y/RjW3iqk38YY6E/dUb5igrFLNbVJN/B3uvpdRQ08dumyz2aRYKJBJb1GrVDBMELDxqk0s04VPbVJpyhiNCulalc1EElU28HtFRNcAfQP9hEKhB9b5yGxmWq1faxsobj/+0Ciy0r3A2KjmqBdS2LaFf+BFvP3PAqBpGrOzs1QqFS5fvkw43Ltrnnb40oybH723QLA8h2/o/rnNNJoIARVvaBB3oDPBpVkvUs1uIKoxPINfQFQCvd5tB4dzgSNwODg4HMr+iU0s+QMiubcJDo3ii/VO8S+sLtEoF+h79ht44jM9G9fh0WDbvXGawLZEIoEsy055So95mOLGNqIoEgwGKRQKFAoFhoeHe3LXOB6PI0kSc3Nz3Llzh8nJSbze7hxpjnvDodcIkhv34Bch8waN4k1MQ8MfGUIQ279s387lqOQTNDKvY+slXH2f2vm9YRjc/vAWlXKNoLtGqdE6/qPeKqbgoqoFkRUBHQ/RYJ1qU8WtaHjkGpmKj0LZxC6nMSuL3GkEmLpylWg0cqaujmb2LZqFdxFFuauuM7sxtDr1Uhq9UcEVmMAXfwnZFQNaDq/Z2Vnq9TpTU1OEQqFePYWOiOTeQBBE/H33z22mZOIND+LusO1ts5qnmt9E8Q7jiX8enJbCDo8xjsDh4OBwgP0Tm1DuTQbSr+LrGyAQ713P99LmOtVcmsj1L+Mff65n4zo8GpimSSqVor+/H5/P19UYlUqFTCbTs4mvw9naizsVA7a2tlhfX6evr48rV3obgtfX18eNGze4c+cOd+7c4dKlSztujnZfA0fccDhL3H2fQlIj1NM/oaQ38UWHkNX2PysFUSIQG6NWTNIo3sTS86h9nyOZzJPa+Ii6buFRRHRTIhj2EAqFCfndiK4QbpcLRVEQBAHbttE0DdOyaDY1Qo0atlZgfTNLXRcRBYuPbt8mGvYQH73Yc7eDWVujkX0TU8vh8ofxBuMIotT1ePVSinopgyS5CQ6/gjty391Sq9WYnZ1F13Wmp6cJBB6Oy8Go5onk38XXP4ggtZ6rhYns93UsbjTKGWrFFLJvAs/gF85idx0czhWOwOHg4HAsvvIsw4m/wR2KEB6d6Nm41UyScjJB8NLLhGZ+o2fjOjw6pFIpTNM8dfaGKIpOa9gecZ7Ejc3NTTY2NojH40xNTZ3JPoVCoR2R46OPPmJycpJYLHYm23Jw6AYlOIOohmmmf0IptYIvMoTLF+loDG8ojqS4KGY2eX/xXULuKvmawlAYGnaEqZnLBINHuxQEQcDlat3x93o8QAgYYmDEIJlMkVr7iGoT8sU6aL8k5Z9gamr61KKzbTZp5t5EK80hqy4CfWMo7u4FB61RoVFMYegNPOGn8A++jCDd/1yqVCrcvn0b0zSZmprC7394eWClhZ8C4Nvl3rBl8IcHOxqnVkzRKGdQAzO4Bz7b0310cDivOAKHg4PDHnZPcFy1dUZXv43q9RHtYTvYejFPYX0F3+jTRJ/5pz0b1+HRwbZtkskksVis6ztk9XqdVCrF4OAgsuyczk7LeRI3EokEiUSCwcFBLl++fEZ71cLj8XDjxg3m5uZYWlpC13Xg5DvQjnvD4UEhueN4hr9GI/0TqvllTKOJN9ThRNcIczcdRpFMCnU/o0Nu4sOXCQWDiFJ3bghJkhkeHiYWi5LaSpJKrpKrBVCbSeYRuXjpIlIXY5uNJEZ1GaN8F9Os4wn24Ql2L2LblkmtlKJZySO7ooTGXsEVvLhnmUqlwvz8PKqqMjk5icfjQRCEna9Dx7VtbNvGsixs2z5ymU6xjCbVxTfwRvqQ7wlLNhbuaAyE9rNOqoUEzUoBJXgdd/+LHe/HaXE+Ix0eFs4VoYODww67JziSXmq1g5UlIuOXEXoUIKbVKhRW5nHFxul32sE+saRSKQzDOLV7A3DcGz3gPIobQ0NDXLrUO2H1OCRJ4tq1a9y9e5f19XV8So2q++hjs5PndNJd7G4mQI87zmt2EEFytYIhs7+iUXgPS9fwRoYQJeXEddN5m7l5kai3TFXzMD4xxNjOTYvTl/a5XG7GxseJ9PVx6/2bqGIdq7LI7Q8bPHX9WlsBpGYj1RI1asuYWhEA1RPAF5hEVj1d75tWL1LLJ7EsA1/fJ/HFXzqwTLVaJZFIEAgEGBwcRFVVBEFAFMWdY3H/Mbn7GDxKBNm9TCfHbHnhZ5imhn/gvoglhfwdlSdVcutotRLu6LOokY+3vZ6Dw+OAI3A4ODgA+yc4NqNrf45LLxKeurpzB+G0GFqT/NICojvCwAt/1NGdCIfHi2QySSQS6Tq8rdlssrm5STweR1XVHu/dk8V5EjfW19fZ2tpieHiYixcvnrxCj5mamkJVVdbW1pBsk5Jn7FTjtXMHePf3XmzrKLbvNp93TnrNgJ275k8irthziGqYeuonmKllvNEhlGNaq+eL8NGiiCob1HWVC5PTxId2uz9suhE5TENHkveKK36fjxc+cZ07S6tk0zlEocBHc7eZvnL1UJHDbKYwKssYtVVso4wgulB8MXzRSWR3EFGUu9o3ANPUMeplDDOAt28cV+gyknrwfNNoNCiVSjvno92Ok+OOw92PH/bcbNveyS/p9H1eXvg57mAYxdMKfpU8btRAe2VJtm1Rya6jNyq4Yy+ihq+3tV6vcFrEOpwHHIHDwcHhwAlpZPUv8NbWiE5O4fL2pgbVtm3yywtYpsXgZ/4QyfNwUskdHj7pdBpN006Vq7Dt3ujv711HnyeR8yRurK2tkUwmGRkZYXJy8oz26mTGx8dRVZXFxUXE+hIVzxiWcP9y6YvT7T2v7cnR7snP9qRoe6KzPQE6zuLe7ra2t3OcmHLa7Zw1u++anyQKbb92TyJKYKoVPpp6lXJ6FV9kEJfvYPCkptssLBnYtoxL0pm8+hzB0GHlV/dFDtu2sS1rp2xF0xqo6sFjfr+4sY3g9jM1PY0tzlHJpCgVcizOL3B5uvV5b2kZjMoSenUZUysAoHpDqMEJVN8gohIG0Y8oukDoTuBo7b+JqoJbdiEc0TFE0zQ0TWVAFoIAACAASURBVCMUCh1oU77/+CsVcmRSW0iSxNDoOKrLfawIt/273UJcO8dreekXGPUi4eF7ocqSiBxu/3qpnF7B0Op4Bn4dJXC25X0ODucVR+BwcHjC2T/BGdj8W4KlDwmNjuMOdRZkdhz55QW0WoWBF/8YNXK6u6IOjzbJZJJgMEgk0t3xZRgGiUSCvr6+AxelDu1zHsWN0dFRJiYmzmanOmBoaAiPx8Py8jJBklTUOKag8vJE+2623ZP07e+maQLssb7vvtPbDbsdDyeVduwXWLqllx2LdgsW+8e1TBNN1wGQZRlZlndeqydZ4AAQXX14R36bRuo1qvklDE3DF7nvzDAtm7c/FBEtEbes0z92jeAhjjnbtlsSwr1/BEHY6doB7BE3bNtCOMR5aVkm4q6uJpIkM335CndqTXKlGuXcBsmVAgFpBaOZB0Bx+3FHh1HdAQRJBdGHKHtB9CJKXhBcIHSXDSKI0Frz6OPUNE0sy8Lr9SJJ0rHHtGVZ/N23/x0/f/X7KIrC7//r/4HnPt0KRz9JjBNFcUdYbOeYLS+8jurz4wq0OjqpkTCi1N50rVrYxNDqeIe+iOy90NY6Dg6PI47A4eDwBLN/ghNNvUos+0sC8aE9fddPS3F9hXoxR+zjv4t3+MHaJR3OF9lslkajcapJbCKRwLZtJ3vjFJwncWN1dZVUKsXY2Bjj4+On2vbq6iper5e+vr5TjQMQDoe5cuUKyWSSkFmiIUfayhLYzfbkR9d1Fu7eZXFhAYBgKMSNp58mFA73ZKK+e4JVLpXI53IYhoEoikRjsZ2J7Wm31Y6I0s2YcFDoKJdK3Ll9m/W1NQBC4TDPvfAC/kDgiRc3thFEBc/g55Fyb9PIv4NlNvFFhhElhXTWxtABZEZGJxgeOTxTZu/fc/s1Paos4/DjXzykZaskyUxMX6H8wS0s02Bto85TYzre6BAud3Bfm1cBQZBAUBEEBQT1nnvjbNh2MymK0lYIqt5ssL66SD6TAqBWrbS1nd0CZzvHbC3xAVpxi76plntDDviR3O3ljzRrBZqVPK7Ixx1xw+GJxxE4HByeUPZPcIL5d4infoA30kdwqHcOi0oqQSWTJHL1CwQuHgz3cniySCaT+P3+rieglmWRSCSIRCJ4vd4e792TwXkSN1ZWVkin01y4cIELF053Ub60tMTGxgYAly9fZnCwsy4Th+F2uxkdHSWfz6PrDZpNBY/n5AnH/omMoeusr62Rz2YBqJbLTE5OEgof3a2lXSFh/3KbiQQ3338fXddb4ak3bvDUrjv3nQoU+4WHsxA5Dpv4aZrG5uYm1UprMqnrOrVaDX+XXZceZ9ToJxHVCPXUa5RTSyjBYe4uB/CqDWRXkPGxkQ5H7C6Xo+XwuL+e1+dl/OIY83MLuGSdRPUCVw7VpYWdr5aI0hojndzkb7/1f6PrzY73ZT8ej4+vfP2PiPXHd5wV2+KGbVv8/Mf/cOS6xVyG1ObGzv/nbr2LaRi4PIefg4bHxpmcutrxPpbmf4bq9+PyBRFdKkqbGVWG3qSW30LxjuCKPtvxdh0cHjccgcPBwQFv6S4jG/8JVyBEZLx3wX61XJpiYp3AxPOEnvpiz8Z1eDTJ5/PUajWmp6e7HiORSGAYBvF47xxGTxLnSdxYXl4mk8kwPj7O2NjpRNW7d++STCYZHByk0WgwPz+PYRiMjo6euK5lWTQaDTjm7qrH7UbXNDLpNF6v90iRQxAEJFlGVdUDk/ZyqbTz83bt/1FjnEZEyGazNOp1AEzDIJVMcvXatZ2xd38/if3hiGclcOzexm6q5fLOz5qmYRpGz7f7uCD7L+JVQtRTr3HzjguP0qSuu3jm0sCBTiu6pqEcEs5sGDryTrbG0SKHaRpIB8om7EOPi8H4EIV8iWwqRSYroI3aqEc2ftm7fiGXZvb9t0jvEhc6wcbGMk1s2yYc6+fTn/8Ksf74gWO4Uirxo+/8FUt35zDulUTtxzTvH3s//Ye/5fUf/P2hy/lDYT73m1/tWOBopOZppBfpv9p6ryrHiJ/7qRe3EAQZV9/LHW3zLHFaxDo8TByBw8HhCWT3JEdtbDG68W0Ut4foRO9aMjZLBfKrS3iHrhL75D/v2bgOjy7JZBKv13uq0pJEIkE4HMbv70347ZPEeRI3lpaWyGazTExMtCVCHMfc3ByZTIaRkRGGhoaAlniyvLyMaZonlr3cvXOHO7dvYxjGiZ05NE1D13XkeyLGfgbicS5NTTF0Qvvjo6SUbl0ShwUa7sayrLas+J1sazORoFgo0Gx2d3fd5/MRjcWIxmI74x5l4e/OT/DkIbliuOJfQVt5CxkLnz+AJ3bQGaWoKqZpUq7UkMTWKxsI+HeJGy22hYxqrUI2k0Ovtdq3ioqb/vgQXq+nrbKtwfgAuUwOl1hjM6UwPtLeXzPaN8D0tadRlJNb4R5GtVImm9oCoFa5L5btP9ZEUSQQjuL1+Q8VHi3LpL6rLEUURdxeL4cdlYFgEH+g8xD10sLP8A8PoLp8KNEwYpvPuV5KoTeqeAZ+DVFxwtsdHMAROBwcnjh2T3JEs8bI2rdQMYhMXG07yOoktHqd/MoCrvAIfc9/sydjOjzaFItFKpUKly93n+q+ubmJpmnnIoTyUeM8iRuLi4vkcrmeiBu3b98mm80yNja2x9UzMTGBJEmsra1hGAaXLh0u3lqWxfraGsVCoe1tmoZBo15HkiQURdkjRGwmEkRjsUMFDpv7E/XjpnfduiRM06RULO6UdGxTq9Uo5POEI5ETwxSPYr/w0KjX+fDmTbKZDEYHroqdQEtak+zJS5d2BI5Dl7/33RE32qdebwACpiVyeeoionS4AJHa3OBv/uLfU262RIv/6d/82wPLSJLEz157jfde/zGaoWEYDTQaKIIHnyvAlU8+wyu/+bUTj6lAMIjH46ZZ19hKWYwOiTvCyl7se8dI6y8f6x/kX/53/3NHz38brdnk7uz7/Nmf/lty6eSxDi1fIMg3/tV/f+j+FLJZ1lYW+I//7v+kUmq9Vs++/Os8+/KvEx8axes/WDJ1eKeaY/a1sIFRWiJ6+TKSz4fs9bW1nt4sUy9lUINPoQS670rWK5wWsQ7nBUfgcHB4gjisHay7mSZy+QpKj7pRWIZOYXkeQfHR98IfIsrtdx1weHxJJpO43e5T5SIkEgmCwSDBYLCHe/b4c57EjYWFBfL5PBcvXmT4BJfDSczOzpLL5RgfHz+0XfDY2BiSJJFIJDBN89DSKEEQ8Pv9SJLUEiAOmQTZ+1wRiqIgSlLLzWEYqKq6M8E7KRem3Ym6IAhYlsU7v/oV1Wq1rXVM00RrNsndy/nYJp/L8eYbb6C6XMhtuDhEUUR1uXj+U5861lVhmia6rnckPuxeVte0E8URR9jonI2NBAFXHUvtw+s7Oq/ENHTq1QqN5uHHV6Ne4+/+8v/lo7lZbGxs20TQDVRXAN3WKGWXeKtaZHNpja994/cJRe63qd3uGLKNJEkMxqMsLFRRJYNiCaJ7NACrNb6tY9sGgm3c66Ai4mozZHM/LreHyemnjl1m934OjR7u9BocucCH7725I24AzL7/Nq985fe4dOXk0PS2WsMu/gzfWBxJ9qFG2nNh2JZJLb+FqEZx9Tn5Zg4Ou3EEDgeHJ4T9k5yh9b/EX10kOn4Rl793E8bc8gKG1mDgM3+M4j99JwOHR59yuUypVOLixe7zXZLJJPV6nZGRTsPynmzOo7hx6dKlnVKSbrBtm9nZWfL5PBMTE8cG1g4PD+9xcly9enXPxEsQBGauXsV3SMmTbdvkslk2NzbQd9Xlqy4Xk5cuIQjCTnmG1+tFlmUCgQCRaPTAWNDeZH33vtVrNdZWV6nXalgddAw5sB3bJpvJnLjO9hZEUcTt8VCv1fD6Dr+TrLpcDA0Pt9wsjfaOMcuyaO5b1rrXNtehN9hAsVAk4jZQ/X5EcdsvdPD42enscUTB1I+++x3u3LmFbErIDQ0hFGLi6acRXV5Sy3fY1KvItsHm2jI//N7/x+/88/92J+vjMEdHX/8ACwtrGJZItrhP4LAtsDVsq4kg1LAQwNQRBIn7nh8BGxHpAd40MQyd177/N3znr/79nsfLxTzf+rM/5Q+U/5GZ688cuf7u1rBHdVIxawVscx3F1Y8aDdOurFctbGIaOv7Rz5xJJo6Dw6OMI3A4ODwB7J/k9G99j3DhfYLDY3givRMh8isLNCsl+l/4Azz9vcvzcHi0SSaTKIpyqjv2iUQCn89HuIPgtSed8yRuzM/PUygUTt3dxLIsZmdnKRQKTE5OEjumvGGbeDyOJEksLy9z69Ytrl69iizfv/wJRyKEI5FD1y3k89TrddLJ5M5jI6OjPPfCCwiCgGEYFAoFDMMgGAzicrUmXwfu2nYzAbnn4thd1tEtx62/u3QGDjpWDkMURWauXmVqerrtdq2GYfDT116jkMu1tbxD5zQbDUR0crUAMxd2Z0QcFDlMy2xlsxwyFVhbWeHW27/EtsFSBC4+80m+9vU/Rrr3vrFMi3d/9QY//49/SUGu8dGtJbKfW6d/ePLIfVNcHkJ+C13TqDfUfS4PG0uvYtRq2HYWQfYjyn5EJYAo+xAkD+VKDbfbTSeVtJrW3HEJSbKM6rovjhwnCliWxfL8HN//z9/ijdf+AUPX8AfDXLnxceq1KrPv/YqFuQ/53//Xf8Pnv/LP+OwXv0o4evBaare4cdQ2yyv/gBoN4g71I6ntiTfNag6tVsLT9ylE1/lrl/6wAkZt4f4xLjxg/5eNjWA7QtN5wRE4HBwec/ZPciKZn9OX+Rn+/kECA93fRd1PKbFGLZ8l+vRX8Y1+vGfjOjzaVCoVCoXCiUGPx5HJZKhWq6dygDxpnJW40c2F6927dykWi6cWN0zTZHZ2lmKxyMWLF4ke4ZQ4jL6+PmRZZn5+ng8//JCrV68eGhK6n8O6pQiiuDNRkWWZaDRKPp+nVCrh8/nwer0HJjLtdv/YPRnyer1cu3GDXDZL/V5XlAeB1+slEo3iOaTcxrbtHUHD5ersTrplWXi9XkfgOEMqlQrWvUmWy7X/73dfTIBWJIWNfaj49vavXkXQDUSthm9ghC/8k2/siBsAoiTyyU+9RGJ1hbn336FpN3jrjTf40u8eLXAAqP4hrPwyui5i2xaWqaE3ymi1MqbeQJBcKN5xVHcQ0T2IKLfef/o9p5DvCEfRUTTrdUyj5b5SVBeq6/DPL8PQaTbqbK6v8tGt97jz4bss3Z0jn0lhWRbRvgG+/Hvf5PnPvkKjXudbf/anvP/m62RTW/z1f/i/eOMn3+fizHWuPv0sk1NXiPYN4HK7EYT7nxWHCYGWXkOU8rjdUdRAe05aXatRzW+h+CdRQjc6ej3OEid/w+E84QgcDg6PMftPOP7iBwxu/T2ecJTQyMFk9W6ppDcppzYJTn+O4NTnejauw6NPKpVCkqRTuze8Xm9HE9onmfMibliWxfz8PKVSiampqVO19jUMg9nZ2Z1Sp26OhXA4zPT0NAsLC3z44YfMzMycmJkhiuKBrgrNRmOPECGKIrFYjGKxSLVaxTRN/H7/zt1b497k7KQOLfsRBIErTz11eC7IPaFhv+X9ODfFntIc7rk2jgkzPWrs/d/bfS6iKO5xzjj0nuTWFrYtEnTXcHmOOrZbf31JkpBEEcveK741Gg1K6Qo1uYFLCTF19Tr+wOFZHp/8zG8wdLnVDjUePFnE6/O5uL3lwa1olNKbWHorEFdyD+CO3kDyjSMqodYxec/BBK3uRYIgdNwJqFYpo997/6ouFdchAke1XOS//PmfcefWu+QyKcqlIrrWKj2TZJmr15/hxV//Es++9DlCkRi2ZfHb3/hXxAdHeesXr5Le3GBl4S4ri/O88eo/EIrGGB6b4GPPvsTnv/r1Y/evvPz3CJKIK3iyE22beiGJKPtw9326g1fi8We3e8PBwTnTODg8IXiqy4yt/RWqz090ovtOFvupF7IUN9bwjX2C6I2v9mxch0efWq1GLpfbCXvshlwuR6lUOpUD5EnivIgbhmEwPz9PpVJhZmbm0BDQdtF1ndnZWcrlMpcuXSJyRDlJOwSDwR2R4+bNm1y5coVQ6OhQv1wuR7lU2vNYJp2mXCoR3LdeKBRiK5HgjdlZZFnGfS+4Wdd1tGaTRpsuDNu2sSzrWOFhd1tYwzDQNI1GvU6z0TjQ7lYQBGRFwe124/Z4cKkqiqoi7ht/v2BxlJCxP0DS4fxQLlVwyxqlhveIQNndFv7Wv/szOHT9fq6Kbjf52LWjrxeGh+IMD7UvXIrellBimCIWXtzRq0i+cSR173t6t4C3/X9xl3MK4K/+n/+DrcQapmnw4ue+yPOfeeXA9mrVyo6DQ3W5UQ8pAfH6g1QqJebnbgEtUaN/cJjLV5/mU5/9PNc//jzFQo533vgJC3duIUkyn3zx1/jtf/Gv+PzXvs7br7/K2794lfWVRarlEvX1KpnkFq98+fcObGvP+8ZqIpDD7Y22XZpSLWxhaHU88c8jSA+nDOQwdp93HkZ5yra48aDLUhzOL47A4eDwmLL7hKNoWUbXvo2sqsR6KG40K2Vyywt4Bi7T//zv92xch8eDVCqFIAindm+4XK5TTZCfFM6LuKFpGgsLC1SrVa5evdpWTsZxY83Ozu60GO5FBovP52N6eprFxUVu3rx57D5uJhIHgjCbjQabicQBgcPQdbY2N8lns2i6jigIezqstEO7DgxoiRvlUoliodAqkSkWqZTLmKa5J5RUFAREScLv9xMKh4lGo4QjEXx+P6IoHusA2Z5oduLWOGy/HUHkwWBbFhoyimTsavt+RBccy8SyzFYGx64/j2DriHYDRXCDbVOVunfO2bYF3P/7C2hIoolbMfAMfRlFUU5Y397pKLSfcqnIL378fURJ4sLEZThE4KjX7wf0er1+JPng9gRB4Eu/+/sEAkEifQOMTVxmZPwioUhsZ78V1cWtd3/FL1/7BwRRZOqpj+EPhvEHw3z5n32TL3zt66STCdaWFkgm1vAHQjz1zLMHtrNn/5e/C6KAK9De56NWL9Ks5HCFP4biP74U6EHysEtTjnJu2NiO4PEE4wgcDg6PIbtPOIKtM7z2LVSrSuTSFUTl5LrzdjCaDfLL87iCcfqe/2ZPxnR4fGg2m2QyGUZGRk68iD2KQqFAoVBgbGysx3v3+HFexI1ms8nCwgL1ep1r166dym3RbDaZnZ2lVqsxNTV1rNOiU9xuN2viBYLSKrdv3z60hMYwDBIbG4euv7a6ysXLl/ce27tyORAEdE2j2WyiKEpHDqb9zondAsH293QqxdzsLOl0mlq12tZlfC6bRVhZwaaVszEwOMjMlSv0Dwwc2O5hosf2foiiuGdfHM4rbYpS+/6MNiKmdfzxappmW8e0IIh7NmKa0r2x9SPXOYxD8yuslvBomeaB7jzbVEqFndBcrz+ArBw+7enrH+SVr34dRWmVsSj78mXqtQr1WqX13jDNluhp388vkWSFvoEhAsEIl69eRxQlBFHcWX9/Dodl1MBO4/ZFkdq4JjMNjVp+i6I9wFjs+ROXf1g8cPeGcN+1cVg3IHuPY8n5vHqScAQOB4fHjP0TneHVP8dbTxC5OI3q6Syg6yhsyyS3dBcEmdhzf4DkOthi0eHJJnmv68Rp3Bubm5soinKq7IYngfMibtRqNRYWFjAMg+vXr59KkGg0GszOztJoNJiamiIY7F0r620sQabgmSBYX2VpaQlRFPc4hVaXl49sr7q1ucny4iJTMzM7j0mSxNiFC1QrrVwBwzRpNputFrO2jaG3P6nb33lh+0vTNGZv3WJpcZHave20e9m+u59GvVZjZXGRTCrF5KVLXL12bU/o6lGujd37ZJompmG01cLWMAzqtRr5fL7NvXXoFL2yiFut09A8BD01Go0mHs/R72FJlBBFCXNfBockK6guD4atISKSWl9h6tLE3mXuiRumae64lYR7jqXtx1vL7CuDMlvvgablOrYEa///tx0cnYpqufTWzs+Rvn5Eca8ok0lt8tGH759YPpbPpFhbmt/5/9u/eI1yqYDHe/S1jyCAzx/kky/92s7rtb3/tY0fYgPuQHvumFphC8uCBfN5zpPc/7DdGw4OR+EIHA4OjxH7TzaDif9MsPwR4bEJ3MHetdfMLS2gN+rEP/2vUcPdT2AdHk90XSeVSjE4ONhxp4VtyuUy2WyWkZGRHu/d48V5ETeq1SoLCwvYts21a9dOJUjU63VmZ2dpNptMTU0ROCLg8DRsv26CKNIIThKwM+RyORRFIRwOk8tm+eC991p3ae8hiOLO3WDbsrj5/vtEolH67okigiAweekS45N77eO5XI6tRIK333wTYMcB0Q67xQ3btvng3Xe5c/v2/oXw+/1EYzECwSBerxdFUVp3kG0bXdep1WoUCwVyuRyVcnln2lmtVLj1/vtomsazzz9/oK3lUSKHaZq8+/bbpFOpI++e78a+95rVa7U9j3XVPtdhB7ORxKgsopfnsawGYU8fW5oHyxbRDYODPYDuc8+vc+DOttvtxh1S8ay7EDSdm++9xvMvvYxyiPvh1jtv8cavXkUVXQwPDvHF3/kGwJHujkq1CoBLVQ68D44qZerWKWTbNsmtxM7/B4cPBqv/8ic/4Ht//edUK+VjxxKARv3+sfv+m69z851fHruOKAiEY/1cuDjF4K5Qd0svYxlbePwxRPlk94berKI3KixZH6dO9464s+ZhuDe2Ocy9sfu4Puz3Do83jsDh4PCYsH+iE0v+kEjuLYKDI/hiveuTXlhdolEu0PfsN/DEZ05eweGJoxfujUQigSRJjnvjGM6LuFGpVJifn0eSJJ566in8/u4dXbVajdnZWXRdZ3p6+lRjHYcASKKASxbwqAKyOoQq1Wg0GmTSaW6+//6ecNFINIo/ECCTyVC/N0mrViq889ZbvPjyywTuCTqHdXro7+9HFEXee+cdatUqiqK03U1k9+RubWWFhfn5Pb/3+nxMzcwwduFCyzFzzGTQtm2KhQLra2vcvXOH2r3nAbC0sMDAwADjk5PHihvbmKZJNpMhd4TDpV06EXscWlhGBaO8gF5ZwNSyAKjeEC5fP4rpJ1myKDW8NGoVgoGj3z+maWJZFqKw91gURZFrN55n/c4iDUnHzpaZe/8tbjz7qT3LNesl3nv7LfIbSQxb56nrezMnWtjsmYnWs/hddQQpvrerz73Sp6PEDEmSOu5C1GzUyGdSAMiyQvwQgUMURERRPBC4exgeb4cOWEFAFIUD78l68nUAXP723BuNchZR9pNoXAdan/sPI8hzPw/TvWELneVrOOUpTx6OwOHg8Biw/0QTyr3JQPrH+GIDBAZ7dwe8tLlONZcmcv3L+Mef69m4Do8PpmmSSqUYGBg4sQXnUVSrVdLpNENDQ84E6AjOi7hRKpWYn5/H5XJx9erVrv/m0Pq7z87OYhgG09PT+Hy9Kak7DK8q4pIF3Ir4/7P3ZsGNZemd3+/u92IHSHAnk0ySuVTW0rVX72p1q6V2SyPJo5FnRpI1MR5PhEPjsJ48r36w/WQ7JmIerFCEJ8IzsrWHNN2WutVq9Va9VFd3VVdlVeXKnUyABBfswN2vH0AiQRLcySQzE78IBkjgLgeXwLnn/M/3/T9CioiuCCDFqJlF5j98n6n799G3oo8EgcmrV4lGo0SiUW59+GFzuLySzfKjH/yAj730Ej37iHEhwyAUCmFvpqx4noe3w7x0LwRBwDRNPvrww21pLrF4nFdef53+TSExCIJtESftSCSTJJJJenp7eftHP6JYKADg2Da3b92it68P3TAOZSpqW9ah2r8Xoige25/nacStTONWprGr8wAoehg92Y8aije9LiQ/QBQCvABqlSL09u15vMa8W2j7mbl24zne/s7XWV/zETI5/v7r/5nV1Sxj115G0VRWl2a59dM3WVpaRF/OE716hRdeeHaPMzVEDs91yJZ8NEHA0NRdAkfrz050XT+ywCErKj//5X/MxPVn8T2fieu72/f5X/4NXnjtk7uMhE8LSVHoG3iYVBL4Nr6dQY92IbYxPN2JbZZwzAp69ydg+cDNz41HKbgctxxsx3T06aIjcHTo8AjZL9Ryp4kc7G361srOiU64fJuBzFfQYwkSw6MnbPFDqusrVHJZktc/T/L6F9pus1dZQTjYSf+kTv0dLgYrKyv4vn9i7w1BEDrRG3twUcSNQqHA9PQ0oVCI69evN8uiHodKpcKtW7cIgoCrV6+eSCg5iB/M2yQMCV0RUSUBVW70TaXCBvc+eo/K8gK+52GaJpqmcWl0lIkrV5AkiVR3d6NKzL17zeOtZLN879vf5tnnn2d8cnLfSbuqqoiiiOM4lEol6vX6ntettb90bHtbegdA/+DgNnFjv/535/F6ensZHB5uChzQ8OVwXXfb9kfpkzVdZ2x8/NDbRyKRZnpPh/Z49SxOeRqvNoPnWYiSihHrRjHiyMru9D9RFNANn2oV8Kr7lvRteHCIeLi7XlNVlf/yd/4Vf/J//QGrQQ2pVuadb32HH735bRRBxQlsbEw0XyUYGuCNz3wWPbpfGmxAqVLBc1xqaPQltvvz7Izg2NlmTdOOPD6QZYXPfvFXgL3L16uaxsDmOGn2/m3KhTyu6xJPdXFp/AryIUSIo+DV1wABPdJ9qO3N0gaSmkCN3+BL8YvjeXHeZWFb6aSfdGhHR+Do0OERsdcKRTun/Fa2Bq6+7x94g9dqSwwv/hlKKHyq5WDNYp7C4jyxy2+QfPbLe4aSbrVz6/ctWt33T/oeO1xcgiBgZWWF7u7uY6cWmKbJ8vIyPT09hw7jf5q4KOJGPp9nenqaaDTK9evXtxlUHpV6vc5HH32EIAhMTk6eqbghCAIRTSKii2hSo0/yPY/M0hxTH92kVikTUSVUVcVxHFRd55lnn22mnei6zkuvvILv+8y2pIvUazV++vbbrCwv88yzG/lzJQAAIABJREFUzzYrk7RDlmUkqXGOSqVCrVYjslmydS/aRXxsfcfalXLd2f+2Prf1987vqOu6R14lb2X08mVefPnlY0dddfr+Bp5TwitP41Sn8OwCAiJKOIZh9KLqB/erXXGRahXWN8r0WxbaHgLa1mdmr1XtVHcv/+if/jbf/ua3yMzcxrUKBMrD76YmhIiFDH7uV36dGx/bP6IzCAIeLC4ibK6+d3fvnuDvtwiy8zPlubtFmZOSXZrna3/5Rw0/mo9/ltGJa9teP+nnM/BsXGsFPZZCPEQFGrtexLVr6Ol2qT/nx7mKLAdUTdl/1+37daI5nmw6o8cOHR4BrZP7/QZ/+4kGratpW9v9w5SJJguNCFO7xNDSnyOLAqlLE7DfIFOQEER5V25oEPjguxA8HOTatSr5+SlCvZN0v/QbjXzVfYQKYJdQsfW+DxJGjrpi2OFikcvl8DzvxN4bQCd6ow0XRdxYX19ndnaWeDzO9evXTyREVatVbt++je/7XLt2DcPYzxbxdFBloSluZBZmyC7OsZrNNA1EoZHzH08meebGDTzfp16vN9um6zqvvPYaBAGzMzPNEP/A91mYmwNB4I1YbM+JJTT6xGg0SnTT12NtbY1UKkUi0X4VXNU0dMPYlhbyYGmJS2NjzXa1Chn7mTUKgoBlmiwtLm57Xdf1E/0vQ6FQ8/521H78qe/3Aw+nPI1bncapLQGg6BGM1ACKEWspt3owPV2wmAXTFslmHzA61j6qJpmK8+rnfxHLbXfsxmdl6NIEv/Mvx1nKLvLe975JoVCkUqqQ7uti+MorvPzqS4cqF1ur16nXakhiQFirIrh5kB6KHDs/r6srGcrFAp7nbrZG2Dahza+tsrHprwGwnF3i/u2bB7YDQJJkwpEovQPb65G4jsPMvYaBbyzx0MzzJJ/N1n3t6gM8u4Qe7jrUvmZpHUnrRo1dXK+zRxq9cYAecVjBYudnqcOTSUfg6NDhGBzV1XtnBMPO/VuFi9szWcqVOoaucmNycFvUhyRJzd+zJZ/nBxqrKZ4foK5+gJfuIxwbRdb2GHCICpKeQDS6kbQ4giBDc+AU4LsWvpXHq6/hOxV8x6O8soqaGiX92m8jiA/PHwSQXSvguo1VxUsD3duuTbtSb1v7La1ssFGsoioyEyM9KLLU9rp0eLxYXl4mlUodu4KGbdtkMhnS6fSxq688qVwUcWN1dZX5+XmSySTXr18/kUdKuVxuihuTk5OPRNz4/pxFKtQY+gRBQKVUpLi+1hQ3ImqjD0p1d/Pyq6/S1d1NsVgkm81uEyB0Xef1j3+ccCTC/bt3t1US0TQN9ZCf33A4jKIoLC0tMTc3RzKZZHh4GFEUm0JFEASEQiEGBgcptaSU5JaXufmzn3HjueeItFSaOagfrVarfHjzJtkHD7Y93zcwQCgcPjDVZS+2xJHjpBs+rQKHV3uAU2kIG77vIisaRiyNGoohycfrA3WtsXYhCj5rmXnSPX1t/WzCsW4++anP7ni2zWdHEBjsH2bon/5LIGgpAbs3rSKb53msruTAreF6CunoOrXMV9G6P4USnWy77x/9wf/BnQ/e3fxetf9stEZx/PT73+K9H7+5b5u2UDWdsSvX+bf/y7/fVjb2MKldh2VnNJXnlLDLU8iK0KhudABWrYDrmBi9nzzyuc+S80pN2ctU9LhRGJ3ojSefjsDRocMR2UukOIjmBB/4y7/7KfOZNZLRMJ99/Srjwz0EQcDSygZ/+CffYXohx0Bvkt//F1/k6mjvtmOIoojlCfREH94kA7uMm+gmMJ5DcPP4VnFbFEaz7bKGqMWRjTSinkKQlIdRHEGA6NbxRJEg8BFkg1ppGb3nCvErn0M2Ytve94/en+bPv/YTVjfKdCcj/Nv/9kv0pxPNa7TXYGEhu84f/tl3mVlYJRLS+De//XleuPZwJaUTxfF4ksvlcBznVKI3evYJ738auSjixsrKCouLi3R1dXH9+vUTnbtYLHL79m1EUeTq1auPRNwAcH2wvQDbA10R6B8eJbs4D5sChawoXBob45kbN4jF4wRBQDwep1qtMj8/j2VZzegiRVV58eWXGRgc5N7duzxYXGRwaIhnbtw40v1BVVUuX76MoijMz89TLpcZHh4mkUhsmyheuXqV5WyWwsYG0IiUm7p3j+XlZQYHBxkcGiISjaJpGqIkIbA5ufJ9bNumVCjw4MEDMktLVCuVbW2IJ5NcvfYwJP80+uBWoeOg6/E0idu+XcCtTOFUZ/DsIoIgoobjaKEYsnpyY11BEHjhGZ87d11MV2VpYYEr167tc40PvvYP991dJWj/7cFxbHIP5ggQSMQD0v2D1AtZ6rnv4NsbaF2v73OkvT+HoiQTBM7muOjgNh2lzQCubSEZx0uX23ksz1wFfFQjAsHB5rxmaR3Z6EOJXD7W+c+ax8FUtMPTTUfg6NDhCLSmWRx3QOZ7AT+7Nc97txfQVJnh/hTjww8ndNm1Ip7vk1svbttv65yOL1AsFJleelie77VnR9HjfXg1cMu1RlTGLoFDAFFBkA1ENYKoRvhwKkuxUgdAVxVevj6A71pIuo1Z8NDTk4R6ryHpUdoxNbdMADiOi2m729rZys6Q6ftzK9TqFpVanappH/USdriA5HI54vH4niH2B+F5HplMhq6urkc22X0cuCjixvLyMktLS6TTaa5ePVnIdD6f5/bt26iqyvj4+CP7f3/trokkCtRsH1USUCSIxpNcmrjC4vR9RvpSjF2+zODw8Lb+ShRFBgcHUVWV9fV1fN+nv7+/+XpvXx89vb2sbn4H9ktN2Y/h4WGi0SgzMzPcv3+f/v5+hoaGmiJBNBbj5Vde4advv02xUGhO/SqlEndLJe7dvYuqqg0j081oP2isdNuOg22abYWLeCLBy6++2hR02nl6HIeD7pMH3UNP4gdy4fCdzUiNKZxaFgDViGJ0DaLq8cNoDEciYghE4wr1NYFScZX19R66u7taoi8OuPaet49PhEA74aFdZIfjONy5cxdR9AkCgbEhH1lRiKZHqBWXMQs38Z080YEvgvQw1erLv/E7vPKJn8OxT398ICsq6d7+fUWR/PoqP/3hdxnaI73nIHr7BtFD4caCjWeBV0M1oiAE+2k2AFiVDTzXItT9wp7bnEep2PPy3jiraItOVZUnm47A0aHDETmoXvteNMN+CbCdRlqH7Xh43vZBXOBvhQfvPkam5NETFcltlPlPf/1Dsrk8k6N9XBvrIxl66KkhyjqB52zLMxQEaesXoBEl8e237vDmO/eQRJFf+8KLvHx9EAQBx3QQtThGzxUkdffkIwggX6w2jx4AG4UqY4PdbUPW9zLAa1Q17Kjzjztra2uYpsnY2Nixj5HJZPB9vxO90cJFETcymQyZTIbe3l4mJ3eHlB+F9fV1bt++TSgUYnx8/JGnInl+QN3xUWURRQoIqQEjl68SiSV4frx/W5pFK4Ig0NPTg6ZprKysYJomo6Oj21Ly9isTe1gSiQQvvvgiMzMzZLNZarUao6OjTRGob2CAz3zuc3z04YfMz8xsMx4NfB/LNLely+yHIIqMXLrEjeeeI5lKPTzOMfvkLUHiJKJGK8ETIHC41YWGr0ZlhiDwkRSdUKIH1YgjSmdXItexqqTDFXLraQTf497tjzBeeuXQpZcPNsHcLXK0i+xYX5ilUiwDKvGYSyT0cHwQivchKTrVjUWs/PsY3S8jSA2z4is3XuDKjb0n+GfN8tIC/+kP/vdj7Zvu7eOXf/Nf8PpnGtXmfM9EEGUULUrglQ/cv15eRwkNI4dHdr32pav6uQgN51Y1ZZ/u4jTEiY7I8eTSETg6dDgCrYOzlbUif/mNdylX600finZEIwYfuz7Cp19+ODFoDiDbDCT3GlpOr7uEVBEBMC2XbC6P6/k8yBWwbAdCSkN8UaMEstY+gkMQEcTGoMr3IbOap1pr3LjK1caj7zi4jofRPYKkGswsrfLWezO72vPuR3PN3+umxVe+9TPuza1s2yYZM7g23s/oQPdTFYL8tJHL5YhGo3R1Hc48bSdBEJDJZEgmk4cegD/pXBRxY2FhgVwuR39/P+NHKAHajtXVVe7evUs4HGZiYmLfcqpnieMF1GwPRQJZFFBlke6eAWT54QRtr/4qHo8jCAILCwvcuXOHS5cunXrVF0EQGB8fJx6PMzs7y927dxkZGSGZTCIIArF4nI9/8pOMT0ywnM2SW1mhWChgbRqQthMGtvL+VVUlFo/T09tLb18fff39zbTAk0ZvFItFXNdFluW2UXy+7xP4Pp7n4TgOtm3jOg61Wo1KpYJlWSSTSS5PNCqAPa4RHJ613jQM9d0KoiihhuOoRhxFO7sKQZ5rY9eKOPUSrmMhiiqXerqZX1ExFIv79+5y/Zln0LRGH9CooEJzYcTzXCRp/2lBEPgIgth83Hy2zXYBK7kss5ksIdVBUjSendy9+KGFEkiyhuPUcOvLKEYvgqRtO04QBMfy+jlselQTQUBRVRzbJggCysX8kc+5db6m2BMEENjIqg7U9t0PwCyv43sORuL8xJ39uCjixukcvqWaYUfoeOLoCBwdOhyTheUNvvbd9/EPGAgKgsBGocKnXprcWbSk/fZtnssUdwsoW5Efze0FEUEykMN97cM/thAlENqvzgSAa9uokW7kUMNF/IfvTvEnf/PW7m2D7b+/8+HcNtEDIB4N81u/8gZjg+lOpMYTSj6fp1arnShtIZPJ4DhOJ3pjk4sgbriuy+zsLMVikZGREUZGdq8mHoWVlRXu379PNBplYmLiUHn8p0nrNfUDqDsBkughCgKaJ3C9V9k2IfI8j5mpKSzLIggCwuEwl8bGkCSJaDTK6Ogos7Oz3Lx5k4mJibZlL3dy1Elad3c38Xic+fl5MpkMtVqN3t5eFEVpRoz09Pbiex7lcpn8xgYbGxuNdrdEcSiqyvjkJKlUimQqRTQW23b9TyslJfvgAXfCYTzPa4oTjuNgmSa24+A6Dq7rNkrebj4GQbCtBG4sHmdoZARFUR6re0bgmTjlaZzqNJ7ZEPoVI4oRH0Qz4md3Xt/HqjdEDcesNs4bGsJIjCNHx4kIEoHxgOrqh6yXqkzf/BZXXvwCsqzumvi3Ezdc10GWHwqRW6LG9qouu6M5VtdyzNyfw/clarbEa88EiGL7AZCsGsh6HM+r4tQySFoKQY7iui6O4zQ8ZY4hcNTr9WY55r1ovQahUITf/b3/cVc55uPQlW5EcwX4gIioaATu/gJHEPiY5TXk8CiS0b/vto+Srb7zIpiKBr6HV8vjVDfw6nnc6gZuNY/vXdxUZ0EQEdUIkh5B1mOIegRZiyFqESQ92vDC63DqdASODh1OiZ6u9oMYSRLpTrb3sDge7Ve1RElBCKcPzO+ERofrtdsu8JHUEHL04UQzpKuEjN03Ns/zMC2n+beqSLtWZOORjpfCk87y8jLhcJh0On3sY2QyGeLxONHoaX5PHk8ugrhRq9WYmZnBNE2uXLlyYuFpeXmZqakpYrEYExMTJ6q8clp4fkDVBj9wUUQB399eyalcKnHro48ol0oIQHdPDz29vUSiUQRBIBQKcfXqVaanp7lz5w5DQ0OMjo7ue05d16mUGyHq21Z590FRFCYmJlhfX2+KHH19fUQ32wGNdIJ4IkE8kaCnr49CPr+tQko0FuPqtWvbKq3srJTSLiWnlcOIDdVKhffffffA7fbDtixs20aSpMeikKNTmWumoEBjsh5K9KIasTNNQbHNCk69hF0rEgQBspZCT11HjowjKturWPUP9DNvWWjWInVH42fvvM/45DiplrSkvWgVN/bD931EUcRxHJbnpllaXkGijq4bXL8ioh10GL+IRAmztIFZWieQEyzme0j1jB34vWpHtVrl5s2bjIyM7IosbK1q1+qp9sonf+7I5zkQ32kUqgt8GmO3vT/VZnkd3/cIJS9e9MajEjcC38Otb+BUN/DrBdzqBk41j1vL41XzuPXCrn1kWUWQD/aVefQEzQffdZolj3ciKTqSFkHQokh6BGnzUdYbIsjWo6RHmilcHQ6mI3B06HAKyJLIlz/7PK88N4qq7B60JmJhRPF41UHMlj5RwEP0nG2vW7bDV799k2cmBtCUw32lXc9jdaPM6kZlxysCSjT90FsjCPjCJ55hbHj75DUIAv7+Bx/xvZ/cBRrv/5c/9yIv3bi0bTtDV+jvTjxWK3EdDk8+n6darZ7Il2F5eRnLshgeHj544yeciyBu5PN5ZmZmUFWV559//tglf7fIZDLMzMyQSCSY2Ew9uCi4XkDVD5Ba+uatib1pmlQrleaQuVIu4zjb+15RFJmcnGRxcZGlpSVqtRqTk5NtU29UTWP08mXszWMkEoltvhcH0dXVRSwWY2VlhfX1dUzTpLu7e1vFKkEQMAwDY0fKTOtzhymFeZBJ9BbyPilGAUebbkiyjK7r9A8MYOh6Y9J5hP0fJZ612pKCUkOUZPRoF4oRRVHPMgXFwqoWseslfNdGFDXU2HXk8OV9V/xFUWRs/DIBMDM3R198g+XpdQqlCcYujbf9fwe+fwgfjtZzSNiWyc0PPyDsr+L5UTwiPDsREDq0zU6AHkkiyRLVjWWGwuvEEseryrW0tIQgCCSTyf3P2FKK+bTTaAPfxndrCKIHvkXguxC0jw4JfBezvIYanUDULk4k42nfkwLfw601Ii+2IjCcWh63mser7SFgKBqSqqLqGkasH1nTkVQVWdWR1MeonLwf4Lk2vuviuU5D9HA2/3YcfGsNp7KMdQQxRNZjm6JIBFGLdsSQFjoCR4cOp4Cua3zsmRFGB7v3HEC2fV4QjjQKDFXmEIztE0HTcvjG9z/gOz++c5Qm4/k+dXN7uTJBlBvt3AxXFgSBaFjnY9e2n1MQBB6s5JsChySJvP7CZZ6dHNw22HY9H8/ztw0gnH38Sjo8XuRyOXRdb5bNPA6ZTIZoNHrs6itPChdB3NgqAxuPx7ly5cqJDUCXlpaYm5sjlUpx+fL5lTvc79r6QaOy1UETHM9tP+CERvUTwzCYm5vj/fffZ3Jyknh8e0SfJElcvX6diStXgMak86hpOoqiMDQ0RKVSoVgssra2RigUIhKJHOk4rRxmUrdX6e5IJNKMuGg1W91CFEVESULaepQaUX6yLKOoKpqmoes64UiESCSCEQqh6/rDCJ8L5NsUeCZu5T52eRrPWgVAC8VQE8Moe1QZO5Xz+j62WcKqFnCtRoqDGrmEHB5HjhzNE2fs8hghw2B2ZhZdtikuLlErlUl19ZBOp1E2UzkEQUA45GczCHwq1RrrK0s8yKyhijZVQSOkmgwn5lH8NLC/yLATRY8R7dGp5bOUHnwDz1on3PuJQ++/trbG6uoqg4ODe5qeQyMKVRCEQ5njHpXAMzE33kHRNBRNJfAtCBwI2vcj9fI6QRCgHsJ7Y8to9KwrqZwsNSWgnpvCWp3CqeY3xYy9BQxRVVB1/aGAoahIqo6sqVy8yIxjIgpIqoakahwU0BT4Ab5r47ku/g4xxHcdPPNoYohsRJHUCKIeRQmnUJNDKNGTm2JfZDoCR4cOp4ShKfvmMgdBcKK880jpNpLiIki7b9im5WxLFzk2gtAUN+DhAGD7Jo1wzrr58HyO67FWKG9774IgMLO4ynqh8jAos3ncx9M8rsNDSqUS5XL5RMaTuVyOWq12YvPKx52LIG5smYn29PRwZXMSfhIWFhZYWFigu7v7WCHmF4FWZ4F2snXrxL+7u5tQKMT8/Dy3bt1ifHx8V2rPVkj8SYlEIhiGQaFQwDRNLMtC0zRkWaZSKlEulbZtX6lU2FhfJ9XVdaJ7UGs6i6qqvPrGGzi2/dCzYPP+0fhVaIo4kiQhyTKiICAcoQLZo/ZpaYdbncUpT+FU5wBQtBB6sh8tFNvTy+o0cKxyI1qj1vhfSloXRtdzSJHLiPLxBC1BEOgb6CeRTHDzvfeQBIdKsUBg5pifi9Ld18XwwDC6cXAUiue5VCpVpqfvY9YsDKlK4BvIsosc6uHatQmsNZdqfh7Xtggn+47UVklWiaYvUS0sU117B8/aIDrweQR5/7RX0zSZmpoiGo1uK+W8k71Ss04LpzRNfeMmat8Egbv/Srrn2pjlddTYdUT1cFFdZy1yHEfcMNdmsdamMdemsVZn8P1Gv9A2AmNLwFDVCyVkXhSEFjHkIHaKIZ7r4DubfzsOvrmGXVnelSYjqWG0rktoqRG01AhqcgRRebSlh8+SjsDRocMp03SLb7lxtuZ2797h4GNqVhbJWkGNDe8w9wJZlvj4x8YZHzlaWGOxXOdbb92mWN5tfLVTqNhiK1/Vdlx+dmu++bzvB/z4vRk++8q1bfeq927P8x//+ofsDFjupKw8/uRyOVRV3XcQeRCZTIZQKHRgGPGTzHmLG57nMTMzc2pmogBzc3MsLS2RTqe5dOnSwTucIWdZUnFnvx6JRLh+/TrZbJbl5WUcx2FwcPBYx16Yn2dpcbGxurxPf+n7PqZp4rpus19dX1vDcZymoFKtVLh352gRftCovNLT09OMOmkVdIIgQNd1dP3wA+KDJpWt95zDepScBZ650jAMrUwR+BaipGDEulD0GHKbsumndl7HxKo1fDV8z0GUdLT4syjR8VNNW9ANg1dff51sdpkHSw8omSLgUFpZ5GY2gxwKY2g6uhFB03QMxcV0FWSq5Ms+nlOkUHJQqeP5Im69QlVNkO5JMzA02KwqZPR9EXH9bazC+/iuRTjZjygfLWw+nOhDUjRq+Vnc2T8nOvDzKOGhPbefnp7G9/1T6cdOgmdvIAgS0iHer1lZBzhU9EYrrSLH1t+nwWGPZ63PY65NYa3NYK3O4m0afSpGiFB3D1okihaJNSs4dTgbjiaG+LiWiV2r4FQrWOsz1LK3mq+r8X60VEP0UFMjqLGjCZMXiY7A0aHDGdAaydEaurtrYBcErBWqOK6HJIpkcsVdxxJ9C93MQSiMou0eXIUNjS9+6llevDaEsIcB6S4EkdV8lbuz2bYCx9Z72NaOlpW3+/Mr3Jtb3vb6B3eXuDOb5drYww5REAQkUWBniKHb1uG0w+NCpVKhUCicaGV+bW2NSqXC2NjY6TXsMeO8xY16vc7MzAz1ev1UzEQBZmZmyGQy9Pb2PtG+KntFYoiiyPDwMKVSiVKp1Cx/bBhHmxgX8nnmZ2dxncNH5vm+3/zxPA93M63Gtm3u3727zVTxMAhioyz5lsCx8752GkJ1u2OcR0lx363ilqewK1P49gYAaiiGGupBPdMUFA970yzU2UxBUcKj6NEJ5PDZ9Y2CKDIwOEBffz9ra6vMzcxSMy0EHExXJFDXyW+EUESPct0mZqgU6zbxkEK+6pIKS5iuQhCIxLsHmLhyra3YpXW9hqimsNa+T3FllkjXwJFTevRwEknWqBWy5Of+ikjfpwl1fWzXdgsLC+TzeUZHR4/8fTttAiePfIgJp+85WJU8avxZROXon7MtkQM4lWiO/e5Jdn4Rc3UKc20Ga3UGz22kOCt6CCOVQotG0UJRBLkztbyoCKKIYoRQjBB0Ne73getg1arY1TJ2rUpt4SeUZxuVEyUlhNY9gpa8hJoaRktdQlQej+IBnU9hhw5nROtq1V4DtgD4yQczbFVPm17IUdv0xdjaRfJMZE3drKPenr7uGPgOvrPTNHSPtgkqqVgIWT7cCtnWipogCNiux999/8NmSsxWGHe+VOUvvv4Tfv93v0hk01XsY8+M4Lako7iuR26jxLffutOJ4niMWVlZQZZlBgaOZwAHkM1m0XV9l8P908J5ixv5fJ7Z2VkUReG5557b5RlxHKamplheXqavr4+hob1XWR9HgiDA3Cy9epgJeDwexzCMpl+GaZqEw+F9S1a24rpuU6A4LDtTYPYSPLa2O0jwCHwfy7a39dWHua9tO8Yh+/mt4z1qccMpTzWqoFQXAJC1MEayHzUU3xUtearnNctYtdYUlDR61/Mo0QkE6dFNIERRoKenh56eHmrVKpVKlUqlgm1ZeNUqtuOSjHhULYXepIBDnOFECCNkEImECUcibU11W1GiE4haEjP3JuW1RULxNHr0aFW3FC1ELD1KNZ+lsvwmnrlOdPDzzdfz+TwLCwuk0+lDlWw+azxrHeUQ0U2e2+hTlMjxPYpOS+RovSd96aqOXVjCXJ1uCBq56Ydt1Q2MRAI1GkUNRZCUp9vM8nFHkBX0WAI99tAHza7XcTajPOyNeWrZhxGAWrwPNTmC1nUJNTmCGr84JY1b6QgcHTqcM1PzK0zNr+x63vc3B4aCiBKKEbgHiRcBQXBwBIfvuiAKiPLeA8mt/OnW37cGn1/9h/f41g8bIW2qIvHxFyf4wbtTuK7HW+9N88ddP+Z3f/2TaKrM5EgvkyPbjYw+mnrAD965j2UfbfDe4WJQq9XI5/OMjIwc208gn89TLBbPPX3hvDhvcWN5eZmlpaVTMxN1XZeZmRlyuRz9/f3HTss4bU71OgdBI2XE85Bk+Ui2d5ZlsbG21vSuCIVCyJurnOne3rbfo+7uboaGh6mUy/inJAZvCR1bP1viw5ZXxtbjVgUTIxxmYGBgV7TGWfkXnEUli3Z49SxOZRq3OoPvWUiyihHrRjHiyMrZVWVw7BpOvYRTK+F5LqIUQo0/ixqdRNTOf1IeCocJhcOke3ZXTQO2RaMeFUntIjz0a5i571Er3sV1LMKJgSOlLwiiRKRrCLO8Sq1wC9feIDrw8yDFmZqaIhQKXYh7SuDV8T0TWTnYONtzGmkdknqyNM2Tihxfu2ui1bMYtVnGxQUWvjKD72xGFGkGejyGHh1EDUcRO4LGE49qGKiGAV2NvsB3XexaFadWwa5VqS6+S3nubQAkxUDranh4aKmG8CEqZ1dN6rB0BI4OHc4ZVZGaq3q+71Orb0VwNAYRoizjWXvuDsDSSoGe1AiyccBqeABiEIAokl0t4jjtK5q0rqRt/e75AX/73fcj/ehpAAAgAElEQVT486//pGkb8voL4/zy5z6G6/r86GdT+EHAV771M0rVOl/+uRe4cqkXSRK3DYR1TT0Vo70O58PKygqiKJ4oeiOTyaCqKun00VbxngTOW9w4bTPRSqXCvXv3qNVqDA0N0df3+Obs7qR1+u55HlP37jF9//6xJnhBEGyLytA0jUQyyauvvUZvGx+bkdFR+k7gb3MYHMfBtu3m41Y/Lctys9rJSSq0XCR8p4RbmcapTuNZeQRBQA3HUI1eFO3s3qPvOZspKCVcuw40VuvV8DhKZPTMznsS2hmLnxZ6z2cQ1QTm+o/xHQsj0Y+iHW0ypEfTiIpGbSNLYeYvKHMVy5K5du3aqbXzJPhWI8VJOkS0luuYSEoMxNMVDQ4jctjFLObaNLMzU1ypzSFtLqLZmoERi6JG+tDC0cerFGuHM0GUZfRYHD32MNLTNetYtQpOpYpdWKS2fLf5mhbrRU2NoKUuoSSH0RKPftGjI3B06HDOvPjMJb7wiRuIosgHdxf52+++j+14HMp9FChVavzZ377NW+9NH+m8larJ7NLqrudbBzNb4kZ2tcCf/u3bfPftu9hOY4A+NpTmv/ry64wNdpOIGgiCwFvvTeF6Pt9+6zZ3Zpb5lc+9wGdevUoyFmoOniXx0edXdzgdTNNkfX2doaGh5gr0USmVSuTz+ScuheEwnKe44Xkes7OzFAqFUzMTXVtb4969e8iyzNWrV4lGz86r4Cw5rDjkeycrcS0AsiThui7VSgWzXmdtbW3PKA71hJE1B6FqGuGWv23bbv5YloXtONTq9WYqiyzL28u4XnQCbzNSYxqnugSAqkfQUwOoRvxMo0XsehGrVsKplwGQ9F707hdRoxMgPt0TRjXxPJKaor76JuXVOUKpfvTQ0SIYVD2G1KNRy2cJWx8w3nvlwohx3qaHiyQf3K/4toWonk65ztYoDtgtcjjlXCPlZHUaa30Wt97wfOtSdbRYFC3ag9oRNDocElk3kHUDUptRHp6LU6ti1yrY1Qq1xZ9RnvsJ0PguqF3DaC2pLdIZCsvQETg6dDgz2g2eGs+1VFcBXnvuMq+90CiTmU5F+OYPb20KHPsPviRJxPV8ggBuT2e4PZ05xdY32mraLt956zZf//6H29JoLo/08N/9s88xNthNEAT0pxP8m9/+AvGowde+dxPfD8jm8vzff/V93r+zyH/9a59gdHPbDo8vuVwO4MTRG7Is09v7ZNdg38l5ihuWZTE1NUW9XmdycvJUrv2DBw+YnZ0lEolw+fLlQ3tLPCpOer3DkQhd3d0U8vkjGX0ehCAIKIqCqmlEY40KA6urq2iaRjx+tpPug1BVddv/sV6vU6/XqVarlEolarUatm1jGAaxWIxIJEI0Gj3TaidGKESl3BAJZFlGPMS53NoSTrmRghIELpKsEYr3oBhRJPkMU1CsGo5Zwq6W8H0XUY6iJV5AjowjaU+n19BeSKEhwkO/2khZ2VjEsy3CiaOWktWIpkepFrJYlXvUly309GcQpPMtdelZ64iSjCAePMXyXAs1fHAqy2FpFTkUa50fvjXDFWkRc3UGt15oPK9oqJEo0fQYajiGfMZCaoenA1GS0aJxtOjDKA/HbHh52NUqTukBhZX7zde0WC9yYgi9awQtNYaaOP64sh0dgaNDhzOg1ZSz9bn9CAJQlcN/JSdH+3iwUkASBURxtzlbsVzDcb3mubsSu9VSPwjwPJ9IuP2AoFSu8fc//KgpbggC3Jgc4r/5jU9zZbSvWQ5XEAQiIZV//ZufJZ2M8lfffJdiuYbtePSnE1wa6OqIG485tm03PRaOO5mtVCqsra018/qfFs5T3HBdl+npaWzbPjUz0enpabLZLF1dXU9sFZxwOMz1Z5458/N0p9O4nkexWCSbzZJIJE5Uevk0MQwDwzBIpVIAFItFSqUSxWKRlZUVlpcblbTC4TCxWIzu7u4T+7m0Iooiqa6uprlrOBLZs+/x7QJOZQq3MoPnFBEEcTMFJXamKSiea+NspaA4JiCgRMbRI+PI4fMtVXrREaQQRv8vIa7/GKtwE9+1CCX6D1VatZVwoh9Z0anm5/Gdr6B3fwrJON3J0lHw6stIyiH6ZsckCAJENXUq53WrG5hr07xaniafnUax8wDUZRUtGiXSPYoajh3K/LRDh9NA0Q0U3SDUjPLwcOpV7GojysN8cJPqwjsAGL2ThAdfIDT0wqlUaukIHB06nBKtRlw7V7RaJ3Nb1Ud2IvgOe8/5Agh8gsAj8F1efXaEkYEUlr39WEHQECHmMut89R/ea0Z1JONh/vkvv8HkWG/bFBFZkohFjGYJwC16u+N8/MUJZpfWSCUifO71a3z5517YlnLS+t4lSeSffOlVnrs61EhncT1+8dM39npTHR4jVlYaItdJozdEUTyVcqSPC+edlnL//n1qtRrPPvvsicUN13W5e/cu+XyegYGBE30WzpKjXPPW69ja/4miyMgJyiAfhSAIUBQFx3GYnZ0lk8kwPDx8pO/JVrv9ICAIQBSE5v3ktMTEeDxOPB5neHiYIAiaYseWOJPNZkkmkwwODrYtGXpYtkTzZCrFa2+8Qa3WMDvUdJ1QKNTcJvAd7OJ93OoUbj0LgKJH0KMDaEbioCDIExA0K6A4ZsO3QDb6MRLjKJHxU/dTeNLRul5HVFPUc42UlXCqH0U7WrqbFk4iyiq1fJZq5m/Quz6Omnj2jFq8P75XRT1Eyo2/WWZVPKbBqFsrYK3PYOamsdamsStrAMiyQiwSReu5hBqJoeiPR1nPDk8+oiShRWJokVjzOcc0MUsb1DeWWFu5D+/+BaHB5wkPP094cHc56MPSETg6dDglaqbTtsxdEATUTJtiuUZvd5xCubZrXyHwIdgvDFogCDxwa/hOBRGfnrjM7q+wgCCIDPYkuXX/YdpKTyrGx18cJ7pHpEZrW1sd8kVR5B99/kVkSeLlZy8x0JNEbjEN3Xq/O4WRq2N9XLvcj+8HiKKA7/vN7Ts8friuSy6Xo7e3F8M43mCpVquRy+Xo6+s7tn/H48ZZiBuH9YsIgoCpqSmq1SrPPPMMicTJwqArlQp3796lXq8zOjp6IUoxngXnEWm2VV1leHiYaDTKgwcPuHfvHg8ePGBiYmKXt4nvB9Qtl2LNJ5d3KBQ9qnWHIAiwHJ9q3SUeUZBEAUkUCRsyXSmJ7oRKVBfQVRnxhF5IgiA0BQ9opEHlcjkWFxfJ5/PHrqazJW5sPWq6jrZDLPHsIm51Eav4EY65jqzohOI9qKE4orR/ydKT4FjVhmFotUgQ+IhKDC3xInJ0/MRVMJ52lOgkNVuhvv4D/NVFQvEe9OjR+hhFCxPrGaNayGCu/wjfKaCnP3VGLW6P7xQB/1DVeDzHaiyIaYeL4PDMMubaFGZuGnt9FqvUWHSQJBklEiU+2BA01GPeozt0OA8UXUfRB4j2DGDXqpj5deq5u9Qe3CSv/AXG4POEhl7A6L16pOM+HaPMDh3OGM/zmFnIcXc2i+N4eL6P7wes5Svk1ousFaoUSjX+h9/9hbYRFGLgEgj7GLeJEgQ+nlUCQcC3NARhZy5ygCBICGqkbTUVQ39YqWUvdq5gBkGAKkv8+i+8tG3gXyzX8YMAAYiE9abo0SpkbP1spbFsPd/h8WNlZYUgCE60Yp/NNlZYnxbvjfMUNwCmpqYol8tcu3atmWJwXJ4UM9GDaBeV9ijPHQRBUzTI5/PMz8/z/vvv09vby+XLlynWPL73syrTi3XKNYdSDUoVn/YWIfa2vzQtIBaRiRkBsbDKc1dCvP5MiIhxOoKApmkMDw/T29vL/Pw82WyW9fV1BgcH6eo6vP/ETpF9657hu1V8aw3PWsWzC/huBVmVMWKjyOrZlSTcSkGxqkU810IQZOTwBEp0HDn09BklnyXxrlHW/BDltTehmMN1zOOVkk0NU1dWqRdv49kbGOlG5ZZHgb+ZFnKYFBXPsRCVJHuFGnlWBWttGnN1BmttGqvYSAmTJBklHCU+MIIWjaEY51+Ss0OH00ANhVFDYWKDI1jlEvXCOtWFdyjPvY1sxAkNPU9k6EXU1MHpfx2Bo0OHU6Bu2vz7P/rmgdstZNZJd7WfHOx1ExcEEVE2EPQuBDm0aVwltrknCjRjko85OG+NyNiidcApCALVus3/9h++zsp6id6uGL/6hZd45calbdu2i2TpiBuPJ57nkcvlSKfThMPhg3dog2VZZLNZenp6UJSzW2G9KJy3uDE9PU2xWOTKlSsnjrRYWlpibm6OaDTK2NjYhTMT3clx01O22BmNdl4kk0mSySRzc/N8670C//P/s7Dv9nt1r1tvxbIEVi2PRt0sk5/dNfmPX21Ue/j9307zsfHIPimSh0dVVSYnJ0mn0ywsLDA7O8vGxgaDg4PN9JKD8H2/cQ8JHOzaEl5tqVmZQtYMFE1DiaUhcE/e4DYEBNjVAna9hGNWAVBCgyjJcZToOILQGTqfFd3pHmrhL1HIvEWkNo3n2IRT/chHzMk3ommkzZSVWuYr6OlPI4fP3i/IKc0CHMrM1nMsRP1hGppv1zDXppuVTuxiY1FAFCXUSJTYwDBaJIYaOt59+EnG91w8xz54w0dKYxwsyjKi1OkzjooWjaFFYySGx6gXN6jnNyjdf5PS/TdRY72Ehl4gPPgCSqz9olnninfocExCukoyHmG90HB4F0WhUSBFAIGH+c+KIhM2NHq6YlweTuN6uyMoBFGEYI/ICkFEUMIIso4YHFSmUABBJmizImA7LrKkHrrE39ZAf2c6St20mM+ss1GokFsr8vGPjW8TNFpX35qtanldU2Xe+Ng4MwurdCUjpFNP5mrwk8Lq6iqe553YewN4Krw3zlvcmJmZIZ/PMzExceLr/TSYiV5EggAsx+fWXI0//oZGqfJQpJJFgUhYJBISiRkS6VSIwT6JZAIGUtuHdAHwYM1lbQOWl21WCiYV06dS9ajUfbaC+f7dH60yOljgn/9ikrGBEKp8cqUjkUiQSCTIZrMsLCxw9+7dtuk27XAqs3i1WZzKHCAgqTpqKIZmxBBEqfHOzkDccKwK9qa3RhAEyFoSPXkNKTqOpJzcnLfD4QiFQoQmfh6zOIaz8UNKK7OEUwNooaNFYahGHFHWGyLH8jfRky+hpl4+o1Y3cKrLSIq2t+K4SRD4uJaJ4FSoL/9nzLUZ7MIDYEvQiBDrH0KLxlBDF6P87XnSEDAcPNvEs21cy8K1LXzbwrVtfO9sxM7TQhRFRElBkCUkRUWSFQRFRpIVJEVBkJXG77KC+JSk8B4FI57CiKcIPI9aYYN6YZ3CrW9QuPUNtK5LhAYbkR2S8dDbo3MVO3Q4Aq2T9pH+Ln79F16itewrgK4phAyNkKFhaDLhkE4srBMJG8iiyEJ27UjnFAQRQVJA0Knb3sHBGUHAg8U1VjfKzadK1Tr353NMXuo9VCSFrkrbBAvf99uWAmwr1hxw/L7uOL/3W5/H83xEUcDQHq7oX4SV0w7bWVlZoaur69hpCa7rkslk6OrqOpHx4OPAeYsbc3NzbGxsMDY2Rl/f0UoutvK4mIk+idiux0czJn//To3p+YeD9lREYmhAYTStcfmSzki/TFf04Gia4R0BPCsFm7klh5klk/mczVLGpmz6zD1w+F//Q46Xbhj8yicSjPSpyNLhUwP2or+/n66uLm7fvs29e/eYmJhoa3brWas45UYVFN+rNUoOhuMooRjKthSU071HeK6FXS9hVYr4no0kaajRa8iRy+daiaMD6PEx1HAP9tqbVDcW8RyLUPxoKY6yohHrGW34cuTfxbU3CPV8BsSzKY0aeFXkUOzA7axyifwH94H7CIKAGo4S6x9sRGiEn75Fn1YBw7VtPGtTuLBNPNvB87bn4UmyjhROICX6UENJlHAKJbx3us+jICBAaDl/EEDgu3hmCc+s4JllfLuCZ1ZwamVw8nhthBlBEBClhtAhqWozAkRSVSRZRlQURFlFkmREReY83/OjRpAkwl1pwl1pPNuiVsxj5tfI3/wq+ZtfJdR/jdDgC4QGn+8IHB06HIcgCIiEtE2BY/drO6k5AaYXoAIDvcfIhxdEfvzBHH/y//0Y03YPDCX2/IDV9WLz7+Vcgf/z//1W23Ky7bgxMcjv/dbPH1lwaJea0spW6LGu7lhp3JF33eFisLKyguM4JypbmclkCILgiffeOG9xY2FhgbW1NS5dunQsc8ctWs1Ex8bGjuSfcN6cND3lPAmCgMU1k3/4cYm3PnwoHPf1hLhySeCNaxH60irJiNTWIHSl0KjIULd9yvWAVERClkCRRVKRhyJyb0KlN6Hy8vUQ6yWX5ZzDmx+WuXXXpGr7vPtRnXc/qvNLn9D5hTdSdMdOPhFUVZUbN25w+/Zt7t+/3/RxCbw6bmUKuzyNZzWSZ9RQFNUYQjUOniQelyDwm5EajtVIQVHDI0jhRgrK0zRhuOiIchi975dg7S3M4gf4jkkoOXBkM9lwYgBZ1qkW5qgu5dHTn0Eyji8CtyXwEOTgUP4bTrFEtG8ALRpHC0Wf+I9cEAS4lrldwLA2BQxnPwGjFz3chRxKIIdTyEYSKZxC0sIEO8RO4RFfxF2CBgFCcLQ2eHYV36zgmmV8u9x4NCv4dhXfKuPUy7hmhcAq4XltUnACkDcjQERZRlYVhC1xRFERla3IEBlRudjppUdFUjWi6T6i6T4cs049v465Mc9a9g7CO3/eETg6dDgKW9EMWwac7SbzOyfoi4XNqAsBusJgSMebwFuOy2q+Qr5YOfK+fhCwtLxxqG1VRebSwNEnNYIg7Jv+sp/w0WpKutMDpMP5kcvlmqHmx8H3fTKZDMlk8tD5948j5y1uLC0tkcvlGB4eZnh4+NjnbDUTvXbtGpFIJzT6UfHO7Qp/+q0qpUqj7zMUkRdvGPzyp5KkYhKGur1vncrU+GDa4/asSb5g4biN9EU/AN8HSWrMmQRBQJZE+ntCXL0k8/ykynC3jiwJ9CYVepMKE5c05l+2+foPityaMXG8gG+8ZfKT28v89/+km7GBk+f8y7LMjRs3+OlPf8pG9n3kmolTafgVyGqIULIPzYhvpqCcDY5ZaURrVAuN82pdGF03kMKXEZWnb9X8cULvfgNJS2Guvkk5N4uR7EfVj1hKNpJCUjWqG1mqma+id38SNf7MqbXRXL+HU64hJnZPJH3bwrcaE3vfspEFiVjfk2xSG2BVytiVEnaljFWtbBvXSbKOHE4iJ/vQw6ltAoYc6UJUQ7sEhIvISdsoqWEkNbynj0QrvlNviB12Fc8q4dbL+FYFz6rgWw0hxLYqBFYB19k9JpFVHTUcQQmHUcNR1CfInFbRDZT+IWL9Q1jVMmYh3xE4OnQ4ClsCx17ixk5+umQTAIoIEU1CdOogHW+wONSb5Lkrg8wsrh5r/8OSiod57srhb7zrhQo100aRpf2vyT6ihSyJHYHjgrG6uoplWYyPjx/7GJlMBtd1n+jojfMWNzKZDMvLywwODnLp0qVjn3N9fZ07d+4QiUS4fPnyhTcT3clZ/B8eBb4f8J131/nTbzZWMAUBersUfvu/6OK5yw+NFW0nYLVo84ObNb7xoyKOc5Q+0iO3UeT9O/BnfweJmMwXPx7l9WfCxMIyYV3imVGDZ0YNvn+zwh/9zRqmHbCe9/mf/jDH7/+zCC9eTZ/ofbr1ZczCPcaidwh8C7+uoEe7UUMx5EOseB/7vI6JUy9h14p4roMoamjxGyiRcUT9ye2XnkSU6BUkNUUt910qa8crJSurYaLpUaqFLObaD/DtPHr6k8duk7k63TQGtdZmCIKA9OQLeLaNb1n4to1vWsc2fn+csKtlrEppU9goN8dxWmqI6MBL6F2XtgkYjzs7ozfOGlExUBUDOLgvDjwbz6zgWxVcs4hTXcfeWMDaWKCWn28cTxRRQ1uCRwQlFEGSH38TeC0cRQtHOwJHhw5HpbVSyH78/X2TABAFMBSBblaRVQn0MNJmbvNhDT8JAi4PdvF7v/X5di9uPp6e0q0fwRfj/TuL3J7JHuvsoigSixj8q9/4NMl4uFNp5QKRy+WIxWInKjGayWRIJBJPbCTAeYsby8vLZDIZ+vv7T2QCWigUuH37NpFIhMnJybZ+Ox1OH9cL+LPv5PnuTxrihmHIvDah8yu/ECcdawhM+arL8orLP/ysyEd3TWr23mW+D0uh5PJnf5fn698t8eLzBp95Lkpft0LEkPjU8xEuDyn85dfzfDBnY9ke/+6PK/zjL4p8+Y1U2zLnexG4FczCPczSPZx6Q5jXwnHUUA+KdnYRE4HvYde3UlBqACjhS2hdE8iRy2d23g5nj6h1Exn6Neq571ErTuE6FuHUwJFW0UVJJto1TL2Uo166he9soHV/GukQpWTNtdlGyda1aczVWXy/4aGghsJE0n1osQTWyupTIWhYterDCI1yiWDTKF9NDBCdeAE9fRm9e/yJEDMeNwRJRQ6nIJxi51KFV8tjbsxhrc9jbSxQyS02x/mKqqNGIsihxz/KoyNwdOhwTPab+LdOfAQBkm6GqDmDkHgRBOhORuhORlHVg7+CQeAT+C4EHiFp++B2y5hJUg0k/XRzlrciVQ4SOO7MZE90nr50grrtkDzRUTqcJuvr69Tr9RNFBGSzWWzbZnR09PQadoE4b3Ejl8uxtLREb2/viaJsSqUSt27dwjAMJiYmngpx4yL4b1iOz198p8D33ml4Z6RTCj//WpJffFVHkiRcL2Dqgcu33y3w0e0aZevkwsZOSqbHd9+u8MGtOi8+G+HnXooy1C0zkNL43V/t5us/rvLmuwVKFZ+//ocyiiTyhVcSKNL+kXpm8R52+T7mZslMRQ8TTvajGvE9y6GfBrZZwq41fgAkrRuj+3nkyASCdLQyox0uMIKE0fs5JDWFufE2vmMRSvYjq0csJRvrQVQ0ahtZ6g++gpb+NEpku1Bsrc83IjTWprFXZ5s+CIoRxujqRo9GUcPR7WVAn1Bxw6nXMMtF7EoZp1rG8xppcVqin9j4s6jdY+jpCSTtdMrYHla0ughpLALCI4niOA2kUJJwKEl46MXGE76HuTGPtdEQPMz1ebyNRjEEURRRw1HkUAgtHEU1wojK4xHl0RE4OnQ4ZXZOfNR6jp6Nv0UYuoYki8iiz7/+zc9SM+2G+WIqRuA7zQCMrmSESs0kEdu8SQQ+gVMjcMr4TrV5XNcyqRc2UKLdhAaeb95sTpN20SqGrvHCtWFml9ao1U9Wd1yWRa6N9RENnf+Eo8NDcrkckUiE7u6jhf+28uDBA6LRKLHY2ZkFnhfnLW6srq6ysLBAOp1mcnLy2OesVCrcunULVVWZnJxEfkzL0z1u6Smu5/O3Pyrw/f+fvfcKjis90zSf49J7eA/CkQBdkSzDKpVhqUqmWiXXanVP9/T29GxsR0zsxayJudq93b3fnY2J3Z3d2e7YmB51T6tbK3VJLVOlkkollTckiwBJGMIDmUggfeY5edxeJEiQRQNkJkAkwPNEUBUCMv9z0uL/3vO97/dJRdxobZb5zhcjnB3xIUkCRc3kFx9k+e2nJdY2yljW3m6cN/Imv/4wx/VZlZfOB3jxsRAhv8yrzwSJhGx+8EaaYsnmB2+ksNQ0Lz7Rjs93ZzGpF5ZRM9fQMpNYloYkuzYtKGFkZW8mVgAY5RLlUha9mMU0dUTJiyt8AldwCNFdn63GobFxRU8juiJoybfJJmYJxDpwVTlK1u0NI7V4KKWXKcVfR032Y+sK6toM2to0plH5jCoeH95YFFcgiCcQQpAO5ndlNZRLRcr5LFquYjm51a0SasPXN7rZoTGEdDMLZR90hkYQNw48ooSneQBP81Z3m55fp5yqCB7axhz5+AJ5KhczFbf3DltLo3Z5HP5PqIPDPiKaJToX/xZRNvEEvdh6AUuUCbo9BN2bHz+zUBE4ZC+tsRCvXjjN2kaOUMBDT3sM2ypjqhsYuXnM/DIA5VKJjakJ5GA7bS/81xjG3s4Av5mLYds2fq+Lv/juC7u6fijg3VG3iMPek0qlKBQKjIyM1LxGPB5HVVW6uw9fiNp+ixvr6+vMzc0Ri8U4evRozccsFouMj48jiiKDg4MHLnPjIDN+o8Tr75exLAj4Rf7ZV6I8Nhjg5lTW//cnKT64kscwHt73oWFYLKxq/PWPyyzFTf70K1F8HpEvng2jKCJ/9YN1tLLA3//aRC98RF+Hn96uGF4hgZq5jqFtAAIufwiXtw2XZ+9saZapo5eyaMUsRrkEgBIYwB0YQPbXbtVyOHjI/j5EdxPa2lvkN5bw1DJK1uUm2HqEtc8+ITP7M6BSxHnDYdzBEK5AEPEQZBNsh66W0PKVDo1yLndrhKkr2Iq/9xzu1kG8zYNI3rvHPDtQ9QSVRkYJNKEEmvD3VCZF2qaBtjFHOTWPuj5LeWOB4sYsAKIoVQQPn7/y/e/zNcTnxRE4HBx2kc8XP53zf4NHjRMaHgOrhFlMYBtFEG8rJmwLsJF9bSiKyO89t5XqbdsGtl4GWwd7MyXf0EnPToHio/mpP0WU974wuSk+3AxZDQV2t+PCsrbarx2RY3+Jx+N4vV5aW1trXmN5eZlAIFDz9JVGZb/FjVQqxY0bN4hEIoyN1Z7+r6oq4+PjWJbFyMgIXu+j076/3/aU+IbOv/v+poVChK99Icq54YoYUFQt/vLHG7x/Obdv56frNr94J40swrdeiOBxCbx4OsRy3OT1d9KYlsS7c35Odl7BXEuRBxRPAH+sE5cntKcWFG0zLFQvVZ4fydOGp+kxXKFhEPeuS8ShsRHlAN6O30NIvoOa+QxT1/BFOqoKTLQMg+iREbyhGIJpHbqRmvdCV0uUC1sdGqZRyQJS/E34es7gaRnE3TSI7N/eQGwLuzvx5CBMULnFI7BlFSQZT8sgnpZBbvbklnNrlFPzaOtzlDfmyMWXYLPLQ3Z7cfsDKP4ALr8fxfPwuzwcgcPBYZf4fPwcEPsAACAASURBVPHTvvh9goVpYn0DuP0BLC0Dpo6lpUG8/aMnIkgKICAq/jt/ZxlYRglL3cDetKdszE6jayXaX/iXKIHaLQTVcLu4sVdBoLeLKA77QyaTIZ/PMzQ0VPMaa2trFAoFBgYOV5jffosbmUyG6elpQqFQXeJGuVxmYmICXdcZHh4+8ON7D5I9xTRtfvCb7K3//8zxAL/3TGW7mMwY/MOb6X0VN27nzQ+zSJLAK+eDBHwSf/jFCImExqdTJVbiEX5+pYM/fV7B5Qsh7aHIrmvFigWllMUyDUQ5gCt8CldoCNFV/Thzh8OLp/lpJFeM0tpvyK/Nbo6SvXcnkWUY2OXNsa2qhr1p8ZVEGfZOo9tXdFWthIIWcpTzeQx9037jj+LpPIW3ZRB38yBKoMrPlfBoWkVs7EPVtVEtrmALrmALgd5zQGVyi7pe6fLQNuZQ1+cpbFTCpUVR3rS1VMJL3T7/ntu8HIHDwWEX+PwmO7L+DtH0p4Q7uvFGN0UIy8AqZ0EXQbjtL6ggIkpusHQsyQPibSF/toltaFjlLJZeJDU3jZbP0nL+T+/wyz0Mbu+ycDicJBIJ3G437e3tNa+xvLyM1+uta/pKo7Hf4kYul2NqaopAIMDY2NjOpy99DsMwmJiYoFgsMjw8fGin2zQqH1xP88lEJbfo+LCH7361cmU0WzL5p3czvH8lv5+ndweqZvHmBxn8Pnj58TAuWeDrL4ZJ5AyW4zrvTg7w3Dk4tgcRO5ZpUC5m0IpZTL0ECCiBATyBQWR/7cHHDo8AQgysXnKLH7N+8SqRoaPEhkawDAOrXMZUNexyGXuPbb2NgKFplQ6NTcvJTUFD9oZxt48RaR3E1TSAK1h7t+YjqGtUsB9NUedBCJILb+sw3tatXDA9l6hYWzazPHKry7d+541E8Yab8Eaj7MUbyRE4HBzq5K5Q0XKSjpWf4glHCbR13n0H29q0pWxhmWWsco5NKfy22976H7LLCxRT68ROfx1/12O7+hgcHHK5HJlMpq5xoxsbG+RyubqmrzQa+y1uFAoFpqen8Xq9jI6O1hwEalkWExMT5HI5hoaGDkX4a7WvzX7aUwzT4m9/UQREomE3rzwTJeSTMUyb96/k+O0nOXS9sbrXCiWLn7ydoadN4eQRP33tHl58PMoPfrlBsWTww981M/LtNcQqRsc+iHKpImpsWVDa8YTPogQGESTHguJwN3o+iZqcRlubQU3OYBRTAMiKG08wglUoUpibu3PKySGlImhU7CblQg5dq3w/yp4QrtajhFuHcDcP4gpVl1FyXx6x+v7mlJRHuWujWpRgK0qwFfqeAMAyVLT1eUqrExQWL1JKTyEuSHgjMTzRGJ7g7uW7HP5PvIPDHnKvDXbb8muIok2kq7eGFe17+vnyayvkEiuERy4QGtrdgE8HB6h0byiKQmfnPUS5HbK8vIzb7aal5XBML9hvcaNYLDI1NYUsy4yOjuJ2117kTUxMkMlkGBwcPHTZKAeBf/ufNygWK503J4dkBjsVBAHWUxo/fjNLSd1e3HApAl63iCyBbtjkSxbVNNaF/CKKImCakMmbO5pmmctb/McfbPA//2sXiqxw7piL9z8TmZyD2VUflxYlHuutvbvPKBfQCln0UgbLshCVEO7IY8jBQSTX4ekCa3Rs20bTNEqlylSadKZEWc2QL5i4ZAPdkvF6FWKRAJIrhD8QxOtxo7hce2ZbvRdmMUVpbRp1bRotOY1e2ABAkl24gkH8sX7cgRCK5/BPZjPLZcqFHFouh5bPYpQrf69MyU8hMEjfsSG8zYO4IrX/Td8PGnXcqiNs1I8oe/C2jeBtGyF2+puU4lcpLl6ktHSZwsYakuzCG4vhjTTh8tU3btgROBwcauRexU80+VsC+SlCPUeQXLtzxamUXieztIC/5wzRk6/uypoODrdTKBRIpVL09fXVvFlNp9Ok02l6enp2+ez2h/0WN1RVZXp6GkEQGB0drSsIdGJiglQqxZEjR4hGtw+Mc9hdNN0kW6iIAC0xhadOhPC5JWzb5vu/zrFRePCI784WhcfH/Jwc8tIclpElgbJhsxDXuHpD5Z3LBTL5e68hCPDYiJcnxgIc7ffgkiv3vT6n8u5nea7MqNtOa1nNGnzvjSx/+uUYTUGFF85GmF9ZQyvLXLwe5GR3GqmKLg7LKFNWs5QLWQxdBUSUwCDe4CCS73B8fxwUTNNiaXGR+GqcgJIlXfQCNpJoIYsWkihS1jUQZIoFnVJxA5+yzFzZQ8BjoJpeevv7aGvbpa6Az59fKYOa3BQ01mYo5yuefklScAVD+Hv6cPlDKJ7DH5Rs6vqtUFAttyVoiIq3Ev7YMsiH+S40b9eed6vtdqgoNK6wATwSQaL7gbftGN62Y3Dujygsfkph8SL5pcvkE6uVSUbRKJ5Ic02CpSNwODjUwL2KH5capyP+T3jCMfxNu3MFWyvk2Jidxts6RMuT/3xX1nRw+DyJRAJJkuru3lAUZc82ug+T/RY3yuUy09PTmKbJ8ePH8ftrv5Jx7do11tfX6evro6np8IQyHiR7ysyKTipXESC6miSOdFamO8yuqLx/+f65GyG/yNefi/DUiQDhgHTX75vDMmdG/Dw+5uf7b6S4OnvncyLLAt9+IcKXzodxK3cWI82nAjxx3M/bn+b4m59voGoP3sG/9WGOL54L0NXs5tSwi4hPIl42uLbkZ6OQoyW4TReHbW+KGhnKauUxS54OVtMywebjdLQdfGEjV4SVDYtk2iJbgEzeIluETMEmW7DJF6GogfFgPeuhYNs2hmGgayoWPkShD2wBC5BEAUkUsRERBBEbG0mwsGwwLcA2MS0QsBEEG9sWEIQELrevZgvd1omZWLqGZWhYuopt6kAAhNMI4llESUKUJATx7s/DYcO2bWzTxLJMLNPkVruWICAqHkTZjah4ECQXTED2VheYzd979jB8+VFrZNhjcUORwOcRCPkh5BcI+yHog3BAJOwXaA4LdDQJ+DyH+4n3dz+Gv/sxzHKR4tJFiouXyK5Okl1dxuUL4I3G8EViO55w5AgcDg67RNvKTxAEiUh3LdaUuzE0jdSNKVyhNlqe+i92ZU0Hh89TKpVYX1+np6cHSapt05jL5djY2KCrq2uXz+7hslcTOaoprk3TZGpqClVVOXHiBMFgsObjTk5Osra2Rm9v76GxDR00bNvm+qyKqoEiC5w+6sPvrnzOvvfz9APve3zQyzOnAgR80uZaUDZsbBvcisDNZqvhHg/ffTnK//q9+K1OEYCvfSHM156N3LqdaUEqZ+D3iHjdIook8OK5EIWSxfffSD3QsmKYNu98UuAPvuQm7FN44pSf197KEN/wsJKUaQmW730/rUC5lEUrpLFtG9kdxd/yJO7wCBPXFymYeQZaO3b4bDYe61mbKzdMPrlucX3RIp0T0A0b06w8Z4ZhY1oCliVgmJVJOo1zMVgGdjtouN5HJwLezX8OO+Pu53y1gd5lDg9GACTJRpJAlkASbSRJQJYsZAkUBZpCMNovcHZE5lifSMh3eMUOyeUjeORpgkeexiymKSx9Sn7hUzJL82SW5vEEw3ijFRvLg8aSOwKHg0OV3NOasvYWgcI0oZ4juzI/3TJNUjcmQZBpfvJPEV31edEcHO5HIpEAqLt7Q5blA9290QjihmVZTE5OUiwWOX78OOFw7YFbMzMzxONxuru7aW2tIyXfoS7UssVcojKxwaUInBqpjOWdW9OYW9EeeN9rcyoLiTJHOj0kUmV+80mOa3MaggAnBn1860IERapsdIe6PZw55uPXH1W6IzpbFC6cC94SN1bXdb7/Ropr8yU6mhR+79kwjw1X/q58+XyYuZUy718p3PdcLAuuzKk8nzFoDcs8+1hF4AC4NO/heF8ZaXOvaegauppFL2YxdA1RdOEOj+IJj+AK9KBpGtenp2+FGtd91f8hYtuQSFt8NmPx8XWT6SWb9QzkizaqBqb1+cLyZiHiFJwODg53Y1Pp6jJMqPxFuPs7YzkBkwsWb35k0xyFY70iZ4ZFjg9IRPxbYvdhQ/JFCA1fIDR8gXJ6udLZsXSZ1PwN0gs3cIea8MWieMN35zUdnL8qDg4NwL2KIHdphfb4z/FGmnbNmpKanaasFml79i9whQ/u1S2HxkbTNNbW1ujs7ERRlJrWKBQKrK2t0dHRUfP40v2mEcQNgKmpKfL5PKOjo3VlZczOzrK8vExHR0ddI38blYNkT0mkTK5M6QB0R1w0hyqfs/EpDX2bSZUbGZPv/WyDrlYX12ZLrGe2vA1zK2ViIZGXntgSwYZ7PLcEjtPDXmKhyhbPtuG1t9N8MF4RMLJ5jVwxRUeTi7aYgksWePqUnw/GCw/s4ljPGMyvlGkNy3TE3HSEFFayOm9+3My3z2eRzTTlYgZdrRynZISwlCG80VEkt4dMySCzOkU8Hse2bfr7+w+MbapswKUpkzc+Nrg2b5HNC+RLoGl2xbbh4ODgsEcYJuSLAvmiTWIDZhYN3vpUJBY2OHFE4OUnFIY6RZRDXNW7Ip24Ip1Ejr+CmrxBcekihYWLbNyYQpJkvNEY7nD01iSWQ/xUODjsLvfbVLet/gRJkmucmnI36fkbqLk0zY//Ed62o7uypoPDvdit7g1BEA5s90YjiRvZbJajR4/WVfTNz8+zuLhIe3v7gbcMHQYMc0sxGDlaabs3LZvLUwVMc/ur+nMrZeZW7rZ/2DZMLZZ56Ymtn93s5gAY6NoKuc4UDCZulO64//KazkcTBX7vC5WJOgOdbpojMmup+6suxaLFaryMddSHKMDQsJeVjyrizfrSFAFXGdkdwxsbw/b0kV7LkUql0Demb60hSRJNTU20tbXVFZz7sDBMuDpv8k/vGlycgmTKQtXA2skIGgcHB4ddxrSgUBIolGySKZhfsfnoapknxwS+8pRCf7t4q5vusOJpPoKn+Qix09+iuHKFwuIlSkuXyScTyC433kjMETgcHHbC/Yqg2Nqv8BduEO4bQKzxCvjtZFcWKWysET3xCoG+J7a/g4NDjei6Tjwep729HU+NI/VUVSUej9Pa2nqg2sxv0ijixvT0NOl0mqGhobqyMhYXF5mfn6etrY3u7u6a12lk9uo12wts22Z5rXjr/w/2VD4jBdWkrNd/2T8SuHMXu5auiBOCAB7P1u9yRYt88e7jXZ1T+crTIIkQCcoM9bgfKHDopk0iV6asW3hcIgM9Mr/5qPK7tDlMW+cAknerY6i3N0pvby+apmEYBqIoHghRAyqWnKllk5+9Z/DRNZvVpE1JdYwmDg4OjUNF7IDZZZtEyuLj6zZfOCXypcdluprFQ2tduR1fx3F8Hcfh8a1JLLnlK47A4eCwHffbULuLi7TFX8cXbcYbba77OMVUklx8mdDQs4SPvlT3eg4OD2K3ujeAA9m90SjixuzsLKlUioGBgbrsJMvLy8zOztLU1HRoRvXuBvtpT7FsWFrfEhbCm4JEMmNQUGsvlUVR4PiAmxfOhm79LF8yuTS5JaZYt2VBuBURlyKglu885ka2IrR43ZXzGup2886l++dwQMU2kytVBI6Qb0tEWVJHGfPe21bldrtxu3dnbPrDYC5u8fqHBu98ZrGUsCipAndFazg4ODg0CJZdsbBML9isrpu8P25x4YzEhTMSbdFD3s5xE0HE33MWf89ZrHLBETgcHB7Eg4qg9tWfIMsK4a76iwlLL5NZnMfbOkjs9LfqXs/B4UGYpnmr88Ln89W0RrlcZnl5mZaWlgNVvEDjiBvz8/Mkk0n6+/vrEppWV1eZmZkhFotx5MiRmtdx2F1sG1R96xJab3Ole0HVwNgmf+PzhIMSZ4/6CAckjnS5GOr2EPBWpquUNIsf/jrF9Xnt1nGTt3ViNIUlBrrcfHr9TpvK2BEPHtfW5tfr3n6KkloG3ahU+z0tW+/3kn7wN9FlA96+aPCj3xpMLdjkS2BZj8AlUAcHh0OBaUE2D9dKsLxm8Ml1i++8IHPmqIR88L+id4zo8jsCh4PD/XhQEdSU+CW+4jzh/iFEuX5rSnppAcs0iJ76Zt1rOThsRzwex7KsXeneOGgTOhpF3FhYWCCRSNDb21uXnSSRSDA1NUUkEmFgYKDmdQ4CB8meci9kqfZiOeiTePXZCM2RO7dtE7MlfvLbDJcm7xQvPr1e5MK5ELIkIIkC334ximHazK6UCfokLpwLcOFc+I4W5moD6mTx8BT/uSL8+F2dH//OZDlhbxsA6+Dg4NCoGKZNKgsfTVgkMzrffRGeOyXi8xye7+ztcAQOB4cq8RQXaE38En+sBU/k7tFE1VLcWKOUXid26lVc4doLTgeHnWDbNolEgubmZgKBQE1rmKbJ8vIyTU1NB8ZTD40jbiwtLd0a4drbW3s4cTKZ5Pr164RCIYaGhmpe57Cyn/aU3UYU7jWCFPo73Dw55iedM5lf3QojnVoo89lM8dYo2P4ON//tH7ezkTPwKCIhv8RG1sClyNzUKUzzruUfCZaSFj94y+DNjyw2srv7PMTCAl2tIi0RkVhIpCkETWGRprCIxyVQUG3WM1blX9ZiPQPJtMViwiKbd3wxDg4OtaPpMLNo85c/1kmkJV45r9Ac2v5+hwFH4HBwuAcPtKas/BhJdhHehakpFWvKAr62YULDF+pez8FhO+LxOIZh0NFR+/jh5eVlLMs6UN0bjSJurKyssLKyQmdnJ/39/TUfN5VKcfXqVQKBgCNuHBA28jqxQG0df8m0wT/9LkNXi0J7s0J7k4vmsIzXLfLcmSAdLQp/9do6C5siR0mz+N5PU8iSyPEjXgQBFFmgLaqgmzbxDZ3LU0XOnwwQ9FWsKfoOprrcTiqv1/RYGonLMxZ/96bOhxMmhaJQd4io1wN9HRInBiRODMr0tYsEvSKyDC5ZQNn8rywJiGKlpdwwbMpGpWtE3/xvpmAxs2xyedrgsxmT5YSFdvcwHQcHB4cHYpiwmrT5z2/orG7Y/P7zEoOd29sRDzqOwOHg8DkeVAg1r76Ot7RIuH8IQar/CyK9NI9lGUROfqPutRwcdkIikSAajRIOh2u6v23bLC8vE4lE8Pv9u3x2e0OjiBvxeJylpSXa29vrspNkMhnGx8fx+/0MDQ0hioffXHsQ7SmiCDH/VjtAulAROKIhEW+VzSVF1eLND3O31m2OKHz5qSBfeqryOR7q9vD1Z8P8H/+QvBUwurqu83/+fYJzo35ODnlpicpYFozPlHj7YoGuFoVnHwveOka2sH3rQiQo4t9sc04XtnwcLcGD5em4mbfxD28ZTM5DSau9ddutwPEhiWdOKoz2ybRERQJegYBXwK0ID5xkIIkVwcPHnTeybInhbplnTrjIlyrBgeOzBr+5aDA1bzoWGgcHhx1j2ZDJCfzyA5PEhs0fvsihz+VwBA4Hh9t40CbaW5ilJfkr/E0teHfBmlJYX6OU3iB26uu4wrVfTXdw2CmJRIJyuczw8HDNaywvL6Pr+oGZnNIo4sba2hoLCwu0trbW1XGRy+UYHx/H4/EwODh4IMfzPioICHS1uIFKNbqYNBhog7BfuiPcs1osCxIbOj/8dZpjRzz0tFZCfk8N++hqVW51cQBkCxVh5Fcf5XApArYNZb0igBzpdN2aoGLbMLeyfYtAyCfi3Tz35Y2tDo6e1trCiveD3crbkCUYG5R49RkXjw0rNIUrHndpF4oGUQCvW8DrFmiNQk+bxPEjMi+csXnvis5P3tGYXbIwHlFbkYODQ/UUSvDpNYtU7vDncjg7IweHTbYrhNpWf4LschPu7Kv7WGZZI7c8j699hNDwC3Wv5+CwExKJBOFwmGj03uMcd8Ly8jKhUIhgMLj9jfeZRhE3kskkc3NzNDc3MzIyUvNxC4UC4+PjyLLM0NAQLper5rUOErW8jo2QvyEI0BzxAJXRq9M3DJ4/Dj63RNAnA1pd6+eKFssJ/ZbA4XWLdDTdKXDcxLZBu21MrCDASO/Wc5TJG0wvPfh59igiXTE3LqVSwc/M3j6p5eBMUnr3isFP3zFYjAs15W3IEgz1Snz1vMKTYwqdTRJe94M7NepFkSpjhkN+aI+JnDsm8ZuLOj9/T2dx1XLG2Do4OOyIm7kcP/qtTlNI5vFjh1MKOJyPysGhSrbbQLes/gxvaZnIwDDCLlyeSS/NY5oW0ZPO1BSHh0MymURV1brGiK6urqJpWl3BmA+LvRA3aimaNzY2mJ2dJRqNcuzYsZqPXSqVmJiYAGBoaOjAjeZ9VPG4RUIBgWzeZvJGCd2wUWSBM6N+Lk4W0fX7V6aCAOdG/UzcKFEoWXf93u0SCAW2rJK2Xfm3E/o7XJwY3AoInlnW2Mg8uNoPBCXa2yuimqZbTM9WPmOtTRLiAZmocnHK4qfvmcyvglll5oggwEC3yCtPu3hqTKarWcbnFXiYD10QIOgTONqj0NEkcf64wpsf6bzxoU48adWdIeLg4HD4MUy4Pmfz2jsm4aDIcNfh86o4AofDI892hZA3P01z8jcEmttwh2q/8n2TwnoCNZMidvobKKGD0ebvcLCxbZvV1VWCwSBNTU01r7O8vEwgEKg5v+Nh0SjiRiqVYmZmhnA4zNjYWM3H1jSNiYkJdF1nZGTkQE2uedSJBkXGjii8e7nMRkFnfk1jsMPDiUEPsgT6A3I6nzkd4I9ejrGQKPOLdzNcmVHRjUoJ63EJfOF04I4ujELJJJHaWjDgEzl/wk9Rs/n4agFVq9y3rUnhD16O0RSubAFtGy5eL24rjnTHZPrbKyGpk8sqWbUiiDx32oVLbnyBY2rJ5B/e0rk8TdXWDlmC584qfOcFN8f6JQJe8aEKG59HFCESEAn6RLpbJE4PyXzvdZVL103Mu7UwBwcHhzvQyvDuZYuWiEHogkxb9HCJHI7A4fBIs5NCqH31n5BdHkK7MDXFLGtkl+bxdRwjNPR83es5OOyEhYUFVFWtK/shkUhQLBYZHBzcxTPbfRpF3Mhms0xPTxMMBhkbG0OosX9d13UmJiZQVZXh4eEDE+y6WxxUe8pNFKkyuQTKlMs2H10qMNjhIeKTePZMkF+8k73n/fo6XHzrhSjhgEQ44OVon4eZJY2lRMXW0tPmZqDLjXRblf3uZ/lbORqKLPDdl2J84bEAogA3nggyu6whiQKnR3zEQlvbv3cv53nncuGBj0OSBE6O+PB7Kh0jb/42d+t3Rzq9e2rP2A2SGZvXfmfy/hUbtUpnkFuBL51X+MOX3Ax0KrgaaOcsiRALiZw/oRAOCvzVT1Q++MxwsjkcHBy2pajCz941iIUEXn1aIOhr8C/yKmigr2kHh8ajZfUneNRVwgNHay5Qbie9NA8IRJ2pKQ4PiXQ6TSKRoLu7m0gkUvM6y8vL+Hy+uvI79ppGETfy+TxTU1P4/X7GxsaQapy4ZFkWExMT5PN5hoeHD0TuicOdCILAmWNefvVJkUzO5tqSynpOpymo8M9eCt1X4FhLGUzOq7REApURr5LA0V4PR3vv/X68Oqfy+vtbosNIn5uxAS+KVPm7NdTtYaj77vtOLap8/5cbd+Rz3AuXDBfOVoJEVzY0ri5WPmuDfTIdTY29lSyqFj/+ncGvPrYolKq7r9cDrz7r5rsvuululZAbdLqixyVw/IjCX3wDPIrG7y7pzlhZBweHbcnkBP7xbZOwH146J+NWDofIcbj6URwcqmC7YsiXm6Q5+Tv8zW14QvW35OeTcdRMivDJV1GCrXWv5+CwHaZpsrCwQCAQoL+/v+Z1kskk+Xy+oSenNIq4USqVmJqawu12Mzo6iqIoNR9/fHycbDbL0NBQw9uCHO5PS6BMwFXpkEhsmEzMaFiWjSwr/P4XI3d0YdykqFr8p5+u89c/TTK3qmHeJ0WyqJq88UGGf/8PCVaSW/aUK9Mqf/3TJJeni2j3yPkoqiZvf5rj//nROsn0gy/3K5LAn7zShCzLGKbNu5dLqGUbUYTRXhm/p3G3koYJb3xk8rP3LdLZ6hIqQgH4gy+6+eMvuelpa1xx4yYuGY72KvzFN7y8+ISC14npcXBw2AYbWFmDv/+VwQcTxqGxuDW27O7gsEfspBgaTv0U2+0l0l2/NcXQNqemdIwSHnqu7vUcHHbC4uIimqZx9OjRutZZWVnB4/HUld+xlzSKuKGqKpOTk0iSxOjoKB5P7VaJ8fFx0uk0AwMDdXXeHGQOuj0FoJwZp7zxIReGwvz1+pNk8ybvXilwtN9LS1jiwhk/12dVPpu5+7HmSxa/eC/He1cKjPR66e9w0RyWEUVQyzbzqxpX5zSWEuV75md8eq3EZ9MqY0c8nBz04vdWivRU1uD98SIzS9qOQkmfGPXxhZOV7o25hM4H4wUMwyYUEHhizLsr3Y17xfisyZsfm6ys2VVNGnEr8Mozbn7/gpuOmITYuBrOHSgSHOmU+PNXvOg6vPWxXvMYXAcHh0cD07KZXYbXP7LoaLYY7DwgX3gPwBE4HB45drJpfkr9KdlsnOaho0D9m7fM0hyCIBM95UxNcXg4pFIp1tbW6O3tJRQK1bVOJpNp2MkpjSJuaJrG1NQUtm0zNjaGz+er+fhXr15lY2OD/v5+YrFYzes47C/a+nto6UsongDPPxHgN0sp5hejXJ/T+GymxPOnAwQDLr76XJj1vMlK4t6Jo9m8xYfjBT4cf3BOxr0wDJtLkyUuTVbpzdhk+IibV1+MIEkSedXkd5fyxNcrFfPYsEBbpLEEpdvRDXh/wmRizq7qqqQgwAuPK3zj2YMlbtxEEqGvXeKfvewmW7D4cNzc8XQdBweHRxPdgI+uWpwbMelrExu+Y207HIHD4ZFiJ8XQC+EbJD57m0BrB+7ALllTsmlij30bJdBc93oODtthmibz8/OEQqG6hYnl5WUURaG1tfFsVY0ibhiGwfT0NLquc/z4cQKBQM3Hn5ycJJlM0tPTQ3Pzo/t9sRev7cPkprjhDTXh3ZyW9a++tMH/8JdRNM3k736+BgAB0AAAIABJREFUztFehc4mN6N9Xr78VJjvv75xz3Gw+0VrTOEbz0boiLmwbbg2V+Stj7IYm5Nc/vD5WEOHi07MmVyatigWq7vfuVGJbz7rpr+jOnGjpNnMrJjMrZio22SaVIPfKzDULdPdIuHeoeNNEmG0X+E7FyyyBY1rs07qqIODw4PJ5eGDqxaj/SZDXQdb4XAEDodHhp1smF8ZcbH88x+heLyEO3vqPqauqpWpKZ1jhAa/UPd6Dg47YX5+Hl3X6xpNCpDJZEilUvT01P9Z2G0aRdwwTZPJyUmKxSInTpyoq1tmenqaeDxOd3d3Q+edNCqNYk/Rc5No6Uu4A7Fb4gZAaxi++WyCH77dSqFk8b/8VYL/6V9341IEvnguSFmHv3t9/ZaAsJ9EQzLffTnGqcFKJ1K2YPIff5iivFm4/9k3gvi9tefL7DVq2eadKyaTCzbVPJuDPSLffN7NyUEZpYr9/eUZne+/qXFlxqSkgV2NH2YbREnA64bzJ2S+84KH/o6dnZhLhvPHXSTSNrmixnKiccQzBweHxsOy4ZPrFk8cs+hvb/zcoQfhCBwOjwQ7LYbWL/6Qcn6N5qFju3Lc7PI8gigTc6wpDg+JjY0N1tfX6evrq3vqxvz8fEN2bzSKuGHbNlNTUxQKBcbGxurKyrhx4wYrKyt0dnbS3t5e8zoO+4upJVHXfoPi8eOP3Pk6CoLAy6cLfDZTZHrZRzxn8Jc/XueffyVKwCvx1fNBBAFeeytFtrB/V9wjIZk/+nITT45VxI1UweDf/8M6G8XKOZ0edvP0aO1dSg+DS9MmF6eq695oaxL59gtuvnDShce189aUxTWTH/xa41cf6pSqHEG7MypiyXq6jN8r8N0XPTSFdtZa4vMIfOVJF2spix++VSab33/xzMHBoXE5LF0cB8xZ6OBQPTsthl4ITZOb/i3Btg7cgdqvwt4kv7aKmk0TPfV1ZH9jhjM6HC50XWd+fp5wOFx318XKygqZTIaurq6GChFsFHEDKh0XuVyOY8eO1ZWVMTc3x9LSEu3t7XR2dta8zmHhwNpTbBN17S0EUcAX6bjnTXwumz9/OU5btJKJ8eF4nh+/myFTrORafOWpIN95KUpn2/50Rwz2ufizrzXx9ImKuJHI6PzdGxuMT1eUgpFegT//Woh7DH5pGNSyzYdXLWYWd969IYnwwhmZFx5TCHire3CfXte5OGnukbixRb4Iv7tkcH2+utTQaFDkG8+6OXtUbujX7VFjoFvkuTMyz52R6WhxyjGHxuBmF8flaeueE7gOCs4nysEB+OqQROriD3F5fIQ66m/HNzSVzNI8vq4TBAee2YUzdHDYnoWFBQzDYGBgoK51yuUyc3NzhMPhhsqBaDRxI51OMzw8XNdztLCwwMLCAm1tbXR3d9e8zqNOI9hTSom3MLV1/LEOJNl139t1NNn8wfNJFNmkXLZ5870s//ibDLnNDolnTwf4L7/exPnTEWT54WzT/D6FLz8T4V++2sy5oxVxYz5e5ns/S/HepYq40RyT+O7LEXyexm7+vTRtcnnGqkpwGOmXePqkQkukuiuWJc3myqzJavLh2D9mFk0mF020e+fR3pfuVonnH5Ppbne2/Y2C1y0QCVb+ue//deHg8NDJ5eG9cYsbKwfX1tbYf6UcHOpkR7kbRz2sf/x99MIGLcP1ZRbcJL04hyS7HWuKw0MjmUzemrzh9/vrWmtubg7DMOjq6tqls6ufRhI3bty4QSqVYnBwsK6sjKWlJebm5mhpaWnInBOHnVNOXUTPT+ELt6K4H2wNE4CzAzp/9tVV/sNrXZRUm1++n2NpXeK//24ARZEZ6vbS2+bh8eMu/u4fN4jn9m7W52C7m++8EmOky4OyuStcWtP4f17LMbtYwLZBUeDPXw3T2+res/PYDSwbLs9YzC7bO54cosjw9AmZkwNK1RNTrs4bTC+ad4xijYbgaL9Mc7j+domlNYvJeZP8ptWmrMP4DZOFuMlQ987FGEmEp0+6+fi6wXLCwnAyRx0cHO6DZcNn0yZTiwIjPdKB7PxyBA6HQ8tOxY3i8iVyN94l2NaJy1+/rzi/toKWy9B89g+QfdG613Nw2I5yuczCwgKRSKTuLoBUKkU8Hqejo6OuUae7SSOJG3Nzc6yvr3PkyBE6Ou5tQ9gJKysr3Lhxg6amJvr6+mpe57BRy2u9390bRmEOdeN9XP4wnuDOu3nOdqxQfHqR1z4+RU7zMn49xf/4b3P82XdiDHf5cCsCT4z4OfPf+fjZe2ne/aRIMmdQUq26xn6KIvg8Iu1hheeeDnDh1JYlUy3bXL6R4z/9MH0rcyMWgn/xjQjDnY0tbgCsrFvcWLYoVjEVd2xQ4vFjCkFf9bv4T6/rzCxtqQWiAF/7gotvPe+pKsfjfhRUi//7RyXeeN/gZm7pZ9Mm00tGVQIHQDQo8MwJhYlZk+mFh3tltr9LpLN5Sz3KFW3mVy0yufu/kTtaRF56XGHwthyAD67q/Pai8cD7fR6vG1y3dUiYJqgaDxR5etpFXjyncKSjvmM7OBxU8kWBmWXYyNq7ItY+bByBw+FQslNxwzI0Nj79IS6fn1BH/e3hulois7SAr+skgSPn617PwWEnLCwsYJpm3dYUqBTwXq+3Ybo3GkncWFhYYG1tjb6+vrqen3g8zvT0NNFolCNHjtS8jsP+ixuWkUNNvIWseAhEdp6fkk8tUS5keOroEY4MBflPr9vMrpjEcwb/7m+TvPREiMdHfXS3upAlga89HeXCmSDjNzQ+vlokldPZyNikcibl8vaX471emUhAJBYWaI+5ODvqZ7jbjVupFJ1q2WYxrvH2pTxvfpC7db/Twwp/9LKfprC3+idnH5hZslhZZ8fZGz4vPHtKYbRfrnrk7cq6yeSiRb6w9bOOFpGxIzI9rdKujNC1bZHjAzKfXDNJpm+GjVpcXzB5cswiGtx5y4kowJNjLj64arCwWqZcpc2lHi6cVfjGs1sC2fV5g//4M41M7v7v3YBP4PSQzFPHt/JockWLjyZMMlXMxvnmC26+el5B2nyqppcs/u6XGlem73/sSFDg7IjM2aP1HdvhcNHbIXLhrEJf+5bw9fZFnXcv7zxg2OuGl59SeGx46701tWjy60/0hpp0ZNkwt2oTT1k0hw9e2KgjcDgcOnYqbgCkLv4Qo5ShZWR3rCmZxTkk2UPT6W/tynoODtuxtrZGKpViYGCg7o6LhYUF8vk8g4ODu3R29dFI4sbi4iLxeJyenp667CTJZJLJyUnC4XDDPM+NQrWv936LGwDl9XexbQ1ftJ+dVrRqfp1yIYMn9iSu6Gn6gH/1+zp/++Y6n4xbFEsWP/1thouTRc4M+jg15mWo04PfI/PEqMwTo37WczrxdYtESkctGSRzOjY2ZR0Kqk3IJyBJoEgSEZ9EIOCmJSrS3iQS9t0ZYHpltsQn4wUuT6skNipVr8tl89wZF68+3fiZGwDl9BKltWkuvy+xvHIM2Nl34ekRmXPHZHye6tWIiVmD2RWL2yfCDveI9LbtjrgBlbfU0V6ZzladZLpSkJsWfDZjMLtqViVwAAR9As+eqnRxXL3x8HwqYb9IV/PW85LKWdvmTogCuBTu6IRRZKHq57Y5InK0R0HarNEMS8e/zVeHKIDbJdR97P1gqFfk5KBE0Le7eStFzebDCYPZpfsX4S89qXD+uHwrmHxxzeRXH+nMLldXuI8OSDx3WqY1WnnRTMvmZ++V+Xhif71VkaDAuaPyHeLEStLkowl2LHDIMoz1y7z8+NYHIOAt8/G1vbMh1srsqs3qus3x/v0+k+pp/L9aDg5VUM0GOT//EbnZ9wm1d+Ly1W9NySVW0PJZms59F8kbrns9B4ft0DSNhYUFYrFY3dM3SqUSc3NzxGIxotH9t1Y1krixtLTE6uoqXV1dddlJNjY2uHr1KsFgkKGhoZrXcWgMjMI85fwsvkg7smtnHQ66lqeYjuMKDuGKnr7182hQ4b/6Whufjab43/9eQzdt5lfKrCR03r1a4FSfl8dP+xjs8qBIAk1BhaYgjPVXroqr5UoBYVo2umnjkgVEoVKQ3ezSuB1NtxifLfHhxSLjiyWyWQvjtkr9v/nDAEc6g0gNar4uZ1ZQk9NoyRnUtRlMLU9e97Cc/AolY+ef8yMdEp3NEtU+St2EKzcMFlfvtKcM90h07/JEjOFuid42kc8mzVtiyrU5k+lFg1ODW50JO0EQYKhHoqtFfKgCh8PDY6BL4hvPeehs2t334UbWJpkuPVDgGOkReflx960sm/FZg0tTBrPL1R2rLSby9EmFgY5KmWqYFVFvtwSOtmaREwMSzeGt58jG5qOrxgPtW6JYEb687tuFL6jmC0RAQJG5Yw2XLFSd//MwSGVs5uMWhZKF39uAJ/gAHIHD4dCw04LolaMezHKBjY//HncwRLC9fmtKuVQku7yAv/s0wf6n6l7PwWEnLCwsAOyaNUUQhIawpjSSuLGwsEA8Hqezs7MuO0k6nWZ8fBy/38/Q0FBDjd51qA09dw1JUvAEdjYi2DJ1ihsrSO4mPC3P3/V7WRJ4bDjG//ZvbL73RorffVIROuJJndfXdd74JEuTX+apMwGeOOGhv3VLVPG4drb5vLZQ4N2LKh+PF8iqJtbn9vKvXvDx6lPhhrtSXc7G0ZLTqMkZtLUZDDULgOzy4AkEcbW1ksj1krrRi2Xv7LkI+qG3TSTsr37jfmPZYHLRQitv/ay9WaS/Q8Lr3t1CIOgTGeiUiIYM1jMVhaNUgvFZk/MnTLpbqmsfbwlLdLeK+DxQPKATmR3uj1uBsF+ourtnO0zLwrVN1SjLIh63cEt0c7uoKaBSEsGjiLdEAN0EeRdcEi4FHh+T+eazbo72SbiVrZMzLciXilXn0wx2yXz5PGjlnd3PrQj0tB0My4dhwo0Vm9UUDB4Ml+ItHIHD4VBQjbgBkLn2SyyzTKhzeFeOn1uaQ1K8ztQUh4dGIpEgnU4zNDSEx1Nfq34ymSSZTNLd3Y3bvX9BgnshbEB9gaJra2v09PTU1bmRzWYZHx/H5/MxPDyMJB2Mzc3DZK9e+73C0jPohVm84ZYd36eQWsGyTHwtz4Fw//eASxb4sy9H+drTBj/+bY7rCwbJDRPbhrWcwWtvpXntLXDLAq1NXrraZWJR6IzdvaVbTBqsrcPKapnVDfUOO8VNOlokzh5189LjfvwNYkfR82toyRlKiWm05DRGKQOArLhxB4MEW4/g8oeQb/u+mltoYjWz827Mvg6Jnlapqg6Im1yeMZhdtu5IYxjqEeltE3ddHBIEGOmp2FTWM5Ur2DaVaSozy9ULHLJU6QppaxK58YCr8dXQ0y7yrRfcnBy897ncbk8BGOyU+Td/7CdXuvv486smP/h1uapJL4M9ImdGZCLBu5/8x4bvPHZTSOSrT7s4NXz3sT+YMLgy5XS2HEZ6O0S+9ozC84+56WoR7woBNi1qCgY+d6yS4bPT4GdBgIC3wRTkBzC9ZLOUMBnsdDo4HBwakptFjp5fJ3v91/hjLbi89Y3TBMjFl1HzOZof/yMkb2j7Ozg41ImqqiwsLNDU1ER7e3tda9m2zezsLH6/v+616qHRxI0bN26wvr5OX19fXZkb+Xye8fFxXC4Xg4ODyLLzZ3c32O/8DT17DQC3N7Kj2xczcXQ1j7flBST39qKIIAg0hxT+xSsx4mmdybky8wmNT66VyeYrO2nNsFmIF1mIV3/+rU0Spwdluls9HDviIuyrPmRzNzEKG6jJKUqJacrrN9ALGwBIsgt3MEiguR93IITsvvfrruoSs8kgG/mdvy+GukW6WqvftGcLFhOzBsnUVoEsCnC0tyKY7AVH+yR6Nm0qN+uohVWLmSWTJ47Zd7S774ThHpmult0TODxugYEOkdODyr1v8LnT83kEBjol4O7ny+MSCPp0UlVMK+ltk/jqeRe997gy7nWLd7T/N4clLpwRMcy71y+USlw7ZNYdTYd/fFvl/Yn6UmXLOkwtNk4I5k7xe+HpUwqvfsHF8X6ZoE/cVTuI3yPgryHD56CwmrRZTB68x+fstBwOPNWEigJkr/8SgEBb7SMeb1IuFcmuLOLvfoxA3xN1r+fgsBMWFhYQRXHXrCmqqjIyMrILZ1YbjSRu2LbN9PQ06XSagYGBurJNisUiExMTiKLI4ODgvnbHOOwueu46Lm8QUb5PQXcb5VIGNbeOK3wSJVT956wtotAWUdANL189bxNPqqysq0zHLa7Plclmt9+tNzdbjPR66G+26Wrx0xJzEfCK+5axYRTTlQyNtYrtRM8nAZAkBVcwhL+7H1cgiOLZWV/0esHFesGDae2scvG4YaBTpiVSvSBxdc5kZsm6o8OgrVmkv3337Sk3CW3aVCJhg9SmTUU34LOZik3lWG912/muZomeNgmXYuzeNBVhxzm7lZvf57aVnwvsfBZOJQch6BOJBLZ//mXp5hX0u0/A7aruMRwELMtmctHkdxfrD7E0q9R+uppl/uwVL197pjphpL1JoiVa/2eprUnk2y8ofOlJN21RCdf2X9dVY1qVfzt+uwogizRk5sa90A2Ibxw8YcsROBwONNWKG+X0Irkb7xFoab/vlaBqyC7OIbn8xE471hSHh0M8HieTyTA8PFx3wZzP51lcXKSlpYVQaH+6jxpJ3DBNk+npabLZLENDQ3V1tKiqysTEBKZpMjIygtd7wAysD5GDZk/Rs9ewzBLuQO+2t7Vti8LGCoqvC09zfaPDFVkkFoRY0M+xfh8XELAsG9OCXKES4a+WTTJ5jaawB1mqCBh+rwtRrHQZiPskaJilLKXkFOXkDdS1acq5BLApaASC+Lr68ASDyJ7aJkHlNIWSvvMtbUtUpC0qolSpb9g2XJrWmVu5s9Ib6hHpad99e8pNBAGO9sh0teikMlvHvjJjMLNkVC1wuBTobBYJB0XWdqF4UTWb6SULr7t+tWQhbpItHryCqpExTPuhjgW+SdgvcGZEwd6pf2MTURR2JXOjOSIwdkShq0W6IwskV7SRJPBV2fl0L378O5V/eqdMrrSz2we88Cdf8vD8Y9uMEWog8qWDNxrZETgcDizVihsA6au/RBTFXeneyMWX0Qo5Wp74YyRPsO71HBy2o1QqsbCwQEtLC21tbXWvNzs7iyzLdHfXH7RbC40kbhiGwdTUFPl8nqNHj9LSsvNshc+j6zoTExNomsbIyEjd43sdGgs9dx1Z8aC4t897KBfS2LaFK3puV89BEAQEQJQqhYA7svWe726t33pZL6aaQ12fRkvMoCanKWcrPhpRknH5Q4S7enEFQri8u/PZKGoyqr7ziijoF/DV4INfSppMLVoUinf+PBYSCNUQVloNTRGRoP/Oc05nba7PWzw5Zt0xEWInhPwCvl1yesXXLf7mFxqeXajZygZk8xZ9HTt/PT+aMFhay9/TqvOt59x88XH3rYJ5ZtnkR2+rXJ+/ux1hMWHfERzrUB+iCJWmpv0RVmWp0t1zU9zIl2x+e6nMQsLkC6dcjPbVXwavZywmF0yy+Z3dPuQXSOcPloBXcAQOB4eHQy2Fkbo2TXHpEqH2LqQdtBU/iHKxULGm9JzF37u7G1cHh/sxPz+Poih1TfO4yerqKul0mr6+vn0JvWwkcUPTNKampiiVSoyOjtLU1FTz8U3TZHx8nEKhwMjICIFA/SOoDzO1vA/2M3/DUuMY6ir+6M66e7RCGsnThuSpX5BsZKxyYdNyMkNpbZpyZgUASZJR/AFCnT14AiEU396IL4WyhFaFwOH3gLeGBrjJeYP5uHVXWOsHV0yy+SIh/94Vcmtpm2uzdxblpgVX5w0W18yqBQ6/V6gpVPFelHXuyCS5nbYmkdEjIl0tEj53ZSJGMm1xdc5kYdXaFUFhI2uTvk9mxzMn7TvKa7VsMbNk8cnVuwUOy2bHYZEO21M2oKja6EZ1T6pLEfB5hKo7rO6HacH1BYP/7zca731m0Nsu8fix3XmhQ36Rvg5pxxOJvG4I+g6WD+ogTltyBA6HA0e1E1Nukr32BpKkEGitv3sjsziH5A4QO/2NutdycNgJKysr5HI5RkZGcLnqu0ymaRpzc3OEQqG6OhVqpZHEjVKpxPT0NOVymRMnThCJ7Cw08l7Yts34+Di5XI7BwcF9s/047B3l7FUEQcTl2/59omt5DF3FG3nyIZzZw8XSS6hr06hrU6jJGcrpZQAEQcQdDBLq7MblD+H2PxyBr1CW0Yydb2lDfhGfp4aA0aKNqt1dGMXXLTYy1p766g0TjHvEKOSKdk1XWMMBAd8eOudaYiJfPKdw4axCR7OIR6mMD7XsSuGbKdh8fLXMj94uM7Nwt2hUDbYN98gMJRSAkB/E2wpln1tEljdzExz2lPm4yd+8XuLKTHXhHedPKPz+C+5dCe1dT1t8/02Vn79fZmbRpKhCR9PuCQxfPOfi8WPKjt+/olDp+DpIbDogDxSOwOFwoKhV3CiufEYxfp1wVy9CnTuQXHyZcjFP85N/grSDFmUHh3opFAosLS3R2tpKa2tr3etNTk5iGMa+WFMaSdwoFApMTU0BcOLEiboFifHxcTKZDAMDA0Sj0brWcmhALI1y7jruQAxB2P7viFZII0oelNDRh3Bye4upq2jJSiCotjaDlloAKl55xR8kvClouB6SoPF5ipqCWq5G4Kh0cVSLfZ8r/KYF5j5ZGyrnVL06EPCIeHepg+PznB2V+M4FD48Ny0SD4j3zFFoj0NnkYbRf5kdva/z6Y+PWhKD70RQSODEo0dNWOW/TgoVVm7X7dI/EwiLhgHhHB4ffK1Q9dQags0nk2dMKuc18ENOCiVmTpbijlNwPtWyxvGYxvVDdc9TfYe1KZshC3OL/+keVfNEmk7OrGj28U6JBkeghd6mXnA4OB4e9o1ZxAyBz7U1kl4dAS31jMC3TIB9fwdd5gkDP2brWcnDYKQsLC7hcrl2ZmnL9+vVbE0IedjZEI4kbuVyOqakpZFlmdHS0LiuJaZpMTEyQTqfp7+8nFovVvNajxEELFy1nrgLg9m/fvWEaOuViFnfk9F6f1p5gmzpqchp1bRoteQN1ffbW79yBEMGOLtyBEC5/cJ/c9XeS0+SqQkYDXnFXAgYPMn4vNRX623FqROJPvuThyTHlgRYYQahMMzl+RCEcEDHNEr/8QEd9gFD0+DEXI73yre4LtQz/4bUSv3z/3gV0NCjcZRsKeCvZI4JQnR3l9LDCYI+MtXmpXi3Dv///2XvT7kbOM03zigWIwA6QAPd9TWampJQl2ZLtcpXLS9vlcs1U1/Spcn/p+THzD7q/zZk5/aFPT0+5erpcS5dXyZKtsiRLllJLMpP7TgIksS+xx3wAc1VmEmSATJCK65w8RzbBN14CASCeO57nvn/S8AWODqZUcSmWXU/dQT6+B4ePzzPncYVOdeN99MN1UiPefQuq2V0cxyY5+6ee1/LxaYWdnR2q1SpXrlxBlr19ZK+urpLL5RgeHj73IryTxI1SqcTy8jKqqjI3N+cp4cQ0zXtjKRMTE764ccY8S/8Ns3qHoBpFDhy/B6NeALgw3RuuY6MfrNwbOdEOVu/9LBiJEe8bIBiNo0Q7c+yqpgVO5sERAvWMIl0vCvGw2DaT0bskY/CnLwV46cp9ceOu/8F7t0zW9myiIYFXrwV4YSpANNQ0yR3ukfjul4NsZB0+XXrybfZoWCAavv86N3T3qZ04A2nxc94kalBgbkTmvbTN7n7r4kRYbfpCPHjs0/i4nDeiKPDK3NPFpla5uWSxvOFcmPGedu8zX3L53acm2/vtbQVZ3rIpHdO99CzxOzh8fM6I0ySm3KV8+3WCoQjhLm9eA7ahU8ntEh19mWDX8fGAPj5eqdVq7Ozs0NfXRzqd9rTW9vY229vb9Pb2tiWB5SR0krhRKBRYXl4mGo0yNzfnKWr3bhRsrVZjamrKk3+HT2dj1VaxjRJq92BLjzdqJQLRMcRA4ox3dlpctNxy0xj0cAVtfxXXbVYDwUiUWG8/SjSBEo1CC+M4zxyBE0W0ioJwZpGuFwVJEmh3avCVcZnnp+SHhIC3PzH421/pLGzY6HoznvPtmxZ/9U2HP/+aQiLS9OZ4bjLA1LDB7VW7LaMEsQhcGZXpST0sfAkCXJuQGO0TTyRwXFSCMnz9+aZPhFf+r39qsLpltCwc9KYk/uqbKn9042TP82BG7Eifit19h5+8aRAItHdvhulS7+AuiYv4LvEFDp+Ox0txVF76DUYlR9fYtOd9VHJ7ACT87g2fc2JtbQ1VVT2PpuRyOVZXV+nu7mZ4eLhNu2uNThI3Dg8PWV1dJZFIMDc356kjpl6vc+vWLQzDYHp6mkSiUwvZzuSijaeYlQUkOYgSOv511utFbNtEiXZW94Z2sNr00dhfRj9YwXGaVWQwHCWa6SUYi6FEYgji+acqeSUUtAhKNpbdmhjTMFxM0yUod14RdV5outsWn4MHGe2T6OuS7o0t7eVt3viDwUd3rIeOVas7/PL3BtNDEl++2iy8oyGBmWGZdMpm7+DxJdXans3qjn0vecWwHLafIFLMjkpcGZVQHlPXj/bJzIxIfLJkUWu09ret7Ngsb1loZrMQNa2mx0Onc3cUKHqKWORHCSsnExK74iJfvR44cSdFM9712b83gwGYHpHoT5+vyLuZc1jfsdE6xNxTCXSu+PIkfIHDp6Px4ruB61Be+DVKNE4o6c3wz9Qa1A6yxCe/RiDm3eTRx+c4tre378WWih6McYvFIgsLC8Tj8bbEy56EThI39vf3WV9fJ5VKeX5OK5UK8/PzOI7D7OwskcjZRF/6PMyzGk9xjAJmbYNQorXPfqNWRgqmkCPPttNPP1xHO1g6Gj1ZwbGbFWYwFCGc7kGJRlEicYRnEBPdbsJBi2DApm60dpe63miKHJE2FH0XlWrDearfxWlomrfef06z+abJ5KNCigusbNlsZG1engsgHnXgpOM56go/AAAgAElEQVQisbDA3hPW/2zF4u/e0NkvNgsu14Vq7fPVs6rAjWmZsb77ZY5pNY8hS80xla+/EOCTZeuxcbGPY36teexcwb33R1TrnS9wPEsk8Wx8Xs6LsArf+XKAb77kLbnupPz0dzp/V3TR9M44v06TOPWs8QUOn47Fk7gBlO68jtUokZy64nkv1ewOoiiTmP2W57V8fI6jUqmwu7tLf38/3d3dp16nVqtx+/ZtQqEQk5OTbdzh8ZyFuHHaAjebzbK5uUl3dzdzc3Oe9lAqlZifn0cURWZmZs7dqPUycNG6N05iLmoZDUy9Sij96llv63Po+Y2Hkk5sq3n7LxAKE+7qRonGCEZiiB69fDqRSNBCkR+TofoEappD4zFxr8chCPAkV9W7sagvX5Ep1Rz++V8NPl2yMVvf1j2UAHz1hQB/+lKQgAxvfmTw9s0npYw8ZVNPoaa5NIz23pmVRAHxgbkXw+SJ4yaGCZp5ZPR59CuS1Pz3JDTD5bDkkjt8euH31ecD/PGXgsSODEZ1E9751KA7KXB9vCmCzY0G+OHXbYoVndXt4wvJu8fez3dG0fkkPrxjU6rWCT3l6/LVa0G+8UKQWLj5/JSqLj99V+PT1aefrLfXnKeez44DpuViP6XNQ5SawsfdR7iAbTd/90lYtvtMfD8kUSAZFenvOl8ROB4Rn/o+OG8uohB8+b7lfL5QPKngsY0apduvoyZSnk3RjHqVeuGQ5JVvIYU602DN53KxtLREKBTyNJpimiZ37twBYGJiAukcvy07SdzY3d29F7E7MzPjaQ/5fJ75+XlUVWVychJVfXaGlz7nhOtgVRcJhhOI4vGXTHq9iCBIyLGzH08xCltohyto+8touWUcq/m+C6ghQskkwWgMJRpDlL3P3nc6CjUCgg60loZUa3Cq7oUn1W2ZlMi//67C974SJB4RsWyXsX6J//MfNN795GQKhyzB974W4K+/FWIoIyIKAtfGJRJRjX/+rUGldvJ9P46a5qKdQuR5GprhYpguypFHQTImPrE46kqKpOMP+4A0dBfdo+jy/IzED78eZKJfvrf2yo7FP//O4OqYxHifTCQkoATgGy8oZPMO//0Nk4MnRM1eNPYOHPYLzlNHSXqSEq9eu/+/ddPl1prNmx88/Vy1rKcnz/ztr3R+8Z7xVL3t+68G73mvABTKLv/1Fw3e+ewpx3ab3UA+z4aw6o+o+Pi0BS+mogCl27/CsQ1ivW3w3tjbQQyEifveGz7nwM2bN7Ftm2vXriF4cMG7c+cO9Xqd2dlZTykhJ6WTxI2trS329vbo6+tjamrK0x4ODg64ffs2kUiEqakpAoHLXzT6gFm5g+PoKJHjI8Zdx0avFgnGryCI7W9pNotb1LMLaLkFjOIuttGsdANKiFAijhIbJBiJI30Bzk1L19ArJfRqBbNawcgOIdkjQGsdbzXNRTMc4GTCr+vSvOX8CJPDIi9MS3QfJXYEZIG5sQAvTJnMr9pP6Lx4PF1JkRvTAcb7JaSjzvDeLolXrgT4aMHm9uqjLRGnKz5KVZd6mz+ucwWHQsUhdpR0Mtwj8qUZmcUNm8Piw/v80qzElTH5XiFuO02PjX0PQsP4oMhffkPhxekAgaMKxzDh3c9MPlm0qNQcbkzL3JhuvkdiEYEffFXBtOAff2t2fHdGK1j2k7tm7mI+8nOX5giPV8+H/bzDfv7pj/nSrPPQ/kzbZefAYWGtvckk7aCuufz0HYP5tdZFyp4ukT96PshY//3Plvdumbx/22y5a2xpy6Zc7ZxzMRb2R1R8fDzjVdwwq4eUF98i0pUhGPY2G69VimjlIqnnfoAoX4A8MJ8LS7lcZm1tDdM0efHFFz11BywsLFAsFpmYmCAWi7Vxl0+nk8SNjY0Ncrkcg4ODnr1HcrkcCwsLxGIxpqamzrUb5rJx2nPkWflvGOU7yMEQAeX47xK9XgRcAnFvnUJ3sbUK2v4ijewCjewCtlYGIBgKo8aiKNE+gpEYUvB858OfBaamYdTKGNUKeqWCbTXbL+RwCnXwefozz5GoDUGltfUOSw7FysmFgSfdvVaDwucMSwMShBQR+YQfF7LYHFGRHqkpQopA8Ina1cn/lkLZoVpv753Z22s2Kzs2Qz0SotB8Xr7/mkIkJPCbmybbOYewKvDKnMx3vhxgMH3/ydnK2SxuOtRbNP18EFGAG1ck/vpPVV65GngoxeXDBZO3PzYpVlw+W7H55e8NelIiA+mmGWpPSuJ/+6bKQFrk798yuNOBhbbPs0Ez4KM7Fp8ut/47Vydkro3LDwkca3s2v3rfpFBuTbQwLTDbbADshbDaOWJLq/gCh8+F47gL3fLC6wBEe/s9H6u6t0sg0kVi5pue1/LxeRJ3Ow1CoRA3btzwZFq5srJCLpdjZGSErq6uNu7y6XSSuLG+vs7+/j7Dw8OMjo562sPu7i7Ly8skEgmmpqY8ddX4XCzsxi62vk841dp3iV4rIof6kZTTG1Fr+ytouTs0covo+Q0AJCmAEo+j9EygxuKIgcsvaFi6jl4rY1QqGNUKltm8tSyHkqj911Azk6jpSQKxZvx7acchfNMCWitOd3IOe3kHx+VEUalP8uBY27XZPXSYeSCkKl9xWdl5km/Gk8mXHDayNrXGwyaoqzsWe4ft8eAwLFjbczgotrdw2dxzePsTg8lBieGeZoHXkxT5/lcUXrseQDeawk08IhCP3Bd/dBPeumlya9XGOaHmMtwn8t2vBPjjF4OM9UmowfvPxda+zb+8q3N7zcZ2wNbh9fdNBjISP/xa09BUFCCdEPn2ywoDaYn/+58ap/JN8bl8uO7RKNvROFtXQiCTEu4lvNg27B48LJY2dPdzfiKW3ewGqdbPaeNt5kHj4IuCL3D4dBReiySjuEVl9V2imT5kxdsdv0bxEL1WoftLf+VpHR+fJ1GtVtnY2KBer9Pf38/ExISnAnpra4udnR36+vro6TmftJ9OSkqBpsCTz+cZGxtjaGjI0x62t7dZXV0llUqdu0mrz7PHKN9GFEXU8PHmoqZWwTZ1QqmTmVpbtTyN7J1mp8bewj0fDSUSI9Y3iBpPeu5EvAjYho5Rq6BXyujVCpbRFDQkNY7ae4VEZhIlPUEw/vhRoe64QCzcemWs6bCRdciXHdKJ1tuvn/TxvJ11+C8/02ho8MpcgGLV4X+8pfH2TevYcYFH0Q34h7dMBOC7X1EISAKvf6Dzk98Y5NskSOwd2mw/Jt3EK6YFb/zeIhbW+XffVOjvlpoxpWGBaPjxrSwN3eWX7+v89B39VH9fQIbpIYmpQfmhbpm9vM2PX2++BvoDfiv5ksuPX9eRRPjeq/e9IJSgwF7eZr/okoxevILO5+z50hWZf/vHCplk8zOjWHX4z/9T5+2POqjdot24kE5cvPeDL3D4XCiOK3qKt19HFMX2dG9kd1GSA8TGX/O8lo/Po+zs7LCzs4OqqszNzXlKS4FmUsja2hrpdNpzYd8qnSZuLC0t3RvNGRgY8LSHjY0NNjY26O7uPvd43cvKRUpPcaw6ZnWJULz7yVXtA+j1IqIcIRB7uteL69houebIib6/iF5qBmIGgiqheBw1PkQwFkeULvflmW0a6NWjkZNqFUtvziVIShQlM0P8qEMjmGjtuzwWFhjuaYoclfrxr5cLLG9ZbO/bJxI4nuTBYVpwa9lmd79BLKJh2S75okP1FOMWLk2jyP/2C4OfvWsiCAKFskO56j5BLDn5mMnKjsXeMUkkp6Vcc/mHtwy2sjZ//jWFl688PDJyF8eFpS2Lf/ytzm9vWuTyzqmSMrZzDr/71GRqSGakt6lwbO3b/Ldfavz8XfNzHTSOC7v7Dv/15zqlmsOff02hv0vi0xWTn79rspNzSEYvzhiiKEA0AqrS+nkcDT38sSYKza6anu7W19B0h4YGybhIPNJ6AdwdFx/qmpJE6O0SmRxu/Tmv1FwK5acnupwF0TAMZkT6u5t7jZQEIpfcazyVgL4u34PDx+fUHHfxe1zRo+0vU9/+mFjvAJJH1/jaYQ6jUSfz/F96WsfH51FqtRqbm5tUq1X6+vqYmJhAFL19eRSLRRYXF0kkEoyNjbVno8fQSeKGbdssLy9TLpeZmpqir+94Q8insba2xtbWFplMxvOIi493noX/hlVuRsMGQi1Ew5o6Rr2CmvrSY39ulHZp5BbQc4vo+0vYtoUgCCixOPHBEdRYnIB6ueOGHdPAqFXQjkZOzLuCRiCMkpkknploChrJwVOtL4kwOSDQ2y1SadFXYm23aW74wgn8h5+WIGFakMs75I4xWWwFx22mSxTKrYoXJxM51nadM02lKFdd3vnEYnHT4bkpgxvTMgNpibDabNc/KLrMr5t8tGCzvmtTb3Di0ZS76Ab8+g8Ww70m3/2KwMKGxU9+o/PRHZtqzX3sM+M4kD1w+PGvDG6t2Xx5LsCnKxY3F6wLN54SUuGvv6PwJy+27hOXjArEw/dVhmRM5D98X+Wv/qT14775oc6v3jf5zisBvvlS68eOR4R78bTNvYj86Nsqf/H11k+ANz7Q+R9vmmTPSKTzwmHR5fUPDJa27quRHy6YbU8sOi9G+wUG0n4Hh4/PM6O88CskKUCs19udW2h2b6jpCSJDL7ZhZz4+Te5GlgaDQa5cuUI6nfa8pqZp3L59G1VVPcXKnoROEjdM02RpaYlarcbs7CyZTMbTHpaXl9nd3aW3t5fh4eHjf8GnJS5S9waAWV0gEIohB46/cDcbJQDkeDMa1jEbTUEju0g9u4BVb1a8ATWEmupGjSdRo/GTmT9cMGzTwKhXMSoV9GoZUzsSNGQVpWeCWPpI0Ei17z02OSQzkHZY2mytkCiUHLb2beqa+9gOg8tKueaymbOp1M624NKMptdJvuTw/rxN8Mg41XWbHiANrdkBcNIRnsdRrrj80291fveJQa7gkss7D42lPA7HhVLF5f3PLG6v2mi6S8NjisizQBIFelMi00On7zoJSNzrSmiV+TURNSiQToqM95/+2LIEPamT3eT5JCneS8npNPYLDj9/x0SW74+taIaLdrG+Au8xOSAymLk4HU136dDTw+eLhteL3/rup9T3FkgMjiB4vBteye1iGTrds76xqE97aDQabGxsUKlU6OnpYWJiAln2/vHrOA6fffYZruueW7pHJ4kbuq6zvLxMvV5vy5jP4uIi2WyWgYEBzyMuPhcXs7qCbVYIxVsb9dKrBXC7qCy9QyO7gHawAoAkyQSiMaLDYyjRuGdfqE7GtSz0WgW9WsGoljEaTTc9SQ6iZCaIdk+gZqZQukbObA89SYHhXoGwSkvxp7Zz1MlQcDwVaBeN1V2L7ZzzOSPEs8AFGjo09LM9mAtsZR22ss3X9WmdNo9imE1fDh+fdmBaYFqX43yKhmGsXyBxAW2gfIHD50JwXPFTuv06clAlmvHWmu7aNrXsLuH+q4T65jyt5eMDTW+Mzc1NZFlmZmamreaf8/PzNBoNZmdnPcXKtkoniRuNRoOlpSUsy+L69eskk8ePEjyNO3fusL+/z+DgIP393j18fC4uVuUOkqwQDMWPfWw1t0Ph4wVsq9nXHghHiPUOEIzFm10alxTHspumoLUjQaNeA0AUAyiZcVKTkyjdk6jpsXPbkyzBWJ9Id9KhvtdagfHxks3tdYvRXgmP90YuBLYDHy5YrO50Xmu/V9rRCXIRsRyX1V2H9+bP1+hybbcZM7ywYfPmR8e0y7SZhQ27I0Y+4hGR//0HIX74tdZHdB6H7bj8+A2j48xKR3oFBtMnj7ruBHyBw+eZ47Voqm68j57fIDXi3QiwktvFti3ifiysj0c0TWNzc5NSqUQ6nWZiYoJgsH3xjgcHBxQKBQYGBojFYm1b90l0krhRq9VYWloC4Nq1a8Tjpy8kXddlfn6efD7PyMjIuaXPfJHwcu6ct/+GYxxi1rcIJ3tbenxpZRUllkSJx1FjCUSP/k8di+OgVyvolVJT1LgnaEgo6XGSYxOo6SnUzPmMyT2JsX6Bvi6BzRYFjoO8w3u3TK6OyYz2XcCr+BNyZ8PiDws2pRNG1/p0LpoO//y2wa8/ON/iuKa51BsuP3vX5K2Pzte4pKG71Fr02nkc82s2/8d/rj80mubCiT09gjJM9EueO8BMy+WND89XJGqFsX6B/gvovwG+wOFzCajceYNgKEK4y9vsvWMaVHO7RIZfRE37qQk+pyeXy7GxsYEkSUxPT9Pb21qx1Cr7+/vcuXOHSCRyLqMUnSRuVCoVlpaWkGWZq1evEomcvnfStm3m5+cpFouMjY21xRPF52JjlO4AoDwlGtYxDGxNw6rV6BoaO6ednS+u4zQ7NKpl9EoFo1699zM1M0FytBnbGspMgtA5rQ8jPSIDGQFZau2Ovu3Au5/ZvDhjMpiRTn2n8qsvyPzwa0F6T5BCcVLWdm3++xsGny2frlXBtOBfPzG4tWKdy3iKz/ngOFAsuxRbNqRtL4bpUqpcLMGs3oCNRnveBO3o/HIkoeMsmWQJRvrEe5G4Fw1f4PDpeJ5WBGn7y+jlLF1jJ7BBfwKV3B6u65KY/VPPa/l8MTEMg42NDYrFIt3d3UxMTKAo3loXH6Rer3Pz5k1s2yYSiTA3d/ZjVJ0kbhSLRZaXlwmFQszNzREKhU59fNM0uXXrFpVKhYmJCbq6uk69ls/lwDbrNLY/QFLCCOL9StexLBxdx9F17IZ2sgH/C4LrukexrWX0ahWjVrn3MzU9TmL4y6iZyaagIXbupaMaFLg+LvLhgsvGbmsFTL7k8M5nFlfHbaYGT6dwJKMC08P3Y0rPAlmCaPj0VdDHyya/n7eonrG5qI/PZaVUgaUtm2KlvQqh5UCxcvzjzpPJYZgaEAh27sf9U7mg2/a5LHgtnmpbHyGKImoi5WkdU9Oo7u8Rm3iNYMKfv/c5Ofv7+2xtbeE4DpOTk231cTAMg5WVFQ4ODpAkifHxcc+Gmq3QSeJGoVBgeXmZaDTK3NycJ+FI0zTm5+ep1WpMTU159u/weTKdPp5iFLfRcgto+4s0sou4rsvg1/4IW9OwNR1H03GtzpqLbg/ukSFoBb3S9NK4GzWqdI2QGHwJtWcSNT2JILVvtO6sEQR45YrEHxZsdnKtdXE4Drw/b/KlGYnhnhDKU6aMIiEBJfh5kSEaFgkpZ3sLNqI2Uys+d+yQQFh9+l1WzXB5+2OTO2v2qeNYz5uDgsM/vm3wh4X74w931m2q9bNvP9k9cPn7t3Te+ez+e/+8ju3Tufz+lsmdDbvtnhTuUSx0pyBL8Oo1ibmxizu25wscPhea2uZNQskuBMHbhUU1t4MAfveGz4mxLIv19XUKhQKpVIqJiQlPnQWPks1mWV1dxbIshoeH2z7u8iQ6Sdw4PDxkdXWVRCLB3NycpwSaer3OrVu3MAyDmZkZT/4dPhcPx6jRyC3Q2GuKGla9CDQjXKPpXkLdGajpGLULmBd5DHqt2uzQqFQwahVct1msKalh4gM3UDNNQUMMXOy0l2RM4NWrEnc2XFa2WisaShX46bsmo30yL88FeNIVxfUJmdeu2xTKDoWyS0CG6RGJV67IpGJn28rd2yXx2jWZ9T2brT0Hy4betMg3bgQZ73/yZ6ILvPmhwdufmDQuUFRlseLyrzdNZOn+q2Fa7rHxr+0gX3L4zUcOsnh2x17ZstnKNd+DnWCY6XM81TpfCJFrbkLgxWmJaKjD5mZOgC9w+FxY6jsf45h11OSwp3WMeo16/oDEzJ8gh711gvh8sTg8PGRzcxPLshgfH2dwcLBta5umycrKCvv7+8TjcYaHh9sqnDyNThI37vqZpFIp5ubmED0MvFYqFebn53Ech9nZWU/+HT7Hc1bn0UnRD9doZO+g5RbRDtcAECUZJRYnlh4jGEkgt3GUrFMw6rUjQaOMUavgHBkvBJMDxCafuy9oBMPPeKftRRTgpSsSf1h02MraGC004Lgu3F61+fvf6CRiIjNDj79z2ZOS+PffVfnea0FMy0UQIKo259TPOmkgKMO3XwlyYyZAw3BwXVACIpmkQDzy5ELk/XmTn/xWZ2vP4SKV0bZzN+73/Hdt2WA1zvbYzfjci/SK+HwRUILw6lWRKyMiHu8dP1N8gcOno3laQVTbvIkcCKLGE56OUcnuIAVUv3vDp2Usy2Jzc5PDw0OSySTj4+NtLZb39/dZWVnBNE2Ghobo6/MWf3wSOkncuBuxm06nuXLliqfjl0ol5ufnEUWR2dnZcxOLfE6Hl/EUq15Ey92hkV1Ayy5im3UAlKMIVzWeIBg5++Sh88ao1458NJqjJ47TnM8IJvqIjl+/N3IiBi+/sBcLCbx6VeTWqs3iRmu/Y5jw9k2TZFTkR99RGMp8XrGQRMgkn53xXjwiEo8AtKamLGzZ/H9v6ny6aGOeb9CFj4/PBeT6pMiLM9KZj9ydNb7A4fPM8FJIOZZGfftjImlv7fp6pYRWKpC69v1LdxfL52zI5/Nsbm5imiZjY2MMDQ21bW3btllZWSGbzRKLxZieniYcPr/zspPEjZ2dHXZ2dujp6WFmZsbT8fP5PPPz86iqyuTkJKp6sVvwfR7BdZtjJ0ddGkZpFwBJDqLE4yjxftRo/NJFuFq6jl4toVdKGJUKtt2sYJV4L9GxqyiZcdT0FJJ6+cSc4xAEeHFa4sa0w1bWaflOeb0BP3vHoCsO//aP1TMfOzlL9osOf/+WxjufmGidl0Dp4+PTYYRV+Mo1ianBi929Ab7A4XNBqW/dxHVd1KS35INKdhcplPC7N3yOxXEcNjc3742MXLt2jWg02rb1Dw8PWVlZQdd1BgcH22pS2gqdJG5sbW2xt7dHX18fU1PeEpIODg64ffs2kUiEyclJgsGLY5h4kTlrc1GznKWeu4Oxv0RjbxHHac4hKNE48YEhlFiSYOhyidau6zQNQSsl9HIJU28AEIh0Ex556d7IiRTy1tV4WQirAq9dk7i15vDZcuu/V666/OQtk+64yPdeVR5r7Nnp1DWXf/itxuu/N6k1nvVufHx8LgIvXpF4aVZGvQSXSb7A4XMhqW99REANoUROX2DqtSp6tUzXjf+VCy9V+pwphUKBra0tdF1nZGSEkZGRtq3tOA4rKyvs7e0RiUSYmJg4d2+IThI3Njc3yWazDA4OMj4+7un4uVyOhYUFYrEYU1NTSNLFdQT/omObGsZBM+lEyy5gVA8ACARVwl1dKLE4Siz+ULzrZcDU6miVMnq5hFEt47ouoiih9k4Ty0yj9sz4yV9P4dq4wB/fkNgv2OTyrfsd5A4dfvyGQSou8vXng0gXqJHDtOBf3tH5n/9qdlQyg4+PT+cy0GPz7ZdDjPdLQAvxUx2OL3D4PBNaKaieVBxZtTz17CLxfm+GjlrhEEEQiI687Gkdn8uL67psbm6Sy+WIRqPMzs62NXUjn8+zsrKCpmn09/e31aS0VTpJ3FhbW+Pg4IDh4WFGR0c9HX93d5fl5WUSiQSTk5OezEl9zo8HzxujsEkjt4CWW6CRa96CF0WRYDROYmgUJZogcMnGjVzLQjsyBtXLJSyzmeaiJPqITT1PqGeGUO8sCP753AohReQ7rwjsHsLP3rWpN1or+B0X1rZt/tPfaWzlHL73apDueOc/57uHTc+Nn71jsp9vGpH6+Pj4PA1V1fnGSw2++lyKgGQBAu4F//DwBQ6fC0dt6yMAQsm0p3UahTzhwecvfCSez9lQKpXY3NxE0zSGhoYYGxtr6/orKyvs7OwQCoWYnZ0lFjv/OflOEjeWl5cpFApt8TXZ3t5mdXWVVCrF5OSkp7V8Ts5pz6t/M2ZR3fgALbeAllvCapQACKhhYj39KPEESvTyxfoa9Sra0diJUasCIAVCKD2zJHtnUHtmkCPexjG/yHTFBP7i6xIHJYfffexitXhz0rRgc9fmv/yLxn7B4a++qTDc07kdQotbNv/PLxq89aFFpeb64oaPj8+xSKLF+OgKL1/tIh4WcF0J2/Y7OHx8zp3a1kcokZinWD+tVMC2TSLDL7RxZz6XgXq9Tj6fvzcycv36dZLJZNvWLxaLrKysUK/X6evra6tJaaucZXznScUN13VZXl6mWCwyMTHBwMCAp+NvbGywsbFBd3e35xEXn7MnVF0lUl0iWlti49NtACQpQDAWJ5oeR40lkC6Zb4ptGOjVElq5jFEp3TcH7R4lOfwqau8sato/d9uFIMBor8hf/pFMsWry6VLrxb/jwmHJ5Z9+a7BfcvibbytcGw8gdtBUq+PA7z41+NvXdW4uWtR9zw0fH5+WcOkfvM3I2CfEol9BFAVcV/QFDh+f0+BlPMUobmEUd0gMeWtfbxTzSIEw4YHnPa3jczmwLIt8Pk8+n6dabd5BbYcHxKOsra2xtbVFKBRienqaROL8zQA7SdywLIvl5WUqlQrT09P09npLRbr7/GYyGc8jLj6n47jzK2AUiFQXCVeXiNVWEe1mNaZEogT7B1FjCYLh9pn3dgp6tYReLqNVSpiNZmytFEoQGnoRtXeacO/sFyK+9VkhS3B9QuTPXpUoV23Wd0/W3lCuubz9kcnOvsP3XrP51ktB0olnP7KyfWDz03d0fvl7k609B9181jvy8fG5KKQzq0xM/Z54agNReg5BEBAuiSehL3D4XCiqm83xlHCy+/SLOA71Qp745Gtt2pXPRaVUKpHP5zk8PAQgGo0yMTFBJpMhEGhfpGSpVGJ1dZVqtUpvby/Dw8NtW/skdJK4YZomS0tL1Go1ZmdnyWQyno6/vLzM7u4uPT09bTWB9fGGgEOovEi0tkS0toKiZQGQAwpKMo4aGyQYjSPKl+tyxNQ09GoRvdxMPXFdB0EANTNFdGqWcO8MgcT5e+58kVGDAt94QSJXcPnJbxzypZOJHHUN7qzZ7B1qvPuZyQ+/qvDlqwEiofMvCMo1l19/qPPTdw0WNxyqNRfbOfdt+Pj4XFAi0UPGJz6gJ7OFKF78jo1HuXydk+YAACAASURBVFxXFD6XnvrWTUKJlKeL4XrxEHAJD95o38Z8LgyNRuNet4au6wQCAQYGBshkMmfig7G+vs7m5iaKojA1NdXWcZeT0Enihq7rLC0t0Wg0uHr1Kl1d3vwFFhcXyWazz8yo1afJ3XNM0fYIV5eJVheJVldpOrILKLE4atcwwViSYCj0TPfablzHueejoVfLWHrzuQjGeohPfhWlZ4pQzyyC1D7h1OfkxMIiP/iqTL5i8Yv3nJZNR+9i2XBYdHnvU4vlLYeX5wz+lz9SmBsNEDiHK2rdhA9u6/zj2yYfL9kUyw6mdfbH9fHxuTwEAnXGRn/P4OASsuwikUKgeR130c1F7+ILHD4XhkZ2AateID425WmdeiFPMJpBzUy0aWc+nY7jOPdEjXK5DEBXVxfj4+Ok097Map9EpVJhZWWFSqVCJpNheHj4mSV5dJK4Ua/XWV5exrKstvib3L59m4ODA4aGhujr6/O0ls/pcMwGjdwCvdvzxGrLBIwCAAElhJLJNIWNWPzSJX8YjVpT0CiX0WvNzxVJVlB6pkj0zqBmZgjEvHUm+bSfdELkR9+WCcomv3jPpVg5+RqGCbv7Dr+qONxadXj1usk3vxRgekgmpLS/o6PacLm1avHL93X+cMcmd+igGW0/jI+PzyUnHCkwNf0Oo+MfoygNBEKocoaAGMZ13UvhvwG+wOFzznjx36hvfYQkyYSSp7/baxs6eqVEcu7bp17D5+LQaDTIZrMcHh7iui6RSISxsTEymQyKB5Pa49jc3GR9fZ1gMMjk5CSpVOrMjnUcnSRu1Go1lpaWALh27ZqnyF3XdZmfnyefzzM8POzZv8PnZOiH62j7i80Y1/0VADKSRDAaR+kZQ4klPBlBdyKOaaJVSxiVMlq5jG01K0wlNURi6CXUnllCPd4EeJ+zRxSgr0vkR98O0pOy+MlvbLayp7trWddgdcsml3d460OTgYzIc5MSr8wFmBmSPY2vlGout1ZN3r9t8dmqRfbQpVBxaGj4CSk+Pj4nJtW1yfTM7+gfWERVdBAgIEMq6qAEXFzXxXGcS9HF4QscPheG+tZNT+IGQL2YByA86KenXGYcx2F7e5tsNosgCPT29pLJZM7c1LNWq7GyskKpVKK7u5uRkREk6dnFCnaSuFGpVFhaWiIQCDA3N0ckcnpDRdu2mZ+fp1gsMjY2dmZdOD73sRtlGvsLaNkFGtlFbL152zsQjhDr7UeJJVGi5x91fNa4uJR3tzAqZYx6DQBJiaEOXCfUM0OodxZJvXx/92VHFCCdEPizV2V6UiL/769Mbq+6OKe4rndcqNRcKjWXvQOH+VWbn/7OpLdb4OqYzGifSCIqEo8IxEIC0bBAPCwiywKG6VKuO1TrLpWjf8WKw+K2zZ11m4Nic92G1nq8rY+Pj8+DiKLL0NAmU9NvkupaQw7cdyMWBBklkEIS1UtjMAq+wOFzQahtfYht6SgeBQ6tcIjSPUow0d+mnfl0GgcHB2xvb2OaJgMDAwwPD7fVMPRJbG9vs7q6iizLTExMePaV8EoniRvFYpHl5WVCoRBzc3OEPPgvmKbJrVu3qFQqHfE8X2a03BKN3B203CJ6YQsASQ6ixuMEezOosThi4HJFuAqyjKgqiIqCpCjsvPevNA72UTMTpMZnUHtmULp8E9vLQiws8OpVgUQ4wN++YfHBbQfdw+iHaYFZdSlXXfYOYGHdQQ0KyDJIIkgSyCKIkoAoNCNebacpXjhO0+PDsqGhO2gavnGoj4+PJ0IKvHbD4sp0mSp5dOfhqCURGYU08tGIymUROXyBw+fc8DKeUtu6iRxQmnPcp8TU6hiNOl0zfvfGZaRWq7Gzs0OpVCKRSDA6OuppBKJV6vU6KysrFItFuru7GR4eRn7GiRBnJW6cVNgAKBQKLC8vE4vFmJubIxg8fUGsaRrz8/PUarVnPvpzGTGrBzSyd9D2F9Gzi9iWDoASiRHvH0KNJwiELlmUqSAgqgqSqiAEFaQHxFCjVkGOBum/9iOU9EvPcJM+Z0lIEbk+CYmYQCpm8uaHDtW693Ut+35nh4+Pj895k4zBX3xD4XtfCSJJA7y5GkB/5LNNRiYldKO4zes7x7kcqqovcPh0PI5Ro779KbEeb10XjXwzCjQy9GI7tuXTIbiuy/b2Nnt7e8iyzOTkJP3959Ohs7Ozw8rKCpIkdcyoRCeJGwcHB6ytrZFIJJibm/Mk/NTrdW7duoVpmszMzJyLeHXZcW2TRm4BPbdII7eIUT6KcA2qqIkESiyBEosjPsMxq7PAsUyCqRSSqiAqTz6vTbNKMBlD6bp+jrvzeRYEZRjrE/kP3w9wdczmX961WNzAUzeHj4+Pz7NADcKNKzI/eC3IS1cCJKMumt7Nla5XWRI+Iltbu/dYRVEY7O0nGongHHlwXIYuDl/g8Ol4qpsfARBKdXtaRysWCPdf9eelLxGHh4fs7Oyg6zr9/f2Mjo6eS/eEpmmsrKyQz+dJpVIMDw976kxoF50kbuRyOTY2NkilUly9etXTF2alUmF+fh7HcZieniYajZ56rS86RnH7IVHjbkuqEkuQGBxBiSUJqCd/vTsZx7IwqmW0cgm9UqbnpZcIHOPH47oORq1IID4L4uUyS/V5PJIIvSmRb70k8NykxAd3LH7+ns3SJn4Uq4+PT8cTlF1mJ3T+6EsNZkdtuhMOVdOlVmx6lwVEBUW8PyIckAJE1ShdXV0ochDLujwfdL7A4dPx1LdvEgyFCYTCp15Dr5YwDY3EkD+echloNBpsb29TLBaJx+PMzMycuYHoXfb29lhZWcF1XUZHR8lkOiMGspPEjWw2y+bmJul0mitXrng6fqlUYn5+HlEUmZmZIRw+/efAFxHHrDfHTrKLzajtRhGAQChMJN2LEk+gRuNwCe7YPIher2KUS2iVEkatCoAkBQgNZAinj0/c0WtFXNclEJs56636dBCCAGFVYLRXIJ2QuTEl8/vbFj//vc3aNr7Rp4+PT8chiRbpnk3Gxj6mp3eLPFXe27YQdh5+nOu6OO59ESOuJEhHepAEEcdxLk33BvgCh885cVr/DaOSQ9tfIT4w7On4jUIeUQoQHbrhaR2fZ8uD4yiSJDExMcHAwMC5HLtQKNwTVZLJJMPDw2caNXsSOknc2NnZYWdnh56eHmZmvBWH+Xye+fl5FEVhamoK9ZJ1FpwV2sEaWm6h2alxuAaAKMoosTjR9DhqLI4U7Ixzt13Yho5WLaOXy+jlEo7TvIhTukdJjrxGMNWNVf+QSKq18TWjVkQO9SGpfvzwFxFBgGhIJDIAPSmZL81KvHfL4Vcf2Gzsun5Hh4+PzzNHkgxS3VuMjnxMpnedSLiMLJu4AlgtWGkMJKeYzryMLAZxTxMh1cH4AodPR1PfugngMR7WRSvmCQ+9COLlmiX/IpHP59ne3kbXdfr6+hgZGTnzsZBGo8H+/j65XA5N0wgEAh3VtQGdJW5sbW2xt7dHf38/k5OTno5/cHDA7du3iUQiTE1NnUsSzkXFrhdp5O7QyC6g5ZawjWacqRKJEuvtR42nCEYu21iPi16poFWKzQjXRtM5TQ4nCQ+/SKivmXgiBZumqFruTQRBJBhOHruyoVWxTI1Qylv3kc/FRxAgFhaJhKCvS+Trz0tsZm0+W3O5uWiztitQa1yuwsDHx6dzCQZqJFI79Pau0JXeJqQWEZ0y4bCNHGh2X2h1G0EAJdSseUzdwTJslLCEKImIgkQ4mCITHaMnNgIuOI6N616ezzJf4PDpaOpbN1FicWQPdxu1Yh7bton44ykXkgfHUWKxGNPT0ySTxxcpXsjlcuzv71MoFABIJpP09/fT3e3NB6bddJK4sbGxQS6XY3BwkPHxcU/Hz2azLC4uEovFmJqaQrpkJpftoJG9QyO3gJZdwCjtAiAHFJRoDLW/j2A0hnTJIlxNTUOvlNDLJYxa+V47bahnmsjUNKGeGYLJwc/9nmtrGJUFlGhXS+23Rq2IKIUIxKbP4s/wuYCIAsTDAvGwwEBa5LlJ+LNXbQ5KcHvD4cMFh9vrDuUKXJ4SwcfH51kj4KKGCqR7Nshk1pDcTbBL9I1CKGSh1XT21uuIYohoKgguFHMakiyQGWqO9NbLJuVDnZ7RCEoIAlKI/vhzJEMDCIKAZVmXJj3lLr7A4XPmnLYI0w/XMcp7pEa8FUu1Qh4plCDUN+dpHZ/z5+64gyiKjI+PMzj4+eKlXVQqlXvChmVZqKrKwMAA3d3dHTOK8iCdJG6sra1xcHDAyMgIIyMjno6/u7vL8vIyiUSCqampSzMP6hXH0mnsfkZt8yO07CLOUZa9Eo2TGBgmGIsTvGQRrq5tN8dOKs2xE8tonvPBWA/Ria8S6m12aQji0y9lzPJtAJTI8cKobRkYjTJK0h9n9Hk8QRmCUUhGJQbSMD0k8icvulTqLoWyS74ChQocluyj/3YpVATyJZt6Q/B9PHx8fO4hChZBtYEaKhMMVAkEykQiVcLhOkGlgiSUCIUbhGMmwYCGY+m4joMSlhEECIYkekfCBI+6NRAg2aM+ZKsVTgQIqiKBoIBEnFhwhGv9z9OT6LlUXRsP4gscPh3B44qq2taHCAKoidOPpziWiVYqEJ/+hpft+Zwzd/0uNE2jt7eXkZGRMxEZTNO8N4JSrVYRBIGuri66u7s7Ooa0U8QNwzBYW1ujXC4zNjbG0NCQp+Nvb2+zurpKKpXyPOJyGbDqBeq7n9HYm6exdwcASQ4S7upCicVRYnGESzZ2Z9ZraJVSs1OjWgFAklXU3ikSPdOoPbMEoieLYzYrCwTUKHLg+PPbqB+ZsCb88RSf45EliIUFYmEBtwtsB0zLxbLBtCVMyz36B5YdwLQvZzFxGn633noG72ujndONVlr4NbXND4n1DaImUi39jmbI/N0fJnh3+fEeQN+eucUr0d+SHL2GkgDcOpGu42/ouK5D9WATSelFSb96kj/D5wyRJAlBENBNnaXcIlulWxTq6597nNBofn+LERNRshEFG1G0keoCYtBGiBqIgo2g2bgNF1ERISTiOBK6HkSWLWQZwnERqiKCLuBGbdTww9cFgaBIICgC0B3tYzL9Av3JAUKBELZtX7ruDfAFDp8Opr71MWqiG9FDe3q9mAfwzUUvCJqmsb29TaFQIBqNcu3aNVKp1i4gTkKhULjXrQEQjUYZGRmhu7u748chOkXcKJfLrK2tYRgG09PT9PZ6M2Pc2NhgY2OD7u5uzyMuFxmzuE1t9zMau/PohU0AAmqIaE8/oUSSYORyxVzbpnEU4drs1LCtZtGjpIZIzL5CqGcGtWfq1Osbpc+wzRKhRGvim14rEohOIMqX63n2OXsEoSl4yNKDXWd+B9qDPPj9NdD79OfmNN2E58Lot8i9vUp97wPSQ3MoLXwm13SZROjJgk5/2uX5IQHz8KekBr+OoOwTSYkokeOvf7RumXrxFpHMKFLY200Gn/YgiiKiKCJJMV6ceoHfrW7zh808tnN/FEQQBaR1FcEFK9V8X7i4YEFgN4yj2jiJppuxnXfgwMGNCAiSgGVLVKoxIpEastwAQDoMNteKHrWIuYADiIAAAgKSKDORnuDLYy8jSRKO42Dbl7OlzBc4fM6U0xZjjb1bWFqZRL+3GWitkCcY7yPY5a1t3ufs2d3dZXt7G0EQ2tIN8Dh0XWd9fZ1cLkcgEKCnp4d0On0hokfPStiAk19I3o2BjUQiXL16lWjUm4Hl2toaW1tbZDIZRkdHPa11EWlkF2js3ULbu41RPQBAicSI9w8TSiaRldAxK1wstGoZo1JGKxcx75qDqnHUgeuEe2eb5qBqewQGs/QxATVKUD2+I0uvF3FsCzXqR8P6+LSTVr+/OlbUeITul/8G843/SHF9lczMVUTZezkV6xukblUozP+W1NxzaJXDlgQONdqNXsljlG4S8gWOjsBxHFzXxXVdJEliqvsGWBI3935Nbr+Ebbqk+hSc3odFL8MwqDcaxHpd5OD9m21iRoKEiBBsioKybJOIF5Gk+50Xj64lVGSk/QDWgA4hB0UO8ULfnzDRdR1RFLEs694eLyO+wOHzzHnseMrmTSQp0HL73+OwdA29ViF1/etetudzxhSLRba3t2k0GvcK3LOIA93e3mZ9fR3HcRgYGDi3eNl20Enixl2/jUwmw/T0NKIoejr+8vIyu7u79Pb2MjzsLQ76ouBYenPsZPcW9d15HLOBIAgosSSpkXGUWOJSGYRauo5eLaGVSxiVMo7TvGMU6pkkOjFDqHeGYKr9r71RuIltVgklWhPNjFoJSelCjnwxzkMfn7PksokaDyIpUbpf/hF7b/4nChsrdE+0RxRNjUxwsHiL8soKscle9FoeJXL8mLYaT1Mr7CBXVwlEv7gdkJ2E4zg4josoinRFepnqFbAlg3l9iVwpC4KOqz48GiKKIrIsg+qgGy5G3iYcl5EUEZSjhJSahWW6ROIygihgGg6NioUalQgqTVFEN3QEx0JVZCQpRncszWjXOFPdz5OKpHFdF8uyucwWZ77A4dNxuLZFfetjwl1eomGhUTwEIOKPp3Qkuq6zvb1NPp+/1wnQ5fE1fxzFYpH19XUqlQrJZJLBwUFCoYtzR7xTxI1Go8Ha2hq1Wo3R0dG2iBGLi4tks9kLJzidBrtepL53i8beLeq7TdNLSQoQSiRREkOo8QSC4E0s6hRcx0Wvlu6Zg5p6s4U2EE0THfsKau80as8MonyG5r2uhVG8STAcI6geb75q6nVMvYba/fzZ7cnH55JzmUWNR1HTY6Rf+nccfPBjStsbJAa9dwqLkkRydIKDhXnqWwXkUAgl3HXspJMSSaFX8xilj32Bo0MQBAHXdbEdB1mW6UsNkYn3ExDeZ373A+rWOrar47hNkcNxBCQxSCwSAKDRMCjnDZSwhPRAta5VLbSGTSgqIYkCtuFQOtCQ5NA9gUPTdeSgTGREJCwPMN39Ei+PvdQcS3Hdo7EUl8s8QucLHD5nRitfdI/t3tj+CMcxUVMeBY58nlDPFHKks6I9fWBvb4+trS2AthXLj2IYBuvr62SzWVRVZWJi4kwElLOkU8SNfD7P+vo6giAwNzfXlrjc27dvc3BwwNDQEH19fZ7X60SM4jaNvXnqu7fQ8xsABJQQsZ5+1Evmp2E06kcRrmWMWgnXBUkKovRMEu05inCNn9/rbBRu4jg6avTxpn6PotcKCIJEMD57xjvz8blcfJFEjUeJjn0Fo5KjvPAmkqISTfd4XjMYipAaGSe/vkxlzUWNdqHGjjdWVmLd1PI7mJVFP+K6QxAEAduysAUBWZKQZZnnhq6SiSW5nf2E3fI8Vb3pBVerRUFwiEVrAITjMsGQdM8c9C7RriBh20WUmv9/MCTSMxIhELwvVkTCEeJqL0Op61zpfY7eeB+SJGFZFtaR58ZlT6jzBQ6ftuP1y66+dZOAEmrJuOlJ6PUqpt4g4XdvdBTFYpGdnR3q9TrpdJrR0dEz6abY2dlhfX0d27bp7+9nYGDgwn2Yd4q4sb29ze7uLvF4nOnpac+vl+u6zM/Pk8/nGRkZoafH+wVhJ9HILdLYvUVjbx7zyE8jGIkS7x9CTaQIqBene+hpuJaFVm0KGnq5hHVkDqqpffRO30DtmSHU+2zEAtfW0IsfE4wkkIPH++tYZgOjXmpGw4qBc9ihj8/F5ossajxK13M/xKruU9q6RSDk7dr1LqFUN3Fdo7y3TWVrDWU2dWxilhJOoleLGMWbvsDRQdzt5Lhr6BlTY0jSMKIo05dIc1BdZ6+0hmWaWM59w09JFh/q3LiLHBDhga8pURK5a9MVlIJElTh9iTG6I6N0hYcZSPZ/Li3lYl0Nnw5f4PBpK16LMlurUN+dJ9bnrV1dKzTTU8JDL3hax6c9GIbB9vY2h4eHhMPhtnUBPEqpVGJ9fZ1yuUwymWRgYOBCGIg+SieIG7Zts7q6SrFYpK+vj6mp0ydZPLjm/Pw8xWKRsbEx0umTxX12Iq5tUN+bp7E7T2PnFrZZBwTURILI8BhqLIkUvBx+GkatchThWsGoNSNcbSlMNTpDLTpFLTrNd657S9NpB3rhI1zXQo229hmjlw8RRYVgyh9P8fF5Er6o8WTSL/0Ne+X/SHFthfTMXFs8lGJ9g2ilItWtLNHBQ0Lx428GhOLdVA42MUqfEUxc87wHn/bwoMgBEJJDTGYmGXfG2a9uckt+m4iapapVsawQpqvhujYuYNkANi5HnRdICEhIUvO/RUFGFmRkWSaqxuiJ9nG176uko0OIoojrOg8Zin4RxA3wBQ6fNnKSouxJX4DVzT8AEEp6K34bhUMiQ88jBi7H3dKLTDabZXt7G8dxGBkZYWSk/Yk2pmmyvr7O3t4eiqIwPj5+JgLKedAJ4ka1WmVtbQ1N05icnKS/v7U2/6dhmia3bt2iUqlcyHGhB7EbJepHXRqNvfkjp/QASiKBGh8klEjAJfDTsA0dvVqmUSpjVsvYtglAPTxCtedl6pFpGpHOSqhyrCpG6ROUSBI5cPz5buo19EYZtetlBPEMPUF8fC4ovrBxPGIwTPfLf8Pur/8jhY1V0pPt6V6L9Q9yuLJAcXkR5fkUovT0DrOAGiOgRjCKH/sCxxnjCi7CCeUCx3VwbAfBEcAFWZbpjg7w5fEfYDkmlWqFg/w+u9pn1O0itiNQqAroVgGL5o1biSSqnCAVdQlIXYTlHnqVDOmuNNFIFFkMoMjNG3umaV7qpJSn4QscPp5pZ0FW3/6YYDjqqY1bKxexLZPIsD+e8iwpl8v/P3vvGdxaeub5/c45CAcZJBjATF6Sl+n27dzqqJa61d1KI43CjDQajzxT6x3Lu+PdLXtd9geXy64aV9lV/rAebxjbU54drWY0QdIop251Vqv7dro5ESTBDCbkdACcc/wBBAhmEAAvw8Wv6xbZwMH7vgAPznnf//s8/4f5+XkSiQQej4eenp5DiaZYXFxkenqaXC6H1+ulo6PjxKWjFDgO4sbKygrT09PIssw999yDy+Wquu90Os2NGzdIJBIMDAzgdrurbvNOo4TnSQdukgzcQFnzA3k/DXtTK2Z3Q03Cko8DSiyKEstXPMmm8yVcs0YXMed5EvZ+kvYBNGnn7/FxWOBkQ5cAyspZB0jH1hAlCyZ3PdqvTp0CdVHj4Jg9PTQ99BVW3/s7InPTuDqrL3kuO93IzgbSgTVSPSvYGvePbpYdHmIrM2RClzA11K9rh8luc83C46UCiE5eZChGUggCqqYiCiJWoxNBELAZ3LitzXSobeT0LLoOShbS2TiKFiGbUxCxYhCt2MwgG13IBgdWyYrZbEaS8mlMhXSYwxA3CpXztr73Qj+FKJWjpi5w1KmKShZku90QM5FFlLXpqp2oU6E1RKMFa3s93Pgo0HWd6elpVldXsVgsDA8PH0oqQjQaZXp6mkgkgsvloqOj40SmoxQ4DuLG7OwsS0tLNDY2Mjg4iNFYvR9BNBplfHwcRVE4e/YsTqez6jbvFKllH6nAddKBG2RieSMwk9WOq60Ds6sBo3xyz7cC2XQaJRZeFzai6LqGKIpELH0kvAMkbP1kLPtPqo/DQkdVgijR68iORiTD/iHiWSVGNh1H9jx6KiJu6tSphrqoUT32nofJxpaJ3HoFgyxja6o+Zc/hbWfldoiwbxz5AQ/SPtWnjGY7JouDTOQyJtdo3VfoEBAEAUEUEBF3NLQQBCEvbpQ+p+fnxxp5AaAgPujCuuAhikiSAbvVjkNwADoFbaJUTNDR0TV9o5/19Jfi8+u/i6KIpmn7Chy7iTQ7vU4URURR3Pc1x0HkqAscdSqilsJGgeRcfuetmvQUXdNIhYM4+h6ruI06lZNMJvH7/SSTSbq6uujpqX4HYyu5XI7p6WkWFxcxmUynwsvhqMUNRVHw+/3EYjE6Ozvp7e2tSd+BQACfz4fZbGZwcBCH43hHOehqjtTSdZIL10kt3kDNJAAB2enC3dWLxelGrEFu9VGiqSpKPFqseJLL5M89s7MV+5nHsHiHeC3cDcLJmx5kwpcRBKH86I1oEMnoxOS+55BHVqfO8aQuatSehnOfIRtfITx3FYNZxuyoLgrSZLVh87SQWF4mFVrC3rz/JqDs8BBd9qOELmL2PFxV/3U2UxQ31hf6O0VpbH08/+C6AKCBqm+Yieq6jo6OoOsgbJRuLcgL2yIltA0vj9JoioK4UCp6FCJFdhM59hMrSiNACu0KglDsdyuapu0ouhwFJ28GU+dIOQxho0By7hKy041Uxa5xKryGrutY6uaid5xCaoPZbGZsbIyGhoaa9xEIBJieniabzdLa2kpHR8euF9qTwlGLG+FwGL/fj6ZpDA0N0dzcXJO+JycnWVhYwO1209vbi8FwPG83eWPjq6QDN0kFbqJpKpJkQHa5MbvasDjccMLPsUwykY/SiEZR1s1BJYOMuXUQV8sgcssQxlJDzsjBzsnjsPhRlRWy8XFkhwdR3P9cy6QiZJUEluan7sDo6tQ5PtRFjcMnbzr6Z4Smp2geGqXa5ZbD205ibYXQuA/Z1YzBtHcat8FkxWR15atJuc8hSHU/ut04aEpzcZEviMXfC5Qu6jM5hZszl8lkFRxWF8Pd54uvFwWxKIaUtikI+aiP+VU/4Xjec2Oo6zySKKFqajEKZCtr0RUmF/Lzl86WPjqaeorixm5iQ6lYsVO6SakpaunrC69bDi8ytXALgN62s7Q2tG/7PI6S4znjrHOsqHQBdpCbY3plkkx8hcaeMxX1VSAVCmKyN2Np7q+qnToHY2ZmhuXl5ZqmNpQSi8WYnp4mHA4Xy5We5HSUAkctbiwuLjI/P4/dbmdwcBCbzVZ1v+l0Gp/PV6y+0tnZWXWbtSYTWSwahKZXpwAwmGSsTc2YnW5k+8lJo9kJLZvdKOEai6Dm8uag5sZu3F2PILcMITfvfK09zHPyMMlHb4hYyvbeCCKZGjE6hw95ZHXqHD11uxL7DgAAIABJREFUUePOIhplmh76Kouv/ltC05NYus5V1Z5kNOHwthELLJBYXcTVvv9cWXZ4yCQjKMGLyM31qOad2CsaYfcXsUmMePv6q8yv+HHZG3lo6Anc65sFF8ff5lsv/nuC0VUGO0f511/9X7HJzmKfpQJH6a9zy1N88xf/lsmFW1jMVr7x+f+Bsd4HEAURTde2CQiCIPDWlZf43uvfRBDgwaEn+Ke/9d9hlHaPNi2MofCv8FhxOCWRG6qqbniKlBzzq/d/xM/f+Q6SaOCpe5/nDz/5Lw72OR4ydYGjzq7cCWGjQGLuIqIoIrsrr6ygZjKkYxHcw5+ouI06ByOVSjE9PU08Hj+UlBRVVZmenmZhYQGj0UhPT0/NIgyOmqMUN3Rdx+/3s7a2RktLC4ODgzVR3YPBIOPj4+RyuWNXySa9MkEycJ304g0ysWUAzFY7zrYOzM4GTJaTLZgp8SjpWIRMLEommQDAIDuxdNyL3DKItXUI0Wyveb/HYUGkphbJxiexuloQRGnf45VkmFwmhaXl0Tswujp1jo5y7jPH4Tt8GjE1duN56CusvvttsgszwGhV7TlbO0iurhLx+bB6WjGa996QMBhlzPYGlOhVTO4xROPJFu5rTekiv9L5Tyar8Kv3f8iVifewynasZhuPn3u2+PxqeBld1wjFVjf1u19/E/M3SKYTJFJxYolI8fiCiehWwvE1Ukr+vj+/4i97/IWxfDj+G+aW85s9oijxyY98GVHYnv5Symo4gLKe4roUnCu7zztFXeCos407KWwUSM5dwuJuRKjC6C0ZWQPAWk9PuSMEg0H8fj+iKB6KkejS0hLT09NkMhlaW1tpb2/f9eJ+0jhKcSOVSjE1NUUymaS3t7dmERZzc3P4/X6sVitnz57FYjnakFhdU0kv3SAxf41U4Caqkk/NkJ1u3J29yE4XkunklgXVcjmUWJhUJIwSjaBp+ZxeS0s/jWeGkFsGMTV0HajNg56Xx2VhlAlfQpQMZXtvKLEgktyK0TFwyCOrU+fOUxc1jg/27gfJxZZZvPIm2VSyusYEAYe3jfDcNPHAHA09+5eile0elHiITOgScks9Ha+UUoGj8P8HoRDlkEjn5xaZnIKml5prClBSOaXQh06+vKyS3fo91cmpWRZWZ4qpIYIAc6tTLIcXcdk2p30LCBiNJiLx4KZoEK0C74tAcJ5/fOM/kUwnGe65h2ce+Cyyae9Nn9I+j2MR2rrAUafIUQgbAMmFy6iZBLK7o6p20qEgZk8PJldbVe3U2Z+5uTkCgQAul4vBwUFkuXaTpXg8jt/vJxwO43A46O/vr0nqxHHhKMWNtbU1pqenkSSJ0dFRGhsrj5gqoOs64+PjLC8vF8sBH5UviqbESSxcW698ks9HFcW8n4alrRWz01XWDv9xJacopKMhlGiEdCwCgMHagL33I8itg8gtZxH3cdg/beQSM2STs1jd3rKOVxJBctk0Vk99sl/n9FAXNY4v7rFPEV4Lkp2IV92WramV5NoKEd8kttZ2TPLext2SwYTs8JCO3cToGkEyn2xD9lqxNYoilgzz8gc/Rskp+5pjepwtjPbeR7unm7wokQN29sbYqSkBgZmlCX769t8zFRjf9pySTZPOpIpt/vyd7/HerV9vOk4SJaxmO599/CvYLNvPgYNqHOlMkmQ6HwESiq0W39NJpi5w1DkyYaNAfOZDDEYzstNdcRuZVJJMMkHj4LP7H1ynYjKZTLE0a3t7O2fOVOeZUoqmaUxPTzM/P48kSacqHaXAUYobBVHK7XYzMDBQE1EqHo/j8/mIx+N0dnbi9Za3yKwlmUiA9NINkoEbpFcmgXU/Dc+6n4bjZIflZpIJlGiIdDhMJp3fATS52nGPPIzFO4q5sbqy2gWOInpjp7xe2Jgo7jbRLJ2caukFZEcXsqsTUEHPgbb7e0lH1zBaOzDYeqsef506R0ndV+Pk4Dr7cfTXfTVpy+5tJzjlIzrrp2lw/wpQFkdTPoojfAlLa32OvBPX/Bf5zmv/EVVVdzHk3LgfWWU7v/eJ/5L2pu59hITdn1wOLfL+rbeIJSP7ji2RipFIxXZ87sGhJ+n1bo9EPGjGzfYyswdUSLZ8EIX781FWUqkLHHcp1Sy0an2zzIRmMdmryw1PhfPpKbbO+2sxpDo7UKi2oaoqZ8+epaWlpWZtLy8vMz09jaIopy4dpcBRiRvZbLZo0FpLUWp5eZnx8XEkSWJgYAC3u3KB8qCkV6dILV4jFbhBJroE5EvpObwdyK4T6KchCCAYitElSixCOhYlE4ugZvIGoXLLIM7mASytQxhs5XubHMYEo1bixl65zzu5t299nZ6LYjA7McrtiEYz6Dl0LYWOAFpqW5vp+BqqmkV21dMY65xM6qLGycTkasPk2HmRelAsrkbMDhexCT/Ozm5Mlr3L0AqihOzwkIpOYnKOIVnu/EbEcccgGTBKRqRdKnBpukoul0XXdZLpOEYpf5woVu5d1td+tuibsRVVzaHpOqIgIEnbxyQgYDLKeJy12QTM5jIbfWtqvmJLFWwtVXsUQkdd4LjLOE7CBoCaipBLhrE1VLcLmQ6FsLWPIu0TrlenMg6j2gbkIwCmp6cJhUI4HA56e3txOE7f3/CoxI10Os34+DiKojAwMFCzCAu/38/c3BxOp5Pe3l5Mpt3dumuCrpFYvEZ68QapwE1y6SgAssOFq7MHi9N9Yv00BIMFTE40zYimi+TSCrrZgWw1YD/jwWhvxuRoArHyykSFcm+7TTLudOWUreZuu5XZ2zrmra/TRQNmZz+SwUi+fl4WTY0BKrqeAz1b0q5GOrqK0daDZK0uHbJOnTtJXdQ4HZiqTMMuxentYGX8OuHJCVrGHtj3eIujCSURIhO5hKUucGzj3oGP8C++/D/v+Jyq5phdmeT7r38LJZtGEERslnxkaCXrdh2dh4af5J7+hzY9nstliCYjrEQCxBIRMuseHW5HE02uFly2BkxGc9GrUBAETAYz8VSUd2++fuBxlN53S01Qk+kE4XgQl62xfF8SQUBn4x5dGoW519zjMKkLHHcJx03YKKCEZgEwWitfMCvxKLlMGndHfVeu1qiqytTUFOFwmNbWVgYHB2vSrq7rTE9PMzc3hyiKdHd31zQi5Lhw2AvHvb6bqVQKn8+HqqqcP38ep7P6VI1sNsv4+DjBYJDW1la6ug5mYnkQVCVOavH6euWTm2haDlGUkF1uXN5+TA434gmO8lEzCko8jibaMDqsyJ4OjPYmRKOMaDAjGmtz3S3dPSlMNEpN1T6cz9DhKl88ub+jPDGrtM9SCoJG6T9V09ePEzAZJXRd3/R86f9vtKGjiVYSqSwoYLeZkUQTgq6CkEAXpE0CRzq2hqapWNz1+0Sdk0HdV+N0IUomoLqd8QImmx1rQxPRqRlcPb2Y7fv4aQkCssNDMjyDMTGDwVab1MaTSmlkga7rGCUj9w18ZMdjBUGgtbGDH7/1dyjZNGajmUZnU0XOmsWFPzqmEr8sQRCQRIlcfI2VUIBAcK5oXtrVcgabxU6z21s0/iwVEOyWg8/tSu+l6UyK+dXp4nMpJcHU4m16vYOb7sF7kckqxFMRnNaGTe3vNg+4E9QFjlPOcRU2CmRC+dJCZkvlAkcqHEQUjdg776vVsOoAsVgMv9+Poij09/fT1lYb89aVlRWmp6dJp9M0NzfT0dGBwXD6LkVHKW4kk0l8Ph+6rjM2NlaTqJhwOIzP5yOdTh+aP0omupT301i4Tnq11E+jCdnpxnwK/DTSkRBKJO+nYZCdOM+cwd51P2ZnC5ogoqo6OXTIVT8RFgUBg7TZIX5rWbx2V/nRN23Og5nHFoSJndJMCj8TqQx/9s0XCUYSCILA80+M8twT57aJIIXjN3aUBP7+5+/y8ts3EBB44alzfPmFBxEEKS9usDFWTc2Rjq1icvQjya0Heg916txJ6qJGnXJxeDtIhlYJjt+i7f7H9j2+WFElcumuFzhgQ+TQNG3XSIXC49FkiJSS98DyuFpocW+fD5cbpKDrer4CiU7xXjy5eJOfv/0dLk28SzQRQdc3CwJW2U6Pt5/PPfE17h98rNhO6Rj3ohBVsXXzAGB6ycfM0tSm4y/5LvCx+z617djdCMVW+eDWW+vjEXE7PAx2jGA5hNL05XL6VhV1gOMvbBTIROYwylaooupCNpnA3NQDJ7g6wnFjaWmJ2dlZLBZLzXb/ASYnJ1lYWMButzM0NHQq01Hg6MWN8fFxBEFgbGwMe5X+NgALCwtMTk5isVgYGRmpaVUbZc1PYuEaytINlEgAAJPFhtPbgfkk+mlsIR2LoIRDpKMRclkFAEvLAI1Do1jbzmF2NiNJEoIocvGan3/4+XukUpl9Wi2P558c4zMfu3fTRKjwTxRFsiq0HEC0OOhlupyJI0BgNcrEzBKiKPDI+b5Nx+zoxaOmwSAzs7DG4nIYgPml0K7jSMfX8rt0de+NOseQuqhRpxIMZjOOljZi84sk+5axuvePgpUdHhKhRXKJKQy2vn2PP81sFTe23qtK75eXJ94rlmJvbWzHukM6fLnZHIXyqoW2L9x4nW//6s9ZXM1v+FplOw6rE1GU0DSVaCJCMh3nhv8S8yvT/N6zf8zHH/hsWX0V7vWF91v4WfrePrj9G5TMZs+qq1Pvc336IqM99297/U4E1ub58x/874VeGe65h//2K39a3gdySNQFjlPGSRE2CijBecy2KhYwuk42lUTu7KzdoO5idF3H7/eztrZGc3MzAwMDNTH7LHhBRCIRvF4vnaf473WU4kYikSgaf46OjtZEiPD5fMXqK319fTU4H3SSC9dIBW6SCtwgl8q7iJsdLlyd3ciOBgzmk+mnAaCrOVKRCOloGCUaRtNUJMmE2TuMu30Ui3cEyZT/u2ydUC2tRpmcXSGTye7UdFmoqoa2PhHpnGjgU0+f3/R86cRmLRRmYnal4r52Y6i3leZG547pJVvHEoomUNbfr6bpROMpdH17Gb8C+UlpGgmZVLokBUXZWRRSc1nSsTVMjmEkc/nmrHXqHCZ1UaNOLXC0tpNYXSF0+ybWh5tA2FuFNtsaSMdDKKGLd73AAZtTOEvvN6X3yUxO4eb0xeJzXS39SKK044J/YXWGWDKMQTIRCM7t2q9Avu1EOsqP3vqborjR5G7lk498meHe8zgsLlQtx9XJD3jp/R8wE5ggmgjz3df/ijMdw3S39O/afi6XwSiZNokTpQJHIXLk1uwVfn3lRSAf5SGbrCTTceLJKN997Zt0fqkXp61hUwTIbojrm8ySJCGbLEdaQQXqAsepoNoF1VHdRHOJNVQlhrF5n9zBPcikkui6jrnh9C6Y7xSJRILp6WmSySS9vb01EyFWV1fx+XxomsaZM2dobKz8733cOcoysIWSrQaDgdHRUazW6iIfUqkU4+PjRKNR2tvbaW9vr7gtVYmTCtzI/1u4gaZli34azpZ+zA43ouHkRmDlFIV0NEw6GkKJ5Q1QJYsLe+8jyN5hrG1jZbXT7HHQ0+4hla4sgkMH5gNBtPX0lnhC2fVYVdP50cuXeOk314uPaZqGqmrkVBWDJGE07j5FyGZzxeMkSSxOpAA+/dHz/OEXn9i0M5ZScswsrpHe8t6u+RaIxje+N+PTy1y6ObOtP4/bRlebB11Ng66VvV2WjufN00wN9eiNOkdLXdSoU2sEScLhbSOyMEtiLYCtaf/7tMXpIb42TzZ6C6Nz6A6M8mSwU6QjwHTAx9xK3qNCFCX624e3vDJ/nKrmeOvqSyyFFgCYWfKxk1GHwMa96/LE+0zM3wLAKtv4xuf/e871PVRMYxGAdk83A50j/PkP/jdmAhOshpe4cOM1eloHdhQREukY00uT9LUNIooGDJJhxxSVaDLEd179S1bD+Up0Z9qHGO29n5+9/Q9kc1muT33I373yF3z9hT/BbLTs+dk5bW4eP/csDQ4PoiDS7e0vGrEeFXWB4wRzUoWNAkq4eoPRTDIOgMl9eGaHdwOrq6v4/X7MZjNjY2M0NDTUpN3p6WlmZ2ex2+309PRgsex9kTzJHLW4MT4+jtFoZGxsrOrPuSBK6bpOf39/RedDNrZMquCnsTIBgMFkxtrYiOx0YXbeubKyh0EmmcgLGpEwmVQ+N9fkasM19BC29jFMjT1lt1WYeNw/0sP5s12VeJetRzbo/L//8Bovvnm1rNeshmIkkjuftxktRyab27eNjJaDLQEnq+Ht5RBnA2v86b//IZFYcvO4NX3T+71ya5Zr49t3vl548jz//Pc/jq5liuV0N7Nd8FCzCko8hMl5DtF4sv1b6pxM6hVQ6hw29pY2kqsrrF2/hu2pVhD23iwwWVwYzSEy4Ut1gWMHtvo/XfS9QyKVX2u0eTrp7xjZIixs/B5YmyewNl92P9NLvmLqy1jfA4z1PoimaWj6RuURUdQ50zbEI8NPMRPIz6WmFsfRdG2TWFJgLbLMN3/xfxUFmp7WAT77+FfoaOot9rsWXeG7r/0lVybeA8BoMPLCI19ioHOEQHCOC9dfB3Re+eAnxFNRfvfj/4TO5r5dozJ6vAP8zsf+aJOocVTlYQvUBY4TyEkXNgpkgnOAgKkKg9FcMonB7MBor4ceV8rMzAzLy8s0NjYyMDBQk5KfpdU2mpub6ekpf7F3EjlKcSMWi+Hz+TCZTIyNjSHL1X2/Z2ZmmJmZwW6309vbe6D2MsFpEgvXSAVukIksAmC02HC0tmNxNWKsMqrkqEnHIiiRMOlIeLOfxuAIsncEk+NglYC2OrlLYt5JvVIEQUDcYcKzlXBaw2Ux8OVPPsS5sxulC9++OMGlm7PFtp5+ZIihvu0lBa/7Fnjz/fHi5OX+0R4eOd+3nloCY4PbyyHquo5sNm2LTtF1HSWzIaSIgoBph8gRQSjssOmIYnlTl1R8FUEQMTfWDajr3Fnq0Rp17iSOtnaC05NEA3M42/afb5kdjcRX58iEr2Jyn7sDIzwZlHpUCYLAVOA2r374E/IihsBH730Bj7N5V3HBbJKxynnfs7SSIqUk9u6v5Pd4KkYml8ZkkDe1XRAqIolw8TFR3P1Or2kaUwu3i/8fiYf59KO/U2zr6tR7/N3Lf8H47Eb05pPnn+Oxc89gEA380af+FZqu8/7NX6PrGheuv87cip9PPvJlHh17Gqe1gWR68yaGKIrIZtu2VJiCz8lRUBc4Tgi1WEAdt5tpJjyHyWItv87yTm0kE5ga6m7QlZBOp/H7/cTjcbq6umomQoRCIXw+H4qiHFq1jePEUYob0WgUn8+HLMuMjo5WJW6oqsr4+Dirq6sHEqWSi9dIB26SDNwgl8zfgM12F66ObmTnSffTUElF84JGJhZBVXPrfhpDuNtGsbSNFv00KqG0lFo1k4DS3aZUiReFbDYgCkLRk0MQBG4sZfHYDcgGjb6uVvq68lVFRAEMksSV23Nomo7DZuGFJ89xfmh7dFxHawPvXfWTSmcwSCIffejseuUTiu9n6+5NZ2sjX37+QYKRzRO+6YVV3r0yVRQ52r2NPP3Q2W193jPUiShoaGWWrVOzCplEBLP7PgTp9EaO1Tk+1EWNOpWiq/tHy+2FpaEJ8+oKwStXsDW3Ixn2Lv1tkp0YZTvZyGVM7jF2ioC72ygIGwVxQ9Vy/Pitv2Utkvep6vae4cnzL+TvPXm9YxOiKPGR0ad5+r5PYTbKvHrxZ7z07g+29VNaXayvbahoJjoxf4N3rr/GU+dfQBTEYvuCIHDd/yFXp95f70ekv30YQRB3vQ96XBubLWc6zmI0mlkOL/Liu9/nzSsvEoquFp9/cPgJfvfj/wWSkPcVcds9/JPP/DcIgsB7N95A13UWVmb44a//GqPByMfu+zRZdbtPmLj+nkrnM0cZxVEXOI45p1HYKJAJzWNxVV5FQ9c0sukkNnfdf+OgBINB/H4/oigyPDxMU1NTTdqdm5vD7/djtVpr4gNx3DlKcSMSieDz+YqftbkKISEWizE+Pk4ymaS7u5uWlr0jERJzH5Kcv0J68SaqmkEUJcxOF47mM8hON6J0cm8takYhFQ2RjkRQYnkDVEl2Yut5CNk7gsU7WpUoC9tzfGFvh/Jy21RVjVhi45x0ObaLL4IAqYyKqukYJAFBAEkQcFskbNbN51Bzo2PbBEUQBJoaNlfmcTqsQD5FZrf3Yrea+eRH79n2+OTcChOzqywu56ugPHZfP1/7rUc3HZOfT2roeg5BNIIgoGp7f15KIoQomjHXvTfqHCJ1UaNOLUjHtqf1HRSHt53ViVvEF2Zwde9uQFlAdniIrUyTCV3C1HB3R7ltFTcEQeDXV17i7WuvFo956p7n8tEbmlYUKba2cb7/EcZ6HwDyqSIvvftDdvLhgHw1lXvOPMRY3/1cmXiPTFbh2y/9P8yvzjDcfR6nzUVOzXFl8j3euf4qi6v56Mo2TxePjj2z65yho7mHP/ni/4jL3ogoiEiiAats54e//mt+9f4PSaYT6+MVeezcx/naJ76B2+7Z5NHhtjXyx5/913gczbxx+ZckUjGiiTAWsw1BEPYs/7o1MvWoOLmz0FNMrRZNx/mmmo0uoWZTGCytlbeRyn9JTY11geMgzM3NEQgEcLlcDAwM1MQXQ1VVfD4fKysreDweenp6NpkOnkaOUtwIh8P4fD7sdjujo6NVpRWtrKxw69YtzGbzvqV7I7deJnrrVdRsEoPRjOx25/85TrafRjaVJBUJokQiZNavK2ZXG66hB7G2jWL29Nasr60hsNWKJaXtppQMa+F48bGmhg2BQxRFluIqNrNIOqsTU1Rymo7ZIOCx7T0V2GpOtum5HY7bKogAO0aoCIKAJIqbKqCEIvFtk6LltSiJ9WgRsyk/1vC6+LQTai5DTklgcp8HsfqUuzp1SqmLGnVqTTaVIBOPY2mofD5mdriwuBtZu3oVm7cDg2nvc9BotmGyOMiEL2N0jSCIJzfaslK2lk4v3JcvT77L99/8Fup6ZE1nSx9P3vtC0fxTr8gpa4NCFIhstvC1T3yDv1D+DybmbhKKrfKDN77Fj0QJSZLWjb83ontaGtv56rN/TFtj567igcFgpLWxA8uWam0vPPxFphZv8/6tt2hpaOOFR77Ix+77NGajvC3qQhRF7BYXf/ipf8mDQ0/wxuVf0Obp4uHhp9B1HZNh7/vqUYsbUBc4jhV3g7BRQAnnTeSM1t1VwP3IJNcXInWD0bJIp9PMzMwUq2KcOXOmJu0W0iSSySRdXV20tlYuWp0UjoO44XA4GB0dxWjcOxR1L5aXl7l9+zZOp5O+vr5d24pNvkXk1ivkkiFkp5uG7i7MDlfF/R4HlFiUdCREOhoml8n7acjNZ2gcHEX2jh7YT+MgbN0pqhWzgSChyIaJp0U2kVM1DFJebGy0CiQyKlk1RzKjkc6qOC0GChG3lbB19FsnSlujVQo/C+/fN7NEOLox5usTi4QiCRpctuLrI/E0f/m9N5hdCBbTbYBthqUFcukEgijXK6fUqRl1UaPOYSIazMSWF3A17B95sRcObzupcJDo7BSN/SP7Hi87moimpsiELmH2PFJV3yeNrZsNhZ/v3XyTv/rFn7ESCgDgdnj4vWf/mAa7J39vq8G6vVglRRPobRvkX375f+Hn73yH9279GiWTIhIPFc1HTUYTTS4vZ7vGeObB3+Js57nifXanOYSAgLTuU1W6OWGV7fz+c/+MkZ77uf/so3gbOjaJEKWVVgpti6LIub4HGet7AHGPlJjjSF3gOGJquVA6STfXTGgWURQxWSpPYcgmkxgsLiTLyV5o3QmWlpaYnZ1FEAQGBwdrJkIsLi4yMTFR1u7/aeEoxY1QKMTExAROp5PR0VEMhsov4UtLS4yPjxcjeXZaaMdnPyB262WUSACTzYGnfwj5hAobmqqiRMOko2GUaBhVVTf8NLwjWNvHEKvw0yiX0oW+IAi8+cE4K2sx0pntOa0HQVU15pdCxBKp4mPvX/UTTyoYJQmXQ+aph4eRDSImScQgarWYp+3LThOiwkRS03Teu+LfdMzicpgLl6dK0ll0sjmVmYUg4ejehm0Amqai5jIYncPU88rrVENd1Khzp5Cb+lFir5MKh7C4K69iZ5St2JtaCd64iaOzG6N573uawWTBZHOtR3GMIRoO/x54HNhJ2BAEgTcu/5K/fvE/EI6tAeC0u/n6C3/Cg0NPbI5QrOLWIggCmq6BrqPpGqIm0uzy8vUX/muef/iLvPLhT/jhm3+Druc3Cs4PfITPPfF7DHaMFn03douoLO0DNiInC++zxd3Gpz7ypW3HbfW1KqThFKI5IJ9Ss1NqznGlLnAcEXersFEgE57HUIW4AZBNJjB5ahOFcFqJRqPMz8+TSCRoamo6cFWMvfD5fAQCAdxuN729vVUttk8KRyluBINBJicncblcjIyMVPV5BwIBfD4fbrebgYGBbc+nAtcJ33wZZc2PSbbi6R1AdjdW3N9RkffTCKNEI6SjeQNUSXZi634YuW0Yi3fsSG/WSibH3/7kHfyzK4ciNrx7ZYp3r0wB4HJY6etqobOtGbNRwCmLCIIB87oPx0E/hb0+t+KEaH0nqDBx2lp+7/rEPJdubi4Jq+s6P3/zCueHO2lrdoOWRZJEnnxwkMDKRlqKqmncnFzcVpVFU3OIkozkGDxRu011jg/7XedP4pyrzvFG9vRiEr3EAnNVCRwA9tY2EmsrRCYnaBo5v+/xFkcTmUSETOgScvPjVfV9UtgqbKQzKV7+4Ed87/Vvkkjl/VBsFgf/2XP/jMfPPVu8l+WFib3vf/v1CyCJUjHNpSgc6AKtDe08MvIUv3jnu6QzKQRB4LHRjxejNkrvpYWf6czOkYwFtr6uIFLEUxHeuvYK2ayCJBl5ePhJPM6WbVVQtooaxc/tmG8gnP4VyTHhMBZGJ/kmmwnOYfVUXtpVy+XIKinsDfX0lJ1QVZWFhQWWlpaQZbmmRqKJRAKfz0fThhl9AAAgAElEQVQsFqO9vZ329vaatHvcOSxxo5zvcSAQYG5ujpaWFs6e3V5h4iDMz88zNTVFY2PjtjSl1MoEsduvkAzcxGCScXf1YvMcXqrGYZBNp0hHwqSjITKJvB+F0daIs/8JLG2jWFqHjniE22lqdKKWWUUlWOKx4bBZMBo3l5VNpTOoqobJZMRoEIs+F2aTAYMkIgggGwREmwGnRUcUwSDuPVHZ0XtjB/FAEAQkSdo0QSqdUJVOKtfCcf7j935NJJaPyrh3uJtbU4uklSzj/iX+6h/f4p///jM4rAaGe5sZ7mvdJAJNzKzwH/7mFW5OLpSOCl3TEC1tZXySdepsUBc16hw1nvu/ROjNf0N0cRZnW+VzW8lowtneSXhiAldPD0br3lGXksGM2e4mE72OqeHeuyKKo1Ron12Z5Nsv/d9cHL9QjJqwWRx8/YU/4aP3fnKTuKFr+eiNahb3u0VeaLqGkk0TjKxCyfNLoXkW1mYxGcxkcwpJJU40ESEcX8Mm2zEZ9/ZOKRUqNok62TSvfPBj/IvjuOwNeBs78Dhbtr2udLyl3nrmfTxejpq6wHGIHOWC6DiTCc+jaVlM1sovokWD0brAsY1gMMjs7CzZbJaOjg56e3trtku9vLzM+Pg4kiQxMDCA232yzSXL5Si/ywsLCywsLNDa2srg4GBV/RWq3Hg8Hvr6+oqPZ8LzRG69TGLuEqJkxNXehb3l5CwSM4kYqXCIdDRCTsmnaJgbu2joeQJL2wimY1hpSdd1zCYD3/jqxyknqTeWVBifWuLvf/YOBW3h8fsHuG+sm0ZnedFwXW0ecioYJQGLUUTcqESHiL7JCwNgNRSnrdm97fqxGtqcKhIKx9HZHLlR+LnVcFQQBMKxFN/8/ltc980DIJuNfP4T9/ObDx28duEWmWyOX38wDsCXP/kQ/V3NiGgIaIAOuk53WwP2LVVf8qX7DBjkBlRVLeszqXP3Uhc16hwUXVXRVkKoC8towTBaLIEeS0AyjS6A4LAjOq2ITgdiUwNSRytimdUCTe4OHL2PEPNfwNrYUlWJdXuzl+TqCsHx27Te+/C+x5ttHpR4+K6K4tjwpnCs/39e3Ohs6eVLT/8Rj419fJO4UTTKrkFg4IUbr3Fl8n2UbH6+klNzZHMZsrkMwdgqaSVZHOOP3/pbXrv4czJZhayaIZfLoqMjiRLnzjzIWN+DZb3X0vcMoGoqoVi+XGwsGSWRju/5+q3zgAcGHyep5OcCDw89tZ4+U3m5+1pTFzhqzFGGsJ8UMqF8qSODpQqBI1kQOI7fwuWoSKfTzM3NEQ6HcTqdjIyM4HQ6a9b+1NQU8/PzOJ1Oenp6qipLepI4SnFjfn6excVF2tra6O+vznxsZmaGmZmZYqoSQDa+RvT2y8Sm3kEQRBzedhyt7QjC8a6Ao+sa6WgEJZL31FBzef8Kq3cYp3cYq3cMg626MN/DYmsJtbGBfARUOSJkk9vO9196HyWTQxDgkXvP8Mj5PsQtr82VlFAtGIjqOmRUnZymIwkCRoPAzPwK4/4lsrm8GPDelaliqddEMs2rF24xs7C2bRy3/AHSSv4zz6ka71yeLJp/Gg0SQ2e89LRvRIyVhtNeHZ/j2z9+h0s3Z4vPf+LxMR4+10d7ixtN13n5NzfQdZ0337/N1NwqX3jufj768DA2WQI9B3oOo3FnUUc02O6It0idk0ld1KhzUPRsDnV6gewNH/rCMtryGno4Ask0KGn0tIKQywICmtmEZpbBYgabDaHBhehtJt3WiZYaAvY2BXeNPEfMf4H40gLu7r49j90PR1s7Qf8Err5+ZOfeKaYGoxmzvREleg2TaxTRdLo3r0rvwU3OFp554LdYCQe4b+BRnn3oc8UqJaWRG5quISAg1mB+9O7NN3j7+qtks/n7qCCwvnGxXUhIphPF0q6lSJIBs1HGvE9FkwLbKpvoeZGj8NxW9vL40HWdh4af5KHhJzc9dpyoCxw1oi5slI8SmkOSDBir8ILIpBKY7M1Id8AU8CSwuLjI/Pw8oijS19dHR0dHzdpOp9P4fD7C4TBer5fOzrtHVDpKcaNQzrcWFW+mp6eZnZ2lubmZnp4eVCWeL/k6/jqQ3+1xtLYhGiqvyHLYqNksSixEKhwhHQ0BIBotWNvvwdI+iqV1BNFw/EW30olVqQFY6c9aomqQzKoklLwrukECi1FEBn7x5jV+/MqH7DQvUTWNn79+uaw+Sr0+BAE++7H7+cbvfWz9/9fDgBfXeP29cX762uVNZqHPP3mOP/j84wgCdHkb+cZXP06Dw8YPfvUB2ZzK/FKQP//2K7z89g0+87F7efrhswjsHp0hSDJ6mek+de4O6mahdSpC08gFVsm++T65SzchsASxGOQ2G0KXXrWFXBYSG9c3XRRQTTJZVwuKTQa2e16VYrA24B7+BOGbL2FtasZURaVBi9uD2b5C8NYN2h9+Yv/jHR6UeJBM+BJyy9MV93sS2LrR8PDwU9gtToZ7zoO+YbK5VdyoFe1N3TgsTuLk/T4EQUQSpXzxBYMJSTIgiRJmkwWTZMJkkpFNFpxWF25HE80uL62N7TS720gpCWaWJ2s2tvx49hY3Sn+WUvjctpqWHgV1gaMK6qJGZSih2RoYjCYxt+5fAuu0E4vFmJ2dJZlM0tzcTG9vb00jK9bW1hgfH0fXdc6cOUNj48kzmqyEo04vm52dZWlpic7OzmK0RaX4/X7m5uZobW2ls6ONyI0Xid56BVXNYGtsxt7aXlUo7GGSS6dIRcOkIxt+GiZ7M86BJ7F4R7G0VudHclRsLfFW+PfhjWkWlsI7+nEkUxkWV8Iomdx6G/CLN67gm17Cad/5vDrT1cLIQAdCFlJZDSWrYzEJmKT8xKXBZcPlsJFbj+BQNY1cTi2WljWbjKiatsnI0yKbEEURRcmgajpGg4gkSUjr6SkGg0SDe7PwrOvwzuUpvvPzC2Sy+b5EUeQzT5/n6194AovZWJxoWsxG/vMvPIGnwcbf//RdQtEEOVVD03S62ho30lR2YmMbrM5dTl3UqFMNWjJN5o33UC9cRJuYhmhk/xft2JAO6RSkl9Bsq+DYW+AAcI18gtjUO8QC83jOVOcZ5fB2sOq7QSq4jKVxbz8tUTIiOzykY7cxucYQzbXxbTuOlG4wQP5+NNy9Lm7o6xVE1oWNYknXGgocn3n0K9w/+BiZXL5EvUEyIIkGDJIRs1HGIOV/NxqMCIJUFD8KY6iJeLDD2yn4ZFVKodRsYX5zlCJHXeCogKNe/JxoNJVMeB5HFfn9WjZLLqPgvIvTU1RVZX5+nuXl5ZqbiBYopDTYbDZ6e3uxWCw1bf+4ctTf75mZGZaXl+nq6qKnp6eqPicnJ1lYWMDr9eJMTzD30/8PVYlhcTdib22vqkzzYaHEo/mqJ5Ew2aKfRjcNvU9i8Y5gctcuOumo2Gr4BaBpOq9duMWFy1Nksrmy2rl4Y4YrtzdXIVFVFVXN+7M/8+gIw2faEIR82koyq4EgktN0VE3nmUeH8TbtnsYWS6TxTS/x4q+vFR97+pFhznQ2Ybftfj6PDmw2HhYEaG9xr5uQinib3Hzu2ft44clzGKSNsncbbyLJ5z5+nt6OJn72+hUu3ZzlsfsH6O9qBi29h4ghUJME6TonlnoKSp2q0HW0UIT0j19D/c17sLRU07bLQRANuEaeJXjx+6QiISyuytMtzXYH1oYm1q5dpfOpZ/Y93uJoJpMIo4QvYWl9tuJ+TwJbIylho6LJpn81vqfouo7RYKKndX+xa9NYtY2xlFZFqUaQKMW/eJvh7ntwVZjea5AMiKK4afOmLnCcAI560XNayITzk3FjFQajmYLBqPvuNBhdW1tjbm7uUExEAbLZLOPj4wSDwWJKw93CUX/P/X4/q6urdHd3093dXVWfExMTLC4u0mpYQ7z2EsH4KmaHi4buEcy28kzP7gS6lvfTSEdDKJEIqpoP/7W1j+JsHcbqHUWyns584E03fwEkSSKRTBd9MHai1G8jl1OL0RcFtJI2l9aim57LqTpKTieT1VGMGi6HncceOItxl/mRIAhcuT3Hy7+5gappGA0Szz0xxnCfd9+Jy1bR4rH7Bvjcsw9gt5r5yPk+uto82wxIAbRcnFxqCbOtlfNnvZw728HMYpAubyNoGXQtjSDUpy51NqiLGnVqgqaRnV9G+ccX0d79ECGxu+niYePsf5LE1DvEF+erEjgA7K3tLN+8THx5AXvL3lXvBFFEdnhIRiYxOUeRTnlFqtJIA0EQNgsc61Eb+0VumNY9MLZ6Ye1E6X1xr3touc9JkrTrceVQuO/qusZvrv0K3/z1itoxGkz0egf4wke/juWYWAfUZwl7cNSLndNIKjgDgLEKg9FMcj1U/S6L4Cg1EXW5XPT29uJw1HahGg6HGR8fR1EUenp6aG5urmn7x5mj/r5PTU2xtrZGb29v1T4nPp+P4OQFmpM+1MQyktWO58wgsvN4GG+qGYVUNIISjaDEQug6SCYbls7zWNpGsXpHEKTyjLNOC6Ig8MmnzvH4/QNoVTiRf/tHb3NrKrDt8UJsQzKjEkwKZDUwihqCAF7HdoVjL9G0dHdrLwrP5yNV4A+/8MSmx/O/5yfVhd1NXU2DmkTXYkAWUTDR63UACrqWRNcUBKnyvPQ6p4PC9VoUwCBtOVd1eG7weKbd1TmmaBq52QDpv/kRXL6GoBxeCvqO3SsZthqQOkc+wcrb/4nE2nJV5dqNsoy92cva1avYn9lb4ACQS7w4LKdc4IDN5VBLozXKTUlp83SxsDqLXGbZ1J0iR8p5TSl7eWQcBEnYEEjWIiusRVYqbisUW+XzT/5+1WOqFXWBYwcOY6FzN4sapWRCc0iSsaqc/2wyidnVdiIMBWtFqYnomTNnaG/f/yZ1UGZnZ5mensZisTAyMoLNdjxU2DvBUYsbExMThEKhmhjE3nrvRRT/WziVFQyyBUfPGSwNR59Lm02nSEdCpCPhDZHS0YK9/yls7WPIzeWHa55W2lsaaK98HouqqrS1uHcUOIySgN2cFzJMhvyOVfYOeXFu3bEqTMx+c2mSdy76yOY07jnbwaeeugfQkUwm9FwIBAO6KINgBjTQs7v0UOduoPQ6XTifbSYJ2Zg/n0Za8gvEwnlWMLyrNaVh4aWLjK3lkY/aZK9Omeg66mqI9D/8DD68vM1E9E6QuTWF/vwImDeWZbaOe4m3vk1scRpbY3M+169CHN52ktcuEZ2fxtmxX1SugOxoIhGexZiYxmC7O6J4D5SKouePl00Wvvbcf8VnH/8KAF3N/Zv8OtyOBsKx4Ka0j2J1lirNsEuvPU6rG0kyICDQ0lDe+sBkMHF+4GFuzVypahwANouDkZ77EMXqIkpqSV3g2EItFzp1UWM7ucg8xioXztlkEkvH3bEYikajzM/Pk0gkDsVEFCAUCuH3+0kkEjQ1NdHd3V2znL6TwFGLG4UKNdUKV+lVP9MXvosemsJqNGHr7MHe1Fpxe7VASURJh8MokTDZTP5zlj29NJz5KJbWYUzu2gt1J5l4IsVyMLajyei+6KBkc8wthrY9JQggG0RMkojRICCJGxOjJmvl3/X9dpC2Lv4Ku2SF596+6CuWhE2mFJ5/YgxBEBENZrTcKjogaEkQjPk3iIggyvnfdY1ObyOXbs5gMhnp9B6P6KRaUGo8W2t2Wnzv1185u43ltFHab7nv7Ve+jeuz2VA4d/KVgBqsBs55TTu2Va7IsVMFo71CyAviRql/ztZ+C59XOQLHVqPhSt5DnerQoglS3/8V+vuXjkTcAFB9M6Rfi2P91KObhAzX8PMEXvt3RJfmcXorj+wUJQN2bzvBa9dxtnfBPqVOzfZG0vEQmfDlu0Lg0IXNJqJ7mYrqhf/W01jctkbctsbSA9DROdt1js898TVSShKPsxmbvLvfVbXcO/ARVE1F1XIM99yLyWDe9ZpduJY0Opr5g+f/pGZjMBnNmI1y1cJNragLHCXUYqFTFzV2R8spKJEADm/lO9RqRkHNZU59esqdMBHN5XL4/X4CgQBWq5WBgQHc7tPpdbAbRy1ujI+PE4lEGBgYwOv1VtSXEl4keP2XRKbeRZIkbG2dOFqPRjjQNY10LEw6HCYdCaNpOURRxOIdwekdxuodQ7Ic3k3+pPP9lz7kF29eRdU0BCorG1tqUFrICRYFAbNRwCgJWIwShhKBYy8tU9N1cupmjw9V1UAQyso3hp1zjndaTCrZHOj5iTiqTn6WmEPXs0BqfbBmBPIChwA898Qojz/QD4DHfToizgoL58MUmYslEEvM4Ar97rTILl1o70S5bZSWRd7r3L64sLHIbLZvL119X3v+sb2EhnKM7nYbb+mY9xKDdnuvBzHZKxVMdqISkeOwzx8oT/Q6CWgphcyFy2hvvH3H01JK0RNJci9eI9vvxTjUV3xcburD1v0A8dkPsXtaEI2Vp246WtpIrq4QmZnE1bP/JqHs9JAILpCNT2C091fc70mhEMGxn+9G8bqg6aiCuuOxoijitnv49KO/u+11NR3zept9bWfpazu76fHdfi+9RtlrPB/b7bp5FNQFjnWqWejURY3yyIRmATBVYTCaXTcYNZ9ig9HV1VXm5+fJZrM1KRO6E4FAAL/fTy6Xo729/VBSXo47R5mKpmkaPp+PaDTK4OAgra0Hj7TIJcOsXfsloduvA+BobcPR0o5QpelUZejElhaILwXQNBXJZMfadR/W9jGs3hEQ67eacogmUiiZ/OJONhtpajz45CObzZHJ5sjlNLraNnaVREHAKIlIAvzld18vq620kmU5GC1GlGRzKv/wsws0Nzoxm8r7m/7Bbz+OySCVN9kRQBQkNE1CNLi3Vx0QRBAMaLkkmp6lx+sA0VN8+rhMrCqlVCg47AVqYYJb6HenxX4h4qacBft+AsdOZZG3shTPn2cd7u2iBkCrfeMzKY0GuuUP8M7FSVZCMdpb3HzumfuwyjtHdpSOt3TMO1EII98tkkNVdV5++xpXxucB+Pyz99Hf1VK2MLmfMFQYw0EqEuwXYVILCn/PQsWEE4umoa4Gyf3s1SM1FAXQNR0WAyg/eRVDXyeCaeM74B5+jsTMB0QDC7i7eqvqx9nWztq1Gzg6e/Ni8h6YrW6UeAgldPGuEDigfN8NTdPyUR87fMcEQQCNbd/ZWi7+S9spvZZvfX7r93Ov19SK43Ifrs86qWyhUxc1Do5SEDiqKE2ZSSYQBOFURnCkUinm5+cP1UQ0kUjg9/sJhUK4XC46OjqwWo9fqdDD5ijFDVVV8fl8xGIxhoaGDmzkqmVTrF17keD1F9F1HbunBXtrO5LpaEw546tLJJYWyWUz2DrP4zjzBHLz3TEZqjWlFVFaPE6+9luP4XHbMFQoWnncNlifZIlCXuSIJ1K8e9XPylqEXG7/xcnWvOT3r/nLmgRKkkiDy8ZnP3ae1iZX+YMWjAhSQdjZaYIkoKkqCNJ66sqWZ0sW0Ec9waqUwvgDqxHGp5dr0qZBEulpb6S9pWHTxLZ0YS0IAhdvzHBjchGAx+/vp6e9acc0jp3GW/j93atT+KaXscpGRgY6ONvTuumY0sV36SnYbN8u6hh20XlK/7bzS0F+8uolEimFDm8jH3tkCKu89/Ww9DwRRZGcujGQQuni/c6lRErh5Xducu32HKIoMNrfxkB3a0XnnSAIvH/Nz8tv3wDgnrOdPPPoCEbDwb77+0WY1ILC+1NV9UR/z9REiuybH6DPzBz1UPJks+jXbqG8dwX58QeKDxsdzTjPPk309mvYmpqrMum3NDQRX10mMjFOw9mRfY+XHR7ia3NkozcxOocr7vc4owsbkRsHet0Oi/ji92GXpmq5+N9PqNitrxMtSh6Au17gOMhCpy5qVEcmNIfBaK4qxC6TTGBydyAcIyObWlAwEZUk6dBMRGdmZpiZmUGSJHp7e2ue8nJSOEpxI5fL4fP5iMfjFaUdrV37JcFrL6JmU1gbmnB42zCYLZUMuWqSoVVigUVySgpr61mahp6tCxs1pL3ZzcPnepHNO+9m70VpldmcpiMIIIr56ZvRKNHgtLK8Gil7olM6fdI1vSwzNkkScdotGI3lTTM0TSeWUHA7zPtW0BFFDQQRQdh8H9i6KD2JlI77529c5QcvfQDoiKJYVUlAs9HAc0+M8fXffnxbP4X/VzI5fvzqJX7zoQ9JEslmVb7+203F58uJiFCyOf7+p+9yY2IBgyTypRce5mxP66bjElkdq0Hg4q0ZovEkuQO43TY3Ohg604ZcEkGk6wLxZP66Ho4mD5TKIQgCK8Eof/vTd5lfCtHosvK5Z+9nuK9tx89oKyvBGJquo6k68aRS9vvYqc13L0/x6js3AZieX+Phe/podNkOfC4X3tfSWoQLV6ZYCyYOPK6dcDosDPW1MjbQceJFRF1V0eYWUV95CypZ8EkSQkMjYkcbUnsLYrMHcirq4hLqwjLawiLEovu3s2lQOsRi5H7xBtrYIKJrY4PLPfwc8cl3iC4u4DkzePDxluD0drJ6+ybOvjNIxr093UwWJwazjUz48qkVOGpJUfzT1Z31+Rr3dVK/f3eCu1rgKHehUxc2akM2PI/RVl20QC6ZxNo9WqMRHT2RSIT5+XmSySQtLS309PTU3EQ0GAzi9/tJJpM0NzfT0dGBwXB3fvWPUtzIZrOMj4+TTCYZGRnB4/Hs/6J1QrdfJ3jtl2STYWRnA419Z6pK9aqGdDRELLBIJhnH3NhN4wPPYG0/dyRjOc2EYknGp5fWUxUqn8R0tDTgsFtQ1LzQYTGb+OqnHyGnamiHODkSBQFJEnA7y7vma5rGt374m31TC/bi/tFu7hvpPrHixlZWgtESTxUVqNwAMSUKxfSnvfuM5XtTNbIlEUUHSZnJ5tR8lZ6cSiqdASCY1IikchhEEY9dIppI8e++9TIra5EDnYed3kb+9F99AdlUu+jGnKrx7uVJ1sJxBEHgnsFOhvs2ymNujVCpFVvbCkWTxd/Xwom8L82W4w+yoAlGkvztjy8QiSX3P7gMjAaJf/q7T3NusPPEL6z0RJrM25dhtYKymFYrxkcewPTYA0gtjUgNLiSnA11VUUMR1GCE3MwimdfeQb1xfbPivB+5LJp/lsz715CfebT4sGiUcY9+guDlH5OOhpGdlfulmR1OLO5Ggrdv0jx2777Hy45G4quzZMJXMLnvqbjfw2aniKtyRICDRm6Uxcn+etwxKv2blcPducqhLm7caVQlTia+iqut8tSSbDqNquYwn4L0FFVVmZubY2VlpViW9SAL3nLIZrP4/X6WlpawWq0MDg7ich0gVPyUcZTiRiaTYXx8nHQ6zdjYGA0N5VV8iPrfZe3qL1AiAcx2J57+IWTH0fwNM4k4scAC6VgYs7OVpoc+i73noSMZy93ArclF/qf/83tVtdHodvA7LzzE80/eg6ZpZHUdVRQYHcx7GBnvUCBcOROW674FrvsWKu7DabfQ4nFw30h3xW0cN0o/sxaPky8+/2DFbRklid6ujXS43f4eWsliLBxLEo4mcTksZS3sVU0nGI6jZHJbHt9yoCCArmM0iFgt5m1GtlvJZHPFceVU7cApW+UIA6UpKqq+8fvWyJVaCRxb00hWQzGm5leLz8fiSW74FmhvdhfTaA5aTUXXdfq7W5iaq2ARv042p5FMptHWBavDFEXvJHoqhfbhActjiiJCSyvmTz6N/Oh9GLvaN4W3CYBos2Ds9KIPncHQ3YbyejuZ196CxN7neClCOk3u3ctQInAAOAc/RnzqArHAQlUCB+TLxi7fvEpD/wAGee/NEpPswCjbyYQvY3KN7VuB5SjYyctmq+fFjt+d06GFnzh2S6Ur9Q2pVuS4KwWOurhx58mE5wAwVLHrnFs3GDW5T7bAsbq6ytzcHLlcrm4ieoc4SnEjnU7j8/nIZDKMjY2VVakmPn+ZtWsvklqZwmSx0dg7gMXduO/rDoNMKkV8aYFUeA2D7OT/Z++9otu68nTP3zk4yBnMOYmUSConW5ZlW7Jku8p22ZW6Yofbfbt75k7fmTtr5mXm3rVm5uE+zNyZnlndXau7q7r6drlyVw4uu8olZytatnIkKVAkmEkARE7nzAMIEABBAiSYJOFbC0sUsM/e+xzg7LP3t7//93fsegnLliMb0pcHHSajHoH5zZ/4gpXh8hAKRwmGoygkvQ5CMZnkpnyyhXrL+jAcuRk0UmiqdVBdYWHK7Su5DYvZgMn44D6zO5qreebw9qLNXRfDcnbHzl0aIDynwFgOhkanF2kbGm0qRFEAtZE/+OQBwuGlVSX3Rmc4/XE/057kb8RuMWDQF69yzGe+lwtZVpLZgeY+T2TcdynlSj5ioxhFzGJ9ylyMCYLA6Yv9jE3Mp3hWgLfP3uTQni3oteosv5Biv8OtbXX82eePEFhB6AwkTYb7703yszc+Yta/OiqQzYLE6BSML4P4EUCwWNF94UUMh/cimpZWpglaNbrtnUhVDtDrCPz098voXAyGR5FnvIiO7A0Na/dxJs99j+DMJAbH8vy7MqHWGTBV1jB96wY1uwpvVOjMFfgmB4m4L6J17C1Yfr2RzzQ414gz7z2T+VaZ7FgXZH5PuePraqbGfugIjjK5sTGIupMEh6YEc6RoKIAoqu9bg9FME1GbzUZLS8uqm4j6/X6cTme6jYaGBvT6jfFo2CzYSHIjFArR399PPB6nt7e3oIIm6pti4sK/4nddR9LosDW3YSxhElMKEtEIvvFRAtMTqFQabD3PYNv6NDxg/jebCTu2NlBTYSaxHElzAezc1oSCQjQuMxOI4w4miMw5O1YbVjccbimk/DHmJy0KT+zvorN1+RmEFkNzXcUDHZesUUslG8Qtx+TOHwxz6uO+ktoDUIngMIjYdFK6bUGAY490F1REuMbd3Lo7liY4Oltr0GqkvIRZPmTKnzMl0JmIxOJZKpJwJL7g+GAoms4mBMkQHqdrmu/AgxwAACAASURBVHCkeJIj19g09ffIpIffvHN5wX1/8eY93jxzgxee2pVeCORmRsj3PabOVSUKtNStXBkqCAJbmmv47ftXHziCI36zH2LLIO+0etSPH8TwxH5EfZHrA1FEqqnEcOJxZm+5YKDItmQFxe8nerM/y2wUwNi0F9/AGXxjrpIIDkiqOMavXyLa0YnGtPTcRK01ojFYiHmvoLX1grh+z45CyL2nJjyjWAxW9Fpj1n2fO2bk8xVKj495YkzS9y9CkvCa+zdVVGGuLSXj7zx1ZNW1CAG7mmakhXyp1jvryQK1jQCDY3201G5JJugtYO5cLB4qgqNMbmwcIp5h1Fo9YgneD9GAH429YRV7tX7INBHt6Oigrq6u8EHLxODgIENDQ0iS9FCbiGZiI8mNYDBIX18fiqLQ29tbkMyaHfyQsdPfAyWGtaEZU1XtanR32VAScXzjo/gmkpkULFuOYN32NCqtaUP686Ajc3Lx1IHVMXGLZyyUFAUicYVITCEYlZkNJ4jE8y/01guKoiDHw1RZVdQ4apIhC4WOkedM21TF3X8PIsmRkGVU4uqFSBS6Rhq1akWpikfH3XlD0DMXGsVMYEVRZHTSy8iEBwCtRuKRne0ZJMnS1yLTNyRFDOQjRqY9fmKxeYIj5UOSQjAc42vfO0n/vck0EaIoyaxHntnFDTxzfTtyJdmiKOKacPNff/I+90aSqhejQYdGUuGeDSDLCj967Twmo5anDmxLqzcEQciScS9G3JSKB/EeSkHuHyy+sEpCbGlC/+Kx4smNFEQBqbYS3fNHEb4xVbj8HJRoFPnOPXhsoVrCuu044+9/Hd/4COaalatzRUmNqaaO6Zs3qdv/SMHyOlMls8EBwjMX0VUWLr8eyCU3EnKc75/8RyRRYt/Wwzzae3TBojl13GK+Qin1QNZYIYIoZKiuUuRGCkoOwZFHNZIvjCbfGJYvtGal92I+Zcti7a2GaqLYPqX+DUeD/ObMj3jjw5/zxWN/zlN7ni8THMtFmdzYWERnhtGUmI40Hgphqr2/CA6v18vw8DChUIjq6mpaW1vRrHI6z1wT0cbGxpLc9h8UrDa5sZyxIRAI0NfXhyAI9Pb2YjItTQ5MX3mNycuvojWasTZtQ63biHFIwTc+in98FFlOYG49iGXrMdSmMlG2VsiV0K5WfP90Rry3rEAsruANJfBHZGKJjVu0pCdRiTCJ4F0kjRG0hZ8LcjxGPBJEpatCFJYeP9d7N2q9MDbp5fKtIVrrK5Y9vqd2IwUErGZ90b+17i0NfOn5R6ipsBTDQRGOxhmd8PC17765aNhRIXIic0IeT8icPH2dwFyGlM7WWrZ11KXrma9j/ruOx+PcGBhFFAVMBj2iIKDXqbMWFZntCILAzf6xLHXGzYFRfIEwpjmFUzQaY2xyltEJd9EeFIuRGpnvXbk9zDd//C53nOMASJLIp47txqDX8Pq7V3GNzzDl9vG177zJ+OQsL5/Yi0ZSLapKybwmqTJJw9eiurwAoXCUa32uLPLnQYEy7Sm+sF6H5vB+NE0r25gSNGq0XW2oqmTwFnmMLCNPu/N+pq/pwti4E//IVYwV1SVtHJprGhi/domwZxqdbWm1j6TRoTXaiHgvo7H1IkqbY9Mj8/46e+Mdzt94D0WRicYjHNh2BJUo5Q0LW2oMzCRhc0nJVJuyLCMrCQRBTJMfKXIj875M1SWKYl6CQ1GUeUUICwmOUjwpctvNh8w+rvdz0+2f4Z2Lr+HxzfDT975NV/NO6hyNq0JyPBQER5nc2FgkQl7iIQ9Gx8rN36KhELKcQONoWsWerR3Ww0Q0Go3idDqZmJjAYDDQ1dWFxbL83bYHERtJbvh8Pvr6+lCr1XR3d2M0Lh2WNXrqFbx3z2F0VGFrbiu1qytCYHoc/9gY8VgEQ8MObFuPobHfH/fa/Y7VJjcAXJ5s2XxcTqo3AlE5bei/Uc87RVEITZwh5r+NpaYTIVF4GjI7OYiiaDA2fZZEbOWZRO5nOIcn+bvvvLng/cyQH2GB+Z9CaptRrVbR3VHHf/flY0iqxX0lMtHeWMX2zgbiBaJipLlmBUGgym7GZjEsi+BYTOlw7nI/56/cTZd7bM8WdBp11oQ/ecx8XeFIjO/84gxqSYVGraK6wszLx/eyo6sxbxvhaIwrt4ey+ugad3O9f4SDO5LjsUGvoWdLPaDMZzZRIBSJMTaZf6Gcj9RI/Ts0NsP7F+7wxgfXGJ9KrnhVosjLx/fxuWf3o1KJNNU6+Pvvv8X4lJdgKMIPXj2L0zXF8cd62N7ZiFYjLSpnT7U1ODLNL09+zN3hqZUtEgTwByPp8KAHCv7iU+cKGi2ani0lNSdoNahspqIJDhIJ8PkX/di67QSB4cv4xkewNpRmrGyuq2fm1k3qHzlcsKzOXEEk4CHqvoSuqnD5tUYmcRGJhXnzo1+TSMSxmRw8e/AzqMT550uKGE7dl9F4lI9vnyaWiKIoMjWOBjobeheMEZmkhKIo3B6+ysW+swyO3SEUCaJSSZj1VvZ2HWJH+37s5sostVqq3UzfiVAkyI3Bi1y7+xHjnlESiTgWo5W2uq3s2nKQOkdT3vCa5dzHuf13+6e5PXSVWHzek2dXx0HMBtuqqSaKQeZ4VV/RxBO7n+PHb/1X3LNTnLr6ez735L8pExzFoExubDwinuTkQV2SwWhyoL8fDEYzTUSbmppoaWlZ9TZGR0dxOp0kEgkaGxuprd2YcIbNiI0mN+7cuYNWq6Wnp2dJ/5Oob5LR098mNDmApb4Rc/X6G8GG3NP4xkeIhUPoazqp7DqGrrpz3fvxMKNYuf1yMDabTQLISjLDxSpae6wYicg0Ud9NdOYKVJKKQvn0IiEv8YgfXdUT69PBTYSsEAtgfGoZu855YDHqktlIihSAyLKCogh5PWG0eWaPilL8byx3MZ45ERdFkaGxGX7y2w/TaWZrq2wc2NFalDpnYnp+Fel0TfHUI93p/+cSDzcHRhkYyjabjMbivH32Jru7m9GqJTRqia+8mJHRQoBEQmF4fIb/6xuv5SU5MtuRZYVZf5jbg+OcudjPR9cGs/qoUUu8dHwvX37hUdRzbNGBHW0gCPzjD95idMJDNBbn3fO3OHOxn+4t9RzZ18n+7a3YLEbUkmpRifk752+lr2EZ81AC/uI9JSUJqbY0JaPJLPGfPhHiP/zv/0NxB8gKyhK+JxprHZYtjzPb9z6GiuqSVJ8GRxWB2xMEJ8cxVC3tiaSStOjMFYRnr6Ox9iBqissItxbIvZcv959ncCzpGdTZ1Mu25l0LysYTcTz+Ga7f/ZhTV3/PlYELJBJxjHozzxx4ma7G7enncS5BMDB6i9fO/IiLfefwB70L7rWz19+hubad5x/9A57Y9dyCEJhUPVcGPuSn777CwMgtorEIoiCCkBwT3734OxyWSp7a8wlefOxLaNX6ZRkLZ55vpnJDVmR+ePLrnLn+NpFoco5caavBqDOzp/PQiq7/SpGrUDm84zhvffQq094JPrjyBk/t/iQVluqSSY4HmuAoZqFTJjbWHtGZJMGh0a88RCUaDKKSdGgsm3chHwqFGB4exuv1YrPZaG1tLRiasFz4fD4GBwfxeDzY7XYaGhrQbUg4w+bERpIbXq+Xvr4+DAYD3d3dS34v/pFrjJ3+DolIgIq2Leis65shJTLrYXZ8hGjAj9beSPWeYxjqd65rH8rIxmrumqQ8NjYjYt7LCIKI3lzcgiEyO42oqUBj2brGPds4LCaZ3tZeh9cXIhqL5/19BEJRnBkpQHs750M4FSXb2kRSqWhtqESlmp9056oLclsYGJ7k1MU7VNhMRYWoRKNxJt0+vL5QwbKLyb8FQeC2c4x//MHb3ByY8wEy6fmzzx2hvtpeVJx4Y60DjVqFWpJwWA3YLYas80z97Q9G+MGr59IEwNa2OvrujZNIyLz34W16ttTz4tHdKIqyMHuNGiqs+TdtMifk0ViCf/rRu1y5PYRrzJ0VCiOpRLra6njp+F4O7+kA5if/oihyYHsrdf/+JX72xsec+qiPWX+QaCzOpRv3uHTjHpV2M12tNXzlU4doqS+sEK2wmXAs0ufFoJA0VFUUcNhKCzPeTBDiywi7EUBQq0trTxQRdMsx5pShgFrNtu04/oGz+MaGcbSWpjAx1zYwc+tmQYIDkiqOsG+GqOcSuuqnSmq3FGSRiIrMe5d/RyDkBwQObHsClajKIlLP33yPty++xsjUIFOeMWLx+esbCPlIyImsumGelHj30uv88M1/Yto7kdMHEUVJqStkBkf7+JfX/oZoPMrxfZ9aoAa5cOsD/vk3/x/T3vF0HVqtAVEUCYYDKIrMtHeCn737XfyhWb5y4t+hVmmWTXLkjq2nr76VRW4ATHkmiMWLJz+XCnFZTtncV52jid2dBzn54a8Zmx7h9LU3efGxLxUMIyqEB5bgKJMbmwdRjwu1To9QQvaFaMCPxrF5/TdGRkYYGRlZUxNRp9PJ8PAwarWatra2VQ95uZ+xkWaiAB6Ph76+PkwmEz09PUv6rMzcepuJD3+MWqenamsPat36TRojAR/+8RHCs17Upkoq930SU+vBdWu/jIcbifA4UV8fBmtVUc+DSNBDPBZGX7PxUui1Qu7iPgVFUXj+yV08d2RH3uN8/hDvXbjN13/4NoqSDHH4xJM72d/bil63+PgjqcT0Ajo1MR2ZTWDVgyYnwuXKrSFu9o8s+5xiSywe8xEbma8L15x888fvMehKGjLqtGr+6KXHeGzPlkVDMTKhUUv8wScPsrOrAaNBj0oU0uEcuYTOL05e5Mqt5AaM0aDjhWM7OXnqBhdv3ENRFH78+odU2ExZbWeeh3oR74NMVZZGnQyVmZzxpckNtaSipaGSJw9s5elDPVjN+gUKjFTYWkO1nb/6yjEe2dXOa+9c5nr/KIFgCEWBGY+fUMSBuYj0yIIg8OyRHTx1cCt268o2XgQhaTz7IHjcKBoNQrFZVBIJ4pMzaMwrVyEr8TjyVH5PjfwQQLu035CoNWHtfhr3tdeJ+GfRmlYeoqyz2AhMT+IbGcJcv3R4qihK6C0VhGbvoLb0oNJVr7jdlSKXFO4fucGV/vMoikxDVQu7Ow8uUEdeGfiQCzffX3Yb7156nW+9/rcEQslQLZ1Wz96ux9jZvh+TwcrM7BQXbr3H5f4PURSFYNjPD09+g/b6rbTVdqXr8wW9/Oy9V9LkhsNSyfOHvsCuLQcRRYnxmWHeu/w7Tl05iSzHeeP8L+lq3MHhHceXpWbIHVOnZyf59anvZ5EbSSgLjstVneSOeZn/5obI5ba/VNnc1yM9R3nn498ST8Q4ffUkT+97Eb3GmK6jrOBYBsrkxvoh4h5GZyxFyaAQCwXQN22+8BSv14vL5SIYDFJTU0NLS8uqm4hOT0/jdDrTRqWNjY2Luj8/jNhocsPtdtPf34/ZbKanpwf1Ejs94x/+CPetd9Db7Nib2hHWyQw2Fgrinxgj6J5CpTXh2PUpLFsePsl/GRuLiOcSokpCayqOnA3PTiHpa1Gb2te4ZxuLxU3glEWzptitRqorLKTyFAoCVNpMmI26JSeDqc9iskA8oRCOK2gkkVQzZlP22LcUWVEMNOr5aWbuxDfzNTLh5ncfXOetMzfS/h2SpOJzzx3guSd3pgmAFAmw2M6eRqOmu72WSvt81qrcyXcsnuCXJy/yy5Mfzb0Hxw/1cHhvFya9nvHpWUYnPEy5ffzDnA/G80/tToePFDvZTpU7+mg3TtcUoXCUrrY6HtnZRmdrLUa9JovYWIw4EASBA9tb2dfbgtM1xYdXnFy5Pcz41CxPHdxKhc1UUNkiCNDbWU9Djb1kcuJ+JzcABJMRAot7XGRCicaID7rQtK/clypVR9EQVQjmwvNm67bj+O6exTfqQttZmgebubYB953bBQkOAJ25kojfTdRzCX3tiZLaLQWp8ePqwAVCkaRybHfno1gM9gUptVtrO9nasoNQJIgsJ3D7ptOkxWJQFIUd7fvZ0bGfM1ffor2hi5cOf5V92x5HJcx7ehzefozvvPH3vPXRq0CSzDhz7W3a67amx6uLfWe4O3oHAJVK4uUjf8gzBz6dvp/qK5pore1k0jPKnaHryHKCU9dOcmj7saxzXfo+nyfMU8+U18/+GGdGu8mxInVtFnoE5bsGmXXn+yxzXF5MkZhLamSis6GXppo27o7cZmjiLs7RO3S37C4pTOWBJDgKLXjK5Mb6IeafIhHxI1WtXG0QDSbjELWbyPQwHo/jcrmYnJzEYDDQ09ODw7G6YQaRSASn08nk5CRGo7FsIpoHG01uzMzMMDAwgNVqpbu7G2mRHb1EJMDo6W/hd13HXF2HpYgJxGogEY3gnxjDPzWOSqXG1n0C69ZjCKrS5LZl3N/YiGdgIuQiHhjEYKthoRnmQkT8MyTiUQyVuwqWvZ+RNbEUBC5cdQJzE8cl5LmJhDxnUDm/M+bxhTh7eWBJAjxVoyAI7OluQSUqBGMJjBqRaCzB3p4WOpqq5/tQwnmpRBG71ZD1XmbfBEFgcmaWt87e4ncfXGN0Yn6H22TQ8cLRXXzu2f2QQ24U61mTz+djbMrLD149y+9PXU9/vrWtjpeO70YjqTi4sw1ZUfj77yUzwUx7/Hzzx+9x2znG80/tpndLfcG2c3ctO5qq+F/+8gUklZhlDpovjeRiiwJBEBAFgfbGKjqaqvncc/uZ9YexmvRZZdaDfFhqMXTfwGSC8fHC5QAiESIXrqF/4sCKNyUS/iCxi9eLP0ClgiIIDgBb93GmLvyIkHsavX3lc22N3oBaq8M7eBdry9KG54IgojNXEvQ6UQddSIb1VVhnLnxj8Sg3Bi+RMlre3rYv7yL6qT2f5LE5ssDtn+aDy2/wk3e+lfeeyXzPZqrgy0//N0iixMtHvkpjVVvWQl0QBAw6My8e/hKX+z9MKzSuDJwnHP1DdJrkGHhr6CqJRNKkuNpey8HuJ9IEZ+qc7OZKHt/xLHeGkr8V52gfM7NTVFiqirrfctWAV+5+yPuX3wDAZLBQYa1mbHo4Q82x9PiTeS2WIjhSfy+H4Mh86bUGOht7cY7eIRaPcX3wIj2te0oKU3ngCI4yubG5EPUMA6AtQcERCybdrjeLwejk5CTDw8MkEok1MxEdGRnB6XQiy3LZRHQRbKTfBiTNZJ1OJzabjZ6enkUXFeEpJ6OnXyEyO4GtqQ1jRdVqdHdJyPEEvskR/ONzMewdh7FuO45KZy5wZBllrA2inkuoJA26YtQbCoRmp1EbGpGMpWUIuJ8QDEV59e1LXLxxryjlRObkMiEr/J9ff7WodnRaNb1bGujuqMOg06CVkos2jVqVJBRWGbkTX4Art4f5+Po9Tn3cx9DodLqsRi2xvauRT5/Yy57uFmDhZHgliMYS/Oady7xz7iZ3BucXtp2ttfzFF5+ipsKaXmg8uqudeDzBP/7wbWY8fhRF4d3zt5EkidaGSoz6wirN3Il55jEpImIlk/dUeZUopr1FgHTI0VL1Xb3twmYxYDenjluYZrcQVCpVOn1uqj/3o6JDrKpA7u8vrnAsQuLaLUIXrmE4uHyvKjkQIvTBBeTBe0Ufo4giqprifIpMrY8kVRxjIyURHACWmnqm++8UJDhgLqOKf4aY99K6Ehy5BNvYzDDOsaRCwWGppLmmI102l0DUqpPG73WOJtrqtrLUTzczvWuVrZY/f/F/RiPp0sRkJjEhiiJ1jia2NHanCY6xaRfTs5M0VCbXCLPBeTPiCmsNFqN9wZimKApdTT1o1FqisQjBsJ9wNAAUnjfmkguhiJ9fvv893L5kuF9X03ZMOhOuycFFrykC9LmuE46E0Gp01Nob0llWpmcnefvjV5n0jJKQE9jNVfS27WFn+4Gs8UcQBMbdI5y88Cu8/mlkRabSWsO+rYfpqO9OjxmZChtFUWirnTe4vzF4iVgiiiSq0/17qBUcZXJj8yHiHgIE1PqVxy7GggFUWhNqU2ku1qUiGAzicrnW3ETU6XSm22hsbCybiObBRpMbk5OTDA4OYrfb6enpWXRS6b17jrHT30Elqanc0o3WtPYEg298hMDEGIlEHFPLfqxbj6E2r3+MbBllpBAPDBILujDaiyNqw/4pZDmG3rZ7jXu2uZBIyMz6Qwuk1auNeDwx1878ztx67vwHw1HePnuLN89cIxqbJ3Lqa+x86thunj7Ug0GXHb6RUnBk1rMcxOJx+ocmGBiaNwns7qjnz7/wJFtba7PUIaIo8vi+TsxGHd9/9Sw3+lwkZJm6Khsmg7b4EBWSKWflZacvSpUv/jwdVmOaeMjXP1lW+NkbF3jzzI1l9mUeBp2GloYK/uTTh6m0m+9rBYfY1YJ85lxxhWUFZXqa8K9+j6azBcluLb6hRILoPRfR37wJ0Ujh8nMQtBqkbcWnjbd1H2f8g3/GPzmKqWrlHnCiWoPOYsU9cAd7e+GMajpLJQG3C8nvRG1qXXG7y0XmQv7m4BV8gWRWouaaDhzmigWkaOZvtZgQ70ziQZZlRFFEI+kWjEmZ9QqCgD2DwFeQiSfmjUzN+vnfzWzAgz/kxay3LRh/Y4kY8lwIiU6jx6ArvM7IJTcEQeD1cz/lSv+H6XqePfhpxmZG+ODqwnTjKQRCPl55/W+5Nz5AjaOBzz35J7TWdXG57xyvn/spwxN3s8r/7txPefaRz/LpI19FpzEQiYV5//Ib/ObMvy4gUn577md84tHP8pkn/gRRmFeZpL6flrot6DR6QpEg98b7GZ9x0VDZWlZwlMmNzYmYZxi1oTQTxWgwgNa+sbt4KRNRSZLYsmXLqisqFEVhcHCwbCJaBDaa3JiYmODevXtUVFTQ3d29aLmpy79m6srraE0WHC3tiOrV9WbJRWB6Av/YKPFYBEN9L7atT6NxPDy732VsXkQ8l5DUWrTGwmF8iiwTmp1CMrai0q++WfNmhkGnZte2ZnZty3/fyoqCAMQTCRIJhYQsZ+xAJieJkkpEklSoCkziBSG5YFWAvnvjRKP5M7XkHJVua7kQRRGDTkNrQyUGnQa71UA0lkAUBaocFvZvb+UTT+ygrbFqgS9FMZlTFkPqOJNBx+P7Ojl7aQCzUcfhvZ289PRuKu3mBeqQ1IJm59ZG2puqePvcTYZG3bx8fE/RITKCIHDq4z5e+fkpwkWmaZVlhVg8gSAkFRqZGW+WgkqV7Ot/+ONnFlwnnUadzhITjsQIR7z5qigaHl+QcGTp7B73A6St7cQ12uJJh3iMxM07BH5+EtPLT6MqguRQ4glid4cJ/vi3KONjxXdOEFBMJqSO4tXB+toeDPW9+EZvYXBUI5bg72WuaWCy/wa21g6EAuOI1mgn4p8h6r28rgRHJsbmMjUCNFa1kMpskqsSyPRyKDbELV/ZfKFlKUTj878ntUqDVj0/v+xp3c27F18nFo8yOnWPU1ff5LmDn80yfE4SNpdIJJLEb1t9FxaDPd2fxZDru3F7+Aq/PffT9OeHdx6ntaaTQMi/JIEei0eZ9k4SiYYZnrhLn+sGb338G+6O3GI26CXl+ZRCOBril+9/D0VReHrfi/zorW9y7e7HzAY8C4ibYNjPL97/HnZTJcf3v7Tg8xpbPRXWaoYnnARCAUamhmiobF1wjYvFA0FwlMmNzYvojAudbeW+EYosEwsHMdo2JoOK1+tleHiYUChETU0Nra2tS5pIrgSpUIdwOExNTQ0NDQ1lE9FFsNHkxvj4OENDQ1RWVrJt27b8hRSZkQ++xezgBYwV1diaWkvv6BIIuafxjY8QC4fQV3dQ0XUUfc0ifSujjHVGzN9PIjyO0VFfVPmQbxJFkdHaH2zvjVwoioJKJfJHLz9WVPloLE4kGs9SB6hUIjqtGlEUkRUFaRGD0kyMTLj5u1dOcm90ek2VIxqNmvamKv6P//5ldBo1Lx7dTSQap725ih2dDVmmoDCvKiklNCXzOEVReHRXB3/wiQPs6m6mq6Um6/PMRUbm7qzJoE2nis2ss9gJt88fxusLLLvvy0GmkWsunjy4laGxGeIJGZUoLrB16RucwOtL+pzptOqsVMO5kFQqKu0mDPrlpDvdnBArbFBfC86Fcv1FEQoRe+MdZmfc6E8cRrdj66I+OXIwTOjUR0ROfkDi5p3lcYIaDWJ7M6J5eZuDtm3HGRm5hn98pDSfL0HAYK/E03cLe9fimzgp6CwV+KdHiPn6UJtLS1dbLDJ3/ye9Y+n3qu0NecM+co8rFqljE4lE1oI8dwwQBIFILMLI1HwYksNahc3kSJff0/ko21p2cqX/Q2LxGD9/79toJS1P7v5kui5f0MPZ6+8ACmpJwxO7nkOaMwbNPZfMtjNf0XiEX33wA7z+pKdRU007Lz72JUwGKyqx+GW/LMucv/kubt80iqzgsFTS27qHSDzC9TkSI9knmdfP/pgp7xgf3z6DoshU22vZ2rwDX2iWG85LBMNJQ994PMYbF37Bge4jWcSNoigY9RYaq9sYnnAiy3EmPaMPtwdHmdzYvIjOjpGIh9EYVr4LFw3N+W/Y19d/Ix6PMzw8zNTU1LqYiJpMJrZt27bqIS8PEjaa3BgbG2N4eJiqqiq2bt2at0x0dpzRU68Qmh7EUt+EuXrtdqDDPg/+sVEiAR9aWwNVu49ibHi4JP1lLMRmeyZGPZeQNHq0BlvBsnIiTtg3jcbciUr7cIRVZaoUcidzmbHmCVlmxuPH4wsxMuHBNZ7M8hGLxZHnwirUkor6ahuNtQ5qqyzYTAasZv2iE3NBEAhH4viCYVSqhYvffEgkZOKJeSJEqyluGikIAj5/mHhcBg1YzXr+7HNHgGSmliu3h5HnrkVTrYMKm2lVQiBySYzPP3dggSlnYo4kSqpeFkrbM/uRK0tfCl0t1Tz/1A5c44XTg8bjMtf6RvDMzs151BKH9nQUOCoJh9XE3t7s3X5FUWipr+Dffv7JRcmhwZEp/vkn7/PRNScA9dV2vvTCuLZ2WAAAIABJREFUI2xtXfy5JYgCAgt3se83CAY90sE9xJdDcMgyisdN/L0zBEYmiO7pRWptQGqoQaquQIlGiY9NERseI35nkPjHV1BGRljS6CEfdDqkg8sneDX2JixtjzJ79wyGimok7cqJKGNFNZN9N7G0daAqoD7V6G2oNR6inkvrQnBkjl+xeJQpT5LgUBRwmFc/lD1z7MzXl1R/bg9dod81HwK2s/0AOo0hfZxBa+JTh7/MwMgtAiEfHt8M33z1/8U1dY8ndj2LVqPno9unGRi5jUolcWTXM2kj0qVI3lyC452Lr/PRrdNAMmvKi499kVrHytZQo1PDGPVmju57nqN7X6ChshlZlrly9zz/9Ov/h0l38tpHYxFOXTlJpa2GJ3Y9x1N7Pkm1rY6EnODcjXf45qt/jT84C8DQuJN74wNpM9hMtNV2ce76u8hygnH38lOUZ+K+Jjg220SujGykDEbVhtL8N4B1DVHJNBFtbm6muXn123a5XDidTgCampqoqalZ9TYeJGw0uTE6OorL5aKmpobOzvxxqX7XFcZOfQclEaGivROdxb4aXV2AWDjE7MgQ4VkPaqODyr2fw9T26Jq0VUYZpSA6e5NEZBpTRXGTq7A/aYamti7fyO9+RS65kTl5T70m3T5OnrrBqY/78MwGiScSxBMysVg8syZAQK2WkFQqtBoVVQ4Lxw918/j+LvRadd6Y9NoqK8ce7U6SFkutwwTwBcLccY7Rfy/pYyGKAo/u3oLdYkQtFZbEGw0ajPqFPhECAj974wKXbw2j12k48VhvWslSXOaAZErZeDyBXputsMynykjVG4nG+cnvPqR/cAKtVmL/jjaOPZI0wctNR5u5Y1wMFEWhymHhKy8eKqq8ezbId35xmtffuwzAtvY6/uxzT1BhK37TI3cRNP+7yl++paEyK8uNyailrbFqaaJLUZBzrsH9aDQq6HVI+3qIv3MGlhM+AhCNIN+6RWTYRdRhR7RZEMwmlHgcxetH8XhQ3B4Ih5bfMUkN7a1od+TfRCkEa/cJfM6z+MZc2FtKS69trqrB03ebiu7tBcvqLA58U8PEvDdQWwurPkpF6n4MhH0E5tQBGrUGuznDA6MEU+Ji2s99nbn+FrF4MnxLLWnY3fnogj7saN/PHz37V/zwzW8wMztFPBHj16d+wLuXXsdssOINuNGoNezsOMDLR/4QgXlDznykYqrtVGjKyPQ9fnPmhyTk5LPhyK4THN5xYlmqs0wY9Wa++sy/46k9nwRlfkzZ1fEIT+3+JD9665/TZWsrGvjC0T/n0PZj6T6Lgsih3mP0u27y61M/AECW4/S7brCjff+CsUOr0ZF6EE3PjmeF7iwX9y3BUSY3Nj+i7uHkrpJu5R4csWAASW9FpV+GqdMKkWkiarfbaW1txWhcOTmTD7OzszidTmZnZ7Hb7TQ2NqItgWV/GLDR5IbL5WJ0dJTa2lq2bMm/OzFz800mLvwUjd6Arb0H9RoZw4a9btyDAwiSFvuO57F2HV2Tdsq4P7EWaZNLQcxzGbXWiEZfOEwxEY8Q9s2gsfSg0q6uWm6zI1ctkJqsygi8/vYlXn/vapY5JiTDCQx6LSoxWV6WFeKJBKFwhEAw+TuYmJ7lRr+Lt8/f4ssvPErvlvoF7em1ar76qeIW4bF4gjc+uMbXvnsSgEq7mT/59GGqK4oPQ022vTDUwxcIEwpHCYWjTHl8RdcHoFWr6dlSz8S0j4Ya2wKyJZfcSF3faCzOm2duMDqRlFq3NFQuOC5zgp2r6BAEIcvrJPPv5S6uMjOiJPsoYLcYiw4byl0ALLXrnCqfLxRWLamK7nuqjlJ9UjYCgkpEVVeN6ughEj/8+fJVFrIMvlkU3yyJZYhACsJkQvPcEwjLDE9JQaW3Yt32NJ4bv8dQWV1SBkOd1c70wG3ibUGkAvN4tc6CWmdKenGsA8GRQigaTKc81ai1RRlyZkIQlv/VJ4/L9ry4NXSF8zfeS3++tXkHnY09QLZqTkEhISdQqbKX37MBTzrkQxRV6DR6pIwymf4hi/VBURR+feoHjE0nlQ+N1W28+NiXEQVxxfdmfWUT+7oeA2V+HE2NG51NvahUUjr1ba2jgT1dj2aNB6myHQ3dWf13+6cXtKUoChpJm/4+/MFZEkoCkZWF7N+XBEeZ3Lg/EHEPI5WQPQUgFgyiqSiNhS4GqUXsWpqIOp1OXC4XWq2W9vb2VQ95eRCx0eTG8PAwY2Nj1NfX096e/3c4du6HeO68h97mwN7SjiCsjX+Kb2KU2ZEhtI4WKvd/EbV57dPNlvFgYT2fjVHvVRIxL4aq4mLBw77khEfzkHlv5OL6RJxaqxqHQcB5b5wf//YCE9NJY0iH1URHSxWP7Gino6Uam9mAJKnSxqPRWJxpT4Ab/aNcvHmP/sEJAqEIl27cQ5YV/te/fB6zUZdlplns7rsgCHlVGtIyFsSwkDQoFkuZAz66u53d3U3IsoIkqbLUKplt5lskFIt8x2jUKr7wyQPcG5lBkkR2bG3Maq/Ydgp5bhWqK1f1k/neUsiXijgUjmHUa5b13aRImJQx4v0C0ahHOrCDxKkP4d5Q4QPWGhoNQncnmhWqN1KwbTuB/+45fKMutFtKq8tc28DMnVtU79hTsKzO7MA3eY+o5zIa2/qo8GLxKLG5TCVqlRqNtHgmodVCrnIjHA3yi/e/myYoNGotJ/a/NLdYz06Rfan/HL8586/MzE5RZa9lR/t+bg9dwzU5iDKXOUWWE9wYvMRHt09zfN+nFrSZOX5mvs7eeIdTV04CCiqVxIkDL9NQ2bLktUjI8/dsvnteI+kwGaxZKpJUe0adCVEQSdWgVevRaQxZBtGp8zfqTFl9z8wukwlJJSGKIomETCQWQU4kUBWhDsxb14qO2kCUyY37BzG3C0MJmUDkRJxYJITJXoJZUgF4PB5cLhehUIja2lpaWlpW3UQ0lVI0ZSLa2Ni4KrHFDzpWk9xYybgwNDTE+Pg4DQ0NtLUtTNcWD/sYPfUtAqM3MVXXYS3F1KsAPENOAtMTGJv2UnXwSywnfWAZDwc217NRIeq5jFpnQq0tnBo5Hg0RCXjQWHcgSg+fD9Frt8IIgEUnUmtVo1UJSKLAydPX0+SGQa/lTz9/hCN7u5CkxXfk6qvt7NzaxAtHd/Hau1f4l5+8hwJcvT3E2UsDnDjcmxWCUQwyVSW5EDNCN4pd1Gd6YhTzLEypBPKVVRQFURAw6DRZ7+VTPixHpr2YuV1mqIpWI/H0oZ4FbWT6qhQiJorpT6G6MndxE7KC0zVVsE4A5/AUd4fmy45Nenn33E0622qL6ldNhQWzUXf/zmcEAam2Cvn5Y0S//RMEv3/j+iKKUFuD9oWjCLoSM66JKizbnmbm4s8IeWfQW1e+maYxGAlOTRDxzaI1L63UUmtNaPTmpBeHpQdhGYaWK0U8EUvfFyqVhEpc3mJ4uTxIpmoidc/9+vQP+OjWqXSZI7tOcGDbE1njoSAIOMfu8Mrrf4trchCL0cYXn/4LHu15ikDIx6X+c/zu/M+5M3QNgCnPON974x8w6swc6j26gODIJTfc/ml+fer7hKPJsKgD3Uc4suN4uu3F7tFQJLji+1dSqREzrnfupcwcrySVNLf5t7QiTS2tXrbB+4bgKGaxUyY3Ng+i7mFkOYamFP+NUNLZey0MRmOxGC6Xi6mpKYxGI729vdjtq+uZEA6HcTqdTE1NlU1El4mNJjfu3bvHxMQEjY2NtLa2Lvg8ONHP2OlvE/VPYW9ux+BYfWMrgEQ0gvveABG/D3vPM1i7n1mTdsp4sLHuxqLuy8jxACZHcWkOw75pRFGN1v7wmOQuGOOEuZAHQcCmVxGLJ7jjHE9/vL2zgUd3daBSCVkT51zJcgoGnYYn9nfyxgfXGB6bQVHgzuAEJw73pssUE/5Q7OR3OWEKmdLl+fcWb3+pPhSrPimOzMk2eFUVSLWZr85MdUwxhM9yrm8x5/Duh7f40Wvn8QeLS3/qnQ2m/56cnuX7vzlX1HFajZrH9nTwp59NGsXerySHqNOgObgLedpL4pe/XZlvRsmdEKGqCs3nP4nU1boqVVo6DhO4ewb/6EhJBAeAubYeT/9tanbvL1hWZ65gdsJJzHMJjWNfSe0Wg9SOPySVD7KydpmgckNCBEHg7PW3+c3pH6fLJDOWfGWB0iIcDfKvb/1TOsvKo71HOdR7DAEBs8HGkZ3P0tu6l1988F3evPArYvEYwbCfH775dZqq22iobMkiNFL1pl5vnP85fcPzBqfDE3d55bd/tyBk5+a9y2mlCMDvL/wc15QTgGcOfgatVHzI/FL+PivHyrOm5GLTExxlYuP+RMpgtJQQlWhgzjjItroEx8TEBC6Xq2wiukmx0eTG4OAgk5OTi/42vANnGD39HSSNjqrOHjQlxLguhYjfh2dwADkRo+rglzE27V2Tdsq4/7GpvDfkGFHPJTQGC5Km8PgfjwaJhmbR2vciqB78Z/li39VzXbr05DmFzHleIJT01tBpssebxSaDgiDg8YWIRON5Py/k0VBMG0vVu1zka6JYhUP++oQFZENB5Ei/V9ouMOeLsv6+FIl4gvEp76Lf+1JQgBlPcSoGURDS6WXvawgCosWI7pnDhEMREr89CdHo+rUvCmB3oP70c2gO7EQoQKotB9aeE0ycfgX/1DimypXPQVUaLcQShD3T6GxLq7IljQGN0ULEcxm1tXfNx3SVqE6rNmLxWDpcZbUJt1xyQxRFbg9f5QdvfoNQJJkMQa818pkn/phaR0MWeSwIAh/fOculvvMoioLN5ODpfS+mDURTigy7uZI/evbfY9Jb+Mnb/wLA2LSL96+8wReP/fkC35zUOCUrMgMjN7P665q8h2vyHrlQcgiguyN9DI4NoJE0NFW3s3vLI8VflDUY2mLxCMpcViu1pMlK371cbFqCo0xs3N+IuIdRqaSSzBajwSAaUyUq7eosINfDRNTr9eJ0OvH5fNjtdpqamtBoVk9y9aBjo8mNu3fvMj09TUtLC01NC0NOpi79iqmrv0VrtuJobkdc5XCmFIIzE7jvOdGYq6na/0W0jvXLIlTGg4WNSAsryxF0pvqiyod904gqHRrbg+u9sdS4lvn9ZJIOGrWKo492c/vuGLKicO2Oi2/86zs88/h2utvrMejzP1cURcHrC3Hx5j1ee/cKkzPJ1HxGg44nD3bdF0aQrjE37124g82sR1ph/PXW1tplExVTbj/nLg9gNulX1CbA1rblt7ua2NZRz0tP72Vsyrum7dgtRvZtb13TNtYNgoBos6B9/gkikkj8t28jzGXwW1OIIkJdHdJLJ9A8thdBs7rzCUP9Tgy1W/GPDWCsqC7pN2muqcfTP0DtvsJh5zpjJdHAABH3RXSVa5vhTavRpcMaYolommxYLWQSlpnkxsDoTb756l8zOpX0blGpJD775B9zqPdoXp+ha3cvpM04Oxq7aa7uyFK9pQkUQeTpvS9y7sa7DI0PAHDDeZFoLJI+zxTJkVZyAKYcI+9cImNxKMhyIqlYW2Z4z2pHSguCgC/oRVaSrh4GnRGVqFqRCSxsQoKj2AVOmdzY3Ii4h5D0K8+eAhAPBdBWb1uV/qRMRNVqNZ2dnauuqJBlGafTycjICFqtlo6OjlUPeXnQsdHkxsDAADMzM7S2ttLYmK0aUhJxRk+/wuzgRxgra7A1Fie9XwlmR4bwTYxirOvGsf+LqIrYBS+jjHxY7+ekkggR8VxGa7QiaQovEmMRP9GQD53j4LrEa68niiU1cpHp4fD0oR6u3Brm/Qu3ATj1cR/nr9yltbGK1oZKLCY9akmV9tSIxxNMzMziHJ5mbMpDNJacKKolFS88tYveLQ1Z9W8msiNz8XVrYJS/eeWNFdUjqVRUOUz81VeP09lSna67mDCVN89c5+1zN5cssxQ6mqv5b790lOa69TUQzzyvploHf/zpw+va9mb7La0IooCq0oHuhaOETQYSr78DkxOFj1spJAna21G/dBzN3h4E7dpshFm2Hmds7Gv4xlxY6lauhhZEEZVKRXBqAkNl9ZJlJY0OrclOxHsFjbUXUV3Yh2m5SP3ezHoLRp2ZKcaJxiJ4/DM0V3ck+5xH8VAsMo/NDAURRZH+kRt8/Zf/hcGxPiBJODx/6At84tHPLyAtkuOOzKRnNF231WjLGo8y7x9RFHFYqmiqbksTHFPeCYIRPzZ1Rd7zEASRI7uepbdtb9o0VCC/wOLCrff5+PaZ9P/3bj3E/q1H0Ki1bG/bu+H3scc/k+5Dta0eQRCXQdZkY1PNKMqqjQcEcoKYx4Wpum7FVSRiUeLRCOYS/TfcbjcjIyNpE9HW1lYkaXV/9pOTkzidTiKRCLW1tTQ0NNy38agbhY0mN/r7+3G73bS3t1Nfn73zHPGMMHr6FcIzw9gamjFWrW6GnRQUWWZmsJ+w141ly+M4dr28Ju2U8WBhM4WnRNwXUZQEOlNxnjRh3zQqtfmByZyyUlIjhVzyQaeR+NPPHaGproLfn7rG5MwskWicWwOj3BpITpiF1Ex2kXSHW1pqeO7Ido4+2pPlhL8aoSSFPCqKr5Rsk1AgGCrOQyIfYvE4gVDh+0IQBIz6+ZjzcCS/s3+xmJieJVFkWtd8UKnmF2PLVa6kvtuNmHs8EAQHgCgg2szoThwm6rARP/0R8uXrCKvpyyGKYLcjHtiNdGg32t7O5HtrBF1lG8bmffjuXcBYUZUMN1khTJU1eAedBQkOAJ2pkojfTdRzCV3V4ytuMx8yiQGtWofDUsXgWB+KojAzO5kul+tZkfl+ISzmdzE43sc3X/3rNLkhCCJP7H6Wzzzxh4hCjrIi1Y4gZJlxjk67iMWjSCr1ArPQVMhJODof/iWK2f2IxiPE4hEMWnP6/V0dB7OuzSJXjkQizsU759KkwY72gxzd83y6HrevOIPitcJMRvuV1vmN6JWML5uC4CirNh4sRD3DKIC6JIPR5ANFa1tZZor1MBENhUI4nU6mp6cxm820t7evesjLw4DNQm50dHRQV5dNyvmHLzH6wbdRlDgV7V3oLLbV6moWoqEgnsF+YuEQjt0vYek4sibtlPHwYL2fl5Hps0S9V9FbKlGpC0+iY2EfsXAAfeX67TavBUolNXKRmQFEFEWqHWa++qlHefJgF2cvDjAwPMm0x4/XF8IfCCOnF5cCkkrEbNRhsxqodphpa6ziiQNbsVsMC8iTlS5IDXot1RUWgqEoTbWr80xVqUR6Oxuoq7KRkEtbKIsCGA1a6qsKj9UatcTxx3rY0dlINE/K1OXCZtZjt6x8DlDlMGE0JH8z9dXFX9tccmM9SY4HRsGRgiAgmgxoH9uDqqmO+PYuEucuo9y8DfESCDBRQDEYUe3ZgXRgJ1JXK6rqlWcZXA5s3ScI3LuAb2wUW3NrSXVptHr8YyOYapcOQVRJanTmCsKzN1BbulFpV/dc50NARKpsNen3Jj1jC0iNfGmYBUEgFM0mrqLxKArKAmIjhcHxPv7p1/83A65b6c962nbz2PbjaNX6BRlOMo9vqm5PKyeco7e53H+efVsP580kNTQxwOBYf/r/tY5GjLpkCMrHd07z+rmf4PHNsKN9H198+i+QVOol78PMvthM2d+Dw1yRvnYbtTGbul7xRIwpzxiQ/M4qbTUljS0bSnCUiY0HE6GZpLFNKRlUosE5g9EVKDjWw0R0eHgYp9OJKIplE9EVYqOJDUVR6Ovrw+v15g1bmrnxeyY++jkagxFbc1dJfjJLIeydwT14F0HSUfP4v0VfszphWWXc/3jtVnjJ3/Zi99D6kxvniHguo7dUoLcU3t0DCM1OodLYUFt7ChfeZFhtUiMTmcaYMD/5a6yx0/RcMotBOBLD6w/i9YWIJ2RkWUEUBSRJRaXViMU0712RKZleTqaTfP1SFIUDO9qor7YRicaptBuxzZEnK61v7j98/rkDy66jUP352sr8Vy2JvHh0dTP3rHTBrygKzx3ZQXdHcuHYUGNHFAXkIgifB4pg2CQQ1BLq9kakhmriHc3Er/UhX7+DPDgM7pniK5IkqK5GaG9B6u1E3bMFqaEmycStE9SmSqxdT+G9/TaGyqqS5uZ6m4NZ13BBggNAb64g4ncT815GVX10xW0WQuZO/+j0UPrvzIX9jG+K8RlXVrjDpGcEIUP5Nhtw8/Ht0+jmwitVKolqWx12cyXXnB/xyut/l1ZuADy24zg72/cTi0X54Orv8/ZNQKDKXsvjO0/w7qXX8fhmCEWC/ODNb5CQE+zbejjL+2J6dpJfvP9dpr0T6Roe2/40kkqiz3WDf3ntbxifcQFJIsSgM/GZJ/4YWDw99mJKllxsxBiSGarjDXiY8iYzh2nVOqrt8xuO942Co0xsPNiIuodRSeqSpHCxYACtpQZRXfxvIBAIMDw8jM/nw+Fw0NraisFQmg9ILjJNRCsqKmhoaCibiK4AG01uJBIJ+vr68Pl8dHV1UV2dvSgbP/d93Hc+wGCvwN7SsVpdXQDfxAizI8NoHS1UHvgS6iKl/WU8+FjqHtlUYSnT54l4LqEzV6C3FEf0RkNe4tEQ+uqDa9y71cV6EUqZJEeufBlAq5GodliodlgWrSM10c2n3FjOZDH3OL1WzZbm6kU/X+55Zp7jamMxQif1fikO/YXaXc71SJUzGbT0bqnPer9MXmwsBK0G9bZ2VM31yLu2kRifIjE0RsI5BDNeCARQAgGEUDgZamIwoJgMCGYzYlUFQlsjYn01Ul0VqppKBPXG7Ctbu0/gv3sW39gIFe2dJdWlNVnxDd/D3Lj05qEgSugsFYS8fagtPah0q7sRmLo3trXsQqfRE46GGBy7gy/owaS3Zt0352+8x69OfQ+3bzr9Xsr0M4VTV05y5trbSa8NQcBksPJXn/lPzAbcfP2X/yVNLKTwweU3OHXl5Fw7+e/RSlsNf/b8/0RX43aeOfBpfvH+d4lEwwyND/C1n/1nelp3sa15J5JKzdiMi8v957Pa2bftMId6k+TQlHecyTmFAyTHeNdc2tlMAjsX+VQimxGDY314fEnysKGqhaaqNmDlxMu63mnLmZSVyY37F3Gvq6TwFIB4KIi2rriFZSKRYGRkhPHx8TUzEU0kEjidTkZHR9HpdGzZsgWbbW3CFR50bAZy486dO/j9frZu3UpVVVX6s3jQw+jpVwiM3cZcW4+ldnVTFGfCM3SXwPQkpua9VO7/Uv48iWU89MhVcRS6f9bz2Rmd+YiI5yI6swODtfgxN+ybRqWtQm3uWsPerQ42SiWTmT4wn+R5qQlrPvO6UhbKmZPnfO2ulNwA1tQ3Ih9BkHkea0UcFEtMZC5IFiN5yiTHJoAgIBr1iJ0tSJ1rZzC+lhAlLdbu48xc/hXhWU9J4bZaownf5EhBggOyvTj0tc+suM1M5N4TzdXtNNW0cWfoOhPuMYYm7tLdklRmpe6pCbcLt296AamRC3nOpDMBeP1ugqEAU56xLG+P7L4s7bkTjoaIz6Wu/dThLyMKIr/84HuEIkEi0RAX75zjcv+HiIKArCgkEsn2dRo9B7qP8KXjf4lOk9yotRrtGHRG/MHZdP2VOc/d3HEi35giqVTE4jJazfrNFQRBRBQE8gUCpsa+O8NX0xlUtjbvRKcxZBH1y8W6ERxl1cbDgUQsTMQ7hrkI+dqidUQjxGNRzPaGgmUnJiYYGRkhHo9TV1dHS0vLqpuITkxM4HQ6iUaj1NbWLsiwUUbx2GhyIx6Pc/v2bYLBIN3d3VRUzMcjBsfvMHb620QDMzha2tHb10ZNkYhFcQ8OEPHPYut5Blv36jz0y3hwkO8+2Wwm3NGZjwm7L6Az2zFYizfejQTcxKNhDLWrazy3mtgsoT+QTXSkUAwhkLuoL7UPhYiIlZIcG7Fw30yEQaFru5n6Wsb9DUvnk3MqDlfJfmJ6SwXewbtYW9qWLCcIAlpTBSHvIJrgMCrD6syfM4lbncbAtuad3Bm6TjwR49bQFXpa92SVr6tsprGqlVgiWnQbWrUOh7USXVhPQ3ULsVjSo2M5aKpux2pK+ulIKjUvH/lDGipbuXD7fW4MXmLSM04iEScBiKIKi9FKZ1MvB7c9ySM9T6JV69LnuqWxm6N7PsmbH71KOBqiq6mXx3ecWBB+txQqbNW01nUSDPupcTRSYc1WL+s0ehqqWjAZLEgqicbqVgSEvOdt0JmprWgkGotg0plprGpdtF2L0U5DVSvReASr0UF9RTY5lvzergJJxUlPy+6SyV0hFAqt+chZJjceHoQm+hh/7x9KMmQMe91M371D3VN/hbaiNW8Zj8fD6OgogUAAh8NBc3MzJpOphJ4vRK6JaFNT06qHvDxM2GhyIxqN0tfXRzAYpKenB4djPpWft/8Uo2e+h6TRYW/tKClGdSlE/LO4nQMocgLH/i9gatq7Ju2Ucf+ilPtkvZ6hUfdFwjPn0RrtGO3FZ8uSEzFmJ+4iaqow1L+whj1cPtbSV6OMMsooYzPAP/QRU+e+h62pDWNFVeEDlqpraoyq3fuKKusdu4OgrsJQ/3xJbaaQStmael3sO8tf//A/EovH6Gru5T/+4V+jkXTpsunMJMtYLAuCiE6jRxBEgmH/XO7V5S2ZBUGFTqMjeXB2/92+KYYm7zIb8CAKIka9mUprNXUVzYiCuGBxnzLi7B+5iT84S21FAw2VrWmSNPXKhTiX4jcVqpI6F1EQ0WkMC9oIR4PpetSSBrWkyao/s65QJICiyAiCiFrSoBKlrP4sXlab9h4RBIG+kRv852/9j4QiQWorGvjf/s3fYTM6kGWZRCKR97wKQbp48SJ6vR6DwZD+V6fT5XWdXSuUJw8PDmLeYQA0+pUTAWmDUdtCpjcYDDI6Oorb7cZgMLBt2zYqK1d/p31oaIjBwUFEUaS5uXmBR0MZy8NGkxuRSIS+vj4ikQjbt2/PCi+a+PjnzFz/PTqLDXtzO+IqK4BSCExP4Bmsq/f0AAAgAElEQVRyojVXU7H/i2gcq29+W8b9jfuD3LiUJDdMdoy2ZaQCVxQC7lHkhIy+4rG16+AyUCY1yiijjIcJpqa9+O+ewT/mKpngMNqr8PTfwdZR2NNDZ64k4B4h5r+L2rS06qMY5C7+u1t2saWxlxvOi/S7bnFj8BK7Oh5JlxUQ0GuWv3GVUlbptaVtemWqLFLhcTZTxYKsJqkysiJnKRhShI6kUrO1aUd22QwT6aXan/dRmj+XXOJAURS0an3We5n154bVpcJn8rWTG9qYWzYT52+8RygSRBBEDvUew26qKCmdOYBUWVlJMBhkamoqHfsDoNfr0el0GI1GdDoder0erXblppGLoTyJeLAQmRlCUmsR1Ss33owGg2hs9Qiq+YWmLMuMjIwwNjaGKIq0trauSaiIx+PB6XTi9/uprKykoaEBtVq96u08TNhociMUCtHf308sFqO3txer1QqAEo8ycvoVfPcuYqqqxdqwdoTD7MgQvolRDHXdVB74EqK6rAQqIxv3A7kR814hPHMOrdG2PHID8E8PEQv70VcfQ6V1FD5gjVAmNcooo4yHGdZtJxh/7x/xjbsw1xQOBV8MgkpF3BNATsQRVUtvDGmN9qQXh/fyqhAckL2Y1mn0HNn5DHdHbhGOhjh7/Z0sgmMloQ6ZvjjLCQNZrK+pfwtlNVnMOyjVp3xllyIDMj9fqs1CIYi52biWqitFgixmIp15Ddy+KT68+R4ANpODx3eeWECSrATSli1b0v8JhUIEAgGCwSCBQIBAIIDb7U5/rlKpMBgMabVH6rWU2mMzxbKWsfaIeUZQG0tbvMWDAQzN86kyc302mpubV510iMfjOJ1OxsbG0Ov1ZRPRVcJGkxvBYJC+vj5kWf7/2bvz7zju887371q7egfQ2EgC3DeAlEhtlCzJlmRbdmzH8ZI4cXInySR3MsczyTjOPTc3c+79A25y5pyZLM5kZu44iSfJZJnES2zHkbzImzZKlkhJpEQSJEHse6/VXV3VVd/7Q6MhAASxdDcoEPi+zsEh0V3VVQ0SQNenn+/zcOLECRKJ6tSBcnqE8ef/Aic9SrJnL7H29fcQ2Ajh+8wNXcPJpokfeoTU6U9synGkO9udEG64mddxZl/AjCaJtm6sx1J+Zmg+3HgcI755U4lWI1+LSJIkQbjzCNGeUxTGXiOS6kTT6389HU11kL16jdajazeMthIpCrOjePkrGPHGJrnULG4YfN+xh/nns//A0MRVXr/2MiMzg/TML+EQixp4bsTygKMRy5eCLP5zpe2WH3OlkGO9zYzXE2Csp3E1rN0Yenkws1K4UVu2oigKr1x+ntHpIVRV54G+R9nTvv+mqpF6LIncaoHFYr7vL4QdteBjebWHZVk3hR6bUe0hbW1+uYBbmCa5q/7KikrZwfcrmC09ZLNZxsbGsG2b1tZW9u7dSzweb+IZV01OTjI4OIjneezatYs9e+pPtKW3NSvcqPcCxLZtBgYGUBSFkydPLvRoyQ29wuTzfwlCkDp0DCuebMp5LueWimRuXMVzSrSd/jiJQ1u3qaIkrcbNXsCZfaFauVFvuNHxWNNe1K6XDDUkSZJulux7EnvkPIWJMZI9DU6Gccv4bhnNXP26zwwn0c00bvZ8U34XLF7uIYQgGW3j8dMf5i+e+jzp/CzfeunL/MqHfgtVVfF9v64L5c2ctLTRx29WFUm99zdr28XhRtae47uvfA0QtMbbeOz0h5pSvQHrmKKiaRqJRGLhnc8ax3FuCj7m5uaW7BeJRIg5BhXVwtcsKloYweaMA5PeeW6m2n9Dj9a/Vs0r2gBM2zA3d4VwOHzTKM9mKRaLDA4OMjc3RyKR4MiRI7KJaJNshXDj8uXL6LpOf38/0fn/k7nBlxh79ouYkRit+w6hb1IQW8rOkR68hmZG6Hr0XxHuOr72TtKOtNWrN7zsRZyZ5zAjiQ2HGwvLUjrejZG4PSNhZaghSZK0OjPRTeLwo+QGfkSkvRPDCq+90y1YLW3krl+n9djar3PCiTbyMyO4mTcwW07Wfcya5RfD7zn1Qc6++X0URWFv56H5xqDrmzwl3X66pnNs710MTV7lffd9lEO7+5pSvQENjIm1LAvLspaMWaxVeyxe4hIXOSrlt4MPXwtRUSzGxqILVR+y2mN7cNPzDUat+gMOt2gDKhkvxP79ezdtJOvQ0BBDQ0NomiabiDbZOx1u5PN5BgYGME2Tvr6+hdDKHrvA2LNfxIonSR08AsrmNFIuTI6RHR/BSu0ndf+nMWKbM25WuvNt+XAj9yalmWcxIwlibRv7WVyYG8Et5Ql3PIqR2NyAT4YakiRJG5M8/n7swbPkJ0Zp23947R1WoQjwSjZGePXX/4aVwLRieLnXNyXgiIUTfOqJXyUZbWVXai8IOWp5q1n8bxG1EvzMY7/CkZ6T3HPkoaZVbwAo4jb8q69U7VEqlRbur1V71Ja31Ca5aJq22acmNdHUC3+ONz1AZ//ddT/GzJU3cZUYBz7025hm/Y1KbyWdTjM4OIht27S3t9PT04O+SVMzdqJ3OtzIZrNcvXoVy7Lo7+/HsqqP48zeYPg7f4SqqXQc6UPZpJ8tmaHr2HPTxPbeR/sDP78px5C2h60fblyiNP2DOsONUdxiFqv9YczkiU05PxlqSJIkNSZ76buk3/gn2g8dI9Tgcl3HztF6rG/N7Splm9z0Day2M5itpxo6JrzdsHLxSNLFyzlqTS/r6cEhNd/iEb+Lm40u/re61cjbjbgtV3a3qvZYXOlRLBaZm5ujUqnctN/ixqay2mPrcudGMKOxhh7DKxVpOXxP08ON5U1Ejxw5sjBNQ2qOrRBuDAwMEIlE6O/vX/hZUbHTjP3oz1AIaDtwbFPCDd8tM3fjGq6dp6X/A7T0faDpx5C2jy0fbuQvz4cb8Q2HG3a6Fm68q+nhhgw1JEmSmid57L0Urr9AbmKMjgYDDk0zcfNZzDUeRw9FMcJx3Mx5zGQ/qI0NDaiFGYvHl640rlTaGpaPml0ecDTr3+sde+ta0zTi8fhNTSNr1R6Lw49MJrNwv67rC2Nra6GHZVnyXfh3mF/KUilliLbWP2rTKxUJAh8r1dxxnTMzMwwMDFCpVNi9eze7d29sHbm0tnc63Ein01y9epV4PE5fX99CQCZ8j9EffQHPnqP9yPFN6bnh5LNkblxHBD7tZ36BWO+9TT+GtH1s+XCjMEBp6vsY4Tixtt4N7WunRynbWazUQ5jJxsuPa2SwIUmStDmSx9/PzI//jlJ6lnBrau0dbsGwLOyxMcxjawcl4UQ7ucnrlNPnCaXur/uYNSuNQl18oSwDjq1lpZCjdvsdH3DcykrVHkEQ3LTEJZ1OMz09vbBNKBRaCD1qS1xq5enS5itnhgEwIw00GC0VAbDamhNw5PN5hoaGSKfTxGIx9u7dK5uIboKtEm4kEgn6+/uXhJ1jP/oCpZlBUgePYEYaqy5aiT07RWZ4EDPeSfsDP4/ZurELQknaSrzCVUqTz2BYMeKpjYYbY5TtLOHUgxgtdzV8LjLUkCRJ2nyx/WfIX3+R3MRYQwEHQCgUwcnMYLWs3ntMN8KEoknc7GuYLSdQtPqbnNbISo07y2aHT1su4FiJqqq3rPZYvsxlcbWHpmlYlkU0Gl1S9SF7ezSfO1dtMGo0ECB4RRtNtwi1NFZh4XkeQ0NDjI+Po+u6bCK6Sd7pYANgdnaW69evk0wm6e/vX/K9PfH8X5IfeYOW3gNYidZmnOoSubFh8lPjRHb3037fp1FNGZ5Jq9vK1Rte4Rqlye9iWjFiG6yiszNjlO0MVtsZjJb6ezDJUEOSJOn2a+l7P5PPfoH81Djxzl11P46i65Qmp9cMOACsWDtlO0s5fQ6r/V11H1OSVnJHBBy3UqvSaGtrW7itVu2xOPhIp9N4nrewzeJqj1pjU1nt0Rg3M4xhhVHU+sMjr2QTSjU2NWV0dJShoSF836erq4vdu3fLQGsTbIVwY2ZmhsHBQVpbW+nv718yBmzq1a+QufYCiV09RFPNHTEc+BXSN67j5NIkDj9K26mPN/Xxpe1pK4cbFfs6pcnvoIeixFK9bGSau52ZoFzIYLXdX1fDOBlqSJIkvbPC3X1Edp/AnnyLaKoDVav/8tCKJrCnJoh2dq+6nWaECMVaKWffwEj0o5myL57UPHd0wLGSW1V7lMvlVXt7qKq6pKdHNBolHA7Li+N1KqdHsRpqMCpwizate+tbnjIzM8Pw8DC2bdPS0sLu3bvlcpRNshXCjampKYaGhmhra6O/v3/JfXNvfpu5i98m1tFNvKu5/VbcUpHMjat4TonWUx8jefjdTX18aXva2uHGIMWJb2MshBvrTzeq4cYcVtt9mK33rHs/GWpIkiRtLS19TzI2doH8xBjJPY0tFa9ksrBGwAEQjrdTLqRxM+cJd76noWNK0mL60NAQ0Wh0YRnHdhUKhQiFQjdVe6y0xGV5tUetp8fiEbZSlRCC6ZEB/HIBvaP+tXtesYgQYsMNRguFAkNDQ8zNzREOhzl8+DAtLS11n4d0a1sh2ACYnJxkeHiYVCpFX9/SkWTZay8y9cpXiLS2N/wLerlSZo7M0DVUI0rXo/+KcNfxpj6+tD1t7XDjBsWJb6GHIsTae1EUdd37FrPVcCPUcg9m69qNdWWoIUmStHWZLT3EDzxE/voLRFKdGA1c65iRGPb4KNFde1bdTtUMrHg7Tv4SZrIfLbT20hZJWg99aGjo7U90nUgkshB4RKPRbd2zQlVVYrEYsdjSyoOVqj3S6fTC/bXeHrXlLbXGptv167QS27aZnZ1lbm4ONXuVBDTUxNEt2cD6G4xWKhWGhoYYGxtD0zR6e3vp6uqq+/jS6rZKuDExMcHIyAgdHR0cO3ZsyX322AXGn/8LQvEkrfsONnSc5QqTo2THRwml9tN+/6cxYvKXsLS2Zn3fbAa/OExx4mmMUIRYau+Gwo1SbhInP0eo5fSaHfBX+hrIUEOSJGnrael7ksLgWQqTo7TuO9TQY1UKxXVtF46nKBfmqlUcXe9r6JiSVKNPx/rRAwfNdzjS4lMsFpmamsL3/YWNwuHwksBjJ1Z7CCFumuSSzWaZmZlZst/iJS61EGQ7EELgOA75fJ7Z2Vls20ZRFDo7O7EYpDirYIYbaTBaRA/FMONrNwMdGxtjaGiISqVCV1cXu3btkmOCN8lWCTYAxsfHGR0dpbOzk6NHjy65z5m9wdgP/xTDitC273DDx1osM3wde3aa6N776Hjg55v62JJ0K5sZAvjFUYrjT6ObYWKpHhR1Y+FGKTdLqOVuQqkHVtxGhhqSJEl3Hi2cJHn8vWTe/DbR9k7MaHztnW7BDEcojAwT61l9IpeiaoQT7RSz1zATJ9DCay9tkaS16CgqFS1CRYvwRi1si4AWuGhBmf62CqVSCdu2l1zM77RqD0VRblntsdokF1VVsSxrob9H7c+tfEFeKpUolUo4jrPk7zXxeJxDhw7R0dGBrusMD/0TRjiyobXby3nFwprVG7OzswwPD1MoFGSfjdtgK4UbY2NjjI2N0d3dzeHDSwMMrzDH6A//FEURtB04gqo362eQYObKW5TtPK39HyTZ92STHlfaCbbq0hS/NEZx4mk0M0S8vRdFXf/volJuilJuFjN5klDqwSX3ySUokiRJd76Wvg9QuH6W3Pgo7YcbW4oryu66trPiKZzCHG72PGEZcEhNcMtXNr5q4qsm53IArdUtYwHv6RUUi8WFC19Z7VGt9mhtfXsMZa3aY3HwkcvllgREpmkuCTxqE2EURVkyDWIzrRRilEqlJduEw2FisRgdHR0LS3Gi0eiSbcqzI4SS9ae8iAC3VCR+cOWAw7ZthoaGmJ2dJRwOc+jQoSVfb6n5tlK4MTo6yvj4OLt27eLQoaUlk8L3GHv2C/ilNKnDx9FDoYaPVzM3OEDZztN+5heI9a7dY0CSarZuuDFOaeJpNF0nltpouDFNKTeDmTy5ZKSfDDYkSZK2EUUl2fd+Zl/9Ek5mDqulbe19bkEPWRSGbhDbu2+tg2LF2ylmhjCKQ+iR5vZQk3Ye/UPHrPW/GFNUfjACEJ//gA/dY+G67kLocW2iQMHNo8lqj5uqPVzXvWmZy/j4+Ir7q6q68Gft78tvVxQFTdOWfH6rfTRNWxJiOI6DEGLhmLWwpb29fSHIiEQia4Yt5cw4Fa9EPFJ/4uoWq6VDyxuM+r7P0NAQo6OjqKpKT08P3d0y2d1MWynYABgeHmZycpLdu3dz8ODNfTXGnv0zSjM3SB082lAPmOUyw9cpZdK0nf6YDDekDdmy4YYzSWniaRRVJZrq3dAYwFJuhlJuGjNxQoYbkiRJ21z84MPkr79AbmK0oYADQAnE2hsBVqxtoReHDDikRumw8ouR9b5Ie3s7q/oRqb6zrhCgB2U030H3S5SKZYrF6SUX9Dut2sM0TUzTvKnaoxZ2uK5LEAQIIQiCYMnH8tt830cIQblcXnGbW1keZNT+DeqtGnHS1Sa1RiS6xpa35hYL1XNLVRNeIQTj4+MMDw/jeR6dnZ3s3r17Sy/r2Q62WrgxNDTE1NQUPT097N+//6b75y59j/zw6yR79mElmjc5Jzs+jD07TWv/B0gckmNgpfXb0uHG+FOomkIstRdVN9a9r1OYoZSbwkz0Y3U8DMhgQ5Ikabtr6XuSqee/SGF6klhH/U38Vd0gPzhIfIXXcctZ8RR2epyKfR09eqDuY0rSLa8Yl79Q2egLN4GKp4bx1DAY1Qv6dx2zKJfLC0siisUihUJhx/f2qD3PZlop9AiFQqgbaCa3HuXZIVRVxbAabDAaTuIEBlPXrjE1NUWlUiGZTLJ79+6mf22kmzUj3Gjmxc2NGzeYnp6mt7eXfftuLm1081PMXfgW0c49xLp6QQQQVBo+bmFqnMLkOIlDj5Ds+0DDjyftHFt1YkpQnqY0/jSKKohuNNzIz1DMTmHGj2N1PLLqc5ThhiRJ0vYR2X0Xke5jFCauEU11bKgZ9XK6buB7ZTRj9WXEoWgr5UKacvqcDDikhqz7LfFGA4+aWs+Klpa333ENgmAh9KgFHzu9t0ejastUNpuTHsYINxZAeEUbN9TJuXPnAEilUqRSKRKJRDNOUVrFVqvaQAQM3rjBzMwse/fuZe/e5WWKAhH4pN/6LmainUTvQdB1lMBD+A7C91BYXznkcsW5GbJjw0R776Ht9Ccafy6StE6bFQ4E5RmK40+hqAGx9l403Vz3vk5hdj7cOIbV+W5ZtSFJkrTDJI49ycTE58lPjpLYtfo0lLUUR8aIH1g7tLASKQqzo3i5SxiJYw0dU9q56q75b1bgAdWL8ZWqGGoTShzHkdUeW5QzM0wklap7f+H7eOUSfqKN3t5eUqmUXIpym2y1qg3hO0xOTFDIZTh4YD+79/QsvT/wQfjkR85TcfIk9p3AiMSBAOE5KIqKUJzqdoG3oWM7uQzpoWtEuo/RceZ/a9pzknaGrbg0xXdncSaeRlEqRFN70fT1N+B1CrMUM5OY8SM8kz4DaTn2VZIkaaex2vcT23c/+RsvE011opn1N3LXDRPPLmBEV++XZoaTGKEMbua8DDikujXtSrL2YqeZZbq1ao/FatUei4MPWe3xznDmhggCr6EKDrdkA9Bz9F7CXfWv8ZPWb8tVbQC4ObKZNIHnsH/vHlLt7SB8QKk2wxUBIqhQcbKUpgaIdO7HSnQgFAPwQdERCBACRVNQhCBws+s7tJ1n7voAodZeOh765eY9J2lH2IrhRuCmq8tShFut3FijLHixcmGOYmYSI3aIZ9IPrbiNDDckSZJ2huTxJynceJn8xBgtextbNlKemsY4sHZDeCvRRn56GDf7BmbyZEPHlHamO+6t8tWqPRYvc7FtW1Z7bDJnbhhotMFoNeAItTZW+iatrZnhY3PDjQx2IYuhCTrbk4QsC79SRgn8hea31aqMCsWpK5jJLkLJDoRaLbdXFB20ADQHRWsBVAgqqFqIoDS16qE9x2Hu+lWMaBud7/qXKNr6S/glaSuGG76boTTxFAiHaHsvmrH+45TtNHZmAiN2kO9lHr7pfhlsSJIk7SxGLEXy2BNkLz1DONVBaI0KjNVohombzWAmV28Mb4TiGFYMN30eM3kCqG8QgrRzNTXgeCebrK3W26M2wrZUKslqjyZyZofQNB2jga+XV7Qxom2ooeaN+JSW2rLBBoCXo1jIEtJVNFVB1UD4LkIEqKqGUFSECEAEuPYsqmFixNtQVIOxKy8zNfgG/e/+FIZpohgxUFRArQYifhFVUfCLUyv25Qg8j/TgFYSikXrwF9HCyeY+N2lb24pNRX03Ww03/CKx9r3oRnjd+5btNHZ6HCN6gO9lHrnpfhluSJIk7UzJ409SuP4ihclRQgcbWzbiptcOOKA6USU/faMacrSebuiY0s5zx1VwbMStqj1c110IPWRvj/o5c0Po4fqnp0B1gkqo82iTzkhabiuHG8LNUyykMTUFRbhce/UZug+eJtq6CyWo4Kvz32+i2lhUIcCItDI3fpUrL36Vq2e/h2oYpHqP0Xv8QQQmKBqKYoBaQdFUAkVBBURxGlg0PlnA7OAAnlOi692fIdSyp6nPTdreGv2+2oywIPDyOJNPg28Ta+9FNzcQbhQz8+HGfr6XffSm+2W4IUmStHOpukny+PuYe+1rONk0VrK17sfSdANnZgarvX3V7YxQFDOSwM28hpHsQ1Hr7/8h7TzbOuC4FdM0MU1zSbWH7/sLPT1qwcfk5CRB8PZFkaz2eJsIfMpzw0Q7d9X9GEHFo+I6xFt61t5Y2pCtHGwA+K6Nk5/F0FV0VfDKU3/O5ee/SUt3Dyce/zRd++/GjCRQUBBBBbdcpJAeZ+ClbzL8xvMUZucAMFSF/MwoQiigmJTys0xcO8euI/djRRKoOggBgeUjyrPVT4C5wSu4dp6Oh36RcOfhpj8/SbqVTQk3KgVKE08ReLlq5Ya5/uC5XMxgz41hxvbzTObdN90vww1JkiQpceQxCtdfJD8x2lDAARAUiyBYc+WJFUuRK17HTZ8nlDrT0DGlnWVHBhwr0TStaZNcotHobRnR+k5xXZfs6FsIwGyk/8Z8g1FT9t9ommaXzW9KuOGVyc5NYhkqhq5y/ZV/5q0ffR2vVGZy4DJzw79LuKWFlq5eIvE28nOT5OcmcPI53OLbzy/R1cmRB36CIw/+JCIIcJ08P/7GnzB84cd0HerjkU//P4QsC0VzUTQDtDCiUiQ3NkwpmyZ1708T3XOq6c9P2t62Wt+NoFKcDzeyxNp7MULrDzfcUhZ7bgwj2ivDDUmSJGlVyf4nmX7xr7Bnp4imOut+HEXVcKYnsTpXHy6gm2HMaAtu9jWM5AlUvf5rDmlnkQHHGnbyJJfaUp7lH5VKhXD+MlEaDDiKRQBCrbKCo1F3QrAB1f9TYyODWDok40kUJSDesZdYWwfp0REAvLKLNzlFbvLmBqGqpmJYIfbf+x6Ov+vjtHYdQAhBuZTj5W/8CVdffhYjZOIWC9XeHVCt7qD6ZoFjF8hPjZM49AjxA+/alOcobV9bLdwgcKrhhpsm1r4XI7T+n8euk6MwO4oR6eH72cduul+GG5IkSdJi0Z57yF97gfz4MNFUB400/wyc8rq2s2IpXDuDmz6P1XFz82tJWokMOOqw2iSXxQ1N75TeHqsFGTW6rhMOh2lra8OyLPyrF6noZkMzsT3bxox3om6gEZ601GY0OtysC5tyuczVqwMQVNh9cC+mqRJUynTuPcl9H/k1fvg/f49yoRp6oShomkrgB2imgaqqtO7ay+5j97Gn/12kdh1BUQJA4JaLnPvWnzHw4vfRTYN4RxdnPvk5wpE4wncQgYcIPBQE+dEbGNEUrXd9dFOeo7R9bbVwQ/gOxfF/JnBn5ys31h9ulEs57NkRjMhuvp97DLHsRaoMNyRJkqSVtBx/kokf/hfyE2PEu+vvX6aoGqXJccJdqy91140QVrwVJ3cBM9mPaq7doFSSZMDRRLVqj9bWt9emrTTJZXlvD8uyMAwDRVFQVXXho/b5rW7f6H2+7y+EMLcKMgzDwLIsUqkUoVCIcDhMOBxG15f+Vxk7P4kRabTBqI21W863rtedFG44jsPAwACu63Ki/zixqDU/LUUghGDP0TOkeg4w9tYFADr2HeDA6SeItnSiWxG8ks2uow8QsqLzU1UqCBSCoMIb3/ufXPrhU2i6TqS1lQc/8VlSuw4jhIcQAYrwEWgUZqaolD06HvwUiiZ/9Enrt9UmpoigTHHiKfzy9HzlxvqnUHlONdzQw7v4Qe4xBEuXU8pwQ5IkSboVq/Mw0Z7T5EfPE2nrQDPNuh+rnM2tGXAAhKIdOPk0buY8VufNFYeStJx8lb/JVqv2qAUejuNQqVQQQlCpVBbCjyAIFj7EfHPExctgGmEYxpKKjFsFGSvxPQc3N0m8e3fdx/fdMn7FlctT6nAnBRsApVKJgYEBfN/n5MmTJBIJCCoEgBr4+IGHohl0Hzy9EHC07+/j0P0fwgyF8SoeXimPYYYRgQciAFUDNC7+4K+58N0vo6gqViLGgx//DTr3naSYnyOSaEUIgaJHCFyHStkncfgRrO7+TXuu0vaz1SamCN+thhvOFPGO3g2FG66TozAzgh7u5kf5xwmWvQR434Ht2ztKkiRJao5k3/uxR86RnxqjpWd/3Y+jqhqF8RFiu1a/FtB0nXCinVLucrWKI9RR9zGlneG2BRzyXaGlatUeiye5rFct8Kh9+L5/y89r2wZBgKZpC8HGeoKMW3HT1V4JZmT9L6xveoxSdSmC2SIbjK7XZr2LvJnfm8VikStXrgBw4sQJ4vF49Q5VQxFa9U9FRQCJjl7U+WUpgVvGtCIoqkph6gaXnv8KnftPcuieDyKEh6IYvPnclzj31F+DohCKRnjgp/4Ne44+SMlOM3X9PJ5b4vD9PwFYoIQIpfYS2//QfNa958IAACAASURBVEWHQFHk2GdpczX9e0tUKE0+je9MEmvvwQjF172r5+QpzIygWV08m38P/rJf//e15shkWDGQlyRJkqQaM9FN4vCj5AZ+RCTViRmur6LbsMLMXR1YM+CAai+OciFNOX2ecPf76zqetHPICo470PIJLYZh3Nbje9n5gKPOH2gAXrEAyAaj63EnBhsAtm1z5coVNE2jr6+PWGxRICaW/lVRFPxKmcCfX7qlKpTyGXzf4eyX/4CJgUtcf+UHeOUS++56jOGLz3Hum19EBD5mNMK9H/4V9t/1GCU7y9ils7z45f9cPYf0JHc98S9Qw0nCkQ4UBQhcFNVEUZSbyvMlabEt1XdD+BTHn6JSGifW3oNpJda9q+vkKcwMo1kdPFd4DxWW9k66rzW38HfP85p2ypIkSdL2lOx7EnvwJfITo6QOHKn7cQLPozAxSmyNfh6KqmHF2ylmr2OWxtHCay9tkXaupgUcW22NsrR5ynPD6EYI1ah/3Z1bLGImd1XHd0or2szvqc0ON/L5PAMDAxiGQX9/P5Hl/VoUQAgIAhSqFUZOIQuKUr1dQBBUKGanmRu7AYBbdHj5q/+diYFzTFw+j1t2CUXCnHr/L3Dk/g9TLhWYGnyNl7723xbGyZ5/+u/wykVOf/BXMUwLAhcQVFd8GSiqLkMOaUVbKtxAUJp4ikppjFhqzwbDDZvCzDCqmeL5wmNUWHpui8MNqDadzufzb1dbSZIkSdIymhkl2fd+5l7/BoHn1n1NYIQjpC+9uWbAAdUqDqcwi5s9T1gGHNIq5Ct7acPc9Ch6A+NhAbxiEattb5POaPu5k8ONXC7HlStXME2TEydO3BxuAIgAsfAhQAE7O8V88kCqt49YSydd+09z/0/9a6xo9TEqrsfgq8/j2EVC4TAn3vMJ+h75JGXHZnb0Eme/+sc4uQKKMj8aNgi48L2v8fI/fp6ynUb4FYTvogoX4bsEvgeiOX1tpO1ja4Ub4Ew8hVccrYYb4eS69/PKNvbsEHooxQvFx/FYOrHq3pbsivuVSiVs227onCVJkqTtzWzdB7y97Lyux4hGKefzlLLTa2+sQDjRjmcPU7Fv1H1MafuTS1SkDQlcG8+eIbyO9XK3Uik7BL6H0VL/eKnt6k4ONgCy2SwDAwNEIhH6+vqwrJWPKQKfwK+AqEAQUC7mGL9yDgArESPVc4QgqKAgOPrARzBDEZ77X7+/UJmhGwZH3vUBTjz+C3iuQ3bqBi9+5Y+wZ9NYsSgtu3rJz01iz6ZBCC49921cp8iZj32WcKKdwHdRVFFdKaMogAKKzHulrVeN6Ew8hWsPE2vbveFwozAzjGq08Lz9GB5Lg8Zq5cbS8bCqqi40ubZtG1VVCYflGG9JkiTpZkZLddiAV7SxEvWNb9XD1TdM86PDhJNrNw8NRdtwCmnc7Gvo0X11HVPa/mTAIW1IOT0MgNlABYdXqr4zGGqVDUZrNvuiarPDDSEEIyMjTE5OEovFONF/vNrIVvjzwcHbF1Ii8BFBNdwIggpC+ExefZXCbDW9T7R1kuzYW80dhI8QAVaiFcOycIsOqqZy+KH3cur9/5Ig8MjODHH2y39AdnwCM2Kx79TDnHj805SLec5+6Q+YvnEdgOuvPEfFczjzsc8ST/UgAgAVoWiour64LYi0Q221iSmlyW/h2UPVcCOy/hePFbeIPTuCaiR4sfg4Lkt/Xi9flgLVcMMwDCqVysK0rnw+j6qqhEKhm7aXJEmSdjbNsDATXbjF+iv+DCuMpmm4uRxOfgYr3r7mPlasDTs9jpe/ihE/VPexpe1LvmUpbYibHgXACNcfcLjFIqqqYe7wBqPfvOQsfGyWDx2zNj3cyGQyvPHGG0xOTtLT08Opk8dQRYXAcwgqZYTvIcR881AEIqhUP3wXggBEwI3Xv4/nlAHYf/oJdN2EoAKKSSEzzqv/9AXsdBYjHOLgfY9yz0/8axRFITc9wktf/TwzQzcwrBB7TzzAfR/+DLFkF6ldR3j4079D95HjC+c6/tbrXH/1OyAECgKFYD5I2dQvkbQDND/c+DZeYZDoBsMNzy1SmBlG0WOcLT5GmaXTru5vy9+0Ty3cUBRl4c+aXC5HuVyu/4lIkiRJ25bR0oNXrH+JCoAejhCUBU5+ZtHrxVsLRVvRzTBu9nxDx5W2LxlwSBtSTg9hmBZqA2NmvWJhfnmKsua229Fmhxo1t6NqY3h4mIGBAXRd5+TJk+zd04nvOQSeTeAVCbwSgV/tdyECH+H71aoM3yPwq0HH1I3XGX7jJQBa9/Sw/9QTCOGDalLKZ3jxS3/A5LUrGCGTXUdOcv9Hfx3DsMjNjvHKN/8/Jgcuo5sG3UdOcN9Hfx3DNPFKGQSCtu7DPPJz/57ek/egGwaRVBt7+s5Uz5/qFBUhQMjlKTveVuq7UZr8Dl7hOtHWXYQ2VLlRwp4ZAS3C2eJ7cFjajPS+1ly1580imqZhmuaSUGPx50IIstksxQZfwEqSJEnbT6h1D37FxXfduh/DCEep2IVqw/n8zLr2seJt+OVZ3NybdR9X2r7kEhVpQ9z0CGa08Qajsa67m3RGd47btbb/dvTayGQyDA8PUy6X6enpYf/+/dUwo1LC95xq9QXVsV6KCFD1UHVwCgoiCKpLVAIfEfhMXjtP4PsYIZMDpx8nmmwnCATlUp6z//iHjFw8jx4yad93iAc//psYoRj5zDjnn/4iIxfOoek6HfuP8ODHP4cViePmZyAI0KwkQVAh1raHR372d3jz2S/RdfAU7Xv6EIqGouqg6qBt/tdL2tq2XrhxrRpuRFvXvZ/vORRmh1FUi5ecx3BYGoystixluVolh+d5C4FIoVAd7b1i02BJkiRpRzJbqsvNvZKNZtY3ScWMRClMT6CqXZRyU4Sibaja6peoZjiJEcrgZV7DTPTVdVxp+5IBh7RufilLpZQl2lr/9BPPKREE/o5ZnnK7GxZudrgRBAEjIyNMTU0RjUY5cuQILS0t1YkkFWc+3PCqAQYs9NCoTUdB0aBWfjg/EnbPsQcxI0nysyMcfein5sONAj/+xp8w+OoL6KZB2+5eHvrkbxFJtJNPT3Dxmb9m8NXnUXWNVM9eHvzk54gm2/FKGbz8DJE99yDUEAoqKAqhWIp7PvhroCgIRUMoOooaAj0y32RUkt55pcln6go3Km6ZwuwQKCFedh6jxNJ9a5Ubi6s0NE1bMdyoUVUV0zTxPG+h8agMOSRJkqTFQq3VgQFeycZKrv/31mJ6uPo7JfDjoEziFGaIJLvX3M+Kt5GfGcbLvo6RvKuuY0vbkww4pHUrZ+YbjDZQweHNNyIyt/kElXdiEsPt6LWxvGoDQPgevmsTVKqVG8KvMHj+O4y89Tz3/+RvYMVaqV4eCdBMVEVBUVSE71JxsrR09tK2q9okKggCnGKO1777Ra688Ay6aRDv6OTMJ3+TRKoHOzvFW899mcsvfBdVU2np3sOZT36Olo5e/HIBLzOJluhGCbfOD0dRwAc0qv0+5gMORTNR9IhcmiJtmeoNZ+p7eIUBoi1dG6vcqJSx54YBg1ecxyjStuT+WuXG4nBD1/VqE+A1KIqCaZq4rrsk5BBCEG2wkk+SJEm68ymaiZnsbrjRqKpqePk5Yr0ncLIXCEXb0PTVK0IMK44ZjlNOn8dI9FffRJMkZMAhbYA7NwKAEa7/3TuvaKNqJmZyd7NOa0vZjsHG4qqNWCzG0aNHSSar4ypFUJkPN6rNRAkq3Hj9GV78yh/j2kW8cokzH/ss0ZZuAkBFIDQTVB178ir4ZSLtuxCKAMWgUinz5o/+nrd+8M9ouk64JcmDn/wsqV1HKOVnuXL2n3jz+18HINHVzZmP/1va9xwhqDg46XF8AZHOfhRVR1GqbURBQQlUUKoBh6JooIdluCFtoXDjB7j5K4STXYRiqXXv51dcCjPDCKFyzn0Cm6X7rrQsZb3hxmLLQw7brr6QlSGHJEmSZLb0UBpprOGnEYniZkYx7vog5ewFnPwM0da1rxWseIrc1CBu+jxm270NnYO0fTQl4HgnLuqk28/NDGNYYRS1/oTULdqYbdtreco7+f9/s8ONdDrNyMjITVUbUB33GsxXbgjfRfgeo5df4OWv/1dK2eqkhhvnzuKVf5cHP/45kp37CYRARaE0ewM3M0Y01YkQAcp8EHH1lad447tfQlUVQvEoD37839G1/xROIcP1V7/D69/5e4SAZFcn933k1+jafwoRlHFz05SzkySOPIGqGtRmpKDoCAXQVBQEoIBqyJRfakhTw43pH+LmLxFJdmHFNx5uBIHCOfdxCusINwzDQNPq+78vQw5JkiRpJWZrD4UbL+O7ZTSzvrHiRiRKcWYUVY8Rarmbcua1hWkpq9HNCGY4QTnzGkayH0X2VZOQU1SkDSinRzEjsbU3XIVXsrfN8pTbNQ1lJZs9/jUIAoaGhrh69SqGYXDXXXctCTcQAYFbeDvcCCpM3TjP2a98nsJsesljjb35Bs/97e8xO/pWteLDKeDlpzDjreiRBIqigqLhOjY3XvkuumlgxqKc+ehn6Dn2EOVilqELP+TVp/6KoOITb2/j9Ad+id7j74LApVLMUJoZxmo/iB7vqlZm1MrxFRVUA0U1UVQTVFOGGxJQfzDZ3HDjWdzcW0SSnRsKNwLfw54dRgSC8+5jFOhYcn+zw40a0zRR1bdfNti2LaerSJIk7XChluobl26p/t8HZiRCEPi46WHM1tOoqkG5MLuufcOJFEJ4lNPn6j6+tL3cloDjdkx1kDaXV5jFLxcwGmgu55ZshBCYrb1NPLPbqxZqbOeqjUwmwxtvvMHU1BQ9PT2cPn16YUkKAELgl6vhRjAfbsyNXuLFL/0h+ZkZRBDQsf8gnfsPLuwyee0KL/z9fyQ9foUgcDHiKazWrmo1BYAICIVj9D/+c1jxBPd+6FfYf+q9CBEwNzbAwNlvUim7RNtaOfnen+fAqfchApegYmNP3UAoKtG9Z6qBxjKKooCiIhRtxfulnWdrhBvP4eYuEk50YMXb172fX6mQnxnCr/icdx8jT9eS+2+1LKXRcKNmeVBSKBRkyCFJkrSD1QYHeMVC3Y9hhKvVgOXMCIoawkyeolzMUXHX7u2hGWFC0Rbc7OsElfrPQdo+ZA8OaV3czBAAZrT+Cg5vvqQ51LL1A46tuOzqdvfaOHbs2NJgY57v5hF+uRpu+B65mRuc/fIfkBkfI6j47L/nIe7/yX+LY6c5//SfM/zGqwBMD17jxX/4Tzz0s79Nom03inARvlOd7uA7BEKwt/9hug/fi2lGEKI6iSXVc5xoayeIgP2nn+DYmY8iAhdRKeLMjlJOT9J698fme2rIiSjS1udMP4+bu0A42UE43rH2DvMCv4I9N0RQqfCG9zg5lnaZXync0DRtwz03VlMbISuEkNNVJEmSJBRVx0zuwmsg7NZDFpqm42VGATBbT5FPX6SUmyXevvZSSCveTtnO4KbPY3U8Uvd5SNuDDDikdSmnR6od9cNRRJ2PUZ2RHeHbY3GguQFCPRf/WzHEuJXb2Wujt7eXffv2rbidX84jKuWFpqLF7CQv/MPvMzN0Hb9SYffxuzjzsX9HJNlFvG03D//s7/CC/h+5ce4sABNXL/PiP/wnHv7Z/4t4aycgqmFJ4FX/TlC9eArKCN9BUQ1CVpgHP/lbjFx8jiP3fwgRuOAX8fKzFCYHCe8+Mf/ugQw3pLW909UbzszzuLk3CCfaNxRuiKBCYXYY33O5UHmCDEubr60Ubqiquuoo2EbI6SqSJElSjdnSgzPa2BIRPRyhnK4GHCgqI0EfB5wf45XzGKH4qvtquokVb8PJXcRI9qGZbatuL21vMuCQ1sXLjGCEI3WHGwBusUjW2NW0c1rsTgorNmozww3f9xkZGWF6evqmCSk3bVvOV5elVMoQeDiFNGe/+odMX79ExfPoPnSUh376c0SSXShq9UdLON7OQ5/4P/C932XkQvUX3/jli7z45d/nXT/zfxJNtFabjPouIvAIggqqqlenneAjggAhAkJWlMP3fRAReOCXCNwChfGrqLpF/PDjyHBD2kzNCzdexM3OhxuJznXvJwKf/OwIFbfERf8J0mJ94YZprj5ir1ErNR5VFEVWckiSJO0w1UajL1Epl9FD9TUaNSNRCtOj1deFisqpI/cydfUyRm4Oo2P1gAPAirVTLqTxMufROp+o6xyk7UEuSJduaXG/CXtmFCNS/ztzIhB4JRsnvD3Hw26GzW4kmk6nuXjxItPT0/T29t7ca2ORas+NMsKvVm64pQI//sYfM/rWObyyS6p3L2c+8Zsk2vehaAaqHqLsBRRLLkakhTMf/yy7jvYtPN7IhXO89I+fp+w4KJpVHevqeyAqiMBDBBWCABCgCB/FLyL8EqJSQHg29uQgTmaC+JEnqj02JGkd6glCm/U9WJ59CTf72obDDURAYXaYSrnIRf9x0mLpFKqVwo3aMpLbwTCMJY1HC4XCwoQVSZIkaWew5vvreaX6f/4bkShCBHjpkYXbRvx+vLKNW8quub+q6VjxFG5+AN+ZrPs8pDufrODYYep5gW+WJ1EDBzNSf/WF61R/4JUi22OCyma7nVUbx44dI5FI3Hp7154PNsoIv4JfKfHKU/+VoddfxCuVSXR18uAnf5O2PcdQVB2BxsxcFtu2ScYjKIpGNNnBmU/8Js//3X9g6vpVAAZffYFY2//gvg99BqFaoPvgF0HRULQQqqIiEOB7COFDpYDwfdz8DPmxa0R67sVqP3jL85akxd7JcMOde5ly5hxWrG1jlRsioDAzjFcu8qb/GGmxtH/RO1W5sZiiKLKSQ5IkaYcz5ickeiWbcEt9y0MWNxo12/YCMCmOsltcRs/PYYZXfhNuMSueolxI42ZeI9z9ZF3nId35ZMCxDWz28gyrVF0P10gFh2dXm9A5lgw4VrNVem3UBF4R4ZfxKw74HkGlzPlv/TnXX/oeZbtENNXKQ5/4LJ377kZRdcpewGx6Gt8PSCRbiMXjlCcvoBomyfa9PPjTv8WP/vp3SY9W0/m3fvBPJNr3cvTBjyAUgVKbdqKaoOggfNAUhF9CQUW4GbI33kILRWk9+eFN/VpJUjO4cz/GSb9KKNZGpKV77R0WCAqzw3hlm7cq72aOvQv31IINIcSSCiZN025b5cZyK/XkANl4VJIkaSdQVI1Q6x7cBiap6KHQkkajNcPBCY65P6JczBCKtKx+HoqGFW+nmB3ELI6iyTdWdyQZcGwBW71/RLg0Wm1WZ9X/QtUrFqnoCSpmaxPPbHvZSlUbAKLiEFQcfM+BoELge1z4/t9w+flv4thFQvEoZ37q37Dn2EMIRaNQLJPN2UQjFrF4DE1VcbNDFCeuENt1EEVESe06xIMf/3V+8Ff/L8VMjorncem5f2TPsQeIJlMIYYJi4JbLjF95lq6Dp7DCcVQ1wFd8SnkbN5+h4+Ff3rSvlbT9vFPVG276VZz0K4SibUQ3Em4IquGGY3PJf5RZ9i/ctbhqwzAMKpXKwt+bNQq2XrXz8X0fkCGHJEnSTmK29FAc+nFDj6GHozjp4SW3zYgD9FtXKOdn1ww4oFbFMYebPU9YBhw7UsMBx1a/OG+mnfRcF7OKowtlY/XySjal8NYfD/tO2OxgY3p6mqmpKVzXXVfVBoDwXXyvtDAtBVHhrRe+zMUffplyoYgZtnjgo7/GvruewBcKuXwBu+TS1pIkHA5VAxGvjCjbWG270LQAUSmCAt2H7uHUB36Jl7/636r9O/YcQtVDCCFADRH4Huee/u9cf/WHdOw9wiM/938TCkeAEhXXI9H3BOHOY5v2NZOk5oQb53DmXiYUa91YuAHk54bxnAKX/EeYEQcWbl8ebmiahhACTdOW9MF4pyzu/SFDDkmSpJ3FbNlD/vqLjTUajUYoTI1B4IP6dmj/ut1Pv/YMZXuOUHTtJTBWoh07PYphD6JH99d1LtKda9tWcOzUMGIzhJ0JjPb2uvcXvo/nlCglZIq63GaFG8VikZmZGWZmZgiCgJaWFo4fP75m1QZUx1H6bnVpSlBxIahw9ZVv8sZ3/oZiNo+u69zz4V/iyAMfwfMFedsmQKerswNNBXwPhQCFCkasFSMSq459rRQRKKhoHHngwzj5OYQIOP7ITxMKR1AUFd8PePXpP+XSj55CURRKuTlK+RlC4X34rodqxkgceQ/IxqLSOm30d0FTwo3MazhzLxGKthBt2VjvovzsMF4pz2X/YWbE2z1mVgo3oBoqbIVwYzHDMBBCyOUqkiRJO0hoUaPRegOOaqNRKKdHCKXefkMuLXowIj04uQlC0VbWmp4XirbiFOYop8/LgGMH2hIBhwwjtq5QaRRFVDAb6L/hzndULsn+G0tsRriRyWSYmZkhk8kA0N3dTVdXF/H42uO1aoTvgqguSSGoMPLW85z/1l9STGdRVYVTH/w0fQ//NGXPp+h4mFaUSNhCIZgPN3yuvvI0hdkxDt3/E0QSKVShESgK+C74JRQ9wt3v+0WCwENRqhdqvi9445m/4s3vfQ0AIxTixBM/T2vXAXy3gGdnsLqOomib26dE2j7esXBj9sVquNG6salRhflw44r/ENPi0MLti8MN0zSXBBq6viV+jd9E9uSQJEnaWcyWHlRVwys20GjUervR6OKA40PHLPzSaeyxr+PkZ7Hia7/xasVT2HNjePkBjPjhus5HujNt6JVRvUGEDDDuXLUGo3oDS1S8YjXgKMsRsUDzg40gCBaqNYrFIqFQiH379tHV1bXmNAUR+CiKggAURQURzN+jgBCgKORnR1BUFT1kcvzdH+HEY7+AWwnwfIglWtF1HUUEBH4FhYCRt17g/Lf+B4WZGcavvspDn/wtku09KJoARUUEHvgOihpCARRFABqXnv8HXvv23wGgGQb3fvR/5+Cpx/ErZZzMFKoZI9R+tKlfO0mqaU648fp8uJGsK9xwS3kG/AeZEkcWbl9eubHVqjVWI0MOSZKkHURRMJK7cYtrj3S9lWqjUQMvM3LTfVp4F0bsIE5+kFC0FUVdve9UKNIyP1HlvAw4dhhdhg/SasLOGJqmY1j1v/h3i0U8swXfWHt5xHbXzHDDcRymp6eZmZnB930SiQRHjx6ls3N9YyhFpYQQAgGgqKDqoKgotQ/NACHof/RThONtOHaGIw98hIoAVJ1IJIqiGoCCCBwUBML3GLrwA7KTUyAE45cu8uzf/C5nPvmbpHYdmV9aokDgIVBQVANFMbj80jc4989/gQgCFEXlnp/4Fxx94CcJfJdydoqKUyB+9P1N+9pJ29/t/t3mZi/gzL6AGU0Sbd1YtVot3Ljqn2FSvB3i3WpZyp3ENE08z5M9OSRJknYAs2UPxaHxhh7DiERwF01SWfza2Wy5G7twDacwu66x61YiRWFmBDd7ETPZ39B5SXeOrVnbKm0ZVmkMPdzYC1GvaFMMH1p7w22smcFGLpdjenqadDoNQEdHB93d3SSTa88Hr/FdG+G7iKBSrdxQdVQtQNVMhKKCZqKKgAAIKoJ9d70XgECArunVZSKqiVB0FPxqcKFU31nue/RT5KZHGb90EYCp61d59m9+jwc/+Vm6958CVBAuAh1FNRl8/Rl+/PUvUHE9AO5+8lP0PfoziMClYs9Rzoxjth9F1eXSFGlzNPr96WYv4sw8hxmOE9touDE3Oh9uPMCEeLt57nYIN2pW6smhKArhcPgdPjNJkiSpmUKtPeSvv0Cl7KCH6vvdakQi5CfHEEHlpvu0UAdm/Cil3GXMSBvaGss0TSuBEYrhZV+TAccOcufUukq3n/AJl8YwGui/EVQ8Kq6DE9pYo73tphnvJs/MzPDmm29y+fJlCoUCPT093H///Rw7dmxD4UbgFasjYL0SgVfC94oEXglRKeNXyqCAqmmgGjiOS94uUSp7+EJBM0JouoWimdXqC1UFRUMoBm5uCrcwSyK1m0d+9t/Te/d9C8dMj47y7N/+B0YuvYiimaCEULUQo5fPcvar/wWvVAKg77GPcvKJX0SICr6bx54eJvBVIrvvbvjrJ+0cG/l+azTc8HJv4cw8Ww03UhubFFVIj+IWs1wL7mdCHF+4fXG4oev6HR1u1CzvHZLP5ynNf99LkiRJ24PZUg35a8vT62FEYgC46ZuXqVSPcQoApzCzrsezEm34Xh4381rd5yTdWWQFh3RLVrFaHmZGG2kwWgTg7qMHCXdtzjvwd8oyq9p5buSCyvO8hTGvlUqFWCzG4cOH6erqQqljkkhQKRFUHIJKmcB3Yb4HR+2dVVUIhKLgeh5z0xMI3yVsmYSsELpuEaAgVANF1RGKiqJoKEpAceQ8pclLRDp7USIRYi3tPPwzv82PQ3/MwEs/BCA/NcNz/+s/cuajn2HvXY8xNfg6L3z5j3By1Yu5Iw+9j3s++KuoagC+gzM7SmnmBp2P/NqGn6e0c93Onwde7hKl6R9i1BVujOHaWa4H9zIe9C3cvp0qN5Zb3pMjn88DyEoOSZKkbcJs7a02Gi0VCbem6nuM+crxcmaEDx3bf9P9qtmCmThBOXcBK9qKZqw+scUIxTDD8WovjkTf/PJqaTuTAYd0S2FnPuBoqMFodb11qK2nKee0kpUCg60ceqwn6CgUCkxPTzM7OwtAKpWiu7ub1tbWuo8rfJfAcwgqTrXRZ+AzduUsmm7SdeA01UpAUT327BxhUyURj2Ka1fJyISooemy+YkOrLm0B8jd+TOb814ju2othKgSejYIgHI1z5uOfQwtZXPrRtwAoprO88KXPMzV0gYmB89jzz2//6Ye498OfqV7M+SXKmUnywxeJH30CLRSr+zlL0moaqd7w8lcoTf8Aw4oR32C4YafHcO0Mg8E9jAUnFm7fzuFGjWEYeJ63JORQFAWrgT5PkiRJ0tZhtOzBK2bq3l8zQ2i6ydXBQe459OiK25itp/ByF3EKs+tq6m3FU+SmBnHT5wmliQ8ONgAAIABJREFU7q/73KQ7gww4pFs6bExQ0k00s75Z1lBtMGrGO1GN29tQ7k4IPVYKOubm5pieniafz6OqKrt376a7u7vhhnwi8Akq5WrfDb+CCCpcPvuPvPrNPycUjXP6A7/M/lPvpVzyKDtlWuJhIuEQKgEEFRQUECqi4qCEktXPgeL4G8y8/LeE4i3EUikUz0YIAVSbl+pmiAc++hvooQgXn/kaIghwCjYXv/d1UBRUVWFP3ynOfOyzmKEQwncISlky18+jx7uJ7ZW/hKT1u11LU7z8AKWp79W1LMXOjFO2MwwFpxgNTi7cvtoo2O1EUZSbQo7cfBWXDDkkSZLufGZLD8Ubo2tvuAojEqGbyVver+pRzJa7KWfOE4q2opurVwLqZgQzksTNvobZcrLaS07atmTAId3yhf7Yt0YwGrywrhSLhLq3RlOf5c9zqwQe37owQ39Lmbm5OcrlMuFwmAMHDtDd3d28d3CDCgifIKggAh87Pc61l56ilM1TyuZ5/u//EK9sc/j+jxCLWKiqhkKA6+QpzI3TtutINehQFXBz/P/svVl0HFl63/m7N5bcAGRiIwiAIAluxaWKrKWrWUt3V1e1utXaulVaum3JI43loyPPWLI0fpDnZebM8byMn8aS5dHYZ3wky9LImpElHUmjVvVW3dV7dS1ksbiD4AKAWIjElltkLPfOQ2QmARA7QBIg7++cPAQjMyMjE4nMiF983//DbcGbvMHk9/8YN52hvf8Q6AAVEU9TQaG0RjoaKRM899lfw3XTnP3yn6Gi+KBGALsOPsFHf/q3SKSb0cpDB2XmRi4TFPJ0nP7HW/PcDYYtJCwOUpl4EyfZtDG5UZzmljrJkLqbK1OXG/WD/0dVbtRZTnIIIUgkNi7UDQaDwfDwSbT2UhiMCDxvw1MYnXSawthtdBTEU/2WwG19mmDuIl4xT9MaKsWTze345Vmq0++T7HhxQ9tl2BkYwfGYsdazlir08OfGad69etnXckS+TxhUaW69f+0pm+HHnkg+FMlh6QAnKOBGJZyoiNQRoxVobW2lv7+fjo6OrX/Q2njWeGKKJNnURu/xF5i4eQ0VRlSLJX74V/+ewCtz/ONfABRBtcy7f/17jA6e48lXv8iRj34ubm1BEBXGuPOD/4y0bdr2H4rDRgF0CEqAskH5aOUipI2QNl0HT9LU8TXmxicA6NzXzws/81s05Toh8tBhGS8/xNzN87Q/+7PY6dzWvw6GR5YHUb0Rlq5THv8adjKz7raU8uxYTW48xZA61Vi+uC3lUZcbdZaSHLOzs2SzWSM5DAaDYQfj5uL9/qBc2rDgqLfHV6eHSXb0L3kbIV3c3Cm8qR8SNpWw3ZVb6m0nSbIph1+4Ch0vAOvPsjPsDIzgeETZ9NjDqTi52E1vPP8g9OIE5URufQcCD5L663S/RYcbFWOpocrYUTw5IJFI0NrRSS6XI5fLYa8y6mpD6KjWMiJAWEjpEKkQy0lx9OWfRQrJ+3//J4R+gF+p8u7f/iGBV+bwR3+SD978I66+/SYA19/7Gn3HXybZ3AEqpHzjbZxEkpbuvQtamDQCIeIJLEI6IGwQNn61wsAP/57i5CTSkrR07eb513+TXOdetPJQYRlVnmHywndJ95ygud+YdcPaeRCiMixdpzz2VZxkhub2vTVpuDbKs+N4hSmG1JMMqacbyx+XtpTlqEsO3/drn1Ox5GhpaTHtKgaDwbBDcXO9SOkQeCVgY0GjTl1wzAwtKzggzuLw5y7gzeVp6lg9M9BJZfGKM4Slm9iZ/RvaNsP2xwiOR4DNyoylqM4MAXeTjDeCXxsRdT8DRreKra7msFQVJyiSUCXssIAk3nmPZUYXuVyOpqb7GZ6pUUEsUoQQtZBQRbVaIQyqSBS2k2L3kef5SCLF+3/3h1RLFaIg5Mwb/4Vr732V4mQ8fstNpzj68uukmtsBSWVyEL94h5buXpykC7XnhpBIywU7jbTTCDsNdgqlFO/9/X9g8J14mkq6tZUXXv8NOvc8EcuNoAJhifzl7yGERetTP3UfXxfD485GPi+D4g0q41/FSWTitpR1y408w+oEt9QzjeWLR8E+bnKjjhCiMV2lLjlMu4rBYDDsbJzWHvzS1Ibvb7kulu0STK+W5SFwsyfx8t8j8Ao4yeaVtyuRQQhBWBk1guMRxgiOHcT9EBnL4U8PYzsJpONufB3lEm62G2FtfB0Pks1Ucwg0TljEDQu4qoQVVYF4/GGucze5XI7W1tYHdBCjibw5tApBKxCSYqmMVy5iW5B0bYLyDKO3zrP7wNMIKTn9M/89b//1f8CbLaCVarSRuKkET3/2l9j31CfRWPizt/Hyt0i3tuK4EnTQeAWQDtgppJNGOBm0lUIryZmv/AFXvvNlABJNGU6//ut09T+NVlV0UIagyOzgO3hzM7Sd+jxO031o0TE8stzv1pSwdIvK+Few3TRN7Xsa04PWQmVuAq+QZ0Qf56Z6trH8+fYita4MgEdyWsp6WEpyzM7OksvlcN2d8f1hMBgMhrskcnsoXh/e1DqcdBp/ZvV1uLknCQoX8QpTqwoOADvZRFS5valtM2xvjOB4iDxIYbFegpkRnPTGx8NCHDCa7D2yRVv04FhrNYelPNywWGs/KSIESClrVRq95HK5TU8/WT+x3FChRxRWCYMAr+oThBGuY5NOuvjlGd79//4PRi6/z4FnX+Xkp36JVFM7L/1cmrf/6t9RzN817olME33HXopttzdLWJ4i2dKC40p0VAEFsdxwY7FhNyGcDFgphLA5/80/5fzX/xIAJ5ng+c/9GnuPvYiKfHRYRgclikMfMDc6QvP+52k59PEH/HoZDMsTloeojH0Z20nR0tkHYu0iojI3QWVuktvqKDfUc43lH2kroJRu/N91XcQ6KkIeVeqSo1qtNpbVJYfjLB0wZzAYDIbtidu6B3UtIvAqOMmVJ5wsh51IUp6eXtvjZU9SufMWQbWEk1j5+MVJpCnPjKPCEtLe3LGOYXtiBMcG2c5yYrNorQlKeRJd3RteR+RXCcNgR7SnLEZrzacP2gRBwHcGi0gVYhEiVYDUEUKHWNrHUnH1QiaTIdfV28jSeJgHK5E3R7VSIPQrSKGRQpBKOKSSCaSEsFrivS/9e6798FtorSlOj4EQpJrb2XviEziJND/4q99l5vYoAIXJPN//q3/D6c//JqmmVhLZ3QgRQFBqPKZGx+O27DQ4GbAyCMvl4nf+grNv/CkAlmPz7E/8Cgee/jQqqqLDEjooUh69yPStQTI9x2l/7osP5TUz7FzuZ/VGVB6hPPplbDdJc8c65UbhDpW5SUbVE1xXzzeWf6St0KhQgMczd2Ml6m0p9UoOrTUzMzNGchgMBsMOw831AhBUShsWHAAqUiilVv2utDP74c5bhNXymgQHQFS5jWw+vOFtM2xfHlvB8SgLis2iqkW01lj2xkuDg1r+hruNAkbDMCQIAqIoIggCfN8nCAKCIGhcV7/UmT/Hw7ZtHMfBdV0cJ9UQGtslDG/6zghhtYgUmqRrUZi8yeiVdznw7GdIZLIE1TJn3viPXP3+19Bak+vp4clXf5FEOhtnCgib7sPP8/IXfpu3//J3uXPzOgBDH7xLWP3fOP36b5Hr7ENHVbQQcbZHIEBHIF2wUwgrhZAON899kzNf+k8oFSEQPP2ZX+SJ05+L21LCcjwx5c5V8oOXSLTvp/P0Lz/kV8+w07ifwaJRZZTK+JexHTduS5Fr/6r0CpNUZu8wqo4wqD7aWB63pRi5sRrzp6vUJUe9kuO+BDEbDAaDYctxsz1IyyEol6F1Y+sIPI/ITnPjxg0OHDiw4m2FlcBOdhFWi6uu13JSSMsmqtzGMYLjkWRH7i0YOXF/iYL4wEFaG9/59sslpJQk7vOIWKVUQ074vk8Yhgv+P19gqPlN7zWklA1pkUqlaGlpqQmMeNn8n7fjwUgQBIyPjzM3M0naFbQ0JUm6NuWZMX7wF79Dfuga49fPcfAjn+HOzfNc+vbfoSJFU0c7H/nJX6Oz7zjxmKx61Ylk176neOmLv80P/vJ3GLt6CYDRyxf47p/9az76+m/S3nMYIaBxIjryQTi16SkWUaS48v2/bWQVPPkjP8fxV76AUj5EZQhL+PkbTA1cwm3pouvF/xbk451BYLi/rOc7I/LGqIy9gbRsMu19SGvtlQNeYZLy7ARj6jCD6nRjeSw37n7+bNfPk+1C/XPZ930g/pyfnp42lRwGg8Gwg0h2HqA6fQt6N3b/oFQg2fUUo1NTJJNJenp6Vry9leymOnMGrdWqeVl2Ik1UGd3Yhhm2PQ9ccBg5sf0RUbxTKTZx0KnCAJlogXUE8s0nDMOGoFhcXTFfYERRtOT971ZaOGQymQWiYr682KlnBIvFImNjY4yPjyMF7N7VRls2jWODUCG3zn2TyVvXCLwqN97/HlO3r1GazBNFEalsM09/5h/RdeCZuApDhfHvqdZaoxG0dR/m5S/+j7z9V7/D0IfvAzBx/Rrf+bN/zenXf5Pd/SfBiW8v0GgtAA0qxLISPP3ZX+GHf/m79J14meOv/ANQISLy0EGZYHaE/MB5sFN0vvDLyMT9nCZjeBS5X9UbkTdOZfTLSMuiqb0Paa9DbhTzlGcnGFcHuaZeaCxfKnPDyI3VkVI2gkcBU8lhMBgMO4x03zNMjl2mMjNFKte2rvsW74yhVMSeE5+AosXt27dJpVK0ti5fDmKneqjOnCGolnDXME3FL4+i/Gmku8ESE8O2Zc17CYvFxGo7mEZk7FyiIA55E5tI9o8ihVzU4hJF0QJZUa+4qEuL+UJjfp96HcuyFkiLesL+UhUXj2poXz6fZ2xsjOnpaUBQtnOoVBuRsiiXfA5kIzTQc/Q0I5ffZuTiOYDGVJREJsXJT/8CyaY25iZvMT7wPrMTN5GOw659J+k58jyJTBatFOnmNl76wm/ztvtvuf7edwGYHhnh3b/5fT75y/+KdEs7wnJQkQ1SxhUdURUEdO55gs/8d/87Qgik1BB56LBIWBonf/UcKozY/cqv4jTvejgvpGHHsl65sdbvosiboDz6BlLquHJjvXJjZpwJdYAB9VJjucnc2ByLJYdSqpHJYSSHwWAwbG+a9n6EwsC3mRsZItnUgljj53bgeRRGh2jqPUG66wgHu6BSqTA4OMjx48dJpZbO9LBSPQhhE1bLqwoOu5bTEVZu4xrBseOpVqtUKhU8z6NcLi8UHEZKGABUWAE2V8GhVYQXSs6dO0cURURRtKS0qCfnO45DMpmkubl5WWnxuI5SVEoxNjbG2NgY5XKZUNhUE114ThtKWFhSUY001dBipKjJOpJc1wFOffqXgf/UkBxO0uXpH/1vCCplxq+f5cr33yAoV1BRXDp/2XqDnqMnef5zv05L227QEYlUC6d/5l/gJtNcfftNdKTIdvXhpluoj4aVbg6tQ1BhXBZYqwCyLCceU1ur3FCVKfJXzuJXSnS9/E9w2/Y9pFfU8Liw1u80VZ2kMvYGoiY31pM/VC1OUZ4Z547q56p6ubF8ceZGIpF4ZMXr/WQpyWHaVQwGg2Fn0HbqdUa/8W/JX79C6/5DWM7K36+B5zF9/SrSTrPruZ9vLD9y5AhnzpxhcHCQY8eOLX2yQAjs1G5CbxKyK2+XZbtYthuPi82e2MhTMzwElFINiVGpVCiXy5TL5QUV/alUCttIjUeDukRQKk4bnv9zvSJi/m0W375+O6UUdmGQJjYrOOIKjmw2i2VZWJaFbdv3yAuzg7o8lUqlITaiKMK3MnjJPqrOwk9tW4AtVDymlrjTJFIarzTL9PgQAJZt8fRnfpHC1CiFyWGGL5xFK4VlWQgp0UqhIsXw+TOkmv+E06//i5pQikgkU3zkc79BOtuJV5nj5Kd+Ca84RbKpDdtOIOxa0KiqokMPpUKEjgAP0BBV0d40+SvvUy3O0fnRXyC1+9iDfjkNjwD3ozVF+XnKo3+PIKKpYy+WnVjzfaulaUozY9xR+7iiPtZYvjhzw8iNzbFcu0o2mzXfIQaDwbCNSbTvY9eLv8yd7/8Rdy6fp6VnD+m2ziVuqSneGWfu9hCWk6bnlV/Fbe5oXOu6LkeOHOHDDz/k+vXrHDx4cMnHs5I9eOVhlAqRqwSE28kMQdnkcGxXgiBYIDIqlQqVSqVxvWVZZDIZOjs7yWQyjYtlWfcng8NIk+XRWi+QEHXxsFhCaK0bwmGxsKjfZv7914qUsiEcLMtCSolt2wuWISYIJkDKje+Q6yikua2D3iNHNryOx5HZ2VlmZmaYmZmhUCgA4Nk5vHQrgXXv2CtXKlJWRLMT0eKGNLsRSStiYvBd3vvS/0V5agYhJU9+6ucol6aYnRhi7Op5tFLsPnyUfSc/QSLTwq1z3+Hmme+jtebm2e9x5MVBOnoPocMywnKwbYcjL36eylyeWx9+m6mRy8xNDGHZCXbtP86h53+cVHMblg1RUEarCKECtA4gqDJ17SyV2Snanv5pMn3PPuiX1fAYspbvoaiajys3CMhsRG5MjzKp9nFFfaKxfKnMDSM3Ns9y7Sqtra2mXcVgMBi2Memep+h57TcZf+8vmL51nbmRYdzmFqyaoA6rHn5xDqUUzX1PsevZn8Vp6rhnPblcjoMHD3Lt2jVGRkbo7b03vdRKd8MUBF6RRDp3z/XzcRJpqsVpIm8cK9m1NU/WsG601guqMeoiIwzDxm2SyWRDZqTTaTKZzLKtSrBDp6g8SOZLhPnVD4urHhaLiOUqKtYjI4QQC8RD/eK6bkNOLHX9StetZUd7KrjJBJvL4NBKI6yNj5l9XPA8ryE0ZmZmGn/MvpXGd7uoOlmUXPp1tIQmaWua3ZrccGK5MT18kXf/5v9k5vYoQgiOvfITJFJNlEfHmBi8SBSGHHvlx3jms/8UN5kGBHuOvoRf+Z+4fek8vldl7s5NOnoPIywHjYUUFsWpUT742n9m5MKZ+ACu1nI0fOEMo9fO8Ilf+J9JpJsQ0kf7FVRYBuUxe+sKpfwEueOfoeXgx5Z8LgbDamx19Ybyp/HGvwKqSqZjL7azdjFfLc9Qmh4lr/q4vEhumMyN+8dSlRzT09NGchgMBsM2x8ntYc9r/5yRC9+ieOsMVOfQhTxCSJymNrIHn6J533Okuw6tuJ7u7m4qlQq3b98mmUzS3t6+4HorsQtpJQmr5VUFh+3GJw6jym0jOB4Q9aqMxW0mdaSUZDIZOjo6yGQyDZmx3u/4R2qPYLFIWKr9YikJsZzA2KyMsG17QxJiPTLifqDrY2I306ISRch1nA19XKifdaxf6n/UiUSC1tZWmpubeXsigRarv/aOVKSskCY7oMmOSFkRpTuDvPPXv8fkrZsAHHnhNXYfeBpp2Xz4zT8n8KocfP7jPPfj/xTLyUDtcZxEmmzXXm5fOg/EvYlCSDQuAsHVd77Ehbf+nOmREUTtfQsQ1YTM6OUL3Dz/FkdP/xTaskFItAopjN6kMD5Ky6GPkzv2mS1/PQ2PB1sdLKqCWSpjX0ZHZZo792KtV25M3WZK7+GS+mRjucnceDAYyWEwGAw7l97jH2cw2cv41BQnTpxYcSrKchw4cIBKpcKNGzdIpVKk0+kF11upHkJveNX1SMvGdlNx0GjrM+veDsPKLNVeEgRB4/pkMkk6naa9vb3RXrJSVcZ6eGh7A0tVPSzVprG4fWO56oiNyoj5kqEeZLkWAbFUq8ejQhR48fPZxM65UhHSMYIDoFQqLZAaWmuEELS0tNDX10dzc/OCD+fP1iZprXZQJwQ4UpOQmoSlEMrj3Nf+mInBAQD6n32RE6/9AqmWDt7569+jPD1LsjnD8Ve+iLLSWEKiEajqLJbtUpquTVpJJ0lnO0EIVARnv/oHXHv3q5TyU9gJl95jp9j75MdJt3Rw5o0/YPzaVQDuDJ7l2Aufj+WMtKgWChTGRsnsfY62U5+/D6+swXAvq8uNOSqjb6CjUtyW4qz9y9SvyY1p1ctF9WpjucnceLAsJzlM8KjBYDBsf/r7+/E8jytXrnDq1CmSyfVHGxw+fJizZ89y/fp1jh49umAQgZ3soVIcJAy8Vasz7UQarzAaZ8mt4eSi4V6CIGgIjPltJnWklKTTadra2hZkZdzPkxJrWnM9N2K+WHDCMhJAK4QOEVoh0AgdcfOmXFFEKKWWnKixHEsJBsdxNlwd8SjJiPuBDn3EZv7ItUZrhbQfzyyWMAwbMmN6eppqNR67m06n2bVrF83NzWSz2VUPgOoHasuJDgEoDRpBpCBhuezqP0V++Cqt3Qd4/nP/DKdpFyKqcOfmJQBsN0GquQOtBXNVTZOYAywmbl1gbOA8lmPTdfAE2c59aKX48M0/5urbf09lZo50LstHfupX2X/yFaS00Frw1GtVJgb/VS0zJkAphUDgV6uU8hOku4/R8fw/3LLX1vD4sZWtKSooUBl7AxUWaOrYi+OuT24Up24zo7q5ME9umMyNh8NSksNkchgMBsP2RwhBf38/Fy9e5MqVK5w8eXLd66iHjp47d47r169z6NDd1hYr3QNAFFRWFRxOMoNXyMdtKum+dW/H48b8qgzP86hUKo3vYYhP8GQymQVVGYsrbB4E9s2bN5ds7ZhfRTH/zFSd5bqaLMtidnahTKhnRqy3RUPOK4U3PDiiwNtk/kZcTSPdx6eCY25uriE15ubmAJCWJN3k0tKZJdOcxHYkoMm5K/cELmY50VEOLdJ2RDm0cCyFJeHw6c/Tuns/qZZ2nOauWDx4ZbSO/4ZDv4pfmaWpqZ1UVEVKi7npUd79698HDdK2OPry67jJDJff/huuvP0lvNkCmfZWTr/+G+w99hJaBfE4WCEpzeaxEy6hH9DWHSdaR4GPNzWB09RJ69M/t8lX1mBYOytVb6iwhDf+ZXQ4R3NnH7a79i9cvzJHceo2s3o3F9RrxHrRZG48bEy7isFgMOxMUqkUBw4cYGBggIGBgQWCYq1ks1kOHTrEwMAAw8PD7NmzBwDpZLHcLEGlRCK9cgtMfV8gNIJjAWEYLsjKqIuN+j6PEIJMJkNra2sjJyOTyWybKkp7ZmZmyQDLjYZYGnY+OvIRm5igoqL4YPpRyeAIw5AgCPB9v/Fv/edqtUqpVGr0lKUyLq27mkg3uaSalnr+ghl/pPG/nHtvAvRyLCU6Jj0XWyqEsEEDdkTrvlMoBX4ksERcfmdZ8c5+tVjmzBt/yMlP/SMsN8HI8FUufecvmblzm9D3OfHa63Tue5LrZ7/Kxbf+K+WpGRLNGV74mX9O39EX0CquRtFKoJCMXPoegVfFdhy6DpwCIvzSLMJKkHviM2AO9gybYKuqN3RUwRt7g8ifprlzbyNYbC343hzF/DAzqosL6jV0XLtoMje2CUZyGAwGw84kl8vR29vLyMgIqVRqyakoq7F7924qlQojIyPcuXOHXC5HNpslldhNWBpY9f5CSJxkhrAyyqNx1LJ+6u0l89tM5ldluK5LJpNptJjUhcZ2xj59+vTD3gbDNkMFFcQmAkbrFT9yHcF9Dxqt9ZLCYqllS+e7aCzbwnYt0s0OyaYM6aYElr2+A/r5sgPWJjwWi46xchKdqqKBSAsSSqOBqpKkrZAmJ8XeJ19m8tZNtNbceP973L70HnYyRXl6Btt10Epz+MUf4alP/iL5oYtce/erzI6NYydcnv3xX6Hv6IvoqAooBCCsJCNXfsjolQ8B6Dl+is59x4mqFVQYktn3EaSbQmMO+AwbY6uCRXXkUbr9JZQ/RVPHBuTG5DBzehcX1Wto4s9Fk7mxvTCZHAaDwbAz6e7uxvM8rl+/TiqVoq2tbd3r6O/vJ5fLkc/nmZqaIp/P05Lw2Z2OCP0K9irtqE4iQ3l2Ah15CGv7HrtsliiKFlRjLK7KAMhkMuRyuQVZGTvxe9Sc3jDcQxRUN9eiomstKg+hgiMMw1WFRf3fpZCWwHYsLEvgJG2SzUksS2I5EsexsGwLy5brFhlrZcYfpl7+vprsmC86xisJlBb4oSRhKyIlsKTCRhJKzYHnPsvEzQsMnz8DgF+p4leqcYlZWxsHn/s0Rz/2swReiamxQUYvnwPgiZc/y5HnfwKtqgih4w9BK8nc1G3e/9J/JKj6ZLt38+Qn/yECQeCVSHQcQCazjTPdBsP9ZiW5URl7A+Xnae7ci5NYj9woUJwcpqA6uaBfQ9W+LhfLDZO5sT1YSnLMzs6SzWZ35M6ZwWAwPC709/dTqVQaoaMbmaTR2tramMgyMzPDdH4UvOuE1dKqgsNO3G1TcZoOrP8JbEMqlUqjvaT+bz0TEOJ9l3Q6TWtr6wKZ8ahgBIdhIVrjT4+Qbu/c+CqiuuDYGguqlFqTsPB9f8m8GCEFti2Rdiwp0kkXy05gORa2LbFtC8uRWJbcVGvO1nD38WPZEZNz9yx7j7uiA5qcECfQWEKTshUpW1FVglSuh5d+/l8yePDvGfrwu5QLU6QyWVp7DnDkpc/T3n0E0KgwYOAHX0JFiuzuLo688Hm0DgEV525YCbxykXf+9vfJD90i2ZTm4DOforPvOEFlBrupEyvdhpDxqFiDYSNsRWuKVlXKY18m8iZo7uzDSTSt+b6BV6A4OURRdXBBvUpEfIC8lNwwmRvbh8WSoz6W21RyGAwGw8OhPiUzDEOklDiOgxDinu/OAwcONEJHT506tanHzOVy5HI5pgfPElTLJJtXvr3tppHSItqBgqNelTG/vaRSqSzYV8lkMrS0tCwQGa7rPsStvv8YwWFYQHliAKUiEk2rfBqsgIpCgFXHxK5FWPi+TxiGS96/XknhOBZu2iLVkm5UW9i2jFtIHIm07ucBSL2sa6vEyPz1zZcdI8QBpauLjm9dK9CSiEjZEQIItaQahiRTaU584osc+/jPEXgeTiKBZbtoFaFUgBCC/MhlCnfGEVLSc+RZsu170DoAJEiHaqXC23/1bxg69x6JTIruwyc59rGfRwUVLLcZK9MBwgZpDiYkca6pAAAgAElEQVQMD4alqje08imPvkHkjdPU0YeTWPvnWVAtUcwPU9JtXFCfJKx15Zq2lJ3BctNVstnsI79DZzAYDNuJSqVCoVC4Z7lt22Sz2QXZjclkkv7+fgYGBrh69SqHDx/e9OM76V7K+bPE+9Yrf1/biTTVwhAz0RhSygUXy7LQWjdaOeo/z7/M3z+oTwtdfJl/3fyflVIIIRasZ/HPix+n/v/5bfSO4zRaTOYHfz5O+ypKKcrlshEchoVU7lwDwM2s/WznYsLa7OOxmYBwamDBVJ75gZ1LjQoWAizHwnFiQZFJudhOCmlJbEdiOxa2YyEtydb/va7+AXgvW70RK61PNKo67hUdGqIqWgV8vE+hlWKyFGJLAVEV6eeJCJHJDNJ2cZNJBBodVUDHSRlCpsnfukQUhmilaG7vRQgNWoK0KEyPcuaNP2Dwve/hJhO07ennIz/1z5CWABysVBtIG6zHNabJsBVstnpDq5DKWE1utO/BXe3UzTyCapHCnSFKKsd59SoBcVmrkRs7i5XaVYzkMBgMhvvPcnID4nby+mfyfMmRy+Xo6+tjaGiIVCrVmIqyURJNfZTzZwiqpVWrOO1kBr8yxvjtAQK1dTkcQoh7LlLKJZfPvx5Y0+0cx2nIjETi8dr/rg96KJfLlEqlxs9gKjgeaepmb75gWOqyQEBcP4uTSiPtjZ+B98slIifLyOhYnFUhQEqBZcV/jImMRSabQdo1aWHXsy3EFlRbbERS1HkQByyLKz7WWwES327GHybn7kHoKA7/1FH8swrROkKg6UwpdFQlCOaIwjLSsdFRGbQHSJRWoEMEApymxhbUp+CMXz/Hrv6TpJrbuPXhW1z+3t8yc/s2iUyK1t79nH79fyCVyaKUwk63geWCtf6+SYOhzqaDRbXCG3+DsDJGU3svbqplzesK/RLFyWHKOssF9SoBcU+uydzYmUgpSSQSDZlelxwtLS2P3U6gwWAwPEgWy436wfj8CoQwDBsthPMlR1dXF5VKhRs3bpBKpWhvb9/wdjiZWJCE1fLqgqM2LvapJ3bhtBxrHB/Vj5FgbcJh8e0Mm0drvUBg1H+en6eYSCRIpVKN6hUjOLYRaxEQ671urQgpkFLQWhgl0bHxDxMAv1ggvfdJ2p/avYm1bLT1Y7t/mCzevvVvr9BgIyh7w1gaEjINWsViQysEmsAvUZweJ5PrwnbT2LZEh2WIyqggQCDRKIgicDNIHaG1omXXXizbIgojbp75AVPDAwR+lajqE1R93FSSPcee5eRnfoWm3C6UinAynSjhIGwjNwwPE01l7A2C8u2a3Miu+Z5BtUwpP0xZN3NBvYZPHLRlMjd2NkIIXNclCIJGKXD9rKGRHAaDwbD1LJYb9Yq6OlEUNQ5MoyhqtBDOH+u9f/9+PM9r5HGk0+mNbYywcTO9BN40q53vsJ0kluUQVm6Tbj9pcpseEr7vLykz6liW1RAZqVSqcVk8Ft4Ijg2yHtGwVkmxVuoyQkqBqF0sKZC2xHUlQloIWa+akDDv9lKCqPWTSatmHaVACAinblO8FuJmNp6/4ZdLKBVht69/lvWiZ7nJ+28XNlNRshCpwdYaoUHW/i+AKCojtEYiKU6PMnTh29w4+w0Cr8ITL3+eJz76E+gwRKNRkY8IPXRNaAjpgq5XfSi6D3+Ezv0HGRu4AkBhMt94/FS2mSdf+VmeeOl1hIg/hPJ0MDshONGb3rLnaXg82Wz1RmX0DYLyMJm2ng3IjSHKUYYL0atUl5Ebpi1lZyKEwHGcBW2RRnIYDAbD1rOa3AAa1RpLSY75UqG/v39B6OhGv3/d9B6Kd0ZARyBWnhBpJ9MEpZENPY5h/dTlxXyZUW8thbuTXrq7u0mn06RSKZLJtbUPPRaCY6sExPzLmhF3RcN8GSEsgetaC2SElBIkWJa8e5+agJCWuHub+7SPHU7Ff9SbEhzFOQDsts31ze18tih8VGtsBBYgVLw2SwsEsegQgApDJobOcePsm9y+9C7lmRlCP/7iuHnmTQ4996NI6SCsBDL04taUqIomFlw6CiAKEJZPIpnixS/8Nh9+/U+4c+sylcIsza0ddB08xcHnfpS27oNEQRnPC8jLboq+xe1KgltX4g+k5cZ1GgxbyT1yY+wNgvLQuis3wqBCKT9ERaW5oF7FI/7s+2hHiSgycuNRoV7JsVhytLS0rHlnyWAwGAzLs1RbynJVEJZlIYQgCIJG28riMOhEIkF/fz9Xr17l6tWrHDlyZEPb5TTtgTs/wK+WcJMrl3HYiQzV0m3CygR2ateGHs9wL0EQLCkz6t/HUkpSqRTZbJZkMkk6nSadTi9oXVov205wbKYdY7nr1oyglpgrYulgyVhG1MaMutJGWE7jNtISDYFh29YCGSFErXpiB+0TR1MjOMkU1ibKsqrFAlZzGyL56MxS3hib+8VLRFytoQRS1Ko2akJD1EJBveIUQxe+y40zbzI9dhO/VCYKFk6cGb9+mYkbH9J98BRaOmA5SMtBKR+hFVqFiMhHh2WUtJEIWtp6ePkL/5JquYDvlUmkm0kk0ygV4pdnqFZ97jj9FKsWE16CUN19rvWz8EZ0GNbDZoJFK2NfJijdWnflRhhUKE4OUYkSnI9eoUK84/PCrgpBcPd7w2RuPBosJTnm5mIhbySHwWAwbJylKjfq42CXo36buuSoT7zK5XINyZHNZhuho1JKDh06tO5tc9I9SJkg8FYXHE4iPnYJSsNGcGyQ+W0l9ctSVRm7d+9e0GKy1WxKcCyWCltRJbHUZI3lkNY8GVGrbpDWXRmBdOZVT9RbOySWFbdkSOvuNI56u8fjTJQfIZXNbWodQamIvefYFm3R44elBZbWSK2QADpehtbx/1XE5MgVbn34DW6e+y7VwhyBV0VF8Yip1p4eeo49z433v0lpaobID7lx7k26Dz6LkA5YLkrYCGmjIz/O7oiqCCFBiLhtxY7Q2sFNJHET8Y5/5JeoFqbwg4jx5BMUqjbTvkuglv6b+dJlz0gOw5rYTGtKZeyrBKWbZNp6SKTX/tkVBVVK+SG8yOVC9CoVWgE43VkmmCcJTebGo4WRHAaDwbC1bERuLL7t/APgmZmZBdV1XV1dKKUYGRmhWCzS09NDZ2fnuk48uE29BOXVW0+k5WA5SfzyCCmeXfP6H0eCIFhSZtS/W4UQpFIpmpubG+0l6XT6nqyM+4Wdz+c3XCWxLhlRy4gQtSoJq1b9YCcsXMtutF7I2qSNunCYLyMWZ09sDVuXkbD2x+MBP+bqhNNjqNAn0bSJ9pRKiSgKSbRtNn9jO7M1vz+h45G4qvb+sxBYSmNpHbefKJAiruQQQLU8x+iVHzJ49mvkhwaoFkuEQQha46YSdB08zv6nX6X3idOAJPQ9Ln/rDQDGBj7AK8+RSCZBOAjLQYUSpANagQoh8gCN0hFS+fG4V2GBkOgwoJQfx/d9xlqepxSkmfUtIr3ya2CqOQz3k8r41whK18m0dq9LboRBleLkLaqRy4Xwk5RpA+DFLg/fN3LjUWdx8CjEkkNrfV/OIhkMBsOjSrlcplgsNv6/Hrkx/z71z+TlxHN3dzeJRILx8XGuXLnCwMAA7e3ttLW10d7evup3tZPuxZsbJAoDrFWmRNoJk8OxmHK5fI/MqFarjevro2q7urpIp9ONNpOHiX3x4sV7FlqWVZMMcRhl/eI4TuPn69MKLSQaC4WID4Skxem9SaSUlNWdmrCwkNu6MmIz27YRObI9X4twup6/sfIYpZXwi7HBtdsf1fyN9fy+7xUhAnD03SVKxzvbGpA6lhtWLUBUIEBFzEzc4NYHb3Hrw29TmprE97zGGNeWXZ30nXiRfSdfoaP3GNISKBUihMXBZz/D4A+/QeBVKUxMkB+5RM+hZ+PKDekgnHRNbkSgA3Qtm0OqCCWrIGtyQ2kKY7fxvTLD7Z+mqFqpRhK1ityYjxEdhuXYaPVGZfzrBMVBMq27SWRa13z/sFa54UcW58NPUiKeGPXS7irV6t0zSI7jGLnxCFPvDZ8vOepnII3kMBgMhtWpVCqblhvz77tadV1bWxttbW3Mzs4yMzPDzMwMd+7cQQixQHYsldvQGBfrl7DslU+IOMk01eIUQWm4cb/HhTAM75leUiqVFgSup9Npmpqa2LVrV6O9ZDtOnLFPnDjRkBl1obEWPiwvvWP6rZF4J9T36+vZngf0d9lMBcd2f25rR02NYLtJLHfjqfJ+sYDV1IpMbbwKZHuznt/33dtKwFYg0QgtauGgGiUgQhBJgay1oAhARBHj188w8MMvMXrtQ/xikaB28GU7Dl2HjrL/1Kv0HX+JdEs7WoVoFaCjeEwsMkF771HaevYyPngVFSnGrr1H75Hn0aLWuuVYcUtKFKIjD6IQoeJpKkR+XF6CYPrWdfxigZu9r1Oyu4nCjb/njegwzGejcsObeJOgeI10bjeJTNua7x+Ffiw3QsGF6NVFcmPhmYjNBFsZdgbz21WM5DAYDIa1s1TlxuJpKetlrS2E2WyWbDbLvn37KBQKDdkxOTkJ0BAd7e3tjXYIO9mB5TQReKVVKz4d924Ox6MsOCqVyj2hn553d7/McRxSqRSdnZ2N9pJUKrVjMsns7f1Fvrkz5mtjZ/yi7jdh/japTbSnQE1w9B7doi3aaSx+/2mkFtiamrwQtZDQu21dQgOSWErUFksEU6MDnPv6nzJ29TxRGIcdZtpy7Dn2PPtPvcau/SewLCcWG2EVhEQIiQ4r6ChAuhLLSpPr2c/44FUAJgbOEYURUlpIJ4XWEiEshBOgfAfQaG8KtAZC0JAfHMCbm6bzhV9kT+9TwObCIOuYfA7DRt9H3sQ38QsDpHNdJJvWJzeKk0P4geZ89CoFOoB4Wkq1ejdQ1LZtIzceM5aSHFrrh15eazAYDNuRxXKjXuG/FdSr68IwXNBCCEvnJDU3N9Pc3ExfXx/FYpHp6WlmZmaYmpri6tWrtLa2Nqo7nHQvQXFw9W2QFnYiTbU0zKPwLRBF0ZITTOYP4agLjI6OjsbP27EqYz3cl6SPL132eLF/uWsX53asJBg2dsbcsD6i2QmUX8Ft6t7wOgKvHOdvtO+0/I3NZmrUJZyorUUjFVi17AypdW3Eq0aKOCy0PDNOOtuJlhKlNEiBlqCUJtKa1t2HSKSbkLZNR18/+069Qt+TH6OlrRtdm3yiVRiLDenc3Q4rCSqIg0LRtO4+CHwFIQRepUBQLZNIpdAyjZQWWgvQDsJWoJLo2vYBzAxdx5ubov2ZnyHT+3Tj2dbFxGZFh6nmeHzZyHvnx55I4k28hV+4UpMb7Wu+r4pCSlNDBGHEheg1CsTJ6M+3FxeMgrVt+4GFXxm2F4slR33n3UgOg8FguEv9ILlOvS1lK5k/XWU9OUlNTU00NTU1ZMfs7CzT09MMDAwA0N0qaSYgDDxsZ+V9TyeRpjI3GofwWxuvbH/QeJ53j8yoVCqN623bJpVKLRAZO6kqYz08hL25R+9F3OmEU7cBcDMbr+CoFmPDarftpHKuzQbM3r2/gFp+hqi1osQtJxLRGOs6eesCAz/4G+7cusyJV36eA899Fik0WgsiiAWD0EhLcvyVL3Looz9JR99xnIQLWqEiL35IaSOETbVSZPTqO5Smx9lz4iVa2rtBuggdBwJ39B2j78lnkLZNe89hhIyFiF8uMHHzHFJa9B75KFhJtPQQTjPan2N25Bal/B1an/xxmg+8tOQzN6LDsBE2XLlx51v4hcuks7vWKTcCCpNDREHIhehV5ugC4sqN+XLDtKUYlpIcWmsymcd95LnBYDAsLTc225ayHPVKjvntKutpIazLjt7eXsrlMjMzM8zNjNGcgLBaXlVw2IkMMIlXuEmi5VAjk0trjVKqMdZ2tcv9uO1StwuCgEqlQhjeDUpPpVIkk0na29tJJpOkUikSiZ0jazbLhgXHjz2RXHFnNefuYcYf3ujqDQ+QMD+M7SawN/HG9wtFrEwOmV55xvTDZ77U2IjcuPf+9UoNqWuSoxYUSm05Oq7SuPztP2fw/e+iwogbZ9+k/5kfQVi1P0Gt0VIQFqfQlk3b7gPx6FYURB46qqJVgLQSICx8v8xb//f/ysS1i43xride+QcIy42NM4psVz8nPvlFsrv2k8zkmJm4waVv/1duffhtynPTpJpztO85RiKZRFgJtHTJD17Bm5sheeh5sk+8tuqrsdrnwFoxouPRZ6Pvk1fb3sWfuxTLjeaONd9PRSHF/DBR4PNh+CqzxBVqpzvLhOHd0kwzLcVQp57kXy/drYerNTc/qrlSBoPBsDrFYpFyudz4//2UG3WWmnhVKBQIgqAhOdZSPZJOp0mn0/T09FC8NUBYLcEqLa5OIoMQkqFr7zFRmdj8k9kAQojGBWjsp0gp71nmOA5tbW0LqjIe9/2a+1bBEffZ72HGN6N2tjvR9G2Sm6jeAPBLBazuw1u0RfeDrRjvunTFh6hJDUuDrWtBokBpeozJWxfY1X+KVEs7+55+jcH3vgvA+LWLTA5dpGPfU1hoVGma8tA5LNsl1daDncnGW6x8UD46CuItEBbC0lh2EjeZboSP3jj7DQ6/8Dlc10XYFggLx7Fo33OM8Wvvc+Ps1xm++C5REKKCEKU16ZY2qpU5EqkMKtIUJ+4QVKqkn/5R3L7jtb9dTc5duSpnq6o55q/DiA4DwGvt71OdvUCqpXNdckOriFJ+mCjwuBC9yiw9ALywq0IQmFGwhuVxHKdxlgziIDYhBE1NG58wZjAYDDuVxXJjKzM3VmOpiVee5+F5HlLKhrxYK056D/7cvdNDl8JOpMmKKm77HpRSDakghEBKida6IRvql/n7E/OFxPx/599+/v0Wr8+wOe57i0rO7V1Bcmy2RcCwWaK5SZRXwu3cteF1BF6FKAxItG3n/I3NZGzU7794HbV2FEFNatTez1HI+W/9GTc/+BbVSpHTP/3rpFra2X3gWTr27mfi+jX8iseND77Brn1PEVXm8O/cxJYSJ+lgWRE6mENrBSpER1WIAoTtxuNb7SSW5dB79DTX3/8+aE1+eIiRS9/nwDM/AlpTmB5j6MNvcfODt5gZH47FRhShlKa5o42+Ey/S/8ynaWnrQUUefqmASDfT/NLPQ0v7vOcuGn+/OXfl3+9WVXOACSJ91NjI+6Jf/pDq7CWSzR2kWjrXfD+tIgqTQ4R+mQvRq0zr+H0bT0sJGrczo2ANy7G4kqNcLqO1NpUcBoPhseJhyo06S0kOAKUUxWIRIcSaJ19ZqW707HmCagknsXL7oZPMEHjj7OpoRtqmVXGnYfszI7i5+3NgWj9IWV5yCLbmzLpho4TT8e9lS/I32ndS/sZaWaJiA6A2EUVyd0pKXYEIISjcGebOjTit+cbZr7Nr/ynsRJp9Jz/BxPVrAAyd/z4nPvFFksk0qVwnlsyiKnkIiqhQgFagQ8BCSAstLFAKohAtQnqPvkB2939hdnQMrRSD732FSiHP3OQQwxffISiXiYI4j0Nakl0Hn2DfqVfYe+xlMtldqMgn9ApEfgkyrTg9BwgFqAXP9K6EXEtFh6nmMCxmI++F/fIdeuQlUi0dpFrWLl+1VhSnYrlxMfwk08Tv1Ze7fTzv7ihYMy3FsBr1nfi65KhUKmitaWnZ7m2YBoPBsHkKhcKCgMqHITfq1CWH1pooihZMACkUCliWtaaWGTsVV3NGfnlVwWG7cWVIVLmNbN7OFeqGpbB++ZnofykMfAt/6gZheRoAO51jLcLhcIfNQD5c9TYASasFL5pbYr1LnRnfCow4WQv+4HsIr0BLz8blRHFiHC0ckkeXDqS8v2x1FdDy75tG1gYCm1pbCsTjYNG1MbAghCTwK9z6MK6uKBfy7Dn2EVLN7SSbW7n54TcJPA+/XKGls4vOvSeQtoVQAVpHiKiCViFCWmAlwE4g7DTSTiGcNFgOQlhIO0WlOMnEYFxuN3dnjPzQZaaGr+OXK4R+SKqlmQPPfIxnfvwf8+Srv0DXviexbJuwMktQnkUJELnd6GSKSAr0kn+fC18XLyrgRQWS1vI7+oc77DV9PqyFgXzIQD5sfJYYdg4bkxvv0SsvkGxuJ53tWvP9tFYUJ4cIqmUuRZ9gir1AXW7c3Q4zLcWwVizLaoS4AYRhSBiGS44rNBgMhkeFubm5Bd+bD1Nu1Km3bliWdc9ns+/7a2s5FTZhZQQdlkhkciveVFoO1dI0QtjYmf1b9CwMDwq7bd8B/FKR6tR1SrcvACClhdu+j0TbfpId/STa+5HLJM6uVpY+v9Q8Dh59UJkcyx30mraY+URToySaNpm/USxg7T6wRVu0Hu7H73Lh+oS+uzSu1iCekCIEQmksAbo2AlYC1XKB8uwEvU+cprWnl6nhIbzZArcv/ZC23Qdpbuuh7/jzXP7OV0Brbp79Joef/zGkdFBWAumk0SpAWC7CcuOpKHYChIuwHLRwkNImijRjg++SH7qyYHv9iocQ0LG3n31PfYK+pz5GuqUD206iVUDozcUlftJGtnSi3SRKxBNcNPcOcV7udYG1V3RsZdtKfZ2G7c9Gfu898kN65fl1yw00FPNDBNUSl6KPkdf7APhYT0ClYuSGYeM4joMQopFOX61WmZ2dJZvNPuQtMxgMhq1nsdzYjt+b9YqOajWuzFRKMTc3Ry6XW1Vy2MluqjNn0FrVwvxXuG0iTeSNbtl2Gx4cdqq1g1RrHN6mwxC/XKBaLOIXJ5i9M8js5fiGiVwviY5+Eu37Sbb3Y6XufrmvVpY+/8Bk5UyO1diKA9qV7v94yY+oOE1UmcNt37fhdQSeRxT6JB7KeNit+F0tV7GhkVrU8jXin+Pxr/G/UsW1DkIBWjM1coWb575JaWqUvSc/SbKplb1Pvsz0yJ+htebWubfof+ZHSDW3se/kqwy8/SZREDJ5c4Dx6x/SffAU0krEFRxCooVdExtOLDqEhRA2XmmO0as/4PqZN7kzeIkoDEEI0JpEU4beJ06x/+lP0bnvSYSQuMk4r0MpDdLCSjRjCQHSQgsIdZwhEs03G2t6We++bqtldGxl20p9PUZybG828rvuEIP0y/dJZHLrkxtAMX+LwCtxOXqZvO4H6nJj4fz37baTZtgZ1N838yXHzMwM2WzWhMEZDIZHhtnZ2YY0gO39vVmfsuL7cdh+GIbMzs6Sy+VW/Fy2Uz1UZ84QVEu4yZVP8DqJDH55lKg6hZVYefKKYXux4F0rbJtESyuJllYAtFJUy0WCUiw9ioPfY27g2wC4TR247fUKj/04zV1rrubYuORYmAmw9Sy13kdXekRT8RjfRNPGe4r90qOQvyGQOv5XoZC10NC4WuNu5YasBYnWfa9fLjB69R1unH2T0StnqZbig6lUtpOWjj3sO/kKl77zN3iFEvnhW+SHL7H/qU/Q1f8ku/qPMHrlAkHV5+YHb9Jz6Fm0dBE2YKcBgZCx2ADB9NggN8+9xa0Pv01pOo8KI1QUoZWmtaeXfU99jL0nXyHV1EoU+PheASlt8sMXmR2/yezETXyvTLIlR1O2m92Hn6Gt5wg2EEWABC1YoopjOQG0dEXHSkGkJp/j8WAjv98WMcYT1newExkyrT3rum9h8haBV+RK9BKTOq4k+3hvSLls5IZh61gsOXzfb0gOE1ZrMBh2OjtJbtSpj6utS44gCJibm6OlpWVZyWGlexDCIqqWYRXBYddyOqLKbSM4dhgrvnOFlCSbWkg2tdBcO6EWVMpUi3P4pQLeyAcUb74DgJVoJtGxn5c7+nm30IOXXvqA9+7ObzypYf4Byow/zOoy4UHLhkdTbgCE+dtYtoOdXFv68FL4xSIy2Yxsat2irXpw2SkCcFRcpQGgtEZIsWDsq6QWIKri7RICZsdvNCaU5IeH0LVUZyElue5uUk1tpJpasdwUvUef4doPv42KFDfOvsnuQ8+RSKbZ//SrjF6JW8KGL71DYfo2mWwXQrrxqCjLJgxDxq69x7V33uD2lbOoMIwvkcJJJug+epL+U6/SffijoBWBX6Y8N8ns+A1ufPANxq9dxC9XsBMOkR+gong7pSVJNP+/HH/58zz12i+AsGKNV6vmQAu0mP8q1Vld9q1l4oppW3l02cjvNUmBo9Z3sOwETeucxFTMDxF4Ra5GL3JHH2wsX5z6vt130gw7A9u2EUIQBPE0niAIGu0qRnIYDIadSqFQ2HFyo46UsjFlBeIKu3w+TzqdJpVKLSE6BHaqm8CbJLVKp6Flu1h2otam8uR92X7D/WHd714nlcZJpaFzNxCPCA3KRfxigerkAOWRc/QDWjqUUnspZ/ZSTu+jkt4P8t6HW7hD3LHguh97IvkAMzu2ip0TbhpNjeBuQf6G3bl/azboAVXLWICl4soMUcvUQIOUAqXiTRAaLK3jig0FYVBhfPAMN85+nZFL71GZLTTWJy3J7sPH2Pvkx+g7/jHS2Q5U6CMth30nX+X6e99FRYrbl88wd+cmnX3H6Tv+Eud3/T/MTdyhlJ/m1rlvc+ITX4jlhoi38ta5r/H+G39EZWaWKIriBP9dnfSdeJH9Jz9Jbnc/UlporQi8Ctff+wrXz34jnqqiNdK2cNMpVBjipJJIKQkqVcIgoDIzxwdf+zOSLa0cev4n4/BUIRBao5fdT197BdWDrOaYvx4jOnYWgpAn5LdwhUembR/SWvtXUiE/RFApMBC9wIQ+1Fj+XOtc4+ftEIxmeLSoh9vVKzmCIGhUcpjJPAaDYadRLpfvmZayU+RGncWfy/URsqVSiUwmc4/osJI9eOXhWqD/ys/VTqYJyiaHY6ex6Xewk0zhJFOk2zoBUIEfh5aWiiSKozRNXGvctpLuo5Tuo5LeRyWzn8haeURPfNDSfs/yF/vza9iyhyUatr/YAFDlOaLyLG7rxvM3wqpHGFRJt6921jXOiBBCo2vjVPUSx8lCC4TQtbYQ0RjFCgJdS/uMEI1WivXiRAqJuCcg1BISrTVK1bZP1vI1NN4bthQAACAASURBVKiqx5V3/o4bZ77O5M1BojC6Z70de/t5+rP/hM49x1BRFRV4tQ9Sxa79T5HrjsNGq6UKQxe+S1vPUdIt7fSdeJHzE38NwM1zb3Hkhc9hOy4axf/P3nsG2ZGlZ3rPOSfdteUtUAbeNdDoaW+nu8cPZzhDsyJnSG2IwaWWVCyNFCspFEFFbOiHQmZ/kEvuKiSSsRTtkMPZ4Wo4ftpNe99AA+iGL6A8ytf1ac7Rj7x1qwoNoApoeOQTgUBV3sy8J/PevHXPm+/3fgJDy4btKNtBORadfdsZvPtp+nY/SirXUj+B8X/DH7zEwR//JdNnz8TBS55Ltq2D1t5NdG+9h5berXG7K6OZGz/JW9/5fyjOzBJUfUY/fJNt930RIWQ9PPVCZSrnvZbxM5/3OyuWX15b2aslckCSz3EjuZLXcad6kayYIdveh+Ws30lWnI3FjZPRg0ya5fZtibiRcD0438kRhiHz8/M0NzcnIkdCQsItQ6VSoVgsNn6/lf9uLn0uh2HY6K5ijKFYLBIEwapgaJXqAYhzONawcVhumlpxjqg6ifIuLx8s4cZx1SU6aTt4za14zXGtko5C/FIJv1TALc6TnhnBTL8CQM3rrLs8BqimBwic9dU3vXr6o6IHnC98rJyI3Rqiw/UkrOdvXMjBYQwIZYNyEdIGIUEIRF1uwGjQAUGhgBASdV7+hqwLGpaJSzrQpu6KEBgDmtgloIn/QVwmIgGlRT3zwqxoWWpA03AWRLCihOLSSGOwlgJCkRcMCK2VZvGyLRiIJ/jGQD1gFCGYPHWAyZPHAbAcm7YNAzR1D3DstWfBGBamxuuqgI73qywQsh4KOodlLffmPnvoFbbe/wXyrb0M7Pskx1/7IX6lxsyZ04yfeJuBPY9itMYYTUvXJh742d/C9jK09m5DKQutQ0xUwWAT1Coc+Mmfc/qdFwhqNbxchlxrB4N3P0X/vicadv84XiR+TfLtfUyceo8Pf/oDAIJq6YrEomU3x4VYfc3N+yNrihyQuDluZa7ktdssX6dVjJBp6cF21+8kK82O4pcLnIzuZ8JsbyxPxI2E68mSkLEkckRR1HBy3Gp3PxMSEu48KpUKhcIKN3K91ONWZqmFbBRFq4SOWq3WcHMAKK8TqTyC6toCh+2syOFIBI5bhmv+V1gqCy/fhJdfegMZ/HIRv1ikViyQXjxANBfneAR2U1zSkhqgnO7HT11e2Nz6hI9bjasj0IjGbuKLfXx4jlbHw0lnY8Fi5brKRlhphJ0B5dZLi2LnRbyLEKIaWlvYuVZUru2859JYiLjsoR7UuXIurIVAm7pQQSxWCGOQWqCMQRnROOKGxGEM2oglM0hju4sdq6IeDMraAaGhX2Xfp/9L2gf2IjFEYvl5LNujc/AuygvT5Fq7Gbj7Kbq33EOlMMPU2aPMjY5QK5Y58/7zdPbvQUiJMTB+8l3OHHyO4SNvUJ5baIxtfmyMqaHD5Fs30r5hF11bdjN86F2iKOLMwefo2/VIfNQmFjl6t91XF1wiTFRGCAXCRkchb3/3/+L4a89ijMHLZdj79C+x5d7P4mZbMYK6D6R+ErVBLZWgmOUXo6mrPxawiI/58t5qFypZuXAY6XqzOSDptnKrcSWv10Z5kB55jFS+HTez/vye0vwEtfICp/R9TJidjeWJuJFwI7iUyJG8BxMSEm5WyuXyKufGUljn7cKS0BGGYaNspVQqASyLHKlegurImvuSysJyUoSVMZyWe67doBOuKjfgNoPASedw0jmynbFFyK+UGzkeqeIxmubfByBSqbikJTVAJROXtVwJt5LwcbGxXglCxGUYltDY0qCEQdZLPXpVkXRnP0J5GB3URQ6NQSGVg7DTCDuLsFIgrOVprBBgAkxgYbCx2gdWixFmSVAgdnDUly09Xi84Ie5YAlIuVVvEk2+59L+AsFYmCnyU7cT2dQORMUgpiC4g/EjA0vFSaWIx41IBoYvTkwSVWpxt0bGRzsG9aBPbTmJNRmCkYdM9n6Zvz6PkWnrQRmMin3zbBjbufpC50fjD8ezBl9nx8FfI5LspzI3y+j/+OxbGJ+I2Vp5LFIaN8pahA8/Ru+MhUpkcg/ufYuTwexhjGD36HvPnhmjpGohNLzpAmwB0BCaKHSUqgxCKQ8/9JcdefQaATGszD3zlv6F/35PoeoFL1DiC5U4wGMPQwRcYPvQ6AE7Ko3vLPRjigNUlQWTpHKyfS4lwq0tZ1nJzwNUPIU1EjmvHlbxOHeIkA/IAbqaZVL5z3dtVC9PUirOc1XsZ17say1eKG7fDHaiEW4vzRQ6tdSN4NHkvJiQk3GyUSqXGZB9uP3FjJZZlYYwhiuLv36VSCaUUnuehvB6C4inCoIZlu5fej5umVhgHE9W7Gybc7NwUPkonlcZJpcm0xV92w1otFjxKBbziMEHhWH1NRSndRzkzQDnVTzUziFaXflNeissVPq6m+HAtERgsaXCkxpEGV0WkLINEoyRIXSXf1IKTSYOTQmg/nkxHQdwiVdoI6SAsF6RLGAb4lQI6Cknn25DSBREglI3d0hW7NOqTXGEaKRvxWLRm+INXqJXmicKATfs/jZPOE9U7dii9PDGWdaeBAEYOv8Sh579BpTBPR9927vvZf4WTa62XjcT9r5emzpaOu52o+oIl5waA1GZVQOj4iYME5Qqh7ze6igAMH36VPZ/8JbzmLiRLDhGDMQI324Ib5QgqC+haGaEkItNG/55H+fDFfyKo1ihMz3D4p3/HvV/4TQA6+nZQLRTItrTRs+NewPDB8/9EFIZMnDjCwtRp0tn9bNjxEM09PcyNjVFdLHLm4Au0fObXYpeM8UH7GL+EEBJjZwDBwtRZjr/5QwCcdIqHfv532Lj7sYZAYeqdX5YFDoPQmlPv/oh3fvDnlOcXsGyL3Z/8Kv27H22U/BjqJUOXJW5cbtcjcd3dHInIcW24ktemiVG2q1ewvexltYOtlecpL5xjUm9hWO9vLD9f3Lhdv6Ql3NwopRqZHHGek244OZL3ZEJCws3C+eLGneB4XDq+JZGjUChg2zaqXiUQ+eU1BQ7bS1MtzMRlKum+azvghKvCTSFwnI/luliuS6olFhR0EMRlLaUiTnGazNRQY91KqodyerlTS2TnP/bz3ypCxoUQwuBKTdrSpK0IT2lSlsaREZaMhQAr8rHb+7EcByHiPA2jfURYhSiIpQoh4hwJqTj4zJ9x8q1nEAJ2PvKz7H3q62gDykkh812NtqqCumWj7p4QQGn+HO//+C+ZOjtEpqWJfPtGurfdXxczVpY4GIQQscPECHQYMH36ZNw9RGuMjuoVFHHtiDECR4DQ8WRemuVthdEIISjOjDF8+CXOHvwp8+dGCas+Ub0mL9vWSnNXP+PHDxMFAYWpGYaPvMKOh7+KQcRigQ6IyvNQqxJFAUL7WK6D5WQRaFp7t5Lv6GZm+AwAJ197jp7NnyDX0cfOx36BwbufomNwL66XJQyrzJw9xvixIwTVGmcPvURH3y68TJ6+ux5lbuybAJw99DK7HvtFHNeLs0u0j4mqYKXQvo9SGWZHj1KamQMg29rBhh0P1UUJs6KMyMQ5JlozdfYQJ978LkPvvUpQrSGVZNO9j7Hnya8RSRkLG1LE2SgfuxxqrZKq1SGklxI54OoJHYnIcXW5ktcjxTw7rVew7MtrBxvUSpRmx5jXvZzQjzSWrxQ3hBC4rruq/Coh4XqyslWhqZcCLjk5EpEjISHhRlMsFle1UL+THI+2baO1bnw2FwqFOBTabiKoldYslbWdLABhInDcMtyUAsf5SNvGa2rBa4rfgEZraqUCQamIVyySmXsTPRPb7mtOG+V0P5VMP+XUIIHXcSOHfl1ZEjcytiZvBWSdiLSlG04OKerCg63AbY+7mugoLk8xNRA2iApmKR3DAMZQXZymPDcPQGF2FBBorRFOGsvNxCUljXIUgTEaIZdyNAzF+WkwhvL8IpXF6biEhLqzgNgpsdxWpV5aoSwiHTssgmqFKAzrc2MT53QsZYI0xBSB0GCigMmhA5w5+DzDR94kqJQJ/QAdRijLomvLdgbufpL+PY+ibI9Xvvm/c/bg2wCcOfA82+7/IiibqHCOcG4MIS3sVBbXtWKbg66AdsFEKJWmpWewIXCEQcB7P/4L7v/yb7Jh+4OAiUNBdQ2lHAbu/iQTJz7EaM3w4VfZ/uCXaO4YYGDfkxx75XtUiyXmx0cZPfo6m/c/hTES4xv8YpHQn8Np2YglLWqV5bpJv1ri3NABurbcG7tW6tpCtTDL2PE3GDrwPBPHDxPWfCzHpnVjP9se/AJb7/8ilpsiAiIZa01myR5zhbGj9Xfhip8vJHasfnw9bg64OmUrichxdbiS10Hhs1O9hCMDMq0DCLk+i2cU1CjNjFI2LXxoHm8sv1BZSiJuJNxolt6Lvu8DJCJHQkLCTcH54sad4Nw4n5Wfzb7vx04Or5uwdGLtjYXA9rKElTGuvG4g4XpySwgc5yOkxMs14eWWk2/9comgtEi1WCRdPEQ0/y4AoZVrtKYtpweopS9d/38r40pNxtLk7YAmJyRnRzhSY6GZnzzJ5Ml3mZ8cIqyVUbZH56a9dG/5BNnmLoy2kI6FFhIR1TBmqWeKWDVxCKpl6hmcqHQ+/r/u4ACWW8FGGq1D5ieHkEuJ8sZQnJ2gWpoDbdCRj9YhWhts2yXV3Ek9LgNl2ctyh473ZQSoRicXg9BxOYwAqoUZhj94maH3nmV2/CxRtUbgB2AM6eY8G3fdz8DdT9K16W6U7dWDTWHT/k8zfOjd2OkwdILZ8ZO0dg9CtYyTzmNnmxESjA4xQYAwQRz4aSIEmpaeLcALjfMzPzbG4Z/+PV6ujbaeLQgTEhd+CPp2P8rhF75J4dw0hXPTTJx8j6b2flq7N9OzfR+n33kVHWmGDjzH4L6nwEhq1Qq1ShXhZZG5dlCKfPtGbNchqPkUZ2Z5/R//PRt23Y9SDlFYo1qYZfL0EQrTM0gpULZNqrmJni172PPk12nZsC3uZiPioNcIQUg9vFVczUniespX4vfY9XJzJCLHjWGHfJG0mCPT1o+y13f+jdZxxxRt8aF+jMh8dIIohMC27VX97RMSbiRLpVLnOzny+Tyum3w1TkhIuL4k4kaMlBLLshqho5VKBSHb0PoooV9Zs1W97aYpL5zDRBWEWn9b+4Qbwy0pcFwIJ53BSWfI1A0bQbWKX1rELxbxSqcIF48AoKVDKdVXd3kMUkkP1LuE3NpIYUhbmrwT0uSEZK2IlNLMjX7Aoef+lonjB6kWS6u2Ofbas2TbWum/62H2Pv3P8dIZpA1aKNB+fS2DWtHmNAqDeCJsNNJOx8KGgaBW4fhr/5np4Q+IwgAdBkRhQGl+qlFOYYzh/Wf+gWNv/ACjdezK0Bonk2XvU7/M9ge/jBCxYKEsu9HaVEcaHfr16pfl4EyAubFjnHr3xwwfepVasUBYq2drCEHnwCb69z5O312Pk+/or4eHGnS9nAMDPdvuJdveRuHcFKEfMH32A9o3bMdr6ax3LKm3U6ECyscERdARQkcYY2jq6o87p2jdWHf86BHeqP0hD/7C79HStSnO0wDS+Xb69jzMkal/igM/DzzPwF2fJJXNM3j30wwdeB0TaSZPHmZm7Bit3ZsQwsXp3oZo7oxLdwz0br2Pgbsf5uSbP8UYw9zoCPPjY/VuK/GJUbaFl0mjXIfebfvZdM+n6d78CYSl4va8Mu6yEonYwXFeo5trwOqw0WVWt5MFrnkIaSJyXDlXct63qtdoEWNkWnux3ey6tyvNjRIGVY5Gn6JimhvLl9wbQggcx0nEjYSbjouVqzQ3NydOjoSEhOtGoVCgUqk0fr9TxY0lzg8dreomHCCsldYUOCw3DcRlKnZ2y7UeasLH5Naf2V8E2/OwPa8RXBoFPkG5QK1QxC2Nk5s6CVPxuuXUxjjDI9NPOTOIVpkbOPIrQwmDpzQZKyRjxaUpkyfe4PV//CMWxieA2PkiLYWwHVA2ItWK1bWD0UWbse9+E2Vl0WGJlNtGqiVHd/cG2ju70NbyZFCHAcboOMbSie9GCQFRUOHUO88wOzq8nFHZEAeWCf0AFgtLkaQARI6PX1lcqogBAVLZCCni6hmt0VEYZ28AQkgQmsLUCO9+/0+ZPHGEMAgxWuNl0vTs2M/g/qfp2foJbC8LYilfIhY3Ir+MqVWwLQc3naejbxuFc/GbYebsEXj4qwjlIaXCr1WwXQ/QEPkIO402USPO0/aySCWJtGbn459j6L2XqBVKTJ46xsvf+N/Y8ehX2bT/aWw7zgcY3Pckx1/9EUG1xtTp48yNnyC1/T66t36C9o0DTJ05Ta1UYejgc7Rv2IndtoFIqLh7CyIOPpWKh3/xX9Pau5Xjb3yf0twsURCgNdgpl5aePjItnXT072HDrgfJtfWBEEQmriOKQ0XjTiuRiLvZXHvWU/oSr3M9Oq0kIsflcyXnu0++R5c4TrqpAzfdvPYGdUpzY/iVAseih5k3y2GkK0tTEudGws3M+SIHwPz8fCJyJCQkXBcScePCLJW0aq3ROGC1ENTKeLlLb2c5aaRUROVE4LgVsKrFRdx0DiFv7y+KynZQTW14TfXg0jDCLxeolQq4pQUys69gZl4GoOp1Uk7XO7VkNxHY6/9ifqP49FYHwojpgiZlGRbGj/HGCnHDzWXo2PcFAreHnJhjdnGOptwGiqVRAqsL/FEi04rQs0hHMTt6GFVe4NA7z9GVbyV11xfJz75DGNbzORA4blwiFIVVpLTItfVQLS0gpEIqhbLs2MUxPdNQS9MtTXQO7kRZNlLZKNvBy7TQtfnuFUGZAqGWJy9GG6IwiJcL6lGYklxLL+lcK6Ef0NzbS/9djzGw9wlae7eiietoNBBFVaJyiaA0RVSchzBAWBaqfQBjebT37eLU268AcO7Mh0yPHiOslRk5+hrVhRnu/dJvkco2gbRBpSBadrcYHSKlJALCapndj3+VE2/9iMXJc8wMn+XVv/9jTr39Izbf+xlaN2wj17aB9v4tjB87QhSEnDn4PB2Dd+G4afr3Pc7UmdMAjBx5nbue+Bpuvq0ubAgiGqceabvseuKX2HTPZygXZvAri4R+lVxbL+mmTmw3FulMPVtDG9MIEtVCEMm4NOX6sjJU9lLrrM/NkYgc148rOc9d4hj98n3cbAtebv1ZSJXFKWqlec7ou5kyWxvLV4objuMgpbzQ5gkJNw0XEzmampqScpWEhIRrxuLiItXq8t9ty7KwrNv2nvZlo5RC13P+ItWKqJ1i7e+nsYsjqo5f+wEmfGysmRMfAuBksriZHE42i5POLecm3KZIS+Hlm/HydfHCQK1cICgW8EpFMgvvEs2+CYBvN1HJDNQ7tQxQ87pv4Mg/yhd2eJjIR5oIVxkUhmNvfIf58QmMEGR6t9Cy7TMslufYkJpldkEQ2oOkjcC07sHzamxov5tziwU2BLs4qyKUsxPja1yrl7lahWxTJ6L1S5RrZU6dHmNDdx5hQGNQwkKlm3jkv/gf4lISaYEQSGUzO3aM1771B8yNxhPWbQ98nv2f+/UVN/TrZRV1G2+8uN5RRUmiIC6H0TpgqRltXJ9ikEqx9cGfoW/v47T37cHLNsdOhSgkCipElUXCwjRBaQEpBUJZ2K6H3dyOSuVQThYENHUPoixFFEYUpmd4/i/+DbXFImEQ4OUydG97nW33fREsB6NDhIzqZz7urRrV6/nCoMaOR36Ops5+PnjxW0yePIbRmonjHzJx4ij5zg52PvZV+nY/zOTJD9GRZvjIm2x/ZJSWrk303/UER376bSoLBRYnJhn+4GW2PfBlpIwbqiBixwUstYIFN9+Kk2+pd5dZGlLs1hD1MhQNGBn/H8rr5di4FGv/EVkpdFxrkWNpPwkX5krOb4sYYat6HTuVI9Pcs+7taqU5KotTTJjtjOh9jeXnOzcScSPhVmEpk8P3/YbIsRQ8mogcCQkJV5vzxQ2lVCJunIdSiiiKYheHbMeYkwS10ppltLaXwZ+bQAcLSLvpkusm3Fiszkd+jer0afzZMxSnzmDOxcqU7aVwVgge1u3+h1iAm8nhZnIsvb39Shm/VMAvFkmXjtI0fxCAUKYoZ/qpZAaopAapZPpvyJBXTsqEAK1DsrahNDvOyOE3MOk8mS2fwk5Z1CJBSzbHaMlwz7Zeuvb24zkynvTbFsoSLN0r7dMG348vfL8WMHZ8hsPHTsVlIiimj73CqQ89dt3/KTb2dmEkCCNw6hZ0Y0ATIoFcaw/GLE+pywvnwGiMiCcoEsHCzDB+eRGEAgxR4KPDGku1LsaADsO6uFEvsainhHYM7EMYTRQFhNUFovICQWmBqFZECpCOS7q1HeV6SDeNlA5COhhhgVAYE1GcnUBICcQtaUszcyhLkWrKkW/rwvGygInXlxIhUwghEUJQLc2j68moStm4XpaBu56gc9M+jrz4dxx/5YdUS2UwhtD3ybV00T5wF8fe+D7zY2OU5xeYOPYWrd2byHf007f7AY69+gzGGIYOPMfWe78Qd7epiwJhPS9DGpBiuXNN3I2Gxv9GxGKQrjteQimuccbGerlc14iod1oxFxU6kg4rNxdpZtmhXsZyUpfZDrZAaW6cGd3HSf1gY/n54oZS6+vAkpBws7CUF1Or1RrLEpEjISHharOwsLDqcyZxblycJReHVrHDNKyV1xQ4LCd2R0eVsUTguMmx0j17SPfsAcDoiNrMGWqzp6nNnKYyNURp5ly8ou3GYkc2i53O46Ru/wRZJ5XGSaWhvQuAsFaLczyKBVLFswSFo/U1FaV0P+XMAJV6eKmW167G9mITsTjywrA4fZbAytN81wP0NjVRrAZIb4Gdu/cyuHtgzf1LKfC8+AMxnXZofiDD7gf6mTg4ysjUJCeGTtEVwoEXv0Fl96Ns2Xs/YmX3DaNRKNAB1eI8lfm5xkOTQ0eoFOfx8m1x11VjKEyP8vq3/4jq4iI6itMylsJF4/0ZdBjEHVoMmKBMUCkR6hApBCaKiGpFdFBFEmE5Hl6uC6lUXOqi3Li8RNoYLIRS1EqLjB59jaH3novbqPpBY4zZtla6N+9hYP/TdG++B9vxMDpAN4JXZT2YVjI98mGswAhBvnOAuGwlwEvnuPcLv0Xfnsc5c/B5Jo4foHv7fjo33YNlOwzsfYyFyW8BhrOHX2Lwnk+Rbu5i8yc+y+jRd0FAZXGB2YlTtPXvxsICKTDSLNcO1h0vdZUDQRxCKmRdFJKxGHT5osL1ZD1uDoiFjou7OZIOK9eGyz2fNlV2qBexlSbT0hfn5ayDMKhQmhmjaNo5qi/cDtayrETcSLhlEULgum7i5EhISLgmJOLG5aGUIgxDDApjtRFUy6Tya2xjuyhlx0Gj+V3XZ6AJV8Sqd76QCq9jM17H5sYyf36UyvQp/JkhajNDlOfOAKCUhZ3JxqUtuRxOeo10ltsAy3WxXJdUSzsQB5f65RJ+sYBTOkdm6nRj3UpqA+VMH5X0IOVUP5G9xlWzBmtNvHTgo8sLSCU5cXKU3ODduF4zkwuT7Lv3Ifq295JOfzzRpXvfBlpqnXRv7uHtV46ig4jxU0c4d26I+5/8JRzHxhiNMBHo+EN28tQBauXlkKPC5DnOHHyOnY/+QsNxoKMQv1wiDMLGeudnwkShjwl9wvlJ/PkxQr+KZdtYmTyWZeN4NjK7wtGiPISyENJFCxspFAbB3MQpzhx8geHDL7MwPh67IZQk1ZQnnW9hYO9j9O19nOaOwdgVEwUQVTBhDUwYCzlCYbCIwhrnTh2KW1WmU7T2bovLc0xYzwkxdA3uo2vTPQS1CpFfwU3nwMCW+7/I5Kn3qZWLhL5PcW6SbPsgvbse54n/Ko9yUrhejlS+HS/bGbsyAG0iQh1SDYsEQQVELGwYUz9fInZt3NSaxipWDnTtfI5r7eZIRI6Pxw71ImmxSKa1H2Wvb9JmdEhpZoyqdvkwegxDLGIkzo2E240lJ0ciciQkJFxNzhc3krKU9WFZFkEQoGUHof8hRkcIeenvGspLE1aSHI6bnTXf/U7zBpzmDbA1vqsWFKepzQ5Rmz5NbWaIxfERGK//4c5kl8taUjmkdXt/IVW2Q6rJIdXUAtQdMKUSfmkRr1QgM/smevo1AHy3nVK6n0q6n3J6kMBt/8j+LndiFZbnKI8fpjrxAWFxmqYdj3JuYhQThgSimbQteejhz9K3qfXjH2wd17XZuKmHdjvFs2+eobg4RFC1eO+l7/PAk19CCB1P8HVEWCsy8sGrq7Y3xnD01e/QtfluWnrioph0cwc7H/tZ/FoBqWwsy6G8MMOpt14gCuN2rFEYfyFUtsLNN5ESWaSIwPKQygZELDwoN/5d2iAsDIqgVmbixDucOfg808PHQSoyzR209e8i09JDc/cW2gf20NTej7KcWJwwBtCxYIOpCx1+3A5WSoywKEycwq9WSLU0k2/vpaVvJ8J243IXHQCyLobE/bNtN1Nvr2vT0rODrQ99lenhuH1x/IUXlJumY+BupHKw3BRSWQhpLWeTGAVCIiIVCxksCxu3Pus9iFjoaHYuXP6QiBxXh8s9h9vkyzSJictuB1ucGSUKfY5Gn6VGLJQnzo2E25VE5EhISLiaJM6NK0fKuNw8stpRPvi1Eu4aNg7HzeCXFohqUyh3/QHqCdeXy74C7Gw7dradbP99AES1IrWZ01Trgkdh8ixMxus6qfSqHA91m7dGE1Lh5fJ4ueWLI3Z4LOKXiqQLhwjn3gHASjXhtg3gtm3Ca9+E03zptpiN/c2PUZk4Qnn8CLXZswDYbop0Ry+nTo8wNDSDFxm6evI8/MQn8HLXZqLmbWzmyVyGk28b3h8uUJ4b540XvscnHnkSSxqE0Rx95dtMHP8AiMs+gmoFv1ylNDfLkZe+xX1f+m0yLd10b32E7m2PxjuuB4/61SLtm7/HwsRJijMjWF4OpRykl0Fbl8RWbwAAIABJREFUGhNW46xRZWOUi5BxKYoQdl19VcxPn2X40Iucff8l5iZGcFJpMs0d5Do2ku/cRM/2+2nbsINUvqMeWihY0eN2+WCNRugIY0LivrVx8Onc5BDp5k5a0jm6t91HU8cmpFQY5WB0gAlDdBjFgoRtI20vbs9bLycZ2PcpUs1dSKlo7tqM5eWQUpHKtSKkvWIsSyMSCBG3zpUimfBdys2RiBzXlwH5Lp3yFOmmzstqB1ucHSWolfgweoxF0/mRx5O7UAm3I0siRxAEjST/RORISEi4XBJx4+MhhIg7Iao2wCKqlVmrTsWqdymMymOJwHET87GvAuVmSffuJd27FwATBVSnh5ZzPGbOUJyOFQ/L8eolLXGOh+3d/hMIJ53BSWcavwfVSiO41D93jNJIHFyqLBenfRCvbRNu2yaUl0d5WaSdojp1ivL4IaoTH+IXztX3myXfsxGvqRnbS3NuAc6eOUJImrYuh4d/5pFrfmzpJpu9T+9H//hNjo3MMVceovXYu2zdfhfDH7zE4ee/1egwsuW+TxGFAafeehYrlcEYwdTwUdxsB16uuS5KNFqroLwmtj7wFRamTjNz9gherg2hLIxWiMgGK3ZHSOWCckBYCGERhjUmT77H0HvPMvLBW1QWi1i2Raatk7a+bTjpJpq6NtPUvZm2jbvJNHfFAoQQxI4L+KiTIHZ0GKPrAocmDH2ae7bRteUTeLlW+vY8gXIyCCHiL6xRiBAa6SqEZYOyVu1VGMi2bcTLd6DqLo34ARHnFghBGAYcO3SAudlpcvkm7vrEgw21Wdwelo2rwsWyORKR4/rQLY6yUR7Czbbi5T7qTLsY5YVz+OUFTut7mTGbGsuX3BtLLTYTEm5HhBDYtp04ORISEq6IRNy4Okgp444qVjthbW7t9ZWN5Xj1drF3X/sBJlwRV/1KEMom1bWNVNe2xrLa7Flqs0Oxy2N6iPLcNADKsmOHRyaDk83hpNdva75Vsb0Utpci0xbfrYz8Gn65GAseC8PMTRxdtX4cHBr/7OWbaO4bwMs1o5zlL0DzZcPrB8fxVAbPctn1wINcT7Y/uJ9Z32Py3AgfHHyXqfEzjL70F1QWiwC0bOhj+4NfRloOqWwrI0ffIp1vR1oOQeDjIhHnORKEgFS+I87nKC1g2V5dBFAIZYFxYseGsgGL0sIkZw+/zJkDzzM1dJIoDBFS4uUytG7cwuD+T9G2cRd+rYrtZcm19eFmWurbr6Nl6ZLwAGA0llS09+3FSTURBQFNnYOxi0RIlBJgi4uIJaux1cVdTeMjZ/i7//jHjJw5xYa+Afo2baWlraMxpARYbid74ZKVjxs+eqeKHOs9X61imC3qDZx0jkzz+ttn14qzVAvTjOpdjOndjeVL4sbS5C8h4XZm6X0eBEEiciQkJKybRNy4eiy1nY9kG6E/QRT6KOvSFQeWm6ZWHGf9QfkJ15vrcjW4rf24rf3ktz4BQLA4SbWe4+HPnmFhbBio37FLZ3Gzy2UtQq4vhf9WRTkuKccl1dwGgNGa0PcxUUAUBBitUZ6H46VAqgt4CwzHT07iWIqMnmXXQ/fR3HV9J2SpvM3Dd/fx3efnydoBE2c/pDi/AEBTdxcP/fxvk861oY1mzye/RtvAXSycG8XNNON4WaSyMMYwNjyEX6silWJj/2aUZeGk8zjpfBxcKuolGkIhhIVQDuXCHCfe/AHHXvsuxZlZAJRlkWrK0dTZy5b7Pk/fnqfItvYgLJegViWKIrxsayMEMQwDJkaHOfHB+5w6doRyqYjWEUIIlLLYtHUn23bvY8PAZlLpTMPxYTlpWrq3xWpMw3lxdd+vI0OnqFZKzE5PNb4A31ksHfPaf0DW6rKSiBxXlywz7FAvYTtpsi3rK7ED8KuLlOYnmDKDDOn7GsvPz90QIvnSkHD7I6VMylUSEhLWTSJuXF2WylS01QE+hH55TYHDdjNUC7NElTFU6sJ5cAk3lhtyRdj5Lux8F7nB2GkQVRaozZ6mOh27PBYnRhvrOulMI8fDTeeQt/ldPSFlvXTnEhMqY0CACSPGZ2pMzPl0Zi36N91zVQNFLwdvYzP37tnE+0c+oKdjgHLnJjIUeejnf4/OwbsgqiExYCS9W+6lpXcnfrXaEAQKC3P87Z/+IUfeewsvleb3/+3/TW9fbFsXQmKioH7ocatYpAEMQa3M0Ve/Q3l+ESfl4uXydG3ew+C+p+naeg+OkwXLQkiJkBZuthWQCCnRUcRLz3yfl37yT5w9fZzCwvwFj+3lZ76H43psHNjE/vsf4zNf+SXyzS3QSFqOMzWWMjM+fP8dXnnuh1d0Hrft2ssjT39hOVRRLD3Dncrldlm5NiLHncR6z9E29RK2EmRaez+SF3MxQr9McXqUBd3FsYu0g006piTcaSTlKgkJCeshETeuDUIItGoCkSKoltbMErOcOHogLCcCx83KTXFVqFQT6Q37SW/YD4AOqtRm4tDS2uwQ5ekzFKcmgDhQc8nhYaezWO4deGe1PpkQlsXbR8fozgQUwzI9O27sRda3r4cz0wtMDL1LdvOnefThPbT3bMXoEIMGHWGQSBWQaWon0+LG5SZAFEWMnj1NrVpBSEkYhqv2rU0ELJXsRAitQVjkWjfQ2ruJdG6O/r1P0L/3cZra++O8DMCYAIkCacclJPWsj5mpCf7xb/6Mn/7wO4RhgO04NLW2k8lmyWTzWLaN0ZpyqUhhcYFyscCpYx9w6tgHHPvgAL/4z3+Lbbv3xfszmnjiHb8uw6dP8uKPv4O/4o/QerAsm0q5yENPfnZ5gnfnKhsXYCmj5dKT6WshciQujtVslAdJi0XSrf3INe50LKGjgNLMKFWT5ah+rLE8ETcSEi7eXSWfz+PdAXllCQkJl2ZxcTERN64RSql6DkcbUW1yzfWFlNhumrA6TiJB35zclFeGtD1S3btIde9qLFsKLvVnhihPnaY4E4dtWpaDnc3hZDO4mTx2Kn2jhn3dmZyuYISDbxR9W/eQza3vMhs+NsJiOcAhpKt3kHznhV0xoW+YODHE6Lm4W4uyXNq7tzC49cKpwUoptm/rYGxsEM9MIyqFuNQDgxAOqFikMNrH6BBppVbZwMIguOiYdVTf1gjQIUYq0CFSOTz2y78f3wFz00CE0VWMCRHSRVhppJVBKqchbpQKi/z5H/8fvPvaixijyeSaeOiTn+b+R5+mb9NWMtk8UimM0dQqFcaGhzj0zmu88vwPGTs7xKF33qC4uMCv/97vs3n77roLZVmJaOvoYsuOPSzMz7KyqqRUWGRxPi6jEULSvbF/1TFmc3kGt+xAXuUyl9uLJXHj0qUrichxbdkgP8RJ59ffDtYYSrOjBBEcjR4nIP6cvq+10LhGknawCXc6Qghc16VWqzVEjsXFWABMRI6EhDuXxcVFqtXl7y2JuHF1Wc7haEcGI4RBFcu+9Geu5WaoLE5iohpCJTLHzcYtc3V47YN47YON3/35MaozcYZHbWaIykh9Eq5UnOORy2GnsziZ3G1Zy22MYWQ2wtETFEqKz93/9Lq3ffmZnzIyt4isFfn6r3yafOf+VY9rrfngwFnefO6fmClLVGUBMEReDrv8A5yOAX72q0/TNdAfB2quoGewE+fZH5HKbOCF98b4ct/uemeRCMeJBQiMwegATIQxZl3udmM0CIGUCi1VvSjEgNC46Uw83zUhRvsgbKRKI+w00kqjhcJEEUrFvUde/Ml3eefVFwBo6+zml3/9d3j4yc8sh4g2kFi5PNt272Pb7n3c89ATfOPP/oj3336NoRNH+d63/orf+u//F9R5f2Tueegxdu69Z9WywuI8r7/wY/7uP/57APbccx+//Ou/Q1fP6km466U+sr+EC/HxMjmulNtd5FiP8NPJcSxquJmude+3ODtCUCvzYfQkReK8oUe6a9Rq8SROSpl8WUtIqHO+kyMRORIS7lwSceP6oJSKczhqENbK6xA44hs1UXUcKzN4HUaYcDncsleI09yL09wLWx4FICzNUp0dwp8eojZzmoWxkfqaAjezIscjk2uURdzSGEO1WMbz2tnYu/6JBoAyGhlUUWGNifk85/c+ePOn7/LOsz+kIhzEgoVu9lC1AqYGBklhtsj/99d/z87d9/Dolz6F7a6ebO7bv4e3DszQnY945Vt/QGnqLLmODez91K/S1DGAEBqiAHQYixTrIFZXJcLykOhYzEAiqAePYhDSATsTZ2MIi1q1TG1uGGWnyLRtwBKC+dlpXvzxdwCwbYevfv1f8MhTn6ufUx2LL8TlLToMCPwalu1gOWkGt+7k67/xe/yfZ3+X2alJ3n3tRd5/53X2P/AoK8snhJCks7lV409nc3gr2gWnMzkGtmxHyuSO9dVldWbHtWoheyfTLU9i2d663RvlhQn8SoGT+kHmTF9j+flW24SEhJilcpWVwaOJyJGQcOeRiBvXDyEERqYxMkdYK0H20pmGtptBCElYSQSOm5Hb5iqxMq1kM63Q9wkAtF+mOn2K2uwQtZkzFKeGMOfiybTtpXCzeZzMUo7HrWctqoUwUzaoYIrObfesvcEKHBGiqgtoN0dHrm3VYx++P8qrz/wEIk0kc2TyM2zZuYNs2yYcf45Dhw6yuFig4iveO3GKvtP9bNm5fdU+Nu3byzvvfZdzJQ9/9CTlsWHmJ8fYtP9TNHcO1DNSzbKD4xJjtWyXXNtGjA6QVgqUjVEORPXJkYjLToSQIOPOKsbA5OkDRGGAsl0yzemGkDB69jTjdbfPpu07efjJz8b7MRFRUEX7FYwxSMsGqShOn0FIm0xrD162hf7N23joiU/zvW/9NdVKmeOH36sLHPWiiaXsjxXCTVxyIggCv7EsCPw4mJTlfJElBOICbpKEyycWna62yHG7ujjWcy5yYoqcnMLNrq8lbLU4Q7Uwi9t8DxPT2y+4jlKqYQ9NSEiIWdlCNhE5EhLuPBJx4/qy9D1EW+0E1TPr2sZy00TVsWs5rIQr5La9UqSTJt17F+neu+IFOqI6M9QIL61MD1GcjoNkLMdd5fCwvNQNHPn6mJuv0uoUqXqD5FKX11kmMBJtpxGhTyVYvotaLvu8+8L3MMoG5dCZ0Xzqn/1LNg4uiyA7HnuUn3z3eU6fOIY1P867r73/EYFDCElb+0Z0YYjJ7CAwTFCtEYX1Sb0gzq0Qcs1CA2U5ZJq76sKBwRgHLBd0BKwI9xQybqMrJAbItvUR1ipIZeGm88i6a8evxm1iAVwvjVt/rXXoE1YW0ZGPsGxAIU0cJFRenMROZXHTTQipyDcvq7qVaqXxc9zhRWPQmLp4I6WNqB9n6K8QOHy/EZdpMGgd1Mt1FEraSVftq4pg3h+l2floCG8iclweneI4AoGTunTCOMTtYMvzkzi5Hbht98H08nmOy1PinxNxIyHhwlyou0oiciQk3P4k4sb1ZynOIJLtKHOaoFbCdjOX3Mb2MpTnJ9FhEWmtM5Ms4bpw51wtUuF1bMHr2NJY5M+NUJ09TW16iNrMEOW5oXhVaeFkszjZHG4mzvG42RiarTFXtch742BdnoMjEBZRqhlnYZRitQh0AjA/s8jC9BxEBhEFPPGlz6wSNwDyTR5Pfe4BZk4fopjvYeL4YeAXVq0jgaywOBV2krZnKBNP/qPQj90bQiCkDdJqtIm9KEIg5PLbdHnib2ikEzZCPOrdZRDkOwaIghpgsGy3sQ/H81BKEQawMDdNcXGBfHMLwnJQuTakjjBGI02c8pFv70fZqbq4EY/13Io2xqlGqK2JhQoToXWIRiPrwsaSU2NyxXaz05NUSgUyuaY4TcSANgYl9KXPxzXn0uGdNz8XGn8sJSUix8VZz/ErfLrlKZxsc+NauBS10gLKbsLrfOIjjwUrAoUTgSMh4eIsBY/6vp84ORISbnO01iwuLuKvuCGmlErEjeuAEAIpJcZqByDyy2sKHJYTzwHC8ihOfsc1H2PC+rmjrxinZSNOy0bY8jgAQXE6dnhMx+Gli2PDQOxIcDKZWPBIx8KHuMHZCbUa2JZFe3Mz6dT62jQuYZsIZ2GE0Ft9F7Y0P0ngV4jsdppTFTbs2n3B7XNNTXzlV3+FSmAQ4gIZGlLitFqIqTnEiju9URh/YAvlxYnDwuJCE2ljDLXKkjNCcNEU0kvMwaWykdICdP3OVzzJ7e0bpL2rm9Ezp5kYHeHAmy/z+Ge+FDsnhMQIVRdOYoFDWh5N3vLrPXz6OO+//RoAjuPGXVTqe49dGxGRieLthWqUmlQrJYZPHWuMb3pynLOnT7Br370IZN3lcTP0hL1VhY0lPipsLP98bYJH7xS65HHArNkfHiAMqgSVAl7rfRd8fGmiJoS4LUOgExKuNkm5SkLC7U0URczNzTWucUicG9cbKSWhdjCqlaBaxlvj/rblpFDKQlfHIRE4biqSq2YFdrYdO9tOduB+AKJqgdrsUJzlMXOGwsRZCkvrptKNHA83k0XalycyfFxKs0OAYdHsRtmXN0GwRUStaSPuwgid+eWWr4HvU8t04RTGSXX04GQufGfVshSdAz0X3b8QoFIZdnbl+HBi+YN6Yeos5eIMlpNFuQYbC6FsJKvFoigIOHroPWanz13iOeJjNsZ8ZHkqneGuTzwYBwbVHzbEWR8tbR088tQX+Oaf/wf8WpXv/6e/pqWtI14fgRDqonP8seHTfPtv/oypibjebufd97L33ocb4zBG18UNkELFAgfxORweOsn46HBjX36txuF334wFDiGQQmLOy+K4PVgpMlxvloNfl3++sMiRuDjWpkucxHIzWM7aJXx+OZ58WblL/8FP2sImJKyPi2VyGGNIpW7+stqEhISLY4xhYWEhETduMEtzC63aCGrHMUavmYmn3DRhZfx6DC/hMkiunEugvBzp3r2ke/cCYKKA6vRpajOn8WeHqEyfoTg1AYDlpnAzWeylHA/32k56cpkOrKJG6MXL3jYwClWdRlsepVoJiCXKsbPzqFoBbadp6rxwIOC60RWOTiyQdlMsjfDMgReZOH6A5u5NdGzeT+fme2nZsAsvs1ocCsOAv/3TP7yipxVCsG33Pga37iTX1EwcZ7rk4IhdGY99+ou8//arfPj+u5w5eYw/+l//J5747Jd54LFPsaF/E146E9vUjCEIfCbHhjn0zhu88MP/zPDpEwC0d/Xwha9+Dcd1G6UpxizflZZCIqVqfFgeO/QetUp51TiPHHiTculXSWeySKHQQsNN4eK4mlyOuHEtxJDVDo5LcaeKHOs55hYxQlos4GV617VPvzyPnd2CtNKXXC9xbyQkrJ+l7iory1UKhfi2SyJyJCTcuiwuLhKGYeN3x3GS8s0bwLLA0YHiOKFfwnYvbeOwvQx+eZzIn0U5l+68knD9SASOy0Aom1TXdlJdy5N/f/Ys1dnTVKdPU50+Q2l2CgBl2diZLG42h5trwr7KwaWF0hS97d1UZf6ytw2EwvKLRG4T5dpySGbX5g0cevMlUA4LM0Mfa3yZbA4RzVKOls9VYWoGP1vFTuXIlwtxyYpZVqsHtmynUioipMS2nVWlKUZrFudngfgDKN+yOhtkCVmvodN62Q1hMPX5rUYIRXtnD//1v/43fOPP/h0H3niF4uIC3/uHv+In3/kHuno30NreheulCIKA4uI8Y8NDlAqL9eeWbBgY5Ou/8d+y7/5H4v03wkWXO6BIaSFFfHd6enKcF370HbTWtLR3opRienKcY4cP8OKPvsPnfu5rCCFR0mqIJHcm65nsXqkIsuzguBR3qsixFp3iJFJZOOsoT/Er8+goxMutLZKe78BKSEhYG8dxqNVqjesnETkSEm5dFhYWPtI2PRE3bgyNoFGrHRtBUC2vKXBYTpzTEZXHEoHjJiIROD4mTms/Tms/+a2fBMBfnGx0aqlNn2JhNG5JKqXCzmTJtHfiprNI+/I6n5yPm+tjZG6GtlZBFBqUtf5Jn21CIrcJEVTIeMsBOq70wc1CrUhlYQG/bHDSF95vYaGKX4vV5rbO1cnBxhhmRueI3O2k7TL5PfsJ/SrSsvAyzTR3b6GtdxvpXHvcjpW4dOSXf/23WZyb+8hzVcpFjh0+wD998y8ASGWyfPHnf6WRf3E+juvSVBdAYt9GLEAsZVxIoejq2ci/+N3f58WffJfXX/gRw0Mn8f0ak2MjjJw5janfHbMdB601tuPS0t7BPQ8+xhOf+TKDW3fWj1XXS0viEhghJFJYSGE1wkWf/e63mBiJW07dff8jpDNZnv3uf6JaKfODf/xbdu+/j75N25BCom/5DIxrzVrn5/wJszjv52snctyuKBHQLs/iZtrXtX6tuIDltmKlk6yThIRrheM4q8pVEpEjIeHW40LiRlKWcuMQjZukGmN3EFQL0HTpbZTloCyHqDoO3HVdxpmwNslVdJVx8l04+S5ymx4CICzPU5sbojzyPtWpk8yePg6AZbtku7vx8i2oK8jvyGQt2pVFERcTFMFarTC+98OXCYSiItPctX8rre3LVvFAWEROBqe2QMpxG8uzzd24xqfi5SnPz/LhB0Psu3fTR557fnaWb//J/0ulVCHf3sqv/s5vrnrcGEMxkFj+CXp672Xvz/wzhKgHCiobqRyk5SFsD2m5LN2V3ziwBQYufLxeOsP3vvVXaK1pamnlwU9+ho6ui+eALCEQSKxVlQqaCCEkmVyez//c13jy81/h5NHDvP/WK5w5fYL333qtsf3A5u30Dmxmz/772X33vbS2dzUe00ajTdh4JinjzA25Ilz0yHtv8ez3v00URaTSGZ74zJfJZHPMzUzx2vM/4tz4KN/6qz/h1/7V/0hTSxtSLJXUJFwZN04gul1dHM3EmTO2t3YLtNCvENRKpNqSP/IJCdeSC2VyJCJHQsKtQyJu3JwopdBaE8l2RO0cOgqQ6tI3pS03Q5DkcNxUJFfSNcZKN2Ol95PZsB8AHVRZPPYs5ZH3mR8+A5zByeRIt7aRaetsbGd0RHVxAaM1yrFRtotUFrL+4dffkeOdw/Nk3FkqVcid933m1fcPUV2YR1k23e1pWtu3AjA7XWJhdgKnsEDkNdE6sCxwNLfmaWproTY+ReTkeO+1l+nb0ElL97LLwy8bDr96hNmawgpC3NxHS0WMAV1YJFLt2JlmpAioKwsgYjlDA0oKjJBgYudDY1q/ou1r/ONHJ63pdDwmXW+veqExGAOBNgSRphZCe7rescGIpd0D4KXS7Nl/P3v238/E2DD/9n/+PcaHh7Asm1/5l/8d23bvXRUytOQI0SZE66hRjiKEjEWc+o6Hjn/A3/zJH1BYmAfgwU9+hu177kYIwed/7uscO3yAmXMTvPniMwjga7/xu3R2b2hsn3DjSEpVlkmJBQCUvfZx1coLCAT2JdLEnxqAegOIpEQlIeFjcDGRwxhDOn3p/JuEhIQbw1Kg6MpWsIm4cfPQKFNR7VhA6JdxUpe2cVhemlppjqg6gfK6r8MoE9YiuZquM9L2aN7zRZr3fJGoskhx+G1Kp19jfniIoFymuW8QACEVqeZWFkbOMHd2srG9EBJlOwjlkW9qpzh3lmI5JNey+nnuvf8RXn7uJ5hqgWe+/U3OzXwRj4C3X3qGirGp2ZvpbdGruhikMw73fPIL/OBvv4EIA+YmRvj7P/0T9j/5eVpamvH9gPdfeobJQhmrModp7uaeh/Z95BiNMcwUp9na5pHPKILFSaKghg5DlNeMnWlDOQKkhSUkOvIRQBjEwWm+244xBktJPEuiLlGKGEaGSqjRevVESUqBowSWFDhKkbKhFhn8/5+9N41xbE3v+37vWbkWa++u3vve7nvnrjN3ZjQjWbNIGmtGGllSJNmSJcWwhAB2YitwDAQwkAiIgQRBPgRGkHwwbCDOotiJ7ViSA1uybC22R/JImrlz7525+9LTa1V1d1WTLK5nffPhkKylWSSLRbJY7OfXILp4eHjOW8s5PO///J//E8XEOtE2DEMx5xqtn2tyQsvPPX4Sa4sbWsfExK2ylLjzmqGsfcIGwIfvvsn//r/8D3z3g3cAuHDlKX7kp36+s59rH3uRn/lLf5X/8+/+jzTrNf70a79HZafET//iX+G5lz+JMgyiPYFTwuSRUpUEG68l3vWvCfZrJez8dTDcQ9f5g1vwqdb5am9ivCAIR6db8Gi1Wk06iomTQxCmCq01pVKJIAg6y0TcmC46XRrNBZThEjRrfQUOe28OhwgcU4EcUSeImZ6j8MwPUnjmBym9/TuU3vk3hJ7H4uWnOhkdhQuXMR2H8vpdzPQc6dXr6DgibJQJih6Z9DIPPlxn7fx+heOlTz3NW1//fYpqjgbwrX/zG4RuHsurEzvzZIIbPP/Sj2Pb+/8Ennv5Itv3P8+rf/INdK1EzUzxx//ynwCgTQe0JnbSxOYin7x6hctXHw8SvPPGOo4zz42t+/zQ9RLKq4DnUbl3m/Tay6TPPIfppJNATsvCaJ1MbCtFHEeYhoJWQGe/LgumocjYj0+8lEoCRzsGEA3aVDjWbutYgKj1tQEYit7uCaUwtJG4TvasZuyZ+IWBz9d+91/yL//f/4uNOzcBmF9a4ed++Ve4eCVx0ehWN5cvfPnHqZSL/LNf+/v4XpN33niVv7f5t/nFv/I3+cznv4TXlMn1ODjYIrYXw4gcp8nFMcj3Zqsmhtn/o0LHSSchY4CQLdM0iaIIrTVRFEm7WEE4JtJdRRCmm7ZzQ8SN6WbvvCMylwm9h33fY5gWlpMmbK7j8MlxDk8YEInpnRLmn/8Ky9/z8/i1Mg8/eAe/Vu28lltdY+nqdfCrNNbfJnfpFc5+4T9j+dIL+M1t3r/9eDBnKpvhz/3CL7O66GI2ywT5M5h+lbp9FaU03/vVn+UTX3ilq4DwvT/4PfzQj3yVwlIBbZpow0YbyQlYGwZOFPBjP/tVvvjTX8ZOPf7+V9/+LmFQJrbPknKSiYvluixevoqTX0IphZXKYaZyKCsFpgumi7JSmE6407XhAAAgAElEQVQW2zKxTYVtKoxD9IZmM+n+Yhp01t37sIzkvUrRCv9MBAzLeHy99rp7t9uNToeUA4+9VCs7vPX6N9i8m4TLLiyv8nO//Ct88vuSENoktyNKRA6l+LE//5f4pV/5WyyfWcO0LFLpDKtr5wGwjxlEK4yGYcSKWXJ+OHioAQSOOEocR6pPa1iAP93aLXuLoqjHmoIgDIpt2/u6L1QqFer1eo93CIIwCeI4plQq7StLsW1bxI0pxbbt5AaMsUgU+kSB1/c9lpshbGyAFvf1NCBH1hSRu/Qp7OwyW9/4Rzz84G0WLj9FZiHpXJAqzLN0/XmKtz7i/h/9AxY+/hM8/8xlNm+uYsf3+eDbN7n+8pXOtpSClUtz/Pxf+6t89N4GWxvvAc+ytnCGxaeeojB/+F0dyzJ56dNPc+35/5SbH27yYOMDasUdVGaOq2cWufjMy2QXut9xvfnBXfxYMe8YrOYaNMvbuPkChmmhTIv0/EorrCdRFB7eX+/ccTqsx0WjVuXmB+906vVrlQpvv/FNnnnh431/pvm5eTLZHPVqhVJxG601vUwhH737VqclbBRFfPTeW1iWRWqAeuZzF68yv7jM1evP8e1v/jErZ87ys7/01/n4Z74foJPboXUMSmMYFsow+OJXfoJLT13nm3/0B5y//FSnQ4vtHm7zF6af0+Tk6IWlGxhGf4dFHCcf6obZ/dxy0A3zanGOTy3sEMcxcRxLWzxBOCaHlasAkskhCCfEYc4NcS5OL6Zpkk6nicw18L5D6Ncx7d7X5HYqS7OyTVhfx8pemtBIhcMQgWPKcJcus/aD/zlb3/hHFG+9T+g1mTubWOrtVJqV689TvH2D4hv/H/PPfSUp77CWuPHuG6xdXSOX338AmqbBM8+f55nnzx95LOmMw3MvX+K5lwc7UKMo4saN7aQ0xEhTUI94dHMTNz/H8tPJpN10XFSrNazXqPM//3d/i1q10mnLehhxHHcEjkq5yK//2t/rOx7DNHn+45/iP/kbv8o//T/+Lt/51h/je/1V2Eo5ccRoHfPbv/4P+e1f/4c911dKYTsO/83f+V/JFxb48k/8LG4qzUuf/Cxnzl3sbCvSEVEcEusIU8VowGyFk169/hxXrn2sb0mOcDI8yXkcjuGhzP5CjW4JHIOse5AgCHBF0BOEkSAihyBMB23nRrgnU822bRE3TgmGPY82sgReDTe70HPddg5H2BCBYxoQgWMKMdwcq5/7K2y/9s+o3Pg6keexcPlpAJRhsHjlGqW7Nym98zu89Mmf5Y1v/msqUZp7b97m2e+7fmLjfrTxAG/7HjmqnH/557n0/ItUbv4J26/+U3Y27jC3lkz2996p1XHM/Xt3jrQfrTUPNu71Xc+0LJrPvLA7vocP8HqUoHRj+8Fm33WUMlg+c7YjwNiOy5/9c39+33gjHRLFAWEcEMcRsWFiodHKwjSsTgcWYbwcJX/jILOex9EdjUMTw8j2XTNulZooc/BJVNvFobUmDEOx6wrCiBCRQxBOliiKKJfLIm6cYpRSxPYKYXOAeYpS2KkcUVPaxU4DcjU5xSy98jNYuSWK3/4XRL7H/KWnsVp3OQvnL+GVyxgP/pgzF17i3q13efODG2TXlrlwpbfKOA627lf42r99Dz9Q5G2Dp68lQkv+ymfxi3ep3Pg6TiZH6tzue5xUih/+yb/IowebhGFwyJaHJ53J8lRL4PjCl3+cS1ev02yMvh7ZtCyy+QK5/G7KsgbiGIJI0wwjap7iTM7FUA7a0NSjIlrHWEbSNFe128y2/w3QsUKYPE+ayGHTQKMHDBkNURg9HRy9fn5hGGIYhpSqCMKIONhCVkQOQZgMURRRKpX2ZUyJuHE6UfYZYu8mgd/AdnqHNttuhnr5ATpqoA4p1xUmgwgcU07h+g9gZ5fZ/sb/zdb7b7N07RnsdBalDObOnefRrRusXXuBO3eyzKVCvvWHX6OQ/WHyK5M7sAI/5O1XP8Jv3qeQW+ba9/8ilrNrN1965Wfwi3co3bnJ3DMBOo5QOkYpgy9++ccnMsar15/j6vXnJrKvWEMUa+pBjBfG1D1NzY+4W4qpehFBpLHMNF+4mkrEDK0I4yaGMlDKxDTsXr1chFPINIocA3VQIVlHDZLBEUVJaPARabs4IBE5HMc58jYEQXgcpZSIHIIwYcIwpFwu7xM3HMcR8f6UotyzUIXIq/UVOEwnOa+G9XXs/NOTGJ5wCHK0nQIy517kzA/8CphJu9g26YVlUnPz6O/+Ht/72U9jF0Pq0Ryv/slrEx3f+3/yBg+2k9yK889/nksXLz62ztIrf544CqlvbaDDOjryQEegI3QcgY73PXQcEWtNrOn5mBT9xtF+hC3XRs2PeFSLeFSNeFQPKdYjdpoRdV/jhZq6r/mDj5r8h5tNXr3r8cEDk7slE1PZ+zqz5AtzAKQzGSlhmRKmTagYJ45qCxwDOjgGuGPR6+cXx/G+IDZBEI5HO3h0753jarUq3VUEYQwEQSDixqxhpMCcJ2j2P2fabgbDMIka6xMYmNAL81d/9Vf/9kkPQuiPmcpj2Ckqt17DchzsdFITb6czVB9ukEqlic6/wM7mtwk9n3v3iqyeXcVxx2eH8+oR3/rGB7z7wToLrk/h7Iu89Nkf6noiN9NzmKk8jQcfYjk2pqmIwyZx2CCobBM2yoBPHNSIvB288gNqoUE9tmkE8aGPlJVkXHR7dOOwdfs9kqKT3cdWPaIexNRb4/DC5NEMYmpBTLke8ageUfViqn7UcnMkzg4N6JbLI4hby5TCtRSq1cbWNBSB79OoVUlnc1y8eo1PfOb7cRwXjSaImgTRkxl6OSzzztGDdg/j+rLFh9tHawX24XbI9eXpMc0NMv4cD1k27pDOL/ctU/FqRZQ5h53vnwN0cN8bTZdz6SQAuH3sygWhIIwO0zT3hXX7vt9xeAiCcHzCMGRnZ0fEjVkkrqC9TdL5FfpZrEO/QeTXcAov9F5RGCuq0WhM8D64cFzuf+3v4m/f5szzL6Nad2R2Nu5Sub/O6vf9Mt9++zZbN7/JUsGmGjt84ns/yYXLo8/keHi/wqtf/wDVfMBOXbG2fJVP/9hPofpMgrZf/SdUbn6DpaefJdXKrGiWixRvf5e1lz4JJMGjG9/5JhtrX6W0+H09t/cjU3I3/Xfeb2IaCtsAw1AolYgYYawJIoi15hDNBcdSFFImy1mLpZxFIWXiWMkZVMdx62SqOg4OrTVRFLFVvzWZb25GGKXA0WaYzirT4gAZZOzn1NtcNV9l4dyzfctUSpsfYqUvkVr9waH33y5VAalXFoRxsDd4FCCXy0m5iiAckzAMKZVK+44tETdmCG8ddr5GbvkSTirXe9VakVpxg9ylv4Bhz09ogMJB5Mg7Zcw//1WiKGBnc7eLyNzaBWw3Tentf8Vnv/QVnv7497Ney5CKK/zhv3+b99+8TbMxGtu374ds3HnI13/3G2TiMsVajbm1Z/jEj/5kX3EDYOmTfwHTdmmWi7TdEDqOsFOpzvPQbyZdFYwUj3sn9j+mha88k+LPXnP54lMun7/i8LnLDnU/xgt04tDoMdi4JYT4kcYLNF4UE7acHsowOh1WNEn5y44X8+0Nn69/d4mvf3eJeed8a/I+TT+RJ4NhxIrT1G7WUk2UUgNlcBCHYAye/dPtZ/dqca7z9d7cAEEQRsPBSZeUqwjC8WgHirY/r7TWIm7MGs4qAJHf/1xpuYlgHNWlm8pJMj1+aWEg3KXLzF37PDsffo30/CJONlES585dYPu7H7Dz3h/wsU//EOrhmzy4m0K7Ed/51tvceO8tLjz9Ii9+4vF8jEH58N0HfPThJtWtDzGtHOqhwQt/5ie49sInBz6RB7VtoqCJnT7bWeY36tiZ3TaUYaMGwGc+doXf69+ldWr5yjP7J3CHTWzjWOOHmkYQU/MjTDNxf1iG2pe7oUnWq/sxXrgrZuxud7mz7EefTVHy+7fSFYReJC1iB8jf0DFxHGMcMTW8W1eVvaGjQRDgum63twqCMCTdWshqrclm+7eDFgRhl27ODdd1RdyYNZSFclYIvVrfVU3LxbAcwuY6dmEyzQ2ExxGB4xQy/8KPUr/3bXbW77Dc6gySKiyQnl9i5/1/S+FjX6LghhgXFXHNJPaazBsZ3nz1Vd568w4vXZ7nwovnsd0UhmlgWxaGuTuRjmNNEEToOMYPIt799l3u3FrHDDZJofBZJue6rP3AT3DxwoUjjT3YSYJ32hkiAEGjTmZhsfPcr9cxDAunsAabp+dudz8O3rFuT+xiDc1QoxsRzSCm1IhwWjkcB0v9gpYYstOI6EWy7aV9+y75d+lbPDhzJELQvHO0v9OjcBpbxw46Xkc1YaAOKkmmhrKO3r2pl8ihtSYIAskJEIQR4zgOQRB08gJqteTCXUQOQRgMKUt5stDWKkH9raQTZJ/rIsvNEDbEwXGSiMBxCjEsh/kXfpStb/4/VLfuk1s+A0B2aYVG6V0a998nrJdZyGe5cm2R9eI833rzNvNxmoaluHHnHt/+8CbZrItjRWTzy1ipNBofhU3sV6hWqgRxhlRUp1irESuXJW+eqqF46fNf4amnr2HaR2/nGJRaAkdqdyIUNupY53adJUGjjj2/dsyf0vTTbYKbTPR6ixfDkGx3ed+y77u6PfL9CLOFrZt9w0VhV+A4qoOjTS+Roz0BE5FDEEaLbdtorTsTNBE5BGEwRNx4AnHOQP0tAr+Gk5rruartZvBrJSLvAaa7OqEBCnsRgeOUkrv8aer33qC6+VFH4HBb5Sre1kdEfg3TWUAZBueXDM5/8SnuPIr56FYZrxGiwm1S5XM8smzMsEzWKbNZKRMFDTLuGg3tsOxss15PUXByOK7H6hd+js9cvox5jBO4X17HdtOo1jYi3ycKQ5wDgkdmZTBb10nfCR81h7k8xsHXv7u077mUtQzPaXRxDIJteIPlb+hWV5QhBQ7o/TMUkUMQxoM4OQThaIRhSLFY3NetT8SNJwB7BaVsguYgAkdy/ozqGyJwnBAicJxi0mefo77xDqHnYbkuGAZOOkvj4UcAmM5+h8XFRYOLiwt44TxN7zKlShPz/kN2whwPyjFKz6HNRfJxTCEHhcWzPD2foX7jdVLnXubM1avHHrNXWsfZk9geNOs46TS0siYi3yOKQuzC7Ds4BuFwl8foOVjWAuLyeNJxaGKYhb7rxa3JkTqGwAGPixx78ziiKEIphWXJx5YgjJK2cCgihyD0pu3cEHHjCcVZJfS2+q5mmDaWnSJqrgMfH/+4hMeQK8VTjLt4GYCgXkkEDsDJ5qgXkzKQw0pIXEvhWiaFbJbLZ7tfwES+h+kk21RLK1Tvvkb8yZ/CsIdvJxd5VcJ6icz8/nIUK53Z9xzAnR9fZsJp5yRdHqdR8Bhn/sZeZs3FYeKjCAcqUdFxMjEatkRlL71EjjBMnCIicgjCaBGRQxB6EwQB5XJZylKeZOwVouo9ojDAtHo7Sq1UBq+6SZIF96Tl3508clSeYpz58xhWCq9W3V2WyxFHPgCmPXz3gWal3Pk6vZhMcqu3Xx16ewB+KSl/cA4IGnbqcYFDHByD86PPpvY9xkm7Ne3ehzCb2CQiwyAlKnEcYhguqNF8pBz8O97bPjYMw47QIQjC6LBtG9PcPd5rtVpH6BCEJ5kwDEXcENB2Um4S+v3Pi5abQeuQqLE+7mEJXZAj85STWrlCUN0jcGRytDtHmMeoV68Xt5NepYCTzuJmstRuf+tYY/XL7Q4qu4JG2Ghg7ylZ8Rt1nPwqhiWtIYfloOAxadHjSWaYn/U4HTjH2Z9BKzh0wC4qx3F3dUNEDkGYPCJyCMJ+JFBU6GAtoIw0QbP/OdF2klxEEThOBvH5nnLchcvUN95FRyHKtDAdF9tOEcdxJ8hzGKJGk3pxi8ziCgDppWVKd25Rfu/3KDz7pSNvr3b3NWo3v4FluxgtW1ccRQRe40BHlQbu6qWhxy105yTLWuB0lrY86eiW/q113GfN1vp7apJHRb9yFaXUvsmYIAjHp1u5itaaXC53ksMShIkjgaLCYzirRF5/0UIZBrabJaiv4yxOYFzCPkTgOOW4S1cA8Oo1UvkkDNDO5QibjaG3qeOYKApoFLc7Akd26QxBrU7xzd/GL2+y/KmfQw1Qm+8/uk3xnd+hsfkedjpD4eLlzmths4Hl7BE8wpDQb5KfPz/02IXBmGR4KXTL8miHNI23LnFS+Rt7mZUsDs1RhAMFevTtjaG3yBEEAYCIHIIwYg6KHPV6Uj4qIofwpCDihtANba8SNW8RBU1Mu/d1m+VmaOw8gNgDQ5zpk0QEjlOOu5QIBn610hE4nGxun5XuqEStSUNjp5xkZLRKSuYvXcVKpSjfeY1gZ5PlT/8cziFhoFGzQumdf03lxtcxTYvC+cvkVs7sW8erlrH25m94yQWUM39u6LELwzNZl8fyY8tmyeUxjMgxbUQtgUMPcC5RhoGOg7GNRUQOQZg8InIITyrtQFERN4THsJO5TOjXBxI4AMLGOlb2+J0ohcERgeOUo0wHd+ECfm2ns8zO5gmbw0+uosADwDQdSrdvMH/56U4ZSW51DTuVpnjnJuu/9z9hmDbKdFCmjWE5KCt57hfvEkcB+ZWz5M6exzgw+ag+vE/1/iYrzzzfWRa0Lp6cwq7AMQsTxdPKJAUPOMzl8eQkT0+bi2PXwTFI6cn4HBxt+okcWmvpriIII0ZEDuFJQ7qlCD0xsyhrDr9Rxc32rj2x3SyGYRA1NkTgmDByNTgDuEtXqN74D53nTjqD7w5vhYqDpAvL4is/yaNv/xZb77/F/KWrpOeTCag7N8/K9eepP3qIjmN0FBHHMVpH6MhHBzu4uTz5tfP78jUAmjslKhv38Bs1lq5ex+q8rqlvPyS9eg0zNYcwfUy+rOV0uzymUZw7ynjijoOjv8BhGAoYr8ABkskhCCeBiBzCk4J0SxEGQdurhM0bA61ruVnC5jpSoDJZROCYAdylK+x8+If49RpOJulZb6eH710f+omDI3vxUzhL19j+1j/m0c2PyJ+pM7d2EQDTccifHTwrI2w22Nm8S6NURCmYW7tIqrDQeb1467sEzQYLr3z/0OMWJs9JuzzgcNFj3jl9WS7T5OKIOx8Pg5S7Geh4/AIHiJNDEE4CETmEWUe6pQgDY6+iGx8SeHVst3cHOcvN4pc2icMKhpWf0AAFuQqcAVJLie3Jr1U6AoflOENvL/IDTCeHMm2c/DJrX/zrbL/2z6jc+DpBs8nCxasYA04g4iiksrlO9eEmhpG8J7u4Sv7MWmednc171ItbLLz4VTLnXhp63MLJM2nBA7qVtkyPy2MaXRxHQSlzoO4oSik0OilTUeN3UPRzcgAicgjCiLFtG6VU5xgTkUOYFYIgoFQqSeaGMBj2KgChV+srcLRfj+rrGHPPjn1oQoJcAc4AZrqAnV3Er1UhaXrS6UwyDFHgY2UK+5YtvfIz2HNnePT6b/KwXic1v5DkahgGhmGgDDN5mAaqtcyrValu3COKQrIXXqK58TZubo7CxSud7TZK21Q275G/8hkKz/7Q0GMWppNJl7XAXsFjdz/T4ooYhGlycShlEQ9QoqJUkpWidYiagMABInIIwklgWRZaa3FyCDND27kh4oYwMIaLspcIvDrpPquadgrDsIma69gicEwMufqbEZzFy3ibb3Weq2OcmCPfw1583N4/9/TncPJn2fngD2hs3SQKvb7bypx9ltzTX6T8nX8OymTh0m7Ijt+oUbx1A3f5Kkuf+tmhxyucLk7C5XFwH5MUEE61i0MZDFSiolrnGz1896ZhkEwOQZg8Uq4izAri3BCGxlklrL2DjuO+cy4rnSFqbE5oYAKIwDEzmE5moHaOgxAHAVZ6vutrqdVrpFavtZ5p4tCHKCAOPeLQQ4fJ1zr2sVLzOAsXePD1f4C3c5/lax/DdJKYHR1FlG7ewHTzrHzPLxxrvNN0x1s4Oifh8ui2/Wn6G5qGv+kffTZF9ZaFHkC02HVwRBPveyMtZAVh8nQTObTW5PNSYy6cDqQVrHActLUKvEPo17BTvc97tpvFr60TeduY7uNZcsLoEYFjVlCK9jlaMVhjx27oKCKKQsxMd4HjwE4xLBcsF8Ptfufm0Rv/nPr628xfvIKb2+2O8ujWDQKvwZnP/SWszELX9wpPLrPm8pgGF8cw+1eGAQNkcNASOIjDI+9jFEjwqCBMnoMiR6PRABCRQ5h6pBWscFy0vYqhzCRotI/AYTmtHI7GuggcE0Ku+GaGXVlD69bTIQhbLWKtgQSOw4maO2y//uvU771JfnWN7NJq57Xy+h2aO0WWXvkp0meeOdZ+hCeDaRA8uo1j3Ps/aRcHykJrv/9qexwcJ4VkcgjC5BGRQzhtSOaGMAqUMtDWMqFX7ruuaTmYlkvU3ACkmcIkkKu9WUHtUTSO4RGPWgKH6Rb6rHk4tbuv8+i13yTyqxTOXyK3cnb3te0HVB9sMHf98+SfkpawwnCcRFlLt30cRYCYBhfH0TEHdHC0MzhOxsHRRkQOQZg8InIIp4UwDCkWiyJuCCMhMpbAu08chRhm72sLK5UhqG9MaGSCXOnNCmpPYcoxHByRfzwHx6PXf4Odj/4IJ5Nj6akXsVO77ZO86g6lOzfJrD3P4ss/OdwABeEQZtHlcdIuDmUY6CN0UZl0yGg3ROQQhMkjIocw7UjmhjBynDPgvU3o13DSvW8M224Gr1okamxips/2XFc4PnKVNyMoZezeaD2WgyPpjHJUgaO5dYNHr/8GfnmD/Ooac+cu7nu9XtyifOcWTn6V5e/5i8MPUBAG5CQEj277aY/j9Lk3kjaxeoBEH63bAsfJOjja9BM5tNadCZkgCKNBRA5hWjmYuaG1xnVdETeEY2GmVqFiEzQHETiyQCuHQwSOsSMCx8ywN4ND795RPSKxH2ClC7uW8wEov/d7FN/8bSzbZempZ0nN7R7kWmvKd29R235AevUaS5/6ixh2psfWHud0WvuFaWNaylqGef+kXRyd/SlroO5M7RZpJ5nBcZBeIkcURSilxMkhCCOmm8ihtWZubq7X2wRhbHQLFBVxQxgVgbGI6RX7rqcMC8tJEzbXcfjkBEb2ZCNXdzPCXkFjWHEDIAw8zENaxB4kqG5RfOM3qG++R2ZhmfkLl1F72jF6lTLlu7cJvAbzz3+Z+ee+PPS4BGEcnJTLY9IM/X0pAzVABsc0hIx2Q8pVBGHy2LaNUqpzjDWbyTEoIocwacIwfEzcsG1bxA1hZAQsYof3CQMPy3Z7rmunsjR2NhK3q5Jrj3EiP91ZQal9dYXDEvsBTqG/wFG99ac8eu03QYfMX7pKdnFl3+uVjbvs3F/Hya9y9jN/mdTqtWOPTRDGzUm5PPpxclkc5kAlKtAOGZ0ugQOkXEUQToK2cCgih3BSSCtYYRKEajH536/3FTgsN3Gwh/V1rOylsY/tSUYEjlnhCCUlvYgCH7NHHZmOArZf+3Wqt76Bm59j/sIVLHd34hU0G+zcvUWzukP+6vey9MpPj2xsgnASTIvL4yREDjVoiUrbNRZPn8AB/ctVtNY4jnNSwxOEmUREDuGkCIJAWsEKEyFSWTCyRF4Nsgs917WdbOJua4jAMW5E4JgZ2iF/DB0yqsOQOI4OLVFp3H+P4uu/gV/dIn/2PHNnz+97vbb9gPLdWxhWipXP/ALZi1JjJsweJyl4HKdN7VAYJjC4wKGnJGS0G71EjjiOCcNQylUEYcSIyCFMGumWIkwaba8QNO/0X1EpLCdL1JR2seNGruZmhM4dVDW8whGGAdC9g0rprd+i9O7vY6XSrFx/Die7m4oehyGle7doFLfJnHuBxY//1NBtZgXhtHGSZS3jblOrlDlgm9h2icrJt4nthZSrCMLkEZFDmBRSlnKyHMwAbD/fvQmi9/1/8OvTRvvvLLZWUN5NwqCBZad7vsdKZWiUHxCHdQzraE0XhMERgWNW6EwwGNrBEfnJRYeV3rVY+aV1tt/4Dbyt75JdPsP8hcv73tMsFynduUUU+iy+/OeYu/4Dw+1cEGaImXF5qAEzONR0tYnthZSrCMLkEZFDGDdSlnLymKa57/PTsqzOA5LfURiGnS5LWmt83yeKYziFQkf7fKat1eR5s95f4HASUSNqrGPkZzufUGuN1npfe+a9y9uvqVaO5MHlh73n4KNNHMedZSJwzAg69FpfDd9BJfJ9AKxWicrOR3/Io9d/E8OwWLryNKn5pX3rl9dvU32wibt4kTOf+GmchYtD71sQZplpc3kMimEkHxGDtJ5OPqCmM4PjIP3KVYIgECeHIIwYETmEcXGwLEUpJd1SxoxSqtNu3TBMLMvEMAxM09zn3Nj7O2i/ZllWZ1Jr2zZRFHWEj72T1GmnMwlXLsqaJ/BqpPJLPd9juxkMwySo3UW7l/Z9r4dN3gcVCtoMIhTsXd5vDIeJCP3GfVIopUTgmBXioH2xPryFIwp8DMMEw+Dhn/watbtvkCossHDhMoa9q8j69SqlOzcJGnXmrn+BxZd/4vjfgCA8YbRFj2no0nIYmj2lJ8rsua5SxqkROGAwJ0e73aUgCKNBRA5h1BwsS9mddIu4MQ7an4m2bWNZFrZt4zgOURTh+SHVepNYa7SGINDEcdT53RiGiWkaWJZCKbBMg7RrkUqlUErheR5hGHYeMN0lLHsFNW2vEjQ+GGgaZrkZ6pXb3LibG/sY20LUUR+GYQz1vr37bB+Dw45h2AdIicrMEHccHMMT+T7KzrDxu3+HsLlD4fwlcitn961TebDBzvodrHSB1T/zS2TWXjz2fkfBybXRFITZRe11cPRdWU1lm9he9HNy+L6P4zgicgjCCOkmcmitKRQO7+AmCN3oVpYizo3xoZTCNE1SqRSpVArDMFqVJZpGo8l2qcK9+1XCKCYMNNVqQLPpdTL+bNslnXbI5S0MQ5FyLS6s5liYz7omk6EAACAASURBVJNOp0ml0iiV3GRoNBpJ+UrrhsM0EgTJ96W1BnsVGu8T+DVsN9vzfXYqi9WocP2pMyir0HOivldogKOLB08qInDMCJ0SlWP8MYe+T+RVcDI5Vp59ASe9e4BGvkfp7i2aOyWyF19h6ZWfxuhTZyYIQn8OTrKnipZrQw8QHqqUcSoyOA7SS+Ro1wfLBbMgjJaDIofneZTLZRE5hIEJw1AyNyZE2xVj23bH2Rj4HlulOluP6lQqTXw/wA8Cml5EHCcOjjCMiaLd64coCqg3IvzAQAGmaVAu1rDtbdyUQz6fZm0lz/xcBtd1sSyLMAynUuiI47iTJaKUoh7kyACh11/gsFqvz6WapBevj3uoTyQicMwIcdDY7WQw9DYC8itnmTu/vzdzo7hF+e5ttNYsvfIz5J/6vmPtZximehIoCDOKUq2PiEEuKk5RBsdB+okc7UwOuXAWhNEhIocwLBIoOjnaeSau65JKpWh6AdVqg3K5yoPtGtulBtVKg3iAjmtxHCdt2YPdZdVq8r9lGeTyaXwvoLbok8+lyGZcMhkH0zRpNBqtjA59nHu5I6N93srn80RRxL2NB1yZn8dq1kn3qbgzLRfTcgjq90gvvjSB0T55iMAxI8RBA9M+XvJ/9swZcktnOs+1jinfvUVt+yHp1adZ/PhPY8+d6bEFQRCG4TgC3t7SrJGLgC3RdJC7JorTV6Kyl24ix6cXK53ALBE5BGH0iMghHJVugaKSuTE+bNsmk8ngOA5aQ7Fc5da9be7cKRIEo/vMD8OYUrFGqVgjk3G4eHGBy+eXWV6YI51OYxgGtXodHQT9NzYBgj3jaP895uafwit9Cx1HKKN3bpnlZgiqd8Y9zCcWEThmhNhvYjrDp/7HUbhP3PCqO5Rv3yTwm8w/98PMP/+VUQxTEIQRcjB3ZtRih+oEi/YvUUEZp1rggMdFjm8+yj8mckgmhyCMFhE5hEHpFigqwvN4UErhui6u62IYBuWdBh/d2qZYqlKp1gnDAa4LhsTzQtbXy1R2QlaWajx9eQnLMsik03iGge/7J16u0j5fAVSrVVZWVsjM5/BK3yLwazip3jYOy83g1UqEjftYabl5PGpE4JgR4qCBnc2MZFuN4jaPbn2Ek1/l7Gd/idTqbPdpFoRZZCRih9oNGe27qlLoU5jBcZBuIsfBTA4ROQRhtIjIIfSjW+aGiBvjw7ZtUuk0Whtsl2rcf7DD7bvbNJteJ3tiXERRTKXSpNEIaTQCLFOzsjxHPpcmnTaJY00Q+GMdQy983yeOY/L5fKfjy9zcHHZ2DcNwCJr9BY52TodfuysCxxiQs8KMEAeNYzk4DHNX66rcX8dduMC5H/4vRdwQhAkxTBegcefS7FosB3FwqIHCSE8DB38XrxZ3L1TaIsdJ3z0ShFnDsqyO0AG7IocgBEFAsViUzI0J0HZuZDIZlGFR8yI+uPGQ77x9h1qtPnZxYy9hGFIs7fDqG7f47t0iDS/GsiwymTSOc7yy/OPQbm8Nu21z2+cuJ3ue0Kv33YZh2lh2iqB2dzyDfMKRM8MMEDWS2i/jOBkcrQO0unWfoNmg8LEvdervBUGYXsYpcmiOkMFxCtvE9kJEDkGYPCJyCAcJw3Bf5gaIc2NctEt+2i1gK5Uab719m4dbOyc9NNbXH/HeB3dpNH0Mw+h0WZm0m7Ld0SWXywGQSqU6ywHs7HmiwCMO+2eFWKkMfu3ezNwcmibk7DADRI0SAJbjDr8RrUFrqpsbpM88Q+acpPoKwqQZxsUxzjEctYvKaWwT24t+IkcQBCJyCMKIEZFDaNPultLO3IBE3DDN3gGOwnCYponruti2TbnSZH2jzOb9EvX6yXcxrFTqbNwvc2+jRMOLcV2XdDo9UYFDa73PvdE+V7muS7FYBMDOXgAg9Gt9t2e5WbSOxMUxBkTgmAGiwAP2l5kMQ+XBBlHoU3j2S6MYliAIE2JsLg7jKBkcBjqevbsQvUSOOI5F5BCEMSAih3AwUBSSshQRN8aDUgrHcXBdlyiKuXOvxHsfPSQIpufGRb3u8+a793nwsIJhGKTTaWzbnpjIUa/XO+4NpVTnb3F+fp5SqUSxWMRKrWDaWfxmf4GjncMhAsfoEYFjFmjbwo9zgEcR1fsbZC98nNTK06MZlyAIR2bULo7jiB+dLipPqIOjzSAihyAIo6WbyFEqlU5wRMKk6ObckMyN8WKaJqZp4gcR97dKlHaqIy/F9ANN09cDXVJ0Q+sY32+y9ajM5sMiURRPzNHTaDTwfZ98Pg/sL5NaXl7GdV0+/PBD6vU6dmawHA6lDCw3i1+7N9axn0a01sRxTBRFhGFIEAT4vo/neTSbTRqNBvV6nVqtRrVapVKpsLOzQ7lcplQqSReVSTHOO3xxlFxcK2N4gaNafEgcR+LeEIRTym+/1xx9iYs6agbH7Dk42hzsrvJqca7TXSWO4053FUEQRsfB7iq+71MqlZifnz/JYQlj5GDmhrSCHT/tYFHTMKg1PO5tlNipNIjjEedqKeAY0yGtNVEUsV2skkpZzM/lsCwL27aJomhsc61ms7mvNMVxnH3iK8D58+e5ffs2b7zxBlfX8hhRQBg0seze12W2m6Gxs4mOmiiz+7rtVvWn5dEecxzH+563lw3yPR0XEThGzElYlbWOWhEa6rH9D2rbqm89xM4u4syfG8cQBUE4Agcn0yfFbgZHf+FCKWMm2sT2QkQOQZg83UQOaSE7m7Rbwe51bliWJeLGGFFKYVkWqVSKMAyoVKrcXS/RbB7Nmbh3unHYVMixRlNKUirVMZTi6sUV8rndkM9xdHhpuwUAcrkchmE8Jm4ApNNprl69ysbGBrfWt7lagMir9xU4LDcDwFuv/wG1cHEsk/3jYBhGZy7Z/r+9bO/yvY+9y0zTRKlkftpe1mubB7dnGMa+97aX7V2v/f69y0TgOCYn/YcHoKPkQ7+bmDGw4KHBmpM+zIJwmhm5i0OZKB4XTruvq9Az1EXlMPqJHEEQYNvDt+wWBOFxDooc7XKVQqEw8S4Kwng4LHNDxI3x0hY4ALZLde49qBJFg7sxLcsgn0+zspRlPp80O9gqNtgu1qlUGsTx0edJ7W0GAXheQBg+nnXV9EJu3Nni0rkFCvkki2OvY2AUeJ63T9xoh7AehuM4XL58mVptmah8i8Cr4eYWe+7DdrMYhkEh4+Fau+seNqFv/39wQn+YGNBNeID9IkUvoeK0IgLHEZkGQeMxWhayQf4YDxM8tI4x7PToxzZC+t3VHotFXxBOGaM+DpRhDtTCTLUjnXQIarY/WnqJHO07SCJyCMJoabeEbGfetJ0cUq5y+hFx4+RQhtH5WZcrHluPakcSOAzDJJW2WVnKsbaS5FNlsnUy2RTlUpVqzafeDPC9sOccyjAUjmuTTdvkcy6FQo4w1FRrPo+KOzQaPmG4exPF9wPWN0sszGVYKGRxXRffD0Z2o8X3fer1JEcjn893WtMOQjabJQrPEdQ/Gmh9y82SiSqsXLw49HiF/ciZYwAmZRMatg7pOBkcnZqoSGMYsz0pEYTTxPSIdSaDFM3uiqWz7+KA3sGjURRJ8KggjAHTNPfZw33fp1gsTufNJ2EgDpaltLt5iLgxGdquBKUU9ZrHTrl+dNeFBsuycdw0birN+bNLvPTMOT798kWeurLEfCGDaR4+R1EKbNticSHLs0+v8KmXLvDCM2t84oULvPz8OVZX86TS+28ahGFMqVij2Qw64oNhqKEDTPfi+z61WtIF5ajiRhvDXUPrmMAbpF1shsgvEQeVocYrPI7MaA9hlB+Wx91Wv/frOEajUeoYHwZao5W5L9RJEITTyUhdHHvOC73XawkcccRxTkWnCXFyCMLkOejkaN/9l3KV00db3Nh77SmZG5NDKYVpGERRRL1ex/f9I28jDEOKxTrfvbNNEEZcWFvEtkyUYeCmUpw/u0RhLke9VufBdm1f6Yrr2iwvZViYS5PPpcjmMuQyLrZjdeY0hqHIpG1sq3unlGazSa1WI51OY5pWp4xtWEYhbgAoZxWA0K932sEeht3K4Yga6xj2s0fel/A4InAcYNxixDhoZ3Bo1GM3Wgf9rNc6RhnmnuenU+iQMhVhlpiGsFFlWIN1R2mfK54QB0cbETkEYfKYZiK8duuuctquW55UugWKSreUydIOzAzCiO1SlXrz6AJHHGuaTZ+t7QpaaxzbYmE+SyblYJoW+ZxFNuMSFlKk0m6ndEVrSKUcVpdzFObSibBhO/uO3103OxzmJK3WPYrlGq6bwrJMwtAcOmx0r7iRy+U6bqKhMFJgLxE265DvvappJ+JM1FzHnhOBYxSIwNFiWGFimPeNSgTpnAR6ZHAc3NWhGaNao7r0kZ42oWMaJnyCcBoYmdinjMEyODoCx2x3UumGiByCMHkOBo8GQUCpVGJhYeEkhyUMQDdxQ8pSJku7/a5pmjT9mM2tOtX68KWV9ZpHGMSEYcQzT50hfXaxM+cwDAPHTXH+bIq1lXmazQaGaWLbzr7uGXvRQBTFBEFIveEThN2vQ8oVjwfFJivLGsuyMM3hBI4wDPc5N9qtc48z/zGcMwS1t5ObyH2sraabJWxsDL0vYT9P9JlkmGyNQfMxxtnb9+A+osgHFFqBbv07/D37H7vL4+RO7QDfjyAIk+M4IsVoxEDz8J5ve2l9eD8pGRwHkUwOQZg8lmXtEw+DIOhMUoTpRMSN6WKU1/V7y1Vu3n1IED5+PdAuXTlM3IjjmHrD497GFm9/sMmb727y4EGFZqO/u2TY7yUMQyqVJP9iVOIGgJE6m2x/gBwOO5UlDmtE3tax9ikkPJEOjqMeAIOsP+g2Ry0QKKWSmvcDB+FBkUPR/SDVWEl+h+WgTJtEM+19QE+bq0MQhDFiWGjt9V1NPaElKnsRJ4cgTJ6D5SptgSOb7V33LkweETemh73X8nEc4fu6bQjvStKGtO301l1dEnvLVQwDFgsZctkU5h6HuFIK07QOvC/CD0JqdZ96w6dWa7JdqlEqe9Rqftc2sW3CSBMGMVrvtjk9ClEUPebccBxnJHMc5Z5FKYPAq2OnetepWE6SwxE3NzHd5WPv+0nniTujDOPW6PXaYeuM272xbz9xiEL1Hs+BfwDKTqPsLIadwymsYjgZdBQkExQdk4gdvV0qJ0G/O9pSwiLMGieZK6OUMZiDAxE4QJwcgnASWJa1r7tKrVYTJ8eUIeLGdJEIDSaGYRBFUKuF+P7hn9/tsM1UKoXjuD1/b426R6lYY2en0je4VOtWeVm5wns3NvnWd27z6hu3uXlrm1KpShD4PecbXjOmXo/QWmMYxpH+nqIoolqtEscxuVwOGPXfpIFyVgm9et81TcvBtF2ippSpjIInxsExCofFsK8dZf9DEYWPhWsc3F83h4eysigzDUqRXryMlcpC7KO1AShQRjK5Ua3nqNYcRtF2eoibQxBmG6WsATM4WhcET2AGx0HEySEIk8eyrFbZbnKMiZNjekhKF/a38xVx4+RpZ1ZoHeP73qHZFQsLGVaW5jizMo9pGnhewP2tEg+3KlQqu5917a4oSwt5FuYzLBYyh4Z0NptNKrUG26UmpXKdyk6dWiPA8452EyCKgo4IYprWPrdIL+I4pl6vE8cx+XzirhjH36RyzhJWNomjEMPsPe223AxBfX2k+39SmXmBY1zCxjBix7hEjjgKW0GA+5fv1RweEzwMB2XnUXYGMHGXLCw3jQ6bu6KGMtDKAGWCUq07ue0Dv1XK0qm7Vyil0XEExChltt4nH16CMApOKmBXq0EzOFptYp9wB0cbETkEYfK0j6m9IofWunN3Vpg8B1vBgogb00I7A6MtDB52M0NrME3FwpxDJpMijDRuSpF2bcrlOk3fwzYtcrk0K8s5Fhfy5DLuYxkbnu/TbPhUGxH1Wo2dSp3tcpNKxaM5RAcXSISKuFVbc1hgabf31Go1wjAkn8+jtcZ13YHFkaOg3LNQgdCv4aQLPde13QxetUjU2MBMr418LE8SMytwHFfYOIqoMSoB5Ki0D+I4CpJikj3bTU5YB9ff88TJow0HlIth2thZB2UYEHktUSMRNDRJzV2MSkJIW3dzVcvJoVGddeNYQxygdJTIH0qhDJNYqyTfw7Dpl+8xKP0me9IuVhBGg1IG8QDnrPb5SMcDtJR9Qugncmith29BJwhCVw6KHPV6Yg8XkWPydCtLGUV4ozBZSqU6Oo5ZnncxTUUmk+H8mSXOLs/TbDbZ2t4mn89TmJvrKjK027xWKhU2NovcvNekXm8ShidTsjkpcQNAOcsowyVsDiJwJOeoqLEuAscxmUmB4zihoIOKFQeXTVrkaCuuQEu53BU0lOpeorJ3kWnnUIaNMize/9PfovzgJksXnmXx/DPkF89iWS6alsgRJyUwcRwmz7VOzBtKJU4NFCgLRSJw6NjvDETHBmAktnUjTEQOQ+5aCsJpQSmrlcnTbz0pUelGL5EjjmOCIBAnhyCMGBE5Tp4gCCiXy49lboi4MT2EYdjJrXAcF9+PiKLun+G1esA7HzzgQrXJ2tl5CoUChmGQSqVYWV7Gsqx94kby+eazU21SLDd4uFWl0WjS9AIajYgoGs3NkKSTUvJ3FUVR3xax1WqVMAz3ZW6MS9xoo5wzBN5m//UME8tJEzbXcfjUWMc068yUwDFKYaOfYHHSAsc+4hBt7N1mtw+P/fuLlYmBSRT43Hjtd7n/wTug/gVuJsP8mfMsXXqWlUvPs3DuOvmFs5i2QyuiuCVkxOhORocClZxQdBxCHCXrtE5yiRMkOZH1akUrCEJvTqRMRVkDnq8kZPQw+jk54jjGdd2TGp4gzCQicpwcYRiys7MjgaJTTvvzxzAU6bRNs5kEjnYjDCO2HtWTcnRAWWmyaRfHMslkWh1ANARhTKPhUas3qVXr7FSbPCo32N6ujUzU2IttW7iuPZDAUavVCIKgk7lh2/a+cOJxodwzRM3bRKGPafV2bdqpLI2dTYgDuSF8DGZmtjmsuNFPqOj1/KjvNU2zk1jcfrRbGiXtl7qf+OM43tchJak3Sx5RFBGHIWDstoZ9rDRlv3tDWQ4oE42iWrpP6d6t5HWt8Wo17t94n/s33k8Ej2yGtWsvcunFz3PlE1/GME2UjtnZvofluKSyCyjDBEOjjJaLQ0e89q//N2zX5dyzn2Vx7RpKGSjipJ5/RJxUJoEgzCrdyro0ChjcwaHFwdGVXiKH1hrf97FtW+5uCsIIEZFj8kRRRLlc3jfRFHFjOmmXSpqmQTZrUq0ZeH26wj/cbtDwDVR6gXPLBnZ2dxIeRppqI2R9s8z6xjaPtqtjETX24roG6YyJUrvzpW7UajV835+4uAGtHA4g9Gp9BQ7LTcSisLGOlb089rHNKjMhcAzTwWRYIWPQ9dpiRjuh+DgHUb8PhfxX/yZeaR0dVQlqDwmr9wm90p5B7n6plAIrByQhosV7H9CoNwBwUi5REBBHrYwNrfGqNTY+fJOXfvgvg0rKYXQY8Obv/xr33n+d5z73H/HC5/9CK0xUg45p1IrcfuuPqDy8T/nBXT77U38Dy7BbDVjGawPbi+RwCLPIpIU9w7AIj5DBMUg5y5PKoOUqInIIwujoJnIopaS7yhiIoohSqSTixilh2M+aZqPJzY/usXnXxDZ3t6E1BJGm2fRpNv0km2+CHPZ3dlDcONhWetwoq4Bh5Qm8Gm52oee6tpNFKSUCxzE51QLHMK6NUQgb3b42DKOjBtq2PdGTuVIGqYULAKSXPwZA7NfwKusElXv4O3eJw9ZFtQbDzqKxMJTiwe23IdakC3mufeaHWTz7FA/vvMPGB69RWl9HKcgvrpJfWEPHYBiKavkh6x++TnX7EcX199qjII5jlNYUNz6iXi4S+gGm42A5aQCiGJTWcvEuCKcINWiJSkfgEAdHL0TkEITJ0627CkgL2VEizo3TRdsRrrXGNBT5jEPRHuwmZBhGlIo7Yx7hYLiuRS6dzGnCMHrseqVerz8mbpxI7pWzQtC83X89pbDdLFFzY/xjmmFO7VlnENdGP/HisOd7y0F6PZRSOI5DLpejUCiQzWZxXXcqTuaGkyW9dJ25Kz/A8sv/MfPXfoT00sdQlkusTGIMgsBj+/b7aCBTWOTap3+MSy//EJ/66l/jxR/8OQwzaT27cOFpLCeDUoo41hQ3PqS6VQSgcOYplGEmPw+dODi2br9D2Egu4FcufoxOO1kzsWWNq12uIDwpTNSZ1HJdHdY+bt+qypA2sQNw8Pf3anGu83Ucx/i+L+dJQRgxtm3vCxOs1WodoeO04nle31DFSdAWN8JwV+AWcWP6CcOQMAxxbIOzyxnymf4Tf6Um++jHfM5ldTGDaSqCINh3PDQaDbw9NTemaZ5YqLdyzqLjkMCv913XSmWIvG3isP+6QndOpYPjqCUpR3Vp9Ftm2zaO45yq9n7O3AWcuQvk+Rx+7SFefYdH996j9GAdpRRzK+fJLpwhESPAb9aJohhlGKxcfL7T4slQ8PD2W2gdY7suy5c+lrSQNBSg0Trm4a23iMIIJ5ti8fwzrfcq1J6wnLZAdFykXawgjBfd6Y6i+3Z5Vkqh45O/2D4NDJLJIR0HBGG0nHYnR/vc4HkenuftcxG7rksqlZr4BC6OY3Z2dvaJG5N2MgvDEccxYRiRTpvk83kcp3Touq5rs7yUIZ91STmj+d1G2sCLLSwV4RhR1+VBs8nNuyWCoPu1RSrlks1mWyGjcSfYttFo0Gwmn7H5fB7TNE903mak1oiAyG9gO5me65pOcj6KGusY+WsTGN3sceoEjqN2JjlKmUm/ZalUamocGsfBya4kj8wiz3/xF3n73/1jli4mQoVCo5Rm+847oCGVy7J4/pnkNQVRGLB1KylLySwuUli9mrgzlImOA5rVIjvbSSuk+ZU1covnoN1t5UAa8KhEDkF4EplUFodSyceE1jGK3vZVpQzponIEBg0ePe2fOYIwTZw2kSOKIprNJr7vEwRB13XiOKbRaNBoNEin0+RyuYlcX8VxTKlUekzcGHfbTWF0tDupOI5DKu3ipmx8L3xsTmVZBitLWRbns2TToxEKYhIhw1YRloq6Lt8pV7izsfOYwGEYCse1SaVcLMtKOqi0brA0m82pEjcAMNJgzRM0a6RySz1XtZ00hmESNdaxReAYilMlcBxF3BjEtTGIsKGU6qjiszYZd7MLfO4X/is++zP/BTsPbyV3X9H49Qpbdz5CA3NLZ8kunk3ECBSV0ialB3fQGubPXCaVmU9u7LbKU7Y3PqBRSS7QFy49g2Wnk3ZSqvsFuogcgjDldEpUBs3hkAyOo9BP5GhncojIIQij47SIHPV6nWq1eujr7eunvefnRqNBFEXMz8+PdWxaaxE3ZgCtYzzPwzRNshmHQiHN9laVKDogcJhJTkchnyGdTk9sfGEQdZ1DWLbF4kKGVNomjpPvAa3xPI9GI2mekM/nMQzj5MWNFoZ7lrD+Xv8VASslORzH4dQIHMOKG0d1ahwUNiZ5EJ8Utpth6cJzgKaxs01x/X0q2w8BKKxdwbTTKBRaxxTXP6KxU0UDS+evd+zrOg5RGrZvvUPY9NDAyqXnUYaBVgqtnEPd7ccVOaRdrCCMD8NMJgKDChyDZHUI+xlE5JByFUEYLdMscgRBQLlc7tjt96KUwjRNDMPoCJ9xHCd3sFvfi+/7lMtlCoXCWMYnzo3ZISlTCYnjmNWlOcIwolxqPNbetVYPeOeDBzi3ihP9PXt+hO8/7lxKuRZPXVpmsZDtZFc1m81OK+i2uOG67sTG2g/DPUtYe5fAq2K7vVtV224Wv75B5Bcxnd6dV4THORUCxzjEjV7/p9PpmXRs9EeRnlvm8se/wktfepPX/9U/YPnCc0Di7EDHPLj9JjrW2GmXxQvPdt6niNFxxIPb7xCFEW42zeK5Vv6GMsGwewoZ43RySA6HMKtMRtxrZ3AMFjIqJSrD0U3k+PRipRNq7Xkerus+gZ9LgjA+uokcWmtyud6Tj3ESBAGlUmnfNaxhGB1Ro9s5oC12GIbRKWPxPG8sIoeIG7OF1powDAmCgHTKYmkhy3whTakMnrcrLIRhxNaj6Qi9TKUcFgpplhbyOLbRcW20RcppFDcAlHsGgNCr9xU4rFZOR1RfF4FjCKbe8zqouNGtC8rerwd52LZNoVAgnU4/0ReRlp3ic7/wX/Pz//1vce757yeOY2IdE4XBbteVhUXiKAQdE0cBOo6p72yxs70BaOZW1sgvnkOjkp+l0d/mLl0DBGH6UKp90TpgiYq0iR2ag0LsNx/l9z2X7iqCMHoOTs77lYWMk27ihmVZOI6DaZp9r01N08Sydu9dep5HpVIZ2fi01o8FilqWJeLGKadd4hHHMZm0y4XzBfL56RIH9rKwkGbtbAHXtQmCgHq93vk7n1ZxAwBlo5wVgmZ/oci0XUzLkTKVIZlqgeOwC7luLV57fd3vf6UU2WyWXC4nJ+k9LF14lrNPf4bs/HkMZVEv36e4eQeAysOHvPXv/glv/ft/zNatN6g8usetb/8+fusEs3jxGobpooFYK/b+Kru18N372jCIQ0N4Uhn7377RDhntf2wqpaRN7DHp1UK2HTzazbYuCMLwdBM5RikMDMJBcUMpheM4+wSLQbAsa997Go3GSAQbrTXlchnf9zvLbNs+8viE6WOvi8N1bM6dWWKhkMe2p6s0UikDx3FZXixwZmUe0zQ6TiWYvsyNbhjOWUK/PlDHOcvNEDXWJzCq2WNqz0qDToCPIm50W+Y4DplMRgLceuBm57FTOcoPbtKs1JNuKkHI+ntvs/7e21i2RW5picDz8OoNtIbVSy+0AgcVmMmJ5mAZymFlKRI8KgjTw66DY5BJtQgco6BfJkcYhlN9AScIpxHbtlFKddwJjUYDrTVzc3N93nl8fN+nVNrfovM44cJt0aH9vdTr9c7NvGHpJm7ITcHZIYoisceBFwAAIABJREFUwjBE65h8NsXq8hyNZsjm/UeE4XR8rjuOxdqZeVYW82TTbierJooi8vl8RxSc5jmEcs9C9TsEfg0n1fvcYqeyeLUSsfcAw12d0Ahng6mc1R9H3OhVgnLw9UwmQy6XE3FjAAzT4vLHv8wP/PJ/i9bsc2SEQUh58z71YolYa9xchvlz14k1aBSo3faw/brd9Fs+LBJCKswy43RxdIKEtU5aQhspMDJgZncfRgaMVBJIeshdCaXUvjrx9kMpNdUXIydFLydHO1BNEITRcrDcotlsdu4Oj4vm/8/ee0fJUd15399bsePk0WhGcZRzlkgiCSGiCVqM12CDn+dxWNbrcOzHuz7su8Hrx3s2Ha/37Nr4Adssz9p4DSZjkAEBAmQJIQkkgXIOM9Lkzl1d6f2j5tZUd1eHmenu6ZHu55w+M111q+6t6gr3fu8vJJNp4gYNcj/avqkgCGn7iMVidgDG4TIwMJD2zGFuKRcnqqpCURSYpokpbbWYO7MJolg9c+EBv4TF8yeipTkAXdfR398PVVVtcWM8xKkicgsIEaAmYwXL0jgcWoK5qQyXqhvZj1bcyPXX+eF5HjU1NfB4mFvDcFmy/nO4/x9exbJbPou2+Uvgq68Fx3ND3vkmUNvUikD9xMGBCwdwQk5LG7fvhZbngrmpMBilhxDaueEBzg9OqAcnNoITmoc+YhM4oR681OCazs1N2GAiR2GYyMFgVJ5MtwtFUbKsK0qFoigIh8P2d2peX6rnoSRJaSJHNBq1U2gWS6a4wdxSLl4Mw0AikUA8Hh+0ivBj0YKpaG4ub8rhYpjU1oi5syfB47EsN/r7+xEOh+Hz+caF5UYaUgu0IuJwcLwIQfQwN5URUFVPqHKKG/R/SZLGNDr2xUDjlHm45v4fINxzEuELxzHQdRKfvP3f6Dp+FARA/dTZ4HkPDBPgQIBBlxOn6wlzV2GMZ+iAvFwDczfrs0KULaMKESzRgnjA8TWAUAdCZIfrCmCaOkxTgSDHoGUMuuk5yiVkmKZpBTI2DBZA04V87ipU5GDuKgxGacl08aAuJHV1pRvoJZPJNHGDEGK7yZQSSZLSYvdEIhEQQoqa5AuHw8xy4xKDBhwlhECSPZjcWg9D18ATE30Dcaiqjkqlg7eChUpoqPNi6qQGtDTXghATA+EwIuGw7XKVKeRVO0SaAD1yDoauWpaveRBkH5RYp5XJzmUCieFO1QgcpRY33P73er3wer2lbfilCiGoaW6HKAfgrW3G2YPb0XP6BEzdQOOk+ZZFByEwiQSCIaFiLEUOli6WUQqcA/ZyvVDpc4sO+osVUlpr8r8oC8FxXJaowvECOMEHjvcBnA8cFwQ4DwwQO7EKx5kgZhKcVANO6E27150fjuOg6QZSqg5CAK9stddZhokc2TCRg8GoPLlEjpqamlE/+93EjXLOQGeKHLTufCJHKBSCoij298zgpYyLF03TkVQUCIIAryxhdnszGup82LW3A5FIDKpaGetBQRDRUB/EyiWT4PdZWVHi8QQi4YidJWW8iRsAwHlaYUQ+hJqMQfbnF01Frx/JaB/0RAd43+QKtXD8UxVPqmI7tCMJIko/gUCgOlMGjXO8Nc3gOA7h7k7oqg5PwIeGSbOtcY9puadkWnDkEzlywSw5GNWE07XCutZLvX8CwzBsUYDWWegeWD2Vx7nQyIKBmXAXOGCKEDyNIJwHIAJABBw40YUX3tiNSMwadH/p3msxva0GhJNAODlNkHGKF70DUfz65ffxydEOCDyHB+++CisXTmP3dhEwkYPBqDxuIkcoFEJdXd2In1uJRCItQ0ulzOslSbLjKwCWyEHjFmTCxI1LG0IAXdMRiUbhkWVIkoTaGh+WL5qErt4QunpC6OmJQteLs+TQDUBRTYg8IAqFr3NZFtHU6ENLcz2aGoLweiSoqopwOIxQOAy/zwfDMOz0yeMNIjaAcF5oqcIChyBZVioaEziGxZg/rfKJGyPNkJL5fzAYZB2/MiIHGrHm7m/jhX/8n6hpboW/vgUmBgc4ZCj+RjEiRz4hoxiRo2xm+gyGC4QQvLltPzZvO1CS/dXV+LD+ygVYPn9q2rXuFFQK0VIzspkMw7QsMZzPUKs+DlJwJnjZPyhyEOi6gY8OnEEklkDQ70U0bnWECSdD9E1K63BkPrs/OXoOpzssK4/+UIxZbQyDQiKHqqoQxdFZ8TAYjHQEQQAhBKqqAhhK5zoSkWOsxA2KLMtpIkcoFEIgEIDX67WXRaPRNHGDZUu5VDFh6Lp9LXg8HrQ0ByDLHLweHj6PhIFwAvFECilFy/seH8ypmBeOI5BkEQGfjPpaL5qbAmhsqEHQ77HvuVgsBt/gtSrL8ri+LoncAi15rnA5wkGQfdCSnWDT9MUz5gJHLkohbgBATU0N6/BVgOlLrsfd3/1/OLT9KfC8NDirnR5/Axi9yMFgVBOmaeLQiQvYf7TwSyrfPnTDgGkCPMdh9rQWrFgwLUNkGPxLCM529qE3FC1J+53Mm9Fmx9VIqxOAHJgOwnEgHA+ARySWRCJpdXqSSgqhaAIgAnipHpxQC+IwF83s9ERjir1crZLUc+OJfCKHrlvnk73zGIzSQgdSoxE5MsUNjuPKEnOjENRdxSloRKPu7xQWc4Oh6zqSSeud4/P5UF/rR12ND+1TdJw424NTZ/rQ2xuBrtPxV/Y+OA7wyu7XOb38RVFAQ70fM6c1oa2lDjzP28Jif38/IpEIfD4rq8h4tdxwQqQW6ImT0NQkBDG/+7wo+5EId8HUkyA8c7UvhjEVOIqJuzEacSMYDLKOXgWZuvhq1Le2Q02GABCAl7OEDef/IxE5Rit+sDgcjFJCCMGEhiAa64Mj2t6Ks2Giu29wgGoYroN+es339IXx0/9+C8fOdNvrDMOEpmkwDBOSJILjct8fqZTVOed5ftAiZGjd1z6/Hlcum5lWZzSu4HxPdorETw6fgz7oy60bBg4e68SEBuc5iILnOdT4PWisY0GdSw0TORiMypNL5KitrS0YA6BaxA1gyGrEKXK4wdxSSkM+q+TxAs2ukkqlIAgCJEmCJEmY2FyHmoAPqZSGZCKBSDSJ3lASumFA14FkQoOqatB1y8VLEASIkgivh4cs8/B6RAQ8ArxeDzxeDySJt2NtJJNJKIqCUCiEVCqVFlDUKW6Ml/ObOXFEvJNgxrzQ1FQegYMAhIMg14LjQtCT5yH4p1emweOcMXtylVPcME2TWW6MEcGmyVCTdQj1dYAjvB1gFKicyMHcVBiV5FPrlmHD2kUj2tY0LUHj4R8+i3MX+ora5kJPGJGoe5q/4i0itKwlsdjQPUNjZmz/6Ch+8uSb2Vvrhj1LYxgmnnt9J15+68O0MrVBP+65eRVuv25p+vO5yBYy8sNEDgaj8riJHIVicsTj8TQLibEUNyg0Y4uu6/bzwgkTN0YPx3EQBME1ILlpmtB1fXByojIZSUaLaVqTKTQAumEYkAQevno/OI6DovgQjSXhDyahGyYM3UQyqUNVVfsaE3gBoiTA4+XhkXh4ZAF+rwif15N2PSqKgkQigVAoBMMwbBEx013KLZudM0i7rutjLnQQQsDzvG2RYrdVlqGbK8EhCQgyoEcBUx3ciAc4HwjnA+EkyBKgGwHwPGcfP8s8l58xeXoVI264LR9OzA3WsRs7RE8ANQ1tiMSUnC4qzv8zRQ4n5bLkYDBGg/MFKok8JHHkppIJRYUg5J/9s13uAj48cPdVON3Ra697fesn6Om3ZgaDfi9WLZ6OiU21adsnFRWHT57HJ0csVxqe53D1qrlobR4qt3T+lKx6LZPT7PuM5zgYxlCn2LoXs9O/JhU1a1t215aOQiIHIYQNUhiMEpPLksPn82UF7IxGo4jH4/Z3juOqJiYcHXjnipl0KeJMaT5a6ICcihxOTNO0r59UqjIZSTKhA++RHi8VO+g583g88Hg8aGocWXs0TYOiKEilUlAUxbZ4qq+vhyiKrtlS8gkcTjGm3FnvqNjgdv/Qe4xeB862CsEZMFK94HgdhqlZwdBMHeC84PgagK8B4azsn566WsuVmeftepjIkZuq7fm4iRrOv/T/THHD7/dXzcvjUkbyBOCHgFgsBiBb2ACyU8cWEjtKBXNTYYwW+rwZ7bXKcRw0zUBKHbKokKX0x7LzvpBEHtesmmOvU1QN53tCeGu7FeR0xpRmfPa2NZjU0gDNGLrfdF3HK2/vsQWOmoAXGzesQPvkCTAG70uepNcJAPNnteKmqxdntfvoqQs4cKzD/j5n+kTMnj4xrUxNwIMFs9rSntlMlCw9+UQOmvmBiRwMRmnJZckhiiJk2XLPVRTFvgeB6hI3nIy3FJvlgg74qXXNSN9XzrEJFTgy9+UcoDpFlXK+I2m7qPhNj9WtfcVC+yapVMpuP72eaN/FuYxaaDj7UJqmWdYsug4yWCYej4PjONsa3+Px5GxnLoHD2UdzExdKBbUU0XXd/j0z20dFDqvPp9kWsJJUA4PjYer9IJwHpqkDxAThfAAfBCfUAZw1XhF4wIQBAgLDcdxM4HCn4r2e4bimZJbNFDMyv3u93rw5vRmVxePx2H57ALJuRDcxo5DbipN8g0vmpsIoNZkzBbmeU8VCX/jxpIJkcsjSoa7Gl/Z8c3YWMuuTRQE+T/qMYWtzPUzTBAcTPXEDEg/4JSviuV03IagL+qBoJqKKDsM00ezns+7PaW1N+JM/vs6aUbAWAgDe3nEYh090QjdMiAKPz95+OVYtmjoUXYxwALJfvPo4McUdbzCRg8GoPJkiB/3f+Z1SreIGYwhqcUHdIEY6GHYOeGmf4YOdH2H3h3sAAKtWLsPKFUvTBv+jrbMYqLhB/xcEIaeFyWigx0DPA3VncS53tsk0Tev+4Dg7Gxgdz9F4MTTYbSgURiwWhyAI8Pm88PutoKMvvLQJ3d3dkGQZV191OaZPm2KfW+oqVK6gpPTY3CZy6f/0E4vF8ezzL+Pw4WMIBPy499N3oX3KhEErkwAIGXxGEB4gEkAEnDx5Du9/sAv9/QNoa52I9TdcC6/XwyaMClDRHs9w4244l7m5pDi/S5JkR9dlVA8+nw+6rtsmeJmDw1wPBFqm3EFHGYxiyJxhKeU11x+OIxq3BqcCz9lBOekMi1PQpR0D54yIG7RsKK4h6OXhz9GvNkwTccVAf0JDgyd9xsXZIdGVHhAYVj52zg/dMDBoIAJN09EfigGmCUOLwDAMCFI9LvSFkUimEPDJkEQRmq6jdyBWorPGyISJHAxG5aGDJmoO7waLZzE+cLrsCIJgD8yHC/2tndvu2fsxtrzzBwiD+161chkA2NYFTkuKcvRp3dw2nJYFvX39OHPmXEmsAXiex6S2iWhsbLAFDqcrS66+C21fIBCwzyEtTwhBMqng2ed/h0/2H4TP68Vdd96KFcuXIJFI4qOP9uLgoaPw+byYNnWKLXAASKv3XMd59PcPjPoYASvYacuEJgSDgbRxTC4rEwCIRmP48KN9OH++C7Iso7u7F+3T2qx4GwIPwDnJJALgcK7zPF57/S0kkwpaW1uwZs0KeL1sMr8QVfvEzeWS4vyffnieRzA4siwGjPITDAYxMDCQFsgqX1BRJlowqg3nTEspOyCmCXT1hu3goJIkQhSHAlE57wlnsKxi61d1E/n6ZyYAzTAQSw2JJ9Rf1VmHmugGL0gQJB9ACI6e7Bp6RgPYe+gM1l853zLwMHWYMHH45AX89+/ez4rD0VeGFLcMCyZyMBiVh5qeOwdz3OBstCRJrD8zDsgcDPf1D+Cllzfh1KkzMIz8g37TNGGY1m/dPn0qPnffp7MmQ8IR672n6XpaNh1nAEpBEGCaJuJx9yDio8Hn89p9CY7j0iYzAODd97bh1U2bRyVwUEGI53nctGEd7tn4qbR+Ez1ON2i9Tisnt0nP/QcO4dy5TgDW5AolNnjOMs+d83fo7x/A0799HgcOHhnxMQKArukwTAOBgB+33LweN29Ylyai5Jt8GgiFEQ5bv7+qqugfCMEEB16qAyGZ2xkA4WDoun1coVAYLFJ7cVSspzMS1xQ3q41M3yoad4NR3fj9foRC2ekmMy048sXjKKUVB4vDwRgu9CWp6QY++PgkBkIxGOboXC6isRROnhtK+ZpSVez+5BSOnDwPWRQxoakGS+dOSbsfykHmM9dpcgkApq5YUb6JjP5wEh8eOJ22/d5DZ3Gqow/TWoMAMUAA9PZHcOpcD/MPrTBM5GAwKg+diWdcPOzatQc9vcVlN6PU19Wm9VmLff/RbV58+ffY8s7W4TW0CNZdfw1uv/XGnBM00WgMkUjpJh8GBqz+vnNyiOd5vPeHHdZ7aBj9Ap/Pi4kTWzChuWnU7ert7bMFhtGSSCSRTGZnnwuHI3jtjbcySg8KXeEITGOon/XBzt0IhUKDokj6OblszSoEgwH3yk3d3ifDnTF9GhdyTXErkxl/IxAIsIwp4wBRFBEIBBCLxbJ+6+EIGMMRM1gcDkY5ONXRg8d+swVdvdmC3WjRNAO/fOEPAKz7Yvb0FvzD//40JIG3OwmlFgwIIbhsqhXHw+0Zy3EcBLkOvFQDcBJ27tuPc+fTO309/RG8+s4+fOnea0CIABNAQ10AS+dNyUpdu/9oBxM9ykwhkYPOpjEYDAbDnaVLF+Lo0RMFhYozZ4cCbtMAsyOD4Pz5C+jq6rGXZLrI5LMOyFe2s/O8q0UEbetla1ahtrZ2WMJDJq9sesOyMABg5pj8OXeuAy//7vfQ9eInh1auXIo7P3VL3jL5RgX0OIPBADbcuA7z5p0tum43Xt202RHLJHt9OBzBjg8+xFnHdZGL/fsPYf/+Q1nL/T4fWiZMwMIF81y3M00ddAif6frPsKiIwDGck17IasOJJEksqOg4wuPxQFXVtJRYbkFHnf8XK2YwtxZGpTBhZTqpq/EXNF0FACWVgpIaiqRfG/SlvRQJAWLxJEAIRIGHJAowTUASeXgkEQRDprPF3hdUDKn3C/CKucvyhCDg4cFx6TNOzvuQ4zgQuQG86MeB4xfwq5fetzOvzJ/ZZmdTeXXLHrRNqMOd65YCAK5ZNQdXLp9lT0qouo5dH5/EibM9iCeUgueNMTryiRw0CCITORgMBiN77NFQX4fP3XcvzDz+AIl4AgcOHsHPH/8lEgnrWds+fWra/hw1FNMKzJs3B13dQwLHuXOdaRYHE5obUd9Qn7VlX28/LnQNWYPWBAOYNLnN/j5v3hzXCWPqVjJ7Vjtmz2ovoo3uJJMK9h88jD17Ps5bjhACjnDQUZzAQQgBz+V/T+XrDjl/V57nsfaqywBcVlTdbm3p6u7Bjh277d/IrW5BEBAIBEYcuJXjCPx+H+SMAPJpmDpAhoLDZsZpY4yhBUcxrin0f7fvhBDmmjIO8fv9UFU1K5aA2/fhuqowGJVg5uQJ+MLGtUWV7ekP4/09x7H7k1MAAEHgsGHtIrRPboIsFbY8C/plSCKfds07/6ZUHfFkulgwEImjodZ6Njb6BRBYKWCTjsj+hmliIBJHXW0AdRwP+h7OJXBADOL0+RCeeG4ruvusQXJbSz02bliJ514n2H/0HHTDxC9f3AZdN3DdZfPQUOuHwA9ZnPC8gBlTmuCRRCZwVAgmcjAYDEZx0ME+jXclCO7PRvoO9tTL8Pt9UBRr0q6hoR5Lliy091NszCznO/faq6/A1VdZA/BUKoUt727Hf/3yNzAMK+bDZ//4HixdshA8zw3F5zIM7P5wL372818iHo+D5zncdedtuP66q2wL98yA5TSuF3VbHE0WFY7j4PHIGefL/Zhnz5qBL3zhPhiD59gwTZw924E3Nm8BADQ1NWD5siVoa51o76+xsQGBEY73nMeab+yQa7lz/MlxHHxeLzh+6FzxfPYwesKEJvzR3bfb2ytKColEAqqmQVVV6JoOE9YZ4ngegmCl6/XIMmRZsl3dpk2dnOd3SY+hQsWNcroyjzfKLnC4nehiXVPyuaf4/X6Wu3scwnEcfD4fotF0X79cQoeTQiKH27J8biosDgdjODjF1cuWWDMdhToumm7ANGELHLUBH9ZfOR+TWxqKqs/5l+7v2Jlu9PRHbBPPU+eGZnt6Q1G89t7HaJ1Ql7avZDKFIycu2N/jCQXbPjyGs+f7B90VOCya1YaagNc+Luex/WHPSTz9yg4cOWXtQxB43HnDMqxZ0g5R4PGfzyo4ec6yzHjiufew/1gHNm5YifkzWtPaIYnMR73SFBI5rI48+10YDMalDU1RCiAr0LYTGhBUVTW8sXmLPWu+aOE8TGhuSgsIDtB3eO4BtGEYrkKDx+NBTUYMhrbWFoiikCagiIKASW3p79q6+jrIsmy7UtBnvaZpdvtou2k625EgCIIdGFRLc0dNt4ihwtHyZYuzLLff2/q+LXAQQnDzhnVobW3JqiuZdJ8YMc3c9jH0mGnfLfM4aeycXL83FYFyrQ8GhoQXej45jsOC+XPs/VPLj46O8zh+4iS6urqh61Yw1obGekxua8P0aVPQOrEZhBj2uYNpAMT93WxCBs8R0OvKzfvhUqesvZrRuqY4vzuXM9eU8Y3H40EqlUqz5KC4CR3MVYUx1jhf0s6o3OW63pzPPKfFhqYb+MVv38X+o+7p3M529uG/BmN45ENJafj1y9vt/fIcwXe/cjsuXzojrb5jp7vw1vsH8eo7e+1sKJIo4N5b1+DWa5aAIxpWL5qKhrqb8fgz7+LD/aeg6Qa2fXgUB451YuWiabh7/Qq0T25mL90xhAUeZTAYjPxkzvRnZlahWUBo1pxt23fioz37AFiix+rVK+x9FOsqQAfgQHpwb1pHpoUdzbRC66ADbyGjHD8Yr0vXdfuY3I6vVPEbVFVDxOFKU1dXZ++Xngun1YhpmpAky1qBd1h+mKYJr89rnw/KaPpZzjS1TpznlxCCzs4LeP+DXQCAWTNnYPGi+WnbEEIQCocRjcTs7zU1wbTjpL+JM73tiROn8fIrv8fBg0cQTySg605LCxOiIGJ6+1TcdsuNWLZ0ITiiA8agmEPSf9doNIbH/9+vEfD7IAgCgjVBbLjhOjQ3N474/FysVLxHM1LXFOdy5poy/vH7/ejv73e1wgCYqwqjusgUN5xq/t5DZ9Dd7x59vLc/it37T9nfQ5E4Xnl7H6ZMrIckZ7uoeGURU1obMLml3q7X2RkxTcttxe/z2DMzuq5D1awXuCRana9USoPu6Bx4PZJlKpmyOhaiwNsmrmQw9ocgpFvEReMKfrdlL157bx/oo9gji/js7Zdj440rwCEFU4+BEAkzJ9fhmw/eiMeffQ/vfHAIhmEiFIlBVXU01QeZuFEFMJGDwWAw8uM2kQEMiRyCIIDneZw6dQavbnrDtqScO3c2Fi6YmzbQLbZ/SkUHakmRL50qhdbhxK02p9UGPQ4qnpSi/0z3E4vFMDAYYBQAmpqyB9y6riOZTEJVVfh8Pui6DlEUoapDMcqcgkimuKCkUjB0PWu/xZLZD8kcb+zYuRvPPf8KVFXFypVLMWvm9Ky0tefPdyMWjwOwLFkDgUDaBFjmedm5aw+eefZFnDp9FqZp2m4uoiQilUohHk9AVTXs338I58934dZbbsStN68DQQq57FI+/viA3Waf14PFCxcwgcOFsvVmRtqhdbsAnR+v13tR+AxHo1Hs3r0bBw8exNGjR3Hs2DF0d3ejr68PfX1WhoKGhgY0NDSgpaUF7e3tmD17NubOnYuVK1eOe5GH53l4vV4kEtk5qykjFTAyt2NuKoxS4PZMO98TwrOv7cKB4+dzbucMqqvpBjZvP5BVRlVVGIYJn1fG3TeuwKdvXp323KPZU3weEXetX4EVC6blrK93IIpdn5zC0UF3ElkScOOVCzGxuRYCn9utb157uomr3yvDI4kwTeu+nDl1Au65eTXWrpgFYqZgGkmYpgrT1MHBQFOdF3963w2YM70Fb20/iEhcweol7Qj6PUzgqBIKiRymabKsZAwG45LFKWzQGX4qatDP0WMn8F+/egrHT1iTF40N9bj91g3wyHKaC8hw+q9UsKDiQylxDr4lSYIoiuB5vmQThIQQ9PX3267nHMehqbHB7rtIkgTDMKAoCnRdhyAI9rECgOrsI2k61JRlLRqNxtDXP2CLM6mUiqSSQrE4Ralc651EIlHbRanrQo9r2Y7O83Z/xuv12mlcnX01+ht29/Ti1795Bh0dVv9wYssE3HrreixaMB+yLEFJpXD4yHFseecPOHDgEPr6+vHMsy+hffoULJg3AzA1uOG8PnhBAJ+nX3cpU9HpmuFab2SuI4TA5/NVqrklZ/PmzXjjjTewdetWfPLJJwXLd3Z2orOz07XskiVLsHbtWqxfvx7XXnttOZpbdnw+n51D2mmhQWFWHIxqI/N643kOsYSCaCyRZ6t08pUNReK2K0iu+hfNnoTFcybnLKNqOkRRsAWOic11uOfmVait8cNNZxD5bB9OwIoO/kc3rcTJcz1Ys6QdV62YheZ6P2CmrA8AQmSYpgrDSICYGvxyAHdcvxg3XLEQ/eEYJk2oz3K1YYwt+UQO2pFkIgeDwbiUoINh5yfTJYUQgt0f7sOvnnwaneet92tdXS0+d/+9WLZ0oe1+QQWOYoUKZ912YO8RkGsawXksgiDYgs1oM27Q/ng8nsCp02eRGhQmPB4ZqZSKRDIJj2xlAqGiBmBN6IiiaB+nM81uNBLF+QtdqKkJ4lxHJ/7jxz9DJGq5hDjdeYptnyAIeQOLFtMvcf424XAYM2dMRzgSQVtbK5qbGu3+jSiKaRa+H+z8yBY36uvr8JUvP4i5c2aljXMmtkzAwgVz8ZOf/gIHDhxGIpHAu+9tx4L5s60YHBkIAo+vfPlBNDbUQxRFiKKIlgnNRZ+TS4mqskd1c0txdrp9Pt+46yQfOnQIP/7xj/Hiiy8iEokU3qBI9u7di7179+InP/kJ6urqsHHjRvzpn/4p2ttHnuap0hBC4PV6H/rHAAAgAElEQVR6EY/HXeMZZJqPMRjVRmNdAPffcQX6Q7ER70PXDfzf32zJm1kk02Qz3z0hukR+98gSFM1EPGVAy0ht2xKwyjuftXT/DbV+/PVX74BH4mEOziaYRALhJBCYgGmCmCoMPQLTiMM0VeiqAZ9UD7+Lmw2jOmAiB4PBYAzhHPxnCh2EEJw4eRpvb3kP27bvRHRwwO3zeXH/Z+/BZWtW2OKGqqr2M7RYOI5Ls6rIdI/JtU0hMSTTrcZ5PJqm4bkXXsGp02dyBu8sFk3VMDAQsr/H4wn85unnUFMThMfjQVtrC+7ZeAcEQYCu65AkyT5W0zRxrqPT3lY3DJw924HWiS1QUipUTXMIMcOzBC3W3ScX8XgSHo8n7be46srLsHrVCiiKAq/XA0GwstPQ2CjOPlpXV5e9r8mT2zBzxnTbmob2t6i1y+xZM3DgwGEAQFd3D3TDhFurPR4PZs1ox8SWBhh6CoTwACdlGQYwyiRw5Iqdkfm/m/UG/Z75GW/WGydOnMAPfvADPP/882W/4AYGBvCLX/wCTzzxBD7zmc/g4YcfRmtra+ENqwCfz4dEIuF6jtzcVYq14hiOmwqDMVzo9cpzHGZNnZCjFEGhF7JpWiaZdTUfuAocuTo4uZ4puWcqAM0woeomFG1o26l1vOuz2fm/LAnQtQQIdJiCHy9u/hBnz/cj6Pdg1eLpWDizBYRwMHUFphFCKhqB6DPAe1vt/TBxo/ooJHLQIHAMBoNxMUMtHOiMOBUBDMPAseMn8faW97Bn73709fXb78XGxgZsvOs2XHXlGjsLChU3aKDJYqBWBqIo2uKKEyWV7pKRTCr2Ns59JJX0/oMy+N05wHdOGsZicez4YDc6Os6XZYxydtAqgxCC06fqcctNN6CmJmi721LRIByJoqurO23bU6fPYPHiBWib2IIb1l2DSCQCXdcRjSWwZ8++tJgduXAKDZFoFMZgRjv3wsDAQAhdXUNuKbFYDAcOHcaihfPTunF1tbVpm4ZC1sQ14QhkSYIsD70zvV6v/b+SVKCqWprYMhRbzbR/LwDwyDI4QvJ3H00NeqoXhqZC8E9j4oYLVWPBUejHcV4o1YyiKPinf/on/Md//MewTKlKga7rePLJJ/HMM8/gz//8z/G1r31tXMQroVYcblTCioPF4WCMhlhCQTiaLp7RJ1mhq1bTDSiKiljcfQYlM8hZIXKVMQwTgkAgCwTO/lNm+cyI6vZsg54EIUAyoeLVdz/G2c7ewYCmHBbOnGhtbGow9TC0xAWAyCByS9Z+OY7DxOZahKJxSKKAmqCXvZSrCKfIYRgGUqmUbXbLYDAYFyPOmX6e53Hi5GkcPHgE+z7ZjyOHj9tBJQHA7/dh9arluGHdNZg5Y7qdWlZVVWiD1gbFuj7Qup2xPpJJxbYQ0TQtzQoAAE6dOQuv1wPCDQ2OTdPEqVNn0sqdv9CFCxe67TFAIOiHR5bT3FIEnsekSa3IPfIfQlFS6O7ptb9PamtF5iHqg5YJPM8P9X2o+82gxQZ1jaEi0tmzHejvD6Xt58SJ0+A5Ds3Njbj3njvtcxkOR/B3/+efca4jd8yzTC5c6MZPH30cfX0DeV1yTAAD/QP2977+Afz6188ULVRJsoSpUybh63/2ZWt/pon58+bglVffgKqqOHL0OF58eRNuvXm9HbcDsOKKbP3D+9j+/i572dw5sywL2UIWK4YCJXwERGoGOJmJHBmUXOAol/XGeBA4tm7dim984xs4ceLEmLZDURR8//vfxzPPPIOf/OQnWLx48Zi2pxA02Gi5rTgYjFITiiTws6fewc6PT45iLyZSarZJa6awUey1rGrZ+0oqKdR7ZEhCZpq03BYiTlNK09BBeD6tQ+PWZsCEocehKSEILpHQPbKIL2xci3hCAcdzmNRc67IPRqVws2zLFDmovzR7ljIYjIsV55hDVTVseWcrzpztsPulHo+MBQvm4uYNN2DhgrkAkJaClbqZOCflnJlK+BzvWgott/UP7+N3r7yORDIJ0zQRjcbsgXk0GsN/PvEkJEnKsg9NJpN2DAxdN/DCi6/gjc1brPGTx4Obb74BG9ZfZ9dTW1uD/+/hbxd1bgYGQti5+yP85qnn7bauX38dlixegBrHYD0ffr/PPg6nq8y27R/Yk8HBYACRSBQ9vX3Y9/EBTJ7clpaRRhRFkGHGJ9F0zQ5WWijmSOYYxJkVphCyLKG5ucneDyEEixbOw9qrLsO7722Hpml44cVX8fHHBzBv/hwE/D7E4wkcOXIcx46ftIObLhzcxjRSIMQAXB1VLDhegKmnkIqdheAfP+EJKkVVWHAUUp1kWa7qzpWiKPjbv/1bPProo8PabsmSJbj++usxadIktLS04MEHH3Qt98QTT+DChQs4e/YsNm/eXFSAUgDYv38/rrvuOnz3u9/Fd77znWG1rZIQQiDLsh1wNBMWi4NRzZy7MIDUoMlkwO9F0D98ayAlpUJJafB7JXjlbLeAcDSJTe/tG1qQx0RkIBTHnkNDszmdXf341Uvb0VwfBC8U7hy0NtfhmlVz0p/JtpCYZ0MighMaIPp0EKHGnvlwzjJ5ZRELZqa7z2X6pDIqSzEiRyqVsjrV7BnMYDAuMug7iL6HJk9qhT/ghyxLkGUZ06dPxbVXX4lFC+chELAyGDrjYuWL80CfmZMmtcHvO4hA0I+ZM3IPRvv6B9Db12/H8ch8L6ZSKhQl5RqQ34lhmLYlSDyeQM+g9YVzvOX1FtdX8ft96O7ps9/lHMdh2tTJaJ04IUs0oOcSQFofwJnWllq4dHScx569HwOwxI01q5dj85vvQlEUvP/BLlx77ZXwyPKo+gYNDfVYtWo5Tp85C91l8icXJgpb4DoJBgOW5cXgOaJWKn/8mY0QBAHvbd2OZFLB6TPncKGrGwTWOUkNujURQrB8+RJ85tN3ob7OD13phyB5AJLbTZTwPEAALd7BBA4XSipwFLoIR2K9YZpmVVtvHD16FPfffz+OHj1asKzH48F1112HW2+9FRs2bEBzc3GRb2+//Xb7/7/5m79BZ2cnXn/9dbzyyit4/fXXC27/D//wD3jttdfw5JNPFl1npXFLGUsp1orDDed6li6WUQ4Sjqwnc6ZPwPWXz0d9zcjSOEsijwkNwaxn49HTXdj0zr6ig5lqjiBnKVXHWy6paV3rl0QsnNWGq5bPyjA/zS+MECIBQh0AQA76ASINyz3O6YvKqDyFRA7TNJnIwWAwLkoMw7CtMXRdh8/nxV133Ir+/gG0t09DfV0tgsFA2vuJDt6Lec/FYnFMnTIZ/+ML9wEAWltbXMc/ADBrZjuWL8ttda1pGuLxOA4eGhpzzJ41A8FgIG9b5syZZddD44QAhScO86WTpQN5pxhDrTEEQYCmaWlWLLQ+asHxh+070NvbDwCYObMdSxYvwp69n6Cnpw/Hjp3Ejg8+xLVXXzGqd45HlnHvPXdmLTcMOrFiQKfilpEeqNPpWuu0OuF5ztUNyTmZQ8WygN+HLzzwx1i8aD72HzyMw4eOoqe3D7qmg+M5TGycgGlTJ2P27JlYs3oFamuCMLQ4dDUCXpSzRJbMOnnRi1S0E4xsym7BUYzoka8MjbZbjRw6dAi33347+vr68pbz+/146KGH8PWvfx1+/8gGPk5aW1vxwAMP4IEHHkBfXx/+7d/+DY899lhakJpMdu/ejZtvvhkvv/xyVQYg5XkekiTZZlqZFGPFwVxSGGMJAbB8/jRcu3ou+FHmsc+83mXJioLu5n5SDMVux3EEskTTqjktODgA2eadmm5Y6zgfCCwhWvAGAZBhm5IykWNsySVyrGqI2O9pJnIwGIyLEafIwfM8Fi+aD2Bo0L79/V04euz4iPadSCSRHHQ5AYBlSxdjRvs0e//0r2maWL5sMVYsX5JzX0oqhb17P8HhI8dhGAZ4nsPtt92EJUsWQM4TFJrun2Z7sbbl7cCm+Z7phBBXcwan9Qrdf6Y7Iw3ACqQLBfs+PoA3Nr8DABBFAatWLMX8ebNxxeWr8dLLv4emaXj66efR3NSIBfPn5GxboeN1G2PS9gkCD4CHNJhVJhqLIx6LQ9N1R1sJ6mprIMse0D6RU8Rwq9dpkUqz16xauQyrVy1HIplEJByFpusQeB7BYGAwU8vQtcDxHoje1kHLWQKO5xEMBBCJRuHzetN+C0GUkdQi0FP94KX6YZ+ni5kxc1Ep1npDHsyhXG3s27cPd911FwYGBvKWe/DBB/Hwww+jqampLO1oaGjA9773PfzJn/wJ/u7v/g5PPfVUzrInT57ELbfcgpdeeglTpkwpS3tGgyzLSGVEjKa4WXEwGGONiXQ3jjPn+3D45PlRi7IzJjfbPruEEMyY0oz/dc/VSCipYZlNDhdBENBcHwDHERhGfhNYAOjqDeGXL26HKOSe5SnEzVcvQtDvYfd0FeAmcuzsCzJLDgaDcVFDBQ5N09LiZ9BB/Ed79uGdd7eN2GV6aMDLobauFtdcfYW9jtYLIG9QS0IIJFFEMBhwxObiUFMTgCSK0DQt7wQBFWvoMTqtKU6dPuu2AQArFsXHHx+w963rOj7ZfxCapqUFzHS20+f1oqmpYfCYefvYeJ7H+fNd+O+nnkVoMMbFooXzccXlq+H1erBh/fU4ePAIjhw9jr7+ATz569/ii//r85g2dXLO48p3vFS0or+j83dVlBSOHjuBjo7zOHX6DDrPdyEUClkiFxU4eB4TWyZg6tTJmDp1Mia1TkRb28Q0IYPGYXEKHzRuCA26So/f6/HA0A309w+gZyCEs+c6oOsGBIG3rgFC4JFl1NfXoaG+DqaZQlNjA+6/7x4kFQVNjQ2or6sFoAOmCU70wDQBPd7BBI4MSiZwDDe4aK5tnBBC4PFUn9vAgQMH8KlPfQqRSCRnmdWrV+PHP/4xZs6cWZE2tba24pFHHsFXv/pVfOUrX8HBgwddy505cwZ33nknXnnlFUycOLEibSsWj8eDaDSat4xbYNHhBBtl6WIZpYQgXXh77b2PsXV3YXe1XIgCj5bGGjx03/V2+lkau+LypTOGtS8tfzwt5AvHkT3zwQHItgLZsuPQsNqUybS2JqxaNH1EcUsY5YG5qzAYjEsRp6uFM3UsAHT39KaNWaibQjGYJmwBQ9cN9PUOWX07LRedriNu0AG6ex3p7iK5ytD+sNPl4sjRE/jVk0/bcTrcUDOyQr751rt4661305Zpug5z0DJk9erl+B8PWi45tB6O4xAKR/DfTz2L48dPAQD8Ph9uuXk9vF4PDMNAY2M9PnX7zXjk//4CiUQSx0+cwi8e/xXuvONWzJk9o2Cg0MzjdabtpW1QlBR27d6DN99+F6dOnRk8bwZ0XUub2KH76Ow8j30f77ctza9eeznWXX81mpsa7fZQUcMZa4SmxAWGBLFwJIrdH+7Fvn2foPP8BcSicaiaBtMwYJgmyOB2Xp8XPq8XjY31mD59KubNnY0JzU2oqQlA4DnASACmBo4n4AQBerITwMKiz82lwJgHGc1luWGaZlWKG8ePH8ddd92VV9y488478dOf/hRSHnOxcrFo0SK89tpr+PznP48tW7a4ljl16hTuuOMObNq0CQ0NDRVuYX7yBRsFWLpYRvXRVO9HV+9QmrN4YuQCGiGWZJJIWq5aueIVFUNXJH9HYGIwvwuJU+DgBoUcgecwaUItuntDUFKjS4NNCIFHFiEUEfiUUVmYyMFgMC41nAPifLEnNtx4HVYsX2qla81nUznodqAoKWzbvgNvvb01ffWgVcFw0soWopCriVMgoWVTqRQ6z19AJJJ/gtFJf39+6/Wurp60OqiVyNPPvIDdu/fa5a6+5gosXjQ/TdxZtXIpbr7pBrz40qvQdQNHj53A719/ExNbmvMKOJk4xQUqDkVjcTz62BP48KN9aftqbKhHY2M9JFmGz2tZlKqqhkQyidBACF3dvUgkkgBieOHFV/HRno/x6T+6EyuWL7ZddOgxOAUy+iEch61b38cbm9/GkaMnCgo1/QNWn/LosRN4f8duTJ0yCddffzVuuH4tYKZgGEnATACmClH2IhXvKPq8XCpUROAoFFw0F9XmnhKLxXDvvfeip6cnZ5mHH34Y3/52camXyoXf78ezzz6Lb33rW3jiiSdcyxw7dgwPPPAAXn755Qq3Lj+FBA7KcIONMhjlQBR5XLF8FuZML601VEtTEEB+P9JCnOh1d/cCgDVTpIIdBVonx3GWL6hhQpYF3HLNEqy7YsGw2pKPCQ01JdsXo3QUI3KwFLIMBuNiothxypLFC4b1Tt62fUfWMjrwFgSh6GdornKEEAhCcUO6zP7E5EmtuP22mzIsOIabRwTYsWMXQuH0yV9nPXV1tfY+OY7DVVeuwT13f8q2PHEGPt14123geQ4vvfx7zJjRjg3rr0NtbU3Rx0hxuhkRQvDSy5uwa/dHME3LJXfhwnlYuWIJFi9agPr6OoiDMUlo2w3DQDQaw4mTp/HhR3vx4Uf70N3di1OnzuC3z7yAyZNb0dzUaFvEuAkcHMfhD9s+wONPPIl43EqmUFtbg4ktzZg2bSra2iZCEASIoghd0xBPJBGNRnHs+EmcO9uBUCiM02fO4clfPwOYwM03XQfO9MPgFIBLQvAEkYz2Q09eAO9pGdb5uZgpicBRyD0l1za5ogjTwepYWEDk48tf/jJOnDjhuo7jOPzoRz/C/fffX+FW5eaHP/whJkyYgH/+5392Xb9t2zZ8//vfx1/91V9VuGW5oTOCuYSLkQYbZW4qjFJDXUc23riyLPumOE0eh0N3NLeFhWEU/+g3TSvSiKmGwIserF40qWB5mCbAFS9Qj0TAYZSfYlPIVttkBIPBYIyUYt9FzgCauRAEIW8KWfo5fORYUXVGIjEcOnzEnqDQNA07d32ESCSGYLC4JAZzZs+0B+KmaaK2tgafum1DUdvmIhQKo7evH7t378laR4WC2pog1l23FqdPncHixQvwx/feDZ/PC03T0qwfAMsdZ+Ndt2NiSwumTZuCCc2N0HVjRGI6Pced57uwbdsHNLQI1l51GT5336fh83nTJpKcvykhBMFgAEuXLMTSJQuxbNkS/OjfHkEqpeLkqTP4YOdHuO2W9WmBWp2/K8dxiESi+P3vN9vixqyZ7bj303dh1qx2ePK8O1U1hUOHj+P3r7+FXbs+gqqqeGXT61i2bBEmNtcCnARCRAiSFQdFT3QygcNBVbmo0O8Aqk7c+PnPf45NmzblXP/oo4/i7rvvrmCLiuO73/0uPB4Pvv/977uu/9GPfoTrr78ea9eurXDLciNJEhRFSRM5KOWeKWRuKoxCOANJOX0sy1GP84U/VpimCQMmtHgnOI6Ak3x5y+upBAxdG1Ze9pFaqTDKz3AsORgMBuNio1Ca1HwU806LRKL4xeO/Qmwwg0chMuvcsuUPePe97QW34zkOXq8Xf/6/v4bGxvqi4nY4oW4YQHrgUI7jUFdXi9qa7ICjmedo5YqlCAQCaJ8+FYLAp6XndU7m0OCcV16x2t5W13NniswH/f16entt1xpJkrBq1XL4fF67n+Ws27mtM+jsvLmzMGXyJBw7fhIAcO5cR5awkTkRe/ZcJ06dPmOft9tu24BFC+fl7eMRQiBwBhYvnAPDMHDgwCHE4wl0d/fi2LGTmDhhOQAeAAeOFyGIXujJDgDLRnSOLkYqlibW+bcY645q6ix1dXXhe9/7Xs71jz32WFWKG5RvfvOb0HUdf//3f59z/c6dOyvcqtyIoohkMlnQSgNAXmsPBqMc0JdSJVKaVoPAAQCmYSLe+xFgXIDsb8xbVgl3Q4lHEJhWXKamajg+Rn4KiRw0iny1TUwwGAzGaMn1juI4ruAzr9g+qaqq6O3rH3bbACBSIDi/k1rDsEUUaoFSjIWopmlQVSs2mCzL0DRtKL5EgWPM7MfMmT3DFktoBhn6DqHQsSIVUkrRt/d6PBBEEbqiQNd1nDlzFsuWLrJdS5yuKRSnNQYhBGfOdCDsiMHo9Xryjm8JIWkCEscRCLz70Dt7DENgmoblBupwF3KzGhI8PijRTsDUATK6LH4XC1WZJhaoLguOv/7rv0YsFnNd96UvfQkbN26scIuGz7e//W1s2bIFW7duzVp34sQJ/OhHP8I3v/nNMWhZNvS3z2W5wYQMxlgzmuCfI6mnlIzIQokIME0Dpq4CZn6TXNNUYahxJlxcZBTrrlJN724Gg8EoNZqm4czZDjQ2FpeWs7u7F6mUmnO93+/D+vXX48KFLijKyKwUikGSJDQ1NaKhvg7AkMBRyM0mkUgglbJiegUCAaRSKTv2Ur60thSnpYJzQtIpsDhFFip2UOsSGqdkpNB6Z86YjssvW4kt7/wBuq7j+RdeQTgcwWVrVqF9+lRIkpiz39Lb24fdH+3De+9tR3e3FaukubkR111zVU5LDLvemdMxd+5s7Nu3H6qq4Ze/egrJZBILFswdTPmaDSEE4Ugce/buwebNbyMWjwMAJk9uw6KF8wDTsMQMGABMiLIPyUgv9EQHeF9xk0sXO6MWOEYSf8NZzk3xyuezVmn27NmDp59+2nXdzJkz81p2VBuPPfYY1qxZ45qK9V/+5V/wwAMPVEVWFfowc6qew3VTYXE4GOXmkhrAEwJCOJhm4ZkeQjiYMKwXMGEZUi4mmMjBYDAudba/vwuHDhUXM4PS7ZKC1WmJfMtN60rStmKg1hNUWKB97Wg0ikBgyM3EMAzEYjFomoZgMGgvk2V52G6lTjcQp8CRSxigIocd6NxaA7/fB57n4JE9wxJXOI6DIAi4645b0dF5HkeOHIeipPD6G1vw9pataG+fhrbWFgQCAYiCABBiv896e/tw4sRp9PX3Q1UtMSgYDODuO2/DlCmT0o7D6cJMP16PB7fdciPOnDmHUCiMC13d+MXjv0JjUwOmTG7DxIktQ0FGdQ3xeALRaBRHjp5AT8+QOOb3+XDbrRvQ2FALGFHATMI0UoCpQ5Ct+CtaopMJHINU1IKjmBvBNM1RKXWl5l//9V9zrnv00UdLGlyttzd3DupS0NLSgh/84Af4xje+kbUukUjg5z//Ob7zne+UtQ3FIggCNE0rKGaUw5qDxeFgMLIhg1YcRRQEAJimBkLYQPdioxiRg8XkYDAYFxOyPPQui8cTdsDIke1raNxAB8aVtEp2uodQy4lYLAZVVREOh1FTUwNN0xCLxWAYhi1u0EG4cz9OOG5oYprj08UHp6hCBY5CY0Kn2wgAiKKE+fPmwOv1oLGhAXV1NY6gpFY5t4lNXdftGBotLc34ypcexFtvv4etW3dgIBSCpmnYv/8Q9u8/lOXuntlGnuexYsVS3HjDtVi6ZGHauXS62WTWu3TJQnz5iw9i02ubsX//QSSSSZw924GzZzvsOmlMNzc3l3lzZ+PGG6/DFZetBMwkDD0KU48BpgLABCEcRNkPLdkBFvLboqxKgpsZt9uPl6kEVkvH6PTp0/jd737nuu6zn/0sli0bf8FcPve5z+E///M/8eGHH2at++lPf4pvfOMbVTH7RuNw5HNTcS5jcTgYjDJDOBSnbwx2SIopzBiXFBOTA6iedzmDwWCMhiWLF0LXDSiKUlTciUxM04Sh6/B4vVgwf669TNd1qKpacYHDmZo1FoshlUohEAggGo0iHA7bz3AqboiiWHDyORDwo66uFoauo7HB3X1nuMHEneNDnufxmU/fBdNakRYHLRgMIhgIZGWScR4rPcetE1vwufs+jeuuXYuP9nyMs2fPoa9/AKFQeFDUGbQcGUy9W19fi8bGBkyY0IxpU6dg5YolEATBttBwZoGhUCHHWe+ypQuxcMEcHDh4BHv3fYKurh709fUjGo1BHXQT4gZT2vr9PtTU1qBlQjPa26fhstUr4PUIgJmAoccAPQLTiALG0HtY9PgQD3UDhjKsLHYXKySRSIzKzjqfi0quAKOFPvX19VXRMfqLv/gL/OxnP3Ndd+jQITQ1NVW4RaVh586duOmmm1zX/fu//zvuu+++CrcoG1VV0d/fnxXgJ9cHQM6/TjKX5XJTYRYcjPFOqa/t6KlfQ5QF+Ovb8pZT4gOI9XUgMO0+cEJxaesY4xO3a4yKHIA141dNFpkMBoNRDDzPQ5ZlSJIEQRDAcVzBWBXD2bdpWulIFUVBIjFya5DREo1GoaoqgsGgPVajbuzBYBCEEIii6Bo2gOM4iKJoix/xRALnz3eB4zjU1tSgvr7WFnBUVS06W0tmHfQ9kqsNhBBcuNCNeCIBgecxaVIrCCF2YNRUKmUHROV5HhzH2SIV/aRSKqLRKCLRmP070+NrqK+D1zvUb3K6n7hZb1BojBLadppxhlqlWOJSHAOhsB3A1QpcKyIQCCDg94PjCGCkAFMFkIJpxAE9CkOPAEZsMA6HharEEOk+BW/LDRADM4Z9ri82RtXzGE38jXz7rAZxQ1XVnLE3vv71r49bcQMAVq1ahXXr1uHNN9/MWvfkk09WhcAhiuKorTEKxeFgMBjFQwhfZAyOwfurQDBSxvinkCUH7SgykYPBYIwnqHUFdZUuJtNIsdDZfjrzP1bE43Fb3ACsfreqqnYcDpolplBGQ2esifbpU+11TiFgpGNDKiLQepyQQWsHjuMwYUJT1nbO4KXOfTizplCBg+etVLd1LkE/M4OkOq1f8h1fZiBVKqw46w0E/AgEsieCrP2Z0HUDeuICYCYgShxMIw7TSFiWG2b6tSPKfhDCQU90MIEDFYzBUejiphdOtXSEXn31VYRCIdd1f/Znf1bh1pSeb3/7264Cx7Zt23Dq1ClMmzZtDFqVjjPQaKEHLIvDwWCUGcIPziIUKjfoNmYwgeNSoBiRg3ZEGQwGYzxAB6b0/1L3MZ2xG8YC6pZCxQ2e5+3MKKlUCoIgFHRXz3T9yCRfINHh4BQTnFDhiQoGmXW7uY042+QUGpzW4G7Hkfkp9ric7aDCirO+fIFSaV1qYgBQToOvb7bcTzZ8B+4AACAASURBVPL0w0SPH3qiI2+bLhXKpibkir/hVs65vFoEjmeffdZ1+d13343GxsYKt6b0XH755Whvb8eJEyey1j333HNVkTLWKXBkxtygZAYDGm4cDpZNhcEoEsLDNFOFiw3maydgMTguFQqJHNT8lokcDAZjvEBn/cslQrgN2itBPB63Y27QiWUqZtAxWLFjMRpU2k3ocIoBpbDuz/wdnP19t7rdzq9TpKBtdnN1z7WN8/tI2u8UOGh9+eoEAFUjMGMdkDwmBMmXtx5B9iOVOA9DDYMTa4bVxouNiufwy1TBshpURNqfcmOaJjZv3uy67t57761wa8rHZz7zGdflb731VoVb4o7btVDo+mEwGOWBcDxMFHHPDQYZNc2xM71lVB43i7dd/UMdrJH6YDMYDMZYQS05yvEZK3FDUZS0zCiZlhrDmWh2umHQWBv0Q11wytVXd7oRudWd7/xmupvQ3yRzP87jKIU1irPOXG131qnrOiA2wNAVqMlYwf0LsiWAMCuOMRA48kGj5I41O3bsQDwez1ru8/lwww03jEGLysOtt97qunz79u1QFKXCrcmGBmJiMBhjDyE8YBS+H+3ZCOaicsnBRA4Gg8GoThKJhN23z7TcYFQvnOCDKTRAU7LHpZkIogccL0JPMoGjpALHaFUtoDpMWLdt2+a6/Oqrr66K9pWKhQsXugZL1TQNO3fuHIMWpUPPdSmuKwaDMUpIkRYcoC5jbCB7KcJEDgaDwaguEokEkknLjTAQCDBxY5xBpGaoSgxmEVY/guyDluisQKuqmxELHMPNY1zs+mrIcHHo0CHX5VdddVWFW1J+rrzyStflhw8frnBLsnFeC8O5hgrBRA8GYwQQASji5UoIfa2wGByXKkzkYDAYjOogmUza4kYwGGTixjiEk1oBAGqqsJuKKPtgaHHoSk+5m1XVVE0WFUo1xODINbifN29eWes1TRObNm3C3r17AQDLli3Dhg0byir6zJkzx3X5kSNHylZnsRR7LbDUrwxG+bGEi2JicLAsKgwWeJTBYDDGmmQyiUQiAcASN2jqV8b4gve2wRjgoKfigCeYt6wgW2ln9UQHeDnbSv9SoawCR7GpYZ3fq2GgevLkSdfls2fPLludPT09+OIXv4h33303bfnVV1+Nn/3sZ66uJKVg1qxZrsuPHz9elvqGQ2ZGlFyZVJxUyzXEYFx8CEARQrV9/zEXlUseJnIwGAzG2JApbvA8z8SN8QrhLDeVZBjeAslReEGCIMrQk50AllSkedVIWQSOXMJGoZSxQHVYcFBTrkyWL18+rP309vYWXfahhx7KEjcA4N1338VDDz2Ep59+uuh9lSKNbXd396j3MVpyXQtuqWHzlWEwGCWA8DDN4l1UTJNZcDCKEzlowDsGg8FgjB5muXHxQaQWaNELMHQNHJ//fcnLfijRDngr1LZqZMzSxLotB6ojBkelfYPfe+89vPnmmznXv/nmm/jggw8q2CLLomSsybTccMLSxDIYlYVwPIbjokKKEEMYlwaFYnLQlHgMBoPBGB2KomSJG7Isj3GrGKOF87QBALRi4nB4fAA0nD2+u8ytql7G3lyiCqFms5WimIwlW7durUBLhhiO9QmDwbj4IYSHUVSaWOu1YrAYHAwHLPAog8FglBdFURCPW+lEmbhxcUGkJhAiQU0WIXBIVhwOLX4OXV1d5W5aVVIVAke1zcQzM67KW7EUotquEQbjkoMIsCw4iovDQVBdzxDG2MNEDgaDwSgPTNy4+IlrQWhKvGA5wvEQZT9qvDFcuHChAi2rPqpC4Kg2/H5/RetbtWpVwTJXXHFFBVoyRDCYP0rvxUKmbziDwciBHVujGLGRQNcrawnHGB8wkYPBYDBKSyqVYuLGRY6maYgoXuhaCrqmFCwvegMQEIGhhhGNRivQwuqi6gSOapipDwQCFa1v7dq1WLduXc7169atw2WXXVbBFlWHwFEN1wKDwRiEDGa6KCaTCseBFBOvg3FJwkQOBoPBKA2pVAqxmOW2EAgEWEDRi5RkMom4Zo3NirHiEGVrLBsQQ4hEImVtWzVSsrDlpRqMGoYx5injGhoacObMmazlr776KtasWVOWOh955JGcaWIfeeSRYe1rOPEztm7dijvuuCNreSkysYwWwyhNkMKRZFRx64AzGOOFclgmEWK9LkzTAEH+ZzQBgclicDDywFLIMhgMxuhQVdUWN5zZUqohYQOjtBiGgZTuASfVI5WIQPbX5y3PizIE0YNabwx9kQhaW1sr1NLqYMzzsmUKI9Uwaz99+nTs2bMna/mRI0fKJnA0NTXhueeew6ZNm7B3714AwNKlS3HTTTeV9UF1+PBh1+UzZswoW53F4nZtlPJcMPcUxqXGqIS7QQsO0zBQQN8A4TgATOBg5IeJHAwGgzEyNE2zXQ+CwSAIIUzcuIixU6mLrVBj+2Ea+mB2u9yI3gAktQeJ2EAFWlhdjLnAkUmpZu1HQ67BfS4xoFQQQnDLLbfglltuKWs9Tg4ePOi6fObMmRVrQy7G6lpg1hsMhgtkOINMApOliWUUQTEiByEEHFd1HrUMBoMxJmiaZrsdMHHj0sDn84HjOMS1OngAqEoUkrc27zaiJ4BEuAdefgCRSKQqwg9UiqrrMVSDwDF79mzX5ZVO1VoJch1TrnNQScp5LTDrDQZjeHCDMwXFCBeEEBCTxVBgFEehmBypVIrF5GAwGAxY4obTLYWKG0wEvvjxer3oi/LgxSBS8cJxNQTJB44XEZDCl1wcjqq7G6qhE5PLDWXPnj32Q+VioKenBwcOHHBdt3bt2gq3JptquBYYDMYghBr8FSE8Eg6myVxUGMVTTODRapgAYTAYjLGCihuGYdiz8UzcuHTw+XyIRqMQfFOgJovLjCJ6gwiITOCoOJnmVNUwqG1vb8fkyZOzlhuGgZdffnkMWlQeXnjhBdfl8+bNQ1NTU4Vbk03mtVAq07t81hvMPYXByAGNwVFMFhVCYDILDsYwYZYcDAaD4Y5hGLa4QbM9yrLMxI1LCL/fDwBQSRNM04CqFBYtJI8fgA4zebYq4lxWipLdFaUafFZL5+XGG290Xf7UU09VuCXl4ze/+Y3r8htuuKHCLXGnVNcC80lkMEqAHYOjiBckITCN6niWM8YXxVhyXEqdNAaDwQCARCLBLDcucfx+PwghCCtB8LyEVKKwFYfoCYIQDv5LzE2l6u4MTasOs+a7777bdfnbb7+Njo6OCrem9Bw+fBi7du1yXbdx48YKt8adarkWGAwGQJxZVAqWJSBgAgdjZBQSORRFYe4qDAbjkiEejyOVStnihizLLLvUJYrf70coFIIYmAatCIEDACRvEAEhxASOsaRaBrVXXnkl2traXNf98Ic/rHBrSs8//uM/ui6fPXs2li1bVuHWuFOOa4G5pzAYI8SOwVGkBQdzUWGMAhaTg8FgMCxrZkVRAAC9vb0QBIGJG5cwfr8fsVgMnGcKdF2FlooX3Eb0+MFzKpTouQq0sDqoCoEj04VAVdUxaskQhBDcf//9rusef/xxdHZ2VrhFpePAgQN4/vnnXdd9/vOfr3Br3Mm8BtzcTExdBVgqSgajMtgWHMUIHBzAXFQYoySfyGGaJhM5GAzGRU8yaU3MBYNBNDc3QxTFMW4RYyyhcTgSupUitphgo4JsWf7wWmfVhIIoN1UhcDghhCCVSo11MwAAX/ziFyEIguu6v/zLv6xwa0rHt771LdflgUAADz74YIVb404qlcobO0NPhqHFeqFGuqCGz0MNdxUUO1hqWAZj5BAy+LooMsgomAUHowQUI3KwmBwMBuNihYq4pmmymHIMeL1ecByHUCQJOTAVahFuKhzPQ/QE4BfDiEaLc2sZ71Rc4CCEuN6gzmXVYMEBAE1NTbj33ntd173wwgt4//33K9yi0fPb3/4WO3bscF334IMP2pGZxxrnNZB5vWiRCzDVRPpy07BmjUcIc09hMPJDOEvsNYtJEwuOuagwSkYhkSOVSjGRg8FgXJQ4Z9wNw4CiKFAUBaqqQtM06LrOLNkuMfx+P8LhMKRgOzQ1CU1VCm4jeQOQ+CTi4fHrgTAcyiJw5FIYncvzqZDVInAAwNe+9rWc6x566CEkEomS1dXY2Oj6KRW9vb14+OGHc67/6le/WrK6Rkuua0CP96d9t68jTnBfPgiz3mAwRontolJEUY5ZcDBKCxM5GAzGpYamafZzLRqNwjRNGIYBwzCgaRr+f/beNEaS9Lzv/L0RkfdZV1ff50z39PASD5mibVkHdczA9sL2woYsYgEt14IsE8Qa9gd90PKDJeqDbdgSljL8QRa0oFYLrIg9hqLN4WHSksmVSM2YN2e6Z/qqvqrrzPuKiPfdD1GRnZmVV1VlVWVVPz90ojMj3sh8MyuPiH/8n//jui6tVotms0m9XqfRaPQVQOS78XiRSqWo1WoQDbIiveY4ZSrBCWy/dn9f57Yv7OL9u68OjlFWql43R3g9/EBOA1evXh1YtnHv3j0+8YlPHPCMds+v/MqvsL6+3nfdP/tn/4zFxcUDnlF/fN9vB4xue3/4/cuXrEhs23hBECaJwrIcGMPBoVAYjIgcwkQRkUMQhGcJrTWO42BZFkopyuXy0IsxBt/32/vRoQDSaDS6BJBWq9UWQLTW8r15xEgmkwCUa5pI8uRYZSq2E8WJJoiwNjXH2OPilp/glp6gmxXMmNmLB1aistMDzzAxeBr4xCc+QTab7bvuD/7gD/jjP/7jA57Rzvnt3/5tvvrVr/Zdd/bsWf75P//nBzyjwQz62+sB4oZCPc0H2AVSniII46GUPVab2LBczJjp6IolHB9E5BAE4VkhGo2SyWTI5XLk83ny+TzpdJpkMkkikSAWi7UFEIByuUylUqFSqQwUQHrdH6H4UavVqNfrbQdIpwgiLpDpIpFI4DgOpVKJWPoibrOK9kdXP0QTaRJOhXJx5QBmORm01wocHEbjN8p4pSe45dHz3/VR4U4Ei3GcHL1Mk8AxMzPDJz/5yYHrf/VXf5XPfOYzBzijnfE7v/M7Q+f/r//1vyYen56D/H5/e6UUplkduM2w91hveYq4PARhdxiswJkxAmVtfcaky5GwD4jIIQjCs4hSikgkQiwWIx6Pk0wm2wLIzMwM2WyWTCbTJYBEIpFtDpBQBOm9AO0SmNAFEpbA9LpA+okgkgVycCSTSYrFItHMRWDcbipBmUqrfHcfZzZZ/Hpx+0Ltj+zU179FyC5RSu16p6JzW6VUuy3StPCRj3yEr3zlKwPbq/6Tf/JP8H2fX/iFXzjgmQ3nk5/8JL/92789cP3HPvYxfu7nfu4AZzSaRqPRt3TJeM0dixMiZgjPGvuZN6MsZ6zveMXWZ9b4yCdQ2A9evhbf9l5/fTPL+2dKbZEjGo3Kb4AgCM8Mth1kZQ3qABmKF6GA0Xlba025XB75GJlMZuR+QGcEgVKqLbCE/08Sz/PwPK/9mIMux41kMsny8jIeGZzYDG6jQiw1M3QbJ5rAdqIo92gEjSoM6AFOYMseuu1EBY690iuQNJtNYrHYIc6om0996lN897vf5fbt29vWaa352Mc+xqNHjwa2YT1o/uk//af84R/+4cD1H/zgB/mN3/iNA5zRaHrdG+GX0qDylBDtNrBiqW3LRx3sSXmKIOwAZY3nytiyyw78YRKECSAihyAIwvhYltUuZ+lHr+AR5nOEJSq7FUE6Mx+MMW2hI7z03h6X0D0S3m/nY/SeKO0UXMLHDAWho0gqFRzzFItFUumL1Na/hdEaNeTvCxCJp4m663huEycyPcfY/fBqfdwbgBUZfex24AJH7xu3VwXsFDkajcZUCRzJZJLPfOYz/PzP/zxra2t9x/zWb/0WN2/e5Hd/93cHKqj7Tblc5iMf+Qhf//rXB465fPkyn/70pw9wVuPR6dzpfK/oWiE4EzxAkTW+CxiQ88WC0JdJiHlKORgzXGyEbgeHIOwnInIIgiBMhlECCPQXQUIhJBRDhokgofgRlrP0+24O5zDM/dEpbowSXfq5TkKhJRQ6jprYEY/HsW2bYrHI7JlL1Na/hdssE03khm4XSaRpVDaobNwkv/iuA5rt7tBu/06l1lapzTD27Qg8FCp6S0/6CRqwXegAqNVq5HLD/1AHzcWLF3nllVd4+eWXKZVKfcd85jOf4cGDB/zu7/4uFy9ePND5ffvb3+Yf/+N/zFtvvTVwzIULF/jc5z7H/Pz8Ac5sPGq12rZlRnsoTN8vQdUhaJhmDRVPt8e9eqMBslMrCBPDKHssCbH9bS4ho8IBMI7IEdahC4IgCLtnXBEkLIEJxYzw9jhiRGeWR2/Hj/AEZzimXC7jOA7xeLxLaAk7xAwTXNLpdDt0dVh5y36U1kyCVCpFqVQicvUqtpPEbVRGCxyxNJZl06otAdMtcAxyDSs7MnLTA7MYjMrn6BU6wjdvvV4nkUgcyBzH5YUXXuCVV17h7/7dv0uhUOg75s///M95//vfzy//8i/za7/2a8zMDK+L2itLS0v8i3/xLwZmhIScO3eOV155ZWpawnZSr9fbimqIUgq/Vhx6UBW+d/xmGSs+WtULkfIUQdgZ43ZRae8ISMiocECMEjlc1xUnhyAIwgEwSgQJxY7eHJBx3R/GmPa4aDTaLtcYRD/Hieu67WDV3vvuR7/SmsMWQEKBo16vE01foll6E8Y43HQSaSLV1f2f4B5Rlo3xu/cjxylPgT22ie17Rn2Pf+Demql+Z/SngXe/+938x//4H5mbmxs67vd+7/d43/vex+/8zu/sS3Dq2toav/Zrv8YHP/jBkeLGhQsXePXVVzl37tzE5zEJarXa9nBRo0cm5XaivY4Mj314fwrCs4xS9piixdZPizg4hANEuqsIgiBMP7ZtE4lE2p1g0uk02WyWmZkZcrncwE4wnS1vAWKx2EhxAwLBxXEcotFo+zFzuRzZbLbdcrVfW93OS3iivrPDTG+r3c4OMwfRXaYzhyOauYDWPm5zdDeVSDyDwqVZXtqXeU2Kfk4NNabAcWgho135CUNyOJrNJp7nHVqexTBeeOEFPve5z/GLv/iL3LlzZ+C4UqnEb/7mb/Jv/+2/5cMf/jAvv/wyP/uzP7trV8fS0hL/6T/9J770pS/xX/7Lfxlrmw984AP80R/90VSWpUCQgtxsPu2S0nZl1DocMmMEEOl6CTsSl/IUQdgHlOWgxzg+VCoQOCSDQzhopFxFEATh6BK6P4Z1gglFg73mNIbZG/F4cNDs+347UDXME9lth5l+okbnMUy/oNWdEoo/xWKRk4vPo5RDq14hMiKjIppIU0VRL90iljm/48c9KJS1/T1gOeP9zfdVNRiUwwHdosYwsQOgWq1OXRZHyNWrV/n617/OJz7xCX7/939/6NhqtcpnP/tZPvvZzwKB6PATP/ETnD59emjJyCuvvMLKygr37t3jy1/+8tB8jX78+q//+tR0dhlEtVrdvtAE7YGU2u68UEp15W+0V48pakh5iiDsHMOYXVTCChUROIRDYNzgURE5BEEQjhbjZIDsllFho/1a64Z5H51lM4MYVwAJg0/HeZ6JRIJisQjKIpa9iFsd7cpQWEQTaRr1KW8Xa/eRKdR4f/sDtUWMyuEIx0B3i59qtUo2m53a8oJYLMa/+lf/ir/1t/4WH//4x3nw4MFY27322mu89tprI8d99KMf3dW83vOe9/CpT32Kd7zjHbva/qAwxlCtVre1cTKN/u2BOul9T1iRWODeEARh4ihlYxgngyMsURGBQzgchokcQNvJcdSS8wVBEITDYZgA0s/1sZuA1fA+XNfFsqyRv1OxWIxSqUStViOaukij+DZeq44THZ5fGUlkaNUfoVvrWNHhcQuHRk9EgbKjY2+6ZwlsLzkcw3oe9y7rDIKZVv7G3/gbfOMb3+BXf/VXD/XMUCKR4Dd+4zf48pe/PPXiBmz/2wZ/e4N2u/M0xumPbYe2LMnfEITJoxzG0DeeChw7yM8RhEkzLJMDgjaDvQn9giAIgrBTQudFJBIhFouRSCTa+SK5XK6dL5JOp0kmk8TjcWKxWJdTI8z7qFQqVCoVtNbtTI9+jo9ms9ku0ykWi8SylwBwG2PkcGwdLzWLgyMWDhvd6s7htGKj81baYyc9mXHpW3Iw5AD2KAgcEPQl/uQnP8nXvvY1/ubf/JsH+tiRSIRf+qVf4vXXX+djH/vYkbHf9vvb6kZl6/3Q/73SF8sey7ok5SnCcaX3jPWkUcphHIXjqRNPQkaFw0VEDkEQBGEa6CeAZLPZbQJINBo4FUKhw/d9Go0GjUYD13VxXZfNzU1836fZbGLbNsViEWXHiaXPjSVwWLZDJJbCrd3b76e9a4zvdt0et4MKHIDA0RsaOc5Z+N5ShbC0ZZyAl2nh2rVrfPrTn+arX/0q/+Af/AOSyeS+Pdb8/Dz/6B/9I1577TX+zb/5N1PZAnYQ5XK5XY7UVZ7i1odup+gcHyxz4hkpTxGE/UQpzFgZHNImVpge+okcnQF2InIIgiAIh00ogKRSKXK5XDv8tNPREQocsVisfYI4FosFORxANH0Br1XH7+wqOYBIIg3eBtqdQhNBbwOSMcNFQw79FH+vc2Nbm9AOwoPho8S73/1u/v2///fcv3+fP/qjP+KjH/0oV69e3fP9vu997+PjH/84f/Inf8KNGzf4l//yX3L27NkJzPjg6CdatVvD0h0cOo4wZkX3T0QShKPMpFxLSjljfQc/zeAQB4cwHfR+Br6xmhSRQxAEQZhKLMsikUiQyWS2OTrCC0A0GiWbzeK6LtVqlWhm52Uq3hS6OLTf6rptx4d3hullIiGj/cJDRwWKDuqm0hku2tt5RWtNsVgkn89PYtoHzksvvcRLL70EQKFQ4PXXX+fGjRu8/fbb3Llzh9XVVTY3N9nc3ARgbm6Oubk5FhcXuXLlCs899xzXrl3jAx/4wJ5bI00DxWIRY0y7VVLIIMGrvY4++RpOR7jokPwNKU8RhD2gtn4yjBnZsUhhSRcVYaroDR79xmqSHztRx3UDG2z4vwSPCoIgCNOA4zg4jkMqlaLRCH6/Oo+NYrFY+7erWCySOn2aSOIEbqNCPD08PNSOxLAjcerFW0Rz05XZaNxuR77fqOKkxg8ZPZAuKr3tYsfpphJuB91CR6VSIZVKEYlE9nXO+00+n+fDH/4wH/7whw97KoeC67pUKpWunJCnwsb4743wMx4oe0fL3SMIRw219Xk1RqPU8INAZUmbWGH66BU5/mIlwY+dQEQOQRAEYaoJS1Z6iUQiRKNRisUip0+fJpa+SGX1mxjtoazhh/qReBq//ITKoy8Rjc+iIjmsSAYrkkPZh3dSuDd/w0lkB4zsz4G2ie3HsLKDQe6OYrHI/Pz8QUxP2CeKxeJglwYd4aId5SnD3itfvCXihiDsN4bgoM8Y08dH1Y1SlrSJFaaScUSOMBFfEARBEKadRCLxNIcjcxFWv0mrUSGWHF71EE2k8d0G2n1Io363a51lxVCRbCB4OFmsSA4rmsOKZFH28Da0e6Ur703ZQSOJHTAxgWNUmUo/98a4ZSxAV+lKo9GgWq2SSo3fLkaYHqrVKo1Go6s0pUvEGPaeoLOUZev/zje9lKcIwr6htkpUxspCUpZkcAhTSz+R44MLBs8L3rNhiJsgCIIgTDuhwFGpVEinF3Giedx6eaTA4USTZObPBzeMwfdb+F4L7bn4Xgvj1fEbRVyvOxMjED/SgejhZLEi2S3xIzcZ8aNjP9PeoXsDDtHB0StuDDo7P8zFEY/HxUZ6xPB9f7h7QykUZpt7o3dMJ9YOk3UFQdglbTFxvFaxUqIiTDP9Mjk+MBuEmRtjcF33yJfDCoIgCMefRCIQFYrFYtBqNn2B+uZ3x8pMa6MUthPDHnBc5XtNtB+IH57bQvtNTPMhzcrtrnGWFUU5Gaxo9qnzY0sAUfaYDSE6jv930h42ZN8Fjt2EjfZbH47pHF8oFJibGx6gIkwXhUKhb1vYztu6z0HRoHBRgC/dj4eD9mfSgiAAtHM3xutmpaRERThyZDIZSqUSEAjySqmubiuCIAiCMG105nCcOXOGWOYStY3v0GqWicZ37oDoR1v8CP514XutQPzwW/iui/Za+I1HuN6drnFKOUGJSySL5QRZH3Yki4rmsJzOTinBfqYV21n3lJCJ/mqPI2YMCxsd18URLqvX61tWnN09eeFgqVQq1Ov1gZka4TLjNUe6N9rlKaM6OUh5ivCM0Hkmev/YcnCYMRwclmRwCNNPr4vjq/fgx88kqdVqAHieh2VZkschCIIgTDXJZLKdwxFJn8O247j1ysQEjmHYThTb6d/lxPda+J6L2Sp/8b0WprmMW7vXc4xvY0Wy2NEcRltgpYhGzqE9sJzMjuYzFaclduri6FxWKBSIxWJiI51yXNelUChsEy36iR3Ga3ZtO8y98Z+XZ/ZnwoIgbCPMuxnXwWEkg0M4AvSKHP/1ocOHFqO0WkHNcavVIhaLjRTUBUEQBOGwSCQSFAoFSqUS2WyWaOYizfLbhz2tDvFje3am9l203wxcH6EA0nyM9lyM0biV7wGh+JHBjubAzmBHgtIXIlnsyHYBZ+ICx07DRsd1ccB2cSNctr6+zsmTJyf5NIQJs76+DvQXNDqXBSGjeiz3Rlf2hoSLCkJfJvr+b7eGHSdkVHWnYAvCFNMrcmQyGTY2Ntr7Ha7rEo32PzslCIIgCIdNMhnkWzwVOC5RL7xJs1YYGTZ6WFh2BMuO0M/84Xse2m8GIojXwndb6OYTfO8BrS6HsAoEj2gW5eSwnMx0ODhgtIujd0ynQOJ5Huvr65LHMaWsr6/jed62YNFBrV+taBLj1p+OGeDe+PJD6aIjCAdJ2E99LOFCKdBSoiIcHTpFji++7fLTF7Ntu6/WGs/zJI9DEARBmEps2yYWi1EsFjl79iyx7HPE0udolFdwosmBJSTTiu042AN+c7V2Zi/TBgAAIABJREFU0V4gfHhuC+018d01TP0hWuv9ETj208UR0hk4ClCv1ykWi+RyuQk9C2ESFIvFvrkbva6NzouTyOJ53XkCve6NaHYRnrh0LewzXtwbgjBJwgyO0Q4OJW1ihSPOV+4ayeMQBEEQjgydORwAidkfofzwS1TW7pOcOUEkmmHAeeMjhWVFsKIRiCbplW207zFVv9LDyxL6H8R2blMqlahUKvs/UWEsKpVKO41+ULBouK7zf7R+uk2fT2Ekd6qjXeVgRNwQhAmzky4qivZnWRCOCr2/G+l0uivjy3Xdg56SIAiCIIxFIpFAa90WOaKZi2Qv/HdYkSzl1fsUHt+gvHqPWuERjfIazXoJ320cq5Jiy3YOtkRlXBdHv9awvY6NznWd22xubmLbdrsfsHA41Ot1Njc3t+dr0Cdzg56yFcvZltER/A+R7CJKKV4Na6Ul9E0QDoywRGVcB4cxrX2ekSBMns5Slc/faPCzVzJsbm5ijMEYI6UqgiAIwlQSHv+WSqV2VUMkscjM5V/ArSzRLN/Fa67htUp4rZWubW3bQdlR7EgQCqqcCLa9dX2ME8vTxL79Qo9qGTvudqPKVfqJImtraywsLBCPyxn8w6DRaLC2tjZWoGg/sQMgkj2JV3rSdb92IgdqtOlIKSXuDUHYD7Y+f+N8twclKsfnjIDwbNEpcnzplsdPnk9TLpcBKVURBEEQppt+x8+R9Hki6fNPFxgPr1nAbxXQrRJeq0il+BiaFWxV6NrWsp1u0SMSxbIj2E5sKsWPAz8FsVMXx7Asj85lvayurorIcQg0Gg1WV1eHihchw8qOesdYlsKKJsdyb4i4IQj7g1Khg2O0cBF8V0sGh3A8SCQSuK5LoxH8/riuSywWG7GVIAiCIBwcoRA/Ozs7erBycOLzOPH59iIvsckPfvADrj5/hVQCdKsIfhm/VcJ4RfxWhZa72nU3lmUHQocTiCB2JIayIthO0CHlMNhXgWMnLo7eMpR+zoxw+TjLQESOg2aUuDHusnB5NH8KtBfY4scsRRknoFYQhF2ibBTjOjgUxkgXFeHo0luq8tLVDK7r4vs+xhh838e2p+/MlSAIgvBsUqvVSCQS7ZaxOyUsaymVq2RzZ7GjMwB0yxQGv1UEr4TfKqK9SnDdLdKqrQMdlRiWhe3EsLbEDjsSazs/LHv/ZIh9d3CM21Gl33YwWOjopVfkCG+vrq4yPz8vmRz7TL1eb5elwPZQ0XFLU7a5PTrEjS/cbNIxcNscpDRFeFYJD8IOBOXQ+eM1mC37vvG2thGEo0enyPHqzSY/eT7ZVaoiAocgCIIwLfi+TzS6+3awlmWRz+fbTSL6o7CjeYjmsfvoKNotYdwifisQPZSu4LeKuPXNrjBTy7Kw7Gggfjgx7EgEayvzY6/Oj0Pb69xtqcowoaNT5LAsC72V4L+2tsbMzAzpdHrfns+zTKVSYXNzs33bsqyxxY2QQaUpSilevdno7qYipSmCcGgoZY+Vtq2s8Lvbf1raIghHkE6RI5FIUK1W0VqLi0MQBEGYKmzbxvf35p7N5/PcvXsX13W7uoiNixXJQiTbX/zwypgt4UO7JYxXwndLeM0iWj/tUqaUhe1EUE4geNhOFLXl/LCd0XM6kL3OvZaq9DozOsf20rk+FDmMMWxubuL7ftt6I0yGYrHY1Qq2N3RtVBbHIKdHeP3Vm+OdmZbSFEHYzr6IfpY95vf51ne49sfJBhaEI8HnbzT4iXPJdkt6cXEIgiAI00I0GmVjY2NP4nu7TKVUYm5ubpLTw3Iy4GSwObNtnfaqW86PIsYrod0y2ivhV8to/bQrn1IqcHpEoig7ihOJYDlPQ0/hEB0c4QTHKVUZlsfRb3zn+k6Ro1Qq4bou8/Pz27YTds7a2hr1eh3oFjeGBYv2ru/n2gAC10YodIh7QxCmBqXs8UJGQ7FTcjiEY0Cni+NP71v86JwlLg5BEARhqkgmk2xsbFAoFHYtTmQyGSKRCOVyeeICxzAsJwVOCjtxets649fQrSLaK6FbpUD4cEvQKtOsNLvG2k7s4ASOcQWMfqUqg9wc/ehX2tJZrlKv11leXmZ2dnZPNUrPMq1Wi42NDVzX7SoJgv6lJqNKVPq5NsYVN16+Fhf3hiAcJGOWqLSRTirCMaFT5EgmxcUhCIIgTBfJZBLLsvYkcEDg4hiew3GwKDuJnUhic2rbOu0F4ofxymi3gG4VD9fBMYxBeRy7CR3tFDmUUriuy/LyMjMzM2Qymf19IseMcrnM5uZmlyjRT9zYSahoyBfeam5bNgxxbQjCIaDssVwZT79/xcEhHD/ExSEIgiBMI8lkkmKxuKf7yOfzbaf+YTfq8GuFYF/SmOAEW3iSbZtxIoPlZLCccxxoZfSwkoVhYwad7e+8PcodEJZQdN7e3NxkdXV1z2EszwK+77O6utolbvR7TWHnoaJKqba40ckw90Yoboh7QxAOGOWMl8GhpERFON785frT4HLPE6eSIAiCcPgkEglqtRqNxu477OXzeYBDd3G4xcdot47xWhjfBR0IHdvFjW4OPPptJyJHv0DK8P+duAWGXer1Oo8fP25bTYXtVCoVHj9+TL1e39NrDdv/dl98q8kXOoJER5WmvHwtLuKGIBwiSlkjf1ja40AEDuFY0escDB2Mxph2KawgCIIgHBbJZNC+pFAo7Po+4vE4iUSi3Rb9MNDN3R+bT222fa/I0U/0GEfk6N2238UYw8bGBisrK7RaT1Nan3VarRYrKytsbGy0S352+xp3rgv5Yuja6L0P+gsXUpIiCIePGtvBsfU5lgwO4RgTi8Xa18UNKgiCIBw2sVgMx3H2JHBA4OI4TIHDb+z+sQ8lgyMUFXa6vPN/2J6zMeqM/qgxjUaDx48fk81myeVy21qePitordvtX0e5ZTqX9Vvfb8wX32o+/TsMcOu0UaqvsCHuDUE4JMbtohK2iRUHh3CM+dqjCO+fCbqJiYNDEARBmAYmlcPx+PFjyuXygWdWare+p+0P7Qh+J6UqndeHHVR3Xh/HSWBZ1rYMCcuyKJfLPHjw4NDrjg6DUqnEgwcPKJfLfV+bzmWw8y4po8SN3tIUETcEYThhV4cDQ1ljOThMKHDIQZ9wzOj9XQrDRcOw0Z1ijMHzvPZFEARBEPZCKpXCdd09OTByuRxwODkcfn1vj3moXVTGcXL0u77fTo5wTKFQoFgsks1myWazx/bA2hhDqVSiVCp1vdbDXBuDlg+6/YWt1q8ibgjCwbBfJV1KOcBo0aLtgJMSFeGYE4/HqVarACO7qRhj2nkdgwQRYwyRSGTf5isIgiAcb8LOJ4VCYdfuC8dxyGazB16mYvzWWE7hYUx9m9hB1/cqcvQb109wMcZQLBYpFouk02kymcyx2fFoVgtUm7orYHWUUDFozDA3zU7FjZdfONx2RIIgDEHZYzk42p9vKVERjiEvX4u33VN/9sDm/TPB8lC4CN//oYChtW6vG0W4zXHZ1xAEQRAOFsdxiMfjFItFzp07t+v7yefzLC0tHWgrdK+2t9IamAKBY5CLo3fdTkWOToYJHp3hmZ3z6L1tjKFSqVAul0kkEqTT6XZK7VGjWlxl4/73KTx5RO75HweGl/70c230W997OwwRnZS4Ie4NQZgClD1WF5WwAtKIg0N4BohGo+2Qcs/zdtRVJSz/7HR0iMghCIIg7IVkMsnGxgZa613nSnaWqczMzExyev3RPui97zceusABw0WOQeMGiRwh47o4+o0fNZ9Go0G9XseyLJLJJMlksm0FmlbufOfPeHLvu5y++gF8t0rtyV0i6VNDXRm9yzvXDxrbL2tjXHHjpSGWehE3BGE6UMrGjBMyGn5k92gzFISjQDwebwsco3I4IpEIkUgEx3GIRCJdZ8Wq1WpXuUs4XhAEQRB2QmeZyuzs7K7uI5fLYds25XL5QAQOr763zi8hUyFwwPidVUaJHOMIG4Meq9+2w8SO0NVRqVSwLKvdMzgej+M4h/vSem6DRrXEo7de50u/979QLazxjp/6O5x+/n3ge7iVVeKL7xgqXISMK2oopbpcG53/DxM3QmFj0N9NxA1BmB7GbxMrGRzC8aazTOWr9+ADs9v3F0IBw3EcotHoyH2DVCoF0CVyKKUOfZ9CEARBOFokEgmUUhSLxV0LHBCUqRxU0Kjx3Incz1T9Yk5a5NhtRke/spVRj2OMoVarUavVgKe1T9FolFgsRjQancyL1G++2qdZr+C26jRrJRrVAm6rjmVHeOMv/h+qxTWUbbFw/hpgMMbFLa4QTc+NFDZ6lw+6/qW3mttEDBE3BOEYosKOERqlhlselbKkTazwzBCPx9Fadzk0dvMb1ityhCUv4uQQBEEQxiWsNCgU9uaKyOVyrK+v02w2icViE5rdIMYpgR7NVAkcsL8ix6jH65e70Sl09P4/7L583+8K7zTGEHFsIo6NYysc28KJRGhUCiiliCUzxNMzWMpqCwLa9/G9Jl6rQb1coF7exPPqpGZOUiuu8v0//WMev/V9IgmbH/3bHwOgWSuRnj1NNBrHdRuUlu+igGQuS37xMmAwbgt8FzuW2i5GMJ6w0bnsizcbIm4IwrPClsCBMTDiI6qUwmgROIRng90m1fejn5MDpFxFEARBGJ9kMsnq6uqexIl8Pg8EORwLCwuTnF43E9xfnDqBA/Yucgxit1kdg8b0EzyGXfc8F69VB78BuoXRLf7r//FJ1h/cYe7sZf76L/w6AEs/+FNe/+zv47a6bTqpmRwf/HsfZ9b3Ka8/5Mb/9zm0r7n03r9GLJnhB3/2xzz4wZ8TiSWZO30JKxajuPIQBcwsniOZyaNo0XIbOMmZoY6N8P9hy760VY5Cn3H0uV8IxI3OrA0RNwThaKGs0MFhRukbwedYHBzCMaazTOXzNxoTbc8sIocgCIKwF8IcjmKxyIkTJ3Z1H8lkkng8Trlc3leBY5x8t3GZSoED9iZydF4fJXz0e5zdZHQMy+roHIsFxg/GeW6L9NwilmVx9vqHgqAxpbj4rp+kWd7gja99lmatgVIWM6dO8c6f+oecOP9OMIbSyj28ZotoKkFm9jTa81h+679RXd8ANig8etA+u6qUYv7cVWzLRvuaVvEJkfRsX/Ei/H/UsnFcG13LEHFDEI4FKvjZGOuHSFmAZHAIwm4RkUMQBEHYLWEuZKFQ2LXAAU/LVPYTZU/ud21qBQ4YLnIAY7kmRpWu7FT8CB93lKOjc1z7PiwLtEJZFsZYROMp3vuz/xPVwgqxVC4QBpSDZVtc//G/z+Jz72Xz0S0SmVlmzzxPPJlHe02U5bDx6AYKiMRizJ65gtss4zbr2I6D7klwt2yLuXPXUEpjoWltPiJx6p1jCxud/3e6NvqtHyRuvHwt0Xd5v9dQEITxCM8cHyidJSojx6qJKvKC8CwiIocgCIKwWyaRw5HP53ny5AnVarX9m7QfKDuC8fceNOqsra0xPz8/gSntD8OcEb1iBuwsTHSnc+jn1uh9jGFlM0YbjLJRdhQwKGOhog7ZhQuACQ4clBVkVBib2VNXmT31/FZmRXBRNNDao/DoDspSRONJ5s5cJRpL8jMf/U02H99m7cGbbDx4i9LaMn69yeyFy8ydei6YoPHw6kUimfmxBI2Dcm2MWicIwvhM0ibfSxgsOl6rWEtKVARhAojIIQiCIOyGRCJBqVTakziRy+WAIIdjPwUOK5rErxf3fD/O/fv3yWQyB5CKunvGFTl6b++mZGUvc+sVW7bNwXbAUhg/rE3XKKO3uhFojLFRKjwx6qOwUZinZ0qVwviK+uYTapVNnIjD3OlLxOIpjHbJ5BbI5E9y4cW/jq99qsUVisu3saMxEukZME201wIgkpodW+BoCxsDMjtE3BCEZwgVGv/Gc3BIm1hBmAwicgiCIAg7JZlMAlAoFHYtTkSjUdLpNOVymVOnTk1yel1YkfhkBA6tNffv3+e5556bwLT2j72IHDA8YHQngsewzI3eZf0ED5QThPRpD609lDEofIzWWJjAyKE0YAHW1llSTeD4MFh2FGMM8USaSDTGiUvvQmFQtDDaRSkbZUVwlE1u9gT5udOBqKI9lPHwymtYShFNz2NZVtfc+/3/xTHav257jnSXpPRbP+46QRCmC6WehoyOHqukTawgTBAROQRBEISdEIlEiMViFAoFzpw5s+v7yefzPHjwAK111zHkRAm7iY5TBj0E5/Lly9y6dYsnT56wuLg4odntDzsVOWB4TscgwWMYw4JGh13v3B4UWBEsK9ghUfgYtwHaxeCD8YPHCHWErYtRBhuL2VNX+PBHP0mrUSU7exq0FxxEeLXAEq4sjOVgmUhQ9qItLDTGb9AqL2NZCic12/U69RU2el7LbqFmPNfGtu16EHFDEI4YW11UAuF1FCJwCMKkEZFDEARB2AmJRIJicW/OiFwux4MHDyiVSu3WsfuBFUmgW7U93Ydz6tQpisUi9+/fJ5vNttvJTCujRA5gR26OnQodwx5/nPH95ogxKCtQqxQajAazVRJiWeAHFm+FAWxAEU/NkEjltspbfDAuGBfjtbZEDhtjOyjlABZGAX4Tr1raVp7SOS+lFF+42di2rGPgtm3at3dQkjLOekEQppGdOTjwReAQhEkjIocgCIIwLqlUikKhQKFQ2LU4kc/nUUpRLpf3V+CITkDgALh8+TLFYpE7d+5w9epVHGeqm6uMFBl26uYI1+3U0TFoHsNKZrrnZDDaJ6hl9zEEZSpvf+tVTj/3oyRzC0GVu1L88Gt/zOq973Pywru49lf/HihQRoNpYdw6+E2U30R7DbAUFhZoC6Mcth4K8NFuCyd9cqDA8YWbjZHCRu+6nbo2xlkvCMJ0sqOPrlKM5/QQBGGniMghCIIgjENoYNiLwKGUIp/PUy6XJzm17Y9jR/d8HxYEwSFXr16lVqvx9ttvo/X075COcwDdr5Rk0PrewM2dXizLGrm+ewxYKsjbsPBRaGwFjWqBpe/+KX/5J5+i8OR2kMuhfVZu/TfWbt9g6Qdfp9UoB24O3UL5DZSuoUwLZSnsSDwofbFUUOqim+A1QDfAb6DdJpHUfN85fvGtZtftrRdjm2tjVJCoiBuCcHwxfhBUHGZxDB2rNVjTG2AtCEedVCrVFRrn+z6uu/cWe4IgCMLxwbKsiZWp1Go1Wq3WhGbWhzG69I2inRAyMzPDCy+8QKVS4datW3u+44NgNwfTw4SN3tujru9e8Aj0B4yPZXyUcbHQKAy3X/88Gw/u8PCH3+GtP3+FRmmFWvkJm4+W8NwW8XSWeCqHwsP4dUyzAG4pKGdxUqhoDhXLY0VzqEgaZSdQdiRoNas12vOIpGe3PZfQubETYWM3JSkibgjC0cboIJ9nPIHDx7L2rsQLgjAYETkEQRCEUaRSKcrl8p5+H0L3x366OILqhr3RFYE6Pz/P888/T7FYPDIiB+zezbFXR8ewde0LQZcUhY8yPpYyQWmJ9sAEnU2UCRwcy2+/xo2vfxa33sSJOJx98UPYkTiFx7fwWy4KxYnzLwb3azQ2HspSKDuO5SSxYlnseA47PoOK57ETs1jxLFYsjeVE8bfe0E56rq9zY+sJjS1shOKGuDYE4eD5/I3GoTyu0VsOjjEStI3WKEvs8oKw34jIIQiCIAyjs13sbkmn00SjUUql0qSmtY3QKbwXtoVtLC4u4vs+t2/f5u7du1y8eHHPD3IQDMrDGDUmPPDul8nReTtc1rl+0LoutLvV6marewqB6IHxMMbFGBeMT23zMd/7z/87zUoNZSkuvfdDLF56N040ztrSm4FQomDu/AsopUH5QcAoGuVEIZLEiqTAcoJHMBplfNANjOtgjEG3llEKIqm57rn2mfc2QYint3fi2hh3jCAIRwPjBw4OyxrPwSElKoJwMEgmhyAIgjCIeDyObdsUCgUWFhZ2fT+5XG7PpS7D0K29n8DrmyZ6+vRptNbcvXsX27Y5d+7cnh/oIOgVJ3YyZpSw0btsPAwYP2j/ajRKWWw1fEVrLxAn0NSKK3zr1f/A2r3bAMycOs07fvIfEktm0L7HxoMbGGNI5HLMnrqyJZAYUEGNkrKjKCeCsqKU1h7gNmpkT5wnFkujlY0yBtwSvhs4NToFjldvPn0T9Xt+ImwIwtHi5Z7A34mjg7PCahyBw/goKVERhANDRA5BEARhEMlkcs/iRD6fZ3V1lVqt1naFTBIrmsCv783FMbBdytmzZ/E8jwcPHmBZFmfOnNnTAx0k47o5YLTQMWpZuLz3YN6YrRBQ426VouitTiYKQ1CmojAs33qd73zhf2PlTlASFEvEefeHf5H8iUuAoVp4QnHlMRjD7OmLJNJ5jG5gjIcyBmVZKNtBWVGUsrn5zT/h0RuvM3vmEi/++N9n/uxVjGVj/Aa61cKJprCjQZLuqz3tYLteB7qXdZajjIOIG4JwPNG6iTVGeQpGB9+NInAIwoEiIocgCILQj2QyyZMnT/YkTuRyOSDI4dgfgSOJX9+bCDO0H+zFixfxfZ/Hjx/jOA6Li4t7erCDZBw3x7Bxoxwcg8SOcF2Qk+G2y0g2n7xFPD2DE03gNhsUl2+xfPu7vPXNL1AvlkBBPJPmPT/3ES6++6dA2YCm8OgtfLcFCk5ceEcgkhgfZTw0GpSNZUdQykZrl+Kju5RXV3EiEbLzZ5+KPbqF12zgpGYB+EJn7kb4POgvSrx0LS7ChiAIAdodK2A07MYlAocgHDwicgiCIAi9dOZw7FaciMfjJJNJSqXSvmkDViSBdus720hZ2LEUKpocLnAAXLlyBd/3uX//PsCREjlg70LHoHV9HRs96xQGowxoza3XvsC9732NdHaOWrVAdWMT7QU7HJZSxHMZfuTn/gee/9G/DcoKLkazev+NwKmhFAvnr6O2Qkq10cFyOwrKQVkOlfVHlNYfoxRkT5wllsiCbm0dkCi8eo3kuRdE2BAEYdcY3RqvPCVMwbYlg0MQDoNUKoUxhlqtBojIIQiC8KwTiUSIRqMUi0VOnz696/vJ5/MsLy9PcGbd2InsWAKHsqNYsSSWEwuOnbcYKXAAXL16Fd/3WVpaolwu89xzz+1+xvvIKBFj3DHjjB15P8bH932UMdSrGzz44V9QXd+kur7ZNcx2HM6+83284yd+gfmzL4Ky23GkvtdkY+kmxhiS+Ty5kxe3HCEGZQc7KMqyUcrBGMXGgxs0SmWMgRPnrqOUQhsX45ZoVqv4nkts4TKfv1HvdqPQ417paP+6F2FIEIT9Y9Bnbr8/i0Y3YYwyQK29LTdbRL4fhGNN5/t72t7rvSKH5wWfSxE5BEEQnk0SiQSbm5tDqxdGkcvlePToEaVSiWw2O+kpBmKFZUO/lrHKworEseOZLlGjk7EEDoDr16/z8OFD7ty5w9tvv30oIsckdhzGyefoHDvocYc5OACMdrEsg/EN1c3loF2i2mqoskVqNs/1v/53uPahv4MdSQRlKZbTbiNb2XxMcfURxhgycyeJRBOAwlgJUA6W7YExKOWgLJvV+z/EaI1j28yev4YxfvDGcMu4lQIoRWLhedRS/zdw6OR4acyQQnFt7B++79NsNmk0GjQaDZrNJs1mUFZkWRaO45BKpUin0/tS/yYIg9B+a7wOKiYoUUFKVAThUEmn0yilpFxFEARBIJlMUigUKBaL7TwNGP+kNgQODghyOPZF4ADseBa/thk+OABWNBUIGyMYW+AAOHPmDEopbt++zaNHj/ZkbdkJkz4jslPXwaDsjUFjIBA4AslAkZk9y4f++/+ZpTe+zt3X/4xmLbDcOLEEmdlTONEEYIHtBP/jg4LCo7fxGk2M1hijeXTjm5y49CMk0jkwsUDAMBqUhe+32Hx0B4Dk3Cwzi1cIAjuCLi6NcoVY/tTWm6Kjc8qALinjvh7C7nFdt0u86Lx4ntc1NhaLkUgkUErh+z7VapX19XUAbNsmnU53XeRvJOwbuoWyR4eM6i3VXTI4BOHwkUwOQRAEAQIHB7BN4BhFZyalbdvkcjlKpdK+NSKxInGs7OJAl8YwdiRwQNBCtlwu8+hR4CyYxJM6LEvnOMLFsG2GbacsBwuNNj7xzCynrn6Q01f/Cqef+wDf+H//HbXNAqXlx9z5zlc4e/2vYUViW3buoPOABawu/RDfDw50n7z1Bmu33yI5N8vs6SucOH+di+/5KZLZOYzxqWwuU15fBhRzZy4TS2bAb4LxMcbQqpbJXHl3EH46IHNjJ89bGI9Wq0W9Xu8SL1qtFs1ms72DCcHrG4/Hicfj5HK59vVEIkE83j8LpdlsUiqVKJVKlMtlHj582F4XujvCi+zECpMiyOAYQwzVoYNDMjgEYRoQkUMQBEGwbZtEIkGhUOD8+fM73j489s1msywtLeG6Lo7zVFKY6DHjLsQN2IXAAXDt2jUikQiPHj3C9/09vTjTwm6zJAYJHspy0EZj2QpjvMBpYTTn3/kT2JEof/F//69U1jZ49OZ3uPf9r3D5R34eZQVpGJYC322wcf8mdIgRvu9TXlmlvLLKoze/RTw7w6V3/zRKWWw8vEGzHOy0LJy7jsKgjY9plXArFcCQOLHzsiIRNoZjjOlyYYTiRVha0ollWSQSCRKJBDMzM23xIrzslFgsxsLCAgsLC0Dw/ugUPFZXV3ny5AkQJB6nUikymQypVKqt3gpHk8/faIwetE8E5XepMcYFAodli4NDEKYFETkEQRCERCLBxsYGnud1iRM7IZ/Pt/M5Z2Zm2suHNeU4KHb3jIDLly/jOA5LS0t4nsfly5eHjp82QWMQew3NbP8hrQiWZWG0j/E9FD7Gb6GAM1d/jOfe/wbf/sL/idto8tY3XuXiu34SS9nt8L7yRpC/gVI4jkMsk6ReLKP94KDBdz3i6Zn2463e+yHG1ziOw9z5FwGDhYvXKtGsBL2E4wvP8+qYB0YibDxFaz2wlKTZbHaNdRyHeDxOJpNhYWGhy4kRje7vgZ54GrLyAAAgAElEQVRt28zMzHR9yZTL5bbgUSqV2mUt0WiU2dlZZmdnJcPjGPHymGVmu8Z4GOON10XF+EE7WbXrnxlBEPYBETkEQRCebZLJJBsbGxSLRebm5nZ1H9lsFsdxKJVKXccenewlyHQv7GnP8/z58ziOw+3bt/F9nytXrmBZgZXkqAgag9hN+Ur3HVgYFFgWlrIx2sNSCvwWxmguvffDvP3aF6mub1JYXmLj8W3mzr6Ishwwho1HN/BaHkop3vvyL3LxPT9NYeUea0s/ZG3pDZRlMXvqStD+1WtS2MrfSM3Nkl+8CEajtQbt0qyUiC9cxnKidOZvdLKTlrDHEc/ztgkXoajhum7X2Gg02i4l6XRhJBKJXaug+0UmkyGTeRrGU6/XKZVKbG5usry8zPLyMqlUqi12yA6uMAzttwBQY1gGtdYoS95PgjCNiMghCILw7JJMJrEsi0KhsGuBA4JuKuVyeezxByV4OG+++SYvvPDCru/g9OnTOI7DzZs3uXHjBpcvX973M9UHze7FDhV0RlE2llIYH1A+yrLJnbjA2Rfez42vf5lmucrK7e+wcO7F9parSz9EGYNlKebOXSeVmyeZnePM8x/AGIPvt4hE4mjtU15/TGk96EU8e/oy8WQWo+ugXbTn0apVyV8YUJ6y9dyeBXEjLB/pJ2R05mEAbdEinU5vy8Ow7dFnr6eVsERmcXER13VZW1tjdXWV+/fvc//+/bYDZHZ29rCnKkwhRm8JHNYYNZHaQ0n+hiBMLSJyCIIgPLuE3VT2QjqdZmNjY9fbdwaXThJnbW2NWq22J5v6wsICtm3zxhtvcPPmTa5cuXJsa/zHDRntxWCBZYG2MUqhjOLElffw1l98Be1r1u7/EDAY7aO9Bpv338IYQ2o2cGQY7YFx0cagLBvbsvF9F8uy2Hh0k0aYv3HhRUAH41slmtUSAPH5K+ETmNRLMZX0c2CEFx2GHjI41DMUMp4FwScSiXDq1ClOnTpFtVptix2bm5vcu3ev7erodIAIzzbKhALHaJFPaw3W8fwdEISQw8zDmQQicgiCIDybJBIJVldXaTQau8oCnCSTzu1wgF05LnoP7GdnZ3nXu97FG2+8wY0bN7hy5cozcWA0tuChLIxWoKygLh2fdP7UltVb0yhton0fy1ZB/sbKY4wxzJ25RCyRgfDAQikwOgguVVFQDqv3vo/RGttxmDv7AsZo0B66VcatlLHtGIkTV/b3hTggtNZ9O5IMC/VMJpPMzs7uOdTzOJNKpUilUly4cIFCocDq6mr7Eo/HmZ2dbQejCs8u2gsyZ8YpUcFoaRErCEcAETkEQRCePVKpFKurqxQKBU6ePHnY02kzCbHDicfjY+cGjHIrZLPZtsgROjny+fyuJnaY7Ed+SHCfChPcAGOIp+dwkjG8kke9XsFtNYlEDesP3sRzPbSB+bPXg1p25aCsCMYEbWQVPiiF22qy+fAu0Jm/4W+JHC6NconYiStPn9OA5zZNmSm+79NqtbocGOH1VqvVNTYM9Uyn08zPz48d6jlNz3fayOVy5HI5Ll++3HZ1PHz4kIcPH5LJZNrOjqNcqnPkOaTPsdatrYe2B03h6VjfRzlR+awJx5uO9/dL1+IYY/jBxjd5x+xfOcRJ7ZxkMonWmlqtBgS5VMYYETkEQRCmnN2KANFoFMdx9iRweJ63r6733YodTqjcj7rTcUkmk22R4+233+bixYvMz8/v+H52y7TuTCsVBI4qYwc9fS2LWDJNPJmmWari1utUC4/Jn7jA6v03QBtsy2LuwnUs20L7mnvf/1NSuRNkF84RS2RQSrF8+79R3ghagc6duUIskcH4NZRu4beauM06ZTfBw299C8/XzG6FnxplbQWhWhhlcetW0PXFtm0sy+q63rtMKYVt2+3rlmXt+M09KNSz0WjgeV7X2DDUM5/Pb3NhyM7X/mFZFidOnODEiRM0m822o+PevXtdJSxHUcQUdoneSYmKj6PEwSEcX4Z1JTuKIkc6nQZoixzi5BAEQZh+9nLsu9ccjnK5zDAtYZLsJKDUCX/QRt3JTohGo22R4+7du/i+z+Li4q7vb5JzO0yUUhilgKfBnvF0liJPSGXztOoVtPbYXLoJGFJzc+QWLoKBJ7e/zTf/r3+H57ok8nnmzlxm9szzlNfut/M35sP8DeOjmyWalSB/I7l4lXzuFEopfN9Ha43v+13Xw4yKzuU7oZ/w0Xvd9/22E6M31DMWi5FIJLa5MI56qOdxIRaLcfbsWc6ePUu5XG6LHRsbG0QiEWZmZpibmzuwLznhcDD+VonKGCGjRmuQLirCM8JLfVo0i8ghCIIgTDPJZJJisUipVBoYLTFMSCiVSoe272+MGTi3vg6OSQgIlmXxjne8g5s3b3L//n08z+PMmTNjb39URYxhmK3SlOBGYOE+9fz7mTn7HGevfYjs/GnK648ori5jjGH29GWcaBSlLNYfvEmr0UD7mvLKKuWVVe5+6xtYthXkb0Qc5s9dxxiNMh7GrdCslHESOZ57z1/d1Xx7RZDdXHddt33dtu22E+NZDPU8LoStZy9fvsz6+jqrq6usrKywsrLSzjuZnZ09dt2UhKCLilJqdAaHMRijsSSDQzimDHJv/GDjmwc8k8mTTqdRSkkmhyAIwjEnbDJSKBQGChzDjslnZmZ21CZ20gwSOboEjv0QFa5evYrjODx69Ajf9zl//vzQSR5nFKGDA1CKeDrPe37mf2z/YYz2efz26/iuhzFBRxTbjmIwJHLzLJy/xOrSHbT/1F0RXk/Pz5NbOI/RPkb7oF2a5RKpM+/e9XxDB4ZweBhjaDQa1Ov1tvslk8mQzWanQkCYm5tjbm4Oz/Paro4HDx7w4MED8vl8u+WsCFiTY5gtft8x3ljlKcZsfUfZh/8eFYT9pp97I+QoujhAgkcFQRCeBcKTz4VCgXPnzu14+8XFRTY2NlhbWzvQSIpO+rWadcID2P0UFy5fvozjOCwtLeF5HpcuXdq3x5pmdPsPYGOUHRSqWGorRFSBMhRWlrAjDpZtMX/uOpalMMbnynt/jjNXP8jm41usLv2Q9ftvsPH4HrXNIkZr5sP8DV3HaBe3XsP3WqROPn+oz1kYTVi6E4oYvZdOlFLtz2o8HiebzbYFj8MsD3Ecp91ytlarsbq6ytraGnfu3OnK68hms4c2x+POsIOsSWF0CxinPCU4GFJWbJ9nJAgHz07dGyJyCIIgCNNKMplkfX0drTXWGCXInYTl6aurq8zNzfUdc1AnOTvdHI4x5kCcE+fOncO2bW7fvo3neVy+fPnIugOGvl5GozBPz2C2MzfCi41WDsoCzNMyDoxPxIKZxUvMnr1ENJEhM38e3/dQxgVlE0ukOPXcezj13HsxBurVApvLtyg8fJtIIh1kb/geulmkUS1hDCROPH/snTFHAdd1u0SLer3eDlYd1BkmmUwyMzNDPB4nFosRi8VwHIdqtUqlUqFarVIoFFhZWWlvl8lkSKfTbeHjMD5jiUSC8+fPc/78eQqFAmtra+1LLBZruzqk5ezuMBxeJyTtN1GWNfKxfN8N5qki8v0jHDs6P4MvXY13dCkbss0R/Rwkk0mMMW2RQ7qrCIIgHCz7LRAkk0k2NjYoFArMzs7uePuTJ09y69YtyuVy3zKXSbR9HZfwsZxmszl2m9i9PBDA6dOncRyHmzdvttvI7qfN/lB2KIyHMf7TM5hbXUuUskAptIZarUGjUaNWreF5LsmYQzoZwYlFuPien+HCu34SYzS27WD8RhDsF7aZtRRKRcCyiScznL7yXs489wGUAu17oD1Mq0KzXCKWXSCSPhy70LNIq9XqcmF0ihi9nWFCwSKbzbavh5dRokQqlepyazSbTSqVCrVajUqlwubmZntdOp0mnU6Ty+UOxTqWz+fJ5/NcuXKl7epYXl5meXmZTCZDPp9nbm7uyIqdzxpGN3dUoqIkg0M4Zrx6s79744cbfzlwmxdnf3S/pnMgiJNDEATh8Niv49lQbEgmkyilKBaLuxY47t27x8rKysAcj5B+5ST7gdNoNHZkbd/Y2Bj55If9IU6cOIHjOLzxxhttkWM3Z3Kn8myIMYHA4LdQ+MEclcL3Dc2mS63RoFpr4LkeRilSySS5fI5MMk7EeSpQNEubOJE4Rum2YKKwtjoX2KAMaBdlmoBCKzswihgNfh2Mi1spk7n8Y4f8ghw/OsWL8Hqz2aRer3d1nlFKtQWLmZmZ9vXQjTHJD3Z436E1zPd9qtVq+7K6usry8jK3b99mbm6OhYWFAy8VUUp1tZwNHR3379/n/v37bVeHtJydcrSLska/d9sONhE4hGPMS1f3vyxsWhCRQxAE4XjReSwdtovdSSvWzjEnT57kwYMHNBoN4vHRv4377epwms3mjjZYXV2lXq9v64iyE8Fhdna23Ub2xo0bPPfcc/RrVzuVIsYwjBsIHLqF9l0U4Po+vq8x2hCPQGo2QzQaI5ZIopSNsuzgYMD4WFi49RKt0mOszByWYweiBQpl2xgrutW9wAA6KH/RGnQLo12M38T4TVrVCr7vk1q8erivxxFEaz2wlKRer3eNtSyLeDxONBollUp1lZLEYoeXPWDbNtlstkvEKBaLbGxssLKywvLyMslkkvn5eRYWFsb6IpoksViMM2fOcObMGSqVStvZsbm5ieM4zM7OMjMz0/c7QThctN/CdkY7OPTWwY+yJYNDOD4Mcm8M46i7NzrpJ3IYY6Yi8FoQBEHYPYlEgrW1NZrNZtcxzLBj8U5hIhQ4VldXdxxWuh9ih9MbYjiKWCzGnTt38DyPCxcu7FqEyGazXSLH5cuXj/TZ21qtRrNWxDZNoo4iFrF5cu/b5OYvkEjlAyGDIGAUZdBuDZSNZVkoywEslG3TKq2g6xWsbHbLCWKBFQM7ilKxLYFDAwajNVgu+F5QxtIqY9wqzXIRgKQIHH3xfX9goGev4Gfbdtt5kc/nuwSMo3TmKpfLkcvl0FqzubnJxsYGS0tLLC0tkc/n22LHTsOF9kpYQnPp0iU2Nja2tZzN5/PMzs4eqmAkdKBbKGsM4UlKVIRniGHlKceNVCqFMYZarQYEJwVarZaIHIIgCEeYznaxi4uLY23TqQHEYjEWFhZYW1vj9OnTuy49n1QJy44FjvBs79LSEq7rcuXKlV0/eCKR4J3vfCdvvvkmt27d4uLFiwMTWPfKpN0gnudRLpcpl8sUi0VarRbz+QQz2SSOE6G8+Yhvfe4/UK8WyZ+8wML568yff4H84mXiyTxYNkp5+ChQKig/UTZau9iJNMaYoOWr0mDFMMbCdZvc+dYX0Fozf/46C2dewGDQvsb4LsatgPFplkvEZ89hRZNHzwUzIcJQz872quFt13W7xkYiEeLxOOl0mrm5OaLRaFeo5yCO4murlGp3NGk2m2xubrK5uclbb73F22+/zcLCAvPz88zMzBz43GZmZpiZmenK63j48CEPHz4kl8tJy9ktBr3vDiRkdKuLyqjH0toHlISMCseGXvdGZ7josPf4D9a/eaxcHNDfydFqtY6U6C8IgvAsMmgfOjzmKRaLYwscvZw8ebK9/37ixIk97a/vVejYcYlKNBrFGMPc3ByPHz/G8zyuXbs29va9OwLRaLQtcty9exfP83b8wh7UDnS1Wm0LGpVKBQg6V+TzeWbyWbJJB8u00J5Lcfk2K/dugTGUV1e5/73XsGyb5EyemdOXOHHuRebOv0Bu8RLxZD4QOIwikppBqTxYCqU9lNEYKwLKZuPxG3z785+mWW9w8vnr/PQv/Ra2ZaGsIPwP42O0oVkpM3P+6LWk2ymhaNFbSjIs1LPThREKGc9qwGUsFuPkyZOcPHmSarXKxsZGu4wlFou1XR0H3X7Wtu32vOr1evvL8u7duywtLbWFkFwud6DzetYxuonBYNmjXT7a90HJwY5w/BnHvfHDjb98JkQOkEwOQRCEaWbYMXMikaBQKOz6vrPZLPl8ntXVVU6cODGR0pPdCh07cnAYY9oOjmw2SyqVajs5rl+/PvBAcZQAYVkWL774Ijdv3uTBgwd4nrenjI9J4boupVKpfQkPmjOZDGfPniWfz7cPsozXxHdr+G4TjGb9wc2tzidP0b5PZW2dyto697/7GrZlk5ybZfbMZRbOXmf2wjVy8xdJpPNB+Ymtg7azSqGUzca9GzRrdVCKeCqH48Qxfh18D7zALtqslIDjU57S68LoLC3pDfUMMzDm5uaIRCL7Fup5HAk7s5w7d45CocD6+nrbPZHJZNpix0HvvHa2nC0Wi+1w0vX19XaA68zMTNtaJ+wfRm85n9RogcMYH0vyN4RjQj/3xk45riJHZ7mKiByCIAhHl2Qy2T7mHdQNZdTx1OLiIjdu3NjWlGSvYocxZkfbOb7v47ru0B+k3hobCM6ehzU2d+7c4Xvf+x7Xr19vr9+NIHH16lUcx+HRo0f4vr/jkJJJUCqVqFQqlEolqtVqO0ArPGOcz+e7ak07LarGACZoCztz+jlQViBUDMDzfUorq/z/7N3ZcyP3dT78pxsNoAEQO8B1wH0djUartUtjyZIlx5L8k7dUKo7s5E0cO7e5SKpSlcof4UounDhK2RU7dhyXEtmKlki2FttjjWTNRnLI4QoQ3ECCBBfs3e8FBi2sBMAByQH5fKpUGjQa3Q3ueHC+50RWVjH7+/PQSRLMLidc7b2ZJS2+EdhbumGUrYjuRrDiH0VmMIsAj284M45WTUJVklBSCQBAfCsCCCLM3n4oioLt7W1thGgsFoNOl+n7odPp8v4timLJ7YX/rndQkG3qWViBkQ0ycul0Oq3qwmq1ag0+s9UYe2GZfPWy/TpSqRTW19cRDocxPT2tTWHxeDxHMnI22zi1t7dXq+pYXFzE4uIimpqatOakBzn2+qi9VqbJ4dM55fIHRUnFb/yCqbxERVUUqIKB33d0PBR8HWe/rkfDtfXeuLr+O5x2Hs+QI9uEOxtyHOefw0RER+0g3ri1WCwQBGHPca+l/q7LvRaPx4P5+XmEQqGyU1f3G3bUUs0hAZl3yUsFHKWehCiKMBqNSCQyL6jdbjckScL09DQuX76M4eHhmkvac8/T09MDnU4Hv9+PVCqFnp6emo5V7rr3srOzg+XlZUQiEe2Xs91uR2dnJ+x2e8WZvgAAMTPGVRAzPTWs3lMwmGXEt3chiCL6P3UOKoDNpVlEVhcR3y1+oZJOpbC1soqtlVXMfZwJPCxuF5xtvZCtdixeu5Q5lU6Ep3MkM31FSUNVP1mOkdiOQLC249KVq9oyGgBQBAlp0QABCgT1RmWIqkAnqDV9vARBqBiCFP47e1tVVSSTyaIRq7kkSYLRaITFYtGaS2ZDDL4rdLgkSdJGu0ajUa056draGqamprR+HYc9chYAvF4vvF4vEomEVtWR2zQ1G3ZQHWkVHFVMUVHSEER+v9Lx8/RNjoYdDX9w7EKOpqYmCIJQVMnBkIOI6GDU8w2kbGAgiiJsNhuWlpbQ1tZWdXV04bW0trZiZmYGgUAAp06dqvqx1YYd1QQdWsCR+yK+0gfNaDTmvTC12+3o7+/H9PQ0rly5gqGhoYoTUfY6R2dnJyRJwszMDNLpNHp7e4umO9TjE5tIJLC4uIhQKKR1f81WaezvF7Nw4z/AaLbBYDIjvr2LJo8LQw//P7haB5BMxrC9voC1wDWE/ONY808iElpCMlrcCyWdSiGyvILI8kre9iaPB1ZPZ6YJqZqCmsy8c6KkkkhEdxGTByBJEtrb2yHLMj5c1iFdZppB9p3fdDoNRVG0sW/pdFr7d3a7oihQFAWqqiKVSmm3s1VA2X1TqZT271KyTT2tViu8Xm9eFQb/ILo1mUwmmEwmtLe3IxKJYH19HcvLy1hcXITZbNbCjsMeOWswGNDe3o729nZsb29jbW0Nq6urmJ6ehk6ng9vt5sjZOlGVzM+oqn4BKQpE/eF+LRAdhHJVU7VWbxQ+9riFHNk3thhyEBE1ltzX1C6XC5ubm5ifn8fQ0NC+KkXa2toQi8UQDAa119fVXke9KjokAHlhRTXBgSzL2NzczNu/qakJg4ODmJmZwdWrVzE0NFRUxl5LKJFd/jI5OamNka3nGLKNjQ1MT08DAHw+H06dOpX3Aao1QFGVzBIVRck8Lp1KQtBJUAG42vvhaOkHRD0kox7OtiE4WgfQf+/nkUjsYju0gNDCBNbmx7AWmMTW2jISJQKPLFdbD4yyFaoahZpOQEnuAKqK+FYEqqqi6/aHYXR1avunVmJFJbaFzzNbcVHPKonCcEQURUiStOcoUpa03/qsViusVis6Ozu1qo7Z2VnMzs7C4XBoYcdhj5zN9hHp7OzUKk1WVlawvLwMk8mkVXU08sjZI52gko4DambUdaXTKekUBEj8fqaGl/s1/HSVk1OqcRyXq5jN5ryeHNk3O1h9SUTUGLJvDmYnoexVDb1XGNHT04N4PI65uTno9XrY7faqwov9NBUtFYxIer1e63VQ7S/sbAWHoih5B5RlGQMDA5iensa1a9dueiJKc3MzJEnC+Pg4Jicn0dPTU7FcpprnsLa2htnZWVitVgwNDdXtBY+KzAdYVVWIOgktXaeRTiTQ3H0bBFEHiCJ0On3m46YqAFQYZD2c7U1wtHSj/+6nkUzFsb22gLVAJvAIBSYRWV1CKvHJaFNP520AFKhKClDSWul4fGcLOr0pL9w4SrnLWej4yR05m0gktH4dt8LI2ex19fb2alUdhSNnnU7noYcwjUxVM8sSBbHy97OqZsZbEzWyg6jeKDzOcQs5ylVyMOQgImoMTqcTm5ub8Pv9e/4NX2l5ycDAAGKxGGZnZzE4OAiTybTn/qWOXcuyldx9dX/1V3/1D4qioLm5ueoDZNfjZ/tv5BJFES6XC7u7uwgGg9p6nkpPoByTyQS73Y7V1VWsra3BYrHcVCXHysoK5ufn4XK5cPr06Tr+0s30w4CagqqkIUlGeHtvR1vfWbh9QzCabBBEPUSdAaJkhCjqIOokCIIIQdQhvhEAkIakN8DU5ISrfQC+2x5G1x3n4GrvwsL4B1DSCiS9Hmee+CpMNjeQjgHpGNRkptdGJOiH0dsHS8cdeVc2tZYqcb0Z/W6Wj9LN0+l0aGpq0pZ5iaKoLWNZWVnRGhnXswqrGqIowmKxaL1EDAYDtra2sLq6iuXlZcTjcW0CTyMo9718GN/H6egC0tFFmOxeZJfilRONrEJv7oDO1Hbg10V0UHK/33J7b6zGgnU7x2osCK+po/KODST7cz6ZzLz5kmnCrvLNDiKiBiGKItbW1mAwGPa1zFsQBC0DWFlZwdbWFtxud1FgUW2AUUtFhyAIkAwGg9b9ei+5QUT2xUA8Hi+qfsju19fXh7m5OczNzSGVSqG7u7vksao5p9VqxW233Ybx8XFMTEygr69PG89ai2AwiMXFRTQ3N6O/v7+maym6tnTiRg+MTJ8JUZQAQYAq6ABRAlQVBpMD7s4bY2QhQrhxn6jTQ9WpUNJp7ER3EAsvQQ3NQHY1Q1BtgKgDBAkQ9TDIZhjNNihpBVABs9uFJo8PUNNQlDSQ2IGqAql4HMlYDFZ3b9Fz2us5soSc6s1sNsNsNuPUqVPY3NzE2toaAoEAAoGAFoJ4PJ5Df0fPaDSio6MDHR0diEQieSNn9Xq9toTlVh45e7RLVBIAhBvLU8qfT7nRuweinj9fqGEVVm98MjnlQt3PdXX9A5x23lv34x6l7M/RnZ0dAFyuQkR0FPY7bcVms2m9OJqbm0seZ69jZ39nmkwmDAwMYGxsDDMzM+jr6yu5Xz0rOlRVhWQ0GhEOh6s6aFZuwFFuHwDo6uqCTqfDwsICUqlU0ZOqdJ5cZrMZZ86cwfj4OK5fv47u7m643e6qHgtAG1nT1ta2r8ks+ReqQEknoKYTgKJAhQBVFCBAgKooEAQdBEm8cV1pAEKmUkOnRyyRRGRrExsbEWxtbUIQRViiM7DsBGB2NkFJKBBEAwRRD8FoAyBg1X8NSioNCAI8HX2QTU1Q0zEISgrpVKYMNLGT6Yli9Pbf3HMjqqPckbPZfh0zMzOYmZmBy+WC1+vN+z4+LLkjZ7NLWJaXl7G8vAyz2aw1J2WDvE+ko0FIxsrhj4obzYWFw63WIWpko+ELxzLkyO3JweUqRESHq9Y3mnIDBLfbjUAgAL/fj87O4vYHhccuFz44nU709PRgenoafr8fPp+v7LGqCTqqGhNrMBigquqe1RiFsvtlJ2fspaOjIy/kGBoaquocpej1eq2SY3Z2FqlUqqqlNdPT09jY2IDP5yv5Qd1LqetTklGkEzGoSgJq+kYJqyAAgghAhCiIUAEIggpFEZBIJbG7G8P65g62d6JIppTMiyhPM2w2G6KXP0QquQOk4lCRhqpTIBiNEG8EJqHAGFQAoijAfSozHlZRUlCVJNR0pgQ0FolAZ7ZD39RcfM2s4KAjptPp4PF44PF4EIvFsLa2ho2NDaytrUGSJHg8Hrjd7n1VZt2sbL+OZDKJUCiE1dVVbeSs3W6/tUbOHlEFh5LaRSoWgsnRUvFc6VQ88wtIZ+HPF2pIrxdUb3w2p7loxQ67N2F0/QOMHPOQIzuB7bCXKxIRHSf7rcyoJPfvNpPJBJvNBr/fD6/Xm9dDo9JjC6+vra0NiUQCgUAABoOhbI/OaoKOqsbEZsOKWCyWF3Ds9YepIAgwGAx5FRzlTg5k5uFKkqQtVxkcHKzqndFS1yCKIk6fPo3JyUkEAgGIolg0rSUrlUphenoaW1tb6O3tRWtra13+4FaVVKbXRjoFVb3R/FMBBDETcKRUFam0gmQiiWQqhXRaQToNOKxmeNwOyLIFeqMJEHRQVRXh1WmYXe4b/TtEiJKYuQ86JHYjSMXjEHUidHo93L4hqKoCQU1CVT5pPJrc2YLcfram5/HZwcboO0DHiyzL2lKRra0trK+vY2VlBUtLSzCbzVrYUekHab3p9Xq0tXp/vpkAACAASURBVLWhra0NOzs72vKVmZkZzM/Pw+l0wuVyHdnI2cIXXYcpHVsAAEiGyp+TVDyz5FFnPPzKHKKDNHYAy1NKneO4hRwWiwWCIGjLVRRFQSKRYMhBRLRP9Xg9W01I4nK5EIlE4Pf7MTAwUPXjS4UdXV1diMVi8Pv9MBgMcDgcZY9RbdBR7n4t4KhlVKyqqpBlGYlEYs8nlCs7NnJ6elobI1uqsV+1n7CBgQGk02nMzc3BaDSWfNExOzuLra0tDA4Olg1B9kNVlBv9N1JYnLyAyd/9HF7fCNy+Ydibu2EwWaGDCsEgwmCQIYgiRFEHQMwsVREUqKkoVACp7RAMjjbITuuNd4YylSCCkFniIhllDD7wHExNDijpFGyezhv9NxQgmXkhkYztIpVKQfbuvQSI6FZTauRsbvVEturjsJvTZUfOdnV1YWNjQ+vXEQqFYDKZ4HA44HQ6b4nmpIcRVKajQeh0ekj6agKOHejkFk5RoYZUqnrjsB3HkKOwJ4eiKFrzaSIiOnyVihkAaD3qVldX4fV64XA4Sj6+2oqLwcFBxONxzMzMYGhoSPvdsFfQsZ+QQ8om6LFYrKpgo9b7crc7nU4MDg7mhRzZkWKVlDp+f38/tre3sbCwULT0JRAIYHNzE/39/Xnhxs0mXqqSgqKkkEwlIKhpBCcvwH/lQ8x9/DtIej3Mbhdcrd3w+Ibh7hyGzd0Jo8We6dWRWWeS6dkhZPpyKMkdmLxdMDqdABQIAgBBDyWdhiAkIOoMODV8P04NP6g1NFWVGJBOIJ3cBaAiHtmEqqowlmgwCpRvB8jycbqVZEe3ZkfObmxs4Pr165iamtKCjqNYKpLtI9LT06NVdQSDQQSDQVitVrhcLjgcjgMPYY7y+zi1E4ReNkPdo7koAKhKGsn4LoyOAf58oYZU+FWb/To+jOqNXMdxuYrJZIKiKHnLVdh4lIjo4NW6pCX3b7jcKo7cgKPc/uXOl91nYGAAV65cwezsLIaGhqDT6fas2KhUzVHqfinb9GmvP85L/aGaTqfzLqiaxwCZd2z7+/sxNTWFK1euYGhoqOQHq5o/jnU6Hbq7u3Ht2jUsLi6itbUVQOYdguXlZbS1tcHr9dblD+14PI6NjQ3EdyOQkITFJEGvU7EbXs00AAWQSiYRWVpGZGkZsx+f/yTwaOuBt/M0XKcGYfN0wmi23qjQEKDTG2B0+yDo9YCa6WkiABBEHQSomR4bQub4EERAVaCm45kGpzeWx8R3tmGwNUNnOvz+BUT1ZjAY0NraitbWVuzu7mJ9fR3r6+tYXV2F0WjUlrAc9lIRURS1cbPZPiKhUEibFpVdwnIUfUQOUjq+CkWJQpIrh0vJeObdWcl86qAvi6juXp/MX3b72YGjrUI6jpUc2Te12HiUiOjwVPNaeK8QxOVyac34c/tfVgodSu0jyzL6+/tx9epVTE9P5y19udmgI3uf7m/+5m/+YXl5GV6vt2Q1RbkPSCAQgNFoLAonqqny0Ov1cDgciEQiWFxchNlsrnq9feHxTSYT4vE4lpaWYLfbodfrMTs7C0EQMDw8XPXYmVI2NzextLSE2dlZzM3NYX19HUaDCKvFCL1egihmAgeT0wlRUJBOxpFOprQeZEpaQXx7BxuLASyM/x6zF3+F+dF3EZq/gt3NVShKCgZTEwwmKwRRD4h6CKIBEESoAoBMxAGoCgAFUNOZxqapBNRkFEhllqhs+Gdh6bgdcvNgyecxtZYqub3PxZn0dGvT6/Ww2WxoaWmByWRCKpXCysoKlpeXsbGxgVQqBaPReOhLWCRJgtVqRUtLCxwOB0RRzFvKkkgkoNfr6zqF5ai+j1Nb15GKBmF2tN5opFxefGsdSlqFwf3AgV4T0UEo/B7Lfm8ddvVGrtVoEB65/cjOfxCyYUZ2mbOiKFBVNfM3FRER3bR6NyGVZRnRaBSRSARtbW37Om/ufbIsQ5ZlBINB7O7uwuVy1XS8SufR/fVf//U/hEIh7QVErr2qM/x+PywWi/ZuZa3LVyRJgsPhwM7ODoLBIAwGQ8l3ZKtJnKxWK0KhEHZ2dpBKpRAKhdDb21v18pdSpqenMTMzg62tLZhMJng8Hpw6dQpupwN6SYAoqABU2Ft60DF4L7rvegK+Mw/B2zUAk9MOnaAinYohlfjkD6ZM4LGN8GIAwfHfY/7SrzA/+h7WA2PY3VoHBBF6owWS0QxB0EOFCEHQAVAB9ZPicEFAptEoRMS3N7G7vgz74KchNXmLnkfhO1K5+twcgUmNQ5ZlOJ1ONDc3w2AwIBqNYmVlBcFgUFvXnV3Ld5iMRiOcTic6OjpgsVigKApWV1cRCoUQiUSgKAqMRuNN//E+tZ4uuf2gv48T4Y8gCgqMTaV/+eSKRpahkzsgWboP9JqI6m2v6o1QLHjYl5MnFAvCazqeIUcymalEVVUVqqoeelhNRHTSVRuGSJKE9fV1xONxuN2VG8lXCicsFgv0ej2CwSAikQg8Hk/Jx+wn5JBSqZR20blK9nLI2ZZKpbTH1LpMJbtdkiStJ8fU1BSSySQ6OjrKXmy5Y0uShM7OTkxOTmJrawter/emmopOTk5idXUVra2taGlp0V6YqKoCVYlnKiqUNNLJKOI7GzCabdDpzbB5OmHzdKL7js8glYxhO7yEcHASq/OjCC9MYXNlEfHdTxqYJeJJJBYXsbG4CFx4H3rZgCaXG672Prh8Q/CcGobN3QG90YJMBUemuSkgQJAUqKqCZOLGGlZ3T8XPWS33Ed2qspOTsiNns81J19fX8/p12Gy2Q7+2bB+RbL+OUCiEQCCAQCAAu92uNSfdT7Je68/ZulBSSEaXYLJ6Kp4nlYghlUzCZK/PtCqiw1T4NftJ740Pj+JyioyuX8CI856jvoy6KjVClj05iIhqc7PVGtU0GwWgTTpcWVmBLMs4depUyf0Kj1t4X+72trY26PV6XLt2DZOTkxgYGNhz/8LtZaeoZNc/1hJWZEMRURRrelFdbntPTw/m5+cxNzeHZDKJ7u7uqh6Xy+v1YmNjA2tra/D5fFU/LpeiKJiYmEA4HEZHR0feGqPMDulMyKAqgKoiND+Gyd+9Ap1kgNs3DGdrLyyO5huBhwn25m7Ym7vRfcdTSKdi2A4vYn1hEiH/GMKB69hcXcoLPJKxBMLBRYSDi5i68B4MJgOaXF64OnrhPjUC16kB2D0+6CQ5U8aRTkBJpWBwdkKUjn6aA9Fhk2VZG+26tbWFcDisLWGRZVkLOw575KwkSXl9RLJhx9zcHPx+v9aY1Gq1Hup11So7HlZnrPzxSycyS+ZEU3UhNdGt6qh7b5wk7MlBRHRz9vumUjXBSOGxHQ4HUqkU5ufnEY/H0dfXV7RfLQEFkJm0mk6ncf36dSwtLWk9NasJNModW8qWB0qSVHUwkU3Zq6n6qHZ7Z2cndDodgsEgUqmU9gGrpPAYVqsVRqOx5k92IpHAxMQEIpEIOjs74Xa7i9/RQRqqkgKUNARVxcrMJcxe/B2gqpi68C70RgMsLi/cp3rh9o3A0dIDi92rBR42Tzfszb2ZwCOxi63wIsLB61j1jyIcmMZWaAnxaE6FRzSO9YUA1hcCuP67d2BxudB1+8O465n/L7NkRVUQ21iDqf1s+efLCg46IZqamtDU1IRTp04hHA4jHA7D7/fD7/fDZrMd2chZk8kEn88Hn8+Hzc1NbRJLtmmqy+WC0+lEdmR3WUdQwZHcCUIQREgGc8XzJGPbEPV2CDoLf7ZQQ3mjYHlK7tfvrfS1fByrOIDiEbKs5CAiqk09K4MrHS/7t/TS0hJisRj6+/vz/oatpnKjcHtzczPC4TAWFha0pv7lAo1y1SJ5U1QUJTN6tFwzvFJlm9nGUNkXCrUEG3vt297eDp1Oh4WFBW1CSjWPzTIYDGhpaal6/6zd3V1MTEwgGo2ip6en7AgcqCpEbVCiilQqAQFCpiGoqiIZT2BjcQEbiwuY+iATeDS5m+E+1Q/3qWE4Wrthtnshm60QJSPs3i44mjvRc9eTSCfj2Fr/pMJjPXAdkdVlJOOf/OG1Ew7D7GoBVBWKqiAViyG1uwWjp7eq55nrKb5DRceUIAhwuVxwuVxIJpMIh8NYW1vD9PQ0pqenb4mRs729vVpVx+LiIhYXF9HU1KRNYrlVmu2l40FIxir6mqhAIrYDg23k4C+K6JDcKstTco2FPzy2IUfuchVWchARVW8/YfxeIUap4+Xu73Q6odfrsbS0hEuXLmFgYAB2uz1vn3JVHeWCjqGhIUxMTMDv90NVVbS0tJTct5qQQ0omkxBFcc+1M4W3s0tUyo2JvZllKy0tLUgkEggGg3A6nRXX0dfj3ZVr164hlUphYGBgj9GTWovPG+cFBu9/Hs7WPqwGxrA+P4FIaAnx3eiN6goViVhCq8CYPP9L6GUjrJ5muNv74OochqO5GxaHF0ZTE0SdAXZvF+xeH3rvehLJRAxba4tYC05i3T+O8OIMIAjwnjoNJZ0G0inEtjcAnQSjp/emqmeIjitJkuD1euH1erG7u6v161hdXYXBYNDCjptpSLxf2XPH43GtqmN+fh7z8/NwOBx5I2cL32HOemqg9mq1aqnJTaTiERgdLRXPkYxtZxoEym382UINpfB7K+976hb9Wh5bz0x1GT5mQUc25IhGM8vd0uk0KzmI6ESr9zSUXLVWcBTu39TUhLa2NqyuruLq1avo7e3dc3lJ4fZS2wYHByEIAgKBAFRV1Y5XGGpUCjmkdDq9rwajAIreZbzZsCN7X0dHByKRCGZnZ3H27NmqHrfX8fYyPz+PaDSKvr4+WCx7lFarKiAIUCAAgg4QAZOtGZ23e9DSdwdEnRG7W6sIL1xHaGEcYf/kjaaiUe0QyVgc6wE/1gN+4HeZwMPmbYGrox9u3xDszd2w2LyQLU2Q9DKcrT1wtnYBdz+tNS11NHdDVeJQ0knEI+swd91d88eE6CQym80wm83o6OjA5uYm1tfXEQwGEQwGYbFYtMDBYDAc6nUZjUZ0dHSgo6MD29vbWtixsbGhjdSWFAtS4uFOiElFFwEAOmPl8CeViAIQoDtmkx7o5Bq/Bas3Co2HPzx2IUc2bM6GHIqiIJlMMuQgohPpoN40qhScVKrgADJTsERRhNfrRTgcxvT0tLYaopbqjcJtAwMDEEURCwsLUBQF7e3t2n7VVIKoqgrdN7/5zX8AkJeQVHqSkUgE4XAYbW1tZZep3EwVhyAIMBgMWF5ehqIo2ruY5ez3k7+1taVNXShqKFroxgdPxSdjWgEAShLBiQtIxrYBQURz123oGHwA3Xc+Dk/nENaD1xDf3gYEAbpskHTjepVUGtHIJtYDMwiMXsD85fewPPUB1pemEI9uIZ1OQRAliKIInWSA0dwEVU0D6Tji4WXsLk/DeeY5CPryDUan1lMlt/e6OIqNTi6j0QiHw1Fy5Oz29jaAoxk5azAY4HA40NbWBrPZrI2clZMbMKa3IKgKFEGCImTC5YP8Pk5sXoKgxiBbK48Ci26uQpK90Fmq651EdCt443pB9UZ/zmjY6NGOhq1WKBqER2476suoq3IjZG+VpXtERAflICs26nkNyWRSW0qYXRqeXbKys7MDh8NR9DO7mhGw2dsulwupVAqLi4tQVTVvRUc1x5H2GvdaLqTIHS1bTZCxnx4d2aaACwsLcLlc2tKR/YYZpR43NzcHSZLQ3t5e5XEFQBChKkImo1DT2FpfxLXzryCxs4W+u5+Eq20AKgQIehMcrd0QxczH1tbcjNuf+CMoSgpr/vFMj43QMpKxONQbfVCSsRhC/nmE/POY/O3b0JtkODu60Tl8Pwbufw6ACqSjUOJbiK4twNgyDJ358PsIEB0XoijC7XbD7XYjFothY2MD6+vrmJyczOvXcRQjZ7N9RHp6erC2toZQKIRIZBnm+DISUhPikh2q6j2wX4ap3SUYyy7Z+0Q6lUAqGYPJyuoNOh4aoXoj13Gs5DCbzUgmk1rIke0XR0R0nB30Mt/9TE4pfFxuuAFkJhparVZYrVYYDAb4/X5cvHgRIyMjeW8WVtNPI3efnp4eCIKAYDAIVVW1sbTVHEdSFAWyLFcMJQqXqJSaRLDfsKPcJ7OjowMbGxuYmZnBmTNnSu5T6RjlBINBRCIRdHV1Vf2ugKpmOnAIUKFmFqtgfeEaVqcmoAJQlBQgCBAgAlCwsxnC1toKRJ0IV1s3Ok8/DAgCes4+gXQqjq31JYQXr2N15gpW/dewu7GBVCLxSeARjWHl+jgkyYCBB54H1DSgxBFdDyK5vQ7Pmedres5EVJ4sy9po1+zI2VAohOXlZZhMJng8Hrjd7iMZOdvS0oKWlhZEo1Et7IhGF3Dp0iKcTiecTmddR84qsUWoahKSoXIVyyfjYY/Xu8h0vO1VvUG3BqPRmFfFQUREN6fSz9JyAUj2cclkMi9wNplMaGpq0u53u92QZRnT09P4+OOPcccdd8BsNlcdahTu093dDVEUEQgEoCgKOjs79zyO1mS0VFhRKZRIJpNlm4eUu13tPoVPtL29HXNzc1hYWEBHR8eej6sk+7hYLIa5uTk4HA44nc6qjydAhaqkoSppQFGgKgpC/jEoigrJaICzYyBzrBtTVdYXriMZi8NgMsLdeTpzXyoOiIAo6GH3dsLiaIGzfQAjkoxUfBvhxSmE/ONYX7iOyOoKdDoRro6BzPWnU0jHd7G7GoShZQiibK987WwySlSz7MhZn8+nVXXkjpzNVn2Umz51UGRZ1vp1RCIRbRLL2toaDAaDFnbIcvlla9VI7gahQoWuivGwidg2BJ0Fgr76n6VER67M3yPjGx8dxdXctOP4vVfYyP44PkciosNys9UbqVQqL9yQZblkk36LxYKRkRGMj4/j4sWLZUOOwmsqF3x0dnZCEAT4/X4oipI3ZbVcyCElk8m8P9KrqeRIpVLaGsl6BRvlfnG5XC5sbm5qgcRe6+Kr/eU3NzenhSe1UFUl80fRjf4bSiqOcGAKAGBxOmFxtN1o0gFAVeFo6UL3nfdDEAS09t0FqGqmlYegv9HTQ8B68DpG3/0JrO5WDD/0JfTc+Rn03PnUjaaii9gOL8PbOZKp3lBTiG+FoaTisHU/WPF637xeevICEVXP4XDA4XAgmUxiY2MDa2trmJmZwczMDNxu95GNnLXZbLDZbHkjZ5eXl7G8vAyLxaJNYilVbVdJKhqE3tgEQahc3ZaK7UBn7tnPUyA6EoW/G59s8OqNYcfxbDYei8WO+hKIiI6Nm6neyK3cEAQBsiyXbB+hVVBIEs6cOYMrV67g4sWLGBoagsvlKjpPYdBRLvjw+XwQRRFzc3NQVRU9PT159xeFHG+//bba3d2Njo6OqpepXLlyBYqiYGBgoKr9y90utw3IrI2XJEn743xnZwdmsxkWi0V7ErdCIxYiIiIiIiKi40JRFKiqinQ6jVQqhVQqpS0blCSpqKIjV+5r9LGxMcRiMbS0tKCvr6/kPtXeDgaDmJ2dhdPpRG9vb9n9JaC4DBDYO5xIp9M1LWupJtjIhhl6vR6SJBWNBGuqotkdEREREREREe1ftkelTqeDwWAouU8ymdSCj2wQAuRXYoyMjGBlZQULCwtIp9MYHBzU9qm0RKXwdnt7O0RRxPT0NK5fv47+/v6S+0sAitaRV9ODw2g0VrXvXrf1en3ef6zIICIiIiIiIrq1ZV/Dm0wmbSlL7n/Z1/3Nzc0AgIWFBaiqiqGhIQCVl6iUCjlaW1shCAKmpqYwOTmJ/v7+4jGxAPKqMartwVGp6qPcfaIowmAwQK/Xw2AwcK45ERERERERUYMSBAEGgwEGgwGKoiCRSCCZTCKRSEBRFHi9XgiCgEAggLGxMQwPD+8ZZOx1X0tLC0RRxOTkJCYmJjAwMABRFLV9RVVVq2oYqqoqVFWFoigVl6iUOo4oijCbzbDZbLBarZBlmeEGERERERER0TEhiiJkWYbVaoXNZoPZbIYoivB4POjs7EQ4HMbY2FheD49qcojc216vF4ODg9je3sbExETe8piSS1RKnSQrlUplHnjjMZUuRhRFmEwmrWqDiIiIiIiIiI637DIWg8GARCKhFTjMz89jdHQUw8PDRblCueqNXKqqwuPxQBRFjI+PY3JyEgMDA5AkCSKQCTiqWV4CQOueWmo+eeF+2TEyFouF4QYRERERERHRCaPX62GxWGC1WtHe3o6uri5EIhGMjY3l9esAyq8MKZVRuFwuDA8PIxqNYnJyEolEApIgCHlLRSpVZKTTaQCZ0pNkMolYLIZYLIZEIoF4PI5YLAZZltHW1qY1ASEiIiIiIiKikyvbpyNb1TE5OalVchgMhpLVG5V6crhcLoyMjGiVHFKp5Sm5Dyj8d3Z9y9TUVN52URRhNBrh8/nQ2toKWZbr9XEgIiIiIiIiomNAlmW0trZCFEVcu3YNY2NjGBoagizLNYccAOBwODAyMoJr167lBxzVloN4PB4YjUYYjUbIsqz9P5vEEBERERERERGVIssyOjs7YTKZMDExoU1XMZlMNYUc2X/b7XaMjIx8EnBUu+7F4XDA4XDkbc+Oft2rGoSIiIiIiIiIKMvr9UKWZUxOTmohh9ls3lfIYbVaIe4nlMgNNyRJgizLDDeIiIiIiIiIqCZWqxWnT5+G2+3G2NgYdnZ2yk51rUTca4JKqX8XhhsGgyGvSSkRERERERERUbVkWcbg4CBaW1sxOjqKra2tkhlEpX+LOp2u6p1z6fV6GI1GhhtEREREREREdFP0ej36+/vh8/kwNjaGSCSi3VdtyCG63e6iA1d6cLaZKEfAEhEREREREVE96HQ69Pb2orOzE6OjowiHw9p9lYowAEA0mUx77lB4AIYbRERERERERHQQRFFET08Purq6MDY2hvX19T33LxiAIlbdd0Ov10Ov1zPcICIiIiIiIqIDodPp0N3djc7OToyPjyMUCgGovNqk7OiTwooOnU4HvV7PnhtEREREREREdKD0ej26u7uRTCYxMTEBAPB4PHkjYgtJldaxqKoKURQZbhARERERERHRoTEajejt7UU8HsfExAQURUFzc7N2f27YoarqJ1NUKi1NkaSyxR5ERERERERERHVnNpsxMDAAs9mM69evY3l5uexSlYolGdm+G0REREREREREh81ms2F4eBgWiwXT09NYXFwsuZ8IlK/eyPbdICIiIiIiIiI6KlarFd3d3bBYLJidnUUgENDuy+YYeRUchT04JEli3w0iIiIiIiIiOlIGgwFWqxWtra2w2WyYn5+H3+/P20cq11hUkiRWbxARERERERHRLcFqtSIWi2m3/X4/VFVFZ2dnJsco9SBBEBhuEBHRiROLxRCLxZBOp4/6Uogq0ul0kGUZsiwf9aUQEREdmqamJkSjUTQ3N0MURQQCAaiqiq6urk8CjtzeG3q9HtnpKkRERMedoiiIRCIMNqihpNNp7OzsIBaLwWazcVkxERGdCCaTCRaLBZFIBB6PBwCwsLAARVGKp6gIgsCRsEREdKJsbW0x3KCGlU6nsbW1ddSXQUREdGgsFotWlOHxeOByubC4uJg/RSXbe4PVG0REdFLEYjGkUqmjvgyim5JKpRCPx4/6MoiIiA6FLMuwWCxaluFyueB2u/MrOFi9QUREJw1fFNJxkdt0jYiI6LizWCx5yzNdLld+wKHT6Vi9QUREJwqXptBxwa9lIiI6SWRZhslkytsmFi5PISIiIiIiIiK61ZnN5ryWG1oFhyiKrN4gIqITh7/76Ljg1zIREZ00JpMJBoNBu60FHDqdDoIgHMlFERERHRWj0XjUl0BUF7IsH/UlEBERHSqdTpf3+0+bosLUn4iITiJZlrlEkxqeJEkM64iI6EQymUzaMhUR4PIUIiI62axWK38PUsPS6XSwWq1HfRlERERHQpZlbZmKBHB5ChERnWyiKMLhcCAWiyEajUJRlKO+JKKKsmW5XJpCREQnmSiKMBqNSCaTmYAjd3YsERHRScUXi0RERESNJ1vBIaqqyoCDiIiIiIiIiBqSwWDAjWxDZMBBRERERERERA3JYDBAr9dDFASB/TeIiIiIiIiIqCGJoghJkjIVHEREREREREREjUqv1zPgICIiIiIiIqLGpi1RISIiIiIiIiJqVDqdjgEHERERERERETU2BhxERERERERE1PAYcBARERERERFRwxNFEYKqqupRXwgRERERERER0X6pqgqOUCEiIiIiIiKihiYIAgMOIiIiIiIiImp8DDiIiIiIiIiIqOEx4CAiIiIiIiKihseAg4iIiIiIiIgaHgMOIiIiIiIiImp4DDiIiIiIiIiIqOEx4CAiIiIiIiKihseAg4iIiIiIiIgaHgMOIiIiIiIiImp4DDiIiIiIiIiIqOEx4CAiIiIiIiKihseAg4iIiIiIiIgaHgMOIiIiIiIiImp4DDiIiIiIiIiIqOEx4CAiIiIiIiKihseAg4iIiIiIiIgaHgMOIiIiIiIiImp4DDiIiIiIiIiIqOFJR30BdHMuXryIWCym3b7//vuP8GroJGjUr7mVlRXs7Oxot9vb22E0Go/wioiIiIiIqJ4YcDS4d999F2tra9rt++67D4IgHOEV0XHXqF9zb7/9NsbHx7Xbf/Znfwafz3eEV0RERERERPXEgGMfVFWFqqoQRa7wIaqXUCiE1157Tbvd399fVXXI66+/jtXVVe32l770JciyfCDXSEREREREty4GHHtQVRUzMzOYn59HMBjE6uoqotEo4vE4AMBgMECWZbjdbrS1tcHn82FgYAA6ne6Ir5wOQiKRgCAI0Ov1B3qeWCwGnU534OfJisfjCIfDVe+fSqXybi8uLlYd9jU1NaGpqankfdFoFNevX9du22y2qo4ZCATg9/vLXh8REREREZ0MDDhKiEajeP/993Hp0iVsbW2V3S+RSCCRSCASiWBmZgYAYDQacdttt+GRRx6B0+ms6byLi4tQVbWmxxS+1AnZHQAAIABJREFUmAsEAjUHLO3t7TXtX43NzU28/fbbiEaj2jaz2YwvfOELR3qsWs976dIljI2NYX19XQu2TCYT3G43Tp8+jbNnz8Jisez7HKqqYnR0FBMTE5ibm8PW1hYURQGQCdBaW1vR09ODu+66C3a7vS7Pq9Ds7Cx+9KMf7fvx3/3ud6ve97HHHsPjjz++73MRERERERGVw4CjwIULF/DWW2/lvZiuRTwex0cffYSLFy/igQcewBNPPFH1u9v/9m//pr2I3q/vfe97Ne0vSRL+7u/+7qbOWejChQt44403kEgk8rZbrdYjPVa1VFXFu+++i3feeQfpdLro/mg0ikAggEAggLfffhtPPvkk7rvvvprPMz4+jjfeeAPr6+sl708kEpifn8f8/Dzee+893HXXXXjqqadgMBhqPhcREREREdFxx4DjBlVV8Ytf/AIXLlwous9ut2NwcBB2ux12ux02mw06nQ6bm5vY3NzUKjiWl5e1x6TTabz//vsIBoP4wz/8wxMxrSEcDuPll1/G3NzcLXWsWqTTafzgBz/A7OxsVfsnk0m8+uqrmJubw5e//OWqm22+8cYb+PWvf13TdV24cAHz8/P4oz/6IzgcjqofW4nRaERLS0tV+yaTyaJAxmazwWQyVfX4cstTiIiIiIiIbhYDjhtee+21onCjq6sL999/P4aHh0u+cO3o6Mi7PTc3h/Pnz2N8fFxbajIzM4Mf/ehHePHFFxti0sR+qKqK8+fP46233kIymbxljrWfc//0pz8tGW4YjUZ4PB4oioK1tbWiipLR0VH84he/wOc///mK53nrrbfKhhuyLGthw+rqKnZ3d/PuX1lZwfe//31885vfrFto1t3djW9961tV7fv+++/jzTffLHr8Cy+8UJdryTU1NYUf/vCHFffLbTBKREREREQnFwMOZF5InT9/XrstiiI+97nP4d57763pOF1dXejq6sL09DR+8pOfIBaLAcj0OHj//ffxyCOP7Pn4v/3bv6394o9YKBTCyy+/jEAgUHSfXq+vKaSo57EAYGdnB7/85S+xuLiIlpYWPP7443tWEHz00UcYGxvL22YwGPD000/jjjvu0HqbJJNJfPDBB3jrrbfylrBcuHABAwMDGBwcLHuOqakpvPvuu0Xbe3t78bnPfQ4ej0fbpqoqxsfH8Ytf/ALb29va9vX1dbz88sv46le/WvmDUEcrKyt45513irZfvnwZZ86cwcDAQF3Pl62QOijnz5/H6Oho3rbu7m4MDQ0d2DmJiIiIiOjgMOAAil60PfnkkzWHG7l6e3vx1a9+FT/4wQ+0hpG//vWv8eCDD9Z1woqqqkgmk0gmk1BVFXq9Hnq9/lDH17700kvY2dnJ22a32/Hss8/i97//fdELyMM6VjqdxksvvYRQKAQAWFhYwMzMDL797W+XnE4Sj8fx9ttv523T6/X40z/9U7S2thZtf+ihh9DW1pb3OQYyI0v7+/vLfg4Kqx8A4LOf/SwefPDBou2CIGBkZARdXV348Y9/nLdcZ2xsDPPz8+js7Nzjo1A/k5OT+NnPfpZXuSKKIhRFgaqq+PGPf4xnnnkG99xzz6FcTz1cvXq15HYGHEREREREjenEBxzhcBjz8/PabY/HU/LFZq16enpw22234fLlywAyjSnHx8dx22237et429vbuH79Oubn57GysoLNzc28d/Vzmc1m2O12eDwedHZ2or+/v649G3LlvrgHgHvvvVdrhPn73//+yI41MzOjhRtZ4XAY169fx8jISNH+H374YVG48tRTTxWFG7l6enrw6KOP4le/+pW2bW1tDVevXsXtt99etL/f78fS0lLetuHh4Ypfb2azGV/60pfwj//4j1pVEJAJzQ464PD7/Xj33XcxOTmZt/2RRx6B2+3Gyy+/DCAzzeeVV17Bxx9/jMceewz9/f03vSSrr68Pn/rUpyru9+abbxZ9romIiIiI6OQ58QFHbmNQADhz5kzdjn3mzBkt4Mieq9aAY3l5GW+99RauX79eFACUs7u7i93dXSwuLmrn7+7uxqc//Wl0dXXVdP5quVwuPP/883U5fj2OVWr6CYCyy1yuXLmSd9tut1dVxfPQQw/ht7/9bd70mytXrpQMOK5du5Z3WxAEPPvssxXPAWSmxpw7dw6vvfaatm1iYgLb29t1bdy5u7urVbtcu3at5ISXT3/60zh37hyAzHN45ZVXtHHFgUAA//7v/w6r1Yrh4WF0d3fD5/Pta+qN3W6vqpri/fffr/nYADAwMFA04rewrw4RERERETWOEx9wFK7xdzqddTu2y+XKux2JRGp6/G9+8xu8+eabZYMNvV4PWZZhNBohCALi8ThisVhRA0wg0wfkpZdewoMPPojPfvazNV3HXkRRxEMPPYTHH38cknRzX071PFZXVxeampryqlzMZjP6+/uL9g2Hw1hcXMzbdtddd1VVgWAwGHD27Fl88MEH2rapqSnEYjHIspy378rKSt5tj8dT9AJ7L319fXm3VVXF3NzcvquCgEz1w9LSktbvYq8+J729vfjMZz6D9vZ2bdsdd9wBn8+Ht99+G1evXtWa625tbeGDDz7QPi46nQ42mw12ux0OhwN/8Ad/UHKp0GF69NFH4fP5jvQaiIiIiIiofk58wFE4iSL3nfiblbucAMi8GK7WlStX8Prrr+dts9vtOHPmDLq7u9HZ2Vn2eOl0Gn6/H7OzsxgdHc2bMvGb3/wGZrO5YsPTan3961+H1+u95Y4lyzK+9rWv4dVXX8XS0hKam5vxuc99DmazuWhfv99ftK2Whpn9/f15AUc6nUYwGERvb2/efoVLYKodzZrl8XiKmq3ebMARj8cxNTVV9n6dToeuri48+uij6O7uLrmPy+XCl770JTzyyCN45513MDk5WRSUpNNphMNhhMNh+Hy+Iw83iIiIiIjo+DnxAYfdbs+7HQgEqlr3X43CF8619MEobHh59uxZfOELX6iqgahOp0N3d7e2LOX//u//8N5772n3v/fee7jvvvtqClzKqVcgUe9jAZkA4Rvf+EbF/QqrNyRJQltbW9XnKbWUZmlpqSjgKKwIqXUqTDKZ1JaCZBVee63uvPPOvPHIOp0ODocDXV1dGBgYQG9vb9VfJy0tLfjKV76CdDqNubk5TExMYHZ2Fmtra3nXfTMNfImIiIiIiMo58QFHZ2cnZFnWqi1GR0fxxBNPFAUftUqn03kvHAHsOT40VywWy+t9IEkSnn322X1PR/nMZz6Dq1evIhwOA8i8a7+6usp+AzcULh1xuVw1Ncg0Go2wWCx5FRqFxwRQtBylsOFoJcFgUFsCkrW7u1vTMQp1dHTgi1/8IqxWK5xO501/3QOZkKS3tzcv4Nne3sb6+jrC4XDVFSfj4+NFPXJKya1QIiIiIiKik+vEBxw6nQ5nz57F7373OwCZaRD/+Z//iRdffPGmyuhfeeWVvJDC5/PB4/FU9djCnhuiKN50T4rC51KuCedJVLh0ZD8TZ5xOZ95xSk24aW1txcTEhHZ7c3MTS0tLe05qyfXxxx8XbStcBlWtnZ0dbTlWNuhKp9Mlm4rWS1NTE5qamrS+Nzqdbs9AJdssl4iIiIiIqBonPuAAgCeeeAJjY2PY2toCkFmm8i//8i94/vnn8xoqVmNjYwOvvvpq3gtZnU5X9bQMINMM02q1ateTSCTw5ptv4qmnnqrpWrIuXLiQV1EgSRKam5v3dazjqLDvSmFflmoUPqZUo9ehoSG88847edtefvll/MVf/EXF6pyJiQlcvHixaPt+A44333yzZGBymFpaWvCtb33rSK+BiIiIiIiODwYcyLw4/epXv4of/OAH2ovd5eVlfPe734XP58MDDzyA4eHhPV+Ezs7O4vz587h27VreMgJBEPDcc8/VHCg88sgjePXVV7Xbv/71rzE7O4uzZ8+iq6sLLS0tey6jWFtbw+zsLK5evYqZmZm8+z71qU8VTfg4yQrDiP30JimskCnVrLa9vR0+ny+vN8vS0hJ++tOf4rnnniv7Obly5Qp+/vOfl7xPURSoqlrTkppbldvtxhe/+MWbPg6/tomIiIiITiYGHDecOnUKL774In7yk59gY2ND2+73++H3+yGKYt6YS1EUsbm5iY2NDUQikaLmj0AmOHn++edx+vTpmq/nvvvuQzgcxm9/+1ttWzAYRDAYBJB5QW02m0uOiY1Go2WnwZw5c2bflSDHVeFynf2EBYXhV7klQE899RReeumlvGVIo6OjmJ+fx8MPP4yOjg60trZCURQsLCzggw8+wPj4uLavy+XKW0ZiMBj2db1Op3PfPViWl5fzvt7b29v3dQ2FY5TNZjNuv/32fV1TNXw+X97nqdREHSIiIiIialwMOHK0t7fj29/+Nt566y189NFHeVMuFEXBxsYGNjY2MDc3t+dxBEHAyMgInnnmGVit1n1fz9NPP43+/n689dZbWrCRlUwmsbm5qfUzqMTj8eDcuXM4c+bMvq/nuDIajXmBUK3TTYDiKpByy1x8Ph+eeuopvPbaa3nbt7e3i7YVGh4exm233Yaf/vSnFc9TyWOPPYbHHntsX4/9zne+g7W1Ne32n//5nzdEBclDDz101JdAREREREQHiAFHAYPBgGeeeQbnzp3DRx99hMnJSQQCgaqacra2tqK/vx/33HPPvhpVltLX14e+vj4sLy/j2rVrmJ+fx+rqKra2toomauRqamqCx+NBZ2cn+vv74fP56nI9x1HhkpRS/TMqKQxF9goeHnjgAYiiiNdee62ooWw5g4OD+OIXv4jLly/nba/HqN9b1YULF4qebz09++yzdR9NTERERERER4cBRxkmkwkPP/wwHn74YSQSCYRCIaytreF///d/8yY7PP/883C73fB6vTCZTAd2PS0tLWhpadFuK4qCSCSCRCKBRCIBVVVhMBhgMBjQ1NR0UxNgTprCng3Z5q61iEQiex6z0H333Qefz4c33nijqEdKLpvNhkcffRT33ntvyfO43e6ar7WUra2tssuaChUux1pdXa1qhLEsy2hqaqr6msLhMObn56vev1b7bdBKRERERES3JgYcVTAYDGhvb0d7ezt+9atf5QUcd95555GU54uiWLcqkZPO4/EgEAhot2sdlaooStFSoWpGAre1teHFF1/E2toarl27hlAohJ2dHRiNRtjtdq36JvfrK3caDoC80OtmvP7667hy5cq+HvtP//RPVe139uxZvPDCC/s6BxERERERUSUMOG4B4+PjWF1dPerLwKOPPnrUl1BXqqri448/xuLiIpqbm3H33XeXrDQoDAl2d3exubkJu91e1XmWlpaKlpq0trZWfZ1ut7vq/hCFvVhqOU+jOXv2bM1jmvdy/vz5vAk2RERERER0vDDguAVcvnwZo6OjR3oNoigeu4Djhz/8ISYnJ7Xbo6OjePHFF4v2a2trK9o2NTWFu+++u6rzXL9+vapj3qyFhYW8ShFRFNHd3V2XY7e1te2r98heotHoTQUKhcuybtb4+DgDDiIiIiKiY4wBBx1L8/PzeeEGAMzMzGBqagp9fX152zs7O2E2m/OWHl26dKnqgKOwEWZzczOcTmfRfhcuXMDHH3+s3RYEAV/72teqnoTywQcf5N3u7e2t26jThx56qO5TRvx+P773ve/V9ZhERERERETlMOC4BTQ3N+e9uK5FIBDIa/rY1dW1r54gjTDmsxbb29sltxc26QQ+Gev74Ycfatvm5ubg9/srTp8ZHx9HKBTK23bbbbeV3NdqtWJhYSFv28WLF3HffffteQ4gswzm0qVLedtuv/32io9rZKFQCIuLi3U7XrUjlYmIiIiIqDEx4LgFnDt3DufOndvXY7/zne9gbW1Nu/31r3/92IUV+3Hq1Cno9fq88a06na7sko577rkHH330Ud7o3Zdffhnf/OY3y45i3dnZwc9//vO8bZIk4c477yy5f19fH0wmE6LRqLbtl7/8Jfr6+vachrK9vY0f/ehHedfmdrtx5syZso+p1eXLl+s+saRcyFStyclJvP7663W6GiIiIiIiOu5OZMAxPz+/73dzC0dpXr58ed8VE/V8gUr5bDYbXnjhBfz3f/83YrEYjEYjnn322ZJLR4BMD4qzZ8/i4sWL2ra1tTX867/+K77yla/A5XLl7b+0tIQf//jHRS/iH3zwQdhstpLnkCQJ999/P375y19q26LRKL7//e/jmWeewfDwcNFjrl27hldeeaXoPE8//XRVo1mrNTs7i48++qhuxyMiIiIiIjpsJzLgOH/+fN2aev7sZz/b1+NEUWTAccBGRkYwNDSEjY0NOByOioHAk08+iampqbwwYWlpCd/5znfQ29sLr9cLVVWxtLSEubm5ose73e6KjVofe+wxBAKBvMakm5ub+I//+A94PB40NzfDZrNhZ2cHfr8fGxsbRce4++67MTAwUOnpHzsDAwN1bTpaLogiIiIiIqLGdCIDDjo5RFEsqr4op6mpCX/8x3+Ml156Ka9SR1VVTE1NYWpqquxjrVYr/uRP/gR6vX7PcwiCgC9/+cv453/+56LeHaFQqGhboaGhITz77LNVPJub8+Uvf7nuk2CqbaZazsjICO666646XQ0RERERER03JzLgkGUZFovlSK+hnssLqH5aW1vxjW98A//1X/+F1dXVqh7j8/nwwgsvwG63V7W/0WjEiy++iJ/97GeYmZmp6jGiKOKRRx7BuXPnDqXHis1mqzoYIiIiIiIiuhWcyIDjueeew3PPPXfUl0G3qNbWVvzlX/4lzp8/j4sXL2JlZaXkfh0dHbjrrrtwzz331HwOq9WKF198EePj4/jtb38Lv98PRVGK9jMajRgZGcH999+P1tbWms9DRERERER0Ughq7mgGajiFU1T+/u//nlNU6mx9fR3r6+vY2tqCIAiw2Wxwu91VV2xUI5FIIBAIYHt7G4lEAhaLBTabDa2trdDpdHU7Tzn/8z//k9dk1OFwVFxusx99fX14+umnq9r3N7/5zYFPUXnsscfw+OOPH+g5iIiIiIjocJzICg6iWrhcrgNfrmEwGNDb23ug56hFqeam9eD1eg/kuERERERERGwEQUREREREREQNj0tUGtz777+P3d1d7faTTz7JJSpUs2g0mjc55qAYDAaYzeaq9o3H44hGowd6PbIsQ5blAz0HEREREREdDgYcRERERERERNTwuESFiIiIiIiIiBoeAw4iIiIiIiIiangMOIiIiIiIiIio4THgICIiIiIiIqKGx4CDiIiIiIiIiBoeAw4iIiIiIiIiangMOIiIiIiIiIio4THgICIiIiIiIqKGx4CDiIiIiIiIiBoeAw4iIiIiIiIiangMOIiIiIiIiIio4THgICIiIiIiIqKGx4CDiIiIiIiIiBoeAw4iIiIiIiIiangMOIiIiIiIiIio4THgICIiIiIiIqKGx4CDiIiIiIiIiBoeAw4iIiIiIiIiangMOIiIiIiIiIio4THgICIiIiIiIqKGx4CDiIiIiIiIiBoeAw4iIiIiIiIiangMOIiIiIiIiIio4THgICIiIiIiIqKGx4CDiIiIiIiIiBoeAw4iIiIiIiIiangMOIiIiIiIiIio4THgICIiIiIiIqKGx4CDiIiIiIiIiBoeAw4iIiIiIiIianj/P3v3HR5Vlbhx/J2W3iB06b0XaSqKIDaKogLKKqKugnVtiNhYRIrI6lqxgV2xoLsKVhR0UZQmXem9p0ACaZNJZn5/8CMymUmfZO6dfD/Ps88657aT3DtkzjunEHAAAAAAAADTI+AAAAAAAACmR8ABAAAAAABMj4ADAAAAAACYHgEHAAAAAAAwPXuwKxBsbrfk9kj5bo/cbo8kyeORPB5PkGsGAAAAwGgsFosslpP/bbVaZLNaZLVIVr46rhS01/zjOfTP4qlmT4bbI+Xle5Sf/9cbBAAAAAAqymq1yGazyG472dhE2dFeq7jq/BxWm4AjL19y5bl5kwAAAACodFarRQ67VXZbsGtiDrTXKkd1ew5DOuDwSHK5PMrL91T7LkwAAAAAqp7FcvKbdIfDomr2ZXqJaK9VneryHIZswJHr8siV5w52NQAAAABAkuSwWxXmCOXmZenRXgueUH4OQy7gyHdLuS66NgEAAAAwHqvVojCHVbZqOhkk7TVjCNXnMKQCDqfLozxSQAAAAAAGZ7dbFR6i36IXhfaa8YTacxgSAYfbLTlJAQEAAACYiNVqUbjDGvJLe9JeM7ZQeg5NH3Dk5UvO3PxgVwMAAAAAyiU8zBayq1zQXjOPUHgOTZ3R8GYBAAAAYHbO3HzlhWCzhvaauYTCc2jaHhy5eR65XIzfAgAAABAaHA6rwuyhMR8C7TXzMvNzaMoeHHn54s0CAAAAIKS4XG7Tf4Mu0V4zOzM/h6YLOOjmBAAAACBUmX2YAO210GDW59BUAYfbzZsFAAAAQGhz5ubLbcIOELTXQosZn0NTBRxOujkBAAAAqAbM2PYxY51RPLPdU9MEHE6Xh3WTAQAAAFQLbrdHTpd52j+010KT2Z5DUwQc+W4pL89cyREAAAAAVERenlv5JmgG0V4LbWZ5DiWTBBy5JusWAwAAAACBYIa2kBnqiIoxyz02fMCRS1cnAAAAANWU2+1RroGHCNBeqx6M/hyeYuiAwyPJRVcnAAAAANWYK88tIzYtaa9VL0Z9Dk9n6IDDZYKECAAAAAAqmxHbRkasEyqX0e+5oQOOvHxj//IAAAAAoCoYsW1kxDqhchn9nhs24MjLlzweY//yAAAAAKAqeDwe5eUHuxZ/ob1WPRntOSzMsAEHY7kAAAAA4C9GaiMZqS6oWka+94YMONweMRMvAAAAAJzG7fbICM0k2mvVm1GeQ38MGXAYfVwPAAAAAARDvgHaSrTXYNRnwJABhxHetAAAAABgNPkGGB1Aew1GfQYMGXDQ3QkAAAAAfOUbIOGgvQajPgOGCzjcwX+/AgAAAIBhBTPjoL2GU4z4LBgv4DBmEAQAAAAAhhDMb89pr+EUIz4Lhgs48o34WwIAAAAAgwhmk4n2Gk4x4rNguIDDqGN5AAAAAMAIPEFsMtFewylGfBYMF3AAAAAAAIrmCWbCARiY4QIO3qsAAAAAULRgBhy013CKEYM2AwYcxvslAQAAAIBRBLPJRHsNpxjxUTBcwAEAAAAAAFBWBBwAAAAAAMD0CDgAAAAAAIDpEXAAAAAAAADTI+AAAAAAAACmR8ABAAAAAABMj4ADAAAAAACYHgEHAAAAAAAwPQIOAAAAAABgegQcAAAAAADA9Ag4AAAAAACA6dmDXQFUrQ8//EAHDx4oeD1kyGVq06ZdEGtkHk6nU3Nmv+ZV9vebxygyMjJINfI266UXvF6PvPY6JdZMDFJtAABmN336FH3z9ZdeZU2aNNH7H3wSpBr95Zqrr1RmRqZX2SWXDtI/7r43SDUyBiPfMwCoCgQc1cziRd/ru2+/Lnh95pndKzXgeOThB73+0I4b/5BGjRpdaderTLm5uXpqxlSvsuuuHx2QgCMvL0/5+fkKDw8v9zkK123wkMsIOAAA5ZaVmak9u3d5lcXHxQepNt5279qlQ4cOepWddfY5QaqNcRj5ngFAVSDgMJAFC75Qenp6hc/Tq1dvtW7dJgA1qricnGylpqYUvHa5XEGsjTHk5ORo+fJlWr78Nx3Yv087d+zQ5s1/yul0qmWr1mrZspWaNGmqjp06q+/5/VQjoUa5rmOxWAJccwCA0f3221I9NWO6T/mUaU+qU8fOFb9ABf60JKck62hqitLT0xUWHq6E+ATVr9+gQuE+SoGPAwCqEQIOA5n7wXta+suSCp9n1iuzDRNw7Ny50+v1wQP7q+S6+/bt1fLly7Ri+TLt27dHhw4dUmxMrOrVr6/OnbuqR8+e6tGjlxwOR5XUR5I8Ho/mz/9cT/9rhs+3K6ds37ZV27dtLXgdHROje+4Zp+tH36jo6OgyXw8AUL3k5ORo9e8rfcpdubmBuUAZ/7QcPHhA//3PZ1q48FutWb3KZ3tiYi1dePElGjz4Mp133vmy2WyBqaeBHDx4QGf16haQc/Xrd4Heff+jsh3ExwEA1QgBBypNWnqaNqxf61W2YsVyeTyeSutdsG/fXr326st69503/W5ft25NwRCdjh07666779XAgYMrvbdDbm6upk55XG+/NadMx2VmZGj6tMn6+eef9PyLr6hWYq1KqiEAAIGTk5OjWbNe0Ksvvyin01nkfqmpKfr4ww/08YcfqEfP3po8ZVpgepoEmMvl0ieffKRFPyz0u/2JKdPVsGGjKq4VALPJzXXKZrOHZJhrFAQcBta+fUfFxsWV+biYmJgy7F15DfvP//sfnyEpa1av0q+/LlWfPucG/HqLFv2g8ePuUUpKcqn237hxvW4b+3f97drr9djExxUbGxvwOp0y+/VXfcKNIZcN1fAR16hZs+aqUbOm7Da7jh07qgMH9uvLBfP18UcfFHwo/HnJ//TQg+P06mtvyG7nbQsAKBu3211l10pKOqI777hVy5f9WqbjVq1crquGDtaMmf/WsGEjKql2Zffnpj/0xOMT9evSX4rc57GJj1dJXXJduUpLTytyuzO36DAJqM5yc51asWxphc4RExunrt16lOmYpKTD2rt3t5KTjignO0v5+fmSJLvDoYSEmqpTp55atGyl8PCICtUNf6GlZGCTJk/R2Wf3CXY1ymXv3j166YVn/W57asY0vT/3Y8XFlj28KcrixT/ophuu9butZavW6tSps5KSjmj176uUnZ3ttf3Due/p+PF0Pff8rEoZB3z48CGfCUBfee0NDR58mc++MTExatSosc466xwNv/oa3TT6uoI5TBZ+942WLPlJF1xwYcDrCAAIDZmZmX7Ls7NzquT66cfTyxVunOJ0OnXfPXcqOjpal146KMC1K5usrCy9+cZsPfvvmYaZQ+zXpb+oc4fWwa4GYDonThz2bdNGAAAgAElEQVTX4cMHS96xGDXLMNQvI+OEVq74TakpSX6357lcSkk+opTkI9qyeaNatm6njh27MIdeABBwVHuBH5iZfjxd995zl5KSjhSURcfEKDMjQ5K0ds3v+udjD2vmv55VWFhYha+3e/cu3XnHWK+yyMhI3Tdugq6+ZqRq1qhZUJ6bm6vVq1dp+rQpWrvm94Lyr76crzZt2une+8ZVuD6F/fyz97wqd9x1j99wo7CuXbpp4qQndO/ddxSUffftNwQcAIAiHT/uf7Jyf+UpqSn6+MO5fvf3SFq/fl2Zr//8s88UGW60adNOZ3bvoaZNmyktPU1bNv2pxYt/8LvvuPvuVufOXdSgwRllrkMgLF/+mx7/52P6448NlXaNm2+5VWd2L/rb4P/+51P98P13lXZ9oDrJysoueacAOXhwv5Yv+0X5eXml2j8/P19bNm1Uakqyzu93ISFHBRFwIKAOHNivf9x1u1atXF5Q1qlTFz37/IsaefWwguEj//lsnpxOp2bMfKbCy5c9/9wzBeGJJJ1xRkO9P/cTtWjR0mffsLAwnXXWOZr36eeaPu0JvfXm7IJts156TkOvuFLNmjWvUH0KO7Dfe2LVHj16lfrYXr16e73esWN7QOoEAAhNO3fs8Fu+betWabB32fH0dJ8ehhXx56Y/NGf2qz7liYm1NOGhR3XVsBE+X2xs/GODZkyfoiX/+8mr/MSJ45r10guaNv2pgNWvNI4eO6YXnntGb77xeqVf68zuPXTZZUOL3L5x4wYCDiBAsjIzSt4pAFJSkrSiiHDDYrEoIiJSubnOgqEqXscmH9Hq31eoe4/ePttQegQc1Yyl0JwbJ1du+dlnv/vuH1+mVTs8Ho9++GGhHp/0mPbt3VNQXqNGTc185lm1bt1Wzzz7gm64/m8F2776cr727d2rSZOnqGfP8r2RDxzYr88+/cSrbOr0mX7DjdOFh4frwQmPaOWK5dq4cb2kk91iv1wwX/+4+95y1aW4a52uqG/X/EkvtG90VFRA6gQACE3Ll/3mt3zZsqWSAt9L8XRffbnAb/nMp5/VRRdd4ndbxw6dNOuV2Rp+5eXasmWT17aPPnxfDzz4ULmXSy+PW2+5UcuX+/8dAjCvrCzv4Xt169VXh05dS3XsqfZTSRODuly5Wvbrz8orFG7UqVtPrVq3U716DQp6Z5w4cVzbtm7W7l3bveZI2rVzm+LjE9SylTFWxDQjAg4Du+XvN5R5CMfwEdfo0ccmlXr/UyuKFHZXGRr569av1WuvzNKXC77wKo+PT9CcN99Rh/YdJUn9+w/QSy+/rvvuubNgLOv69Ws17MrLdONNt+jGm25W8+YtSn1dSfrtN+9usBddfKkGDCjdEI7o6GiNn/CwV+iyYP7nAQ84WrZq5fX6qy/na/Dgy0qc78Pj8WjBfO/fafuOnQJaNwBA6Ni1a6fWrVvjd9uvS3/Rzp07yvx3trQ8Ho/mf/Ffn/Krho0oMtw4JT4uXhMnPaFR13pPLOpyubRq5YoSjw+k7Bz/3dibNG2mnr1669NPyrhEa4B17txVDz/6zyK3vzHnNXp9AH5kZ2d5vY6NjVfNGokBvcYfG9crp9C/Ie07dFH7Dr6f32Nj43Rm9146o2FjLf35R7ndf/Xo2PTnejVv0VJWKyutlAcBh4GdOHG8zMdU1SRYKakpWrF8mT7+8AP9+OMin+1nn9NHT838t5o2beZVfvnlV6hxkyZ6cNx92rz5z4Lyt9+ao7ffmqPhI67R0CuGqUePnqXqQbJzp3dX3LIM/5Cktm3beb3evPlPZWZmlqn3Skn69DlPDRs11v59eyVJ3y/8Vg8/PF4TJjyiunXr+T0m/Xi63pwzWy+/9LxX+WWXF92VFQBQvX37jf8vLU757LN5Gj/+oYLXFotFiQXLj5+ak+uvnp4ZGSeKXeL1dCcyTmjP7l0+5b16n1Wq4zt36eK3fH+hYZ7BcNsd/9Add/5Dvy79JegBR82aNYtdie6br7+swtr8JTc3V1nZWcrOOrlKhMcT6DneTj2XHtlsNoVHRCg2JlYOh4P5ClAq2VneAUdkVOA+60tSRmaGdu7Y6lXWvEVrv+HG6erWracOnbpow7rVBWVOp1P79u1VkybNijkSRSHgqGY8hSYVbdK0md85MKxWq9frI0cOa/36ddq+bZtWrlxe7LcD994/XnfeeXeRPRS6dummTz77XDOmT9XcD9712vbpvI/16byPFR0To4EDB6tzl25q3ryFunfv4Td0SE72npm4cG+JktSrV1/16zfQoUN/zap89GhqQAOOqKgozXjqGa9vpj795CN98d/PNPTKYerQoZNq164th8OhpKQk7d61U5/O+1jphZaBm/DQY2rfrkPA6gUACB0pqSma/forxe7z6ssv6qqrhhcM42zWrLnWrPuzyP0fe/QhvfvOm6W6fnqa/6VLSzuvVUJ8glq1bqNtW7d4lRf+O1+VzuzeU5Mef0LdunUPWh3MYt++vVr43bdauPBbpaam+HTRD6SE+AT1Ofc8XX3N39SkSdOATFiP0Fe4B0d0dExAz7939y6voSbh4RHq3OXMUh3bokVrbfpzg/JO+6I6OekIAUc5EXAY2KTJ09S+ffsyHfPXNzGl88SU6erff0CJ+6WlHdPNN11f7D7Drx6p0TfcpK5dupV4voT4BD05418aNPgyvfP2G/p+4bde2zMzMgrCjkaNm+iHRUv8niei0JrRJ06cKPHap8vNzVVa2jHvc0YEfh3qvn3P1zvvfah7775Tx44dlXSyt82nn3ykT1Xyt0GPPPa4xo69LeD1AgCEhldmvVgwkXdRXC6XHprwgN5+54OABvmSFBEZ6bc8rYjgo7C8vDwdPnTIpzw6wN+ylkZMTIweePARXXfd9ZWyfHxF5DhzdOTI4SK3F55noKocO3ZUf/65UTu2b9Px4+leDb1AS046ojp16ujw4cNq2LBRpV0HocPj8cjp9F4qOyo6sPPa7d+3x+t1sxatZLeXrqltt9s19IqrA1qf6oyAw8Dat2+vs8/uE+xqSDq5tNvwq0f6dM2sUaOmRt/4dw0ffrWaNGlapnNaLBb17Xu++vY9X39u+kMffzhXcz9416c77Nhb71BkER+cCg/x2From5+S7NmzW9nZ3mPl4uMTynSO0urff4B++PFnvf3WG5r38Yc6fNj3g9zpIiMjNfSKYbplzFi1bt22UuoEADC/L774r9/eG9deN9qnp+TyZb/q0Uce1JMzni7yb2t5JMQnyOFw+AyV3b5tmzSw5OP37dvrd2hurdq1A1XFUunZs7demvWazxBbo1j226/q2b1zsKvhIzIqSrVr15HFYqmE4SnebHa7IqOiFBcfV+Kkj4AkZWZm+DyXsTGxAT3/8ePeYW7jxk3LdA6GWgUOAQdK7eZbxuqnxYvU9/x+6tGztzp26qQ2rdsG5ANS+3YdNPmJaRo3foI2/fmHNmzYoBXLf9O6tWs09IorizyuYyfvcW3/+3Gx7r13XKl7YfibpLQyuzrWrlVb48c/pLvvvk9bt23RkcNHlJR0WAcPHlRubq7q12+gunXrqm7dumrRspUSKilsAQCEhp9+WqwHH/CdHLt9+46a/MQ0hYWF6e235nht+89n85Samqqnn3muyLmgysrhcOiiiy/V1195r6Ty0Ucf6G/XjVKtEnqYzp37vt/ywn/nK9ukx6dU6fVCRaNGjXXRxZdoxfJlynHm+Mx3EChWq1WNGzVRly7d1KF9RwIOlEpmpnfPJrvDIYfj5Of9/Px8JScfUXpampy5ToWHhSsyKkp169ZTeHjp2hNHjx71eh0ZGaW4QlMAnLxOkrKyMuV05igsLFwxMbGqU6cu4UaAEXCEmLy8PB09mqqk5CSlHUvTueeeF7Bzd2jfUStWrSt1d6vyiIuNU+/eZ6t377N1yy1jlZeXV+z1evbsrfj4hIL5Kv74Y4NefvlF3X//+BKvtX37Ns140vuDzKWXDqrYD1BK4eHh6tSxszp1rJLLAQBCjNvt1kcffaCHHvS/9Ou48RMUHh6uO++6Wwvmf67U1BSv7f/7abEuvbi/HnjwEQ0ffnVAhmL4Czj27d2jqU9M0tRpTykmxv+Y96++WqDXXnnJp7xV6zZq17ZsQ3XN5OjRozp48ECR2zPKOOw2mGKiY9SmbTuNvuEmvffeO1q3dnXJB5WR1WpVdHSMLh96pQYNHiKbzUbDEKVSeOhWZGSUXK5c/bFxvXbt2q58P3PGWCwWJdaqow4dO6t27brFnj8tzTvgiI2LK/jvzMwM/fnnBh3cv08uV67PsQ5HmBo2aqIOHTsrIiJwveqqMwIOA9u8ebMkyeM5mfq53W7l5+cpJyfn//+XrczMLCUdOaz9+/dp965d2rp1c0H3ULvDoc1bdgW0R0JlhhvluV50dLTuvnecpkyeWFD23L//pcTEWvrb364r8mffsHG9Hn14gjIzMgrKmjdvoUGDLwtMxSvI5XIpOydbOdnZysjIUFraMR09ekzHjqYqJSVFKSnJSkioEfAlbQEAxrdlyybNeHKaFv2w0O/2q4aN0IABF0k6OZTz5Vdna/SokT5DQFNTU/XwhHGa9dLzuvba6zXy2utK7GlRnIEDB+vlWS/4TBT6n8/mae3aNbrv/vHq0KGj6tdvoIyME9qzZ7fmfvCe/vPZPL/nu+fecT6TnoeSiY9O0MRHJwS7GgFhtVoVFxunPueep/0H9isnO1tbtmwK2PktFotiY+N01bAROqdPH9WrV59wA6VWOODIz8vTD99/o8yMokNEj8ejlOQj+t+P36tZ81Y6s3uvIp+544UWBji1Qsvu3bu0bs1Kv8HGKS5Xrnbt3KZ9+3are4+z1ahR49L+WCgCAYeBTZr4cIWOz3O5lJKSrAYNzij/OfLylJ+fX/KOVcRut/t0R7z22lH6csEXWrN6VUHZxEcnaP4X/9WNN92sps2aqWHDRjpx/Lj27NmjpUt/9ll+VZImTpoSsEnXvv76S23evElut7vgfx6PR3kul3Jzc+VyueR05sjlciknJ0e5TqeOnzihtLRjSk5KKtUSwb16n03AAQDVRH5+vn755Wd99unH+vy/nxW531lnn6Op057yCgbOPruPnn/xFd029u9+j9m/b6++/eYr/f3mMRWqY1RUlCb+c7JGjxrps23nju36x523lvpcAy68WIMGDalQfUJRh46dNO6Bh4rc/v67b2nx4h+qsEZ/sdvtOuOMhurXr78yTpxQSkqy0tKOBeRzZM2aierStZsGDR6ilq1as3IKyqRwwFHWyXh37dym7KxMndv3Ar/bC8895LA7tHv3Lq1asbTU18hzubRi2c9yOnuqZcvWZaofvBFwhDCHw6GU1JQKBRxvvjlHU5/4ZwBrVTEffvyZ+vTxHnYTHR2tV16drWv/NkI7d2wvKF+5YplWrlhWqvNOmfaUBgy4MGD13L9/v577978Cdj5/9u3dU/JOAICQYLVa9cnHc7Vg/udF7tOqdRu98OIrfoeCDBo0RB98+KkmPHi/9u/b67N96vQZioqq+KoC/fpdoCnTnqpQz4QuXbrp6X8/X+W9Rs2gdq3auvDCi4rc/tOPi6qwNv517XqmcnKc2r17l5Yt+1WZGb4TPJZFWFiY2rRtq2HDr1bHjp0DvgIQQl9Otv85YWLj4tXgjEaKj68hh8Ou48ePKz3tmA4fOqDcXO8eb4cPH9T69WvUubPvapF5hQKOY8eOatfObQWvw8LC1ahxU9VMrK2wMIeOp6fr2LFUHTq43ysA9Hg8Wr92leLjE1S7dp2K/MjVGn85TMLhcCgiIlIxMTGKiY1VdHSMoqIiFRcXrzPOaKi6deupTt26ql27jhJrJap27TqqkVCj2nw4aNDgDM379HM9+sgEffvNV6U+LjGxlp7617918cWXBrQ+TZs2Dch5HA6HWrVqo0aNG/vc51q1y9+NGABgLhaLRY8+Nkm//LykYLnx0112+RWaPGV6sUNMzjuvr76Y/7WemPxPffH5fwrK7x83QV27nhmwut5ww01KSEjQIw+NL1WPxNNdPvRKPf7ENCXWTAxYfVC1rFarOnTsqDFjb9ORw4e1fftWnxXryqJ167bqf8FFuuCCCwO68g+qjyw/k96269BZ7dt38hp2Ur/+yS+Fnc4crVm90mfp1+1bN6l585aKKbQCiyvPO+BITUn665wNGqp7j95e82ucuk56eppWrfhNx46lFmxzu91at3aVLryoauYFDEXVo/VrEh/M/cSnzGKxMMawlGrXrqNXXp2jJUt+0pzZr+rnJf8rct9atWrrppvHauTIv1VKQtq6dRtdN+qGgten7qHdbld4eLgcYWEKDwtXWFiY1qz53SuUuWrY1br9jjtVM7FWtQqpAADFa9DgDE2c9ITuv/eugrLw8HBNeHiibrzx76X6e1G7dh29+NKrGnvbHZr7/nvauGG9xt56e8DrOnTolerSpavefusNvffuWz5duAvr0qWbbrvjLl166aCQWxkjMbGW5n/1XUDOFVnKVeKCLSY6Rq1at9F114/Wxx99qA3r1yrPz0SOxbHb7apVq7YuvmSg+ve/gJ4bKDe7za7o00KJ+vXPUIcORS+3HB4eobPOPk+rHA7t3vlX73C3260tm/9U9x69vfYvqodSk2Yt1LPn2UVeJz4+Qf0HXKIfvv/aax6PtGNHdejQgYIgBGVDy8lAqmIiranTZuifk54oeF2zhG9IBg0arB49elR2tUqtabMWxW632Wzq33+A+vcfoCNHDmv9+nVKSkpSelqaIiIjFR8fr1atW6td23YFy0NVSj2bNtOTM0o3ROWdd97yCjganHGG2rRpV1lVAwCY2JVXDtM3X3+p1b+v0s233KrhI65WvXr1y3yeTh0768kZ/5LT6QzICir+NG3aTI9Pnqo77vyHfv99lVav/l2HDh5QcnKSoqNjVLt2HbVt117dzjxTHTt0CtlAPzw8XF27+HZrD2U2m00J8Qm64IILdejQIWVknPCZfLak4+PjE9T/ggvV9/zz1bx58Z//gOIMuGhguY7r2rWHko4cVlbmX4sSHD7ku/JRmCNMhfuIRMfEqlu3niVew2q1qnuP3vpp8UKvoOTggf0EHOUUmn9JQsTRY0e9xmXFx8VXeFKlsPBwWU/7ZqSkDxMNGzZSw4aNKnTNYKlbt54uuqhesKsRMF9//WWFungCAMzPZrNpxlNPKyw8XPFx8RU+X3HhxsBBQ9SlS1evsshyzNNRp05dDRw4WAMHDi7zsSibQN2zQLDb7apXr74uvuRSZWdl6cD/r67idrtLPDY6OkatWrfWqNE3qGWLViEbfsHY7Ha7Gjdpps1/bigoy87OUkZmhmKi/5rryBHm8Dm2eYvWpX5uExNrKyGhptdQldTU5ArUvHrjXwsDu/P2MVr6y88Fr+d/9V2FvwF48IH79N23Xxe8fue9D9W//4AKnRNV44Xn/q0//9wY7GoAAIKsPEMr04+n6/Chg0pOTilYat7lcikqKkoREZGKjY1R/foNVLt2nYIP5X36nBvoqqMMQuWetWndVv0vuFCHDh3UokXfKyuz+BUsTs3hccuY29S0STNFmGRYDkJTQkJNn7LsrEzvgMNPr/Batco2V15cQoJXwOHM4UvN8iLgQMDl5eXp6NFUpaSmKNfpVE5OjlyuPIWHhyk8IkKREZGqU7eu4uPimV9EkiowszgAAP5kZGZq6S9LtGL5Mi1c+K327N5VquMiIyN1fr8LdO5556tPn3PVokXLCtXD4/H47X3ocNgrdaioGWVmZmrp0p+1fNlvQb1ngRYWFqa2bdvpqmFX68iRI9q86U8dP55e5P5dup6piy4eqG5ndldUVBSfFRFUsbGxPmW5ubne+8TFSwf2eZXFlbGHXVSU9xwzeXkVX165uiLgQIVlZ2dr2bJftWbNav229BetX7+2VEMpatWqrV69z1Lvs85R9x491Klj54D9EXv1lVn69rSeKn/723W6ZuS1ATl3wJXyZ7773vuL/b3ed8+dgaoRAMCkMjIy9N67b+utN2fr8OFDZT4+Oztb337zVcHcUJcPvVJjbr1dXTp3LeFI/5KSjqhnd9/J/KZMe0o33HBTuc4Zaox2zypDzZo11b1HDw0afJlcLpf+2Ljep5Fot9tVt2499et3gc4777xiVwQCqsqJEyd8yk5fEUU62atuyybvfY4ePaq6dUs/VP5EodCvsuZGqg4IOFBu6cfT9e7bb+m9d98q1x/klJRkff3VAn391QJJ0pnde2rsrbdr4MDBFQ46jqUd0+rfVxa8HjT4sgqdLxB2796lDz/8oOB17dp1dMstY0t9/KBBQ4rdTsABANXbn5v+0AP33aONG9cH7Jzzv/ivvvn6S42f8KjGjr2tSiZEr06qyz2zWCyKi43T8BFXKzk5SampKdq/b2/BfBw2m01xcfE659zz1P+CC5hsHQGTlHREGzes9Srr2fscxcb49szw5/RhI6fExMR4va5Vq44sFovXJKGpqcllCjjS0o55vS7cowOlR8BhIlMmT1J8fMUmFFu7ZnVA6rJ23Rrde/ed2rlje5H7xMbGqVGjxoqKjpbNZtPRo6k6fOiQTpw47nf/1b+v1G1jV2rIZUM1Y+YziouNC0hdjSItPU2vzHqh4HWfc/uWKeAAAKAou3fv0s03Xq8DB/aXuG94eLjq1W+giPAIJSUd0bFjR4vd3+VyafrUx+Vxu3X7HXcVu29V6dips5q38F5Zo1YlLPtemUp7zxITa6lu3XqqUbOGwsPCdSwtTSkpyTp86GCRy+8a8Z5ZrVbFRMdo6NAr5PF49PZbcwomHY2NjVPHTp10w41/V8sWrYJdVYSQsLAwHS00Yee+PbvVvkOnEo91uXK1d/dOr7KEhJoKD/eeF8Zut6tuvQZeK6zs2LZFLVq08tnXnz17diujUPuoTt2yr46Fkwg4TGTlimXBroIkaevWLfr7DaOUkuL9j8WFF12iSy8dpHYdOqhRo8ZFzrHhdDqVnp6mnTt3aM3q1frvfz7V5s1/Fmz/csEXysnJ0SuvzjFU96zY2Fjt3nvYqywQ34qMHn2jrr/+hoLXjDUFAJTV1CmP+20o16hRU9f87Tr16NFT7dt3UGJiLUVERHj9rXG5XMrIzNCunTu0du1aLfzua/269Befcz05/Qmd27evOnX0HXJS1d54891gV6HCpjwxye89a9S4iUaNukHdzjxTHTp08jsHgCS53W7t2rVT69at1aIfFmrB/M999jHSPZNOfm5q3LipLr10oKKjorV+/Vp5PB61aNlK55xzrpo3a6HIyMiSTwSUUkJCDUVFRSsr66/Jbbdv26yGjRqXOE/G2jWrlJ3tvQDsGQ0b+923dZt2XgGH05mjVSuX6Zw+5xf72T47O0vr1qz0KrNYLGrUuEmxdUPRCDhQZs89+7RXuNGseQs9/cxz6tmzd6mODw8PV506dVWnTl2dddY5+vvNYzRv3seaNPHhgm8ifvj+O33//XcaMuTySvkZyqsyunlaLJaAhBrfLFzs9bp+/QYVPicAwPi2bNmkhd9941N+/vn99e/nX1LtWrWLPd7hcKhGQg3VOLOHzjyzh2666WZ9+uknGnffP3z2/eSjD9VpqjEay2a2Zcsmfb/wW5/yiy8ZqH8/92KperFarVa1aNFSLVq01FVXDdeQy4bq1jG+85oY7Z5FRUWpbdv2SkyspTZt20qS6jdooLZt2slut/NFDwKuSbMW2vTHX8PAcnOd+mXJYnXr3kv165/hs39mVqbWrFquw4cPepVHRESqVeu2fq9Rp0491apdVynJRwrKDh3cr8WLvlPPXmf7DVP27durtatXKDfX6VXeuElzxYZYT/aqRMBhIuMnPKqmTZtW6Byvv/qy1q1bU+7jk1OS9eWCL7zKXnjplQpNZBUeHq5Ro0brxPHjenL6EwXl33z9peECjsAK7OopHdp3DOj5AADmsGPHDr/lj/3z8RLDDX8sFotGjLhGS39Zov98Ns9r2+rfV5WrjvBW1D2b8NCj5R6iO3DgYA0fcY0+nfexV7kR71lERIQaNWqsRo38fxsOBFK7dh11YN8er9V7srIytfTnH1WzZi3VqJmoqOgYOXOylZ5+TKmpKcorNPzLYrGoW/deBUsy+9Oz9zla/P03cjpzCsqOHU3R4h++UZ269VWjRqKsNpuOH09T2tGjSk8/5nOOqOgYde7SLQA/dfVFwGEi5/Xtq64VfODnf/HfCgUchScTTUyspc6dulSoTqecc6732u1bt2wp/8lYeRUAUE0cT/e/5GbdehUbw920aXOfsv379/nZE2VV1D2rXadi84g0btzUp4x7hurOarWqz3n99b+fflBWZobXtqNHU3T0aEqxx1ssFnXu2kNnnNGo2P2io6LV++xz9dvSJXK5/lolKC8vTwcP7NPBA8W/FyMiInXOueeXat4OFC340yrDVOLjErxep6am6GgJk5OV1sEDB7xe169fgQ9m9G4EAFQTRQUZS3/5udznzMrK8juEomOnkifmQ8mKumcrlpd/vjWn06lFPyz0KeeeAVJ0dIwuGHCJ3yEpxYmIiFSf8/qrVas2pdq/Tp166j/gEsUVajOVpFbtuhpw0UAlxNco03HwRQ8OlEmDBg3Upk07bTltsecnp0/R1KkzFBFR/rRxz57d+vfTM73Kep91TrnPBwBAddG5S1fFxsb5rFJ2/713KT09TUMuG1rqYQ9ut1sbNq7XMzNnaMOGdT7b+19wUUDqfOL4cR05crjkHcsoLDxcNRKM30Do3KWL33s27r67NXX6U7r00kFlmmh9x47temrGNL+9dAN1zwCzOxVWHD58UNu3blZy8hHl5+f73TcuPkFNmjRXy1ZtZLPZynSduLh4XXzpEO3evUs7t2/RsWOpXkvInmKz2VQzsZZatW6nBg0alutngi8CDkPz7rLgKSMAACAASURBVIaQduyYkgutXFJWuU5nyTsVw2636+5779edt48pKPvko7n6Y8MG3TL2NvXpc67qlbJLrNvt1rZtW/T9woV67dVZSk9PK9hWp05dXX3NyArV9XQb1q/VZ4XGEQdK377nq3Y5lqZLSkqqtDqdcsklA33W6gYAhJbEmjV12+136V8zp3uVZ2dn66EHx2niow/pvPPO11ln91HtOnUUFxen6OgY2WxWZWVlKSMjQydOHNeff/yhxYt/0P59e/1ep2GjxrryqmEBqfPMp6Zp5lPTAnKu01036gY9OeNfAT9voCXWTPR7z9LT0/SPO29VjRo1NeDCi9Sz11mqU6euoqOjFB0TI5vNppzsbGVkZOrEiePatOlP/e/HxUUOPw7kPQNCRb16DVSvXgO53W6lpCQpKytbublO2e12RUREqEaNmoqMjKrwdZo2baamTZvJ5cpVSkqycnJy5HK5FBYWroiICNWqVbvYOT1QPhaPvzgpiDKz/ado1dHfRg7X0l+WVOo13nnvQ/XvP6DMx8166QU9NWOq323NW7RUly5dVbdefcXHxcvucMhqtSorM1MZmRk6cfy4kpOTtPr3VUpN9R3zVqNGTb3z/ocVmm/kySen6pVZL5T7+LKY/9V3parr2nVrdPngS6qgRn9ZtmKNGjQoW1c8AID55Obmatz9d+uLz/9TKeePjY3Th598VuZ5t44cOaye3atuBQ+zBBySce8ZzCM6smw9CwKF9hpOF6znsChERoZmqOzJy5133a2OnTrrickTtW2r92SgO3ds184d28t13suHXqmHHn5MDRsWP4kPAAD4S1hYmJ5+5nm1b9/Ra0WyQDinz7maNn2mWrRoGdDzVnfcMwAIPAIOlNv55/fTN98u0q+//qKvvlqgRd8vVEo5htC0b99RAy66WJdfPlRt2rQLSN1iY2LVvkqWTfXIbivd28hms1VRnbyvCQCoHsLDw3X7HXdp4KDBmjfvY819/12/PSVLa8CFF+v60TfqvPPOl8PhCGBNcQr3DAACiyEqBrZ16xY5cys2Z0ZJGjZsFLDJuPLy8rRz5w7t379PBw8e1OHDh5SdlaXs7GzlOHMUFRmlyKgoxcXGqX6DBmrQ4Aw1bdqUIRQAAFQCp9OpzVs2ad3atdq1c8fJHpa7dirt2LGCea/Cw8NVs2ai6tarr5atWqlZ0+Zq176DunTtqtq1ale4Djk5Ofr991UVPk9pJdRIUIcq/jIhkIxwz2AeDFGBERhtiAoBBwAAQDWTn5+v/Px8hYWFBbsqKCXuGQoj4IARGC3gYIgKAABANWOz2RjGaDLcMwAomTXYFQAAAAAAAKgoAg4AAAAAAGB6BBwAAAAAAMD0CDgAAAAAAIDpEXAAAAAAAADTI+AAAAAAAACmR8ABAAAAAABMj4ADAAAAAACYHgEHAAAAAAAwPQIOAAAAAABgeoYLOCyWYNcAAAAAAIwrmG0m2ms4xWLAh8GAAYfxfkkAAAAAYBTBbDPRXsMpRnwUDBdwAAAAAACKRsgA+Ge4gMNq5c0KAAAAAEUJZr5Bew2nGPFZMFzAYTPgLwkAAAAAjCKYTSbaazjFiM+C4QIOA/6OAAAAAMAwgvnNOe01nGLEZ8F4AYfhagQAAAAAxmELYpuJ9hpOMeKzYMAqGXMsDwAAAAAEmy2Y6cb/o70Goz4DwX93+GGzGfOXBQAAAADBZIB8g/YaDPsMGODt4ctu0F8WAAAAAASTERqWtNdg1GfAkAGH1WLcLi8AAAAAEAxWq8UQEzvSXqvejPIc+mPIgEOSHHbDVg0AAAAAqpyR2khGqguqlpHvvWFrZrdJFotBYyEAAAAAqEIWi0V2W7Br8Rfaa9WT0Z7DwgwbcEjGHdcDAAAAAFXJiG0jI9YJlcvo99zQAYfDYexfHgAAAABUBSO2jYxYJ1Quo99zQwccFhl7fA8AAAAAVDaH3SojNitpr1UvRn0OT2f4pzHMYWGGXgAAAADVktVqUZiBvzWnvVY9GP05PMXwAYckhTlMUU0AAAAACCgztIXMUEdUjFnusSlqabNKdro+AQAAAKhG7HarbCZoBtFeC21meQ4lkwQckhRO1ycAAAAA1YTValG4CYYEnEJ7LTSZ7Tk0TcAhSeEm6RYDAAAAABVhxraPGeuM4pntnpqqtlarFB5mC3Y1AAAAAKDShIfZZDVVS+0k2muhxYzPocmqK9ltvGkAAAAAhKbwMJvsJm7u0F4LDWZ9Dk0XcEgn3zQOk3WVAQAAAIDihDmspmxUFkZ7zdwcJn4OLR6PxxPsSpRXXr7kzM0PdjUAAAAAoELM+o15cWivmU+YwyqH3TyTihZm6liN7k8AAAAAzC4Uww2J9prZhIfZTB1uSCbvwXGK2y05XW653ab/UQAAAABUEyeX4LSabiLHsqK9Zmyh9ByGRMBxitPlUV6eO9jVAAAAAIBi2e1WhTvM/W15WdFeM55Qew5DKuCQpHy3lEs6CAAAAMCArFaLwhxW2ULg2/LyoL1mDKH6HIZcwHFKrssjF+kgAAAAAINw2K0KC6FvyyuC9lrwhPJzGLIBhyR5JLlcHuXlexTCPyYAAAAAg7JYLLLbLHI4LArNJmX50V6rOtXlOQzpgON0efmSK4+uUAAAAAAqn9VqkcNuDcnVUSoD7bXKUd2ew2oTcJzi9kh5+R7l53t48wAAAAAIGKvVIpvt5Dfl1lD+mrwS0V6ruOr8HFa7gKMwt/vkmyjf/dcbyOMRXaQAAAAA+LBYLLL8f6PRarXIZj3ZiAyFJTaNiPaafzyH/lX7gAMAAAAAAJhfNc93AAAAAABAKCDgAAAAAAAApkfAAQAAAAAATI+AAwAAAAAAmB4BBwAAAAAAMD0CDgAAAAAAYHoEHAAAAAAAwPQIOAAAAAAAgOkRcAAAAAAAANMj4AAAAAAAAKZHwAEAAAAAAEyPgAMAAAAAAJgeAQcAAAAAADA9Ag4AAAAAAGB6BBwAAAAAAMD0CDgAAAAAAIDpEXAAAAAAAADTI+AAAAAAAACmR8ABAAAAAABMj4ADAAAAAACYHgEHAAAAAAAwPQIOAAAAAABgegQcAAAAAADA9Ag4AAAAAACA6RFwAAAAAAAA0yPgAAAAAAAApkfAAQAAAAAATI+AAwAAAAAAmB4BBwAAAAAAMD17sCtgFhnZHm3Zm6edB/K1N8mtQyluJR3LV9oJKTPboxynR3n5kscT7JoCAAAAAMzAIslulyLCLYqOtCghVqpTw6b6taxqXMeq5mfY1KaxXTGRlmBX1RQsHg9Ncn/SMjxatjFXq7a4tGG7W7sO5Ae7SgAAAACAaqjZGTZ1amlVjzYOndUxTAkxBB7+EHCcJjnNrR9W5uqnNblas5lAAwAAAABgPN3a2tSvW5gu7Bmm2gnMPHEKAYekn9bk6suluVqy2hXsqgAAAAAAUGp9z3RoSJ8w9esWFuyqBF21DjjmLc7Rpz/mMvwEAAAAAGBqzc6waXj/MI24ICLYVQmaahlwzFuco/e+depwirtMxzWqZ1XrxjY1q29Vo7p21atpUWK8VfHRFkVGWOWwSRaGQgEAAAAASsHjkVz5UnaOW+mZHqWmu3X4qEf7juRp1yG3tu7N177DZWu31qtl1fWXhlfLoKNaBRw/rcnV61/kaPve0vXYaFTPqrM62tWznUPdWtkVH8PYJgAAAABA1UnPcGvNtjyt3OTSso15pQ48Wja2aezQiGo1dKVaBBzJaW49Py9LC38reY6NBnVsuqiXXQN6ONS2saMKagcAAAAAQOls3uvSolUufb8iTweTSv7y/uKzHbpnRFS1mIw05AOOBUtz9NxHOTqRWfyPeXYXh67sy8QsAAAAAABz+GlNrv67JFe/rSv+y/zYaIvuHRmhy/qE9rCVkA44pr6Tofn/K/5GD+jl0LUXh6tTc3prAAAAAADMZ8NOl+YudGrRiuLbv5ef79BjN8RUUa2qXkgGHLsO5WvSnAxt3lX02KSeHWy65bJIdWtNsAEAAAAAML81W12asyBbK/8oeuhK22ZWTb4lRs3q26qwZlUj5AKOX9bnatLsrCKHpNSIs+jO4RG6/NzQ7poDAAAAAKie5v+So1mf5ujYcf/t4thoiyaPidK5nUNrioaQCjgWLM3RlDeyi9x+6TkOjRsZxWooAAAAAICQlp7h1jMfZenbX4setjLx5siQmpcjZAKOeYtz9K/3iw43JoyO1LB+oXPjAAAAAAAoyWc/5eipd4tuK48fFakRF4RGWzkkAo7iwo1G9ax6/JYoJhEFAAAAAFRLG3a69PicLO077H+eylAJOUwfcBQ3LKVnB5um3xrDkBQAAAAAQLWWnuHWI69lFDkBaSgMVzF1wPHL+lzd/1ym320Dejn05G2hu/wNAAAAAABl9fCrGUUuJ/vve6NNPfGoabs27DqUr0mzs/xuu/Qcwg0AAAAAAAp78rYYXXqO/ykcJs3O0q5DRS8xa3SmDTgmzcnwuxTsgF4OPXEL4QYAAAAAAP48cUuMBvTyDTlOZHo0aU5GEGoUGKYMOKa+k6HNu3wnR+nZwUbPDQAAAAAASvDkbTHq2cHmU755l1tT3zFnyGG6gGPB0hzN/5/veKFG9ayafivhBgAAAAAApTH91hg1qucbC8z/n0sLluYEoUYVY6qAIznNrec+8v9LfvyWKFZLAQAAAACglOJjrHr8lii/2577KEfJaf6XlTUqUyUCz8/L8jvvxoTRkerU3P8kKQAAAAAAwL9OzR2aMDrSp/xEpkfPz/O/sIdRmSbg+GlNrhb+5js05dJzHBrWz9xr9QIAAAAAECzD+kX4XVll4W8u/bQmNwg1Kh/TBByvf+E7NKVGnEXjRvrvTgMAAAAAAEpn3Mgo1Yiz+JT7a4sblSkCjnmLc7R9r+9avHcOj2DeDQAAAAAAKig+xqo7h/uOjti+N1/zFpsj5DBFOvDet06fsp4dbLr8XIamAAAAAAAQCJefG+F36Vh/bXIjMnzAMW9xjg6n+M7cestlvpOgAAAAAACA8vPX1j6c4jZFLw7DBxyf/ug7ocmAXg51a82qKQAAAAAABFK31g4N6OXb3vbXNjcaQwccP63J1a4DvnNvXHtxeBBqAwAAAABA6PPX5t51IN/wK6oYOuD4cqnvL+/sLg51ak7vDQAAAAAAKkOn5g6d3cW33e2vjW4khg04ktPcWrLa5VN+Zd+wINQGAAAAAIDqw1/be8lql5LTfOfINArDBhw/rPRNhhrUsalfNwIOAAAAAAAqU79uYWpQx3dFFX9tdaMwbMDhb2zPRb3sQagJAAAAAADVj782uJHn4TBkwJGW4dGazb6Tiw7owdwbAAAAAABUBX9t8DWb85WW4QlCbUpmyIBj2UbfRKhRPavaNibgAAAAAACgKrRt7FCjer6xgb82uxEYMuBYtcV3ctGzOjI8BQAAAACAquSvLe6vzW4Ehgw4Nmz3nZW1Zzt6bwAAAAAAUJX8tcX9tdmNwHABR0a2R7sO+M6/0a0VPTgAAAAAAKhK/triuw7kKyPbePNwGC7g2LI3z6esUT2r4mMMV1UAAAAAAEJafIzV7zwc/truwWa41GCnn94brRv7rr0LAAAAAAAqn782ub+2e7AZLuDYm+Q7lqdZfcNVEwAAAACAasFfm9xf2z3YDJccHErx/SU1qsv8GwAAAAAABIO/Nrm/tnuwGS7gSDrm282lXk1LEGoCAAAAAAD8tcn9td2DzXABR9oJ37LEeMNVEwAAAACAasFfm9xf2z3YDJccZPpZaiY+mh4cAAAAAAAEg782eUYWy8SWKMfp+0uKjDBcNQEAAAAAqBb8tcmduQQcJcrzM4zHwSqxAAAAAAAEhb82ub+2e7AZLuDw+AmBLIxQAQAAAAAgKPy1yf213YPNcAEHAAAAAABAWRFwAAAAAAAA0yPgAAAAAAAApkfAAQAAAAAATI+AAwAAAAAAmB4BBwAAAAAAMD0CDgAAAAAAYHoEHAAAAAAAwPQIOAAAAAAAgOkRcAAAAAAAANMj4AAAAAAAAKZHwAEAAAAAAEyPgAMAAAAAAJgeAQcAAAAAADA9Ag4AAAAAAGB6BBwAAAAAAMD07MGuAAAg9Bw6dEiPPfaY320zZ85UYmJiFdcouLKzs/XQQw/53XbnnXeqdevWlXp9j8ejvLw8v9vsdrssFkulXh8AAKAqEHAAQACkpqZq7969PuV2u12dOnUKyDXWr1+v/Px8n/LGjRsbLjDIycnR559/7nfbtGnTqrg2wZeXl6f333/f77brr7++0q+/efNmnXvuuX63fffdd+rRo0el1wEAAKCyEXAAQACsWrVK1157rU95165dtWjRooBc49Zbb9XWrVt9yufOnatLLrkkINeoThYsWOA3MKqIzp07q3nz5gE9ZyC4XK4itxXVswMAAMBsCDgAANXSAw88oJSUlICe8/XXXzdkwHHo0KEitx0+fLgKawIAAFB5CDgABEVubq48Ho/fbXa7XTabrcLXSEtL0+bNm5Wamqr09HRlZ2crISFB8fHxaty4sZo3by67nX8Gi1LcPSrNsUXJycmR0+ks13ltNhv3rBw2bNhQ7LYrrriiCmsDAABQOfiUCKBKOZ1Ovffee5oyZYoyMjL87vPxxx/rwgsvLNf5U1NT9eWXX+rTTz/Vr7/+Wuy+devW1ZAhQ3TNNdfozDPPZKLFQqZOnapZs2YF/Lzdu3cv97EzZ87UzTffHMDahL6srCy9/fbbRW5/9913de+99yo2NrbqKgUAAFAJCDgAVJl169bpkUce0bJlywJ+7uzsbL322mt6+umnlZ2dXapjjhw5ojfeeENvvPGGBgwYoOnTp6tly5YBrVdSUpJefvnlgJzr6NGjATkPqpd33nmn2CEqR48e1Ztvvql77rmnCmsFAAAQeAQcACrdiRMn9NJLL+npp5+ulPPv2LFDY8aM0bp168p9jkWLFqlfv356/vnnNWzYsIDV7eDBg5o4cWLAzofKd8UVV5R75ZtAB2QVtWbNGk2ePLnE/Z544gn16dOH1VQAAICpEXAAqFQ//fSTHnnkEW3ZsqVSzr9161aNHDlSe/bsqfC5srOzNXbsWFksFl111VUBqB3MaNCgQQENuYJl/fr1Gj16dLErqJzuxhtv1Ny5c9W5c+dKrhkAAEDlsAa7AgBCU3JyssaNG6dhw4ZVWriRkZGhMWPGBCTcON1dd92lbdu2BfScQFVavHixRowYoYMHD/psczgciomJ8Sk/dOiQhg0bph9++KEqqggAABBw9OAAEHBLlizRHXfcUey4/0B48cUXtXHjxmL3adKkiQYNGqSmTZsqLi5Oe/bs0cqVK7Vo0aIij3E6nXr88cf1wQcfBLrKpvLII49o/Pjxwa6Gl7CwsEq/Rl5eXql7PZzOZrPJai379wYjRozw+3M9++yzGjRoUJnOdfToUc2cOVOzZ88ucp/nnntOYWFhGjNmjN/jr7nmGo0ZM0YTJkxQjRo1ynR9AACAYCLgABBwK1asqPRwIz09Xa+++mqR28PDwzVjxgwNGzZM0dHRXts8Ho9++uknjR8/Xrt27fJ7/Lfffqvt27dXeE6F9u3bBywoueqqq4qsb2WIiIhQREREuY7Nzc2V0+mU0+ksWDI2PDxcYWFhioiIkMPhCGRVA+qOO+7QHXfcUebjnnvuOV1//fVlPu748eN+y/Pz80t9jiNHjuijjz7Syy+/rJSUlCL3mzBhgkaOHCnp5KS/L730kt/9Zs+erc8//1x33HGHRo4cqTp16pS6LgAAAMFCwAGgSg0ZMkQ33XRThec4+PHHH4tcZlaS5syZU+S33xaLRf3799dLL72kwYMHF3mOJUuWVDjgCAsLU+PGjSt0jlOMGArk5eVp586d2rhxo9atW6ddu3Zp+/btJQ5LateunVq1aqVmzZqpc+fO6tSpk5o1a1auHhDVVXJysn777TctWrRIn332WYmrB40aNUr3339/weuJEycqJydHc+bMKfL8kydP1syZMzV8+HANGDBAZ599tmrVqhXQnwMAACBQCDgAVImGDRtqypQpuuyyy/zOC1BWmzZtKnLb8OHDS9W1/6yzztKIESM0b948v9v37t1b7vqFun379mn+/Pl69913tX379jIfv2nTJp972LFjR11//fUaMmSI6tWrF6iqhoxt27bp559/1tatW7V+/XotX768VMc5HA5NmjRJt9xyi+z2v/7s2+12TZ8+XR06dNAjjzxSZECSnZ2t9957T++9956kk++bzp07q02bNjr//PPVrFmziv9wAAAAAUDAAaDS3X777brvvvuUmJgYsHOmpKSoQYMGfrcNGDCg1Ofp2rVrkQHHkSNHylW3UJaTk6M33nhDTz75ZIk9Bspq48aNmjBhgqZNm6aJEydq1KhRVTLnhlnk5+eXeU6ULl266Nlnn1WXLl38brfZbBo9erR69eql+++/v1ShybJly7Rs2TJJ0sqVK8tUHwAAgMpEwAGg0nTr1k3Tpk1T7969A37uZ555JiDnsdlsRW6LjY2t8Pn379+vRx55pMLnkaSkpKSAnKe8srKydNttt+mrr76q1OscP35c48eP18qVK/Xcc88pPDy8Uq9XWEJCgqKiosp8XHnDmKefflrt2rXzKW/evLnX67Zt2+qaa67Rxx9/XOI5a9eurVtvvVVjx471mYPGn7Zt2+qzzz7T7Nmz9frrr5dqDp3rrrvOp44AAADBRMABIOBsNpumTp2qm266qdyTVFaVFStWFLmtovNvSCd7mrz22msVPo8RTJ48ucRwo2HDhuratasaN26sxMRERUVFyeFwyGKxKDc3V5mZmUpNTdWePXu0Zs2aYhvSn3zyiRo0aKCJEycG+kcp1syZMys8R0xZdOrUST169CjVvrfeemuxAUfPnj118803a+DAgX6Xgi1OZGSk7r77bt1888367rvv9Oabb+q3334rcv+bbrqpTOcHAACobAQcAALu9ttvN3ywIZ0MN4prsPfr16/qKmNw27dvL3IyysjISD3wwAMaMmSIWrRoIYvFUqpzut1ubdu2TZ9//rmeffZZv0uzzpo1S6NGjWKeh//XpUsXDR06VF988YWkkyvT9O3bV71791afPn3Us2fPUv/+ixIdHa2rrrpKV155pX7//XctWbJEq1at0pIlSwqGJV100UXq1q1bhX8eAACAQCLgqEbcbo/cbo88Hk9BmcUieTwn/1+ySDq57bRdvPbz9dcxp/aTLAXXOPU5+9SxrjyP3G53qep76swFH9VPq6zH4yl0Zf81KvzfKuK1zzWKOHfhc55eVpZjfF5bLAoLs8lhD40VJMwQbqxcuVJjxoyR0+n0u/3BBx9U69atq7hWxvX7778XuW3u3Lnq27dvmc9ptVrVpk0bTZgwQV26dNF1113ns4/L5dKqVasMG3AcP35cSUlJOnLkiI4cOaKDBw/qwIEDSk1N1euvv/5/7J13nBXV+f8/Z7ZX2gK7dKRJU1oEKYKAQUUiooId/eJX0UQ0Gs0v0QRMLDFGTfzGHhsqhCKsVBsgTVwp0pEOS10WFrbv3b13zu+PmXPmnLn3br1bed6+cO/MnDazu3DP5z7P56mWOZ944gn88pe/RI8ePdC1a9dq+31jjGHAgAEyuqSoqAj79+/Hnj170KVLl2qZkyAIgiAIoiqQwHERUFRUAq/X1ISN2oBzIDu3GJxzv80951zZ8VsiRiABwi1O+J0T/1NECqaoCdzVV1kEYK8r0Fzc1TGgOOK+3wBrdYszzHUcZjDExoSjaZOK5/8T/mRmZqK4uBiAZdB45swZHD9+HIsXL0ZqamrQfn379sXDDz9cU8usFwRLJUlMTMSwYcOqPP7VV18d9NqxY8eqPH5FWLJkCfbv3w+fzyf/FBcXo7CwEHl5ecjNzUV2djbS09NLNaJ95ZVXQuLj4qZnz57o2bNnyMcti+joaPTu3Ru9e/eu8bkJgiAIgiDKAwkcDRifj6OwsLgUYSNYDER1rceEqUaP2F/d0R7OFWV9IngDgJAh3FEaHABTFAchIOihJxwczCWQcKufsga1C1eXFAg1DIbzADM4Qgjnplw7U+5dTOczOfILvMgvyEazJrGIjY0oZWKiLB577DF8+eWXFeozefJkzJgxo8Ib0z59+pQqmlQnNRFpEqwCTk5ODvbu3YtLL720SuPv2rUr6LWWLVtWaeyKsmjRopCMc/r06WoROAiCIAiCIIjAkMDRQPH5TBQUFJfRSggLrEaiO/IKnPz6QNKKXySGLRowO3xClTRYsFQSBv1elNe6zCHmYVLccDdyR2kEitZQRQrYkRgGM2Dar9UhuTKqljqjiDfq+s9mFaAZYhFHIke1Ex8fjwkTJmDs2LEYNWpUpTwMWrZsWeMb8ZqkR48eQa/dddddmD59OkaNGlXh6iN5eXn46quvMGPGjKBt6mvEwMmTJ0OSyvHGG29UWKiraa655hpMmzattpdBEARBEMRFDgkcDRDOIcUNznnAzZoqatSEuGFybkdvWGtxslHsc8yVdiIDN5w1iugNBl2Q8evnDOmXesKY4aTIBPD00MYUuS08iDgSaH5lrXC3CSDKSB1HHUC+5Mg6X4jo6HCEGVUzDSSCExMTg3feeQfDhg0rVznNi5X+/fvjuuuuw/Lly/2uHT58GPfeey9iYmJw9dVX49JLL0VKSgoaN26MmJgYhIeHg3MOn8+HwsJCnD9/HqdOncKePXuwatWqoD4oAHDLLbfgsssuq85bqzaOHz8eknHOnTuH77//PiRjVRdkOEoQBEEQRF2ABI4GSFFRiePtEOST6Jr042CMITe32N7bc1toYDKigTFHGBCiAmMGGCBTWkTEhnU/4t7gFwYRLBpFPAXTbiNkFmtJ/n4d6nk15kKNHNHmsvsF9+Pg9voMcNO0IkfEmpX+qiAj7vNMZj5SWlas3CNRfgoLC3HnnXciJiYG1157npzmIgAAIABJREFULa6//nqMHz8ehhHc8HXdunU4efJkDa6y4iQlJWHkyJEhHfMf//gHTpw4ge3btwe8XlhYiGXLlmHZsmUhmW/gwIF4/vnnQzJWddG0aVO0bdsWKSkpaN26NTp06IC2bduiTZs2ddYYlSAIgiAIoqFCAkcDwzQ5vF5fKS1q1ncDsPQAn8+OvLBFBW46agA3bWFBGmBY/1NFBmcw3SdDCg6KuMEMO9aD+0dXMGVMKWiopqR2H80fhFnrNuzxxThCLAHnSiUayMfrRI0AnNtrMk1HdLLHEuPq4oazhhKvD8UlPkRGhFXgqRMVpbCwEAsXLsTChQuxdOlSPP/880hOTg7YduHChfjoo49qdoEVZPz48SEXOJKTkzF79mw8++yzmDt3bkjHdnPvvffij3/8Y1Dvj1Dw9ttvw+fz//uSMQbDMGAYBsLCwhAeHo6oqChERkbKr9HR0UhMTKwXFYMIgiAIgiAuFkjgaGAUFXnlaz0NxTp2e27WhP9GXkFJ4DncVhmKImGleQgzTjVSQlRcEUaj3LknIT7IyIvg5WQdk0/VrtRd8QRQr6rihmZgKnxClFQWESWiVodhYODMETLgHleLGFEFGSAvvxhNG8f4P0OiVB599FHcd999AKwqKhkZGTh+/Di2bt2KFStWBO2XmpqKtLQ0zJ8/v8rmmQ2N5ORkvPXWW7jjjjvw2WefYd68eSEbOyIiApMmTcIdd9yBgQMHhmzcYJRWuSXUREdHY86cOQGvUaQHQRAEQRBEaCCBowEhctzVYydVBRBRDe4+KlURPIL1LSoqCdBa7+OUS3UkBjvWA1x1+BSRHxxgjENqHXBEB5HuYrh8PRyhQ5h0MCkqqKajXB3Q1VdLJ1GECfWu1dKvbscOBl3c0MaD/zNkjMHkHMXFpUXlEMG44oorgl7bsmUL/vWvf2HJkiUBr586dQoPP/wwli1bRp/SB2DYsGEYNmwYZsyYgc2bN+Onn35CWloadu7ciZycnHKN0bhxY/Tq1QsDBw5Ev379MGDAACQlJVXzymuHiIgIjB49ulJ9H3/8cfz6178O8YpCS1RUVG0vgSAIgiAIggSOhkRhob+Q4N4slyVoVCWaI1DfwiKf9N5w5nOCGIT4wrkuBDiiDAM3Ve8L5qSwcOaXceO4VzAlxcWWGpTKLJDX/E1D1UHlK82bwy146EKJ01wRbJi4J0MZyBlX8whRxhZCic+s2bSii4F+/frh3Xffxf333x/UM2Lbtm1YvHgxbr311hpeXf0hOTkZY8eOxdixYwFYP7NZWVk4e/YsCgsL4fF4UFxsmR6LFI+YmBgkJSWhadOmlapYU118++23mD17tt/5pKQkvPTSS1Uau6CgAI888kjAa7/73e/QvXv3oH3j4+MRH08+PARBEARBEGVBAkcDweczrUgJd0kRd+WOMgQMbZtexp5axi1wl8qgtDiTmaetQZiEqu31DY51TRg8+osmTgKH6KeLNAzqcEJQEV1ZgLlVM1bOuWIuaafB2Of8xSEn9YfL+3MesXrd6ePTvgVhYYbLzFKkvGi3GtS8lKgaUVFReO211/DNN9+gpCRwpNGSJUv8BI5x48ahT58+VZ5/5cqVWLRokd/5q666ChMmTKjS2C1atKhS/8rCGEOzZs2q1TujusjMzERqaqrf+VB8r30+X8CxAeChhx6q8vgEQRAEQRAECRwNhmVfb0Fm5gX4TB9Mnw8+nw+meG364PN5Yfp8ME0TPp8PnJswTRPctL6a3H7NTXDOrbbqOfWrya0+ps9qa4+hvzZRWFiEo0eP294fhv012GsDzAjWRjkWbRCkjWFYIobBYPhdZ7aYEGBcvzlg9TeUvswAMyDbGYHGZlDOO/0NQ6zZfq3M1/3SjhjQvweMMAbGmaMvCfFEWrMS1UFSUhIGDRqEtWvXBrz+zTffwOv1Ijzc+etyxIgRIZn7/PnzAQWO7t274+677w7JHJVh48aNSE9Pr7X5y0OjRo0qnfJxMZCTk4P9+/fj1KlT8k9+fj4KCwuRn58PwzAQGxuLmJgYxMfHo1WrVvJPt27dKOWEIAiCIIh6CQkcDQBPsRdZWXkAIDfRMmpAiAG254R1iumBHAxgHOB25IDwsmCc2eeYKO7qmllJ5QgQxXD8+KkAq9XCK1xDKekjARJH5Gk5jNqGOWMYLGjEA+eAYQS6yvRGzLBLu6oRIRyA4SxX7cXUlBTb3yNgCRd/ft53BKdOn8Wvxl1lf5+giBxciiGEQ3Z2NvLy8oJeb926dYXG69atW1CBw+PxIC8vD40bN67QmPWZ5cuX41//+ldtL6NURo0aRQKHi6NHj2Lp0qX47rvvsGbNmqBRSWURHx+P0aNHY+TIkbjuuuvQtGnTEK+UIAiCIAiieiCBowHw7crtANRUCHubbVfyELVKmSJSCBGEK0KG41cROFrAuqKKGv4pGgKfz4TX6w2QX6/s9DU/DAjtoJI4xqFK/dfALWVKikuBcPVhrnQXuWbYYpCrrTMSt4WiAP2VHio5ufnIyDiH5OQkeSsGHMPUslKLLja+/PJLPPzww0Gvb9q0qUKVKX766adSr5PJ6MXNoUOHcM8991RpDK/XW3ajSnLo0CG89NJLmD9/fkjGy8vLQ2pqKlJTUxEfH4//+Z//wbRp09CkSZOQjE8QBEEQBFFdkMBRz/F4vDifnS/LcbgjN+yzUuhgzBEmJLIqiWWn4URxwI7eUPpoYzi+FToMJ0+eDrLiqrpJKEIEY0oAh5PaUdoUuuDgigARh+5gDqaeCvCKiaotIrrDMRb1i3uRipN/SMfBQyfQsqVVQcL6HjhGp4ROq1atSr2+cuVKTJkypVxj7d+/H5s3bw56vX379uUSOJ5//vmAaR333HMPhgwZUq61EHWTnJwcLF26tLaXEZBPP/0U/+///T8UFhZWy/h5eXl4/fXXsXjxYvz73//GoEGDqmUegiAIgiCIUEACRz1n5ZpdAGSQhvVa3ZCrBpcyTcV/y+yy3rRPuJQPzaLTAJjPiQSRqRQMPp/PTh9QxIOykBt/7YSriRLtETQ0QggggXNCVEPRwOtQn49iPirPOqEm8pws7sJhwPCbWzvigOYgqnzxeX12gRXxzJ01UPyGTvfu3REdHY2ioqKA16dPn47u3btj8ODBpY5z4cIFTJ06tdQ2w4cPL9eatm3bhhUrVvidv+6668rVnyAqyqxZs/Doo49WuF9ERESF01cOHz6M22+/HZ9//jn69etX4TkJgiAIgiBqAhI46jGFRSW4kJ3v57nhhFnYaSuK+sEU0UH2sz02RKQHl5EbVvkOEdHhiB7uZBU9TSUz86xLSHCVBAkkfHAOv9IhLoFCK7tq+2NozQ25NL8UEgfXcxKn5DhqqgpzLcNflHAPy+0ODEy7S+Fr4ifMSHFE6c+FEGP1NjmHQSkqGklJSZg4cSJmzpwZ8HphYSHuvPNO/OY3v8Edd9yBlJQU7brH48HSpUvx8ssvY9++faXONX78+JCtu77QpUsX3HXXXVUaIzc3F1988UXAaxMmTEBsbGyVxm/btm2V+td3jh8/jt/97ndBr7dr1w433XQT+vfvj3bt2qF58+ZITExEZGSkNMz1er0oKipCdnY2zpw5g8OHD+OHH37AvHnzkJOT4zdmTk4OHn/8cXz99deIjIystnsjCIIgCIKoLCRw1GPWfb9P834QnhtS63D5bTBV9HCjpXpweU4VN7TUFaWZNgxjOHfuPBBEXgg4Z/AT5ekEJ+IEivhQiqsnYAsZyni2OalzLVBf/8gMOYI6dwANw2AB5lReSn3FVE1blVlI3/BjypQpmD17dtBPonNycvDCCy/g5ZdfRvfu3dG1a1fEx8dj//792LZtW6kmpYIRI0aUGQVSFVq0aIFRo0b5nS8rBae6uf3223H77bdXaYzDhw8HFTj++te/Ijk5uUrjX+zMnj0bHo8n4LVnnnkGDz74YJkiUnh4OOLj4xEfH4/WrVujb9++mDBhAn7/+9/jxRdfxIcffujXZ8eOHVi5ciWuvfbakNwHQRAEQRBEKCGBo55SUFiC7JwCXZiA8yewmMEC6hiQERsiDUWkRDjRIPK66nWhRIGI6I3z5y/A5/PJ6AM5gTqeQHpe2HOU684DRIZo0zCUcyD/dQCKOqGLGUz5vy6kQGmj32/AojClFIdxnjn38zUhfcOfXr164ZlnnsH06dNLbVdSUoLt27dj+/btFRo/Pj4eL730EiIiIqqyzFK57bbbcNttt1Xb+ERo6N27NxYvXlylMXJzc9G7d+8QrQjYunVrwPMTJkzAb3/72yqN3axZM7z44ovYuXMnNm7c6Hd99+7dJHAQBEEQBFEnIYGjnvLDxoNOMoQqDmjBAUo6CpgUHdQKIpY4oSabiC4MjHP9rIzisFNUGGCakOMwZpmLysIoMk3FXZ3FHeJgVyYRKSilChTMXzgIlAITKI3EPVKgUAvFxFRdbbB4EHlevag4k1rmo+6e/iKPEFA4Nx3fD2HFwf0FD8Ji6tSpOHPmDN54442Qjtu4cWPMnDkTnTt3Dum4RP0kLCwMCQkJtb0MjRMnTgQ837Nnz5CMHxERgf79+wcUOE6dClQCnCAIgiAIovapUmFOonbILyhGdk6h3AhL81AmhAbrrJMy4XoNuCIs7GvivKoxiNdKVRY1q0P1/ygoKERJSQlEVVNdQAgkbrhKubgCPALD4a8XBO/kV99F1RZ4kAv6qlyj6WIQUy+5Z7PzeUqVJpSgENjPjXOnMg0X+UGkbwQkPDwcM2bMwIwZM0IWadG7d28sXLiQKp8QdZpOnToFPL9u3Tr4fL4qj5+Xl4dVq1YFvHax+58QBEEQBFF3oQiOesjmremOTYZiXKnEZTjRGs4ZZxPPmGzjpKkwpVIKs0w61dQU16ZeFS/EGMeOHQ8onJSqXGgKAQt0Ae7kFSeCwxZF3J4ZQfUOV/QH08InnGUGWJNmbqomrGjBGE6VGXe2jL97hxHAq4PLaA0R+SLSfyiCIziGYeCRRx7BqFGj8Nxzz+Grr76q1DhNmzbFo48+iilTpiAmJiZk6zt8+DB++umnkI0XDFFZhrg4GDhwIFJTU/3Or1q1Co8++iiefPJJtG/fvlJjb9++HX/5y1+wd+/egNf79+9fqXEJgiAIgiCqGxI46hn5+cW4IKM3FHGDOaknTBEwnAgMR5jQpANZSYUjUKaK2PAzUbREMb90NuGA1+tDQUEhADU1RVBKFRVVDdBUAOdAr57iaiMrqQixwj2OG0Xh0KqwKGKHcFLVenEwGJAOq0o3mfHDORgzAk4tomCcW+PgnOkiCXfu1YngIGGjvPTo0QOzZs3C7t27kZqaim+++aZM342mTZti+PDhuOGGGzB69GjEx8eHfF3PPfccnnvuuZCP62bTpk3o2LFjtc9zMbJ169ZKiwWCUERVqNx666149dVXkZmZ6Xdt9uzZmD17NkaOHInBgwejQ4cOaNGiBRISEhAdHR2wisqpU6dw4MABrFy5slRB7uqrr65W412CIAiCIIiqQAJHPWPbrlPg0vfC/iouMtVnQ1xhzg6cOeahIpVF3T/LfboUNCyxIED8BtSzjDEcOZIOyxxT2cdLoUMNkXDWCri0iFIiL8Q8eif/8ZzmgQazIiec/vYLaXZa1oL0NBtZHUUZWhvAFo2YclxaKgwzxFBcTqX6cTQkWrdujXPnzlXL2D169ECPHj3wxz/+EWfPnsXBgweRnZ2NnJwc+Hw+xMfHIzExEcnJyejYsaPc7BFEaZSn6k5N0qRJE7z//vuYNGkSCgsLA7ZZuXIlVq5cGbI5u3btitdeey1wJS6CIAiCIIg6AL2zr0fkFRTjfHaB5nshUk+cyAwnZENvp0RwBCwTy0SIhhbFYVVUsefgDNJ2VDS1wz5ycnIVU0wR6BBIINA3++V7n2z1CxgZ4pfnIc75h3GU+qY8wLUAEoxM+lEDP4Qw4ReBwgw/DSXQJKJqjWlyq0wsc1JduGnSZqIKJCUlISkpqbaXQRDVwpAhQzB37lw88cQT2LdvX7XONXLkSLz88svkv0EQBEEQRJ2GTEbrEbt+PuMfYaBVUHHEDHFSiBpOHoVo6kRiuDfQul+H9sX1wjpITz8uw68DBykECj9grvPc9VKN+lAHdAsaAaYIEu0g0j2c+1Vujiv9lEARGT0imtiVZbSmiqAjpxbfF8b87kB3OhVpKc6c3OSO0ShjlKZCEERQBg8ejK+++grTp09HmzZtQj7+ZZddhjfffBOzZ89Ghw4dQj4+QRAEQRBEKKEIjnpCfkEJzl8ogjuGwNlEizQO5Zi5ozsUwSMQAVNTGGQpWfu6ZT7KbasKhqysrACDubw2Al1nqr7GNKFAH0cdI1gshNvnI7h251++VqxHiYpxz1JmqglTytxaYSzi+WiDuefVxBRIfxMZ+WFyv1Qiom7Ss2fPWjX5jIqKqrW5idolMTER06ZNwwMPPIDVq1djw4YNWLVqFXbu3Fmp8a688koMHz4cQ4cOxRVXXIGwsLAQr5ggCIIgCKJ6IIGjnrBnX6a9sbZPMIAxA5xxXeRwiRlOY4AZdhqKfc7twyHTUcT/9Yt2iopOZmYmiouLtXP++/8gooQw9jSczT63zxvaAGoqiyuawxZ09EuBU1Tc+Hl6yHQSLtNGIE0/bT3GVbVGaE3cXjOTD8CAIokomTP+4giz/0tIiJPr4eqiOAMXxitEnWX69Om1vYQ6RUJCAh5//PGA1+pqtZcJEybguuuuq/F54+LiQjJOdHQ0xowZgzFjxmDGjBk4e/YsTp48idOnT+P06dMoKipCYWEhCgsto+qYmBjExMQgNjYWKSkpSElJQatWrdCoUaOQrIcgCIIgCKKmIYGjHpCXX4xz5wtkNAZgb4rdm34lSoBpfwAGA6o7qZW24nRijMHUNtGq0GFHdth95RcGnDmTqRuVBtQUgkWMuKIyhPii+IAKiSCoP6eIeGDlybbSB9AqoAixBAC4/7MVqSj+t6KLM+5ysu74k4DrAEeYEYbOndrq6SiikkqwnBuCqMMkJSXh6aefru1lVIioqKgGFQkjPGguu+yy2l4KQRAEQRBEjUACRz1g7wGr2oTc8CvmnE6BFEeoUKMGJHYbeV1JuWBMMfC0xQxpKipNR+3IBVO0Z8jLzUNOTq5uKSGFCBYkFUSBO+KJqiCoJWEdf4pSUlQCzhFUDXHuRT2tppAwpzBtsBgQOSNXOqsBIUxftX/ajSXIREVGoGvXS9C1i2Xcx+V4wgHEEXgIgiAIgiAIgiCI4JDAUcfJzfPgbFY+pPJgCxXCG0OmmkAXN8QeXjUTDbRb1/0dGDhMmXIBTVzgSgfr5YkTJwE4okbZVVSctdkair4kke7hJ2qIqd3Chv1VTqx2CSyqOGkpdrqPugiu9GN6f7FeccADrR3W2g1xg4YjlIg1GgZDdEw0Wqe0RM9enREVGQ7YKTAOjjAkSsZSFAdBEARBEARBEETpkMBRx9l3MAuawAA1DUJJpVBDOlSTUTj7eBEdwZjzVcaFiCgO2OIJmPTgUGe3XjN4PMU4dy5LChpig+5EcAQ2GbWiHhSxwFmcC/9zfmViRSCEWiHGTzXRx9RTXZh+Y66p/YaRniFSiwnenjm3FhsbjbjYGFxySVt07NBGpg2JKBdxM+q9ORVfnMoqBEEQBEEQBEEQRHBI4KjD5MjoDUBJirCOXB4a1is17kGptqKmr6geGqKfGsWhaylOAzuoQVw6efJkEL+N0k1GmbuhmJAx11XHhcN9f/pk9v8MVyRGwLXZKTBu74+gAou+7kCuGmFhYTDCDERGRiAiPByRkRGIjY1B8+bNkNwyCU2bNUJYmOGXduNEi0ARiRyRQ7wWKSsUwUEQBEEQBEEQBFE6JHDUUTgHvF6Ovr1bufNIlI2vSFcRkRccrlALp20g4aI0SmlfUFiMjDM5rgZMiVrQUy5Euooogcp54PQVXXRRoxvUaAlVeHD5VMj/CxHD/waY+lwAK0LFMALPFQhlerf0oXZmEB4ksKqguNcivy/MLgXrCBsqsmxs6asiCIIgCIIgCIK46CGBow7COceFHA+8XlPb9YttrinEDThbfLjOOEECyrESWVHmlpn7v2QAcnILkXk2R0t/URZuuWcwUebVESlMk2uigy6A2H4T6pwygkGZ3O7oFj+EZwdXxzK5XRbXvm6v1zQdkUOKDpxr7Uzu8gBxB5YoXzk4DAaXQMLAGZf35NKnLK9W04negHo/TBFsOJfilFv4IAiCIAiCIAiCIHRI4KhjcAA5ecUoLrZKtnJuBt5sc8AEl16YajEPR5zg4LbfBgeX7Vx7dL9gjcCxDxxZ5/Nw/kKBNY5pwmAM0hqCCanFmsAnTjPDFgwYODeVtBpFEODWOekTaisC2vq4jM2QkRFqdIMw/dTLrDpCiSMoMHssU66Dc7WD/YrJq7AfnaNUuNJITFNRjkzuVIYRoyriBeCIHQzM9tZQQkJMgDNTPAj5vSeBgyAIgiAIgiAIonRI4Khj5OQWo7DIB22zDUgDDGejb19jdrQC9IgJGdHAuRQ3oPZVjt1bZzUBRHzNPHsBOblFyoIAP99LLSxEpI1Ym3XOuBQqGDgYM5zIC8YAbkKUTjVN08lEkXEWYjwlMkMRJvxEGqZGj5jW8/GLhNClHi1tBQym/XSESCMNV7lpizBKbzVlyBZnmOYvYj8wJfLFBNcfF1e+IbZIYolYVm0WgiAIgiAIgiAIIjgkcNQhLmR7UOjxWgcuWweu7cVFKgjs6AJ7868oDpzZ7biekyIjPZwABk30cAVAwOQcpzOykF/gAVOiLMQqAMBQU0nEeLaYwOASAgDbd8IHKKKDJQyYTltLnbHvn4ExJdLC5KoOYE/meI0YzIBpKjcIZmknrnwX1c7DiQYR86uvTWio7Xmg886zcbQlRaZRolM0jUiJDmG2KGSJQyyAmkQQBEEQBEEQBEGokMBRR7iQXYSCIkfcYIZiymm3EVEIlo8Et0UKUddDibcQKRCMab0tM0tlE675UYghlMgHznHseCaKS7yQK1HTNWxMOIKAO1JCfDWYYQkwUviAc101TXWbdgaa11FK7HWbdpSLdc3kPtnXul8T3KeW1IUWASLmtMQgfxFERoNwWzhSxRC5TOcik4eqSOLcb8CiLUqdXWUU/6wjgiAIgiAIgiAIIiAkcNQB8vKLkV9YAm1Tb7pMNuFs9AE1osM/5UJETgRKx3BbOfhZO9gnvD4T6cfOoMTr1UrLiiwKA0IPYXa0hDqPvoNnAEyfzxEnhBYArgga+n2quoEcxF6fEDMYnIosHFz6Xlj+GUrcBLcm5ZzpkSXC9kI1/FRiKxgzADA7ZYYpuoaejuLctiM16S+UB62UflWfj6PriBQXJe2GiydOEARBEARBEARBBIMEjlqmoKAEF3KK7SN1N8/1UrBKeoWshKJVGnHaimtQxANpNKoJCv7iAgB4vSaOpJ+SG397QCtVwsbHVVFACCCWCMBtQUDzo9BCR8Q6GDhM2yhVWTcTIgdTBAWmrJpJocOqemJKkcNSYJiMnpBBFDJUxTFcdcQi57nIlYlxOZNig+rkygCn2gpz1iW+F873wfVwlVwesQSu3JNYhfT4UL7XBEEQBEEQBEEQRHBI4KhF8gtKcD7bo5wRFUKUyARRKlQTJxzBg2tCg1OO1ekjh9bLxKppFgoFhUU4fiJT72ePyRTvCFUg6NO7LeJjo+Hz+eD1mfD5TPu1Dz4fh9drorDQg5MZuc6wrogHBkewCRj5oFYv0QQErokvMiKEO/csTEz0ajJcWpGI24F9nSvzCn8RaZIKMQ7k2hHguSoBG846RfKJvA8xtzvaxqn6Av0LQRAEQRAEQRAEEQQSOGqJwiIvsi4UOZt6QFbn4CIQwTa3tK6rkRnuCA0n7UGkYOjRH2IsERkC2U9suDnnyMnNx6mMc3LDLc7LDbgdhaFVEOFAbm4+4uOi/e6RSQmBw1Psk3NbnpncL3JDCBDq3M49cE0EUdur0SHuWA9xkoloEWaXZnWJDABgclMKGuIWTcUbxEnEURUN5zkwpj8j6/tgn7efBWOGVrIWtqTifJ/ckTH2fZHJKEEQBEEQBEEQRKmQwFEL+EyOs1mFilghNu7+AoZ6TmzYTdNpqwsB3DYghRzXwdlwyzN2pAjnHJlnzyPrfI6TGqKmcIjUDdd8HBwGM/DT9gPY9NMeMMOAwQwwIwzhYeEwDAOMGTDCwhBmhOspNSIDg3MwGACzBIZAoQpadAMXiSTKVzXaAtwtb8gIDyaeiWW8AVmJRjTmVllW2+QDAHciPOx+mgijz+LMBVhySIAUIs598vsqvo9KVziCkxBEmPQ9IQiCIAiCIAiCIIJDAkcN4zOB4ydzXWcdocPB30tDjfYwTQ7DMLTNvyOU6NEAqliizWqfP34yA7l5hYonhIiOMMGUDTxnDNw0NVdMk5uIiY1HXu55YXEhEz1MkyMszFqXbkQqb9kSAwwTMHWvEXEfIjhDNTO1ysbqaR2MMfhMJwLDSUPRnx0TKTdglmqhaieivXh2ToAMnLQXV3oKnAgPPRoHkNEy0qMDdoSHFU1jCU622anr+8aYkyqjltolCIIgCIIgCIIgAkMCRw3COXD8ZI79Wtn5unavMgVD+/Tf33hUVvdQzol53B4dIrLAnkHOeST9BAqLPPYq1BQXJo02DXtTz8Sm37TXJKMfGKJjEuApyofw+bQEGC5FA845mMEcY071ufjsNkwXFSwbEfveuN5LCiZMpMJY65bmp+Ic1HQRW+SAGqkBP7GEu+ZU7D/AlBNyqYrBqRM9wp0OdlSNafdlyhxKE/v5MvkMnaIzXKYrEQRBEARBEARBEIEhgaMGOXo8W0lDsAqtys2zEkwg/TLsi9w0YTcXQQRKhRMn7cQRNaz+SpaJ418hrTKBA4fTUVxcomzw9SgPkTYjfCg4RKUPUVn11TOUAAAgAElEQVREeHMAhhGO2NhGKPZ6YPpKAACGEQbDTk0BHB8JeyYnHQbK7Yp7VNI1IFdst1P8KHQjVn+xQn0uWlUX64QeMQJolWJES+t5i+8Tl+uzgy8Unw7IHBgny8UJVXEMS9Xvjvj+MTBD+IPoPw9QhiEIgiAIgiAIgiACQwJHDZF+Itcxl4Ti7sDFnlgx0oRqxGmLHK70EwE39TKsagSBtW92NvXWdNYcJ06fgcdTLNcgrmnRCsrGXggzhmFHjhhWpQ/Hh8LytIgIjwTCI+X6TG5CVh1Rg1bs+cT6DIi0EMX8UxUzVINTNZiDO+tX2wsxhxn+aS9OtRYnVURdnppq4sgxjggkK7G404RkPo196BIpTCcQRwo2UuhgljeL6CcHkdEsFMFBEARBEARBEARRGiRw1ABZ5wvh9fqUz+xh7XZdDpOqKaZI5RC1T+R2W1UcXNVFZLqE+to09UgOZqWJZGfnOmkyTBc2NP8I4f9gXzNNWwBwRWMIzw4ZjSCFBCGqiDQOe0vPRASIafl1iHQQTa1QIjykTwm3UkeEoGOrCGp1FKcHB/Ppgoif2AETBtO9TNTr1j2bcv1qeVrVF0QdWwgxJtcFEG6HZTjLYfbjdVWIgbZkILD3KkEQBEEQBEEQBKFAAkcNEBMdjqiocMVJw0J9HYiyrle2fUFBEdq0aqZ0tHoyMJw9n4O8fI+ywRZpMvZr6dNhHRmMKdVAnDgRkb8hs23s847fBOTm3rqiiBncaSA2/24cYUdoHapgYo9knxcCSLCHZXJTi6zQyuRCrxzjtwZtXPF8HOHD5/PBcJWkFaKQHTMjxwoLM5DUJB7hEYrIYT/niIiwAE+BIAiCIAiCIAiCEJDAUQPExETU9hI0uOlFo8RY60Ax9QSAxMQY7NiTDtNnOhdlVASzStFyx8TTtFMnLFNSJc1DiBzQ3UC4iEmxxQc1csRRP0ROjCU2mErkhy6KKIIInPN+KSxKio1WFYY77RnXRQ11PM71fs6YjsChprSoFVhEdRfRRkaFcMsgVo3kadu6KcLDDb9bAIAw+zxBEARBEARBEAQRGBI4LlqEKiBCFxwRIiYqAnn5Rc4mHRyc2Ukopki/MBVlQvfTlEoEhPhhHcuICDX9RVuKUA6EIGBAepVIVcHpJqYxuXISAONcuR2mGZaacErNquEuWnQNd0VtuL1DFMHDr/oKU8ZWPEHcVW+06jd2f0N5iNbSmfNQKUeFIAiCIAiCIAiiVEjguEiR9hta4gTg9ZnIzStUGqkChbPXZ7D9QOzzpoynECaopuaHYY1jRzbYfhmMKZt5wIrSsPMyLEHAJ8e3h1aX6nha2Ck2TroKFFFCnHQiMhhc5WrVlBjbFNW0/UNEuorsyxV1RUlpccazxxB1YaWvib8QookgDMjNK0JiYrSSqqMqMKRwEARBEARBEARBlAYJHDXAyYw8eL2OGaVWyQP65rcstE/+y/Ha1RsAx4XsHJzKOKOYjDraQV6exxIUhJphrRAimwIcYIZTGtW6qq5PMcuU6RfcacWVKiSK4aZMDZFpK8LPgtsVZCAFEXEvTtESZSAZWWFrFrAiQ+R67DHFYv3STwCYMMGYIc1F1ZuU5qimY5zqpMYYlgsrFE8RNaqFOxEisoiOqPYChpOnz+NsVjjCw8OUO7HWGR0VjhbNE0EQBEEQBEEQBEEEhgSOGqCoyIviEq9dmtT+4F4YYLp3+kDZ6QhKhRI9FEDxoAiQXSFe5+V7kJNTIMcSVxkzFIGBKQKA2Jhb//OZTJalVW9Ibt4Bu7yt7c0h5lFDK+TGXw/LEF6mdjyF4pphVVrRI0L0+3LMPZkUZGT5XC0txIn4gBAo7LEMZnldmNwHcVU8QSZFCtHe8QVxnoe9JtMaV6bliMgPtYqL8CIRvh0APJ4SeDwljrDCxH35QNQ+Bw4cwPLly+Xx1KlTERFRtzx2CIIgGhr79+/H/v37AQCGYeDaa6+t5RU5bN68GRkZGQCAxo0bY/DgwbW8orrB9u3bsXXrVgDW+5i77767wmOcOXMGmzZtksejRo1CVFRUyNZYG5w9exY//vijPP7lL3+J8PDa347V5d8xgqgotf8bdREgzDS53OBbG38hbGj+FU5Qhd0OTgNbIGFQKog4IyqN4aRucKfwKmwvDdMuQysmkHMx04kqkZEIzjgy8oTD9svQblLRKhhg2GuAlb4C07kpp+qJfQ8GE4EPMs1DSgucOaVy7VQYq4U2mHLrtqUpV56z8jC1NBom5BMnzMIyTRWRJyIaRi3Wy13n7UevGIgKEcW5CyWiQ4nkYEqJWxkEIk1IXdVjKEOlTpCdnY0dO3bI44pEXxEEQRCV4+eff8bixYsBABEREXVq87Vx40Zs2bIFANC5c2cSOGyOHz+OdevWAbA2zJUROE6fPo3U1FR5PHjw4DovcHDO8d5778nj66+/Hm3atJHHmZmZ2j2NHDmyTggcdfl3jCAqSu3/Rl0EOFqCtd01bF8HR9lgTgAGdzwd1PKtHACkwSfkJp4zVyUSUb8VIjJAXGNyfM6diAHGHL8Jboq0GSVqAc7eWkSNqBEM4BzMYE4aiTgtM3KUMZWKIeDcsagwlTlgp5wo0RkQ0S7MtSYmngmUFBTIqAhDiBBc6cWER4g9k7gnkQKjrE+0MwwGbppW5VtmKTfCN0PckiqqSPGDGc4zFT4eMjDDlqns89YzVCI9rIGs/kawlCOCIAjiYuHdd9/F6dOnq32eyy+/HDfeeGO1z0MQDRHOuRZ1MmzYsFpcDUFcnJDAUSNY1UcEprZ7twUDp3qqdKwQ+gd3TCjkRteJwLA3y7ZQIjwiYIsZYIaMHJG+HxzSCFOsS03dAIAjh/Zh7eqvcfjQfuTmZsNgDImNmqBLl+4YPup6JKe0gRAvuM8EMwwp4DB1M+4y+BSRICKaQUQqiIgOW61wUjnAbf9PqxqKX0SEuG97bHEFHPDBiZBR4lwAbnlsCENRKZ5w9TmI1s4zsq6LVBGndC63n+eG9auwMW0tjh49hKLCAhhGGFq1bovevfth5C/HIT4uQfmJsIUrocn4dHFGVl2BJXKYjmLU4Dh37hwOHjyIo0eP4tixY8jLy0N+fj48Hg/i4uIQGxuLRo0aoX379mjXrh26dOmC2NjY2l42UcOYponz588jPz8fnHPEx8ejUaNGdeKTL6LhU1hYiJycHOTn5yM6Ohrx8fFITKxZX6QzZ87g+PHj1T5P27Zty2yTlZWF//znPyGdNzY2Fr/5zW9COmZDYv/+/SguLq72eeLi4tChQ4dqn6euU1BQgJycHDRr1qxWUlFzcnLw+eefh3TM2NhYTJo0KaRjEkRdhN4Z1gBCjHB8INSrXHvJZfiD8qm/SI8I8im+FqmhigmAGkohU0xMO4LDlNEPhhROTp88jtdf/QuOHN4fcK6d2zdj4eefokevvnjw10+hRctWdvSED0p4guPjwZX6KsotcJhWKotYpiqOGPozsqJeINwy5BORaRx2JIeUJqRqYIkiSjETMZk9P3dSS0xbdrLL4YrFijVzDiuSQ/E5EaalSxbNwfw5HyHrXKbf8zp8aB/Wr12BD9//P1x/wy24+76HERUVbUfpiO+NI8GIV+JnxeQmGIxg3/p6S0lJCTZs2IAffvgBBw4cCNquoKBAvt6+fTsAIDw8HJdffjmGDBmCXr16VWp+NYqpIpim6XfsPlceDMOocJ+KsHXrVixfvhw+n+Pdcu+992phsrU5XnkpKSnBjz/+iI0bN+LQoUMoKirSrkdERKBr164YMGAABg4cWC6xIz09HTNnzgzpOnv06IEJEyaEdMxQ0lB+Hsris88+w+HDh7Vz48aNw+WXX16p8TIzM7F69Wrs3LkTJ0+e9LvepEkTdO/eHVdddRUuueSSSs1RWcLDwxEZGRmy8YqKiir0d5nX6y317+7K0KhRo5CMU1BQgA0bNoRkLJWYmJhaTT+ZOXOm9PqoTnr27IlHH3202uepi5SUlOC7777DypUrce7cOQDWv9cpKSkYM2YMBg4cKFOJq5uioqKQ/xw3atSIBA7iooAEjhqAc7giJSxcvpSu6ie6d0b55uHaGKpFp7wuozRENRHHY+Lr5Qvx8fuvl2uu3Tt/wpOP3ovHnnwWffsPUuaH5XshViCzPsRczjphVytR/T7AAO5zBAbYAozJTUU0sZ+O8LzwccfbQk1jUT03hPaieI84/h1OO0uQsV8zpz1jDD6fSNGx+jMAL/71d/jh+9VlPi+PpwgLP/8UP2xYjWefex2t2rTTng2HZXAqU2qYs0TTNB2/jwbAli1bMH/+fJw9ezZom6ioKERERKCoqAher1e75vV6sXnzZmzevBndunXDpEmTKryxmjdvHr799ttKrV9l2rRpler397//HY0bN67y/G7y8/MxZ84c/PDDD37XKvPJX6jHqwg//PAD5s6di7y8vKBtSkpKsGvXLuzatQuLFy/Gfffdh27dupU6bnFxMdLT00O61pYtW4Z0vFDRkH4eymLLli1Yvdr/7+L8/PwKj+XxeDB//nysWbOmVCH0/Pnz+P777/H999+je/fuuOeee9CsWbMKz1cZRowYgYkTJ4ZsvL///e8hFyxqi7y8PMyZMyfk47Zs2ZL8NWzS09Px3XffldlGwDkvU1hu06YNRo4cGYrlVYqsrCy8+eabfv8+mKaJEydO4IMPPsDatWvxm9/8BjExMbW0SoIgygMJHDWBy/PCMcB0Nwv2RsqpbBKwDROeDla4gmp2KWQS2deOPFCFFADYsG4FZn7wfxW6reJiD1596Rk8/vvn0affQHudtm8IE6KOUxJXXbsjhrg37k7lFpl+orYRY8nrsCM4oBmGqHfHtNgI7bE5qTCM6T4moo9qYirSX2z++NSD2L1zawWeGHDq5DH87rf/g3+9+RmaNWuhRPRw+LiIgrG9OJj1PN1CWH3FNE3MnTsXK1eu1M7Hxsaif//+6NGjB9q0aYOkpCSEhYXJ68XFxTh9+jTS09Oxfft27NixQ35yvHfvXrzwwgu477778Itf/KJG76eusW3bNnzyySfIycmpk+OVF9M08fHHH1f4k6usrCy8+uqruPvuuzF06NBqWl1g6qJHTkP5eSgP+fn5mDVrVkjGysnJwSuvvIJTp05VqN+ePXvwl7/8BY899hg6duwYkrXUZZo3b44333yz1Dbbt2/H22+/LY+nT59eZ8XA+ka7du0qHZlUFs2bNy+zTVZWljQQLQ+c8zLb9+7du9YEDo/Hg3/+859letzs378f77zzDh555BHtfUp10KRJEzz11FOltjlw4AAWLFggj++//340bdo0aPvqXjNB1BVI4KgBSgtjd4e6lfZG2X3NMSp1BA7Hj8NuYxt2qiaWqrEmAOTmZuOt/3uxUm/SvV4v/vmP6Xjl9Zlo2qw5GBOpL6qPhRq1Ieaw0m6EeKG3V+5BrlUIDupmnyvj2PfJxDld1GCKSan6/MQZ6XnhOI6C2d4pmoeHfR+ffPBv7N65rcLPCwByss/jlZf+hBf+/raMClG+kXIecdY0K5dOUdf48MMPkZaWJo8TEhIwbtw4DB06tNTUgsjISLRr1w7t2rXD0KFDkZeXh+XLl2PVqlXwer3wer1477334PF4yr2xTUxMREpKSpXvqbKE8k1GaZ+q14XxKsrMmTP9xI2oqCgMHjwY7dq1Q4sWljB4+vRpHDlyBOvWrZN/v3LO8emnnyIpKQmXXnppwPHj4uLQp0+fKq0xMzMTJ06ckMc1FbJcHhraz0N5mDdvXkiEF6/Xi3/+859+4kZKSgoGDRqEFi1aICkpCTk5OcjIyMD27dvx888/y3aFhYX417/+hWeeeQZJSUlVXk9dhjFWZkqY+++5sLCwGvHMSUhIwD333FNmuzlz5sDj8QCw0jL69+9favvo6OiQrC8UdOzYEePGjavtZTQYZs2apYkbAwYMwC9/+Us0a9YMGRkZWLJkCXbv3g0A2L17NxYvXozx48dX65oiIiLQuXPnUtu4I9TatWuH5OTk6lwWQdQLSOCoAYTnBeDyx7BOONEXgCZQqCKELNHqSkExYNgeHCISgQfMaOE+p487Teb5GY/DNH1+fYYNG47nnn8JiYlN4PEU42h6Ov709O+wb98erV2xpwifffwmHnn8zwHEB/tIixixhA1D8doQIga381TcER9CHHGnvJi2WaoUQewIEg5dz5BpJcpJ+XwZg+nzac8Y3JTRKKKNKsEsX7YA/g+a4YEHpmLK/VMRERGJvPxC/PzzHvzu8YeRk5Ottdy5fTPWr12BK4dcbc0jS8aqriuiwg2rlM9DXWLt2rWauNGlSxdMnToVCQkJpfQKTHx8PG699Vb84he/wBtvvIHsbOvZzp49Gx07dkTr1q3LHOPaa69tECXQgn2q3qdPH2RkZFT4U+hQjwcAR44cwc8//4wmTZqgf//+pW5wtmzZgu+//147N3LkSNxwww2Ij4/Xznfu3BlDhw7F6NGj8dFHH+HQoUMALEF51qxZmD59ekAhKSUlBQ8//HCF70Pl9ddf1wSOfv36VWm8UNHQfh7Kw+7du/1+ZirL119/rZl4hoWF4bbbbsOwYcP8fHN69+6N0aNHY+fOnZg5cyYuXLgAwPJ/+Oyzzy5aDwMV1UMp0HF1ERMTUy6xe+HChVLgaNu2bY1HftVnevTogRdeeKHUNqtWrcI333wDwPJ++P3vf19q+1B6ylSEU6dOaQLuNddcg1tvvVUeJyQkYNq0afjggw/w448/AgBWrFiBa665BnFxcTW+XhW3wFFTv2MEUdepXqc7wobLKA5ucv0P59p5y2/BMQG1TEFN+Eyf9dXnk23AoR3Lseyvlm8F1746ba2V5eRcwIljR/xW/Oc/z8B/53yOn/efwaq127D+xz3IyQc+/mQh7pn8oF/7H77/DuezLEMmS0RQozW4JlCIFBZxjXMOn89Zl3xWdqqIdd65x0B/rGcF6x5tV9Cy+jiGq3Y79dmZ9nn7e8BNUwpVH//ndRQV+v8jsmfPPvz6kd8hbfNBrFy3A5u2HkRcYjKWLFuHbt16+rWf998PYS3VBDdNRaRxvpfWz46/+FSf8Hg8mDdvnjxu27YtHnvssUqJGyodOnTAE088IT9VKykpwdy5c6s0Zn1i6dKleOONN7TNZ1xcHO6//348/PDDFX6+oR4PANasWYMXX3wRCxYswPvvv49XX31VM6YMtAaVa665BrfddpufuKGSnJyMhx56SGtz+vRp7Ny5s8LrLQ8HDhzQxm7Tpk2dEDga4s9DWXg8HnzyySfa+saMGVOpsUzTxIoVK7RzEydOxPDhw0s1Be7VqxcefPBBrc2uXbsCmpJebLiFMSECEfWfyMhIJCUllfpHFZhLSkrKbF/TVYkEX331lfxArVWrVrjpppv82hiGgbvuukt6Z3k8HqxYsUK+X3X/qSncv2Pnz5+vsbkJoi5DERw1QFxMJAoKil2lPODYPIgkCCXlBID+2nXs9rOwLjtpKgJTlEK1/7P8K5y+X3z+mV/6Q+fOnfHoo49j/hffweQcMbFRAACvz4tdPx/E/f/7CNLS1mHvz7u0fsfSD6FJ0yQlHcXx2nAyP/T0EcAdncGVaiVKWVzTST8RpqhCODFtcQBqjIUVhOGYeCqRMFqkBpwoGSfKAxCGqOq3TPTZ+tOPcPPf/86Fp4Rhw8adiIgIQ0REGMCAnNw8pB/neOFv/4ebb9JzSw8d3IszGSeR1CLZNjH1OZEiLu+Pai66Ua1s3LhRq34xZcqUkJVcS05OxoQJE2T+/Z49e3DmzBm0aNGiymNnZWXhwIEDOHbsGM6ePYtz587B4/GguLgYJSUl0gg1Li4OzZo1Q/PmzdGxY0d06tSpRgzI3BuoPn364K677qr0m8RQj8c5x/z587W/Xw4cOICffvoJAwYM8Gt/6tQpHDt2TB63adMGt9xyS7nmatSoEcaNG4fZs2fLczt37qyWHPUvvvhCOx4/fnydSFFpaD8P5WHhwoWy0gEATJo0qdKbi0OHDiE3N1cet2vXDldffXW5+nbq1AnDhw/HqlWr5LmtW7eiVatWlVpLQ+HgwYPa8b59+4KKgbm5uaWKQqWZUhN1ExFdCViRBSUlJVX+t7+4uDigoXFloz98Ph+2bnW81MaMGRM0qiw6OhqjR4/G/PnzAQBLlizBkiVLKjVvqBCRi4J9+/YFTbU6f/689m+sm7L8RwiiPkECRw3Qvm1TnD2fB9OnpJiIqh+cB/XPcNc35Sa3Km24nTQB25vC3tiLC7bhqAnTTn+wUjq46aTABDLJXLR4CdI27UKjxAChd5wjJycXN024A3974Wnt0tYtaeh9+S+01BDxWvflgJ8I4rQVaSuO+GCJEropqngtSt1KE1Au0nlEBRKurUdETKjmnvIBKm0YE2Va/R/BuQDlYG8YNw5Lln+PJo0Cf9LcuHFTDB4yAt+v/047n5mZgWbNFdM1znX5x1ZpLu1au+UXq4L6aXf37t1D/qb/yiuvxIIFC6SIsnv37koLHMXFxVi/fj3WrFmjpSCUxf79Tlllxhh69eqFESNGoHfv3pVaR0WIi4vD7bffjiuuuKJOjefxePzKugLBP8V1b24GDBhQIeHAXaYzM9P/97Sq7N69G3v37pXHHTt2xGWXXRbyeapCQ/l5KIuDBw9qgkKvXr0waNCgSqeruDfQXbt2rVD/Ll26aOs5c+ZMpdbRUPB6vdizR09n3bp1KyZOnBgwIubgwYNlmpYS9YujR49qxwcPHgzqjVRennnmmYDn33333UqNd+DAAZnWER4eXqYPy8CBA6XAUdt4vV7NAwgAfvrpJ0ycODFgeubevXvxwQcf1NTyCKJWIYGjBmAMuLxHa2zZng754ZJS+URs9k1XRRFpEKp4dFiVNpSoD+HdwW2RhLv8PMT4tnii+XVwoLjEXwnv2KEjjh7PRqNG8dJw01kUh2GEoUuX7n79Tp88rokNerSG7sHhGIfqXiNOG/HsAo3BlHGcc05Ki1yqVrZWRJOI12I83fwUynjKNwtOv/w8fzM7BmYJQs4E4gZs0YKje/fL/ASO/Pw8wE6VMaT4pfiwAGjfOgkpLZr4zVlfUDcO1VFdICoqCq1atZKfZKif6FaE/fv348MPPwz4SaFhGIiLi0N8fDzi4uIQGRmJgoICFBQUIC8vD4WFhcrvFceOHTuwY8cO9OrVC5MnT0ajRo0qf4Ol0LdvX9x5550hC+0N5XjR0dG45JJLtE+YGGNB3+B269YN06dPl8dNmlTsZ97t/F9SUlKh/uUhNTVVOw4UylybNKSfh9IoKSnBxx9/LH/noqOjcdddd1Vpfe5y1BWt9uE29nOPF2qOHTsWsCxuZVE/bQ8FaWlp0t9CkJWVhc2bN9eZildqtE9DMPKuS5w7d85PtN68eXOVBY5Qo4owl1xySZmRII0aNULr1q3lByDx8fEB0/Uq409UUTZt2uQnGl+4cAEbN27EoEGDqn1+gqjLkMBRQ0REhGFg/464kF2I8xcUUyAlq+JoejqWLl3iv5+vBIwxPPTQQwGvnTx+ECu+XgqAoTA/L2CbRonxQRfAOUNxscfvfGxcNLp2EgaPzL4Hf+FAGQml32jZ1xYtXozjWshdYLEiuEji0KxZEiZNmqT3tAWLJUuXIN31aYSbRkGiNwDANI2Ab6BaJTfBJR2SFTUG8tFFREagW6fWCA+vx/kpsCoLCKordUMd1226VR7279+Pf/7zn9qmuH379rjyyivRrVs3pKSklJqH7/F4kJ6ejh07dmD9+vUy1H3nzp149dVX8dRTT4XcjGzcuHEhdUsP9XiAlY70n//8B4cPH0ZMTAwmTZqENm0CRyPFx8eX6rVRFu7w2vKUOqwIW7duxZEjR+Rxt27d6tSb9Yb281AaS5cu1b7fN998c6mlEcuDW9CoaLi2e0NT3ekpe/fu1aKJ6hI+nw9fffWVPE5OTpbP84svvsDll1/ut5Fs0qQJrrzyyqBjHjt2TDOADcUaVUPGvLzA74WIyhFIfFu/fj3Gjh0rfSwqQ0JCQqn/FlcUNVKzffv25erToUMH2W/IkCG4+eabteumaWLq1KkhW2MgTNPEl19+KY/btGkjfz8WLVqEPn36+FX9adWqVanm6gcOHMCBAweqZ8EEUcOQwFHDNG4Ug8aNAm/yMjMO4R8vTQ94raI0a9YMf//bnwJeO3TAwIfv/Sto3xUrvkX3nn3g8ZQo3hmOVlFU5MP2bZv9+g26oj8G9KlYWG9VmTXzRKn3UhEGDRqEl18MHP74n7f34oN33w7al3MTjRvFB4hGscjO9iDth7V+56/o3wt9e1/i36EB0bhxY5kukJWVVS1zqFEbFf3kn3OOTz75RIob4eHhuPvuu0t9s+0mKioKXbp0QZcuXTB27FjMmTMH69atA2BtfJYtW6a5soeCUG8+q6O0XPPmzfGHP/wBBQUFiImJqVavCne+f0U/gS8Nzrmf98aNN94YsvFDwcXy83Ds2DHtjX2XLl1w1VVXVXltLVu21Kp3qWln5cG9MShPNaeGypdffikFjYSEBDz55JP4y1/+guzsbJw5cwbz58/HHXfcofVp37497rvvvqBjLl68OKQCR25urvahQyjKDBMWOTk5WrpW8+bNkZmZCa/Xi7lz5+KBBx6o9Nh/+tOfqiSQuFFTycoriqvtauvnZuXKlTJCJi4uDk888QReeOEFZGZm4uzZs5gzZw4mT56s9WnXrh3atWsXdMzFixeTwEE0GEjgqENccsklMAwjJA7MpSnRQ4YMQXR0dMB8aACYPHkyDh06ivyCQuiGoBwlJSYyMk5j1qz3/fq5Veya4IYbbsBrr70WkrFKU7avvvpqvP12cIFjxozp+OPTf0ZRof1MpZ8IR16eBzt2pGHXLn+/E7dvQEOkVatWcrOwfft2TJo0KaSfwJw5cwYZGRnyuKIbszIeQcAAACAASURBVCNHjmif1o4bN65C4oabqKgo3H333Th9+rR8s7B+/fqQCxz1idjY2GodPzMzU6vAEh4ejoEDB4Zs/I0bN2qf9PXq1QudO3cO2fgXG5X9eTBNEx9//LH8NzI8PByTJ08OiXCWmJiIX/ziF7IMZHp6OlatWlUuo9GDBw9qn1i3aNGiWvx3brrppnKXgTx06JBWFebOO+8s93Nv1qxZpdYHWMKQarx43XXXISEhATfeeCNmzpwJAPjuu+/QsmVLjBo1qtLzVBV3hE4oxZOLGc45PvroI5me1LNnT0ycOBHPPvssTNPEpk2b0KVLl3Ib+FY36u9TeVPx1JRT1Zi4pjhx4gQWLlwoj8eMGYO4uDiMHz8e7733HgDrPUfLli1LfV9LEA0ZEjjqEElJSRg8eLD85LcqlBYeFx0djYEDBwbN3z137izuu+8e/PuNtxEVFYXwsDBwzpGTW4ijRzPw+6ceRvYFvRRVREQEunf39+Wobvr16xcSUSg8PBxPPvlk0Os33ngjEhMTg6r1//jHyxg0aAiuGj4CEeFhMAwDPtPE2XO52LnrZzz+2P1+fW644QYkJSVVad31gQEDBsiftXPnziEtLa1KAoKbpUuXyk/ioqKiKmz66C6r1q1btyqvSRiNCoFD+HVU90b/YuT48eN4//33tTeqI0aMqHLKgsA0TSxatEg7V1vRG6o588XI119/jfT0dHk8fvz4kFRMEtxwww3YvHmzLF07d+5cREVF4corrwz63Pfu3Yv3339f+zfoxhtvDKmIK+jZ07/ceDAMw9AEjn79+lW5NHdZ7N69G2+++aZ8fk2aNMHw4cMBAIMHD8aGDRuk2D1nzhxwzjF69OhqXVMw9u3bpx2fP38+ZBW4Lma++OILaSzOGMPNN9+MlJQUjBw5Et9++y0A4L///S8iIyMxZMiQ2lwqAD2FNioqqlx91PSqmo7gyMrKwuuvvy4jThMSEjBixAgA1nut9evXY/fu3QCABQsWwDRNXHfddRf1vxvExUn9Tu5vgLzyyitVHqNJkyb43//931Lb/PnPfy71DdiCBZ+j0yXtMPPjmVi7bgNWrlqLt956E9ddOxg/pq33az9jxoyQbSgqQuPGjfHYY49VeZyhQ4eWuvmMiorCPffcU+oYt9wyHmPGjMK3K1Zh3fo0LFv2Df767J9w802jkZfnr/I/9dRTVV53faBr165aWOSsWbNKLVVWEdasWYMNGzbI4+HDh5f7TYrA/aZfjQapCuonghERETVSOrahwjmX5QELCgpw7NgxbN68GR988AH++te/atEVffv2xYQJE0I29/fff6+FMfft27fcudoqp06dwrx58/C3v/0Nf/7zn/Hmm28iNTXVr8xfabjTZC4mMjIyNKGpffv2Id8cJycn49e//rUsE+nz+fDRRx/h+eefx+rVq7F3716cO3cOhw4dwoYNG/DGG2/glVde0SrB3HzzzXXGRLMm2bZtG/7973/LEp7h4eF46KGHZFlQwzDw8MMPawLC3Llz8f7779eK/4XYBKrs2rWrxtfRUBBpfMuWLZPnRowYIT12fvWrX8nXnHPMnDkTCxculGJYbaH6bpVXBFArlKgCSXWTkZGBV199VX4oYxgGpk6dKr02GGN48MEHkZKSIvukpqbinXfeqXS1KoKor1AERx3jiiuuwL333ouPPvqoUv0NwyhXGaiRI0fipptuwueffx60TWFhIX7729+UOVbr1q3xyCOPVGidoWTGjBn47LPPKr0xjY2N1f5RDsY//vEPpKamlhrK+tOWzbj1ll+VOda9996LYcOGVWid9RXGGO699148//zz8Pl88Hg8+Pvf/47JkydjwIABlRrT6/ViyZIl2vetRYsW+NWvyn72btq3b4/4+Hj5Jvvzzz9Hu3btqpRDv27dOmzatEkeX3bZZfQJShXIzMwMWh5QEBMTg5EjR2LcuHEh+/S8pKREC7dnjFX4Z4xzjkWLFmH58uXap/ynT5/G1q1bsWzZMrRo0QKDBw/GwIEDA6YHFBUVYfbs2di2bRvGjx9f+Ruqp4gNkahMYhgGJk+eXC1REr169cITTzyBL774QpZgTE9Px2effVZqv5SUFIwdOzZk5XnrC5xzrF69Gv/973+1n+977rkHHTp00NrGxcVh2rRpeOmll2Rof1paGrZu3YpRo0bhmmuuCbkZcyAyMjICCourV6+uM6kTZZGXl1etlTpatGgRsNRoIPLz8/HRRx9h27Zt8pxITRFER0fjsccew8svv4yMjAxwzrF8+XLs2rULN9xwAy677LJq+X0ui+joaGlMXl6DclWQq4mfV8BK7/3ggw+0SMXbbrsNXbp00drFxMRg2rRpePHFF2V0yZYtW7B9+3aMGDECY8aMqbaqbgRRlyCBow7y1ltv4dChQ1izZk2F+jHG8PTTT5f7DfD8+fPRu3dvGU5YGeLi4vDtt99We+hraSQkJOC7777DgAEDKlxBIywsDMuXLy/Xp+tRUVFYvHgxrrrqqirlXV511VV46623Kt2/PtKmTRtMnToV77zzDrxeLzweD95991189913uPbaa9G9e/dyvZkqKCjAli1bsGzZMq2ca9OmTTFt2rQyS7wFIjIyEjfffDM+/vhjAFbI6XPPPYehQ4di4MCB6NixY7nWVlhYiF27dslPegWxsbEX5aa0JunRowceeOCBkKcArV27VjPGveKKKyosfC1YsECrKBGIM2fOIDU1FV988QU6deqEDh06IDk5GYwxHD9+HGlpaRd1itPq1as108/rr7++UtVXykunTp0wdepUzJ8/v1wpo506dcKUKVMuipRDlQMHDmD+/Pl+pX/Hjx8ftExlixYt8PTTT+Odd97B4cOHAVhVqJYtW4aVK1fi1ltvrXbxf+1ax/C7Z8+eOHbsGHJycnDy5Ens3bs3JGmK1c3mzZuxebO/2Xuo+Nvf/lZmVK7P58PatWuxaNEibdPfrl07TJ061e/fzcTERPz2t7/F66+/Lg0y09PT8eabb6J58+a45pprcOWVV1Y4CrMqqJVGyhtJpLar7ve+WVlZmD9/vvaBCQCMHj1apqa4adasGZ5++mm89957Mk3W6/Xi22+/xerVqzFx4kSZOkYQDRUSOGoAzjlMk9tfTZj2V27ax6YJDsjXpsnx8czPcPvtt+GHDf7pIMGYOOlu3HLrndi+w95cBavIypx1ffrZPEycNBH7ft5R4fuKT2iEd959H0XFHFu37wly89Z8Infc8kpwl2h1l3FlemfldWm16j/+ZA4m330H8vPLlxMZFh6Bf7zyOuISmmHzT3poavB5wvHP19/GY9N+jdzciof8DRo0BDM/mYXcvELk5RciLCwMDAAzDBiGgTDDADMYGGMwDAOGwWAw67i+RwBcfvnlePTRR/HBBx/IEMt9+/Zh3759iIuLQ7du3dC+fXskJSUhLi4OERERKCoqQn5+Pk6fPo0jR45g37598lNcQefOnTFlypQqGeMNGTIEJSUlmDdvHkpKSuDz+bB69WqsXr0a4eHhaNWqFRISEhAbGyvXVlhYKL01RP62++cmKSkJDz74YEgrehD+7N69G8888wz69euHUaNGaSG6lcXj8WjGpYZhYNy4cRUe56hSXrpdu3bo1KkTIiMjcerUKRw7dkzzgOGcl1qqrzbSAGubc+fOYcGCBfI4JSUF119/fbXNl5ubi9mzZ2Pr1q1+f9cE4+DBg3j66afRtWtX3HbbbSGpoPLzzz9r6XcVRa0sBQCzZ8+W6SKV4aabbpLVK4qKivDaa69JgUIQHR2NKVOm4PLLLy91rKZNm+LJJ5/E/PnzsWrVKvn3ZnFxcaXSvypCfn6+JnCMGTMGhw4dQmpqKgArgu8Pf/hDvf/3tjrJzc3FihUrsH79emRnZ2vX+vbti8mTJwcVKZo2bYqnn34aqamp+Pbbb+X3PjMzE7NmzUJiYiL69etX7fcgUEuTl9dPQ21XldLmpVFUVIRPP/0UmzZt0iKjDMPAHXfcUWblqCZNmuCJJ57AggULtOfs8/nQqVOnalkzQdQlSOCoIbxeLwqLPCguLoGnuASeoiJ4PMXwFJeguLjYeu2xXhd5ilFcXIIHHvwtevXuj8VfzENGRvBQxOYt26BPv6tQzBMx4/l/AxClSjU1w/qiiQbWG+pLew1DQmIy9uxKQ0E5xIHwiEh0vKQXOnXri1lzvgHH12BglmQhNngM4CbX9QkxP9dOyTq0cnOoiCIAbGHE7s21ntqGknOOK4bciEP7f8LxY3vh8zq5lSqGEYbkVp3QqdsvkLrke6Qu+T7geP7jW18jIsJx5VU34dD+n3DowA6YZtk5pE2aNMP4CZNw9cgxSNu4HVGRkYiMjEBkZASioiLl16jISERERiA6Ksq6HhGO6GjrdUOgW7duePbZZ7FkyRKsWbNGVvLJz8/Hli1bsGXLlnKP1axZM1x77bW46qqrQvJmdMSIEejZsyeWLVuGjRs3ylxyr9erGRuWB2GuN3r06EpFlRA6CQkJuPPOOwFYb9DOnTuHs2fP4vTp0zJMOy8vD2vWrEFaWhruueeeKvsgrFq1SovUGjx4cKUNCJOSknDffff5hRMDwOHDh/HDDz/gxx9/LDUCrX379rWaClhbfPbZZ/LvCcYYJk+eLD0yQk1GRgZef/11WdZa0L59e3Tt2hXJyclo3rw5Lly4gIyMDBw9elRGQHLOsXfvXrz00kt46KGHqmy6nZGRUSWBw437E+CKcu2110qBIzo6Gm3atNEEjvbt22PKlCnlrmIVHh6O2267DcOHD8eXX36JtLQ0XHfddaWWsQwFS5culb4JKSkp6NatG9q2bYtly5ahuLgYR44cwfr16zF06NBqXUdl6Nu3r5+gEIxz585pRqpXXHFFuVNOgNINNyMjI5GWlqatJSIiotyRAREREbj11lvRp08fLF68WKaC9erVq0bFDcD6GRARl+V9tqqfhWEYWjQpgJBUQhSVDtWxGjdujAceeKDcFbzCwsJkRNTy5cuRlpaGsWPHVmv0G0HUFUjgqAE4t6I35L5c2biLjZmzjbY+sef2pr//gCvR+7IB2PvzLhw6dABnzpxCfn4e4uISkZjYBM1btkVEZAw8xSUugYADMAAxN2Pg3ISmOHAnZqJ1uy5o3bYzsi9k4uyZE8jLu4CSkmI5pmEYiItrhMTGzdG8ZRsYRhgYGEz3mMzWK1yBGlJWkS8YGLfkFk3cgCOCiGdjmlwO5Igd0CewXzMjDJ269UfHzn1wPusUss+fQVFRATg3ER0dj8RGSWjcrBXC7Mow7u+TOqZ+3R5fCC8sDD16D8ZlfYfiXOZxZF84C4+nACUlHisSIywMCfEJaNqsObp374UuXS+1N7rBI1DUCBXr50UXbxrKJ0rR0dG45ZZbcMMNNyAtLQ07duzAvn37gpYtVklMTESPHj3Qr1+/asnZbd68OSZPnoxJkyZh79692L9/P44dO4bMzExkZWUFfOMSERGBpKQktGjRApdccgm6dOkiSz4ToSEmJiboG+cDBw5g0aJF8k2yx+PBe++9B4/HU+lNSmFhIb788kt5HBYWhrFjx1ZqrJYtW+KBBx4I+klfx44d0bFjR9x66/9n787jqyzv/P+/7/ss2UNCFhJ2ZDEgBREpggWEIIoiLi3qTG3Vtlq7acdOv4+vv5mOWmfmMd/Zfnbaqf3Zab8Px7GjoB0qLi2yieIKgmwigsiamIWE5GQ9y/37I+aYk5OELCe57zvn9Xw88ri47vssn5wcINf7XPd1rdH+/fu1c+dOnT59Orqm0Lhx47Rw4UItWrQo6d5Tb731VswllKWlpYO2tXZjY6P+8R//MSbUKioq0k033aSLL7642/sdP35czz33XPT919zcrJ/97Gd64IEHBn02gp3WrFmjffv2KTc3V6tWrer3trjFxcW68847tXr16kFfG6CsrExbt26N9pctWybDMJSRkaHLL788em7dunWaNm2a43ZU6cviybt27YoJOL7+9a8nLGxv3wr90UcfVUpKihYtWqTS0tI+z6KcOnWq7r//fpWVlWnbtm227KgzevTo6J87z0jqTsdLsnbs2KEdO3o/07ovvvrVr+rw4cPy+/1auXKlFi9e3K9ZWEVFRUP2dwxwCgKOIRANMroan7YP8jtdtmF0uixh4qSpKh4zQa2fzfpoaW1VS3NrW9sSbMsrOgYcn/2hPUBoTxY+jyI+O9Y2Yv8sczCUnVOg7JyCDuW1V2fIkhU3Y6I9cLCsjnND2v9ktCUdHTOIz/7Qdt/Pbtrh8pXoQP6zTCN6u+hMlOg3IEufDzY7hxGmx6OR+WM1Mn/M51XF3KZjYNLx+/o85DAM87Pjnwcsn09QafuDx+PR6LGTdcGU6fL7fUpN8cvv9yslxdfWfjZT4/OfyeevV+yL0v6chqLfrmHIMIbvgCY1NVVLlizRkiVLFA6HVVlZqerqau3ZsydmC+Ovfe1rKiwsVH5+/oAuQ+lrbbNnz46Zat1xJ49QKCS/v+1nPZBp3xi4KVOm6P7779eLL74Ys8vIc889p0suuaRf61a88sorMYu5LVmypN/vvVtuuaVXMw68Xq8uvvji6GA6EokMi0vT+quurk7PPPNMtJ+fnz+o2/O+/PLLMeFGcXGxHnjggZhr9LsyYcIE3X///Xr88cejsyQikYjWrl3b49bj5zNv3jxNmzat3/dPtIKCgph+amqqfvKTnyRsDYLz/f3y+/3R5+rPDJ5gMKhf//rX0V078vLyYtYJWbVqlXbu3Kn6+no1NTXpscce0wMPPMAMvG7MmDFD99xzj0pKSga8NlBxcbH+7M/+LEGV9U3H2RBnzpxRbW1tdKZSV06fPj1kO5K0X2ZSXFyckPfh+f6OjRgxQpMmTZLUv79jgJPwDh4ChmG0XX6Qwn+UQFc8Ho+KiopUVFSk5ubmmIBj/vz5jvgls+3vccqQLoCG3rvmmmt0/Phx7dmzR1LbZU8bN27s8wKvgUBAmzZtivZ9Pp+uvvrqftfV318Uk222RmdPP/10zCU7X//61wft797Zs2e1efPmaD81NVXf+c53zhtudHT77berrKwsumXxRx99pL1792rWrFn9qik9Pd3xi8oO5eLiV111la666qp+33/dunUxO6DddtttMe+nrKws3Xnnnfq3f/s3SW0D2V/+8pf63ve+R4jdjaG4nGT8+PG66667ov1E71oyduxY5eXlqbq6WpZl6Y033uhxjZ+O67dkZmZ2e7lH+4yugRrKWWCLFy8+79oegFsQcABIGg0NDY7aD37kyJG92sEH52cYhm666aZowCGpy60gz+ePf/xjzOVSy5Yt6/ETPSTenj17YtaMWLBggUpKSgbt+fbv3x+zoOjChQt7vZZEu5SUFF177bV6/PHHo8cOHTrU74DDjWJnQw6uvgSAL7/8srZt2xbtL1y4UBdddFHc7WbOnKlly5Zpy5YtktoWL/7FL36h7373uwTbNsnJyRnwekrnM3/+/OiW8xs3btSiRYu6DO8qKipidjf88pe/rMsvvzzudpFIRPfcc8/gFdyFSCSi48eP6/DhwyovL1dFRYVqa2vV3NwcXU/M7/crNTVVOTk5KiwsVFFRkaZNm6YJEyYkfaCO4YeAA0DS2Llzp5566im7y4j69re/rblz59pdxqBpbW3Viy++qAMHDmjkyJFavXr1oC5wVlRUpKysrOilBu1bEfZWbW1tzDX6qampA/rUGLF6+37ouP6JJL399tu9XiSz/RKEdv/5n/8Z83d+9OjR+qu/+quY27TPumjX310GOl9ScvLkyX49jlvt27dPv/jFLwb9eXw+n/793/+9V7fdvHmz/ud//ifaz87O1s0339zt7b/85S/r1KlT0fUrPvjgA/3d3/2d7r77bhZn7MGhQ4cGddvadjfeeGPCZzaVlpZq8+bNamlpUWNjo371q1/p3nvvjQm16urq9Nhjj0WD0NzcXM2fPz+hdfRHdXW1tm7dqtdffz3mssqutLS0qL6+XpWVlTHbbqenp2vRokW64oorhuwyYGCwEXAAAAbFE088oXfffVeSdOLECR0+fFgPPfTQoM6ISEtLiwYcdXV1ikQivf506qWXXlIw+PnuS1deeeWgbQOYjHr7fui8PWv7Fur90fm+nQMQSdFdNdr15dKUjjrPxmrf4ScRdu3apddffz1hj9eT4uLiHkMANwiHw3r66adjLndMT0/Xvffe2+MA2efz6b777tNjjz0WXeC2vLxcf//3f6+VK1fqyiuv7Pf7Yzg7ffp0zGs9WK699tqEBxxZWVlatWqVnnvuOUltl5f9zd/8jZYsWaLc3FxVVFRo27ZtMZfM3XjjjbauU2FZljZv3qzf//73XW5n7fF4lJWVpczMzOhslPr6egUCAdXX18f8O9jY2Kg//elP2rx5s2666SaVlpYm7dpPGD4IOAAkjYKCAl166aW9uq3RaXcfSaqpqdHRo0ej/UsuuWRAUztzc3P7fV+nCwaDcZ+6NzY26v3334/bESUYDOree++Nvt4ej0f//M//3OfLd0KhkGpqaqL9rKysXv98qqqqYqYfp6enq7S0tE/Pj+715f0w1DqHWL3dLrKzju89KbFrVJw9e1YHDhxI2OP1pKWlpV/3S0lJUXFxcYKradM+OOuNY8eO6Xe/+52OHz8eU9u9997bq21ofT6fvvvd7+o3v/lNdFZCKBTShg0b9O677+qhhx5iSv8ws2LFCh09ejR6iWNNTY3Wr1/f5W1XrlwZs0CtHdauXRuzbpBpmpo1a5bmzZunyZMna+TIkT3ev7q6WkePHtW7776rffv2KRKJKBQKae3atTp79qzrA06AgANA0pgxY4ZmzJjR7/vv2rUrJuD4xje+4YgFUJ2ofQeQziGRx+OJu63P51NOTo6qq6sltX3qvm/fPn3xi1/s03Pu3LkzZgbGuHHjen3fDRs2xHzSf/XVVzt+kUc36cv74YorrlBdXV2/nuf48ePavXt3tD9nzpyYhfq6mpHTeTvQXbt29WuL4c4BzmAN9p3qwgsv1MMPPzwoj71hwwZt2LDhvLcrKyvTP/zDP8S8z/x+v37wgx/0aYthr9eru+66S1OnTtX69euj6/LceOONhBtdmDt3bnQHjkT66KOPojMrBpNhGLr77rv19NNPxwTdHXm9Xl111VVavXr1oNfTk927d8eEGxMmTNA3vvGNPv17k5eXp7y8PH3xi1/U6dOn9dvf/jZ6Sd2mTZs0bdq0HrfHBpyOgAMAkHBer1eLFy+OWdwvOztbc+bM6fL2l1xyiV555ZVo//nnn9e0adN6fTnL6dOn9bvf/S7mWG+vkS4vL9dbb70V7WdlZWnp0qW9ui96py/vh/6EC+3eeOONmIBj9uzZWrhwYY/3ufjii/Xf//3f0UHxgQMHtGXLFi1btqzXz3vkyJG4AXhfA7qelJaWDup78le/+pX27t07aI8/VIqLi7Vy5croopGTJ0/WHXfcoVGjRvX5sUzT1LJlyzR37lw9++yzSklJ6fbfr2SXk5MzKJce9nbWTiJ4vV7ddtttuvzyy7Vt2zadOHFCdXV1Kioq0rhx47Rs2bK4MNQOGzdujP65oKBAP/rRjwZ02dSYMWP0ox/9SI888kj0Q4aNGzcScMDVCDgAJFRlZaVOnDjR7/t33vnivffeG9A2fZMmTTrvdE0MjltvvVWFhYU6ePCgRo4cqZUrV3a7zd+SJUu0devW6PXEFRUV+td//dfzLu5nWZb27dunp556Kmb3k6Kiol5fjvSHP/wh5hPfa665hl0TBkFf3g9DKScnRwsWLNAbb7wRPbZ27VpFIhEtWbKkx39/LMvSnj179OSTT8Zc1z5mzBjNnDkzYTWapjmoMweG06yE1atX6/jx45o+fbqWL18+4O9txIgR+uY3vzlkO8RIbZdJVVZW9vv+ndd/OXLkyIBmGxYVFSXNekSTJk0alNkoiRCJRPTJJ59E+0uXLk3ImjDp6elaunSpnn32WUnSJ598IsuyWIsDrkXAASChDh48mNCdSn77298O6P7f/va3CThsYpqmli9fruXLl5/3toWFhbrpppu0du3a6LHy8nL99Kc/1YwZMzR//nwVFhZq5MiRCoVCqqysVEVFhV5//fW4QM3r9eqOO+7oVTB24sQJvffee9F+Tk6OFi9e3IfvEr3Vl/fDUFuzZo0++OCD6DoakUhEa9eu1R//+EeVlpZq7Nixys/PV05OjgKBgKqrq1VeXq5XX301bhcWn8+nO+64w9ZFCJOZaZq67777Ev64QznY27NnT0L/H3300UcHdP/hvuOXWwSDwZggNZGhU8c1g0KhkFpbWwn64Vr87wsAcITly5crEAhEp5e3O3jwoA4ePNirx/D5fPre977X6+vtO8/eWLVq1YBmDMGdMjIy9OMf/1j/8i//Ep2mLbXtxNNxm9HzSUlJ0fe///2YdT8AIBFSUlKUmZkZvXTn8OHDCVvw9NChQ9E/Z2VlEW7A1Qg4ACTU2LFjtWLFCrvLiOrPtdewzw033KCxY8fq6aef7vNCk3293v7o0aPat29ftJ+fn3/e9RowfOXn5+snP/mJ1q1bpx07dvT5/iUlJbrtttsccZ0+3G3UqFFasGCB3WVEMQvSOebNm6etW7dKknbs2KEZM2b0+nLM7rz99tsx61DNmzdvQI8H2I2AA0BCTZ48WZMnT7a7DLjYpZdeqpkzZ+qdd97Rjh07otcDdyUlJUXTp0/XFVdcoenTp/dpGnnnbQCvu+46LitIcunp6br99tt15ZVXavv27dq1a1eP28ampaXpC1/4gpYsWaKpU6cOYaUYzkpKSlRSUmJ3GXCgq666Sjt37lR9fb0sy9Ljjz+uvXv3asWKFT2uV9WVkydP6k9/+pPeeeed6LGsrCxdddVViS4bGFLe9kVkOrfthvq8ofjzXd3OkbjPCwAAIABJREFUrvo4z3nOc77j+a5u54T6/vIv/zKhj9/x8Yai/tTUVC1atEiLFy9Wc3OzTp48qZqaGjU1NckwDGVmZio3N1fjx4+XaZrR+3d0vue///7748735f5uOp/on1+i31+JOr9w4cLoLJyBPP7o0aN1yy236NZbb1VVVZXKysoUCATU0tIiv9+v9PR0FRYWRrdmdMr3P5Dz7d9H+5+pr3fnh8vP34nn27Wf78gJ9XV3vvPxjrfvzfmeHn/kyJH6wQ9+oJ///OcKBAKyLCs6A6O4uFhTpkxRUVGR0tLSlJWVpYyMDBmGofr6ejU0NKixsVHl5eX68MMPVVlZGfP42dnZ+sEPfqDc3FxHv76ct/e8aTi7PknydvzL1rFtN9TnPZ7Y85Kz6uM85zmfvOc772TgtPqG6/nU1NRefTru1Po57+7z+fn5ys/P1/k4tf7enDcMQx6Pp8f7OaW+9n+DnVJfx/8XOt7GKfW5+XzHn3tnTqivu7bjFtPtl/d0PN/T7xG9ef6JEyfqoYce0rPPPqudO3cqEolIatt9rKKiQr3VXodpmrr00kv1la98JbrYqFNfX87bf77tbdPed159kmR2TA6d0JqmJY8ntnVCXbS0tLSSorMFTNO0vR5aWlraRLQd/11r/0XRCXW1t+2DXSfW17Eu/l8Y3J+7YRiOqKunVpJuueUW3Xzzzbrllluia0J19/etv8+TmZmpO++8Uz/96U+1evVqTZ48WV6vN+792F3r8Xg0depUXXfddXrkkUd0xx13KCsry/bXj9b5bdv4vP2rre+Eujq23c7gsKv1mJ8lMEZsa3ddtLS0tHl5eZo/f77a9fYTT1paWlont7NmzYoujtrVJ852t5MmTYouXn2+GRxD3c6ePVsFBQXR187ueoZTO2LEiJhdQnw+nyPqGkibl5enK6+8Mvo9ta/7NJDHW7lypVauXKmWlhZVVlaqsrJSdXV1amlpUUtLiwzDkN/vV0pKirKzs1VQUKCCgoIud0qx+/WhdX5rGlJ0Akc3V1rY3lodI0cHWPb9mrhjW36Ra0MlAAAAAABAcsdY3XHLxZumcf4bAQAAAACAIeOGsbrjAg6Pef7bAAAAAACAoeOGsbrzAo64XVQAAAAAAICd3DBWd1zA4YJZLwAAAAAAJBU3jNUdF3B0s901AAAAAACwiRvG6s4LOFxwXQ8AAAAAAMnEDWN1xwUcpgteNAAAAAAAkokbxuqOCzjckAoBAAAAAJBM3DBWd17A4YKVWQEAAAAASCZuGKs7LuBww8qsAAAAAAAkEzeM1R0XcLhhZVYAAAAAAJKJG8bqzgs4XHBdDwAAAAAAycQNY3XHBRxuWJkVAAAAAIBk4oaxuuMCDjekQgAAAAAAJBM3jNUdF3B4PZJlxR6zLMlwwYImAAAAAAAMN5YVH3A4cYzutTqkCYZhyO6+1ytFwrHnQ2FLXo8z6qNPnz59+vTp06dPnz59+vSTqR8KS15P7HmP1zn1tfe9hhEbu9jdT08x1djSoUgZCoYs+bymI+qjT58+ffr06dOnT58+ffr0k6kfDEVkmJKhz8+npxiOqa+d42ZwpKdaammNPR9ospSWYjmiPvr06dOnT58+ffr0E9lvZ1n8vkufPn1n9gNNlrxm7Pn0VDmmvva+42ZwjMgwVddgdbyFGpqkwlzDEfXRp0+fPn369OnTp5/IfufjdtdDnz59+p37DU3tu6h8fj473XkzOMz2xMMpbU6WKa9H8phWtD3XaNleFy0tLS0tLS0tLS0tLS1tMra1DZG4cXputsf2ujq3htX+J4d48c0W7dgbjDm2/FKfls1NsakiAAAAAACS15ZdLdq0M3acfvksn65d4KxxuuNmcORnG3HJUPU5ZnDQ0tLS0tLS0iZL287uOmhpaWlp29qq2vgZHAUjTNvr6tw6bgbH8fKw/u9LTTHH8keY+v6X022qCAAAAACA5PWL5xpVdS4Sc+zOa9I0ochjU0Vd89pdQGdFeR55zNhjNfURNbVElJZidn0nAAAAAACQcE0tEdXUR+LG6UV5zgo3JMlxiUGKTyoaaco0FfN1stJRE00AAAAAABj2TlZacePzopGmUnx2VxbPcQGHJI0b5ZHXNGK+TpaH7C4LAAAAAICkcrI8FDc+HzfKebM3JIcGHBOKTHk8RszX8fKw3WUBAAAAAJBUjpeH48bnE4ocGSU4M+CYWOSVx1TM17kGqaI2cv47AwAAAACAAauojehcg+LG5xOLHLecpySHBhxpKW2JUOcX8egpLlMBAAAAAGAoHD0VihuXTygylZZi2F1alxwZcEjSlLGeuIVMjpxmBgcAAAAAAEPhyOlI3Lh8ylhnrr8hOTngGOORx6OYr0BTRJ+wFgcAAAAAAIPqk/KwAk2RuHH5lDEEHH2Wnmpq8mivPIZivg4dJ+AAAAAAAGAwHToejhuPTx7tVXqqY2ME5wYcklQyIX4Wx+nKkCpZbBQAAAAAgEFRWRvR6cpQ3Hi8ZIJzZ29IDg84xo/yKC/blMc0Yr4OHGOxUQAAAAAABsOBY6G4cXhetqnxowg4BmT6JG/coiYnPg2rooZZHAAAAAAAJFJFTUQnPg3HjcOnT3Lm1rAdOT7guHCcVyMyjLitafZ/HLS7NAAAAAAAhpX9Hwfjxt8jMgxdOI6AIyEumuSTx2PEfFXUWjpWxoKjAAAAAAAkwrGysCpqrbjx90WTfHaX1iuuCDimjP1sLY5OK7juOxpUCxM5AAAAAAAYkJZg2xi787g7L9vUlLHOXnujnSsCDkm66IL4HVVC4bYfAAAAAAAA6L99R4MKhRU37r7oAneEG5LktSwr2jEMQ07tF480NbHYoxPloZjzpypCyh9haEKRx1H10qdPnz59+vTp06dPnz59+m7oHy8P63RlWKYRe35soanikaYsy3JUvd31DavjEYdrbrX06u5WtYbiS140y6+cLNdMSAEAAAAAwHa19RG9trc17rjfa2jJHL9S/YYNVfWPEYlEXBNwSNLpqrD2HgnFHc9INXTZTL/8zl/YFQBsYRht/zm5KNcGAADAIGoNSW/tb1VDc/zvh7OmeDUm3z2Xp0hy1wyOdgc+CerUp5G44/k5puZe6I7VXQEAAAAAsNOuD4Oqqo0fW48dZeqiie4bW5vt+Yab2osm+pSbZcjrkTymFW1r6yPae7TV9vpoaWlpaWlpaWlpaWlpaZ3c7vs4qJq6cNy4emS2qRkTvLbX15/WlTM4JKmx2dKuD4MKhePLL8ozNX2C+9ImAAAAAAAG2wfHgyqvjp+54fUYmnuhT+mp7ll3oyNXzuCQpLQU6aILvDINyWMaMW1ljaWDnwQdUSctLa1z23Z210FLS0tLS0tLS0s7VO0Hx0OqOBuJG0d7TEMzJnmUnmo4os7+tK6dwdGuoiaiwyfjFx2VpJwsQxeO98nnrnVRAAAAAABIqGBY+vBEULX1XUcA08Z5VZjr7p1JXR9wSNKnZ8M6VhY/vUZqm+kxeYxHmWnu/kEBAAAAANAfgaaIjp4Oq6ml6/OTik2NGun+mQHDIuCQ2mZyfFIW7vb8xNEeFeYQcgAAAAAAkkdFbUSfnOlhrFzscf3MjXZm53zDrf3CXFOTx3rk8VjyehX9au+fqgjrk/KwgiFn1EufvhP7ndldD3369OnTp0+fPn369PvXD4WlY2UhnaoIx42P278uGGPGhBtOqr8//WEzg6NdXaOl4+Uhhbu+YkVejzQ6z6OR2cMjoQIAAAAAoKOzdRGdqQ4r1M3EDY8pTSjyKjvdnbuldGfYBRyS1BKUTlWE1NjS/beWldaWVLl1+xsAAAAAADpqbLZUURNRfVM3n/hLSk8xNLbQqxTfEBY2RIZlwNGurDqsmvruf7CSlJ1hKi/bVFoKQQcAAAAAwH2aWixV10VU19Dz+Dc3y1RxnvsXE+3OsA44JKmuIaKKWkvh7q5Z+UxGmqmcTFOZaQQdAAAAAADnCzRZqg1E1NDDjA1J8nhMFeYYys4Y3ks1DPuAQ2pbXKW6LqL6xvN/qz6vlJlmKDPNHJZTdgAAAAAA7tUSbNv2NdBkKRg6/+2z0g3lZZvyDt+JG1FJEXC0a2y2VBOIqDXYu9v7vFJaiqE0v6EUvyHP8A67AAAAAAAOE45ILa2WmlotNbX0LtSQJL9Pys1MrnUnkyrgaBdosnSuIaJw91sBd8nrlfxeQz6v5PMYMk3J4zHkMSTjsy8AAAAAAHrLstq+wpYUDluKRKRguC3IaA1ZCvUy0Gjn8UgjMpJz+YWkDDjaNTRZCjRbCoaS9iUAAAAAAAwDPq+hzFRDGUkYbLRL6oCjXfNnU32ag0n2UliSkve9DwAAAACul+ozlJZiKNXP4I6Ao4NIRGoJWmoJWr1epwMAAAAAgKHk90kpPkMpvralE9CGgKMbEUsKhqRQ2FIoZCnU8647AAAAAAAMCq8peb2GvJ62NSFNJmt0iYCjlyyrbfXacESKRCxFrLbWstqu9OBVBAAAAAD0h2G0rR5gGJJpGjI/az2m5DHZ0KK3CDgAAAAAAIDreTvmG4ZhiD59+vTp06dPnz59+vTp06dP3219ZnAAAAAAAADXS/gMjnaWZTkiwaFPnz59+vTp06dPnz59+vTpD/8+MzgAAAAAAIDrsWMuAAAAAABwPQIOAAAAAADgegQcAAAAAADA9Qg4AAAAAACA6xFwAAAAAAAA1yPgAAAAAAAArkfAAQAAAAAAXI+AAwAAAAAAuB4BBwAAAAAAcD0CDgAAAAAA4HoEHAAAAAAAwPUIOAAAAAAAgOt57S7ALQJNlj48EdLHp8M6URFRWVVEFTVh1dZLDU2WmlsshcKSZdldKQAAAADADQxJXq+UmmIoI81QTpZUmOtRcb6p8YWmLhjj0YXjvcpMM+wu1RUMy2JI3pXagKW39rdq54dB7TsS0bHTYbtLAgAAAAAkoUljPPrCFFOXXujTZTP9yskk8OgKAUcHlbURbXq3Vdt2t2r3IQINAAAAAIDzzCnx6Io5fi2f51dBDitPtCPgkLRtd6te2NGq7e8F7S4FAAAAAIBeW3yJT6su9+uKOX67S7FdUgcc67Y069mtrVx+AgAAAABwtUljPPrKUr/WLEu1uxTbJGXAsW5Ls578Y4vKqyJ2lwIAAAAAQMIU5Zv62tUpSRl0JFXAsW13qx7/Q7OOnGDGBgAAAABg+Joy3qO7r09NqktXkiLgqKyN6GfrGrXxTdbYAAAAAAAkjxULfLpvTXpSLEY67AOODTua9ejTzapvGNbfJgAAAAAAXcrKMPTDW1N13eXD+7KVYR1w/O0TAT3/KrM2AAAAAABYvcSnv7490+4yBs2wDDiOlYX14H8EdOgYi4gCAAAAANCuZJKph7+VqUnFHrtLSbhhF3C8vrdVD/66kUtSAAAAAADoQlaGoYfvSteXZg2vBUiHVcCxYUezHvlNk91lAAAAAADgeD/5ZtqwWpdj2AQc67Y065/+i3ADAAAAAIDe+vFtaVqzbHiEHMNinxjCDQAAAAAA+u6f/qtJ67Y0211GQrg+4Niwg3ADAAAAAID++qf/atKGHe4POVwdcLy+t5U1NwAAAAAAGKBHftOk1/e22l3GgLg24DhWFtaDv260uwwAAAAAAIaFB3/dqGNlYbvL6DfXBhwP/keArWABAAAAAEiQ+gZLD/5HwO4y+s2VAcffPhHQoWMRu8sAAAAAAGBYOXQsor99wp0hh+sCjg07mvX8q0G7ywAAAAAAYFh6/tWgKxcddVXAUVkb0aNPu+9FBgAAAADATR59ulmVte66csJVAcfP1jWy7gYAAAAAAIOsvsHSz9a5a2MP1wQc23a3auObXJoCAAAAAMBQ2PhmUNt2u2frWNcEHI//gUtTAAAAAAAYSm4ai7si4Fi3pVlHTrh3L14AAAAAANzoyImw1m1xR8jhioDjyT+22F0CAAAAAABJyS1jcscHHOu2NKu8yl0rtwIAAAAAMFyUV0VcMYvD8QHHs1vds6AJAAAAAADDkRvG5o4OOLbtbtWx06y9AQAAAACAnY6dDjt+RxVHBxwv7HD2iwcAAAAAQLJw+hjdsQFHZW1E298L2l0GAAAAAACQtP29oCprnbtGpmMDjk3vOjsZAgAAAAAg2Th5rO7YgMPp1/YAAAAAAJBsnDxWd2TAURuwtPsQi4sCAAAAAOAkuw+FVRuw7C6jS44MON7a79xECAAAAACAZObUMbsjA46dH7K4KAAAAAAATuTUMbsjA459R5y7KisAAAAAAMnMqWN2xwUcgSZLx06z/gYAAAAAAE507HRYgSbnrcPhuIDjwxMhu0sAAAAAAAA9cOLY3XEBx8fM3gAAAAAAwNGcOHZ3XMBxosKZ1/IAAAAAAIA2Thy7Oy7gKKty3osEAAAAAAA+58Sxu+MCjooa501zAQAAAAAAn3Pi2N1xAUdtvd0VAAAAAACAnjhx7O64gKPBgVvNAAAAAACAzzlx7O64gKO5xXkvEgAAAAAA+JwTx+6OCzhCzruMBwAAAAAAdODEsbvjAg7LeSEQAAAAAADowIljd8cFHAAAAAAAAH1FwAEAAAAAAFyPgAMAAAAAALgeAQcAAAAAAHA9Ag4AAAAAAOB6BBwAAAAAAMD1CDgAAAAAAIDrEXAAAAAAAADX89pdAAAAcI+vX5uiq+anxBzbsbdVv3y22aaKAAAA2hBwAACAXsvPMTV1rCfm2JFTgzshNNUvXXyhV+OLPBpTYKpopKG0FFMpfinFJ3k9hlqCllpapeZWSzX1EZVXR3SyIqIPj4d17HRkUOsDAADOQMABAAAcZ0yhqesX+zV7qlcl471KSzH6/VhnqsLa/3FI298PauObwQRWCQAAnISAAwAAOMaMCzy649pULfyCX/4E/ZYyOt+j0fkerfhiiu65IawNO1r05IstCoUT8/gAAMAZCDgAAHChUfmmZkz0nP+GfdTUaumtvaGEP25vfPumFH11RZpS/f2frXE+Yws8+s4N6Vp6iU//58kmHThKygEAwHBBwAEAgAtdWuLRg9/ITPjjnqkK64b/VZfwxz2fv/lWmlYtTO32fGOzpY/LQvqkLKyqWkuVtRE1NltqCUqhcNtaHCl+KTfLVEGOqdH5pi4Y41HxSI+MLvKSkvE+/ewvPPqLnwW07yNCDgAAhgMCDgAAYKu7b0zpMtyIWNIb+1r1p7dbtXVnUK39WD5jyniPrr7Mp1ULUzQyO3Yx1Ox0U//wnUx97eE6nT1n9bd8AADgEIO77DkAAEAPcrMN3VwaH25U10X0F/9Wr/sfbdCf3uxfuCFJR06E9Yu1zbr5r+u0eWdL3PmCHFNfvTqli3sCAAC3YQYHAADDREtQqj43sMstPq0Z2i1Vr73cr+z02M9bQmHpgccC2vNh4i4dqQtYeuCXjfr5X5qaP8MXc+7KeX79/JnmhD0XAACwBwEHAADDxCdlQX3toYDdZfTJ+FHxk0n3HQ0mNNzoaO3mlriAoyDHo4w0qaFpUJ4SAAAMES5RAQAAtsnOiF8BtDYweLNIyqrjH9tjSnk5/EoEAIDb8b85AACwTVeBw5SxXnkTvwOuJOmLM+Inrza3WjpRNrSX5gAAgMQj4AAAALZ5/0j8pSjjCj2699a0hD/XjAs8+vrV8QuafnQqlPDnAgAAQ481OAAAgG227QzqwCdBXTQxdl2MW0tTNb7Q1ON/aNbBjwe2HkeqX/rzq1P05ytS4xY0laTfbYzfXQUAALgPAQcAALDV//t0k/71Xk9c+LDwC35dNtOvD44H9e7BkPZ/HNaewyHVBazzPuaFEz2aPdWrOVM9mjfD12WwIUkvvdmize/0cw9aAADgKAQcAADAVnsPh/VXv2rQw9/K0Mjs2CDCNKSLJvqiMzwsS6pvjKim3lJjS0StQSkSkXw+ye8zNSLDUG6WKX8vfsPZ+E6LHvp142B8SwAAwAYEHAAAwHZv7w/p6z+t11/cmqqlc1Nkxm+uIkkyDCk7w1R2hiT1byXSqnMR/fL3jXrhNWZuAAAwnBBwAAAAR6g4G9EDv2xUyaQWrVnm15KL/crOSMx66BFLOnQ8qJfeDOr5V1vU3JqQhwUAAA5CwAEAAAZk8liv7v9q97uePP1Ki85U9H4b1kPHwnrkN016RE364kyv5k33qmS8V6NGmirIMZWR1s30js+EI9LZuog+rQnrVEVE738U0o69IZVXsRUsAADDGQEHAAAYkGljPZo2tvvLRTa926ozFf177Hf2h/TO/thtXAtyTeVmG0pPldJTDXk9hppbLTU0WWpstlRWGWGGBgAASYiAAwAAuEplTUSVNXZXAQAAnCYxF7YCAAAAAADYiBkcAABgQMrPhnW8vPv1LQKNliQpN9vQuCJ3fLbSEpQ+PBa2uwwAANAHBBwAAGBAdh8O6cHHG897u4WzvHrwG5lDUNHAnawI68v/u87uMgAAQB+442MUAAAAAACAHhBwAAAAAAAA1+MSFQAAMCSCYSnQZNldRq80Nne/pggAAHAmAg4AADAkNr4Z1MY3a+0uAwAADFNcogIAAAAAAFyPgAMAAAAAALgel6gAAACNLjQ1rtDUhGKPxhWaGlNganS+R396p0X/9/kWu8sDAAA4LwIOAACGiawMU39+dYo8pmSaktcjeUzJ5zWU6jeUniql+Q2lphjKSDWUnWlqRIahERmmfN38RjB1jGdQax5fbOqxH2cN6nOcz5ZdrfqXp5psrQEAAAwcAQcAAMPE6DyPfnhzekIfsyh/cK9m9Xqkghx7r5jNzjBsfX4AAJAYrMEBAAC6VZw3uDM4AAAAEoUZHAAAICoUlipqw/r0bERnKiM6WRG2uyQAAIBeIeAAAMCFmlqkM1Xx4YMlybLavtoFQ1JLMKLWoNTSKrUELTW1WDoXsFQbiOhsnaXqOkufno3o6MmwWoND93105WxdRP/P/xcYlMe+7CKf7rgmbVAeGwAA2IuAAwAAF9ryblBb3rU5iRgk4Yj03geDM3PkgkFeNBUAANiHNTgAAAAAAIDrEXAAAAAAAADXI+AAAAAAAACuR8ABAAAAAABcj4ADAAAAAAC4HruoAAAAR/GY0iXTB2e3k8IcPtsBAGC4IuAAAACOMjLb1K9+nG13GQAAwGX4GAMAAAAAALgeAQcAAAAAAHA9LlEBAAC2CUekusaIrTU0tVi2Pj8AAEgMAg4AANBrR06FtPW9lphjH3wS7vfjHT8T0fLvnxtoWQAAAAQcAACg955/NajnXw3aXQYAAEAc1uAAAAAAAACuR8ABAAAAAABcj4ADAAAAAAC4HgEHAAAAAABwPQIOAAAAAADgegQcAAAAAADA9Qg4AAAAAACA6xFwAAAAAAAA13NcwGEYdlcAAAAAAAB64sSxu+MCDq/H7goAAAAAAEBPnDh2d1zAkZriwBgIAAAAAABEOXHs7riAIyPNeS8SAAAAAAD4nBPH7o4LOHKy7K4AAAAAAAD0xIljd8cFHIW5DryQBwAAAAAARDlx7O64gKM433ElAQAAAACADpw4dndcReMLHVcSAAAAAADowIljd8dVdMEY501zAQAAAAAAn3Pi2N1xAceF4712lwAAAAAAAHrgxLG74wKOzDRDkxyYBAEAAAAAAGnSGI8y2Sa2d74wxZFlAQAAAACQ9Jw6ZndkVZde6LO7BAAAAAAA0AWnjtkdGXBcNtNvdwkAAAAAAKALTh2zOzLgyMk0NKeEdTgAAAAAAHCSOSUe5WQ6b/0NyaEBhyRdMceZiRAAAAAAAMnKyWN1xwYcy+c590UDAAAAACAZOXms7tiAoyDH1OJLnLlwCQAAAAAAyWbxJT4V5Dg2RnBuwCFJqy53bjIEAAAAAEAycfoY3dEBxxVz/Jo0hsVGAQAAAACw06QxHkevvyE5POCQpK8sdfYLCAAAAADAcOeGsbnjA441y1JVlO/4MgEAAAAAGJaK8k2tWZZqdxnn5Yrk4GtXp9hdAgAAAAAAScktY3JXBBxrlqVqynjW4gAAAAAAYChNGe9xxewNySUBhyTdfb07XlAAAAAAAIYLN43FXRNwXDHHrxULfHaXAQAAAABAUlixwOf4nVM6ck3AIUn3rUlXVoZhdxkAAAAAAAxrWRmG7luTbncZfeKqgKMgx9QPb3XP9BgAAAAAANzoh7emqiDHVZGBuwIOSbru8lStXsKlKgAAAAAADIbVS3y67nL3TS5wXcAhSX99e6ZKJrmydAAAAAAAHKtkkqm/vj3T7jL6xbUpwcPfymQ9DgAAAAAAEiQrw9DD33JnuCG5OOCYVOzRw3e5a8ETAAAAAACc6uG70jWp2GN3Gf3m2oBDkr40y6+ffDPN7jIAAAAAAHC1n3wzTV+a5Z4tYbvi6oBDalt09Me3EXIAAAAAANAfP74tzZWLinbm+oBDktYsI+QAAAAAAKCvfnxbmtYsc3+4IUmGZVmW3UUkyoYdzXrkN012lwEAAAAAgOP95JvDY+ZGu2EVcEjS63tb9eCvG1XfMKy+LQAAAAAAEiIrw9DDd6W7fs2NzoZdwCFJx8rCevA/Ajp0LGJ3KQAAAAAAOEbJJFMPfyvT1buldGdYBhzt/vaJgJ5/NWh3GQAAAAAA2G71Ep/++vZMu8sYNMM64JDa1uV49OlmLlkBAAAAACSlrAxDP7w1dVitt9GVYR9wSFJlbUQ/W9eojW8ymwMAAAAAkDxWLPDpvjXpKsgZFpuo9igpAo5223a36vE/NOvIibDdpQAAAAAAMGimjPfo7utTdcWc4bWQaE+SKuBot25Ls578Y4vKq1iEFAAAAAAwfBTlm/ra1Slas2x4X47SlaQMONqt29KsZ7e26thpZnQAAAAAANxr0hiPvrLUn5TBRrukDjjabdvdqhd2tGr7e6zRAQAAAABwj8WX+LTqcn9SXYrSHQKODiprI9r0bqu27W7V7kPM6gAAAAAAOM+cEo+umOPX8nn+pFg8tLcIOLpRG7CtLnZXAAASY0lEQVT01v5W7fwwqH1HIlzGAgAAAACwxaQxHn1hiqlLL/Tpspl+5WQadpfkSAQcvRRosvThiZA+Ph3WiYqIyqoiqqgJq7Zeamiy1NxiKRSSeDEBAAAAAL1hGJLXI6WmGMpIM5STJRXmelScb2p8oakLxnh04XivMtMINHqDgAMAAAAAALgeF+sAAAAAAADXI+AAAAAAAACuR8ABAAAAAABcj4ADAAAAAAC4HgEHAAAAAABwPQIOAAAAAADgegQcAAAAAADA9Qg4AAAAAACA6xFwAAAAAAAA1yPgAAAAAAAArkfAAQAAAAAAXI+AAwAAAAAAuB4BBwAAAAAAcD0CDgAAAAAA4HoEHAAAAAAAwPUIOAAAAAAAgOsRcAAAAAAAANcj4AAAAAAAAK5HwAEAAAAAAFyPgAMAAAAAALgeAQcAAAAAAHA9Ag4AAAAAAOB6BBwAAAAAAMD1CDgAAAAAAIDrEXAAAAAAAADXI+AAAAAAAACuR8ABAAAAAABcj4ADAAAAAAC4HgEHAAAAAABwPQIOAAAAAADgegQcAAAAAADA9Qg4AAAAAACA6xFwAAAAAAAA1yPgAAAAAAAArkfAAQAAAAAAXI+AAwAAAAAAuB4BBwAAAAAAcD0CDgAAAAAA4HoEHAAAAAAAwPUIOAAAAAAAgOsRcAAAAAAAANcj4AAAAAAAAK5HwAEAAAAAAFyPgAMAAAAAALgeAQcAAAAAAHA9Ag4AAAAAAOB6BBwAAAAAAMD1CDgAAAAAAIDrEXAAAAAAAADXI+AAAAAAAACuR8ABAAAAAABcj4ADAAAAAAC4HgEHAAAAAABwPQIOAAAAAADgegQcAAAAAADA9Qg4AAAAAACA6xFwAAAAAAAA1yPgAAAAAAAArkfAAQAAAAAAXI+AAwAAAAAAuB4BBwAAAAAAcD0CDgAAAAAA4HoEHAAAAAAAwPUIOAAAAAAAgOsRcAAAAAAAANcj4AAAAAAAAK5HwAEAAAAAAFyPgAMAAAAAALgeAQcAAAAAAHA9Ag4AAAAAAOB6BBwAAAAAAMD1CDgAAAAAAIDrEXAAAAAAAADXI+AAAAAAAACuR8ABAAAAAABcj4ADAAAAAAC4HgEHAAAAAABwPQIOAAAAAADgegQcAAAAAADA9Qg4AAAAAACA6xFwAAAAAAAA1yPgAAAAAAAArkfAAQAAAAAAXI+AAwAAAAAAuB4BBwAAAAAAcD0CDgAAAAAA4HoEHAAAAAAAwPUIOAAAAAAAgOsRcAAAAAAAANcj4AAAAAAAAK5HwAEAAAAAAFyPgAMAAAAAALgeAQcAAAAAAHA9Ag4AAAAAAOB6BBwAAAAAAMD1CDgAAAAAAIDrEXAAAAAAAADX89pdAAAAcL/KykqdPHlSVVVVCoVCsixLZ8+eVV1dXa/un5GRoezsbPn9fqWkpCg/P1/jx49XXl7eIFcOAIl16NAh7dmzR16vV0uWLFFBQYHdJQFJw7Asy7K7CCBZBINBHThwQPX19Zo9e7ays7P7/VhNTU3au3evJGn27NlKTU3t92OdO3dO77//vrKzszVz5kx5vWSfAM7vzJkz2r9/v06ePKnm5uZBeY6UlBRNnDhRs2bNUmFh4aA8BwAkymuvvRb9/Uxq+zfsW9/6lo0VAcmFgAMYQuvWrVNFRYUkye/367bbblNaWlqfHycYDOqpp55SQ0ODJCkrK0tf/epX5fF4+vxYgUBATzzxRLQ/fvx4XXfddX1+HADJo7m5Wa+99poOHz48pM87Y8YMLViwYECBLgAMhlAopI0bN+rYsWNx5+65555+/Y4GoO/4mBYYIq2trdFwo71fWVmp8ePH9/mx6uvro+FGe7+urk65ubl9fqzq6uqY/okTJxQMBuXz+fr8WACGv4MHD+rVV19VJBKx5bmPHDmiL33pS5o+ffqQPz8AdKWpqUkvvPBCzO957aZPn064AQwhAg5giHQ1GOjvAKGriVeJfKxwOEzAASDO9u3btW/fvl7dNi8vr8+X4dXV1cWFrp21trZqy5Ytqq6u1pe+9KU+PT4AJNq5c+e0fv16BQKBuHOTJ0/WkiVLbKgKSF4EHAAA4Ly2bNmiDz74oNvzF154ocaMGaPCwkLl5OT0+xPLcDis2tpaffrppzp16pQ++uijLm/3/vvvKxwOM3gAYJuysjJt2LBBwWAw7tzcuXM1f/58GYZhQ2VA8iLgAAAAPXr99de7DDdM09TixYs1depU+f3+hDyXx+NRXl6e8vLyNGPGDC1dulSHDx/W9u3b42aq7d+/X6mpqZo/f35CnhsAeuujjz7Spk2b4v5dMk1TS5cuVUlJiU2VAcmNgAMAAHTr0KFDev/99+OOjxs3TqWlpcrIyBjU5/f5fLrooos0ceJEbdq0SadOnYo5v3PnThUUFOiCCy4Y1DoAoN0777yjd999N+64z+fTddddp+LiYhuqAiBJpt0FAAAAZ2poaNDmzZvjjs+ePVurV68e9HCjo4yMDF1//fWaOXNm3LlNmzapqalpyGoBkJwikYg2b97cZbiRlZWlW265hXADsBkBBwAA6NJrr70Wd2zs2LG2Lu65aNEijRo1KuZYMBjU9u3bbaoIQDJobW3VCy+8oEOHDsWdGzVqlG6++WaNGDHChsoAdETAAQAA4lRVVeno0aNxx0tLS22o5nOmaWrFihVxx48cOaKzZ8/aUBGA4S4QCGjdunU6efJk3LkLLrhAN954o1JTU22oDEBnBBwAACBOV59SLliwQJmZmTZUEys7O1sLFiyIO3748GEbqgEwnNXU1OiZZ55RbW1t3Lm5c+fq6quv7veuUQASj4ADAADE+fDDD+OOzZgxw4ZKujZ9+vS4Y12FMgDQX2fOnNEzzzyj5ubmmOOmaerKK6/UZZddxjawgMMQcAAAgBhnz56N+4W+pKTEUVOw09LSNG3atJhjDQ0Nqq+vt6kiAMPJBx98oPXr1yscDscc9/v9uuGGG+L+/QHgDAQcAAAgRkVFRdwxJ27D2lVN1dXVNlQCYLiwLEtvvPGGtmzZIsuyYs6xUwrgfF67CwAAAM5SVVUVd8yJv9B33k1Fapt9MnHixKEvBoDrhUIhvfLKK/r444/jzo0aNUqrVq1y1Ew2APEIOAAAQIyampqYvmmajvylPiMjQ4ZhxHzKeu7cORsrAuBWra2t2rBhg8rLy+POTZkyRcuXL2cxUcAFCDgAAECMurq6mH5eXp5NlfTMMAxlZ2fHhBqBQMDGigC4USAQ0Pr167sMSOfOnavLLrvMhqoA9AcBBwAAiNF5O8SsrCybKjm/rKysmEFJU1OTjdUAcJuqqiqtX79eLS0tMcdN01RpaSmLiQIuQ8ABAAB65PU699cFn88X0++8+wsAdOfEiRN68cUXFYlEYo77/X5df/31KiwstKkyAP3l3N9YAACAIzg54OhcW+dPYQGgK/v27dP27dvjjmdlZemGG25Qdna2DVUBGCjn/sYCAAAcwTSdu6t85xkcra2tNlUCwA0sy9Jrr72mffv2xZ0rLi7WNddc48hFlQH0DgEHAADoUcddSpzGMAy7SwDgIm+//XaX4ca0adO0bNkydkoBXI6AAwAAAEBS6CrcyMvL05VXXmlDNQASzblzTgEAAAAggcaMGRN3rLq6Wq+88orC4bANFQFIJAIOAAAAAElh2bJlGjVqVNzxw4cP64UXXmAdH8DlCDgAAIBrOXl9EADOk5qaqhtuuEGTJk2KO3fq1CmtXbtWgUDAhsoAJAIBBwAAiNF5kb1QKGRTJefXuTYWCARwPl6vVytXrtSsWbPizp07d07PPPOMqqqqbKgMwEARcAAAgBiddyZx8nXpnWvzelk/HcD5GYahRYsWacmSJXHnmpub9eyzz+rkyZM2VAZgIAg4AABAjJSUlJi+k2dwBIPBmH5qaqpNlQBwo5kzZ2r16tVxs7/C4bCef/75LnddAeBcBBwAACBGenp6TL++vt6mSs6vc21paWk2VQLArcaNG6c1a9bEhbuStH37dr322mus9wO4BAEHAACIkZWVFdOvqamxqZKeWZal2tramGPZ2dk2VQPAzfLy8nTrrbdqxIgRcef27t2rl19+2dGz2QC0IeAAAAAxcnJyYvqRSETNzc02VdO9hoaGuE9VR44caVM1ANwuMzNTN998s4qLi+POHTt2TL///e/V2NhoQ2UAeouAAwAAxOgqJKioqLChkp6Vl5fHHcvLy7OhEgDDhd/v1/XXX6+pU6fGnausrNS6det07tw5GyoD0BsEHAAAIEZ+fn7csWPHjtlQSc+OHj0ad4yAA8BAeTwerVixQnPmzIk7FwgE9Mwzz6isrMyGygCcDwEHAACIkZeXJ7/fH3Ns//79jrpMpampSUeOHIk5NmLEiLj1QwCgvxYuXKjS0tK4rbODwaDWr1+vjz76yKbKAHSHgAMAAMQpKSmJO3bw4EEbKunaBx98EHdsxowZNlQCYDgrKSnRDTfcELeNbCQS0caNG/XWW2/ZVBmArhBwAACAOLNnz4479uabbyoQCNhQTay6ujq9+eabcccJOAAMhtGjR+uWW25RRkZG3Lldu3Zp8+bNikQiNlQGoDMCDgAAECc7O1vTpk2LO/7SSy8pGAzaUFGbYDCol156Ke74zJkzlZqaakNFAJJBbm6ubr755rhdpiTp0KFDeuGFF9Ta2mpDZQA6IuAAAABduvzyy+OOVVZW6uWXX1YoFBryeoLBoF544QVVV1fHHPf5fJo3b96Q1wMguaSnp2vNmjUaN25c3LmTJ09q3bp1jpjlBiQzAg4AANCl9PR0lZaWxh0/efKknn/+eTU1NQ1ZLYFAQOvXr9eZM2fizl1xxRVKT08fsloAJC+/369Vq1Z1uU5RbW2tnnnmmbgQFsDQIeAAAADdKikp6fJSlbKyMj355JM6ePDgoE7LDgaDOnDggJ544glVVFTEnZ8+fXqX9QHAYDFNU6WlpVqwYEHcuebmZq1du1YnT560oTIAXrsLAAAAzrZ06VKdPXtWVVVVMceDwaC2bt2qrVu36qKLLtK0adNUVFQk0xzY5yeRSERlZWU6fPhwjzu3jBo1SkuWLBnQcwFAf11yySXKzc3Vy/9/e/fP0sgWBnD4zWKCFvkjisYyhRYKEsUyglhaRsTKwm8oaRa00couRiEWNn6DoBEixBC3uCDXq3d3b5Y1e67P000ymTndJL/JOfP1azw/P7+8PhwOo9FoxNbWVqysrIxxhPD5CBwAwHdNTExEvV6Pk5OTuL29fXefdrsd7XY7Iv5aoDSfz0cul/tP5+n3+9HtduPh4eGH+y4uLsb29vabRzcCfKRKpRL1ej0ajcabBZhPT0+j0+lErVaLTCYzphHC5yJwwAd570v4qHc537tIjnrhfO9zfjAA/5TNZmNnZyeur6/j7Ozsu49E7Ha70e12f8s4crlcbG5uvjv/HWAcyuVy7O/vx9HR0ZtFRq+urmJqaio2NjbGNDr4XKzBAR8km83G3Nzcy3Yul4uZmZmRjlUoFF49iz2fz0ehUBjpWLOzs6+2FxYWIpvNjnQs4P9veXk5Dg8PY21t7cPPvb6+HgcHB+IG8McpFouxt7cX8/Pzb967vLwcw4jgc8o8/33CGPBbDQaDaLVa0ev1olqtjhwlIiIeHx+j1WpFJpOJarUak5OTIx/r/v4+Li4uolAoxOrqakxM+HMX8GP9fj9ubm6i2Wz+1LSSUZRKpahWq7G0tCS+An+8wWAQx8fHr6bzlcvl2N3dHeOo4PMQOACAX9br9aLb7Uan04mnp6cYDocvU1Xu7u7+dcpKqVSKUqkUmUwmvnz5EsViMaanp6NUKkWhUPD4VyBJ5+fn0Ww2o1KpRK1W+6WbWsDPEzgAAACA5FmDAwAAAEiewAEAAAAkT+AAAAAAkidwAAAAAMkTOAAAAIDkCRwAAABA8gQOAAAAIHkCBwAAAJA8gQMAAABInsABAAAAJE/gAAAAAJIncAAAAADJEzgAAACA5AkcAAAAQPIEDgAAACB5AgcAAACQPIEDAAAASJ7AAQAAACRP4AAAAACSJ3AAAAAAyRM4AAAAgOQJHAAAAEDyBA4AAAAgeQIHAAAAkDyBAwAAAEiewAEAAAAkT+AAAAAAkidwAAAAAMkTOAAAAIDkCRwAAABA8gQOAAAAIHkCBwAAAJA8gQMAAABInsABAAAAJE/gAAAAAJIncAAAAADJEzgAAACA5AkcAAAAQPIEDgAAACB5AgcAAACQPIEDAAAASJ7AAQAAACRP4AAAAACSJ3AAAAAAyRM4AAAAgOR9A03dBX6LFCoqAAAAAElFTkSuQmCC"} | headers=HTTPHeaderDict({'X-Powered-By': 'Express', 'Content-Type': 'application/json; charset=utf-8', 'Content-Length': '794384', 'ETag': 'W/"c1f10-y8lK9fa5pAg9+Dh+NJFLXUeL9RQ"', 'Date': 'Sun, 19 Oct 2025 14:09:31 GMT', 'Connection': 'keep-alive', 'Keep-Alive': 'timeout=600'})
2025-10-19 23:09:31 [   DEBUG] [remote_connection.py:356] Finished Request
2025-10-19 23:09:31 [   DEBUG] [remote_connection.py:313] DELETE http://127.0.0.1:4724/session/01204353-4b2d-4aba-b7e4-d809d794c9f3 {}
2025-10-19 23:09:32 [   DEBUG] [connectionpool.py:544] http://127.0.0.1:4724 "DELETE /session/01204353-4b2d-4aba-b7e4-d809d794c9f3 HTTP/1.1" 200 0
2025-10-19 23:09:32 [   DEBUG] [remote_connection.py:329] Remote response: status=200 | data={"value":null} | headers=HTTPHeaderDict({'X-Powered-By': 'Express', 'Content-Type': 'application/json; charset=utf-8', 'Content-Length': '14', 'ETag': 'W/"e-9/1BuKMgFObM1mWJm+YjxtXJnUM"', 'Date': 'Sun, 19 Oct 2025 14:09:32 GMT', 'Connection': 'keep-alive', 'Keep-Alive': 'timeout=600'})
2025-10-19 23:09:32 [   DEBUG] [remote_connection.py:356] Finished Request
